Connecting to sld-rpi-09.ece.utexas.edu...
Successfully fetched dev0_pow_temp_log_exp232_run1.csv.
Connecting to sld-rpi-09.ece.utexas.edu...
Successfully fetched dev0_communication_log_exp232_run1.csv.
Connecting to sld-mc1-09.ece.utexas.edu...
Successfully fetched dev1_pow_temp_log_exp232_run1.csv.
Connecting to sld-mc1-09.ece.utexas.edu...
Successfully fetched dev1_communication_log_exp232_run1.csv.

Exp232
Experiment 232: 
	Global test accuracy [%]: 60.52 %
	No round found where all subsequent rounds have accuracy >= 90.00%.
	Average time per communication round [s]: 9.82 seconds
	Total wall clock time [s]: 234.85 seconds


Experiment 232:
	RPi avg. energy consumption per round [J]: 37.05 Joules
	MC1 avg. energy consumption per round [J]: 21.10 Joules
	Total avg. energy consumption per communication round [J]: 58.15 Joules
	Avg. amount of communicated data per communication round [MB]: 0.02 MB
	RPi avg. power consumption per round [W]: 5.39 Watts
	MC1 avg. power consumption per round [W]: 5.94 Watts
