
  0%|          | 0/79 [00:00<?, ?it/s]
  1%|▏         | 1/79 [00:00<00:09,  8.56it/s]
  6%|▋         | 5/79 [00:00<00:03, 22.56it/s]
 11%|█▏        | 9/79 [00:00<00:02, 25.99it/s]
 16%|█▋        | 13/79 [00:00<00:02, 27.32it/s]
 22%|██▏       | 17/79 [00:00<00:02, 28.25it/s]
 27%|██▋       | 21/79 [00:00<00:02, 28.83it/s]
 32%|███▏      | 25/79 [00:00<00:01, 29.81it/s]
 37%|███▋      | 29/79 [00:01<00:01, 29.81it/s]
 42%|████▏     | 33/79 [00:01<00:01, 30.08it/s]
 47%|████▋     | 37/79 [00:01<00:01, 30.12it/s]
 52%|█████▏    | 41/79 [00:01<00:01, 30.24it/s]
 57%|█████▋    | 45/79 [00:01<00:01, 30.16it/s]
 62%|██████▏   | 49/79 [00:01<00:00, 30.14it/s]
 67%|██████▋   | 53/79 [00:01<00:00, 30.06it/s]
 72%|███████▏  | 57/79 [00:01<00:00, 29.74it/s]
 76%|███████▌  | 60/79 [00:02<00:00, 29.76it/s]
 80%|███████▉  | 63/79 [00:02<00:00, 27.52it/s]
 85%|████████▍ | 67/79 [00:02<00:00, 28.10it/s]
 90%|████████▉ | 71/79 [00:02<00:00, 28.83it/s]
 95%|█████████▍| 75/79 [00:02<00:00, 28.69it/s]
100%|██████████| 79/79 [00:02<00:00, 29.35it/s]
Initial Accuracy: 10.32%; Initial Loss: 2.3257

  0%|          | 0/79 [00:00<?, ?it/s]
  1%|▏         | 1/79 [00:00<00:10,  7.49it/s]
  6%|▋         | 5/79 [00:00<00:03, 22.58it/s]
 10%|█         | 8/79 [00:00<00:02, 24.70it/s]
 15%|█▌        | 12/79 [00:00<00:02, 26.60it/s]
 20%|██        | 16/79 [00:00<00:02, 27.49it/s]
 25%|██▌       | 20/79 [00:00<00:02, 27.97it/s]
 30%|███       | 24/79 [00:00<00:01, 27.52it/s]
 35%|███▌      | 28/79 [00:01<00:01, 27.23it/s]
 41%|████      | 32/79 [00:01<00:01, 27.69it/s]
 46%|████▌     | 36/79 [00:01<00:01, 28.65it/s]
 51%|█████     | 40/79 [00:01<00:01, 29.27it/s]
 54%|█████▍    | 43/79 [00:01<00:01, 29.33it/s]
 59%|█████▉    | 47/79 [00:01<00:01, 29.32it/s]
 65%|██████▍   | 51/79 [00:01<00:00, 29.76it/s]
 70%|██████▉   | 55/79 [00:01<00:00, 29.69it/s]
 75%|███████▍  | 59/79 [00:02<00:00, 29.69it/s]
 80%|███████▉  | 63/79 [00:02<00:00, 30.47it/s]
 85%|████████▍ | 67/79 [00:02<00:00, 30.59it/s]
 90%|████████▉ | 71/79 [00:02<00:00, 30.37it/s]
 95%|█████████▍| 75/79 [00:02<00:00, 29.69it/s]
100%|██████████| 79/79 [00:02<00:00, 28.78it/s]

CommRound: 1/30
Accuracy: 10.28% | Loss: 3.0234
[##----------------------------------------------------------] 3.3%
Elapsed: 0.2m | Avg/Round: 12.3s | Last: 9.6s | Next: 12.3s | Remaining: 5.9m
ETA: 11:24:13
Recent round times: R1: 9.6s

  0%|          | 0/79 [00:00<?, ?it/s]
  1%|▏         | 1/79 [00:00<00:08,  9.52it/s]
  6%|▋         | 5/79 [00:00<00:03, 23.34it/s]
 11%|█▏        | 9/79 [00:00<00:02, 26.06it/s]
 16%|█▋        | 13/79 [00:00<00:02, 27.61it/s]
 22%|██▏       | 17/79 [00:00<00:02, 29.45it/s]
 27%|██▋       | 21/79 [00:00<00:02, 28.33it/s]
 32%|███▏      | 25/79 [00:00<00:01, 29.24it/s]
 37%|███▋      | 29/79 [00:01<00:01, 30.71it/s]
 42%|████▏     | 33/79 [00:01<00:01, 31.85it/s]
 47%|████▋     | 37/79 [00:01<00:01, 32.30it/s]
 52%|█████▏    | 41/79 [00:01<00:01, 32.90it/s]
 57%|█████▋    | 45/79 [00:01<00:01, 33.12it/s]
 62%|██████▏   | 49/79 [00:01<00:00, 33.41it/s]
 67%|██████▋   | 53/79 [00:01<00:00, 33.45it/s]
 72%|███████▏  | 57/79 [00:01<00:00, 33.70it/s]
 77%|███████▋  | 61/79 [00:01<00:00, 33.84it/s]
 82%|████████▏ | 65/79 [00:02<00:00, 33.08it/s]
 87%|████████▋ | 69/79 [00:02<00:00, 31.13it/s]
 92%|█████████▏| 73/79 [00:02<00:00, 30.51it/s]
 97%|█████████▋| 77/79 [00:02<00:00, 31.16it/s]
100%|██████████| 79/79 [00:02<00:00, 31.25it/s]

CommRound: 2/30
Accuracy: 10.31% | Loss: 3.0395
[####--------------------------------------------------------] 6.7%
Elapsed: 0.4m | Avg/Round: 10.9s | Last: 9.4s | Next: 10.9s | Remaining: 5.1m
ETA: 11:23:30
Recent round times: R1: 9.6s -> R2: 9.4s

  0%|          | 0/79 [00:00<?, ?it/s]
  1%|▏         | 1/79 [00:00<00:09,  8.33it/s]
  6%|▋         | 5/79 [00:00<00:03, 21.21it/s]
 10%|█         | 8/79 [00:00<00:03, 22.70it/s]
 14%|█▍        | 11/79 [00:00<00:02, 23.36it/s]
 19%|█▉        | 15/79 [00:00<00:02, 27.54it/s]
 24%|██▍       | 19/79 [00:00<00:02, 29.93it/s]
 29%|██▉       | 23/79 [00:00<00:01, 31.71it/s]
 34%|███▍      | 27/79 [00:00<00:01, 32.85it/s]
 39%|███▉      | 31/79 [00:01<00:01, 33.48it/s]
 44%|████▍     | 35/79 [00:01<00:01, 26.32it/s]
 48%|████▊     | 38/79 [00:01<00:01, 21.41it/s]
 52%|█████▏    | 41/79 [00:01<00:01, 20.69it/s]
 56%|█████▌    | 44/79 [00:01<00:01, 18.45it/s]
 59%|█████▉    | 47/79 [00:01<00:01, 19.92it/s]
 65%|██████▍   | 51/79 [00:02<00:01, 22.89it/s]
 70%|██████▉   | 55/79 [00:02<00:00, 24.44it/s]
 75%|███████▍  | 59/79 [00:02<00:00, 26.81it/s]
 80%|███████▉  | 63/79 [00:02<00:00, 28.84it/s]
 85%|████████▍ | 67/79 [00:02<00:00, 30.37it/s]
 90%|████████▉ | 71/79 [00:02<00:00, 31.68it/s]
 95%|█████████▍| 75/79 [00:02<00:00, 32.71it/s]
100%|██████████| 79/79 [00:02<00:00, 33.74it/s]
100%|██████████| 79/79 [00:02<00:00, 26.59it/s]

CommRound: 3/30
Accuracy: 10.89% | Loss: 3.0537
[######------------------------------------------------------] 10.0%
Elapsed: 0.5m | Avg/Round: 10.5s | Last: 9.9s | Next: 10.5s | Remaining: 4.7m
ETA: 11:23:20
Recent round times: R1: 9.6s -> R2: 9.4s -> R3: 9.9s

  0%|          | 0/79 [00:00<?, ?it/s]
  1%|▏         | 1/79 [00:00<00:08,  9.05it/s]
  6%|▋         | 5/79 [00:00<00:02, 25.44it/s]
 11%|█▏        | 9/79 [00:00<00:02, 30.06it/s]
 16%|█▋        | 13/79 [00:00<00:02, 31.69it/s]
 22%|██▏       | 17/79 [00:00<00:01, 33.72it/s]
 27%|██▋       | 21/79 [00:00<00:01, 34.93it/s]
 33%|███▎      | 26/79 [00:00<00:01, 39.41it/s]
 38%|███▊      | 30/79 [00:00<00:01, 38.85it/s]
 43%|████▎     | 34/79 [00:00<00:01, 38.42it/s]
 48%|████▊     | 38/79 [00:01<00:01, 37.98it/s]
 54%|█████▍    | 43/79 [00:01<00:00, 37.14it/s]
 61%|██████    | 48/79 [00:01<00:00, 40.46it/s]
 67%|██████▋   | 53/79 [00:01<00:00, 38.01it/s]
 75%|███████▍  | 59/79 [00:01<00:00, 39.30it/s]
 80%|███████▉  | 63/79 [00:01<00:00, 39.13it/s]
 86%|████████▌ | 68/79 [00:01<00:00, 41.81it/s]
 92%|█████████▏| 73/79 [00:01<00:00, 39.19it/s]
 97%|█████████▋| 77/79 [00:02<00:00, 39.31it/s]
100%|██████████| 79/79 [00:02<00:00, 37.69it/s]

CommRound: 4/30
Accuracy: 11.58% | Loss: 3.0679
[########----------------------------------------------------] 13.3%
Elapsed: 0.7m | Avg/Round: 10.2s | Last: 9.2s | Next: 10.2s | Remaining: 4.4m
ETA: 11:23:10
Recent round times: R1: 9.6s -> R2: 9.4s -> R3: 9.9s -> R4: 9.2s

  0%|          | 0/79 [00:00<?, ?it/s]
  1%|▏         | 1/79 [00:00<00:15,  5.04it/s]
  6%|▋         | 5/79 [00:00<00:03, 18.76it/s]
 10%|█         | 8/79 [00:00<00:04, 15.73it/s]
 15%|█▌        | 12/79 [00:00<00:03, 19.82it/s]
 19%|█▉        | 15/79 [00:00<00:03, 20.57it/s]
 24%|██▍       | 19/79 [00:00<00:02, 23.04it/s]
 28%|██▊       | 22/79 [00:01<00:02, 23.55it/s]
 32%|███▏      | 25/79 [00:01<00:03, 16.37it/s]
 37%|███▋      | 29/79 [00:01<00:02, 18.24it/s]
 42%|████▏     | 33/79 [00:01<00:02, 18.74it/s]
 47%|████▋     | 37/79 [00:01<00:02, 19.64it/s]
 51%|█████     | 40/79 [00:02<00:01, 21.15it/s]
 54%|█████▍    | 43/79 [00:02<00:01, 19.78it/s]
 59%|█████▉    | 47/79 [00:02<00:01, 20.46it/s]
 65%|██████▍   | 51/79 [00:02<00:01, 22.99it/s]
 68%|██████▊   | 54/79 [00:02<00:01, 23.43it/s]
 72%|███████▏  | 57/79 [00:02<00:01, 20.19it/s]
 78%|███████▊  | 62/79 [00:03<00:00, 23.48it/s]
 82%|████████▏ | 65/79 [00:03<00:00, 24.32it/s]
 86%|████████▌ | 68/79 [00:03<00:00, 20.28it/s]
 90%|████████▉ | 71/79 [00:03<00:00, 21.59it/s]
 94%|█████████▎| 74/79 [00:03<00:00, 19.34it/s]
 99%|█████████▊| 78/79 [00:03<00:00, 21.28it/s]
100%|██████████| 79/79 [00:03<00:00, 20.48it/s]

CommRound: 5/30
Accuracy: 11.95% | Loss: 3.0835
[##########--------------------------------------------------] 16.7%
Elapsed: 0.9m | Avg/Round: 10.3s | Last: 10.8s | Next: 10.3s | Remaining: 4.3m
ETA: 11:23:13
Recent round times: R1: 9.6s -> R2: 9.4s -> R3: 9.9s -> R4: 9.2s -> R5: 10.8s

  0%|          | 0/79 [00:00<?, ?it/s]
  1%|▏         | 1/79 [00:00<00:13,  5.88it/s]
  4%|▍         | 3/79 [00:00<00:06, 10.99it/s]
  6%|▋         | 5/79 [00:00<00:05, 13.43it/s]
 11%|█▏        | 9/79 [00:00<00:03, 19.47it/s]
 16%|█▋        | 13/79 [00:00<00:03, 20.65it/s]
 22%|██▏       | 17/79 [00:00<00:02, 21.31it/s]
 27%|██▋       | 21/79 [00:01<00:02, 21.82it/s]
 32%|███▏      | 25/79 [00:01<00:02, 21.47it/s]
 35%|███▌      | 28/79 [00:01<00:02, 17.89it/s]
 42%|████▏     | 33/79 [00:01<00:02, 21.37it/s]
 46%|████▌     | 36/79 [00:01<00:02, 19.96it/s]
 49%|████▉     | 39/79 [00:02<00:02, 13.35it/s]
 54%|█████▍    | 43/79 [00:02<00:02, 14.75it/s]
 57%|█████▋    | 45/79 [00:02<00:02, 14.88it/s]
 59%|█████▉    | 47/79 [00:02<00:02, 15.39it/s]
 62%|██████▏   | 49/79 [00:02<00:01, 15.75it/s]
 65%|██████▍   | 51/79 [00:02<00:01, 16.19it/s]
 67%|██████▋   | 53/79 [00:03<00:01, 16.17it/s]
 71%|███████   | 56/79 [00:03<00:01, 16.46it/s]
 75%|███████▍  | 59/79 [00:03<00:01, 17.30it/s]
 77%|███████▋  | 61/79 [00:03<00:01, 16.99it/s]
 80%|███████▉  | 63/79 [00:03<00:00, 16.63it/s]
 82%|████████▏ | 65/79 [00:03<00:00, 17.02it/s]
 85%|████████▍ | 67/79 [00:03<00:00, 16.75it/s]
 87%|████████▋ | 69/79 [00:04<00:00, 16.50it/s]
 90%|████████▉ | 71/79 [00:04<00:00, 16.54it/s]
 92%|█████████▏| 73/79 [00:04<00:00, 16.32it/s]
 95%|█████████▍| 75/79 [00:04<00:00, 16.35it/s]
 97%|█████████▋| 77/79 [00:04<00:00, 16.17it/s]
100%|██████████| 79/79 [00:04<00:00, 17.17it/s]

CommRound: 6/30
Accuracy: 12.83% | Loss: 3.0781
[############------------------------------------------------] 20.0%
Elapsed: 1.1m | Avg/Round: 10.6s | Last: 11.8s | Next: 10.6s | Remaining: 4.2m
ETA: 11:23:21
Recent round times: R1: 9.4s -> R2: 9.9s -> R3: 9.2s -> R4: 10.8s -> R5: 11.8s

  0%|          | 0/79 [00:00<?, ?it/s]
  1%|▏         | 1/79 [00:00<00:16,  4.85it/s]
  6%|▋         | 5/79 [00:00<00:03, 18.56it/s]
 10%|█         | 8/79 [00:00<00:03, 18.94it/s]
 14%|█▍        | 11/79 [00:00<00:03, 18.93it/s]
 18%|█▊        | 14/79 [00:00<00:03, 20.25it/s]
 22%|██▏       | 17/79 [00:00<00:03, 18.04it/s]
 25%|██▌       | 20/79 [00:01<00:02, 20.32it/s]
 29%|██▉       | 23/79 [00:01<00:02, 19.18it/s]
 33%|███▎      | 26/79 [00:01<00:02, 20.60it/s]
 37%|███▋      | 29/79 [00:01<00:02, 19.86it/s]
 41%|████      | 32/79 [00:01<00:02, 19.16it/s]
 44%|████▍     | 35/79 [00:01<00:02, 21.24it/s]
 48%|████▊     | 38/79 [00:01<00:02, 20.08it/s]
 52%|█████▏    | 41/79 [00:02<00:01, 21.01it/s]
 56%|█████▌    | 44/79 [00:02<00:01, 19.84it/s]
 59%|█████▉    | 47/79 [00:02<00:01, 20.81it/s]
 63%|██████▎   | 50/79 [00:02<00:01, 19.48it/s]
 68%|██████▊   | 54/79 [00:02<00:01, 20.07it/s]
 72%|███████▏  | 57/79 [00:02<00:00, 22.10it/s]
 76%|███████▌  | 60/79 [00:03<00:00, 19.52it/s]
 80%|███████▉  | 63/79 [00:03<00:00, 21.36it/s]
 84%|████████▎ | 66/79 [00:03<00:00, 19.06it/s]
 87%|████████▋ | 69/79 [00:03<00:00, 21.04it/s]
 91%|█████████ | 72/79 [00:03<00:00, 18.92it/s]
 95%|█████████▍| 75/79 [00:03<00:00, 17.50it/s]
100%|██████████| 79/79 [00:03<00:00, 19.91it/s]

CommRound: 7/30
Accuracy: 13.07% | Loss: 3.0921
[##############----------------------------------------------] 23.3%
Elapsed: 1.2m | Avg/Round: 10.6s | Last: 11.0s | Next: 10.6s | Remaining: 4.1m
ETA: 11:23:23
Recent round times: R1: 9.9s -> R2: 9.2s -> R3: 10.8s -> R4: 11.8s -> R5: 11.0s

  0%|          | 0/79 [00:00<?, ?it/s]
  1%|▏         | 1/79 [00:00<00:13,  5.73it/s]
  6%|▋         | 5/79 [00:00<00:03, 19.37it/s]
 10%|█         | 8/79 [00:00<00:03, 21.49it/s]
 14%|█▍        | 11/79 [00:00<00:03, 19.35it/s]
 19%|█▉        | 15/79 [00:00<00:02, 22.97it/s]
 23%|██▎       | 18/79 [00:00<00:03, 20.01it/s]
 27%|██▋       | 21/79 [00:01<00:02, 20.99it/s]
 30%|███       | 24/79 [00:01<00:03, 17.17it/s]
 37%|███▋      | 29/79 [00:01<00:02, 23.17it/s]
 41%|████      | 32/79 [00:01<00:02, 19.87it/s]
 46%|████▌     | 36/79 [00:01<00:02, 20.15it/s]
 49%|████▉     | 39/79 [00:01<00:01, 20.88it/s]
 53%|█████▎    | 42/79 [00:02<00:01, 20.19it/s]
 57%|█████▋    | 45/79 [00:02<00:01, 21.06it/s]
 61%|██████    | 48/79 [00:02<00:01, 19.47it/s]
 65%|██████▍   | 51/79 [00:02<00:01, 21.42it/s]
 68%|██████▊   | 54/79 [00:02<00:01, 19.78it/s]
 73%|███████▎  | 58/79 [00:02<00:01, 20.99it/s]
 78%|███████▊  | 62/79 [00:03<00:00, 20.98it/s]
 82%|████████▏ | 65/79 [00:03<00:00, 22.30it/s]
 86%|████████▌ | 68/79 [00:03<00:00, 19.54it/s]
 90%|████████▉ | 71/79 [00:03<00:00, 21.51it/s]
 94%|█████████▎| 74/79 [00:03<00:00, 19.49it/s]
 99%|█████████▊| 78/79 [00:03<00:00, 21.81it/s]
100%|██████████| 79/79 [00:03<00:00, 20.56it/s]

CommRound: 8/30
Accuracy: 13.23% | Loss: 3.0964
[################--------------------------------------------] 26.7%
Elapsed: 1.4m | Avg/Round: 10.7s | Last: 11.3s | Next: 10.7s | Remaining: 3.9m
ETA: 11:23:25
Recent round times: R1: 9.2s -> R2: 10.8s -> R3: 11.8s -> R4: 11.0s -> R5: 11.3s

  0%|          | 0/79 [00:00<?, ?it/s]
  1%|▏         | 1/79 [00:00<00:16,  4.63it/s]
  8%|▊         | 6/79 [00:00<00:04, 17.25it/s]
 10%|█         | 8/79 [00:00<00:05, 14.07it/s]
 13%|█▎        | 10/79 [00:00<00:05, 13.45it/s]
 18%|█▊        | 14/79 [00:00<00:03, 17.44it/s]
 23%|██▎       | 18/79 [00:01<00:02, 21.24it/s]
 27%|██▋       | 21/79 [00:01<00:02, 22.95it/s]
 30%|███       | 24/79 [00:01<00:02, 23.50it/s]
 35%|███▌      | 28/79 [00:01<00:01, 26.20it/s]
 41%|████      | 32/79 [00:01<00:01, 26.14it/s]
 44%|████▍     | 35/79 [00:01<00:01, 25.42it/s]
 48%|████▊     | 38/79 [00:01<00:01, 23.76it/s]
 53%|█████▎    | 42/79 [00:01<00:01, 24.77it/s]
 58%|█████▊    | 46/79 [00:02<00:01, 25.81it/s]
 63%|██████▎   | 50/79 [00:02<00:01, 26.66it/s]
 68%|██████▊   | 54/79 [00:02<00:00, 26.99it/s]
 73%|███████▎  | 58/79 [00:02<00:00, 27.52it/s]
 78%|███████▊  | 62/79 [00:02<00:00, 28.21it/s]
 84%|████████▎ | 66/79 [00:02<00:00, 28.33it/s]
 89%|████████▊ | 70/79 [00:02<00:00, 28.90it/s]
 94%|█████████▎| 74/79 [00:03<00:00, 29.05it/s]
 97%|█████████▋| 77/79 [00:03<00:00, 28.55it/s]
100%|██████████| 79/79 [00:03<00:00, 23.81it/s]

CommRound: 9/30
Accuracy: 13.41% | Loss: 3.1074
[##################------------------------------------------] 30.0%
Elapsed: 1.6m | Avg/Round: 10.6s | Last: 10.1s | Next: 10.6s | Remaining: 3.7m
ETA: 11:23:23
Recent round times: R1: 10.8s -> R2: 11.8s -> R3: 11.0s -> R4: 11.3s -> R5: 10.1s

  0%|          | 0/79 [00:00<?, ?it/s]
  1%|▏         | 1/79 [00:00<00:15,  5.11it/s]
  6%|▋         | 5/79 [00:00<00:06, 10.79it/s]
  9%|▉         | 7/79 [00:00<00:06, 10.57it/s]
 11%|█▏        | 9/79 [00:00<00:06, 10.38it/s]
 14%|█▍        | 11/79 [00:01<00:07,  9.59it/s]
 16%|█▋        | 13/79 [00:01<00:06, 10.34it/s]
 19%|█▉        | 15/79 [00:01<00:05, 10.98it/s]
 22%|██▏       | 17/79 [00:01<00:05, 11.33it/s]
 24%|██▍       | 19/79 [00:01<00:05, 11.91it/s]
 28%|██▊       | 22/79 [00:01<00:03, 15.24it/s]
 32%|███▏      | 25/79 [00:01<00:03, 17.92it/s]
 38%|███▊      | 30/79 [00:02<00:02, 21.63it/s]
 42%|████▏     | 33/79 [00:02<00:02, 18.77it/s]
 48%|████▊     | 38/79 [00:02<00:01, 24.97it/s]
 52%|█████▏    | 41/79 [00:02<00:01, 23.64it/s]
 57%|█████▋    | 45/79 [00:02<00:01, 24.53it/s]
 62%|██████▏   | 49/79 [00:02<00:01, 26.40it/s]
 67%|██████▋   | 53/79 [00:03<00:00, 27.20it/s]
 72%|███████▏  | 57/79 [00:03<00:00, 28.15it/s]
 77%|███████▋  | 61/79 [00:03<00:00, 28.96it/s]
 81%|████████  | 64/79 [00:03<00:00, 27.28it/s]
 85%|████████▍ | 67/79 [00:03<00:00, 20.38it/s]
 89%|████████▊ | 70/79 [00:03<00:00, 21.05it/s]
 92%|█████████▏| 73/79 [00:04<00:00, 16.88it/s]
 97%|█████████▋| 77/79 [00:04<00:00, 20.02it/s]
100%|██████████| 79/79 [00:04<00:00, 18.57it/s]

CommRound: 10/30
Accuracy: 14.29% | Loss: 3.0847
[####################----------------------------------------] 33.3%
Elapsed: 1.8m | Avg/Round: 10.7s | Last: 11.1s | Next: 10.7s | Remaining: 3.6m
ETA: 11:23:25
Recent round times: R1: 11.8s -> R2: 11.0s -> R3: 11.3s -> R4: 10.1s -> R5: 11.1s

  0%|          | 0/79 [00:00<?, ?it/s]
  1%|▏         | 1/79 [00:00<00:12,  6.33it/s]
  6%|▋         | 5/79 [00:00<00:03, 21.57it/s]
 11%|█▏        | 9/79 [00:00<00:02, 26.93it/s]
 15%|█▌        | 12/79 [00:00<00:03, 21.74it/s]
 22%|██▏       | 17/79 [00:00<00:02, 27.47it/s]
 27%|██▋       | 21/79 [00:00<00:02, 26.67it/s]
 30%|███       | 24/79 [00:00<00:02, 27.11it/s]
 34%|███▍      | 27/79 [00:01<00:02, 25.33it/s]
 38%|███▊      | 30/79 [00:01<00:01, 26.32it/s]
 42%|████▏     | 33/79 [00:01<00:01, 24.81it/s]
 46%|████▌     | 36/79 [00:01<00:01, 25.39it/s]
 49%|████▉     | 39/79 [00:01<00:01, 24.04it/s]
 53%|█████▎    | 42/79 [00:01<00:01, 25.44it/s]
 57%|█████▋    | 45/79 [00:01<00:01, 20.54it/s]
 63%|██████▎   | 50/79 [00:02<00:01, 27.06it/s]
 68%|██████▊   | 54/79 [00:02<00:00, 26.91it/s]
 72%|███████▏  | 57/79 [00:02<00:00, 26.44it/s]
 76%|███████▌  | 60/79 [00:02<00:00, 26.71it/s]
 80%|███████▉  | 63/79 [00:02<00:00, 26.17it/s]
 84%|████████▎ | 66/79 [00:02<00:00, 27.03it/s]
 87%|████████▋ | 69/79 [00:02<00:00, 25.16it/s]
 92%|█████████▏| 73/79 [00:02<00:00, 25.63it/s]
 97%|█████████▋| 77/79 [00:03<00:00, 26.64it/s]
100%|██████████| 79/79 [00:03<00:00, 25.73it/s]

CommRound: 11/30
Accuracy: 15.27% | Loss: 3.0640
[######################--------------------------------------] 36.7%
Elapsed: 1.9m | Avg/Round: 10.6s | Last: 9.9s | Next: 10.6s | Remaining: 3.4m
ETA: 11:23:22
Recent round times: R1: 11.0s -> R2: 11.3s -> R3: 10.1s -> R4: 11.1s -> R5: 9.9s

  0%|          | 0/79 [00:00<?, ?it/s]
  1%|▏         | 1/79 [00:00<00:13,  5.65it/s]
  6%|▋         | 5/79 [00:00<00:04, 16.18it/s]
 11%|█▏        | 9/79 [00:00<00:03, 18.99it/s]
 15%|█▌        | 12/79 [00:00<00:03, 21.94it/s]
 19%|█▉        | 15/79 [00:00<00:03, 19.93it/s]
 24%|██▍       | 19/79 [00:00<00:02, 20.17it/s]
 28%|██▊       | 22/79 [00:01<00:02, 22.35it/s]
 32%|███▏      | 25/79 [00:01<00:02, 22.28it/s]
 37%|███▋      | 29/79 [00:01<00:02, 22.29it/s]
 41%|████      | 32/79 [00:01<00:02, 23.03it/s]
 44%|████▍     | 35/79 [00:01<00:02, 19.92it/s]
 48%|████▊     | 38/79 [00:01<00:01, 21.96it/s]
 52%|█████▏    | 41/79 [00:02<00:01, 19.70it/s]
 56%|█████▌    | 44/79 [00:02<00:01, 21.87it/s]
 59%|█████▉    | 47/79 [00:02<00:01, 20.01it/s]
 65%|██████▍   | 51/79 [00:02<00:01, 21.05it/s]
 70%|██████▉   | 55/79 [00:02<00:01, 21.79it/s]
 73%|███████▎  | 58/79 [00:02<00:01, 17.46it/s]
 80%|███████▉  | 63/79 [00:03<00:00, 21.40it/s]
 85%|████████▍ | 67/79 [00:03<00:00, 24.91it/s]
 89%|████████▊ | 70/79 [00:03<00:00, 24.67it/s]
 94%|█████████▎| 74/79 [00:03<00:00, 23.84it/s]
 99%|█████████▊| 78/79 [00:03<00:00, 24.87it/s]
100%|██████████| 79/79 [00:03<00:00, 21.61it/s]

CommRound: 12/30
Accuracy: 16.48% | Loss: 3.0371
[########################------------------------------------] 40.0%
Elapsed: 2.1m | Avg/Round: 10.6s | Last: 10.8s | Next: 10.6s | Remaining: 3.2m
ETA: 11:23:23
Recent round times: R1: 11.3s -> R2: 10.1s -> R3: 11.1s -> R4: 9.9s -> R5: 10.8s

  0%|          | 0/79 [00:00<?, ?it/s]
  1%|▏         | 1/79 [00:00<00:13,  5.91it/s]
  6%|▋         | 5/79 [00:00<00:03, 20.63it/s]
 10%|█         | 8/79 [00:00<00:03, 21.81it/s]
 15%|█▌        | 12/79 [00:00<00:02, 25.30it/s]
 20%|██        | 16/79 [00:00<00:02, 27.43it/s]
 24%|██▍       | 19/79 [00:00<00:02, 27.98it/s]
 28%|██▊       | 22/79 [00:00<00:02, 26.61it/s]
 32%|███▏      | 25/79 [00:01<00:02, 26.93it/s]
 35%|███▌      | 28/79 [00:01<00:02, 21.85it/s]
 41%|████      | 32/79 [00:01<00:02, 22.60it/s]
 44%|████▍     | 35/79 [00:01<00:02, 20.61it/s]
 48%|████▊     | 38/79 [00:01<00:01, 22.59it/s]
 52%|█████▏    | 41/79 [00:01<00:01, 23.82it/s]
 56%|█████▌    | 44/79 [00:01<00:01, 21.22it/s]
 59%|█████▉    | 47/79 [00:02<00:01, 21.87it/s]
 63%|██████▎   | 50/79 [00:02<00:01, 21.26it/s]
 68%|██████▊   | 54/79 [00:02<00:01, 21.49it/s]
 73%|███████▎  | 58/79 [00:02<00:00, 21.27it/s]
 78%|███████▊  | 62/79 [00:02<00:00, 21.25it/s]
 82%|████████▏ | 65/79 [00:02<00:00, 22.79it/s]
 86%|████████▌ | 68/79 [00:03<00:00, 20.67it/s]
 91%|█████████ | 72/79 [00:03<00:00, 21.23it/s]
 96%|█████████▌| 76/79 [00:03<00:00, 21.88it/s]
100%|██████████| 79/79 [00:03<00:00, 22.57it/s]

CommRound: 13/30
Accuracy: 17.38% | Loss: 3.0042
[##########################----------------------------------] 43.3%
Elapsed: 2.3m | Avg/Round: 10.6s | Last: 10.6s | Next: 10.6s | Remaining: 3.0m
ETA: 11:23:23
Recent round times: R1: 10.1s -> R2: 11.1s -> R3: 9.9s -> R4: 10.8s -> R5: 10.6s

  0%|          | 0/79 [00:00<?, ?it/s]
  1%|▏         | 1/79 [00:00<00:17,  4.49it/s]
  5%|▌         | 4/79 [00:00<00:05, 14.21it/s]
 10%|█         | 8/79 [00:00<00:03, 17.86it/s]
 13%|█▎        | 10/79 [00:00<00:04, 16.60it/s]
 19%|█▉        | 15/79 [00:00<00:02, 25.07it/s]
 23%|██▎       | 18/79 [00:00<00:02, 21.37it/s]
 29%|██▉       | 23/79 [00:01<00:02, 20.87it/s]
 33%|███▎      | 26/79 [00:01<00:02, 22.23it/s]
 37%|███▋      | 29/79 [00:01<00:02, 23.32it/s]
 42%|████▏     | 33/79 [00:01<00:01, 27.07it/s]
 47%|████▋     | 37/79 [00:01<00:01, 27.54it/s]
 51%|█████     | 40/79 [00:01<00:01, 27.79it/s]
 54%|█████▍    | 43/79 [00:01<00:01, 25.00it/s]
 58%|█████▊    | 46/79 [00:02<00:01, 26.20it/s]
 62%|██████▏   | 49/79 [00:02<00:01, 25.34it/s]
 67%|██████▋   | 53/79 [00:02<00:01, 25.82it/s]
 71%|███████   | 56/79 [00:02<00:00, 26.53it/s]
 75%|███████▍  | 59/79 [00:02<00:00, 22.56it/s]
 80%|███████▉  | 63/79 [00:02<00:00, 25.89it/s]
 84%|████████▎ | 66/79 [00:02<00:00, 26.80it/s]
 87%|████████▋ | 69/79 [00:02<00:00, 26.83it/s]
 91%|█████████ | 72/79 [00:03<00:00, 26.42it/s]
 95%|█████████▍| 75/79 [00:03<00:00, 26.61it/s]
100%|██████████| 79/79 [00:03<00:00, 29.69it/s]
100%|██████████| 79/79 [00:03<00:00, 24.19it/s]

CommRound: 14/30
Accuracy: 17.84% | Loss: 2.9904
[############################--------------------------------] 46.7%
Elapsed: 2.5m | Avg/Round: 10.6s | Last: 10.0s | Next: 10.6s | Remaining: 2.8m
ETA: 11:23:21
Recent round times: R1: 11.1s -> R2: 9.9s -> R3: 10.8s -> R4: 10.6s -> R5: 10.0s

  0%|          | 0/79 [00:00<?, ?it/s]
  1%|▏         | 1/79 [00:00<00:12,  6.07it/s]
  4%|▍         | 3/79 [00:00<00:07, 10.51it/s]
  9%|▉         | 7/79 [00:00<00:03, 19.60it/s]
 13%|█▎        | 10/79 [00:00<00:03, 22.95it/s]
 16%|█▋        | 13/79 [00:00<00:03, 20.21it/s]
 22%|██▏       | 17/79 [00:00<00:02, 22.78it/s]
 27%|██▋       | 21/79 [00:01<00:02, 23.38it/s]
 32%|███▏      | 25/79 [00:01<00:02, 23.37it/s]
 37%|███▋      | 29/79 [00:01<00:02, 23.70it/s]
 42%|████▏     | 33/79 [00:01<00:01, 23.86it/s]
 46%|████▌     | 36/79 [00:01<00:01, 23.68it/s]
 52%|█████▏    | 41/79 [00:01<00:01, 24.84it/s]
 57%|█████▋    | 45/79 [00:01<00:01, 24.66it/s]
 61%|██████    | 48/79 [00:02<00:01, 25.69it/s]
 65%|██████▍   | 51/79 [00:02<00:01, 24.47it/s]
 70%|██████▉   | 55/79 [00:02<00:01, 23.76it/s]
 75%|███████▍  | 59/79 [00:02<00:00, 23.95it/s]
 80%|███████▉  | 63/79 [00:02<00:00, 24.04it/s]
 85%|████████▍ | 67/79 [00:02<00:00, 24.42it/s]
 90%|████████▉ | 71/79 [00:03<00:00, 24.49it/s]
 95%|█████████▍| 75/79 [00:03<00:00, 24.05it/s]
100%|██████████| 79/79 [00:03<00:00, 26.89it/s]
100%|██████████| 79/79 [00:03<00:00, 23.46it/s]

CommRound: 15/30
Accuracy: 17.98% | Loss: 2.9650
[##############################------------------------------] 50.0%
Elapsed: 2.6m | Avg/Round: 10.5s | Last: 10.0s | Next: 10.5s | Remaining: 2.6m
ETA: 11:23:20
Recent round times: R1: 9.9s -> R2: 10.8s -> R3: 10.6s -> R4: 10.0s -> R5: 10.0s

  0%|          | 0/79 [00:00<?, ?it/s]
  1%|▏         | 1/79 [00:00<00:12,  6.25it/s]
  5%|▌         | 4/79 [00:00<00:04, 16.55it/s]
  9%|▉         | 7/79 [00:00<00:03, 20.71it/s]
 13%|█▎        | 10/79 [00:00<00:03, 18.50it/s]
 18%|█▊        | 14/79 [00:00<00:02, 21.86it/s]
 23%|██▎       | 18/79 [00:00<00:02, 23.01it/s]
 28%|██▊       | 22/79 [00:01<00:02, 24.04it/s]
 33%|███▎      | 26/79 [00:01<00:02, 25.91it/s]
 38%|███▊      | 30/79 [00:01<00:01, 26.50it/s]
 43%|████▎     | 34/79 [00:01<00:01, 26.99it/s]
 48%|████▊     | 38/79 [00:01<00:01, 26.55it/s]
 53%|█████▎    | 42/79 [00:01<00:01, 26.89it/s]
 58%|█████▊    | 46/79 [00:01<00:01, 26.82it/s]
 63%|██████▎   | 50/79 [00:02<00:01, 27.91it/s]
 68%|██████▊   | 54/79 [00:02<00:00, 27.13it/s]
 73%|███████▎  | 58/79 [00:02<00:00, 26.28it/s]
 78%|███████▊  | 62/79 [00:02<00:00, 26.04it/s]
 84%|████████▎ | 66/79 [00:02<00:00, 25.58it/s]
 89%|████████▊ | 70/79 [00:02<00:00, 26.37it/s]
 94%|█████████▎| 74/79 [00:02<00:00, 25.64it/s]
 99%|█████████▊| 78/79 [00:03<00:00, 26.50it/s]
100%|██████████| 79/79 [00:03<00:00, 25.16it/s]

CommRound: 16/30
Accuracy: 18.15% | Loss: 2.9670
[################################----------------------------] 53.3%
Elapsed: 2.8m | Avg/Round: 10.5s | Last: 9.8s | Next: 10.5s | Remaining: 2.4m
ETA: 11:23:19
Recent round times: R1: 10.8s -> R2: 10.6s -> R3: 10.0s -> R4: 10.0s -> R5: 9.8s

  0%|          | 0/79 [00:00<?, ?it/s]
  1%|▏         | 1/79 [00:00<00:17,  4.40it/s]
  6%|▋         | 5/79 [00:00<00:05, 14.67it/s]
  9%|▉         | 7/79 [00:00<00:04, 14.94it/s]
 11%|█▏        | 9/79 [00:00<00:05, 12.95it/s]
 14%|█▍        | 11/79 [00:00<00:06, 11.03it/s]
 16%|█▋        | 13/79 [00:01<00:05, 11.85it/s]
 22%|██▏       | 17/79 [00:01<00:04, 13.56it/s]
 24%|██▍       | 19/79 [00:01<00:04, 14.50it/s]
 27%|██▋       | 21/79 [00:01<00:03, 14.79it/s]
 29%|██▉       | 23/79 [00:01<00:03, 15.87it/s]
 33%|███▎      | 26/79 [00:01<00:02, 18.86it/s]
 37%|███▋      | 29/79 [00:01<00:02, 17.37it/s]
 39%|███▉      | 31/79 [00:02<00:02, 17.19it/s]
 44%|████▍     | 35/79 [00:02<00:02, 18.03it/s]
 49%|████▉     | 39/79 [00:02<00:02, 17.27it/s]
 52%|█████▏    | 41/79 [00:02<00:02, 15.61it/s]
 58%|█████▊    | 46/79 [00:02<00:01, 22.02it/s]
 62%|██████▏   | 49/79 [00:03<00:01, 17.89it/s]
 71%|███████   | 56/79 [00:03<00:00, 24.21it/s]
 76%|███████▌  | 60/79 [00:03<00:00, 22.33it/s]
 84%|████████▎ | 66/79 [00:03<00:00, 26.72it/s]
 87%|████████▋ | 69/79 [00:03<00:00, 20.99it/s]
 91%|█████████ | 72/79 [00:04<00:00, 21.52it/s]
 97%|█████████▋| 77/79 [00:04<00:00, 25.31it/s]
100%|██████████| 79/79 [00:04<00:00, 18.82it/s]

CommRound: 17/30
Accuracy: 18.23% | Loss: 2.9478
[##################################--------------------------] 56.7%
Elapsed: 3.0m | Avg/Round: 10.5s | Last: 11.3s | Next: 10.5s | Remaining: 2.3m
ETA: 11:23:20
Recent round times: R1: 10.6s -> R2: 10.0s -> R3: 10.0s -> R4: 9.8s -> R5: 11.3s

  0%|          | 0/79 [00:00<?, ?it/s]
  1%|▏         | 1/79 [00:00<00:14,  5.55it/s]
  5%|▌         | 4/79 [00:00<00:05, 14.57it/s]
  8%|▊         | 6/79 [00:00<00:05, 13.37it/s]
 11%|█▏        | 9/79 [00:00<00:04, 15.24it/s]
 15%|█▌        | 12/79 [00:00<00:03, 18.43it/s]
 19%|█▉        | 15/79 [00:00<00:03, 19.87it/s]
 23%|██▎       | 18/79 [00:01<00:03, 19.63it/s]
 27%|██▋       | 21/79 [00:01<00:02, 21.47it/s]
 30%|███       | 24/79 [00:01<00:03, 15.50it/s]
 33%|███▎      | 26/79 [00:01<00:03, 14.07it/s]
 35%|███▌      | 28/79 [00:01<00:03, 13.59it/s]
 38%|███▊      | 30/79 [00:01<00:03, 14.72it/s]
 43%|████▎     | 34/79 [00:02<00:02, 19.18it/s]
 48%|████▊     | 38/79 [00:02<00:02, 19.53it/s]
 53%|█████▎    | 42/79 [00:02<00:02, 17.36it/s]
 58%|█████▊    | 46/79 [00:02<00:01, 19.43it/s]
 63%|██████▎   | 50/79 [00:02<00:01, 19.63it/s]
 67%|██████▋   | 53/79 [00:03<00:01, 19.97it/s]
 71%|███████   | 56/79 [00:03<00:01, 20.06it/s]
 76%|███████▌  | 60/79 [00:03<00:00, 21.59it/s]
 81%|████████  | 64/79 [00:03<00:00, 22.42it/s]
 86%|████████▌ | 68/79 [00:03<00:00, 23.76it/s]
 90%|████████▉ | 71/79 [00:03<00:00, 25.03it/s]
 94%|█████████▎| 74/79 [00:03<00:00, 20.62it/s]
 99%|█████████▊| 78/79 [00:04<00:00, 21.09it/s]
100%|██████████| 79/79 [00:04<00:00, 18.88it/s]

CommRound: 18/30
Accuracy: 18.39% | Loss: 2.9380
[####################################------------------------] 60.0%
Elapsed: 3.2m | Avg/Round: 10.6s | Last: 11.1s | Next: 10.6s | Remaining: 2.1m
ETA: 11:23:21
Recent round times: R1: 10.0s -> R2: 10.0s -> R3: 9.8s -> R4: 11.3s -> R5: 11.1s

  0%|          | 0/79 [00:00<?, ?it/s]
  1%|▏         | 1/79 [00:00<00:15,  5.13it/s]
  6%|▋         | 5/79 [00:00<00:04, 17.60it/s]
 10%|█         | 8/79 [00:00<00:03, 20.11it/s]
 14%|█▍        | 11/79 [00:00<00:03, 20.01it/s]
 18%|█▊        | 14/79 [00:00<00:03, 21.47it/s]
 22%|██▏       | 17/79 [00:00<00:02, 21.11it/s]
 25%|██▌       | 20/79 [00:01<00:03, 16.25it/s]
 28%|██▊       | 22/79 [00:01<00:03, 16.99it/s]
 34%|███▍      | 27/79 [00:01<00:02, 21.81it/s]
 38%|███▊      | 30/79 [00:01<00:02, 23.15it/s]
 42%|████▏     | 33/79 [00:01<00:02, 19.80it/s]
 46%|████▌     | 36/79 [00:01<00:02, 18.99it/s]
 51%|█████     | 40/79 [00:02<00:02, 19.42it/s]
 54%|█████▍    | 43/79 [00:02<00:01, 21.32it/s]
 58%|█████▊    | 46/79 [00:02<00:01, 19.08it/s]
 63%|██████▎   | 50/79 [00:02<00:01, 19.91it/s]
 67%|██████▋   | 53/79 [00:02<00:01, 20.87it/s]
 71%|███████   | 56/79 [00:02<00:01, 16.81it/s]
 73%|███████▎  | 58/79 [00:03<00:01, 17.37it/s]
 80%|███████▉  | 63/79 [00:03<00:00, 23.91it/s]
 84%|████████▎ | 66/79 [00:03<00:00, 24.52it/s]
 87%|████████▋ | 69/79 [00:03<00:00, 21.14it/s]
 91%|█████████ | 72/79 [00:03<00:00, 19.85it/s]
 96%|█████████▌| 76/79 [00:03<00:00, 20.72it/s]
100%|██████████| 79/79 [00:03<00:00, 20.08it/s]

CommRound: 19/30
Accuracy: 18.45% | Loss: 2.9283
[######################################----------------------] 63.3%
Elapsed: 3.3m | Avg/Round: 10.6s | Last: 10.8s | Next: 10.6s | Remaining: 1.9m
ETA: 11:23:21
Recent round times: R1: 10.0s -> R2: 9.8s -> R3: 11.3s -> R4: 11.1s -> R5: 10.8s

  0%|          | 0/79 [00:00<?, ?it/s]
  1%|▏         | 1/79 [00:00<00:11,  6.64it/s]
  4%|▍         | 3/79 [00:00<00:06, 11.62it/s]
  6%|▋         | 5/79 [00:00<00:06, 11.89it/s]
  9%|▉         | 7/79 [00:00<00:06, 11.96it/s]
 11%|█▏        | 9/79 [00:00<00:05, 12.48it/s]
 14%|█▍        | 11/79 [00:00<00:05, 13.33it/s]
 19%|█▉        | 15/79 [00:01<00:03, 19.10it/s]
 23%|██▎       | 18/79 [00:01<00:02, 21.83it/s]
 28%|██▊       | 22/79 [00:01<00:02, 24.97it/s]
 33%|███▎      | 26/79 [00:01<00:02, 20.58it/s]
 38%|███▊      | 30/79 [00:01<00:02, 22.22it/s]
 42%|████▏     | 33/79 [00:01<00:01, 23.65it/s]
 46%|████▌     | 36/79 [00:01<00:01, 22.73it/s]
 51%|█████     | 40/79 [00:01<00:01, 26.35it/s]
 54%|█████▍    | 43/79 [00:02<00:01, 24.94it/s]
 58%|█████▊    | 46/79 [00:02<00:01, 25.50it/s]
 62%|██████▏   | 49/79 [00:02<00:01, 20.59it/s]
 67%|██████▋   | 53/79 [00:02<00:01, 22.49it/s]
 72%|███████▏  | 57/79 [00:02<00:00, 22.48it/s]
 76%|███████▌  | 60/79 [00:03<00:00, 19.34it/s]
 84%|████████▎ | 66/79 [00:03<00:00, 25.36it/s]
 89%|████████▊ | 70/79 [00:03<00:00, 24.74it/s]
 92%|█████████▏| 73/79 [00:03<00:00, 25.17it/s]
 96%|█████████▌| 76/79 [00:03<00:00, 23.68it/s]
100%|██████████| 79/79 [00:03<00:00, 21.55it/s]

CommRound: 20/30
Accuracy: 18.55% | Loss: 2.9241
[########################################--------------------] 66.7%
Elapsed: 3.5m | Avg/Round: 10.6s | Last: 10.4s | Next: 10.6s | Remaining: 1.8m
ETA: 11:23:21
Recent round times: R1: 9.8s -> R2: 11.3s -> R3: 11.1s -> R4: 10.8s -> R5: 10.4s

  0%|          | 0/79 [00:00<?, ?it/s]
  1%|▏         | 1/79 [00:00<00:10,  7.79it/s]
  6%|▋         | 5/79 [00:00<00:03, 23.18it/s]
 10%|█         | 8/79 [00:00<00:02, 25.56it/s]
 15%|█▌        | 12/79 [00:00<00:02, 23.91it/s]
 20%|██        | 16/79 [00:00<00:02, 23.08it/s]
 25%|██▌       | 20/79 [00:00<00:02, 23.53it/s]
 30%|███       | 24/79 [00:01<00:02, 24.42it/s]
 35%|███▌      | 28/79 [00:01<00:01, 26.89it/s]
 41%|████      | 32/79 [00:01<00:01, 26.60it/s]
 46%|████▌     | 36/79 [00:01<00:01, 25.72it/s]
 49%|████▉     | 39/79 [00:01<00:01, 20.60it/s]
 53%|█████▎    | 42/79 [00:01<00:02, 18.49it/s]
 56%|█████▌    | 44/79 [00:02<00:02, 15.38it/s]
 58%|█████▊    | 46/79 [00:02<00:02, 15.68it/s]
 61%|██████    | 48/79 [00:02<00:02, 14.83it/s]
 66%|██████▌   | 52/79 [00:02<00:01, 19.32it/s]
 71%|███████   | 56/79 [00:02<00:01, 21.37it/s]
 75%|███████▍  | 59/79 [00:02<00:00, 23.26it/s]
 78%|███████▊  | 62/79 [00:02<00:00, 19.41it/s]
 84%|████████▎ | 66/79 [00:03<00:00, 20.30it/s]
 89%|████████▊ | 70/79 [00:03<00:00, 20.97it/s]
 92%|█████████▏| 73/79 [00:03<00:00, 19.67it/s]
 96%|█████████▌| 76/79 [00:03<00:00, 17.06it/s]
100%|██████████| 79/79 [00:03<00:00, 20.31it/s]

CommRound: 21/30
Accuracy: 18.63% | Loss: 2.9139
[##########################################------------------] 70.0%
Elapsed: 3.7m | Avg/Round: 10.6s | Last: 10.9s | Next: 10.6s | Remaining: 1.6m
ETA: 11:23:22
Recent round times: R1: 11.3s -> R2: 11.1s -> R3: 10.8s -> R4: 10.4s -> R5: 10.9s

  0%|          | 0/79 [00:00<?, ?it/s]
  1%|▏         | 1/79 [00:00<00:18,  4.13it/s]
  4%|▍         | 3/79 [00:00<00:07,  9.69it/s]
  8%|▊         | 6/79 [00:00<00:04, 15.47it/s]
 14%|█▍        | 11/79 [00:00<00:03, 20.51it/s]
 19%|█▉        | 15/79 [00:00<00:03, 20.50it/s]
 23%|██▎       | 18/79 [00:00<00:02, 22.39it/s]
 27%|██▋       | 21/79 [00:01<00:02, 20.66it/s]
 32%|███▏      | 25/79 [00:01<00:02, 20.77it/s]
 37%|███▋      | 29/79 [00:01<00:02, 23.21it/s]
 42%|████▏     | 33/79 [00:01<00:01, 26.63it/s]
 47%|████▋     | 37/79 [00:01<00:01, 28.66it/s]
 52%|█████▏    | 41/79 [00:01<00:01, 30.76it/s]
 57%|█████▋    | 45/79 [00:01<00:01, 32.43it/s]
 62%|██████▏   | 49/79 [00:02<00:00, 33.78it/s]
 67%|██████▋   | 53/79 [00:02<00:00, 35.23it/s]
 72%|███████▏  | 57/79 [00:02<00:00, 35.80it/s]
 77%|███████▋  | 61/79 [00:02<00:00, 36.54it/s]
 82%|████████▏ | 65/79 [00:02<00:00, 37.28it/s]
 89%|████████▊ | 70/79 [00:02<00:00, 39.98it/s]
 95%|█████████▍| 75/79 [00:02<00:00, 39.22it/s]
100%|██████████| 79/79 [00:02<00:00, 28.67it/s]

CommRound: 22/30
Accuracy: 18.70% | Loss: 2.9076
[############################################----------------] 73.3%
Elapsed: 3.9m | Avg/Round: 10.5s | Last: 9.8s | Next: 10.5s | Remaining: 1.4m
ETA: 11:23:21
Recent round times: R1: 11.1s -> R2: 10.8s -> R3: 10.4s -> R4: 10.9s -> R5: 9.8s

  0%|          | 0/79 [00:00<?, ?it/s]
  1%|▏         | 1/79 [00:00<00:09,  8.41it/s]
  9%|▉         | 7/79 [00:00<00:02, 28.84it/s]
 14%|█▍        | 11/79 [00:00<00:02, 31.69it/s]
 19%|█▉        | 15/79 [00:00<00:01, 33.01it/s]
 24%|██▍       | 19/79 [00:00<00:01, 33.89it/s]
 29%|██▉       | 23/79 [00:00<00:01, 34.74it/s]
 34%|███▍      | 27/79 [00:00<00:01, 35.66it/s]
 39%|███▉      | 31/79 [00:00<00:01, 35.76it/s]
 44%|████▍     | 35/79 [00:01<00:01, 35.75it/s]
 49%|████▉     | 39/79 [00:01<00:01, 32.52it/s]
 54%|█████▍    | 43/79 [00:01<00:01, 33.41it/s]
 59%|█████▉    | 47/79 [00:01<00:00, 34.10it/s]
 65%|██████▍   | 51/79 [00:01<00:00, 34.14it/s]
 70%|██████▉   | 55/79 [00:01<00:00, 34.46it/s]
 75%|███████▍  | 59/79 [00:01<00:00, 35.10it/s]
 80%|███████▉  | 63/79 [00:01<00:00, 35.42it/s]
 85%|████████▍ | 67/79 [00:01<00:00, 35.69it/s]
 90%|████████▉ | 71/79 [00:02<00:00, 35.09it/s]
 95%|█████████▍| 75/79 [00:02<00:00, 35.38it/s]
100%|██████████| 79/79 [00:02<00:00, 34.44it/s]

CommRound: 23/30
Accuracy: 18.78% | Loss: 2.8911
[##############################################--------------] 76.7%
Elapsed: 4.0m | Avg/Round: 10.5s | Last: 9.1s | Next: 10.5s | Remaining: 1.2m
ETA: 11:23:19
Recent round times: R1: 10.8s -> R2: 10.4s -> R3: 10.9s -> R4: 9.8s -> R5: 9.1s

  0%|          | 0/79 [00:00<?, ?it/s]
  1%|▏         | 1/79 [00:00<00:10,  7.23it/s]
  6%|▋         | 5/79 [00:00<00:04, 17.09it/s]
 10%|█         | 8/79 [00:00<00:03, 21.26it/s]
 14%|█▍        | 11/79 [00:00<00:03, 20.23it/s]
 18%|█▊        | 14/79 [00:00<00:02, 21.77it/s]
 22%|██▏       | 17/79 [00:00<00:02, 22.14it/s]
 25%|██▌       | 20/79 [00:00<00:02, 22.10it/s]
 29%|██▉       | 23/79 [00:01<00:02, 22.77it/s]
 33%|███▎      | 26/79 [00:01<00:02, 22.79it/s]
 37%|███▋      | 29/79 [00:01<00:02, 23.73it/s]
 41%|████      | 32/79 [00:01<00:01, 23.62it/s]
 44%|████▍     | 35/79 [00:01<00:01, 24.57it/s]
 48%|████▊     | 38/79 [00:01<00:01, 23.99it/s]
 52%|█████▏    | 41/79 [00:01<00:01, 24.52it/s]
 57%|█████▋    | 45/79 [00:02<00:01, 23.52it/s]
 62%|██████▏   | 49/79 [00:02<00:01, 22.77it/s]
 67%|██████▋   | 53/79 [00:02<00:01, 22.21it/s]
 72%|███████▏  | 57/79 [00:02<00:00, 22.24it/s]
 77%|███████▋  | 61/79 [00:02<00:00, 22.96it/s]
 82%|████████▏ | 65/79 [00:02<00:00, 23.38it/s]
 87%|████████▋ | 69/79 [00:03<00:00, 22.89it/s]
 92%|█████████▏| 73/79 [00:03<00:00, 22.40it/s]
 97%|█████████▋| 77/79 [00:03<00:00, 23.34it/s]
100%|██████████| 79/79 [00:03<00:00, 22.96it/s]

CommRound: 24/30
Accuracy: 18.86% | Loss: 2.8861
[################################################------------] 80.0%
Elapsed: 4.2m | Avg/Round: 10.5s | Last: 10.2s | Next: 10.5s | Remaining: 1.0m
ETA: 11:23:18
Recent round times: R1: 10.4s -> R2: 10.9s -> R3: 9.8s -> R4: 9.1s -> R5: 10.2s

  0%|          | 0/79 [00:00<?, ?it/s]
  1%|▏         | 1/79 [00:00<00:08,  8.76it/s]
  6%|▋         | 5/79 [00:00<00:02, 25.64it/s]
 11%|█▏        | 9/79 [00:00<00:02, 30.23it/s]
 16%|█▋        | 13/79 [00:00<00:02, 32.38it/s]
 22%|██▏       | 17/79 [00:00<00:01, 33.20it/s]
 27%|██▋       | 21/79 [00:00<00:01, 33.55it/s]
 32%|███▏      | 25/79 [00:00<00:01, 34.61it/s]
 37%|███▋      | 29/79 [00:00<00:01, 35.45it/s]
 42%|████▏     | 33/79 [00:00<00:01, 35.98it/s]
 47%|████▋     | 37/79 [00:01<00:01, 35.51it/s]
 52%|█████▏    | 41/79 [00:01<00:01, 35.34it/s]
 57%|█████▋    | 45/79 [00:01<00:00, 35.31it/s]
 62%|██████▏   | 49/79 [00:01<00:00, 34.91it/s]
 67%|██████▋   | 53/79 [00:01<00:00, 34.05it/s]
 72%|███████▏  | 57/79 [00:01<00:00, 33.98it/s]
 77%|███████▋  | 61/79 [00:01<00:00, 33.89it/s]
 82%|████████▏ | 65/79 [00:01<00:00, 35.33it/s]
 87%|████████▋ | 69/79 [00:02<00:00, 35.51it/s]
 92%|█████████▏| 73/79 [00:02<00:00, 35.86it/s]
 97%|█████████▋| 77/79 [00:02<00:00, 35.92it/s]
100%|██████████| 79/79 [00:02<00:00, 34.44it/s]

CommRound: 25/30
Accuracy: 18.90% | Loss: 2.8716
[##################################################----------] 83.3%
Elapsed: 4.3m | Avg/Round: 10.4s | Last: 8.9s | Next: 10.4s | Remaining: 0.9m
ETA: 11:23:16
Recent round times: R1: 10.9s -> R2: 9.8s -> R3: 9.1s -> R4: 10.2s -> R5: 8.9s

  0%|          | 0/79 [00:00<?, ?it/s]
  1%|▏         | 1/79 [00:00<00:10,  7.28it/s]
  5%|▌         | 4/79 [00:00<00:04, 17.50it/s]
 10%|█         | 8/79 [00:00<00:03, 21.08it/s]
 15%|█▌        | 12/79 [00:00<00:02, 22.55it/s]
 20%|██        | 16/79 [00:00<00:02, 22.83it/s]
 25%|██▌       | 20/79 [00:00<00:02, 23.16it/s]
 30%|███       | 24/79 [00:01<00:02, 23.53it/s]
 35%|███▌      | 28/79 [00:01<00:02, 23.63it/s]
 41%|████      | 32/79 [00:01<00:01, 23.85it/s]
 46%|████▌     | 36/79 [00:01<00:01, 24.21it/s]
 51%|█████     | 40/79 [00:01<00:01, 27.04it/s]
 56%|█████▌    | 44/79 [00:01<00:01, 28.13it/s]
 61%|██████    | 48/79 [00:01<00:01, 30.09it/s]
 66%|██████▌   | 52/79 [00:02<00:00, 31.62it/s]
 71%|███████   | 56/79 [00:02<00:00, 32.76it/s]
 76%|███████▌  | 60/79 [00:02<00:00, 34.15it/s]
 81%|████████  | 64/79 [00:02<00:00, 34.35it/s]
 86%|████████▌ | 68/79 [00:02<00:00, 34.20it/s]
 91%|█████████ | 72/79 [00:02<00:00, 34.73it/s]
 96%|█████████▌| 76/79 [00:02<00:00, 35.58it/s]
100%|██████████| 79/79 [00:02<00:00, 28.34it/s]

CommRound: 26/30
Accuracy: 18.95% | Loss: 2.8824
[####################################################--------] 86.7%
Elapsed: 4.5m | Avg/Round: 10.4s | Last: 9.6s | Next: 10.4s | Remaining: 0.7m
ETA: 11:23:15
Recent round times: R1: 9.8s -> R2: 9.1s -> R3: 10.2s -> R4: 8.9s -> R5: 9.6s

  0%|          | 0/79 [00:00<?, ?it/s]
  1%|▏         | 1/79 [00:00<00:10,  7.35it/s]
  5%|▌         | 4/79 [00:00<00:04, 16.53it/s]
 11%|█▏        | 9/79 [00:00<00:02, 25.72it/s]
 16%|█▋        | 13/79 [00:00<00:02, 28.43it/s]
 22%|██▏       | 17/79 [00:00<00:02, 29.65it/s]
 27%|██▋       | 21/79 [00:00<00:01, 30.56it/s]
 32%|███▏      | 25/79 [00:00<00:01, 30.70it/s]
 37%|███▋      | 29/79 [00:01<00:01, 31.86it/s]
 42%|████▏     | 33/79 [00:01<00:01, 32.06it/s]
 47%|████▋     | 37/79 [00:01<00:01, 32.22it/s]
 52%|█████▏    | 41/79 [00:01<00:01, 32.32it/s]
 57%|█████▋    | 45/79 [00:01<00:01, 32.13it/s]
 62%|██████▏   | 49/79 [00:01<00:00, 32.59it/s]
 67%|██████▋   | 53/79 [00:01<00:00, 33.91it/s]
 72%|███████▏  | 57/79 [00:01<00:00, 33.64it/s]
 77%|███████▋  | 61/79 [00:01<00:00, 33.81it/s]
 82%|████████▏ | 65/79 [00:02<00:00, 33.53it/s]
 87%|████████▋ | 69/79 [00:02<00:00, 31.73it/s]
 92%|█████████▏| 73/79 [00:02<00:00, 31.75it/s]
 97%|█████████▋| 77/79 [00:02<00:00, 32.09it/s]
100%|██████████| 79/79 [00:02<00:00, 30.56it/s]

CommRound: 27/30
Accuracy: 18.99% | Loss: 2.8703
[######################################################------] 90.0%
Elapsed: 4.7m | Avg/Round: 10.3s | Last: 9.4s | Next: 10.3s | Remaining: 0.5m
ETA: 11:23:14
Recent round times: R1: 9.1s -> R2: 10.2s -> R3: 8.9s -> R4: 9.6s -> R5: 9.4s

  0%|          | 0/79 [00:00<?, ?it/s]
  1%|▏         | 1/79 [00:00<00:11,  6.62it/s]
  6%|▋         | 5/79 [00:00<00:03, 19.87it/s]
 10%|█         | 8/79 [00:00<00:03, 20.97it/s]
 14%|█▍        | 11/79 [00:00<00:02, 23.48it/s]
 18%|█▊        | 14/79 [00:00<00:02, 22.01it/s]
 23%|██▎       | 18/79 [00:00<00:02, 23.80it/s]
 27%|██▋       | 21/79 [00:00<00:02, 25.03it/s]
 30%|███       | 24/79 [00:01<00:02, 24.17it/s]
 35%|███▌      | 28/79 [00:01<00:01, 27.80it/s]
 39%|███▉      | 31/79 [00:01<00:01, 27.88it/s]
 44%|████▍     | 35/79 [00:01<00:01, 30.68it/s]
 49%|████▉     | 39/79 [00:01<00:01, 32.11it/s]
 54%|█████▍    | 43/79 [00:01<00:01, 33.47it/s]
 59%|█████▉    | 47/79 [00:01<00:00, 33.91it/s]
 65%|██████▍   | 51/79 [00:01<00:00, 30.27it/s]
 70%|██████▉   | 55/79 [00:02<00:00, 27.13it/s]
 75%|███████▍  | 59/79 [00:02<00:00, 29.34it/s]
 80%|███████▉  | 63/79 [00:02<00:00, 31.35it/s]
 85%|████████▍ | 67/79 [00:02<00:00, 32.97it/s]
 90%|████████▉ | 71/79 [00:02<00:00, 34.27it/s]
 95%|█████████▍| 75/79 [00:02<00:00, 35.18it/s]
100%|██████████| 79/79 [00:02<00:00, 29.13it/s]

CommRound: 28/30
Accuracy: 18.99% | Loss: 2.8595
[########################################################----] 93.3%
Elapsed: 4.8m | Avg/Round: 10.3s | Last: 9.5s | Next: 10.3s | Remaining: 0.3m
ETA: 11:23:14
Recent round times: R1: 10.2s -> R2: 8.9s -> R3: 9.6s -> R4: 9.4s -> R5: 9.5s

  0%|          | 0/79 [00:00<?, ?it/s]
  1%|▏         | 1/79 [00:00<00:10,  7.64it/s]
  6%|▋         | 5/79 [00:00<00:03, 23.78it/s]
 11%|█▏        | 9/79 [00:00<00:02, 28.57it/s]
 16%|█▋        | 13/79 [00:00<00:02, 31.79it/s]
 22%|██▏       | 17/79 [00:00<00:01, 33.47it/s]
 27%|██▋       | 21/79 [00:00<00:01, 34.43it/s]
 32%|███▏      | 25/79 [00:00<00:01, 34.92it/s]
 37%|███▋      | 29/79 [00:00<00:01, 34.31it/s]
 42%|████▏     | 33/79 [00:01<00:01, 30.07it/s]
 47%|████▋     | 37/79 [00:01<00:01, 27.09it/s]
 51%|█████     | 40/79 [00:01<00:01, 27.73it/s]
 54%|█████▍    | 43/79 [00:01<00:01, 25.01it/s]
 58%|█████▊    | 46/79 [00:01<00:01, 26.00it/s]
 62%|██████▏   | 49/79 [00:01<00:01, 23.01it/s]
 67%|██████▋   | 53/79 [00:01<00:01, 23.40it/s]
 71%|███████   | 56/79 [00:02<00:00, 24.48it/s]
 75%|███████▍  | 59/79 [00:02<00:00, 21.65it/s]
 78%|███████▊  | 62/79 [00:02<00:00, 22.55it/s]
 82%|████████▏ | 65/79 [00:02<00:00, 21.76it/s]
 86%|████████▌ | 68/79 [00:02<00:00, 21.97it/s]
 90%|████████▉ | 71/79 [00:02<00:00, 21.62it/s]
 94%|█████████▎| 74/79 [00:02<00:00, 20.98it/s]
 97%|█████████▋| 77/79 [00:03<00:00, 22.18it/s]
100%|██████████| 79/79 [00:03<00:00, 25.21it/s]

CommRound: 29/30
Accuracy: 19.00% | Loss: 2.8591
[##########################################################--] 96.7%
Elapsed: 5.0m | Avg/Round: 10.3s | Last: 9.9s | Next: 10.3s | Remaining: 0.2m
ETA: 11:23:13
Recent round times: R1: 8.9s -> R2: 9.6s -> R3: 9.4s -> R4: 9.5s -> R5: 9.9s

  0%|          | 0/79 [00:00<?, ?it/s]
  1%|▏         | 1/79 [00:00<00:10,  7.60it/s]
  6%|▋         | 5/79 [00:00<00:04, 18.04it/s]
 11%|█▏        | 9/79 [00:00<00:03, 20.55it/s]
 15%|█▌        | 12/79 [00:00<00:02, 22.72it/s]
 19%|█▉        | 15/79 [00:00<00:03, 21.33it/s]
 23%|██▎       | 18/79 [00:00<00:02, 21.62it/s]
 27%|██▋       | 21/79 [00:01<00:02, 20.83it/s]
 30%|███       | 24/79 [00:01<00:02, 21.37it/s]
 34%|███▍      | 27/79 [00:01<00:02, 22.46it/s]
 38%|███▊      | 30/79 [00:01<00:02, 21.76it/s]
 43%|████▎     | 34/79 [00:01<00:01, 24.37it/s]
 48%|████▊     | 38/79 [00:01<00:01, 26.01it/s]
 53%|█████▎    | 42/79 [00:01<00:01, 26.07it/s]
 58%|█████▊    | 46/79 [00:01<00:01, 27.38it/s]
 63%|██████▎   | 50/79 [00:02<00:01, 28.51it/s]
 68%|██████▊   | 54/79 [00:02<00:00, 29.14it/s]
 73%|███████▎  | 58/79 [00:02<00:00, 29.74it/s]
 78%|███████▊  | 62/79 [00:02<00:00, 30.05it/s]
 84%|████████▎ | 66/79 [00:02<00:00, 26.74it/s]
 87%|████████▋ | 69/79 [00:02<00:00, 27.42it/s]
 91%|█████████ | 72/79 [00:02<00:00, 24.30it/s]
 96%|█████████▌| 76/79 [00:03<00:00, 25.29it/s]
100%|██████████| 79/79 [00:03<00:00, 24.83it/s]

CommRound: 30/30
Accuracy: 19.08% | Loss: 2.8410
[############################################################] 100.0%
Elapsed: 5.1m | Avg/Round: 10.3s | Last: 10.0s | Next: 10.3s | Remaining: 0.0m
ETA: 11:23:13
Recent round times: R1: 9.6s -> R2: 9.4s -> R3: 9.5s -> R4: 9.9s -> R5: 10.0s
Total time for experiment: 308.6274993419647 seconds
Device average training time per communication round [s]:
    rpi (sld-rpi-09.ece.utexas.edu): 3.90 seconds
    mc1 (sld-mc1-09.ece.utexas.edu): 4.06 seconds
