Connecting to sld-rpi-09.ece.utexas.edu...
Successfully fetched dev0_pow_temp_log_exp167_run1.csv.
Connecting to sld-rpi-09.ece.utexas.edu...
Successfully fetched dev0_communication_log_exp167_run1.csv.
Connecting to sld-mc1-09.ece.utexas.edu...
Successfully fetched dev1_pow_temp_log_exp167_run1.csv.
Connecting to sld-mc1-09.ece.utexas.edu...
Successfully fetched dev1_communication_log_exp167_run1.csv.

Exp167
Experiment 167: 
	Global test accuracy [%]: 89.0 %
	No round found where all subsequent rounds have accuracy >= 90.00%.
	Average time per communication round [s]: 11.57 seconds
	Total wall clock time [s]: 322.15 seconds


Experiment 167:
	RPi avg. energy consumption per round [J]: 37.88 Joules
	MC1 avg. energy consumption per round [J]: 25.66 Joules
	Total avg. energy consumption per communication round [J]: 63.53 Joules
	Avg. amount of communicated data per communication round [MB]: 0.09 MB
	RPi avg. power consumption per round [W]: 5.38 Watts
	MC1 avg. power consumption per round [W]: 6.36 Watts
