Connecting to sld-rpi-09.ece.utexas.edu...
Successfully fetched dev0_pow_temp_log_exp110_run1.csv.
Connecting to sld-rpi-09.ece.utexas.edu...
Successfully fetched dev0_communication_log_exp110_run1.csv.
Connecting to sld-mc1-09.ece.utexas.edu...
Successfully fetched dev1_pow_temp_log_exp110_run1.csv.
Connecting to sld-mc1-09.ece.utexas.edu...
Successfully fetched dev1_communication_log_exp110_run1.csv.

Exp110
Experiment 110: 
	Global test accuracy [%]: 89.1 %
	No round found where all subsequent rounds have accuracy >= 90.00%.
	Average time per communication round [s]: 53.45 seconds
	Total wall clock time [s]: 347.31 seconds


Experiment 110:
	RPi avg. energy consumption per round [J]: 40.57 Joules
	MC1 avg. energy consumption per round [J]: 327.47 Joules
	Total avg. energy consumption per communication round [J]: 368.04 Joules
	Avg. amount of communicated data per communication round [MB]: 0.18 MB
	RPi avg. power consumption per round [W]: 5.36 Watts
	MC1 avg. power consumption per round [W]: 7.39 Watts
