Connecting to sld-rpi-09.ece.utexas.edu...
Successfully fetched dev0_pow_temp_log_exp127_run1.csv.
Connecting to sld-rpi-09.ece.utexas.edu...
Successfully fetched dev0_communication_log_exp127_run1.csv.
Connecting to sld-mc1-09.ece.utexas.edu...
Successfully fetched dev1_pow_temp_log_exp127_run1.csv.
Connecting to sld-mc1-09.ece.utexas.edu...
Successfully fetched dev1_communication_log_exp127_run1.csv.

Exp127
Experiment 127: 
	Global test accuracy [%]: 17.52 %
	No round found where all subsequent rounds have accuracy >= 90.00%.
	Average time per communication round [s]: 9.38 seconds
	Total wall clock time [s]: 291.49 seconds


Experiment 127:
	RPi avg. energy consumption per round [J]: 31.60 Joules
	MC1 avg. energy consumption per round [J]: 16.48 Joules
	Total avg. energy consumption per communication round [J]: 48.08 Joules
	Avg. amount of communicated data per communication round [MB]: 0.00 MB
	RPi avg. power consumption per round [W]: 5.30 Watts
	MC1 avg. power consumption per round [W]: 5.68 Watts
