Connecting to sld-rpi-09.ece.utexas.edu...
Successfully fetched dev0_pow_temp_log_exp152_run1.csv.
Connecting to sld-rpi-09.ece.utexas.edu...
Successfully fetched dev0_communication_log_exp152_run1.csv.
Connecting to sld-mc1-09.ece.utexas.edu...
Successfully fetched dev1_pow_temp_log_exp152_run1.csv.
Connecting to sld-mc1-09.ece.utexas.edu...
Successfully fetched dev1_communication_log_exp152_run1.csv.

Exp152
Experiment 152: 
	Global test accuracy [%]: 81.94 %
	No round found where all subsequent rounds have accuracy >= 90.00%.
	Average time per communication round [s]: 32.44 seconds
	Total wall clock time [s]: 835.86 seconds


Experiment 152:
	RPi avg. energy consumption per round [J]: 93.67 Joules
	MC1 avg. energy consumption per round [J]: 177.26 Joules
	Total avg. energy consumption per communication round [J]: 270.93 Joules
	Avg. amount of communicated data per communication round [MB]: 6.52 MB
	RPi avg. power consumption per round [W]: 5.45 Watts
	MC1 avg. power consumption per round [W]: 7.32 Watts
