
  0%|          | 0/79 [00:00<?, ?it/s]
  1%|▏         | 1/79 [00:00<00:09,  8.66it/s]
  6%|▋         | 5/79 [00:00<00:03, 19.60it/s]
 10%|█         | 8/79 [00:00<00:03, 19.20it/s]
 15%|█▌        | 12/79 [00:00<00:02, 23.94it/s]
 20%|██        | 16/79 [00:00<00:02, 26.83it/s]
 25%|██▌       | 20/79 [00:00<00:02, 28.93it/s]
 29%|██▉       | 23/79 [00:00<00:02, 25.89it/s]
 33%|███▎      | 26/79 [00:01<00:02, 22.09it/s]
 37%|███▋      | 29/79 [00:01<00:02, 19.73it/s]
 41%|████      | 32/79 [00:01<00:02, 18.41it/s]
 43%|████▎     | 34/79 [00:01<00:02, 18.35it/s]
 46%|████▌     | 36/79 [00:01<00:02, 17.29it/s]
 48%|████▊     | 38/79 [00:01<00:02, 17.05it/s]
 51%|█████     | 40/79 [00:02<00:02, 16.61it/s]
 54%|█████▍    | 43/79 [00:02<00:01, 18.42it/s]
 59%|█████▉    | 47/79 [00:02<00:01, 22.36it/s]
 65%|██████▍   | 51/79 [00:02<00:01, 24.93it/s]
 70%|██████▉   | 55/79 [00:02<00:00, 27.38it/s]
 75%|███████▍  | 59/79 [00:02<00:00, 28.97it/s]
 80%|███████▉  | 63/79 [00:02<00:00, 27.87it/s]
 85%|████████▍ | 67/79 [00:02<00:00, 29.09it/s]
 90%|████████▉ | 71/79 [00:03<00:00, 29.85it/s]
 95%|█████████▍| 75/79 [00:03<00:00, 30.34it/s]
100%|██████████| 79/79 [00:03<00:00, 24.23it/s]
Initial Accuracy: 10.81%; Initial Loss: 2.3021

  0%|          | 0/79 [00:00<?, ?it/s]
  1%|▏         | 1/79 [00:00<00:13,  5.77it/s]
  6%|▋         | 5/79 [00:00<00:03, 20.07it/s]
 10%|█         | 8/79 [00:00<00:03, 17.96it/s]
 13%|█▎        | 10/79 [00:00<00:03, 17.57it/s]
 15%|█▌        | 12/79 [00:00<00:03, 17.49it/s]
 18%|█▊        | 14/79 [00:00<00:03, 16.73it/s]
 20%|██        | 16/79 [00:00<00:03, 16.13it/s]
 25%|██▌       | 20/79 [00:01<00:02, 21.06it/s]
 30%|███       | 24/79 [00:01<00:02, 24.58it/s]
 35%|███▌      | 28/79 [00:01<00:01, 27.18it/s]
 41%|████      | 32/79 [00:01<00:01, 28.80it/s]
 46%|████▌     | 36/79 [00:01<00:01, 30.18it/s]
 51%|█████     | 40/79 [00:01<00:01, 31.06it/s]
 56%|█████▌    | 44/79 [00:01<00:01, 31.66it/s]
 61%|██████    | 48/79 [00:01<00:00, 31.82it/s]
 66%|██████▌   | 52/79 [00:02<00:00, 32.29it/s]
 71%|███████   | 56/79 [00:02<00:00, 31.57it/s]
 76%|███████▌  | 60/79 [00:02<00:00, 32.03it/s]
 81%|████████  | 64/79 [00:02<00:00, 30.81it/s]
 86%|████████▌ | 68/79 [00:02<00:00, 31.97it/s]
 91%|█████████ | 72/79 [00:02<00:00, 32.66it/s]
 96%|█████████▌| 76/79 [00:02<00:00, 32.77it/s]
100%|██████████| 79/79 [00:02<00:00, 27.31it/s]

CommRound: 1/30
Accuracy: 50.47% | Loss: 1.3947
[##----------------------------------------------------------] 3.3%
Elapsed: 0.2m | Avg/Round: 14.1s | Last: 10.8s | Next: 14.1s | Remaining: 6.8m
ETA: 03:16:42
Recent round times: R1: 10.8s

  0%|          | 0/79 [00:00<?, ?it/s]
  1%|▏         | 1/79 [00:00<00:14,  5.50it/s]
  4%|▍         | 3/79 [00:00<00:06, 11.80it/s]
  6%|▋         | 5/79 [00:00<00:05, 13.74it/s]
 11%|█▏        | 9/79 [00:00<00:03, 20.56it/s]
 16%|█▋        | 13/79 [00:00<00:02, 24.26it/s]
 22%|██▏       | 17/79 [00:00<00:02, 26.09it/s]
 27%|██▋       | 21/79 [00:00<00:02, 27.58it/s]
 32%|███▏      | 25/79 [00:01<00:01, 29.02it/s]
 35%|███▌      | 28/79 [00:01<00:01, 29.15it/s]
 41%|████      | 32/79 [00:01<00:01, 28.93it/s]
 46%|████▌     | 36/79 [00:01<00:01, 30.15it/s]
 51%|█████     | 40/79 [00:01<00:01, 30.85it/s]
 56%|█████▌    | 44/79 [00:01<00:01, 29.39it/s]
 59%|█████▉    | 47/79 [00:01<00:01, 27.96it/s]
 63%|██████▎   | 50/79 [00:01<00:01, 27.28it/s]
 67%|██████▋   | 53/79 [00:02<00:01, 21.43it/s]
 71%|███████   | 56/79 [00:02<00:01, 22.11it/s]
 75%|███████▍  | 59/79 [00:02<00:01, 18.93it/s]
 78%|███████▊  | 62/79 [00:02<00:00, 20.79it/s]
 82%|████████▏ | 65/79 [00:02<00:00, 19.87it/s]
 86%|████████▌ | 68/79 [00:02<00:00, 19.30it/s]
 90%|████████▉ | 71/79 [00:03<00:00, 17.97it/s]
 92%|█████████▏| 73/79 [00:03<00:00, 17.46it/s]
 95%|█████████▍| 75/79 [00:03<00:00, 17.63it/s]
 97%|█████████▋| 77/79 [00:03<00:00, 17.91it/s]
100%|██████████| 79/79 [00:03<00:00, 22.43it/s]

CommRound: 2/30
Accuracy: 82.99% | Loss: 0.5313
[####--------------------------------------------------------] 6.7%
Elapsed: 0.4m | Avg/Round: 12.7s | Last: 11.4s | Next: 12.7s | Remaining: 5.9m
ETA: 03:16:02
Recent round times: R1: 10.8s -> R2: 11.4s

  0%|          | 0/79 [00:00<?, ?it/s]
  1%|▏         | 1/79 [00:00<00:13,  5.81it/s]
  6%|▋         | 5/79 [00:00<00:04, 15.26it/s]
 11%|█▏        | 9/79 [00:00<00:04, 17.24it/s]
 14%|█▍        | 11/79 [00:00<00:04, 16.83it/s]
 16%|█▋        | 13/79 [00:00<00:03, 16.81it/s]
 19%|█▉        | 15/79 [00:00<00:03, 16.64it/s]
 23%|██▎       | 18/79 [00:01<00:03, 19.35it/s]
 27%|██▋       | 21/79 [00:01<00:02, 21.60it/s]
 30%|███       | 24/79 [00:01<00:02, 23.56it/s]
 34%|███▍      | 27/79 [00:01<00:02, 23.29it/s]
 41%|████      | 32/79 [00:01<00:01, 28.48it/s]
 46%|████▌     | 36/79 [00:01<00:01, 27.53it/s]
 51%|█████     | 40/79 [00:01<00:01, 28.84it/s]
 56%|█████▌    | 44/79 [00:01<00:01, 29.35it/s]
 61%|██████    | 48/79 [00:02<00:01, 27.58it/s]
 66%|██████▌   | 52/79 [00:02<00:00, 28.92it/s]
 71%|███████   | 56/79 [00:02<00:00, 29.88it/s]
 76%|███████▌  | 60/79 [00:02<00:00, 30.71it/s]
 81%|████████  | 64/79 [00:02<00:00, 31.25it/s]
 86%|████████▌ | 68/79 [00:02<00:00, 30.29it/s]
 91%|█████████ | 72/79 [00:02<00:00, 30.74it/s]
 96%|█████████▌| 76/79 [00:02<00:00, 30.84it/s]
100%|██████████| 79/79 [00:03<00:00, 25.70it/s]

CommRound: 3/30
Accuracy: 87.88% | Loss: 0.4000
[######------------------------------------------------------] 10.0%
Elapsed: 0.6m | Avg/Round: 12.1s | Last: 10.8s | Next: 12.1s | Remaining: 5.4m
ETA: 03:15:43
Recent round times: R1: 10.8s -> R2: 11.4s -> R3: 10.8s

  0%|          | 0/79 [00:00<?, ?it/s]
  1%|▏         | 1/79 [00:00<00:17,  4.57it/s]
  4%|▍         | 3/79 [00:00<00:07, 10.53it/s]
  6%|▋         | 5/79 [00:00<00:06, 12.06it/s]
  9%|▉         | 7/79 [00:00<00:05, 12.77it/s]
 11%|█▏        | 9/79 [00:00<00:05, 13.52it/s]
 14%|█▍        | 11/79 [00:00<00:04, 13.99it/s]
 18%|█▊        | 14/79 [00:00<00:03, 18.11it/s]
 22%|██▏       | 17/79 [00:01<00:03, 20.02it/s]
 27%|██▋       | 21/79 [00:01<00:02, 23.54it/s]
 32%|███▏      | 25/79 [00:01<00:02, 26.18it/s]
 35%|███▌      | 28/79 [00:01<00:02, 25.03it/s]
 39%|███▉      | 31/79 [00:01<00:01, 24.82it/s]
 44%|████▍     | 35/79 [00:01<00:01, 27.06it/s]
 49%|████▉     | 39/79 [00:01<00:01, 28.05it/s]
 53%|█████▎    | 42/79 [00:02<00:01, 24.27it/s]
 59%|█████▉    | 47/79 [00:02<00:01, 26.23it/s]
 65%|██████▍   | 51/79 [00:02<00:01, 26.36it/s]
 70%|██████▉   | 55/79 [00:02<00:00, 27.47it/s]
 73%|███████▎  | 58/79 [00:02<00:00, 24.62it/s]
 77%|███████▋  | 61/79 [00:02<00:00, 20.41it/s]
 81%|████████  | 64/79 [00:03<00:00, 20.50it/s]
 85%|████████▍ | 67/79 [00:03<00:00, 19.80it/s]
 90%|████████▉ | 71/79 [00:03<00:00, 23.08it/s]
 95%|█████████▍| 75/79 [00:03<00:00, 25.20it/s]
100%|██████████| 79/79 [00:03<00:00, 22.42it/s]

CommRound: 4/30
Accuracy: 86.18% | Loss: 0.4561
[########----------------------------------------------------] 13.3%
Elapsed: 0.8m | Avg/Round: 11.9s | Last: 11.4s | Next: 11.9s | Remaining: 5.2m
ETA: 03:15:38
Recent round times: R1: 10.8s -> R2: 11.4s -> R3: 10.8s -> R4: 11.4s

  0%|          | 0/79 [00:00<?, ?it/s]
  1%|▏         | 1/79 [00:00<00:09,  8.04it/s]
  5%|▌         | 4/79 [00:00<00:03, 18.93it/s]
  8%|▊         | 6/79 [00:00<00:04, 16.41it/s]
 10%|█         | 8/79 [00:00<00:04, 15.82it/s]
 13%|█▎        | 10/79 [00:00<00:04, 15.26it/s]
 15%|█▌        | 12/79 [00:00<00:04, 15.35it/s]
 18%|█▊        | 14/79 [00:00<00:04, 15.24it/s]
 20%|██        | 16/79 [00:01<00:04, 15.04it/s]
 23%|██▎       | 18/79 [00:01<00:04, 14.14it/s]
 27%|██▋       | 21/79 [00:01<00:03, 15.21it/s]
 29%|██▉       | 23/79 [00:01<00:03, 15.33it/s]
 32%|███▏      | 25/79 [00:01<00:03, 15.56it/s]
 37%|███▋      | 29/79 [00:01<00:02, 18.22it/s]
 42%|████▏     | 33/79 [00:01<00:02, 22.05it/s]
 47%|████▋     | 37/79 [00:02<00:01, 21.40it/s]
 53%|█████▎    | 42/79 [00:02<00:01, 26.05it/s]
 57%|█████▋    | 45/79 [00:02<00:01, 24.29it/s]
 62%|██████▏   | 49/79 [00:02<00:01, 26.31it/s]
 66%|██████▌   | 52/79 [00:02<00:01, 24.74it/s]
 72%|███████▏  | 57/79 [00:02<00:00, 29.90it/s]
 77%|███████▋  | 61/79 [00:02<00:00, 30.67it/s]
 82%|████████▏ | 65/79 [00:03<00:00, 31.24it/s]
 87%|████████▋ | 69/79 [00:03<00:00, 31.52it/s]
 92%|█████████▏| 73/79 [00:03<00:00, 31.59it/s]
 97%|█████████▋| 77/79 [00:03<00:00, 30.01it/s]
100%|██████████| 79/79 [00:03<00:00, 22.58it/s]

CommRound: 5/30
Accuracy: 86.05% | Loss: 0.4575
[##########--------------------------------------------------] 16.7%
Elapsed: 1.0m | Avg/Round: 11.8s | Last: 11.3s | Next: 11.8s | Remaining: 4.9m
ETA: 03:15:34
Recent round times: R1: 10.8s -> R2: 11.4s -> R3: 10.8s -> R4: 11.4s -> R5: 11.3s

  0%|          | 0/79 [00:00<?, ?it/s]
  1%|▏         | 1/79 [00:00<00:13,  5.98it/s]
  6%|▋         | 5/79 [00:00<00:03, 19.44it/s]
 11%|█▏        | 9/79 [00:00<00:03, 23.29it/s]
 15%|█▌        | 12/79 [00:00<00:02, 23.78it/s]
 19%|█▉        | 15/79 [00:00<00:03, 18.96it/s]
 23%|██▎       | 18/79 [00:00<00:03, 19.97it/s]
 27%|██▋       | 21/79 [00:01<00:03, 18.95it/s]
 29%|██▉       | 23/79 [00:01<00:03, 18.36it/s]
 32%|███▏      | 25/79 [00:01<00:03, 17.66it/s]
 34%|███▍      | 27/79 [00:01<00:03, 17.19it/s]
 37%|███▋      | 29/79 [00:01<00:02, 16.99it/s]
 39%|███▉      | 31/79 [00:01<00:02, 16.89it/s]
 42%|████▏     | 33/79 [00:01<00:02, 16.85it/s]
 44%|████▍     | 35/79 [00:01<00:02, 16.57it/s]
 47%|████▋     | 37/79 [00:02<00:02, 16.55it/s]
 51%|█████     | 40/79 [00:02<00:01, 19.86it/s]
 56%|█████▌    | 44/79 [00:02<00:01, 23.11it/s]
 61%|██████    | 48/79 [00:02<00:01, 25.83it/s]
 66%|██████▌   | 52/79 [00:02<00:00, 27.59it/s]
 71%|███████   | 56/79 [00:02<00:00, 28.98it/s]
 75%|███████▍  | 59/79 [00:02<00:00, 29.18it/s]
 80%|███████▉  | 63/79 [00:02<00:00, 29.45it/s]
 85%|████████▍ | 67/79 [00:03<00:00, 29.82it/s]
 90%|████████▉ | 71/79 [00:03<00:00, 30.03it/s]
 95%|█████████▍| 75/79 [00:03<00:00, 26.41it/s]
 99%|█████████▊| 78/79 [00:03<00:00, 25.77it/s]
100%|██████████| 79/79 [00:03<00:00, 22.44it/s]

CommRound: 6/30
Accuracy: 88.37% | Loss: 0.4040
[############------------------------------------------------] 20.0%
Elapsed: 1.2m | Avg/Round: 11.7s | Last: 11.4s | Next: 11.7s | Remaining: 4.7m
ETA: 03:15:32
Recent round times: R1: 11.4s -> R2: 10.8s -> R3: 11.4s -> R4: 11.3s -> R5: 11.4s

  0%|          | 0/79 [00:00<?, ?it/s]
  1%|▏         | 1/79 [00:00<00:10,  7.60it/s]
  6%|▋         | 5/79 [00:00<00:03, 22.78it/s]
 11%|█▏        | 9/79 [00:00<00:02, 26.59it/s]
 16%|█▋        | 13/79 [00:00<00:02, 27.69it/s]
 22%|██▏       | 17/79 [00:00<00:02, 28.83it/s]
 27%|██▋       | 21/79 [00:00<00:01, 29.68it/s]
 32%|███▏      | 25/79 [00:00<00:01, 30.29it/s]
 37%|███▋      | 29/79 [00:01<00:01, 26.73it/s]
 42%|████▏     | 33/79 [00:01<00:01, 28.29it/s]
 47%|████▋     | 37/79 [00:01<00:01, 29.46it/s]
 52%|█████▏    | 41/79 [00:01<00:01, 29.27it/s]
 57%|█████▋    | 45/79 [00:01<00:01, 29.81it/s]
 62%|██████▏   | 49/79 [00:01<00:01, 27.23it/s]
 66%|██████▌   | 52/79 [00:02<00:01, 20.39it/s]
 70%|██████▉   | 55/79 [00:02<00:01, 20.37it/s]
 73%|███████▎  | 58/79 [00:02<00:01, 17.94it/s]
 76%|███████▌  | 60/79 [00:02<00:01, 17.85it/s]
 78%|███████▊  | 62/79 [00:02<00:01, 16.55it/s]
 81%|████████  | 64/79 [00:02<00:00, 15.56it/s]
 84%|████████▎ | 66/79 [00:02<00:00, 15.99it/s]
 86%|████████▌ | 68/79 [00:03<00:00, 15.50it/s]
 91%|█████████ | 72/79 [00:03<00:00, 18.73it/s]
 96%|█████████▌| 76/79 [00:03<00:00, 21.32it/s]
100%|██████████| 79/79 [00:03<00:00, 22.76it/s]

CommRound: 7/30
Accuracy: 89.43% | Loss: 0.3702
[##############----------------------------------------------] 23.3%
Elapsed: 1.4m | Avg/Round: 11.7s | Last: 11.3s | Next: 11.7s | Remaining: 4.5m
ETA: 03:15:30
Recent round times: R1: 10.8s -> R2: 11.4s -> R3: 11.3s -> R4: 11.4s -> R5: 11.3s

  0%|          | 0/79 [00:00<?, ?it/s]
  1%|▏         | 1/79 [00:00<00:09,  7.95it/s]
  6%|▋         | 5/79 [00:00<00:03, 23.61it/s]
 11%|█▏        | 9/79 [00:00<00:02, 27.68it/s]
 16%|█▋        | 13/79 [00:00<00:02, 29.37it/s]
 22%|██▏       | 17/79 [00:00<00:02, 30.32it/s]
 27%|██▋       | 21/79 [00:00<00:01, 31.05it/s]
 32%|███▏      | 25/79 [00:00<00:01, 29.59it/s]
 35%|███▌      | 28/79 [00:01<00:02, 24.18it/s]
 41%|████      | 32/79 [00:01<00:01, 25.84it/s]
 46%|████▌     | 36/79 [00:01<00:01, 24.58it/s]
 51%|█████     | 40/79 [00:01<00:01, 24.73it/s]
 54%|█████▍    | 43/79 [00:01<00:01, 22.79it/s]
 58%|█████▊    | 46/79 [00:01<00:01, 17.36it/s]
 61%|██████    | 48/79 [00:02<00:01, 17.37it/s]
 65%|██████▍   | 51/79 [00:02<00:01, 19.19it/s]
 68%|██████▊   | 54/79 [00:02<00:01, 21.43it/s]
 73%|███████▎  | 58/79 [00:02<00:00, 24.10it/s]
 77%|███████▋  | 61/79 [00:02<00:00, 24.93it/s]
 81%|████████  | 64/79 [00:02<00:00, 22.93it/s]
 85%|████████▍ | 67/79 [00:02<00:00, 19.16it/s]
 89%|████████▊ | 70/79 [00:03<00:00, 19.00it/s]
 92%|█████████▏| 73/79 [00:03<00:00, 15.38it/s]
 95%|█████████▍| 75/79 [00:03<00:00, 15.20it/s]
 97%|█████████▋| 77/79 [00:03<00:00, 14.96it/s]
100%|██████████| 79/79 [00:03<00:00, 21.31it/s]

CommRound: 8/30
Accuracy: 90.04% | Loss: 0.3515
[################--------------------------------------------] 26.7%
Elapsed: 1.6m | Avg/Round: 11.6s | Last: 11.5s | Next: 11.6s | Remaining: 4.3m
ETA: 03:15:30
Recent round times: R1: 11.4s -> R2: 11.3s -> R3: 11.4s -> R4: 11.3s -> R5: 11.5s

  0%|          | 0/79 [00:00<?, ?it/s]
  1%|▏         | 1/79 [00:00<00:13,  5.91it/s]
  6%|▋         | 5/79 [00:00<00:04, 18.21it/s]
  9%|▉         | 7/79 [00:00<00:04, 16.87it/s]
 11%|█▏        | 9/79 [00:00<00:04, 16.20it/s]
 14%|█▍        | 11/79 [00:00<00:04, 15.70it/s]
 16%|█▋        | 13/79 [00:00<00:04, 15.36it/s]
 19%|█▉        | 15/79 [00:01<00:04, 13.76it/s]
 24%|██▍       | 19/79 [00:01<00:03, 18.88it/s]
 27%|██▋       | 21/79 [00:01<00:03, 18.25it/s]
 29%|██▉       | 23/79 [00:01<00:03, 17.38it/s]
 32%|███▏      | 25/79 [00:01<00:03, 16.62it/s]
 35%|███▌      | 28/79 [00:01<00:02, 19.29it/s]
 38%|███▊      | 30/79 [00:01<00:02, 19.19it/s]
 41%|████      | 32/79 [00:01<00:02, 19.16it/s]
 43%|████▎     | 34/79 [00:01<00:02, 18.32it/s]
 46%|████▌     | 36/79 [00:02<00:02, 17.47it/s]
 49%|████▉     | 39/79 [00:02<00:02, 18.82it/s]
 54%|█████▍    | 43/79 [00:02<00:01, 22.33it/s]
 59%|█████▉    | 47/79 [00:02<00:01, 25.75it/s]
 65%|██████▍   | 51/79 [00:02<00:01, 27.87it/s]
 70%|██████▉   | 55/79 [00:02<00:00, 29.39it/s]
 75%|███████▍  | 59/79 [00:02<00:00, 29.70it/s]
 80%|███████▉  | 63/79 [00:02<00:00, 30.48it/s]
 85%|████████▍ | 67/79 [00:03<00:00, 27.27it/s]
 91%|█████████ | 72/79 [00:03<00:00, 29.04it/s]
 96%|█████████▌| 76/79 [00:03<00:00, 27.34it/s]
100%|██████████| 79/79 [00:03<00:00, 22.06it/s]

CommRound: 9/30
Accuracy: 90.25% | Loss: 0.3429
[##################------------------------------------------] 30.0%
Elapsed: 1.7m | Avg/Round: 11.6s | Last: 11.6s | Next: 11.6s | Remaining: 4.1m
ETA: 03:15:30
Recent round times: R1: 11.3s -> R2: 11.4s -> R3: 11.3s -> R4: 11.5s -> R5: 11.6s

  0%|          | 0/79 [00:00<?, ?it/s]
  1%|▏         | 1/79 [00:00<00:10,  7.79it/s]
  6%|▋         | 5/79 [00:00<00:03, 23.10it/s]
 10%|█         | 8/79 [00:00<00:02, 25.22it/s]
 15%|█▌        | 12/79 [00:00<00:02, 27.02it/s]
 20%|██        | 16/79 [00:00<00:02, 28.87it/s]
 24%|██▍       | 19/79 [00:00<00:02, 29.13it/s]
 29%|██▉       | 23/79 [00:00<00:01, 30.17it/s]
 34%|███▍      | 27/79 [00:00<00:01, 30.16it/s]
 39%|███▉      | 31/79 [00:01<00:01, 30.98it/s]
 44%|████▍     | 35/79 [00:01<00:01, 31.66it/s]
 49%|████▉     | 39/79 [00:01<00:01, 31.25it/s]
 54%|█████▍    | 43/79 [00:01<00:01, 27.56it/s]
 58%|█████▊    | 46/79 [00:01<00:01, 26.14it/s]
 62%|██████▏   | 49/79 [00:01<00:01, 22.53it/s]
 67%|██████▋   | 53/79 [00:02<00:01, 22.89it/s]
 71%|███████   | 56/79 [00:02<00:00, 24.01it/s]
 75%|███████▍  | 59/79 [00:02<00:00, 21.26it/s]
 80%|███████▉  | 63/79 [00:02<00:00, 23.73it/s]
 85%|████████▍ | 67/79 [00:02<00:00, 25.83it/s]
 90%|████████▉ | 71/79 [00:02<00:00, 27.49it/s]
 95%|█████████▍| 75/79 [00:02<00:00, 28.51it/s]
100%|██████████| 79/79 [00:02<00:00, 27.05it/s]

CommRound: 10/30
Accuracy: 90.37% | Loss: 0.3406
[####################----------------------------------------] 33.3%
Elapsed: 1.9m | Avg/Round: 11.6s | Last: 10.9s | Next: 11.6s | Remaining: 3.9m
ETA: 03:15:28
Recent round times: R1: 11.4s -> R2: 11.3s -> R3: 11.5s -> R4: 11.6s -> R5: 10.9s

  0%|          | 0/79 [00:00<?, ?it/s]
  1%|▏         | 1/79 [00:00<00:13,  5.97it/s]
  6%|▋         | 5/79 [00:00<00:04, 16.14it/s]
  9%|▉         | 7/79 [00:00<00:04, 16.35it/s]
 11%|█▏        | 9/79 [00:00<00:04, 15.60it/s]
 14%|█▍        | 11/79 [00:00<00:04, 15.54it/s]
 16%|█▋        | 13/79 [00:00<00:04, 15.48it/s]
 19%|█▉        | 15/79 [00:01<00:04, 15.06it/s]
 22%|██▏       | 17/79 [00:01<00:04, 14.82it/s]
 24%|██▍       | 19/79 [00:01<00:04, 14.75it/s]
 27%|██▋       | 21/79 [00:01<00:03, 14.51it/s]
 29%|██▉       | 23/79 [00:01<00:03, 14.53it/s]
 32%|███▏      | 25/79 [00:01<00:03, 15.00it/s]
 37%|███▋      | 29/79 [00:01<00:03, 15.88it/s]
 39%|███▉      | 31/79 [00:02<00:03, 15.39it/s]
 42%|████▏     | 33/79 [00:02<00:03, 15.04it/s]
 44%|████▍     | 35/79 [00:02<00:02, 14.78it/s]
 47%|████▋     | 37/79 [00:02<00:02, 14.61it/s]
 49%|████▉     | 39/79 [00:02<00:02, 14.59it/s]
 52%|█████▏    | 41/79 [00:02<00:03, 12.09it/s]
 57%|█████▋    | 45/79 [00:02<00:01, 17.14it/s]
 62%|██████▏   | 49/79 [00:03<00:01, 19.96it/s]
 66%|██████▌   | 52/79 [00:03<00:01, 21.25it/s]
 70%|██████▉   | 55/79 [00:03<00:01, 17.98it/s]
 72%|███████▏  | 57/79 [00:03<00:01, 18.02it/s]
 77%|███████▋  | 61/79 [00:03<00:00, 18.98it/s]
 80%|███████▉  | 63/79 [00:03<00:00, 18.97it/s]
 85%|████████▍ | 67/79 [00:04<00:00, 18.62it/s]
 87%|████████▋ | 69/79 [00:04<00:00, 17.96it/s]
 90%|████████▉ | 71/79 [00:04<00:00, 17.43it/s]
 92%|█████████▏| 73/79 [00:04<00:00, 12.33it/s]
 99%|█████████▊| 78/79 [00:04<00:00, 18.99it/s]
100%|██████████| 79/79 [00:04<00:00, 16.51it/s]

CommRound: 11/30
Accuracy: 90.40% | Loss: 0.3392
[######################--------------------------------------] 36.7%
Elapsed: 2.1m | Avg/Round: 11.7s | Last: 12.7s | Next: 11.7s | Remaining: 3.7m
ETA: 03:15:31
Recent round times: R1: 11.3s -> R2: 11.5s -> R3: 11.6s -> R4: 10.9s -> R5: 12.7s

  0%|          | 0/79 [00:00<?, ?it/s]
  1%|▏         | 1/79 [00:00<00:10,  7.12it/s]
  4%|▍         | 3/79 [00:00<00:05, 13.17it/s]
  6%|▋         | 5/79 [00:00<00:05, 13.59it/s]
  9%|▉         | 7/79 [00:00<00:05, 13.26it/s]
 11%|█▏        | 9/79 [00:00<00:04, 15.05it/s]
 14%|█▍        | 11/79 [00:00<00:04, 16.16it/s]
 16%|█▋        | 13/79 [00:00<00:03, 16.99it/s]
 19%|█▉        | 15/79 [00:00<00:03, 16.86it/s]
 22%|██▏       | 17/79 [00:01<00:03, 15.88it/s]
 24%|██▍       | 19/79 [00:01<00:04, 12.19it/s]
 30%|███       | 24/79 [00:01<00:02, 18.96it/s]
 34%|███▍      | 27/79 [00:01<00:02, 18.67it/s]
 38%|███▊      | 30/79 [00:01<00:02, 16.37it/s]
 47%|████▋     | 37/79 [00:02<00:01, 25.02it/s]
 52%|█████▏    | 41/79 [00:02<00:01, 26.40it/s]
 57%|█████▋    | 45/79 [00:02<00:01, 27.99it/s]
 62%|██████▏   | 49/79 [00:02<00:01, 29.20it/s]
 67%|██████▋   | 53/79 [00:02<00:01, 23.01it/s]
 71%|███████   | 56/79 [00:02<00:01, 19.73it/s]
 77%|███████▋  | 61/79 [00:03<00:00, 23.83it/s]
 82%|████████▏ | 65/79 [00:03<00:00, 25.46it/s]
 87%|████████▋ | 69/79 [00:03<00:00, 27.02it/s]
 92%|█████████▏| 73/79 [00:03<00:00, 28.29it/s]
 97%|█████████▋| 77/79 [00:03<00:00, 27.31it/s]
100%|██████████| 79/79 [00:03<00:00, 21.88it/s]

CommRound: 12/30
Accuracy: 90.47% | Loss: 0.3380
[########################------------------------------------] 40.0%
Elapsed: 2.3m | Avg/Round: 11.7s | Last: 11.4s | Next: 11.7s | Remaining: 3.5m
ETA: 03:15:30
Recent round times: R1: 11.5s -> R2: 11.6s -> R3: 10.9s -> R4: 12.7s -> R5: 11.4s

  0%|          | 0/79 [00:00<?, ?it/s]
  1%|▏         | 1/79 [00:00<00:11,  7.04it/s]
  6%|▋         | 5/79 [00:00<00:04, 15.49it/s]
  9%|▉         | 7/79 [00:00<00:04, 16.42it/s]
 11%|█▏        | 9/79 [00:00<00:04, 16.43it/s]
 14%|█▍        | 11/79 [00:00<00:03, 17.40it/s]
 16%|█▋        | 13/79 [00:00<00:03, 17.28it/s]
 20%|██        | 16/79 [00:00<00:03, 20.56it/s]
 24%|██▍       | 19/79 [00:01<00:03, 17.37it/s]
 27%|██▋       | 21/79 [00:01<00:03, 16.97it/s]
 29%|██▉       | 23/79 [00:01<00:03, 17.56it/s]
 32%|███▏      | 25/79 [00:01<00:03, 16.86it/s]
 34%|███▍      | 27/79 [00:01<00:03, 16.77it/s]
 37%|███▋      | 29/79 [00:01<00:02, 17.28it/s]
 39%|███▉      | 31/79 [00:01<00:02, 17.45it/s]
 42%|████▏     | 33/79 [00:01<00:02, 16.96it/s]
 44%|████▍     | 35/79 [00:02<00:02, 16.58it/s]
 47%|████▋     | 37/79 [00:02<00:02, 16.26it/s]
 49%|████▉     | 39/79 [00:02<00:02, 15.80it/s]
 52%|█████▏    | 41/79 [00:02<00:02, 15.61it/s]
 57%|█████▋    | 45/79 [00:02<00:01, 20.60it/s]
 61%|██████    | 48/79 [00:02<00:01, 22.46it/s]
 66%|██████▌   | 52/79 [00:02<00:01, 22.77it/s]
 71%|███████   | 56/79 [00:03<00:00, 24.50it/s]
 76%|███████▌  | 60/79 [00:03<00:00, 21.18it/s]
 80%|███████▉  | 63/79 [00:03<00:00, 21.35it/s]
 84%|████████▎ | 66/79 [00:03<00:00, 17.81it/s]
 86%|████████▌ | 68/79 [00:03<00:00, 17.78it/s]
 89%|████████▊ | 70/79 [00:03<00:00, 17.09it/s]
 91%|█████████ | 72/79 [00:04<00:00, 16.64it/s]
 94%|█████████▎| 74/79 [00:04<00:00, 15.95it/s]
 97%|█████████▋| 77/79 [00:04<00:00, 19.05it/s]
100%|██████████| 79/79 [00:04<00:00, 18.23it/s]

CommRound: 13/30
Accuracy: 90.49% | Loss: 0.3372
[##########################----------------------------------] 43.3%
Elapsed: 2.5m | Avg/Round: 11.7s | Last: 12.2s | Next: 11.7s | Remaining: 3.3m
ETA: 03:15:32
Recent round times: R1: 11.6s -> R2: 10.9s -> R3: 12.7s -> R4: 11.4s -> R5: 12.2s

  0%|          | 0/79 [00:00<?, ?it/s]
  1%|▏         | 1/79 [00:00<00:14,  5.48it/s]
  4%|▍         | 3/79 [00:00<00:06, 11.24it/s]
  9%|▉         | 7/79 [00:00<00:03, 18.26it/s]
 11%|█▏        | 9/79 [00:00<00:03, 18.79it/s]
 14%|█▍        | 11/79 [00:00<00:03, 19.16it/s]
 18%|█▊        | 14/79 [00:00<00:03, 17.93it/s]
 20%|██        | 16/79 [00:00<00:03, 17.90it/s]
 23%|██▎       | 18/79 [00:01<00:03, 18.00it/s]
 25%|██▌       | 20/79 [00:01<00:03, 17.81it/s]
 28%|██▊       | 22/79 [00:01<00:03, 18.30it/s]
 30%|███       | 24/79 [00:01<00:02, 18.34it/s]
 35%|███▌      | 28/79 [00:01<00:02, 18.50it/s]
 41%|████      | 32/79 [00:01<00:02, 19.70it/s]
 43%|████▎     | 34/79 [00:01<00:02, 19.75it/s]
 46%|████▌     | 36/79 [00:01<00:02, 19.57it/s]
 48%|████▊     | 38/79 [00:02<00:02, 19.24it/s]
 51%|█████     | 40/79 [00:02<00:03, 11.17it/s]
 53%|█████▎    | 42/79 [00:02<00:04,  8.33it/s]
 56%|█████▌    | 44/79 [00:03<00:03,  9.27it/s]
 58%|█████▊    | 46/79 [00:03<00:03, 10.78it/s]
 63%|██████▎   | 50/79 [00:03<00:01, 15.61it/s]
 67%|██████▋   | 53/79 [00:03<00:01, 17.55it/s]
 71%|███████   | 56/79 [00:03<00:01, 17.57it/s]
 75%|███████▍  | 59/79 [00:03<00:01, 18.87it/s]
 78%|███████▊  | 62/79 [00:03<00:00, 18.31it/s]
 81%|████████  | 64/79 [00:03<00:00, 18.45it/s]
 84%|████████▎ | 66/79 [00:04<00:00, 18.64it/s]
 86%|████████▌ | 68/79 [00:04<00:00, 18.47it/s]
 89%|████████▊ | 70/79 [00:04<00:00, 17.95it/s]
 91%|█████████ | 72/79 [00:04<00:00, 18.35it/s]
 94%|█████████▎| 74/79 [00:04<00:00, 18.53it/s]
 96%|█████████▌| 76/79 [00:04<00:00, 18.32it/s]
100%|██████████| 79/79 [00:04<00:00, 16.72it/s]

CommRound: 14/30
Accuracy: 90.57% | Loss: 0.3363
[############################--------------------------------] 46.7%
Elapsed: 2.7m | Avg/Round: 11.8s | Last: 12.6s | Next: 11.8s | Remaining: 3.1m
ETA: 03:15:34
Recent round times: R1: 10.9s -> R2: 12.7s -> R3: 11.4s -> R4: 12.2s -> R5: 12.6s

  0%|          | 0/79 [00:00<?, ?it/s]
  1%|▏         | 1/79 [00:00<00:10,  7.11it/s]
  8%|▊         | 6/79 [00:00<00:05, 13.18it/s]
 10%|█         | 8/79 [00:00<00:05, 13.09it/s]
 16%|█▋        | 13/79 [00:00<00:03, 21.32it/s]
 20%|██        | 16/79 [00:00<00:02, 21.55it/s]
 24%|██▍       | 19/79 [00:01<00:02, 20.29it/s]
 28%|██▊       | 22/79 [00:01<00:02, 21.02it/s]
 32%|███▏      | 25/79 [00:01<00:02, 20.00it/s]
 35%|███▌      | 28/79 [00:01<00:02, 20.50it/s]
 39%|███▉      | 31/79 [00:01<00:02, 22.21it/s]
 43%|████▎     | 34/79 [00:01<00:01, 22.53it/s]
 48%|████▊     | 38/79 [00:01<00:01, 23.08it/s]
 52%|█████▏    | 41/79 [00:01<00:01, 24.67it/s]
 56%|█████▌    | 44/79 [00:02<00:01, 21.51it/s]
 59%|█████▉    | 47/79 [00:02<00:01, 23.34it/s]
 63%|██████▎   | 50/79 [00:02<00:01, 20.34it/s]
 67%|██████▋   | 53/79 [00:02<00:01, 22.22it/s]
 71%|███████   | 56/79 [00:02<00:01, 19.85it/s]
 75%|███████▍  | 59/79 [00:02<00:00, 21.58it/s]
 78%|███████▊  | 62/79 [00:03<00:00, 19.45it/s]
 84%|████████▎ | 66/79 [00:03<00:00, 20.11it/s]
 89%|████████▊ | 70/79 [00:03<00:00, 20.53it/s]
 92%|█████████▏| 73/79 [00:03<00:00, 22.15it/s]
 96%|█████████▌| 76/79 [00:03<00:00, 20.27it/s]
100%|██████████| 79/79 [00:03<00:00, 20.77it/s]

CommRound: 15/30
Accuracy: 90.62% | Loss: 0.3353
[##############################------------------------------] 50.0%
Elapsed: 2.9m | Avg/Round: 11.8s | Last: 11.6s | Next: 11.8s | Remaining: 2.9m
ETA: 03:15:33
Recent round times: R1: 12.7s -> R2: 11.4s -> R3: 12.2s -> R4: 12.6s -> R5: 11.6s

  0%|          | 0/79 [00:00<?, ?it/s]
  1%|▏         | 1/79 [00:00<00:10,  7.70it/s]
  5%|▌         | 4/79 [00:00<00:04, 17.62it/s]
  9%|▉         | 7/79 [00:00<00:03, 22.51it/s]
 13%|█▎        | 10/79 [00:00<00:03, 19.12it/s]
 16%|█▋        | 13/79 [00:00<00:03, 19.63it/s]
 22%|██▏       | 17/79 [00:00<00:02, 24.86it/s]
 25%|██▌       | 20/79 [00:00<00:02, 21.29it/s]
 29%|██▉       | 23/79 [00:01<00:02, 23.25it/s]
 33%|███▎      | 26/79 [00:01<00:02, 20.05it/s]
 37%|███▋      | 29/79 [00:01<00:02, 21.78it/s]
 41%|████      | 32/79 [00:01<00:02, 19.53it/s]
 44%|████▍     | 35/79 [00:01<00:02, 21.58it/s]
 48%|████▊     | 38/79 [00:01<00:01, 23.24it/s]
 52%|█████▏    | 41/79 [00:02<00:01, 19.15it/s]
 57%|█████▋    | 45/79 [00:02<00:01, 20.65it/s]
 61%|██████    | 48/79 [00:02<00:01, 22.35it/s]
 65%|██████▍   | 51/79 [00:02<00:01, 19.78it/s]
 68%|██████▊   | 54/79 [00:02<00:01, 21.84it/s]
 72%|███████▏  | 57/79 [00:02<00:01, 19.41it/s]
 77%|███████▋  | 61/79 [00:02<00:00, 21.67it/s]
 82%|████████▏ | 65/79 [00:03<00:00, 21.52it/s]
 87%|████████▋ | 69/79 [00:03<00:00, 23.59it/s]
 92%|█████████▏| 73/79 [00:03<00:00, 25.49it/s]
 96%|█████████▌| 76/79 [00:03<00:00, 25.43it/s]
100%|██████████| 79/79 [00:03<00:00, 22.38it/s]

CommRound: 16/30
Accuracy: 90.71% | Loss: 0.3346
[################################----------------------------] 53.3%
Elapsed: 3.1m | Avg/Round: 11.7s | Last: 11.4s | Next: 11.7s | Remaining: 2.7m
ETA: 03:15:33
Recent round times: R1: 11.4s -> R2: 12.2s -> R3: 12.6s -> R4: 11.6s -> R5: 11.4s

  0%|          | 0/79 [00:00<?, ?it/s]
  1%|▏         | 1/79 [00:00<00:14,  5.56it/s]
  5%|▌         | 4/79 [00:00<00:04, 15.39it/s]
  8%|▊         | 6/79 [00:00<00:05, 14.29it/s]
 10%|█         | 8/79 [00:00<00:04, 14.96it/s]
 13%|█▎        | 10/79 [00:00<00:04, 16.22it/s]
 15%|█▌        | 12/79 [00:00<00:03, 17.29it/s]
 18%|█▊        | 14/79 [00:00<00:03, 17.90it/s]
 23%|██▎       | 18/79 [00:01<00:03, 19.31it/s]
 25%|██▌       | 20/79 [00:01<00:03, 19.47it/s]
 28%|██▊       | 22/79 [00:01<00:02, 19.43it/s]
 32%|███▏      | 25/79 [00:01<00:02, 22.27it/s]
 35%|███▌      | 28/79 [00:01<00:02, 21.71it/s]
 39%|███▉      | 31/79 [00:01<00:02, 21.22it/s]
 43%|████▎     | 34/79 [00:01<00:01, 22.82it/s]
 47%|████▋     | 37/79 [00:01<00:02, 20.96it/s]
 51%|█████     | 40/79 [00:02<00:01, 21.93it/s]
 54%|█████▍    | 43/79 [00:02<00:01, 22.51it/s]
 58%|█████▊    | 46/79 [00:02<00:01, 21.50it/s]
 62%|██████▏   | 49/79 [00:02<00:01, 22.11it/s]
 66%|██████▌   | 52/79 [00:02<00:01, 21.10it/s]
 70%|██████▉   | 55/79 [00:02<00:01, 22.31it/s]
 73%|███████▎  | 58/79 [00:02<00:01, 20.98it/s]
 77%|███████▋  | 61/79 [00:03<00:00, 22.55it/s]
 81%|████████  | 64/79 [00:03<00:00, 21.14it/s]
 85%|████████▍ | 67/79 [00:03<00:00, 22.98it/s]
 89%|████████▊ | 70/79 [00:03<00:00, 21.36it/s]
 92%|█████████▏| 73/79 [00:03<00:00, 22.74it/s]
 96%|█████████▌| 76/79 [00:03<00:00, 20.55it/s]
100%|██████████| 79/79 [00:03<00:00, 20.62it/s]

CommRound: 17/30
Accuracy: 90.74% | Loss: 0.3338
[##################################--------------------------] 56.7%
Elapsed: 3.3m | Avg/Round: 11.7s | Last: 11.7s | Next: 11.7s | Remaining: 2.5m
ETA: 03:15:33
Recent round times: R1: 12.2s -> R2: 12.6s -> R3: 11.6s -> R4: 11.4s -> R5: 11.7s

  0%|          | 0/79 [00:00<?, ?it/s]
  1%|▏         | 1/79 [00:00<00:14,  5.38it/s]
  6%|▋         | 5/79 [00:00<00:04, 15.83it/s]
 10%|█         | 8/79 [00:00<00:03, 20.28it/s]
 14%|█▍        | 11/79 [00:00<00:03, 18.31it/s]
 18%|█▊        | 14/79 [00:00<00:03, 21.27it/s]
 22%|██▏       | 17/79 [00:00<00:03, 19.76it/s]
 25%|██▌       | 20/79 [00:01<00:02, 22.17it/s]
 29%|██▉       | 23/79 [00:01<00:02, 19.35it/s]
 34%|███▍      | 27/79 [00:01<00:02, 20.46it/s]
 39%|███▉      | 31/79 [00:01<00:02, 22.47it/s]
 44%|████▍     | 35/79 [00:01<00:01, 24.74it/s]
 49%|████▉     | 39/79 [00:01<00:01, 26.58it/s]
 54%|█████▍    | 43/79 [00:01<00:01, 27.67it/s]
 58%|█████▊    | 46/79 [00:02<00:01, 27.71it/s]
 62%|██████▏   | 49/79 [00:02<00:01, 25.15it/s]
 66%|██████▌   | 52/79 [00:02<00:01, 26.26it/s]
 70%|██████▉   | 55/79 [00:02<00:00, 25.15it/s]
 73%|███████▎  | 58/79 [00:02<00:00, 21.03it/s]
 77%|███████▋  | 61/79 [00:02<00:00, 22.62it/s]
 81%|████████  | 64/79 [00:02<00:00, 20.24it/s]
 85%|████████▍ | 67/79 [00:03<00:00, 22.17it/s]
 89%|████████▊ | 70/79 [00:03<00:00, 20.21it/s]
 92%|█████████▏| 73/79 [00:03<00:00, 21.95it/s]
 96%|█████████▌| 76/79 [00:03<00:00, 19.29it/s]
100%|██████████| 79/79 [00:03<00:00, 21.97it/s]

CommRound: 18/30
Accuracy: 90.78% | Loss: 0.3331
[####################################------------------------] 60.0%
Elapsed: 3.5m | Avg/Round: 11.7s | Last: 11.6s | Next: 11.7s | Remaining: 2.3m
ETA: 03:15:32
Recent round times: R1: 12.6s -> R2: 11.6s -> R3: 11.4s -> R4: 11.7s -> R5: 11.6s

  0%|          | 0/79 [00:00<?, ?it/s]
  1%|▏         | 1/79 [00:00<00:11,  6.64it/s]
  6%|▋         | 5/79 [00:00<00:03, 19.52it/s]
 10%|█         | 8/79 [00:00<00:03, 20.27it/s]
 14%|█▍        | 11/79 [00:00<00:02, 23.29it/s]
 18%|█▊        | 14/79 [00:00<00:03, 19.22it/s]
 23%|██▎       | 18/79 [00:00<00:02, 21.24it/s]
 28%|██▊       | 22/79 [00:01<00:02, 22.63it/s]
 33%|███▎      | 26/79 [00:01<00:02, 25.36it/s]
 37%|███▋      | 29/79 [00:01<00:02, 21.76it/s]
 41%|████      | 32/79 [00:01<00:02, 17.81it/s]
 43%|████▎     | 34/79 [00:01<00:02, 17.40it/s]
 48%|████▊     | 38/79 [00:01<00:01, 20.87it/s]
 53%|█████▎    | 42/79 [00:01<00:01, 23.74it/s]
 58%|█████▊    | 46/79 [00:02<00:01, 25.95it/s]
 62%|██████▏   | 49/79 [00:02<00:01, 26.53it/s]
 67%|██████▋   | 53/79 [00:02<00:00, 27.84it/s]
 72%|███████▏  | 57/79 [00:02<00:00, 29.20it/s]
 77%|███████▋  | 61/79 [00:02<00:00, 30.39it/s]
 82%|████████▏ | 65/79 [00:02<00:00, 31.14it/s]
 87%|████████▋ | 69/79 [00:02<00:00, 31.52it/s]
 92%|█████████▏| 73/79 [00:02<00:00, 32.04it/s]
 97%|█████████▋| 77/79 [00:03<00:00, 32.32it/s]
100%|██████████| 79/79 [00:03<00:00, 25.06it/s]

CommRound: 19/30
Accuracy: 90.79% | Loss: 0.3325
[######################################----------------------] 63.3%
Elapsed: 3.7m | Avg/Round: 11.7s | Last: 11.0s | Next: 11.7s | Remaining: 2.1m
ETA: 03:15:31
Recent round times: R1: 11.6s -> R2: 11.4s -> R3: 11.7s -> R4: 11.6s -> R5: 11.0s

  0%|          | 0/79 [00:00<?, ?it/s]
  1%|▏         | 1/79 [00:00<00:14,  5.21it/s]
  6%|▋         | 5/79 [00:00<00:05, 12.64it/s]
 15%|█▌        | 12/79 [00:00<00:02, 25.80it/s]
 20%|██        | 16/79 [00:00<00:02, 23.69it/s]
 24%|██▍       | 19/79 [00:00<00:02, 22.95it/s]
 29%|██▉       | 23/79 [00:01<00:02, 25.54it/s]
 34%|███▍      | 27/79 [00:01<00:01, 27.01it/s]
 39%|███▉      | 31/79 [00:01<00:01, 24.66it/s]
 47%|████▋     | 37/79 [00:01<00:01, 29.80it/s]
 52%|█████▏    | 41/79 [00:01<00:01, 23.62it/s]
 58%|█████▊    | 46/79 [00:01<00:01, 24.55it/s]
 62%|██████▏   | 49/79 [00:02<00:01, 25.18it/s]
 66%|██████▌   | 52/79 [00:02<00:01, 22.56it/s]
 71%|███████   | 56/79 [00:02<00:00, 25.60it/s]
 75%|███████▍  | 59/79 [00:02<00:00, 26.20it/s]
 78%|███████▊  | 62/79 [00:02<00:00, 25.90it/s]
 82%|████████▏ | 65/79 [00:02<00:00, 24.62it/s]
 87%|████████▋ | 69/79 [00:02<00:00, 26.41it/s]
 92%|█████████▏| 73/79 [00:02<00:00, 28.02it/s]
 97%|█████████▋| 77/79 [00:03<00:00, 28.39it/s]
100%|██████████| 79/79 [00:03<00:00, 25.31it/s]

CommRound: 20/30
Accuracy: 90.84% | Loss: 0.3320
[########################################--------------------] 66.7%
Elapsed: 3.9m | Avg/Round: 11.7s | Last: 10.9s | Next: 11.7s | Remaining: 1.9m
ETA: 03:15:30
Recent round times: R1: 11.4s -> R2: 11.7s -> R3: 11.6s -> R4: 11.0s -> R5: 10.9s

  0%|          | 0/79 [00:00<?, ?it/s]
  1%|▏         | 1/79 [00:00<00:17,  4.52it/s]
  9%|▉         | 7/79 [00:00<00:02, 24.32it/s]
 14%|█▍        | 11/79 [00:00<00:02, 27.19it/s]
 19%|█▉        | 15/79 [00:00<00:02, 28.60it/s]
 24%|██▍       | 19/79 [00:00<00:02, 29.78it/s]
 29%|██▉       | 23/79 [00:00<00:01, 30.64it/s]
 34%|███▍      | 27/79 [00:00<00:01, 30.96it/s]
 39%|███▉      | 31/79 [00:01<00:01, 31.17it/s]
 44%|████▍     | 35/79 [00:01<00:01, 30.89it/s]
 49%|████▉     | 39/79 [00:01<00:01, 30.96it/s]
 54%|█████▍    | 43/79 [00:01<00:01, 24.83it/s]
 59%|█████▉    | 47/79 [00:01<00:01, 26.67it/s]
 65%|██████▍   | 51/79 [00:01<00:00, 28.09it/s]
 68%|██████▊   | 54/79 [00:01<00:00, 26.50it/s]
 73%|███████▎  | 58/79 [00:02<00:00, 28.35it/s]
 78%|███████▊  | 62/79 [00:02<00:00, 29.45it/s]
 84%|████████▎ | 66/79 [00:02<00:00, 30.21it/s]
 89%|████████▊ | 70/79 [00:02<00:00, 30.93it/s]
 94%|█████████▎| 74/79 [00:02<00:00, 31.24it/s]
 99%|█████████▊| 78/79 [00:02<00:00, 32.27it/s]
100%|██████████| 79/79 [00:02<00:00, 28.94it/s]

CommRound: 21/30
Accuracy: 90.88% | Loss: 0.3313
[##########################################------------------] 70.0%
Elapsed: 4.1m | Avg/Round: 11.6s | Last: 10.6s | Next: 11.6s | Remaining: 1.7m
ETA: 03:15:29
Recent round times: R1: 11.7s -> R2: 11.6s -> R3: 11.0s -> R4: 10.9s -> R5: 10.6s

  0%|          | 0/79 [00:00<?, ?it/s]
  1%|▏         | 1/79 [00:00<00:12,  6.08it/s]
  9%|▉         | 7/79 [00:00<00:02, 24.15it/s]
 13%|█▎        | 10/79 [00:00<00:02, 26.04it/s]
 18%|█▊        | 14/79 [00:00<00:02, 28.37it/s]
 22%|██▏       | 17/79 [00:00<00:02, 28.84it/s]
 25%|██▌       | 20/79 [00:00<00:02, 28.62it/s]
 30%|███       | 24/79 [00:00<00:01, 31.35it/s]
 35%|███▌      | 28/79 [00:00<00:01, 31.77it/s]
 41%|████      | 32/79 [00:01<00:01, 31.99it/s]
 46%|████▌     | 36/79 [00:01<00:01, 32.16it/s]
 51%|█████     | 40/79 [00:01<00:01, 24.47it/s]
 57%|█████▋    | 45/79 [00:01<00:01, 29.64it/s]
 62%|██████▏   | 49/79 [00:01<00:00, 31.80it/s]
 70%|██████▉   | 55/79 [00:01<00:00, 34.87it/s]
 76%|███████▌  | 60/79 [00:01<00:00, 37.74it/s]
 81%|████████  | 64/79 [00:02<00:00, 37.46it/s]
 86%|████████▌ | 68/79 [00:02<00:00, 37.74it/s]
 91%|█████████ | 72/79 [00:02<00:00, 37.93it/s]
 97%|█████████▋| 77/79 [00:02<00:00, 39.22it/s]
100%|██████████| 79/79 [00:02<00:00, 32.59it/s]

CommRound: 22/30
Accuracy: 90.90% | Loss: 0.3308
[############################################----------------] 73.3%
Elapsed: 4.2m | Avg/Round: 11.5s | Last: 10.4s | Next: 11.5s | Remaining: 1.5m
ETA: 03:15:27
Recent round times: R1: 11.6s -> R2: 11.0s -> R3: 10.9s -> R4: 10.6s -> R5: 10.4s

  0%|          | 0/79 [00:00<?, ?it/s]
  1%|▏         | 1/79 [00:00<00:09,  8.64it/s]
  6%|▋         | 5/79 [00:00<00:02, 25.04it/s]
 11%|█▏        | 9/79 [00:00<00:02, 29.78it/s]
 16%|█▋        | 13/79 [00:00<00:02, 31.47it/s]
 22%|██▏       | 17/79 [00:00<00:01, 32.07it/s]
 27%|██▋       | 21/79 [00:00<00:01, 33.09it/s]
 32%|███▏      | 25/79 [00:00<00:01, 33.86it/s]
 37%|███▋      | 29/79 [00:00<00:01, 34.43it/s]
 42%|████▏     | 33/79 [00:01<00:01, 35.11it/s]
 47%|████▋     | 37/79 [00:01<00:01, 35.80it/s]
 52%|█████▏    | 41/79 [00:01<00:01, 36.16it/s]
 57%|█████▋    | 45/79 [00:01<00:00, 36.61it/s]
 62%|██████▏   | 49/79 [00:01<00:00, 36.76it/s]
 67%|██████▋   | 53/79 [00:01<00:00, 36.73it/s]
 72%|███████▏  | 57/79 [00:01<00:00, 34.66it/s]
 77%|███████▋  | 61/79 [00:01<00:00, 32.17it/s]
 82%|████████▏ | 65/79 [00:01<00:00, 30.68it/s]
 87%|████████▋ | 69/79 [00:02<00:00, 29.73it/s]
 92%|█████████▏| 73/79 [00:02<00:00, 31.67it/s]
 97%|█████████▋| 77/79 [00:02<00:00, 33.46it/s]
100%|██████████| 79/79 [00:02<00:00, 33.44it/s]

CommRound: 23/30
Accuracy: 90.91% | Loss: 0.3302
[##############################################--------------] 76.7%
Elapsed: 4.4m | Avg/Round: 11.5s | Last: 10.4s | Next: 11.5s | Remaining: 1.3m
ETA: 03:15:25
Recent round times: R1: 11.0s -> R2: 10.9s -> R3: 10.6s -> R4: 10.4s -> R5: 10.4s

  0%|          | 0/79 [00:00<?, ?it/s]
  1%|▏         | 1/79 [00:00<00:10,  7.11it/s]
  8%|▊         | 6/79 [00:00<00:02, 27.72it/s]
 14%|█▍        | 11/79 [00:00<00:02, 30.71it/s]
 19%|█▉        | 15/79 [00:00<00:01, 32.87it/s]
 24%|██▍       | 19/79 [00:00<00:01, 34.34it/s]
 29%|██▉       | 23/79 [00:00<00:01, 33.92it/s]
 34%|███▍      | 27/79 [00:00<00:01, 33.94it/s]
 39%|███▉      | 31/79 [00:00<00:01, 33.90it/s]
 44%|████▍     | 35/79 [00:01<00:01, 34.70it/s]
 49%|████▉     | 39/79 [00:01<00:01, 35.57it/s]
 54%|█████▍    | 43/79 [00:01<00:01, 35.13it/s]
 59%|█████▉    | 47/79 [00:01<00:00, 34.55it/s]
 65%|██████▍   | 51/79 [00:01<00:00, 35.91it/s]
 70%|██████▉   | 55/79 [00:01<00:00, 35.84it/s]
 75%|███████▍  | 59/79 [00:01<00:00, 35.46it/s]
 80%|███████▉  | 63/79 [00:01<00:00, 35.54it/s]
 85%|████████▍ | 67/79 [00:01<00:00, 36.12it/s]
 90%|████████▉ | 71/79 [00:02<00:00, 35.64it/s]
 95%|█████████▍| 75/79 [00:02<00:00, 36.33it/s]
100%|██████████| 79/79 [00:02<00:00, 34.78it/s]

CommRound: 24/30
Accuracy: 90.92% | Loss: 0.3299
[################################################------------] 80.0%
Elapsed: 4.6m | Avg/Round: 11.4s | Last: 10.3s | Next: 11.4s | Remaining: 1.1m
ETA: 03:15:24
Recent round times: R1: 10.9s -> R2: 10.6s -> R3: 10.4s -> R4: 10.4s -> R5: 10.3s

  0%|          | 0/79 [00:00<?, ?it/s]
  1%|▏         | 1/79 [00:00<00:09,  8.08it/s]
  6%|▋         | 5/79 [00:00<00:03, 24.10it/s]
 11%|█▏        | 9/79 [00:00<00:02, 27.85it/s]
 16%|█▋        | 13/79 [00:00<00:02, 27.31it/s]
 22%|██▏       | 17/79 [00:00<00:02, 30.26it/s]
 27%|██▋       | 21/79 [00:00<00:01, 32.50it/s]
 32%|███▏      | 25/79 [00:00<00:01, 34.08it/s]
 37%|███▋      | 29/79 [00:00<00:01, 35.18it/s]
 42%|████▏     | 33/79 [00:01<00:01, 35.87it/s]
 47%|████▋     | 37/79 [00:01<00:01, 36.33it/s]
 52%|█████▏    | 41/79 [00:01<00:01, 36.70it/s]
 57%|█████▋    | 45/79 [00:01<00:00, 37.04it/s]
 62%|██████▏   | 49/79 [00:01<00:00, 37.10it/s]
 67%|██████▋   | 53/79 [00:01<00:00, 36.62it/s]
 72%|███████▏  | 57/79 [00:01<00:00, 36.93it/s]
 77%|███████▋  | 61/79 [00:01<00:00, 36.13it/s]
 82%|████████▏ | 65/79 [00:01<00:00, 35.90it/s]
 87%|████████▋ | 69/79 [00:02<00:00, 34.66it/s]
 92%|█████████▏| 73/79 [00:02<00:00, 35.00it/s]
 97%|█████████▋| 77/79 [00:02<00:00, 34.69it/s]
100%|██████████| 79/79 [00:02<00:00, 34.44it/s]

CommRound: 25/30
Accuracy: 90.93% | Loss: 0.3292
[##################################################----------] 83.3%
Elapsed: 4.7m | Avg/Round: 11.4s | Last: 10.1s | Next: 11.4s | Remaining: 0.9m
ETA: 03:15:22
Recent round times: R1: 10.6s -> R2: 10.4s -> R3: 10.4s -> R4: 10.3s -> R5: 10.1s

  0%|          | 0/79 [00:00<?, ?it/s]
  1%|▏         | 1/79 [00:00<00:09,  8.37it/s]
  9%|▉         | 7/79 [00:00<00:02, 29.36it/s]
 14%|█▍        | 11/79 [00:00<00:02, 32.46it/s]
 19%|█▉        | 15/79 [00:00<00:01, 33.87it/s]
 24%|██▍       | 19/79 [00:00<00:01, 34.71it/s]
 29%|██▉       | 23/79 [00:00<00:01, 35.63it/s]
 34%|███▍      | 27/79 [00:00<00:01, 36.21it/s]
 39%|███▉      | 31/79 [00:00<00:01, 36.62it/s]
 44%|████▍     | 35/79 [00:01<00:01, 36.87it/s]
 49%|████▉     | 39/79 [00:01<00:01, 36.76it/s]
 54%|█████▍    | 43/79 [00:01<00:00, 36.87it/s]
 59%|█████▉    | 47/79 [00:01<00:00, 36.97it/s]
 65%|██████▍   | 51/79 [00:01<00:00, 37.04it/s]
 70%|██████▉   | 55/79 [00:01<00:00, 36.69it/s]
 75%|███████▍  | 59/79 [00:01<00:00, 36.83it/s]
 80%|███████▉  | 63/79 [00:01<00:00, 36.89it/s]
 85%|████████▍ | 67/79 [00:01<00:00, 36.90it/s]
 90%|████████▉ | 71/79 [00:01<00:00, 37.04it/s]
 95%|█████████▍| 75/79 [00:02<00:00, 37.07it/s]
100%|██████████| 79/79 [00:02<00:00, 36.22it/s]

CommRound: 26/30
Accuracy: 90.98% | Loss: 0.3289
[####################################################--------] 86.7%
Elapsed: 4.9m | Avg/Round: 11.3s | Last: 10.0s | Next: 11.3s | Remaining: 0.8m
ETA: 03:15:21
Recent round times: R1: 10.4s -> R2: 10.4s -> R3: 10.3s -> R4: 10.1s -> R5: 10.0s

  0%|          | 0/79 [00:00<?, ?it/s]
  1%|▏         | 1/79 [00:00<00:09,  8.19it/s]
  9%|▉         | 7/79 [00:00<00:02, 28.98it/s]
 14%|█▍        | 11/79 [00:00<00:02, 31.27it/s]
 19%|█▉        | 15/79 [00:00<00:01, 33.18it/s]
 24%|██▍       | 19/79 [00:00<00:01, 34.20it/s]
 29%|██▉       | 23/79 [00:00<00:01, 34.50it/s]
 34%|███▍      | 27/79 [00:00<00:01, 34.00it/s]
 39%|███▉      | 31/79 [00:00<00:01, 33.58it/s]
 44%|████▍     | 35/79 [00:01<00:01, 31.21it/s]
 49%|████▉     | 39/79 [00:01<00:01, 31.83it/s]
 54%|█████▍    | 43/79 [00:01<00:01, 32.22it/s]
 59%|█████▉    | 47/79 [00:01<00:00, 32.36it/s]
 65%|██████▍   | 51/79 [00:01<00:00, 32.25it/s]
 70%|██████▉   | 55/79 [00:01<00:00, 32.38it/s]
 75%|███████▍  | 59/79 [00:01<00:00, 32.50it/s]
 80%|███████▉  | 63/79 [00:01<00:00, 32.59it/s]
 85%|████████▍ | 67/79 [00:02<00:00, 32.82it/s]
 90%|████████▉ | 71/79 [00:02<00:00, 32.84it/s]
 95%|█████████▍| 75/79 [00:02<00:00, 32.37it/s]
100%|██████████| 79/79 [00:02<00:00, 32.76it/s]

CommRound: 27/30
Accuracy: 90.99% | Loss: 0.3284
[######################################################------] 90.0%
Elapsed: 5.1m | Avg/Round: 11.3s | Last: 10.2s | Next: 11.3s | Remaining: 0.6m
ETA: 03:15:20
Recent round times: R1: 10.4s -> R2: 10.3s -> R3: 10.1s -> R4: 10.0s -> R5: 10.2s

  0%|          | 0/79 [00:00<?, ?it/s]
  1%|▏         | 1/79 [00:00<00:08,  9.59it/s]
  8%|▊         | 6/79 [00:00<00:02, 32.70it/s]
 13%|█▎        | 10/79 [00:00<00:02, 34.30it/s]
 18%|█▊        | 14/79 [00:00<00:01, 34.85it/s]
 23%|██▎       | 18/79 [00:00<00:03, 18.64it/s]
 28%|██▊       | 22/79 [00:00<00:02, 22.53it/s]
 33%|███▎      | 26/79 [00:01<00:02, 26.05it/s]
 38%|███▊      | 30/79 [00:01<00:01, 28.90it/s]
 43%|████▎     | 34/79 [00:01<00:01, 31.14it/s]
 48%|████▊     | 38/79 [00:01<00:01, 33.11it/s]
 53%|█████▎    | 42/79 [00:01<00:01, 34.56it/s]
 58%|█████▊    | 46/79 [00:01<00:00, 35.76it/s]
 63%|██████▎   | 50/79 [00:01<00:00, 36.50it/s]
 68%|██████▊   | 54/79 [00:01<00:00, 36.92it/s]
 73%|███████▎  | 58/79 [00:01<00:00, 37.00it/s]
 78%|███████▊  | 62/79 [00:01<00:00, 37.23it/s]
 84%|████████▎ | 66/79 [00:02<00:00, 37.32it/s]
 89%|████████▊ | 70/79 [00:02<00:00, 37.54it/s]
 94%|█████████▎| 74/79 [00:02<00:00, 37.69it/s]
 99%|█████████▊| 78/79 [00:02<00:00, 37.36it/s]
100%|██████████| 79/79 [00:02<00:00, 32.60it/s]

CommRound: 28/30
Accuracy: 90.98% | Loss: 0.3281
[########################################################----] 93.3%
Elapsed: 5.3m | Avg/Round: 11.3s | Last: 10.4s | Next: 11.3s | Remaining: 0.4m
ETA: 03:15:19
Recent round times: R1: 10.3s -> R2: 10.1s -> R3: 10.0s -> R4: 10.2s -> R5: 10.4s

  0%|          | 0/79 [00:00<?, ?it/s]
  1%|▏         | 1/79 [00:00<00:09,  8.47it/s]
  9%|▉         | 7/79 [00:00<00:02, 29.37it/s]
 14%|█▍        | 11/79 [00:00<00:03, 20.65it/s]
 19%|█▉        | 15/79 [00:00<00:02, 24.61it/s]
 24%|██▍       | 19/79 [00:00<00:02, 27.66it/s]
 29%|██▉       | 23/79 [00:00<00:01, 29.83it/s]
 34%|███▍      | 27/79 [00:00<00:01, 30.44it/s]
 39%|███▉      | 31/79 [00:01<00:01, 30.94it/s]
 44%|████▍     | 35/79 [00:01<00:01, 31.17it/s]
 49%|████▉     | 39/79 [00:01<00:01, 31.38it/s]
 54%|█████▍    | 43/79 [00:01<00:01, 31.86it/s]
 59%|█████▉    | 47/79 [00:01<00:01, 31.96it/s]
 65%|██████▍   | 51/79 [00:01<00:00, 31.88it/s]
 70%|██████▉   | 55/79 [00:01<00:00, 33.10it/s]
 75%|███████▍  | 59/79 [00:01<00:00, 34.22it/s]
 80%|███████▉  | 63/79 [00:02<00:00, 34.76it/s]
 85%|████████▍ | 67/79 [00:02<00:00, 34.18it/s]
 90%|████████▉ | 71/79 [00:02<00:00, 33.08it/s]
 95%|█████████▍| 75/79 [00:02<00:00, 32.41it/s]
100%|██████████| 79/79 [00:02<00:00, 31.14it/s]

CommRound: 29/30
Accuracy: 91.01% | Loss: 0.3277
[##########################################################--] 96.7%
Elapsed: 5.4m | Avg/Round: 11.2s | Last: 10.4s | Next: 11.2s | Remaining: 0.2m
ETA: 03:15:18
Recent round times: R1: 10.1s -> R2: 10.0s -> R3: 10.2s -> R4: 10.4s -> R5: 10.4s

  0%|          | 0/79 [00:00<?, ?it/s]
  1%|▏         | 1/79 [00:00<00:08,  8.87it/s]
  6%|▋         | 5/79 [00:00<00:02, 26.17it/s]
 10%|█         | 8/79 [00:00<00:03, 18.11it/s]
 15%|█▌        | 12/79 [00:00<00:02, 23.85it/s]
 19%|█▉        | 15/79 [00:00<00:02, 25.53it/s]
 24%|██▍       | 19/79 [00:00<00:02, 28.72it/s]
 29%|██▉       | 23/79 [00:00<00:01, 31.06it/s]
 34%|███▍      | 27/79 [00:00<00:01, 32.57it/s]
 39%|███▉      | 31/79 [00:01<00:01, 33.60it/s]
 44%|████▍     | 35/79 [00:01<00:01, 34.27it/s]
 49%|████▉     | 39/79 [00:01<00:01, 34.86it/s]
 54%|█████▍    | 43/79 [00:01<00:01, 35.17it/s]
 59%|█████▉    | 47/79 [00:01<00:00, 35.46it/s]
 65%|██████▍   | 51/79 [00:01<00:00, 35.40it/s]
 70%|██████▉   | 55/79 [00:01<00:00, 35.70it/s]
 75%|███████▍  | 59/79 [00:01<00:00, 35.84it/s]
 80%|███████▉  | 63/79 [00:01<00:00, 35.99it/s]
 85%|████████▍ | 67/79 [00:02<00:00, 36.02it/s]
 90%|████████▉ | 71/79 [00:02<00:00, 36.03it/s]
 95%|█████████▍| 75/79 [00:02<00:00, 30.73it/s]
100%|██████████| 79/79 [00:02<00:00, 31.81it/s]

CommRound: 30/30
Accuracy: 91.02% | Loss: 0.3272
[############################################################] 100.0%
Elapsed: 5.6m | Avg/Round: 11.2s | Last: 10.5s | Next: 11.2s | Remaining: 0.0m
ETA: 03:15:17
Recent round times: R1: 10.0s -> R2: 10.2s -> R3: 10.4s -> R4: 10.4s -> R5: 10.5s
Total time for experiment: 336.27667260169983 seconds
Device average training time per communication round [s]:
    rpi (sld-rpi-09.ece.utexas.edu): 4.91 seconds
    mc1 (sld-mc1-09.ece.utexas.edu): 3.12 seconds
