Connecting to sld-rpi-09.ece.utexas.edu...
Successfully fetched dev0_pow_temp_log_exp161_run1.csv.
Connecting to sld-rpi-09.ece.utexas.edu...
Successfully fetched dev0_communication_log_exp161_run1.csv.
Connecting to sld-mc1-09.ece.utexas.edu...
Successfully fetched dev1_pow_temp_log_exp161_run1.csv.
Connecting to sld-mc1-09.ece.utexas.edu...
Successfully fetched dev1_communication_log_exp161_run1.csv.

Exp161
Experiment 161: 
	Global test accuracy [%]: 89.39 %
	No round found where all subsequent rounds have accuracy >= 90.00%.
	Average time per communication round [s]: 74.19 seconds
	Total wall clock time [s]: 1,417.65 seconds


Experiment 161:
	RPi avg. energy consumption per round [J]: 42.18 Joules
	MC1 avg. energy consumption per round [J]: 527.29 Joules
	Total avg. energy consumption per communication round [J]: 569.47 Joules
	Avg. amount of communicated data per communication round [MB]: 0.22 MB
	RPi avg. power consumption per round [W]: 5.38 Watts
	MC1 avg. power consumption per round [W]: 7.39 Watts
