
  0%|          | 0/79 [00:00<?, ?it/s]
  1%|▏         | 1/79 [00:00<00:07,  9.82it/s]
  6%|▋         | 5/79 [00:00<00:02, 25.90it/s]
 11%|█▏        | 9/79 [00:00<00:02, 29.94it/s]
 16%|█▋        | 13/79 [00:00<00:02, 31.82it/s]
 22%|██▏       | 17/79 [00:00<00:01, 32.92it/s]
 27%|██▋       | 21/79 [00:00<00:01, 33.63it/s]
 32%|███▏      | 25/79 [00:00<00:01, 34.19it/s]
 37%|███▋      | 29/79 [00:00<00:01, 34.24it/s]
 42%|████▏     | 33/79 [00:01<00:01, 34.46it/s]
 47%|████▋     | 37/79 [00:01<00:01, 34.98it/s]
 52%|█████▏    | 41/79 [00:01<00:01, 35.10it/s]
 57%|█████▋    | 45/79 [00:01<00:00, 34.73it/s]
 62%|██████▏   | 49/79 [00:01<00:00, 33.05it/s]
 67%|██████▋   | 53/79 [00:01<00:00, 32.32it/s]
 72%|███████▏  | 57/79 [00:01<00:00, 31.85it/s]
 77%|███████▋  | 61/79 [00:01<00:00, 31.39it/s]
 82%|████████▏ | 65/79 [00:02<00:00, 30.86it/s]
 87%|████████▋ | 69/79 [00:02<00:00, 31.37it/s]
 92%|█████████▏| 73/79 [00:02<00:00, 32.82it/s]
 97%|█████████▋| 77/79 [00:02<00:00, 33.83it/s]
100%|██████████| 79/79 [00:02<00:00, 33.03it/s]
Initial Accuracy: 10.81%; Initial Loss: 2.3021

  0%|          | 0/79 [00:00<?, ?it/s]
  1%|▏         | 1/79 [00:00<00:10,  7.70it/s]
  6%|▋         | 5/79 [00:00<00:03, 19.36it/s]
 11%|█▏        | 9/79 [00:00<00:02, 23.46it/s]
 16%|█▋        | 13/79 [00:00<00:02, 24.48it/s]
 22%|██▏       | 17/79 [00:00<00:02, 25.49it/s]
 27%|██▋       | 21/79 [00:00<00:02, 26.19it/s]
 32%|███▏      | 25/79 [00:01<00:02, 26.27it/s]
 37%|███▋      | 29/79 [00:01<00:01, 27.47it/s]
 42%|████▏     | 33/79 [00:01<00:01, 29.70it/s]
 47%|████▋     | 37/79 [00:01<00:01, 31.42it/s]
 52%|█████▏    | 41/79 [00:01<00:01, 32.64it/s]
 57%|█████▋    | 45/79 [00:01<00:01, 33.62it/s]
 62%|██████▏   | 49/79 [00:01<00:00, 33.47it/s]
 67%|██████▋   | 53/79 [00:01<00:00, 34.30it/s]
 72%|███████▏  | 57/79 [00:02<00:00, 27.79it/s]
 76%|███████▌  | 60/79 [00:02<00:00, 27.38it/s]
 81%|████████  | 64/79 [00:02<00:00, 29.03it/s]
 86%|████████▌ | 68/79 [00:02<00:00, 30.40it/s]
 91%|█████████ | 72/79 [00:02<00:00, 31.51it/s]
 96%|█████████▌| 76/79 [00:02<00:00, 31.56it/s]
100%|██████████| 79/79 [00:02<00:00, 29.15it/s]

CommRound: 1/30
Accuracy: 20.84% | Loss: 2.7614
[##----------------------------------------------------------] 3.3%
Elapsed: 0.2m | Avg/Round: 12.2s | Last: 9.8s | Next: 12.2s | Remaining: 5.9m
ETA: 21:23:30
Recent round times: R1: 9.8s

  0%|          | 0/79 [00:00<?, ?it/s]
  1%|▏         | 1/79 [00:00<00:10,  7.22it/s]
  6%|▋         | 5/79 [00:00<00:03, 19.63it/s]
 11%|█▏        | 9/79 [00:00<00:03, 22.69it/s]
 15%|█▌        | 12/79 [00:00<00:02, 23.23it/s]
 19%|█▉        | 15/79 [00:00<00:02, 24.61it/s]
 24%|██▍       | 19/79 [00:00<00:02, 27.51it/s]
 29%|██▉       | 23/79 [00:00<00:01, 29.47it/s]
 34%|███▍      | 27/79 [00:01<00:01, 30.77it/s]
 39%|███▉      | 31/79 [00:01<00:01, 31.45it/s]
 44%|████▍     | 35/79 [00:01<00:01, 31.55it/s]
 49%|████▉     | 39/79 [00:01<00:01, 32.38it/s]
 54%|█████▍    | 43/79 [00:01<00:01, 32.21it/s]
 59%|█████▉    | 47/79 [00:01<00:00, 33.52it/s]
 65%|██████▍   | 51/79 [00:01<00:00, 33.78it/s]
 70%|██████▉   | 55/79 [00:01<00:00, 33.98it/s]
 75%|███████▍  | 59/79 [00:01<00:00, 33.49it/s]
 80%|███████▉  | 63/79 [00:02<00:00, 32.13it/s]
 85%|████████▍ | 67/79 [00:02<00:00, 33.01it/s]
 90%|████████▉ | 71/79 [00:02<00:00, 33.70it/s]
 95%|█████████▍| 75/79 [00:02<00:00, 34.26it/s]
100%|██████████| 79/79 [00:02<00:00, 31.00it/s]

CommRound: 2/30
Accuracy: 52.20% | Loss: 1.4101
[####--------------------------------------------------------] 6.7%
Elapsed: 0.4m | Avg/Round: 11.0s | Last: 9.8s | Next: 11.0s | Remaining: 5.1m
ETA: 21:22:55
Recent round times: R1: 9.8s -> R2: 9.8s

  0%|          | 0/79 [00:00<?, ?it/s]
  1%|▏         | 1/79 [00:00<00:12,  6.26it/s]
  6%|▋         | 5/79 [00:00<00:03, 18.88it/s]
 11%|█▏        | 9/79 [00:00<00:03, 22.65it/s]
 16%|█▋        | 13/79 [00:00<00:02, 24.20it/s]
 22%|██▏       | 17/79 [00:00<00:02, 24.55it/s]
 27%|██▋       | 21/79 [00:00<00:02, 27.95it/s]
 32%|███▏      | 25/79 [00:00<00:01, 29.01it/s]
 37%|███▋      | 29/79 [00:01<00:01, 28.34it/s]
 42%|████▏     | 33/79 [00:01<00:01, 27.87it/s]
 47%|████▋     | 37/79 [00:01<00:01, 27.80it/s]
 52%|█████▏    | 41/79 [00:01<00:01, 27.56it/s]
 57%|█████▋    | 45/79 [00:01<00:01, 27.07it/s]
 62%|██████▏   | 49/79 [00:01<00:01, 26.71it/s]
 67%|██████▋   | 53/79 [00:02<00:00, 26.89it/s]
 72%|███████▏  | 57/79 [00:02<00:00, 26.79it/s]
 77%|███████▋  | 61/79 [00:02<00:00, 26.78it/s]
 82%|████████▏ | 65/79 [00:02<00:00, 27.59it/s]
 87%|████████▋ | 69/79 [00:02<00:00, 29.37it/s]
 92%|█████████▏| 73/79 [00:02<00:00, 30.36it/s]
 97%|█████████▋| 77/79 [00:02<00:00, 32.07it/s]
100%|██████████| 79/79 [00:02<00:00, 27.78it/s]

CommRound: 3/30
Accuracy: 75.02% | Loss: 0.7484
[######------------------------------------------------------] 10.0%
Elapsed: 0.5m | Avg/Round: 10.7s | Last: 10.1s | Next: 10.7s | Remaining: 4.8m
ETA: 21:22:46
Recent round times: R1: 9.8s -> R2: 9.8s -> R3: 10.1s

  0%|          | 0/79 [00:00<?, ?it/s]
  1%|▏         | 1/79 [00:00<00:13,  5.83it/s]
  6%|▋         | 5/79 [00:00<00:03, 21.02it/s]
 11%|█▏        | 9/79 [00:00<00:02, 26.59it/s]
 16%|█▋        | 13/79 [00:00<00:02, 29.64it/s]
 22%|██▏       | 17/79 [00:00<00:01, 31.44it/s]
 27%|██▋       | 21/79 [00:00<00:01, 32.63it/s]
 32%|███▏      | 25/79 [00:00<00:01, 33.61it/s]
 37%|███▋      | 29/79 [00:00<00:01, 33.58it/s]
 42%|████▏     | 33/79 [00:01<00:01, 34.07it/s]
 47%|████▋     | 37/79 [00:01<00:01, 34.46it/s]
 52%|█████▏    | 41/79 [00:01<00:01, 34.82it/s]
 57%|█████▋    | 45/79 [00:01<00:00, 35.15it/s]
 62%|██████▏   | 49/79 [00:01<00:00, 33.73it/s]
 67%|██████▋   | 53/79 [00:01<00:00, 34.34it/s]
 72%|███████▏  | 57/79 [00:01<00:00, 32.99it/s]
 77%|███████▋  | 61/79 [00:01<00:00, 30.97it/s]
 82%|████████▏ | 65/79 [00:02<00:00, 29.75it/s]
 87%|████████▋ | 69/79 [00:02<00:00, 31.02it/s]
 92%|█████████▏| 73/79 [00:02<00:00, 30.54it/s]
 97%|█████████▋| 77/79 [00:02<00:00, 31.78it/s]
100%|██████████| 79/79 [00:02<00:00, 31.82it/s]

CommRound: 4/30
Accuracy: 80.10% | Loss: 0.6200
[########----------------------------------------------------] 13.3%
Elapsed: 0.7m | Avg/Round: 10.5s | Last: 9.9s | Next: 10.5s | Remaining: 4.6m
ETA: 21:22:40
Recent round times: R1: 9.8s -> R2: 9.8s -> R3: 10.1s -> R4: 9.9s

  0%|          | 0/79 [00:00<?, ?it/s]
  1%|▏         | 1/79 [00:00<00:11,  6.64it/s]
  6%|▋         | 5/79 [00:00<00:03, 22.29it/s]
 11%|█▏        | 9/79 [00:00<00:02, 28.07it/s]
 16%|█▋        | 13/79 [00:00<00:02, 30.92it/s]
 22%|██▏       | 17/79 [00:00<00:01, 32.24it/s]
 27%|██▋       | 21/79 [00:00<00:01, 31.49it/s]
 32%|███▏      | 25/79 [00:00<00:01, 31.24it/s]
 37%|███▋      | 29/79 [00:00<00:01, 30.88it/s]
 42%|████▏     | 33/79 [00:01<00:01, 32.12it/s]
 47%|████▋     | 37/79 [00:01<00:01, 31.88it/s]
 52%|█████▏    | 41/79 [00:01<00:01, 32.92it/s]
 57%|█████▋    | 45/79 [00:01<00:01, 32.23it/s]
 62%|██████▏   | 49/79 [00:01<00:00, 32.41it/s]
 67%|██████▋   | 53/79 [00:01<00:00, 33.69it/s]
 72%|███████▏  | 57/79 [00:01<00:00, 34.41it/s]
 77%|███████▋  | 61/79 [00:01<00:00, 34.86it/s]
 82%|████████▏ | 65/79 [00:02<00:00, 35.23it/s]
 87%|████████▋ | 69/79 [00:02<00:00, 34.96it/s]
 92%|█████████▏| 73/79 [00:02<00:00, 34.42it/s]
 97%|█████████▋| 77/79 [00:02<00:00, 33.77it/s]
100%|██████████| 79/79 [00:02<00:00, 31.93it/s]

CommRound: 5/30
Accuracy: 79.74% | Loss: 0.6421
[##########--------------------------------------------------] 16.7%
Elapsed: 0.9m | Avg/Round: 10.4s | Last: 9.8s | Next: 10.4s | Remaining: 4.3m
ETA: 21:22:35
Recent round times: R1: 9.8s -> R2: 9.8s -> R3: 10.1s -> R4: 9.9s -> R5: 9.8s

  0%|          | 0/79 [00:00<?, ?it/s]
  3%|▎         | 2/79 [00:00<00:04, 18.64it/s]
  9%|▉         | 7/79 [00:00<00:02, 31.04it/s]
 15%|█▌        | 12/79 [00:00<00:01, 36.79it/s]
 20%|██        | 16/79 [00:00<00:01, 37.76it/s]
 27%|██▋       | 21/79 [00:00<00:01, 40.26it/s]
 33%|███▎      | 26/79 [00:00<00:01, 38.45it/s]
 39%|███▉      | 31/79 [00:00<00:01, 41.51it/s]
 46%|████▌     | 36/79 [00:00<00:01, 39.33it/s]
 53%|█████▎    | 42/79 [00:01<00:00, 39.79it/s]
 59%|█████▉    | 47/79 [00:01<00:00, 42.32it/s]
 66%|██████▌   | 52/79 [00:01<00:00, 39.62it/s]
 72%|███████▏  | 57/79 [00:01<00:00, 41.67it/s]
 78%|███████▊  | 62/79 [00:01<00:00, 39.57it/s]
 85%|████████▍ | 67/79 [00:01<00:00, 42.21it/s]
 91%|█████████ | 72/79 [00:01<00:00, 40.08it/s]
 97%|█████████▋| 77/79 [00:01<00:00, 42.59it/s]
100%|██████████| 79/79 [00:01<00:00, 39.76it/s]

CommRound: 6/30
Accuracy: 85.88% | Loss: 0.4779
[############------------------------------------------------] 20.0%
Elapsed: 1.0m | Avg/Round: 10.2s | Last: 9.3s | Next: 10.2s | Remaining: 4.1m
ETA: 21:22:30
Recent round times: R1: 9.8s -> R2: 10.1s -> R3: 9.9s -> R4: 9.8s -> R5: 9.3s

  0%|          | 0/79 [00:00<?, ?it/s]
  1%|▏         | 1/79 [00:00<00:15,  5.02it/s]
  6%|▋         | 5/79 [00:00<00:03, 18.95it/s]
 10%|█         | 8/79 [00:00<00:03, 21.70it/s]
 14%|█▍        | 11/79 [00:00<00:03, 20.13it/s]
 18%|█▊        | 14/79 [00:00<00:03, 19.59it/s]
 22%|██▏       | 17/79 [00:00<00:03, 20.40it/s]
 25%|██▌       | 20/79 [00:01<00:03, 17.11it/s]
 30%|███       | 24/79 [00:01<00:02, 20.69it/s]
 34%|███▍      | 27/79 [00:01<00:02, 21.07it/s]
 38%|███▊      | 30/79 [00:01<00:02, 19.85it/s]
 42%|████▏     | 33/79 [00:01<00:02, 18.04it/s]
 44%|████▍     | 35/79 [00:01<00:02, 17.14it/s]
 48%|████▊     | 38/79 [00:02<00:02, 18.61it/s]
 52%|█████▏    | 41/79 [00:02<00:02, 17.48it/s]
 57%|█████▋    | 45/79 [00:02<00:01, 20.34it/s]
 61%|██████    | 48/79 [00:02<00:01, 21.96it/s]
 65%|██████▍   | 51/79 [00:02<00:01, 21.93it/s]
 70%|██████▉   | 55/79 [00:02<00:01, 23.60it/s]
 75%|███████▍  | 59/79 [00:02<00:00, 24.60it/s]
 80%|███████▉  | 63/79 [00:03<00:00, 25.41it/s]
 85%|████████▍ | 67/79 [00:03<00:00, 25.39it/s]
 89%|████████▊ | 70/79 [00:03<00:00, 26.37it/s]
 92%|█████████▏| 73/79 [00:03<00:00, 26.11it/s]
 97%|█████████▋| 77/79 [00:03<00:00, 26.62it/s]
100%|██████████| 79/79 [00:03<00:00, 21.89it/s]

CommRound: 7/30
Accuracy: 84.91% | Loss: 0.5158
[##############----------------------------------------------] 23.3%
Elapsed: 1.2m | Avg/Round: 10.3s | Last: 10.9s | Next: 10.3s | Remaining: 3.9m
ETA: 21:22:33
Recent round times: R1: 10.1s -> R2: 9.9s -> R3: 9.8s -> R4: 9.3s -> R5: 10.9s

  0%|          | 0/79 [00:00<?, ?it/s]
  1%|▏         | 1/79 [00:00<00:12,  6.20it/s]
  6%|▋         | 5/79 [00:00<00:04, 16.42it/s]
 11%|█▏        | 9/79 [00:00<00:03, 20.04it/s]
 16%|█▋        | 13/79 [00:00<00:03, 21.97it/s]
 22%|██▏       | 17/79 [00:00<00:02, 23.17it/s]
 27%|██▋       | 21/79 [00:00<00:02, 23.90it/s]
 32%|███▏      | 25/79 [00:01<00:02, 24.04it/s]
 37%|███▋      | 29/79 [00:01<00:02, 24.18it/s]
 42%|████▏     | 33/79 [00:01<00:01, 24.57it/s]
 47%|████▋     | 37/79 [00:01<00:01, 24.88it/s]
 52%|█████▏    | 41/79 [00:01<00:01, 25.12it/s]
 57%|█████▋    | 45/79 [00:01<00:01, 24.80it/s]
 62%|██████▏   | 49/79 [00:02<00:01, 26.14it/s]
 66%|██████▌   | 52/79 [00:02<00:01, 24.26it/s]
 71%|███████   | 56/79 [00:02<00:00, 24.21it/s]
 76%|███████▌  | 60/79 [00:02<00:00, 24.30it/s]
 81%|████████  | 64/79 [00:02<00:00, 24.54it/s]
 86%|████████▌ | 68/79 [00:02<00:00, 24.28it/s]
 90%|████████▉ | 71/79 [00:02<00:00, 25.35it/s]
 94%|█████████▎| 74/79 [00:03<00:00, 23.97it/s]
 99%|█████████▊| 78/79 [00:03<00:00, 25.62it/s]
100%|██████████| 79/79 [00:03<00:00, 24.03it/s]

CommRound: 8/30
Accuracy: 83.66% | Loss: 0.5193
[################--------------------------------------------] 26.7%
Elapsed: 1.4m | Avg/Round: 10.3s | Last: 10.7s | Next: 10.3s | Remaining: 3.8m
ETA: 21:22:35
Recent round times: R1: 9.9s -> R2: 9.8s -> R3: 9.3s -> R4: 10.9s -> R5: 10.7s

  0%|          | 0/79 [00:00<?, ?it/s]
  1%|▏         | 1/79 [00:00<00:11,  6.89it/s]
  5%|▌         | 4/79 [00:00<00:04, 16.76it/s]
  9%|▉         | 7/79 [00:00<00:03, 21.02it/s]
 13%|█▎        | 10/79 [00:00<00:03, 21.12it/s]
 16%|█▋        | 13/79 [00:00<00:02, 23.50it/s]
 20%|██        | 16/79 [00:00<00:02, 22.54it/s]
 24%|██▍       | 19/79 [00:00<00:02, 24.53it/s]
 28%|██▊       | 22/79 [00:00<00:02, 24.66it/s]
 32%|███▏      | 25/79 [00:01<00:02, 22.85it/s]
 37%|███▋      | 29/79 [00:01<00:02, 23.23it/s]
 42%|████▏     | 33/79 [00:01<00:01, 24.48it/s]
 46%|████▌     | 36/79 [00:01<00:01, 23.86it/s]
 51%|█████     | 40/79 [00:01<00:01, 24.01it/s]
 56%|█████▌    | 44/79 [00:01<00:01, 24.12it/s]
 59%|█████▉    | 47/79 [00:02<00:01, 25.36it/s]
 63%|██████▎   | 50/79 [00:02<00:01, 25.67it/s]
 67%|██████▋   | 53/79 [00:02<00:01, 25.24it/s]
 73%|███████▎  | 58/79 [00:02<00:00, 28.57it/s]
 78%|███████▊  | 62/79 [00:02<00:00, 29.75it/s]
 84%|████████▎ | 66/79 [00:02<00:00, 29.64it/s]
 89%|████████▊ | 70/79 [00:02<00:00, 30.36it/s]
 94%|█████████▎| 74/79 [00:02<00:00, 29.60it/s]
 97%|█████████▋| 77/79 [00:03<00:00, 29.68it/s]
100%|██████████| 79/79 [00:03<00:00, 25.70it/s]

CommRound: 9/30
Accuracy: 84.86% | Loss: 0.4882
[##################------------------------------------------] 30.0%
Elapsed: 1.6m | Avg/Round: 10.4s | Last: 10.6s | Next: 10.4s | Remaining: 3.6m
ETA: 21:22:35
Recent round times: R1: 9.8s -> R2: 9.3s -> R3: 10.9s -> R4: 10.7s -> R5: 10.6s

  0%|          | 0/79 [00:00<?, ?it/s]
  1%|▏         | 1/79 [00:00<00:14,  5.56it/s]
  6%|▋         | 5/79 [00:00<00:03, 19.88it/s]
 11%|█▏        | 9/79 [00:00<00:02, 24.11it/s]
 15%|█▌        | 12/79 [00:00<00:03, 21.99it/s]
 19%|█▉        | 15/79 [00:00<00:02, 22.83it/s]
 23%|██▎       | 18/79 [00:00<00:02, 22.88it/s]
 27%|██▋       | 21/79 [00:01<00:03, 18.49it/s]
 33%|███▎      | 26/79 [00:01<00:02, 21.42it/s]
 38%|███▊      | 30/79 [00:01<00:02, 20.33it/s]
 43%|████▎     | 34/79 [00:01<00:01, 23.13it/s]
 48%|████▊     | 38/79 [00:01<00:01, 25.63it/s]
 53%|█████▎    | 42/79 [00:01<00:01, 27.00it/s]
 58%|█████▊    | 46/79 [00:02<00:01, 26.22it/s]
 62%|██████▏   | 49/79 [00:02<00:01, 26.95it/s]
 66%|██████▌   | 52/79 [00:02<00:01, 23.68it/s]
 70%|██████▉   | 55/79 [00:02<00:01, 21.10it/s]
 73%|███████▎  | 58/79 [00:02<00:01, 20.88it/s]
 77%|███████▋  | 61/79 [00:02<00:00, 19.98it/s]
 81%|████████  | 64/79 [00:02<00:00, 19.52it/s]
 84%|████████▎ | 66/79 [00:03<00:00, 19.02it/s]
 86%|████████▌ | 68/79 [00:03<00:00, 18.69it/s]
 89%|████████▊ | 70/79 [00:03<00:00, 18.36it/s]
 91%|█████████ | 72/79 [00:03<00:00, 18.11it/s]
 94%|█████████▎| 74/79 [00:03<00:00, 17.93it/s]
 96%|█████████▌| 76/79 [00:03<00:00, 17.62it/s]
 99%|█████████▊| 78/79 [00:03<00:00, 18.22it/s]
100%|██████████| 79/79 [00:03<00:00, 21.06it/s]

CommRound: 10/30
Accuracy: 84.85% | Loss: 0.5623
[####################----------------------------------------] 33.3%
Elapsed: 1.7m | Avg/Round: 10.4s | Last: 11.1s | Next: 10.4s | Remaining: 3.5m
ETA: 21:22:37
Recent round times: R1: 9.3s -> R2: 10.9s -> R3: 10.7s -> R4: 10.6s -> R5: 11.1s

  0%|          | 0/79 [00:00<?, ?it/s]
  1%|▏         | 1/79 [00:00<00:21,  3.63it/s]
  4%|▍         | 3/79 [00:00<00:11,  6.83it/s]
 10%|█         | 8/79 [00:00<00:05, 14.02it/s]
 13%|█▎        | 10/79 [00:00<00:05, 13.54it/s]
 16%|█▋        | 13/79 [00:00<00:04, 16.13it/s]
 19%|█▉        | 15/79 [00:01<00:03, 16.53it/s]
 24%|██▍       | 19/79 [00:01<00:03, 18.09it/s]
 29%|██▉       | 23/79 [00:01<00:03, 16.83it/s]
 35%|███▌      | 28/79 [00:01<00:02, 22.30it/s]
 39%|███▉      | 31/79 [00:01<00:02, 22.50it/s]
 43%|████▎     | 34/79 [00:02<00:02, 16.36it/s]
 48%|████▊     | 38/79 [00:02<00:02, 19.50it/s]
 52%|█████▏    | 41/79 [00:02<00:01, 19.79it/s]
 56%|█████▌    | 44/79 [00:02<00:01, 18.18it/s]
 59%|█████▉    | 47/79 [00:02<00:01, 18.98it/s]
 63%|██████▎   | 50/79 [00:02<00:01, 17.05it/s]
 66%|██████▌   | 52/79 [00:03<00:01, 16.57it/s]
 68%|██████▊   | 54/79 [00:03<00:01, 16.21it/s]
 73%|███████▎  | 58/79 [00:03<00:01, 17.10it/s]
 76%|███████▌  | 60/79 [00:03<00:01, 16.87it/s]
 78%|███████▊  | 62/79 [00:03<00:01, 16.93it/s]
 81%|████████  | 64/79 [00:03<00:00, 17.19it/s]
 84%|████████▎ | 66/79 [00:03<00:00, 17.65it/s]
 86%|████████▌ | 68/79 [00:04<00:00, 17.72it/s]
 89%|████████▊ | 70/79 [00:04<00:00, 17.17it/s]
 91%|█████████ | 72/79 [00:04<00:00, 17.57it/s]
 94%|█████████▎| 74/79 [00:04<00:00, 17.74it/s]
 97%|█████████▋| 77/79 [00:04<00:00, 20.97it/s]
100%|██████████| 79/79 [00:04<00:00, 17.42it/s]

CommRound: 11/30
Accuracy: 87.99% | Loss: 0.5150
[######################--------------------------------------] 36.7%
Elapsed: 1.9m | Avg/Round: 10.6s | Last: 12.1s | Next: 10.6s | Remaining: 3.4m
ETA: 21:22:42
Recent round times: R1: 10.9s -> R2: 10.7s -> R3: 10.6s -> R4: 11.1s -> R5: 12.1s

  0%|          | 0/79 [00:00<?, ?it/s]
  1%|▏         | 1/79 [00:00<00:12,  6.08it/s]
  5%|▌         | 4/79 [00:00<00:04, 16.39it/s]
  9%|▉         | 7/79 [00:00<00:03, 20.15it/s]
 13%|█▎        | 10/79 [00:00<00:03, 19.15it/s]
 16%|█▋        | 13/79 [00:00<00:03, 20.28it/s]
 20%|██        | 16/79 [00:00<00:03, 16.89it/s]
 25%|██▌       | 20/79 [00:01<00:03, 18.33it/s]
 28%|██▊       | 22/79 [00:01<00:03, 18.15it/s]
 30%|███       | 24/79 [00:01<00:03, 17.92it/s]
 33%|███▎      | 26/79 [00:01<00:02, 17.69it/s]
 35%|███▌      | 28/79 [00:01<00:02, 17.40it/s]
 38%|███▊      | 30/79 [00:01<00:02, 17.34it/s]
 41%|████      | 32/79 [00:01<00:02, 17.27it/s]
 43%|████▎     | 34/79 [00:01<00:02, 17.66it/s]
 46%|████▌     | 36/79 [00:02<00:02, 17.89it/s]
 48%|████▊     | 38/79 [00:02<00:02, 17.41it/s]
 51%|█████     | 40/79 [00:02<00:02, 18.04it/s]
 53%|█████▎    | 42/79 [00:02<00:02, 17.76it/s]
 58%|█████▊    | 46/79 [00:02<00:01, 18.93it/s]
 61%|██████    | 48/79 [00:02<00:01, 18.33it/s]
 63%|██████▎   | 50/79 [00:02<00:01, 17.95it/s]
 66%|██████▌   | 52/79 [00:02<00:01, 17.80it/s]
 68%|██████▊   | 54/79 [00:03<00:01, 17.57it/s]
 71%|███████   | 56/79 [00:03<00:01, 17.68it/s]
 73%|███████▎  | 58/79 [00:03<00:01, 18.16it/s]
 78%|███████▊  | 62/79 [00:03<00:00, 21.75it/s]
 84%|████████▎ | 66/79 [00:03<00:00, 24.87it/s]
 89%|████████▊ | 70/79 [00:03<00:00, 26.42it/s]
 92%|█████████▏| 73/79 [00:03<00:00, 25.68it/s]
 96%|█████████▌| 76/79 [00:03<00:00, 23.87it/s]
100%|██████████| 79/79 [00:04<00:00, 19.66it/s]

CommRound: 12/30
Accuracy: 84.28% | Loss: 0.6760
[########################------------------------------------] 40.0%
Elapsed: 2.1m | Avg/Round: 10.7s | Last: 11.4s | Next: 10.7s | Remaining: 3.2m
ETA: 21:22:44
Recent round times: R1: 10.7s -> R2: 10.6s -> R3: 11.1s -> R4: 12.1s -> R5: 11.4s

  0%|          | 0/79 [00:00<?, ?it/s]
  1%|▏         | 1/79 [00:00<00:15,  4.97it/s]
  5%|▌         | 4/79 [00:00<00:04, 15.34it/s]
  8%|▊         | 6/79 [00:00<00:04, 16.65it/s]
 10%|█         | 8/79 [00:00<00:04, 16.84it/s]
 13%|█▎        | 10/79 [00:00<00:04, 16.84it/s]
 15%|█▌        | 12/79 [00:00<00:03, 16.84it/s]
 18%|█▊        | 14/79 [00:00<00:03, 16.71it/s]
 20%|██        | 16/79 [00:00<00:03, 17.29it/s]
 23%|██▎       | 18/79 [00:01<00:03, 17.58it/s]
 25%|██▌       | 20/79 [00:01<00:03, 17.19it/s]
 28%|██▊       | 22/79 [00:01<00:03, 17.20it/s]
 30%|███       | 24/79 [00:01<00:03, 17.76it/s]
 33%|███▎      | 26/79 [00:01<00:03, 17.54it/s]
 35%|███▌      | 28/79 [00:01<00:02, 17.34it/s]
 38%|███▊      | 30/79 [00:01<00:02, 16.88it/s]
 41%|████      | 32/79 [00:01<00:02, 17.17it/s]
 43%|████▎     | 34/79 [00:02<00:02, 17.23it/s]
 46%|████▌     | 36/79 [00:02<00:02, 17.12it/s]
 48%|████▊     | 38/79 [00:02<00:02, 17.59it/s]
 51%|█████     | 40/79 [00:02<00:02, 17.44it/s]
 53%|█████▎    | 42/79 [00:02<00:02, 17.19it/s]
 56%|█████▌    | 44/79 [00:02<00:02, 16.37it/s]
 59%|█████▉    | 47/79 [00:02<00:02, 15.86it/s]
 62%|██████▏   | 49/79 [00:02<00:01, 16.14it/s]
 65%|██████▍   | 51/79 [00:03<00:01, 16.51it/s]
 67%|██████▋   | 53/79 [00:03<00:01, 16.71it/s]
 70%|██████▉   | 55/79 [00:03<00:01, 17.08it/s]
 72%|███████▏  | 57/79 [00:03<00:01, 17.06it/s]
 75%|███████▍  | 59/79 [00:03<00:01, 17.78it/s]
 77%|███████▋  | 61/79 [00:03<00:01, 17.56it/s]
 80%|███████▉  | 63/79 [00:03<00:00, 17.62it/s]
 82%|████████▏ | 65/79 [00:03<00:00, 17.97it/s]
 85%|████████▍ | 67/79 [00:03<00:00, 17.74it/s]
 87%|████████▋ | 69/79 [00:04<00:00, 17.62it/s]
 90%|████████▉ | 71/79 [00:04<00:00, 17.97it/s]
 92%|█████████▏| 73/79 [00:04<00:00, 17.99it/s]
 95%|█████████▍| 75/79 [00:04<00:00, 17.93it/s]
 97%|█████████▋| 77/79 [00:04<00:00, 18.14it/s]
100%|██████████| 79/79 [00:04<00:00, 17.38it/s]

CommRound: 13/30
Accuracy: 86.61% | Loss: 0.5459
[##########################----------------------------------] 43.3%
Elapsed: 2.3m | Avg/Round: 10.7s | Last: 11.8s | Next: 10.7s | Remaining: 3.0m
ETA: 21:22:47
Recent round times: R1: 10.6s -> R2: 11.1s -> R3: 12.1s -> R4: 11.4s -> R5: 11.8s

  0%|          | 0/79 [00:00<?, ?it/s]
  1%|▏         | 1/79 [00:00<00:15,  4.99it/s]
  4%|▍         | 3/79 [00:00<00:07, 10.09it/s]
  6%|▋         | 5/79 [00:00<00:07, 10.34it/s]
 11%|█▏        | 9/79 [00:00<00:03, 17.97it/s]
 16%|█▋        | 13/79 [00:00<00:02, 22.27it/s]
 22%|██▏       | 17/79 [00:00<00:02, 24.94it/s]
 25%|██▌       | 20/79 [00:01<00:02, 24.91it/s]
 29%|██▉       | 23/79 [00:01<00:02, 25.89it/s]
 34%|███▍      | 27/79 [00:01<00:01, 29.35it/s]
 39%|███▉      | 31/79 [00:01<00:01, 25.89it/s]
 43%|████▎     | 34/79 [00:01<00:01, 24.23it/s]
 47%|████▋     | 37/79 [00:01<00:02, 20.67it/s]
 52%|█████▏    | 41/79 [00:01<00:01, 24.15it/s]
 56%|█████▌    | 44/79 [00:01<00:01, 24.67it/s]
 59%|█████▉    | 47/79 [00:02<00:02, 15.19it/s]
 63%|██████▎   | 50/79 [00:02<00:01, 15.64it/s]
 66%|██████▌   | 52/79 [00:02<00:02, 12.81it/s]
 72%|███████▏  | 57/79 [00:02<00:01, 18.65it/s]
 76%|███████▌  | 60/79 [00:03<00:00, 19.91it/s]
 80%|███████▉  | 63/79 [00:03<00:00, 21.58it/s]
 84%|████████▎ | 66/79 [00:03<00:00, 20.84it/s]
 87%|████████▋ | 69/79 [00:03<00:00, 19.32it/s]
 91%|█████████ | 72/79 [00:03<00:00, 20.96it/s]
 95%|█████████▍| 75/79 [00:03<00:00, 21.53it/s]
100%|██████████| 79/79 [00:03<00:00, 25.50it/s]
100%|██████████| 79/79 [00:03<00:00, 20.45it/s]

CommRound: 14/30
Accuracy: 87.93% | Loss: 0.5704
[############################--------------------------------] 46.7%
Elapsed: 2.5m | Avg/Round: 10.8s | Last: 11.3s | Next: 10.8s | Remaining: 2.9m
ETA: 21:22:48
Recent round times: R1: 11.1s -> R2: 12.1s -> R3: 11.4s -> R4: 11.8s -> R5: 11.3s

  0%|          | 0/79 [00:00<?, ?it/s]
  1%|▏         | 1/79 [00:00<00:13,  5.60it/s]
  6%|▋         | 5/79 [00:00<00:04, 15.21it/s]
 11%|█▏        | 9/79 [00:00<00:03, 19.50it/s]
 14%|█▍        | 11/79 [00:00<00:03, 19.43it/s]
 16%|█▋        | 13/79 [00:00<00:03, 17.12it/s]
 22%|██▏       | 17/79 [00:00<00:02, 22.72it/s]
 25%|██▌       | 20/79 [00:00<00:02, 24.39it/s]
 29%|██▉       | 23/79 [00:01<00:02, 20.29it/s]
 33%|███▎      | 26/79 [00:01<00:02, 22.09it/s]
 37%|███▋      | 29/79 [00:01<00:02, 21.36it/s]
 42%|████▏     | 33/79 [00:01<00:01, 23.46it/s]
 46%|████▌     | 36/79 [00:01<00:01, 22.92it/s]
 49%|████▉     | 39/79 [00:01<00:01, 24.22it/s]
 53%|█████▎    | 42/79 [00:01<00:01, 25.62it/s]
 57%|█████▋    | 45/79 [00:02<00:01, 24.98it/s]
 62%|██████▏   | 49/79 [00:02<00:01, 28.10it/s]
 67%|██████▋   | 53/79 [00:02<00:00, 30.42it/s]
 72%|███████▏  | 57/79 [00:02<00:00, 29.14it/s]
 76%|███████▌  | 60/79 [00:02<00:00, 24.30it/s]
 80%|███████▉  | 63/79 [00:02<00:00, 24.52it/s]
 84%|████████▎ | 66/79 [00:02<00:00, 21.25it/s]
 89%|████████▊ | 70/79 [00:03<00:00, 24.96it/s]
 94%|█████████▎| 74/79 [00:03<00:00, 26.86it/s]
 99%|█████████▊| 78/79 [00:03<00:00, 29.02it/s]
100%|██████████| 79/79 [00:03<00:00, 23.98it/s]

CommRound: 15/30
Accuracy: 88.46% | Loss: 0.6039
[##############################------------------------------] 50.0%
Elapsed: 2.7m | Avg/Round: 10.8s | Last: 10.8s | Next: 10.8s | Remaining: 2.7m
ETA: 21:22:48
Recent round times: R1: 12.1s -> R2: 11.4s -> R3: 11.8s -> R4: 11.3s -> R5: 10.8s

  0%|          | 0/79 [00:00<?, ?it/s]
  1%|▏         | 1/79 [00:00<00:09,  8.31it/s]
  5%|▌         | 4/79 [00:00<00:04, 18.50it/s]
  8%|▊         | 6/79 [00:00<00:04, 18.18it/s]
 10%|█         | 8/79 [00:00<00:04, 17.43it/s]
 13%|█▎        | 10/79 [00:00<00:03, 17.58it/s]
 15%|█▌        | 12/79 [00:00<00:04, 16.00it/s]
 19%|█▉        | 15/79 [00:00<00:03, 18.50it/s]
 23%|██▎       | 18/79 [00:00<00:02, 20.76it/s]
 27%|██▋       | 21/79 [00:01<00:03, 19.17it/s]
 30%|███       | 24/79 [00:01<00:02, 19.37it/s]
 34%|███▍      | 27/79 [00:01<00:02, 19.31it/s]
 38%|███▊      | 30/79 [00:01<00:02, 19.55it/s]
 42%|████▏     | 33/79 [00:01<00:02, 21.35it/s]
 46%|████▌     | 36/79 [00:01<00:02, 21.05it/s]
 49%|████▉     | 39/79 [00:01<00:01, 22.03it/s]
 53%|█████▎    | 42/79 [00:02<00:01, 23.67it/s]
 58%|█████▊    | 46/79 [00:02<00:01, 27.82it/s]
 65%|██████▍   | 51/79 [00:02<00:00, 32.47it/s]
 71%|███████   | 56/79 [00:02<00:00, 34.14it/s]
 76%|███████▌  | 60/79 [00:02<00:00, 35.63it/s]
 81%|████████  | 64/79 [00:02<00:00, 34.96it/s]
 89%|████████▊ | 70/79 [00:02<00:00, 37.64it/s]
 96%|█████████▌| 76/79 [00:02<00:00, 39.56it/s]
100%|██████████| 79/79 [00:03<00:00, 26.32it/s]

CommRound: 16/30
Accuracy: 88.71% | Loss: 0.6166
[################################----------------------------] 53.3%
Elapsed: 2.9m | Avg/Round: 10.8s | Last: 10.5s | Next: 10.8s | Remaining: 2.5m
ETA: 21:22:47
Recent round times: R1: 11.4s -> R2: 11.8s -> R3: 11.3s -> R4: 10.8s -> R5: 10.5s

  0%|          | 0/79 [00:00<?, ?it/s]
  1%|▏         | 1/79 [00:00<00:08,  8.98it/s]
  9%|▉         | 7/79 [00:00<00:02, 30.82it/s]
 14%|█▍        | 11/79 [00:00<00:02, 33.51it/s]
 19%|█▉        | 15/79 [00:00<00:01, 35.20it/s]
 24%|██▍       | 19/79 [00:00<00:01, 36.48it/s]
 29%|██▉       | 23/79 [00:00<00:01, 36.44it/s]
 37%|███▋      | 29/79 [00:00<00:01, 38.63it/s]
 44%|████▍     | 35/79 [00:00<00:01, 39.78it/s]
 52%|█████▏    | 41/79 [00:01<00:00, 40.08it/s]
 59%|█████▉    | 47/79 [00:01<00:00, 41.24it/s]
 67%|██████▋   | 53/79 [00:01<00:00, 41.37it/s]
 73%|███████▎  | 58/79 [00:01<00:00, 42.29it/s]
 80%|███████▉  | 63/79 [00:01<00:00, 40.78it/s]
 86%|████████▌ | 68/79 [00:01<00:00, 39.64it/s]
 91%|█████████ | 72/79 [00:01<00:00, 38.23it/s]
 96%|█████████▌| 76/79 [00:02<00:00, 37.06it/s]
100%|██████████| 79/79 [00:02<00:00, 37.97it/s]

CommRound: 17/30
Accuracy: 88.82% | Loss: 0.6369
[##################################--------------------------] 56.7%
Elapsed: 3.0m | Avg/Round: 10.7s | Last: 9.4s | Next: 10.7s | Remaining: 2.3m
ETA: 21:22:45
Recent round times: R1: 11.8s -> R2: 11.3s -> R3: 10.8s -> R4: 10.5s -> R5: 9.4s

  0%|          | 0/79 [00:00<?, ?it/s]
  1%|▏         | 1/79 [00:00<00:08,  9.31it/s]
  9%|▉         | 7/79 [00:00<00:02, 30.61it/s]
 14%|█▍        | 11/79 [00:00<00:02, 33.82it/s]
 19%|█▉        | 15/79 [00:00<00:01, 35.02it/s]
 24%|██▍       | 19/79 [00:00<00:01, 36.27it/s]
 29%|██▉       | 23/79 [00:00<00:01, 37.02it/s]
 34%|███▍      | 27/79 [00:00<00:01, 37.37it/s]
 39%|███▉      | 31/79 [00:00<00:01, 37.86it/s]
 44%|████▍     | 35/79 [00:00<00:01, 38.22it/s]
 49%|████▉     | 39/79 [00:01<00:01, 38.34it/s]
 54%|█████▍    | 43/79 [00:01<00:00, 37.84it/s]
 59%|█████▉    | 47/79 [00:01<00:00, 37.93it/s]
 65%|██████▍   | 51/79 [00:01<00:00, 38.18it/s]
 70%|██████▉   | 55/79 [00:01<00:00, 38.55it/s]
 75%|███████▍  | 59/79 [00:01<00:00, 38.29it/s]
 80%|███████▉  | 63/79 [00:01<00:00, 37.77it/s]
 85%|████████▍ | 67/79 [00:01<00:00, 37.51it/s]
 90%|████████▉ | 71/79 [00:01<00:00, 37.40it/s]
 95%|█████████▍| 75/79 [00:02<00:00, 37.88it/s]
100%|██████████| 79/79 [00:02<00:00, 37.44it/s]

CommRound: 18/30
Accuracy: 88.74% | Loss: 0.6578
[####################################------------------------] 60.0%
Elapsed: 3.2m | Avg/Round: 10.6s | Last: 9.5s | Next: 10.6s | Remaining: 2.1m
ETA: 21:22:43
Recent round times: R1: 11.3s -> R2: 10.8s -> R3: 10.5s -> R4: 9.4s -> R5: 9.5s

  0%|          | 0/79 [00:00<?, ?it/s]
  1%|▏         | 1/79 [00:00<00:09,  8.52it/s]
  8%|▊         | 6/79 [00:00<00:02, 31.17it/s]
 13%|█▎        | 10/79 [00:00<00:02, 33.76it/s]
 18%|█▊        | 14/79 [00:00<00:02, 31.37it/s]
 23%|██▎       | 18/79 [00:00<00:01, 32.36it/s]
 28%|██▊       | 22/79 [00:00<00:01, 34.21it/s]
 33%|███▎      | 26/79 [00:00<00:01, 35.31it/s]
 38%|███▊      | 30/79 [00:00<00:01, 36.02it/s]
 43%|████▎     | 34/79 [00:01<00:01, 36.57it/s]
 48%|████▊     | 38/79 [00:01<00:01, 36.93it/s]
 53%|█████▎    | 42/79 [00:01<00:01, 36.78it/s]
 58%|█████▊    | 46/79 [00:01<00:00, 37.25it/s]
 63%|██████▎   | 50/79 [00:01<00:00, 37.57it/s]
 68%|██████▊   | 54/79 [00:01<00:00, 37.89it/s]
 73%|███████▎  | 58/79 [00:01<00:00, 37.96it/s]
 78%|███████▊  | 62/79 [00:01<00:00, 38.02it/s]
 84%|████████▎ | 66/79 [00:01<00:00, 37.93it/s]
 89%|████████▊ | 70/79 [00:01<00:00, 37.83it/s]
 94%|█████████▎| 74/79 [00:02<00:00, 37.74it/s]
 99%|█████████▊| 78/79 [00:02<00:00, 37.70it/s]
100%|██████████| 79/79 [00:02<00:00, 36.07it/s]

CommRound: 19/30
Accuracy: 88.77% | Loss: 0.6739
[######################################----------------------] 63.3%
Elapsed: 3.3m | Avg/Round: 10.6s | Last: 9.6s | Next: 10.6s | Remaining: 1.9m
ETA: 21:22:41
Recent round times: R1: 10.8s -> R2: 10.5s -> R3: 9.4s -> R4: 9.5s -> R5: 9.6s

  0%|          | 0/79 [00:00<?, ?it/s]
  3%|▎         | 2/79 [00:00<00:03, 19.99it/s]
  9%|▉         | 7/79 [00:00<00:02, 30.70it/s]
 15%|█▌        | 12/79 [00:00<00:01, 36.96it/s]
 20%|██        | 16/79 [00:00<00:01, 38.03it/s]
 27%|██▋       | 21/79 [00:00<00:01, 38.73it/s]
 33%|███▎      | 26/79 [00:00<00:01, 38.69it/s]
 38%|███▊      | 30/79 [00:00<00:01, 38.63it/s]
 43%|████▎     | 34/79 [00:00<00:01, 38.73it/s]
 48%|████▊     | 38/79 [00:01<00:01, 38.65it/s]
 56%|█████▌    | 44/79 [00:01<00:00, 39.46it/s]
 63%|██████▎   | 50/79 [00:01<00:00, 39.94it/s]
 68%|██████▊   | 54/79 [00:01<00:00, 39.38it/s]
 75%|███████▍  | 59/79 [00:01<00:00, 41.98it/s]
 81%|████████  | 64/79 [00:01<00:00, 39.45it/s]
 86%|████████▌ | 68/79 [00:01<00:00, 39.14it/s]
 91%|█████████ | 72/79 [00:01<00:00, 39.30it/s]
 96%|█████████▌| 76/79 [00:01<00:00, 39.37it/s]
100%|██████████| 79/79 [00:02<00:00, 38.91it/s]

CommRound: 20/30
Accuracy: 88.78% | Loss: 0.6880
[########################################--------------------] 66.7%
Elapsed: 3.5m | Avg/Round: 10.5s | Last: 9.4s | Next: 10.5s | Remaining: 1.8m
ETA: 21:22:39
Recent round times: R1: 10.5s -> R2: 9.4s -> R3: 9.5s -> R4: 9.6s -> R5: 9.4s

  0%|          | 0/79 [00:00<?, ?it/s]
  1%|▏         | 1/79 [00:00<00:08,  9.55it/s]
  8%|▊         | 6/79 [00:00<00:02, 29.80it/s]
 14%|█▍        | 11/79 [00:00<00:02, 33.92it/s]
 19%|█▉        | 15/79 [00:00<00:01, 35.28it/s]
 24%|██▍       | 19/79 [00:00<00:01, 36.21it/s]
 29%|██▉       | 23/79 [00:00<00:01, 36.79it/s]
 34%|███▍      | 27/79 [00:00<00:01, 37.09it/s]
 39%|███▉      | 31/79 [00:00<00:01, 37.15it/s]
 44%|████▍     | 35/79 [00:00<00:01, 37.61it/s]
 49%|████▉     | 39/79 [00:01<00:01, 37.86it/s]
 54%|█████▍    | 43/79 [00:01<00:00, 38.04it/s]
 59%|█████▉    | 47/79 [00:01<00:00, 38.51it/s]
 65%|██████▍   | 51/79 [00:01<00:00, 38.72it/s]
 70%|██████▉   | 55/79 [00:01<00:00, 38.86it/s]
 75%|███████▍  | 59/79 [00:01<00:00, 38.99it/s]
 80%|███████▉  | 63/79 [00:01<00:00, 38.96it/s]
 85%|████████▍ | 67/79 [00:01<00:00, 38.74it/s]
 91%|█████████ | 72/79 [00:01<00:00, 38.93it/s]
 96%|█████████▌| 76/79 [00:02<00:00, 38.88it/s]
100%|██████████| 79/79 [00:02<00:00, 37.45it/s]

CommRound: 21/30
Accuracy: 88.79% | Loss: 0.7000
[##########################################------------------] 70.0%
Elapsed: 3.7m | Avg/Round: 10.4s | Last: 9.4s | Next: 10.4s | Remaining: 1.6m
ETA: 21:22:38
Recent round times: R1: 9.4s -> R2: 9.5s -> R3: 9.6s -> R4: 9.4s -> R5: 9.4s

  0%|          | 0/79 [00:00<?, ?it/s]
  1%|▏         | 1/79 [00:00<00:08,  9.64it/s]
  8%|▊         | 6/79 [00:00<00:02, 31.70it/s]
 13%|█▎        | 10/79 [00:00<00:01, 34.97it/s]
 18%|█▊        | 14/79 [00:00<00:01, 36.69it/s]
 23%|██▎       | 18/79 [00:00<00:01, 37.54it/s]
 28%|██▊       | 22/79 [00:00<00:01, 37.84it/s]
 33%|███▎      | 26/79 [00:00<00:01, 38.09it/s]
 38%|███▊      | 30/79 [00:00<00:01, 37.37it/s]
 43%|████▎     | 34/79 [00:00<00:01, 37.34it/s]
 48%|████▊     | 38/79 [00:01<00:01, 37.26it/s]
 53%|█████▎    | 42/79 [00:01<00:00, 37.43it/s]
 58%|█████▊    | 46/79 [00:01<00:00, 37.33it/s]
 63%|██████▎   | 50/79 [00:01<00:00, 37.62it/s]
 68%|██████▊   | 54/79 [00:01<00:00, 37.57it/s]
 73%|███████▎  | 58/79 [00:01<00:00, 37.86it/s]
 78%|███████▊  | 62/79 [00:01<00:00, 35.59it/s]
 84%|████████▎ | 66/79 [00:01<00:00, 36.54it/s]
 89%|████████▊ | 70/79 [00:01<00:00, 37.21it/s]
 94%|█████████▎| 74/79 [00:02<00:00, 37.74it/s]
 99%|█████████▊| 78/79 [00:02<00:00, 37.76it/s]
100%|██████████| 79/79 [00:02<00:00, 36.83it/s]

CommRound: 22/30
Accuracy: 88.81% | Loss: 0.7108
[############################################----------------] 73.3%
Elapsed: 3.8m | Avg/Round: 10.4s | Last: 9.4s | Next: 10.4s | Remaining: 1.4m
ETA: 21:22:36
Recent round times: R1: 9.5s -> R2: 9.6s -> R3: 9.4s -> R4: 9.4s -> R5: 9.4s
EARLY_STOP: round=22; best_acc=88.82; current_acc=88.81; threshold=90.00; patience=5; reason=converged_below_target
Total time for experiment: 228.86292338371277 seconds
Device average training time per communication round [s]:
    rpi (sld-rpi-09.ece.utexas.edu): 4.43 seconds
    mc1 (sld-mc1-09.ece.utexas.edu): 2.12 seconds
