
  0%|          | 0/79 [00:00<?, ?it/s]
  4%|▍         | 3/79 [00:00<00:03, 23.64it/s]
 10%|█         | 8/79 [00:00<00:02, 34.07it/s]
 15%|█▌        | 12/79 [00:00<00:01, 34.56it/s]
 20%|██        | 16/79 [00:00<00:01, 35.06it/s]
 25%|██▌       | 20/79 [00:00<00:01, 35.52it/s]
 30%|███       | 24/79 [00:00<00:01, 35.91it/s]
 35%|███▌      | 28/79 [00:00<00:01, 36.10it/s]
 41%|████      | 32/79 [00:00<00:01, 36.27it/s]
 46%|████▌     | 36/79 [00:01<00:01, 36.33it/s]
 51%|█████     | 40/79 [00:01<00:01, 36.47it/s]
 56%|█████▌    | 44/79 [00:01<00:00, 36.32it/s]
 61%|██████    | 48/79 [00:01<00:00, 36.34it/s]
 66%|██████▌   | 52/79 [00:01<00:00, 36.45it/s]
 71%|███████   | 56/79 [00:01<00:00, 36.54it/s]
 76%|███████▌  | 60/79 [00:01<00:00, 36.63it/s]
 81%|████████  | 64/79 [00:01<00:00, 36.66it/s]
 86%|████████▌ | 68/79 [00:01<00:00, 36.48it/s]
 91%|█████████ | 72/79 [00:02<00:00, 36.35it/s]
 96%|█████████▌| 76/79 [00:02<00:00, 36.26it/s]
100%|██████████| 79/79 [00:02<00:00, 36.15it/s]
Initial Accuracy: 10.81%; Initial Loss: 2.3021

  0%|          | 0/79 [00:00<?, ?it/s]
  3%|▎         | 2/79 [00:00<00:03, 19.96it/s]
  9%|▉         | 7/79 [00:00<00:02, 32.40it/s]
 14%|█▍        | 11/79 [00:00<00:01, 35.18it/s]
 20%|██        | 16/79 [00:00<00:01, 40.11it/s]
 27%|██▋       | 21/79 [00:00<00:01, 39.56it/s]
 33%|███▎      | 26/79 [00:00<00:01, 40.21it/s]
 39%|███▉      | 31/79 [00:00<00:01, 40.09it/s]
 46%|████▌     | 36/79 [00:00<00:01, 40.71it/s]
 52%|█████▏    | 41/79 [00:01<00:00, 41.28it/s]
 58%|█████▊    | 46/79 [00:01<00:00, 41.51it/s]
 65%|██████▍   | 51/79 [00:01<00:00, 42.33it/s]
 71%|███████   | 56/79 [00:01<00:00, 41.54it/s]
 77%|███████▋  | 61/79 [00:01<00:00, 42.80it/s]
 84%|████████▎ | 66/79 [00:01<00:00, 41.70it/s]
 90%|████████▉ | 71/79 [00:01<00:00, 42.86it/s]
 96%|█████████▌| 76/79 [00:01<00:00, 41.89it/s]
100%|██████████| 79/79 [00:01<00:00, 40.80it/s]

CommRound: 1/30
Accuracy: 66.21% | Loss: 1.0344
[##----------------------------------------------------------] 3.3%
Elapsed: 0.2m | Avg/Round: 12.3s | Last: 10.1s | Next: 12.3s | Remaining: 5.9m
ETA: 18:00:14
Recent round times: R1: 10.1s

  0%|          | 0/79 [00:00<?, ?it/s]
  4%|▍         | 3/79 [00:00<00:03, 23.17it/s]
  9%|▉         | 7/79 [00:00<00:02, 31.95it/s]
 15%|█▌        | 12/79 [00:00<00:01, 39.58it/s]
 22%|██▏       | 17/79 [00:00<00:01, 38.00it/s]
 29%|██▉       | 23/79 [00:00<00:01, 39.48it/s]
 34%|███▍      | 27/79 [00:00<00:01, 38.48it/s]
 39%|███▉      | 31/79 [00:00<00:01, 37.68it/s]
 44%|████▍     | 35/79 [00:00<00:01, 37.35it/s]
 49%|████▉     | 39/79 [00:01<00:01, 37.14it/s]
 54%|█████▍    | 43/79 [00:01<00:00, 36.92it/s]
 59%|█████▉    | 47/79 [00:01<00:00, 36.73it/s]
 65%|██████▍   | 51/79 [00:01<00:00, 36.67it/s]
 70%|██████▉   | 55/79 [00:01<00:00, 36.63it/s]
 75%|███████▍  | 59/79 [00:01<00:00, 36.61it/s]
 80%|███████▉  | 63/79 [00:01<00:00, 36.62it/s]
 85%|████████▍ | 67/79 [00:01<00:00, 36.49it/s]
 90%|████████▉ | 71/79 [00:01<00:00, 36.39it/s]
 95%|█████████▍| 75/79 [00:02<00:00, 36.48it/s]
100%|██████████| 79/79 [00:02<00:00, 37.26it/s]

CommRound: 2/30
Accuracy: 82.68% | Loss: 0.5783
[####--------------------------------------------------------] 6.7%
Elapsed: 0.4m | Avg/Round: 11.2s | Last: 10.2s | Next: 11.2s | Remaining: 5.2m
ETA: 17:59:43
Recent round times: R1: 10.1s -> R2: 10.2s

  0%|          | 0/79 [00:00<?, ?it/s]
  3%|▎         | 2/79 [00:00<00:04, 19.24it/s]
  9%|▉         | 7/79 [00:00<00:02, 31.23it/s]
 15%|█▌        | 12/79 [00:00<00:01, 38.55it/s]
 22%|██▏       | 17/79 [00:00<00:01, 37.47it/s]
 27%|██▋       | 21/79 [00:00<00:01, 38.22it/s]
 33%|███▎      | 26/79 [00:00<00:01, 41.17it/s]
 39%|███▉      | 31/79 [00:00<00:01, 39.80it/s]
 46%|████▌     | 36/79 [00:00<00:01, 41.16it/s]
 52%|█████▏    | 41/79 [00:01<00:00, 40.20it/s]
 58%|█████▊    | 46/79 [00:01<00:00, 41.03it/s]
 65%|██████▍   | 51/79 [00:01<00:00, 40.30it/s]
 71%|███████   | 56/79 [00:01<00:00, 41.01it/s]
 77%|███████▋  | 61/79 [00:01<00:00, 40.40it/s]
 84%|████████▎ | 66/79 [00:01<00:00, 40.82it/s]
 90%|████████▉ | 71/79 [00:01<00:00, 41.68it/s]
 96%|█████████▌| 76/79 [00:01<00:00, 40.34it/s]
100%|██████████| 79/79 [00:01<00:00, 39.88it/s]

CommRound: 3/30
Accuracy: 85.87% | Loss: 0.4489
[######------------------------------------------------------] 10.0%
Elapsed: 0.5m | Avg/Round: 10.9s | Last: 10.1s | Next: 10.9s | Remaining: 4.9m
ETA: 17:59:32
Recent round times: R1: 10.1s -> R2: 10.2s -> R3: 10.1s

  0%|          | 0/79 [00:00<?, ?it/s]
  4%|▍         | 3/79 [00:00<00:03, 22.70it/s]
 10%|█         | 8/79 [00:00<00:01, 36.67it/s]
 16%|█▋        | 13/79 [00:00<00:01, 35.78it/s]
 24%|██▍       | 19/79 [00:00<00:01, 38.29it/s]
 30%|███       | 24/79 [00:00<00:01, 41.70it/s]
 37%|███▋      | 29/79 [00:00<00:01, 39.35it/s]
 44%|████▍     | 35/79 [00:00<00:01, 40.21it/s]
 52%|█████▏    | 41/79 [00:01<00:00, 40.78it/s]
 58%|█████▊    | 46/79 [00:01<00:00, 42.92it/s]
 65%|██████▍   | 51/79 [00:01<00:00, 40.50it/s]
 72%|███████▏  | 57/79 [00:01<00:00, 41.25it/s]
 80%|███████▉  | 63/79 [00:01<00:00, 41.96it/s]
 87%|████████▋ | 69/79 [00:01<00:00, 42.50it/s]
 95%|█████████▍| 75/79 [00:01<00:00, 42.49it/s]
100%|██████████| 79/79 [00:01<00:00, 41.16it/s]

CommRound: 4/30
Accuracy: 89.72% | Loss: 0.3410
[########----------------------------------------------------] 13.3%
Elapsed: 0.7m | Avg/Round: 10.7s | Last: 10.2s | Next: 10.7s | Remaining: 4.6m
ETA: 17:59:27
Recent round times: R1: 10.1s -> R2: 10.2s -> R3: 10.1s -> R4: 10.2s

  0%|          | 0/79 [00:00<?, ?it/s]
  3%|▎         | 2/79 [00:00<00:04, 19.25it/s]
  9%|▉         | 7/79 [00:00<00:02, 32.58it/s]
 15%|█▌        | 12/79 [00:00<00:01, 39.44it/s]
 20%|██        | 16/79 [00:00<00:01, 39.57it/s]
 27%|██▋       | 21/79 [00:00<00:01, 39.38it/s]
 33%|███▎      | 26/79 [00:00<00:01, 41.44it/s]
 39%|███▉      | 31/79 [00:00<00:01, 40.65it/s]
 46%|████▌     | 36/79 [00:00<00:01, 40.00it/s]
 52%|█████▏    | 41/79 [00:01<00:00, 39.06it/s]
 58%|█████▊    | 46/79 [00:01<00:00, 41.65it/s]
 65%|██████▍   | 51/79 [00:01<00:00, 39.63it/s]
 72%|███████▏  | 57/79 [00:01<00:00, 40.30it/s]
 80%|███████▉  | 63/79 [00:01<00:00, 40.70it/s]
 87%|████████▋ | 69/79 [00:01<00:00, 41.06it/s]
 94%|█████████▎| 74/79 [00:01<00:00, 43.14it/s]
100%|██████████| 79/79 [00:01<00:00, 44.76it/s]
100%|██████████| 79/79 [00:01<00:00, 40.55it/s]

CommRound: 5/30
Accuracy: 90.07% | Loss: 0.3253
[##########--------------------------------------------------] 16.7%
Elapsed: 0.9m | Avg/Round: 10.5s | Last: 9.9s | Next: 10.5s | Remaining: 4.4m
ETA: 17:59:22
Recent round times: R1: 10.1s -> R2: 10.2s -> R3: 10.1s -> R4: 10.2s -> R5: 9.9s

  0%|          | 0/79 [00:00<?, ?it/s]
  4%|▍         | 3/79 [00:00<00:03, 23.26it/s]
 10%|█         | 8/79 [00:00<00:01, 36.44it/s]
 16%|█▋        | 13/79 [00:00<00:01, 37.13it/s]
 23%|██▎       | 18/79 [00:00<00:01, 40.51it/s]
 29%|██▉       | 23/79 [00:00<00:01, 40.21it/s]
 35%|███▌      | 28/79 [00:00<00:01, 41.83it/s]
 42%|████▏     | 33/79 [00:00<00:01, 41.65it/s]
 48%|████▊     | 38/79 [00:00<00:00, 42.03it/s]
 54%|█████▍    | 43/79 [00:01<00:00, 42.33it/s]
 61%|██████    | 48/79 [00:01<00:00, 41.88it/s]
 67%|██████▋   | 53/79 [00:01<00:00, 42.40it/s]
 73%|███████▎  | 58/79 [00:01<00:00, 41.52it/s]
 80%|███████▉  | 63/79 [00:01<00:00, 42.81it/s]
 86%|████████▌ | 68/79 [00:01<00:00, 41.19it/s]
 92%|█████████▏| 73/79 [00:01<00:00, 43.22it/s]
 99%|█████████▊| 78/79 [00:01<00:00, 41.15it/s]
100%|██████████| 79/79 [00:01<00:00, 41.11it/s]

CommRound: 6/30
Accuracy: 91.09% | Loss: 0.3051
[############------------------------------------------------] 20.0%
Elapsed: 1.0m | Avg/Round: 10.5s | Last: 10.0s | Next: 10.5s | Remaining: 4.2m
ETA: 17:59:19
Recent round times: R1: 10.2s -> R2: 10.1s -> R3: 10.2s -> R4: 9.9s -> R5: 10.0s

  0%|          | 0/79 [00:00<?, ?it/s]
  4%|▍         | 3/79 [00:00<00:03, 22.98it/s]
 11%|█▏        | 9/79 [00:00<00:02, 34.96it/s]
 19%|█▉        | 15/79 [00:00<00:01, 38.16it/s]
 27%|██▋       | 21/79 [00:00<00:01, 39.81it/s]
 34%|███▍      | 27/79 [00:00<00:01, 40.14it/s]
 42%|████▏     | 33/79 [00:00<00:01, 40.80it/s]
 49%|████▉     | 39/79 [00:00<00:00, 41.09it/s]
 57%|█████▋    | 45/79 [00:01<00:00, 41.06it/s]
 65%|██████▍   | 51/79 [00:01<00:00, 41.31it/s]
 72%|███████▏  | 57/79 [00:01<00:00, 41.59it/s]
 80%|███████▉  | 63/79 [00:01<00:00, 41.62it/s]
 87%|████████▋ | 69/79 [00:01<00:00, 41.67it/s]
 95%|█████████▍| 75/79 [00:01<00:00, 41.63it/s]
100%|██████████| 79/79 [00:01<00:00, 41.04it/s]

CommRound: 7/30
Accuracy: 91.39% | Loss: 0.2944
[##############----------------------------------------------] 23.3%
Elapsed: 1.2m | Avg/Round: 10.4s | Last: 10.0s | Next: 10.4s | Remaining: 4.0m
ETA: 17:59:18
Recent round times: R1: 10.1s -> R2: 10.2s -> R3: 9.9s -> R4: 10.0s -> R5: 10.0s

  0%|          | 0/79 [00:00<?, ?it/s]
  4%|▍         | 3/79 [00:00<00:03, 23.72it/s]
 10%|█         | 8/79 [00:00<00:02, 35.00it/s]
 15%|█▌        | 12/79 [00:00<00:01, 36.87it/s]
 20%|██        | 16/79 [00:00<00:01, 37.75it/s]
 25%|██▌       | 20/79 [00:00<00:01, 38.33it/s]
 30%|███       | 24/79 [00:00<00:01, 38.82it/s]
 37%|███▋      | 29/79 [00:00<00:01, 41.84it/s]
 43%|████▎     | 34/79 [00:00<00:01, 38.84it/s]
 51%|█████     | 40/79 [00:01<00:00, 40.11it/s]
 58%|█████▊    | 46/79 [00:01<00:00, 41.19it/s]
 66%|██████▌   | 52/79 [00:01<00:00, 41.63it/s]
 73%|███████▎  | 58/79 [00:01<00:00, 42.20it/s]
 81%|████████  | 64/79 [00:01<00:00, 42.34it/s]
 89%|████████▊ | 70/79 [00:01<00:00, 42.60it/s]
 96%|█████████▌| 76/79 [00:01<00:00, 42.40it/s]
100%|██████████| 79/79 [00:01<00:00, 40.69it/s]

CommRound: 8/30
Accuracy: 91.28% | Loss: 0.3005
[################--------------------------------------------] 26.7%
Elapsed: 1.4m | Avg/Round: 10.4s | Last: 10.2s | Next: 10.4s | Remaining: 3.8m
ETA: 17:59:17
Recent round times: R1: 10.2s -> R2: 9.9s -> R3: 10.0s -> R4: 10.0s -> R5: 10.2s

  0%|          | 0/79 [00:00<?, ?it/s]
  4%|▍         | 3/79 [00:00<00:03, 23.48it/s]
 10%|█         | 8/79 [00:00<00:01, 36.17it/s]
 16%|█▋        | 13/79 [00:00<00:01, 37.40it/s]
 23%|██▎       | 18/79 [00:00<00:01, 40.25it/s]
 29%|██▉       | 23/79 [00:00<00:01, 40.53it/s]
 35%|███▌      | 28/79 [00:00<00:01, 39.88it/s]
 42%|████▏     | 33/79 [00:00<00:01, 42.41it/s]
 48%|████▊     | 38/79 [00:00<00:01, 39.60it/s]
 56%|█████▌    | 44/79 [00:01<00:00, 40.03it/s]
 62%|██████▏   | 49/79 [00:01<00:00, 42.42it/s]
 68%|██████▊   | 54/79 [00:01<00:00, 39.71it/s]
 76%|███████▌  | 60/79 [00:01<00:00, 40.36it/s]
 82%|████████▏ | 65/79 [00:01<00:00, 42.66it/s]
 89%|████████▊ | 70/79 [00:01<00:00, 39.92it/s]
 95%|█████████▍| 75/79 [00:01<00:00, 42.34it/s]
100%|██████████| 79/79 [00:01<00:00, 40.18it/s]

CommRound: 9/30
Accuracy: 91.40% | Loss: 0.3023
[##################------------------------------------------] 30.0%
Elapsed: 1.6m | Avg/Round: 10.4s | Last: 10.2s | Next: 10.4s | Remaining: 3.6m
ETA: 17:59:16
Recent round times: R1: 9.9s -> R2: 10.0s -> R3: 10.0s -> R4: 10.2s -> R5: 10.2s

  0%|          | 0/79 [00:00<?, ?it/s]
  4%|▍         | 3/79 [00:00<00:03, 22.76it/s]
 10%|█         | 8/79 [00:00<00:01, 36.23it/s]
 16%|█▋        | 13/79 [00:00<00:01, 36.13it/s]
 23%|██▎       | 18/79 [00:00<00:01, 40.60it/s]
 29%|██▉       | 23/79 [00:00<00:01, 38.77it/s]
 37%|███▋      | 29/79 [00:00<00:01, 39.89it/s]
 44%|████▍     | 35/79 [00:00<00:01, 40.57it/s]
 52%|█████▏    | 41/79 [00:01<00:00, 40.80it/s]
 58%|█████▊    | 46/79 [00:01<00:00, 42.81it/s]
 65%|██████▍   | 51/79 [00:01<00:00, 40.25it/s]
 72%|███████▏  | 57/79 [00:01<00:00, 40.65it/s]
 80%|███████▉  | 63/79 [00:01<00:00, 41.05it/s]
 87%|████████▋ | 69/79 [00:01<00:00, 41.20it/s]
 95%|█████████▍| 75/79 [00:01<00:00, 41.33it/s]
100%|██████████| 79/79 [00:01<00:00, 40.77it/s]

CommRound: 10/30
Accuracy: 91.39% | Loss: 0.3036
[####################----------------------------------------] 33.3%
Elapsed: 1.7m | Avg/Round: 10.4s | Last: 10.6s | Next: 10.4s | Remaining: 3.5m
ETA: 17:59:17
Recent round times: R1: 10.0s -> R2: 10.0s -> R3: 10.2s -> R4: 10.2s -> R5: 10.6s

  0%|          | 0/79 [00:00<?, ?it/s]
  4%|▍         | 3/79 [00:00<00:03, 23.01it/s]
 10%|█         | 8/79 [00:00<00:01, 36.19it/s]
 16%|█▋        | 13/79 [00:00<00:01, 36.00it/s]
 23%|██▎       | 18/79 [00:00<00:01, 39.80it/s]
 29%|██▉       | 23/79 [00:00<00:01, 38.47it/s]
 35%|███▌      | 28/79 [00:00<00:01, 38.44it/s]
 42%|████▏     | 33/79 [00:00<00:01, 40.57it/s]
 48%|████▊     | 38/79 [00:00<00:01, 40.65it/s]
 54%|█████▍    | 43/79 [00:01<00:00, 42.16it/s]
 61%|██████    | 48/79 [00:01<00:00, 41.53it/s]
 67%|██████▋   | 53/79 [00:01<00:00, 43.29it/s]
 73%|███████▎  | 58/79 [00:01<00:00, 42.19it/s]
 80%|███████▉  | 63/79 [00:01<00:00, 43.76it/s]
 86%|████████▌ | 68/79 [00:01<00:00, 41.44it/s]
 94%|█████████▎| 74/79 [00:01<00:00, 41.57it/s]
100%|██████████| 79/79 [00:01<00:00, 40.74it/s]

CommRound: 11/30
Accuracy: 91.44% | Loss: 0.3049
[######################--------------------------------------] 36.7%
Elapsed: 1.9m | Avg/Round: 10.4s | Last: 10.1s | Next: 10.4s | Remaining: 3.3m
ETA: 17:59:16
Recent round times: R1: 10.0s -> R2: 10.2s -> R3: 10.2s -> R4: 10.6s -> R5: 10.1s

  0%|          | 0/79 [00:00<?, ?it/s]
  4%|▍         | 3/79 [00:00<00:03, 23.63it/s]
  9%|▉         | 7/79 [00:00<00:02, 32.21it/s]
 16%|█▋        | 13/79 [00:00<00:01, 37.01it/s]
 24%|██▍       | 19/79 [00:00<00:01, 38.91it/s]
 32%|███▏      | 25/79 [00:00<00:01, 39.92it/s]
 39%|███▉      | 31/79 [00:00<00:01, 40.56it/s]
 47%|████▋     | 37/79 [00:00<00:01, 41.00it/s]
 54%|█████▍    | 43/79 [00:01<00:00, 41.78it/s]
 62%|██████▏   | 49/79 [00:01<00:00, 42.50it/s]
 70%|██████▉   | 55/79 [00:01<00:00, 42.73it/s]
 76%|███████▌  | 60/79 [00:01<00:00, 43.95it/s]
 82%|████████▏ | 65/79 [00:01<00:00, 42.02it/s]
 89%|████████▊ | 70/79 [00:01<00:00, 41.97it/s]
 95%|█████████▍| 75/79 [00:01<00:00, 42.05it/s]
100%|██████████| 79/79 [00:01<00:00, 40.91it/s]

CommRound: 12/30
Accuracy: 91.46% | Loss: 0.3059
[########################------------------------------------] 40.0%
Elapsed: 2.1m | Avg/Round: 10.3s | Last: 10.2s | Next: 10.3s | Remaining: 3.1m
ETA: 17:59:16
Recent round times: R1: 10.2s -> R2: 10.2s -> R3: 10.6s -> R4: 10.1s -> R5: 10.2s

  0%|          | 0/79 [00:00<?, ?it/s]
  3%|▎         | 2/79 [00:00<00:03, 19.97it/s]
  9%|▉         | 7/79 [00:00<00:02, 30.76it/s]
 15%|█▌        | 12/79 [00:00<00:01, 38.47it/s]
 22%|██▏       | 17/79 [00:00<00:01, 36.73it/s]
 29%|██▉       | 23/79 [00:00<00:01, 38.40it/s]
 37%|███▋      | 29/79 [00:00<00:01, 39.28it/s]
 43%|████▎     | 34/79 [00:00<00:01, 41.99it/s]
 49%|████▉     | 39/79 [00:01<00:01, 39.62it/s]
 57%|█████▋    | 45/79 [00:01<00:00, 40.23it/s]
 65%|██████▍   | 51/79 [00:01<00:00, 40.81it/s]
 72%|███████▏  | 57/79 [00:01<00:00, 41.21it/s]
 80%|███████▉  | 63/79 [00:01<00:00, 41.35it/s]
 87%|████████▋ | 69/79 [00:01<00:00, 41.59it/s]
 95%|█████████▍| 75/79 [00:01<00:00, 41.62it/s]
100%|██████████| 79/79 [00:01<00:00, 40.55it/s]

CommRound: 13/30
Accuracy: 91.47% | Loss: 0.3065
[##########################----------------------------------] 43.3%
Elapsed: 2.2m | Avg/Round: 10.3s | Last: 10.0s | Next: 10.3s | Remaining: 2.9m
ETA: 17:59:15
Recent round times: R1: 10.2s -> R2: 10.6s -> R3: 10.1s -> R4: 10.2s -> R5: 10.0s

  0%|          | 0/79 [00:00<?, ?it/s]
  4%|▍         | 3/79 [00:00<00:03, 23.08it/s]
 10%|█         | 8/79 [00:00<00:01, 36.50it/s]
 16%|█▋        | 13/79 [00:00<00:01, 35.89it/s]
 23%|██▎       | 18/79 [00:00<00:01, 40.54it/s]
 29%|██▉       | 23/79 [00:00<00:01, 38.30it/s]
 35%|███▌      | 28/79 [00:00<00:01, 41.54it/s]
 42%|████▏     | 33/79 [00:00<00:01, 39.36it/s]
 48%|████▊     | 38/79 [00:00<00:00, 42.19it/s]
 54%|█████▍    | 43/79 [00:01<00:00, 39.66it/s]
 62%|██████▏   | 49/79 [00:01<00:00, 40.24it/s]
 70%|██████▉   | 55/79 [00:01<00:00, 40.76it/s]
 77%|███████▋  | 61/79 [00:01<00:00, 40.99it/s]
 84%|████████▎ | 66/79 [00:01<00:00, 43.14it/s]
 90%|████████▉ | 71/79 [00:01<00:00, 40.60it/s]
 96%|█████████▌| 76/79 [00:01<00:00, 42.90it/s]
100%|██████████| 79/79 [00:01<00:00, 40.63it/s]

CommRound: 14/30
Accuracy: 91.46% | Loss: 0.3071
[############################--------------------------------] 46.7%
Elapsed: 2.4m | Avg/Round: 10.3s | Last: 10.1s | Next: 10.3s | Remaining: 2.7m
ETA: 17:59:15
Recent round times: R1: 10.6s -> R2: 10.1s -> R3: 10.2s -> R4: 10.0s -> R5: 10.1s

  0%|          | 0/79 [00:00<?, ?it/s]
  3%|▎         | 2/79 [00:00<00:03, 19.35it/s]
  9%|▉         | 7/79 [00:00<00:02, 32.88it/s]
 15%|█▌        | 12/79 [00:00<00:01, 39.08it/s]
 22%|██▏       | 17/79 [00:00<00:01, 38.66it/s]
 28%|██▊       | 22/79 [00:00<00:01, 40.21it/s]
 34%|███▍      | 27/79 [00:00<00:01, 41.03it/s]
 41%|████      | 32/79 [00:00<00:01, 40.41it/s]
 47%|████▋     | 37/79 [00:00<00:00, 42.29it/s]
 53%|█████▎    | 42/79 [00:01<00:00, 40.20it/s]
 61%|██████    | 48/79 [00:01<00:00, 40.58it/s]
 67%|██████▋   | 53/79 [00:01<00:00, 42.87it/s]
 73%|███████▎  | 58/79 [00:01<00:00, 40.37it/s]
 80%|███████▉  | 63/79 [00:01<00:00, 42.70it/s]
 86%|████████▌ | 68/79 [00:01<00:00, 40.02it/s]
 94%|█████████▎| 74/79 [00:01<00:00, 40.45it/s]
100%|██████████| 79/79 [00:01<00:00, 40.34it/s]

CommRound: 15/30
Accuracy: 91.48% | Loss: 0.3077
[##############################------------------------------] 50.0%
Elapsed: 2.6m | Avg/Round: 10.3s | Last: 10.2s | Next: 10.3s | Remaining: 2.6m
ETA: 17:59:15
Recent round times: R1: 10.1s -> R2: 10.2s -> R3: 10.0s -> R4: 10.1s -> R5: 10.2s

  0%|          | 0/79 [00:00<?, ?it/s]
  4%|▍         | 3/79 [00:00<00:03, 23.71it/s]
 10%|█         | 8/79 [00:00<00:01, 35.74it/s]
 16%|█▋        | 13/79 [00:00<00:01, 37.38it/s]
 23%|██▎       | 18/79 [00:00<00:01, 39.11it/s]
 29%|██▉       | 23/79 [00:00<00:01, 40.30it/s]
 35%|███▌      | 28/79 [00:00<00:01, 40.30it/s]
 42%|████▏     | 33/79 [00:00<00:01, 42.14it/s]
 48%|████▊     | 38/79 [00:00<00:01, 40.81it/s]
 54%|█████▍    | 43/79 [00:01<00:00, 42.52it/s]
 61%|██████    | 48/79 [00:01<00:00, 40.25it/s]
 67%|██████▋   | 53/79 [00:01<00:00, 42.66it/s]
 73%|███████▎  | 58/79 [00:01<00:00, 40.17it/s]
 81%|████████  | 64/79 [00:01<00:00, 40.44it/s]
 87%|████████▋ | 69/79 [00:01<00:00, 42.64it/s]
 94%|█████████▎| 74/79 [00:01<00:00, 40.19it/s]
100%|██████████| 79/79 [00:01<00:00, 40.45it/s]

CommRound: 16/30
Accuracy: 91.51% | Loss: 0.3083
[################################----------------------------] 53.3%
Elapsed: 2.7m | Avg/Round: 10.3s | Last: 9.9s | Next: 10.3s | Remaining: 2.4m
ETA: 17:59:14
Recent round times: R1: 10.2s -> R2: 10.0s -> R3: 10.1s -> R4: 10.2s -> R5: 9.9s

  0%|          | 0/79 [00:00<?, ?it/s]
  4%|▍         | 3/79 [00:00<00:03, 23.04it/s]
 10%|█         | 8/79 [00:00<00:01, 36.44it/s]
 16%|█▋        | 13/79 [00:00<00:01, 36.11it/s]
 24%|██▍       | 19/79 [00:00<00:01, 38.73it/s]
 32%|███▏      | 25/79 [00:00<00:01, 39.64it/s]
 38%|███▊      | 30/79 [00:00<00:01, 42.21it/s]
 44%|████▍     | 35/79 [00:00<00:01, 39.30it/s]
 51%|█████     | 40/79 [00:01<00:00, 41.84it/s]
 57%|█████▋    | 45/79 [00:01<00:00, 39.11it/s]
 63%|██████▎   | 50/79 [00:01<00:00, 41.40it/s]
 70%|██████▉   | 55/79 [00:01<00:00, 38.91it/s]
 77%|███████▋  | 61/79 [00:01<00:00, 39.94it/s]
 85%|████████▍ | 67/79 [00:01<00:00, 40.49it/s]
 92%|█████████▏| 73/79 [00:01<00:00, 40.65it/s]
 99%|█████████▊| 78/79 [00:01<00:00, 42.77it/s]
100%|██████████| 79/79 [00:01<00:00, 40.26it/s]

CommRound: 17/30
Accuracy: 91.54% | Loss: 0.3088
[##################################--------------------------] 56.7%
Elapsed: 2.9m | Avg/Round: 10.3s | Last: 10.3s | Next: 10.3s | Remaining: 2.2m
ETA: 17:59:14
Recent round times: R1: 10.0s -> R2: 10.1s -> R3: 10.2s -> R4: 9.9s -> R5: 10.3s

  0%|          | 0/79 [00:00<?, ?it/s]
  1%|▏         | 1/79 [00:00<00:08,  9.09it/s]
  9%|▉         | 7/79 [00:00<00:02, 30.80it/s]
 16%|█▋        | 13/79 [00:00<00:01, 35.80it/s]
 24%|██▍       | 19/79 [00:00<00:01, 38.05it/s]
 32%|███▏      | 25/79 [00:00<00:01, 39.27it/s]
 38%|███▊      | 30/79 [00:00<00:01, 42.10it/s]
 44%|████▍     | 35/79 [00:00<00:01, 39.38it/s]
 51%|█████     | 40/79 [00:01<00:00, 42.02it/s]
 57%|█████▋    | 45/79 [00:01<00:00, 39.49it/s]
 63%|██████▎   | 50/79 [00:01<00:00, 42.16it/s]
 70%|██████▉   | 55/79 [00:01<00:00, 39.92it/s]
 77%|███████▋  | 61/79 [00:01<00:00, 40.32it/s]
 84%|████████▎ | 66/79 [00:01<00:00, 42.18it/s]
 90%|████████▉ | 71/79 [00:01<00:00, 38.82it/s]
 96%|█████████▌| 76/79 [00:01<00:00, 40.36it/s]
100%|██████████| 79/79 [00:02<00:00, 39.47it/s]

CommRound: 18/30
Accuracy: 91.57% | Loss: 0.3095
[####################################------------------------] 60.0%
Elapsed: 3.1m | Avg/Round: 10.3s | Last: 10.2s | Next: 10.3s | Remaining: 2.1m
ETA: 17:59:14
Recent round times: R1: 10.1s -> R2: 10.2s -> R3: 9.9s -> R4: 10.3s -> R5: 10.2s

  0%|          | 0/79 [00:00<?, ?it/s]
  4%|▍         | 3/79 [00:00<00:03, 22.15it/s]
  9%|▉         | 7/79 [00:00<00:02, 30.79it/s]
 14%|█▍        | 11/79 [00:00<00:01, 34.58it/s]
 20%|██        | 16/79 [00:00<00:01, 33.86it/s]
 25%|██▌       | 20/79 [00:00<00:01, 34.45it/s]
 30%|███       | 24/79 [00:00<00:01, 35.07it/s]
 35%|███▌      | 28/79 [00:00<00:01, 35.49it/s]
 41%|████      | 32/79 [00:00<00:01, 35.79it/s]
 46%|████▌     | 36/79 [00:01<00:01, 35.99it/s]
 51%|█████     | 40/79 [00:01<00:01, 36.18it/s]
 56%|█████▌    | 44/79 [00:01<00:00, 36.15it/s]
 61%|██████    | 48/79 [00:01<00:00, 35.38it/s]
 66%|██████▌   | 52/79 [00:01<00:00, 36.10it/s]
 71%|███████   | 56/79 [00:01<00:00, 36.41it/s]
 76%|███████▌  | 60/79 [00:01<00:00, 36.86it/s]
 81%|████████  | 64/79 [00:01<00:00, 37.19it/s]
 86%|████████▌ | 68/79 [00:01<00:00, 37.39it/s]
 91%|█████████ | 72/79 [00:02<00:00, 37.56it/s]
 96%|█████████▌| 76/79 [00:02<00:00, 37.30it/s]
100%|██████████| 79/79 [00:02<00:00, 36.01it/s]

CommRound: 19/30
Accuracy: 91.61% | Loss: 0.3101
[######################################----------------------] 63.3%
Elapsed: 3.3m | Avg/Round: 10.3s | Last: 10.5s | Next: 10.3s | Remaining: 1.9m
ETA: 17:59:14
Recent round times: R1: 10.2s -> R2: 9.9s -> R3: 10.3s -> R4: 10.2s -> R5: 10.5s

  0%|          | 0/79 [00:00<?, ?it/s]
  4%|▍         | 3/79 [00:00<00:03, 23.19it/s]
 10%|█         | 8/79 [00:00<00:01, 36.56it/s]
 16%|█▋        | 13/79 [00:00<00:01, 36.44it/s]
 23%|██▎       | 18/79 [00:00<00:01, 40.73it/s]
 29%|██▉       | 23/79 [00:00<00:01, 37.84it/s]
 37%|███▋      | 29/79 [00:00<00:01, 39.08it/s]
 43%|████▎     | 34/79 [00:00<00:01, 41.87it/s]
 49%|████▉     | 39/79 [00:01<00:00, 40.08it/s]
 56%|█████▌    | 44/79 [00:01<00:00, 42.39it/s]
 62%|██████▏   | 49/79 [00:01<00:00, 39.67it/s]
 70%|██████▉   | 55/79 [00:01<00:00, 40.58it/s]
 76%|███████▌  | 60/79 [00:01<00:00, 42.61it/s]
 82%|████████▏ | 65/79 [00:01<00:00, 40.68it/s]
 89%|████████▊ | 70/79 [00:01<00:00, 41.70it/s]
 95%|█████████▍| 75/79 [00:01<00:00, 40.88it/s]
100%|██████████| 79/79 [00:01<00:00, 40.39it/s]

CommRound: 20/30
Accuracy: 91.63% | Loss: 0.3105
[########################################--------------------] 66.7%
Elapsed: 3.4m | Avg/Round: 10.3s | Last: 10.0s | Next: 10.3s | Remaining: 1.7m
ETA: 17:59:14
Recent round times: R1: 9.9s -> R2: 10.3s -> R3: 10.2s -> R4: 10.5s -> R5: 10.0s

  0%|          | 0/79 [00:00<?, ?it/s]
  1%|▏         | 1/79 [00:00<00:07,  9.84it/s]
  9%|▉         | 7/79 [00:00<00:02, 31.55it/s]
 16%|█▋        | 13/79 [00:00<00:01, 36.71it/s]
 24%|██▍       | 19/79 [00:00<00:01, 39.04it/s]
 32%|███▏      | 25/79 [00:00<00:01, 40.63it/s]
 39%|███▉      | 31/79 [00:00<00:01, 41.22it/s]
 47%|████▋     | 37/79 [00:00<00:01, 41.48it/s]
 54%|█████▍    | 43/79 [00:01<00:00, 41.43it/s]
 62%|██████▏   | 49/79 [00:01<00:00, 41.41it/s]
 68%|██████▊   | 54/79 [00:01<00:00, 43.20it/s]
 75%|███████▍  | 59/79 [00:01<00:00, 40.56it/s]
 82%|████████▏ | 65/79 [00:01<00:00, 40.80it/s]
 89%|████████▊ | 70/79 [00:01<00:00, 42.67it/s]
 95%|█████████▍| 75/79 [00:01<00:00, 39.99it/s]
100%|██████████| 79/79 [00:01<00:00, 40.58it/s]

CommRound: 21/30
Accuracy: 91.63% | Loss: 0.3111
[##########################################------------------] 70.0%
Elapsed: 3.6m | Avg/Round: 10.3s | Last: 10.2s | Next: 10.3s | Remaining: 1.5m
ETA: 17:59:14
Recent round times: R1: 10.3s -> R2: 10.2s -> R3: 10.5s -> R4: 10.0s -> R5: 10.2s

  0%|          | 0/79 [00:00<?, ?it/s]
  4%|▍         | 3/79 [00:00<00:03, 22.28it/s]
 10%|█         | 8/79 [00:00<00:01, 36.36it/s]
 15%|█▌        | 12/79 [00:00<00:01, 37.56it/s]
 20%|██        | 16/79 [00:00<00:01, 38.23it/s]
 25%|██▌       | 20/79 [00:00<00:01, 38.77it/s]
 32%|███▏      | 25/79 [00:00<00:01, 37.15it/s]
 39%|███▉      | 31/79 [00:00<00:01, 38.85it/s]
 47%|████▋     | 37/79 [00:00<00:01, 39.77it/s]
 53%|█████▎    | 42/79 [00:01<00:00, 42.17it/s]
 59%|█████▉    | 47/79 [00:01<00:00, 39.73it/s]
 66%|██████▌   | 52/79 [00:01<00:00, 42.20it/s]
 72%|███████▏  | 57/79 [00:01<00:00, 40.12it/s]
 80%|███████▉  | 63/79 [00:01<00:00, 40.78it/s]
 87%|████████▋ | 69/79 [00:01<00:00, 41.36it/s]
 95%|█████████▍| 75/79 [00:01<00:00, 41.59it/s]
100%|██████████| 79/79 [00:01<00:00, 40.52it/s]

CommRound: 22/30
Accuracy: 91.61% | Loss: 0.3116
[############################################----------------] 73.3%
Elapsed: 3.8m | Avg/Round: 10.3s | Last: 10.2s | Next: 10.3s | Remaining: 1.4m
ETA: 17:59:14
Recent round times: R1: 10.2s -> R2: 10.5s -> R3: 10.0s -> R4: 10.2s -> R5: 10.2s

  0%|          | 0/79 [00:00<?, ?it/s]
  1%|▏         | 1/79 [00:00<00:08,  9.05it/s]
  9%|▉         | 7/79 [00:00<00:02, 30.64it/s]
 14%|█▍        | 11/79 [00:00<00:01, 34.23it/s]
 22%|██▏       | 17/79 [00:00<00:01, 38.11it/s]
 29%|██▉       | 23/79 [00:00<00:01, 39.62it/s]
 37%|███▋      | 29/79 [00:00<00:01, 40.69it/s]
 44%|████▍     | 35/79 [00:00<00:01, 40.76it/s]
 51%|█████     | 40/79 [00:01<00:00, 43.04it/s]
 57%|█████▋    | 45/79 [00:01<00:00, 40.14it/s]
 63%|██████▎   | 50/79 [00:01<00:00, 42.59it/s]
 70%|██████▉   | 55/79 [00:01<00:00, 39.83it/s]
 76%|███████▌  | 60/79 [00:01<00:00, 42.31it/s]
 82%|████████▏ | 65/79 [00:01<00:00, 40.38it/s]
 90%|████████▉ | 71/79 [00:01<00:00, 40.67it/s]
 97%|█████████▋| 77/79 [00:01<00:00, 40.91it/s]
100%|██████████| 79/79 [00:01<00:00, 40.22it/s]

CommRound: 23/30
Accuracy: 91.67% | Loss: 0.3121
[##############################################--------------] 76.7%
Elapsed: 3.9m | Avg/Round: 10.3s | Last: 10.3s | Next: 10.3s | Remaining: 1.2m
ETA: 17:59:14
Recent round times: R1: 10.5s -> R2: 10.0s -> R3: 10.2s -> R4: 10.2s -> R5: 10.3s

  0%|          | 0/79 [00:00<?, ?it/s]
  3%|▎         | 2/79 [00:00<00:03, 19.49it/s]
  9%|▉         | 7/79 [00:00<00:02, 28.69it/s]
 16%|█▋        | 13/79 [00:00<00:01, 34.76it/s]
 23%|██▎       | 18/79 [00:00<00:01, 39.56it/s]
 29%|██▉       | 23/79 [00:00<00:01, 37.80it/s]
 37%|███▋      | 29/79 [00:00<00:01, 39.20it/s]
 44%|████▍     | 35/79 [00:00<00:01, 39.98it/s]
 52%|█████▏    | 41/79 [00:01<00:00, 40.72it/s]
 59%|█████▉    | 47/79 [00:01<00:00, 41.17it/s]
 67%|██████▋   | 53/79 [00:01<00:00, 41.46it/s]
 75%|███████▍  | 59/79 [00:01<00:00, 41.60it/s]
 82%|████████▏ | 65/79 [00:01<00:00, 41.85it/s]
 90%|████████▉ | 71/79 [00:01<00:00, 41.92it/s]
 97%|█████████▋| 77/79 [00:01<00:00, 41.91it/s]
100%|██████████| 79/79 [00:01<00:00, 40.51it/s]

CommRound: 24/30
Accuracy: 91.67% | Loss: 0.3125
[################################################------------] 80.0%
Elapsed: 4.1m | Avg/Round: 10.3s | Last: 10.0s | Next: 10.3s | Remaining: 1.0m
ETA: 17:59:13
Recent round times: R1: 10.0s -> R2: 10.2s -> R3: 10.2s -> R4: 10.3s -> R5: 10.0s

  0%|          | 0/79 [00:00<?, ?it/s]
  4%|▍         | 3/79 [00:00<00:03, 23.68it/s]
 10%|█         | 8/79 [00:00<00:02, 35.36it/s]
 16%|█▋        | 13/79 [00:00<00:01, 37.77it/s]
 23%|██▎       | 18/79 [00:00<00:01, 38.82it/s]
 29%|██▉       | 23/79 [00:00<00:01, 40.05it/s]
 35%|███▌      | 28/79 [00:00<00:01, 39.70it/s]
 42%|████▏     | 33/79 [00:00<00:01, 39.71it/s]
 48%|████▊     | 38/79 [00:00<00:01, 40.24it/s]
 54%|█████▍    | 43/79 [00:01<00:00, 40.31it/s]
 61%|██████    | 48/79 [00:01<00:00, 40.74it/s]
 67%|██████▋   | 53/79 [00:01<00:00, 41.53it/s]
 73%|███████▎  | 58/79 [00:01<00:00, 40.55it/s]
 80%|███████▉  | 63/79 [00:01<00:00, 42.58it/s]
 86%|████████▌ | 68/79 [00:01<00:00, 40.39it/s]
 94%|█████████▎| 74/79 [00:01<00:00, 40.94it/s]
100%|██████████| 79/79 [00:01<00:00, 40.24it/s]

CommRound: 25/30
Accuracy: 91.69% | Loss: 0.3129
[##################################################----------] 83.3%
Elapsed: 4.3m | Avg/Round: 10.2s | Last: 10.1s | Next: 10.2s | Remaining: 0.9m
ETA: 17:59:13
Recent round times: R1: 10.2s -> R2: 10.2s -> R3: 10.3s -> R4: 10.0s -> R5: 10.1s

  0%|          | 0/79 [00:00<?, ?it/s]
  4%|▍         | 3/79 [00:00<00:03, 23.23it/s]
 11%|█▏        | 9/79 [00:00<00:02, 34.56it/s]
 19%|█▉        | 15/79 [00:00<00:01, 37.53it/s]
 27%|██▋       | 21/79 [00:00<00:01, 39.44it/s]
 34%|███▍      | 27/79 [00:00<00:01, 40.19it/s]
 42%|████▏     | 33/79 [00:00<00:01, 40.81it/s]
 49%|████▉     | 39/79 [00:00<00:00, 41.13it/s]
 56%|█████▌    | 44/79 [00:01<00:00, 43.00it/s]
 62%|██████▏   | 49/79 [00:01<00:00, 40.64it/s]
 68%|██████▊   | 54/79 [00:01<00:00, 42.58it/s]
 75%|███████▍  | 59/79 [00:01<00:00, 40.40it/s]
 81%|████████  | 64/79 [00:01<00:00, 42.64it/s]
 87%|████████▋ | 69/79 [00:01<00:00, 40.17it/s]
 95%|█████████▍| 75/79 [00:01<00:00, 40.82it/s]
100%|██████████| 79/79 [00:01<00:00, 40.96it/s]

CommRound: 26/30
Accuracy: 91.70% | Loss: 0.3134
[####################################################--------] 86.7%
Elapsed: 4.4m | Avg/Round: 10.2s | Last: 10.1s | Next: 10.2s | Remaining: 0.7m
ETA: 17:59:13
Recent round times: R1: 10.2s -> R2: 10.3s -> R3: 10.0s -> R4: 10.1s -> R5: 10.1s

  0%|          | 0/79 [00:00<?, ?it/s]
  3%|▎         | 2/79 [00:00<00:03, 19.34it/s]
  9%|▉         | 7/79 [00:00<00:02, 31.88it/s]
 15%|█▌        | 12/79 [00:00<00:01, 39.18it/s]
 22%|██▏       | 17/79 [00:00<00:01, 37.35it/s]
 28%|██▊       | 22/79 [00:00<00:01, 40.97it/s]
 34%|███▍      | 27/79 [00:00<00:01, 38.67it/s]
 41%|████      | 32/79 [00:00<00:01, 41.64it/s]
 47%|████▋     | 37/79 [00:00<00:01, 39.43it/s]
 54%|█████▍    | 43/79 [00:01<00:00, 40.12it/s]
 61%|██████    | 48/79 [00:01<00:00, 42.55it/s]
 67%|██████▋   | 53/79 [00:01<00:00, 39.75it/s]
 75%|███████▍  | 59/79 [00:01<00:00, 40.33it/s]
 81%|████████  | 64/79 [00:01<00:00, 42.64it/s]
 87%|████████▋ | 69/79 [00:01<00:00, 40.23it/s]
 95%|█████████▍| 75/79 [00:01<00:00, 40.71it/s]
100%|██████████| 79/79 [00:01<00:00, 40.44it/s]

CommRound: 27/30
Accuracy: 91.72% | Loss: 0.3137
[######################################################------] 90.0%
Elapsed: 4.6m | Avg/Round: 10.2s | Last: 10.4s | Next: 10.2s | Remaining: 0.5m
ETA: 17:59:13
Recent round times: R1: 10.3s -> R2: 10.0s -> R3: 10.1s -> R4: 10.1s -> R5: 10.4s

  0%|          | 0/79 [00:00<?, ?it/s]
  3%|▎         | 2/79 [00:00<00:03, 19.46it/s]
  9%|▉         | 7/79 [00:00<00:02, 31.31it/s]
 15%|█▌        | 12/79 [00:00<00:01, 38.85it/s]
 20%|██        | 16/79 [00:00<00:03, 20.77it/s]
 27%|██▋       | 21/79 [00:00<00:02, 24.74it/s]
 34%|███▍      | 27/79 [00:00<00:01, 29.53it/s]
 42%|████▏     | 33/79 [00:01<00:01, 33.10it/s]
 48%|████▊     | 38/79 [00:01<00:01, 36.72it/s]
 54%|█████▍    | 43/79 [00:01<00:00, 36.42it/s]
 61%|██████    | 48/79 [00:01<00:00, 39.37it/s]
 67%|██████▋   | 53/79 [00:01<00:00, 38.37it/s]
 75%|███████▍  | 59/79 [00:01<00:00, 39.50it/s]
 82%|████████▏ | 65/79 [00:01<00:00, 40.19it/s]
 90%|████████▉ | 71/79 [00:02<00:00, 40.77it/s]
 96%|█████████▌| 76/79 [00:02<00:00, 42.85it/s]
100%|██████████| 79/79 [00:02<00:00, 36.02it/s]

CommRound: 28/30
Accuracy: 91.72% | Loss: 0.3140
[########################################################----] 93.3%
Elapsed: 4.8m | Avg/Round: 10.3s | Last: 10.4s | Next: 10.3s | Remaining: 0.3m
ETA: 17:59:13
Recent round times: R1: 10.0s -> R2: 10.1s -> R3: 10.1s -> R4: 10.4s -> R5: 10.4s

  0%|          | 0/79 [00:00<?, ?it/s]
  4%|▍         | 3/79 [00:00<00:03, 22.90it/s]
 10%|█         | 8/79 [00:00<00:02, 34.86it/s]
 15%|█▌        | 12/79 [00:00<00:02, 24.07it/s]
 20%|██        | 16/79 [00:00<00:02, 28.45it/s]
 27%|██▋       | 21/79 [00:00<00:01, 31.78it/s]
 33%|███▎      | 26/79 [00:00<00:01, 35.15it/s]
 39%|███▉      | 31/79 [00:00<00:01, 36.40it/s]
 46%|████▌     | 36/79 [00:01<00:01, 38.04it/s]
 51%|█████     | 40/79 [00:01<00:01, 38.39it/s]
 57%|█████▋    | 45/79 [00:01<00:00, 39.12it/s]
 63%|██████▎   | 50/79 [00:01<00:00, 39.62it/s]
 70%|██████▉   | 55/79 [00:01<00:00, 40.04it/s]
 76%|███████▌  | 60/79 [00:01<00:00, 39.89it/s]
 82%|████████▏ | 65/79 [00:01<00:00, 40.49it/s]
 89%|████████▊ | 70/79 [00:01<00:00, 40.77it/s]
 95%|█████████▍| 75/79 [00:02<00:00, 40.53it/s]
100%|██████████| 79/79 [00:02<00:00, 37.35it/s]

CommRound: 29/30
Accuracy: 91.73% | Loss: 0.3144
[##########################################################--] 96.7%
Elapsed: 5.0m | Avg/Round: 10.3s | Last: 10.5s | Next: 10.3s | Remaining: 0.2m
ETA: 17:59:13
Recent round times: R1: 10.1s -> R2: 10.1s -> R3: 10.4s -> R4: 10.4s -> R5: 10.5s

  0%|          | 0/79 [00:00<?, ?it/s]
  4%|▍         | 3/79 [00:00<00:03, 22.54it/s]
  9%|▉         | 7/79 [00:00<00:04, 17.54it/s]
 15%|█▌        | 12/79 [00:00<00:02, 26.87it/s]
 22%|██▏       | 17/79 [00:00<00:02, 29.69it/s]
 29%|██▉       | 23/79 [00:00<00:01, 33.74it/s]
 35%|███▌      | 28/79 [00:00<00:01, 37.89it/s]
 42%|████▏     | 33/79 [00:01<00:01, 37.05it/s]
 49%|████▉     | 39/79 [00:01<00:01, 38.46it/s]
 57%|█████▋    | 45/79 [00:01<00:00, 39.61it/s]
 65%|██████▍   | 51/79 [00:01<00:00, 40.21it/s]
 72%|███████▏  | 57/79 [00:01<00:00, 40.70it/s]
 78%|███████▊  | 62/79 [00:01<00:00, 42.82it/s]
 85%|████████▍ | 67/79 [00:01<00:00, 40.46it/s]
 92%|█████████▏| 73/79 [00:01<00:00, 40.88it/s]
100%|██████████| 79/79 [00:02<00:00, 45.06it/s]
100%|██████████| 79/79 [00:02<00:00, 37.55it/s]

CommRound: 30/30
Accuracy: 91.73% | Loss: 0.3148
[############################################################] 100.0%
Elapsed: 5.1m | Avg/Round: 10.3s | Last: 10.4s | Next: 10.3s | Remaining: 0.0m
ETA: 17:59:14
Recent round times: R1: 10.1s -> R2: 10.4s -> R3: 10.4s -> R4: 10.5s -> R5: 10.4s
Total time for experiment: 308.07614183425903 seconds
Device average training time per communication round [s]:
    rpi (sld-rpi-09.ece.utexas.edu): 5.27 seconds
    mc1 (sld-mc1-09.ece.utexas.edu): 3.22 seconds
