
  0%|          | 0/79 [00:00<?, ?it/s]
  4%|▍         | 3/79 [00:00<00:03, 23.37it/s]
 10%|█         | 8/79 [00:00<00:01, 36.26it/s]
 15%|█▌        | 12/79 [00:00<00:01, 36.92it/s]
 20%|██        | 16/79 [00:00<00:01, 36.35it/s]
 25%|██▌       | 20/79 [00:00<00:01, 36.21it/s]
 30%|███       | 24/79 [00:00<00:01, 36.22it/s]
 35%|███▌      | 28/79 [00:00<00:01, 36.24it/s]
 41%|████      | 32/79 [00:00<00:01, 36.38it/s]
 46%|████▌     | 36/79 [00:01<00:01, 36.31it/s]
 51%|█████     | 40/79 [00:01<00:01, 36.31it/s]
 56%|█████▌    | 44/79 [00:01<00:00, 36.42it/s]
 61%|██████    | 48/79 [00:01<00:00, 36.16it/s]
 66%|██████▌   | 52/79 [00:01<00:00, 36.34it/s]
 71%|███████   | 56/79 [00:01<00:00, 36.46it/s]
 76%|███████▌  | 60/79 [00:01<00:00, 36.41it/s]
 81%|████████  | 64/79 [00:01<00:00, 35.95it/s]
 86%|████████▌ | 68/79 [00:01<00:00, 36.26it/s]
 91%|█████████ | 72/79 [00:01<00:00, 36.37it/s]
 96%|█████████▌| 76/79 [00:02<00:00, 36.16it/s]
100%|██████████| 79/79 [00:02<00:00, 36.17it/s]
Initial Accuracy: 6.17%; Initial Loss: 2.4119

  0%|          | 0/79 [00:00<?, ?it/s]
  1%|▏         | 1/79 [00:00<00:08,  9.66it/s]
  8%|▊         | 6/79 [00:00<00:02, 25.06it/s]
 13%|█▎        | 10/79 [00:00<00:02, 26.28it/s]
 18%|█▊        | 14/79 [00:00<00:02, 26.54it/s]
 23%|██▎       | 18/79 [00:00<00:02, 28.93it/s]
 29%|██▉       | 23/79 [00:00<00:01, 33.83it/s]
 34%|███▍      | 27/79 [00:00<00:01, 30.40it/s]
 39%|███▉      | 31/79 [00:01<00:01, 31.35it/s]
 44%|████▍     | 35/79 [00:01<00:01, 32.12it/s]
 49%|████▉     | 39/79 [00:01<00:01, 32.75it/s]
 54%|█████▍    | 43/79 [00:01<00:01, 33.06it/s]
 59%|█████▉    | 47/79 [00:01<00:00, 33.28it/s]
 65%|██████▍   | 51/79 [00:01<00:00, 33.49it/s]
 70%|██████▉   | 55/79 [00:01<00:00, 34.41it/s]
 75%|███████▍  | 59/79 [00:01<00:00, 35.78it/s]
 80%|███████▉  | 63/79 [00:01<00:00, 36.43it/s]
 85%|████████▍ | 67/79 [00:02<00:00, 36.65it/s]
 90%|████████▉ | 71/79 [00:02<00:00, 37.43it/s]
 95%|█████████▍| 75/79 [00:02<00:00, 37.24it/s]
100%|██████████| 79/79 [00:02<00:00, 33.55it/s]

CommRound: 1/30
Accuracy: 50.76% | Loss: 1.5268
[##----------------------------------------------------------] 3.3%
Elapsed: 0.2m | Avg/Round: 12.3s | Last: 10.1s | Next: 12.3s | Remaining: 6.0m
ETA: 21:27:56
Recent round times: R1: 10.1s

  0%|          | 0/79 [00:00<?, ?it/s]
  1%|▏         | 1/79 [00:00<00:08,  9.54it/s]
  9%|▉         | 7/79 [00:00<00:02, 31.39it/s]
 14%|█▍        | 11/79 [00:00<00:01, 34.74it/s]
 19%|█▉        | 15/79 [00:00<00:01, 35.91it/s]
 24%|██▍       | 19/79 [00:00<00:01, 37.22it/s]
 29%|██▉       | 23/79 [00:00<00:01, 38.00it/s]
 34%|███▍      | 27/79 [00:00<00:01, 38.59it/s]
 39%|███▉      | 31/79 [00:00<00:01, 38.98it/s]
 46%|████▌     | 36/79 [00:00<00:01, 42.12it/s]
 52%|█████▏    | 41/79 [00:01<00:00, 38.77it/s]
 57%|█████▋    | 45/79 [00:01<00:00, 38.81it/s]
 62%|██████▏   | 49/79 [00:01<00:00, 39.09it/s]
 70%|██████▉   | 55/79 [00:01<00:00, 39.88it/s]
 76%|███████▌  | 60/79 [00:01<00:00, 42.31it/s]
 82%|████████▏ | 65/79 [00:01<00:00, 39.39it/s]
 89%|████████▊ | 70/79 [00:01<00:00, 41.96it/s]
 95%|█████████▍| 75/79 [00:01<00:00, 39.66it/s]
100%|██████████| 79/79 [00:02<00:00, 39.21it/s]

CommRound: 2/30
Accuracy: 64.40% | Loss: 1.0031
[####--------------------------------------------------------] 6.7%
Elapsed: 0.4m | Avg/Round: 11.0s | Last: 9.7s | Next: 11.0s | Remaining: 5.1m
ETA: 21:27:16
Recent round times: R1: 10.1s -> R2: 9.7s

  0%|          | 0/79 [00:00<?, ?it/s]
  1%|▏         | 1/79 [00:00<00:08,  9.29it/s]
  9%|▉         | 7/79 [00:00<00:02, 31.22it/s]
 14%|█▍        | 11/79 [00:00<00:01, 34.11it/s]
 19%|█▉        | 15/79 [00:00<00:01, 35.26it/s]
 24%|██▍       | 19/79 [00:00<00:01, 36.18it/s]
 29%|██▉       | 23/79 [00:00<00:01, 36.97it/s]
 35%|███▌      | 28/79 [00:00<00:01, 40.87it/s]
 42%|████▏     | 33/79 [00:00<00:01, 38.45it/s]
 48%|████▊     | 38/79 [00:01<00:00, 41.32it/s]
 54%|█████▍    | 43/79 [00:01<00:00, 38.63it/s]
 59%|█████▉    | 47/79 [00:01<00:00, 38.83it/s]
 65%|██████▍   | 51/79 [00:01<00:00, 38.91it/s]
 70%|██████▉   | 55/79 [00:01<00:00, 38.77it/s]
 75%|███████▍  | 59/79 [00:01<00:00, 37.92it/s]
 80%|███████▉  | 63/79 [00:01<00:00, 37.90it/s]
 85%|████████▍ | 67/79 [00:01<00:00, 37.73it/s]
 90%|████████▉ | 71/79 [00:01<00:00, 36.94it/s]
 95%|█████████▍| 75/79 [00:02<00:00, 37.07it/s]
100%|██████████| 79/79 [00:02<00:00, 37.31it/s]

CommRound: 3/30
Accuracy: 74.59% | Loss: 0.7387
[######------------------------------------------------------] 10.0%
Elapsed: 0.5m | Avg/Round: 10.6s | Last: 9.8s | Next: 10.6s | Remaining: 4.8m
ETA: 21:27:04
Recent round times: R1: 10.1s -> R2: 9.7s -> R3: 9.8s

  0%|          | 0/79 [00:00<?, ?it/s]
  1%|▏         | 1/79 [00:00<00:08,  8.72it/s]
  9%|▉         | 7/79 [00:00<00:02, 30.22it/s]
 14%|█▍        | 11/79 [00:00<00:02, 33.20it/s]
 19%|█▉        | 15/79 [00:00<00:01, 34.53it/s]
 24%|██▍       | 19/79 [00:00<00:01, 35.28it/s]
 29%|██▉       | 23/79 [00:00<00:01, 35.94it/s]
 34%|███▍      | 27/79 [00:00<00:01, 36.28it/s]
 39%|███▉      | 31/79 [00:00<00:01, 36.46it/s]
 44%|████▍     | 35/79 [00:01<00:01, 37.02it/s]
 49%|████▉     | 39/79 [00:01<00:01, 37.36it/s]
 54%|█████▍    | 43/79 [00:01<00:00, 37.26it/s]
 59%|█████▉    | 47/79 [00:01<00:00, 36.70it/s]
 65%|██████▍   | 51/79 [00:01<00:00, 37.17it/s]
 70%|██████▉   | 55/79 [00:01<00:00, 36.09it/s]
 75%|███████▍  | 59/79 [00:01<00:00, 37.01it/s]
 80%|███████▉  | 63/79 [00:01<00:00, 35.69it/s]
 85%|████████▍ | 67/79 [00:01<00:00, 36.49it/s]
 90%|████████▉ | 71/79 [00:01<00:00, 36.82it/s]
 95%|█████████▍| 75/79 [00:02<00:00, 36.59it/s]
100%|██████████| 79/79 [00:02<00:00, 36.24it/s]

CommRound: 4/30
Accuracy: 76.48% | Loss: 0.7215
[########----------------------------------------------------] 13.3%
Elapsed: 0.7m | Avg/Round: 10.4s | Last: 9.9s | Next: 10.4s | Remaining: 4.5m
ETA: 21:26:59
Recent round times: R1: 10.1s -> R2: 9.7s -> R3: 9.8s -> R4: 9.9s

  0%|          | 0/79 [00:00<?, ?it/s]
  1%|▏         | 1/79 [00:00<00:08,  9.56it/s]
  9%|▉         | 7/79 [00:00<00:02, 34.68it/s]
 14%|█▍        | 11/79 [00:00<00:01, 35.71it/s]
 19%|█▉        | 15/79 [00:00<00:01, 35.59it/s]
 24%|██▍       | 19/79 [00:00<00:01, 35.48it/s]
 29%|██▉       | 23/79 [00:00<00:01, 35.70it/s]
 34%|███▍      | 27/79 [00:00<00:01, 35.71it/s]
 39%|███▉      | 31/79 [00:00<00:01, 35.70it/s]
 44%|████▍     | 35/79 [00:01<00:01, 35.32it/s]
 49%|████▉     | 39/79 [00:01<00:01, 35.53it/s]
 54%|█████▍    | 43/79 [00:01<00:01, 35.80it/s]
 59%|█████▉    | 47/79 [00:01<00:00, 35.92it/s]
 65%|██████▍   | 51/79 [00:01<00:00, 35.96it/s]
 70%|██████▉   | 55/79 [00:01<00:00, 36.45it/s]
 76%|███████▌  | 60/79 [00:01<00:00, 40.13it/s]
 82%|████████▏ | 65/79 [00:01<00:00, 37.52it/s]
 87%|████████▋ | 69/79 [00:01<00:00, 38.12it/s]
 94%|█████████▎| 74/79 [00:02<00:00, 41.36it/s]
100%|██████████| 79/79 [00:02<00:00, 42.36it/s]
100%|██████████| 79/79 [00:02<00:00, 37.00it/s]

CommRound: 5/30
Accuracy: 80.82% | Loss: 0.6212
[##########--------------------------------------------------] 16.7%
Elapsed: 0.9m | Avg/Round: 10.3s | Last: 9.7s | Next: 10.3s | Remaining: 4.3m
ETA: 21:26:54
Recent round times: R1: 10.1s -> R2: 9.7s -> R3: 9.8s -> R4: 9.9s -> R5: 9.7s

  0%|          | 0/79 [00:00<?, ?it/s]
  1%|▏         | 1/79 [00:00<00:13,  5.61it/s]
  8%|▊         | 6/79 [00:00<00:02, 25.03it/s]
 13%|█▎        | 10/79 [00:00<00:02, 25.49it/s]
 18%|█▊        | 14/79 [00:00<00:02, 28.51it/s]
 23%|██▎       | 18/79 [00:00<00:01, 31.68it/s]
 28%|██▊       | 22/79 [00:00<00:02, 27.82it/s]
 34%|███▍      | 27/79 [00:00<00:01, 33.17it/s]
 39%|███▉      | 31/79 [00:01<00:01, 33.56it/s]
 44%|████▍     | 35/79 [00:01<00:01, 29.61it/s]
 49%|████▉     | 39/79 [00:01<00:01, 26.87it/s]
 53%|█████▎    | 42/79 [00:01<00:01, 26.12it/s]
 57%|█████▋    | 45/79 [00:01<00:01, 24.43it/s]
 62%|██████▏   | 49/79 [00:01<00:01, 25.31it/s]
 67%|██████▋   | 53/79 [00:01<00:00, 26.73it/s]
 72%|███████▏  | 57/79 [00:02<00:00, 29.22it/s]
 77%|███████▋  | 61/79 [00:02<00:00, 30.91it/s]
 82%|████████▏ | 65/79 [00:02<00:00, 28.70it/s]
 89%|████████▊ | 70/79 [00:02<00:00, 33.19it/s]
 94%|█████████▎| 74/79 [00:02<00:00, 32.94it/s]
 99%|█████████▊| 78/79 [00:02<00:00, 32.87it/s]
100%|██████████| 79/79 [00:02<00:00, 29.15it/s]

CommRound: 6/30
Accuracy: 82.52% | Loss: 0.5942
[############------------------------------------------------] 20.0%
Elapsed: 1.0m | Avg/Round: 10.3s | Last: 10.4s | Next: 10.3s | Remaining: 4.1m
ETA: 21:26:55
Recent round times: R1: 9.7s -> R2: 9.8s -> R3: 9.9s -> R4: 9.7s -> R5: 10.4s

  0%|          | 0/79 [00:00<?, ?it/s]
  1%|▏         | 1/79 [00:00<00:09,  8.58it/s]
  9%|▉         | 7/79 [00:00<00:02, 31.43it/s]
 14%|█▍        | 11/79 [00:00<00:01, 34.20it/s]
 19%|█▉        | 15/79 [00:00<00:01, 36.23it/s]
 25%|██▌       | 20/79 [00:00<00:01, 40.58it/s]
 32%|███▏      | 25/79 [00:00<00:01, 38.08it/s]
 38%|███▊      | 30/79 [00:00<00:01, 41.41it/s]
 44%|████▍     | 35/79 [00:00<00:01, 39.81it/s]
 51%|█████     | 40/79 [00:01<00:00, 41.35it/s]
 57%|█████▋    | 45/79 [00:01<00:00, 40.28it/s]
 63%|██████▎   | 50/79 [00:01<00:00, 40.33it/s]
 70%|██████▉   | 55/79 [00:01<00:00, 39.95it/s]
 76%|███████▌  | 60/79 [00:01<00:00, 40.22it/s]
 82%|████████▏ | 65/79 [00:01<00:00, 41.39it/s]
 89%|████████▊ | 70/79 [00:01<00:00, 38.84it/s]
 94%|█████████▎| 74/79 [00:01<00:00, 38.54it/s]
 99%|█████████▊| 78/79 [00:02<00:00, 38.89it/s]
100%|██████████| 79/79 [00:02<00:00, 38.79it/s]

CommRound: 7/30
Accuracy: 79.60% | Loss: 0.7001
[##############----------------------------------------------] 23.3%
Elapsed: 1.2m | Avg/Round: 10.2s | Last: 9.7s | Next: 10.2s | Remaining: 3.9m
ETA: 21:26:52
Recent round times: R1: 9.8s -> R2: 9.9s -> R3: 9.7s -> R4: 10.4s -> R5: 9.7s

  0%|          | 0/79 [00:00<?, ?it/s]
  3%|▎         | 2/79 [00:00<00:04, 18.44it/s]
  9%|▉         | 7/79 [00:00<00:02, 31.01it/s]
 14%|█▍        | 11/79 [00:00<00:02, 33.69it/s]
 19%|█▉        | 15/79 [00:00<00:01, 35.62it/s]
 24%|██▍       | 19/79 [00:00<00:01, 36.80it/s]
 29%|██▉       | 23/79 [00:00<00:01, 37.47it/s]
 34%|███▍      | 27/79 [00:00<00:01, 37.82it/s]
 39%|███▉      | 31/79 [00:00<00:01, 38.11it/s]
 44%|████▍     | 35/79 [00:00<00:01, 38.66it/s]
 51%|█████     | 40/79 [00:01<00:01, 38.70it/s]
 56%|█████▌    | 44/79 [00:01<00:00, 38.87it/s]
 62%|██████▏   | 49/79 [00:01<00:00, 41.78it/s]
 68%|██████▊   | 54/79 [00:01<00:00, 38.71it/s]
 75%|███████▍  | 59/79 [00:01<00:00, 41.50it/s]
 81%|████████  | 64/79 [00:01<00:00, 38.63it/s]
 87%|████████▋ | 69/79 [00:01<00:00, 41.29it/s]
 94%|█████████▎| 74/79 [00:01<00:00, 38.72it/s]
100%|██████████| 79/79 [00:02<00:00, 41.40it/s]
100%|██████████| 79/79 [00:02<00:00, 38.34it/s]

CommRound: 8/30
Accuracy: 82.93% | Loss: 0.5622
[################--------------------------------------------] 26.7%
Elapsed: 1.4m | Avg/Round: 10.2s | Last: 9.7s | Next: 10.2s | Remaining: 3.7m
ETA: 21:26:50
Recent round times: R1: 9.9s -> R2: 9.7s -> R3: 10.4s -> R4: 9.7s -> R5: 9.7s

  0%|          | 0/79 [00:00<?, ?it/s]
  1%|▏         | 1/79 [00:00<00:07,  9.81it/s]
  9%|▉         | 7/79 [00:00<00:02, 31.12it/s]
 14%|█▍        | 11/79 [00:00<00:02, 33.74it/s]
 19%|█▉        | 15/79 [00:00<00:01, 35.51it/s]
 24%|██▍       | 19/79 [00:00<00:01, 36.55it/s]
 29%|██▉       | 23/79 [00:00<00:01, 37.18it/s]
 34%|███▍      | 27/79 [00:00<00:01, 37.54it/s]
 39%|███▉      | 31/79 [00:00<00:01, 37.88it/s]
 44%|████▍     | 35/79 [00:00<00:01, 38.03it/s]
 49%|████▉     | 39/79 [00:01<00:01, 38.26it/s]
 54%|█████▍    | 43/79 [00:01<00:00, 38.33it/s]
 59%|█████▉    | 47/79 [00:01<00:00, 38.30it/s]
 65%|██████▍   | 51/79 [00:01<00:00, 38.31it/s]
 70%|██████▉   | 55/79 [00:01<00:00, 38.45it/s]
 75%|███████▍  | 59/79 [00:01<00:00, 38.86it/s]
 81%|████████  | 64/79 [00:01<00:00, 40.56it/s]
 87%|████████▋ | 69/79 [00:01<00:00, 40.18it/s]
 94%|█████████▎| 74/79 [00:01<00:00, 40.48it/s]
100%|██████████| 79/79 [00:02<00:00, 42.75it/s]
100%|██████████| 79/79 [00:02<00:00, 38.09it/s]

CommRound: 9/30
Accuracy: 85.14% | Loss: 0.5211
[##################------------------------------------------] 30.0%
Elapsed: 1.5m | Avg/Round: 10.1s | Last: 9.8s | Next: 10.1s | Remaining: 3.5m
ETA: 21:26:49
Recent round times: R1: 9.7s -> R2: 10.4s -> R3: 9.7s -> R4: 9.7s -> R5: 9.8s

  0%|          | 0/79 [00:00<?, ?it/s]
  1%|▏         | 1/79 [00:00<00:10,  7.57it/s]
  9%|▉         | 7/79 [00:00<00:02, 28.57it/s]
 14%|█▍        | 11/79 [00:00<00:02, 32.31it/s]
 19%|█▉        | 15/79 [00:00<00:01, 34.36it/s]
 24%|██▍       | 19/79 [00:00<00:01, 31.80it/s]
 29%|██▉       | 23/79 [00:00<00:01, 32.71it/s]
 34%|███▍      | 27/79 [00:00<00:01, 32.86it/s]
 39%|███▉      | 31/79 [00:00<00:01, 34.09it/s]
 44%|████▍     | 35/79 [00:01<00:01, 35.31it/s]
 49%|████▉     | 39/79 [00:01<00:01, 36.46it/s]
 54%|█████▍    | 43/79 [00:01<00:00, 37.00it/s]
 59%|█████▉    | 47/79 [00:01<00:00, 35.81it/s]
 66%|██████▌   | 52/79 [00:01<00:00, 36.00it/s]
 71%|███████   | 56/79 [00:01<00:00, 36.60it/s]
 76%|███████▌  | 60/79 [00:01<00:00, 36.99it/s]
 81%|████████  | 64/79 [00:01<00:00, 37.21it/s]
 86%|████████▌ | 68/79 [00:02<00:00, 29.02it/s]
 92%|█████████▏| 73/79 [00:02<00:00, 33.44it/s]
 97%|█████████▋| 77/79 [00:02<00:00, 22.77it/s]
100%|██████████| 79/79 [00:02<00:00, 31.35it/s]

CommRound: 10/30
Accuracy: 85.16% | Loss: 0.5269
[####################----------------------------------------] 33.3%
Elapsed: 1.7m | Avg/Round: 10.1s | Last: 10.2s | Next: 10.1s | Remaining: 3.4m
ETA: 21:26:49
Recent round times: R1: 10.4s -> R2: 9.7s -> R3: 9.7s -> R4: 9.8s -> R5: 10.2s

  0%|          | 0/79 [00:00<?, ?it/s]
  1%|▏         | 1/79 [00:00<00:08,  8.87it/s]
  9%|▉         | 7/79 [00:00<00:02, 30.03it/s]
 14%|█▍        | 11/79 [00:00<00:02, 33.55it/s]
 19%|█▉        | 15/79 [00:00<00:01, 35.20it/s]
 24%|██▍       | 19/79 [00:00<00:01, 36.27it/s]
 29%|██▉       | 23/79 [00:00<00:01, 36.91it/s]
 34%|███▍      | 27/79 [00:00<00:01, 36.62it/s]
 39%|███▉      | 31/79 [00:00<00:01, 37.18it/s]
 44%|████▍     | 35/79 [00:00<00:01, 37.76it/s]
 49%|████▉     | 39/79 [00:01<00:01, 37.79it/s]
 54%|█████▍    | 43/79 [00:01<00:00, 38.07it/s]
 59%|█████▉    | 47/79 [00:01<00:00, 38.38it/s]
 65%|██████▍   | 51/79 [00:01<00:00, 38.56it/s]
 70%|██████▉   | 55/79 [00:01<00:00, 38.66it/s]
 75%|███████▍  | 59/79 [00:01<00:00, 38.74it/s]
 80%|███████▉  | 63/79 [00:01<00:00, 38.72it/s]
 85%|████████▍ | 67/79 [00:01<00:00, 38.67it/s]
 90%|████████▉ | 71/79 [00:01<00:00, 38.59it/s]
 95%|█████████▍| 75/79 [00:02<00:00, 38.76it/s]
100%|██████████| 79/79 [00:02<00:00, 37.54it/s]

CommRound: 11/30
Accuracy: 86.69% | Loss: 0.4903
[######################--------------------------------------] 36.7%
Elapsed: 1.8m | Avg/Round: 10.1s | Last: 9.6s | Next: 10.1s | Remaining: 3.2m
ETA: 21:26:48
Recent round times: R1: 9.7s -> R2: 9.7s -> R3: 9.8s -> R4: 10.2s -> R5: 9.6s

  0%|          | 0/79 [00:00<?, ?it/s]
  1%|▏         | 1/79 [00:00<00:07,  9.79it/s]
  9%|▉         | 7/79 [00:00<00:02, 32.44it/s]
 14%|█▍        | 11/79 [00:00<00:01, 34.73it/s]
 19%|█▉        | 15/79 [00:00<00:01, 36.34it/s]
 25%|██▌       | 20/79 [00:00<00:01, 39.61it/s]
 30%|███       | 24/79 [00:00<00:01, 39.48it/s]
 35%|███▌      | 28/79 [00:00<00:01, 39.49it/s]
 41%|████      | 32/79 [00:00<00:01, 39.43it/s]
 47%|████▋     | 37/79 [00:00<00:01, 39.99it/s]
 53%|█████▎    | 42/79 [00:01<00:00, 39.43it/s]
 58%|█████▊    | 46/79 [00:01<00:00, 39.48it/s]
 63%|██████▎   | 50/79 [00:01<00:00, 39.52it/s]
 68%|██████▊   | 54/79 [00:01<00:00, 39.28it/s]
 73%|███████▎  | 58/79 [00:01<00:00, 39.46it/s]
 78%|███████▊  | 62/79 [00:01<00:00, 39.19it/s]
 85%|████████▍ | 67/79 [00:01<00:00, 42.10it/s]
 91%|█████████ | 72/79 [00:01<00:00, 38.75it/s]
 96%|█████████▌| 76/79 [00:01<00:00, 38.67it/s]
100%|██████████| 79/79 [00:02<00:00, 38.67it/s]

CommRound: 12/30
Accuracy: 85.52% | Loss: 0.5420
[########################------------------------------------] 40.0%
Elapsed: 2.0m | Avg/Round: 10.0s | Last: 9.8s | Next: 10.0s | Remaining: 3.0m
ETA: 21:26:47
Recent round times: R1: 9.7s -> R2: 9.8s -> R3: 10.2s -> R4: 9.6s -> R5: 9.8s

  0%|          | 0/79 [00:00<?, ?it/s]
  1%|▏         | 1/79 [00:00<00:08,  9.11it/s]
  9%|▉         | 7/79 [00:00<00:02, 30.93it/s]
 14%|█▍        | 11/79 [00:00<00:02, 33.70it/s]
 19%|█▉        | 15/79 [00:00<00:01, 35.07it/s]
 24%|██▍       | 19/79 [00:00<00:01, 36.31it/s]
 29%|██▉       | 23/79 [00:00<00:01, 37.07it/s]
 34%|███▍      | 27/79 [00:00<00:01, 37.70it/s]
 39%|███▉      | 31/79 [00:00<00:01, 38.38it/s]
 44%|████▍     | 35/79 [00:00<00:01, 38.74it/s]
 49%|████▉     | 39/79 [00:01<00:01, 38.53it/s]
 54%|█████▍    | 43/79 [00:01<00:00, 38.54it/s]
 59%|█████▉    | 47/79 [00:01<00:00, 38.90it/s]
 65%|██████▍   | 51/79 [00:01<00:00, 39.06it/s]
 70%|██████▉   | 55/79 [00:01<00:00, 39.08it/s]
 75%|███████▍  | 59/79 [00:01<00:00, 38.92it/s]
 80%|███████▉  | 63/79 [00:01<00:00, 38.83it/s]
 85%|████████▍ | 67/79 [00:01<00:00, 38.56it/s]
 90%|████████▉ | 71/79 [00:01<00:00, 38.07it/s]
 95%|█████████▍| 75/79 [00:02<00:00, 37.81it/s]
100%|██████████| 79/79 [00:02<00:00, 37.56it/s]

CommRound: 13/30
Accuracy: 86.41% | Loss: 0.5189
[##########################----------------------------------] 43.3%
Elapsed: 2.2m | Avg/Round: 10.0s | Last: 9.7s | Next: 10.0s | Remaining: 2.8m
ETA: 21:26:46
Recent round times: R1: 9.8s -> R2: 10.2s -> R3: 9.6s -> R4: 9.8s -> R5: 9.7s

  0%|          | 0/79 [00:00<?, ?it/s]
  1%|▏         | 1/79 [00:00<00:23,  3.33it/s]
  3%|▎         | 2/79 [00:00<00:16,  4.63it/s]
  9%|▉         | 7/79 [00:00<00:04, 15.55it/s]
 15%|█▌        | 12/79 [00:00<00:02, 23.52it/s]
 20%|██        | 16/79 [00:00<00:02, 23.89it/s]
 25%|██▌       | 20/79 [00:01<00:02, 22.73it/s]
 30%|███       | 24/79 [00:01<00:02, 23.71it/s]
 35%|███▌      | 28/79 [00:01<00:02, 24.01it/s]
 41%|████      | 32/79 [00:01<00:02, 23.43it/s]
 46%|████▌     | 36/79 [00:01<00:01, 24.39it/s]
 51%|█████     | 40/79 [00:01<00:01, 25.40it/s]
 56%|█████▌    | 44/79 [00:02<00:01, 23.75it/s]
 61%|██████    | 48/79 [00:02<00:01, 24.75it/s]
 65%|██████▍   | 51/79 [00:02<00:01, 24.68it/s]
 70%|██████▉   | 55/79 [00:02<00:00, 27.42it/s]
 73%|███████▎  | 58/79 [00:02<00:00, 25.49it/s]
 78%|███████▊  | 62/79 [00:02<00:00, 28.55it/s]
 84%|████████▎ | 66/79 [00:02<00:00, 30.57it/s]
 89%|████████▊ | 70/79 [00:02<00:00, 31.79it/s]
 94%|█████████▎| 74/79 [00:03<00:00, 31.96it/s]
 99%|█████████▊| 78/79 [00:03<00:00, 32.32it/s]
100%|██████████| 79/79 [00:03<00:00, 24.81it/s]

CommRound: 14/30
Accuracy: 86.95% | Loss: 0.4947
[############################--------------------------------] 46.7%
Elapsed: 2.3m | Avg/Round: 10.1s | Last: 10.7s | Next: 10.1s | Remaining: 2.7m
ETA: 21:26:48
Recent round times: R1: 10.2s -> R2: 9.6s -> R3: 9.8s -> R4: 9.7s -> R5: 10.7s

  0%|          | 0/79 [00:00<?, ?it/s]
  1%|▏         | 1/79 [00:00<00:07,  9.83it/s]
  9%|▉         | 7/79 [00:00<00:02, 30.26it/s]
 14%|█▍        | 11/79 [00:00<00:02, 33.78it/s]
 19%|█▉        | 15/79 [00:00<00:01, 33.99it/s]
 25%|██▌       | 20/79 [00:00<00:01, 39.04it/s]
 32%|███▏      | 25/79 [00:00<00:01, 37.36it/s]
 39%|███▉      | 31/79 [00:00<00:01, 38.70it/s]
 47%|████▋     | 37/79 [00:01<00:01, 40.03it/s]
 54%|█████▍    | 43/79 [00:01<00:00, 40.58it/s]
 62%|██████▏   | 49/79 [00:01<00:00, 41.20it/s]
 68%|██████▊   | 54/79 [00:01<00:00, 43.17it/s]
 75%|███████▍  | 59/79 [00:01<00:00, 40.56it/s]
 81%|████████  | 64/79 [00:01<00:00, 42.30it/s]
 87%|████████▋ | 69/79 [00:01<00:00, 39.38it/s]
 94%|█████████▎| 74/79 [00:01<00:00, 41.50it/s]
100%|██████████| 79/79 [00:01<00:00, 43.26it/s]
100%|██████████| 79/79 [00:02<00:00, 39.29it/s]

CommRound: 15/30
Accuracy: 87.32% | Loss: 0.4856
[##############################------------------------------] 50.0%
Elapsed: 2.5m | Avg/Round: 10.0s | Last: 9.6s | Next: 10.0s | Remaining: 2.5m
ETA: 21:26:47
Recent round times: R1: 9.6s -> R2: 9.8s -> R3: 9.7s -> R4: 10.7s -> R5: 9.6s

  0%|          | 0/79 [00:00<?, ?it/s]
  1%|▏         | 1/79 [00:00<00:08,  8.89it/s]
  9%|▉         | 7/79 [00:00<00:02, 31.03it/s]
 14%|█▍        | 11/79 [00:00<00:01, 34.51it/s]
 19%|█▉        | 15/79 [00:00<00:01, 36.23it/s]
 24%|██▍       | 19/79 [00:00<00:01, 37.36it/s]
 30%|███       | 24/79 [00:00<00:01, 38.15it/s]
 35%|███▌      | 28/79 [00:00<00:01, 38.28it/s]
 41%|████      | 32/79 [00:00<00:01, 38.35it/s]
 46%|████▌     | 36/79 [00:00<00:01, 38.52it/s]
 51%|█████     | 40/79 [00:01<00:01, 38.58it/s]
 56%|█████▌    | 44/79 [00:01<00:00, 38.66it/s]
 61%|██████    | 48/79 [00:01<00:00, 38.78it/s]
 66%|██████▌   | 52/79 [00:01<00:00, 38.85it/s]
 71%|███████   | 56/79 [00:01<00:00, 38.90it/s]
 76%|███████▌  | 60/79 [00:01<00:00, 38.88it/s]
 81%|████████  | 64/79 [00:01<00:00, 37.96it/s]
 89%|████████▊ | 70/79 [00:01<00:00, 39.17it/s]
 94%|█████████▎| 74/79 [00:01<00:00, 39.17it/s]
 99%|█████████▊| 78/79 [00:02<00:00, 39.15it/s]
100%|██████████| 79/79 [00:02<00:00, 37.89it/s]

CommRound: 16/30
Accuracy: 87.76% | Loss: 0.4822
[################################----------------------------] 53.3%
Elapsed: 2.7m | Avg/Round: 10.0s | Last: 9.8s | Next: 10.0s | Remaining: 2.3m
ETA: 21:26:46
Recent round times: R1: 9.8s -> R2: 9.7s -> R3: 10.7s -> R4: 9.6s -> R5: 9.8s

  0%|          | 0/79 [00:00<?, ?it/s]
  1%|▏         | 1/79 [00:00<00:10,  7.31it/s]
  9%|▉         | 7/79 [00:00<00:02, 28.23it/s]
 14%|█▍        | 11/79 [00:00<00:02, 32.36it/s]
 19%|█▉        | 15/79 [00:00<00:01, 34.89it/s]
 24%|██▍       | 19/79 [00:00<00:01, 36.24it/s]
 29%|██▉       | 23/79 [00:00<00:01, 37.26it/s]
 34%|███▍      | 27/79 [00:00<00:01, 38.07it/s]
 41%|████      | 32/79 [00:00<00:01, 39.02it/s]
 46%|████▌     | 36/79 [00:01<00:01, 38.82it/s]
 51%|█████     | 40/79 [00:01<00:00, 39.15it/s]
 56%|█████▌    | 44/79 [00:01<00:00, 38.83it/s]
 61%|██████    | 48/79 [00:01<00:00, 38.86it/s]
 67%|██████▋   | 53/79 [00:01<00:00, 40.86it/s]
 73%|███████▎  | 58/79 [00:01<00:00, 39.30it/s]
 80%|███████▉  | 63/79 [00:01<00:00, 40.60it/s]
 86%|████████▌ | 68/79 [00:01<00:00, 39.33it/s]
 91%|█████████ | 72/79 [00:01<00:00, 39.30it/s]
 96%|█████████▌| 76/79 [00:02<00:00, 39.10it/s]
100%|██████████| 79/79 [00:02<00:00, 37.79it/s]

CommRound: 17/30
Accuracy: 87.93% | Loss: 0.4812
[##################################--------------------------] 56.7%
Elapsed: 2.8m | Avg/Round: 10.0s | Last: 9.8s | Next: 10.0s | Remaining: 2.2m
ETA: 21:26:46
Recent round times: R1: 9.7s -> R2: 10.7s -> R3: 9.6s -> R4: 9.8s -> R5: 9.8s

  0%|          | 0/79 [00:00<?, ?it/s]
  1%|▏         | 1/79 [00:00<00:09,  8.61it/s]
  8%|▊         | 6/79 [00:00<00:02, 28.69it/s]
 13%|█▎        | 10/79 [00:00<00:02, 32.61it/s]
 18%|█▊        | 14/79 [00:00<00:01, 34.38it/s]
 23%|██▎       | 18/79 [00:00<00:01, 34.19it/s]
 29%|██▉       | 23/79 [00:00<00:01, 37.51it/s]
 34%|███▍      | 27/79 [00:00<00:01, 37.83it/s]
 39%|███▉      | 31/79 [00:00<00:01, 38.13it/s]
 44%|████▍     | 35/79 [00:00<00:01, 38.20it/s]
 49%|████▉     | 39/79 [00:01<00:01, 38.24it/s]
 54%|█████▍    | 43/79 [00:01<00:00, 38.22it/s]
 59%|█████▉    | 47/79 [00:01<00:00, 38.24it/s]
 65%|██████▍   | 51/79 [00:01<00:00, 38.30it/s]
 70%|██████▉   | 55/79 [00:01<00:00, 38.27it/s]
 75%|███████▍  | 59/79 [00:01<00:00, 38.20it/s]
 80%|███████▉  | 63/79 [00:01<00:00, 38.34it/s]
 85%|████████▍ | 67/79 [00:01<00:00, 38.32it/s]
 90%|████████▉ | 71/79 [00:01<00:00, 38.27it/s]
 95%|█████████▍| 75/79 [00:02<00:00, 38.25it/s]
100%|██████████| 79/79 [00:02<00:00, 37.16it/s]

CommRound: 18/30
Accuracy: 88.13% | Loss: 0.4804
[####################################------------------------] 60.0%
Elapsed: 3.0m | Avg/Round: 10.0s | Last: 9.8s | Next: 10.0s | Remaining: 2.0m
ETA: 21:26:46
Recent round times: R1: 10.7s -> R2: 9.6s -> R3: 9.8s -> R4: 9.8s -> R5: 9.8s

  0%|          | 0/79 [00:00<?, ?it/s]
  1%|▏         | 1/79 [00:00<00:09,  8.24it/s]
  9%|▉         | 7/79 [00:00<00:02, 30.10it/s]
 14%|█▍        | 11/79 [00:00<00:02, 33.72it/s]
 19%|█▉        | 15/79 [00:00<00:01, 35.57it/s]
 24%|██▍       | 19/79 [00:00<00:01, 36.63it/s]
 29%|██▉       | 23/79 [00:00<00:01, 37.43it/s]
 34%|███▍      | 27/79 [00:00<00:01, 37.82it/s]
 39%|███▉      | 31/79 [00:00<00:01, 38.15it/s]
 44%|████▍     | 35/79 [00:00<00:01, 38.42it/s]
 49%|████▉     | 39/79 [00:01<00:01, 38.57it/s]
 54%|█████▍    | 43/79 [00:01<00:00, 38.68it/s]
 59%|█████▉    | 47/79 [00:01<00:00, 38.68it/s]
 65%|██████▍   | 51/79 [00:01<00:00, 38.45it/s]
 70%|██████▉   | 55/79 [00:01<00:00, 38.51it/s]
 75%|███████▍  | 59/79 [00:01<00:00, 37.75it/s]
 80%|███████▉  | 63/79 [00:01<00:00, 37.15it/s]
 85%|████████▍ | 67/79 [00:01<00:00, 35.73it/s]
 90%|████████▉ | 71/79 [00:01<00:00, 34.70it/s]
 95%|█████████▍| 75/79 [00:02<00:00, 34.21it/s]
100%|██████████| 79/79 [00:02<00:00, 35.37it/s]
100%|██████████| 79/79 [00:02<00:00, 35.84it/s]

CommRound: 19/30
Accuracy: 88.24% | Loss: 0.4798
[######################################----------------------] 63.3%
Elapsed: 3.2m | Avg/Round: 10.0s | Last: 9.8s | Next: 10.0s | Remaining: 1.8m
ETA: 21:26:45
Recent round times: R1: 9.6s -> R2: 9.8s -> R3: 9.8s -> R4: 9.8s -> R5: 9.8s

  0%|          | 0/79 [00:00<?, ?it/s]
  1%|▏         | 1/79 [00:00<00:08,  9.75it/s]
  8%|▊         | 6/79 [00:00<00:02, 31.32it/s]
 13%|█▎        | 10/79 [00:00<00:02, 31.91it/s]
 18%|█▊        | 14/79 [00:00<00:02, 32.42it/s]
 24%|██▍       | 19/79 [00:00<00:01, 37.91it/s]
 30%|███       | 24/79 [00:00<00:01, 36.80it/s]
 38%|███▊      | 30/79 [00:00<00:01, 38.96it/s]
 44%|████▍     | 35/79 [00:00<00:01, 41.51it/s]
 51%|█████     | 40/79 [00:01<00:00, 39.69it/s]
 57%|█████▋    | 45/79 [00:01<00:00, 42.10it/s]
 63%|██████▎   | 50/79 [00:01<00:00, 39.58it/s]
 70%|██████▉   | 55/79 [00:01<00:00, 42.14it/s]
 76%|███████▌  | 60/79 [00:01<00:00, 39.54it/s]
 82%|████████▏ | 65/79 [00:01<00:00, 41.69it/s]
 89%|████████▊ | 70/79 [00:01<00:00, 39.62it/s]
 95%|█████████▍| 75/79 [00:01<00:00, 42.13it/s]
100%|██████████| 79/79 [00:02<00:00, 38.91it/s]

CommRound: 20/30
Accuracy: 88.36% | Loss: 0.4785
[########################################--------------------] 66.7%
Elapsed: 3.3m | Avg/Round: 10.0s | Last: 9.6s | Next: 10.0s | Remaining: 1.7m
ETA: 21:26:45
Recent round times: R1: 9.8s -> R2: 9.8s -> R3: 9.8s -> R4: 9.8s -> R5: 9.6s

  0%|          | 0/79 [00:00<?, ?it/s]
  1%|▏         | 1/79 [00:00<00:11,  6.52it/s]
  9%|▉         | 7/79 [00:00<00:02, 27.03it/s]
 14%|█▍        | 11/79 [00:00<00:02, 28.27it/s]
 19%|█▉        | 15/79 [00:00<00:02, 31.13it/s]
 24%|██▍       | 19/79 [00:00<00:02, 27.64it/s]
 29%|██▉       | 23/79 [00:00<00:02, 25.90it/s]
 34%|███▍      | 27/79 [00:01<00:01, 26.72it/s]
 39%|███▉      | 31/79 [00:01<00:01, 29.20it/s]
 44%|████▍     | 35/79 [00:01<00:01, 31.33it/s]
 49%|████▉     | 39/79 [00:01<00:01, 33.25it/s]
 54%|█████▍    | 43/79 [00:01<00:01, 34.66it/s]
 59%|█████▉    | 47/79 [00:01<00:00, 35.62it/s]
 65%|██████▍   | 51/79 [00:01<00:00, 35.73it/s]
 70%|██████▉   | 55/79 [00:01<00:00, 34.02it/s]
 75%|███████▍  | 59/79 [00:01<00:00, 34.90it/s]
 80%|███████▉  | 63/79 [00:02<00:00, 35.52it/s]
 85%|████████▍ | 67/79 [00:02<00:00, 35.68it/s]
 90%|████████▉ | 71/79 [00:02<00:00, 33.72it/s]
 95%|█████████▍| 75/79 [00:02<00:00, 34.99it/s]
100%|██████████| 79/79 [00:02<00:00, 36.11it/s]
100%|██████████| 79/79 [00:02<00:00, 31.79it/s]

CommRound: 21/30
Accuracy: 88.38% | Loss: 0.4778
[##########################################------------------] 70.0%
Elapsed: 3.5m | Avg/Round: 10.0s | Last: 10.1s | Next: 10.0s | Remaining: 1.5m
ETA: 21:26:45
Recent round times: R1: 9.8s -> R2: 9.8s -> R3: 9.8s -> R4: 9.6s -> R5: 10.1s

  0%|          | 0/79 [00:00<?, ?it/s]
  1%|▏         | 1/79 [00:00<00:10,  7.69it/s]
  9%|▉         | 7/79 [00:00<00:02, 29.26it/s]
 14%|█▍        | 11/79 [00:00<00:02, 32.18it/s]
 19%|█▉        | 15/79 [00:00<00:01, 32.21it/s]
 24%|██▍       | 19/79 [00:00<00:01, 31.06it/s]
 29%|██▉       | 23/79 [00:00<00:02, 25.32it/s]
 35%|███▌      | 28/79 [00:01<00:01, 27.57it/s]
 41%|████      | 32/79 [00:01<00:01, 28.76it/s]
 46%|████▌     | 36/79 [00:01<00:01, 31.11it/s]
 51%|█████     | 40/79 [00:01<00:01, 32.96it/s]
 56%|█████▌    | 44/79 [00:01<00:01, 33.34it/s]
 61%|██████    | 48/79 [00:01<00:00, 32.90it/s]
 66%|██████▌   | 52/79 [00:01<00:00, 31.67it/s]
 72%|███████▏  | 57/79 [00:01<00:00, 33.16it/s]
 77%|███████▋  | 61/79 [00:02<00:00, 29.37it/s]
 82%|████████▏ | 65/79 [00:02<00:00, 31.31it/s]
 87%|████████▋ | 69/79 [00:02<00:00, 31.42it/s]
 92%|█████████▏| 73/79 [00:02<00:00, 24.04it/s]
100%|██████████| 79/79 [00:02<00:00, 30.24it/s]

CommRound: 22/30
Accuracy: 88.47% | Loss: 0.4771
[############################################----------------] 73.3%
Elapsed: 3.7m | Avg/Round: 10.0s | Last: 10.2s | Next: 10.0s | Remaining: 1.3m
ETA: 21:26:45
Recent round times: R1: 9.8s -> R2: 9.8s -> R3: 9.6s -> R4: 10.1s -> R5: 10.2s

  0%|          | 0/79 [00:00<?, ?it/s]
  1%|▏         | 1/79 [00:00<00:07,  9.96it/s]
  6%|▋         | 5/79 [00:00<00:02, 26.45it/s]
 11%|█▏        | 9/79 [00:00<00:02, 29.59it/s]
 16%|█▋        | 13/79 [00:00<00:02, 30.97it/s]
 22%|██▏       | 17/79 [00:00<00:01, 31.59it/s]
 27%|██▋       | 21/79 [00:00<00:01, 32.17it/s]
 32%|███▏      | 25/79 [00:00<00:01, 32.76it/s]
 37%|███▋      | 29/79 [00:00<00:01, 32.98it/s]
 42%|████▏     | 33/79 [00:01<00:01, 32.84it/s]
 47%|████▋     | 37/79 [00:01<00:01, 30.54it/s]
 52%|█████▏    | 41/79 [00:01<00:01, 32.61it/s]
 57%|█████▋    | 45/79 [00:01<00:00, 34.36it/s]
 62%|██████▏   | 49/79 [00:01<00:00, 35.75it/s]
 67%|██████▋   | 53/79 [00:01<00:00, 36.75it/s]
 72%|███████▏  | 57/79 [00:01<00:00, 37.43it/s]
 77%|███████▋  | 61/79 [00:01<00:00, 37.91it/s]
 82%|████████▏ | 65/79 [00:01<00:00, 38.33it/s]
 87%|████████▋ | 69/79 [00:02<00:00, 38.52it/s]
 92%|█████████▏| 73/79 [00:02<00:00, 38.53it/s]
 97%|█████████▋| 77/79 [00:02<00:00, 38.69it/s]
100%|██████████| 79/79 [00:02<00:00, 35.09it/s]

CommRound: 23/30
Accuracy: 88.54% | Loss: 0.4764
[##############################################--------------] 76.7%
Elapsed: 3.8m | Avg/Round: 10.0s | Last: 10.9s | Next: 10.0s | Remaining: 1.2m
ETA: 21:26:46
Recent round times: R1: 9.8s -> R2: 9.6s -> R3: 10.1s -> R4: 10.2s -> R5: 10.9s

  0%|          | 0/79 [00:00<?, ?it/s]
  1%|▏         | 1/79 [00:00<00:08,  9.13it/s]
  9%|▉         | 7/79 [00:00<00:02, 31.40it/s]
 14%|█▍        | 11/79 [00:00<00:01, 34.82it/s]
 20%|██        | 16/79 [00:00<00:01, 40.10it/s]
 27%|██▋       | 21/79 [00:00<00:01, 37.53it/s]
 33%|███▎      | 26/79 [00:00<00:01, 41.15it/s]
 39%|███▉      | 31/79 [00:00<00:01, 38.82it/s]
 46%|████▌     | 36/79 [00:00<00:01, 41.85it/s]
 52%|█████▏    | 41/79 [00:01<00:00, 39.66it/s]
 58%|█████▊    | 46/79 [00:01<00:00, 40.93it/s]
 65%|██████▍   | 51/79 [00:01<00:00, 40.03it/s]
 71%|███████   | 56/79 [00:01<00:00, 41.29it/s]
 77%|███████▋  | 61/79 [00:01<00:00, 40.50it/s]
 84%|████████▎ | 66/79 [00:01<00:00, 41.15it/s]
 90%|████████▉ | 71/79 [00:01<00:00, 40.97it/s]
 96%|█████████▌| 76/79 [00:01<00:00, 40.83it/s]
100%|██████████| 79/79 [00:01<00:00, 39.60it/s]

CommRound: 24/30
Accuracy: 88.60% | Loss: 0.4759
[################################################------------] 80.0%
Elapsed: 4.0m | Avg/Round: 10.0s | Last: 9.5s | Next: 10.0s | Remaining: 1.0m
ETA: 21:26:46
Recent round times: R1: 9.6s -> R2: 10.1s -> R3: 10.2s -> R4: 10.9s -> R5: 9.5s

  0%|          | 0/79 [00:00<?, ?it/s]
  1%|▏         | 1/79 [00:00<00:08,  9.14it/s]
  8%|▊         | 6/79 [00:00<00:02, 31.28it/s]
 13%|█▎        | 10/79 [00:00<00:02, 34.48it/s]
 18%|█▊        | 14/79 [00:00<00:01, 35.88it/s]
 23%|██▎       | 18/79 [00:00<00:01, 35.75it/s]
 28%|██▊       | 22/79 [00:00<00:01, 34.65it/s]
 33%|███▎      | 26/79 [00:00<00:01, 34.09it/s]
 38%|███▊      | 30/79 [00:00<00:01, 33.86it/s]
 43%|████▎     | 34/79 [00:01<00:01, 33.64it/s]
 48%|████▊     | 38/79 [00:01<00:01, 33.70it/s]
 53%|█████▎    | 42/79 [00:01<00:01, 33.64it/s]
 58%|█████▊    | 46/79 [00:01<00:00, 33.83it/s]
 63%|██████▎   | 50/79 [00:01<00:00, 35.09it/s]
 68%|██████▊   | 54/79 [00:01<00:00, 35.92it/s]
 73%|███████▎  | 58/79 [00:01<00:00, 36.60it/s]
 78%|███████▊  | 62/79 [00:01<00:00, 37.25it/s]
 84%|████████▎ | 66/79 [00:01<00:00, 37.65it/s]
 89%|████████▊ | 70/79 [00:01<00:00, 37.99it/s]
 94%|█████████▎| 74/79 [00:02<00:00, 38.05it/s]
 99%|█████████▊| 78/79 [00:02<00:00, 38.36it/s]
100%|██████████| 79/79 [00:02<00:00, 35.52it/s]

CommRound: 25/30
Accuracy: 88.63% | Loss: 0.4760
[##################################################----------] 83.3%
Elapsed: 4.2m | Avg/Round: 10.0s | Last: 10.0s | Next: 10.0s | Remaining: 0.8m
ETA: 21:26:46
Recent round times: R1: 10.1s -> R2: 10.2s -> R3: 10.9s -> R4: 9.5s -> R5: 10.0s

  0%|          | 0/79 [00:00<?, ?it/s]
  1%|▏         | 1/79 [00:00<00:07,  9.96it/s]
  9%|▉         | 7/79 [00:00<00:02, 33.98it/s]
 15%|█▌        | 12/79 [00:00<00:01, 37.40it/s]
 22%|██▏       | 17/79 [00:00<00:01, 39.14it/s]
 28%|██▊       | 22/79 [00:00<00:01, 41.55it/s]
 34%|███▍      | 27/79 [00:00<00:01, 39.84it/s]
 42%|████▏     | 33/79 [00:00<00:01, 40.47it/s]
 49%|████▉     | 39/79 [00:01<00:00, 40.68it/s]
 57%|█████▋    | 45/79 [00:01<00:00, 40.88it/s]
 63%|██████▎   | 50/79 [00:01<00:00, 43.09it/s]
 70%|██████▉   | 55/79 [00:01<00:00, 40.21it/s]
 76%|███████▌  | 60/79 [00:01<00:00, 42.61it/s]
 82%|████████▏ | 65/79 [00:01<00:00, 40.16it/s]
 90%|████████▉ | 71/79 [00:01<00:00, 40.34it/s]
 96%|█████████▌| 76/79 [00:01<00:00, 42.33it/s]
100%|██████████| 79/79 [00:01<00:00, 40.48it/s]

CommRound: 26/30
Accuracy: 88.70% | Loss: 0.4754
[####################################################--------] 86.7%
Elapsed: 4.3m | Avg/Round: 10.0s | Last: 9.7s | Next: 10.0s | Remaining: 0.7m
ETA: 21:26:45
Recent round times: R1: 10.2s -> R2: 10.9s -> R3: 9.5s -> R4: 10.0s -> R5: 9.7s

  0%|          | 0/79 [00:00<?, ?it/s]
  1%|▏         | 1/79 [00:00<00:10,  7.30it/s]
  9%|▉         | 7/79 [00:00<00:02, 27.69it/s]
 14%|█▍        | 11/79 [00:00<00:02, 26.60it/s]
 19%|█▉        | 15/79 [00:00<00:02, 28.36it/s]
 24%|██▍       | 19/79 [00:00<00:02, 29.85it/s]
 32%|███▏      | 25/79 [00:00<00:01, 35.24it/s]
 37%|███▋      | 29/79 [00:00<00:01, 35.91it/s]
 42%|████▏     | 33/79 [00:01<00:01, 36.43it/s]
 47%|████▋     | 37/79 [00:01<00:01, 36.87it/s]
 52%|█████▏    | 41/79 [00:01<00:01, 35.88it/s]
 57%|█████▋    | 45/79 [00:01<00:01, 33.91it/s]
 62%|██████▏   | 49/79 [00:01<00:00, 30.36it/s]
 71%|███████   | 56/79 [00:01<00:00, 37.08it/s]
 76%|███████▌  | 60/79 [00:01<00:00, 36.05it/s]
 81%|████████  | 64/79 [00:01<00:00, 35.62it/s]
 86%|████████▌ | 68/79 [00:02<00:00, 35.84it/s]
 91%|█████████ | 72/79 [00:02<00:00, 36.57it/s]
 96%|█████████▌| 76/79 [00:02<00:00, 37.01it/s]
100%|██████████| 79/79 [00:02<00:00, 34.19it/s]

CommRound: 27/30
Accuracy: 88.73% | Loss: 0.4753
[######################################################------] 90.0%
Elapsed: 4.5m | Avg/Round: 10.0s | Last: 9.8s | Next: 10.0s | Remaining: 0.5m
ETA: 21:26:45
Recent round times: R1: 10.9s -> R2: 9.5s -> R3: 10.0s -> R4: 9.7s -> R5: 9.8s

  0%|          | 0/79 [00:00<?, ?it/s]
  1%|▏         | 1/79 [00:00<00:07,  9.83it/s]
  9%|▉         | 7/79 [00:00<00:02, 33.45it/s]
 15%|█▌        | 12/79 [00:00<00:01, 38.67it/s]
 20%|██        | 16/79 [00:00<00:01, 39.07it/s]
 25%|██▌       | 20/79 [00:00<00:01, 39.37it/s]
 30%|███       | 24/79 [00:00<00:01, 39.52it/s]
 37%|███▋      | 29/79 [00:00<00:01, 40.55it/s]
 43%|████▎     | 34/79 [00:00<00:01, 40.15it/s]
 49%|████▉     | 39/79 [00:01<00:00, 40.10it/s]
 56%|█████▌    | 44/79 [00:01<00:00, 39.17it/s]
 61%|██████    | 48/79 [00:01<00:00, 39.29it/s]
 66%|██████▌   | 52/79 [00:01<00:00, 39.41it/s]
 72%|███████▏  | 57/79 [00:01<00:00, 40.86it/s]
 78%|███████▊  | 62/79 [00:01<00:00, 39.54it/s]
 85%|████████▍ | 67/79 [00:01<00:00, 40.92it/s]
 91%|█████████ | 72/79 [00:01<00:00, 37.03it/s]
 96%|█████████▌| 76/79 [00:01<00:00, 37.40it/s]
100%|██████████| 79/79 [00:02<00:00, 38.66it/s]

CommRound: 28/30
Accuracy: 88.77% | Loss: 0.4747
[########################################################----] 93.3%
Elapsed: 4.7m | Avg/Round: 10.0s | Last: 9.6s | Next: 10.0s | Remaining: 0.3m
ETA: 21:26:45
Recent round times: R1: 9.5s -> R2: 10.0s -> R3: 9.7s -> R4: 9.8s -> R5: 9.6s

  0%|          | 0/79 [00:00<?, ?it/s]
  1%|▏         | 1/79 [00:00<00:07,  9.95it/s]
  9%|▉         | 7/79 [00:00<00:02, 32.10it/s]
 15%|█▌        | 12/79 [00:00<00:01, 38.24it/s]
 20%|██        | 16/79 [00:00<00:03, 20.00it/s]
 27%|██▋       | 21/79 [00:00<00:02, 24.21it/s]
 32%|███▏      | 25/79 [00:00<00:01, 27.15it/s]
 39%|███▉      | 31/79 [00:01<00:01, 31.69it/s]
 46%|████▌     | 36/79 [00:01<00:01, 35.80it/s]
 52%|█████▏    | 41/79 [00:01<00:01, 35.37it/s]
 59%|█████▉    | 47/79 [00:01<00:00, 37.22it/s]
 67%|██████▋   | 53/79 [00:01<00:00, 38.56it/s]
 75%|███████▍  | 59/79 [00:01<00:00, 39.54it/s]
 81%|████████  | 64/79 [00:01<00:00, 41.87it/s]
 87%|████████▋ | 69/79 [00:02<00:00, 40.06it/s]
 95%|█████████▍| 75/79 [00:02<00:00, 40.80it/s]
100%|██████████| 79/79 [00:02<00:00, 35.40it/s]

CommRound: 29/30
Accuracy: 88.81% | Loss: 0.4747
[##########################################################--] 96.7%
Elapsed: 4.8m | Avg/Round: 10.0s | Last: 9.8s | Next: 10.0s | Remaining: 0.2m
ETA: 21:26:45
Recent round times: R1: 10.0s -> R2: 9.7s -> R3: 9.8s -> R4: 9.6s -> R5: 9.8s

  0%|          | 0/79 [00:00<?, ?it/s]
  1%|▏         | 1/79 [00:00<00:11,  6.87it/s]
  6%|▋         | 5/79 [00:00<00:03, 21.14it/s]
 11%|█▏        | 9/79 [00:00<00:03, 17.96it/s]
 18%|█▊        | 14/79 [00:00<00:02, 26.13it/s]
 23%|██▎       | 18/79 [00:00<00:02, 29.79it/s]
 28%|██▊       | 22/79 [00:00<00:01, 32.14it/s]
 33%|███▎      | 26/79 [00:00<00:01, 34.31it/s]
 38%|███▊      | 30/79 [00:01<00:01, 35.56it/s]
 43%|████▎     | 34/79 [00:01<00:01, 36.52it/s]
 48%|████▊     | 38/79 [00:01<00:01, 37.25it/s]
 53%|█████▎    | 42/79 [00:01<00:00, 37.82it/s]
 58%|█████▊    | 46/79 [00:01<00:00, 37.73it/s]
 63%|██████▎   | 50/79 [00:01<00:00, 37.92it/s]
 68%|██████▊   | 54/79 [00:01<00:00, 37.88it/s]
 73%|███████▎  | 58/79 [00:01<00:00, 37.49it/s]
 78%|███████▊  | 62/79 [00:01<00:00, 37.62it/s]
 84%|████████▎ | 66/79 [00:01<00:00, 37.27it/s]
 89%|████████▊ | 70/79 [00:02<00:00, 37.85it/s]
 95%|█████████▍| 75/79 [00:02<00:00, 37.99it/s]
100%|██████████| 79/79 [00:02<00:00, 34.42it/s]

CommRound: 30/30
Accuracy: 88.88% | Loss: 0.4749
[############################################################] 100.0%
Elapsed: 5.0m | Avg/Round: 10.0s | Last: 10.0s | Next: 10.0s | Remaining: 0.0m
ETA: 21:26:45
Recent round times: R1: 9.7s -> R2: 9.8s -> R3: 9.6s -> R4: 9.8s -> R5: 10.0s
Total time for experiment: 299.09034395217896 seconds
Device average training time per communication round [s]:
    rpi (sld-rpi-09.ece.utexas.edu): 4.72 seconds
    mc1 (sld-mc1-09.ece.utexas.edu): 2.87 seconds
