Connecting to sld-rpi-09.ece.utexas.edu...
Successfully fetched dev0_pow_temp_log_exp129_run1.csv.
Connecting to sld-rpi-09.ece.utexas.edu...
Successfully fetched dev0_communication_log_exp129_run1.csv.
Connecting to sld-mc1-09.ece.utexas.edu...
Successfully fetched dev1_pow_temp_log_exp129_run1.csv.
Connecting to sld-mc1-09.ece.utexas.edu...
Successfully fetched dev1_communication_log_exp129_run1.csv.

Exp129
Experiment 129: 
	Global test accuracy [%]: 18.63 %
	No round found where all subsequent rounds have accuracy >= 90.00%.
	Average time per communication round [s]: 9.8 seconds
	Total wall clock time [s]: 292.58 seconds


Experiment 129:
	RPi avg. energy consumption per round [J]: 31.48 Joules
	MC1 avg. energy consumption per round [J]: 17.68 Joules
	Total avg. energy consumption per communication round [J]: 49.16 Joules
	Avg. amount of communicated data per communication round [MB]: 0.00 MB
	RPi avg. power consumption per round [W]: 5.27 Watts
	MC1 avg. power consumption per round [W]: 5.92 Watts
