
  0%|          | 0/79 [00:00<?, ?it/s]
  4%|▍         | 3/79 [00:00<00:03, 23.49it/s]
 11%|█▏        | 9/79 [00:00<00:02, 34.58it/s]
 19%|█▉        | 15/79 [00:00<00:01, 37.98it/s]
 27%|██▋       | 21/79 [00:00<00:01, 39.64it/s]
 34%|███▍      | 27/79 [00:00<00:01, 40.55it/s]
 42%|████▏     | 33/79 [00:00<00:01, 41.30it/s]
 49%|████▉     | 39/79 [00:00<00:00, 42.39it/s]
 57%|█████▋    | 45/79 [00:01<00:00, 43.01it/s]
 65%|██████▍   | 51/79 [00:01<00:00, 43.44it/s]
 72%|███████▏  | 57/79 [00:01<00:00, 43.79it/s]
 80%|███████▉  | 63/79 [00:01<00:00, 44.03it/s]
 87%|████████▋ | 69/79 [00:01<00:00, 44.17it/s]
 95%|█████████▍| 75/79 [00:01<00:00, 43.51it/s]
100%|██████████| 79/79 [00:01<00:00, 42.30it/s]
Initial Accuracy: 10.32%; Initial Loss: 2.3135

  0%|          | 0/79 [00:00<?, ?it/s]
  1%|▏         | 1/79 [00:00<00:08,  8.80it/s]
  9%|▉         | 7/79 [00:00<00:02, 31.49it/s]
 15%|█▌        | 12/79 [00:00<00:01, 37.34it/s]
 22%|██▏       | 17/79 [00:00<00:01, 36.64it/s]
 29%|██▉       | 23/79 [00:00<00:01, 38.66it/s]
 35%|███▌      | 28/79 [00:00<00:01, 41.77it/s]
 42%|████▏     | 33/79 [00:00<00:01, 39.63it/s]
 49%|████▉     | 39/79 [00:01<00:00, 40.51it/s]
 57%|█████▋    | 45/79 [00:01<00:00, 41.08it/s]
 63%|██████▎   | 50/79 [00:01<00:00, 43.11it/s]
 70%|██████▉   | 55/79 [00:01<00:00, 40.89it/s]
 76%|███████▌  | 60/79 [00:01<00:00, 42.28it/s]
 82%|████████▏ | 65/79 [00:01<00:00, 39.22it/s]
 90%|████████▉ | 71/79 [00:01<00:00, 40.67it/s]
 97%|█████████▋| 77/79 [00:01<00:00, 41.31it/s]
100%|██████████| 79/79 [00:01<00:00, 40.29it/s]

CommRound: 1/30
Accuracy: 18.33% | Loss: 2.4738
[##----------------------------------------------------------] 3.3%
Elapsed: 0.2m | Avg/Round: 11.5s | Last: 9.6s | Next: 11.5s | Remaining: 5.6m
ETA: 20:40:36
Recent round times: R1: 9.6s

  0%|          | 0/79 [00:00<?, ?it/s]
  1%|▏         | 1/79 [00:00<00:08,  9.30it/s]
  9%|▉         | 7/79 [00:00<00:02, 33.65it/s]
 15%|█▌        | 12/79 [00:00<00:01, 39.42it/s]
 22%|██▏       | 17/79 [00:00<00:01, 38.22it/s]
 28%|██▊       | 22/79 [00:00<00:01, 41.43it/s]
 34%|███▍      | 27/79 [00:00<00:01, 39.94it/s]
 41%|████      | 32/79 [00:00<00:01, 42.22it/s]
 47%|████▋     | 37/79 [00:00<00:01, 40.35it/s]
 53%|█████▎    | 42/79 [00:01<00:00, 42.37it/s]
 59%|█████▉    | 47/79 [00:01<00:00, 41.65it/s]
 66%|██████▌   | 52/79 [00:01<00:00, 42.47it/s]
 72%|███████▏  | 57/79 [00:01<00:00, 41.99it/s]
 78%|███████▊  | 62/79 [00:01<00:00, 41.60it/s]
 85%|████████▍ | 67/79 [00:01<00:00, 41.59it/s]
 91%|█████████ | 72/79 [00:01<00:00, 40.67it/s]
 97%|█████████▋| 77/79 [00:01<00:00, 41.91it/s]
100%|██████████| 79/79 [00:01<00:00, 40.46it/s]

CommRound: 2/30
Accuracy: 19.66% | Loss: 2.5458
[####--------------------------------------------------------] 6.7%
Elapsed: 0.4m | Avg/Round: 10.7s | Last: 9.9s | Next: 10.7s | Remaining: 5.0m
ETA: 20:40:12
Recent round times: R1: 9.6s -> R2: 9.9s

  0%|          | 0/79 [00:00<?, ?it/s]
  1%|▏         | 1/79 [00:00<00:08,  9.37it/s]
  9%|▉         | 7/79 [00:00<00:02, 32.86it/s]
 16%|█▋        | 13/79 [00:00<00:01, 37.27it/s]
 22%|██▏       | 17/79 [00:00<00:01, 37.18it/s]
 29%|██▉       | 23/79 [00:00<00:01, 39.86it/s]
 37%|███▋      | 29/79 [00:00<00:01, 40.58it/s]
 43%|████▎     | 34/79 [00:00<00:01, 43.06it/s]
 49%|████▉     | 39/79 [00:01<00:00, 40.39it/s]
 56%|█████▌    | 44/79 [00:01<00:00, 42.22it/s]
 62%|██████▏   | 49/79 [00:01<00:00, 40.00it/s]
 70%|██████▉   | 55/79 [00:01<00:00, 40.74it/s]
 77%|███████▋  | 61/79 [00:01<00:00, 41.21it/s]
 84%|████████▎ | 66/79 [00:01<00:00, 43.12it/s]
 90%|████████▉ | 71/79 [00:01<00:00, 40.93it/s]
 97%|█████████▋| 77/79 [00:01<00:00, 42.00it/s]
100%|██████████| 79/79 [00:01<00:00, 40.80it/s]

CommRound: 3/30
Accuracy: 20.16% | Loss: 2.3803
[######------------------------------------------------------] 10.0%
Elapsed: 0.5m | Avg/Round: 10.3s | Last: 9.6s | Next: 10.3s | Remaining: 4.6m
ETA: 20:40:01
Recent round times: R1: 9.6s -> R2: 9.9s -> R3: 9.6s

  0%|          | 0/79 [00:00<?, ?it/s]
  3%|▎         | 2/79 [00:00<00:03, 19.45it/s]
  9%|▉         | 7/79 [00:00<00:02, 33.67it/s]
 15%|█▌        | 12/79 [00:00<00:01, 38.41it/s]
 22%|██▏       | 17/79 [00:00<00:01, 39.91it/s]
 28%|██▊       | 22/79 [00:00<00:01, 40.77it/s]
 34%|███▍      | 27/79 [00:00<00:01, 42.00it/s]
 41%|████      | 32/79 [00:00<00:01, 40.46it/s]
 47%|████▋     | 37/79 [00:00<00:00, 42.40it/s]
 53%|█████▎    | 42/79 [00:01<00:00, 39.35it/s]
 59%|█████▉    | 47/79 [00:01<00:00, 41.84it/s]
 66%|██████▌   | 52/79 [00:01<00:00, 39.26it/s]
 73%|███████▎  | 58/79 [00:01<00:00, 39.86it/s]
 80%|███████▉  | 63/79 [00:01<00:00, 41.98it/s]
 86%|████████▌ | 68/79 [00:01<00:00, 39.39it/s]
 92%|█████████▏| 73/79 [00:01<00:00, 41.62it/s]
 99%|█████████▊| 78/79 [00:01<00:00, 38.98it/s]
100%|██████████| 79/79 [00:01<00:00, 39.84it/s]

CommRound: 4/30
Accuracy: 21.33% | Loss: 2.2908
[########----------------------------------------------------] 13.3%
Elapsed: 0.7m | Avg/Round: 10.2s | Last: 9.9s | Next: 10.2s | Remaining: 4.4m
ETA: 20:39:57
Recent round times: R1: 9.6s -> R2: 9.9s -> R3: 9.6s -> R4: 9.9s

  0%|          | 0/79 [00:00<?, ?it/s]
  1%|▏         | 1/79 [00:00<00:08,  9.04it/s]
  8%|▊         | 6/79 [00:00<00:02, 32.06it/s]
 13%|█▎        | 10/79 [00:00<00:02, 34.27it/s]
 18%|█▊        | 14/79 [00:00<00:01, 34.63it/s]
 23%|██▎       | 18/79 [00:00<00:01, 35.18it/s]
 28%|██▊       | 22/79 [00:00<00:01, 35.25it/s]
 33%|███▎      | 26/79 [00:00<00:01, 35.82it/s]
 38%|███▊      | 30/79 [00:00<00:01, 36.04it/s]
 43%|████▎     | 34/79 [00:00<00:01, 36.36it/s]
 48%|████▊     | 38/79 [00:01<00:01, 36.63it/s]
 53%|█████▎    | 42/79 [00:01<00:01, 36.58it/s]
 58%|█████▊    | 46/79 [00:01<00:00, 33.60it/s]
 63%|██████▎   | 50/79 [00:01<00:00, 34.99it/s]
 68%|██████▊   | 54/79 [00:01<00:00, 35.42it/s]
 73%|███████▎  | 58/79 [00:01<00:00, 35.69it/s]
 78%|███████▊  | 62/79 [00:01<00:00, 35.90it/s]
 84%|████████▎ | 66/79 [00:01<00:00, 36.08it/s]
 90%|████████▉ | 71/79 [00:01<00:00, 39.69it/s]
 95%|█████████▍| 75/79 [00:02<00:00, 38.55it/s]
100%|██████████| 79/79 [00:02<00:00, 37.95it/s]
100%|██████████| 79/79 [00:02<00:00, 35.52it/s]

CommRound: 5/30
Accuracy: 25.54% | Loss: 2.1295
[##########--------------------------------------------------] 16.7%
Elapsed: 0.8m | Avg/Round: 10.2s | Last: 10.0s | Next: 10.2s | Remaining: 4.2m
ETA: 20:39:56
Recent round times: R1: 9.6s -> R2: 9.9s -> R3: 9.6s -> R4: 9.9s -> R5: 10.0s

  0%|          | 0/79 [00:00<?, ?it/s]
  3%|▎         | 2/79 [00:00<00:04, 19.19it/s]
  8%|▊         | 6/79 [00:00<00:02, 31.19it/s]
 13%|█▎        | 10/79 [00:00<00:02, 32.95it/s]
 18%|█▊        | 14/79 [00:00<00:01, 34.00it/s]
 23%|██▎       | 18/79 [00:00<00:01, 34.63it/s]
 28%|██▊       | 22/79 [00:00<00:01, 34.99it/s]
 33%|███▎      | 26/79 [00:00<00:01, 35.83it/s]
 38%|███▊      | 30/79 [00:00<00:01, 36.73it/s]
 44%|████▍     | 35/79 [00:00<00:01, 36.89it/s]
 52%|█████▏    | 41/79 [00:01<00:00, 38.95it/s]
 59%|█████▉    | 47/79 [00:01<00:00, 39.99it/s]
 65%|██████▍   | 51/79 [00:01<00:00, 39.84it/s]
 71%|███████   | 56/79 [00:01<00:00, 41.33it/s]
 77%|███████▋  | 61/79 [00:01<00:00, 40.68it/s]
 84%|████████▎ | 66/79 [00:01<00:00, 38.20it/s]
 89%|████████▊ | 70/79 [00:01<00:00, 37.44it/s]
 94%|█████████▎| 74/79 [00:01<00:00, 37.18it/s]
 99%|█████████▊| 78/79 [00:02<00:00, 37.40it/s]
100%|██████████| 79/79 [00:02<00:00, 37.29it/s]

CommRound: 6/30
Accuracy: 26.09% | Loss: 2.0960
[############------------------------------------------------] 20.0%
Elapsed: 1.0m | Avg/Round: 10.1s | Last: 9.8s | Next: 10.1s | Remaining: 4.0m
ETA: 20:39:54
Recent round times: R1: 9.9s -> R2: 9.6s -> R3: 9.9s -> R4: 10.0s -> R5: 9.8s

  0%|          | 0/79 [00:00<?, ?it/s]
  3%|▎         | 2/79 [00:00<00:03, 19.36it/s]
  9%|▉         | 7/79 [00:00<00:02, 33.08it/s]
 15%|█▌        | 12/79 [00:00<00:01, 36.91it/s]
 20%|██        | 16/79 [00:00<00:01, 36.38it/s]
 25%|██▌       | 20/79 [00:00<00:01, 35.75it/s]
 33%|███▎      | 26/79 [00:00<00:01, 38.42it/s]
 39%|███▉      | 31/79 [00:00<00:01, 41.59it/s]
 46%|████▌     | 36/79 [00:00<00:01, 37.25it/s]
 51%|█████     | 40/79 [00:01<00:01, 37.61it/s]
 56%|█████▌    | 44/79 [00:01<00:00, 37.72it/s]
 63%|██████▎   | 50/79 [00:01<00:00, 39.26it/s]
 71%|███████   | 56/79 [00:01<00:00, 40.27it/s]
 78%|███████▊  | 62/79 [00:01<00:00, 40.84it/s]
 86%|████████▌ | 68/79 [00:01<00:00, 41.40it/s]
 94%|█████████▎| 74/79 [00:01<00:00, 42.10it/s]
100%|██████████| 79/79 [00:01<00:00, 39.55it/s]

CommRound: 7/30
Accuracy: 27.57% | Loss: 2.0183
[##############----------------------------------------------] 23.3%
Elapsed: 1.2m | Avg/Round: 10.1s | Last: 9.8s | Next: 10.1s | Remaining: 3.9m
ETA: 20:39:53
Recent round times: R1: 9.6s -> R2: 9.9s -> R3: 10.0s -> R4: 9.8s -> R5: 9.8s

  0%|          | 0/79 [00:00<?, ?it/s]
  3%|▎         | 2/79 [00:00<00:04, 19.24it/s]
  9%|▉         | 7/79 [00:00<00:02, 33.93it/s]
 16%|█▋        | 13/79 [00:00<00:01, 38.49it/s]
 24%|██▍       | 19/79 [00:00<00:01, 40.76it/s]
 32%|███▏      | 25/79 [00:00<00:01, 41.45it/s]
 39%|███▉      | 31/79 [00:00<00:01, 41.65it/s]
 47%|████▋     | 37/79 [00:00<00:01, 41.63it/s]
 53%|█████▎    | 42/79 [00:01<00:00, 42.46it/s]
 59%|█████▉    | 47/79 [00:01<00:00, 37.93it/s]
 65%|██████▍   | 51/79 [00:01<00:00, 37.18it/s]
 70%|██████▉   | 55/79 [00:01<00:00, 37.06it/s]
 75%|███████▍  | 59/79 [00:01<00:00, 36.45it/s]
 80%|███████▉  | 63/79 [00:01<00:00, 36.71it/s]
 87%|████████▋ | 69/79 [00:01<00:00, 38.61it/s]
 95%|█████████▍| 75/79 [00:01<00:00, 40.17it/s]
100%|██████████| 79/79 [00:01<00:00, 39.57it/s]

CommRound: 8/30
Accuracy: 28.64% | Loss: 1.9900
[################--------------------------------------------] 26.7%
Elapsed: 1.3m | Avg/Round: 10.0s | Last: 9.9s | Next: 10.0s | Remaining: 3.7m
ETA: 20:39:52
Recent round times: R1: 9.9s -> R2: 10.0s -> R3: 9.8s -> R4: 9.8s -> R5: 9.9s

  0%|          | 0/79 [00:00<?, ?it/s]
  1%|▏         | 1/79 [00:00<00:08,  8.98it/s]
  9%|▉         | 7/79 [00:00<00:02, 30.15it/s]
 14%|█▍        | 11/79 [00:00<00:02, 33.52it/s]
 19%|█▉        | 15/79 [00:00<00:01, 34.69it/s]
 24%|██▍       | 19/79 [00:00<00:01, 35.31it/s]
 30%|███       | 24/79 [00:00<00:01, 39.78it/s]
 37%|███▋      | 29/79 [00:00<00:01, 37.03it/s]
 42%|████▏     | 33/79 [00:00<00:01, 37.10it/s]
 47%|████▋     | 37/79 [00:01<00:01, 37.33it/s]
 52%|█████▏    | 41/79 [00:01<00:01, 37.69it/s]
 57%|█████▋    | 45/79 [00:01<00:00, 37.07it/s]
 62%|██████▏   | 49/79 [00:01<00:00, 37.49it/s]
 67%|██████▋   | 53/79 [00:01<00:00, 37.88it/s]
 72%|███████▏  | 57/79 [00:01<00:00, 37.23it/s]
 78%|███████▊  | 62/79 [00:01<00:00, 40.82it/s]
 85%|████████▍ | 67/79 [00:01<00:00, 38.10it/s]
 91%|█████████ | 72/79 [00:01<00:00, 41.00it/s]
 97%|█████████▋| 77/79 [00:02<00:00, 38.39it/s]
100%|██████████| 79/79 [00:02<00:00, 37.57it/s]

CommRound: 9/30
Accuracy: 35.47% | Loss: 1.7735
[##################------------------------------------------] 30.0%
Elapsed: 1.5m | Avg/Round: 10.0s | Last: 9.9s | Next: 10.0s | Remaining: 3.5m
ETA: 20:39:52
Recent round times: R1: 10.0s -> R2: 9.8s -> R3: 9.8s -> R4: 9.9s -> R5: 9.9s

  0%|          | 0/79 [00:00<?, ?it/s]
  1%|▏         | 1/79 [00:00<00:08,  9.63it/s]
  9%|▉         | 7/79 [00:00<00:02, 33.16it/s]
 15%|█▌        | 12/79 [00:00<00:01, 39.62it/s]
 22%|██▏       | 17/79 [00:00<00:01, 37.06it/s]
 29%|██▉       | 23/79 [00:00<00:01, 39.02it/s]
 34%|███▍      | 27/79 [00:00<00:01, 39.27it/s]
 41%|████      | 32/79 [00:00<00:01, 42.28it/s]
 47%|████▋     | 37/79 [00:00<00:01, 38.93it/s]
 52%|█████▏    | 41/79 [00:01<00:00, 38.93it/s]
 57%|█████▋    | 45/79 [00:01<00:00, 39.00it/s]
 63%|██████▎   | 50/79 [00:01<00:00, 41.94it/s]
 70%|██████▉   | 55/79 [00:01<00:00, 38.99it/s]
 76%|███████▌  | 60/79 [00:01<00:00, 41.67it/s]
 82%|████████▏ | 65/79 [00:01<00:00, 39.17it/s]
 90%|████████▉ | 71/79 [00:01<00:00, 40.44it/s]
 97%|█████████▋| 77/79 [00:01<00:00, 41.31it/s]
100%|██████████| 79/79 [00:01<00:00, 39.85it/s]

CommRound: 10/30
Accuracy: 38.04% | Loss: 1.7307
[####################----------------------------------------] 33.3%
Elapsed: 1.7m | Avg/Round: 10.0s | Last: 9.7s | Next: 10.0s | Remaining: 3.3m
ETA: 20:39:51
Recent round times: R1: 9.8s -> R2: 9.8s -> R3: 9.9s -> R4: 9.9s -> R5: 9.7s

  0%|          | 0/79 [00:00<?, ?it/s]
  1%|▏         | 1/79 [00:00<00:08,  9.07it/s]
  9%|▉         | 7/79 [00:00<00:02, 32.97it/s]
 15%|█▌        | 12/79 [00:00<00:01, 39.66it/s]
 22%|██▏       | 17/79 [00:00<00:01, 39.22it/s]
 29%|██▉       | 23/79 [00:00<00:01, 40.85it/s]
 37%|███▋      | 29/79 [00:00<00:01, 42.18it/s]
 44%|████▍     | 35/79 [00:00<00:01, 42.69it/s]
 52%|█████▏    | 41/79 [00:01<00:00, 42.91it/s]
 59%|█████▉    | 47/79 [00:01<00:00, 42.29it/s]
 67%|██████▋   | 53/79 [00:01<00:00, 42.11it/s]
 75%|███████▍  | 59/79 [00:01<00:00, 42.13it/s]
 82%|████████▏ | 65/79 [00:01<00:00, 42.13it/s]
 90%|████████▉ | 71/79 [00:01<00:00, 42.11it/s]
 97%|█████████▋| 77/79 [00:01<00:00, 42.12it/s]
100%|██████████| 79/79 [00:01<00:00, 41.55it/s]

CommRound: 11/30
Accuracy: 41.51% | Loss: 1.6491
[######################--------------------------------------] 36.7%
Elapsed: 1.8m | Avg/Round: 10.0s | Last: 9.6s | Next: 10.0s | Remaining: 3.2m
ETA: 20:39:50
Recent round times: R1: 9.8s -> R2: 9.9s -> R3: 9.9s -> R4: 9.7s -> R5: 9.6s

  0%|          | 0/79 [00:00<?, ?it/s]
  1%|▏         | 1/79 [00:00<00:07,  9.87it/s]
  9%|▉         | 7/79 [00:00<00:02, 33.09it/s]
 14%|█▍        | 11/79 [00:00<00:01, 34.95it/s]
 19%|█▉        | 15/79 [00:00<00:01, 36.79it/s]
 24%|██▍       | 19/79 [00:00<00:01, 36.77it/s]
 32%|███▏      | 25/79 [00:00<00:01, 39.39it/s]
 39%|███▉      | 31/79 [00:00<00:01, 40.88it/s]
 47%|████▋     | 37/79 [00:00<00:01, 41.33it/s]
 54%|█████▍    | 43/79 [00:01<00:00, 41.45it/s]
 62%|██████▏   | 49/79 [00:01<00:00, 41.53it/s]
 70%|██████▉   | 55/79 [00:01<00:00, 41.76it/s]
 77%|███████▋  | 61/79 [00:01<00:00, 41.81it/s]
 85%|████████▍ | 67/79 [00:01<00:00, 42.37it/s]
 92%|█████████▏| 73/79 [00:01<00:00, 42.31it/s]
100%|██████████| 79/79 [00:01<00:00, 40.88it/s]

CommRound: 12/30
Accuracy: 46.43% | Loss: 1.5718
[########################------------------------------------] 40.0%
Elapsed: 2.0m | Avg/Round: 10.0s | Last: 10.0s | Next: 10.0s | Remaining: 3.0m
ETA: 20:39:50
Recent round times: R1: 9.9s -> R2: 9.9s -> R3: 9.7s -> R4: 9.6s -> R5: 10.0s

  0%|          | 0/79 [00:00<?, ?it/s]
  1%|▏         | 1/79 [00:00<00:08,  9.41it/s]
  9%|▉         | 7/79 [00:00<00:02, 33.10it/s]
 15%|█▌        | 12/79 [00:00<00:01, 39.68it/s]
 22%|██▏       | 17/79 [00:00<00:01, 38.11it/s]
 29%|██▉       | 23/79 [00:00<00:01, 39.84it/s]
 35%|███▌      | 28/79 [00:00<00:01, 42.62it/s]
 42%|████▏     | 33/79 [00:00<00:01, 40.69it/s]
 49%|████▉     | 39/79 [00:00<00:00, 41.29it/s]
 57%|█████▋    | 45/79 [00:01<00:00, 41.38it/s]
 65%|██████▍   | 51/79 [00:01<00:00, 41.49it/s]
 72%|███████▏  | 57/79 [00:01<00:00, 41.64it/s]
 78%|███████▊  | 62/79 [00:01<00:00, 43.64it/s]
 85%|████████▍ | 67/79 [00:01<00:00, 40.81it/s]
 92%|█████████▏| 73/79 [00:01<00:00, 40.81it/s]
 99%|█████████▊| 78/79 [00:01<00:00, 42.77it/s]
100%|██████████| 79/79 [00:01<00:00, 40.85it/s]

CommRound: 13/30
Accuracy: 44.88% | Loss: 1.6023
[##########################----------------------------------] 43.3%
Elapsed: 2.2m | Avg/Round: 9.9s | Last: 9.6s | Next: 9.9s | Remaining: 2.8m
ETA: 20:39:49
Recent round times: R1: 9.9s -> R2: 9.7s -> R3: 9.6s -> R4: 10.0s -> R5: 9.6s

  0%|          | 0/79 [00:00<?, ?it/s]
  4%|▍         | 3/79 [00:00<00:03, 23.93it/s]
 10%|█         | 8/79 [00:00<00:01, 35.89it/s]
 16%|█▋        | 13/79 [00:00<00:01, 37.76it/s]
 23%|██▎       | 18/79 [00:00<00:01, 39.38it/s]
 29%|██▉       | 23/79 [00:00<00:01, 41.13it/s]
 35%|███▌      | 28/79 [00:00<00:01, 39.48it/s]
 43%|████▎     | 34/79 [00:00<00:01, 40.54it/s]
 51%|█████     | 40/79 [00:01<00:00, 41.33it/s]
 57%|█████▋    | 45/79 [00:01<00:00, 42.75it/s]
 63%|██████▎   | 50/79 [00:01<00:00, 41.82it/s]
 70%|██████▉   | 55/79 [00:01<00:00, 41.39it/s]
 76%|███████▌  | 60/79 [00:01<00:00, 42.70it/s]
 82%|████████▏ | 65/79 [00:01<00:00, 40.47it/s]
 89%|████████▊ | 70/79 [00:01<00:00, 40.98it/s]
 95%|█████████▍| 75/79 [00:01<00:00, 37.24it/s]
100%|██████████| 79/79 [00:01<00:00, 40.07it/s]

CommRound: 14/30
Accuracy: 47.03% | Loss: 1.5365
[############################--------------------------------] 46.7%
Elapsed: 2.3m | Avg/Round: 9.9s | Last: 9.7s | Next: 9.9s | Remaining: 2.6m
ETA: 20:39:49
Recent round times: R1: 9.7s -> R2: 9.6s -> R3: 10.0s -> R4: 9.6s -> R5: 9.7s

  0%|          | 0/79 [00:00<?, ?it/s]
  1%|▏         | 1/79 [00:00<00:07,  9.82it/s]
  9%|▉         | 7/79 [00:00<00:02, 35.33it/s]
 15%|█▌        | 12/79 [00:00<00:01, 39.17it/s]
 22%|██▏       | 17/79 [00:00<00:01, 40.09it/s]
 28%|██▊       | 22/79 [00:00<00:01, 40.53it/s]
 34%|███▍      | 27/79 [00:00<00:01, 41.82it/s]
 41%|████      | 32/79 [00:00<00:01, 40.56it/s]
 47%|████▋     | 37/79 [00:00<00:00, 42.03it/s]
 53%|█████▎    | 42/79 [00:01<00:00, 39.58it/s]
 59%|█████▉    | 47/79 [00:01<00:00, 41.51it/s]
 66%|██████▌   | 52/79 [00:01<00:00, 40.41it/s]
 72%|███████▏  | 57/79 [00:01<00:00, 41.81it/s]
 78%|███████▊  | 62/79 [00:01<00:00, 40.40it/s]
 85%|████████▍ | 67/79 [00:01<00:00, 41.07it/s]
 91%|█████████ | 72/79 [00:01<00:00, 40.29it/s]
 97%|█████████▋| 77/79 [00:01<00:00, 42.07it/s]
100%|██████████| 79/79 [00:01<00:00, 40.36it/s]

CommRound: 15/30
Accuracy: 45.27% | Loss: 1.6090
[##############################------------------------------] 50.0%
Elapsed: 2.5m | Avg/Round: 9.9s | Last: 9.7s | Next: 9.9s | Remaining: 2.5m
ETA: 20:39:48
Recent round times: R1: 9.6s -> R2: 10.0s -> R3: 9.6s -> R4: 9.7s -> R5: 9.7s

  0%|          | 0/79 [00:00<?, ?it/s]
  1%|▏         | 1/79 [00:00<00:07,  9.96it/s]
  9%|▉         | 7/79 [00:00<00:02, 33.13it/s]
 15%|█▌        | 12/79 [00:00<00:01, 39.97it/s]
 22%|██▏       | 17/79 [00:00<00:01, 38.22it/s]
 28%|██▊       | 22/79 [00:00<00:01, 40.83it/s]
 34%|███▍      | 27/79 [00:00<00:01, 39.39it/s]
 41%|████      | 32/79 [00:00<00:01, 41.36it/s]
 47%|████▋     | 37/79 [00:00<00:01, 40.11it/s]
 53%|█████▎    | 42/79 [00:01<00:00, 41.44it/s]
 59%|█████▉    | 47/79 [00:01<00:00, 40.56it/s]
 66%|██████▌   | 52/79 [00:01<00:00, 41.24it/s]
 72%|███████▏  | 57/79 [00:01<00:00, 40.76it/s]
 78%|███████▊  | 62/79 [00:01<00:00, 41.76it/s]
 85%|████████▍ | 67/79 [00:01<00:00, 40.91it/s]
 91%|█████████ | 72/79 [00:01<00:00, 42.49it/s]
 97%|█████████▋| 77/79 [00:01<00:00, 40.37it/s]
100%|██████████| 79/79 [00:01<00:00, 40.53it/s]

CommRound: 16/30
Accuracy: 49.76% | Loss: 1.5151
[################################----------------------------] 53.3%
Elapsed: 2.6m | Avg/Round: 9.9s | Last: 9.7s | Next: 9.9s | Remaining: 2.3m
ETA: 20:39:48
Recent round times: R1: 10.0s -> R2: 9.6s -> R3: 9.7s -> R4: 9.7s -> R5: 9.7s

  0%|          | 0/79 [00:00<?, ?it/s]
  1%|▏         | 1/79 [00:00<00:08,  9.62it/s]
  8%|▊         | 6/79 [00:00<00:02, 32.42it/s]
 13%|█▎        | 10/79 [00:00<00:02, 34.21it/s]
 18%|█▊        | 14/79 [00:00<00:01, 34.44it/s]
 23%|██▎       | 18/79 [00:00<00:01, 35.00it/s]
 28%|██▊       | 22/79 [00:00<00:01, 35.32it/s]
 33%|███▎      | 26/79 [00:00<00:01, 35.61it/s]
 38%|███▊      | 30/79 [00:00<00:01, 35.75it/s]
 43%|████▎     | 34/79 [00:00<00:01, 35.87it/s]
 48%|████▊     | 38/79 [00:01<00:01, 35.89it/s]
 53%|█████▎    | 42/79 [00:01<00:01, 35.98it/s]
 58%|█████▊    | 46/79 [00:01<00:00, 36.11it/s]
 63%|██████▎   | 50/79 [00:01<00:00, 35.83it/s]
 68%|██████▊   | 54/79 [00:01<00:00, 36.18it/s]
 73%|███████▎  | 58/79 [00:01<00:00, 36.04it/s]
 78%|███████▊  | 62/79 [00:01<00:00, 36.21it/s]
 84%|████████▎ | 66/79 [00:01<00:00, 36.38it/s]
 89%|████████▊ | 70/79 [00:01<00:00, 36.51it/s]
 94%|█████████▎| 74/79 [00:02<00:00, 36.28it/s]
 99%|█████████▊| 78/79 [00:02<00:00, 36.43it/s]
100%|██████████| 79/79 [00:02<00:00, 35.58it/s]

CommRound: 17/30
Accuracy: 47.78% | Loss: 1.5817
[##################################--------------------------] 56.7%
Elapsed: 2.8m | Avg/Round: 9.9s | Last: 10.0s | Next: 9.9s | Remaining: 2.1m
ETA: 20:39:48
Recent round times: R1: 9.6s -> R2: 9.7s -> R3: 9.7s -> R4: 9.7s -> R5: 10.0s

  0%|          | 0/79 [00:00<?, ?it/s]
  1%|▏         | 1/79 [00:00<00:09,  8.11it/s]
  9%|▉         | 7/79 [00:00<00:02, 30.46it/s]
 14%|█▍        | 11/79 [00:00<00:01, 34.16it/s]
 20%|██        | 16/79 [00:00<00:01, 34.08it/s]
 25%|██▌       | 20/79 [00:00<00:01, 34.08it/s]
 30%|███       | 24/79 [00:00<00:01, 35.09it/s]
 35%|███▌      | 28/79 [00:00<00:01, 35.44it/s]
 41%|████      | 32/79 [00:00<00:01, 35.82it/s]
 46%|████▌     | 36/79 [00:01<00:01, 35.96it/s]
 51%|█████     | 40/79 [00:01<00:01, 36.15it/s]
 56%|█████▌    | 44/79 [00:01<00:00, 36.27it/s]
 61%|██████    | 48/79 [00:01<00:00, 36.27it/s]
 66%|██████▌   | 52/79 [00:01<00:00, 36.35it/s]
 71%|███████   | 56/79 [00:01<00:00, 36.03it/s]
 76%|███████▌  | 60/79 [00:01<00:00, 35.95it/s]
 81%|████████  | 64/79 [00:01<00:00, 35.99it/s]
 86%|████████▌ | 68/79 [00:01<00:00, 36.07it/s]
 91%|█████████ | 72/79 [00:02<00:00, 35.93it/s]
 96%|█████████▌| 76/79 [00:02<00:00, 35.61it/s]
100%|██████████| 79/79 [00:02<00:00, 35.23it/s]

CommRound: 18/30
Accuracy: 51.01% | Loss: 1.4973
[####################################------------------------] 60.0%
Elapsed: 3.0m | Avg/Round: 9.9s | Last: 10.0s | Next: 9.9s | Remaining: 2.0m
ETA: 20:39:48
Recent round times: R1: 9.7s -> R2: 9.7s -> R3: 9.7s -> R4: 10.0s -> R5: 10.0s

  0%|          | 0/79 [00:00<?, ?it/s]
  3%|▎         | 2/79 [00:00<00:03, 19.52it/s]
  6%|▋         | 5/79 [00:00<00:03, 24.51it/s]
 11%|█▏        | 9/79 [00:00<00:02, 31.35it/s]
 16%|█▋        | 13/79 [00:00<00:02, 32.87it/s]
 22%|██▏       | 17/79 [00:00<00:01, 33.87it/s]
 27%|██▋       | 21/79 [00:00<00:01, 34.48it/s]
 32%|███▏      | 25/79 [00:00<00:01, 35.07it/s]
 37%|███▋      | 29/79 [00:00<00:01, 35.26it/s]
 42%|████▏     | 33/79 [00:00<00:01, 35.49it/s]
 47%|████▋     | 37/79 [00:01<00:01, 35.63it/s]
 52%|█████▏    | 41/79 [00:01<00:01, 35.73it/s]
 57%|█████▋    | 45/79 [00:01<00:00, 35.71it/s]
 62%|██████▏   | 49/79 [00:01<00:00, 35.76it/s]
 67%|██████▋   | 53/79 [00:01<00:00, 35.60it/s]
 72%|███████▏  | 57/79 [00:01<00:00, 35.79it/s]
 77%|███████▋  | 61/79 [00:01<00:00, 35.83it/s]
 82%|████████▏ | 65/79 [00:01<00:00, 35.86it/s]
 87%|████████▋ | 69/79 [00:01<00:00, 35.96it/s]
 92%|█████████▏| 73/79 [00:02<00:00, 35.78it/s]
 97%|█████████▋| 77/79 [00:02<00:00, 35.69it/s]
100%|██████████| 79/79 [00:02<00:00, 35.34it/s]

CommRound: 19/30
Accuracy: 52.80% | Loss: 1.4250
[######################################----------------------] 63.3%
Elapsed: 3.1m | Avg/Round: 9.9s | Last: 10.2s | Next: 9.9s | Remaining: 1.8m
ETA: 20:39:49
Recent round times: R1: 9.7s -> R2: 9.7s -> R3: 10.0s -> R4: 10.0s -> R5: 10.2s

  0%|          | 0/79 [00:00<?, ?it/s]
  1%|▏         | 1/79 [00:00<00:08,  9.67it/s]
  9%|▉         | 7/79 [00:00<00:02, 32.12it/s]
 14%|█▍        | 11/79 [00:00<00:01, 35.11it/s]
 20%|██        | 16/79 [00:00<00:01, 40.36it/s]
 27%|██▋       | 21/79 [00:00<00:01, 38.16it/s]
 33%|███▎      | 26/79 [00:00<00:01, 41.50it/s]
 39%|███▉      | 31/79 [00:00<00:01, 39.73it/s]
 47%|████▋     | 37/79 [00:00<00:01, 40.57it/s]
 53%|█████▎    | 42/79 [00:01<00:00, 42.90it/s]
 59%|█████▉    | 47/79 [00:01<00:00, 40.38it/s]
 66%|██████▌   | 52/79 [00:01<00:00, 42.47it/s]
 72%|███████▏  | 57/79 [00:01<00:00, 40.09it/s]
 80%|███████▉  | 63/79 [00:01<00:00, 40.57it/s]
 86%|████████▌ | 68/79 [00:01<00:00, 42.77it/s]
 92%|█████████▏| 73/79 [00:01<00:00, 39.55it/s]
 99%|█████████▊| 78/79 [00:01<00:00, 41.83it/s]
100%|██████████| 79/79 [00:01<00:00, 40.16it/s]

CommRound: 20/30
Accuracy: 50.87% | Loss: 1.4920
[########################################--------------------] 66.7%
Elapsed: 3.3m | Avg/Round: 9.9s | Last: 9.7s | Next: 9.9s | Remaining: 1.7m
ETA: 20:39:48
Recent round times: R1: 9.7s -> R2: 10.0s -> R3: 10.0s -> R4: 10.2s -> R5: 9.7s

  0%|          | 0/79 [00:00<?, ?it/s]
  1%|▏         | 1/79 [00:00<00:07,  9.99it/s]
  8%|▊         | 6/79 [00:00<00:02, 31.59it/s]
 14%|█▍        | 11/79 [00:00<00:01, 36.11it/s]
 20%|██        | 16/79 [00:00<00:01, 38.34it/s]
 27%|██▋       | 21/79 [00:00<00:01, 39.04it/s]
 33%|███▎      | 26/79 [00:00<00:01, 41.30it/s]
 39%|███▉      | 31/79 [00:00<00:01, 40.36it/s]
 46%|████▌     | 36/79 [00:00<00:01, 41.55it/s]
 52%|█████▏    | 41/79 [00:01<00:00, 40.90it/s]
 59%|█████▉    | 47/79 [00:01<00:00, 41.53it/s]
 67%|██████▋   | 53/79 [00:01<00:00, 41.58it/s]
 73%|███████▎  | 58/79 [00:01<00:00, 43.13it/s]
 80%|███████▉  | 63/79 [00:01<00:00, 41.66it/s]
 86%|████████▌ | 68/79 [00:01<00:00, 41.88it/s]
 92%|█████████▏| 73/79 [00:01<00:00, 41.38it/s]
 99%|█████████▊| 78/79 [00:01<00:00, 41.35it/s]
100%|██████████| 79/79 [00:01<00:00, 40.46it/s]

CommRound: 21/30
Accuracy: 51.71% | Loss: 1.4486
[##########################################------------------] 70.0%
Elapsed: 3.5m | Avg/Round: 9.9s | Last: 9.8s | Next: 9.9s | Remaining: 1.5m
ETA: 20:39:48
Recent round times: R1: 10.0s -> R2: 10.0s -> R3: 10.2s -> R4: 9.7s -> R5: 9.8s

  0%|          | 0/79 [00:00<?, ?it/s]
  4%|▍         | 3/79 [00:00<00:03, 22.96it/s]
 10%|█         | 8/79 [00:00<00:01, 35.90it/s]
 15%|█▌        | 12/79 [00:00<00:01, 37.40it/s]
 20%|██        | 16/79 [00:00<00:01, 38.22it/s]
 25%|██▌       | 20/79 [00:00<00:01, 38.67it/s]
 30%|███       | 24/79 [00:00<00:01, 39.10it/s]
 35%|███▌      | 28/79 [00:00<00:01, 39.20it/s]
 41%|████      | 32/79 [00:00<00:01, 39.44it/s]
 46%|████▌     | 36/79 [00:00<00:01, 39.19it/s]
 52%|█████▏    | 41/79 [00:01<00:00, 41.69it/s]
 58%|█████▊    | 46/79 [00:01<00:00, 40.34it/s]
 65%|██████▍   | 51/79 [00:01<00:00, 41.15it/s]
 71%|███████   | 56/79 [00:01<00:00, 40.64it/s]
 77%|███████▋  | 61/79 [00:01<00:00, 41.00it/s]
 84%|████████▎ | 66/79 [00:01<00:00, 40.48it/s]
 90%|████████▉ | 71/79 [00:01<00:00, 41.14it/s]
 96%|█████████▌| 76/79 [00:01<00:00, 39.82it/s]
100%|██████████| 79/79 [00:01<00:00, 39.57it/s]

CommRound: 22/30
Accuracy: 56.09% | Loss: 1.3503
[############################################----------------] 73.3%
Elapsed: 3.6m | Avg/Round: 9.9s | Last: 9.7s | Next: 9.9s | Remaining: 1.3m
ETA: 20:39:48
Recent round times: R1: 10.0s -> R2: 10.2s -> R3: 9.7s -> R4: 9.8s -> R5: 9.7s

  0%|          | 0/79 [00:00<?, ?it/s]
  4%|▍         | 3/79 [00:00<00:03, 19.62it/s]
  9%|▉         | 7/79 [00:00<00:02, 29.15it/s]
 14%|█▍        | 11/79 [00:00<00:02, 32.45it/s]
 19%|█▉        | 15/79 [00:00<00:01, 33.44it/s]
 24%|██▍       | 19/79 [00:00<00:01, 33.81it/s]
 29%|██▉       | 23/79 [00:00<00:01, 34.25it/s]
 34%|███▍      | 27/79 [00:00<00:01, 34.65it/s]
 39%|███▉      | 31/79 [00:00<00:01, 34.80it/s]
 44%|████▍     | 35/79 [00:01<00:01, 34.61it/s]
 49%|████▉     | 39/79 [00:01<00:01, 34.42it/s]
 54%|█████▍    | 43/79 [00:01<00:01, 34.35it/s]
 59%|█████▉    | 47/79 [00:01<00:00, 34.44it/s]
 65%|██████▍   | 51/79 [00:01<00:00, 34.84it/s]
 70%|██████▉   | 55/79 [00:01<00:00, 35.02it/s]
 75%|███████▍  | 59/79 [00:01<00:00, 34.94it/s]
 80%|███████▉  | 63/79 [00:01<00:00, 34.86it/s]
 85%|████████▍ | 67/79 [00:01<00:00, 35.03it/s]
 90%|████████▉ | 71/79 [00:02<00:00, 34.35it/s]
 95%|█████████▍| 75/79 [00:02<00:00, 34.94it/s]
100%|██████████| 79/79 [00:02<00:00, 34.70it/s]

CommRound: 23/30
Accuracy: 50.11% | Loss: 1.5169
[##############################################--------------] 76.7%
Elapsed: 3.8m | Avg/Round: 9.9s | Last: 9.7s | Next: 9.9s | Remaining: 1.2m
ETA: 20:39:48
Recent round times: R1: 10.2s -> R2: 9.7s -> R3: 9.8s -> R4: 9.7s -> R5: 9.7s

  0%|          | 0/79 [00:00<?, ?it/s]
  3%|▎         | 2/79 [00:00<00:03, 19.38it/s]
  9%|▉         | 7/79 [00:00<00:02, 33.13it/s]
 15%|█▌        | 12/79 [00:00<00:01, 37.88it/s]
 20%|██        | 16/79 [00:00<00:01, 37.27it/s]
 25%|██▌       | 20/79 [00:00<00:01, 37.26it/s]
 30%|███       | 24/79 [00:00<00:01, 36.91it/s]
 35%|███▌      | 28/79 [00:00<00:01, 36.82it/s]
 41%|████      | 32/79 [00:00<00:01, 36.85it/s]
 46%|████▌     | 36/79 [00:00<00:01, 37.09it/s]
 51%|█████     | 40/79 [00:01<00:01, 36.57it/s]
 56%|█████▌    | 44/79 [00:01<00:00, 36.68it/s]
 61%|██████    | 48/79 [00:01<00:00, 36.41it/s]
 66%|██████▌   | 52/79 [00:01<00:00, 36.91it/s]
 71%|███████   | 56/79 [00:01<00:00, 36.78it/s]
 76%|███████▌  | 60/79 [00:01<00:00, 36.88it/s]
 81%|████████  | 64/79 [00:01<00:00, 36.75it/s]
 86%|████████▌ | 68/79 [00:01<00:00, 36.91it/s]
 91%|█████████ | 72/79 [00:01<00:00, 36.91it/s]
 96%|█████████▌| 76/79 [00:02<00:00, 33.93it/s]
100%|██████████| 79/79 [00:02<00:00, 36.19it/s]

CommRound: 24/30
Accuracy: 56.97% | Loss: 1.3359
[################################################------------] 80.0%
Elapsed: 4.0m | Avg/Round: 9.9s | Last: 10.1s | Next: 9.9s | Remaining: 1.0m
ETA: 20:39:48
Recent round times: R1: 9.7s -> R2: 9.8s -> R3: 9.7s -> R4: 9.7s -> R5: 10.1s

  0%|          | 0/79 [00:00<?, ?it/s]
  1%|▏         | 1/79 [00:00<00:08,  9.52it/s]
  9%|▉         | 7/79 [00:00<00:02, 30.22it/s]
 14%|█▍        | 11/79 [00:00<00:02, 33.28it/s]
 19%|█▉        | 15/79 [00:00<00:01, 34.80it/s]
 24%|██▍       | 19/79 [00:00<00:01, 35.50it/s]
 29%|██▉       | 23/79 [00:00<00:01, 35.99it/s]
 34%|███▍      | 27/79 [00:00<00:01, 36.38it/s]
 39%|███▉      | 31/79 [00:00<00:01, 35.58it/s]
 47%|████▋     | 37/79 [00:01<00:01, 37.30it/s]
 52%|█████▏    | 41/79 [00:01<00:01, 36.99it/s]
 57%|█████▋    | 45/79 [00:01<00:00, 36.83it/s]
 62%|██████▏   | 49/79 [00:01<00:00, 36.84it/s]
 67%|██████▋   | 53/79 [00:01<00:00, 36.93it/s]
 72%|███████▏  | 57/79 [00:01<00:00, 36.90it/s]
 77%|███████▋  | 61/79 [00:01<00:00, 36.86it/s]
 82%|████████▏ | 65/79 [00:01<00:00, 36.76it/s]
 87%|████████▋ | 69/79 [00:01<00:00, 36.74it/s]
 92%|█████████▏| 73/79 [00:02<00:00, 36.70it/s]
 97%|█████████▋| 77/79 [00:02<00:00, 36.88it/s]
100%|██████████| 79/79 [00:02<00:00, 36.41it/s]

CommRound: 25/30
Accuracy: 56.25% | Loss: 1.3329
[##################################################----------] 83.3%
Elapsed: 4.1m | Avg/Round: 9.9s | Last: 10.0s | Next: 9.9s | Remaining: 0.8m
ETA: 20:39:48
Recent round times: R1: 9.8s -> R2: 9.7s -> R3: 9.7s -> R4: 10.1s -> R5: 10.0s

  0%|          | 0/79 [00:00<?, ?it/s]
  1%|▏         | 1/79 [00:00<00:08,  9.57it/s]
  9%|▉         | 7/79 [00:00<00:02, 32.40it/s]
 15%|█▌        | 12/79 [00:00<00:01, 39.58it/s]
 20%|██        | 16/79 [00:00<00:01, 38.10it/s]
 27%|██▋       | 21/79 [00:00<00:01, 39.82it/s]
 34%|███▍      | 27/79 [00:00<00:01, 40.65it/s]
 42%|████▏     | 33/79 [00:00<00:01, 41.74it/s]
 49%|████▉     | 39/79 [00:00<00:00, 42.23it/s]
 57%|█████▋    | 45/79 [00:01<00:00, 42.72it/s]
 65%|██████▍   | 51/79 [00:01<00:00, 42.81it/s]
 72%|███████▏  | 57/79 [00:01<00:00, 42.80it/s]
 80%|███████▉  | 63/79 [00:01<00:00, 43.12it/s]
 86%|████████▌ | 68/79 [00:01<00:00, 43.31it/s]
 92%|█████████▏| 73/79 [00:01<00:00, 38.98it/s]
 97%|█████████▋| 77/79 [00:01<00:00, 38.19it/s]
100%|██████████| 79/79 [00:01<00:00, 40.55it/s]

CommRound: 26/30
Accuracy: 57.73% | Loss: 1.3040
[####################################################--------] 86.7%
Elapsed: 4.3m | Avg/Round: 9.9s | Last: 9.7s | Next: 9.9s | Remaining: 0.7m
ETA: 20:39:48
Recent round times: R1: 9.7s -> R2: 9.7s -> R3: 10.1s -> R4: 10.0s -> R5: 9.7s

  0%|          | 0/79 [00:00<?, ?it/s]
  1%|▏         | 1/79 [00:00<00:07,  9.87it/s]
  9%|▉         | 7/79 [00:00<00:02, 34.92it/s]
 15%|█▌        | 12/79 [00:00<00:01, 40.76it/s]
 22%|██▏       | 17/79 [00:00<00:01, 38.95it/s]
 28%|██▊       | 22/79 [00:00<00:01, 40.97it/s]
 34%|███▍      | 27/79 [00:00<00:01, 40.46it/s]
 41%|████      | 32/79 [00:00<00:01, 40.97it/s]
 47%|████▋     | 37/79 [00:00<00:01, 40.89it/s]
 53%|█████▎    | 42/79 [00:01<00:00, 41.26it/s]
 59%|█████▉    | 47/79 [00:01<00:00, 41.43it/s]
 66%|██████▌   | 52/79 [00:01<00:00, 40.95it/s]
 72%|███████▏  | 57/79 [00:01<00:00, 41.96it/s]
 78%|███████▊  | 62/79 [00:01<00:00, 40.07it/s]
 85%|████████▍ | 67/79 [00:01<00:00, 42.58it/s]
 91%|█████████ | 72/79 [00:01<00:00, 40.40it/s]
 99%|█████████▊| 78/79 [00:01<00:00, 40.58it/s]
100%|██████████| 79/79 [00:01<00:00, 40.39it/s]

CommRound: 27/30
Accuracy: 58.18% | Loss: 1.3215
[######################################################------] 90.0%
Elapsed: 4.5m | Avg/Round: 9.9s | Last: 9.9s | Next: 9.9s | Remaining: 0.5m
ETA: 20:39:48
Recent round times: R1: 9.7s -> R2: 10.1s -> R3: 10.0s -> R4: 9.7s -> R5: 9.9s

  0%|          | 0/79 [00:00<?, ?it/s]
  3%|▎         | 2/79 [00:00<00:04, 19.15it/s]
  9%|▉         | 7/79 [00:00<00:02, 32.34it/s]
 14%|█▍        | 11/79 [00:00<00:01, 34.78it/s]
 19%|█▉        | 15/79 [00:00<00:02, 25.39it/s]
 25%|██▌       | 20/79 [00:00<00:01, 30.32it/s]
 32%|███▏      | 25/79 [00:00<00:01, 33.50it/s]
 38%|███▊      | 30/79 [00:00<00:01, 35.58it/s]
 44%|████▍     | 35/79 [00:01<00:01, 38.44it/s]
 51%|█████     | 40/79 [00:01<00:01, 37.78it/s]
 57%|█████▋    | 45/79 [00:01<00:00, 40.77it/s]
 63%|██████▎   | 50/79 [00:01<00:00, 39.05it/s]
 71%|███████   | 56/79 [00:01<00:00, 39.78it/s]
 77%|███████▋  | 61/79 [00:01<00:00, 42.06it/s]
 84%|████████▎ | 66/79 [00:01<00:00, 39.71it/s]
 91%|█████████ | 72/79 [00:01<00:00, 40.48it/s]
 99%|█████████▊| 78/79 [00:02<00:00, 41.12it/s]
100%|██████████| 79/79 [00:02<00:00, 37.49it/s]

CommRound: 28/30
Accuracy: 62.96% | Loss: 1.1680
[########################################################----] 93.3%
Elapsed: 4.6m | Avg/Round: 9.9s | Last: 9.8s | Next: 9.9s | Remaining: 0.3m
ETA: 20:39:48
Recent round times: R1: 10.1s -> R2: 10.0s -> R3: 9.7s -> R4: 9.9s -> R5: 9.8s

  0%|          | 0/79 [00:00<?, ?it/s]
  3%|▎         | 2/79 [00:00<00:03, 19.63it/s]
  8%|▊         | 6/79 [00:00<00:02, 27.96it/s]
 13%|█▎        | 10/79 [00:00<00:02, 32.50it/s]
 18%|█▊        | 14/79 [00:00<00:03, 18.31it/s]
 24%|██▍       | 19/79 [00:00<00:02, 25.01it/s]
 30%|███       | 24/79 [00:00<00:01, 27.82it/s]
 35%|███▌      | 28/79 [00:01<00:01, 30.05it/s]
 43%|████▎     | 34/79 [00:01<00:01, 34.84it/s]
 51%|█████     | 40/79 [00:01<00:01, 37.03it/s]
 57%|█████▋    | 45/79 [00:01<00:00, 40.12it/s]
 63%|██████▎   | 50/79 [00:01<00:00, 38.06it/s]
 68%|██████▊   | 54/79 [00:01<00:00, 37.50it/s]
 73%|███████▎  | 58/79 [00:01<00:00, 37.95it/s]
 81%|████████  | 64/79 [00:01<00:00, 39.10it/s]
 89%|████████▊ | 70/79 [00:02<00:00, 39.95it/s]
 96%|█████████▌| 76/79 [00:02<00:00, 40.48it/s]
100%|██████████| 79/79 [00:02<00:00, 34.77it/s]

CommRound: 29/30
Accuracy: 61.85% | Loss: 1.1920
[##########################################################--] 96.7%
Elapsed: 4.8m | Avg/Round: 9.9s | Last: 9.8s | Next: 9.9s | Remaining: 0.2m
ETA: 20:39:48
Recent round times: R1: 10.0s -> R2: 9.7s -> R3: 9.9s -> R4: 9.8s -> R5: 9.8s

  0%|          | 0/79 [00:00<?, ?it/s]
  4%|▍         | 3/79 [00:00<00:03, 22.92it/s]
  9%|▉         | 7/79 [00:00<00:03, 19.38it/s]
 15%|█▌        | 12/79 [00:00<00:02, 27.09it/s]
 22%|██▏       | 17/79 [00:00<00:01, 32.22it/s]
 28%|██▊       | 22/79 [00:00<00:01, 35.70it/s]
 34%|███▍      | 27/79 [00:00<00:01, 37.38it/s]
 41%|████      | 32/79 [00:00<00:01, 38.22it/s]
 46%|████▌     | 36/79 [00:01<00:01, 37.66it/s]
 53%|█████▎    | 42/79 [00:01<00:00, 39.27it/s]
 61%|██████    | 48/79 [00:01<00:00, 40.24it/s]
 68%|██████▊   | 54/79 [00:01<00:00, 40.75it/s]
 76%|███████▌  | 60/79 [00:01<00:00, 41.04it/s]
 84%|████████▎ | 66/79 [00:01<00:00, 41.46it/s]
 91%|█████████ | 72/79 [00:01<00:00, 41.56it/s]
 99%|█████████▊| 78/79 [00:02<00:00, 41.67it/s]
100%|██████████| 79/79 [00:02<00:00, 37.81it/s]

CommRound: 30/30
Accuracy: 65.72% | Loss: 1.1158
[############################################################] 100.0%
Elapsed: 4.9m | Avg/Round: 9.9s | Last: 10.0s | Next: 9.9s | Remaining: 0.0m
ETA: 20:39:48
Recent round times: R1: 9.7s -> R2: 9.9s -> R3: 9.8s -> R4: 9.8s -> R5: 10.0s
Total time for experiment: 296.9211242198944 seconds
Device average training time per communication round [s]:
    rpi (sld-rpi-09.ece.utexas.edu): 4.92 seconds
    mc1 (sld-mc1-09.ece.utexas.edu): 2.84 seconds
