Connecting to sld-rpi-09.ece.utexas.edu...
Successfully fetched dev0_pow_temp_log_exp117_run1.csv.
Connecting to sld-rpi-09.ece.utexas.edu...
Successfully fetched dev0_communication_log_exp117_run1.csv.
Connecting to sld-mc1-09.ece.utexas.edu...
Successfully fetched dev1_pow_temp_log_exp117_run1.csv.
Connecting to sld-mc1-09.ece.utexas.edu...
Successfully fetched dev1_communication_log_exp117_run1.csv.

Exp117
Experiment 117: 
	Global test accuracy [%]: 88.73 %
	No round found where all subsequent rounds have accuracy >= 90.00%.
	Average time per communication round [s]: 8.69 seconds
	Total wall clock time [s]: 265.83 seconds


Experiment 117:
	RPi avg. energy consumption per round [J]: 32.36 Joules
	MC1 avg. energy consumption per round [J]: 11.85 Joules
	Total avg. energy consumption per communication round [J]: 44.20 Joules
	Avg. amount of communicated data per communication round [MB]: 0.04 MB
	RPi avg. power consumption per round [W]: 5.39 Watts
	MC1 avg. power consumption per round [W]: 4.54 Watts
