
  0%|          | 0/79 [00:00<?, ?it/s]
  1%|▏         | 1/79 [00:00<00:09,  8.18it/s]
  4%|▍         | 3/79 [00:00<00:05, 13.77it/s]
  6%|▋         | 5/79 [00:00<00:05, 13.91it/s]
  9%|▉         | 7/79 [00:00<00:04, 14.89it/s]
 13%|█▎        | 10/79 [00:00<00:04, 17.16it/s]
 15%|█▌        | 12/79 [00:00<00:04, 14.20it/s]
 20%|██        | 16/79 [00:01<00:03, 16.39it/s]
 23%|██▎       | 18/79 [00:01<00:03, 16.69it/s]
 27%|██▋       | 21/79 [00:01<00:02, 19.64it/s]
 32%|███▏      | 25/79 [00:01<00:02, 22.82it/s]
 35%|███▌      | 28/79 [00:01<00:02, 24.05it/s]
 41%|████      | 32/79 [00:01<00:01, 25.64it/s]
 46%|████▌     | 36/79 [00:01<00:01, 27.30it/s]
 51%|█████     | 40/79 [00:01<00:01, 27.70it/s]
 56%|█████▌    | 44/79 [00:02<00:01, 28.30it/s]
 61%|██████    | 48/79 [00:02<00:01, 28.40it/s]
 65%|██████▍   | 51/79 [00:02<00:01, 27.68it/s]
 68%|██████▊   | 54/79 [00:02<00:01, 20.18it/s]
 72%|███████▏  | 57/79 [00:02<00:01, 21.14it/s]
 76%|███████▌  | 60/79 [00:02<00:01, 17.16it/s]
 78%|███████▊  | 62/79 [00:03<00:01, 16.89it/s]
 81%|████████  | 64/79 [00:03<00:00, 16.19it/s]
 86%|████████▌ | 68/79 [00:03<00:00, 20.60it/s]
 91%|█████████ | 72/79 [00:03<00:00, 23.22it/s]
 96%|█████████▌| 76/79 [00:03<00:00, 25.16it/s]
100%|██████████| 79/79 [00:03<00:00, 21.51it/s]
Initial Accuracy: 8.28%; Initial Loss: 2.3107

  0%|          | 0/79 [00:00<?, ?it/s]
  1%|▏         | 1/79 [00:00<00:12,  6.07it/s]
  6%|▋         | 5/79 [00:00<00:04, 15.53it/s]
  9%|▉         | 7/79 [00:00<00:04, 16.52it/s]
 13%|█▎        | 10/79 [00:00<00:03, 17.34it/s]
 15%|█▌        | 12/79 [00:00<00:04, 16.13it/s]
 18%|█▊        | 14/79 [00:00<00:04, 15.07it/s]
 20%|██        | 16/79 [00:01<00:03, 16.00it/s]
 23%|██▎       | 18/79 [00:01<00:04, 14.08it/s]
 25%|██▌       | 20/79 [00:01<00:04, 13.47it/s]
 28%|██▊       | 22/79 [00:01<00:04, 13.46it/s]
 32%|███▏      | 25/79 [00:01<00:03, 15.30it/s]
 35%|███▌      | 28/79 [00:01<00:02, 18.11it/s]
 38%|███▊      | 30/79 [00:01<00:02, 17.92it/s]
 43%|████▎     | 34/79 [00:02<00:02, 21.21it/s]
 47%|████▋     | 37/79 [00:02<00:01, 22.89it/s]
 51%|█████     | 40/79 [00:02<00:01, 22.93it/s]
 56%|█████▌    | 44/79 [00:02<00:01, 25.20it/s]
 61%|██████    | 48/79 [00:02<00:01, 26.46it/s]
 66%|██████▌   | 52/79 [00:02<00:01, 24.67it/s]
 71%|███████   | 56/79 [00:02<00:00, 28.12it/s]
 76%|███████▌  | 60/79 [00:02<00:00, 28.11it/s]
 81%|████████  | 64/79 [00:03<00:00, 29.24it/s]
 86%|████████▌ | 68/79 [00:03<00:00, 29.60it/s]
 91%|█████████ | 72/79 [00:03<00:00, 29.93it/s]
 96%|█████████▌| 76/79 [00:03<00:00, 30.15it/s]
100%|██████████| 79/79 [00:03<00:00, 22.03it/s]

CommRound: 1/30
Accuracy: 58.67% | Loss: 1.2774
[##----------------------------------------------------------] 3.3%
Elapsed: 0.3m | Avg/Round: 19.4s | Last: 15.7s | Next: 19.4s | Remaining: 9.4m
ETA: 05:48:09
Recent round times: R1: 15.7s

  0%|          | 0/79 [00:00<?, ?it/s]
  1%|▏         | 1/79 [00:00<00:13,  5.58it/s]
  9%|▉         | 7/79 [00:00<00:03, 23.72it/s]
 14%|█▍        | 11/79 [00:00<00:02, 26.33it/s]
 19%|█▉        | 15/79 [00:00<00:02, 27.94it/s]
 24%|██▍       | 19/79 [00:00<00:02, 29.60it/s]
 29%|██▉       | 23/79 [00:00<00:01, 30.39it/s]
 34%|███▍      | 27/79 [00:00<00:01, 31.01it/s]
 39%|███▉      | 31/79 [00:01<00:01, 30.77it/s]
 44%|████▍     | 35/79 [00:01<00:01, 31.94it/s]
 49%|████▉     | 39/79 [00:01<00:01, 32.30it/s]
 54%|█████▍    | 43/79 [00:01<00:01, 32.42it/s]
 59%|█████▉    | 47/79 [00:01<00:00, 32.72it/s]
 65%|██████▍   | 51/79 [00:01<00:00, 32.76it/s]
 70%|██████▉   | 55/79 [00:01<00:00, 32.80it/s]
 75%|███████▍  | 59/79 [00:01<00:00, 32.80it/s]
 80%|███████▉  | 63/79 [00:02<00:00, 31.50it/s]
 85%|████████▍ | 67/79 [00:02<00:00, 32.38it/s]
 90%|████████▉ | 71/79 [00:02<00:00, 32.90it/s]
 95%|█████████▍| 75/79 [00:02<00:00, 33.56it/s]
100%|██████████| 79/79 [00:02<00:00, 33.18it/s]
100%|██████████| 79/79 [00:02<00:00, 30.74it/s]

CommRound: 2/30
Accuracy: 74.41% | Loss: 0.7410
[####--------------------------------------------------------] 6.7%
Elapsed: 0.6m | Avg/Round: 17.0s | Last: 14.6s | Next: 17.0s | Remaining: 7.9m
ETA: 05:46:57
Recent round times: R1: 15.7s -> R2: 14.6s

  0%|          | 0/79 [00:00<?, ?it/s]
  1%|▏         | 1/79 [00:00<00:09,  8.62it/s]
  8%|▊         | 6/79 [00:00<00:02, 30.62it/s]
 13%|█▎        | 10/79 [00:00<00:02, 32.50it/s]
 18%|█▊        | 14/79 [00:00<00:01, 33.45it/s]
 23%|██▎       | 18/79 [00:00<00:01, 33.58it/s]
 28%|██▊       | 22/79 [00:00<00:01, 34.34it/s]
 33%|███▎      | 26/79 [00:00<00:01, 33.89it/s]
 38%|███▊      | 30/79 [00:00<00:01, 32.46it/s]
 43%|████▎     | 34/79 [00:01<00:01, 31.47it/s]
 48%|████▊     | 38/79 [00:01<00:01, 31.26it/s]
 53%|█████▎    | 42/79 [00:01<00:01, 30.71it/s]
 58%|█████▊    | 46/79 [00:01<00:01, 31.86it/s]
 63%|██████▎   | 50/79 [00:01<00:00, 32.01it/s]
 68%|██████▊   | 54/79 [00:01<00:00, 32.87it/s]
 73%|███████▎  | 58/79 [00:01<00:00, 32.31it/s]
 78%|███████▊  | 62/79 [00:01<00:00, 30.52it/s]
 84%|████████▎ | 66/79 [00:02<00:00, 29.35it/s]
 87%|████████▋ | 69/79 [00:02<00:00, 28.85it/s]
 92%|█████████▏| 73/79 [00:02<00:00, 30.46it/s]
 97%|█████████▋| 77/79 [00:02<00:00, 31.58it/s]
100%|██████████| 79/79 [00:02<00:00, 31.72it/s]

CommRound: 3/30
Accuracy: 82.09% | Loss: 0.5239
[######------------------------------------------------------] 10.0%
Elapsed: 0.8m | Avg/Round: 16.1s | Last: 14.4s | Next: 16.1s | Remaining: 7.3m
ETA: 05:46:32
Recent round times: R1: 15.7s -> R2: 14.6s -> R3: 14.4s

  0%|          | 0/79 [00:00<?, ?it/s]
  1%|▏         | 1/79 [00:00<00:11,  7.01it/s]
  6%|▋         | 5/79 [00:00<00:03, 21.82it/s]
 11%|█▏        | 9/79 [00:00<00:02, 24.50it/s]
 16%|█▋        | 13/79 [00:00<00:02, 25.97it/s]
 22%|██▏       | 17/79 [00:00<00:02, 28.42it/s]
 25%|██▌       | 20/79 [00:00<00:02, 28.18it/s]
 30%|███       | 24/79 [00:00<00:01, 29.33it/s]
 34%|███▍      | 27/79 [00:01<00:01, 29.38it/s]
 39%|███▉      | 31/79 [00:01<00:01, 29.23it/s]
 44%|████▍     | 35/79 [00:01<00:01, 29.61it/s]
 49%|████▉     | 39/79 [00:01<00:01, 29.44it/s]
 54%|█████▍    | 43/79 [00:01<00:01, 29.27it/s]
 59%|█████▉    | 47/79 [00:01<00:01, 29.59it/s]
 65%|██████▍   | 51/79 [00:01<00:00, 29.79it/s]
 70%|██████▉   | 55/79 [00:01<00:00, 29.49it/s]
 75%|███████▍  | 59/79 [00:02<00:00, 29.46it/s]
 80%|███████▉  | 63/79 [00:02<00:00, 29.11it/s]
 85%|████████▍ | 67/79 [00:02<00:00, 29.45it/s]
 90%|████████▉ | 71/79 [00:02<00:00, 29.34it/s]
 95%|█████████▍| 75/79 [00:02<00:00, 29.02it/s]
100%|██████████| 79/79 [00:02<00:00, 28.92it/s]

CommRound: 4/30
Accuracy: 85.08% | Loss: 0.4582
[########----------------------------------------------------] 13.3%
Elapsed: 1.1m | Avg/Round: 15.8s | Last: 14.7s | Next: 15.8s | Remaining: 6.8m
ETA: 05:46:21
Recent round times: R1: 15.7s -> R2: 14.6s -> R3: 14.4s -> R4: 14.7s

  0%|          | 0/79 [00:00<?, ?it/s]
  1%|▏         | 1/79 [00:00<00:11,  6.66it/s]
  8%|▊         | 6/79 [00:00<00:02, 27.68it/s]
 13%|█▎        | 10/79 [00:00<00:02, 27.59it/s]
 16%|█▋        | 13/79 [00:00<00:02, 27.42it/s]
 22%|██▏       | 17/79 [00:00<00:02, 29.06it/s]
 27%|██▋       | 21/79 [00:00<00:01, 30.09it/s]
 32%|███▏      | 25/79 [00:00<00:01, 30.66it/s]
 37%|███▋      | 29/79 [00:01<00:01, 30.94it/s]
 42%|████▏     | 33/79 [00:01<00:01, 31.27it/s]
 47%|████▋     | 37/79 [00:01<00:01, 31.07it/s]
 52%|█████▏    | 41/79 [00:01<00:01, 31.04it/s]
 57%|█████▋    | 45/79 [00:01<00:01, 30.45it/s]
 62%|██████▏   | 49/79 [00:01<00:00, 30.80it/s]
 67%|██████▋   | 53/79 [00:01<00:00, 30.72it/s]
 72%|███████▏  | 57/79 [00:01<00:00, 30.77it/s]
 77%|███████▋  | 61/79 [00:02<00:00, 30.84it/s]
 82%|████████▏ | 65/79 [00:02<00:00, 30.27it/s]
 87%|████████▋ | 69/79 [00:02<00:00, 30.24it/s]
 92%|█████████▏| 73/79 [00:02<00:00, 30.27it/s]
 97%|█████████▋| 77/79 [00:02<00:00, 30.53it/s]
100%|██████████| 79/79 [00:02<00:00, 30.22it/s]

CommRound: 5/30
Accuracy: 86.19% | Loss: 0.4392
[##########--------------------------------------------------] 16.7%
Elapsed: 1.3m | Avg/Round: 15.5s | Last: 14.6s | Next: 15.5s | Remaining: 6.5m
ETA: 05:46:14
Recent round times: R1: 15.7s -> R2: 14.6s -> R3: 14.4s -> R4: 14.7s -> R5: 14.6s

  0%|          | 0/79 [00:00<?, ?it/s]
  1%|▏         | 1/79 [00:00<00:09,  7.88it/s]
  9%|▉         | 7/79 [00:00<00:02, 27.10it/s]
 14%|█▍        | 11/79 [00:00<00:02, 28.30it/s]
 19%|█▉        | 15/79 [00:00<00:02, 28.83it/s]
 24%|██▍       | 19/79 [00:00<00:02, 29.25it/s]
 29%|██▉       | 23/79 [00:00<00:01, 29.58it/s]
 34%|███▍      | 27/79 [00:00<00:01, 29.80it/s]
 39%|███▉      | 31/79 [00:01<00:01, 30.28it/s]
 44%|████▍     | 35/79 [00:01<00:01, 30.84it/s]
 49%|████▉     | 39/79 [00:01<00:01, 30.65it/s]
 54%|█████▍    | 43/79 [00:01<00:01, 30.33it/s]
 59%|█████▉    | 47/79 [00:01<00:01, 30.42it/s]
 65%|██████▍   | 51/79 [00:01<00:00, 32.28it/s]
 70%|██████▉   | 55/79 [00:01<00:00, 33.68it/s]
 75%|███████▍  | 59/79 [00:01<00:00, 34.41it/s]
 80%|███████▉  | 63/79 [00:02<00:00, 35.02it/s]
 85%|████████▍ | 67/79 [00:02<00:00, 35.39it/s]
 90%|████████▉ | 71/79 [00:02<00:00, 35.74it/s]
 95%|█████████▍| 75/79 [00:02<00:00, 36.07it/s]
100%|██████████| 79/79 [00:02<00:00, 32.25it/s]

CommRound: 6/30
Accuracy: 87.58% | Loss: 0.4159
[############------------------------------------------------] 20.0%
Elapsed: 1.5m | Avg/Round: 15.4s | Last: 14.5s | Next: 15.4s | Remaining: 6.1m
ETA: 05:46:09
Recent round times: R1: 14.6s -> R2: 14.4s -> R3: 14.7s -> R4: 14.6s -> R5: 14.5s

  0%|          | 0/79 [00:00<?, ?it/s]
  1%|▏         | 1/79 [00:00<00:12,  6.42it/s]
  6%|▋         | 5/79 [00:00<00:03, 22.01it/s]
 10%|█         | 8/79 [00:00<00:02, 24.94it/s]
 14%|█▍        | 11/79 [00:00<00:03, 20.59it/s]
 18%|█▊        | 14/79 [00:00<00:03, 21.13it/s]
 22%|██▏       | 17/79 [00:00<00:02, 22.93it/s]
 25%|██▌       | 20/79 [00:00<00:02, 23.80it/s]
 30%|███       | 24/79 [00:01<00:02, 26.76it/s]
 34%|███▍      | 27/79 [00:01<00:01, 27.53it/s]
 38%|███▊      | 30/79 [00:01<00:02, 24.29it/s]
 43%|████▎     | 34/79 [00:01<00:01, 24.12it/s]
 48%|████▊     | 38/79 [00:01<00:01, 25.04it/s]
 53%|█████▎    | 42/79 [00:01<00:01, 27.44it/s]
 58%|█████▊    | 46/79 [00:01<00:01, 29.27it/s]
 63%|██████▎   | 50/79 [00:01<00:00, 30.62it/s]
 68%|██████▊   | 54/79 [00:02<00:00, 31.72it/s]
 73%|███████▎  | 58/79 [00:02<00:00, 32.16it/s]
 78%|███████▊  | 62/79 [00:02<00:00, 32.64it/s]
 84%|████████▎ | 66/79 [00:02<00:00, 33.08it/s]
 89%|████████▊ | 70/79 [00:02<00:00, 33.40it/s]
 94%|█████████▎| 74/79 [00:02<00:00, 33.70it/s]
 99%|█████████▊| 78/79 [00:02<00:00, 33.46it/s]
100%|██████████| 79/79 [00:02<00:00, 28.10it/s]

CommRound: 7/30
Accuracy: 87.98% | Loss: 0.4060
[##############----------------------------------------------] 23.3%
Elapsed: 1.8m | Avg/Round: 15.3s | Last: 14.8s | Next: 15.3s | Remaining: 5.9m
ETA: 05:46:07
Recent round times: R1: 14.4s -> R2: 14.7s -> R3: 14.6s -> R4: 14.5s -> R5: 14.8s

  0%|          | 0/79 [00:00<?, ?it/s]
  1%|▏         | 1/79 [00:00<00:12,  6.22it/s]
  8%|▊         | 6/79 [00:00<00:02, 26.15it/s]
 13%|█▎        | 10/79 [00:00<00:02, 28.24it/s]
 18%|█▊        | 14/79 [00:00<00:02, 29.23it/s]
 23%|██▎       | 18/79 [00:00<00:02, 29.74it/s]
 28%|██▊       | 22/79 [00:00<00:01, 29.24it/s]
 33%|███▎      | 26/79 [00:00<00:01, 28.35it/s]
 38%|███▊      | 30/79 [00:01<00:01, 27.92it/s]
 43%|████▎     | 34/79 [00:01<00:01, 27.47it/s]
 48%|████▊     | 38/79 [00:01<00:01, 27.41it/s]
 53%|█████▎    | 42/79 [00:01<00:01, 27.39it/s]
 58%|█████▊    | 46/79 [00:01<00:01, 27.19it/s]
 63%|██████▎   | 50/79 [00:01<00:01, 27.26it/s]
 68%|██████▊   | 54/79 [00:01<00:00, 27.79it/s]
 73%|███████▎  | 58/79 [00:02<00:00, 26.89it/s]
 78%|███████▊  | 62/79 [00:02<00:00, 27.58it/s]
 84%|████████▎ | 66/79 [00:02<00:00, 27.03it/s]
 89%|████████▊ | 70/79 [00:02<00:00, 27.34it/s]
 94%|█████████▎| 74/79 [00:02<00:00, 27.46it/s]
 99%|█████████▊| 78/79 [00:02<00:00, 28.64it/s]
100%|██████████| 79/79 [00:02<00:00, 27.57it/s]

CommRound: 8/30
Accuracy: 88.07% | Loss: 0.4233
[################--------------------------------------------] 26.7%
Elapsed: 2.0m | Avg/Round: 15.2s | Last: 14.8s | Next: 15.2s | Remaining: 5.6m
ETA: 05:46:05
Recent round times: R1: 14.7s -> R2: 14.6s -> R3: 14.5s -> R4: 14.8s -> R5: 14.8s

  0%|          | 0/79 [00:00<?, ?it/s]
  1%|▏         | 1/79 [00:00<00:08,  8.98it/s]
  9%|▉         | 7/79 [00:00<00:02, 30.28it/s]
 14%|█▍        | 11/79 [00:00<00:02, 32.78it/s]
 19%|█▉        | 15/79 [00:00<00:01, 33.85it/s]
 24%|██▍       | 19/79 [00:00<00:01, 34.89it/s]
 29%|██▉       | 23/79 [00:00<00:01, 34.86it/s]
 34%|███▍      | 27/79 [00:00<00:01, 34.32it/s]
 39%|███▉      | 31/79 [00:00<00:01, 35.23it/s]
 44%|████▍     | 35/79 [00:01<00:01, 35.96it/s]
 49%|████▉     | 39/79 [00:01<00:01, 35.97it/s]
 54%|█████▍    | 43/79 [00:01<00:01, 34.37it/s]
 59%|█████▉    | 47/79 [00:01<00:00, 32.80it/s]
 65%|██████▍   | 51/79 [00:01<00:00, 31.41it/s]
 70%|██████▉   | 55/79 [00:01<00:00, 30.69it/s]
 75%|███████▍  | 59/79 [00:01<00:00, 30.18it/s]
 80%|███████▉  | 63/79 [00:01<00:00, 29.49it/s]
 84%|████████▎ | 66/79 [00:02<00:00, 27.76it/s]
 89%|████████▊ | 70/79 [00:02<00:00, 27.80it/s]
 94%|█████████▎| 74/79 [00:02<00:00, 28.16it/s]
 99%|█████████▊| 78/79 [00:02<00:00, 28.97it/s]
100%|██████████| 79/79 [00:02<00:00, 31.26it/s]

CommRound: 9/30
Accuracy: 87.44% | Loss: 0.4447
[##################------------------------------------------] 30.0%
Elapsed: 2.3m | Avg/Round: 15.2s | Last: 14.6s | Next: 15.2s | Remaining: 5.3m
ETA: 05:46:03
Recent round times: R1: 14.6s -> R2: 14.5s -> R3: 14.8s -> R4: 14.8s -> R5: 14.6s

  0%|          | 0/79 [00:00<?, ?it/s]
  1%|▏         | 1/79 [00:00<00:10,  7.33it/s]
  6%|▋         | 5/79 [00:00<00:03, 21.51it/s]
 11%|█▏        | 9/79 [00:00<00:02, 24.32it/s]
 16%|█▋        | 13/79 [00:00<00:02, 27.81it/s]
 22%|██▏       | 17/79 [00:00<00:02, 29.93it/s]
 27%|██▋       | 21/79 [00:00<00:01, 31.28it/s]
 32%|███▏      | 25/79 [00:00<00:01, 31.51it/s]
 37%|███▋      | 29/79 [00:01<00:01, 29.65it/s]
 42%|████▏     | 33/79 [00:01<00:01, 31.29it/s]
 47%|████▋     | 37/79 [00:01<00:01, 31.17it/s]
 52%|█████▏    | 41/79 [00:01<00:01, 31.30it/s]
 57%|█████▋    | 45/79 [00:01<00:01, 31.28it/s]
 62%|██████▏   | 49/79 [00:01<00:01, 28.07it/s]
 66%|██████▌   | 52/79 [00:01<00:01, 26.00it/s]
 71%|███████   | 56/79 [00:01<00:00, 26.88it/s]
 76%|███████▌  | 60/79 [00:02<00:00, 26.77it/s]
 81%|████████  | 64/79 [00:02<00:00, 28.60it/s]
 86%|████████▌ | 68/79 [00:02<00:00, 29.57it/s]
 91%|█████████ | 72/79 [00:02<00:00, 29.21it/s]
 96%|█████████▌| 76/79 [00:02<00:00, 28.31it/s]
100%|██████████| 79/79 [00:02<00:00, 28.66it/s]

CommRound: 10/30
Accuracy: 88.70% | Loss: 0.4125
[####################----------------------------------------] 33.3%
Elapsed: 2.5m | Avg/Round: 15.1s | Last: 14.7s | Next: 15.1s | Remaining: 5.0m
ETA: 05:46:02
Recent round times: R1: 14.5s -> R2: 14.8s -> R3: 14.8s -> R4: 14.6s -> R5: 14.7s

  0%|          | 0/79 [00:00<?, ?it/s]
  1%|▏         | 1/79 [00:00<00:11,  6.58it/s]
  9%|▉         | 7/79 [00:00<00:02, 25.85it/s]
 14%|█▍        | 11/79 [00:00<00:02, 27.36it/s]
 19%|█▉        | 15/79 [00:00<00:02, 30.63it/s]
 24%|██▍       | 19/79 [00:00<00:01, 31.79it/s]
 29%|██▉       | 23/79 [00:00<00:01, 32.46it/s]
 34%|███▍      | 27/79 [00:00<00:01, 32.94it/s]
 39%|███▉      | 31/79 [00:01<00:01, 33.24it/s]
 44%|████▍     | 35/79 [00:01<00:01, 33.52it/s]
 49%|████▉     | 39/79 [00:01<00:01, 32.76it/s]
 54%|█████▍    | 43/79 [00:01<00:01, 30.29it/s]
 59%|█████▉    | 47/79 [00:01<00:01, 28.39it/s]
 65%|██████▍   | 51/79 [00:01<00:01, 27.71it/s]
 70%|██████▉   | 55/79 [00:01<00:00, 27.35it/s]
 75%|███████▍  | 59/79 [00:02<00:00, 27.25it/s]
 80%|███████▉  | 63/79 [00:02<00:00, 28.19it/s]
 85%|████████▍ | 67/79 [00:02<00:00, 28.61it/s]
 90%|████████▉ | 71/79 [00:02<00:00, 29.64it/s]
 94%|█████████▎| 74/79 [00:02<00:00, 29.49it/s]
 97%|█████████▋| 77/79 [00:02<00:00, 27.13it/s]
100%|██████████| 79/79 [00:02<00:00, 29.40it/s]

CommRound: 11/30
Accuracy: 89.15% | Loss: 0.4016
[######################--------------------------------------] 36.7%
Elapsed: 2.8m | Avg/Round: 15.1s | Last: 14.6s | Next: 15.1s | Remaining: 4.8m
ETA: 05:46:00
Recent round times: R1: 14.8s -> R2: 14.8s -> R3: 14.6s -> R4: 14.7s -> R5: 14.6s

  0%|          | 0/79 [00:00<?, ?it/s]
  1%|▏         | 1/79 [00:00<00:09,  8.53it/s]
  6%|▋         | 5/79 [00:00<00:02, 24.91it/s]
 11%|█▏        | 9/79 [00:00<00:02, 29.09it/s]
 16%|█▋        | 13/79 [00:00<00:02, 31.15it/s]
 22%|██▏       | 17/79 [00:00<00:01, 32.21it/s]
 27%|██▋       | 21/79 [00:00<00:01, 32.73it/s]
 32%|███▏      | 25/79 [00:00<00:01, 33.03it/s]
 37%|███▋      | 29/79 [00:00<00:01, 33.87it/s]
 42%|████▏     | 33/79 [00:01<00:01, 33.97it/s]
 47%|████▋     | 37/79 [00:01<00:01, 33.82it/s]
 52%|█████▏    | 41/79 [00:01<00:01, 34.28it/s]
 57%|█████▋    | 45/79 [00:01<00:00, 34.36it/s]
 62%|██████▏   | 49/79 [00:01<00:00, 34.37it/s]
 67%|██████▋   | 53/79 [00:01<00:00, 33.91it/s]
 72%|███████▏  | 57/79 [00:01<00:00, 33.62it/s]
 77%|███████▋  | 61/79 [00:01<00:00, 33.88it/s]
 82%|████████▏ | 65/79 [00:01<00:00, 34.09it/s]
 87%|████████▋ | 69/79 [00:02<00:00, 34.09it/s]
 92%|█████████▏| 73/79 [00:02<00:00, 33.82it/s]
 97%|█████████▋| 77/79 [00:02<00:00, 34.08it/s]
100%|██████████| 79/79 [00:02<00:00, 33.37it/s]

CommRound: 12/30
Accuracy: 89.27% | Loss: 0.4007
[########################------------------------------------] 40.0%
Elapsed: 3.0m | Avg/Round: 15.0s | Last: 14.4s | Next: 15.0s | Remaining: 4.5m
ETA: 05:45:58
Recent round times: R1: 14.8s -> R2: 14.6s -> R3: 14.7s -> R4: 14.6s -> R5: 14.4s

  0%|          | 0/79 [00:00<?, ?it/s]
  1%|▏         | 1/79 [00:00<00:13,  5.67it/s]
  6%|▋         | 5/79 [00:00<00:04, 14.88it/s]
  9%|▉         | 7/79 [00:00<00:04, 16.13it/s]
 11%|█▏        | 9/79 [00:00<00:04, 16.96it/s]
 14%|█▍        | 11/79 [00:00<00:03, 17.55it/s]
 16%|█▋        | 13/79 [00:00<00:03, 17.92it/s]
 19%|█▉        | 15/79 [00:00<00:03, 18.26it/s]
 22%|██▏       | 17/79 [00:01<00:03, 18.57it/s]
 24%|██▍       | 19/79 [00:01<00:03, 18.79it/s]
 29%|██▉       | 23/79 [00:01<00:02, 21.08it/s]
 34%|███▍      | 27/79 [00:01<00:02, 22.94it/s]
 38%|███▊      | 30/79 [00:01<00:02, 24.24it/s]
 42%|████▏     | 33/79 [00:01<00:02, 20.58it/s]
 46%|████▌     | 36/79 [00:01<00:01, 22.34it/s]
 49%|████▉     | 39/79 [00:02<00:02, 19.90it/s]
 53%|█████▎    | 42/79 [00:02<00:01, 21.34it/s]
 57%|█████▋    | 45/79 [00:02<00:01, 19.94it/s]
 62%|██████▏   | 49/79 [00:02<00:01, 20.44it/s]
 67%|██████▋   | 53/79 [00:02<00:01, 20.83it/s]
 72%|███████▏  | 57/79 [00:02<00:00, 22.74it/s]
 77%|███████▋  | 61/79 [00:02<00:00, 25.71it/s]
 82%|████████▏ | 65/79 [00:03<00:00, 28.04it/s]
 87%|████████▋ | 69/79 [00:03<00:00, 29.52it/s]
 92%|█████████▏| 73/79 [00:03<00:00, 30.76it/s]
 97%|█████████▋| 77/79 [00:03<00:00, 32.03it/s]
100%|██████████| 79/79 [00:03<00:00, 22.69it/s]

CommRound: 13/30
Accuracy: 89.34% | Loss: 0.4004
[##########################----------------------------------] 43.3%
Elapsed: 3.3m | Avg/Round: 15.0s | Last: 15.5s | Next: 15.0s | Remaining: 4.3m
ETA: 05:46:00
Recent round times: R1: 14.6s -> R2: 14.7s -> R3: 14.6s -> R4: 14.4s -> R5: 15.5s

  0%|          | 0/79 [00:00<?, ?it/s]
  1%|▏         | 1/79 [00:00<00:10,  7.69it/s]
  6%|▋         | 5/79 [00:00<00:03, 24.22it/s]
 11%|█▏        | 9/79 [00:00<00:02, 28.27it/s]
 15%|█▌        | 12/79 [00:00<00:02, 28.69it/s]
 19%|█▉        | 15/79 [00:00<00:02, 23.36it/s]
 23%|██▎       | 18/79 [00:00<00:02, 23.51it/s]
 27%|██▋       | 21/79 [00:00<00:02, 21.42it/s]
 30%|███       | 24/79 [00:01<00:02, 21.44it/s]
 34%|███▍      | 27/79 [00:01<00:02, 21.56it/s]
 38%|███▊      | 30/79 [00:01<00:02, 20.76it/s]
 42%|████▏     | 33/79 [00:01<00:02, 20.02it/s]
 46%|████▌     | 36/79 [00:01<00:02, 19.54it/s]
 49%|████▉     | 39/79 [00:01<00:02, 19.25it/s]
 52%|█████▏    | 41/79 [00:01<00:02, 18.88it/s]
 54%|█████▍    | 43/79 [00:02<00:01, 18.34it/s]
 58%|█████▊    | 46/79 [00:02<00:01, 19.39it/s]
 61%|██████    | 48/79 [00:02<00:01, 19.08it/s]
 63%|██████▎   | 50/79 [00:02<00:01, 18.83it/s]
 66%|██████▌   | 52/79 [00:02<00:01, 18.68it/s]
 68%|██████▊   | 54/79 [00:02<00:01, 18.36it/s]
 71%|███████   | 56/79 [00:02<00:01, 18.16it/s]
 73%|███████▎  | 58/79 [00:02<00:01, 18.07it/s]
 76%|███████▌  | 60/79 [00:02<00:01, 17.97it/s]
 78%|███████▊  | 62/79 [00:03<00:00, 17.78it/s]
 81%|████████  | 64/79 [00:03<00:00, 17.85it/s]
 84%|████████▎ | 66/79 [00:03<00:00, 17.87it/s]
 86%|████████▌ | 68/79 [00:03<00:00, 18.04it/s]
 90%|████████▉ | 71/79 [00:03<00:00, 18.33it/s]
 92%|█████████▏| 73/79 [00:03<00:00, 18.54it/s]
 95%|█████████▍| 75/79 [00:03<00:00, 18.85it/s]
 97%|█████████▋| 77/79 [00:03<00:00, 18.91it/s]
100%|██████████| 79/79 [00:03<00:00, 19.96it/s]

CommRound: 14/30
Accuracy: 89.42% | Loss: 0.4003
[############################--------------------------------] 46.7%
Elapsed: 3.5m | Avg/Round: 15.1s | Last: 16.0s | Next: 15.1s | Remaining: 4.0m
ETA: 05:46:02
Recent round times: R1: 14.7s -> R2: 14.6s -> R3: 14.4s -> R4: 15.5s -> R5: 16.0s

  0%|          | 0/79 [00:00<?, ?it/s]
  1%|▏         | 1/79 [00:00<00:09,  8.16it/s]
  6%|▋         | 5/79 [00:00<00:03, 21.31it/s]
 11%|█▏        | 9/79 [00:00<00:02, 25.44it/s]
 16%|█▋        | 13/79 [00:00<00:02, 29.54it/s]
 22%|██▏       | 17/79 [00:00<00:01, 31.03it/s]
 27%|██▋       | 21/79 [00:00<00:01, 32.11it/s]
 32%|███▏      | 25/79 [00:00<00:01, 32.90it/s]
 37%|███▋      | 29/79 [00:00<00:01, 33.41it/s]
 42%|████▏     | 33/79 [00:01<00:01, 33.70it/s]
 47%|████▋     | 37/79 [00:01<00:01, 33.99it/s]
 52%|█████▏    | 41/79 [00:01<00:01, 34.24it/s]
 57%|█████▋    | 45/79 [00:01<00:00, 34.61it/s]
 62%|██████▏   | 49/79 [00:01<00:00, 34.73it/s]
 67%|██████▋   | 53/79 [00:01<00:00, 34.35it/s]
 72%|███████▏  | 57/79 [00:01<00:00, 34.36it/s]
 77%|███████▋  | 61/79 [00:01<00:00, 34.43it/s]
 82%|████████▏ | 65/79 [00:02<00:00, 31.64it/s]
 87%|████████▋ | 69/79 [00:02<00:00, 30.53it/s]
 92%|█████████▏| 73/79 [00:02<00:00, 29.61it/s]
 97%|█████████▋| 77/79 [00:02<00:00, 29.19it/s]
100%|██████████| 79/79 [00:02<00:00, 31.61it/s]

CommRound: 15/30
Accuracy: 89.47% | Loss: 0.4001
[##############################------------------------------] 50.0%
Elapsed: 3.8m | Avg/Round: 15.1s | Last: 14.5s | Next: 15.1s | Remaining: 3.8m
ETA: 05:46:00
Recent round times: R1: 14.6s -> R2: 14.4s -> R3: 15.5s -> R4: 16.0s -> R5: 14.5s

  0%|          | 0/79 [00:00<?, ?it/s]
  1%|▏         | 1/79 [00:00<00:11,  6.78it/s]
  9%|▉         | 7/79 [00:00<00:02, 26.67it/s]
 14%|█▍        | 11/79 [00:00<00:02, 29.11it/s]
 19%|█▉        | 15/79 [00:00<00:02, 30.43it/s]
 24%|██▍       | 19/79 [00:00<00:01, 31.62it/s]
 29%|██▉       | 23/79 [00:00<00:01, 32.37it/s]
 34%|███▍      | 27/79 [00:00<00:01, 30.59it/s]
 39%|███▉      | 31/79 [00:01<00:01, 31.65it/s]
 44%|████▍     | 35/79 [00:01<00:01, 30.33it/s]
 49%|████▉     | 39/79 [00:01<00:01, 28.47it/s]
 54%|█████▍    | 43/79 [00:01<00:01, 27.24it/s]
 59%|█████▉    | 47/79 [00:01<00:01, 27.44it/s]
 65%|██████▍   | 51/79 [00:01<00:00, 29.23it/s]
 70%|██████▉   | 55/79 [00:01<00:00, 29.64it/s]
 75%|███████▍  | 59/79 [00:01<00:00, 31.84it/s]
 80%|███████▉  | 63/79 [00:02<00:00, 27.63it/s]
 85%|████████▍ | 67/79 [00:02<00:00, 29.21it/s]
 90%|████████▉ | 71/79 [00:02<00:00, 30.48it/s]
 95%|█████████▍| 75/79 [00:02<00:00, 30.79it/s]
100%|██████████| 79/79 [00:02<00:00, 30.23it/s]
100%|██████████| 79/79 [00:02<00:00, 29.10it/s]

CommRound: 16/30
Accuracy: 89.50% | Loss: 0.3999
[################################----------------------------] 53.3%
Elapsed: 4.0m | Avg/Round: 15.0s | Last: 14.6s | Next: 15.0s | Remaining: 3.5m
ETA: 05:46:00
Recent round times: R1: 14.4s -> R2: 15.5s -> R3: 16.0s -> R4: 14.5s -> R5: 14.6s

  0%|          | 0/79 [00:00<?, ?it/s]
  1%|▏         | 1/79 [00:00<00:08,  8.82it/s]
  9%|▉         | 7/79 [00:00<00:02, 31.91it/s]
 16%|█▋        | 13/79 [00:00<00:01, 37.16it/s]
 24%|██▍       | 19/79 [00:00<00:01, 39.52it/s]
 32%|███▏      | 25/79 [00:00<00:01, 40.43it/s]
 39%|███▉      | 31/79 [00:00<00:01, 41.48it/s]
 46%|████▌     | 36/79 [00:00<00:01, 42.69it/s]
 52%|█████▏    | 41/79 [00:01<00:00, 41.77it/s]
 58%|█████▊    | 46/79 [00:01<00:00, 40.65it/s]
 65%|██████▍   | 51/79 [00:01<00:00, 42.36it/s]
 71%|███████   | 56/79 [00:01<00:00, 39.64it/s]
 77%|███████▋  | 61/79 [00:01<00:00, 41.70it/s]
 84%|████████▎ | 66/79 [00:01<00:00, 38.24it/s]
 89%|████████▊ | 70/79 [00:01<00:00, 38.26it/s]
 94%|█████████▎| 74/79 [00:01<00:00, 38.25it/s]
 99%|█████████▊| 78/79 [00:01<00:00, 38.37it/s]
100%|██████████| 79/79 [00:02<00:00, 39.13it/s]

CommRound: 17/30
Accuracy: 89.59% | Loss: 0.4000
[##################################--------------------------] 56.7%
Elapsed: 4.2m | Avg/Round: 15.0s | Last: 14.0s | Next: 15.0s | Remaining: 3.2m
ETA: 05:45:58
Recent round times: R1: 15.5s -> R2: 16.0s -> R3: 14.5s -> R4: 14.6s -> R5: 14.0s

  0%|          | 0/79 [00:00<?, ?it/s]
  1%|▏         | 1/79 [00:00<00:09,  7.86it/s]
  6%|▋         | 5/79 [00:00<00:03, 22.26it/s]
 11%|█▏        | 9/79 [00:00<00:02, 25.73it/s]
 16%|█▋        | 13/79 [00:00<00:02, 27.04it/s]
 20%|██        | 16/79 [00:00<00:02, 26.83it/s]
 24%|██▍       | 19/79 [00:00<00:02, 23.16it/s]
 28%|██▊       | 22/79 [00:00<00:02, 23.22it/s]
 32%|███▏      | 25/79 [00:01<00:02, 22.44it/s]
 37%|███▋      | 29/79 [00:01<00:02, 24.63it/s]
 42%|████▏     | 33/79 [00:01<00:01, 26.12it/s]
 47%|████▋     | 37/79 [00:01<00:01, 27.27it/s]
 52%|█████▏    | 41/79 [00:01<00:01, 27.79it/s]
 56%|█████▌    | 44/79 [00:01<00:01, 28.24it/s]
 59%|█████▉    | 47/79 [00:01<00:01, 28.30it/s]
 63%|██████▎   | 50/79 [00:01<00:01, 26.30it/s]
 68%|██████▊   | 54/79 [00:02<00:00, 27.67it/s]
 72%|███████▏  | 57/79 [00:02<00:00, 24.53it/s]
 76%|███████▌  | 60/79 [00:02<00:00, 24.58it/s]
 81%|████████  | 64/79 [00:02<00:00, 25.84it/s]
 86%|████████▌ | 68/79 [00:02<00:00, 26.79it/s]
 91%|█████████ | 72/79 [00:02<00:00, 27.01it/s]
 96%|█████████▌| 76/79 [00:02<00:00, 28.74it/s]
100%|██████████| 79/79 [00:03<00:00, 26.25it/s]

CommRound: 18/30
Accuracy: 89.60% | Loss: 0.4006
[####################################------------------------] 60.0%
Elapsed: 4.5m | Avg/Round: 15.0s | Last: 15.1s | Next: 15.0s | Remaining: 3.0m
ETA: 05:45:58
Recent round times: R1: 16.0s -> R2: 14.5s -> R3: 14.6s -> R4: 14.0s -> R5: 15.1s

  0%|          | 0/79 [00:00<?, ?it/s]
  1%|▏         | 1/79 [00:00<00:12,  6.27it/s]
  4%|▍         | 3/79 [00:00<00:06, 12.21it/s]
  6%|▋         | 5/79 [00:00<00:05, 13.63it/s]
  9%|▉         | 7/79 [00:00<00:05, 13.78it/s]
 11%|█▏        | 9/79 [00:00<00:04, 15.30it/s]
 14%|█▍        | 11/79 [00:00<00:04, 15.10it/s]
 16%|█▋        | 13/79 [00:00<00:04, 15.56it/s]
 19%|█▉        | 15/79 [00:01<00:04, 15.54it/s]
 24%|██▍       | 19/79 [00:01<00:03, 19.91it/s]
 27%|██▋       | 21/79 [00:01<00:02, 19.57it/s]
 29%|██▉       | 23/79 [00:01<00:03, 18.04it/s]
 32%|███▏      | 25/79 [00:01<00:03, 16.97it/s]
 34%|███▍      | 27/79 [00:01<00:03, 16.04it/s]
 37%|███▋      | 29/79 [00:01<00:03, 15.44it/s]
 39%|███▉      | 31/79 [00:01<00:03, 15.17it/s]
 42%|████▏     | 33/79 [00:02<00:03, 15.33it/s]
 44%|████▍     | 35/79 [00:02<00:02, 15.16it/s]
 47%|████▋     | 37/79 [00:02<00:02, 14.79it/s]
 49%|████▉     | 39/79 [00:02<00:02, 14.82it/s]
 52%|█████▏    | 41/79 [00:02<00:02, 14.70it/s]
 54%|█████▍    | 43/79 [00:02<00:02, 14.54it/s]
 57%|█████▋    | 45/79 [00:02<00:02, 14.45it/s]
 59%|█████▉    | 47/79 [00:03<00:02, 15.04it/s]
 62%|██████▏   | 49/79 [00:03<00:02, 14.68it/s]
 65%|██████▍   | 51/79 [00:03<00:01, 15.37it/s]
 67%|██████▋   | 53/79 [00:03<00:01, 15.42it/s]
 72%|███████▏  | 57/79 [00:03<00:01, 19.78it/s]
 77%|███████▋  | 61/79 [00:03<00:00, 22.40it/s]
 82%|████████▏ | 65/79 [00:03<00:00, 24.87it/s]
 86%|████████▌ | 68/79 [00:03<00:00, 25.90it/s]
 90%|████████▉ | 71/79 [00:04<00:00, 26.73it/s]
 94%|█████████▎| 74/79 [00:04<00:00, 27.57it/s]
 97%|█████████▋| 77/79 [00:04<00:00, 23.01it/s]
100%|██████████| 79/79 [00:04<00:00, 17.64it/s]

CommRound: 19/30
Accuracy: 89.62% | Loss: 0.4005
[######################################----------------------] 63.3%
Elapsed: 4.8m | Avg/Round: 15.1s | Last: 16.6s | Next: 15.1s | Remaining: 2.8m
ETA: 05:46:00
Recent round times: R1: 14.5s -> R2: 14.6s -> R3: 14.0s -> R4: 15.1s -> R5: 16.6s

  0%|          | 0/79 [00:00<?, ?it/s]
  1%|▏         | 1/79 [00:00<00:12,  6.26it/s]
  6%|▋         | 5/79 [00:00<00:04, 18.35it/s]
 11%|█▏        | 9/79 [00:00<00:03, 20.67it/s]
 16%|█▋        | 13/79 [00:00<00:03, 21.60it/s]
 22%|██▏       | 17/79 [00:00<00:02, 21.72it/s]
 25%|██▌       | 20/79 [00:00<00:02, 20.82it/s]
 29%|██▉       | 23/79 [00:01<00:03, 17.44it/s]
 34%|███▍      | 27/79 [00:01<00:02, 19.71it/s]
 39%|███▉      | 31/79 [00:01<00:02, 21.28it/s]
 44%|████▍     | 35/79 [00:01<00:01, 22.41it/s]
 49%|████▉     | 39/79 [00:01<00:01, 23.41it/s]
 54%|█████▍    | 43/79 [00:02<00:01, 23.70it/s]
 59%|█████▉    | 47/79 [00:02<00:01, 24.03it/s]
 65%|██████▍   | 51/79 [00:02<00:01, 24.46it/s]
 70%|██████▉   | 55/79 [00:02<00:00, 24.76it/s]
 75%|███████▍  | 59/79 [00:02<00:00, 24.83it/s]
 80%|███████▉  | 63/79 [00:02<00:00, 25.32it/s]
 85%|████████▍ | 67/79 [00:02<00:00, 26.45it/s]
 90%|████████▉ | 71/79 [00:03<00:00, 27.16it/s]
 94%|█████████▎| 74/79 [00:03<00:00, 27.48it/s]
 97%|█████████▋| 77/79 [00:03<00:00, 26.16it/s]
100%|██████████| 79/79 [00:03<00:00, 23.36it/s]

CommRound: 20/30
Accuracy: 89.63% | Loss: 0.4010
[########################################--------------------] 66.7%
Elapsed: 5.0m | Avg/Round: 15.1s | Last: 15.4s | Next: 15.1s | Remaining: 2.5m
ETA: 05:46:01
Recent round times: R1: 14.6s -> R2: 14.0s -> R3: 15.1s -> R4: 16.6s -> R5: 15.4s

  0%|          | 0/79 [00:00<?, ?it/s]
  1%|▏         | 1/79 [00:00<00:12,  6.24it/s]
  6%|▋         | 5/79 [00:00<00:03, 21.37it/s]
 11%|█▏        | 9/79 [00:00<00:02, 24.67it/s]
 15%|█▌        | 12/79 [00:00<00:02, 23.50it/s]
 19%|█▉        | 15/79 [00:00<00:03, 19.93it/s]
 23%|██▎       | 18/79 [00:00<00:03, 19.59it/s]
 27%|██▋       | 21/79 [00:01<00:03, 17.67it/s]
 29%|██▉       | 23/79 [00:01<00:03, 17.47it/s]
 32%|███▏      | 25/79 [00:01<00:03, 17.18it/s]
 34%|███▍      | 27/79 [00:01<00:02, 17.47it/s]
 39%|███▉      | 31/79 [00:01<00:02, 20.84it/s]
 43%|████▎     | 34/79 [00:01<00:02, 19.42it/s]
 46%|████▌     | 36/79 [00:01<00:02, 18.76it/s]
 48%|████▊     | 38/79 [00:02<00:02, 17.98it/s]
 51%|█████     | 40/79 [00:02<00:02, 17.34it/s]
 53%|█████▎    | 42/79 [00:02<00:02, 17.01it/s]
 56%|█████▌    | 44/79 [00:02<00:02, 16.32it/s]
 58%|█████▊    | 46/79 [00:02<00:02, 16.15it/s]
 61%|██████    | 48/79 [00:02<00:01, 16.16it/s]
 63%|██████▎   | 50/79 [00:02<00:01, 16.06it/s]
 66%|██████▌   | 52/79 [00:02<00:01, 16.18it/s]
 68%|██████▊   | 54/79 [00:03<00:01, 16.15it/s]
 71%|███████   | 56/79 [00:03<00:01, 16.15it/s]
 73%|███████▎  | 58/79 [00:03<00:01, 14.99it/s]
 78%|███████▊  | 62/79 [00:03<00:01, 16.54it/s]
 81%|████████  | 64/79 [00:03<00:00, 16.53it/s]
 84%|████████▎ | 66/79 [00:03<00:00, 16.19it/s]
 87%|████████▋ | 69/79 [00:03<00:00, 19.27it/s]
 90%|████████▉ | 71/79 [00:03<00:00, 18.61it/s]
 92%|█████████▏| 73/79 [00:04<00:00, 17.97it/s]
 95%|█████████▍| 75/79 [00:04<00:00, 17.22it/s]
 97%|█████████▋| 77/79 [00:04<00:00, 17.87it/s]
100%|██████████| 79/79 [00:04<00:00, 17.85it/s]

CommRound: 21/30
Accuracy: 89.66% | Loss: 0.4013
[##########################################------------------] 70.0%
Elapsed: 5.3m | Avg/Round: 15.1s | Last: 16.4s | Next: 15.1s | Remaining: 2.3m
ETA: 05:46:03
Recent round times: R1: 14.0s -> R2: 15.1s -> R3: 16.6s -> R4: 15.4s -> R5: 16.4s

  0%|          | 0/79 [00:00<?, ?it/s]
  1%|▏         | 1/79 [00:00<00:15,  4.93it/s]
  6%|▋         | 5/79 [00:00<00:03, 18.59it/s]
 11%|█▏        | 9/79 [00:00<00:02, 23.46it/s]
 15%|█▌        | 12/79 [00:00<00:02, 22.45it/s]
 19%|█▉        | 15/79 [00:00<00:03, 18.33it/s]
 23%|██▎       | 18/79 [00:01<00:03, 16.34it/s]
 25%|██▌       | 20/79 [00:01<00:03, 16.02it/s]
 28%|██▊       | 22/79 [00:01<00:03, 15.60it/s]
 30%|███       | 24/79 [00:01<00:03, 15.53it/s]
 33%|███▎      | 26/79 [00:01<00:03, 15.77it/s]
 35%|███▌      | 28/79 [00:01<00:03, 16.76it/s]
 38%|███▊      | 30/79 [00:01<00:02, 17.49it/s]
 41%|████      | 32/79 [00:01<00:02, 17.39it/s]
 43%|████▎     | 34/79 [00:01<00:02, 17.31it/s]
 46%|████▌     | 36/79 [00:02<00:02, 17.26it/s]
 48%|████▊     | 38/79 [00:02<00:02, 17.48it/s]
 51%|█████     | 40/79 [00:02<00:02, 17.59it/s]
 53%|█████▎    | 42/79 [00:02<00:02, 17.51it/s]
 56%|█████▌    | 44/79 [00:02<00:01, 17.63it/s]
 58%|█████▊    | 46/79 [00:02<00:01, 17.04it/s]
 62%|██████▏   | 49/79 [00:02<00:01, 19.59it/s]
 65%|██████▍   | 51/79 [00:02<00:01, 18.74it/s]
 68%|██████▊   | 54/79 [00:03<00:01, 18.68it/s]
 72%|███████▏  | 57/79 [00:03<00:01, 19.57it/s]
 77%|███████▋  | 61/79 [00:03<00:00, 19.98it/s]
 80%|███████▉  | 63/79 [00:03<00:00, 18.85it/s]
 82%|████████▏ | 65/79 [00:03<00:00, 18.78it/s]
 87%|████████▋ | 69/79 [00:03<00:00, 21.96it/s]
 92%|█████████▏| 73/79 [00:03<00:00, 22.53it/s]
 96%|█████████▌| 76/79 [00:04<00:00, 22.91it/s]
100%|██████████| 79/79 [00:04<00:00, 23.32it/s]
100%|██████████| 79/79 [00:04<00:00, 18.68it/s]

CommRound: 22/30
Accuracy: 89.74% | Loss: 0.4016
[############################################----------------] 73.3%
Elapsed: 5.6m | Avg/Round: 15.2s | Last: 16.2s | Next: 15.2s | Remaining: 2.0m
ETA: 05:46:04
Recent round times: R1: 15.1s -> R2: 16.6s -> R3: 15.4s -> R4: 16.4s -> R5: 16.2s

  0%|          | 0/79 [00:00<?, ?it/s]
  1%|▏         | 1/79 [00:00<00:16,  4.76it/s]
  6%|▋         | 5/79 [00:00<00:04, 14.81it/s]
 13%|█▎        | 10/79 [00:00<00:02, 25.23it/s]
 18%|█▊        | 14/79 [00:00<00:02, 22.49it/s]
 23%|██▎       | 18/79 [00:00<00:02, 23.88it/s]
 27%|██▋       | 21/79 [00:00<00:02, 22.72it/s]
 30%|███       | 24/79 [00:01<00:02, 22.89it/s]
 35%|███▌      | 28/79 [00:01<00:02, 24.56it/s]
 41%|████      | 32/79 [00:01<00:01, 24.12it/s]
 44%|████▍     | 35/79 [00:01<00:01, 23.25it/s]
 48%|████▊     | 38/79 [00:01<00:02, 20.43it/s]
 52%|█████▏    | 41/79 [00:01<00:01, 20.74it/s]
 56%|█████▌    | 44/79 [00:02<00:01, 18.28it/s]
 58%|█████▊    | 46/79 [00:02<00:01, 17.37it/s]
 63%|██████▎   | 50/79 [00:02<00:01, 21.12it/s]
 67%|██████▋   | 53/79 [00:02<00:01, 22.33it/s]
 71%|███████   | 56/79 [00:02<00:01, 20.74it/s]
 75%|███████▍  | 59/79 [00:02<00:00, 22.42it/s]
 78%|███████▊  | 62/79 [00:02<00:00, 20.11it/s]
 84%|████████▎ | 66/79 [00:03<00:00, 23.05it/s]
 87%|████████▋ | 69/79 [00:03<00:00, 23.60it/s]
 91%|█████████ | 72/79 [00:03<00:00, 20.16it/s]
 95%|█████████▍| 75/79 [00:03<00:00, 21.04it/s]
 99%|█████████▊| 78/79 [00:03<00:00, 21.97it/s]
100%|██████████| 79/79 [00:03<00:00, 21.37it/s]

CommRound: 23/30
Accuracy: 89.76% | Loss: 0.4016
[##############################################--------------] 76.7%
Elapsed: 5.8m | Avg/Round: 15.2s | Last: 15.8s | Next: 15.2s | Remaining: 1.8m
ETA: 05:46:05
Recent round times: R1: 16.6s -> R2: 15.4s -> R3: 16.4s -> R4: 16.2s -> R5: 15.8s

  0%|          | 0/79 [00:00<?, ?it/s]
  1%|▏         | 1/79 [00:00<00:12,  6.41it/s]
  6%|▋         | 5/79 [00:00<00:03, 22.15it/s]
 10%|█         | 8/79 [00:00<00:03, 21.05it/s]
 15%|█▌        | 12/79 [00:00<00:03, 20.88it/s]
 20%|██        | 16/79 [00:00<00:02, 23.48it/s]
 25%|██▌       | 20/79 [00:00<00:02, 25.63it/s]
 30%|███       | 24/79 [00:01<00:02, 27.12it/s]
 35%|███▌      | 28/79 [00:01<00:01, 27.68it/s]
 41%|████      | 32/79 [00:01<00:01, 26.24it/s]
 44%|████▍     | 35/79 [00:01<00:01, 25.98it/s]
 48%|████▊     | 38/79 [00:01<00:01, 20.83it/s]
 52%|█████▏    | 41/79 [00:01<00:01, 20.87it/s]
 56%|█████▌    | 44/79 [00:02<00:02, 17.43it/s]
 58%|█████▊    | 46/79 [00:02<00:01, 16.59it/s]
 61%|██████    | 48/79 [00:02<00:01, 16.12it/s]
 63%|██████▎   | 50/79 [00:02<00:01, 15.95it/s]
 66%|██████▌   | 52/79 [00:02<00:01, 15.36it/s]
 68%|██████▊   | 54/79 [00:02<00:01, 15.80it/s]
 71%|███████   | 56/79 [00:02<00:01, 15.48it/s]
 73%|███████▎  | 58/79 [00:02<00:01, 15.56it/s]
 76%|███████▌  | 60/79 [00:03<00:01, 16.18it/s]
 78%|███████▊  | 62/79 [00:03<00:00, 17.05it/s]
 81%|████████  | 64/79 [00:03<00:00, 16.71it/s]
 84%|████████▎ | 66/79 [00:03<00:00, 16.09it/s]
 86%|████████▌ | 68/79 [00:03<00:00, 15.82it/s]
 89%|████████▊ | 70/79 [00:03<00:00, 16.15it/s]
 91%|█████████ | 72/79 [00:03<00:00, 16.31it/s]
 94%|█████████▎| 74/79 [00:03<00:00, 16.83it/s]
 96%|█████████▌| 76/79 [00:04<00:00, 17.49it/s]
100%|██████████| 79/79 [00:04<00:00, 19.12it/s]

CommRound: 24/30
Accuracy: 89.77% | Loss: 0.4016
[################################################------------] 80.0%
Elapsed: 6.1m | Avg/Round: 15.3s | Last: 16.1s | Next: 15.3s | Remaining: 1.5m
ETA: 05:46:06
Recent round times: R1: 15.4s -> R2: 16.4s -> R3: 16.2s -> R4: 15.8s -> R5: 16.1s

  0%|          | 0/79 [00:00<?, ?it/s]
  1%|▏         | 1/79 [00:00<00:14,  5.48it/s]
  8%|▊         | 6/79 [00:00<00:02, 24.69it/s]
 13%|█▎        | 10/79 [00:00<00:02, 24.50it/s]
 16%|█▋        | 13/79 [00:00<00:02, 24.17it/s]
 22%|██▏       | 17/79 [00:00<00:02, 26.27it/s]
 27%|██▋       | 21/79 [00:00<00:02, 27.08it/s]
 32%|███▏      | 25/79 [00:00<00:01, 28.41it/s]
 37%|███▋      | 29/79 [00:01<00:01, 29.27it/s]
 42%|████▏     | 33/79 [00:01<00:01, 29.96it/s]
 47%|████▋     | 37/79 [00:01<00:01, 30.17it/s]
 52%|█████▏    | 41/79 [00:01<00:01, 30.55it/s]
 57%|█████▋    | 45/79 [00:01<00:01, 30.84it/s]
 62%|██████▏   | 49/79 [00:01<00:00, 30.98it/s]
 67%|██████▋   | 53/79 [00:01<00:00, 31.12it/s]
 72%|███████▏  | 57/79 [00:01<00:00, 31.32it/s]
 77%|███████▋  | 61/79 [00:02<00:00, 31.30it/s]
 82%|████████▏ | 65/79 [00:02<00:00, 31.73it/s]
 87%|████████▋ | 69/79 [00:02<00:00, 30.09it/s]
 92%|█████████▏| 73/79 [00:02<00:00, 28.81it/s]
 97%|█████████▋| 77/79 [00:02<00:00, 29.26it/s]
100%|██████████| 79/79 [00:02<00:00, 28.90it/s]

CommRound: 25/30
Accuracy: 89.78% | Loss: 0.4016
[##################################################----------] 83.3%
Elapsed: 6.3m | Avg/Round: 15.2s | Last: 14.7s | Next: 15.2s | Remaining: 1.3m
ETA: 05:46:05
Recent round times: R1: 16.4s -> R2: 16.2s -> R3: 15.8s -> R4: 16.1s -> R5: 14.7s

  0%|          | 0/79 [00:00<?, ?it/s]
  1%|▏         | 1/79 [00:00<00:14,  5.24it/s]
  5%|▌         | 4/79 [00:00<00:04, 15.46it/s]
  8%|▊         | 6/79 [00:00<00:04, 16.06it/s]
 11%|█▏        | 9/79 [00:00<00:04, 16.57it/s]
 14%|█▍        | 11/79 [00:00<00:04, 16.49it/s]
 16%|█▋        | 13/79 [00:00<00:04, 16.30it/s]
 20%|██        | 16/79 [00:00<00:03, 17.83it/s]
 23%|██▎       | 18/79 [00:01<00:03, 17.32it/s]
 25%|██▌       | 20/79 [00:01<00:03, 16.53it/s]
 29%|██▉       | 23/79 [00:01<00:03, 18.63it/s]
 32%|███▏      | 25/79 [00:01<00:02, 18.21it/s]
 34%|███▍      | 27/79 [00:01<00:02, 17.97it/s]
 37%|███▋      | 29/79 [00:01<00:02, 17.81it/s]
 39%|███▉      | 31/79 [00:01<00:02, 17.58it/s]
 42%|████▏     | 33/79 [00:01<00:02, 17.37it/s]
 44%|████▍     | 35/79 [00:02<00:02, 15.47it/s]
 49%|████▉     | 39/79 [00:02<00:02, 17.46it/s]
 52%|█████▏    | 41/79 [00:02<00:02, 17.53it/s]
 56%|█████▌    | 44/79 [00:02<00:01, 19.96it/s]
 59%|█████▉    | 47/79 [00:02<00:01, 19.02it/s]
 62%|██████▏   | 49/79 [00:02<00:01, 18.78it/s]
 65%|██████▍   | 51/79 [00:02<00:01, 18.87it/s]
 67%|██████▋   | 53/79 [00:03<00:01, 17.80it/s]
 71%|███████   | 56/79 [00:03<00:01, 17.33it/s]
 73%|███████▎  | 58/79 [00:03<00:01, 17.30it/s]
 76%|███████▌  | 60/79 [00:03<00:01, 17.46it/s]
 78%|███████▊  | 62/79 [00:03<00:01, 16.84it/s]
 81%|████████  | 64/79 [00:03<00:00, 17.24it/s]
 84%|████████▎ | 66/79 [00:03<00:00, 17.33it/s]
 86%|████████▌ | 68/79 [00:03<00:00, 17.56it/s]
 89%|████████▊ | 70/79 [00:04<00:00, 17.41it/s]
 91%|█████████ | 72/79 [00:04<00:00, 17.72it/s]
 94%|█████████▎| 74/79 [00:04<00:00, 17.67it/s]
 96%|█████████▌| 76/79 [00:04<00:00, 17.78it/s]
100%|██████████| 79/79 [00:04<00:00, 17.71it/s]

CommRound: 26/30
Accuracy: 89.79% | Loss: 0.4017
[####################################################--------] 86.7%
Elapsed: 6.6m | Avg/Round: 15.3s | Last: 16.4s | Next: 15.3s | Remaining: 1.0m
ETA: 05:46:07
Recent round times: R1: 16.2s -> R2: 15.8s -> R3: 16.1s -> R4: 14.7s -> R5: 16.4s

  0%|          | 0/79 [00:00<?, ?it/s]
  3%|▎         | 2/79 [00:00<00:03, 19.39it/s]
  9%|▉         | 7/79 [00:00<00:02, 33.19it/s]
 15%|█▌        | 12/79 [00:00<00:01, 39.36it/s]
 22%|██▏       | 17/79 [00:00<00:01, 38.11it/s]
 28%|██▊       | 22/79 [00:00<00:01, 41.40it/s]
 34%|███▍      | 27/79 [00:00<00:01, 39.16it/s]
 41%|████      | 32/79 [00:00<00:01, 42.16it/s]
 47%|████▋     | 37/79 [00:00<00:01, 39.77it/s]
 53%|█████▎    | 42/79 [00:01<00:00, 42.32it/s]
 59%|█████▉    | 47/79 [00:01<00:00, 39.85it/s]
 66%|██████▌   | 52/79 [00:01<00:00, 42.27it/s]
 72%|███████▏  | 57/79 [00:01<00:00, 39.99it/s]
 78%|███████▊  | 62/79 [00:01<00:00, 42.45it/s]
 85%|████████▍ | 67/79 [00:01<00:00, 39.82it/s]
 91%|█████████ | 72/79 [00:01<00:00, 41.42it/s]
 97%|█████████▋| 77/79 [00:01<00:00, 40.06it/s]
100%|██████████| 79/79 [00:01<00:00, 40.48it/s]

CommRound: 27/30
Accuracy: 89.78% | Loss: 0.4016
[######################################################------] 90.0%
Elapsed: 6.9m | Avg/Round: 15.2s | Last: 13.9s | Next: 15.2s | Remaining: 0.8m
ETA: 05:46:05
Recent round times: R1: 15.8s -> R2: 16.1s -> R3: 14.7s -> R4: 16.4s -> R5: 13.9s

  0%|          | 0/79 [00:00<?, ?it/s]
  1%|▏         | 1/79 [00:00<00:08,  9.30it/s]
  6%|▋         | 5/79 [00:00<00:03, 24.41it/s]
 11%|█▏        | 9/79 [00:00<00:02, 27.50it/s]
 16%|█▋        | 13/79 [00:00<00:02, 28.97it/s]
 20%|██        | 16/79 [00:00<00:03, 20.28it/s]
 24%|██▍       | 19/79 [00:00<00:02, 21.97it/s]
 29%|██▉       | 23/79 [00:00<00:02, 24.88it/s]
 34%|███▍      | 27/79 [00:01<00:01, 27.02it/s]
 39%|███▉      | 31/79 [00:01<00:01, 27.27it/s]
 44%|████▍     | 35/79 [00:01<00:01, 27.35it/s]
 49%|████▉     | 39/79 [00:01<00:01, 26.78it/s]
 54%|█████▍    | 43/79 [00:01<00:01, 27.54it/s]
 59%|█████▉    | 47/79 [00:01<00:01, 28.99it/s]
 65%|██████▍   | 51/79 [00:01<00:00, 29.80it/s]
 70%|██████▉   | 55/79 [00:02<00:00, 30.42it/s]
 75%|███████▍  | 59/79 [00:02<00:00, 30.34it/s]
 80%|███████▉  | 63/79 [00:02<00:00, 30.91it/s]
 85%|████████▍ | 67/79 [00:02<00:00, 31.20it/s]
 90%|████████▉ | 71/79 [00:02<00:00, 32.75it/s]
 95%|█████████▍| 75/79 [00:02<00:00, 33.98it/s]
100%|██████████| 79/79 [00:02<00:00, 34.37it/s]
100%|██████████| 79/79 [00:02<00:00, 28.50it/s]

CommRound: 28/30
Accuracy: 89.79% | Loss: 0.4017
[########################################################----] 93.3%
Elapsed: 7.1m | Avg/Round: 15.2s | Last: 14.7s | Next: 15.2s | Remaining: 0.5m
ETA: 05:46:05
Recent round times: R1: 16.1s -> R2: 14.7s -> R3: 16.4s -> R4: 13.9s -> R5: 14.7s

  0%|          | 0/79 [00:00<?, ?it/s]
  1%|▏         | 1/79 [00:00<00:09,  8.59it/s]
  6%|▋         | 5/79 [00:00<00:02, 25.06it/s]
 11%|█▏        | 9/79 [00:00<00:02, 29.76it/s]
 16%|█▋        | 13/79 [00:00<00:03, 17.19it/s]
 20%|██        | 16/79 [00:00<00:03, 19.36it/s]
 25%|██▌       | 20/79 [00:00<00:02, 22.97it/s]
 30%|███       | 24/79 [00:01<00:02, 25.88it/s]
 35%|███▌      | 28/79 [00:01<00:01, 27.74it/s]
 41%|████      | 32/79 [00:01<00:01, 28.15it/s]
 47%|████▋     | 37/79 [00:01<00:01, 33.30it/s]
 52%|█████▏    | 41/79 [00:01<00:01, 34.12it/s]
 57%|█████▋    | 45/79 [00:01<00:01, 33.92it/s]
 62%|██████▏   | 49/79 [00:01<00:00, 33.83it/s]
 67%|██████▋   | 53/79 [00:01<00:00, 33.76it/s]
 72%|███████▏  | 57/79 [00:01<00:00, 33.92it/s]
 77%|███████▋  | 61/79 [00:02<00:00, 34.24it/s]
 82%|████████▏ | 65/79 [00:02<00:00, 34.02it/s]
 87%|████████▋ | 69/79 [00:02<00:00, 34.05it/s]
 92%|█████████▏| 73/79 [00:02<00:00, 33.76it/s]
 97%|█████████▋| 77/79 [00:02<00:00, 32.95it/s]
100%|██████████| 79/79 [00:02<00:00, 29.53it/s]

CommRound: 29/30
Accuracy: 89.79% | Loss: 0.4016
[##########################################################--] 96.7%
Elapsed: 7.3m | Avg/Round: 15.2s | Last: 14.8s | Next: 15.2s | Remaining: 0.3m
ETA: 05:46:04
Recent round times: R1: 14.7s -> R2: 16.4s -> R3: 13.9s -> R4: 14.7s -> R5: 14.8s

  0%|          | 0/79 [00:00<?, ?it/s]
  1%|▏         | 1/79 [00:00<00:09,  8.30it/s]
  8%|▊         | 6/79 [00:00<00:02, 29.97it/s]
 13%|█▎        | 10/79 [00:00<00:03, 20.66it/s]
 16%|█▋        | 13/79 [00:00<00:02, 23.02it/s]
 20%|██        | 16/79 [00:00<00:02, 22.74it/s]
 28%|██▊       | 22/79 [00:00<00:01, 28.99it/s]
 33%|███▎      | 26/79 [00:00<00:01, 31.16it/s]
 38%|███▊      | 30/79 [00:01<00:01, 32.32it/s]
 43%|████▎     | 34/79 [00:01<00:01, 33.24it/s]
 48%|████▊     | 38/79 [00:01<00:01, 33.72it/s]
 53%|█████▎    | 42/79 [00:01<00:01, 34.07it/s]
 58%|█████▊    | 46/79 [00:01<00:00, 34.30it/s]
 63%|██████▎   | 50/79 [00:01<00:00, 33.99it/s]
 68%|██████▊   | 54/79 [00:01<00:00, 32.80it/s]
 73%|███████▎  | 58/79 [00:01<00:00, 33.38it/s]
 78%|███████▊  | 62/79 [00:02<00:00, 33.15it/s]
 84%|████████▎ | 66/79 [00:02<00:00, 32.87it/s]
 89%|████████▊ | 70/79 [00:02<00:00, 32.88it/s]
 94%|█████████▎| 74/79 [00:02<00:00, 32.76it/s]
 99%|█████████▊| 78/79 [00:02<00:00, 33.08it/s]
100%|██████████| 79/79 [00:02<00:00, 31.04it/s]

CommRound: 30/30
Accuracy: 89.82% | Loss: 0.4016
[############################################################] 100.0%
Elapsed: 7.6m | Avg/Round: 15.2s | Last: 14.5s | Next: 15.2s | Remaining: 0.0m
ETA: 05:46:03
Recent round times: R1: 16.4s -> R2: 13.9s -> R3: 14.7s -> R4: 14.8s -> R5: 14.5s
Total time for experiment: 455.0917866230011 seconds
Device average training time per communication round [s]:
    rpi (sld-rpi-09.ece.utexas.edu): 6.45 seconds
    mc1 (sld-mc1-09.ece.utexas.edu): 11.01 seconds
