
  0%|          | 0/79 [00:00<?, ?it/s]
  4%|▍         | 3/79 [00:00<00:03, 23.10it/s]
  9%|▉         | 7/79 [00:00<00:02, 31.70it/s]
 16%|█▋        | 13/79 [00:00<00:01, 36.84it/s]
 24%|██▍       | 19/79 [00:00<00:01, 39.16it/s]
 32%|███▏      | 25/79 [00:00<00:01, 40.26it/s]
 39%|███▉      | 31/79 [00:00<00:01, 41.22it/s]
 47%|████▋     | 37/79 [00:00<00:01, 41.67it/s]
 54%|█████▍    | 43/79 [00:01<00:00, 41.90it/s]
 61%|██████    | 48/79 [00:01<00:00, 43.50it/s]
 67%|██████▋   | 53/79 [00:01<00:00, 40.65it/s]
 73%|███████▎  | 58/79 [00:01<00:00, 42.24it/s]
 80%|███████▉  | 63/79 [00:01<00:00, 40.06it/s]
 86%|████████▌ | 68/79 [00:01<00:00, 41.12it/s]
 92%|█████████▏| 73/79 [00:01<00:00, 39.64it/s]
 99%|█████████▊| 78/79 [00:01<00:00, 41.39it/s]
100%|██████████| 79/79 [00:01<00:00, 40.53it/s]
Initial Accuracy: 11.95%; Initial Loss: 2.3290

  0%|          | 0/79 [00:00<?, ?it/s]
  4%|▍         | 3/79 [00:00<00:03, 19.54it/s]
 10%|█         | 8/79 [00:00<00:02, 33.74it/s]
 15%|█▌        | 12/79 [00:00<00:01, 36.20it/s]
 20%|██        | 16/79 [00:00<00:01, 36.77it/s]
 27%|██▋       | 21/79 [00:00<00:01, 36.09it/s]
 34%|███▍      | 27/79 [00:00<00:01, 38.17it/s]
 41%|████      | 32/79 [00:00<00:01, 41.27it/s]
 47%|████▋     | 37/79 [00:00<00:01, 39.33it/s]
 54%|█████▍    | 43/79 [00:01<00:00, 39.99it/s]
 61%|██████    | 48/79 [00:01<00:00, 42.41it/s]
 67%|██████▋   | 53/79 [00:01<00:00, 37.65it/s]
 72%|███████▏  | 57/79 [00:01<00:00, 37.34it/s]
 77%|███████▋  | 61/79 [00:01<00:00, 36.97it/s]
 82%|████████▏ | 65/79 [00:01<00:00, 36.87it/s]
 87%|████████▋ | 69/79 [00:01<00:00, 36.73it/s]
 92%|█████████▏| 73/79 [00:01<00:00, 36.62it/s]
 97%|█████████▋| 77/79 [00:02<00:00, 36.22it/s]
100%|██████████| 79/79 [00:02<00:00, 37.73it/s]

CommRound: 1/30
Accuracy: 40.16% | Loss: 1.6625
[##----------------------------------------------------------] 3.3%
Elapsed: 0.2m | Avg/Round: 10.2s | Last: 8.2s | Next: 10.2s | Remaining: 4.9m
ETA: 06:09:24
Recent round times: R1: 8.2s

  0%|          | 0/79 [00:00<?, ?it/s]
  4%|▍         | 3/79 [00:00<00:03, 22.70it/s]
 10%|█         | 8/79 [00:00<00:02, 35.00it/s]
 16%|█▋        | 13/79 [00:00<00:01, 35.02it/s]
 23%|██▎       | 18/79 [00:00<00:01, 39.80it/s]
 29%|██▉       | 23/79 [00:00<00:01, 37.32it/s]
 35%|███▌      | 28/79 [00:00<00:01, 40.83it/s]
 42%|████▏     | 33/79 [00:00<00:01, 38.71it/s]
 49%|████▉     | 39/79 [00:01<00:00, 40.10it/s]
 57%|█████▋    | 45/79 [00:01<00:00, 41.04it/s]
 65%|██████▍   | 51/79 [00:01<00:00, 40.91it/s]
 72%|███████▏  | 57/79 [00:01<00:00, 42.15it/s]
 80%|███████▉  | 63/79 [00:01<00:00, 42.44it/s]
 87%|████████▋ | 69/79 [00:01<00:00, 42.58it/s]
 94%|█████████▎| 74/79 [00:01<00:00, 44.01it/s]
100%|██████████| 79/79 [00:01<00:00, 40.83it/s]

CommRound: 2/30
Accuracy: 68.71% | Loss: 0.9047
[####--------------------------------------------------------] 6.7%
Elapsed: 0.3m | Avg/Round: 9.2s | Last: 8.2s | Next: 9.2s | Remaining: 4.3m
ETA: 06:08:54
Recent round times: R1: 8.2s -> R2: 8.2s

  0%|          | 0/79 [00:00<?, ?it/s]
  4%|▍         | 3/79 [00:00<00:03, 22.34it/s]
  9%|▉         | 7/79 [00:00<00:02, 31.18it/s]
 15%|█▌        | 12/79 [00:00<00:01, 38.28it/s]
 22%|██▏       | 17/79 [00:00<00:01, 36.78it/s]
 28%|██▊       | 22/79 [00:00<00:01, 40.81it/s]
 34%|███▍      | 27/79 [00:00<00:01, 38.25it/s]
 42%|████▏     | 33/79 [00:00<00:01, 39.24it/s]
 48%|████▊     | 38/79 [00:00<00:00, 41.91it/s]
 54%|█████▍    | 43/79 [00:01<00:00, 39.34it/s]
 62%|██████▏   | 49/79 [00:01<00:00, 40.08it/s]
 70%|██████▉   | 55/79 [00:01<00:00, 40.69it/s]
 77%|███████▋  | 61/79 [00:01<00:00, 40.95it/s]
 84%|████████▎ | 66/79 [00:01<00:00, 43.10it/s]
 90%|████████▉ | 71/79 [00:01<00:00, 40.54it/s]
 97%|█████████▋| 77/79 [00:01<00:00, 40.87it/s]
100%|██████████| 79/79 [00:01<00:00, 40.33it/s]

CommRound: 3/30
Accuracy: 74.56% | Loss: 0.7399
[######------------------------------------------------------] 10.0%
Elapsed: 0.4m | Avg/Round: 8.8s | Last: 8.2s | Next: 8.8s | Remaining: 4.0m
ETA: 06:08:44
Recent round times: R1: 8.2s -> R2: 8.2s -> R3: 8.2s

  0%|          | 0/79 [00:00<?, ?it/s]
  3%|▎         | 2/79 [00:00<00:04, 18.83it/s]
  6%|▋         | 5/79 [00:00<00:02, 25.16it/s]
 11%|█▏        | 9/79 [00:00<00:02, 30.18it/s]
 16%|█▋        | 13/79 [00:00<00:02, 32.25it/s]
 22%|██▏       | 17/79 [00:00<00:01, 32.83it/s]
 27%|██▋       | 21/79 [00:00<00:01, 33.30it/s]
 32%|███▏      | 25/79 [00:00<00:01, 34.09it/s]
 37%|███▋      | 29/79 [00:00<00:01, 35.49it/s]
 42%|████▏     | 33/79 [00:00<00:01, 36.22it/s]
 47%|████▋     | 37/79 [00:01<00:01, 36.86it/s]
 52%|█████▏    | 41/79 [00:01<00:01, 37.30it/s]
 57%|█████▋    | 45/79 [00:01<00:00, 37.76it/s]
 65%|██████▍   | 51/79 [00:01<00:00, 38.63it/s]
 70%|██████▉   | 55/79 [00:01<00:00, 38.65it/s]
 75%|███████▍  | 59/79 [00:01<00:00, 38.56it/s]
 80%|███████▉  | 63/79 [00:01<00:00, 38.50it/s]
 86%|████████▌ | 68/79 [00:01<00:00, 41.68it/s]
 92%|█████████▏| 73/79 [00:02<00:00, 37.68it/s]
 97%|█████████▋| 77/79 [00:02<00:00, 36.98it/s]
100%|██████████| 79/79 [00:02<00:00, 36.65it/s]

CommRound: 4/30
Accuracy: 73.38% | Loss: 0.8022
[########----------------------------------------------------] 13.3%
Elapsed: 0.6m | Avg/Round: 8.8s | Last: 8.6s | Next: 8.8s | Remaining: 3.8m
ETA: 06:08:42
Recent round times: R1: 8.2s -> R2: 8.2s -> R3: 8.2s -> R4: 8.6s

  0%|          | 0/79 [00:00<?, ?it/s]
  4%|▍         | 3/79 [00:00<00:03, 23.08it/s]
 10%|█         | 8/79 [00:00<00:02, 32.46it/s]
 16%|█▋        | 13/79 [00:00<00:01, 36.28it/s]
 23%|██▎       | 18/79 [00:00<00:01, 37.73it/s]
 29%|██▉       | 23/79 [00:00<00:01, 39.14it/s]
 35%|███▌      | 28/79 [00:00<00:01, 39.26it/s]
 42%|████▏     | 33/79 [00:00<00:01, 40.69it/s]
 48%|████▊     | 38/79 [00:00<00:01, 40.11it/s]
 54%|█████▍    | 43/79 [00:01<00:00, 41.08it/s]
 61%|██████    | 48/79 [00:01<00:00, 39.84it/s]
 67%|██████▋   | 53/79 [00:01<00:00, 41.56it/s]
 73%|███████▎  | 58/79 [00:01<00:00, 39.69it/s]
 80%|███████▉  | 63/79 [00:01<00:00, 39.68it/s]
 86%|████████▌ | 68/79 [00:01<00:00, 40.37it/s]
 92%|█████████▏| 73/79 [00:01<00:00, 40.38it/s]
 99%|█████████▊| 78/79 [00:01<00:00, 40.72it/s]
100%|██████████| 79/79 [00:01<00:00, 39.59it/s]

CommRound: 5/30
Accuracy: 77.88% | Loss: 0.6750
[##########--------------------------------------------------] 16.7%
Elapsed: 0.7m | Avg/Round: 8.7s | Last: 8.2s | Next: 8.7s | Remaining: 3.6m
ETA: 06:08:39
Recent round times: R1: 8.2s -> R2: 8.2s -> R3: 8.2s -> R4: 8.6s -> R5: 8.2s

  0%|          | 0/79 [00:00<?, ?it/s]
  3%|▎         | 2/79 [00:00<00:03, 19.89it/s]
  9%|▉         | 7/79 [00:00<00:02, 31.47it/s]
 15%|█▌        | 12/79 [00:00<00:01, 37.98it/s]
 20%|██        | 16/79 [00:00<00:01, 38.64it/s]
 27%|██▋       | 21/79 [00:00<00:01, 37.97it/s]
 33%|███▎      | 26/79 [00:00<00:01, 40.32it/s]
 39%|███▉      | 31/79 [00:00<00:01, 39.55it/s]
 46%|████▌     | 36/79 [00:00<00:01, 40.17it/s]
 52%|█████▏    | 41/79 [00:01<00:00, 40.42it/s]
 58%|█████▊    | 46/79 [00:01<00:00, 40.30it/s]
 65%|██████▍   | 51/79 [00:01<00:00, 40.93it/s]
 71%|███████   | 56/79 [00:01<00:00, 39.67it/s]
 77%|███████▋  | 61/79 [00:01<00:00, 41.21it/s]
 84%|████████▎ | 66/79 [00:01<00:00, 39.65it/s]
 90%|████████▉ | 71/79 [00:01<00:00, 41.19it/s]
 96%|█████████▌| 76/79 [00:01<00:00, 39.37it/s]
100%|██████████| 79/79 [00:01<00:00, 39.51it/s]

CommRound: 6/30
Accuracy: 83.32% | Loss: 0.5263
[############------------------------------------------------] 20.0%
Elapsed: 0.9m | Avg/Round: 8.6s | Last: 8.4s | Next: 8.6s | Remaining: 3.4m
ETA: 06:08:37
Recent round times: R1: 8.2s -> R2: 8.2s -> R3: 8.6s -> R4: 8.2s -> R5: 8.4s

  0%|          | 0/79 [00:00<?, ?it/s]
  4%|▍         | 3/79 [00:00<00:03, 22.45it/s]
 10%|█         | 8/79 [00:00<00:01, 36.55it/s]
 15%|█▌        | 12/79 [00:00<00:01, 37.56it/s]
 22%|██▏       | 17/79 [00:00<00:01, 36.83it/s]
 29%|██▉       | 23/79 [00:00<00:01, 38.69it/s]
 37%|███▋      | 29/79 [00:00<00:01, 39.69it/s]
 44%|████▍     | 35/79 [00:00<00:01, 40.48it/s]
 52%|█████▏    | 41/79 [00:01<00:00, 41.15it/s]
 59%|█████▉    | 47/79 [00:01<00:00, 41.64it/s]
 67%|██████▋   | 53/79 [00:01<00:00, 42.06it/s]
 75%|███████▍  | 59/79 [00:01<00:00, 42.36it/s]
 81%|████████  | 64/79 [00:01<00:00, 43.87it/s]
 87%|████████▋ | 69/79 [00:01<00:00, 41.79it/s]
 94%|█████████▎| 74/79 [00:01<00:00, 41.99it/s]
100%|██████████| 79/79 [00:01<00:00, 40.83it/s]

CommRound: 7/30
Accuracy: 83.95% | Loss: 0.5435
[##############----------------------------------------------] 23.3%
Elapsed: 1.0m | Avg/Round: 8.5s | Last: 8.1s | Next: 8.5s | Remaining: 3.3m
ETA: 06:08:35
Recent round times: R1: 8.2s -> R2: 8.6s -> R3: 8.2s -> R4: 8.4s -> R5: 8.1s

  0%|          | 0/79 [00:00<?, ?it/s]
  4%|▍         | 3/79 [00:00<00:03, 22.82it/s]
  9%|▉         | 7/79 [00:00<00:02, 31.57it/s]
 15%|█▌        | 12/79 [00:00<00:01, 36.35it/s]
 20%|██        | 16/79 [00:00<00:01, 37.66it/s]
 27%|██▋       | 21/79 [00:00<00:01, 37.98it/s]
 33%|███▎      | 26/79 [00:00<00:01, 39.54it/s]
 38%|███▊      | 30/79 [00:00<00:01, 39.53it/s]
 43%|████▎     | 34/79 [00:00<00:01, 39.37it/s]
 48%|████▊     | 38/79 [00:01<00:01, 39.34it/s]
 53%|█████▎    | 42/79 [00:01<00:00, 39.15it/s]
 59%|█████▉    | 47/79 [00:01<00:00, 41.93it/s]
 66%|██████▌   | 52/79 [00:01<00:00, 39.16it/s]
 73%|███████▎  | 58/79 [00:01<00:00, 39.78it/s]
 80%|███████▉  | 63/79 [00:01<00:00, 42.14it/s]
 86%|████████▌ | 68/79 [00:01<00:00, 39.05it/s]
 94%|█████████▎| 74/79 [00:01<00:00, 40.08it/s]
100%|██████████| 79/79 [00:02<00:00, 39.30it/s]

CommRound: 8/30
Accuracy: 84.73% | Loss: 0.5295
[################--------------------------------------------] 26.7%
Elapsed: 1.1m | Avg/Round: 8.5s | Last: 8.3s | Next: 8.5s | Remaining: 3.1m
ETA: 06:08:34
Recent round times: R1: 8.6s -> R2: 8.2s -> R3: 8.4s -> R4: 8.1s -> R5: 8.3s

  0%|          | 0/79 [00:00<?, ?it/s]
  3%|▎         | 2/79 [00:00<00:04, 17.48it/s]
  9%|▉         | 7/79 [00:00<00:02, 30.31it/s]
 14%|█▍        | 11/79 [00:00<00:02, 33.89it/s]
 19%|█▉        | 15/79 [00:00<00:01, 35.99it/s]
 25%|██▌       | 20/79 [00:00<00:01, 37.70it/s]
 30%|███       | 24/79 [00:00<00:01, 38.30it/s]
 35%|███▌      | 28/79 [00:00<00:01, 38.61it/s]
 41%|████      | 32/79 [00:00<00:01, 38.60it/s]
 46%|████▌     | 36/79 [00:00<00:01, 38.81it/s]
 51%|█████     | 40/79 [00:01<00:01, 38.91it/s]
 56%|█████▌    | 44/79 [00:01<00:00, 38.87it/s]
 61%|██████    | 48/79 [00:01<00:00, 38.93it/s]
 66%|██████▌   | 52/79 [00:01<00:00, 39.15it/s]
 71%|███████   | 56/79 [00:01<00:00, 38.64it/s]
 77%|███████▋  | 61/79 [00:01<00:00, 37.43it/s]
 84%|████████▎ | 66/79 [00:01<00:00, 40.26it/s]
 90%|████████▉ | 71/79 [00:01<00:00, 38.81it/s]
 96%|█████████▌| 76/79 [00:01<00:00, 40.23it/s]
100%|██████████| 79/79 [00:02<00:00, 38.32it/s]

CommRound: 9/30
Accuracy: 83.81% | Loss: 0.5970
[##################------------------------------------------] 30.0%
Elapsed: 1.3m | Avg/Round: 8.5s | Last: 8.3s | Next: 8.5s | Remaining: 3.0m
ETA: 06:08:34
Recent round times: R1: 8.2s -> R2: 8.4s -> R3: 8.1s -> R4: 8.3s -> R5: 8.3s

  0%|          | 0/79 [00:00<?, ?it/s]
  4%|▍         | 3/79 [00:00<00:03, 20.97it/s]
  9%|▉         | 7/79 [00:00<00:02, 29.14it/s]
 14%|█▍        | 11/79 [00:00<00:02, 32.04it/s]
 19%|█▉        | 15/79 [00:00<00:01, 33.53it/s]
 24%|██▍       | 19/79 [00:00<00:01, 34.38it/s]
 29%|██▉       | 23/79 [00:00<00:01, 34.63it/s]
 34%|███▍      | 27/79 [00:00<00:01, 35.19it/s]
 39%|███▉      | 31/79 [00:00<00:01, 35.82it/s]
 44%|████▍     | 35/79 [00:01<00:01, 36.24it/s]
 49%|████▉     | 39/79 [00:01<00:01, 36.64it/s]
 54%|█████▍    | 43/79 [00:01<00:00, 36.75it/s]
 59%|█████▉    | 47/79 [00:01<00:00, 36.91it/s]
 65%|██████▍   | 51/79 [00:01<00:00, 36.93it/s]
 70%|██████▉   | 55/79 [00:01<00:00, 36.98it/s]
 75%|███████▍  | 59/79 [00:01<00:00, 36.96it/s]
 80%|███████▉  | 63/79 [00:01<00:00, 36.90it/s]
 85%|████████▍ | 67/79 [00:01<00:00, 36.53it/s]
 90%|████████▉ | 71/79 [00:02<00:00, 36.44it/s]
 95%|█████████▍| 75/79 [00:02<00:00, 36.09it/s]
100%|██████████| 79/79 [00:02<00:00, 36.03it/s]

CommRound: 10/30
Accuracy: 80.98% | Loss: 0.7629
[####################----------------------------------------] 33.3%
Elapsed: 1.4m | Avg/Round: 8.5s | Last: 8.7s | Next: 8.5s | Remaining: 2.8m
ETA: 06:08:34
Recent round times: R1: 8.4s -> R2: 8.1s -> R3: 8.3s -> R4: 8.3s -> R5: 8.7s

  0%|          | 0/79 [00:00<?, ?it/s]
  3%|▎         | 2/79 [00:00<00:03, 19.78it/s]
  8%|▊         | 6/79 [00:00<00:02, 28.77it/s]
 14%|█▍        | 11/79 [00:00<00:01, 35.34it/s]
 19%|█▉        | 15/79 [00:00<00:01, 36.93it/s]
 25%|██▌       | 20/79 [00:00<00:01, 38.89it/s]
 32%|███▏      | 25/79 [00:00<00:01, 37.58it/s]
 37%|███▋      | 29/79 [00:00<00:01, 36.73it/s]
 42%|████▏     | 33/79 [00:00<00:01, 36.06it/s]
 47%|████▋     | 37/79 [00:01<00:01, 35.68it/s]
 52%|█████▏    | 41/79 [00:01<00:01, 34.57it/s]
 57%|█████▋    | 45/79 [00:01<00:00, 34.64it/s]
 62%|██████▏   | 49/79 [00:01<00:00, 34.61it/s]
 67%|██████▋   | 53/79 [00:01<00:00, 34.74it/s]
 72%|███████▏  | 57/79 [00:01<00:00, 34.80it/s]
 77%|███████▋  | 61/79 [00:01<00:00, 35.01it/s]
 82%|████████▏ | 65/79 [00:01<00:00, 35.07it/s]
 87%|████████▋ | 69/79 [00:01<00:00, 35.11it/s]
 92%|█████████▏| 73/79 [00:02<00:00, 36.12it/s]
 97%|█████████▋| 77/79 [00:02<00:00, 36.55it/s]
100%|██████████| 79/79 [00:02<00:00, 36.02it/s]

CommRound: 11/30
Accuracy: 80.33% | Loss: 0.8324
[######################--------------------------------------] 36.7%
Elapsed: 1.6m | Avg/Round: 8.5s | Last: 8.6s | Next: 8.5s | Remaining: 2.7m
ETA: 06:08:35
Recent round times: R1: 8.1s -> R2: 8.3s -> R3: 8.3s -> R4: 8.7s -> R5: 8.6s

  0%|          | 0/79 [00:00<?, ?it/s]
  4%|▍         | 3/79 [00:00<00:03, 23.70it/s]
  9%|▉         | 7/79 [00:00<00:02, 32.23it/s]
 15%|█▌        | 12/79 [00:00<00:01, 38.77it/s]
 22%|██▏       | 17/79 [00:00<00:01, 37.60it/s]
 28%|██▊       | 22/79 [00:00<00:01, 39.53it/s]
 34%|███▍      | 27/79 [00:00<00:01, 39.35it/s]
 41%|████      | 32/79 [00:00<00:01, 40.78it/s]
 47%|████▋     | 37/79 [00:00<00:01, 40.32it/s]
 53%|█████▎    | 42/79 [00:01<00:00, 38.97it/s]
 61%|██████    | 48/79 [00:01<00:00, 40.20it/s]
 68%|██████▊   | 54/79 [00:01<00:00, 40.82it/s]
 76%|███████▌  | 60/79 [00:01<00:00, 41.23it/s]
 84%|████████▎ | 66/79 [00:01<00:00, 41.92it/s]
 91%|█████████ | 72/79 [00:01<00:00, 42.18it/s]
 99%|█████████▊| 78/79 [00:01<00:00, 42.56it/s]
100%|██████████| 79/79 [00:01<00:00, 40.49it/s]

CommRound: 12/30
Accuracy: 80.49% | Loss: 0.8641
[########################------------------------------------] 40.0%
Elapsed: 1.7m | Avg/Round: 8.5s | Last: 8.3s | Next: 8.5s | Remaining: 2.5m
ETA: 06:08:34
Recent round times: R1: 8.3s -> R2: 8.3s -> R3: 8.7s -> R4: 8.6s -> R5: 8.3s

  0%|          | 0/79 [00:00<?, ?it/s]
  3%|▎         | 2/79 [00:00<00:03, 19.80it/s]
  9%|▉         | 7/79 [00:00<00:02, 32.54it/s]
 15%|█▌        | 12/79 [00:00<00:01, 38.59it/s]
 20%|██        | 16/79 [00:00<00:01, 38.47it/s]
 27%|██▋       | 21/79 [00:00<00:01, 36.63it/s]
 34%|███▍      | 27/79 [00:00<00:01, 38.70it/s]
 42%|████▏     | 33/79 [00:00<00:01, 39.80it/s]
 49%|████▉     | 39/79 [00:01<00:00, 40.66it/s]
 57%|█████▋    | 45/79 [00:01<00:00, 41.18it/s]
 65%|██████▍   | 51/79 [00:01<00:00, 41.49it/s]
 72%|███████▏  | 57/79 [00:01<00:00, 41.41it/s]
 80%|███████▉  | 63/79 [00:01<00:00, 41.20it/s]
 87%|████████▋ | 69/79 [00:01<00:00, 41.25it/s]
 95%|█████████▍| 75/79 [00:01<00:00, 41.49it/s]
100%|██████████| 79/79 [00:01<00:00, 40.61it/s]

CommRound: 13/30
Accuracy: 80.65% | Loss: 0.8648
[##########################----------------------------------] 43.3%
Elapsed: 1.8m | Avg/Round: 8.5s | Last: 8.3s | Next: 8.5s | Remaining: 2.4m
ETA: 06:08:33
Recent round times: R1: 8.3s -> R2: 8.7s -> R3: 8.6s -> R4: 8.3s -> R5: 8.3s

  0%|          | 0/79 [00:00<?, ?it/s]
  3%|▎         | 2/79 [00:00<00:03, 19.80it/s]
  8%|▊         | 6/79 [00:00<00:02, 30.75it/s]
 13%|█▎        | 10/79 [00:00<00:02, 33.66it/s]
 18%|█▊        | 14/79 [00:00<00:01, 35.12it/s]
 23%|██▎       | 18/79 [00:00<00:01, 36.76it/s]
 29%|██▉       | 23/79 [00:00<00:01, 40.03it/s]
 35%|███▌      | 28/79 [00:00<00:01, 39.99it/s]
 42%|████▏     | 33/79 [00:00<00:01, 40.29it/s]
 48%|████▊     | 38/79 [00:00<00:00, 41.70it/s]
 54%|█████▍    | 43/79 [00:01<00:00, 40.20it/s]
 61%|██████    | 48/79 [00:01<00:00, 41.88it/s]
 67%|██████▋   | 53/79 [00:01<00:00, 40.33it/s]
 73%|███████▎  | 58/79 [00:01<00:00, 41.54it/s]
 80%|███████▉  | 63/79 [00:01<00:00, 40.48it/s]
 86%|████████▌ | 68/79 [00:01<00:00, 41.25it/s]
 92%|█████████▏| 73/79 [00:01<00:00, 40.58it/s]
 99%|█████████▊| 78/79 [00:01<00:00, 40.94it/s]
100%|██████████| 79/79 [00:01<00:00, 39.79it/s]

CommRound: 14/30
Accuracy: 81.35% | Loss: 0.8532
[############################--------------------------------] 46.7%
Elapsed: 2.0m | Avg/Round: 8.5s | Last: 8.2s | Next: 8.5s | Remaining: 2.3m
ETA: 06:08:33
Recent round times: R1: 8.7s -> R2: 8.6s -> R3: 8.3s -> R4: 8.3s -> R5: 8.2s

  0%|          | 0/79 [00:00<?, ?it/s]
  4%|▍         | 3/79 [00:00<00:03, 23.87it/s]
 10%|█         | 8/79 [00:00<00:01, 36.13it/s]
 16%|█▋        | 13/79 [00:00<00:01, 36.42it/s]
 23%|██▎       | 18/79 [00:00<00:01, 39.25it/s]
 28%|██▊       | 22/79 [00:00<00:01, 39.48it/s]
 34%|███▍      | 27/79 [00:00<00:01, 39.19it/s]
 41%|████      | 32/79 [00:00<00:01, 39.76it/s]
 46%|████▌     | 36/79 [00:00<00:01, 39.31it/s]
 51%|█████     | 40/79 [00:01<00:00, 39.06it/s]
 56%|█████▌    | 44/79 [00:01<00:00, 38.80it/s]
 61%|██████    | 48/79 [00:01<00:00, 38.98it/s]
 66%|██████▌   | 52/79 [00:01<00:00, 39.14it/s]
 71%|███████   | 56/79 [00:01<00:00, 39.14it/s]
 76%|███████▌  | 60/79 [00:01<00:00, 39.12it/s]
 81%|████████  | 64/79 [00:01<00:00, 39.08it/s]
 86%|████████▌ | 68/79 [00:01<00:00, 39.25it/s]
 91%|█████████ | 72/79 [00:01<00:00, 39.27it/s]
 96%|█████████▌| 76/79 [00:01<00:00, 39.27it/s]
100%|██████████| 79/79 [00:02<00:00, 38.99it/s]

CommRound: 15/30
Accuracy: 82.09% | Loss: 0.8127
[##############################------------------------------] 50.0%
Elapsed: 2.1m | Avg/Round: 8.5s | Last: 8.6s | Next: 8.5s | Remaining: 2.1m
ETA: 06:08:33
Recent round times: R1: 8.6s -> R2: 8.3s -> R3: 8.3s -> R4: 8.2s -> R5: 8.6s

  0%|          | 0/79 [00:00<?, ?it/s]
  4%|▍         | 3/79 [00:00<00:03, 22.83it/s]
 11%|█▏        | 9/79 [00:00<00:02, 34.42it/s]
 18%|█▊        | 14/79 [00:00<00:01, 37.07it/s]
 24%|██▍       | 19/79 [00:00<00:01, 39.43it/s]
 30%|███       | 24/79 [00:00<00:01, 39.12it/s]
 37%|███▋      | 29/79 [00:00<00:01, 41.32it/s]
 43%|████▎     | 34/79 [00:00<00:01, 40.16it/s]
 49%|████▉     | 39/79 [00:00<00:00, 42.21it/s]
 56%|█████▌    | 44/79 [00:01<00:00, 40.45it/s]
 62%|██████▏   | 49/79 [00:01<00:00, 41.90it/s]
 68%|██████▊   | 54/79 [00:01<00:00, 40.28it/s]
 75%|███████▍  | 59/79 [00:01<00:00, 41.60it/s]
 81%|████████  | 64/79 [00:01<00:00, 40.52it/s]
 87%|████████▋ | 69/79 [00:01<00:00, 41.92it/s]
 94%|█████████▎| 74/79 [00:01<00:00, 39.35it/s]
100%|██████████| 79/79 [00:01<00:00, 39.99it/s]

CommRound: 16/30
Accuracy: 82.93% | Loss: 0.7875
[################################----------------------------] 53.3%
Elapsed: 2.3m | Avg/Round: 8.5s | Last: 8.3s | Next: 8.5s | Remaining: 2.0m
ETA: 06:08:33
Recent round times: R1: 8.3s -> R2: 8.3s -> R3: 8.2s -> R4: 8.6s -> R5: 8.3s

  0%|          | 0/79 [00:00<?, ?it/s]
  1%|▏         | 1/79 [00:00<00:07,  9.85it/s]
  6%|▋         | 5/79 [00:00<00:02, 25.76it/s]
 11%|█▏        | 9/79 [00:00<00:02, 31.67it/s]
 16%|█▋        | 13/79 [00:00<00:01, 33.73it/s]
 23%|██▎       | 18/79 [00:00<00:01, 38.69it/s]
 28%|██▊       | 22/79 [00:00<00:01, 37.99it/s]
 33%|███▎      | 26/79 [00:00<00:01, 37.74it/s]
 38%|███▊      | 30/79 [00:00<00:01, 37.51it/s]
 43%|████▎     | 34/79 [00:00<00:01, 37.39it/s]
 48%|████▊     | 38/79 [00:01<00:01, 37.35it/s]
 53%|█████▎    | 42/79 [00:01<00:00, 37.35it/s]
 58%|█████▊    | 46/79 [00:01<00:00, 37.35it/s]
 63%|██████▎   | 50/79 [00:01<00:00, 36.74it/s]
 68%|██████▊   | 54/79 [00:01<00:00, 37.37it/s]
 73%|███████▎  | 58/79 [00:01<00:00, 37.53it/s]
 78%|███████▊  | 62/79 [00:01<00:00, 37.49it/s]
 84%|████████▎ | 66/79 [00:01<00:00, 37.46it/s]
 89%|████████▊ | 70/79 [00:01<00:00, 37.67it/s]
 94%|█████████▎| 74/79 [00:02<00:00, 37.89it/s]
 99%|█████████▊| 78/79 [00:02<00:00, 37.76it/s]
100%|██████████| 79/79 [00:02<00:00, 36.74it/s]

CommRound: 17/30
Accuracy: 83.30% | Loss: 0.7830
[##################################--------------------------] 56.7%
Elapsed: 2.4m | Avg/Round: 8.5s | Last: 8.6s | Next: 8.5s | Remaining: 1.8m
ETA: 06:08:33
Recent round times: R1: 8.3s -> R2: 8.2s -> R3: 8.6s -> R4: 8.3s -> R5: 8.6s

  0%|          | 0/79 [00:00<?, ?it/s]
  1%|▏         | 1/79 [00:00<00:07,  9.93it/s]
  9%|▉         | 7/79 [00:00<00:02, 31.38it/s]
 16%|█▋        | 13/79 [00:00<00:01, 36.37it/s]
 24%|██▍       | 19/79 [00:00<00:01, 38.44it/s]
 30%|███       | 24/79 [00:00<00:01, 41.77it/s]
 37%|███▋      | 29/79 [00:00<00:01, 39.65it/s]
 44%|████▍     | 35/79 [00:00<00:01, 40.50it/s]
 51%|█████     | 40/79 [00:01<00:00, 42.90it/s]
 57%|█████▋    | 45/79 [00:01<00:00, 40.79it/s]
 63%|██████▎   | 50/79 [00:01<00:00, 41.27it/s]
 70%|██████▉   | 55/79 [00:01<00:00, 40.55it/s]
 76%|███████▌  | 60/79 [00:01<00:00, 40.05it/s]
 82%|████████▏ | 65/79 [00:01<00:00, 41.31it/s]
 89%|████████▊ | 70/79 [00:01<00:00, 39.42it/s]
 95%|█████████▍| 75/79 [00:01<00:00, 42.06it/s]
100%|██████████| 79/79 [00:01<00:00, 39.78it/s]

CommRound: 18/30
Accuracy: 83.34% | Loss: 0.7862
[####################################------------------------] 60.0%
Elapsed: 2.5m | Avg/Round: 8.4s | Last: 8.1s | Next: 8.4s | Remaining: 1.7m
ETA: 06:08:33
Recent round times: R1: 8.2s -> R2: 8.6s -> R3: 8.3s -> R4: 8.6s -> R5: 8.1s

  0%|          | 0/79 [00:00<?, ?it/s]
  4%|▍         | 3/79 [00:00<00:03, 23.09it/s]
  9%|▉         | 7/79 [00:00<00:02, 31.83it/s]
 15%|█▌        | 12/79 [00:00<00:01, 35.18it/s]
 20%|██        | 16/79 [00:00<00:01, 35.46it/s]
 25%|██▌       | 20/79 [00:00<00:01, 35.68it/s]
 30%|███       | 24/79 [00:00<00:01, 35.68it/s]
 35%|███▌      | 28/79 [00:00<00:01, 35.91it/s]
 41%|████      | 32/79 [00:00<00:01, 36.18it/s]
 46%|████▌     | 36/79 [00:01<00:01, 36.43it/s]
 51%|█████     | 40/79 [00:01<00:01, 36.28it/s]
 56%|█████▌    | 44/79 [00:01<00:00, 35.76it/s]
 61%|██████    | 48/79 [00:01<00:00, 36.52it/s]
 68%|██████▊   | 54/79 [00:01<00:00, 38.57it/s]
 76%|███████▌  | 60/79 [00:01<00:00, 39.94it/s]
 84%|████████▎ | 66/79 [00:01<00:00, 40.80it/s]
 91%|█████████ | 72/79 [00:01<00:00, 41.24it/s]
 99%|█████████▊| 78/79 [00:02<00:00, 41.52it/s]
100%|██████████| 79/79 [00:02<00:00, 38.05it/s]

CommRound: 19/30
Accuracy: 83.87% | Loss: 0.7646
[######################################----------------------] 63.3%
Elapsed: 2.7m | Avg/Round: 8.4s | Last: 8.5s | Next: 8.4s | Remaining: 1.5m
ETA: 06:08:33
Recent round times: R1: 8.6s -> R2: 8.3s -> R3: 8.6s -> R4: 8.1s -> R5: 8.5s

  0%|          | 0/79 [00:00<?, ?it/s]
  4%|▍         | 3/79 [00:00<00:03, 23.35it/s]
  9%|▉         | 7/79 [00:00<00:02, 31.74it/s]
 14%|█▍        | 11/79 [00:00<00:01, 34.80it/s]
 19%|█▉        | 15/79 [00:00<00:01, 35.54it/s]
 24%|██▍       | 19/79 [00:00<00:01, 35.22it/s]
 29%|██▉       | 23/79 [00:00<00:01, 36.15it/s]
 34%|███▍      | 27/79 [00:00<00:01, 36.58it/s]
 39%|███▉      | 31/79 [00:00<00:01, 34.88it/s]
 44%|████▍     | 35/79 [00:01<00:01, 35.59it/s]
 49%|████▉     | 39/79 [00:01<00:01, 35.58it/s]
 56%|█████▌    | 44/79 [00:01<00:01, 34.91it/s]
 63%|██████▎   | 50/79 [00:01<00:00, 37.04it/s]
 68%|██████▊   | 54/79 [00:01<00:00, 36.74it/s]
 76%|███████▌  | 60/79 [00:01<00:00, 38.39it/s]
 84%|████████▎ | 66/79 [00:01<00:00, 39.40it/s]
 91%|█████████ | 72/79 [00:01<00:00, 40.12it/s]
 99%|█████████▊| 78/79 [00:02<00:00, 40.66it/s]
100%|██████████| 79/79 [00:02<00:00, 37.43it/s]

CommRound: 20/30
Accuracy: 84.18% | Loss: 0.7568
[########################################--------------------] 66.7%
Elapsed: 2.8m | Avg/Round: 8.4s | Last: 8.3s | Next: 8.4s | Remaining: 1.4m
ETA: 06:08:32
Recent round times: R1: 8.3s -> R2: 8.6s -> R3: 8.1s -> R4: 8.5s -> R5: 8.3s

  0%|          | 0/79 [00:00<?, ?it/s]
  3%|▎         | 2/79 [00:00<00:04, 18.91it/s]
  9%|▉         | 7/79 [00:00<00:02, 30.49it/s]
 15%|█▌        | 12/79 [00:00<00:01, 38.16it/s]
 22%|██▏       | 17/79 [00:00<00:01, 37.39it/s]
 29%|██▉       | 23/79 [00:00<00:01, 39.34it/s]
 37%|███▋      | 29/79 [00:00<00:01, 40.33it/s]
 44%|████▍     | 35/79 [00:00<00:01, 40.77it/s]
 52%|█████▏    | 41/79 [00:01<00:00, 41.35it/s]
 59%|█████▉    | 47/79 [00:01<00:00, 41.59it/s]
 66%|██████▌   | 52/79 [00:01<00:00, 41.60it/s]
 72%|███████▏  | 57/79 [00:01<00:00, 41.44it/s]
 78%|███████▊  | 62/79 [00:01<00:00, 38.87it/s]
 84%|████████▎ | 66/79 [00:01<00:00, 38.43it/s]
 89%|████████▊ | 70/79 [00:01<00:00, 37.55it/s]
 94%|█████████▎| 74/79 [00:01<00:00, 36.17it/s]
 99%|█████████▊| 78/79 [00:02<00:00, 36.49it/s]
100%|██████████| 79/79 [00:02<00:00, 38.60it/s]

CommRound: 21/30
Accuracy: 84.45% | Loss: 0.7484
[##########################################------------------] 70.0%
Elapsed: 3.0m | Avg/Round: 8.4s | Last: 8.4s | Next: 8.4s | Remaining: 1.3m
ETA: 06:08:32
Recent round times: R1: 8.6s -> R2: 8.1s -> R3: 8.5s -> R4: 8.3s -> R5: 8.4s

  0%|          | 0/79 [00:00<?, ?it/s]
  1%|▏         | 1/79 [00:00<00:08,  9.67it/s]
  6%|▋         | 5/79 [00:00<00:02, 26.59it/s]
 11%|█▏        | 9/79 [00:00<00:02, 30.90it/s]
 16%|█▋        | 13/79 [00:00<00:01, 33.20it/s]
 22%|██▏       | 17/79 [00:00<00:01, 34.55it/s]
 27%|██▋       | 21/79 [00:00<00:01, 35.32it/s]
 32%|███▏      | 25/79 [00:00<00:01, 35.79it/s]
 37%|███▋      | 29/79 [00:00<00:01, 36.21it/s]
 42%|████▏     | 33/79 [00:00<00:01, 36.51it/s]
 47%|████▋     | 37/79 [00:01<00:01, 36.69it/s]
 52%|█████▏    | 41/79 [00:01<00:01, 36.28it/s]
 57%|█████▋    | 45/79 [00:01<00:00, 36.57it/s]
 62%|██████▏   | 49/79 [00:01<00:00, 36.61it/s]
 67%|██████▋   | 53/79 [00:01<00:00, 35.64it/s]
 75%|███████▍  | 59/79 [00:01<00:00, 38.33it/s]
 82%|████████▏ | 65/79 [00:01<00:00, 39.33it/s]
 90%|████████▉ | 71/79 [00:01<00:00, 39.97it/s]
 97%|█████████▋| 77/79 [00:02<00:00, 40.22it/s]
100%|██████████| 79/79 [00:02<00:00, 37.22it/s]

CommRound: 22/30
Accuracy: 84.74% | Loss: 0.7399
[############################################----------------] 73.3%
Elapsed: 3.1m | Avg/Round: 8.4s | Last: 8.3s | Next: 8.4s | Remaining: 1.1m
ETA: 06:08:32
Recent round times: R1: 8.1s -> R2: 8.5s -> R3: 8.3s -> R4: 8.4s -> R5: 8.3s

  0%|          | 0/79 [00:00<?, ?it/s]
  4%|▍         | 3/79 [00:00<00:03, 22.04it/s]
  9%|▉         | 7/79 [00:00<00:02, 29.61it/s]
 14%|█▍        | 11/79 [00:00<00:02, 32.70it/s]
 19%|█▉        | 15/79 [00:00<00:01, 35.03it/s]
 24%|██▍       | 19/79 [00:00<00:01, 36.50it/s]
 29%|██▉       | 23/79 [00:00<00:01, 37.44it/s]
 37%|███▋      | 29/79 [00:00<00:01, 39.33it/s]
 44%|████▍     | 35/79 [00:00<00:01, 40.48it/s]
 52%|█████▏    | 41/79 [00:01<00:00, 41.19it/s]
 59%|█████▉    | 47/79 [00:01<00:00, 41.75it/s]
 67%|██████▋   | 53/79 [00:01<00:00, 42.07it/s]
 75%|███████▍  | 59/79 [00:01<00:00, 42.37it/s]
 82%|████████▏ | 65/79 [00:01<00:00, 42.32it/s]
 90%|████████▉ | 71/79 [00:01<00:00, 42.09it/s]
 97%|█████████▋| 77/79 [00:01<00:00, 42.07it/s]
100%|██████████| 79/79 [00:01<00:00, 40.46it/s]

CommRound: 23/30
Accuracy: 85.01% | Loss: 0.7344
[##############################################--------------] 76.7%
Elapsed: 3.2m | Avg/Round: 8.5s | Last: 9.3s | Next: 8.5s | Remaining: 1.0m
ETA: 06:08:33
Recent round times: R1: 8.5s -> R2: 8.3s -> R3: 8.4s -> R4: 8.3s -> R5: 9.3s

  0%|          | 0/79 [00:00<?, ?it/s]
  4%|▍         | 3/79 [00:00<00:03, 23.88it/s]
 10%|█         | 8/79 [00:00<00:02, 34.85it/s]
 15%|█▌        | 12/79 [00:00<00:01, 36.89it/s]
 20%|██        | 16/79 [00:00<00:01, 37.75it/s]
 25%|██▌       | 20/79 [00:00<00:01, 38.48it/s]
 32%|███▏      | 25/79 [00:00<00:01, 41.30it/s]
 38%|███▊      | 30/79 [00:00<00:01, 39.05it/s]
 44%|████▍     | 35/79 [00:00<00:01, 42.16it/s]
 51%|█████     | 40/79 [00:01<00:00, 39.84it/s]
 58%|█████▊    | 46/79 [00:01<00:00, 40.48it/s]
 66%|██████▌   | 52/79 [00:01<00:00, 40.95it/s]
 73%|███████▎  | 58/79 [00:01<00:00, 41.14it/s]
 81%|████████  | 64/79 [00:01<00:00, 41.24it/s]
 87%|████████▋ | 69/79 [00:01<00:00, 43.32it/s]
 94%|█████████▎| 74/79 [00:01<00:00, 40.65it/s]
100%|██████████| 79/79 [00:01<00:00, 40.30it/s]

CommRound: 24/30
Accuracy: 85.12% | Loss: 0.7347
[################################################------------] 80.0%
Elapsed: 3.4m | Avg/Round: 8.5s | Last: 8.3s | Next: 8.5s | Remaining: 0.8m
ETA: 06:08:33
Recent round times: R1: 8.3s -> R2: 8.4s -> R3: 8.3s -> R4: 9.3s -> R5: 8.3s

  0%|          | 0/79 [00:00<?, ?it/s]
  1%|▏         | 1/79 [00:00<00:08,  9.26it/s]
  9%|▉         | 7/79 [00:00<00:02, 32.87it/s]
 16%|█▋        | 13/79 [00:00<00:01, 37.27it/s]
 24%|██▍       | 19/79 [00:00<00:01, 39.27it/s]
 32%|███▏      | 25/79 [00:00<00:01, 40.45it/s]
 38%|███▊      | 30/79 [00:00<00:01, 42.44it/s]
 44%|████▍     | 35/79 [00:00<00:01, 40.17it/s]
 52%|█████▏    | 41/79 [00:01<00:00, 40.55it/s]
 59%|█████▉    | 47/79 [00:01<00:00, 40.85it/s]
 67%|██████▋   | 53/79 [00:01<00:00, 41.08it/s]
 75%|███████▍  | 59/79 [00:01<00:00, 41.41it/s]
 82%|████████▏ | 65/79 [00:01<00:00, 40.97it/s]
 89%|████████▊ | 70/79 [00:01<00:00, 42.06it/s]
 95%|█████████▍| 75/79 [00:01<00:00, 37.98it/s]
100%|██████████| 79/79 [00:01<00:00, 39.80it/s]

CommRound: 25/30
Accuracy: 85.16% | Loss: 0.7390
[##################################################----------] 83.3%
Elapsed: 3.5m | Avg/Round: 8.5s | Last: 8.4s | Next: 8.5s | Remaining: 0.7m
ETA: 06:08:33
Recent round times: R1: 8.4s -> R2: 8.3s -> R3: 9.3s -> R4: 8.3s -> R5: 8.4s

  0%|          | 0/79 [00:00<?, ?it/s]
  4%|▍         | 3/79 [00:00<00:03, 23.24it/s]
 10%|█         | 8/79 [00:00<00:02, 33.19it/s]
 15%|█▌        | 12/79 [00:00<00:01, 33.72it/s]
 20%|██        | 16/79 [00:00<00:01, 34.35it/s]
 25%|██▌       | 20/79 [00:00<00:01, 34.95it/s]
 30%|███       | 24/79 [00:00<00:01, 35.08it/s]
 35%|███▌      | 28/79 [00:00<00:01, 35.53it/s]
 41%|████      | 32/79 [00:00<00:01, 35.96it/s]
 46%|████▌     | 36/79 [00:01<00:01, 36.26it/s]
 51%|█████     | 40/79 [00:01<00:01, 36.59it/s]
 56%|█████▌    | 44/79 [00:01<00:00, 36.63it/s]
 61%|██████    | 48/79 [00:01<00:00, 36.52it/s]
 66%|██████▌   | 52/79 [00:01<00:00, 36.37it/s]
 71%|███████   | 56/79 [00:01<00:00, 36.48it/s]
 76%|███████▌  | 60/79 [00:01<00:00, 36.47it/s]
 81%|████████  | 64/79 [00:01<00:00, 36.53it/s]
 86%|████████▌ | 68/79 [00:01<00:00, 37.31it/s]
 94%|█████████▎| 74/79 [00:02<00:00, 38.98it/s]
100%|██████████| 79/79 [00:02<00:00, 36.74it/s]

CommRound: 26/30
Accuracy: 85.18% | Loss: 0.7440
[####################################################--------] 86.7%
Elapsed: 3.7m | Avg/Round: 8.5s | Last: 8.5s | Next: 8.5s | Remaining: 0.6m
ETA: 06:08:33
Recent round times: R1: 8.3s -> R2: 9.3s -> R3: 8.3s -> R4: 8.4s -> R5: 8.5s

  0%|          | 0/79 [00:00<?, ?it/s]
  4%|▍         | 3/79 [00:00<00:03, 22.25it/s]
  9%|▉         | 7/79 [00:00<00:02, 31.14it/s]
 14%|█▍        | 11/79 [00:00<00:01, 34.51it/s]
 19%|█▉        | 15/79 [00:00<00:01, 35.99it/s]
 24%|██▍       | 19/79 [00:00<00:01, 37.20it/s]
 32%|███▏      | 25/79 [00:00<00:01, 39.00it/s]
 39%|███▉      | 31/79 [00:00<00:01, 40.13it/s]
 47%|████▋     | 37/79 [00:00<00:01, 40.40it/s]
 54%|█████▍    | 43/79 [00:01<00:00, 40.61it/s]
 62%|██████▏   | 49/79 [00:01<00:00, 40.89it/s]
 70%|██████▉   | 55/79 [00:01<00:00, 40.85it/s]
 77%|███████▋  | 61/79 [00:01<00:00, 41.09it/s]
 85%|████████▍ | 67/79 [00:01<00:00, 41.38it/s]
 92%|█████████▏| 73/79 [00:01<00:00, 41.38it/s]
100%|██████████| 79/79 [00:01<00:00, 45.28it/s]
100%|██████████| 79/79 [00:01<00:00, 40.24it/s]

CommRound: 27/30
Accuracy: 85.17% | Loss: 0.7487
[######################################################------] 90.0%
Elapsed: 3.8m | Avg/Round: 8.5s | Last: 8.3s | Next: 8.5s | Remaining: 0.4m
ETA: 06:08:33
Recent round times: R1: 9.3s -> R2: 8.3s -> R3: 8.4s -> R4: 8.5s -> R5: 8.3s

  0%|          | 0/79 [00:00<?, ?it/s]
  4%|▍         | 3/79 [00:00<00:03, 24.00it/s]
 10%|█         | 8/79 [00:00<00:01, 36.26it/s]
 15%|█▌        | 12/79 [00:00<00:01, 37.59it/s]
 20%|██        | 16/79 [00:00<00:01, 38.27it/s]
 25%|██▌       | 20/79 [00:00<00:01, 38.66it/s]
 32%|███▏      | 25/79 [00:00<00:01, 41.02it/s]
 38%|███▊      | 30/79 [00:00<00:01, 40.03it/s]
 44%|████▍     | 35/79 [00:00<00:01, 42.43it/s]
 51%|█████     | 40/79 [00:01<00:00, 40.72it/s]
 57%|█████▋    | 45/79 [00:01<00:00, 42.90it/s]
 63%|██████▎   | 50/79 [00:01<00:00, 40.83it/s]
 71%|███████   | 56/79 [00:01<00:00, 40.96it/s]
 78%|███████▊  | 62/79 [00:01<00:00, 41.01it/s]
 85%|████████▍ | 67/79 [00:01<00:00, 43.17it/s]
 91%|█████████ | 72/79 [00:01<00:00, 40.36it/s]
 99%|█████████▊| 78/79 [00:01<00:00, 40.71it/s]
100%|██████████| 79/79 [00:01<00:00, 40.56it/s]

CommRound: 28/30
Accuracy: 85.18% | Loss: 0.7531
[########################################################----] 93.3%
Elapsed: 3.9m | Avg/Round: 8.4s | Last: 8.1s | Next: 8.4s | Remaining: 0.3m
ETA: 06:08:32
Recent round times: R1: 8.3s -> R2: 8.4s -> R3: 8.5s -> R4: 8.3s -> R5: 8.1s

  0%|          | 0/79 [00:00<?, ?it/s]
  4%|▍         | 3/79 [00:00<00:03, 23.45it/s]
 10%|█         | 8/79 [00:00<00:01, 36.06it/s]
 16%|█▋        | 13/79 [00:00<00:01, 36.66it/s]
 23%|██▎       | 18/79 [00:00<00:01, 39.51it/s]
 29%|██▉       | 23/79 [00:00<00:01, 39.84it/s]
 35%|███▌      | 28/79 [00:00<00:01, 40.11it/s]
 42%|████▏     | 33/79 [00:00<00:01, 41.17it/s]
 48%|████▊     | 38/79 [00:00<00:01, 39.40it/s]
 53%|█████▎    | 42/79 [00:01<00:00, 39.48it/s]
 58%|█████▊    | 46/79 [00:01<00:00, 39.37it/s]
 66%|██████▌   | 52/79 [00:01<00:00, 40.29it/s]
 73%|███████▎  | 58/79 [00:01<00:00, 40.67it/s]
 80%|███████▉  | 63/79 [00:01<00:00, 43.02it/s]
 86%|████████▌ | 68/79 [00:01<00:00, 40.27it/s]
 92%|█████████▏| 73/79 [00:01<00:00, 42.70it/s]
 99%|█████████▊| 78/79 [00:01<00:00, 39.59it/s]
100%|██████████| 79/79 [00:01<00:00, 39.90it/s]

CommRound: 29/30
Accuracy: 85.15% | Loss: 0.7574
[##########################################################--] 96.7%
Elapsed: 4.1m | Avg/Round: 8.5s | Last: 8.7s | Next: 8.5s | Remaining: 0.1m
ETA: 06:08:33
Recent round times: R1: 8.4s -> R2: 8.5s -> R3: 8.3s -> R4: 8.1s -> R5: 8.7s

  0%|          | 0/79 [00:00<?, ?it/s]
  4%|▍         | 3/79 [00:00<00:03, 22.72it/s]
 10%|█         | 8/79 [00:00<00:02, 35.30it/s]
 16%|█▋        | 13/79 [00:00<00:01, 35.84it/s]
 24%|██▍       | 19/79 [00:00<00:01, 38.32it/s]
 29%|██▉       | 23/79 [00:00<00:01, 37.73it/s]
 34%|███▍      | 27/79 [00:00<00:01, 37.53it/s]
 39%|███▉      | 31/79 [00:00<00:01, 36.73it/s]
 44%|████▍     | 35/79 [00:00<00:01, 36.36it/s]
 49%|████▉     | 39/79 [00:01<00:01, 36.41it/s]
 54%|█████▍    | 43/79 [00:01<00:00, 36.41it/s]
 59%|█████▉    | 47/79 [00:01<00:00, 36.46it/s]
 65%|██████▍   | 51/79 [00:01<00:00, 36.45it/s]
 70%|██████▉   | 55/79 [00:01<00:00, 36.60it/s]
 75%|███████▍  | 59/79 [00:01<00:00, 36.31it/s]
 80%|███████▉  | 63/79 [00:01<00:00, 36.46it/s]
 85%|████████▍ | 67/79 [00:01<00:00, 36.43it/s]
 90%|████████▉ | 71/79 [00:01<00:00, 36.53it/s]
 95%|█████████▍| 75/79 [00:02<00:00, 36.56it/s]
100%|██████████| 79/79 [00:02<00:00, 37.00it/s]

CommRound: 30/30
Accuracy: 85.14% | Loss: 0.7612
[############################################################] 100.0%
Elapsed: 4.2m | Avg/Round: 8.4s | Last: 8.4s | Next: 8.4s | Remaining: 0.0m
ETA: 06:08:32
Recent round times: R1: 8.5s -> R2: 8.3s -> R3: 8.1s -> R4: 8.7s -> R5: 8.4s
Total time for experiment: 253.45749282836914 seconds
Device average training time per communication round [s]:
    rpi (sld-rpi-09.ece.utexas.edu): 3.45 seconds
    mc1 (sld-mc1-09.ece.utexas.edu): 1.16 seconds
