
  0%|          | 0/79 [00:00<?, ?it/s]
  1%|▏         | 1/79 [00:00<00:07,  9.85it/s]
  5%|▌         | 4/79 [00:00<00:03, 18.89it/s]
  8%|▊         | 6/79 [00:00<00:04, 17.80it/s]
 13%|█▎        | 10/79 [00:00<00:03, 18.32it/s]
 15%|█▌        | 12/79 [00:00<00:03, 17.08it/s]
 20%|██        | 16/79 [00:00<00:03, 20.60it/s]
 24%|██▍       | 19/79 [00:01<00:03, 19.38it/s]
 27%|██▋       | 21/79 [00:01<00:03, 19.30it/s]
 30%|███       | 24/79 [00:01<00:02, 19.16it/s]
 35%|███▌      | 28/79 [00:01<00:02, 22.07it/s]
 41%|████      | 32/79 [00:01<00:01, 25.06it/s]
 44%|████▍     | 35/79 [00:01<00:01, 22.20it/s]
 49%|████▉     | 39/79 [00:01<00:01, 20.72it/s]
 54%|█████▍    | 43/79 [00:02<00:01, 21.92it/s]
 59%|█████▉    | 47/79 [00:02<00:01, 22.98it/s]
 63%|██████▎   | 50/79 [00:02<00:01, 23.22it/s]
 67%|██████▋   | 53/79 [00:02<00:01, 18.11it/s]
 70%|██████▉   | 55/79 [00:02<00:01, 18.20it/s]
 75%|███████▍  | 59/79 [00:02<00:00, 21.13it/s]
 80%|███████▉  | 63/79 [00:02<00:00, 24.45it/s]
 85%|████████▍ | 67/79 [00:03<00:00, 27.08it/s]
 90%|████████▉ | 71/79 [00:03<00:00, 28.92it/s]
 95%|█████████▍| 75/79 [00:03<00:00, 28.31it/s]
 99%|█████████▊| 78/79 [00:03<00:00, 26.30it/s]
100%|██████████| 79/79 [00:03<00:00, 22.33it/s]
Initial Accuracy: 16.37%; Initial Loss: 2.3025

  0%|          | 0/79 [00:00<?, ?it/s]
  1%|▏         | 1/79 [00:00<00:10,  7.47it/s]
  8%|▊         | 6/79 [00:00<00:02, 25.66it/s]
 13%|█▎        | 10/79 [00:00<00:02, 26.96it/s]
 18%|█▊        | 14/79 [00:00<00:02, 23.49it/s]
 24%|██▍       | 19/79 [00:00<00:02, 26.37it/s]
 29%|██▉       | 23/79 [00:00<00:02, 25.00it/s]
 34%|███▍      | 27/79 [00:01<00:02, 25.23it/s]
 39%|███▉      | 31/79 [00:01<00:01, 26.35it/s]
 44%|████▍     | 35/79 [00:01<00:01, 26.46it/s]
 49%|████▉     | 39/79 [00:01<00:01, 27.98it/s]
 54%|█████▍    | 43/79 [00:01<00:01, 28.64it/s]
 59%|█████▉    | 47/79 [00:01<00:01, 29.18it/s]
 65%|██████▍   | 51/79 [00:01<00:00, 29.38it/s]
 70%|██████▉   | 55/79 [00:02<00:00, 29.52it/s]
 73%|███████▎  | 58/79 [00:02<00:00, 29.28it/s]
 77%|███████▋  | 61/79 [00:02<00:00, 28.31it/s]
 81%|████████  | 64/79 [00:02<00:00, 26.63it/s]
 86%|████████▌ | 68/79 [00:02<00:00, 25.89it/s]
 91%|█████████ | 72/79 [00:02<00:00, 24.95it/s]
 96%|█████████▌| 76/79 [00:02<00:00, 25.75it/s]
100%|██████████| 79/79 [00:02<00:00, 26.44it/s]

CommRound: 1/30
Accuracy: 39.56% | Loss: 1.8307
[##----------------------------------------------------------] 3.3%
Elapsed: 0.2m | Avg/Round: 13.8s | Last: 10.2s | Next: 13.8s | Remaining: 6.7m
ETA: 21:20:14
Recent round times: R1: 10.2s

  0%|          | 0/79 [00:00<?, ?it/s]
  1%|▏         | 1/79 [00:00<00:09,  8.32it/s]
  5%|▌         | 4/79 [00:00<00:03, 19.67it/s]
  9%|▉         | 7/79 [00:00<00:03, 20.45it/s]
 14%|█▍        | 11/79 [00:00<00:02, 23.23it/s]
 19%|█▉        | 15/79 [00:00<00:02, 24.07it/s]
 24%|██▍       | 19/79 [00:00<00:02, 24.84it/s]
 29%|██▉       | 23/79 [00:00<00:02, 25.36it/s]
 34%|███▍      | 27/79 [00:01<00:02, 25.27it/s]
 38%|███▊      | 30/79 [00:01<00:01, 25.71it/s]
 42%|████▏     | 33/79 [00:01<00:01, 25.55it/s]
 46%|████▌     | 36/79 [00:01<00:01, 26.22it/s]
 49%|████▉     | 39/79 [00:01<00:01, 27.13it/s]
 54%|█████▍    | 43/79 [00:01<00:01, 28.86it/s]
 58%|█████▊    | 46/79 [00:01<00:01, 28.65it/s]
 63%|██████▎   | 50/79 [00:01<00:01, 26.61it/s]
 67%|██████▋   | 53/79 [00:02<00:00, 26.18it/s]
 71%|███████   | 56/79 [00:02<00:00, 25.57it/s]
 76%|███████▌  | 60/79 [00:02<00:00, 24.42it/s]
 80%|███████▉  | 63/79 [00:02<00:00, 25.17it/s]
 84%|████████▎ | 66/79 [00:02<00:00, 23.61it/s]
 89%|████████▊ | 70/79 [00:02<00:00, 24.87it/s]
 94%|█████████▎| 74/79 [00:02<00:00, 24.81it/s]
 99%|█████████▊| 78/79 [00:03<00:00, 26.13it/s]
100%|██████████| 79/79 [00:03<00:00, 25.34it/s]

CommRound: 2/30
Accuracy: 72.55% | Loss: 0.7815
[####--------------------------------------------------------] 6.7%
Elapsed: 0.4m | Avg/Round: 12.0s | Last: 10.2s | Next: 12.0s | Remaining: 5.6m
ETA: 21:19:20
Recent round times: R1: 10.2s -> R2: 10.2s

  0%|          | 0/79 [00:00<?, ?it/s]
  1%|▏         | 1/79 [00:00<00:14,  5.20it/s]
  6%|▋         | 5/79 [00:00<00:05, 14.12it/s]
 11%|█▏        | 9/79 [00:00<00:03, 20.32it/s]
 15%|█▌        | 12/79 [00:00<00:03, 20.26it/s]
 19%|█▉        | 15/79 [00:00<00:03, 21.03it/s]
 23%|██▎       | 18/79 [00:01<00:03, 16.39it/s]
 28%|██▊       | 22/79 [00:01<00:02, 20.20it/s]
 32%|███▏      | 25/79 [00:01<00:02, 20.92it/s]
 35%|███▌      | 28/79 [00:01<00:02, 21.58it/s]
 39%|███▉      | 31/79 [00:01<00:02, 21.46it/s]
 44%|████▍     | 35/79 [00:01<00:01, 24.00it/s]
 49%|████▉     | 39/79 [00:01<00:01, 25.12it/s]
 54%|█████▍    | 43/79 [00:01<00:01, 27.60it/s]
 59%|█████▉    | 47/79 [00:02<00:01, 27.87it/s]
 65%|██████▍   | 51/79 [00:02<00:00, 28.55it/s]
 70%|██████▉   | 55/79 [00:02<00:00, 29.38it/s]
 75%|███████▍  | 59/79 [00:02<00:00, 27.05it/s]
 80%|███████▉  | 63/79 [00:02<00:00, 27.84it/s]
 85%|████████▍ | 67/79 [00:02<00:00, 28.25it/s]
 90%|████████▉ | 71/79 [00:02<00:00, 29.03it/s]
 95%|█████████▍| 75/79 [00:03<00:00, 29.68it/s]
100%|██████████| 79/79 [00:03<00:00, 24.75it/s]

CommRound: 3/30
Accuracy: 78.33% | Loss: 0.6496
[######------------------------------------------------------] 10.0%
Elapsed: 0.6m | Avg/Round: 11.4s | Last: 10.3s | Next: 11.4s | Remaining: 5.1m
ETA: 21:19:04
Recent round times: R1: 10.2s -> R2: 10.2s -> R3: 10.3s

  0%|          | 0/79 [00:00<?, ?it/s]
  1%|▏         | 1/79 [00:00<00:11,  6.62it/s]
  5%|▌         | 4/79 [00:00<00:04, 16.72it/s]
  8%|▊         | 6/79 [00:00<00:04, 17.74it/s]
 13%|█▎        | 10/79 [00:00<00:03, 21.72it/s]
 18%|█▊        | 14/79 [00:00<00:02, 24.76it/s]
 23%|██▎       | 18/79 [00:00<00:02, 25.51it/s]
 28%|██▊       | 22/79 [00:00<00:02, 24.98it/s]
 33%|███▎      | 26/79 [00:01<00:01, 27.02it/s]
 37%|███▋      | 29/79 [00:01<00:01, 25.56it/s]
 41%|████      | 32/79 [00:01<00:01, 26.63it/s]
 44%|████▍     | 35/79 [00:01<00:01, 26.30it/s]
 48%|████▊     | 38/79 [00:01<00:01, 26.15it/s]
 52%|█████▏    | 41/79 [00:01<00:01, 23.53it/s]
 57%|█████▋    | 45/79 [00:01<00:01, 24.32it/s]
 62%|██████▏   | 49/79 [00:02<00:01, 24.99it/s]
 67%|██████▋   | 53/79 [00:02<00:01, 24.47it/s]
 72%|███████▏  | 57/79 [00:02<00:00, 25.36it/s]
 77%|███████▋  | 61/79 [00:02<00:00, 27.01it/s]
 82%|████████▏ | 65/79 [00:02<00:00, 26.69it/s]
 87%|████████▋ | 69/79 [00:02<00:00, 26.56it/s]
 92%|█████████▏| 73/79 [00:02<00:00, 26.47it/s]
 97%|█████████▋| 77/79 [00:03<00:00, 26.50it/s]
100%|██████████| 79/79 [00:03<00:00, 25.41it/s]

CommRound: 4/30
Accuracy: 81.78% | Loss: 0.5687
[########----------------------------------------------------] 13.3%
Elapsed: 0.7m | Avg/Round: 11.1s | Last: 10.1s | Next: 11.1s | Remaining: 4.8m
ETA: 21:18:54
Recent round times: R1: 10.2s -> R2: 10.2s -> R3: 10.3s -> R4: 10.1s

  0%|          | 0/79 [00:00<?, ?it/s]
  1%|▏         | 1/79 [00:00<00:16,  4.76it/s]
  9%|▉         | 7/79 [00:00<00:03, 22.33it/s]
 14%|█▍        | 11/79 [00:00<00:02, 23.77it/s]
 19%|█▉        | 15/79 [00:00<00:02, 24.85it/s]
 24%|██▍       | 19/79 [00:00<00:02, 25.43it/s]
 29%|██▉       | 23/79 [00:00<00:02, 25.33it/s]
 34%|███▍      | 27/79 [00:01<00:02, 25.86it/s]
 39%|███▉      | 31/79 [00:01<00:01, 26.38it/s]
 43%|████▎     | 34/79 [00:01<00:01, 27.11it/s]
 47%|████▋     | 37/79 [00:01<00:01, 25.68it/s]
 51%|█████     | 40/79 [00:01<00:01, 26.54it/s]
 54%|█████▍    | 43/79 [00:01<00:01, 25.56it/s]
 59%|█████▉    | 47/79 [00:01<00:01, 25.65it/s]
 65%|██████▍   | 51/79 [00:02<00:01, 26.07it/s]
 68%|██████▊   | 54/79 [00:02<00:00, 26.47it/s]
 72%|███████▏  | 57/79 [00:02<00:00, 25.65it/s]
 77%|███████▋  | 61/79 [00:02<00:00, 25.98it/s]
 81%|████████  | 64/79 [00:02<00:00, 26.76it/s]
 85%|████████▍ | 67/79 [00:02<00:00, 26.43it/s]
 89%|████████▊ | 70/79 [00:02<00:00, 24.95it/s]
 94%|█████████▎| 74/79 [00:02<00:00, 24.52it/s]
 99%|█████████▊| 78/79 [00:03<00:00, 26.71it/s]
100%|██████████| 79/79 [00:03<00:00, 25.50it/s]

CommRound: 5/30
Accuracy: 84.32% | Loss: 0.5120
[##########--------------------------------------------------] 16.7%
Elapsed: 0.9m | Avg/Round: 11.2s | Last: 11.4s | Next: 11.2s | Remaining: 4.7m
ETA: 21:18:56
Recent round times: R1: 10.2s -> R2: 10.2s -> R3: 10.3s -> R4: 10.1s -> R5: 11.4s

  0%|          | 0/79 [00:00<?, ?it/s]
  1%|▏         | 1/79 [00:00<00:16,  4.61it/s]
  9%|▉         | 7/79 [00:00<00:03, 21.48it/s]
 13%|█▎        | 10/79 [00:00<00:03, 21.02it/s]
 16%|█▋        | 13/79 [00:00<00:02, 22.25it/s]
 20%|██        | 16/79 [00:00<00:03, 17.26it/s]
 23%|██▎       | 18/79 [00:01<00:03, 17.21it/s]
 25%|██▌       | 20/79 [00:01<00:03, 17.83it/s]
 28%|██▊       | 22/79 [00:01<00:03, 17.86it/s]
 30%|███       | 24/79 [00:01<00:03, 18.28it/s]
 33%|███▎      | 26/79 [00:01<00:02, 18.18it/s]
 35%|███▌      | 28/79 [00:01<00:02, 18.14it/s]
 38%|███▊      | 30/79 [00:01<00:02, 18.05it/s]
 41%|████      | 32/79 [00:01<00:02, 18.18it/s]
 43%|████▎     | 34/79 [00:01<00:02, 18.29it/s]
 48%|████▊     | 38/79 [00:02<00:02, 19.99it/s]
 51%|█████     | 40/79 [00:02<00:01, 19.66it/s]
 53%|█████▎    | 42/79 [00:02<00:01, 19.15it/s]
 56%|█████▌    | 44/79 [00:02<00:01, 19.06it/s]
 58%|█████▊    | 46/79 [00:02<00:01, 18.77it/s]
 61%|██████    | 48/79 [00:02<00:01, 18.48it/s]
 63%|██████▎   | 50/79 [00:02<00:01, 18.19it/s]
 66%|██████▌   | 52/79 [00:02<00:01, 18.27it/s]
 68%|██████▊   | 54/79 [00:02<00:01, 18.18it/s]
 71%|███████   | 56/79 [00:03<00:01, 18.05it/s]
 73%|███████▎  | 58/79 [00:03<00:01, 17.96it/s]
 76%|███████▌  | 60/79 [00:03<00:01, 18.17it/s]
 78%|███████▊  | 62/79 [00:03<00:00, 18.00it/s]
 81%|████████  | 64/79 [00:03<00:00, 17.78it/s]
 84%|████████▎ | 66/79 [00:03<00:00, 17.39it/s]
 86%|████████▌ | 68/79 [00:03<00:00, 17.59it/s]
 89%|████████▊ | 70/79 [00:03<00:00, 17.50it/s]
 91%|█████████ | 72/79 [00:03<00:00, 17.21it/s]
 94%|█████████▎| 74/79 [00:04<00:00, 17.61it/s]
 99%|█████████▊| 78/79 [00:04<00:00, 20.25it/s]
100%|██████████| 79/79 [00:04<00:00, 18.53it/s]

CommRound: 6/30
Accuracy: 86.24% | Loss: 0.4785
[############------------------------------------------------] 20.0%
Elapsed: 1.2m | Avg/Round: 11.7s | Last: 14.5s | Next: 11.7s | Remaining: 4.7m
ETA: 21:19:12
Recent round times: R1: 10.2s -> R2: 10.3s -> R3: 10.1s -> R4: 11.4s -> R5: 14.5s

  0%|          | 0/79 [00:00<?, ?it/s]
  1%|▏         | 1/79 [00:00<00:19,  4.10it/s]
  4%|▍         | 3/79 [00:00<00:07,  9.96it/s]
  9%|▉         | 7/79 [00:00<00:03, 18.93it/s]
 13%|█▎        | 10/79 [00:00<00:03, 20.44it/s]
 18%|█▊        | 14/79 [00:00<00:02, 24.05it/s]
 23%|██▎       | 18/79 [00:00<00:02, 26.15it/s]
 28%|██▊       | 22/79 [00:00<00:02, 27.46it/s]
 32%|███▏      | 25/79 [00:01<00:01, 27.42it/s]
 37%|███▋      | 29/79 [00:01<00:01, 27.68it/s]
 42%|████▏     | 33/79 [00:01<00:01, 28.74it/s]
 46%|████▌     | 36/79 [00:01<00:01, 27.86it/s]
 49%|████▉     | 39/79 [00:01<00:01, 23.74it/s]
 53%|█████▎    | 42/79 [00:01<00:01, 23.55it/s]
 57%|█████▋    | 45/79 [00:01<00:01, 23.68it/s]
 61%|██████    | 48/79 [00:02<00:01, 22.10it/s]
 65%|██████▍   | 51/79 [00:02<00:01, 18.19it/s]
 67%|██████▋   | 53/79 [00:02<00:01, 18.24it/s]
 71%|███████   | 56/79 [00:02<00:01, 20.80it/s]
 75%|███████▍  | 59/79 [00:02<00:00, 22.11it/s]
 78%|███████▊  | 62/79 [00:02<00:00, 20.27it/s]
 84%|████████▎ | 66/79 [00:02<00:00, 23.38it/s]
 89%|████████▊ | 70/79 [00:03<00:00, 25.63it/s]
 94%|█████████▎| 74/79 [00:03<00:00, 27.23it/s]
 99%|█████████▊| 78/79 [00:03<00:00, 29.17it/s]
100%|██████████| 79/79 [00:03<00:00, 23.62it/s]

CommRound: 7/30
Accuracy: 84.84% | Loss: 0.5347
[##############----------------------------------------------] 23.3%
Elapsed: 1.3m | Avg/Round: 11.5s | Last: 10.3s | Next: 11.5s | Remaining: 4.4m
ETA: 21:19:06
Recent round times: R1: 10.3s -> R2: 10.1s -> R3: 11.4s -> R4: 14.5s -> R5: 10.3s

  0%|          | 0/79 [00:00<?, ?it/s]
  1%|▏         | 1/79 [00:00<00:12,  6.48it/s]
  5%|▌         | 4/79 [00:00<00:04, 15.31it/s]
 10%|█         | 8/79 [00:00<00:03, 20.22it/s]
 15%|█▌        | 12/79 [00:00<00:02, 23.72it/s]
 20%|██        | 16/79 [00:00<00:03, 20.62it/s]
 27%|██▋       | 21/79 [00:00<00:02, 25.40it/s]
 30%|███       | 24/79 [00:01<00:02, 22.01it/s]
 34%|███▍      | 27/79 [00:01<00:02, 18.01it/s]
 39%|███▉      | 31/79 [00:01<00:02, 22.17it/s]
 43%|████▎     | 34/79 [00:01<00:02, 18.56it/s]
 48%|████▊     | 38/79 [00:01<00:02, 20.09it/s]
 52%|█████▏    | 41/79 [00:02<00:01, 19.87it/s]
 56%|█████▌    | 44/79 [00:02<00:01, 20.76it/s]
 61%|██████    | 48/79 [00:02<00:01, 24.02it/s]
 65%|██████▍   | 51/79 [00:02<00:01, 22.84it/s]
 68%|██████▊   | 54/79 [00:02<00:01, 24.09it/s]
 72%|███████▏  | 57/79 [00:02<00:01, 20.23it/s]
 76%|███████▌  | 60/79 [00:02<00:00, 21.25it/s]
 80%|███████▉  | 63/79 [00:03<00:00, 19.06it/s]
 84%|████████▎ | 66/79 [00:03<00:00, 19.89it/s]
 87%|████████▋ | 69/79 [00:03<00:00, 20.73it/s]
 91%|█████████ | 72/79 [00:03<00:00, 21.81it/s]
 95%|█████████▍| 75/79 [00:03<00:00, 22.19it/s]
 99%|█████████▊| 78/79 [00:03<00:00, 21.24it/s]
100%|██████████| 79/79 [00:03<00:00, 20.99it/s]

CommRound: 8/30
Accuracy: 86.78% | Loss: 0.4843
[################--------------------------------------------] 26.7%
Elapsed: 1.5m | Avg/Round: 11.4s | Last: 10.8s | Next: 11.4s | Remaining: 4.2m
ETA: 21:19:04
Recent round times: R1: 10.1s -> R2: 11.4s -> R3: 14.5s -> R4: 10.3s -> R5: 10.8s

  0%|          | 0/79 [00:00<?, ?it/s]
  1%|▏         | 1/79 [00:00<00:09,  7.84it/s]
  6%|▋         | 5/79 [00:00<00:03, 24.23it/s]
 10%|█         | 8/79 [00:00<00:04, 16.27it/s]
 14%|█▍        | 11/79 [00:00<00:03, 19.22it/s]
 22%|██▏       | 17/79 [00:00<00:02, 28.58it/s]
 27%|██▋       | 21/79 [00:00<00:02, 21.63it/s]
 33%|███▎      | 26/79 [00:01<00:02, 22.25it/s]
 37%|███▋      | 29/79 [00:01<00:02, 17.70it/s]
 44%|████▍     | 35/79 [00:01<00:01, 24.72it/s]
 49%|████▉     | 39/79 [00:01<00:01, 21.61it/s]
 53%|█████▎    | 42/79 [00:02<00:02, 16.21it/s]
 58%|█████▊    | 46/79 [00:02<00:01, 19.81it/s]
 63%|██████▎   | 50/79 [00:02<00:01, 22.58it/s]
 68%|██████▊   | 54/79 [00:02<00:01, 23.23it/s]
 73%|███████▎  | 58/79 [00:02<00:00, 23.54it/s]
 78%|███████▊  | 62/79 [00:02<00:00, 24.78it/s]
 84%|████████▎ | 66/79 [00:03<00:00, 25.56it/s]
 89%|████████▊ | 70/79 [00:03<00:00, 26.93it/s]
 92%|█████████▏| 73/79 [00:03<00:00, 23.90it/s]
 97%|█████████▋| 77/79 [00:03<00:00, 24.93it/s]
100%|██████████| 79/79 [00:03<00:00, 22.70it/s]

CommRound: 9/30
Accuracy: 86.42% | Loss: 0.5203
[##################------------------------------------------] 30.0%
Elapsed: 1.7m | Avg/Round: 11.5s | Last: 12.0s | Next: 11.5s | Remaining: 4.0m
ETA: 21:19:06
Recent round times: R1: 11.4s -> R2: 14.5s -> R3: 10.3s -> R4: 10.8s -> R5: 12.0s

  0%|          | 0/79 [00:00<?, ?it/s]
  1%|▏         | 1/79 [00:00<00:12,  6.25it/s]
  6%|▋         | 5/79 [00:00<00:05, 14.35it/s]
  9%|▉         | 7/79 [00:00<00:05, 14.19it/s]
 11%|█▏        | 9/79 [00:00<00:04, 14.67it/s]
 14%|█▍        | 11/79 [00:00<00:04, 15.22it/s]
 16%|█▋        | 13/79 [00:00<00:04, 14.56it/s]
 23%|██▎       | 18/79 [00:01<00:02, 22.11it/s]
 28%|██▊       | 22/79 [00:01<00:02, 23.65it/s]
 32%|███▏      | 25/79 [00:01<00:02, 24.55it/s]
 35%|███▌      | 28/79 [00:01<00:02, 21.11it/s]
 39%|███▉      | 31/79 [00:01<00:02, 22.49it/s]
 43%|████▎     | 34/79 [00:01<00:02, 19.09it/s]
 48%|████▊     | 38/79 [00:02<00:02, 19.27it/s]
 53%|█████▎    | 42/79 [00:02<00:01, 21.87it/s]
 58%|█████▊    | 46/79 [00:02<00:01, 24.65it/s]
 63%|██████▎   | 50/79 [00:02<00:01, 27.05it/s]
 67%|██████▋   | 53/79 [00:02<00:00, 27.03it/s]
 71%|███████   | 56/79 [00:02<00:00, 25.99it/s]
 75%|███████▍  | 59/79 [00:02<00:00, 24.51it/s]
 80%|███████▉  | 63/79 [00:02<00:00, 28.09it/s]
 84%|████████▎ | 66/79 [00:03<00:00, 25.23it/s]
 89%|████████▊ | 70/79 [00:03<00:00, 26.99it/s]
 94%|█████████▎| 74/79 [00:03<00:00, 28.52it/s]
 97%|█████████▋| 77/79 [00:03<00:00, 27.21it/s]
100%|██████████| 79/79 [00:03<00:00, 22.99it/s]

CommRound: 10/30
Accuracy: 82.77% | Loss: 0.6960
[####################----------------------------------------] 33.3%
Elapsed: 1.9m | Avg/Round: 11.4s | Last: 11.0s | Next: 11.4s | Remaining: 3.8m
ETA: 21:19:04
Recent round times: R1: 14.5s -> R2: 10.3s -> R3: 10.8s -> R4: 12.0s -> R5: 11.0s

  0%|          | 0/79 [00:00<?, ?it/s]
  1%|▏         | 1/79 [00:00<00:11,  7.00it/s]
  6%|▋         | 5/79 [00:00<00:03, 22.28it/s]
 11%|█▏        | 9/79 [00:00<00:02, 27.10it/s]
 15%|█▌        | 12/79 [00:00<00:02, 25.00it/s]
 20%|██        | 16/79 [00:00<00:02, 27.30it/s]
 24%|██▍       | 19/79 [00:00<00:02, 27.44it/s]
 28%|██▊       | 22/79 [00:00<00:02, 20.77it/s]
 32%|███▏      | 25/79 [00:01<00:02, 22.37it/s]
 35%|███▌      | 28/79 [00:01<00:02, 20.22it/s]
 41%|████      | 32/79 [00:01<00:02, 23.08it/s]
 46%|████▌     | 36/79 [00:01<00:01, 25.62it/s]
 51%|█████     | 40/79 [00:01<00:01, 27.54it/s]
 54%|█████▍    | 43/79 [00:01<00:01, 24.80it/s]
 58%|█████▊    | 46/79 [00:01<00:01, 21.38it/s]
 62%|██████▏   | 49/79 [00:02<00:01, 20.25it/s]
 66%|██████▌   | 52/79 [00:02<00:01, 18.33it/s]
 68%|██████▊   | 54/79 [00:02<00:01, 17.81it/s]
 71%|███████   | 56/79 [00:02<00:01, 17.69it/s]
 73%|███████▎  | 58/79 [00:02<00:01, 17.41it/s]
 76%|███████▌  | 60/79 [00:02<00:01, 17.53it/s]
 78%|███████▊  | 62/79 [00:02<00:00, 17.20it/s]
 81%|████████  | 64/79 [00:03<00:00, 17.06it/s]
 84%|████████▎ | 66/79 [00:03<00:00, 16.99it/s]
 86%|████████▌ | 68/79 [00:03<00:00, 17.28it/s]
 89%|████████▊ | 70/79 [00:03<00:00, 16.97it/s]
 91%|█████████ | 72/79 [00:03<00:00, 16.86it/s]
 94%|█████████▎| 74/79 [00:03<00:00, 17.31it/s]
 96%|█████████▌| 76/79 [00:03<00:00, 17.14it/s]
100%|██████████| 79/79 [00:03<00:00, 20.34it/s]

CommRound: 11/30
Accuracy: 87.53% | Loss: 0.5093
[######################--------------------------------------] 36.7%
Elapsed: 2.1m | Avg/Round: 11.4s | Last: 11.0s | Next: 11.4s | Remaining: 3.6m
ETA: 21:19:03
Recent round times: R1: 10.3s -> R2: 10.8s -> R3: 12.0s -> R4: 11.0s -> R5: 11.0s

  0%|          | 0/79 [00:00<?, ?it/s]
  1%|▏         | 1/79 [00:00<00:09,  8.14it/s]
  5%|▌         | 4/79 [00:00<00:04, 16.96it/s]
  8%|▊         | 6/79 [00:00<00:04, 17.79it/s]
 10%|█         | 8/79 [00:00<00:04, 16.55it/s]
 15%|█▌        | 12/79 [00:00<00:02, 23.42it/s]
 20%|██        | 16/79 [00:00<00:02, 28.17it/s]
 25%|██▌       | 20/79 [00:00<00:01, 31.40it/s]
 30%|███       | 24/79 [00:00<00:01, 33.49it/s]
 35%|███▌      | 28/79 [00:01<00:01, 35.15it/s]
 41%|████      | 32/79 [00:01<00:01, 36.00it/s]
 46%|████▌     | 36/79 [00:01<00:01, 36.65it/s]
 51%|█████     | 40/79 [00:01<00:01, 36.69it/s]
 56%|█████▌    | 44/79 [00:01<00:00, 36.91it/s]
 61%|██████    | 48/79 [00:01<00:00, 36.64it/s]
 66%|██████▌   | 52/79 [00:01<00:00, 36.80it/s]
 71%|███████   | 56/79 [00:01<00:00, 36.93it/s]
 76%|███████▌  | 60/79 [00:01<00:00, 37.53it/s]
 81%|████████  | 64/79 [00:01<00:00, 37.99it/s]
 87%|████████▋ | 69/79 [00:02<00:00, 41.24it/s]
 94%|█████████▎| 74/79 [00:02<00:00, 38.39it/s]
 99%|█████████▊| 78/79 [00:02<00:00, 38.78it/s]
100%|██████████| 79/79 [00:02<00:00, 33.75it/s]

CommRound: 12/30
Accuracy: 87.98% | Loss: 0.5291
[########################------------------------------------] 40.0%
Elapsed: 2.3m | Avg/Round: 11.3s | Last: 9.8s | Next: 11.3s | Remaining: 3.4m
ETA: 21:18:59
Recent round times: R1: 10.8s -> R2: 12.0s -> R3: 11.0s -> R4: 11.0s -> R5: 9.8s

  0%|          | 0/79 [00:00<?, ?it/s]
  1%|▏         | 1/79 [00:00<00:08,  9.50it/s]
  8%|▊         | 6/79 [00:00<00:02, 32.08it/s]
 13%|█▎        | 10/79 [00:00<00:02, 33.68it/s]
 18%|█▊        | 14/79 [00:00<00:01, 34.15it/s]
 23%|██▎       | 18/79 [00:00<00:01, 33.84it/s]
 28%|██▊       | 22/79 [00:00<00:01, 34.56it/s]
 33%|███▎      | 26/79 [00:00<00:01, 35.14it/s]
 38%|███▊      | 30/79 [00:00<00:01, 35.69it/s]
 43%|████▎     | 34/79 [00:00<00:01, 36.07it/s]
 48%|████▊     | 38/79 [00:01<00:01, 36.31it/s]
 53%|█████▎    | 42/79 [00:01<00:01, 35.94it/s]
 58%|█████▊    | 46/79 [00:01<00:00, 34.45it/s]
 63%|██████▎   | 50/79 [00:01<00:00, 32.69it/s]
 68%|██████▊   | 54/79 [00:01<00:00, 32.39it/s]
 73%|███████▎  | 58/79 [00:01<00:00, 32.30it/s]
 78%|███████▊  | 62/79 [00:01<00:00, 33.11it/s]
 84%|████████▎ | 66/79 [00:01<00:00, 33.47it/s]
 89%|████████▊ | 70/79 [00:02<00:00, 33.49it/s]
 94%|█████████▎| 74/79 [00:02<00:00, 32.97it/s]
 99%|█████████▊| 78/79 [00:02<00:00, 33.33it/s]
100%|██████████| 79/79 [00:02<00:00, 33.69it/s]

CommRound: 13/30
Accuracy: 88.93% | Loss: 0.5084
[##########################----------------------------------] 43.3%
Elapsed: 2.4m | Avg/Round: 11.1s | Last: 9.2s | Next: 11.1s | Remaining: 3.1m
ETA: 21:18:54
Recent round times: R1: 12.0s -> R2: 11.0s -> R3: 11.0s -> R4: 9.8s -> R5: 9.2s

  0%|          | 0/79 [00:00<?, ?it/s]
  1%|▏         | 1/79 [00:00<00:09,  8.55it/s]
  6%|▋         | 5/79 [00:00<00:02, 25.24it/s]
 11%|█▏        | 9/79 [00:00<00:02, 29.70it/s]
 16%|█▋        | 13/79 [00:00<00:02, 31.86it/s]
 22%|██▏       | 17/79 [00:00<00:01, 32.08it/s]
 27%|██▋       | 21/79 [00:00<00:01, 32.95it/s]
 32%|███▏      | 25/79 [00:00<00:01, 32.87it/s]
 37%|███▋      | 29/79 [00:00<00:01, 34.33it/s]
 42%|████▏     | 33/79 [00:01<00:01, 34.54it/s]
 47%|████▋     | 37/79 [00:01<00:01, 34.66it/s]
 52%|█████▏    | 41/79 [00:01<00:01, 34.93it/s]
 57%|█████▋    | 45/79 [00:01<00:00, 35.15it/s]
 62%|██████▏   | 49/79 [00:01<00:00, 35.33it/s]
 67%|██████▋   | 53/79 [00:01<00:00, 35.62it/s]
 72%|███████▏  | 57/79 [00:01<00:00, 35.85it/s]
 77%|███████▋  | 61/79 [00:01<00:00, 35.97it/s]
 82%|████████▏ | 65/79 [00:01<00:00, 34.89it/s]
 87%|████████▋ | 69/79 [00:02<00:00, 35.15it/s]
 92%|█████████▏| 73/79 [00:02<00:00, 34.95it/s]
 97%|█████████▋| 77/79 [00:02<00:00, 33.73it/s]
100%|██████████| 79/79 [00:02<00:00, 34.07it/s]

CommRound: 14/30
Accuracy: 88.99% | Loss: 0.5376
[############################--------------------------------] 46.7%
Elapsed: 2.6m | Avg/Round: 11.0s | Last: 9.5s | Next: 11.0s | Remaining: 2.9m
ETA: 21:18:51
Recent round times: R1: 11.0s -> R2: 11.0s -> R3: 9.8s -> R4: 9.2s -> R5: 9.5s

  0%|          | 0/79 [00:00<?, ?it/s]
  1%|▏         | 1/79 [00:00<00:09,  8.66it/s]
  8%|▊         | 6/79 [00:00<00:02, 31.32it/s]
 13%|█▎        | 10/79 [00:00<00:02, 31.36it/s]
 19%|█▉        | 15/79 [00:00<00:01, 32.48it/s]
 24%|██▍       | 19/79 [00:00<00:01, 33.19it/s]
 29%|██▉       | 23/79 [00:00<00:01, 33.84it/s]
 34%|███▍      | 27/79 [00:00<00:01, 34.07it/s]
 39%|███▉      | 31/79 [00:00<00:01, 34.42it/s]
 44%|████▍     | 35/79 [00:01<00:01, 33.44it/s]
 49%|████▉     | 39/79 [00:01<00:01, 32.84it/s]
 54%|█████▍    | 43/79 [00:01<00:01, 32.26it/s]
 59%|█████▉    | 47/79 [00:01<00:01, 31.84it/s]
 65%|██████▍   | 51/79 [00:01<00:00, 32.37it/s]
 70%|██████▉   | 55/79 [00:01<00:00, 32.52it/s]
 75%|███████▍  | 59/79 [00:01<00:00, 32.40it/s]
 80%|███████▉  | 63/79 [00:01<00:00, 32.56it/s]
 85%|████████▍ | 67/79 [00:02<00:00, 32.79it/s]
 90%|████████▉ | 71/79 [00:02<00:00, 32.60it/s]
 95%|█████████▍| 75/79 [00:02<00:00, 31.95it/s]
100%|██████████| 79/79 [00:02<00:00, 32.24it/s]
100%|██████████| 79/79 [00:02<00:00, 32.11it/s]

CommRound: 15/30
Accuracy: 89.13% | Loss: 0.5456
[##############################------------------------------] 50.0%
Elapsed: 2.7m | Avg/Round: 10.9s | Last: 9.5s | Next: 10.9s | Remaining: 2.7m
ETA: 21:18:48
Recent round times: R1: 11.0s -> R2: 9.8s -> R3: 9.2s -> R4: 9.5s -> R5: 9.5s

  0%|          | 0/79 [00:00<?, ?it/s]
  1%|▏         | 1/79 [00:00<00:10,  7.48it/s]
  6%|▋         | 5/79 [00:00<00:03, 23.74it/s]
 11%|█▏        | 9/79 [00:00<00:02, 29.89it/s]
 16%|█▋        | 13/79 [00:00<00:02, 32.59it/s]
 22%|██▏       | 17/79 [00:00<00:01, 34.22it/s]
 27%|██▋       | 21/79 [00:00<00:01, 35.14it/s]
 32%|███▏      | 25/79 [00:00<00:01, 35.64it/s]
 37%|███▋      | 29/79 [00:00<00:01, 35.92it/s]
 42%|████▏     | 33/79 [00:00<00:01, 36.14it/s]
 47%|████▋     | 37/79 [00:01<00:01, 36.35it/s]
 52%|█████▏    | 41/79 [00:01<00:01, 36.41it/s]
 57%|█████▋    | 45/79 [00:01<00:00, 36.45it/s]
 62%|██████▏   | 49/79 [00:01<00:00, 36.54it/s]
 67%|██████▋   | 53/79 [00:01<00:00, 36.73it/s]
 72%|███████▏  | 57/79 [00:01<00:00, 36.67it/s]
 77%|███████▋  | 61/79 [00:01<00:00, 36.61it/s]
 82%|████████▏ | 65/79 [00:01<00:00, 35.38it/s]
 87%|████████▋ | 69/79 [00:01<00:00, 35.45it/s]
 92%|█████████▏| 73/79 [00:02<00:00, 35.35it/s]
 97%|█████████▋| 77/79 [00:02<00:00, 35.10it/s]
100%|██████████| 79/79 [00:02<00:00, 35.08it/s]

CommRound: 16/30
Accuracy: 87.24% | Loss: 0.6467
[################################----------------------------] 53.3%
Elapsed: 2.9m | Avg/Round: 10.8s | Last: 9.1s | Next: 10.8s | Remaining: 2.5m
ETA: 21:18:45
Recent round times: R1: 9.8s -> R2: 9.2s -> R3: 9.5s -> R4: 9.5s -> R5: 9.1s

  0%|          | 0/79 [00:00<?, ?it/s]
  1%|▏         | 1/79 [00:00<00:08,  8.70it/s]
  8%|▊         | 6/79 [00:00<00:02, 28.33it/s]
 13%|█▎        | 10/79 [00:00<00:02, 31.62it/s]
 18%|█▊        | 14/79 [00:00<00:01, 33.09it/s]
 23%|██▎       | 18/79 [00:00<00:01, 34.01it/s]
 28%|██▊       | 22/79 [00:00<00:01, 33.71it/s]
 33%|███▎      | 26/79 [00:00<00:01, 34.52it/s]
 38%|███▊      | 30/79 [00:00<00:01, 35.33it/s]
 43%|████▎     | 34/79 [00:01<00:01, 35.72it/s]
 48%|████▊     | 38/79 [00:01<00:01, 35.91it/s]
 53%|█████▎    | 42/79 [00:01<00:01, 35.41it/s]
 58%|█████▊    | 46/79 [00:01<00:00, 35.30it/s]
 63%|██████▎   | 50/79 [00:01<00:00, 33.89it/s]
 68%|██████▊   | 54/79 [00:01<00:00, 33.01it/s]
 73%|███████▎  | 58/79 [00:01<00:00, 31.89it/s]
 78%|███████▊  | 62/79 [00:01<00:00, 31.15it/s]
 84%|████████▎ | 66/79 [00:02<00:00, 31.16it/s]
 89%|████████▊ | 70/79 [00:02<00:00, 32.40it/s]
 94%|█████████▎| 74/79 [00:02<00:00, 33.57it/s]
 99%|█████████▊| 78/79 [00:02<00:00, 34.60it/s]
100%|██████████| 79/79 [00:02<00:00, 33.42it/s]

CommRound: 17/30
Accuracy: 88.62% | Loss: 0.6101
[##################################--------------------------] 56.7%
Elapsed: 3.0m | Avg/Round: 10.7s | Last: 9.6s | Next: 10.7s | Remaining: 2.3m
ETA: 21:18:42
Recent round times: R1: 9.2s -> R2: 9.5s -> R3: 9.5s -> R4: 9.1s -> R5: 9.6s

  0%|          | 0/79 [00:00<?, ?it/s]
  1%|▏         | 1/79 [00:00<00:09,  8.39it/s]
  6%|▋         | 5/79 [00:00<00:02, 25.62it/s]
 11%|█▏        | 9/79 [00:00<00:02, 29.95it/s]
 16%|█▋        | 13/79 [00:00<00:02, 32.09it/s]
 22%|██▏       | 17/79 [00:00<00:01, 33.28it/s]
 27%|██▋       | 21/79 [00:00<00:01, 34.29it/s]
 32%|███▏      | 25/79 [00:00<00:01, 35.16it/s]
 37%|███▋      | 29/79 [00:00<00:01, 35.57it/s]
 42%|████▏     | 33/79 [00:01<00:01, 35.47it/s]
 47%|████▋     | 37/79 [00:01<00:01, 34.28it/s]
 52%|█████▏    | 41/79 [00:01<00:01, 35.47it/s]
 57%|█████▋    | 45/79 [00:01<00:00, 35.14it/s]
 62%|██████▏   | 49/79 [00:01<00:00, 34.99it/s]
 67%|██████▋   | 53/79 [00:01<00:00, 34.97it/s]
 72%|███████▏  | 57/79 [00:01<00:00, 34.78it/s]
 77%|███████▋  | 61/79 [00:01<00:00, 34.69it/s]
 82%|████████▏ | 65/79 [00:01<00:00, 35.16it/s]
 87%|████████▋ | 69/79 [00:02<00:00, 35.49it/s]
 92%|█████████▏| 73/79 [00:02<00:00, 35.09it/s]
 97%|█████████▋| 77/79 [00:02<00:00, 35.50it/s]
100%|██████████| 79/79 [00:02<00:00, 34.60it/s]

CommRound: 18/30
Accuracy: 87.60% | Loss: 0.6446
[####################################------------------------] 60.0%
Elapsed: 3.2m | Avg/Round: 10.6s | Last: 9.3s | Next: 10.6s | Remaining: 2.1m
ETA: 21:18:40
Recent round times: R1: 9.5s -> R2: 9.5s -> R3: 9.1s -> R4: 9.6s -> R5: 9.3s

  0%|          | 0/79 [00:00<?, ?it/s]
  1%|▏         | 1/79 [00:00<00:09,  8.63it/s]
  6%|▋         | 5/79 [00:00<00:03, 24.44it/s]
 11%|█▏        | 9/79 [00:00<00:02, 29.06it/s]
 16%|█▋        | 13/79 [00:00<00:02, 31.07it/s]
 22%|██▏       | 17/79 [00:00<00:01, 32.08it/s]
 27%|██▋       | 21/79 [00:00<00:01, 32.80it/s]
 32%|███▏      | 25/79 [00:00<00:01, 33.37it/s]
 37%|███▋      | 29/79 [00:00<00:01, 34.19it/s]
 42%|████▏     | 33/79 [00:01<00:01, 35.27it/s]
 47%|████▋     | 37/79 [00:01<00:01, 36.12it/s]
 52%|█████▏    | 41/79 [00:01<00:01, 36.65it/s]
 57%|█████▋    | 45/79 [00:01<00:00, 36.96it/s]
 62%|██████▏   | 49/79 [00:01<00:00, 37.34it/s]
 67%|██████▋   | 53/79 [00:01<00:00, 37.36it/s]
 72%|███████▏  | 57/79 [00:01<00:00, 37.43it/s]
 77%|███████▋  | 61/79 [00:01<00:00, 37.46it/s]
 82%|████████▏ | 65/79 [00:01<00:00, 37.69it/s]
 87%|████████▋ | 69/79 [00:01<00:00, 36.90it/s]
 92%|█████████▏| 73/79 [00:02<00:00, 36.38it/s]
 97%|█████████▋| 77/79 [00:02<00:00, 36.49it/s]
100%|██████████| 79/79 [00:02<00:00, 34.95it/s]

CommRound: 19/30
Accuracy: 88.10% | Loss: 0.6464
[######################################----------------------] 63.3%
Elapsed: 3.3m | Avg/Round: 10.6s | Last: 9.1s | Next: 10.6s | Remaining: 1.9m
ETA: 21:18:38
Recent round times: R1: 9.5s -> R2: 9.1s -> R3: 9.6s -> R4: 9.3s -> R5: 9.1s

  0%|          | 0/79 [00:00<?, ?it/s]
  1%|▏         | 1/79 [00:00<00:08,  9.18it/s]
  9%|▉         | 7/79 [00:00<00:02, 29.77it/s]
 14%|█▍        | 11/79 [00:00<00:02, 32.48it/s]
 19%|█▉        | 15/79 [00:00<00:01, 34.35it/s]
 24%|██▍       | 19/79 [00:00<00:01, 35.10it/s]
 29%|██▉       | 23/79 [00:00<00:01, 35.98it/s]
 34%|███▍      | 27/79 [00:00<00:01, 35.87it/s]
 39%|███▉      | 31/79 [00:00<00:01, 34.15it/s]
 46%|████▌     | 36/79 [00:01<00:01, 34.45it/s]
 53%|█████▎    | 42/79 [00:01<00:01, 36.82it/s]
 61%|██████    | 48/79 [00:01<00:00, 38.30it/s]
 67%|██████▋   | 53/79 [00:01<00:00, 41.08it/s]
 73%|███████▎  | 58/79 [00:01<00:00, 39.01it/s]
 81%|████████  | 64/79 [00:01<00:00, 39.72it/s]
 89%|████████▊ | 70/79 [00:01<00:00, 40.24it/s]
 96%|█████████▌| 76/79 [00:02<00:00, 40.64it/s]
100%|██████████| 79/79 [00:02<00:00, 37.34it/s]

CommRound: 20/30
Accuracy: 86.03% | Loss: 0.7149
[########################################--------------------] 66.7%
Elapsed: 3.5m | Avg/Round: 10.5s | Last: 9.0s | Next: 10.5s | Remaining: 1.7m
ETA: 21:18:35
Recent round times: R1: 9.1s -> R2: 9.6s -> R3: 9.3s -> R4: 9.1s -> R5: 9.0s
EARLY_STOP: round=20; best_acc=89.13; current_acc=86.03; threshold=90.00; patience=5; reason=converged_below_target
Total time for experiment: 209.6017575263977 seconds
Device average training time per communication round [s]:
    rpi (sld-rpi-09.ece.utexas.edu): 4.20 seconds
    mc1 (sld-mc1-09.ece.utexas.edu): 2.15 seconds
