
  0%|          | 0/79 [00:00<?, ?it/s]
  4%|▍         | 3/79 [00:00<00:03, 23.03it/s]
 11%|█▏        | 9/79 [00:00<00:02, 34.53it/s]
 19%|█▉        | 15/79 [00:00<00:01, 37.98it/s]
 27%|██▋       | 21/79 [00:00<00:01, 39.72it/s]
 34%|███▍      | 27/79 [00:00<00:01, 40.71it/s]
 42%|████▏     | 33/79 [00:00<00:01, 41.63it/s]
 49%|████▉     | 39/79 [00:00<00:00, 42.03it/s]
 57%|█████▋    | 45/79 [00:01<00:00, 42.23it/s]
 65%|██████▍   | 51/79 [00:01<00:00, 42.11it/s]
 72%|███████▏  | 57/79 [00:01<00:00, 41.97it/s]
 80%|███████▉  | 63/79 [00:01<00:00, 41.96it/s]
 87%|████████▋ | 69/79 [00:01<00:00, 42.07it/s]
 95%|█████████▍| 75/79 [00:01<00:00, 42.24it/s]
100%|██████████| 79/79 [00:01<00:00, 41.58it/s]
Initial Accuracy: 11.95%; Initial Loss: 2.3290

  0%|          | 0/79 [00:00<?, ?it/s]
  1%|▏         | 1/79 [00:00<00:08,  9.14it/s]
  9%|▉         | 7/79 [00:00<00:02, 32.10it/s]
 14%|█▍        | 11/79 [00:00<00:02, 32.65it/s]
 20%|██        | 16/79 [00:00<00:01, 36.97it/s]
 25%|██▌       | 20/79 [00:00<00:01, 36.68it/s]
 30%|███       | 24/79 [00:00<00:01, 37.23it/s]
 35%|███▌      | 28/79 [00:00<00:01, 37.42it/s]
 41%|████      | 32/79 [00:00<00:01, 37.47it/s]
 46%|████▌     | 36/79 [00:01<00:01, 37.74it/s]
 51%|█████     | 40/79 [00:01<00:01, 37.86it/s]
 56%|█████▌    | 44/79 [00:01<00:00, 37.99it/s]
 61%|██████    | 48/79 [00:01<00:00, 38.10it/s]
 66%|██████▌   | 52/79 [00:01<00:00, 38.17it/s]
 71%|███████   | 56/79 [00:01<00:00, 38.04it/s]
 76%|███████▌  | 60/79 [00:01<00:00, 37.95it/s]
 81%|████████  | 64/79 [00:01<00:00, 37.86it/s]
 86%|████████▌ | 68/79 [00:01<00:00, 37.75it/s]
 91%|█████████ | 72/79 [00:01<00:00, 37.54it/s]
 96%|█████████▌| 76/79 [00:02<00:00, 37.00it/s]
100%|██████████| 79/79 [00:02<00:00, 36.91it/s]

CommRound: 1/30
Accuracy: 53.72% | Loss: 1.4379
[##----------------------------------------------------------] 3.3%
Elapsed: 0.2m | Avg/Round: 10.1s | Last: 8.2s | Next: 10.1s | Remaining: 4.9m
ETA: 06:14:08
Recent round times: R1: 8.2s

  0%|          | 0/79 [00:00<?, ?it/s]
  4%|▍         | 3/79 [00:00<00:03, 22.78it/s]
 10%|█         | 8/79 [00:00<00:02, 34.82it/s]
 15%|█▌        | 12/79 [00:00<00:01, 36.92it/s]
 20%|██        | 16/79 [00:00<00:01, 37.72it/s]
 25%|██▌       | 20/79 [00:00<00:01, 37.98it/s]
 32%|███▏      | 25/79 [00:00<00:01, 40.08it/s]
 38%|███▊      | 30/79 [00:00<00:01, 39.81it/s]
 44%|████▍     | 35/79 [00:00<00:01, 41.54it/s]
 51%|█████     | 40/79 [00:01<00:00, 40.72it/s]
 57%|█████▋    | 45/79 [00:01<00:00, 42.22it/s]
 63%|██████▎   | 50/79 [00:01<00:00, 39.67it/s]
 70%|██████▉   | 55/79 [00:01<00:00, 41.96it/s]
 76%|███████▌  | 60/79 [00:01<00:00, 39.50it/s]
 84%|████████▎ | 66/79 [00:01<00:00, 40.31it/s]
 90%|████████▉ | 71/79 [00:01<00:00, 42.44it/s]
 96%|█████████▌| 76/79 [00:01<00:00, 40.43it/s]
100%|██████████| 79/79 [00:01<00:00, 40.00it/s]

CommRound: 2/30
Accuracy: 72.44% | Loss: 0.8859
[####--------------------------------------------------------] 6.7%
Elapsed: 0.3m | Avg/Round: 9.2s | Last: 8.3s | Next: 9.2s | Remaining: 4.3m
ETA: 06:13:40
Recent round times: R1: 8.2s -> R2: 8.3s

  0%|          | 0/79 [00:00<?, ?it/s]
  4%|▍         | 3/79 [00:00<00:03, 22.43it/s]
 10%|█         | 8/79 [00:00<00:02, 33.12it/s]
 16%|█▋        | 13/79 [00:00<00:01, 35.88it/s]
 23%|██▎       | 18/79 [00:00<00:01, 39.01it/s]
 29%|██▉       | 23/79 [00:00<00:01, 38.52it/s]
 35%|███▌      | 28/79 [00:00<00:01, 40.52it/s]
 42%|████▏     | 33/79 [00:00<00:01, 39.36it/s]
 48%|████▊     | 38/79 [00:00<00:00, 41.23it/s]
 54%|█████▍    | 43/79 [00:01<00:00, 39.68it/s]
 61%|██████    | 48/79 [00:01<00:00, 41.07it/s]
 67%|██████▋   | 53/79 [00:01<00:00, 40.12it/s]
 73%|███████▎  | 58/79 [00:01<00:00, 39.18it/s]
 80%|███████▉  | 63/79 [00:01<00:00, 41.12it/s]
 86%|████████▌ | 68/79 [00:01<00:00, 39.69it/s]
 92%|█████████▏| 73/79 [00:01<00:00, 41.71it/s]
 99%|█████████▊| 78/79 [00:01<00:00, 39.96it/s]
100%|██████████| 79/79 [00:01<00:00, 39.56it/s]

CommRound: 3/30
Accuracy: 77.83% | Loss: 0.7295
[######------------------------------------------------------] 10.0%
Elapsed: 0.4m | Avg/Round: 8.9s | Last: 8.3s | Next: 8.9s | Remaining: 4.0m
ETA: 06:13:31
Recent round times: R1: 8.2s -> R2: 8.3s -> R3: 8.3s

  0%|          | 0/79 [00:00<?, ?it/s]
  4%|▍         | 3/79 [00:00<00:03, 22.91it/s]
 10%|█         | 8/79 [00:00<00:01, 35.77it/s]
 16%|█▋        | 13/79 [00:00<00:01, 36.32it/s]
 23%|██▎       | 18/79 [00:00<00:01, 39.02it/s]
 29%|██▉       | 23/79 [00:00<00:01, 39.32it/s]
 35%|███▌      | 28/79 [00:00<00:01, 40.62it/s]
 42%|████▏     | 33/79 [00:00<00:01, 40.44it/s]
 48%|████▊     | 38/79 [00:00<00:00, 41.23it/s]
 54%|█████▍    | 43/79 [00:01<00:00, 40.51it/s]
 61%|██████    | 48/79 [00:01<00:00, 41.52it/s]
 67%|██████▋   | 53/79 [00:01<00:00, 41.01it/s]
 73%|███████▎  | 58/79 [00:01<00:00, 41.79it/s]
 80%|███████▉  | 63/79 [00:01<00:00, 41.20it/s]
 86%|████████▌ | 68/79 [00:01<00:00, 41.89it/s]
 92%|█████████▏| 73/79 [00:01<00:00, 41.05it/s]
 99%|█████████▊| 78/79 [00:01<00:00, 41.71it/s]
100%|██████████| 79/79 [00:01<00:00, 40.50it/s]

CommRound: 4/30
Accuracy: 79.11% | Loss: 0.7084
[########----------------------------------------------------] 13.3%
Elapsed: 0.6m | Avg/Round: 8.8s | Last: 8.3s | Next: 8.8s | Remaining: 3.8m
ETA: 06:13:26
Recent round times: R1: 8.2s -> R2: 8.3s -> R3: 8.3s -> R4: 8.3s

  0%|          | 0/79 [00:00<?, ?it/s]
  4%|▍         | 3/79 [00:00<00:03, 22.67it/s]
 10%|█         | 8/79 [00:00<00:01, 36.31it/s]
 16%|█▋        | 13/79 [00:00<00:01, 34.66it/s]
 22%|██▏       | 17/79 [00:00<00:01, 34.90it/s]
 27%|██▋       | 21/79 [00:00<00:01, 35.04it/s]
 32%|███▏      | 25/79 [00:00<00:01, 35.42it/s]
 37%|███▋      | 29/79 [00:00<00:01, 35.81it/s]
 42%|████▏     | 33/79 [00:00<00:01, 36.16it/s]
 47%|████▋     | 37/79 [00:01<00:01, 36.42it/s]
 52%|█████▏    | 41/79 [00:01<00:01, 36.52it/s]
 57%|█████▋    | 45/79 [00:01<00:00, 36.70it/s]
 62%|██████▏   | 49/79 [00:01<00:00, 36.76it/s]
 67%|██████▋   | 53/79 [00:01<00:00, 36.77it/s]
 72%|███████▏  | 57/79 [00:01<00:00, 36.73it/s]
 77%|███████▋  | 61/79 [00:01<00:00, 36.72it/s]
 82%|████████▏ | 65/79 [00:01<00:00, 36.66it/s]
 87%|████████▋ | 69/79 [00:01<00:00, 36.76it/s]
 92%|█████████▏| 73/79 [00:02<00:00, 36.87it/s]
 97%|█████████▋| 77/79 [00:02<00:00, 36.39it/s]
100%|██████████| 79/79 [00:02<00:00, 36.55it/s]

CommRound: 5/30
Accuracy: 79.50% | Loss: 0.6585
[##########--------------------------------------------------] 16.7%
Elapsed: 0.7m | Avg/Round: 8.7s | Last: 8.4s | Next: 8.7s | Remaining: 3.6m
ETA: 06:13:24
Recent round times: R1: 8.2s -> R2: 8.3s -> R3: 8.3s -> R4: 8.3s -> R5: 8.4s

  0%|          | 0/79 [00:00<?, ?it/s]
  4%|▍         | 3/79 [00:00<00:03, 22.86it/s]
 10%|█         | 8/79 [00:00<00:02, 35.14it/s]
 15%|█▌        | 12/79 [00:00<00:01, 37.03it/s]
 20%|██        | 16/79 [00:00<00:01, 37.61it/s]
 25%|██▌       | 20/79 [00:00<00:01, 38.24it/s]
 32%|███▏      | 25/79 [00:00<00:01, 41.70it/s]
 38%|███▊      | 30/79 [00:00<00:01, 39.78it/s]
 46%|████▌     | 36/79 [00:00<00:01, 40.96it/s]
 52%|█████▏    | 41/79 [00:01<00:00, 42.42it/s]
 58%|█████▊    | 46/79 [00:01<00:00, 41.60it/s]
 65%|██████▍   | 51/79 [00:01<00:00, 41.89it/s]
 71%|███████   | 56/79 [00:01<00:00, 42.17it/s]
 77%|███████▋  | 61/79 [00:01<00:00, 41.42it/s]
 84%|████████▎ | 66/79 [00:01<00:00, 42.90it/s]
 90%|████████▉ | 71/79 [00:01<00:00, 40.87it/s]
 97%|█████████▋| 77/79 [00:01<00:00, 41.38it/s]
100%|██████████| 79/79 [00:01<00:00, 41.06it/s]

CommRound: 6/30
Accuracy: 82.77% | Loss: 0.6034
[############------------------------------------------------] 20.0%
Elapsed: 0.9m | Avg/Round: 8.6s | Last: 8.1s | Next: 8.6s | Remaining: 3.4m
ETA: 06:13:21
Recent round times: R1: 8.3s -> R2: 8.3s -> R3: 8.3s -> R4: 8.4s -> R5: 8.1s

  0%|          | 0/79 [00:00<?, ?it/s]
  4%|▍         | 3/79 [00:00<00:03, 22.55it/s]
 10%|█         | 8/79 [00:00<00:02, 35.11it/s]
 15%|█▌        | 12/79 [00:00<00:01, 37.07it/s]
 22%|██▏       | 17/79 [00:00<00:01, 36.96it/s]
 28%|██▊       | 22/79 [00:00<00:01, 39.83it/s]
 34%|███▍      | 27/79 [00:00<00:01, 38.88it/s]
 41%|████      | 32/79 [00:00<00:01, 40.63it/s]
 47%|████▋     | 37/79 [00:00<00:01, 39.62it/s]
 53%|█████▎    | 42/79 [00:01<00:00, 40.85it/s]
 59%|█████▉    | 47/79 [00:01<00:00, 39.97it/s]
 66%|██████▌   | 52/79 [00:01<00:00, 40.49it/s]
 72%|███████▏  | 57/79 [00:01<00:00, 41.02it/s]
 78%|███████▊  | 62/79 [00:01<00:00, 40.31it/s]
 85%|████████▍ | 67/79 [00:01<00:00, 41.72it/s]
 91%|█████████ | 72/79 [00:01<00:00, 39.99it/s]
 97%|█████████▋| 77/79 [00:01<00:00, 42.33it/s]
100%|██████████| 79/79 [00:01<00:00, 39.66it/s]

CommRound: 7/30
Accuracy: 83.47% | Loss: 0.6358
[##############----------------------------------------------] 23.3%
Elapsed: 1.0m | Avg/Round: 8.6s | Last: 8.5s | Next: 8.6s | Remaining: 3.3m
ETA: 06:13:21
Recent round times: R1: 8.3s -> R2: 8.3s -> R3: 8.4s -> R4: 8.1s -> R5: 8.5s

  0%|          | 0/79 [00:00<?, ?it/s]
  4%|▍         | 3/79 [00:00<00:03, 23.29it/s]
 10%|█         | 8/79 [00:00<00:01, 35.70it/s]
 16%|█▋        | 13/79 [00:00<00:01, 36.58it/s]
 23%|██▎       | 18/79 [00:00<00:01, 39.05it/s]
 29%|██▉       | 23/79 [00:00<00:01, 39.57it/s]
 35%|███▌      | 28/79 [00:00<00:01, 39.74it/s]
 42%|████▏     | 33/79 [00:00<00:01, 41.20it/s]
 48%|████▊     | 38/79 [00:00<00:01, 39.75it/s]
 56%|█████▌    | 44/79 [00:01<00:00, 40.40it/s]
 63%|██████▎   | 50/79 [00:01<00:00, 40.56it/s]
 71%|███████   | 56/79 [00:01<00:00, 41.19it/s]
 78%|███████▊  | 62/79 [00:01<00:00, 41.67it/s]
 86%|████████▌ | 68/79 [00:01<00:00, 41.93it/s]
 94%|█████████▎| 74/79 [00:01<00:00, 41.87it/s]
100%|██████████| 79/79 [00:01<00:00, 40.58it/s]

CommRound: 8/30
Accuracy: 82.27% | Loss: 0.6991
[################--------------------------------------------] 26.7%
Elapsed: 1.1m | Avg/Round: 8.5s | Last: 8.1s | Next: 8.5s | Remaining: 3.1m
ETA: 06:13:19
Recent round times: R1: 8.3s -> R2: 8.4s -> R3: 8.1s -> R4: 8.5s -> R5: 8.1s

  0%|          | 0/79 [00:00<?, ?it/s]
  4%|▍         | 3/79 [00:00<00:03, 22.20it/s]
 10%|█         | 8/79 [00:00<00:01, 36.10it/s]
 15%|█▌        | 12/79 [00:00<00:01, 37.10it/s]
 20%|██        | 16/79 [00:00<00:01, 37.90it/s]
 25%|██▌       | 20/79 [00:00<00:01, 37.74it/s]
 30%|███       | 24/79 [00:00<00:01, 37.18it/s]
 38%|███▊      | 30/79 [00:00<00:01, 38.86it/s]
 46%|████▌     | 36/79 [00:00<00:01, 39.79it/s]
 51%|█████     | 40/79 [00:01<00:00, 39.76it/s]
 58%|█████▊    | 46/79 [00:01<00:00, 40.55it/s]
 66%|██████▌   | 52/79 [00:01<00:00, 40.84it/s]
 73%|███████▎  | 58/79 [00:01<00:00, 41.10it/s]
 81%|████████  | 64/79 [00:01<00:00, 41.33it/s]
 89%|████████▊ | 70/79 [00:01<00:00, 41.42it/s]
 96%|█████████▌| 76/79 [00:01<00:00, 41.28it/s]
100%|██████████| 79/79 [00:01<00:00, 39.93it/s]

CommRound: 9/30
Accuracy: 82.21% | Loss: 0.7387
[##################------------------------------------------] 30.0%
Elapsed: 1.3m | Avg/Round: 8.5s | Last: 8.5s | Next: 8.5s | Remaining: 3.0m
ETA: 06:13:19
Recent round times: R1: 8.4s -> R2: 8.1s -> R3: 8.5s -> R4: 8.1s -> R5: 8.5s

  0%|          | 0/79 [00:00<?, ?it/s]
  4%|▍         | 3/79 [00:00<00:03, 23.50it/s]
 10%|█         | 8/79 [00:00<00:02, 33.79it/s]
 16%|█▋        | 13/79 [00:00<00:01, 37.21it/s]
 23%|██▎       | 18/79 [00:00<00:01, 39.37it/s]
 29%|██▉       | 23/79 [00:00<00:01, 39.88it/s]
 35%|███▌      | 28/79 [00:00<00:01, 40.51it/s]
 42%|████▏     | 33/79 [00:00<00:01, 40.92it/s]
 48%|████▊     | 38/79 [00:00<00:00, 41.06it/s]
 54%|█████▍    | 43/79 [00:01<00:00, 41.56it/s]
 61%|██████    | 48/79 [00:01<00:00, 41.00it/s]
 67%|██████▋   | 53/79 [00:01<00:00, 41.88it/s]
 73%|███████▎  | 58/79 [00:01<00:00, 41.06it/s]
 80%|███████▉  | 63/79 [00:01<00:00, 42.01it/s]
 86%|████████▌ | 68/79 [00:01<00:00, 41.21it/s]
 92%|█████████▏| 73/79 [00:01<00:00, 42.10it/s]
 99%|█████████▊| 78/79 [00:01<00:00, 41.68it/s]
100%|██████████| 79/79 [00:01<00:00, 40.64it/s]

CommRound: 10/30
Accuracy: 82.16% | Loss: 0.7822
[####################----------------------------------------] 33.3%
Elapsed: 1.4m | Avg/Round: 8.5s | Last: 8.4s | Next: 8.5s | Remaining: 2.8m
ETA: 06:13:19
Recent round times: R1: 8.1s -> R2: 8.5s -> R3: 8.1s -> R4: 8.5s -> R5: 8.4s

  0%|          | 0/79 [00:00<?, ?it/s]
  4%|▍         | 3/79 [00:00<00:03, 23.50it/s]
 10%|█         | 8/79 [00:00<00:01, 36.22it/s]
 16%|█▋        | 13/79 [00:00<00:01, 36.96it/s]
 23%|██▎       | 18/79 [00:00<00:01, 39.24it/s]
 29%|██▉       | 23/79 [00:00<00:01, 40.53it/s]
 35%|███▌      | 28/79 [00:00<00:01, 39.76it/s]
 42%|████▏     | 33/79 [00:00<00:01, 42.44it/s]
 48%|████▊     | 38/79 [00:00<00:01, 39.99it/s]
 54%|█████▍    | 43/79 [00:01<00:00, 40.31it/s]
 61%|██████    | 48/79 [00:01<00:00, 40.77it/s]
 68%|██████▊   | 54/79 [00:01<00:00, 41.70it/s]
 76%|███████▌  | 60/79 [00:01<00:00, 42.02it/s]
 82%|████████▏ | 65/79 [00:01<00:00, 43.75it/s]
 89%|████████▊ | 70/79 [00:01<00:00, 42.11it/s]
 95%|█████████▍| 75/79 [00:01<00:00, 43.05it/s]
100%|██████████| 79/79 [00:01<00:00, 40.99it/s]

CommRound: 11/30
Accuracy: 83.47% | Loss: 0.7328
[######################--------------------------------------] 36.7%
Elapsed: 1.6m | Avg/Round: 8.5s | Last: 8.1s | Next: 8.5s | Remaining: 2.7m
ETA: 06:13:18
Recent round times: R1: 8.5s -> R2: 8.1s -> R3: 8.5s -> R4: 8.4s -> R5: 8.1s

  0%|          | 0/79 [00:00<?, ?it/s]
  4%|▍         | 3/79 [00:00<00:03, 23.08it/s]
  9%|▉         | 7/79 [00:00<00:02, 31.86it/s]
 16%|█▋        | 13/79 [00:00<00:01, 36.60it/s]
 24%|██▍       | 19/79 [00:00<00:01, 38.88it/s]
 32%|███▏      | 25/79 [00:00<00:01, 39.75it/s]
 39%|███▉      | 31/79 [00:00<00:01, 40.24it/s]
 47%|████▋     | 37/79 [00:00<00:01, 40.73it/s]
 54%|█████▍    | 43/79 [00:01<00:00, 41.14it/s]
 62%|██████▏   | 49/79 [00:01<00:00, 41.47it/s]
 70%|██████▉   | 55/79 [00:01<00:00, 41.73it/s]
 77%|███████▋  | 61/79 [00:01<00:00, 41.79it/s]
 85%|████████▍ | 67/79 [00:01<00:00, 42.01it/s]
 92%|█████████▏| 73/79 [00:01<00:00, 42.22it/s]
100%|██████████| 79/79 [00:01<00:00, 46.35it/s]
100%|██████████| 79/79 [00:01<00:00, 41.11it/s]

CommRound: 12/30
Accuracy: 83.56% | Loss: 0.7424
[########################------------------------------------] 40.0%
Elapsed: 1.7m | Avg/Round: 8.4s | Last: 8.1s | Next: 8.4s | Remaining: 2.5m
ETA: 06:13:17
Recent round times: R1: 8.1s -> R2: 8.5s -> R3: 8.4s -> R4: 8.1s -> R5: 8.1s

  0%|          | 0/79 [00:00<?, ?it/s]
  4%|▍         | 3/79 [00:00<00:03, 23.79it/s]
 10%|█         | 8/79 [00:00<00:02, 35.24it/s]
 16%|█▋        | 13/79 [00:00<00:01, 37.55it/s]
 23%|██▎       | 18/79 [00:00<00:01, 38.28it/s]
 28%|██▊       | 22/79 [00:00<00:01, 37.60it/s]
 33%|███▎      | 26/79 [00:00<00:01, 37.26it/s]
 38%|███▊      | 30/79 [00:00<00:01, 37.12it/s]
 43%|████▎     | 34/79 [00:00<00:01, 37.10it/s]
 48%|████▊     | 38/79 [00:01<00:01, 37.08it/s]
 53%|█████▎    | 42/79 [00:01<00:00, 37.07it/s]
 58%|█████▊    | 46/79 [00:01<00:00, 37.03it/s]
 63%|██████▎   | 50/79 [00:01<00:00, 36.99it/s]
 68%|██████▊   | 54/79 [00:01<00:00, 37.05it/s]
 73%|███████▎  | 58/79 [00:01<00:00, 36.98it/s]
 78%|███████▊  | 62/79 [00:01<00:00, 36.99it/s]
 84%|████████▎ | 66/79 [00:01<00:00, 37.01it/s]
 89%|████████▊ | 70/79 [00:01<00:00, 37.00it/s]
 94%|█████████▎| 74/79 [00:02<00:00, 36.90it/s]
 99%|█████████▊| 78/79 [00:02<00:00, 36.88it/s]
100%|██████████| 79/79 [00:02<00:00, 37.07it/s]

CommRound: 13/30
Accuracy: 83.68% | Loss: 0.7438
[##########################----------------------------------] 43.3%
Elapsed: 1.8m | Avg/Round: 8.4s | Last: 8.5s | Next: 8.4s | Remaining: 2.4m
ETA: 06:13:17
Recent round times: R1: 8.5s -> R2: 8.4s -> R3: 8.1s -> R4: 8.1s -> R5: 8.5s

  0%|          | 0/79 [00:00<?, ?it/s]
  4%|▍         | 3/79 [00:00<00:03, 22.38it/s]
  9%|▉         | 7/79 [00:00<00:02, 30.77it/s]
 15%|█▌        | 12/79 [00:00<00:01, 36.17it/s]
 20%|██        | 16/79 [00:00<00:01, 36.62it/s]
 25%|██▌       | 20/79 [00:00<00:01, 36.94it/s]
 30%|███       | 24/79 [00:00<00:01, 37.38it/s]
 35%|███▌      | 28/79 [00:00<00:01, 37.74it/s]
 41%|████      | 32/79 [00:00<00:01, 38.02it/s]
 46%|████▌     | 36/79 [00:00<00:01, 38.16it/s]
 51%|█████     | 40/79 [00:01<00:01, 38.38it/s]
 56%|█████▌    | 44/79 [00:01<00:00, 38.43it/s]
 61%|██████    | 48/79 [00:01<00:00, 38.58it/s]
 66%|██████▌   | 52/79 [00:01<00:00, 38.58it/s]
 71%|███████   | 56/79 [00:01<00:00, 38.52it/s]
 76%|███████▌  | 60/79 [00:01<00:00, 38.53it/s]
 81%|████████  | 64/79 [00:01<00:00, 38.50it/s]
 86%|████████▌ | 68/79 [00:01<00:00, 38.60it/s]
 94%|█████████▎| 74/79 [00:01<00:00, 39.65it/s]
100%|██████████| 79/79 [00:02<00:00, 38.26it/s]

CommRound: 14/30
Accuracy: 83.89% | Loss: 0.7476
[############################--------------------------------] 46.7%
Elapsed: 2.0m | Avg/Round: 8.4s | Last: 8.3s | Next: 8.4s | Remaining: 2.2m
ETA: 06:13:16
Recent round times: R1: 8.4s -> R2: 8.1s -> R3: 8.1s -> R4: 8.5s -> R5: 8.3s

  0%|          | 0/79 [00:00<?, ?it/s]
  4%|▍         | 3/79 [00:00<00:03, 23.11it/s]
 10%|█         | 8/79 [00:00<00:02, 34.31it/s]
 15%|█▌        | 12/79 [00:00<00:01, 34.81it/s]
 20%|██        | 16/79 [00:00<00:01, 35.29it/s]
 25%|██▌       | 20/79 [00:00<00:01, 35.78it/s]
 30%|███       | 24/79 [00:00<00:01, 35.93it/s]
 35%|███▌      | 28/79 [00:00<00:01, 36.20it/s]
 41%|████      | 32/79 [00:00<00:01, 36.28it/s]
 46%|████▌     | 36/79 [00:01<00:01, 36.13it/s]
 51%|█████     | 40/79 [00:01<00:01, 36.34it/s]
 56%|█████▌    | 44/79 [00:01<00:00, 36.39it/s]
 61%|██████    | 48/79 [00:01<00:00, 36.49it/s]
 66%|██████▌   | 52/79 [00:01<00:00, 36.55it/s]
 71%|███████   | 56/79 [00:01<00:00, 36.56it/s]
 76%|███████▌  | 60/79 [00:01<00:00, 36.64it/s]
 81%|████████  | 64/79 [00:01<00:00, 36.66it/s]
 86%|████████▌ | 68/79 [00:01<00:00, 36.60it/s]
 91%|█████████ | 72/79 [00:02<00:00, 36.52it/s]
 96%|█████████▌| 76/79 [00:02<00:00, 36.41it/s]
100%|██████████| 79/79 [00:02<00:00, 36.25it/s]

CommRound: 15/30
Accuracy: 84.07% | Loss: 0.7504
[##############################------------------------------] 50.0%
Elapsed: 2.1m | Avg/Round: 8.4s | Last: 8.5s | Next: 8.4s | Remaining: 2.1m
ETA: 06:13:17
Recent round times: R1: 8.1s -> R2: 8.1s -> R3: 8.5s -> R4: 8.3s -> R5: 8.5s

  0%|          | 0/79 [00:00<?, ?it/s]
  4%|▍         | 3/79 [00:00<00:03, 23.46it/s]
 10%|█         | 8/79 [00:00<00:01, 36.07it/s]
 16%|█▋        | 13/79 [00:00<00:01, 37.63it/s]
 23%|██▎       | 18/79 [00:00<00:01, 39.82it/s]
 29%|██▉       | 23/79 [00:00<00:01, 40.01it/s]
 35%|███▌      | 28/79 [00:00<00:01, 41.02it/s]
 42%|████▏     | 33/79 [00:00<00:01, 40.12it/s]
 48%|████▊     | 38/79 [00:00<00:00, 42.17it/s]
 54%|█████▍    | 43/79 [00:01<00:00, 39.95it/s]
 62%|██████▏   | 49/79 [00:01<00:00, 40.50it/s]
 68%|██████▊   | 54/79 [00:01<00:00, 42.67it/s]
 75%|███████▍  | 59/79 [00:01<00:00, 39.78it/s]
 81%|████████  | 64/79 [00:01<00:00, 40.43it/s]
 87%|████████▋ | 69/79 [00:01<00:00, 40.69it/s]
 94%|█████████▎| 74/79 [00:01<00:00, 37.43it/s]
 99%|█████████▊| 78/79 [00:01<00:00, 37.20it/s]
100%|██████████| 79/79 [00:02<00:00, 39.37it/s]

CommRound: 16/30
Accuracy: 84.22% | Loss: 0.7534
[################################----------------------------] 53.3%
Elapsed: 2.2m | Avg/Round: 8.4s | Last: 8.3s | Next: 8.4s | Remaining: 2.0m
ETA: 06:13:16
Recent round times: R1: 8.1s -> R2: 8.5s -> R3: 8.3s -> R4: 8.5s -> R5: 8.3s

  0%|          | 0/79 [00:00<?, ?it/s]
  4%|▍         | 3/79 [00:00<00:03, 23.20it/s]
 10%|█         | 8/79 [00:00<00:01, 36.31it/s]
 15%|█▌        | 12/79 [00:00<00:01, 37.46it/s]
 22%|██▏       | 17/79 [00:00<00:01, 37.31it/s]
 28%|██▊       | 22/79 [00:00<00:01, 41.12it/s]
 34%|███▍      | 27/79 [00:00<00:01, 39.49it/s]
 42%|████▏     | 33/79 [00:00<00:01, 40.83it/s]
 48%|████▊     | 38/79 [00:00<00:00, 42.74it/s]
 54%|█████▍    | 43/79 [00:01<00:00, 41.24it/s]
 61%|██████    | 48/79 [00:01<00:00, 41.86it/s]
 67%|██████▋   | 53/79 [00:01<00:00, 41.10it/s]
 73%|███████▎  | 58/79 [00:01<00:00, 42.47it/s]
 80%|███████▉  | 63/79 [00:01<00:00, 40.72it/s]
 86%|████████▌ | 68/79 [00:01<00:00, 42.88it/s]
 92%|█████████▏| 73/79 [00:01<00:00, 40.56it/s]
100%|██████████| 79/79 [00:01<00:00, 45.14it/s]
100%|██████████| 79/79 [00:01<00:00, 40.98it/s]

CommRound: 17/30
Accuracy: 84.31% | Loss: 0.7562
[##################################--------------------------] 56.7%
Elapsed: 2.4m | Avg/Round: 8.4s | Last: 8.1s | Next: 8.4s | Remaining: 1.8m
ETA: 06:13:16
Recent round times: R1: 8.5s -> R2: 8.3s -> R3: 8.5s -> R4: 8.3s -> R5: 8.1s

  0%|          | 0/79 [00:00<?, ?it/s]
  4%|▍         | 3/79 [00:00<00:03, 20.47it/s]
  9%|▉         | 7/79 [00:00<00:02, 28.50it/s]
 14%|█▍        | 11/79 [00:00<00:02, 31.69it/s]
 19%|█▉        | 15/79 [00:00<00:02, 31.12it/s]
 24%|██▍       | 19/79 [00:00<00:01, 32.75it/s]
 29%|██▉       | 23/79 [00:00<00:01, 34.02it/s]
 34%|███▍      | 27/79 [00:00<00:01, 34.95it/s]
 39%|███▉      | 31/79 [00:00<00:01, 35.55it/s]
 44%|████▍     | 35/79 [00:01<00:01, 35.89it/s]
 49%|████▉     | 39/79 [00:01<00:01, 35.97it/s]
 54%|█████▍    | 43/79 [00:01<00:00, 36.20it/s]
 59%|█████▉    | 47/79 [00:01<00:00, 36.38it/s]
 65%|██████▍   | 51/79 [00:01<00:00, 36.44it/s]
 70%|██████▉   | 55/79 [00:01<00:00, 36.60it/s]
 75%|███████▍  | 59/79 [00:01<00:00, 36.70it/s]
 80%|███████▉  | 63/79 [00:01<00:00, 36.80it/s]
 85%|████████▍ | 67/79 [00:01<00:00, 36.87it/s]
 90%|████████▉ | 71/79 [00:02<00:00, 36.83it/s]
 95%|█████████▍| 75/79 [00:02<00:00, 36.64it/s]
100%|██████████| 79/79 [00:02<00:00, 35.71it/s]

CommRound: 18/30
Accuracy: 84.42% | Loss: 0.7590
[####################################------------------------] 60.0%
Elapsed: 2.5m | Avg/Round: 8.4s | Last: 8.8s | Next: 8.4s | Remaining: 1.7m
ETA: 06:13:17
Recent round times: R1: 8.3s -> R2: 8.5s -> R3: 8.3s -> R4: 8.1s -> R5: 8.8s

  0%|          | 0/79 [00:00<?, ?it/s]
  4%|▍         | 3/79 [00:00<00:03, 23.26it/s]
 10%|█         | 8/79 [00:00<00:01, 37.24it/s]
 16%|█▋        | 13/79 [00:00<00:01, 36.14it/s]
 24%|██▍       | 19/79 [00:00<00:01, 38.55it/s]
 30%|███       | 24/79 [00:00<00:01, 41.72it/s]
 37%|███▋      | 29/79 [00:00<00:01, 39.88it/s]
 43%|████▎     | 34/79 [00:00<00:01, 42.35it/s]
 49%|████▉     | 39/79 [00:00<00:00, 40.51it/s]
 57%|█████▋    | 45/79 [00:01<00:00, 41.12it/s]
 65%|██████▍   | 51/79 [00:01<00:00, 41.55it/s]
 71%|███████   | 56/79 [00:01<00:00, 37.55it/s]
 77%|███████▋  | 61/79 [00:01<00:00, 38.66it/s]
 85%|████████▍ | 67/79 [00:01<00:00, 38.78it/s]
 92%|█████████▏| 73/79 [00:01<00:00, 39.59it/s]
100%|██████████| 79/79 [00:01<00:00, 43.92it/s]
100%|██████████| 79/79 [00:01<00:00, 39.96it/s]

CommRound: 19/30
Accuracy: 84.52% | Loss: 0.7616
[######################################----------------------] 63.3%
Elapsed: 2.7m | Avg/Round: 8.4s | Last: 8.4s | Next: 8.4s | Remaining: 1.5m
ETA: 06:13:17
Recent round times: R1: 8.5s -> R2: 8.3s -> R3: 8.1s -> R4: 8.8s -> R5: 8.4s

  0%|          | 0/79 [00:00<?, ?it/s]
  4%|▍         | 3/79 [00:00<00:03, 22.71it/s]
 10%|█         | 8/79 [00:00<00:02, 34.75it/s]
 16%|█▋        | 13/79 [00:00<00:01, 37.12it/s]
 23%|██▎       | 18/79 [00:00<00:01, 38.62it/s]
 29%|██▉       | 23/79 [00:00<00:01, 40.61it/s]
 35%|███▌      | 28/79 [00:00<00:01, 39.82it/s]
 42%|████▏     | 33/79 [00:00<00:01, 42.16it/s]
 48%|████▊     | 38/79 [00:00<00:01, 40.21it/s]
 56%|█████▌    | 44/79 [00:01<00:00, 40.84it/s]
 63%|██████▎   | 50/79 [00:01<00:00, 40.95it/s]
 71%|███████   | 56/79 [00:01<00:00, 41.45it/s]
 78%|███████▊  | 62/79 [00:01<00:00, 41.73it/s]
 86%|████████▌ | 68/79 [00:01<00:00, 41.95it/s]
 94%|█████████▎| 74/79 [00:01<00:00, 42.03it/s]
100%|██████████| 79/79 [00:01<00:00, 40.69it/s]

CommRound: 20/30
Accuracy: 84.55% | Loss: 0.7639
[########################################--------------------] 66.7%
Elapsed: 2.8m | Avg/Round: 8.4s | Last: 8.3s | Next: 8.4s | Remaining: 1.4m
ETA: 06:13:16
Recent round times: R1: 8.3s -> R2: 8.1s -> R3: 8.8s -> R4: 8.4s -> R5: 8.3s

  0%|          | 0/79 [00:00<?, ?it/s]
  3%|▎         | 2/79 [00:00<00:03, 19.61it/s]
  9%|▉         | 7/79 [00:00<00:02, 31.00it/s]
 15%|█▌        | 12/79 [00:00<00:01, 37.31it/s]
 20%|██        | 16/79 [00:00<00:01, 38.11it/s]
 25%|██▌       | 20/79 [00:00<00:01, 37.06it/s]
 32%|███▏      | 25/79 [00:00<00:01, 39.47it/s]
 38%|███▊      | 30/79 [00:00<00:01, 39.20it/s]
 44%|████▍     | 35/79 [00:00<00:01, 40.88it/s]
 51%|█████     | 40/79 [00:01<00:00, 39.95it/s]
 57%|█████▋    | 45/79 [00:01<00:00, 41.07it/s]
 63%|██████▎   | 50/79 [00:01<00:00, 40.20it/s]
 70%|██████▉   | 55/79 [00:01<00:00, 41.42it/s]
 76%|███████▌  | 60/79 [00:01<00:00, 41.51it/s]
 82%|████████▏ | 65/79 [00:01<00:00, 41.18it/s]
 89%|████████▊ | 70/79 [00:01<00:00, 42.56it/s]
 95%|█████████▍| 75/79 [00:01<00:00, 40.57it/s]
100%|██████████| 79/79 [00:01<00:00, 40.27it/s]

CommRound: 21/30
Accuracy: 84.56% | Loss: 0.7662
[##########################################------------------] 70.0%
Elapsed: 2.9m | Avg/Round: 8.4s | Last: 8.2s | Next: 8.4s | Remaining: 1.3m
ETA: 06:13:16
Recent round times: R1: 8.1s -> R2: 8.8s -> R3: 8.4s -> R4: 8.3s -> R5: 8.2s

  0%|          | 0/79 [00:00<?, ?it/s]
  4%|▍         | 3/79 [00:00<00:03, 22.61it/s]
 10%|█         | 8/79 [00:00<00:02, 35.45it/s]
 16%|█▋        | 13/79 [00:00<00:01, 36.35it/s]
 23%|██▎       | 18/79 [00:00<00:01, 39.60it/s]
 29%|██▉       | 23/79 [00:00<00:01, 39.10it/s]
 35%|███▌      | 28/79 [00:00<00:01, 40.90it/s]
 42%|████▏     | 33/79 [00:00<00:01, 39.29it/s]
 48%|████▊     | 38/79 [00:00<00:00, 41.96it/s]
 54%|█████▍    | 43/79 [00:01<00:00, 39.60it/s]
 62%|██████▏   | 49/79 [00:01<00:00, 40.46it/s]
 70%|██████▉   | 55/79 [00:01<00:00, 41.36it/s]
 77%|███████▋  | 61/79 [00:01<00:00, 41.86it/s]
 85%|████████▍ | 67/79 [00:01<00:00, 41.94it/s]
 92%|█████████▏| 73/79 [00:01<00:00, 41.68it/s]
100%|██████████| 79/79 [00:01<00:00, 45.67it/s]
100%|██████████| 79/79 [00:01<00:00, 40.73it/s]

CommRound: 22/30
Accuracy: 84.57% | Loss: 0.7684
[############################################----------------] 73.3%
Elapsed: 3.1m | Avg/Round: 8.4s | Last: 8.3s | Next: 8.4s | Remaining: 1.1m
ETA: 06:13:16
Recent round times: R1: 8.8s -> R2: 8.4s -> R3: 8.3s -> R4: 8.2s -> R5: 8.3s

  0%|          | 0/79 [00:00<?, ?it/s]
  4%|▍         | 3/79 [00:00<00:03, 23.14it/s]
 10%|█         | 8/79 [00:00<00:01, 36.87it/s]
 16%|█▋        | 13/79 [00:00<00:01, 36.47it/s]
 24%|██▍       | 19/79 [00:00<00:01, 38.72it/s]
 32%|███▏      | 25/79 [00:00<00:01, 40.14it/s]
 39%|███▉      | 31/79 [00:00<00:01, 40.77it/s]
 47%|████▋     | 37/79 [00:00<00:01, 41.19it/s]
 54%|█████▍    | 43/79 [00:01<00:00, 41.62it/s]
 62%|██████▏   | 49/79 [00:01<00:00, 41.79it/s]
 70%|██████▉   | 55/79 [00:01<00:00, 41.93it/s]
 77%|███████▋  | 61/79 [00:01<00:00, 41.85it/s]
 85%|████████▍ | 67/79 [00:01<00:00, 42.07it/s]
 92%|█████████▏| 73/79 [00:01<00:00, 42.18it/s]
100%|██████████| 79/79 [00:01<00:00, 46.24it/s]
100%|██████████| 79/79 [00:01<00:00, 41.43it/s]

CommRound: 23/30
Accuracy: 84.61% | Loss: 0.7704
[##############################################--------------] 76.7%
Elapsed: 3.2m | Avg/Round: 8.4s | Last: 8.3s | Next: 8.4s | Remaining: 1.0m
ETA: 06:13:16
Recent round times: R1: 8.4s -> R2: 8.3s -> R3: 8.2s -> R4: 8.3s -> R5: 8.3s

  0%|          | 0/79 [00:00<?, ?it/s]
  4%|▍         | 3/79 [00:00<00:03, 21.10it/s]
 11%|█▏        | 9/79 [00:00<00:02, 33.58it/s]
 19%|█▉        | 15/79 [00:00<00:01, 37.70it/s]
 25%|██▌       | 20/79 [00:00<00:01, 41.47it/s]
 32%|███▏      | 25/79 [00:00<00:01, 40.32it/s]
 38%|███▊      | 30/79 [00:00<00:01, 41.47it/s]
 44%|████▍     | 35/79 [00:00<00:01, 41.83it/s]
 51%|█████     | 40/79 [00:01<00:00, 40.88it/s]
 57%|█████▋    | 45/79 [00:01<00:00, 42.81it/s]
 63%|██████▎   | 50/79 [00:01<00:00, 40.71it/s]
 71%|███████   | 56/79 [00:01<00:00, 41.23it/s]
 78%|███████▊  | 62/79 [00:01<00:00, 41.55it/s]
 86%|████████▌ | 68/79 [00:01<00:00, 41.60it/s]
 94%|█████████▎| 74/79 [00:01<00:00, 41.41it/s]
100%|██████████| 79/79 [00:01<00:00, 40.77it/s]

CommRound: 24/30
Accuracy: 84.61% | Loss: 0.7725
[################################################------------] 80.0%
Elapsed: 3.4m | Avg/Round: 8.4s | Last: 8.3s | Next: 8.4s | Remaining: 0.8m
ETA: 06:13:16
Recent round times: R1: 8.3s -> R2: 8.2s -> R3: 8.3s -> R4: 8.3s -> R5: 8.3s

  0%|          | 0/79 [00:00<?, ?it/s]
  4%|▍         | 3/79 [00:00<00:03, 23.05it/s]
 10%|█         | 8/79 [00:00<00:01, 36.14it/s]
 15%|█▌        | 12/79 [00:00<00:01, 37.59it/s]
 22%|██▏       | 17/79 [00:00<00:01, 38.51it/s]
 28%|██▊       | 22/79 [00:00<00:01, 39.80it/s]
 34%|███▍      | 27/79 [00:00<00:01, 40.84it/s]
 41%|████      | 32/79 [00:00<00:01, 40.52it/s]
 47%|████▋     | 37/79 [00:00<00:01, 39.45it/s]
 53%|█████▎    | 42/79 [00:01<00:00, 39.79it/s]
 59%|█████▉    | 47/79 [00:01<00:00, 39.67it/s]
 65%|██████▍   | 51/79 [00:01<00:00, 39.64it/s]
 71%|███████   | 56/79 [00:01<00:00, 41.80it/s]
 77%|███████▋  | 61/79 [00:01<00:00, 37.16it/s]
 82%|████████▏ | 65/79 [00:01<00:00, 36.59it/s]
 90%|████████▉ | 71/79 [00:01<00:00, 38.28it/s]
 97%|█████████▋| 77/79 [00:01<00:00, 39.16it/s]
100%|██████████| 79/79 [00:02<00:00, 39.35it/s]

CommRound: 25/30
Accuracy: 84.63% | Loss: 0.7744
[##################################################----------] 83.3%
Elapsed: 3.5m | Avg/Round: 8.4s | Last: 8.4s | Next: 8.4s | Remaining: 0.7m
ETA: 06:13:16
Recent round times: R1: 8.2s -> R2: 8.3s -> R3: 8.3s -> R4: 8.3s -> R5: 8.4s

  0%|          | 0/79 [00:00<?, ?it/s]
  4%|▍         | 3/79 [00:00<00:03, 22.55it/s]
 10%|█         | 8/79 [00:00<00:01, 36.74it/s]
 16%|█▋        | 13/79 [00:00<00:01, 35.71it/s]
 24%|██▍       | 19/79 [00:00<00:01, 37.93it/s]
 29%|██▉       | 23/79 [00:00<00:01, 38.50it/s]
 37%|███▋      | 29/79 [00:00<00:01, 39.51it/s]
 44%|████▍     | 35/79 [00:00<00:01, 40.32it/s]
 52%|█████▏    | 41/79 [00:01<00:00, 40.73it/s]
 59%|█████▉    | 47/79 [00:01<00:00, 41.11it/s]
 67%|██████▋   | 53/79 [00:01<00:00, 41.36it/s]
 75%|███████▍  | 59/79 [00:01<00:00, 41.50it/s]
 82%|████████▏ | 65/79 [00:01<00:00, 41.45it/s]
 90%|████████▉ | 71/79 [00:01<00:00, 41.49it/s]
 97%|█████████▋| 77/79 [00:01<00:00, 39.70it/s]
100%|██████████| 79/79 [00:01<00:00, 40.05it/s]

CommRound: 26/30
Accuracy: 84.63% | Loss: 0.7764
[####################################################--------] 86.7%
Elapsed: 3.6m | Avg/Round: 8.4s | Last: 8.3s | Next: 8.4s | Remaining: 0.6m
ETA: 06:13:16
Recent round times: R1: 8.3s -> R2: 8.3s -> R3: 8.3s -> R4: 8.4s -> R5: 8.3s

  0%|          | 0/79 [00:00<?, ?it/s]
  4%|▍         | 3/79 [00:00<00:03, 22.74it/s]
 10%|█         | 8/79 [00:00<00:01, 36.70it/s]
 16%|█▋        | 13/79 [00:00<00:01, 36.36it/s]
 24%|██▍       | 19/79 [00:00<00:01, 38.48it/s]
 32%|███▏      | 25/79 [00:00<00:01, 40.04it/s]
 39%|███▉      | 31/79 [00:00<00:01, 40.69it/s]
 47%|████▋     | 37/79 [00:00<00:01, 41.37it/s]
 54%|█████▍    | 43/79 [00:01<00:00, 41.14it/s]
 62%|██████▏   | 49/79 [00:01<00:00, 41.38it/s]
 70%|██████▉   | 55/79 [00:01<00:00, 41.94it/s]
 77%|███████▋  | 61/79 [00:01<00:00, 41.91it/s]
 85%|████████▍ | 67/79 [00:01<00:00, 42.23it/s]
 92%|█████████▏| 73/79 [00:01<00:00, 42.47it/s]
100%|██████████| 79/79 [00:01<00:00, 46.51it/s]
100%|██████████| 79/79 [00:01<00:00, 41.40it/s]

CommRound: 27/30
Accuracy: 84.65% | Loss: 0.7783
[######################################################------] 90.0%
Elapsed: 3.8m | Avg/Round: 8.4s | Last: 8.1s | Next: 8.4s | Remaining: 0.4m
ETA: 06:13:15
Recent round times: R1: 8.3s -> R2: 8.3s -> R3: 8.4s -> R4: 8.3s -> R5: 8.1s

  0%|          | 0/79 [00:00<?, ?it/s]
  4%|▍         | 3/79 [00:00<00:03, 22.39it/s]
 11%|█▏        | 9/79 [00:00<00:02, 33.94it/s]
 19%|█▉        | 15/79 [00:00<00:01, 37.62it/s]
 24%|██▍       | 19/79 [00:00<00:01, 34.20it/s]
 32%|███▏      | 25/79 [00:00<00:01, 36.75it/s]
 39%|███▉      | 31/79 [00:00<00:01, 38.45it/s]
 47%|████▋     | 37/79 [00:00<00:01, 39.54it/s]
 54%|█████▍    | 43/79 [00:01<00:00, 40.03it/s]
 62%|██████▏   | 49/79 [00:01<00:00, 40.58it/s]
 70%|██████▉   | 55/79 [00:01<00:00, 41.19it/s]
 77%|███████▋  | 61/79 [00:01<00:00, 41.46it/s]
 85%|████████▍ | 67/79 [00:01<00:00, 41.54it/s]
 91%|█████████ | 72/79 [00:01<00:00, 43.36it/s]
 97%|█████████▋| 77/79 [00:01<00:00, 40.10it/s]
100%|██████████| 79/79 [00:01<00:00, 39.88it/s]

CommRound: 28/30
Accuracy: 84.64% | Loss: 0.7803
[########################################################----] 93.3%
Elapsed: 3.9m | Avg/Round: 8.4s | Last: 8.3s | Next: 8.4s | Remaining: 0.3m
ETA: 06:13:15
Recent round times: R1: 8.3s -> R2: 8.4s -> R3: 8.3s -> R4: 8.1s -> R5: 8.3s

  0%|          | 0/79 [00:00<?, ?it/s]
  4%|▍         | 3/79 [00:00<00:03, 22.37it/s]
 11%|█▏        | 9/79 [00:00<00:02, 33.70it/s]
 19%|█▉        | 15/79 [00:00<00:01, 37.11it/s]
 25%|██▌       | 20/79 [00:00<00:01, 39.43it/s]
 30%|███       | 24/79 [00:00<00:01, 37.90it/s]
 35%|███▌      | 28/79 [00:00<00:01, 36.54it/s]
 41%|████      | 32/79 [00:00<00:01, 36.00it/s]
 46%|████▌     | 36/79 [00:01<00:01, 35.75it/s]
 51%|█████     | 40/79 [00:01<00:01, 35.32it/s]
 58%|█████▊    | 46/79 [00:01<00:00, 37.69it/s]
 63%|██████▎   | 50/79 [00:01<00:00, 37.67it/s]
 68%|██████▊   | 54/79 [00:01<00:00, 36.98it/s]
 73%|███████▎  | 58/79 [00:01<00:00, 36.52it/s]
 78%|███████▊  | 62/79 [00:01<00:00, 36.12it/s]
 84%|████████▎ | 66/79 [00:01<00:00, 35.91it/s]
 89%|████████▊ | 70/79 [00:01<00:00, 35.61it/s]
 94%|█████████▎| 74/79 [00:02<00:00, 35.44it/s]
 99%|█████████▊| 78/79 [00:02<00:00, 35.61it/s]
100%|██████████| 79/79 [00:02<00:00, 36.29it/s]

CommRound: 29/30
Accuracy: 84.62% | Loss: 0.7822
[##########################################################--] 96.7%
Elapsed: 4.1m | Avg/Round: 8.4s | Last: 8.4s | Next: 8.4s | Remaining: 0.1m
ETA: 06:13:15
Recent round times: R1: 8.4s -> R2: 8.3s -> R3: 8.1s -> R4: 8.3s -> R5: 8.4s

  0%|          | 0/79 [00:00<?, ?it/s]
  1%|▏         | 1/79 [00:00<00:08,  9.60it/s]
  9%|▉         | 7/79 [00:00<00:02, 31.62it/s]
 16%|█▋        | 13/79 [00:00<00:01, 36.58it/s]
 24%|██▍       | 19/79 [00:00<00:01, 34.66it/s]
 29%|██▉       | 23/79 [00:00<00:01, 35.46it/s]
 35%|███▌      | 28/79 [00:00<00:01, 39.42it/s]
 42%|████▏     | 33/79 [00:00<00:01, 35.84it/s]
 47%|████▋     | 37/79 [00:01<00:01, 36.03it/s]
 52%|█████▏    | 41/79 [00:01<00:01, 36.25it/s]
 57%|█████▋    | 45/79 [00:01<00:00, 36.27it/s]
 62%|██████▏   | 49/79 [00:01<00:00, 36.40it/s]
 67%|██████▋   | 53/79 [00:01<00:00, 36.22it/s]
 72%|███████▏  | 57/79 [00:01<00:00, 36.16it/s]
 77%|███████▋  | 61/79 [00:01<00:00, 36.55it/s]
 82%|████████▏ | 65/79 [00:01<00:00, 36.66it/s]
 87%|████████▋ | 69/79 [00:01<00:00, 36.73it/s]
 92%|█████████▏| 73/79 [00:02<00:00, 36.56it/s]
 97%|█████████▋| 77/79 [00:02<00:00, 36.37it/s]
100%|██████████| 79/79 [00:02<00:00, 36.40it/s]

CommRound: 30/30
Accuracy: 84.62% | Loss: 0.7840
[############################################################] 100.0%
Elapsed: 4.2m | Avg/Round: 8.4s | Last: 8.4s | Next: 8.4s | Remaining: 0.0m
ETA: 06:13:15
Recent round times: R1: 8.3s -> R2: 8.1s -> R3: 8.3s -> R4: 8.4s -> R5: 8.4s
Total time for experiment: 251.6358196735382 seconds
Device average training time per communication round [s]:
    rpi (sld-rpi-09.ece.utexas.edu): 3.47 seconds
    mc1 (sld-mc1-09.ece.utexas.edu): 2.30 seconds
