
  0%|          | 0/79 [00:00<?, ?it/s]
  4%|▍         | 3/79 [00:00<00:03, 23.71it/s]
  9%|▉         | 7/79 [00:00<00:02, 31.88it/s]
 15%|█▌        | 12/79 [00:00<00:01, 37.78it/s]
 22%|██▏       | 17/79 [00:00<00:01, 38.02it/s]
 28%|██▊       | 22/79 [00:00<00:01, 39.44it/s]
 33%|███▎      | 26/79 [00:00<00:01, 39.47it/s]
 39%|███▉      | 31/79 [00:00<00:01, 40.81it/s]
 46%|████▌     | 36/79 [00:00<00:01, 39.88it/s]
 52%|█████▏    | 41/79 [00:01<00:00, 42.42it/s]
 58%|█████▊    | 46/79 [00:01<00:00, 39.47it/s]
 65%|██████▍   | 51/79 [00:01<00:00, 42.21it/s]
 71%|███████   | 56/79 [00:01<00:00, 39.23it/s]
 77%|███████▋  | 61/79 [00:01<00:00, 41.98it/s]
 84%|████████▎ | 66/79 [00:01<00:00, 39.53it/s]
 91%|█████████ | 72/79 [00:01<00:00, 40.23it/s]
 99%|█████████▊| 78/79 [00:01<00:00, 40.70it/s]
100%|██████████| 79/79 [00:01<00:00, 39.94it/s]
Initial Accuracy: 5.65%; Initial Loss: 2.3856

  0%|          | 0/79 [00:00<?, ?it/s]
  4%|▍         | 3/79 [00:00<00:03, 22.62it/s]
 10%|█         | 8/79 [00:00<00:01, 36.61it/s]
 16%|█▋        | 13/79 [00:00<00:01, 35.49it/s]
 23%|██▎       | 18/79 [00:00<00:01, 40.14it/s]
 29%|██▉       | 23/79 [00:00<00:01, 38.08it/s]
 37%|███▋      | 29/79 [00:00<00:01, 39.37it/s]
 44%|████▍     | 35/79 [00:00<00:01, 40.14it/s]
 52%|█████▏    | 41/79 [00:01<00:00, 40.97it/s]
 59%|█████▉    | 47/79 [00:01<00:00, 41.02it/s]
 67%|██████▋   | 53/79 [00:01<00:00, 41.26it/s]
 73%|███████▎  | 58/79 [00:01<00:00, 41.33it/s]
 80%|███████▉  | 63/79 [00:01<00:00, 41.33it/s]
 86%|████████▌ | 68/79 [00:01<00:00, 38.19it/s]
 91%|█████████ | 72/79 [00:01<00:00, 37.57it/s]
 96%|█████████▌| 76/79 [00:01<00:00, 37.34it/s]
100%|██████████| 79/79 [00:02<00:00, 38.96it/s]

CommRound: 1/30
Accuracy: 56.53% | Loss: 1.3924
[##----------------------------------------------------------] 3.3%
Elapsed: 0.2m | Avg/Round: 10.2s | Last: 8.2s | Next: 10.2s | Remaining: 4.9m
ETA: 05:59:39
Recent round times: R1: 8.2s

  0%|          | 0/79 [00:00<?, ?it/s]
  3%|▎         | 2/79 [00:00<00:04, 18.60it/s]
  8%|▊         | 6/79 [00:00<00:02, 30.09it/s]
 14%|█▍        | 11/79 [00:00<00:01, 35.19it/s]
 19%|█▉        | 15/79 [00:00<00:01, 36.11it/s]
 25%|██▌       | 20/79 [00:00<00:01, 38.71it/s]
 30%|███       | 24/79 [00:00<00:01, 38.76it/s]
 37%|███▋      | 29/79 [00:00<00:01, 40.44it/s]
 43%|████▎     | 34/79 [00:00<00:01, 38.78it/s]
 51%|█████     | 40/79 [00:01<00:00, 39.54it/s]
 56%|█████▌    | 44/79 [00:01<00:00, 39.30it/s]
 61%|██████    | 48/79 [00:01<00:00, 39.04it/s]
 66%|██████▌   | 52/79 [00:01<00:00, 38.83it/s]
 71%|███████   | 56/79 [00:01<00:00, 38.65it/s]
 76%|███████▌  | 60/79 [00:01<00:00, 38.48it/s]
 81%|████████  | 64/79 [00:01<00:00, 38.78it/s]
 86%|████████▌ | 68/79 [00:01<00:00, 39.00it/s]
 91%|█████████ | 72/79 [00:01<00:00, 39.17it/s]
 96%|█████████▌| 76/79 [00:01<00:00, 39.33it/s]
100%|██████████| 79/79 [00:02<00:00, 38.44it/s]

CommRound: 2/30
Accuracy: 67.93% | Loss: 0.9096
[####--------------------------------------------------------] 6.7%
Elapsed: 0.3m | Avg/Round: 9.3s | Last: 8.4s | Next: 9.3s | Remaining: 4.3m
ETA: 05:59:12
Recent round times: R1: 8.2s -> R2: 8.4s

  0%|          | 0/79 [00:00<?, ?it/s]
  1%|▏         | 1/79 [00:00<00:08,  9.69it/s]
  9%|▉         | 7/79 [00:00<00:02, 32.43it/s]
 14%|█▍        | 11/79 [00:00<00:01, 35.32it/s]
 20%|██        | 16/79 [00:00<00:01, 39.74it/s]
 27%|██▋       | 21/79 [00:00<00:01, 36.76it/s]
 34%|███▍      | 27/79 [00:00<00:01, 39.14it/s]
 39%|███▉      | 31/79 [00:00<00:01, 39.37it/s]
 46%|████▌     | 36/79 [00:00<00:01, 42.27it/s]
 52%|█████▏    | 41/79 [00:01<00:00, 39.59it/s]
 59%|█████▉    | 47/79 [00:01<00:00, 40.29it/s]
 66%|██████▌   | 52/79 [00:01<00:00, 42.72it/s]
 72%|███████▏  | 57/79 [00:01<00:00, 39.87it/s]
 78%|███████▊  | 62/79 [00:01<00:00, 42.06it/s]
 85%|████████▍ | 67/79 [00:01<00:00, 39.21it/s]
 92%|█████████▏| 73/79 [00:01<00:00, 39.74it/s]
 99%|█████████▊| 78/79 [00:01<00:00, 42.15it/s]
100%|██████████| 79/79 [00:01<00:00, 39.72it/s]

CommRound: 3/30
Accuracy: 76.78% | Loss: 0.6875
[######------------------------------------------------------] 10.0%
Elapsed: 0.5m | Avg/Round: 9.0s | Last: 8.4s | Next: 9.0s | Remaining: 4.1m
ETA: 05:59:03
Recent round times: R1: 8.2s -> R2: 8.4s -> R3: 8.4s

  0%|          | 0/79 [00:00<?, ?it/s]
  1%|▏         | 1/79 [00:00<00:08,  9.71it/s]
  9%|▉         | 7/79 [00:00<00:02, 32.66it/s]
 15%|█▌        | 12/79 [00:00<00:01, 39.22it/s]
 20%|██        | 16/79 [00:00<00:01, 39.46it/s]
 27%|██▋       | 21/79 [00:00<00:01, 37.65it/s]
 33%|███▎      | 26/79 [00:00<00:01, 41.05it/s]
 39%|███▉      | 31/79 [00:00<00:01, 39.07it/s]
 44%|████▍     | 35/79 [00:00<00:01, 39.27it/s]
 52%|█████▏    | 41/79 [00:01<00:00, 40.06it/s]
 58%|█████▊    | 46/79 [00:01<00:00, 42.29it/s]
 65%|██████▍   | 51/79 [00:01<00:00, 39.82it/s]
 71%|███████   | 56/79 [00:01<00:00, 42.06it/s]
 77%|███████▋  | 61/79 [00:01<00:00, 39.79it/s]
 85%|████████▍ | 67/79 [00:01<00:00, 40.62it/s]
 92%|█████████▏| 73/79 [00:01<00:00, 41.05it/s]
100%|██████████| 79/79 [00:01<00:00, 45.58it/s]
100%|██████████| 79/79 [00:01<00:00, 40.30it/s]

CommRound: 4/30
Accuracy: 80.38% | Loss: 0.5922
[########----------------------------------------------------] 13.3%
Elapsed: 0.6m | Avg/Round: 8.9s | Last: 8.4s | Next: 8.9s | Remaining: 3.8m
ETA: 05:58:59
Recent round times: R1: 8.2s -> R2: 8.4s -> R3: 8.4s -> R4: 8.4s

  0%|          | 0/79 [00:00<?, ?it/s]
  1%|▏         | 1/79 [00:00<00:08,  9.75it/s]
  9%|▉         | 7/79 [00:00<00:02, 33.12it/s]
 16%|█▋        | 13/79 [00:00<00:01, 37.11it/s]
 24%|██▍       | 19/79 [00:00<00:01, 38.70it/s]
 32%|███▏      | 25/79 [00:00<00:01, 39.64it/s]
 39%|███▉      | 31/79 [00:00<00:01, 38.21it/s]
 47%|████▋     | 37/79 [00:00<00:01, 39.46it/s]
 52%|█████▏    | 41/79 [00:01<00:00, 39.43it/s]
 58%|█████▊    | 46/79 [00:01<00:00, 42.11it/s]
 65%|██████▍   | 51/79 [00:01<00:00, 39.42it/s]
 71%|███████   | 56/79 [00:01<00:00, 41.67it/s]
 77%|███████▋  | 61/79 [00:01<00:00, 37.20it/s]
 82%|████████▏ | 65/79 [00:01<00:00, 36.68it/s]
 90%|████████▉ | 71/79 [00:01<00:00, 38.19it/s]
 97%|█████████▋| 77/79 [00:02<00:00, 39.16it/s]
100%|██████████| 79/79 [00:02<00:00, 38.94it/s]

CommRound: 5/30
Accuracy: 81.51% | Loss: 0.5786
[##########--------------------------------------------------] 16.7%
Elapsed: 0.7m | Avg/Round: 8.8s | Last: 8.4s | Next: 8.8s | Remaining: 3.7m
ETA: 05:58:56
Recent round times: R1: 8.2s -> R2: 8.4s -> R3: 8.4s -> R4: 8.4s -> R5: 8.4s

  0%|          | 0/79 [00:00<?, ?it/s]
  1%|▏         | 1/79 [00:00<00:08,  9.24it/s]
  9%|▉         | 7/79 [00:00<00:02, 30.10it/s]
 14%|█▍        | 11/79 [00:00<00:02, 33.38it/s]
 19%|█▉        | 15/79 [00:00<00:01, 34.31it/s]
 24%|██▍       | 19/79 [00:00<00:01, 35.00it/s]
 29%|██▉       | 23/79 [00:00<00:01, 35.35it/s]
 34%|███▍      | 27/79 [00:00<00:01, 35.82it/s]
 39%|███▉      | 31/79 [00:00<00:01, 35.64it/s]
 44%|████▍     | 35/79 [00:01<00:01, 35.95it/s]
 49%|████▉     | 39/79 [00:01<00:01, 36.98it/s]
 54%|█████▍    | 43/79 [00:01<00:00, 37.81it/s]
 59%|█████▉    | 47/79 [00:01<00:00, 38.43it/s]
 67%|██████▋   | 53/79 [00:01<00:00, 39.11it/s]
 72%|███████▏  | 57/79 [00:01<00:00, 38.55it/s]
 77%|███████▋  | 61/79 [00:01<00:00, 36.42it/s]
 85%|████████▍ | 67/79 [00:01<00:00, 38.59it/s]
 90%|████████▉ | 71/79 [00:01<00:00, 38.69it/s]
 95%|█████████▍| 75/79 [00:02<00:00, 39.00it/s]
100%|██████████| 79/79 [00:02<00:00, 37.15it/s]

CommRound: 6/30
Accuracy: 83.19% | Loss: 0.5614
[############------------------------------------------------] 20.0%
Elapsed: 0.9m | Avg/Round: 8.8s | Last: 8.8s | Next: 8.8s | Remaining: 3.5m
ETA: 05:58:56
Recent round times: R1: 8.4s -> R2: 8.4s -> R3: 8.4s -> R4: 8.4s -> R5: 8.8s

  0%|          | 0/79 [00:00<?, ?it/s]
  1%|▏         | 1/79 [00:00<00:08,  9.56it/s]
  6%|▋         | 5/79 [00:00<00:03, 23.73it/s]
 11%|█▏        | 9/79 [00:00<00:02, 30.21it/s]
 16%|█▋        | 13/79 [00:00<00:02, 32.44it/s]
 24%|██▍       | 19/79 [00:00<00:01, 35.79it/s]
 29%|██▉       | 23/79 [00:00<00:01, 35.86it/s]
 34%|███▍      | 27/79 [00:00<00:01, 36.10it/s]
 42%|████▏     | 33/79 [00:00<00:01, 37.79it/s]
 47%|████▋     | 37/79 [00:01<00:01, 37.71it/s]
 52%|█████▏    | 41/79 [00:01<00:01, 37.28it/s]
 57%|█████▋    | 45/79 [00:01<00:00, 37.10it/s]
 62%|██████▏   | 49/79 [00:01<00:00, 37.04it/s]
 67%|██████▋   | 53/79 [00:01<00:00, 37.42it/s]
 72%|███████▏  | 57/79 [00:01<00:00, 36.61it/s]
 77%|███████▋  | 61/79 [00:01<00:00, 36.79it/s]
 85%|████████▍ | 67/79 [00:01<00:00, 39.11it/s]
 91%|█████████ | 72/79 [00:01<00:00, 42.00it/s]
 97%|█████████▋| 77/79 [00:02<00:00, 39.57it/s]
100%|██████████| 79/79 [00:02<00:00, 37.20it/s]

CommRound: 7/30
Accuracy: 81.52% | Loss: 0.6733
[##############----------------------------------------------] 23.3%
Elapsed: 1.0m | Avg/Round: 8.8s | Last: 8.8s | Next: 8.8s | Remaining: 3.4m
ETA: 05:58:56
Recent round times: R1: 8.4s -> R2: 8.4s -> R3: 8.4s -> R4: 8.8s -> R5: 8.8s

  0%|          | 0/79 [00:00<?, ?it/s]
  1%|▏         | 1/79 [00:00<00:08,  9.50it/s]
  9%|▉         | 7/79 [00:00<00:02, 30.19it/s]
 14%|█▍        | 11/79 [00:00<00:02, 33.89it/s]
 19%|█▉        | 15/79 [00:00<00:01, 35.84it/s]
 25%|██▌       | 20/79 [00:00<00:01, 40.57it/s]
 32%|███▏      | 25/79 [00:00<00:01, 37.81it/s]
 38%|███▊      | 30/79 [00:00<00:01, 41.23it/s]
 44%|████▍     | 35/79 [00:00<00:01, 38.47it/s]
 51%|█████     | 40/79 [00:01<00:00, 41.41it/s]
 57%|█████▋    | 45/79 [00:01<00:00, 38.60it/s]
 62%|██████▏   | 49/79 [00:01<00:00, 38.91it/s]
 68%|██████▊   | 54/79 [00:01<00:00, 41.62it/s]
 75%|███████▍  | 59/79 [00:01<00:00, 38.67it/s]
 82%|████████▏ | 65/79 [00:01<00:00, 39.35it/s]
 89%|████████▊ | 70/79 [00:01<00:00, 41.82it/s]
 95%|█████████▍| 75/79 [00:01<00:00, 39.20it/s]
100%|██████████| 79/79 [00:02<00:00, 39.10it/s]

CommRound: 8/30
Accuracy: 81.74% | Loss: 0.6825
[################--------------------------------------------] 26.7%
Elapsed: 1.2m | Avg/Round: 8.7s | Last: 8.6s | Next: 8.7s | Remaining: 3.2m
ETA: 05:58:55
Recent round times: R1: 8.4s -> R2: 8.4s -> R3: 8.8s -> R4: 8.8s -> R5: 8.6s

  0%|          | 0/79 [00:00<?, ?it/s]
  1%|▏         | 1/79 [00:00<00:07,  9.94it/s]
  6%|▋         | 5/79 [00:00<00:02, 26.03it/s]
 11%|█▏        | 9/79 [00:00<00:02, 26.97it/s]
 16%|█▋        | 13/79 [00:00<00:02, 30.90it/s]
 22%|██▏       | 17/79 [00:00<00:01, 33.62it/s]
 27%|██▋       | 21/79 [00:00<00:01, 34.71it/s]
 32%|███▏      | 25/79 [00:00<00:01, 36.14it/s]
 37%|███▋      | 29/79 [00:00<00:01, 37.17it/s]
 42%|████▏     | 33/79 [00:00<00:01, 37.43it/s]
 47%|████▋     | 37/79 [00:01<00:01, 38.04it/s]
 52%|█████▏    | 41/79 [00:01<00:01, 37.78it/s]
 57%|█████▋    | 45/79 [00:01<00:00, 38.22it/s]
 63%|██████▎   | 50/79 [00:01<00:00, 41.00it/s]
 70%|██████▉   | 55/79 [00:01<00:00, 38.82it/s]
 76%|███████▌  | 60/79 [00:01<00:00, 41.73it/s]
 82%|████████▏ | 65/79 [00:01<00:00, 38.81it/s]
 87%|████████▋ | 69/79 [00:01<00:00, 39.09it/s]
 94%|█████████▎| 74/79 [00:01<00:00, 42.04it/s]
100%|██████████| 79/79 [00:02<00:00, 43.58it/s]
100%|██████████| 79/79 [00:02<00:00, 37.50it/s]

CommRound: 9/30
Accuracy: 83.17% | Loss: 0.6560
[##################------------------------------------------] 30.0%
Elapsed: 1.3m | Avg/Round: 8.7s | Last: 8.6s | Next: 8.7s | Remaining: 3.1m
ETA: 05:58:55
Recent round times: R1: 8.4s -> R2: 8.8s -> R3: 8.8s -> R4: 8.6s -> R5: 8.6s

  0%|          | 0/79 [00:00<?, ?it/s]
  1%|▏         | 1/79 [00:00<00:08,  8.87it/s]
  6%|▋         | 5/79 [00:00<00:03, 24.49it/s]
 11%|█▏        | 9/79 [00:00<00:02, 31.00it/s]
 19%|█▉        | 15/79 [00:00<00:01, 35.54it/s]
 24%|██▍       | 19/79 [00:00<00:01, 36.60it/s]
 29%|██▉       | 23/79 [00:00<00:01, 37.14it/s]
 34%|███▍      | 27/79 [00:00<00:01, 36.86it/s]
 42%|████▏     | 33/79 [00:00<00:01, 38.69it/s]
 48%|████▊     | 38/79 [00:01<00:00, 41.70it/s]
 54%|█████▍    | 43/79 [00:01<00:00, 38.74it/s]
 61%|██████    | 48/79 [00:01<00:00, 41.49it/s]
 67%|██████▋   | 53/79 [00:01<00:00, 38.51it/s]
 72%|███████▏  | 57/79 [00:01<00:00, 38.42it/s]
 77%|███████▋  | 61/79 [00:01<00:00, 38.39it/s]
 82%|████████▏ | 65/79 [00:01<00:00, 38.82it/s]
 89%|████████▊ | 70/79 [00:01<00:00, 41.78it/s]
 95%|█████████▍| 75/79 [00:01<00:00, 38.71it/s]
100%|██████████| 79/79 [00:02<00:00, 38.17it/s]

CommRound: 10/30
Accuracy: 83.54% | Loss: 0.6581
[####################----------------------------------------] 33.3%
Elapsed: 1.5m | Avg/Round: 8.7s | Last: 8.5s | Next: 8.7s | Remaining: 2.9m
ETA: 05:58:54
Recent round times: R1: 8.8s -> R2: 8.8s -> R3: 8.6s -> R4: 8.6s -> R5: 8.5s

  0%|          | 0/79 [00:00<?, ?it/s]
  1%|▏         | 1/79 [00:00<00:08,  9.02it/s]
  9%|▉         | 7/79 [00:00<00:02, 31.98it/s]
 14%|█▍        | 11/79 [00:00<00:01, 34.33it/s]
 22%|██▏       | 17/79 [00:00<00:01, 36.70it/s]
 28%|██▊       | 22/79 [00:00<00:01, 40.63it/s]
 34%|███▍      | 27/79 [00:00<00:01, 38.02it/s]
 39%|███▉      | 31/79 [00:00<00:01, 38.49it/s]
 46%|████▌     | 36/79 [00:00<00:01, 39.58it/s]
 51%|█████     | 40/79 [00:01<00:01, 38.91it/s]
 56%|█████▌    | 44/79 [00:01<00:00, 38.50it/s]
 61%|██████    | 48/79 [00:01<00:00, 38.27it/s]
 66%|██████▌   | 52/79 [00:01<00:00, 38.12it/s]
 71%|███████   | 56/79 [00:01<00:00, 38.01it/s]
 76%|███████▌  | 60/79 [00:01<00:00, 38.31it/s]
 81%|████████  | 64/79 [00:01<00:00, 35.80it/s]
 86%|████████▌ | 68/79 [00:01<00:00, 36.83it/s]
 94%|█████████▎| 74/79 [00:01<00:00, 38.54it/s]
100%|██████████| 79/79 [00:02<00:00, 37.77it/s]

CommRound: 11/30
Accuracy: 83.64% | Loss: 0.6766
[######################--------------------------------------] 36.7%
Elapsed: 1.6m | Avg/Round: 8.7s | Last: 8.7s | Next: 8.7s | Remaining: 2.8m
ETA: 05:58:54
Recent round times: R1: 8.8s -> R2: 8.6s -> R3: 8.6s -> R4: 8.5s -> R5: 8.7s

  0%|          | 0/79 [00:00<?, ?it/s]
  4%|▍         | 3/79 [00:00<00:03, 23.09it/s]
  9%|▉         | 7/79 [00:00<00:02, 31.81it/s]
 15%|█▌        | 12/79 [00:00<00:01, 35.65it/s]
 20%|██        | 16/79 [00:00<00:01, 36.45it/s]
 25%|██▌       | 20/79 [00:00<00:01, 33.75it/s]
 30%|███       | 24/79 [00:00<00:01, 33.55it/s]
 38%|███▊      | 30/79 [00:00<00:01, 37.08it/s]
 43%|████▎     | 34/79 [00:00<00:01, 37.58it/s]
 51%|█████     | 40/79 [00:01<00:00, 39.28it/s]
 58%|█████▊    | 46/79 [00:01<00:00, 40.27it/s]
 65%|██████▍   | 51/79 [00:01<00:00, 42.61it/s]
 71%|███████   | 56/79 [00:01<00:00, 39.70it/s]
 77%|███████▋  | 61/79 [00:01<00:00, 41.25it/s]
 84%|████████▎ | 66/79 [00:01<00:00, 38.91it/s]
 89%|████████▊ | 70/79 [00:01<00:00, 39.14it/s]
 94%|█████████▎| 74/79 [00:01<00:00, 39.01it/s]
100%|██████████| 79/79 [00:02<00:00, 41.83it/s]
100%|██████████| 79/79 [00:02<00:00, 38.28it/s]

CommRound: 12/30
Accuracy: 83.63% | Loss: 0.6856
[########################------------------------------------] 40.0%
Elapsed: 1.7m | Avg/Round: 8.7s | Last: 8.5s | Next: 8.7s | Remaining: 2.6m
ETA: 05:58:53
Recent round times: R1: 8.6s -> R2: 8.6s -> R3: 8.5s -> R4: 8.7s -> R5: 8.5s

  0%|          | 0/79 [00:00<?, ?it/s]
  1%|▏         | 1/79 [00:00<00:08,  9.12it/s]
  9%|▉         | 7/79 [00:00<00:02, 30.95it/s]
 14%|█▍        | 11/79 [00:00<00:01, 34.33it/s]
 19%|█▉        | 15/79 [00:00<00:01, 36.21it/s]
 24%|██▍       | 19/79 [00:00<00:01, 37.34it/s]
 29%|██▉       | 23/79 [00:00<00:01, 38.06it/s]
 34%|███▍      | 27/79 [00:00<00:01, 38.65it/s]
 41%|████      | 32/79 [00:00<00:01, 38.86it/s]
 47%|████▋     | 37/79 [00:01<00:01, 39.84it/s]
 53%|█████▎    | 42/79 [00:01<00:00, 39.35it/s]
 59%|█████▉    | 47/79 [00:01<00:00, 40.01it/s]
 66%|██████▌   | 52/79 [00:01<00:00, 39.74it/s]
 72%|███████▏  | 57/79 [00:01<00:00, 40.43it/s]
 78%|███████▊  | 62/79 [00:01<00:00, 40.72it/s]
 85%|████████▍ | 67/79 [00:01<00:00, 39.45it/s]
 90%|████████▉ | 71/79 [00:01<00:00, 38.89it/s]
 95%|█████████▍| 75/79 [00:01<00:00, 39.09it/s]
100%|██████████| 79/79 [00:02<00:00, 38.68it/s]

CommRound: 13/30
Accuracy: 83.77% | Loss: 0.6894
[##########################----------------------------------] 43.3%
Elapsed: 1.9m | Avg/Round: 8.7s | Last: 8.5s | Next: 8.7s | Remaining: 2.5m
ETA: 05:58:53
Recent round times: R1: 8.6s -> R2: 8.5s -> R3: 8.7s -> R4: 8.5s -> R5: 8.5s

  0%|          | 0/79 [00:00<?, ?it/s]
  1%|▏         | 1/79 [00:00<00:08,  9.59it/s]
  8%|▊         | 6/79 [00:00<00:02, 28.44it/s]
 15%|█▌        | 12/79 [00:00<00:01, 34.57it/s]
 22%|██▏       | 17/79 [00:00<00:01, 38.71it/s]
 28%|██▊       | 22/79 [00:00<00:01, 37.57it/s]
 33%|███▎      | 26/79 [00:00<00:01, 38.21it/s]
 41%|████      | 32/79 [00:00<00:01, 39.97it/s]
 47%|████▋     | 37/79 [00:00<00:00, 42.17it/s]
 53%|█████▎    | 42/79 [00:01<00:00, 40.21it/s]
 59%|█████▉    | 47/79 [00:01<00:00, 41.84it/s]
 66%|██████▌   | 52/79 [00:01<00:00, 38.97it/s]
 73%|███████▎  | 58/79 [00:01<00:00, 39.68it/s]
 80%|███████▉  | 63/79 [00:01<00:00, 42.13it/s]
 86%|████████▌ | 68/79 [00:01<00:00, 40.42it/s]
 94%|█████████▎| 74/79 [00:01<00:00, 40.84it/s]
100%|██████████| 79/79 [00:01<00:00, 39.57it/s]

CommRound: 14/30
Accuracy: 83.92% | Loss: 0.6921
[############################--------------------------------] 46.7%
Elapsed: 2.0m | Avg/Round: 8.7s | Last: 8.8s | Next: 8.7s | Remaining: 2.3m
ETA: 05:58:53
Recent round times: R1: 8.5s -> R2: 8.7s -> R3: 8.5s -> R4: 8.5s -> R5: 8.8s

  0%|          | 0/79 [00:00<?, ?it/s]
  1%|▏         | 1/79 [00:00<00:10,  7.54it/s]
  9%|▉         | 7/79 [00:00<00:02, 29.84it/s]
 14%|█▍        | 11/79 [00:00<00:02, 33.47it/s]
 19%|█▉        | 15/79 [00:00<00:01, 35.60it/s]
 25%|██▌       | 20/79 [00:00<00:01, 40.31it/s]
 32%|███▏      | 25/79 [00:00<00:01, 38.41it/s]
 38%|███▊      | 30/79 [00:00<00:01, 41.27it/s]
 44%|████▍     | 35/79 [00:00<00:01, 39.51it/s]
 51%|█████     | 40/79 [00:01<00:00, 41.33it/s]
 57%|█████▋    | 45/79 [00:01<00:00, 40.18it/s]
 63%|██████▎   | 50/79 [00:01<00:00, 41.44it/s]
 70%|██████▉   | 55/79 [00:01<00:00, 40.60it/s]
 76%|███████▌  | 60/79 [00:01<00:00, 41.08it/s]
 82%|████████▏ | 65/79 [00:01<00:00, 40.93it/s]
 89%|████████▊ | 70/79 [00:01<00:00, 40.30it/s]
 95%|█████████▍| 75/79 [00:01<00:00, 41.11it/s]
100%|██████████| 79/79 [00:02<00:00, 39.03it/s]

CommRound: 15/30
Accuracy: 84.04% | Loss: 0.6943
[##############################------------------------------] 50.0%
Elapsed: 2.2m | Avg/Round: 8.6s | Last: 8.2s | Next: 8.6s | Remaining: 2.2m
ETA: 05:58:52
Recent round times: R1: 8.7s -> R2: 8.5s -> R3: 8.5s -> R4: 8.8s -> R5: 8.2s

  0%|          | 0/79 [00:00<?, ?it/s]
  1%|▏         | 1/79 [00:00<00:08,  8.90it/s]
  9%|▉         | 7/79 [00:00<00:02, 31.46it/s]
 15%|█▌        | 12/79 [00:00<00:01, 36.56it/s]
 20%|██        | 16/79 [00:00<00:01, 37.64it/s]
 25%|██▌       | 20/79 [00:00<00:01, 38.30it/s]
 30%|███       | 24/79 [00:00<00:01, 38.70it/s]
 35%|███▌      | 28/79 [00:00<00:01, 38.92it/s]
 41%|████      | 32/79 [00:00<00:01, 39.14it/s]
 47%|████▋     | 37/79 [00:00<00:01, 40.54it/s]
 53%|█████▎    | 42/79 [00:01<00:00, 39.44it/s]
 58%|█████▊    | 46/79 [00:01<00:00, 39.10it/s]
 63%|██████▎   | 50/79 [00:01<00:00, 39.14it/s]
 68%|██████▊   | 54/79 [00:01<00:00, 39.06it/s]
 73%|███████▎  | 58/79 [00:01<00:00, 38.69it/s]
 78%|███████▊  | 62/79 [00:01<00:00, 39.03it/s]
 84%|████████▎ | 66/79 [00:01<00:00, 38.72it/s]
 89%|████████▊ | 70/79 [00:01<00:00, 38.91it/s]
 94%|█████████▎| 74/79 [00:01<00:00, 39.13it/s]
100%|██████████| 79/79 [00:02<00:00, 38.47it/s]

CommRound: 16/30
Accuracy: 84.19% | Loss: 0.6961
[################################----------------------------] 53.3%
Elapsed: 2.3m | Avg/Round: 8.6s | Last: 8.5s | Next: 8.6s | Remaining: 2.0m
ETA: 05:58:52
Recent round times: R1: 8.5s -> R2: 8.5s -> R3: 8.8s -> R4: 8.2s -> R5: 8.5s

  0%|          | 0/79 [00:00<?, ?it/s]
  4%|▍         | 3/79 [00:00<00:03, 22.84it/s]
  9%|▉         | 7/79 [00:00<00:02, 31.26it/s]
 16%|█▋        | 13/79 [00:00<00:01, 36.39it/s]
 22%|██▏       | 17/79 [00:00<00:01, 37.30it/s]
 28%|██▊       | 22/79 [00:00<00:01, 40.99it/s]
 34%|███▍      | 27/79 [00:00<00:01, 39.21it/s]
 41%|████      | 32/79 [00:00<00:01, 41.22it/s]
 47%|████▋     | 37/79 [00:00<00:01, 40.57it/s]
 53%|█████▎    | 42/79 [00:01<00:00, 40.52it/s]
 59%|█████▉    | 47/79 [00:01<00:00, 41.05it/s]
 66%|██████▌   | 52/79 [00:01<00:00, 40.56it/s]
 72%|███████▏  | 57/79 [00:01<00:00, 41.20it/s]
 78%|███████▊  | 62/79 [00:01<00:00, 39.79it/s]
 84%|████████▎ | 66/79 [00:01<00:00, 39.61it/s]
 90%|████████▉ | 71/79 [00:01<00:00, 40.91it/s]
 96%|█████████▌| 76/79 [00:01<00:00, 39.78it/s]
100%|██████████| 79/79 [00:01<00:00, 39.51it/s]

CommRound: 17/30
Accuracy: 84.29% | Loss: 0.6979
[##################################--------------------------] 56.7%
Elapsed: 2.4m | Avg/Round: 8.6s | Last: 8.5s | Next: 8.6s | Remaining: 1.9m
ETA: 05:58:52
Recent round times: R1: 8.5s -> R2: 8.8s -> R3: 8.2s -> R4: 8.5s -> R5: 8.5s

  0%|          | 0/79 [00:00<?, ?it/s]
  1%|▏         | 1/79 [00:00<00:08,  9.23it/s]
  9%|▉         | 7/79 [00:00<00:02, 31.38it/s]
 14%|█▍        | 11/79 [00:00<00:01, 34.41it/s]
 19%|█▉        | 15/79 [00:00<00:01, 36.31it/s]
 27%|██▋       | 21/79 [00:00<00:01, 38.27it/s]
 32%|███▏      | 25/79 [00:00<00:01, 38.53it/s]
 39%|███▉      | 31/79 [00:00<00:01, 39.43it/s]
 46%|████▌     | 36/79 [00:00<00:01, 42.18it/s]
 52%|█████▏    | 41/79 [00:01<00:00, 38.99it/s]
 59%|█████▉    | 47/79 [00:01<00:00, 38.72it/s]
 67%|██████▋   | 53/79 [00:01<00:00, 39.85it/s]
 75%|███████▍  | 59/79 [00:01<00:00, 40.62it/s]
 82%|████████▏ | 65/79 [00:01<00:00, 40.91it/s]
 90%|████████▉ | 71/79 [00:01<00:00, 41.20it/s]
 97%|█████████▋| 77/79 [00:01<00:00, 41.40it/s]
100%|██████████| 79/79 [00:01<00:00, 39.70it/s]

CommRound: 18/30
Accuracy: 84.39% | Loss: 0.6997
[####################################------------------------] 60.0%
Elapsed: 2.6m | Avg/Round: 8.6s | Last: 8.8s | Next: 8.6s | Remaining: 1.7m
ETA: 05:58:52
Recent round times: R1: 8.8s -> R2: 8.2s -> R3: 8.5s -> R4: 8.5s -> R5: 8.8s

  0%|          | 0/79 [00:00<?, ?it/s]
  3%|▎         | 2/79 [00:00<00:04, 18.89it/s]
  9%|▉         | 7/79 [00:00<00:02, 31.91it/s]
 15%|█▌        | 12/79 [00:00<00:01, 37.00it/s]
 20%|██        | 16/79 [00:00<00:01, 37.53it/s]
 27%|██▋       | 21/79 [00:00<00:01, 39.26it/s]
 33%|███▎      | 26/79 [00:00<00:01, 38.57it/s]
 38%|███▊      | 30/79 [00:00<00:01, 38.79it/s]
 43%|████▎     | 34/79 [00:00<00:01, 39.13it/s]
 48%|████▊     | 38/79 [00:01<00:01, 38.49it/s]
 53%|█████▎    | 42/79 [00:01<00:00, 38.72it/s]
 59%|█████▉    | 47/79 [00:01<00:00, 41.69it/s]
 66%|██████▌   | 52/79 [00:01<00:00, 39.35it/s]
 73%|███████▎  | 58/79 [00:01<00:00, 40.06it/s]
 81%|████████  | 64/79 [00:01<00:00, 40.56it/s]
 87%|████████▋ | 69/79 [00:01<00:00, 42.26it/s]
 94%|█████████▎| 74/79 [00:01<00:00, 38.98it/s]
100%|██████████| 79/79 [00:02<00:00, 41.58it/s]
100%|██████████| 79/79 [00:02<00:00, 39.07it/s]

CommRound: 19/30
Accuracy: 84.50% | Loss: 0.7015
[######################################----------------------] 63.3%
Elapsed: 2.7m | Avg/Round: 8.6s | Last: 8.5s | Next: 8.6s | Remaining: 1.6m
ETA: 05:58:52
Recent round times: R1: 8.2s -> R2: 8.5s -> R3: 8.5s -> R4: 8.8s -> R5: 8.5s

  0%|          | 0/79 [00:00<?, ?it/s]
  4%|▍         | 3/79 [00:00<00:03, 23.03it/s]
 10%|█         | 8/79 [00:00<00:02, 34.37it/s]
 15%|█▌        | 12/79 [00:00<00:01, 34.79it/s]
 22%|██▏       | 17/79 [00:00<00:01, 36.94it/s]
 27%|██▋       | 21/79 [00:00<00:01, 37.82it/s]
 32%|███▏      | 25/79 [00:00<00:01, 37.36it/s]
 37%|███▋      | 29/79 [00:00<00:01, 37.67it/s]
 42%|████▏     | 33/79 [00:00<00:01, 37.90it/s]
 48%|████▊     | 38/79 [00:01<00:01, 38.64it/s]
 53%|█████▎    | 42/79 [00:01<00:00, 38.99it/s]
 59%|█████▉    | 47/79 [00:01<00:00, 39.03it/s]
 65%|██████▍   | 51/79 [00:01<00:00, 39.10it/s]
 70%|██████▉   | 55/79 [00:01<00:00, 37.19it/s]
 75%|███████▍  | 59/79 [00:01<00:00, 37.87it/s]
 80%|███████▉  | 63/79 [00:01<00:00, 38.43it/s]
 87%|████████▋ | 69/79 [00:01<00:00, 39.74it/s]
 95%|█████████▍| 75/79 [00:01<00:00, 40.32it/s]
100%|██████████| 79/79 [00:02<00:00, 38.83it/s]

CommRound: 20/30
Accuracy: 84.52% | Loss: 0.7036
[########################################--------------------] 66.7%
Elapsed: 2.9m | Avg/Round: 8.6s | Last: 8.7s | Next: 8.6s | Remaining: 1.4m
ETA: 05:58:52
Recent round times: R1: 8.5s -> R2: 8.5s -> R3: 8.8s -> R4: 8.5s -> R5: 8.7s

  0%|          | 0/79 [00:00<?, ?it/s]
  4%|▍         | 3/79 [00:00<00:03, 22.22it/s]
  9%|▉         | 7/79 [00:00<00:02, 30.97it/s]
 14%|█▍        | 11/79 [00:00<00:01, 34.63it/s]
 19%|█▉        | 15/79 [00:00<00:01, 36.34it/s]
 24%|██▍       | 19/79 [00:00<00:01, 36.66it/s]
 29%|██▉       | 23/79 [00:00<00:01, 37.24it/s]
 35%|███▌      | 28/79 [00:00<00:01, 41.17it/s]
 42%|████▏     | 33/79 [00:00<00:01, 38.70it/s]
 47%|████▋     | 37/79 [00:01<00:01, 37.80it/s]
 52%|█████▏    | 41/79 [00:01<00:00, 38.38it/s]
 57%|█████▋    | 45/79 [00:01<00:00, 38.03it/s]
 62%|██████▏   | 49/79 [00:01<00:00, 37.95it/s]
 67%|██████▋   | 53/79 [00:01<00:00, 37.84it/s]
 73%|███████▎  | 58/79 [00:01<00:00, 41.25it/s]
 80%|███████▉  | 63/79 [00:01<00:00, 38.41it/s]
 86%|████████▌ | 68/79 [00:01<00:00, 41.47it/s]
 92%|█████████▏| 73/79 [00:01<00:00, 38.39it/s]
 97%|█████████▋| 77/79 [00:02<00:00, 37.75it/s]
100%|██████████| 79/79 [00:02<00:00, 38.31it/s]

CommRound: 21/30
Accuracy: 84.54% | Loss: 0.7059
[##########################################------------------] 70.0%
Elapsed: 3.0m | Avg/Round: 8.6s | Last: 8.5s | Next: 8.6s | Remaining: 1.3m
ETA: 05:58:52
Recent round times: R1: 8.5s -> R2: 8.8s -> R3: 8.5s -> R4: 8.7s -> R5: 8.5s

  0%|          | 0/79 [00:00<?, ?it/s]
  3%|▎         | 2/79 [00:00<00:03, 19.41it/s]
  9%|▉         | 7/79 [00:00<00:02, 31.12it/s]
 15%|█▌        | 12/79 [00:00<00:01, 38.42it/s]
 20%|██        | 16/79 [00:00<00:01, 37.95it/s]
 25%|██▌       | 20/79 [00:00<00:01, 38.46it/s]
 30%|███       | 24/79 [00:00<00:01, 37.42it/s]
 35%|███▌      | 28/79 [00:00<00:01, 37.33it/s]
 41%|████      | 32/79 [00:00<00:01, 37.43it/s]
 46%|████▌     | 36/79 [00:00<00:01, 37.45it/s]
 51%|█████     | 40/79 [00:01<00:01, 37.02it/s]
 56%|█████▌    | 44/79 [00:01<00:00, 36.80it/s]
 61%|██████    | 48/79 [00:01<00:00, 36.96it/s]
 66%|██████▌   | 52/79 [00:01<00:00, 36.85it/s]
 71%|███████   | 56/79 [00:01<00:00, 37.14it/s]
 76%|███████▌  | 60/79 [00:01<00:00, 37.22it/s]
 81%|████████  | 64/79 [00:01<00:00, 37.01it/s]
 86%|████████▌ | 68/79 [00:01<00:00, 37.18it/s]
 91%|█████████ | 72/79 [00:01<00:00, 37.49it/s]
 96%|█████████▌| 76/79 [00:02<00:00, 37.15it/s]
100%|██████████| 79/79 [00:02<00:00, 37.10it/s]

CommRound: 22/30
Accuracy: 84.58% | Loss: 0.7082
[############################################----------------] 73.3%
Elapsed: 3.2m | Avg/Round: 8.6s | Last: 8.7s | Next: 8.6s | Remaining: 1.2m
ETA: 05:58:52
Recent round times: R1: 8.8s -> R2: 8.5s -> R3: 8.7s -> R4: 8.5s -> R5: 8.7s

  0%|          | 0/79 [00:00<?, ?it/s]
  1%|▏         | 1/79 [00:00<00:08,  9.23it/s]
  6%|▋         | 5/79 [00:00<00:02, 26.05it/s]
 13%|█▎        | 10/79 [00:00<00:01, 36.33it/s]
 19%|█▉        | 15/79 [00:00<00:01, 35.86it/s]
 25%|██▌       | 20/79 [00:00<00:01, 40.00it/s]
 32%|███▏      | 25/79 [00:00<00:01, 38.34it/s]
 38%|███▊      | 30/79 [00:00<00:01, 41.29it/s]
 44%|████▍     | 35/79 [00:00<00:01, 39.04it/s]
 49%|████▉     | 39/79 [00:01<00:01, 39.24it/s]
 56%|█████▌    | 44/79 [00:01<00:00, 40.57it/s]
 62%|██████▏   | 49/79 [00:01<00:00, 39.69it/s]
 68%|██████▊   | 54/79 [00:01<00:00, 39.54it/s]
 73%|███████▎  | 58/79 [00:01<00:00, 38.93it/s]
 78%|███████▊  | 62/79 [00:01<00:00, 38.77it/s]
 84%|████████▎ | 66/79 [00:01<00:00, 38.57it/s]
 89%|████████▊ | 70/79 [00:01<00:00, 38.43it/s]
 94%|█████████▎| 74/79 [00:01<00:00, 38.11it/s]
 99%|█████████▊| 78/79 [00:02<00:00, 38.10it/s]
100%|██████████| 79/79 [00:02<00:00, 38.18it/s]

CommRound: 23/30
Accuracy: 84.68% | Loss: 0.7107
[##############################################--------------] 76.7%
Elapsed: 3.3m | Avg/Round: 8.6s | Last: 8.6s | Next: 8.6s | Remaining: 1.0m
ETA: 05:58:52
Recent round times: R1: 8.5s -> R2: 8.7s -> R3: 8.5s -> R4: 8.7s -> R5: 8.6s

  0%|          | 0/79 [00:00<?, ?it/s]
  1%|▏         | 1/79 [00:00<00:08,  9.67it/s]
  9%|▉         | 7/79 [00:00<00:02, 31.52it/s]
 14%|█▍        | 11/79 [00:00<00:02, 33.79it/s]
 22%|██▏       | 17/79 [00:00<00:01, 37.02it/s]
 27%|██▋       | 21/79 [00:00<00:01, 37.70it/s]
 33%|███▎      | 26/79 [00:00<00:01, 41.21it/s]
 39%|███▉      | 31/79 [00:00<00:01, 38.52it/s]
 47%|████▋     | 37/79 [00:00<00:01, 39.43it/s]
 54%|█████▍    | 43/79 [00:01<00:00, 40.18it/s]
 61%|██████    | 48/79 [00:01<00:00, 42.29it/s]
 67%|██████▋   | 53/79 [00:01<00:00, 39.70it/s]
 73%|███████▎  | 58/79 [00:01<00:00, 41.70it/s]
 80%|███████▉  | 63/79 [00:01<00:00, 39.03it/s]
 85%|████████▍ | 67/79 [00:01<00:00, 39.17it/s]
 90%|████████▉ | 71/79 [00:01<00:00, 38.80it/s]
 95%|█████████▍| 75/79 [00:01<00:00, 39.05it/s]
100%|██████████| 79/79 [00:02<00:00, 38.96it/s]

CommRound: 24/30
Accuracy: 84.76% | Loss: 0.7132
[################################################------------] 80.0%
Elapsed: 3.5m | Avg/Round: 8.6s | Last: 9.0s | Next: 8.6s | Remaining: 0.9m
ETA: 05:58:52
Recent round times: R1: 8.7s -> R2: 8.5s -> R3: 8.7s -> R4: 8.6s -> R5: 9.0s

  0%|          | 0/79 [00:00<?, ?it/s]
  1%|▏         | 1/79 [00:00<00:08,  9.13it/s]
  6%|▋         | 5/79 [00:00<00:02, 26.01it/s]
 11%|█▏        | 9/79 [00:00<00:02, 31.67it/s]
 16%|█▋        | 13/79 [00:00<00:01, 34.69it/s]
 22%|██▏       | 17/79 [00:00<00:01, 36.16it/s]
 29%|██▉       | 23/79 [00:00<00:01, 38.32it/s]
 35%|███▌      | 28/79 [00:00<00:01, 41.35it/s]
 42%|████▏     | 33/79 [00:00<00:01, 36.44it/s]
 47%|████▋     | 37/79 [00:01<00:01, 36.99it/s]
 52%|█████▏    | 41/79 [00:01<00:01, 37.37it/s]
 59%|█████▉    | 47/79 [00:01<00:00, 38.63it/s]
 67%|██████▋   | 53/79 [00:01<00:00, 39.25it/s]
 73%|███████▎  | 58/79 [00:01<00:00, 41.76it/s]
 80%|███████▉  | 63/79 [00:01<00:00, 39.02it/s]
 85%|████████▍ | 67/79 [00:01<00:00, 39.14it/s]
 90%|████████▉ | 71/79 [00:01<00:00, 39.08it/s]
 95%|█████████▍| 75/79 [00:02<00:00, 38.81it/s]
100%|██████████| 79/79 [00:02<00:00, 37.77it/s]

CommRound: 25/30
Accuracy: 84.85% | Loss: 0.7157
[##################################################----------] 83.3%
Elapsed: 3.6m | Avg/Round: 8.6s | Last: 8.6s | Next: 8.6s | Remaining: 0.7m
ETA: 05:58:52
Recent round times: R1: 8.5s -> R2: 8.7s -> R3: 8.6s -> R4: 9.0s -> R5: 8.6s

  0%|          | 0/79 [00:00<?, ?it/s]
  1%|▏         | 1/79 [00:00<00:08,  9.45it/s]
  9%|▉         | 7/79 [00:00<00:02, 30.83it/s]
 14%|█▍        | 11/79 [00:00<00:01, 34.09it/s]
 19%|█▉        | 15/79 [00:00<00:01, 35.06it/s]
 24%|██▍       | 19/79 [00:00<00:01, 35.86it/s]
 30%|███       | 24/79 [00:00<00:01, 40.24it/s]
 37%|███▋      | 29/79 [00:00<00:01, 37.41it/s]
 42%|████▏     | 33/79 [00:00<00:01, 38.04it/s]
 47%|████▋     | 37/79 [00:01<00:01, 38.22it/s]
 52%|█████▏    | 41/79 [00:01<00:00, 38.44it/s]
 57%|█████▋    | 45/79 [00:01<00:00, 38.62it/s]
 62%|██████▏   | 49/79 [00:01<00:00, 38.74it/s]
 67%|██████▋   | 53/79 [00:01<00:00, 38.45it/s]
 72%|███████▏  | 57/79 [00:01<00:00, 38.57it/s]
 77%|███████▋  | 61/79 [00:01<00:00, 38.79it/s]
 82%|████████▏ | 65/79 [00:01<00:00, 38.94it/s]
 87%|████████▋ | 69/79 [00:01<00:00, 38.99it/s]
 92%|█████████▏| 73/79 [00:01<00:00, 38.97it/s]
 97%|█████████▋| 77/79 [00:02<00:00, 38.94it/s]
100%|██████████| 79/79 [00:02<00:00, 38.08it/s]

CommRound: 26/30
Accuracy: 84.89% | Loss: 0.7182
[####################################################--------] 86.7%
Elapsed: 3.7m | Avg/Round: 8.6s | Last: 8.5s | Next: 8.6s | Remaining: 0.6m
ETA: 05:58:52
Recent round times: R1: 8.7s -> R2: 8.6s -> R3: 9.0s -> R4: 8.6s -> R5: 8.5s

  0%|          | 0/79 [00:00<?, ?it/s]
  1%|▏         | 1/79 [00:00<00:07,  9.76it/s]
  8%|▊         | 6/79 [00:00<00:02, 31.92it/s]
 13%|█▎        | 10/79 [00:00<00:01, 34.91it/s]
 18%|█▊        | 14/79 [00:00<00:01, 35.79it/s]
 23%|██▎       | 18/79 [00:00<00:01, 36.95it/s]
 28%|██▊       | 22/79 [00:00<00:01, 37.66it/s]
 34%|███▍      | 27/79 [00:00<00:01, 38.08it/s]
 41%|████      | 32/79 [00:00<00:01, 39.93it/s]
 47%|████▋     | 37/79 [00:01<00:01, 38.69it/s]
 52%|█████▏    | 41/79 [00:01<00:00, 38.83it/s]
 57%|█████▋    | 45/79 [00:01<00:00, 39.02it/s]
 62%|██████▏   | 49/79 [00:01<00:00, 39.05it/s]
 67%|██████▋   | 53/79 [00:01<00:00, 38.85it/s]
 72%|███████▏  | 57/79 [00:01<00:00, 39.10it/s]
 77%|███████▋  | 61/79 [00:01<00:00, 39.11it/s]
 82%|████████▏ | 65/79 [00:01<00:00, 39.10it/s]
 87%|████████▋ | 69/79 [00:01<00:00, 39.10it/s]
 92%|█████████▏| 73/79 [00:01<00:00, 39.07it/s]
 97%|█████████▋| 77/79 [00:02<00:00, 39.04it/s]
100%|██████████| 79/79 [00:02<00:00, 38.29it/s]

CommRound: 27/30
Accuracy: 84.93% | Loss: 0.7207
[######################################################------] 90.0%
Elapsed: 3.9m | Avg/Round: 8.6s | Last: 8.7s | Next: 8.6s | Remaining: 0.4m
ETA: 05:58:52
Recent round times: R1: 8.6s -> R2: 9.0s -> R3: 8.6s -> R4: 8.5s -> R5: 8.7s

  0%|          | 0/79 [00:00<?, ?it/s]
  1%|▏         | 1/79 [00:00<00:08,  9.33it/s]
  9%|▉         | 7/79 [00:00<00:02, 31.33it/s]
 16%|█▋        | 13/79 [00:00<00:01, 36.43it/s]
 24%|██▍       | 19/79 [00:00<00:01, 38.17it/s]
 32%|███▏      | 25/79 [00:00<00:01, 39.22it/s]
 38%|███▊      | 30/79 [00:00<00:01, 42.00it/s]
 44%|████▍     | 35/79 [00:00<00:01, 39.28it/s]
 52%|█████▏    | 41/79 [00:01<00:00, 39.96it/s]
 59%|█████▉    | 47/79 [00:01<00:00, 39.91it/s]
 67%|██████▋   | 53/79 [00:01<00:00, 40.65it/s]
 75%|███████▍  | 59/79 [00:01<00:00, 40.81it/s]
 82%|████████▏ | 65/79 [00:01<00:00, 40.97it/s]
 89%|████████▊ | 70/79 [00:01<00:00, 42.38it/s]
 95%|█████████▍| 75/79 [00:01<00:00, 40.57it/s]
100%|██████████| 79/79 [00:02<00:00, 39.45it/s]

CommRound: 28/30
Accuracy: 84.95% | Loss: 0.7232
[########################################################----] 93.3%
Elapsed: 4.0m | Avg/Round: 8.6s | Last: 8.7s | Next: 8.6s | Remaining: 0.3m
ETA: 05:58:52
Recent round times: R1: 9.0s -> R2: 8.6s -> R3: 8.5s -> R4: 8.7s -> R5: 8.7s

  0%|          | 0/79 [00:00<?, ?it/s]
  1%|▏         | 1/79 [00:00<00:09,  8.54it/s]
  9%|▉         | 7/79 [00:00<00:02, 29.62it/s]
 14%|█▍        | 11/79 [00:00<00:02, 33.51it/s]
 19%|█▉        | 15/79 [00:00<00:01, 35.30it/s]
 27%|██▋       | 21/79 [00:00<00:01, 37.64it/s]
 33%|███▎      | 26/79 [00:00<00:01, 41.17it/s]
 39%|███▉      | 31/79 [00:00<00:01, 38.50it/s]
 44%|████▍     | 35/79 [00:00<00:01, 37.96it/s]
 52%|█████▏    | 41/79 [00:01<00:00, 39.49it/s]
 58%|█████▊    | 46/79 [00:01<00:00, 42.13it/s]
 65%|██████▍   | 51/79 [00:01<00:00, 39.72it/s]
 71%|███████   | 56/79 [00:01<00:00, 41.41it/s]
 77%|███████▋  | 61/79 [00:01<00:00, 39.89it/s]
 84%|████████▎ | 66/79 [00:01<00:00, 40.21it/s]
 90%|████████▉ | 71/79 [00:01<00:00, 39.59it/s]
 95%|█████████▍| 75/79 [00:01<00:00, 39.59it/s]
100%|██████████| 79/79 [00:02<00:00, 38.74it/s]

CommRound: 29/30
Accuracy: 84.99% | Loss: 0.7257
[##########################################################--] 96.7%
Elapsed: 4.2m | Avg/Round: 8.6s | Last: 8.6s | Next: 8.6s | Remaining: 0.1m
ETA: 05:58:52
Recent round times: R1: 8.6s -> R2: 8.5s -> R3: 8.7s -> R4: 8.7s -> R5: 8.6s

  0%|          | 0/79 [00:00<?, ?it/s]
  4%|▍         | 3/79 [00:00<00:03, 22.64it/s]
 10%|█         | 8/79 [00:00<00:01, 35.57it/s]
 15%|█▌        | 12/79 [00:00<00:01, 36.55it/s]
 20%|██        | 16/79 [00:00<00:01, 37.32it/s]
 25%|██▌       | 20/79 [00:00<00:01, 37.97it/s]
 32%|███▏      | 25/79 [00:00<00:01, 40.95it/s]
 38%|███▊      | 30/79 [00:00<00:01, 39.65it/s]
 44%|████▍     | 35/79 [00:00<00:01, 41.27it/s]
 51%|█████     | 40/79 [00:01<00:00, 40.37it/s]
 57%|█████▋    | 45/79 [00:01<00:00, 40.46it/s]
 63%|██████▎   | 50/79 [00:01<00:00, 40.34it/s]
 70%|██████▉   | 55/79 [00:01<00:00, 39.79it/s]
 75%|███████▍  | 59/79 [00:01<00:00, 39.58it/s]
 80%|███████▉  | 63/79 [00:01<00:00, 39.67it/s]
 86%|████████▌ | 68/79 [00:01<00:00, 40.25it/s]
 92%|█████████▏| 73/79 [00:01<00:00, 40.52it/s]
 99%|█████████▊| 78/79 [00:01<00:00, 40.12it/s]
100%|██████████| 79/79 [00:01<00:00, 39.60it/s]

CommRound: 30/30
Accuracy: 85.07% | Loss: 0.7281
[############################################################] 100.0%
Elapsed: 4.3m | Avg/Round: 8.6s | Last: 8.6s | Next: 8.6s | Remaining: 0.0m
ETA: 05:58:52
Recent round times: R1: 8.5s -> R2: 8.7s -> R3: 8.7s -> R4: 8.6s -> R5: 8.6s
Total time for experiment: 259.3680853843689 seconds
Device average training time per communication round [s]:
    rpi (sld-rpi-09.ece.utexas.edu): 3.64 seconds
    mc1 (sld-mc1-09.ece.utexas.edu): 1.46 seconds
