
  0%|          | 0/79 [00:00<?, ?it/s]
  1%|▏         | 1/79 [00:00<00:09,  8.31it/s]
  6%|▋         | 5/79 [00:00<00:03, 22.77it/s]
 11%|█▏        | 9/79 [00:00<00:03, 23.26it/s]
 16%|█▋        | 13/79 [00:00<00:02, 23.49it/s]
 22%|██▏       | 17/79 [00:00<00:02, 24.18it/s]
 27%|██▋       | 21/79 [00:00<00:02, 25.10it/s]
 32%|███▏      | 25/79 [00:01<00:02, 25.57it/s]
 35%|███▌      | 28/79 [00:01<00:01, 26.42it/s]
 39%|███▉      | 31/79 [00:01<00:01, 24.75it/s]
 43%|████▎     | 34/79 [00:01<00:01, 25.41it/s]
 47%|████▋     | 37/79 [00:01<00:01, 25.62it/s]
 52%|█████▏    | 41/79 [00:01<00:01, 28.58it/s]
 57%|█████▋    | 45/79 [00:01<00:01, 30.82it/s]
 62%|██████▏   | 49/79 [00:01<00:00, 32.57it/s]
 67%|██████▋   | 53/79 [00:01<00:00, 30.45it/s]
 72%|███████▏  | 57/79 [00:02<00:00, 28.42it/s]
 76%|███████▌  | 60/79 [00:02<00:00, 26.80it/s]
 81%|████████  | 64/79 [00:02<00:00, 26.93it/s]
 86%|████████▌ | 68/79 [00:02<00:00, 26.43it/s]
 91%|█████████ | 72/79 [00:02<00:00, 26.19it/s]
 96%|█████████▌| 76/79 [00:02<00:00, 26.73it/s]
100%|██████████| 79/79 [00:02<00:00, 26.67it/s]
Initial Accuracy: 9.75%; Initial Loss: 2.3015

  0%|          | 0/79 [00:00<?, ?it/s]
  1%|▏         | 1/79 [00:00<00:10,  7.36it/s]
  6%|▋         | 5/79 [00:00<00:03, 22.89it/s]
 10%|█         | 8/79 [00:00<00:03, 23.60it/s]
 14%|█▍        | 11/79 [00:00<00:03, 21.46it/s]
 18%|█▊        | 14/79 [00:00<00:02, 23.56it/s]
 22%|██▏       | 17/79 [00:00<00:03, 19.97it/s]
 25%|██▌       | 20/79 [00:00<00:02, 20.92it/s]
 29%|██▉       | 23/79 [00:01<00:02, 19.81it/s]
 33%|███▎      | 26/79 [00:01<00:02, 20.38it/s]
 37%|███▋      | 29/79 [00:01<00:02, 21.56it/s]
 41%|████      | 32/79 [00:01<00:02, 21.71it/s]
 44%|████▍     | 35/79 [00:01<00:02, 21.93it/s]
 48%|████▊     | 38/79 [00:01<00:01, 22.05it/s]
 52%|█████▏    | 41/79 [00:01<00:01, 22.46it/s]
 57%|█████▋    | 45/79 [00:02<00:01, 25.83it/s]
 62%|██████▏   | 49/79 [00:02<00:01, 28.29it/s]
 67%|██████▋   | 53/79 [00:02<00:00, 30.38it/s]
 72%|███████▏  | 57/79 [00:02<00:00, 31.84it/s]
 77%|███████▋  | 61/79 [00:02<00:00, 32.77it/s]
 82%|████████▏ | 65/79 [00:02<00:00, 33.67it/s]
 87%|████████▋ | 69/79 [00:02<00:00, 34.29it/s]
 92%|█████████▏| 73/79 [00:02<00:00, 34.60it/s]
 97%|█████████▋| 77/79 [00:02<00:00, 33.32it/s]
100%|██████████| 79/79 [00:02<00:00, 26.36it/s]

CommRound: 1/30
Accuracy: 50.60% | Loss: 1.6072
[##----------------------------------------------------------] 3.3%
Elapsed: 0.2m | Avg/Round: 14.7s | Last: 11.7s | Next: 14.7s | Remaining: 7.1m
ETA: 03:47:56
Recent round times: R1: 11.7s

  0%|          | 0/79 [00:00<?, ?it/s]
  1%|▏         | 1/79 [00:00<00:11,  7.07it/s]
  6%|▋         | 5/79 [00:00<00:03, 19.37it/s]
 11%|█▏        | 9/79 [00:00<00:03, 22.05it/s]
 16%|█▋        | 13/79 [00:00<00:02, 23.34it/s]
 20%|██        | 16/79 [00:00<00:02, 24.37it/s]
 24%|██▍       | 19/79 [00:00<00:02, 22.49it/s]
 28%|██▊       | 22/79 [00:00<00:02, 23.75it/s]
 32%|███▏      | 25/79 [00:01<00:02, 21.16it/s]
 35%|███▌      | 28/79 [00:01<00:02, 23.13it/s]
 39%|███▉      | 31/79 [00:01<00:01, 24.65it/s]
 44%|████▍     | 35/79 [00:01<00:01, 27.40it/s]
 48%|████▊     | 38/79 [00:01<00:01, 28.06it/s]
 53%|█████▎    | 42/79 [00:01<00:01, 30.35it/s]
 58%|█████▊    | 46/79 [00:01<00:01, 29.08it/s]
 63%|██████▎   | 50/79 [00:01<00:00, 30.48it/s]
 68%|██████▊   | 54/79 [00:02<00:00, 30.92it/s]
 73%|███████▎  | 58/79 [00:02<00:00, 32.08it/s]
 78%|███████▊  | 62/79 [00:02<00:00, 32.75it/s]
 84%|████████▎ | 66/79 [00:02<00:00, 33.03it/s]
 89%|████████▊ | 70/79 [00:02<00:00, 30.59it/s]
 94%|█████████▎| 74/79 [00:02<00:00, 29.20it/s]
 99%|█████████▊| 78/79 [00:02<00:00, 30.74it/s]
100%|██████████| 79/79 [00:02<00:00, 27.46it/s]

CommRound: 2/30
Accuracy: 73.26% | Loss: 0.8142
[####--------------------------------------------------------] 6.7%
Elapsed: 0.4m | Avg/Round: 13.1s | Last: 11.6s | Next: 13.1s | Remaining: 6.1m
ETA: 03:47:11
Recent round times: R1: 11.7s -> R2: 11.6s

  0%|          | 0/79 [00:00<?, ?it/s]
  1%|▏         | 1/79 [00:00<00:09,  8.05it/s]
  6%|▋         | 5/79 [00:00<00:03, 22.61it/s]
 11%|█▏        | 9/79 [00:00<00:02, 26.29it/s]
 16%|█▋        | 13/79 [00:00<00:02, 25.04it/s]
 22%|██▏       | 17/79 [00:00<00:02, 24.67it/s]
 25%|██▌       | 20/79 [00:00<00:02, 25.50it/s]
 29%|██▉       | 23/79 [00:00<00:02, 24.18it/s]
 34%|███▍      | 27/79 [00:01<00:01, 26.97it/s]
 39%|███▉      | 31/79 [00:01<00:01, 28.23it/s]
 44%|████▍     | 35/79 [00:01<00:01, 27.31it/s]
 49%|████▉     | 39/79 [00:01<00:01, 26.10it/s]
 54%|█████▍    | 43/79 [00:01<00:01, 26.52it/s]
 59%|█████▉    | 47/79 [00:01<00:01, 28.67it/s]
 65%|██████▍   | 51/79 [00:01<00:00, 30.30it/s]
 70%|██████▉   | 55/79 [00:02<00:00, 31.53it/s]
 75%|███████▍  | 59/79 [00:02<00:00, 31.64it/s]
 80%|███████▉  | 63/79 [00:02<00:00, 29.07it/s]
 84%|████████▎ | 66/79 [00:02<00:00, 28.90it/s]
 87%|████████▋ | 69/79 [00:02<00:00, 25.78it/s]
 92%|█████████▏| 73/79 [00:02<00:00, 27.32it/s]
 97%|█████████▋| 77/79 [00:02<00:00, 28.31it/s]
100%|██████████| 79/79 [00:02<00:00, 27.68it/s]

CommRound: 3/30
Accuracy: 79.80% | Loss: 0.5999
[######------------------------------------------------------] 10.0%
Elapsed: 0.6m | Avg/Round: 12.7s | Last: 11.7s | Next: 12.7s | Remaining: 5.7m
ETA: 03:46:57
Recent round times: R1: 11.7s -> R2: 11.6s -> R3: 11.7s

  0%|          | 0/79 [00:00<?, ?it/s]
  1%|▏         | 1/79 [00:00<00:08,  9.15it/s]
  6%|▋         | 5/79 [00:00<00:02, 25.91it/s]
 11%|█▏        | 9/79 [00:00<00:02, 30.37it/s]
 16%|█▋        | 13/79 [00:00<00:02, 31.69it/s]
 22%|██▏       | 17/79 [00:00<00:01, 32.87it/s]
 27%|██▋       | 21/79 [00:00<00:01, 33.77it/s]
 32%|███▏      | 25/79 [00:00<00:01, 34.33it/s]
 37%|███▋      | 29/79 [00:00<00:01, 34.64it/s]
 42%|████▏     | 33/79 [00:01<00:01, 34.97it/s]
 47%|████▋     | 37/79 [00:01<00:01, 35.21it/s]
 52%|█████▏    | 41/79 [00:01<00:01, 35.40it/s]
 57%|█████▋    | 45/79 [00:01<00:00, 35.50it/s]
 62%|██████▏   | 49/79 [00:01<00:00, 35.53it/s]
 67%|██████▋   | 53/79 [00:01<00:00, 35.69it/s]
 72%|███████▏  | 57/79 [00:01<00:00, 35.71it/s]
 77%|███████▋  | 61/79 [00:01<00:00, 35.82it/s]
 82%|████████▏ | 65/79 [00:01<00:00, 35.85it/s]
 87%|████████▋ | 69/79 [00:02<00:00, 35.99it/s]
 92%|█████████▏| 73/79 [00:02<00:00, 35.73it/s]
 97%|█████████▋| 77/79 [00:02<00:00, 35.85it/s]
100%|██████████| 79/79 [00:02<00:00, 34.86it/s]

CommRound: 4/30
Accuracy: 82.63% | Loss: 0.5536
[########----------------------------------------------------] 13.3%
Elapsed: 0.8m | Avg/Round: 12.3s | Last: 11.1s | Next: 12.3s | Remaining: 5.3m
ETA: 03:46:45
Recent round times: R1: 11.7s -> R2: 11.6s -> R3: 11.7s -> R4: 11.1s

  0%|          | 0/79 [00:00<?, ?it/s]
  1%|▏         | 1/79 [00:00<00:08,  9.38it/s]
  6%|▋         | 5/79 [00:00<00:03, 23.31it/s]
 10%|█         | 8/79 [00:00<00:03, 22.28it/s]
 15%|█▌        | 12/79 [00:00<00:02, 25.37it/s]
 20%|██        | 16/79 [00:00<00:02, 27.15it/s]
 25%|██▌       | 20/79 [00:00<00:02, 28.31it/s]
 30%|███       | 24/79 [00:00<00:01, 29.04it/s]
 35%|███▌      | 28/79 [00:01<00:01, 29.58it/s]
 41%|████      | 32/79 [00:01<00:01, 29.98it/s]
 46%|████▌     | 36/79 [00:01<00:01, 30.18it/s]
 51%|█████     | 40/79 [00:01<00:01, 30.32it/s]
 56%|█████▌    | 44/79 [00:01<00:01, 30.45it/s]
 61%|██████    | 48/79 [00:01<00:01, 30.32it/s]
 66%|██████▌   | 52/79 [00:01<00:00, 30.51it/s]
 71%|███████   | 56/79 [00:01<00:00, 30.62it/s]
 76%|███████▌  | 60/79 [00:02<00:00, 30.10it/s]
 81%|████████  | 64/79 [00:02<00:00, 30.32it/s]
 86%|████████▌ | 68/79 [00:02<00:00, 30.42it/s]
 91%|█████████ | 72/79 [00:02<00:00, 30.46it/s]
 96%|█████████▌| 76/79 [00:02<00:00, 30.52it/s]
100%|██████████| 79/79 [00:02<00:00, 29.39it/s]

CommRound: 5/30
Accuracy: 79.85% | Loss: 0.6598
[##########--------------------------------------------------] 16.7%
Elapsed: 1.0m | Avg/Round: 12.1s | Last: 11.6s | Next: 12.1s | Remaining: 5.1m
ETA: 03:46:41
Recent round times: R1: 11.7s -> R2: 11.6s -> R3: 11.7s -> R4: 11.1s -> R5: 11.6s

  0%|          | 0/79 [00:00<?, ?it/s]
  1%|▏         | 1/79 [00:00<00:11,  6.88it/s]
  6%|▋         | 5/79 [00:00<00:03, 20.84it/s]
 10%|█         | 8/79 [00:00<00:03, 22.66it/s]
 14%|█▍        | 11/79 [00:00<00:02, 23.84it/s]
 18%|█▊        | 14/79 [00:00<00:02, 25.19it/s]
 22%|██▏       | 17/79 [00:00<00:02, 25.05it/s]
 27%|██▋       | 21/79 [00:00<00:02, 24.03it/s]
 32%|███▏      | 25/79 [00:01<00:02, 24.37it/s]
 37%|███▋      | 29/79 [00:01<00:02, 24.03it/s]
 42%|████▏     | 33/79 [00:01<00:01, 24.38it/s]
 47%|████▋     | 37/79 [00:01<00:01, 24.34it/s]
 52%|█████▏    | 41/79 [00:01<00:01, 24.58it/s]
 57%|█████▋    | 45/79 [00:01<00:01, 24.51it/s]
 62%|██████▏   | 49/79 [00:02<00:01, 24.16it/s]
 67%|██████▋   | 53/79 [00:02<00:00, 26.54it/s]
 72%|███████▏  | 57/79 [00:02<00:00, 28.92it/s]
 77%|███████▋  | 61/79 [00:02<00:00, 30.96it/s]
 82%|████████▏ | 65/79 [00:02<00:00, 32.50it/s]
 87%|████████▋ | 69/79 [00:02<00:00, 33.55it/s]
 92%|█████████▏| 73/79 [00:02<00:00, 34.27it/s]
 97%|█████████▋| 77/79 [00:02<00:00, 34.86it/s]
100%|██████████| 79/79 [00:02<00:00, 27.50it/s]

CommRound: 6/30
Accuracy: 86.95% | Loss: 0.4503
[############------------------------------------------------] 20.0%
Elapsed: 1.2m | Avg/Round: 12.1s | Last: 11.8s | Next: 12.1s | Remaining: 4.8m
ETA: 03:46:39
Recent round times: R1: 11.6s -> R2: 11.7s -> R3: 11.1s -> R4: 11.6s -> R5: 11.8s

  0%|          | 0/79 [00:00<?, ?it/s]
  1%|▏         | 1/79 [00:00<00:10,  7.62it/s]
  6%|▋         | 5/79 [00:00<00:03, 20.13it/s]
 10%|█         | 8/79 [00:00<00:02, 23.86it/s]
 14%|█▍        | 11/79 [00:00<00:03, 21.92it/s]
 18%|█▊        | 14/79 [00:00<00:02, 23.38it/s]
 22%|██▏       | 17/79 [00:00<00:02, 22.20it/s]
 25%|██▌       | 20/79 [00:00<00:02, 23.87it/s]
 29%|██▉       | 23/79 [00:01<00:02, 21.98it/s]
 34%|███▍      | 27/79 [00:01<00:02, 22.26it/s]
 39%|███▉      | 31/79 [00:01<00:02, 23.42it/s]
 44%|████▍     | 35/79 [00:01<00:01, 23.22it/s]
 49%|████▉     | 39/79 [00:01<00:01, 23.04it/s]
 54%|█████▍    | 43/79 [00:01<00:01, 23.94it/s]
 59%|█████▉    | 47/79 [00:02<00:01, 25.11it/s]
 65%|██████▍   | 51/79 [00:02<00:01, 27.30it/s]
 70%|██████▉   | 55/79 [00:02<00:00, 29.30it/s]
 75%|███████▍  | 59/79 [00:02<00:00, 30.84it/s]
 80%|███████▉  | 63/79 [00:02<00:00, 31.73it/s]
 85%|████████▍ | 67/79 [00:02<00:00, 27.59it/s]
 90%|████████▉ | 71/79 [00:02<00:00, 25.71it/s]
 95%|█████████▍| 75/79 [00:03<00:00, 25.04it/s]
100%|██████████| 79/79 [00:03<00:00, 25.25it/s]

CommRound: 7/30
Accuracy: 86.02% | Loss: 0.4823
[##############----------------------------------------------] 23.3%
Elapsed: 1.4m | Avg/Round: 12.1s | Last: 12.1s | Next: 12.1s | Remaining: 4.6m
ETA: 03:46:39
Recent round times: R1: 11.7s -> R2: 11.1s -> R3: 11.6s -> R4: 11.8s -> R5: 12.1s

  0%|          | 0/79 [00:00<?, ?it/s]
  1%|▏         | 1/79 [00:00<00:08,  8.92it/s]
  8%|▊         | 6/79 [00:00<00:02, 27.59it/s]
 11%|█▏        | 9/79 [00:00<00:02, 26.45it/s]
 15%|█▌        | 12/79 [00:00<00:02, 23.32it/s]
 19%|█▉        | 15/79 [00:00<00:02, 24.76it/s]
 23%|██▎       | 18/79 [00:00<00:02, 21.98it/s]
 28%|██▊       | 22/79 [00:00<00:02, 22.27it/s]
 33%|███▎      | 26/79 [00:01<00:02, 25.43it/s]
 38%|███▊      | 30/79 [00:01<00:01, 28.44it/s]
 43%|████▎     | 34/79 [00:01<00:01, 30.86it/s]
 48%|████▊     | 38/79 [00:01<00:01, 29.67it/s]
 53%|█████▎    | 42/79 [00:01<00:01, 29.03it/s]
 58%|█████▊    | 46/79 [00:01<00:01, 28.11it/s]
 63%|██████▎   | 50/79 [00:01<00:01, 27.63it/s]
 68%|██████▊   | 54/79 [00:02<00:00, 27.27it/s]
 72%|███████▏  | 57/79 [00:02<00:00, 26.46it/s]
 76%|███████▌  | 60/79 [00:02<00:00, 26.06it/s]
 80%|███████▉  | 63/79 [00:02<00:00, 24.35it/s]
 84%|████████▎ | 66/79 [00:02<00:00, 25.65it/s]
 87%|████████▋ | 69/79 [00:02<00:00, 22.92it/s]
 92%|█████████▏| 73/79 [00:02<00:00, 23.09it/s]
 97%|█████████▋| 77/79 [00:03<00:00, 23.42it/s]
100%|██████████| 79/79 [00:03<00:00, 25.78it/s]

CommRound: 8/30
Accuracy: 88.15% | Loss: 0.4183
[################--------------------------------------------] 26.7%
Elapsed: 1.6m | Avg/Round: 12.1s | Last: 11.9s | Next: 12.1s | Remaining: 4.4m
ETA: 03:46:38
Recent round times: R1: 11.1s -> R2: 11.6s -> R3: 11.8s -> R4: 12.1s -> R5: 11.9s

  0%|          | 0/79 [00:00<?, ?it/s]
  1%|▏         | 1/79 [00:00<00:08,  8.69it/s]
  8%|▊         | 6/79 [00:00<00:02, 30.11it/s]
 13%|█▎        | 10/79 [00:00<00:02, 32.02it/s]
 18%|█▊        | 14/79 [00:00<00:01, 33.00it/s]
 23%|██▎       | 18/79 [00:00<00:01, 33.70it/s]
 28%|██▊       | 22/79 [00:00<00:01, 34.05it/s]
 33%|███▎      | 26/79 [00:00<00:01, 34.50it/s]
 38%|███▊      | 30/79 [00:00<00:01, 34.67it/s]
 43%|████▎     | 34/79 [00:01<00:01, 34.87it/s]
 48%|████▊     | 38/79 [00:01<00:01, 35.04it/s]
 53%|█████▎    | 42/79 [00:01<00:01, 35.08it/s]
 58%|█████▊    | 46/79 [00:01<00:00, 35.11it/s]
 63%|██████▎   | 50/79 [00:01<00:00, 35.14it/s]
 68%|██████▊   | 54/79 [00:01<00:00, 35.13it/s]
 73%|███████▎  | 58/79 [00:01<00:00, 35.12it/s]
 78%|███████▊  | 62/79 [00:01<00:00, 35.11it/s]
 84%|████████▎ | 66/79 [00:01<00:00, 35.10it/s]
 89%|████████▊ | 70/79 [00:02<00:00, 35.16it/s]
 94%|█████████▎| 74/79 [00:02<00:00, 35.18it/s]
 99%|█████████▊| 78/79 [00:02<00:00, 34.83it/s]
100%|██████████| 79/79 [00:02<00:00, 34.34it/s]

CommRound: 9/30
Accuracy: 89.59% | Loss: 0.3785
[##################------------------------------------------] 30.0%
Elapsed: 1.8m | Avg/Round: 12.0s | Last: 11.3s | Next: 12.0s | Remaining: 4.2m
ETA: 03:46:36
Recent round times: R1: 11.6s -> R2: 11.8s -> R3: 12.1s -> R4: 11.9s -> R5: 11.3s

  0%|          | 0/79 [00:00<?, ?it/s]
  1%|▏         | 1/79 [00:00<00:09,  8.20it/s]
  8%|▊         | 6/79 [00:00<00:02, 30.03it/s]
 13%|█▎        | 10/79 [00:00<00:02, 29.32it/s]
 18%|█▊        | 14/79 [00:00<00:02, 29.22it/s]
 22%|██▏       | 17/79 [00:00<00:02, 29.03it/s]
 27%|██▋       | 21/79 [00:00<00:01, 31.08it/s]
 32%|███▏      | 25/79 [00:00<00:01, 32.45it/s]
 37%|███▋      | 29/79 [00:00<00:01, 32.77it/s]
 42%|████▏     | 33/79 [00:01<00:01, 33.99it/s]
 47%|████▋     | 37/79 [00:01<00:01, 34.61it/s]
 52%|█████▏    | 41/79 [00:01<00:01, 34.27it/s]
 57%|█████▋    | 45/79 [00:01<00:01, 32.11it/s]
 62%|██████▏   | 49/79 [00:01<00:01, 29.66it/s]
 67%|██████▋   | 53/79 [00:01<00:00, 28.01it/s]
 71%|███████   | 56/79 [00:01<00:00, 25.87it/s]
 75%|███████▍  | 59/79 [00:01<00:00, 26.70it/s]
 78%|███████▊  | 62/79 [00:02<00:00, 24.29it/s]
 84%|████████▎ | 66/79 [00:02<00:00, 24.90it/s]
 89%|████████▊ | 70/79 [00:02<00:00, 25.43it/s]
 94%|█████████▎| 74/79 [00:02<00:00, 25.59it/s]
 99%|█████████▊| 78/79 [00:02<00:00, 26.08it/s]
100%|██████████| 79/79 [00:02<00:00, 28.39it/s]

CommRound: 10/30
Accuracy: 90.09% | Loss: 0.3626
[####################----------------------------------------] 33.3%
Elapsed: 2.0m | Avg/Round: 12.0s | Last: 11.7s | Next: 12.0s | Remaining: 4.0m
ETA: 03:46:35
Recent round times: R1: 11.8s -> R2: 12.1s -> R3: 11.9s -> R4: 11.3s -> R5: 11.7s

  0%|          | 0/79 [00:00<?, ?it/s]
  1%|▏         | 1/79 [00:00<00:09,  8.46it/s]
  8%|▊         | 6/79 [00:00<00:02, 30.17it/s]
 13%|█▎        | 10/79 [00:00<00:02, 30.58it/s]
 18%|█▊        | 14/79 [00:00<00:02, 31.96it/s]
 23%|██▎       | 18/79 [00:00<00:01, 33.09it/s]
 28%|██▊       | 22/79 [00:00<00:01, 33.82it/s]
 33%|███▎      | 26/79 [00:00<00:01, 34.24it/s]
 38%|███▊      | 30/79 [00:00<00:01, 34.60it/s]
 43%|████▎     | 34/79 [00:01<00:01, 34.82it/s]
 48%|████▊     | 38/79 [00:01<00:01, 32.37it/s]
 53%|█████▎    | 42/79 [00:01<00:01, 30.55it/s]
 58%|█████▊    | 46/79 [00:01<00:01, 29.13it/s]
 62%|██████▏   | 49/79 [00:01<00:01, 28.81it/s]
 66%|██████▌   | 52/79 [00:01<00:00, 27.64it/s]
 70%|██████▉   | 55/79 [00:01<00:00, 27.61it/s]
 73%|███████▎  | 58/79 [00:01<00:00, 27.28it/s]
 77%|███████▋  | 61/79 [00:02<00:00, 26.28it/s]
 81%|████████  | 64/79 [00:02<00:00, 26.57it/s]
 85%|████████▍ | 67/79 [00:02<00:00, 26.46it/s]
 90%|████████▉ | 71/79 [00:02<00:00, 29.09it/s]
 95%|█████████▍| 75/79 [00:02<00:00, 30.93it/s]
100%|██████████| 79/79 [00:02<00:00, 30.33it/s]

CommRound: 11/30
Accuracy: 90.91% | Loss: 0.3369
[######################--------------------------------------] 36.7%
Elapsed: 2.2m | Avg/Round: 11.9s | Last: 11.7s | Next: 11.9s | Remaining: 3.8m
ETA: 03:46:34
Recent round times: R1: 12.1s -> R2: 11.9s -> R3: 11.3s -> R4: 11.7s -> R5: 11.7s

  0%|          | 0/79 [00:00<?, ?it/s]
  1%|▏         | 1/79 [00:00<00:08,  8.75it/s]
  6%|▋         | 5/79 [00:00<00:02, 24.84it/s]
 11%|█▏        | 9/79 [00:00<00:02, 29.72it/s]
 15%|█▌        | 12/79 [00:00<00:02, 28.18it/s]
 20%|██        | 16/79 [00:00<00:02, 28.30it/s]
 25%|██▌       | 20/79 [00:00<00:02, 28.99it/s]
 30%|███       | 24/79 [00:00<00:01, 29.26it/s]
 35%|███▌      | 28/79 [00:00<00:01, 29.64it/s]
 41%|████      | 32/79 [00:01<00:01, 29.76it/s]
 46%|████▌     | 36/79 [00:01<00:01, 30.97it/s]
 51%|█████     | 40/79 [00:01<00:01, 32.07it/s]
 56%|█████▌    | 44/79 [00:01<00:01, 32.95it/s]
 61%|██████    | 48/79 [00:01<00:00, 33.55it/s]
 66%|██████▌   | 52/79 [00:01<00:00, 33.95it/s]
 71%|███████   | 56/79 [00:01<00:00, 34.25it/s]
 76%|███████▌  | 60/79 [00:01<00:00, 34.51it/s]
 81%|████████  | 64/79 [00:02<00:00, 34.71it/s]
 86%|████████▌ | 68/79 [00:02<00:00, 34.47it/s]
 91%|█████████ | 72/79 [00:02<00:00, 34.75it/s]
 96%|█████████▌| 76/79 [00:02<00:00, 34.79it/s]
100%|██████████| 79/79 [00:02<00:00, 32.02it/s]

CommRound: 12/30
Accuracy: 90.78% | Loss: 0.3386
[########################------------------------------------] 40.0%
Elapsed: 2.4m | Avg/Round: 11.9s | Last: 11.5s | Next: 11.9s | Remaining: 3.6m
ETA: 03:46:33
Recent round times: R1: 11.9s -> R2: 11.3s -> R3: 11.7s -> R4: 11.7s -> R5: 11.5s

  0%|          | 0/79 [00:00<?, ?it/s]
  1%|▏         | 1/79 [00:00<00:09,  8.48it/s]
  6%|▋         | 5/79 [00:00<00:02, 24.86it/s]
 11%|█▏        | 9/79 [00:00<00:02, 30.04it/s]
 16%|█▋        | 13/79 [00:00<00:02, 31.88it/s]
 22%|██▏       | 17/79 [00:00<00:01, 32.95it/s]
 27%|██▋       | 21/79 [00:00<00:02, 26.81it/s]
 30%|███       | 24/79 [00:00<00:02, 25.90it/s]
 34%|███▍      | 27/79 [00:00<00:01, 26.38it/s]
 39%|███▉      | 31/79 [00:01<00:01, 28.78it/s]
 44%|████▍     | 35/79 [00:01<00:01, 30.36it/s]
 49%|████▉     | 39/79 [00:01<00:01, 31.82it/s]
 54%|█████▍    | 43/79 [00:01<00:01, 32.78it/s]
 59%|█████▉    | 47/79 [00:01<00:00, 33.47it/s]
 65%|██████▍   | 51/79 [00:01<00:00, 33.98it/s]
 70%|██████▉   | 55/79 [00:01<00:00, 34.32it/s]
 75%|███████▍  | 59/79 [00:01<00:00, 34.69it/s]
 80%|███████▉  | 63/79 [00:02<00:00, 34.82it/s]
 85%|████████▍ | 67/79 [00:02<00:00, 34.47it/s]
 90%|████████▉ | 71/79 [00:02<00:00, 34.69it/s]
 95%|█████████▍| 75/79 [00:02<00:00, 34.87it/s]
100%|██████████| 79/79 [00:02<00:00, 31.97it/s]

CommRound: 13/30
Accuracy: 90.88% | Loss: 0.3393
[##########################----------------------------------] 43.3%
Elapsed: 2.6m | Avg/Round: 11.9s | Last: 11.6s | Next: 11.9s | Remaining: 3.4m
ETA: 03:46:32
Recent round times: R1: 11.3s -> R2: 11.7s -> R3: 11.7s -> R4: 11.5s -> R5: 11.6s

  0%|          | 0/79 [00:00<?, ?it/s]
  1%|▏         | 1/79 [00:00<00:08,  8.68it/s]
  8%|▊         | 6/79 [00:00<00:02, 30.10it/s]
 13%|█▎        | 10/79 [00:00<00:02, 32.07it/s]
 18%|█▊        | 14/79 [00:00<00:01, 32.91it/s]
 23%|██▎       | 18/79 [00:00<00:02, 28.82it/s]
 27%|██▋       | 21/79 [00:00<00:02, 22.97it/s]
 30%|███       | 24/79 [00:00<00:02, 22.70it/s]
 34%|███▍      | 27/79 [00:01<00:02, 20.30it/s]
 38%|███▊      | 30/79 [00:01<00:02, 22.00it/s]
 42%|████▏     | 33/79 [00:01<00:02, 19.91it/s]
 46%|████▌     | 36/79 [00:01<00:02, 21.43it/s]
 49%|████▉     | 39/79 [00:01<00:02, 19.26it/s]
 53%|█████▎    | 42/79 [00:01<00:01, 20.90it/s]
 57%|█████▋    | 45/79 [00:02<00:01, 18.91it/s]
 61%|██████    | 48/79 [00:02<00:01, 20.41it/s]
 65%|██████▍   | 51/79 [00:02<00:01, 18.34it/s]
 67%|██████▋   | 53/79 [00:02<00:01, 18.25it/s]
 70%|██████▉   | 55/79 [00:02<00:01, 18.51it/s]
 72%|███████▏  | 57/79 [00:02<00:01, 18.85it/s]
 75%|███████▍  | 59/79 [00:02<00:01, 18.98it/s]
 77%|███████▋  | 61/79 [00:02<00:00, 19.08it/s]
 82%|████████▏ | 65/79 [00:03<00:00, 23.58it/s]
 87%|████████▋ | 69/79 [00:03<00:00, 26.32it/s]
 91%|█████████ | 72/79 [00:03<00:00, 27.05it/s]
 95%|█████████▍| 75/79 [00:03<00:00, 24.24it/s]
100%|██████████| 79/79 [00:03<00:00, 22.48it/s]

CommRound: 14/30
Accuracy: 90.90% | Loss: 0.3399
[############################--------------------------------] 46.7%
Elapsed: 2.8m | Avg/Round: 11.9s | Last: 12.5s | Next: 11.9s | Remaining: 3.2m
ETA: 03:46:34
Recent round times: R1: 11.7s -> R2: 11.7s -> R3: 11.5s -> R4: 11.6s -> R5: 12.5s

  0%|          | 0/79 [00:00<?, ?it/s]
  1%|▏         | 1/79 [00:00<00:09,  8.65it/s]
  6%|▋         | 5/79 [00:00<00:02, 25.97it/s]
 11%|█▏        | 9/79 [00:00<00:02, 30.57it/s]
 16%|█▋        | 13/79 [00:00<00:02, 32.13it/s]
 22%|██▏       | 17/79 [00:00<00:01, 32.86it/s]
 27%|██▋       | 21/79 [00:00<00:01, 33.19it/s]
 32%|███▏      | 25/79 [00:00<00:01, 33.73it/s]
 37%|███▋      | 29/79 [00:00<00:01, 33.73it/s]
 42%|████▏     | 33/79 [00:01<00:01, 33.84it/s]
 47%|████▋     | 37/79 [00:01<00:01, 33.91it/s]
 52%|█████▏    | 41/79 [00:01<00:01, 31.45it/s]
 57%|█████▋    | 45/79 [00:01<00:01, 29.08it/s]
 62%|██████▏   | 49/79 [00:01<00:01, 28.11it/s]
 67%|██████▋   | 53/79 [00:01<00:00, 29.03it/s]
 72%|███████▏  | 57/79 [00:01<00:00, 31.14it/s]
 77%|███████▋  | 61/79 [00:01<00:00, 32.00it/s]
 82%|████████▏ | 65/79 [00:02<00:00, 32.65it/s]
 87%|████████▋ | 69/79 [00:02<00:00, 32.79it/s]
 92%|█████████▏| 73/79 [00:02<00:00, 33.23it/s]
 97%|█████████▋| 77/79 [00:02<00:00, 33.63it/s]
100%|██████████| 79/79 [00:02<00:00, 32.14it/s]

CommRound: 15/30
Accuracy: 91.05% | Loss: 0.3397
[##############################------------------------------] 50.0%
Elapsed: 3.0m | Avg/Round: 11.9s | Last: 11.5s | Next: 11.9s | Remaining: 3.0m
ETA: 03:46:33
Recent round times: R1: 11.7s -> R2: 11.5s -> R3: 11.6s -> R4: 12.5s -> R5: 11.5s

  0%|          | 0/79 [00:00<?, ?it/s]
  1%|▏         | 1/79 [00:00<00:08,  9.00it/s]
  6%|▋         | 5/79 [00:00<00:02, 25.49it/s]
 11%|█▏        | 9/79 [00:00<00:02, 30.20it/s]
 16%|█▋        | 13/79 [00:00<00:02, 31.69it/s]
 22%|██▏       | 17/79 [00:00<00:03, 15.94it/s]
 27%|██▋       | 21/79 [00:01<00:03, 19.12it/s]
 32%|███▏      | 25/79 [00:01<00:02, 22.01it/s]
 37%|███▋      | 29/79 [00:01<00:02, 24.33it/s]
 42%|████▏     | 33/79 [00:01<00:01, 26.10it/s]
 47%|████▋     | 37/79 [00:01<00:01, 27.57it/s]
 52%|█████▏    | 41/79 [00:01<00:01, 28.74it/s]
 57%|█████▋    | 45/79 [00:01<00:01, 29.46it/s]
 62%|██████▏   | 49/79 [00:01<00:00, 30.45it/s]
 67%|██████▋   | 53/79 [00:02<00:00, 31.82it/s]
 72%|███████▏  | 57/79 [00:02<00:00, 32.35it/s]
 77%|███████▋  | 61/79 [00:02<00:00, 33.67it/s]
 82%|████████▏ | 65/79 [00:02<00:00, 34.29it/s]
 87%|████████▋ | 69/79 [00:02<00:00, 34.68it/s]
 92%|█████████▏| 73/79 [00:02<00:00, 34.79it/s]
 97%|█████████▋| 77/79 [00:02<00:00, 34.79it/s]
100%|██████████| 79/79 [00:02<00:00, 28.73it/s]

CommRound: 16/30
Accuracy: 91.06% | Loss: 0.3401
[################################----------------------------] 53.3%
Elapsed: 3.2m | Avg/Round: 11.9s | Last: 11.6s | Next: 11.9s | Remaining: 2.8m
ETA: 03:46:32
Recent round times: R1: 11.5s -> R2: 11.6s -> R3: 12.5s -> R4: 11.5s -> R5: 11.6s

  0%|          | 0/79 [00:00<?, ?it/s]
  1%|▏         | 1/79 [00:00<00:09,  8.06it/s]
  6%|▋         | 5/79 [00:00<00:03, 20.41it/s]
 11%|█▏        | 9/79 [00:00<00:02, 25.47it/s]
 15%|█▌        | 12/79 [00:00<00:03, 18.80it/s]
 19%|█▉        | 15/79 [00:00<00:03, 20.84it/s]
 24%|██▍       | 19/79 [00:00<00:02, 24.61it/s]
 29%|██▉       | 23/79 [00:00<00:02, 27.30it/s]
 34%|███▍      | 27/79 [00:01<00:01, 29.07it/s]
 39%|███▉      | 31/79 [00:01<00:01, 27.47it/s]
 44%|████▍     | 35/79 [00:01<00:01, 27.41it/s]
 49%|████▉     | 39/79 [00:01<00:01, 26.84it/s]
 54%|█████▍    | 43/79 [00:01<00:01, 26.42it/s]
 59%|█████▉    | 47/79 [00:01<00:01, 25.43it/s]
 65%|██████▍   | 51/79 [00:02<00:01, 26.93it/s]
 70%|██████▉   | 55/79 [00:02<00:00, 26.78it/s]
 75%|███████▍  | 59/79 [00:02<00:00, 28.23it/s]
 80%|███████▉  | 63/79 [00:02<00:00, 30.20it/s]
 85%|████████▍ | 67/79 [00:02<00:00, 31.06it/s]
 90%|████████▉ | 71/79 [00:02<00:00, 31.83it/s]
 95%|█████████▍| 75/79 [00:02<00:00, 32.46it/s]
100%|██████████| 79/79 [00:02<00:00, 27.74it/s]

CommRound: 17/30
Accuracy: 91.08% | Loss: 0.3404
[##################################--------------------------] 56.7%
Elapsed: 3.4m | Avg/Round: 11.9s | Last: 11.9s | Next: 11.9s | Remaining: 2.6m
ETA: 03:46:32
Recent round times: R1: 11.6s -> R2: 12.5s -> R3: 11.5s -> R4: 11.6s -> R5: 11.9s

  0%|          | 0/79 [00:00<?, ?it/s]
  1%|▏         | 1/79 [00:00<00:11,  6.54it/s]
  6%|▋         | 5/79 [00:00<00:03, 21.55it/s]
 10%|█         | 8/79 [00:00<00:04, 16.00it/s]
 15%|█▌        | 12/79 [00:00<00:03, 21.28it/s]
 20%|██        | 16/79 [00:00<00:02, 25.15it/s]
 25%|██▌       | 20/79 [00:00<00:02, 27.86it/s]
 30%|███       | 24/79 [00:00<00:01, 28.71it/s]
 35%|███▌      | 28/79 [00:01<00:01, 27.29it/s]
 39%|███▉      | 31/79 [00:01<00:01, 24.44it/s]
 44%|████▍     | 35/79 [00:01<00:01, 24.80it/s]
 49%|████▉     | 39/79 [00:01<00:01, 25.04it/s]
 54%|█████▍    | 43/79 [00:01<00:01, 25.31it/s]
 59%|█████▉    | 47/79 [00:01<00:01, 25.38it/s]
 65%|██████▍   | 51/79 [00:02<00:01, 24.91it/s]
 70%|██████▉   | 55/79 [00:02<00:00, 24.28it/s]
 75%|███████▍  | 59/79 [00:02<00:00, 23.92it/s]
 80%|███████▉  | 63/79 [00:02<00:00, 23.54it/s]
 85%|████████▍ | 67/79 [00:02<00:00, 23.32it/s]
 90%|████████▉ | 71/79 [00:02<00:00, 22.91it/s]
 95%|█████████▍| 75/79 [00:03<00:00, 22.55it/s]
100%|██████████| 79/79 [00:03<00:00, 24.20it/s]

CommRound: 18/30
Accuracy: 91.13% | Loss: 0.3411
[####################################------------------------] 60.0%
Elapsed: 3.6m | Avg/Round: 11.9s | Last: 12.3s | Next: 11.9s | Remaining: 2.4m
ETA: 03:46:33
Recent round times: R1: 12.5s -> R2: 11.5s -> R3: 11.6s -> R4: 11.9s -> R5: 12.3s

  0%|          | 0/79 [00:00<?, ?it/s]
  1%|▏         | 1/79 [00:00<00:09,  7.99it/s]
  9%|▉         | 7/79 [00:00<00:02, 28.13it/s]
 14%|█▍        | 11/79 [00:00<00:02, 30.04it/s]
 18%|█▊        | 14/79 [00:00<00:02, 28.11it/s]
 22%|██▏       | 17/79 [00:00<00:02, 28.09it/s]
 25%|██▌       | 20/79 [00:00<00:02, 25.83it/s]
 29%|██▉       | 23/79 [00:00<00:02, 26.75it/s]
 34%|███▍      | 27/79 [00:00<00:01, 29.36it/s]
 39%|███▉      | 31/79 [00:01<00:01, 30.96it/s]
 44%|████▍     | 35/79 [00:01<00:01, 31.58it/s]
 49%|████▉     | 39/79 [00:01<00:01, 31.61it/s]
 54%|█████▍    | 43/79 [00:01<00:01, 32.52it/s]
 59%|█████▉    | 47/79 [00:01<00:01, 31.88it/s]
 65%|██████▍   | 51/79 [00:01<00:00, 32.32it/s]
 70%|██████▉   | 55/79 [00:01<00:00, 32.48it/s]
 75%|███████▍  | 59/79 [00:01<00:00, 32.74it/s]
 80%|███████▉  | 63/79 [00:02<00:00, 32.77it/s]
 85%|████████▍ | 67/79 [00:02<00:00, 33.11it/s]
 90%|████████▉ | 71/79 [00:02<00:00, 32.99it/s]
 95%|█████████▍| 75/79 [00:02<00:00, 32.78it/s]
100%|██████████| 79/79 [00:02<00:00, 31.40it/s]

CommRound: 19/30
Accuracy: 91.19% | Loss: 0.3416
[######################################----------------------] 63.3%
Elapsed: 3.8m | Avg/Round: 11.9s | Last: 11.5s | Next: 11.9s | Remaining: 2.2m
ETA: 03:46:32
Recent round times: R1: 11.5s -> R2: 11.6s -> R3: 11.9s -> R4: 12.3s -> R5: 11.5s

  0%|          | 0/79 [00:00<?, ?it/s]
  1%|▏         | 1/79 [00:00<00:09,  8.45it/s]
  6%|▋         | 5/79 [00:00<00:03, 23.21it/s]
 11%|█▏        | 9/79 [00:00<00:02, 28.51it/s]
 16%|█▋        | 13/79 [00:00<00:02, 31.10it/s]
 22%|██▏       | 17/79 [00:00<00:01, 32.50it/s]
 27%|██▋       | 21/79 [00:00<00:01, 33.23it/s]
 32%|███▏      | 25/79 [00:00<00:01, 33.96it/s]
 37%|███▋      | 29/79 [00:00<00:01, 33.97it/s]
 42%|████▏     | 33/79 [00:01<00:01, 34.33it/s]
 47%|████▋     | 37/79 [00:01<00:01, 34.71it/s]
 52%|█████▏    | 41/79 [00:01<00:01, 35.07it/s]
 57%|█████▋    | 45/79 [00:01<00:00, 34.96it/s]
 62%|██████▏   | 49/79 [00:01<00:00, 34.92it/s]
 67%|██████▋   | 53/79 [00:01<00:00, 34.83it/s]
 72%|███████▏  | 57/79 [00:01<00:00, 35.05it/s]
 77%|███████▋  | 61/79 [00:01<00:00, 34.62it/s]
 82%|████████▏ | 65/79 [00:01<00:00, 35.08it/s]
 87%|████████▋ | 69/79 [00:02<00:00, 35.33it/s]
 92%|█████████▏| 73/79 [00:02<00:00, 35.24it/s]
 97%|█████████▋| 77/79 [00:02<00:00, 35.30it/s]
100%|██████████| 79/79 [00:02<00:00, 33.92it/s]

CommRound: 20/30
Accuracy: 91.25% | Loss: 0.3422
[########################################--------------------] 66.7%
Elapsed: 3.9m | Avg/Round: 11.8s | Last: 11.2s | Next: 11.8s | Remaining: 2.0m
ETA: 03:46:31
Recent round times: R1: 11.6s -> R2: 11.9s -> R3: 12.3s -> R4: 11.5s -> R5: 11.2s

  0%|          | 0/79 [00:00<?, ?it/s]
  1%|▏         | 1/79 [00:00<00:08,  9.09it/s]
  6%|▋         | 5/79 [00:00<00:02, 26.33it/s]
 11%|█▏        | 9/79 [00:00<00:02, 30.10it/s]
 16%|█▋        | 13/79 [00:00<00:02, 31.87it/s]
 22%|██▏       | 17/79 [00:00<00:02, 27.61it/s]
 25%|██▌       | 20/79 [00:00<00:02, 25.08it/s]
 29%|██▉       | 23/79 [00:00<00:02, 24.74it/s]
 33%|███▎      | 26/79 [00:01<00:02, 22.97it/s]
 37%|███▋      | 29/79 [00:01<00:02, 24.58it/s]
 41%|████      | 32/79 [00:01<00:02, 23.00it/s]
 46%|████▌     | 36/79 [00:01<00:01, 26.44it/s]
 51%|█████     | 40/79 [00:01<00:01, 26.87it/s]
 56%|█████▌    | 44/79 [00:01<00:01, 25.98it/s]
 61%|██████    | 48/79 [00:01<00:01, 25.08it/s]
 66%|██████▌   | 52/79 [00:02<00:01, 24.37it/s]
 71%|███████   | 56/79 [00:02<00:00, 26.56it/s]
 76%|███████▌  | 60/79 [00:02<00:00, 28.76it/s]
 81%|████████  | 64/79 [00:02<00:00, 30.43it/s]
 86%|████████▌ | 68/79 [00:02<00:00, 31.77it/s]
 91%|█████████ | 72/79 [00:02<00:00, 32.87it/s]
 96%|█████████▌| 76/79 [00:02<00:00, 33.57it/s]
100%|██████████| 79/79 [00:02<00:00, 27.94it/s]

CommRound: 21/30
Accuracy: 91.26% | Loss: 0.3427
[##########################################------------------] 70.0%
Elapsed: 4.1m | Avg/Round: 11.8s | Last: 11.9s | Next: 11.8s | Remaining: 1.8m
ETA: 03:46:31
Recent round times: R1: 11.9s -> R2: 12.3s -> R3: 11.5s -> R4: 11.2s -> R5: 11.9s

  0%|          | 0/79 [00:00<?, ?it/s]
  1%|▏         | 1/79 [00:00<00:11,  6.86it/s]
  8%|▊         | 6/79 [00:00<00:02, 27.35it/s]
 13%|█▎        | 10/79 [00:00<00:02, 30.39it/s]
 18%|█▊        | 14/79 [00:00<00:02, 31.81it/s]
 23%|██▎       | 18/79 [00:00<00:01, 32.69it/s]
 28%|██▊       | 22/79 [00:00<00:01, 32.71it/s]
 33%|███▎      | 26/79 [00:00<00:01, 33.57it/s]
 38%|███▊      | 30/79 [00:00<00:01, 33.87it/s]
 43%|████▎     | 34/79 [00:01<00:01, 34.07it/s]
 48%|████▊     | 38/79 [00:01<00:01, 33.83it/s]
 53%|█████▎    | 42/79 [00:01<00:01, 33.27it/s]
 58%|█████▊    | 46/79 [00:01<00:00, 34.00it/s]
 63%|██████▎   | 50/79 [00:01<00:00, 34.03it/s]
 68%|██████▊   | 54/79 [00:01<00:00, 34.33it/s]
 73%|███████▎  | 58/79 [00:01<00:00, 34.18it/s]
 78%|███████▊  | 62/79 [00:01<00:00, 34.56it/s]
 84%|████████▎ | 66/79 [00:02<00:00, 34.29it/s]
 89%|████████▊ | 70/79 [00:02<00:00, 33.93it/s]
 94%|█████████▎| 74/79 [00:02<00:00, 34.19it/s]
 99%|█████████▊| 78/79 [00:02<00:00, 34.61it/s]
100%|██████████| 79/79 [00:02<00:00, 33.18it/s]

CommRound: 22/30
Accuracy: 91.27% | Loss: 0.3433
[############################################----------------] 73.3%
Elapsed: 4.3m | Avg/Round: 11.8s | Last: 11.4s | Next: 11.8s | Remaining: 1.6m
ETA: 03:46:31
Recent round times: R1: 12.3s -> R2: 11.5s -> R3: 11.2s -> R4: 11.9s -> R5: 11.4s

  0%|          | 0/79 [00:00<?, ?it/s]
  1%|▏         | 1/79 [00:00<00:09,  7.82it/s]
  9%|▉         | 7/79 [00:00<00:02, 28.12it/s]
 14%|█▍        | 11/79 [00:00<00:02, 30.74it/s]
 19%|█▉        | 15/79 [00:00<00:01, 32.37it/s]
 24%|██▍       | 19/79 [00:00<00:01, 33.09it/s]
 29%|██▉       | 23/79 [00:00<00:01, 33.15it/s]
 34%|███▍      | 27/79 [00:00<00:01, 33.25it/s]
 39%|███▉      | 31/79 [00:00<00:01, 33.37it/s]
 44%|████▍     | 35/79 [00:01<00:01, 33.89it/s]
 49%|████▉     | 39/79 [00:01<00:01, 34.11it/s]
 54%|█████▍    | 43/79 [00:01<00:01, 33.74it/s]
 59%|█████▉    | 47/79 [00:01<00:00, 34.73it/s]
 65%|██████▍   | 51/79 [00:01<00:00, 35.14it/s]
 70%|██████▉   | 55/79 [00:01<00:00, 35.53it/s]
 75%|███████▍  | 59/79 [00:01<00:00, 35.44it/s]
 80%|███████▉  | 63/79 [00:01<00:00, 35.61it/s]
 85%|████████▍ | 67/79 [00:01<00:00, 35.55it/s]
 90%|████████▉ | 71/79 [00:02<00:00, 35.13it/s]
 95%|█████████▍| 75/79 [00:02<00:00, 34.75it/s]
100%|██████████| 79/79 [00:02<00:00, 34.20it/s]

CommRound: 23/30
Accuracy: 91.27% | Loss: 0.3440
[##############################################--------------] 76.7%
Elapsed: 4.5m | Avg/Round: 11.8s | Last: 11.2s | Next: 11.8s | Remaining: 1.4m
ETA: 03:46:30
Recent round times: R1: 11.5s -> R2: 11.2s -> R3: 11.9s -> R4: 11.4s -> R5: 11.2s

  0%|          | 0/79 [00:00<?, ?it/s]
  1%|▏         | 1/79 [00:00<00:08,  8.87it/s]
  6%|▋         | 5/79 [00:00<00:02, 25.73it/s]
 11%|█▏        | 9/79 [00:00<00:02, 29.67it/s]
 16%|█▋        | 13/79 [00:00<00:02, 31.58it/s]
 22%|██▏       | 17/79 [00:00<00:01, 32.99it/s]
 27%|██▋       | 21/79 [00:00<00:01, 33.41it/s]
 32%|███▏      | 25/79 [00:00<00:01, 34.22it/s]
 37%|███▋      | 29/79 [00:00<00:01, 35.06it/s]
 42%|████▏     | 33/79 [00:01<00:01, 34.62it/s]
 47%|████▋     | 37/79 [00:01<00:01, 34.65it/s]
 52%|█████▏    | 41/79 [00:01<00:01, 33.82it/s]
 57%|█████▋    | 45/79 [00:01<00:00, 34.36it/s]
 62%|██████▏   | 49/79 [00:01<00:00, 34.40it/s]
 67%|██████▋   | 53/79 [00:01<00:00, 34.23it/s]
 72%|███████▏  | 57/79 [00:01<00:00, 34.56it/s]
 77%|███████▋  | 61/79 [00:01<00:00, 34.83it/s]
 82%|████████▏ | 65/79 [00:01<00:00, 35.01it/s]
 87%|████████▋ | 69/79 [00:02<00:00, 35.14it/s]
 92%|█████████▏| 73/79 [00:02<00:00, 35.23it/s]
 97%|█████████▋| 77/79 [00:02<00:00, 35.06it/s]
100%|██████████| 79/79 [00:02<00:00, 34.16it/s]

CommRound: 24/30
Accuracy: 91.26% | Loss: 0.3445
[################################################------------] 80.0%
Elapsed: 4.7m | Avg/Round: 11.8s | Last: 11.2s | Next: 11.8s | Remaining: 1.2m
ETA: 03:46:29
Recent round times: R1: 11.2s -> R2: 11.9s -> R3: 11.4s -> R4: 11.2s -> R5: 11.2s

  0%|          | 0/79 [00:00<?, ?it/s]
  1%|▏         | 1/79 [00:00<00:08,  8.89it/s]
  6%|▋         | 5/79 [00:00<00:02, 25.07it/s]
 11%|█▏        | 9/79 [00:00<00:02, 28.91it/s]
 16%|█▋        | 13/79 [00:00<00:02, 30.67it/s]
 22%|██▏       | 17/79 [00:00<00:01, 32.29it/s]
 27%|██▋       | 21/79 [00:00<00:01, 33.26it/s]
 32%|███▏      | 25/79 [00:00<00:01, 33.99it/s]
 37%|███▋      | 29/79 [00:00<00:01, 34.46it/s]
 42%|████▏     | 33/79 [00:01<00:01, 34.83it/s]
 47%|████▋     | 37/79 [00:01<00:01, 34.86it/s]
 52%|█████▏    | 41/79 [00:01<00:01, 35.14it/s]
 57%|█████▋    | 45/79 [00:01<00:00, 35.29it/s]
 62%|██████▏   | 49/79 [00:01<00:00, 35.28it/s]
 67%|██████▋   | 53/79 [00:01<00:00, 33.28it/s]
 72%|███████▏  | 57/79 [00:01<00:00, 33.51it/s]
 77%|███████▋  | 61/79 [00:01<00:00, 33.74it/s]
 82%|████████▏ | 65/79 [00:01<00:00, 34.00it/s]
 87%|████████▋ | 69/79 [00:02<00:00, 33.37it/s]
 92%|█████████▏| 73/79 [00:02<00:00, 31.67it/s]
 97%|█████████▋| 77/79 [00:02<00:00, 30.42it/s]
100%|██████████| 79/79 [00:02<00:00, 32.85it/s]

CommRound: 25/30
Accuracy: 91.27% | Loss: 0.3451
[##################################################----------] 83.3%
Elapsed: 4.9m | Avg/Round: 11.8s | Last: 11.5s | Next: 11.8s | Remaining: 1.0m
ETA: 03:46:29
Recent round times: R1: 11.9s -> R2: 11.4s -> R3: 11.2s -> R4: 11.2s -> R5: 11.5s

  0%|          | 0/79 [00:00<?, ?it/s]
  1%|▏         | 1/79 [00:00<00:11,  6.75it/s]
  8%|▊         | 6/79 [00:00<00:02, 27.60it/s]
 13%|█▎        | 10/79 [00:00<00:02, 29.67it/s]
 18%|█▊        | 14/79 [00:00<00:02, 32.49it/s]
 23%|██▎       | 18/79 [00:00<00:01, 33.90it/s]
 28%|██▊       | 22/79 [00:00<00:01, 34.32it/s]
 33%|███▎      | 26/79 [00:00<00:01, 34.32it/s]
 38%|███▊      | 30/79 [00:00<00:01, 33.77it/s]
 43%|████▎     | 34/79 [00:01<00:01, 34.55it/s]
 48%|████▊     | 38/79 [00:01<00:01, 35.22it/s]
 53%|█████▎    | 42/79 [00:01<00:01, 32.75it/s]
 58%|█████▊    | 46/79 [00:01<00:01, 31.39it/s]
 63%|██████▎   | 50/79 [00:01<00:00, 29.62it/s]
 68%|██████▊   | 54/79 [00:01<00:00, 28.29it/s]
 72%|███████▏  | 57/79 [00:01<00:00, 25.90it/s]
 77%|███████▋  | 61/79 [00:02<00:00, 26.36it/s]
 82%|████████▏ | 65/79 [00:02<00:00, 28.29it/s]
 87%|████████▋ | 69/79 [00:02<00:00, 30.13it/s]
 92%|█████████▏| 73/79 [00:02<00:00, 31.49it/s]
 97%|█████████▋| 77/79 [00:02<00:00, 32.77it/s]
100%|██████████| 79/79 [00:02<00:00, 31.22it/s]

CommRound: 26/30
Accuracy: 91.29% | Loss: 0.3458
[####################################################--------] 86.7%
Elapsed: 5.1m | Avg/Round: 11.7s | Last: 11.6s | Next: 11.7s | Remaining: 0.8m
ETA: 03:46:29
Recent round times: R1: 11.4s -> R2: 11.2s -> R3: 11.2s -> R4: 11.5s -> R5: 11.6s

  0%|          | 0/79 [00:00<?, ?it/s]
  1%|▏         | 1/79 [00:00<00:09,  8.54it/s]
  6%|▋         | 5/79 [00:00<00:03, 21.49it/s]
 11%|█▏        | 9/79 [00:00<00:02, 23.59it/s]
 16%|█▋        | 13/79 [00:00<00:02, 24.45it/s]
 22%|██▏       | 17/79 [00:00<00:02, 24.88it/s]
 27%|██▋       | 21/79 [00:00<00:02, 27.55it/s]
 32%|███▏      | 25/79 [00:00<00:01, 29.40it/s]
 35%|███▌      | 28/79 [00:01<00:01, 28.31it/s]
 41%|████      | 32/79 [00:01<00:01, 27.87it/s]
 46%|████▌     | 36/79 [00:01<00:01, 27.64it/s]
 51%|█████     | 40/79 [00:01<00:01, 27.33it/s]
 56%|█████▌    | 44/79 [00:01<00:01, 26.50it/s]
 61%|██████    | 48/79 [00:01<00:01, 25.87it/s]
 66%|██████▌   | 52/79 [00:02<00:01, 25.43it/s]
 71%|███████   | 56/79 [00:02<00:00, 25.84it/s]
 76%|███████▌  | 60/79 [00:02<00:00, 26.60it/s]
 81%|████████  | 64/79 [00:02<00:00, 26.74it/s]
 86%|████████▌ | 68/79 [00:02<00:00, 27.47it/s]
 91%|█████████ | 72/79 [00:02<00:00, 27.69it/s]
 96%|█████████▌| 76/79 [00:02<00:00, 27.48it/s]
100%|██████████| 79/79 [00:02<00:00, 26.81it/s]

CommRound: 27/30
Accuracy: 91.33% | Loss: 0.3464
[######################################################------] 90.0%
Elapsed: 5.3m | Avg/Round: 11.8s | Last: 12.0s | Next: 11.8s | Remaining: 0.6m
ETA: 03:46:29
Recent round times: R1: 11.2s -> R2: 11.2s -> R3: 11.5s -> R4: 11.6s -> R5: 12.0s

  0%|          | 0/79 [00:00<?, ?it/s]
  1%|▏         | 1/79 [00:00<00:09,  8.22it/s]
  8%|▊         | 6/79 [00:00<00:02, 30.72it/s]
 13%|█▎        | 10/79 [00:00<00:02, 32.72it/s]
 18%|█▊        | 14/79 [00:00<00:02, 30.11it/s]
 23%|██▎       | 18/79 [00:00<00:02, 21.70it/s]
 28%|██▊       | 22/79 [00:00<00:02, 25.33it/s]
 33%|███▎      | 26/79 [00:00<00:01, 27.99it/s]
 38%|███▊      | 30/79 [00:01<00:01, 30.04it/s]
 43%|████▎     | 34/79 [00:01<00:01, 31.52it/s]
 48%|████▊     | 38/79 [00:01<00:01, 32.42it/s]
 53%|█████▎    | 42/79 [00:01<00:01, 33.53it/s]
 58%|█████▊    | 46/79 [00:01<00:00, 34.13it/s]
 63%|██████▎   | 50/79 [00:01<00:00, 33.33it/s]
 68%|██████▊   | 54/79 [00:01<00:00, 34.47it/s]
 73%|███████▎  | 58/79 [00:01<00:00, 34.78it/s]
 78%|███████▊  | 62/79 [00:01<00:00, 35.05it/s]
 84%|████████▎ | 66/79 [00:02<00:00, 32.78it/s]
 89%|████████▊ | 70/79 [00:02<00:00, 32.72it/s]
 94%|█████████▎| 74/79 [00:02<00:00, 33.58it/s]
 99%|█████████▊| 78/79 [00:02<00:00, 34.24it/s]
100%|██████████| 79/79 [00:02<00:00, 31.47it/s]

CommRound: 28/30
Accuracy: 91.33% | Loss: 0.3470
[########################################################----] 93.3%
Elapsed: 5.5m | Avg/Round: 11.8s | Last: 11.6s | Next: 11.8s | Remaining: 0.4m
ETA: 03:46:29
Recent round times: R1: 11.2s -> R2: 11.5s -> R3: 11.6s -> R4: 12.0s -> R5: 11.6s

  0%|          | 0/79 [00:00<?, ?it/s]
  1%|▏         | 1/79 [00:00<00:08,  9.41it/s]
  9%|▉         | 7/79 [00:00<00:02, 32.06it/s]
 14%|█▍        | 11/79 [00:00<00:03, 22.37it/s]
 19%|█▉        | 15/79 [00:00<00:02, 26.76it/s]
 24%|██▍       | 19/79 [00:00<00:01, 30.26it/s]
 30%|███       | 24/79 [00:00<00:01, 32.78it/s]
 35%|███▌      | 28/79 [00:00<00:01, 34.59it/s]
 41%|████      | 32/79 [00:01<00:01, 35.61it/s]
 47%|████▋     | 37/79 [00:01<00:01, 38.55it/s]
 53%|█████▎    | 42/79 [00:01<00:00, 37.48it/s]
 58%|█████▊    | 46/79 [00:01<00:00, 38.03it/s]
 65%|██████▍   | 51/79 [00:01<00:00, 41.07it/s]
 71%|███████   | 56/79 [00:01<00:00, 38.41it/s]
 76%|███████▌  | 60/79 [00:01<00:00, 38.76it/s]
 82%|████████▏ | 65/79 [00:01<00:00, 41.64it/s]
 89%|████████▊ | 70/79 [00:01<00:00, 38.62it/s]
 94%|█████████▎| 74/79 [00:02<00:00, 37.44it/s]
100%|██████████| 79/79 [00:02<00:00, 35.63it/s]

CommRound: 29/30
Accuracy: 91.34% | Loss: 0.3474
[##########################################################--] 96.7%
Elapsed: 5.7m | Avg/Round: 11.7s | Last: 11.0s | Next: 11.7s | Remaining: 0.2m
ETA: 03:46:28
Recent round times: R1: 11.5s -> R2: 11.6s -> R3: 12.0s -> R4: 11.6s -> R5: 11.0s

  0%|          | 0/79 [00:00<?, ?it/s]
  1%|▏         | 1/79 [00:00<00:20,  3.72it/s]
  8%|▊         | 6/79 [00:00<00:03, 18.31it/s]
 11%|█▏        | 9/79 [00:00<00:05, 12.62it/s]
 14%|█▍        | 11/79 [00:00<00:04, 13.61it/s]
 16%|█▋        | 13/79 [00:00<00:04, 14.53it/s]
 19%|█▉        | 15/79 [00:01<00:04, 15.15it/s]
 22%|██▏       | 17/79 [00:01<00:04, 15.46it/s]
 24%|██▍       | 19/79 [00:01<00:03, 15.40it/s]
 27%|██▋       | 21/79 [00:01<00:03, 15.95it/s]
 29%|██▉       | 23/79 [00:01<00:03, 15.84it/s]
 32%|███▏      | 25/79 [00:01<00:03, 16.17it/s]
 34%|███▍      | 27/79 [00:01<00:03, 16.24it/s]
 37%|███▋      | 29/79 [00:01<00:03, 16.21it/s]
 41%|████      | 32/79 [00:02<00:02, 17.35it/s]
 43%|████▎     | 34/79 [00:02<00:02, 17.06it/s]
 46%|████▌     | 36/79 [00:02<00:02, 16.93it/s]
 48%|████▊     | 38/79 [00:02<00:02, 17.37it/s]
 51%|█████     | 40/79 [00:02<00:02, 17.06it/s]
 53%|█████▎    | 42/79 [00:02<00:02, 16.73it/s]
 56%|█████▌    | 44/79 [00:02<00:02, 16.48it/s]
 58%|█████▊    | 46/79 [00:02<00:02, 16.33it/s]
 61%|██████    | 48/79 [00:03<00:01, 17.01it/s]
 63%|██████▎   | 50/79 [00:03<00:01, 16.54it/s]
 66%|██████▌   | 52/79 [00:03<00:01, 17.16it/s]
 68%|██████▊   | 54/79 [00:03<00:01, 17.60it/s]
 71%|███████   | 56/79 [00:03<00:01, 17.17it/s]
 73%|███████▎  | 58/79 [00:03<00:01, 16.85it/s]
 78%|███████▊  | 62/79 [00:03<00:00, 21.05it/s]
 84%|████████▎ | 66/79 [00:03<00:00, 23.68it/s]
 89%|████████▊ | 70/79 [00:04<00:00, 25.27it/s]
 92%|█████████▏| 73/79 [00:04<00:00, 25.07it/s]
 96%|█████████▌| 76/79 [00:04<00:00, 20.90it/s]
100%|██████████| 79/79 [00:04<00:00, 17.65it/s]

CommRound: 30/30
Accuracy: 91.35% | Loss: 0.3479
[############################################################] 100.0%
Elapsed: 5.9m | Avg/Round: 11.8s | Last: 13.5s | Next: 11.8s | Remaining: 0.0m
ETA: 03:46:30
Recent round times: R1: 11.6s -> R2: 12.0s -> R3: 11.6s -> R4: 11.0s -> R5: 13.5s
Total time for experiment: 353.5670883655548 seconds
Device average training time per communication round [s]:
    rpi (sld-rpi-09.ece.utexas.edu): 5.94 seconds
    mc1 (sld-mc1-09.ece.utexas.edu): 3.91 seconds
