
  0%|          | 0/79 [00:00<?, ?it/s]
  1%|▏         | 1/79 [00:00<00:09,  8.65it/s]
  6%|▋         | 5/79 [00:00<00:03, 21.26it/s]
 11%|█▏        | 9/79 [00:00<00:02, 24.27it/s]
 15%|█▌        | 12/79 [00:00<00:02, 24.42it/s]
 19%|█▉        | 15/79 [00:00<00:02, 21.61it/s]
 23%|██▎       | 18/79 [00:00<00:02, 21.67it/s]
 27%|██▋       | 21/79 [00:00<00:02, 22.64it/s]
 32%|███▏      | 25/79 [00:01<00:02, 23.27it/s]
 37%|███▋      | 29/79 [00:01<00:01, 26.84it/s]
 41%|████      | 32/79 [00:01<00:01, 23.77it/s]
 44%|████▍     | 35/79 [00:01<00:02, 19.86it/s]
 48%|████▊     | 38/79 [00:01<00:02, 18.58it/s]
 52%|█████▏    | 41/79 [00:01<00:02, 17.26it/s]
 54%|█████▍    | 43/79 [00:02<00:02, 15.60it/s]
 59%|█████▉    | 47/79 [00:02<00:01, 19.94it/s]
 65%|██████▍   | 51/79 [00:02<00:01, 22.54it/s]
 70%|██████▉   | 55/79 [00:02<00:00, 25.31it/s]
 73%|███████▎  | 58/79 [00:02<00:00, 25.05it/s]
 77%|███████▋  | 61/79 [00:02<00:00, 21.99it/s]
 81%|████████  | 64/79 [00:02<00:00, 21.94it/s]
 85%|████████▍ | 67/79 [00:03<00:00, 22.93it/s]
 90%|████████▉ | 71/79 [00:03<00:00, 26.95it/s]
 94%|█████████▎| 74/79 [00:03<00:00, 22.57it/s]
 99%|█████████▊| 78/79 [00:03<00:00, 26.11it/s]
100%|██████████| 79/79 [00:03<00:00, 22.49it/s]
Initial Accuracy: 14.65%; Initial Loss: 2.3487

  0%|          | 0/79 [00:00<?, ?it/s]
  1%|▏         | 1/79 [00:00<00:08,  9.24it/s]
  6%|▋         | 5/79 [00:00<00:02, 26.24it/s]
 11%|█▏        | 9/79 [00:00<00:02, 29.51it/s]
 16%|█▋        | 13/79 [00:00<00:02, 32.87it/s]
 22%|██▏       | 17/79 [00:00<00:01, 34.61it/s]
 27%|██▋       | 21/79 [00:00<00:01, 36.05it/s]
 32%|███▏      | 25/79 [00:00<00:01, 37.00it/s]
 37%|███▋      | 29/79 [00:00<00:01, 36.95it/s]
 42%|████▏     | 33/79 [00:00<00:01, 37.29it/s]
 47%|████▋     | 37/79 [00:01<00:01, 36.95it/s]
 52%|█████▏    | 41/79 [00:01<00:01, 36.45it/s]
 57%|█████▋    | 45/79 [00:01<00:00, 36.66it/s]
 62%|██████▏   | 49/79 [00:01<00:00, 35.20it/s]
 67%|██████▋   | 53/79 [00:01<00:00, 35.75it/s]
 72%|███████▏  | 57/79 [00:01<00:00, 35.65it/s]
 77%|███████▋  | 61/79 [00:01<00:00, 34.24it/s]
 82%|████████▏ | 65/79 [00:01<00:00, 34.54it/s]
 87%|████████▋ | 69/79 [00:01<00:00, 34.37it/s]
 92%|█████████▏| 73/79 [00:02<00:00, 33.92it/s]
 97%|█████████▋| 77/79 [00:02<00:00, 34.26it/s]
100%|██████████| 79/79 [00:02<00:00, 34.25it/s]

CommRound: 1/30
Accuracy: 64.41% | Loss: 1.0940
[##----------------------------------------------------------] 3.3%
Elapsed: 0.9m | Avg/Round: 53.6s | Last: 50.0s | Next: 53.6s | Remaining: 25.9m
ETA: 17:09:28
Recent round times: R1: 50.0s

  0%|          | 0/79 [00:00<?, ?it/s]
  1%|▏         | 1/79 [00:00<00:10,  7.56it/s]
  6%|▋         | 5/79 [00:00<00:03, 23.29it/s]
 11%|█▏        | 9/79 [00:00<00:03, 20.51it/s]
 15%|█▌        | 12/79 [00:00<00:03, 21.27it/s]
 19%|█▉        | 15/79 [00:00<00:02, 22.01it/s]
 24%|██▍       | 19/79 [00:00<00:02, 25.90it/s]
 29%|██▉       | 23/79 [00:00<00:01, 28.91it/s]
 34%|███▍      | 27/79 [00:01<00:01, 30.71it/s]
 39%|███▉      | 31/79 [00:01<00:01, 31.40it/s]
 44%|████▍     | 35/79 [00:01<00:01, 31.27it/s]
 49%|████▉     | 39/79 [00:01<00:01, 31.42it/s]
 54%|█████▍    | 43/79 [00:01<00:01, 32.36it/s]
 59%|█████▉    | 47/79 [00:01<00:00, 32.63it/s]
 65%|██████▍   | 51/79 [00:01<00:00, 32.24it/s]
 70%|██████▉   | 55/79 [00:01<00:00, 32.40it/s]
 75%|███████▍  | 59/79 [00:02<00:00, 33.13it/s]
 80%|███████▉  | 63/79 [00:02<00:00, 33.59it/s]
 85%|████████▍ | 67/79 [00:02<00:00, 33.46it/s]
 90%|████████▉ | 71/79 [00:02<00:00, 32.91it/s]
 95%|█████████▍| 75/79 [00:02<00:00, 33.72it/s]
100%|██████████| 79/79 [00:02<00:00, 35.17it/s]
100%|██████████| 79/79 [00:02<00:00, 30.15it/s]

CommRound: 2/30
Accuracy: 74.92% | Loss: 0.7478
[####--------------------------------------------------------] 6.7%
Elapsed: 1.7m | Avg/Round: 50.6s | Last: 47.6s | Next: 50.6s | Remaining: 23.6m
ETA: 17:07:59
Recent round times: R1: 50.0s -> R2: 47.6s

  0%|          | 0/79 [00:00<?, ?it/s]
  1%|▏         | 1/79 [00:00<00:14,  5.23it/s]
  3%|▎         | 2/79 [00:00<00:11,  6.99it/s]
  4%|▍         | 3/79 [00:00<00:10,  7.44it/s]
  6%|▋         | 5/79 [00:00<00:06, 10.87it/s]
 11%|█▏        | 9/79 [00:00<00:03, 19.76it/s]
 16%|█▋        | 13/79 [00:00<00:02, 24.43it/s]
 20%|██        | 16/79 [00:00<00:03, 18.91it/s]
 27%|██▋       | 21/79 [00:01<00:02, 26.08it/s]
 32%|███▏      | 25/79 [00:01<00:02, 26.08it/s]
 35%|███▌      | 28/79 [00:01<00:01, 26.91it/s]
 39%|███▉      | 31/79 [00:01<00:01, 24.28it/s]
 43%|████▎     | 34/79 [00:01<00:02, 17.43it/s]
 47%|████▋     | 37/79 [00:02<00:02, 15.32it/s]
 52%|█████▏    | 41/79 [00:02<00:02, 16.46it/s]
 54%|█████▍    | 43/79 [00:02<00:02, 14.69it/s]
 57%|█████▋    | 45/79 [00:02<00:02, 13.21it/s]
 59%|█████▉    | 47/79 [00:02<00:02, 12.05it/s]
 62%|██████▏   | 49/79 [00:03<00:02, 11.24it/s]
 66%|██████▌   | 52/79 [00:03<00:02, 12.94it/s]
 68%|██████▊   | 54/79 [00:03<00:02, 11.82it/s]
 71%|███████   | 56/79 [00:03<00:02, 11.12it/s]
 73%|███████▎  | 58/79 [00:03<00:01, 10.66it/s]
 76%|███████▌  | 60/79 [00:04<00:01, 10.35it/s]
 80%|███████▉  | 63/79 [00:04<00:01, 13.61it/s]
 86%|████████▌ | 68/79 [00:04<00:00, 16.37it/s]
 90%|████████▉ | 71/79 [00:04<00:00, 17.65it/s]
 92%|█████████▏| 73/79 [00:04<00:00, 15.55it/s]
 95%|█████████▍| 75/79 [00:04<00:00, 16.07it/s]
100%|██████████| 79/79 [00:04<00:00, 21.07it/s]
100%|██████████| 79/79 [00:04<00:00, 15.84it/s]

CommRound: 3/30
Accuracy: 82.04% | Loss: 0.5693
[######------------------------------------------------------] 10.0%
Elapsed: 2.7m | Avg/Round: 54.0s | Last: 60.8s | Next: 54.0s | Remaining: 24.3m
ETA: 17:09:41
Recent round times: R1: 50.0s -> R2: 47.6s -> R3: 60.8s

  0%|          | 0/79 [00:00<?, ?it/s]
  3%|▎         | 2/79 [00:00<00:04, 18.75it/s]
  6%|▋         | 5/79 [00:00<00:02, 24.79it/s]
 11%|█▏        | 9/79 [00:00<00:02, 24.00it/s]
 15%|█▌        | 12/79 [00:00<00:02, 25.36it/s]
 19%|█▉        | 15/79 [00:00<00:03, 20.94it/s]
 23%|██▎       | 18/79 [00:00<00:02, 22.62it/s]
 27%|██▋       | 21/79 [00:00<00:02, 19.43it/s]
 30%|███       | 24/79 [00:01<00:02, 21.58it/s]
 34%|███▍      | 27/79 [00:01<00:02, 20.46it/s]
 39%|███▉      | 31/79 [00:01<00:02, 21.18it/s]
 44%|████▍     | 35/79 [00:01<00:02, 21.63it/s]
 49%|████▉     | 39/79 [00:01<00:01, 22.01it/s]
 54%|█████▍    | 43/79 [00:01<00:01, 22.09it/s]
 59%|█████▉    | 47/79 [00:02<00:01, 23.01it/s]
 65%|██████▍   | 51/79 [00:02<00:01, 24.95it/s]
 70%|██████▉   | 55/79 [00:02<00:00, 27.50it/s]
 75%|███████▍  | 59/79 [00:02<00:00, 29.47it/s]
 80%|███████▉  | 63/79 [00:02<00:00, 30.99it/s]
 85%|████████▍ | 67/79 [00:02<00:00, 32.10it/s]
 90%|████████▉ | 71/79 [00:02<00:00, 26.09it/s]
 94%|█████████▎| 74/79 [00:03<00:00, 25.49it/s]
 97%|█████████▋| 77/79 [00:03<00:00, 23.85it/s]
100%|██████████| 79/79 [00:03<00:00, 24.39it/s]

CommRound: 4/30
Accuracy: 82.46% | Loss: 0.5613
[########----------------------------------------------------] 13.3%
Elapsed: 3.6m | Avg/Round: 53.8s | Last: 53.3s | Next: 53.8s | Remaining: 23.3m
ETA: 17:09:35
Recent round times: R1: 50.0s -> R2: 47.6s -> R3: 60.8s -> R4: 53.3s

  0%|          | 0/79 [00:00<?, ?it/s]
  1%|▏         | 1/79 [00:00<00:09,  8.25it/s]
  6%|▋         | 5/79 [00:00<00:03, 21.95it/s]
 11%|█▏        | 9/79 [00:00<00:02, 25.50it/s]
 16%|█▋        | 13/79 [00:00<00:02, 26.76it/s]
 22%|██▏       | 17/79 [00:00<00:02, 27.34it/s]
 27%|██▋       | 21/79 [00:00<00:02, 28.16it/s]
 32%|███▏      | 25/79 [00:00<00:01, 28.91it/s]
 37%|███▋      | 29/79 [00:01<00:01, 27.86it/s]
 42%|████▏     | 33/79 [00:01<00:01, 27.74it/s]
 47%|████▋     | 37/79 [00:01<00:01, 28.19it/s]
 52%|█████▏    | 41/79 [00:01<00:01, 28.13it/s]
 57%|█████▋    | 45/79 [00:01<00:01, 28.30it/s]
 62%|██████▏   | 49/79 [00:01<00:01, 27.43it/s]
 67%|██████▋   | 53/79 [00:01<00:00, 27.13it/s]
 72%|███████▏  | 57/79 [00:02<00:00, 27.46it/s]
 77%|███████▋  | 61/79 [00:02<00:00, 28.10it/s]
 82%|████████▏ | 65/79 [00:02<00:00, 26.48it/s]
 87%|████████▋ | 69/79 [00:02<00:00, 28.73it/s]
 92%|█████████▏| 73/79 [00:02<00:00, 28.42it/s]
 97%|█████████▋| 77/79 [00:02<00:00, 29.23it/s]
100%|██████████| 79/79 [00:02<00:00, 28.06it/s]

CommRound: 5/30
Accuracy: 81.16% | Loss: 0.6421
[##########--------------------------------------------------] 16.7%
Elapsed: 4.4m | Avg/Round: 53.3s | Last: 51.4s | Next: 53.3s | Remaining: 22.2m
ETA: 17:09:21
Recent round times: R1: 50.0s -> R2: 47.6s -> R3: 60.8s -> R4: 53.3s -> R5: 51.4s

  0%|          | 0/79 [00:00<?, ?it/s]
  1%|▏         | 1/79 [00:00<00:13,  5.83it/s]
  6%|▋         | 5/79 [00:00<00:04, 17.78it/s]
 11%|█▏        | 9/79 [00:00<00:03, 21.36it/s]
 16%|█▋        | 13/79 [00:00<00:02, 22.60it/s]
 20%|██        | 16/79 [00:00<00:02, 24.12it/s]
 24%|██▍       | 19/79 [00:00<00:03, 19.58it/s]
 30%|███       | 24/79 [00:01<00:02, 22.57it/s]
 34%|███▍      | 27/79 [00:01<00:02, 21.95it/s]
 41%|████      | 32/79 [00:01<00:01, 24.37it/s]
 46%|████▌     | 36/79 [00:01<00:01, 24.74it/s]
 49%|████▉     | 39/79 [00:01<00:01, 25.12it/s]
 53%|█████▎    | 42/79 [00:01<00:01, 23.17it/s]
 57%|█████▋    | 45/79 [00:02<00:01, 23.61it/s]
 61%|██████    | 48/79 [00:02<00:01, 22.93it/s]
 65%|██████▍   | 51/79 [00:02<00:01, 24.30it/s]
 68%|██████▊   | 54/79 [00:02<00:01, 23.19it/s]
 72%|███████▏  | 57/79 [00:02<00:00, 24.58it/s]
 76%|███████▌  | 60/79 [00:02<00:00, 23.65it/s]
 80%|███████▉  | 63/79 [00:02<00:00, 23.55it/s]
 84%|████████▎ | 66/79 [00:02<00:00, 24.34it/s]
 87%|████████▋ | 69/79 [00:03<00:00, 22.34it/s]
 92%|█████████▏| 73/79 [00:03<00:00, 23.29it/s]
 96%|█████████▌| 76/79 [00:03<00:00, 23.76it/s]
100%|██████████| 79/79 [00:03<00:00, 23.11it/s]

CommRound: 6/30
Accuracy: 83.09% | Loss: 0.5845
[############------------------------------------------------] 20.0%
Elapsed: 5.4m | Avg/Round: 53.6s | Last: 54.7s | Next: 53.6s | Remaining: 21.4m
ETA: 17:09:28
Recent round times: R1: 47.6s -> R2: 60.8s -> R3: 53.3s -> R4: 51.4s -> R5: 54.7s

  0%|          | 0/79 [00:00<?, ?it/s]
  1%|▏         | 1/79 [00:00<00:18,  4.30it/s]
  6%|▋         | 5/79 [00:00<00:04, 17.70it/s]
 11%|█▏        | 9/79 [00:00<00:02, 25.39it/s]
 16%|█▋        | 13/79 [00:00<00:02, 22.71it/s]
 22%|██▏       | 17/79 [00:00<00:02, 23.53it/s]
 27%|██▋       | 21/79 [00:00<00:02, 22.59it/s]
 30%|███       | 24/79 [00:01<00:02, 24.22it/s]
 34%|███▍      | 27/79 [00:01<00:02, 23.32it/s]
 38%|███▊      | 30/79 [00:01<00:02, 19.31it/s]
 42%|████▏     | 33/79 [00:01<00:02, 21.41it/s]
 46%|████▌     | 36/79 [00:01<00:01, 22.96it/s]
 51%|█████     | 40/79 [00:01<00:01, 24.59it/s]
 54%|█████▍    | 43/79 [00:01<00:01, 24.88it/s]
 59%|█████▉    | 47/79 [00:02<00:01, 26.22it/s]
 63%|██████▎   | 50/79 [00:02<00:01, 26.44it/s]
 67%|██████▋   | 53/79 [00:02<00:01, 19.53it/s]
 71%|███████   | 56/79 [00:02<00:01, 16.43it/s]
 73%|███████▎  | 58/79 [00:02<00:01, 14.14it/s]
 76%|███████▌  | 60/79 [00:03<00:01, 12.92it/s]
 78%|███████▊  | 62/79 [00:03<00:01, 12.28it/s]
 81%|████████  | 64/79 [00:03<00:01, 11.73it/s]
 84%|████████▎ | 66/79 [00:03<00:01, 11.13it/s]
 86%|████████▌ | 68/79 [00:03<00:01, 10.98it/s]
 91%|█████████ | 72/79 [00:04<00:00, 14.12it/s]
 94%|█████████▎| 74/79 [00:04<00:00, 15.07it/s]
100%|██████████| 79/79 [00:04<00:00, 18.61it/s]

CommRound: 7/30
Accuracy: 83.90% | Loss: 0.5720
[##############----------------------------------------------] 23.3%
Elapsed: 6.1m | Avg/Round: 52.6s | Last: 46.5s | Next: 52.6s | Remaining: 20.1m
ETA: 17:08:57
Recent round times: R1: 60.8s -> R2: 53.3s -> R3: 51.4s -> R4: 54.7s -> R5: 46.5s

  0%|          | 0/79 [00:00<?, ?it/s]
  1%|▏         | 1/79 [00:00<00:11,  6.93it/s]
  6%|▋         | 5/79 [00:00<00:03, 20.55it/s]
 11%|█▏        | 9/79 [00:00<00:03, 23.12it/s]
 16%|█▋        | 13/79 [00:00<00:02, 24.18it/s]
 22%|██▏       | 17/79 [00:00<00:02, 25.07it/s]
 27%|██▋       | 21/79 [00:00<00:02, 25.15it/s]
 32%|███▏      | 25/79 [00:01<00:02, 25.43it/s]
 37%|███▋      | 29/79 [00:01<00:01, 25.40it/s]
 42%|████▏     | 33/79 [00:01<00:01, 25.77it/s]
 47%|████▋     | 37/79 [00:01<00:01, 26.32it/s]
 52%|█████▏    | 41/79 [00:01<00:01, 26.48it/s]
 57%|█████▋    | 45/79 [00:01<00:01, 26.74it/s]
 62%|██████▏   | 49/79 [00:01<00:01, 26.48it/s]
 67%|██████▋   | 53/79 [00:02<00:00, 26.52it/s]
 72%|███████▏  | 57/79 [00:02<00:00, 26.80it/s]
 77%|███████▋  | 61/79 [00:02<00:00, 26.81it/s]
 82%|████████▏ | 65/79 [00:02<00:00, 26.87it/s]
 87%|████████▋ | 69/79 [00:02<00:00, 27.06it/s]
 92%|█████████▏| 73/79 [00:02<00:00, 27.85it/s]
 97%|█████████▋| 77/79 [00:02<00:00, 28.72it/s]
100%|██████████| 79/79 [00:03<00:00, 26.13it/s]

CommRound: 8/30
Accuracy: 85.11% | Loss: 0.5410
[################--------------------------------------------] 26.7%
Elapsed: 6.8m | Avg/Round: 51.1s | Last: 40.7s | Next: 51.1s | Remaining: 18.7m
ETA: 17:08:13
Recent round times: R1: 53.3s -> R2: 51.4s -> R3: 54.7s -> R4: 46.5s -> R5: 40.7s

  0%|          | 0/79 [00:00<?, ?it/s]
  1%|▏         | 1/79 [00:00<00:10,  7.17it/s]
  6%|▋         | 5/79 [00:00<00:03, 20.07it/s]
 11%|█▏        | 9/79 [00:00<00:02, 23.34it/s]
 15%|█▌        | 12/79 [00:00<00:02, 24.28it/s]
 20%|██        | 16/79 [00:00<00:02, 27.75it/s]
 25%|██▌       | 20/79 [00:00<00:01, 30.38it/s]
 30%|███       | 24/79 [00:00<00:01, 29.78it/s]
 35%|███▌      | 28/79 [00:01<00:01, 29.10it/s]
 39%|███▉      | 31/79 [00:01<00:01, 27.83it/s]
 43%|████▎     | 34/79 [00:01<00:01, 26.88it/s]
 48%|████▊     | 38/79 [00:01<00:01, 26.81it/s]
 52%|█████▏    | 41/79 [00:01<00:01, 25.44it/s]
 58%|█████▊    | 46/79 [00:01<00:01, 28.80it/s]
 63%|██████▎   | 50/79 [00:01<00:00, 30.55it/s]
 68%|██████▊   | 54/79 [00:01<00:00, 31.91it/s]
 73%|███████▎  | 58/79 [00:02<00:00, 32.27it/s]
 78%|███████▊  | 62/79 [00:02<00:00, 33.49it/s]
 84%|████████▎ | 66/79 [00:02<00:00, 33.69it/s]
 89%|████████▊ | 70/79 [00:02<00:00, 33.62it/s]
 94%|█████████▎| 74/79 [00:02<00:00, 31.38it/s]
 99%|█████████▊| 78/79 [00:02<00:00, 31.27it/s]
100%|██████████| 79/79 [00:02<00:00, 28.97it/s]

CommRound: 9/30
Accuracy: 85.27% | Loss: 0.5448
[##################------------------------------------------] 30.0%
Elapsed: 7.6m | Avg/Round: 50.6s | Last: 46.3s | Next: 50.6s | Remaining: 17.7m
ETA: 17:07:57
Recent round times: R1: 51.4s -> R2: 54.7s -> R3: 46.5s -> R4: 40.7s -> R5: 46.3s

  0%|          | 0/79 [00:00<?, ?it/s]
  1%|▏         | 1/79 [00:00<00:11,  6.95it/s]
  6%|▋         | 5/79 [00:00<00:03, 21.00it/s]
 11%|█▏        | 9/79 [00:00<00:02, 24.72it/s]
 16%|█▋        | 13/79 [00:00<00:02, 26.35it/s]
 22%|██▏       | 17/79 [00:00<00:02, 26.90it/s]
 27%|██▋       | 21/79 [00:00<00:02, 27.19it/s]
 32%|███▏      | 25/79 [00:00<00:01, 27.19it/s]
 35%|███▌      | 28/79 [00:01<00:01, 27.47it/s]
 39%|███▉      | 31/79 [00:01<00:01, 26.90it/s]
 44%|████▍     | 35/79 [00:01<00:01, 26.71it/s]
 49%|████▉     | 39/79 [00:01<00:01, 26.58it/s]
 54%|█████▍    | 43/79 [00:01<00:01, 26.36it/s]
 59%|█████▉    | 47/79 [00:01<00:01, 26.87it/s]
 65%|██████▍   | 51/79 [00:01<00:01, 26.64it/s]
 70%|██████▉   | 55/79 [00:02<00:00, 25.44it/s]
 75%|███████▍  | 59/79 [00:02<00:00, 25.47it/s]
 80%|███████▉  | 63/79 [00:02<00:00, 27.56it/s]
 85%|████████▍ | 67/79 [00:02<00:00, 27.31it/s]
 90%|████████▉ | 71/79 [00:02<00:00, 26.60it/s]
 95%|█████████▍| 75/79 [00:02<00:00, 28.24it/s]
100%|██████████| 79/79 [00:02<00:00, 26.92it/s]

CommRound: 10/30
Accuracy: 84.86% | Loss: 0.5721
[####################----------------------------------------] 33.3%
Elapsed: 8.4m | Avg/Round: 50.6s | Last: 50.6s | Next: 50.6s | Remaining: 16.9m
ETA: 17:07:57
Recent round times: R1: 54.7s -> R2: 46.5s -> R3: 40.7s -> R4: 46.3s -> R5: 50.6s

  0%|          | 0/79 [00:00<?, ?it/s]
  1%|▏         | 1/79 [00:00<00:09,  8.16it/s]
  6%|▋         | 5/79 [00:00<00:03, 23.81it/s]
 10%|█         | 8/79 [00:00<00:02, 24.91it/s]
 14%|█▍        | 11/79 [00:00<00:02, 26.31it/s]
 19%|█▉        | 15/79 [00:00<00:02, 30.77it/s]
 24%|██▍       | 19/79 [00:00<00:01, 31.96it/s]
 29%|██▉       | 23/79 [00:00<00:01, 30.33it/s]
 34%|███▍      | 27/79 [00:00<00:01, 30.73it/s]
 39%|███▉      | 31/79 [00:01<00:01, 30.67it/s]
 44%|████▍     | 35/79 [00:01<00:01, 31.74it/s]
 49%|████▉     | 39/79 [00:01<00:01, 31.86it/s]
 54%|█████▍    | 43/79 [00:01<00:01, 33.00it/s]
 59%|█████▉    | 47/79 [00:01<00:00, 33.33it/s]
 65%|██████▍   | 51/79 [00:01<00:00, 33.67it/s]
 70%|██████▉   | 55/79 [00:01<00:00, 33.33it/s]
 75%|███████▍  | 59/79 [00:01<00:00, 30.19it/s]
 80%|███████▉  | 63/79 [00:02<00:00, 30.50it/s]
 85%|████████▍ | 67/79 [00:02<00:00, 30.66it/s]
 90%|████████▉ | 71/79 [00:02<00:00, 30.77it/s]
 95%|█████████▍| 75/79 [00:02<00:00, 30.33it/s]
100%|██████████| 79/79 [00:02<00:00, 30.87it/s]

CommRound: 11/30
Accuracy: 84.41% | Loss: 0.5919
[######################--------------------------------------] 36.7%
Elapsed: 9.3m | Avg/Round: 50.8s | Last: 53.6s | Next: 50.8s | Remaining: 16.1m
ETA: 17:08:05
Recent round times: R1: 46.5s -> R2: 40.7s -> R3: 46.3s -> R4: 50.6s -> R5: 53.6s

  0%|          | 0/79 [00:00<?, ?it/s]
  1%|▏         | 1/79 [00:00<00:08,  8.70it/s]
  6%|▋         | 5/79 [00:00<00:03, 22.12it/s]
 11%|█▏        | 9/79 [00:00<00:02, 26.13it/s]
 16%|█▋        | 13/79 [00:00<00:02, 29.46it/s]
 22%|██▏       | 17/79 [00:00<00:01, 31.61it/s]
 27%|██▋       | 21/79 [00:00<00:01, 33.04it/s]
 32%|███▏      | 25/79 [00:00<00:01, 33.64it/s]
 37%|███▋      | 29/79 [00:00<00:01, 34.58it/s]
 42%|████▏     | 33/79 [00:01<00:01, 34.86it/s]
 47%|████▋     | 37/79 [00:01<00:01, 32.68it/s]
 52%|█████▏    | 41/79 [00:01<00:01, 32.45it/s]
 57%|█████▋    | 45/79 [00:01<00:01, 33.38it/s]
 62%|██████▏   | 49/79 [00:01<00:00, 34.13it/s]
 67%|██████▋   | 53/79 [00:01<00:00, 34.76it/s]
 72%|███████▏  | 57/79 [00:01<00:00, 34.49it/s]
 77%|███████▋  | 61/79 [00:01<00:00, 35.06it/s]
 82%|████████▏ | 65/79 [00:01<00:00, 36.29it/s]
 87%|████████▋ | 69/79 [00:02<00:00, 36.32it/s]
 92%|█████████▏| 73/79 [00:02<00:00, 37.18it/s]
 97%|█████████▋| 77/79 [00:02<00:00, 37.50it/s]
100%|██████████| 79/79 [00:02<00:00, 33.43it/s]

CommRound: 12/30
Accuracy: 84.54% | Loss: 0.5896
[########################------------------------------------] 40.0%
Elapsed: 10.2m | Avg/Round: 50.8s | Last: 50.5s | Next: 50.8s | Remaining: 15.2m
ETA: 17:08:04
Recent round times: R1: 40.7s -> R2: 46.3s -> R3: 50.6s -> R4: 53.6s -> R5: 50.5s

  0%|          | 0/79 [00:00<?, ?it/s]
  1%|▏         | 1/79 [00:00<00:09,  7.90it/s]
  6%|▋         | 5/79 [00:00<00:03, 22.24it/s]
 11%|█▏        | 9/79 [00:00<00:02, 26.60it/s]
 16%|█▋        | 13/79 [00:00<00:02, 28.14it/s]
 22%|██▏       | 17/79 [00:00<00:02, 29.60it/s]
 27%|██▋       | 21/79 [00:00<00:01, 31.19it/s]
 32%|███▏      | 25/79 [00:00<00:01, 30.68it/s]
 37%|███▋      | 29/79 [00:01<00:01, 30.58it/s]
 42%|████▏     | 33/79 [00:01<00:01, 31.28it/s]
 47%|████▋     | 37/79 [00:01<00:01, 31.27it/s]
 52%|█████▏    | 41/79 [00:01<00:01, 30.59it/s]
 57%|█████▋    | 45/79 [00:01<00:01, 31.88it/s]
 62%|██████▏   | 49/79 [00:01<00:00, 31.23it/s]
 67%|██████▋   | 53/79 [00:01<00:00, 30.44it/s]
 72%|███████▏  | 57/79 [00:01<00:00, 30.56it/s]
 77%|███████▋  | 61/79 [00:02<00:00, 30.71it/s]
 82%|████████▏ | 65/79 [00:02<00:00, 30.99it/s]
 87%|████████▋ | 69/79 [00:02<00:00, 30.85it/s]
 92%|█████████▏| 73/79 [00:02<00:00, 30.95it/s]
 97%|█████████▋| 77/79 [00:02<00:00, 31.48it/s]
100%|██████████| 79/79 [00:02<00:00, 29.90it/s]

CommRound: 13/30
Accuracy: 84.78% | Loss: 0.5862
[##########################----------------------------------] 43.3%
Elapsed: 10.9m | Avg/Round: 50.4s | Last: 46.0s | Next: 50.4s | Remaining: 14.3m
ETA: 17:07:53
Recent round times: R1: 46.3s -> R2: 50.6s -> R3: 53.6s -> R4: 50.5s -> R5: 46.0s

  0%|          | 0/79 [00:00<?, ?it/s]
  1%|▏         | 1/79 [00:00<00:11,  7.09it/s]
  6%|▋         | 5/79 [00:00<00:03, 22.08it/s]
 11%|█▏        | 9/79 [00:00<00:02, 26.79it/s]
 16%|█▋        | 13/79 [00:00<00:02, 29.83it/s]
 22%|██▏       | 17/79 [00:00<00:01, 31.62it/s]
 27%|██▋       | 21/79 [00:00<00:01, 32.69it/s]
 32%|███▏      | 25/79 [00:00<00:01, 29.91it/s]
 38%|███▊      | 30/79 [00:01<00:01, 32.04it/s]
 43%|████▎     | 34/79 [00:01<00:01, 32.55it/s]
 48%|████▊     | 38/79 [00:01<00:01, 33.02it/s]
 53%|█████▎    | 42/79 [00:01<00:01, 33.21it/s]
 58%|█████▊    | 46/79 [00:01<00:01, 32.95it/s]
 63%|██████▎   | 50/79 [00:01<00:00, 33.43it/s]
 68%|██████▊   | 54/79 [00:01<00:00, 33.73it/s]
 73%|███████▎  | 58/79 [00:01<00:00, 33.80it/s]
 78%|███████▊  | 62/79 [00:01<00:00, 31.92it/s]
 84%|████████▎ | 66/79 [00:02<00:00, 30.39it/s]
 89%|████████▊ | 70/79 [00:02<00:00, 29.05it/s]
 94%|█████████▎| 74/79 [00:02<00:00, 28.20it/s]
 99%|█████████▊| 78/79 [00:02<00:00, 28.81it/s]
100%|██████████| 79/79 [00:02<00:00, 30.45it/s]

CommRound: 14/30
Accuracy: 84.99% | Loss: 0.5855
[############################--------------------------------] 46.7%
Elapsed: 11.7m | Avg/Round: 50.3s | Last: 48.3s | Next: 50.3s | Remaining: 13.4m
ETA: 17:07:49
Recent round times: R1: 50.6s -> R2: 53.6s -> R3: 50.5s -> R4: 46.0s -> R5: 48.3s
EARLY_STOP: round=14; best_acc=85.27; current_acc=84.99; threshold=90.00; patience=5; reason=converged_below_target
Total time for experiment: 703.843154668808 seconds
Device average training time per communication round [s]:
    rpi (sld-rpi-09.ece.utexas.edu): 12.36 seconds
    mc1 (sld-mc1-09.ece.utexas.edu): 45.90 seconds
