
  0%|          | 0/79 [00:00<?, ?it/s]
  3%|▎         | 2/79 [00:00<00:03, 19.98it/s]
  8%|▊         | 6/79 [00:00<00:03, 23.84it/s]
 13%|█▎        | 10/79 [00:00<00:02, 29.48it/s]
 18%|█▊        | 14/79 [00:00<00:01, 32.88it/s]
 23%|██▎       | 18/79 [00:00<00:01, 34.72it/s]
 28%|██▊       | 22/79 [00:00<00:01, 36.19it/s]
 33%|███▎      | 26/79 [00:00<00:01, 37.09it/s]
 38%|███▊      | 30/79 [00:00<00:01, 37.78it/s]
 43%|████▎     | 34/79 [00:00<00:01, 38.24it/s]
 48%|████▊     | 38/79 [00:01<00:01, 38.62it/s]
 53%|█████▎    | 42/79 [00:01<00:00, 38.79it/s]
 58%|█████▊    | 46/79 [00:01<00:00, 38.97it/s]
 63%|██████▎   | 50/79 [00:01<00:00, 38.95it/s]
 68%|██████▊   | 54/79 [00:01<00:00, 39.05it/s]
 73%|███████▎  | 58/79 [00:01<00:00, 39.15it/s]
 78%|███████▊  | 62/79 [00:01<00:00, 39.10it/s]
 84%|████████▎ | 66/79 [00:01<00:00, 39.14it/s]
 89%|████████▊ | 70/79 [00:01<00:00, 39.14it/s]
 94%|█████████▎| 74/79 [00:01<00:00, 39.07it/s]
 99%|█████████▊| 78/79 [00:02<00:00, 38.89it/s]
100%|██████████| 79/79 [00:02<00:00, 37.29it/s]
Initial Accuracy: 9.48%; Initial Loss: 2.3109

  0%|          | 0/79 [00:00<?, ?it/s]
  4%|▍         | 3/79 [00:00<00:03, 23.77it/s]
 11%|█▏        | 9/79 [00:00<00:02, 34.86it/s]
 19%|█▉        | 15/79 [00:00<00:01, 38.27it/s]
 27%|██▋       | 21/79 [00:00<00:01, 39.88it/s]
 34%|███▍      | 27/79 [00:00<00:01, 41.05it/s]
 42%|████▏     | 33/79 [00:00<00:01, 41.69it/s]
 49%|████▉     | 39/79 [00:00<00:00, 41.81it/s]
 57%|█████▋    | 45/79 [00:01<00:00, 42.00it/s]
 65%|██████▍   | 51/79 [00:01<00:00, 42.11it/s]
 72%|███████▏  | 57/79 [00:01<00:00, 42.24it/s]
 80%|███████▉  | 63/79 [00:01<00:00, 42.17it/s]
 87%|████████▋ | 69/79 [00:01<00:00, 42.34it/s]
 95%|█████████▍| 75/79 [00:01<00:00, 42.57it/s]
100%|██████████| 79/79 [00:01<00:00, 41.80it/s]

CommRound: 1/30
Accuracy: 40.65% | Loss: 1.9220
[##----------------------------------------------------------] 3.3%
Elapsed: 0.2m | Avg/Round: 10.8s | Last: 8.6s | Next: 10.8s | Remaining: 5.2m
ETA: 18:58:14
Recent round times: R1: 8.6s

  0%|          | 0/79 [00:00<?, ?it/s]
  1%|▏         | 1/79 [00:00<00:10,  7.30it/s]
  9%|▉         | 7/79 [00:00<00:02, 26.81it/s]
 14%|█▍        | 11/79 [00:00<00:02, 29.92it/s]
 19%|█▉        | 15/79 [00:00<00:02, 31.79it/s]
 24%|██▍       | 19/79 [00:00<00:01, 33.04it/s]
 29%|██▉       | 23/79 [00:00<00:01, 33.70it/s]
 34%|███▍      | 27/79 [00:00<00:01, 34.17it/s]
 39%|███▉      | 31/79 [00:00<00:01, 34.28it/s]
 44%|████▍     | 35/79 [00:01<00:01, 32.58it/s]
 49%|████▉     | 39/79 [00:01<00:01, 33.89it/s]
 54%|█████▍    | 43/79 [00:01<00:01, 34.91it/s]
 59%|█████▉    | 47/79 [00:01<00:00, 35.27it/s]
 65%|██████▍   | 51/79 [00:01<00:00, 35.55it/s]
 70%|██████▉   | 55/79 [00:01<00:00, 35.61it/s]
 75%|███████▍  | 59/79 [00:01<00:00, 36.09it/s]
 80%|███████▉  | 63/79 [00:01<00:00, 36.42it/s]
 85%|████████▍ | 67/79 [00:01<00:00, 36.67it/s]
 90%|████████▉ | 71/79 [00:02<00:00, 36.13it/s]
 95%|█████████▍| 75/79 [00:02<00:00, 35.82it/s]
100%|██████████| 79/79 [00:02<00:00, 34.50it/s]

CommRound: 2/30
Accuracy: 58.60% | Loss: 1.2647
[####--------------------------------------------------------] 6.7%
Elapsed: 0.3m | Avg/Round: 10.0s | Last: 9.3s | Next: 10.0s | Remaining: 4.7m
ETA: 18:57:52
Recent round times: R1: 8.6s -> R2: 9.3s

  0%|          | 0/79 [00:00<?, ?it/s]
  1%|▏         | 1/79 [00:00<00:10,  7.29it/s]
  4%|▍         | 3/79 [00:00<00:05, 13.55it/s]
 13%|█▎        | 10/79 [00:00<00:02, 32.76it/s]
 18%|█▊        | 14/79 [00:00<00:01, 33.05it/s]
 23%|██▎       | 18/79 [00:00<00:01, 32.82it/s]
 28%|██▊       | 22/79 [00:00<00:01, 32.70it/s]
 33%|███▎      | 26/79 [00:00<00:01, 32.52it/s]
 38%|███▊      | 30/79 [00:00<00:01, 32.70it/s]
 43%|████▎     | 34/79 [00:01<00:01, 32.33it/s]
 48%|████▊     | 38/79 [00:01<00:01, 32.23it/s]
 53%|█████▎    | 42/79 [00:01<00:01, 32.13it/s]
 58%|█████▊    | 46/79 [00:01<00:01, 32.09it/s]
 63%|██████▎   | 50/79 [00:01<00:00, 32.07it/s]
 68%|██████▊   | 54/79 [00:01<00:00, 32.01it/s]
 73%|███████▎  | 58/79 [00:01<00:00, 32.03it/s]
 78%|███████▊  | 62/79 [00:01<00:00, 32.02it/s]
 84%|████████▎ | 66/79 [00:02<00:00, 31.97it/s]
 89%|████████▊ | 70/79 [00:02<00:00, 32.03it/s]
 94%|█████████▎| 74/79 [00:02<00:00, 32.17it/s]
 99%|█████████▊| 78/79 [00:02<00:00, 32.32it/s]
100%|██████████| 79/79 [00:02<00:00, 31.62it/s]

CommRound: 3/30
Accuracy: 61.09% | Loss: 1.2258
[######------------------------------------------------------] 10.0%
Elapsed: 0.5m | Avg/Round: 9.8s | Last: 9.4s | Next: 9.8s | Remaining: 4.4m
ETA: 18:57:46
Recent round times: R1: 8.6s -> R2: 9.3s -> R3: 9.4s

  0%|          | 0/79 [00:00<?, ?it/s]
  1%|▏         | 1/79 [00:00<00:09,  8.64it/s]
  8%|▊         | 6/79 [00:00<00:02, 31.49it/s]
 13%|█▎        | 10/79 [00:00<00:01, 34.55it/s]
 18%|█▊        | 14/79 [00:00<00:01, 36.01it/s]
 23%|██▎       | 18/79 [00:00<00:01, 37.10it/s]
 28%|██▊       | 22/79 [00:00<00:01, 37.90it/s]
 33%|███▎      | 26/79 [00:00<00:01, 38.18it/s]
 38%|███▊      | 30/79 [00:00<00:01, 38.52it/s]
 43%|████▎     | 34/79 [00:00<00:01, 38.85it/s]
 48%|████▊     | 38/79 [00:01<00:01, 39.19it/s]
 54%|█████▍    | 43/79 [00:01<00:00, 38.11it/s]
 62%|██████▏   | 49/79 [00:01<00:00, 39.81it/s]
 70%|██████▉   | 55/79 [00:01<00:00, 40.75it/s]
 77%|███████▋  | 61/79 [00:01<00:00, 40.80it/s]
 84%|████████▎ | 66/79 [00:01<00:00, 43.02it/s]
 90%|████████▉ | 71/79 [00:01<00:00, 40.41it/s]
 96%|█████████▌| 76/79 [00:01<00:00, 42.75it/s]
100%|██████████| 79/79 [00:02<00:00, 39.26it/s]

CommRound: 4/30
Accuracy: 69.94% | Loss: 0.9849
[########----------------------------------------------------] 13.3%
Elapsed: 0.6m | Avg/Round: 9.6s | Last: 8.8s | Next: 9.6s | Remaining: 4.1m
ETA: 18:57:38
Recent round times: R1: 8.6s -> R2: 9.3s -> R3: 9.4s -> R4: 8.8s

  0%|          | 0/79 [00:00<?, ?it/s]
  1%|▏         | 1/79 [00:00<00:10,  7.37it/s]
  6%|▋         | 5/79 [00:00<00:03, 23.01it/s]
 11%|█▏        | 9/79 [00:00<00:02, 25.05it/s]
 16%|█▋        | 13/79 [00:00<00:02, 23.13it/s]
 22%|██▏       | 17/79 [00:00<00:02, 25.91it/s]
 25%|██▌       | 20/79 [00:00<00:02, 26.35it/s]
 29%|██▉       | 23/79 [00:00<00:02, 25.73it/s]
 33%|███▎      | 26/79 [00:01<00:02, 22.45it/s]
 37%|███▋      | 29/79 [00:01<00:02, 24.04it/s]
 41%|████      | 32/79 [00:01<00:01, 24.28it/s]
 46%|████▌     | 36/79 [00:01<00:01, 22.17it/s]
 52%|█████▏    | 41/79 [00:01<00:01, 22.57it/s]
 57%|█████▋    | 45/79 [00:01<00:01, 23.55it/s]
 61%|██████    | 48/79 [00:02<00:01, 23.84it/s]
 67%|██████▋   | 53/79 [00:02<00:00, 27.14it/s]
 72%|███████▏  | 57/79 [00:02<00:00, 27.15it/s]
 77%|███████▋  | 61/79 [00:02<00:00, 23.34it/s]
 85%|████████▍ | 67/79 [00:02<00:00, 26.88it/s]
 89%|████████▊ | 70/79 [00:02<00:00, 27.25it/s]
 92%|█████████▏| 73/79 [00:03<00:00, 18.73it/s]
100%|██████████| 79/79 [00:03<00:00, 23.19it/s]
100%|██████████| 79/79 [00:03<00:00, 23.67it/s]

CommRound: 5/30
Accuracy: 72.95% | Loss: 0.8883
[##########--------------------------------------------------] 16.7%
Elapsed: 0.8m | Avg/Round: 9.7s | Last: 10.4s | Next: 9.7s | Remaining: 4.1m
ETA: 18:57:43
Recent round times: R1: 8.6s -> R2: 9.3s -> R3: 9.4s -> R4: 8.8s -> R5: 10.4s

  0%|          | 0/79 [00:00<?, ?it/s]
  1%|▏         | 1/79 [00:00<00:14,  5.38it/s]
  6%|▋         | 5/79 [00:00<00:04, 16.79it/s]
 11%|█▏        | 9/79 [00:00<00:02, 23.56it/s]
 16%|█▋        | 13/79 [00:00<00:02, 26.79it/s]
 23%|██▎       | 18/79 [00:00<00:01, 30.99it/s]
 28%|██▊       | 22/79 [00:00<00:02, 26.32it/s]
 32%|███▏      | 25/79 [00:01<00:02, 25.17it/s]
 35%|███▌      | 28/79 [00:01<00:02, 20.91it/s]
 41%|████      | 32/79 [00:01<00:01, 24.46it/s]
 44%|████▍     | 35/79 [00:01<00:01, 25.71it/s]
 49%|████▉     | 39/79 [00:01<00:02, 19.27it/s]
 57%|█████▋    | 45/79 [00:01<00:01, 24.52it/s]
 62%|██████▏   | 49/79 [00:02<00:01, 23.92it/s]
 68%|██████▊   | 54/79 [00:02<00:00, 28.53it/s]
 73%|███████▎  | 58/79 [00:02<00:00, 28.96it/s]
 78%|███████▊  | 62/79 [00:02<00:00, 27.17it/s]
 82%|████████▏ | 65/79 [00:02<00:00, 17.98it/s]
 89%|████████▊ | 70/79 [00:02<00:00, 22.20it/s]
 92%|█████████▏| 73/79 [00:03<00:00, 22.96it/s]
 96%|█████████▌| 76/79 [00:03<00:00, 18.99it/s]
100%|██████████| 79/79 [00:03<00:00, 22.90it/s]

CommRound: 6/30
Accuracy: 81.27% | Loss: 0.6305
[############------------------------------------------------] 20.0%
Elapsed: 1.0m | Avg/Round: 9.8s | Last: 10.4s | Next: 9.8s | Remaining: 3.9m
ETA: 18:57:47
Recent round times: R1: 9.3s -> R2: 9.4s -> R3: 8.8s -> R4: 10.4s -> R5: 10.4s

  0%|          | 0/79 [00:00<?, ?it/s]
  3%|▎         | 2/79 [00:00<00:03, 19.96it/s]
  6%|▋         | 5/79 [00:00<00:03, 23.58it/s]
 11%|█▏        | 9/79 [00:00<00:02, 30.29it/s]
 16%|█▋        | 13/79 [00:00<00:01, 33.96it/s]
 23%|██▎       | 18/79 [00:00<00:01, 36.61it/s]
 28%|██▊       | 22/79 [00:00<00:01, 36.93it/s]
 33%|███▎      | 26/79 [00:00<00:01, 37.27it/s]
 38%|███▊      | 30/79 [00:00<00:01, 36.84it/s]
 43%|████▎     | 34/79 [00:00<00:01, 35.84it/s]
 48%|████▊     | 38/79 [00:01<00:01, 36.29it/s]
 53%|█████▎    | 42/79 [00:01<00:01, 36.96it/s]
 58%|█████▊    | 46/79 [00:01<00:00, 37.35it/s]
 63%|██████▎   | 50/79 [00:01<00:00, 37.88it/s]
 68%|██████▊   | 54/79 [00:01<00:00, 38.13it/s]
 73%|███████▎  | 58/79 [00:01<00:00, 38.23it/s]
 78%|███████▊  | 62/79 [00:01<00:00, 38.48it/s]
 84%|████████▎ | 66/79 [00:01<00:00, 38.89it/s]
 89%|████████▊ | 70/79 [00:01<00:00, 38.80it/s]
 94%|█████████▎| 74/79 [00:02<00:00, 38.83it/s]
 99%|█████████▊| 78/79 [00:02<00:00, 38.82it/s]
100%|██████████| 79/79 [00:02<00:00, 36.91it/s]

CommRound: 7/30
Accuracy: 81.97% | Loss: 0.6500
[##############----------------------------------------------] 23.3%
Elapsed: 1.1m | Avg/Round: 9.7s | Last: 9.1s | Next: 9.7s | Remaining: 3.7m
ETA: 18:57:43
Recent round times: R1: 9.4s -> R2: 8.8s -> R3: 10.4s -> R4: 10.4s -> R5: 9.1s

  0%|          | 0/79 [00:00<?, ?it/s]
  1%|▏         | 1/79 [00:00<00:07,  9.94it/s]
  8%|▊         | 6/79 [00:00<00:02, 32.87it/s]
 13%|█▎        | 10/79 [00:00<00:01, 34.68it/s]
 18%|█▊        | 14/79 [00:00<00:01, 35.55it/s]
 23%|██▎       | 18/79 [00:00<00:01, 36.04it/s]
 28%|██▊       | 22/79 [00:00<00:01, 36.12it/s]
 33%|███▎      | 26/79 [00:00<00:01, 36.57it/s]
 38%|███▊      | 30/79 [00:00<00:01, 36.64it/s]
 43%|████▎     | 34/79 [00:00<00:01, 36.76it/s]
 48%|████▊     | 38/79 [00:01<00:01, 36.89it/s]
 53%|█████▎    | 42/79 [00:01<00:00, 37.11it/s]
 58%|█████▊    | 46/79 [00:01<00:00, 37.15it/s]
 63%|██████▎   | 50/79 [00:01<00:00, 37.39it/s]
 68%|██████▊   | 54/79 [00:01<00:00, 37.52it/s]
 73%|███████▎  | 58/79 [00:01<00:00, 37.92it/s]
 78%|███████▊  | 62/79 [00:01<00:00, 38.21it/s]
 84%|████████▎ | 66/79 [00:01<00:00, 38.60it/s]
 89%|████████▊ | 70/79 [00:01<00:00, 38.75it/s]
 94%|█████████▎| 74/79 [00:02<00:00, 38.72it/s]
 99%|█████████▊| 78/79 [00:02<00:00, 38.59it/s]
100%|██████████| 79/79 [00:02<00:00, 36.91it/s]

CommRound: 8/30
Accuracy: 79.91% | Loss: 0.7993
[################--------------------------------------------] 26.7%
Elapsed: 1.3m | Avg/Round: 9.6s | Last: 9.0s | Next: 9.6s | Remaining: 3.5m
ETA: 18:57:40
Recent round times: R1: 8.8s -> R2: 10.4s -> R3: 10.4s -> R4: 9.1s -> R5: 9.0s

  0%|          | 0/79 [00:00<?, ?it/s]
  3%|▎         | 2/79 [00:00<00:03, 19.71it/s]
  9%|▉         | 7/79 [00:00<00:02, 29.52it/s]
 14%|█▍        | 11/79 [00:00<00:02, 32.78it/s]
 19%|█▉        | 15/79 [00:00<00:01, 34.60it/s]
 24%|██▍       | 19/79 [00:00<00:01, 35.88it/s]
 29%|██▉       | 23/79 [00:00<00:01, 36.65it/s]
 34%|███▍      | 27/79 [00:00<00:01, 37.12it/s]
 39%|███▉      | 31/79 [00:00<00:01, 37.46it/s]
 44%|████▍     | 35/79 [00:00<00:01, 37.55it/s]
 49%|████▉     | 39/79 [00:01<00:01, 37.78it/s]
 54%|█████▍    | 43/79 [00:01<00:00, 37.74it/s]
 59%|█████▉    | 47/79 [00:01<00:00, 37.93it/s]
 65%|██████▍   | 51/79 [00:01<00:00, 37.81it/s]
 70%|██████▉   | 55/79 [00:01<00:00, 37.71it/s]
 75%|███████▍  | 59/79 [00:01<00:00, 37.55it/s]
 80%|███████▉  | 63/79 [00:01<00:00, 37.58it/s]
 85%|████████▍ | 67/79 [00:01<00:00, 37.72it/s]
 90%|████████▉ | 71/79 [00:01<00:00, 37.72it/s]
 95%|█████████▍| 75/79 [00:02<00:00, 37.70it/s]
100%|██████████| 79/79 [00:02<00:00, 36.93it/s]

CommRound: 9/30
Accuracy: 80.16% | Loss: 0.8792
[##################------------------------------------------] 30.0%
Elapsed: 1.4m | Avg/Round: 9.6s | Last: 9.0s | Next: 9.6s | Remaining: 3.3m
ETA: 18:57:38
Recent round times: R1: 10.4s -> R2: 10.4s -> R3: 9.1s -> R4: 9.0s -> R5: 9.0s

  0%|          | 0/79 [00:00<?, ?it/s]
  3%|▎         | 2/79 [00:00<00:03, 19.79it/s]
  6%|▋         | 5/79 [00:00<00:03, 24.62it/s]
 11%|█▏        | 9/79 [00:00<00:02, 29.74it/s]
 16%|█▋        | 13/79 [00:00<00:02, 32.93it/s]
 22%|██▏       | 17/79 [00:00<00:01, 33.31it/s]
 27%|██▋       | 21/79 [00:00<00:01, 33.55it/s]
 32%|███▏      | 25/79 [00:00<00:01, 34.36it/s]
 37%|███▋      | 29/79 [00:00<00:01, 34.73it/s]
 42%|████▏     | 33/79 [00:00<00:01, 35.01it/s]
 47%|████▋     | 37/79 [00:01<00:01, 35.04it/s]
 52%|█████▏    | 41/79 [00:01<00:01, 35.48it/s]
 57%|█████▋    | 45/79 [00:01<00:00, 35.65it/s]
 62%|██████▏   | 49/79 [00:01<00:00, 35.43it/s]
 67%|██████▋   | 53/79 [00:01<00:00, 35.17it/s]
 72%|███████▏  | 57/79 [00:01<00:00, 34.77it/s]
 77%|███████▋  | 61/79 [00:01<00:00, 34.40it/s]
 82%|████████▏ | 65/79 [00:01<00:00, 34.98it/s]
 87%|████████▋ | 69/79 [00:02<00:00, 35.95it/s]
 92%|█████████▏| 73/79 [00:02<00:00, 36.35it/s]
 97%|█████████▋| 77/79 [00:02<00:00, 37.16it/s]
100%|██████████| 79/79 [00:02<00:00, 34.50it/s]

CommRound: 10/30
Accuracy: 80.57% | Loss: 0.8251
[####################----------------------------------------] 33.3%
Elapsed: 1.6m | Avg/Round: 9.6s | Last: 9.4s | Next: 9.6s | Remaining: 3.2m
ETA: 18:57:38
Recent round times: R1: 10.4s -> R2: 9.1s -> R3: 9.0s -> R4: 9.0s -> R5: 9.4s

  0%|          | 0/79 [00:00<?, ?it/s]
  3%|▎         | 2/79 [00:00<00:03, 19.26it/s]
  8%|▊         | 6/79 [00:00<00:02, 30.90it/s]
 13%|█▎        | 10/79 [00:00<00:02, 31.26it/s]
 18%|█▊        | 14/79 [00:00<00:01, 33.11it/s]
 23%|██▎       | 18/79 [00:00<00:01, 34.53it/s]
 28%|██▊       | 22/79 [00:00<00:01, 35.58it/s]
 33%|███▎      | 26/79 [00:00<00:01, 36.27it/s]
 38%|███▊      | 30/79 [00:00<00:01, 36.77it/s]
 43%|████▎     | 34/79 [00:00<00:01, 37.11it/s]
 48%|████▊     | 38/79 [00:01<00:01, 37.36it/s]
 53%|█████▎    | 42/79 [00:01<00:00, 37.50it/s]
 58%|█████▊    | 46/79 [00:01<00:00, 37.70it/s]
 63%|██████▎   | 50/79 [00:01<00:00, 37.55it/s]
 68%|██████▊   | 54/79 [00:01<00:00, 37.76it/s]
 73%|███████▎  | 58/79 [00:01<00:00, 38.00it/s]
 78%|███████▊  | 62/79 [00:01<00:00, 38.15it/s]
 84%|████████▎ | 66/79 [00:01<00:00, 38.27it/s]
 89%|████████▊ | 70/79 [00:01<00:00, 38.45it/s]
 94%|█████████▎| 74/79 [00:02<00:00, 38.62it/s]
 99%|█████████▊| 78/79 [00:02<00:00, 38.46it/s]
100%|██████████| 79/79 [00:02<00:00, 36.83it/s]

CommRound: 11/30
Accuracy: 82.85% | Loss: 0.7916
[######################--------------------------------------] 36.7%
Elapsed: 1.7m | Avg/Round: 9.5s | Last: 9.0s | Next: 9.5s | Remaining: 3.0m
ETA: 18:57:36
Recent round times: R1: 9.1s -> R2: 9.0s -> R3: 9.0s -> R4: 9.4s -> R5: 9.0s

  0%|          | 0/79 [00:00<?, ?it/s]
  4%|▍         | 3/79 [00:00<00:03, 20.74it/s]
  9%|▉         | 7/79 [00:00<00:02, 29.44it/s]
 14%|█▍        | 11/79 [00:00<00:02, 33.32it/s]
 19%|█▉        | 15/79 [00:00<00:01, 34.99it/s]
 24%|██▍       | 19/79 [00:00<00:01, 36.28it/s]
 29%|██▉       | 23/79 [00:00<00:01, 37.22it/s]
 34%|███▍      | 27/79 [00:00<00:01, 37.81it/s]
 39%|███▉      | 31/79 [00:00<00:01, 38.12it/s]
 44%|████▍     | 35/79 [00:00<00:01, 38.46it/s]
 49%|████▉     | 39/79 [00:01<00:01, 38.62it/s]
 54%|█████▍    | 43/79 [00:01<00:00, 38.89it/s]
 59%|█████▉    | 47/79 [00:01<00:00, 38.62it/s]
 65%|██████▍   | 51/79 [00:01<00:00, 38.67it/s]
 70%|██████▉   | 55/79 [00:01<00:00, 38.76it/s]
 75%|███████▍  | 59/79 [00:01<00:00, 38.37it/s]
 80%|███████▉  | 63/79 [00:01<00:00, 38.28it/s]
 85%|████████▍ | 67/79 [00:01<00:00, 38.47it/s]
 90%|████████▉ | 71/79 [00:01<00:00, 38.54it/s]
 95%|█████████▍| 75/79 [00:02<00:00, 38.70it/s]
100%|██████████| 79/79 [00:02<00:00, 37.94it/s]

CommRound: 12/30
Accuracy: 81.75% | Loss: 0.8289
[########################------------------------------------] 40.0%
Elapsed: 1.9m | Avg/Round: 9.5s | Last: 8.9s | Next: 9.5s | Remaining: 2.8m
ETA: 18:57:35
Recent round times: R1: 9.0s -> R2: 9.0s -> R3: 9.4s -> R4: 9.0s -> R5: 8.9s

  0%|          | 0/79 [00:00<?, ?it/s]
  1%|▏         | 1/79 [00:00<00:09,  8.54it/s]
  8%|▊         | 6/79 [00:00<00:02, 31.28it/s]
 13%|█▎        | 10/79 [00:00<00:02, 34.33it/s]
 18%|█▊        | 14/79 [00:00<00:01, 35.94it/s]
 23%|██▎       | 18/79 [00:00<00:01, 36.66it/s]
 28%|██▊       | 22/79 [00:00<00:01, 37.18it/s]
 33%|███▎      | 26/79 [00:00<00:01, 37.36it/s]
 38%|███▊      | 30/79 [00:00<00:01, 37.68it/s]
 43%|████▎     | 34/79 [00:00<00:01, 38.02it/s]
 48%|████▊     | 38/79 [00:01<00:01, 38.15it/s]
 53%|█████▎    | 42/79 [00:01<00:00, 38.14it/s]
 58%|█████▊    | 46/79 [00:01<00:00, 35.69it/s]
 63%|██████▎   | 50/79 [00:01<00:00, 35.96it/s]
 68%|██████▊   | 54/79 [00:01<00:00, 35.09it/s]
 73%|███████▎  | 58/79 [00:01<00:00, 33.49it/s]
 78%|███████▊  | 62/79 [00:01<00:00, 34.52it/s]
 84%|████████▎ | 66/79 [00:01<00:00, 35.21it/s]
 89%|████████▊ | 70/79 [00:01<00:00, 35.61it/s]
 94%|█████████▎| 74/79 [00:02<00:00, 35.98it/s]
 99%|█████████▊| 78/79 [00:02<00:00, 36.00it/s]
100%|██████████| 79/79 [00:02<00:00, 35.60it/s]

CommRound: 13/30
Accuracy: 81.88% | Loss: 0.9199
[##########################----------------------------------] 43.3%
Elapsed: 2.0m | Avg/Round: 9.4s | Last: 9.1s | Next: 9.4s | Remaining: 2.7m
ETA: 18:57:34
Recent round times: R1: 9.0s -> R2: 9.4s -> R3: 9.0s -> R4: 8.9s -> R5: 9.1s

  0%|          | 0/79 [00:00<?, ?it/s]
  1%|▏         | 1/79 [00:00<00:07,  9.79it/s]
  8%|▊         | 6/79 [00:00<00:02, 31.06it/s]
 13%|█▎        | 10/79 [00:00<00:02, 32.70it/s]
 18%|█▊        | 14/79 [00:00<00:01, 34.03it/s]
 23%|██▎       | 18/79 [00:00<00:01, 35.61it/s]
 28%|██▊       | 22/79 [00:00<00:01, 36.42it/s]
 33%|███▎      | 26/79 [00:00<00:01, 36.88it/s]
 38%|███▊      | 30/79 [00:00<00:01, 37.27it/s]
 43%|████▎     | 34/79 [00:00<00:01, 37.50it/s]
 48%|████▊     | 38/79 [00:01<00:01, 37.66it/s]
 53%|█████▎    | 42/79 [00:01<00:01, 33.14it/s]
 58%|█████▊    | 46/79 [00:01<00:00, 34.53it/s]
 63%|██████▎   | 50/79 [00:01<00:00, 35.63it/s]
 68%|██████▊   | 54/79 [00:01<00:00, 31.76it/s]
 73%|███████▎  | 58/79 [00:01<00:00, 33.58it/s]
 78%|███████▊  | 62/79 [00:01<00:00, 34.75it/s]
 85%|████████▍ | 67/79 [00:01<00:00, 36.81it/s]
 90%|████████▉ | 71/79 [00:02<00:00, 37.06it/s]
 95%|█████████▍| 75/79 [00:02<00:00, 37.38it/s]
100%|██████████| 79/79 [00:02<00:00, 35.45it/s]

CommRound: 14/30
Accuracy: 77.14% | Loss: 0.9790
[############################--------------------------------] 46.7%
Elapsed: 2.2m | Avg/Round: 9.4s | Last: 9.2s | Next: 9.4s | Remaining: 2.5m
ETA: 18:57:34
Recent round times: R1: 9.4s -> R2: 9.0s -> R3: 8.9s -> R4: 9.1s -> R5: 9.2s

  0%|          | 0/79 [00:00<?, ?it/s]
  4%|▍         | 3/79 [00:00<00:03, 23.19it/s]
 10%|█         | 8/79 [00:00<00:02, 34.85it/s]
 16%|█▋        | 13/79 [00:00<00:01, 37.10it/s]
 23%|██▎       | 18/79 [00:00<00:01, 38.56it/s]
 29%|██▉       | 23/79 [00:00<00:01, 40.17it/s]
 35%|███▌      | 28/79 [00:00<00:01, 40.42it/s]
 42%|████▏     | 33/79 [00:00<00:01, 41.42it/s]
 48%|████▊     | 38/79 [00:00<00:01, 39.40it/s]
 53%|█████▎    | 42/79 [00:01<00:00, 39.17it/s]
 58%|█████▊    | 46/79 [00:01<00:00, 39.27it/s]
 63%|██████▎   | 50/79 [00:01<00:00, 39.27it/s]
 68%|██████▊   | 54/79 [00:01<00:00, 39.26it/s]
 73%|███████▎  | 58/79 [00:01<00:00, 39.39it/s]
 78%|███████▊  | 62/79 [00:01<00:00, 39.42it/s]
 85%|████████▍ | 67/79 [00:01<00:00, 42.44it/s]
 91%|█████████ | 72/79 [00:01<00:00, 38.42it/s]
 96%|█████████▌| 76/79 [00:01<00:00, 38.06it/s]
100%|██████████| 79/79 [00:02<00:00, 38.97it/s]

CommRound: 15/30
Accuracy: 73.43% | Loss: 1.6074
[##############################------------------------------] 50.0%
Elapsed: 2.3m | Avg/Round: 9.4s | Last: 9.0s | Next: 9.4s | Remaining: 2.3m
ETA: 18:57:33
Recent round times: R1: 9.0s -> R2: 8.9s -> R3: 9.1s -> R4: 9.2s -> R5: 9.0s

  0%|          | 0/79 [00:00<?, ?it/s]
  1%|▏         | 1/79 [00:00<00:09,  8.30it/s]
  6%|▋         | 5/79 [00:00<00:03, 24.20it/s]
 11%|█▏        | 9/79 [00:00<00:02, 29.98it/s]
 16%|█▋        | 13/79 [00:00<00:02, 32.60it/s]
 22%|██▏       | 17/79 [00:00<00:01, 34.33it/s]
 27%|██▋       | 21/79 [00:00<00:01, 35.45it/s]
 32%|███▏      | 25/79 [00:00<00:01, 36.32it/s]
 37%|███▋      | 29/79 [00:00<00:01, 36.86it/s]
 42%|████▏     | 33/79 [00:00<00:01, 37.04it/s]
 47%|████▋     | 37/79 [00:01<00:01, 35.76it/s]
 52%|█████▏    | 41/79 [00:01<00:01, 36.40it/s]
 57%|█████▋    | 45/79 [00:01<00:00, 36.99it/s]
 62%|██████▏   | 49/79 [00:01<00:00, 37.48it/s]
 67%|██████▋   | 53/79 [00:01<00:00, 37.68it/s]
 72%|███████▏  | 57/79 [00:01<00:00, 36.25it/s]
 77%|███████▋  | 61/79 [00:01<00:00, 35.77it/s]
 82%|████████▏ | 65/79 [00:01<00:00, 35.89it/s]
 87%|████████▋ | 69/79 [00:01<00:00, 36.05it/s]
 92%|█████████▏| 73/79 [00:02<00:00, 34.15it/s]
 97%|█████████▋| 77/79 [00:02<00:00, 34.50it/s]
100%|██████████| 79/79 [00:02<00:00, 35.22it/s]

CommRound: 16/30
Accuracy: 84.82% | Loss: 0.7216
[################################----------------------------] 53.3%
Elapsed: 2.5m | Avg/Round: 9.4s | Last: 9.1s | Next: 9.4s | Remaining: 2.2m
ETA: 18:57:32
Recent round times: R1: 8.9s -> R2: 9.1s -> R3: 9.2s -> R4: 9.0s -> R5: 9.1s

  0%|          | 0/79 [00:00<?, ?it/s]
  1%|▏         | 1/79 [00:00<00:07,  9.98it/s]
  8%|▊         | 6/79 [00:00<00:02, 27.22it/s]
 13%|█▎        | 10/79 [00:00<00:02, 29.26it/s]
 16%|█▋        | 13/79 [00:00<00:02, 28.38it/s]
 22%|██▏       | 17/79 [00:00<00:01, 31.48it/s]
 27%|██▋       | 21/79 [00:00<00:01, 33.62it/s]
 32%|███▏      | 25/79 [00:00<00:01, 34.79it/s]
 37%|███▋      | 29/79 [00:00<00:01, 35.59it/s]
 42%|████▏     | 33/79 [00:01<00:01, 36.14it/s]
 47%|████▋     | 37/79 [00:01<00:01, 36.58it/s]
 52%|█████▏    | 41/79 [00:01<00:01, 36.94it/s]
 57%|█████▋    | 45/79 [00:01<00:00, 37.14it/s]
 62%|██████▏   | 49/79 [00:01<00:00, 37.40it/s]
 67%|██████▋   | 53/79 [00:01<00:00, 37.48it/s]
 72%|███████▏  | 57/79 [00:01<00:00, 37.66it/s]
 77%|███████▋  | 61/79 [00:01<00:00, 37.53it/s]
 82%|████████▏ | 65/79 [00:01<00:00, 36.84it/s]
 87%|████████▋ | 69/79 [00:01<00:00, 36.74it/s]
 92%|█████████▏| 73/79 [00:02<00:00, 36.62it/s]
 97%|█████████▋| 77/79 [00:02<00:00, 36.27it/s]
100%|██████████| 79/79 [00:02<00:00, 34.97it/s]

CommRound: 17/30
Accuracy: 88.53% | Loss: 0.5139
[##################################--------------------------] 56.7%
Elapsed: 2.6m | Avg/Round: 9.4s | Last: 9.1s | Next: 9.4s | Remaining: 2.0m
ETA: 18:57:32
Recent round times: R1: 9.1s -> R2: 9.2s -> R3: 9.0s -> R4: 9.1s -> R5: 9.1s

  0%|          | 0/79 [00:00<?, ?it/s]
  3%|▎         | 2/79 [00:00<00:03, 19.40it/s]
  6%|▋         | 5/79 [00:00<00:02, 25.06it/s]
 11%|█▏        | 9/79 [00:00<00:02, 28.51it/s]
 16%|█▋        | 13/79 [00:00<00:02, 30.96it/s]
 22%|██▏       | 17/79 [00:00<00:01, 33.27it/s]
 27%|██▋       | 21/79 [00:00<00:01, 34.75it/s]
 32%|███▏      | 25/79 [00:00<00:01, 35.71it/s]
 37%|███▋      | 29/79 [00:00<00:01, 36.18it/s]
 42%|████▏     | 33/79 [00:00<00:01, 36.44it/s]
 47%|████▋     | 37/79 [00:01<00:01, 36.46it/s]
 52%|█████▏    | 41/79 [00:01<00:01, 35.76it/s]
 57%|█████▋    | 45/79 [00:01<00:00, 35.50it/s]
 62%|██████▏   | 49/79 [00:01<00:00, 35.53it/s]
 67%|██████▋   | 53/79 [00:01<00:00, 34.99it/s]
 72%|███████▏  | 57/79 [00:01<00:00, 34.79it/s]
 77%|███████▋  | 61/79 [00:01<00:00, 34.72it/s]
 82%|████████▏ | 65/79 [00:01<00:00, 34.58it/s]
 87%|████████▋ | 69/79 [00:02<00:00, 35.04it/s]
 92%|█████████▏| 73/79 [00:02<00:00, 34.67it/s]
 97%|█████████▋| 77/79 [00:02<00:00, 35.16it/s]
100%|██████████| 79/79 [00:02<00:00, 34.95it/s]

CommRound: 18/30
Accuracy: 87.02% | Loss: 0.6361
[####################################------------------------] 60.0%
Elapsed: 2.8m | Avg/Round: 9.4s | Last: 9.4s | Next: 9.4s | Remaining: 1.9m
ETA: 18:57:32
Recent round times: R1: 9.2s -> R2: 9.0s -> R3: 9.1s -> R4: 9.1s -> R5: 9.4s

  0%|          | 0/79 [00:00<?, ?it/s]
  3%|▎         | 2/79 [00:00<00:04, 18.95it/s]
  9%|▉         | 7/79 [00:00<00:02, 28.96it/s]
 14%|█▍        | 11/79 [00:00<00:02, 31.52it/s]
 19%|█▉        | 15/79 [00:00<00:01, 33.13it/s]
 24%|██▍       | 19/79 [00:00<00:01, 33.53it/s]
 29%|██▉       | 23/79 [00:00<00:01, 33.26it/s]
 34%|███▍      | 27/79 [00:00<00:01, 33.20it/s]
 39%|███▉      | 31/79 [00:00<00:01, 32.94it/s]
 44%|████▍     | 35/79 [00:01<00:01, 32.56it/s]
 49%|████▉     | 39/79 [00:01<00:01, 32.55it/s]
 54%|█████▍    | 43/79 [00:01<00:01, 32.73it/s]
 59%|█████▉    | 47/79 [00:01<00:00, 32.88it/s]
 65%|██████▍   | 51/79 [00:01<00:00, 32.94it/s]
 70%|██████▉   | 55/79 [00:01<00:00, 32.97it/s]
 75%|███████▍  | 59/79 [00:01<00:00, 33.07it/s]
 80%|███████▉  | 63/79 [00:01<00:00, 33.13it/s]
 85%|████████▍ | 67/79 [00:02<00:00, 33.18it/s]
 90%|████████▉ | 71/79 [00:02<00:00, 33.30it/s]
 95%|█████████▍| 75/79 [00:02<00:00, 34.33it/s]
100%|██████████| 79/79 [00:02<00:00, 35.38it/s]
100%|██████████| 79/79 [00:02<00:00, 32.93it/s]

CommRound: 19/30
Accuracy: 88.13% | Loss: 0.6129
[######################################----------------------] 63.3%
Elapsed: 3.0m | Avg/Round: 9.3s | Last: 9.3s | Next: 9.3s | Remaining: 1.7m
ETA: 18:57:32
Recent round times: R1: 9.0s -> R2: 9.1s -> R3: 9.1s -> R4: 9.4s -> R5: 9.3s

  0%|          | 0/79 [00:00<?, ?it/s]
  3%|▎         | 2/79 [00:00<00:04, 19.22it/s]
  8%|▊         | 6/79 [00:00<00:02, 26.21it/s]
 13%|█▎        | 10/79 [00:00<00:02, 29.68it/s]
 18%|█▊        | 14/79 [00:00<00:02, 31.03it/s]
 23%|██▎       | 18/79 [00:00<00:01, 32.50it/s]
 28%|██▊       | 22/79 [00:00<00:01, 34.24it/s]
 33%|███▎      | 26/79 [00:00<00:01, 35.49it/s]
 38%|███▊      | 30/79 [00:00<00:01, 36.30it/s]
 43%|████▎     | 34/79 [00:01<00:01, 36.96it/s]
 48%|████▊     | 38/79 [00:01<00:01, 37.61it/s]
 53%|█████▎    | 42/79 [00:01<00:00, 37.88it/s]
 58%|█████▊    | 46/79 [00:01<00:00, 38.16it/s]
 63%|██████▎   | 50/79 [00:01<00:00, 37.69it/s]
 68%|██████▊   | 54/79 [00:01<00:00, 36.76it/s]
 73%|███████▎  | 58/79 [00:01<00:00, 33.07it/s]
 78%|███████▊  | 62/79 [00:01<00:00, 33.15it/s]
 84%|████████▎ | 66/79 [00:01<00:00, 33.61it/s]
 89%|████████▊ | 70/79 [00:02<00:00, 34.21it/s]
 94%|█████████▎| 74/79 [00:02<00:00, 34.57it/s]
 99%|█████████▊| 78/79 [00:02<00:00, 35.72it/s]
100%|██████████| 79/79 [00:02<00:00, 34.76it/s]

CommRound: 20/30
Accuracy: 83.89% | Loss: 0.8977
[########################################--------------------] 66.7%
Elapsed: 3.1m | Avg/Round: 9.3s | Last: 9.3s | Next: 9.3s | Remaining: 1.6m
ETA: 18:57:32
Recent round times: R1: 9.1s -> R2: 9.1s -> R3: 9.4s -> R4: 9.3s -> R5: 9.3s

  0%|          | 0/79 [00:00<?, ?it/s]
  1%|▏         | 1/79 [00:00<00:07,  9.92it/s]
  6%|▋         | 5/79 [00:00<00:02, 26.82it/s]
 11%|█▏        | 9/79 [00:00<00:02, 31.00it/s]
 16%|█▋        | 13/79 [00:00<00:02, 32.53it/s]
 22%|██▏       | 17/79 [00:00<00:01, 31.29it/s]
 27%|██▋       | 21/79 [00:00<00:01, 32.07it/s]
 32%|███▏      | 25/79 [00:00<00:01, 33.54it/s]
 37%|███▋      | 29/79 [00:00<00:01, 34.27it/s]
 42%|████▏     | 33/79 [00:01<00:01, 35.11it/s]
 47%|████▋     | 37/79 [00:01<00:01, 35.97it/s]
 52%|█████▏    | 41/79 [00:01<00:01, 36.58it/s]
 57%|█████▋    | 45/79 [00:01<00:00, 37.19it/s]
 62%|██████▏   | 49/79 [00:01<00:00, 37.60it/s]
 67%|██████▋   | 53/79 [00:01<00:00, 37.76it/s]
 72%|███████▏  | 57/79 [00:01<00:00, 37.91it/s]
 77%|███████▋  | 61/79 [00:01<00:00, 38.09it/s]
 82%|████████▏ | 65/79 [00:01<00:00, 38.05it/s]
 87%|████████▋ | 69/79 [00:01<00:00, 38.16it/s]
 92%|█████████▏| 73/79 [00:02<00:00, 38.14it/s]
 97%|█████████▋| 77/79 [00:02<00:00, 38.12it/s]
100%|██████████| 79/79 [00:02<00:00, 35.42it/s]

CommRound: 21/30
Accuracy: 88.51% | Loss: 0.6196
[##########################################------------------] 70.0%
Elapsed: 3.3m | Avg/Round: 9.4s | Last: 9.6s | Next: 9.4s | Remaining: 1.4m
ETA: 18:57:32
Recent round times: R1: 9.1s -> R2: 9.4s -> R3: 9.3s -> R4: 9.3s -> R5: 9.6s

  0%|          | 0/79 [00:00<?, ?it/s]
  1%|▏         | 1/79 [00:00<00:08,  9.08it/s]
  6%|▋         | 5/79 [00:00<00:02, 25.80it/s]
 11%|█▏        | 9/79 [00:00<00:02, 26.98it/s]
 16%|█▋        | 13/79 [00:00<00:02, 30.40it/s]
 22%|██▏       | 17/79 [00:00<00:01, 32.83it/s]
 27%|██▋       | 21/79 [00:00<00:01, 33.54it/s]
 32%|███▏      | 25/79 [00:00<00:01, 33.40it/s]
 37%|███▋      | 29/79 [00:00<00:01, 32.64it/s]
 44%|████▍     | 35/79 [00:01<00:01, 37.08it/s]
 49%|████▉     | 39/79 [00:01<00:01, 37.76it/s]
 54%|█████▍    | 43/79 [00:01<00:00, 38.13it/s]
 59%|█████▉    | 47/79 [00:01<00:00, 38.13it/s]
 65%|██████▍   | 51/79 [00:01<00:00, 38.31it/s]
 70%|██████▉   | 55/79 [00:01<00:00, 34.89it/s]
 77%|███████▋  | 61/79 [00:01<00:00, 39.33it/s]
 82%|████████▏ | 65/79 [00:01<00:00, 38.75it/s]
 87%|████████▋ | 69/79 [00:01<00:00, 38.63it/s]
 92%|█████████▏| 73/79 [00:02<00:00, 38.07it/s]
 97%|█████████▋| 77/79 [00:02<00:00, 36.64it/s]
100%|██████████| 79/79 [00:02<00:00, 35.08it/s]

CommRound: 22/30
Accuracy: 87.13% | Loss: 0.7262
[############################################----------------] 73.3%
Elapsed: 3.4m | Avg/Round: 9.4s | Last: 9.5s | Next: 9.4s | Remaining: 1.2m
ETA: 18:57:32
Recent round times: R1: 9.4s -> R2: 9.3s -> R3: 9.3s -> R4: 9.6s -> R5: 9.5s
EARLY_STOP: round=22; best_acc=88.53; current_acc=87.13; threshold=90.00; patience=5; reason=converged_below_target
Total time for experiment: 205.96746468544006 seconds
Device average training time per communication round [s]:
    rpi (sld-rpi-09.ece.utexas.edu): 4.09 seconds
    mc1 (sld-mc1-09.ece.utexas.edu): 1.81 seconds
