
  0%|          | 0/79 [00:00<?, ?it/s]
  4%|▍         | 3/79 [00:00<00:03, 23.15it/s]
 11%|█▏        | 9/79 [00:00<00:02, 34.35it/s]
 16%|█▋        | 13/79 [00:00<00:01, 35.54it/s]
 23%|██▎       | 18/79 [00:00<00:01, 39.46it/s]
 29%|██▉       | 23/79 [00:00<00:01, 38.96it/s]
 35%|███▌      | 28/79 [00:00<00:01, 40.16it/s]
 42%|████▏     | 33/79 [00:00<00:01, 40.93it/s]
 48%|████▊     | 38/79 [00:00<00:01, 40.38it/s]
 54%|█████▍    | 43/79 [00:01<00:00, 42.21it/s]
 61%|██████    | 48/79 [00:01<00:00, 40.36it/s]
 67%|██████▋   | 53/79 [00:01<00:00, 42.55it/s]
 73%|███████▎  | 58/79 [00:01<00:00, 40.47it/s]
 81%|████████  | 64/79 [00:01<00:00, 40.86it/s]
 89%|████████▊ | 70/79 [00:01<00:00, 41.18it/s]
 96%|█████████▌| 76/79 [00:01<00:00, 41.33it/s]
100%|██████████| 79/79 [00:01<00:00, 40.28it/s]
Initial Accuracy: 8.92%; Initial Loss: 2.3117

  0%|          | 0/79 [00:00<?, ?it/s]
  4%|▍         | 3/79 [00:00<00:03, 20.20it/s]
  9%|▉         | 7/79 [00:00<00:02, 28.31it/s]
 14%|█▍        | 11/79 [00:00<00:02, 31.82it/s]
 19%|█▉        | 15/79 [00:00<00:01, 34.11it/s]
 27%|██▋       | 21/79 [00:00<00:01, 37.49it/s]
 34%|███▍      | 27/79 [00:00<00:01, 39.43it/s]
 42%|████▏     | 33/79 [00:00<00:01, 40.52it/s]
 49%|████▉     | 39/79 [00:01<00:00, 41.32it/s]
 57%|█████▋    | 45/79 [00:01<00:00, 42.18it/s]
 65%|██████▍   | 51/79 [00:01<00:00, 42.57it/s]
 72%|███████▏  | 57/79 [00:01<00:00, 42.52it/s]
 80%|███████▉  | 63/79 [00:01<00:00, 42.36it/s]
 87%|████████▋ | 69/79 [00:01<00:00, 42.27it/s]
 95%|█████████▍| 75/79 [00:01<00:00, 42.08it/s]
100%|██████████| 79/79 [00:01<00:00, 40.53it/s]

CommRound: 1/30
Accuracy: 15.77% | Loss: 2.8332
[##----------------------------------------------------------] 3.3%
Elapsed: 0.2m | Avg/Round: 11.1s | Last: 9.1s | Next: 11.1s | Remaining: 5.4m
ETA: 19:46:44
Recent round times: R1: 9.1s

  0%|          | 0/79 [00:00<?, ?it/s]
  3%|▎         | 2/79 [00:00<00:03, 19.92it/s]
  9%|▉         | 7/79 [00:00<00:02, 30.27it/s]
 14%|█▍        | 11/79 [00:00<00:01, 34.19it/s]
 20%|██        | 16/79 [00:00<00:01, 39.57it/s]
 27%|██▋       | 21/79 [00:00<00:01, 37.25it/s]
 33%|███▎      | 26/79 [00:00<00:01, 40.90it/s]
 39%|███▉      | 31/79 [00:00<00:01, 37.86it/s]
 46%|████▌     | 36/79 [00:00<00:01, 41.03it/s]
 52%|█████▏    | 41/79 [00:01<00:00, 39.02it/s]
 59%|█████▉    | 47/79 [00:01<00:00, 40.33it/s]
 67%|██████▋   | 53/79 [00:01<00:00, 40.83it/s]
 75%|███████▍  | 59/79 [00:01<00:00, 41.30it/s]
 82%|████████▏ | 65/79 [00:01<00:00, 41.68it/s]
 90%|████████▉ | 71/79 [00:01<00:00, 41.29it/s]
 96%|█████████▌| 76/79 [00:01<00:00, 42.12it/s]
100%|██████████| 79/79 [00:01<00:00, 39.79it/s]

CommRound: 2/30
Accuracy: 18.12% | Loss: 2.7676
[####--------------------------------------------------------] 6.7%
Elapsed: 0.3m | Avg/Round: 10.5s | Last: 9.8s | Next: 10.5s | Remaining: 4.9m
ETA: 19:46:25
Recent round times: R1: 9.1s -> R2: 9.8s

  0%|          | 0/79 [00:00<?, ?it/s]
  4%|▍         | 3/79 [00:00<00:03, 22.68it/s]
  9%|▉         | 7/79 [00:00<00:02, 31.60it/s]
 15%|█▌        | 12/79 [00:00<00:01, 38.52it/s]
 20%|██        | 16/79 [00:00<00:01, 39.03it/s]
 27%|██▋       | 21/79 [00:00<00:01, 37.60it/s]
 33%|███▎      | 26/79 [00:00<00:01, 39.84it/s]
 39%|███▉      | 31/79 [00:00<00:01, 39.69it/s]
 46%|████▌     | 36/79 [00:00<00:01, 39.74it/s]
 51%|█████     | 40/79 [00:01<00:00, 39.78it/s]
 56%|█████▌    | 44/79 [00:01<00:00, 39.66it/s]
 62%|██████▏   | 49/79 [00:01<00:00, 42.49it/s]
 68%|██████▊   | 54/79 [00:01<00:00, 39.48it/s]
 75%|███████▍  | 59/79 [00:01<00:00, 42.13it/s]
 81%|████████  | 64/79 [00:01<00:00, 39.29it/s]
 87%|████████▋ | 69/79 [00:01<00:00, 41.89it/s]
 94%|█████████▎| 74/79 [00:01<00:00, 39.32it/s]
100%|██████████| 79/79 [00:01<00:00, 39.52it/s]

CommRound: 3/30
Accuracy: 19.74% | Loss: 2.7481
[######------------------------------------------------------] 10.0%
Elapsed: 0.5m | Avg/Round: 10.3s | Last: 9.8s | Next: 10.3s | Remaining: 4.6m
ETA: 19:46:19
Recent round times: R1: 9.1s -> R2: 9.8s -> R3: 9.8s

  0%|          | 0/79 [00:00<?, ?it/s]
  4%|▍         | 3/79 [00:00<00:03, 23.36it/s]
 10%|█         | 8/79 [00:00<00:02, 34.13it/s]
 15%|█▌        | 12/79 [00:00<00:01, 36.09it/s]
 20%|██        | 16/79 [00:00<00:01, 37.46it/s]
 27%|██▋       | 21/79 [00:00<00:01, 40.86it/s]
 33%|███▎      | 26/79 [00:00<00:01, 38.90it/s]
 41%|████      | 32/79 [00:00<00:01, 39.90it/s]
 47%|████▋     | 37/79 [00:00<00:00, 42.54it/s]
 53%|█████▎    | 42/79 [00:01<00:00, 39.84it/s]
 61%|██████    | 48/79 [00:01<00:00, 40.41it/s]
 67%|██████▋   | 53/79 [00:01<00:00, 42.80it/s]
 73%|███████▎  | 58/79 [00:01<00:00, 37.76it/s]
 78%|███████▊  | 62/79 [00:01<00:00, 35.28it/s]
 86%|████████▌ | 68/79 [00:01<00:00, 39.09it/s]
 94%|█████████▎| 74/79 [00:01<00:00, 40.37it/s]
100%|██████████| 79/79 [00:02<00:00, 39.43it/s]

CommRound: 4/30
Accuracy: 19.84% | Loss: 2.6933
[########----------------------------------------------------] 13.3%
Elapsed: 0.7m | Avg/Round: 10.1s | Last: 9.8s | Next: 10.1s | Remaining: 4.4m
ETA: 19:46:16
Recent round times: R1: 9.1s -> R2: 9.8s -> R3: 9.8s -> R4: 9.8s

  0%|          | 0/79 [00:00<?, ?it/s]
  3%|▎         | 2/79 [00:00<00:03, 19.76it/s]
  9%|▉         | 7/79 [00:00<00:02, 32.16it/s]
 15%|█▌        | 12/79 [00:00<00:01, 39.05it/s]
 22%|██▏       | 17/79 [00:00<00:01, 37.63it/s]
 28%|██▊       | 22/79 [00:00<00:01, 40.52it/s]
 34%|███▍      | 27/79 [00:00<00:01, 39.68it/s]
 41%|████      | 32/79 [00:00<00:01, 40.87it/s]
 47%|████▋     | 37/79 [00:00<00:01, 40.77it/s]
 53%|█████▎    | 42/79 [00:01<00:00, 42.07it/s]
 59%|█████▉    | 47/79 [00:01<00:00, 40.44it/s]
 66%|██████▌   | 52/79 [00:01<00:00, 41.97it/s]
 72%|███████▏  | 57/79 [00:01<00:00, 39.73it/s]
 78%|███████▊  | 62/79 [00:01<00:00, 42.09it/s]
 85%|████████▍ | 67/79 [00:01<00:00, 39.48it/s]
 92%|█████████▏| 73/79 [00:01<00:00, 40.21it/s]
 99%|█████████▊| 78/79 [00:01<00:00, 42.51it/s]
100%|██████████| 79/79 [00:01<00:00, 40.43it/s]

CommRound: 5/30
Accuracy: 19.88% | Loss: 2.6162
[##########--------------------------------------------------] 16.7%
Elapsed: 0.8m | Avg/Round: 10.0s | Last: 9.7s | Next: 10.0s | Remaining: 4.2m
ETA: 19:46:13
Recent round times: R1: 9.1s -> R2: 9.8s -> R3: 9.8s -> R4: 9.8s -> R5: 9.7s

  0%|          | 0/79 [00:00<?, ?it/s]
  3%|▎         | 2/79 [00:00<00:04, 18.15it/s]
  9%|▉         | 7/79 [00:00<00:02, 32.66it/s]
 15%|█▌        | 12/79 [00:00<00:01, 37.51it/s]
 20%|██        | 16/79 [00:00<00:01, 38.20it/s]
 27%|██▋       | 21/79 [00:00<00:01, 39.98it/s]
 33%|███▎      | 26/79 [00:00<00:01, 39.53it/s]
 39%|███▉      | 31/79 [00:00<00:01, 41.98it/s]
 46%|████▌     | 36/79 [00:00<00:01, 40.11it/s]
 52%|█████▏    | 41/79 [00:01<00:00, 42.24it/s]
 58%|█████▊    | 46/79 [00:01<00:00, 40.35it/s]
 65%|██████▍   | 51/79 [00:01<00:00, 41.49it/s]
 71%|███████   | 56/79 [00:01<00:00, 40.23it/s]
 77%|███████▋  | 61/79 [00:01<00:00, 41.16it/s]
 84%|████████▎ | 66/79 [00:01<00:00, 40.41it/s]
 90%|████████▉ | 71/79 [00:01<00:00, 40.89it/s]
 96%|█████████▌| 76/79 [00:01<00:00, 40.80it/s]
100%|██████████| 79/79 [00:01<00:00, 40.10it/s]

CommRound: 6/30
Accuracy: 19.87% | Loss: 2.5939
[############------------------------------------------------] 20.0%
Elapsed: 1.0m | Avg/Round: 10.0s | Last: 9.7s | Next: 10.0s | Remaining: 4.0m
ETA: 19:46:11
Recent round times: R1: 9.8s -> R2: 9.8s -> R3: 9.8s -> R4: 9.7s -> R5: 9.7s

  0%|          | 0/79 [00:00<?, ?it/s]
  1%|▏         | 1/79 [00:00<00:07,  9.89it/s]
  8%|▊         | 6/79 [00:00<00:02, 28.36it/s]
 14%|█▍        | 11/79 [00:00<00:01, 35.22it/s]
 19%|█▉        | 15/79 [00:00<00:01, 36.80it/s]
 25%|██▌       | 20/79 [00:00<00:01, 38.99it/s]
 32%|███▏      | 25/79 [00:00<00:01, 38.55it/s]
 38%|███▊      | 30/79 [00:00<00:01, 40.76it/s]
 44%|████▍     | 35/79 [00:00<00:01, 38.98it/s]
 51%|█████     | 40/79 [00:01<00:00, 40.93it/s]
 57%|█████▋    | 45/79 [00:01<00:00, 39.38it/s]
 63%|██████▎   | 50/79 [00:01<00:00, 40.43it/s]
 70%|██████▉   | 55/79 [00:01<00:00, 39.65it/s]
 75%|███████▍  | 59/79 [00:01<00:00, 39.57it/s]
 81%|████████  | 64/79 [00:01<00:00, 40.40it/s]
 87%|████████▋ | 69/79 [00:01<00:00, 39.44it/s]
 92%|█████████▏| 73/79 [00:01<00:00, 39.42it/s]
 97%|█████████▋| 77/79 [00:01<00:00, 39.44it/s]
100%|██████████| 79/79 [00:02<00:00, 38.89it/s]

CommRound: 7/30
Accuracy: 20.23% | Loss: 2.5625
[##############----------------------------------------------] 23.3%
Elapsed: 1.2m | Avg/Round: 10.0s | Last: 9.8s | Next: 10.0s | Remaining: 3.8m
ETA: 19:46:10
Recent round times: R1: 9.8s -> R2: 9.8s -> R3: 9.7s -> R4: 9.7s -> R5: 9.8s

  0%|          | 0/79 [00:00<?, ?it/s]
  4%|▍         | 3/79 [00:00<00:03, 22.59it/s]
  9%|▉         | 7/79 [00:00<00:02, 31.23it/s]
 15%|█▌        | 12/79 [00:00<00:01, 38.69it/s]
 22%|██▏       | 17/79 [00:00<00:01, 37.60it/s]
 28%|██▊       | 22/79 [00:00<00:01, 39.92it/s]
 34%|███▍      | 27/79 [00:00<00:01, 39.67it/s]
 41%|████      | 32/79 [00:00<00:01, 40.51it/s]
 47%|████▋     | 37/79 [00:00<00:01, 40.99it/s]
 53%|█████▎    | 42/79 [00:01<00:00, 40.62it/s]
 59%|█████▉    | 47/79 [00:01<00:00, 41.99it/s]
 66%|██████▌   | 52/79 [00:01<00:00, 38.18it/s]
 73%|███████▎  | 58/79 [00:01<00:00, 39.46it/s]
 80%|███████▉  | 63/79 [00:01<00:00, 41.88it/s]
 86%|████████▌ | 68/79 [00:01<00:00, 39.98it/s]
 92%|█████████▏| 73/79 [00:01<00:00, 42.45it/s]
 99%|█████████▊| 78/79 [00:01<00:00, 39.89it/s]
100%|██████████| 79/79 [00:01<00:00, 39.72it/s]

CommRound: 8/30
Accuracy: 21.75% | Loss: 2.3386
[################--------------------------------------------] 26.7%
Elapsed: 1.3m | Avg/Round: 9.9s | Last: 9.7s | Next: 9.9s | Remaining: 3.6m
ETA: 19:46:09
Recent round times: R1: 9.8s -> R2: 9.7s -> R3: 9.7s -> R4: 9.8s -> R5: 9.7s

  0%|          | 0/79 [00:00<?, ?it/s]
  4%|▍         | 3/79 [00:00<00:03, 23.66it/s]
 10%|█         | 8/79 [00:00<00:02, 35.42it/s]
 15%|█▌        | 12/79 [00:00<00:01, 37.28it/s]
 20%|██        | 16/79 [00:00<00:01, 38.23it/s]
 27%|██▋       | 21/79 [00:00<00:01, 37.37it/s]
 32%|███▏      | 25/79 [00:00<00:01, 36.81it/s]
 38%|███▊      | 30/79 [00:00<00:01, 39.03it/s]
 44%|████▍     | 35/79 [00:00<00:01, 38.27it/s]
 51%|█████     | 40/79 [00:01<00:00, 40.91it/s]
 57%|█████▋    | 45/79 [00:01<00:00, 39.15it/s]
 65%|██████▍   | 51/79 [00:01<00:00, 40.07it/s]
 71%|███████   | 56/79 [00:01<00:00, 42.44it/s]
 77%|███████▋  | 61/79 [00:01<00:00, 39.07it/s]
 82%|████████▏ | 65/79 [00:01<00:00, 39.27it/s]
 89%|████████▊ | 70/79 [00:01<00:00, 41.92it/s]
 95%|█████████▍| 75/79 [00:01<00:00, 39.52it/s]
100%|██████████| 79/79 [00:01<00:00, 39.62it/s]

CommRound: 9/30
Accuracy: 23.20% | Loss: 2.2271
[##################------------------------------------------] 30.0%
Elapsed: 1.5m | Avg/Round: 9.9s | Last: 9.7s | Next: 9.9s | Remaining: 3.5m
ETA: 19:46:08
Recent round times: R1: 9.7s -> R2: 9.7s -> R3: 9.8s -> R4: 9.7s -> R5: 9.7s

  0%|          | 0/79 [00:00<?, ?it/s]
  4%|▍         | 3/79 [00:00<00:03, 23.18it/s]
  9%|▉         | 7/79 [00:00<00:02, 31.78it/s]
 15%|█▌        | 12/79 [00:00<00:01, 38.64it/s]
 22%|██▏       | 17/79 [00:00<00:01, 37.40it/s]
 29%|██▉       | 23/79 [00:00<00:01, 39.08it/s]
 37%|███▋      | 29/79 [00:00<00:01, 40.07it/s]
 43%|████▎     | 34/79 [00:00<00:01, 42.52it/s]
 49%|████▉     | 39/79 [00:01<00:00, 40.14it/s]
 57%|█████▋    | 45/79 [00:01<00:00, 40.39it/s]
 63%|██████▎   | 50/79 [00:01<00:00, 42.35it/s]
 70%|██████▉   | 55/79 [00:01<00:00, 39.92it/s]
 76%|███████▌  | 60/79 [00:01<00:00, 42.03it/s]
 82%|████████▏ | 65/79 [00:01<00:00, 39.58it/s]
 89%|████████▊ | 70/79 [00:01<00:00, 41.78it/s]
 95%|█████████▍| 75/79 [00:01<00:00, 39.64it/s]
100%|██████████| 79/79 [00:01<00:00, 40.28it/s]

CommRound: 10/30
Accuracy: 25.08% | Loss: 2.1338
[####################----------------------------------------] 33.3%
Elapsed: 1.6m | Avg/Round: 9.9s | Last: 9.5s | Next: 9.9s | Remaining: 3.3m
ETA: 19:46:07
Recent round times: R1: 9.7s -> R2: 9.8s -> R3: 9.7s -> R4: 9.7s -> R5: 9.5s

  0%|          | 0/79 [00:00<?, ?it/s]
  3%|▎         | 2/79 [00:00<00:03, 19.42it/s]
  8%|▊         | 6/79 [00:00<00:02, 27.16it/s]
 13%|█▎        | 10/79 [00:00<00:02, 31.84it/s]
 18%|█▊        | 14/79 [00:00<00:01, 33.86it/s]
 23%|██▎       | 18/79 [00:00<00:01, 35.60it/s]
 28%|██▊       | 22/79 [00:00<00:01, 37.02it/s]
 33%|███▎      | 26/79 [00:00<00:01, 37.17it/s]
 39%|███▉      | 31/79 [00:00<00:01, 41.09it/s]
 46%|████▌     | 36/79 [00:01<00:01, 38.27it/s]
 51%|█████     | 40/79 [00:01<00:01, 38.60it/s]
 57%|█████▋    | 45/79 [00:01<00:00, 41.50it/s]
 63%|██████▎   | 50/79 [00:01<00:00, 38.43it/s]
 70%|██████▉   | 55/79 [00:01<00:00, 41.41it/s]
 76%|███████▌  | 60/79 [00:01<00:00, 39.13it/s]
 82%|████████▏ | 65/79 [00:01<00:00, 41.92it/s]
 89%|████████▊ | 70/79 [00:01<00:00, 39.29it/s]
 96%|█████████▌| 76/79 [00:01<00:00, 39.91it/s]
100%|██████████| 79/79 [00:02<00:00, 38.44it/s]

CommRound: 11/30
Accuracy: 29.09% | Loss: 2.0074
[######################--------------------------------------] 36.7%
Elapsed: 1.8m | Avg/Round: 9.9s | Last: 9.7s | Next: 9.9s | Remaining: 3.1m
ETA: 19:46:07
Recent round times: R1: 9.8s -> R2: 9.7s -> R3: 9.7s -> R4: 9.5s -> R5: 9.7s

  0%|          | 0/79 [00:00<?, ?it/s]
  4%|▍         | 3/79 [00:00<00:03, 22.67it/s]
 10%|█         | 8/79 [00:00<00:01, 35.82it/s]
 16%|█▋        | 13/79 [00:00<00:01, 35.69it/s]
 23%|██▎       | 18/79 [00:00<00:01, 39.66it/s]
 29%|██▉       | 23/79 [00:00<00:01, 37.35it/s]
 35%|███▌      | 28/79 [00:00<00:01, 40.81it/s]
 42%|████▏     | 33/79 [00:00<00:01, 39.29it/s]
 48%|████▊     | 38/79 [00:00<00:01, 40.66it/s]
 54%|█████▍    | 43/79 [00:01<00:00, 39.67it/s]
 61%|██████    | 48/79 [00:01<00:00, 42.20it/s]
 67%|██████▋   | 53/79 [00:01<00:00, 40.09it/s]
 73%|███████▎  | 58/79 [00:01<00:00, 41.88it/s]
 80%|███████▉  | 63/79 [00:01<00:00, 40.36it/s]
 86%|████████▌ | 68/79 [00:01<00:00, 41.99it/s]
 92%|█████████▏| 73/79 [00:01<00:00, 40.45it/s]
 99%|█████████▊| 78/79 [00:01<00:00, 41.68it/s]
100%|██████████| 79/79 [00:01<00:00, 40.14it/s]

CommRound: 12/30
Accuracy: 33.38% | Loss: 1.9483
[########################------------------------------------] 40.0%
Elapsed: 2.0m | Avg/Round: 9.8s | Last: 9.7s | Next: 9.8s | Remaining: 3.0m
ETA: 19:46:06
Recent round times: R1: 9.7s -> R2: 9.7s -> R3: 9.5s -> R4: 9.7s -> R5: 9.7s

  0%|          | 0/79 [00:00<?, ?it/s]
  4%|▍         | 3/79 [00:00<00:03, 23.73it/s]
 10%|█         | 8/79 [00:00<00:01, 37.13it/s]
 16%|█▋        | 13/79 [00:00<00:01, 36.34it/s]
 23%|██▎       | 18/79 [00:00<00:01, 40.98it/s]
 29%|██▉       | 23/79 [00:00<00:01, 38.59it/s]
 37%|███▋      | 29/79 [00:00<00:01, 39.97it/s]
 43%|████▎     | 34/79 [00:00<00:01, 40.72it/s]
 49%|████▉     | 39/79 [00:00<00:00, 40.58it/s]
 56%|█████▌    | 44/79 [00:01<00:00, 42.46it/s]
 62%|██████▏   | 49/79 [00:01<00:00, 40.04it/s]
 70%|██████▉   | 55/79 [00:01<00:00, 40.69it/s]
 76%|███████▌  | 60/79 [00:01<00:00, 42.93it/s]
 82%|████████▏ | 65/79 [00:01<00:00, 40.31it/s]
 90%|████████▉ | 71/79 [00:01<00:00, 40.57it/s]
 97%|█████████▋| 77/79 [00:01<00:00, 40.98it/s]
100%|██████████| 79/79 [00:01<00:00, 40.73it/s]

CommRound: 13/30
Accuracy: 35.39% | Loss: 1.9107
[##########################----------------------------------] 43.3%
Elapsed: 2.1m | Avg/Round: 9.8s | Last: 9.7s | Next: 9.8s | Remaining: 2.8m
ETA: 19:46:06
Recent round times: R1: 9.7s -> R2: 9.5s -> R3: 9.7s -> R4: 9.7s -> R5: 9.7s

  0%|          | 0/79 [00:00<?, ?it/s]
  4%|▍         | 3/79 [00:00<00:03, 23.19it/s]
 11%|█▏        | 9/79 [00:00<00:02, 34.83it/s]
 18%|█▊        | 14/79 [00:00<00:01, 40.29it/s]
 24%|██▍       | 19/79 [00:00<00:01, 39.17it/s]
 30%|███       | 24/79 [00:00<00:01, 41.19it/s]
 37%|███▋      | 29/79 [00:00<00:01, 40.86it/s]
 43%|████▎     | 34/79 [00:00<00:01, 40.41it/s]
 49%|████▉     | 39/79 [00:00<00:00, 42.22it/s]
 56%|█████▌    | 44/79 [00:01<00:00, 39.44it/s]
 62%|██████▏   | 49/79 [00:01<00:00, 41.91it/s]
 68%|██████▊   | 54/79 [00:01<00:00, 39.91it/s]
 76%|███████▌  | 60/79 [00:01<00:00, 40.90it/s]
 84%|████████▎ | 66/79 [00:01<00:00, 41.57it/s]
 91%|█████████ | 72/79 [00:01<00:00, 42.01it/s]
 99%|█████████▊| 78/79 [00:01<00:00, 42.40it/s]
100%|██████████| 79/79 [00:01<00:00, 40.80it/s]

CommRound: 14/30
Accuracy: 37.47% | Loss: 1.8481
[############################--------------------------------] 46.7%
Elapsed: 2.3m | Avg/Round: 9.8s | Last: 9.6s | Next: 9.8s | Remaining: 2.6m
ETA: 19:46:06
Recent round times: R1: 9.5s -> R2: 9.7s -> R3: 9.7s -> R4: 9.7s -> R5: 9.6s

  0%|          | 0/79 [00:00<?, ?it/s]
  4%|▍         | 3/79 [00:00<00:03, 22.78it/s]
 10%|█         | 8/79 [00:00<00:02, 33.72it/s]
 16%|█▋        | 13/79 [00:00<00:01, 36.93it/s]
 23%|██▎       | 18/79 [00:00<00:01, 37.73it/s]
 28%|██▊       | 22/79 [00:00<00:01, 34.03it/s]
 34%|███▍      | 27/79 [00:00<00:01, 35.83it/s]
 39%|███▉      | 31/79 [00:00<00:01, 35.64it/s]
 44%|████▍     | 35/79 [00:00<00:01, 35.78it/s]
 49%|████▉     | 39/79 [00:01<00:01, 35.95it/s]
 54%|█████▍    | 43/79 [00:01<00:00, 36.01it/s]
 59%|█████▉    | 47/79 [00:01<00:00, 36.15it/s]
 65%|██████▍   | 51/79 [00:01<00:00, 36.24it/s]
 70%|██████▉   | 55/79 [00:01<00:00, 36.41it/s]
 75%|███████▍  | 59/79 [00:01<00:00, 36.58it/s]
 80%|███████▉  | 63/79 [00:01<00:00, 36.72it/s]
 85%|████████▍ | 67/79 [00:01<00:00, 36.75it/s]
 90%|████████▉ | 71/79 [00:01<00:00, 37.02it/s]
 95%|█████████▍| 75/79 [00:02<00:00, 36.79it/s]
100%|██████████| 79/79 [00:02<00:00, 36.64it/s]

CommRound: 15/30
Accuracy: 39.86% | Loss: 1.8153
[##############################------------------------------] 50.0%
Elapsed: 2.5m | Avg/Round: 9.8s | Last: 10.1s | Next: 9.8s | Remaining: 2.5m
ETA: 19:46:06
Recent round times: R1: 9.7s -> R2: 9.7s -> R3: 9.7s -> R4: 9.6s -> R5: 10.1s

  0%|          | 0/79 [00:00<?, ?it/s]
  3%|▎         | 2/79 [00:00<00:04, 18.60it/s]
  9%|▉         | 7/79 [00:00<00:02, 33.14it/s]
 15%|█▌        | 12/79 [00:00<00:01, 37.73it/s]
 20%|██        | 16/79 [00:00<00:01, 38.42it/s]
 27%|██▋       | 21/79 [00:00<00:01, 38.57it/s]
 33%|███▎      | 26/79 [00:00<00:01, 39.64it/s]
 38%|███▊      | 30/79 [00:00<00:01, 39.50it/s]
 44%|████▍     | 35/79 [00:00<00:01, 39.57it/s]
 51%|█████     | 40/79 [00:01<00:00, 39.94it/s]
 57%|█████▋    | 45/79 [00:01<00:00, 40.55it/s]
 63%|██████▎   | 50/79 [00:01<00:00, 39.69it/s]
 68%|██████▊   | 54/79 [00:01<00:00, 39.76it/s]
 73%|███████▎  | 58/79 [00:01<00:00, 38.47it/s]
 80%|███████▉  | 63/79 [00:01<00:00, 39.97it/s]
 86%|████████▌ | 68/79 [00:01<00:00, 39.80it/s]
 92%|█████████▏| 73/79 [00:01<00:00, 39.96it/s]
 97%|█████████▋| 77/79 [00:01<00:00, 39.75it/s]
100%|██████████| 79/79 [00:02<00:00, 39.21it/s]

CommRound: 16/30
Accuracy: 44.45% | Loss: 1.6931
[################################----------------------------] 53.3%
Elapsed: 2.6m | Avg/Round: 9.8s | Last: 9.8s | Next: 9.8s | Remaining: 2.3m
ETA: 19:46:06
Recent round times: R1: 9.7s -> R2: 9.7s -> R3: 9.6s -> R4: 10.1s -> R5: 9.8s

  0%|          | 0/79 [00:00<?, ?it/s]
  1%|▏         | 1/79 [00:00<00:08,  8.81it/s]
  6%|▋         | 5/79 [00:00<00:02, 25.35it/s]
 11%|█▏        | 9/79 [00:00<00:02, 31.31it/s]
 16%|█▋        | 13/79 [00:00<00:01, 34.55it/s]
 23%|██▎       | 18/79 [00:00<00:01, 39.65it/s]
 29%|██▉       | 23/79 [00:00<00:01, 37.70it/s]
 35%|███▌      | 28/79 [00:00<00:01, 41.05it/s]
 42%|████▏     | 33/79 [00:00<00:01, 38.71it/s]
 47%|████▋     | 37/79 [00:01<00:01, 38.96it/s]
 52%|█████▏    | 41/79 [00:01<00:00, 38.94it/s]
 57%|█████▋    | 45/79 [00:01<00:00, 39.23it/s]
 65%|██████▍   | 51/79 [00:01<00:00, 40.09it/s]
 71%|███████   | 56/79 [00:01<00:00, 42.73it/s]
 77%|███████▋  | 61/79 [00:01<00:00, 39.03it/s]
 84%|████████▎ | 66/79 [00:01<00:00, 41.53it/s]
 90%|████████▉ | 71/79 [00:01<00:00, 39.38it/s]
 97%|█████████▋| 77/79 [00:02<00:00, 40.06it/s]
100%|██████████| 79/79 [00:02<00:00, 38.98it/s]

CommRound: 17/30
Accuracy: 46.72% | Loss: 1.6764
[##################################--------------------------] 56.7%
Elapsed: 2.8m | Avg/Round: 9.8s | Last: 9.8s | Next: 9.8s | Remaining: 2.1m
ETA: 19:46:06
Recent round times: R1: 9.7s -> R2: 9.6s -> R3: 10.1s -> R4: 9.8s -> R5: 9.8s

  0%|          | 0/79 [00:00<?, ?it/s]
  3%|▎         | 2/79 [00:00<00:03, 19.71it/s]
  9%|▉         | 7/79 [00:00<00:02, 29.66it/s]
 16%|█▋        | 13/79 [00:00<00:01, 35.37it/s]
 24%|██▍       | 19/79 [00:00<00:01, 38.03it/s]
 32%|███▏      | 25/79 [00:00<00:01, 39.39it/s]
 39%|███▉      | 31/79 [00:00<00:01, 40.10it/s]
 47%|████▋     | 37/79 [00:00<00:01, 40.50it/s]
 53%|█████▎    | 42/79 [00:01<00:00, 42.56it/s]
 59%|█████▉    | 47/79 [00:01<00:00, 40.45it/s]
 67%|██████▋   | 53/79 [00:01<00:00, 40.77it/s]
 75%|███████▍  | 59/79 [00:01<00:00, 41.04it/s]
 82%|████████▏ | 65/79 [00:01<00:00, 41.22it/s]
 90%|████████▉ | 71/79 [00:01<00:00, 41.28it/s]
 97%|█████████▋| 77/79 [00:01<00:00, 41.40it/s]
100%|██████████| 79/79 [00:01<00:00, 40.41it/s]

CommRound: 18/30
Accuracy: 49.41% | Loss: 1.5811
[####################################------------------------] 60.0%
Elapsed: 2.9m | Avg/Round: 9.8s | Last: 9.7s | Next: 9.8s | Remaining: 2.0m
ETA: 19:46:06
Recent round times: R1: 9.6s -> R2: 10.1s -> R3: 9.8s -> R4: 9.8s -> R5: 9.7s

  0%|          | 0/79 [00:00<?, ?it/s]
  4%|▍         | 3/79 [00:00<00:03, 21.91it/s]
 10%|█         | 8/79 [00:00<00:02, 34.50it/s]
 15%|█▌        | 12/79 [00:00<00:01, 34.34it/s]
 20%|██        | 16/79 [00:00<00:01, 34.29it/s]
 25%|██▌       | 20/79 [00:00<00:01, 34.92it/s]
 30%|███       | 24/79 [00:00<00:01, 35.27it/s]
 35%|███▌      | 28/79 [00:00<00:01, 35.26it/s]
 41%|████      | 32/79 [00:00<00:01, 35.52it/s]
 46%|████▌     | 36/79 [00:01<00:01, 35.76it/s]
 51%|█████     | 40/79 [00:01<00:01, 35.91it/s]
 56%|█████▌    | 44/79 [00:01<00:00, 35.61it/s]
 61%|██████    | 48/79 [00:01<00:00, 35.78it/s]
 66%|██████▌   | 52/79 [00:01<00:00, 35.93it/s]
 71%|███████   | 56/79 [00:01<00:00, 36.13it/s]
 76%|███████▌  | 60/79 [00:01<00:00, 35.75it/s]
 81%|████████  | 64/79 [00:01<00:00, 35.67it/s]
 86%|████████▌ | 68/79 [00:01<00:00, 35.65it/s]
 91%|█████████ | 72/79 [00:02<00:00, 35.87it/s]
 96%|█████████▌| 76/79 [00:02<00:00, 35.99it/s]
100%|██████████| 79/79 [00:02<00:00, 35.47it/s]

CommRound: 19/30
Accuracy: 47.98% | Loss: 1.5829
[######################################----------------------] 63.3%
Elapsed: 3.1m | Avg/Round: 9.8s | Last: 10.1s | Next: 9.8s | Remaining: 1.8m
ETA: 19:46:06
Recent round times: R1: 10.1s -> R2: 9.8s -> R3: 9.8s -> R4: 9.7s -> R5: 10.1s

  0%|          | 0/79 [00:00<?, ?it/s]
  4%|▍         | 3/79 [00:00<00:03, 22.67it/s]
 10%|█         | 8/79 [00:00<00:01, 36.35it/s]
 15%|█▌        | 12/79 [00:00<00:01, 36.40it/s]
 22%|██▏       | 17/79 [00:00<00:01, 35.61it/s]
 27%|██▋       | 21/79 [00:00<00:01, 36.80it/s]
 33%|███▎      | 26/79 [00:00<00:01, 40.50it/s]
 39%|███▉      | 31/79 [00:00<00:01, 37.90it/s]
 46%|████▌     | 36/79 [00:00<00:01, 40.99it/s]
 52%|█████▏    | 41/79 [00:01<00:00, 38.42it/s]
 57%|█████▋    | 45/79 [00:01<00:00, 38.65it/s]
 63%|██████▎   | 50/79 [00:01<00:00, 41.57it/s]
 70%|██████▉   | 55/79 [00:01<00:00, 38.80it/s]
 75%|███████▍  | 59/79 [00:01<00:00, 39.00it/s]
 81%|████████  | 64/79 [00:01<00:00, 41.71it/s]
 87%|████████▋ | 69/79 [00:01<00:00, 39.42it/s]
 95%|█████████▍| 75/79 [00:01<00:00, 40.03it/s]
100%|██████████| 79/79 [00:02<00:00, 39.47it/s]

CommRound: 20/30
Accuracy: 46.90% | Loss: 1.6150
[########################################--------------------] 66.7%
Elapsed: 3.3m | Avg/Round: 9.8s | Last: 9.8s | Next: 9.8s | Remaining: 1.6m
ETA: 19:46:06
Recent round times: R1: 9.8s -> R2: 9.8s -> R3: 9.7s -> R4: 10.1s -> R5: 9.8s

  0%|          | 0/79 [00:00<?, ?it/s]
  3%|▎         | 2/79 [00:00<00:03, 19.57it/s]
  9%|▉         | 7/79 [00:00<00:02, 31.69it/s]
 15%|█▌        | 12/79 [00:00<00:01, 37.59it/s]
 20%|██        | 16/79 [00:00<00:01, 38.16it/s]
 27%|██▋       | 21/79 [00:00<00:01, 39.80it/s]
 33%|███▎      | 26/79 [00:00<00:01, 39.21it/s]
 39%|███▉      | 31/79 [00:00<00:01, 41.27it/s]
 46%|████▌     | 36/79 [00:00<00:01, 39.76it/s]
 53%|█████▎    | 42/79 [00:01<00:00, 40.37it/s]
 61%|██████    | 48/79 [00:01<00:00, 40.71it/s]
 68%|██████▊   | 54/79 [00:01<00:00, 40.93it/s]
 76%|███████▌  | 60/79 [00:01<00:00, 41.17it/s]
 84%|████████▎ | 66/79 [00:01<00:00, 41.20it/s]
 90%|████████▉ | 71/79 [00:01<00:00, 43.15it/s]
 96%|█████████▌| 76/79 [00:01<00:00, 40.38it/s]
100%|██████████| 79/79 [00:01<00:00, 40.14it/s]

CommRound: 21/30
Accuracy: 46.39% | Loss: 1.6141
[##########################################------------------] 70.0%
Elapsed: 3.4m | Avg/Round: 9.8s | Last: 9.7s | Next: 9.8s | Remaining: 1.5m
ETA: 19:46:06
Recent round times: R1: 9.8s -> R2: 9.7s -> R3: 10.1s -> R4: 9.8s -> R5: 9.7s

  0%|          | 0/79 [00:00<?, ?it/s]
  4%|▍         | 3/79 [00:00<00:03, 22.16it/s]
  9%|▉         | 7/79 [00:00<00:02, 28.88it/s]
 16%|█▋        | 13/79 [00:00<00:01, 35.59it/s]
 24%|██▍       | 19/79 [00:00<00:01, 38.43it/s]
 32%|███▏      | 25/79 [00:00<00:01, 39.52it/s]
 37%|███▋      | 29/79 [00:00<00:01, 37.59it/s]
 42%|████▏     | 33/79 [00:00<00:01, 36.89it/s]
 49%|████▉     | 39/79 [00:01<00:01, 38.57it/s]
 57%|█████▋    | 45/79 [00:01<00:00, 39.53it/s]
 65%|██████▍   | 51/79 [00:01<00:00, 40.14it/s]
 71%|███████   | 56/79 [00:01<00:00, 42.41it/s]
 77%|███████▋  | 61/79 [00:01<00:00, 40.05it/s]
 84%|████████▎ | 66/79 [00:01<00:00, 42.36it/s]
 90%|████████▉ | 71/79 [00:01<00:00, 39.02it/s]
 97%|█████████▋| 77/79 [00:01<00:00, 39.92it/s]
100%|██████████| 79/79 [00:02<00:00, 39.40it/s]

CommRound: 22/30
Accuracy: 45.46% | Loss: 1.7288
[############################################----------------] 73.3%
Elapsed: 3.6m | Avg/Round: 9.8s | Last: 9.8s | Next: 9.8s | Remaining: 1.3m
ETA: 19:46:06
Recent round times: R1: 9.7s -> R2: 10.1s -> R3: 9.8s -> R4: 9.7s -> R5: 9.8s

  0%|          | 0/79 [00:00<?, ?it/s]
  4%|▍         | 3/79 [00:00<00:03, 22.88it/s]
  9%|▉         | 7/79 [00:00<00:02, 30.85it/s]
 14%|█▍        | 11/79 [00:00<00:01, 34.09it/s]
 19%|█▉        | 15/79 [00:00<00:01, 36.15it/s]
 27%|██▋       | 21/79 [00:00<00:01, 38.53it/s]
 34%|███▍      | 27/79 [00:00<00:01, 40.15it/s]
 41%|████      | 32/79 [00:00<00:01, 42.30it/s]
 47%|████▋     | 37/79 [00:00<00:01, 40.72it/s]
 53%|█████▎    | 42/79 [00:01<00:00, 41.48it/s]
 59%|█████▉    | 47/79 [00:01<00:00, 41.56it/s]
 66%|██████▌   | 52/79 [00:01<00:00, 40.47it/s]
 72%|███████▏  | 57/79 [00:01<00:00, 42.01it/s]
 78%|███████▊  | 62/79 [00:01<00:00, 39.95it/s]
 85%|████████▍ | 67/79 [00:01<00:00, 41.98it/s]
 91%|█████████ | 72/79 [00:01<00:00, 39.85it/s]
 99%|█████████▊| 78/79 [00:01<00:00, 40.48it/s]
100%|██████████| 79/79 [00:01<00:00, 39.88it/s]

CommRound: 23/30
Accuracy: 47.44% | Loss: 1.7193
[##############################################--------------] 76.7%
Elapsed: 3.8m | Avg/Round: 9.8s | Last: 9.7s | Next: 9.8s | Remaining: 1.1m
ETA: 19:46:06
Recent round times: R1: 10.1s -> R2: 9.8s -> R3: 9.7s -> R4: 9.8s -> R5: 9.7s
EARLY_STOP: round=23; best_acc=49.41; current_acc=47.44; threshold=90.00; patience=5; reason=converged_below_target
Total time for experiment: 225.77819848060608 seconds
Device average training time per communication round [s]:
    rpi (sld-rpi-09.ece.utexas.edu): 4.88 seconds
    mc1 (sld-mc1-09.ece.utexas.edu): 2.80 seconds
