
  0%|          | 0/79 [00:00<?, ?it/s]
  1%|▏         | 1/79 [00:00<00:15,  5.08it/s]
  3%|▎         | 2/79 [00:00<00:10,  7.03it/s]
  6%|▋         | 5/79 [00:00<00:04, 14.94it/s]
 11%|█▏        | 9/79 [00:00<00:03, 22.35it/s]
 16%|█▋        | 13/79 [00:00<00:02, 25.31it/s]
 20%|██        | 16/79 [00:00<00:02, 22.68it/s]
 25%|██▌       | 20/79 [00:01<00:03, 17.66it/s]
 29%|██▉       | 23/79 [00:01<00:02, 18.79it/s]
 34%|███▍      | 27/79 [00:01<00:02, 22.01it/s]
 38%|███▊      | 30/79 [00:01<00:02, 21.96it/s]
 43%|████▎     | 34/79 [00:01<00:01, 24.52it/s]
 47%|████▋     | 37/79 [00:01<00:01, 22.83it/s]
 51%|█████     | 40/79 [00:01<00:01, 20.36it/s]
 57%|█████▋    | 45/79 [00:02<00:01, 24.63it/s]
 61%|██████    | 48/79 [00:02<00:01, 21.89it/s]
 65%|██████▍   | 51/79 [00:02<00:01, 22.89it/s]
 68%|██████▊   | 54/79 [00:02<00:01, 22.37it/s]
 72%|███████▏  | 57/79 [00:02<00:01, 20.84it/s]
 76%|███████▌  | 60/79 [00:02<00:00, 21.17it/s]
 80%|███████▉  | 63/79 [00:03<00:00, 21.37it/s]
 84%|████████▎ | 66/79 [00:03<00:00, 20.89it/s]
 87%|████████▋ | 69/79 [00:03<00:00, 22.04it/s]
 92%|█████████▏| 73/79 [00:03<00:00, 23.46it/s]
 97%|█████████▋| 77/79 [00:03<00:00, 25.39it/s]
100%|██████████| 79/79 [00:03<00:00, 21.92it/s]
Initial Accuracy: 10.19%; Initial Loss: 2.3087

  0%|          | 0/79 [00:00<?, ?it/s]
  1%|▏         | 1/79 [00:00<00:16,  4.84it/s]
  6%|▋         | 5/79 [00:00<00:03, 18.97it/s]
 10%|█         | 8/79 [00:00<00:03, 21.92it/s]
 14%|█▍        | 11/79 [00:00<00:02, 22.71it/s]
 18%|█▊        | 14/79 [00:00<00:02, 24.69it/s]
 22%|██▏       | 17/79 [00:00<00:02, 23.70it/s]
 25%|██▌       | 20/79 [00:00<00:02, 25.33it/s]
 29%|██▉       | 23/79 [00:01<00:02, 24.09it/s]
 33%|███▎      | 26/79 [00:01<00:02, 25.28it/s]
 37%|███▋      | 29/79 [00:01<00:02, 23.75it/s]
 41%|████      | 32/79 [00:01<00:01, 24.29it/s]
 44%|████▍     | 35/79 [00:01<00:01, 25.14it/s]
 48%|████▊     | 38/79 [00:01<00:01, 23.18it/s]
 52%|█████▏    | 41/79 [00:01<00:02, 19.00it/s]
 58%|█████▊    | 46/79 [00:01<00:01, 25.04it/s]
 62%|██████▏   | 49/79 [00:02<00:01, 24.14it/s]
 66%|██████▌   | 52/79 [00:02<00:01, 23.15it/s]
 71%|███████   | 56/79 [00:02<00:00, 23.78it/s]
 76%|███████▌  | 60/79 [00:02<00:00, 24.28it/s]
 81%|████████  | 64/79 [00:02<00:00, 24.21it/s]
 85%|████████▍ | 67/79 [00:02<00:00, 24.71it/s]
 89%|████████▊ | 70/79 [00:03<00:00, 24.17it/s]
 94%|█████████▎| 74/79 [00:03<00:00, 24.68it/s]
 99%|█████████▊| 78/79 [00:03<00:00, 25.77it/s]
100%|██████████| 79/79 [00:03<00:00, 23.70it/s]

CommRound: 1/30
Accuracy: 37.77% | Loss: 1.7051
[##----------------------------------------------------------] 3.3%
Elapsed: 1.7m | Avg/Round: 101.6s | Last: 97.9s | Next: 101.6s | Remaining: 49.1m
ETA: 21:14:29
Recent round times: R1: 97.9s

  0%|          | 0/79 [00:00<?, ?it/s]
  1%|▏         | 1/79 [00:00<00:11,  6.79it/s]
  6%|▋         | 5/79 [00:00<00:03, 19.76it/s]
 10%|█         | 8/79 [00:00<00:03, 20.84it/s]
 15%|█▌        | 12/79 [00:00<00:02, 24.52it/s]
 19%|█▉        | 15/79 [00:00<00:02, 25.88it/s]
 23%|██▎       | 18/79 [00:00<00:02, 24.53it/s]
 28%|██▊       | 22/79 [00:00<00:02, 25.14it/s]
 33%|███▎      | 26/79 [00:01<00:02, 26.19it/s]
 37%|███▋      | 29/79 [00:01<00:01, 25.76it/s]
 41%|████      | 32/79 [00:01<00:01, 25.28it/s]
 44%|████▍     | 35/79 [00:01<00:01, 24.97it/s]
 49%|████▉     | 39/79 [00:01<00:01, 27.81it/s]
 54%|█████▍    | 43/79 [00:01<00:01, 29.72it/s]
 59%|█████▉    | 47/79 [00:01<00:00, 32.21it/s]
 65%|██████▍   | 51/79 [00:01<00:00, 33.39it/s]
 70%|██████▉   | 55/79 [00:02<00:00, 33.81it/s]
 75%|███████▍  | 59/79 [00:02<00:00, 34.75it/s]
 80%|███████▉  | 63/79 [00:02<00:00, 35.63it/s]
 85%|████████▍ | 67/79 [00:02<00:00, 36.11it/s]
 90%|████████▉ | 71/79 [00:02<00:00, 36.65it/s]
 95%|█████████▍| 75/79 [00:02<00:00, 35.37it/s]
100%|██████████| 79/79 [00:02<00:00, 29.87it/s]

CommRound: 2/30
Accuracy: 65.75% | Loss: 1.0013
[####--------------------------------------------------------] 6.7%
Elapsed: 3.1m | Avg/Round: 92.9s | Last: 84.2s | Next: 92.9s | Remaining: 43.4m
ETA: 21:10:09
Recent round times: R1: 97.9s -> R2: 84.2s

  0%|          | 0/79 [00:00<?, ?it/s]
  1%|▏         | 1/79 [00:00<00:14,  5.43it/s]
  6%|▋         | 5/79 [00:00<00:04, 15.76it/s]
 10%|█         | 8/79 [00:00<00:03, 19.86it/s]
 14%|█▍        | 11/79 [00:00<00:03, 19.28it/s]
 18%|█▊        | 14/79 [00:00<00:02, 22.15it/s]
 22%|██▏       | 17/79 [00:00<00:02, 20.98it/s]
 27%|██▋       | 21/79 [00:01<00:02, 23.37it/s]
 30%|███       | 24/79 [00:01<00:02, 23.67it/s]
 34%|███▍      | 27/79 [00:01<00:02, 22.54it/s]
 38%|███▊      | 30/79 [00:01<00:02, 21.98it/s]
 42%|████▏     | 33/79 [00:01<00:01, 23.09it/s]
 46%|████▌     | 36/79 [00:01<00:01, 23.06it/s]
 49%|████▉     | 39/79 [00:01<00:01, 22.42it/s]
 53%|█████▎    | 42/79 [00:01<00:01, 22.95it/s]
 57%|█████▋    | 45/79 [00:02<00:01, 23.10it/s]
 61%|██████    | 48/79 [00:02<00:01, 22.69it/s]
 65%|██████▍   | 51/79 [00:02<00:01, 22.46it/s]
 68%|██████▊   | 54/79 [00:02<00:01, 22.60it/s]
 72%|███████▏  | 57/79 [00:02<00:00, 22.86it/s]
 76%|███████▌  | 60/79 [00:02<00:00, 22.12it/s]
 80%|███████▉  | 63/79 [00:02<00:00, 22.42it/s]
 84%|████████▎ | 66/79 [00:03<00:00, 21.96it/s]
 87%|████████▋ | 69/79 [00:03<00:00, 22.36it/s]
 91%|█████████ | 72/79 [00:03<00:00, 21.78it/s]
 95%|█████████▍| 75/79 [00:03<00:00, 22.75it/s]
 99%|█████████▊| 78/79 [00:03<00:00, 23.65it/s]
100%|██████████| 79/79 [00:03<00:00, 22.11it/s]

CommRound: 3/30
Accuracy: 79.02% | Loss: 0.6200
[######------------------------------------------------------] 10.0%
Elapsed: 4.7m | Avg/Round: 93.6s | Last: 95.0s | Next: 93.6s | Remaining: 42.1m
ETA: 21:10:30
Recent round times: R1: 97.9s -> R2: 84.2s -> R3: 95.0s

  0%|          | 0/79 [00:00<?, ?it/s]
  1%|▏         | 1/79 [00:00<00:11,  6.81it/s]
  9%|▉         | 7/79 [00:00<00:02, 27.45it/s]
 14%|█▍        | 11/79 [00:00<00:02, 30.19it/s]
 19%|█▉        | 15/79 [00:00<00:02, 31.65it/s]
 24%|██▍       | 19/79 [00:00<00:01, 32.82it/s]
 29%|██▉       | 23/79 [00:00<00:01, 33.51it/s]
 34%|███▍      | 27/79 [00:00<00:01, 33.98it/s]
 39%|███▉      | 31/79 [00:00<00:01, 34.38it/s]
 44%|████▍     | 35/79 [00:01<00:01, 32.64it/s]
 49%|████▉     | 39/79 [00:01<00:01, 28.84it/s]
 53%|█████▎    | 42/79 [00:01<00:01, 27.77it/s]
 57%|█████▋    | 45/79 [00:01<00:01, 25.47it/s]
 61%|██████    | 48/79 [00:01<00:01, 25.17it/s]
 65%|██████▍   | 51/79 [00:01<00:01, 23.15it/s]
 68%|██████▊   | 54/79 [00:01<00:01, 23.14it/s]
 72%|███████▏  | 57/79 [00:02<00:00, 22.35it/s]
 76%|███████▌  | 60/79 [00:02<00:00, 23.88it/s]
 80%|███████▉  | 63/79 [00:02<00:00, 22.93it/s]
 85%|████████▍ | 67/79 [00:02<00:00, 24.38it/s]
 89%|████████▊ | 70/79 [00:02<00:00, 25.41it/s]
 92%|█████████▏| 73/79 [00:02<00:00, 24.81it/s]
 96%|█████████▌| 76/79 [00:02<00:00, 22.72it/s]
100%|██████████| 79/79 [00:02<00:00, 26.49it/s]

CommRound: 4/30
Accuracy: 79.08% | Loss: 0.6139
[########----------------------------------------------------] 13.3%
Elapsed: 6.4m | Avg/Round: 96.0s | Last: 103.3s | Next: 96.0s | Remaining: 41.6m
ETA: 21:11:42
Recent round times: R1: 97.9s -> R2: 84.2s -> R3: 95.0s -> R4: 103.3s

  0%|          | 0/79 [00:00<?, ?it/s]
  1%|▏         | 1/79 [00:00<00:13,  5.95it/s]
  6%|▋         | 5/79 [00:00<00:04, 16.69it/s]
 11%|█▏        | 9/79 [00:00<00:03, 20.99it/s]
 16%|█▋        | 13/79 [00:00<00:02, 22.57it/s]
 22%|██▏       | 17/79 [00:00<00:02, 25.48it/s]
 27%|██▋       | 21/79 [00:00<00:02, 27.37it/s]
 32%|███▏      | 25/79 [00:01<00:01, 28.74it/s]
 37%|███▋      | 29/79 [00:01<00:01, 29.14it/s]
 42%|████▏     | 33/79 [00:01<00:01, 29.61it/s]
 47%|████▋     | 37/79 [00:01<00:01, 29.86it/s]
 52%|█████▏    | 41/79 [00:01<00:01, 29.85it/s]
 57%|█████▋    | 45/79 [00:01<00:01, 27.64it/s]
 62%|██████▏   | 49/79 [00:01<00:01, 27.41it/s]
 66%|██████▌   | 52/79 [00:01<00:00, 27.51it/s]
 70%|██████▉   | 55/79 [00:02<00:00, 24.83it/s]
 75%|███████▍  | 59/79 [00:02<00:00, 25.13it/s]
 80%|███████▉  | 63/79 [00:02<00:00, 25.41it/s]
 85%|████████▍ | 67/79 [00:02<00:00, 25.42it/s]
 90%|████████▉ | 71/79 [00:02<00:00, 26.18it/s]
 95%|█████████▍| 75/79 [00:02<00:00, 27.36it/s]
 99%|█████████▊| 78/79 [00:02<00:00, 27.49it/s]
100%|██████████| 79/79 [00:03<00:00, 26.24it/s]

CommRound: 5/30
Accuracy: 87.73% | Loss: 0.3980
[##########--------------------------------------------------] 16.7%
Elapsed: 8.2m | Avg/Round: 98.3s | Last: 107.5s | Next: 98.3s | Remaining: 41.0m
ETA: 21:12:51
Recent round times: R1: 97.9s -> R2: 84.2s -> R3: 95.0s -> R4: 103.3s -> R5: 107.5s

  0%|          | 0/79 [00:00<?, ?it/s]
  1%|▏         | 1/79 [00:00<00:10,  7.20it/s]
  6%|▋         | 5/79 [00:00<00:03, 21.10it/s]
 11%|█▏        | 9/79 [00:00<00:03, 22.58it/s]
 16%|█▋        | 13/79 [00:00<00:02, 23.42it/s]
 22%|██▏       | 17/79 [00:00<00:02, 24.59it/s]
 27%|██▋       | 21/79 [00:00<00:02, 24.79it/s]
 30%|███       | 24/79 [00:01<00:02, 25.04it/s]
 35%|███▌      | 28/79 [00:01<00:01, 27.36it/s]
 41%|████      | 32/79 [00:01<00:01, 28.97it/s]
 46%|████▌     | 36/79 [00:01<00:01, 30.15it/s]
 51%|█████     | 40/79 [00:01<00:01, 30.97it/s]
 56%|█████▌    | 44/79 [00:01<00:01, 30.08it/s]
 61%|██████    | 48/79 [00:01<00:01, 28.28it/s]
 65%|██████▍   | 51/79 [00:01<00:01, 26.82it/s]
 70%|██████▉   | 55/79 [00:02<00:00, 26.66it/s]
 73%|███████▎  | 58/79 [00:02<00:00, 27.41it/s]
 77%|███████▋  | 61/79 [00:02<00:00, 25.27it/s]
 81%|████████  | 64/79 [00:02<00:00, 25.96it/s]
 85%|████████▍ | 67/79 [00:02<00:00, 24.56it/s]
 90%|████████▉ | 71/79 [00:02<00:00, 24.83it/s]
 94%|█████████▎| 74/79 [00:02<00:00, 26.03it/s]
 97%|█████████▋| 77/79 [00:02<00:00, 25.93it/s]
100%|██████████| 79/79 [00:03<00:00, 26.23it/s]

CommRound: 6/30
Accuracy: 90.65% | Loss: 0.3080
[############------------------------------------------------] 20.0%
Elapsed: 9.8m | Avg/Round: 98.3s | Last: 97.9s | Next: 98.3s | Remaining: 39.3m
ETA: 21:12:49
Recent round times: R1: 84.2s -> R2: 95.0s -> R3: 103.3s -> R4: 107.5s -> R5: 97.9s

  0%|          | 0/79 [00:00<?, ?it/s]
  1%|▏         | 1/79 [00:00<00:13,  5.87it/s]
  6%|▋         | 5/79 [00:00<00:03, 20.88it/s]
 11%|█▏        | 9/79 [00:00<00:02, 24.06it/s]
 16%|█▋        | 13/79 [00:00<00:02, 24.09it/s]
 22%|██▏       | 17/79 [00:00<00:02, 26.26it/s]
 27%|██▋       | 21/79 [00:00<00:02, 26.71it/s]
 32%|███▏      | 25/79 [00:01<00:02, 26.96it/s]
 37%|███▋      | 29/79 [00:01<00:01, 26.58it/s]
 42%|████▏     | 33/79 [00:01<00:01, 26.99it/s]
 46%|████▌     | 36/79 [00:01<00:01, 27.42it/s]
 49%|████▉     | 39/79 [00:01<00:01, 26.32it/s]
 54%|█████▍    | 43/79 [00:01<00:01, 26.45it/s]
 59%|█████▉    | 47/79 [00:01<00:01, 26.14it/s]
 65%|██████▍   | 51/79 [00:01<00:01, 26.07it/s]
 70%|██████▉   | 55/79 [00:02<00:00, 26.02it/s]
 75%|███████▍  | 59/79 [00:02<00:00, 26.28it/s]
 80%|███████▉  | 63/79 [00:02<00:00, 26.54it/s]
 85%|████████▍ | 67/79 [00:02<00:00, 26.74it/s]
 90%|████████▉ | 71/79 [00:02<00:00, 26.58it/s]
 95%|█████████▍| 75/79 [00:02<00:00, 26.54it/s]
100%|██████████| 79/79 [00:03<00:00, 26.20it/s]

CommRound: 7/30
Accuracy: 90.45% | Loss: 0.3466
[##############----------------------------------------------] 23.3%
Elapsed: 11.5m | Avg/Round: 98.2s | Last: 97.8s | Next: 98.2s | Remaining: 37.6m
ETA: 21:12:47
Recent round times: R1: 95.0s -> R2: 103.3s -> R3: 107.5s -> R4: 97.9s -> R5: 97.8s

  0%|          | 0/79 [00:00<?, ?it/s]
  1%|▏         | 1/79 [00:00<00:20,  3.83it/s]
  5%|▌         | 4/79 [00:00<00:05, 12.87it/s]
 10%|█         | 8/79 [00:00<00:03, 19.10it/s]
 14%|█▍        | 11/79 [00:00<00:03, 17.48it/s]
 16%|█▋        | 13/79 [00:00<00:03, 17.53it/s]
 19%|█▉        | 15/79 [00:00<00:03, 17.55it/s]
 22%|██▏       | 17/79 [00:01<00:03, 17.23it/s]
 24%|██▍       | 19/79 [00:01<00:03, 17.28it/s]
 27%|██▋       | 21/79 [00:01<00:03, 17.53it/s]
 29%|██▉       | 23/79 [00:01<00:03, 17.78it/s]
 33%|███▎      | 26/79 [00:01<00:02, 17.70it/s]
 37%|███▋      | 29/79 [00:01<00:02, 20.67it/s]
 41%|████      | 32/79 [00:01<00:02, 20.33it/s]
 44%|████▍     | 35/79 [00:01<00:01, 22.43it/s]
 48%|████▊     | 38/79 [00:02<00:01, 22.73it/s]
 53%|█████▎    | 42/79 [00:02<00:01, 24.87it/s]
 58%|█████▊    | 46/79 [00:02<00:01, 23.40it/s]
 65%|██████▍   | 51/79 [00:02<00:00, 29.31it/s]
 70%|██████▉   | 55/79 [00:02<00:00, 27.10it/s]
 73%|███████▎  | 58/79 [00:02<00:00, 22.48it/s]
 78%|███████▊  | 62/79 [00:02<00:00, 23.57it/s]
 82%|████████▏ | 65/79 [00:03<00:00, 24.70it/s]
 86%|████████▌ | 68/79 [00:03<00:00, 22.73it/s]
 90%|████████▉ | 71/79 [00:03<00:00, 23.82it/s]
 94%|█████████▎| 74/79 [00:03<00:00, 22.50it/s]
 99%|█████████▊| 78/79 [00:03<00:00, 23.50it/s]
100%|██████████| 79/79 [00:03<00:00, 21.18it/s]

CommRound: 8/30
Accuracy: 88.26% | Loss: 0.4484
[################--------------------------------------------] 26.7%
Elapsed: 13.2m | Avg/Round: 98.7s | Last: 102.2s | Next: 98.7s | Remaining: 36.2m
ETA: 21:13:02
Recent round times: R1: 103.3s -> R2: 107.5s -> R3: 97.9s -> R4: 97.8s -> R5: 102.2s

  0%|          | 0/79 [00:00<?, ?it/s]
  1%|▏         | 1/79 [00:00<00:14,  5.37it/s]
  6%|▋         | 5/79 [00:00<00:04, 17.82it/s]
 10%|█         | 8/79 [00:00<00:03, 22.02it/s]
 14%|█▍        | 11/79 [00:00<00:03, 20.71it/s]
 19%|█▉        | 15/79 [00:00<00:02, 22.06it/s]
 24%|██▍       | 19/79 [00:00<00:02, 24.17it/s]
 29%|██▉       | 23/79 [00:01<00:02, 25.53it/s]
 33%|███▎      | 26/79 [00:01<00:02, 25.11it/s]
 37%|███▋      | 29/79 [00:01<00:02, 21.28it/s]
 41%|████      | 32/79 [00:01<00:02, 22.11it/s]
 46%|████▌     | 36/79 [00:01<00:01, 21.87it/s]
 51%|█████     | 40/79 [00:01<00:01, 25.54it/s]
 54%|█████▍    | 43/79 [00:01<00:01, 26.23it/s]
 58%|█████▊    | 46/79 [00:02<00:01, 24.92it/s]
 63%|██████▎   | 50/79 [00:02<00:01, 25.42it/s]
 68%|██████▊   | 54/79 [00:02<00:00, 25.16it/s]
 73%|███████▎  | 58/79 [00:02<00:00, 26.41it/s]
 78%|███████▊  | 62/79 [00:02<00:00, 25.97it/s]
 84%|████████▎ | 66/79 [00:02<00:00, 26.38it/s]
 89%|████████▊ | 70/79 [00:02<00:00, 27.42it/s]
 94%|█████████▎| 74/79 [00:03<00:00, 27.90it/s]
 97%|█████████▋| 77/79 [00:03<00:00, 27.20it/s]
100%|██████████| 79/79 [00:03<00:00, 24.70it/s]

CommRound: 9/30
Accuracy: 90.31% | Loss: 0.3797
[##################------------------------------------------] 30.0%
Elapsed: 14.8m | Avg/Round: 98.6s | Last: 97.6s | Next: 98.6s | Remaining: 34.5m
ETA: 21:12:59
Recent round times: R1: 107.5s -> R2: 97.9s -> R3: 97.8s -> R4: 102.2s -> R5: 97.6s

  0%|          | 0/79 [00:00<?, ?it/s]
  1%|▏         | 1/79 [00:00<00:15,  5.19it/s]
  6%|▋         | 5/79 [00:00<00:03, 18.87it/s]
 10%|█         | 8/79 [00:00<00:04, 16.78it/s]
 15%|█▌        | 12/79 [00:00<00:02, 22.67it/s]
 19%|█▉        | 15/79 [00:00<00:03, 20.95it/s]
 23%|██▎       | 18/79 [00:00<00:02, 21.72it/s]
 27%|██▋       | 21/79 [00:01<00:02, 19.96it/s]
 30%|███       | 24/79 [00:01<00:02, 20.62it/s]
 34%|███▍      | 27/79 [00:01<00:02, 18.78it/s]
 37%|███▋      | 29/79 [00:01<00:02, 18.35it/s]
 39%|███▉      | 31/79 [00:01<00:02, 18.69it/s]
 43%|████▎     | 34/79 [00:01<00:02, 20.04it/s]
 47%|████▋     | 37/79 [00:01<00:02, 19.59it/s]
 49%|████▉     | 39/79 [00:02<00:02, 17.84it/s]
 54%|█████▍    | 43/79 [00:02<00:01, 19.49it/s]
 57%|█████▋    | 45/79 [00:02<00:01, 18.84it/s]
 61%|██████    | 48/79 [00:02<00:01, 21.14it/s]
 65%|██████▍   | 51/79 [00:02<00:01, 20.65it/s]
 68%|██████▊   | 54/79 [00:02<00:01, 19.66it/s]
 72%|███████▏  | 57/79 [00:03<00:01, 15.68it/s]
 78%|███████▊  | 62/79 [00:03<00:00, 21.44it/s]
 82%|████████▏ | 65/79 [00:03<00:00, 21.20it/s]
 86%|████████▌ | 68/79 [00:03<00:00, 20.71it/s]
 90%|████████▉ | 71/79 [00:03<00:00, 20.65it/s]
 94%|█████████▎| 74/79 [00:03<00:00, 20.73it/s]
 97%|█████████▋| 77/79 [00:03<00:00, 21.70it/s]
100%|██████████| 79/79 [00:03<00:00, 19.93it/s]

CommRound: 10/30
Accuracy: 90.48% | Loss: 0.3926
[####################----------------------------------------] 33.3%
Elapsed: 16.4m | Avg/Round: 98.6s | Last: 98.9s | Next: 98.6s | Remaining: 32.9m
ETA: 21:13:00
Recent round times: R1: 97.9s -> R2: 97.8s -> R3: 102.2s -> R4: 97.6s -> R5: 98.9s

  0%|          | 0/79 [00:00<?, ?it/s]
  1%|▏         | 1/79 [00:00<00:12,  6.27it/s]
  6%|▋         | 5/79 [00:00<00:03, 20.60it/s]
 11%|█▏        | 9/79 [00:00<00:02, 25.03it/s]
 16%|█▋        | 13/79 [00:00<00:02, 27.32it/s]
 22%|██▏       | 17/79 [00:00<00:02, 28.68it/s]
 27%|██▋       | 21/79 [00:00<00:01, 29.48it/s]
 32%|███▏      | 25/79 [00:00<00:01, 27.53it/s]
 35%|███▌      | 28/79 [00:01<00:01, 27.86it/s]
 39%|███▉      | 31/79 [00:01<00:01, 24.95it/s]
 44%|████▍     | 35/79 [00:01<00:01, 24.48it/s]
 49%|████▉     | 39/79 [00:01<00:01, 24.43it/s]
 54%|█████▍    | 43/79 [00:01<00:01, 24.54it/s]
 59%|█████▉    | 47/79 [00:01<00:01, 23.80it/s]
 65%|██████▍   | 51/79 [00:02<00:01, 23.70it/s]
 70%|██████▉   | 55/79 [00:02<00:01, 23.65it/s]
 75%|███████▍  | 59/79 [00:02<00:00, 23.46it/s]
 80%|███████▉  | 63/79 [00:02<00:00, 23.57it/s]
 85%|████████▍ | 67/79 [00:02<00:00, 23.52it/s]
 90%|████████▉ | 71/79 [00:02<00:00, 23.72it/s]
 95%|█████████▍| 75/79 [00:03<00:00, 23.83it/s]
100%|██████████| 79/79 [00:03<00:00, 27.09it/s]
100%|██████████| 79/79 [00:03<00:00, 24.74it/s]

CommRound: 11/30
Accuracy: 89.44% | Loss: 0.4439
[######################--------------------------------------] 36.7%
Elapsed: 18.2m | Avg/Round: 99.0s | Last: 103.3s | Next: 99.0s | Remaining: 31.4m
ETA: 21:13:13
Recent round times: R1: 97.8s -> R2: 102.2s -> R3: 97.6s -> R4: 98.9s -> R5: 103.3s

  0%|          | 0/79 [00:00<?, ?it/s]
  1%|▏         | 1/79 [00:00<00:08,  8.79it/s]
  9%|▉         | 7/79 [00:00<00:02, 30.03it/s]
 13%|█▎        | 10/79 [00:00<00:02, 29.88it/s]
 16%|█▋        | 13/79 [00:00<00:02, 29.58it/s]
 22%|██▏       | 17/79 [00:00<00:01, 31.39it/s]
 27%|██▋       | 21/79 [00:00<00:01, 31.63it/s]
 32%|███▏      | 25/79 [00:00<00:01, 32.72it/s]
 37%|███▋      | 29/79 [00:00<00:01, 33.40it/s]
 42%|████▏     | 33/79 [00:01<00:01, 34.04it/s]
 47%|████▋     | 37/79 [00:01<00:01, 34.44it/s]
 52%|█████▏    | 41/79 [00:01<00:01, 34.83it/s]
 57%|█████▋    | 45/79 [00:01<00:00, 35.08it/s]
 62%|██████▏   | 49/79 [00:01<00:00, 34.75it/s]
 67%|██████▋   | 53/79 [00:01<00:00, 35.83it/s]
 72%|███████▏  | 57/79 [00:01<00:00, 36.16it/s]
 78%|███████▊  | 62/79 [00:01<00:00, 38.98it/s]
 84%|████████▎ | 66/79 [00:01<00:00, 38.31it/s]
 89%|████████▊ | 70/79 [00:02<00:00, 38.10it/s]
 94%|█████████▎| 74/79 [00:02<00:00, 37.51it/s]
 99%|█████████▊| 78/79 [00:02<00:00, 37.24it/s]
100%|██████████| 79/79 [00:02<00:00, 34.68it/s]

CommRound: 12/30
Accuracy: 89.94% | Loss: 0.4296
[########################------------------------------------] 40.0%
Elapsed: 19.8m | Avg/Round: 99.0s | Last: 98.8s | Next: 99.0s | Remaining: 29.7m
ETA: 21:13:12
Recent round times: R1: 102.2s -> R2: 97.6s -> R3: 98.9s -> R4: 103.3s -> R5: 98.8s

  0%|          | 0/79 [00:00<?, ?it/s]
  1%|▏         | 1/79 [00:00<00:08,  8.82it/s]
  6%|▋         | 5/79 [00:00<00:02, 26.03it/s]
 11%|█▏        | 9/79 [00:00<00:02, 30.12it/s]
 16%|█▋        | 13/79 [00:00<00:02, 32.07it/s]
 22%|██▏       | 17/79 [00:00<00:01, 33.47it/s]
 27%|██▋       | 21/79 [00:00<00:01, 33.56it/s]
 32%|███▏      | 25/79 [00:00<00:01, 33.48it/s]
 37%|███▋      | 29/79 [00:00<00:01, 33.64it/s]
 42%|████▏     | 33/79 [00:01<00:01, 33.77it/s]
 47%|████▋     | 37/79 [00:01<00:01, 33.73it/s]
 52%|█████▏    | 41/79 [00:01<00:01, 33.42it/s]
 57%|█████▋    | 45/79 [00:01<00:01, 33.73it/s]
 62%|██████▏   | 49/79 [00:01<00:00, 33.83it/s]
 67%|██████▋   | 53/79 [00:01<00:00, 33.80it/s]
 72%|███████▏  | 57/79 [00:01<00:00, 33.92it/s]
 77%|███████▋  | 61/79 [00:01<00:00, 33.89it/s]
 82%|████████▏ | 65/79 [00:01<00:00, 34.67it/s]
 87%|████████▋ | 69/79 [00:02<00:00, 35.30it/s]
 92%|█████████▏| 73/79 [00:02<00:00, 35.30it/s]
 97%|█████████▋| 77/79 [00:02<00:00, 35.35it/s]
100%|██████████| 79/79 [00:02<00:00, 33.47it/s]

CommRound: 13/30
Accuracy: 90.01% | Loss: 0.4362
[##########################----------------------------------] 43.3%
Elapsed: 21.4m | Avg/Round: 98.6s | Last: 93.5s | Next: 98.6s | Remaining: 27.9m
ETA: 21:12:59
Recent round times: R1: 97.6s -> R2: 98.9s -> R3: 103.3s -> R4: 98.8s -> R5: 93.5s

  0%|          | 0/79 [00:00<?, ?it/s]
  1%|▏         | 1/79 [00:00<00:08,  8.81it/s]
  6%|▋         | 5/79 [00:00<00:02, 25.58it/s]
 11%|█▏        | 9/79 [00:00<00:02, 30.89it/s]
 16%|█▋        | 13/79 [00:00<00:01, 33.12it/s]
 22%|██▏       | 17/79 [00:00<00:01, 32.63it/s]
 27%|██▋       | 21/79 [00:00<00:01, 33.34it/s]
 32%|███▏      | 25/79 [00:00<00:01, 32.54it/s]
 37%|███▋      | 29/79 [00:00<00:01, 33.70it/s]
 42%|████▏     | 33/79 [00:01<00:01, 33.89it/s]
 47%|████▋     | 37/79 [00:01<00:01, 34.10it/s]
 52%|█████▏    | 41/79 [00:01<00:01, 32.18it/s]
 57%|█████▋    | 45/79 [00:01<00:01, 33.01it/s]
 62%|██████▏   | 49/79 [00:01<00:00, 33.30it/s]
 67%|██████▋   | 53/79 [00:01<00:00, 34.24it/s]
 72%|███████▏  | 57/79 [00:01<00:00, 34.48it/s]
 77%|███████▋  | 61/79 [00:01<00:00, 34.85it/s]
 82%|████████▏ | 65/79 [00:01<00:00, 35.01it/s]
 87%|████████▋ | 69/79 [00:02<00:00, 34.67it/s]
 92%|█████████▏| 73/79 [00:02<00:00, 35.46it/s]
 97%|█████████▋| 77/79 [00:02<00:00, 35.18it/s]
100%|██████████| 79/79 [00:02<00:00, 33.34it/s]

CommRound: 14/30
Accuracy: 89.91% | Loss: 0.4507
[############################--------------------------------] 46.7%
Elapsed: 23.0m | Avg/Round: 98.8s | Last: 101.0s | Next: 98.8s | Remaining: 26.3m
ETA: 21:13:04
Recent round times: R1: 98.9s -> R2: 103.3s -> R3: 98.8s -> R4: 93.5s -> R5: 101.0s

  0%|          | 0/79 [00:00<?, ?it/s]
  1%|▏         | 1/79 [00:00<00:11,  7.06it/s]
  6%|▋         | 5/79 [00:00<00:03, 22.39it/s]
 11%|█▏        | 9/79 [00:00<00:02, 26.53it/s]
 15%|█▌        | 12/79 [00:00<00:02, 25.72it/s]
 19%|█▉        | 15/79 [00:00<00:02, 25.03it/s]
 23%|██▎       | 18/79 [00:00<00:02, 21.72it/s]
 27%|██▋       | 21/79 [00:00<00:02, 21.26it/s]
 33%|███▎      | 26/79 [00:01<00:01, 27.46it/s]
 37%|███▋      | 29/79 [00:01<00:02, 24.12it/s]
 42%|████▏     | 33/79 [00:01<00:01, 24.64it/s]
 46%|████▌     | 36/79 [00:01<00:01, 24.17it/s]
 49%|████▉     | 39/79 [00:01<00:01, 23.55it/s]
 54%|█████▍    | 43/79 [00:01<00:01, 26.38it/s]
 59%|█████▉    | 47/79 [00:01<00:01, 28.86it/s]
 65%|██████▍   | 51/79 [00:01<00:00, 30.44it/s]
 70%|██████▉   | 55/79 [00:02<00:00, 31.19it/s]
 75%|███████▍  | 59/79 [00:02<00:00, 31.17it/s]
 80%|███████▉  | 63/79 [00:02<00:00, 31.50it/s]
 85%|████████▍ | 67/79 [00:02<00:00, 32.35it/s]
 90%|████████▉ | 71/79 [00:02<00:00, 31.04it/s]
 95%|█████████▍| 75/79 [00:02<00:00, 30.75it/s]
100%|██████████| 79/79 [00:02<00:00, 27.53it/s]

CommRound: 15/30
Accuracy: 90.68% | Loss: 0.4167
[##############################------------------------------] 50.0%
Elapsed: 24.6m | Avg/Round: 98.3s | Last: 91.9s | Next: 98.3s | Remaining: 24.6m
ETA: 21:12:51
Recent round times: R1: 103.3s -> R2: 98.8s -> R3: 93.5s -> R4: 101.0s -> R5: 91.9s

  0%|          | 0/79 [00:00<?, ?it/s]
  1%|▏         | 1/79 [00:00<00:11,  6.78it/s]
  6%|▋         | 5/79 [00:00<00:03, 21.89it/s]
 10%|█         | 8/79 [00:00<00:03, 22.91it/s]
 15%|█▌        | 12/79 [00:00<00:02, 26.32it/s]
 20%|██        | 16/79 [00:00<00:02, 28.09it/s]
 25%|██▌       | 20/79 [00:00<00:01, 30.03it/s]
 30%|███       | 24/79 [00:00<00:01, 31.02it/s]
 35%|███▌      | 28/79 [00:00<00:01, 31.71it/s]
 41%|████      | 32/79 [00:01<00:01, 32.35it/s]
 46%|████▌     | 36/79 [00:01<00:01, 32.58it/s]
 51%|█████     | 40/79 [00:01<00:01, 32.85it/s]
 56%|█████▌    | 44/79 [00:01<00:01, 33.22it/s]
 61%|██████    | 48/79 [00:01<00:00, 33.03it/s]
 66%|██████▌   | 52/79 [00:01<00:00, 33.06it/s]
 71%|███████   | 56/79 [00:01<00:00, 32.92it/s]
 76%|███████▌  | 60/79 [00:01<00:00, 31.19it/s]
 81%|████████  | 64/79 [00:02<00:00, 30.67it/s]
 86%|████████▌ | 68/79 [00:02<00:00, 29.27it/s]
 90%|████████▉ | 71/79 [00:02<00:00, 28.98it/s]
 94%|█████████▎| 74/79 [00:02<00:00, 28.24it/s]
 99%|█████████▊| 78/79 [00:02<00:00, 28.70it/s]
100%|██████████| 79/79 [00:02<00:00, 29.84it/s]

CommRound: 16/30
Accuracy: 90.65% | Loss: 0.4279
[################################----------------------------] 53.3%
Elapsed: 26.3m | Avg/Round: 98.5s | Last: 100.7s | Next: 98.5s | Remaining: 23.0m
ETA: 21:12:55
Recent round times: R1: 98.8s -> R2: 93.5s -> R3: 101.0s -> R4: 91.9s -> R5: 100.7s

  0%|          | 0/79 [00:00<?, ?it/s]
  1%|▏         | 1/79 [00:00<00:12,  6.03it/s]
  6%|▋         | 5/79 [00:00<00:04, 15.96it/s]
 10%|█         | 8/79 [00:00<00:04, 17.11it/s]
 13%|█▎        | 10/79 [00:00<00:04, 16.23it/s]
 15%|█▌        | 12/79 [00:00<00:04, 16.43it/s]
 19%|█▉        | 15/79 [00:00<00:03, 18.45it/s]
 22%|██▏       | 17/79 [00:01<00:03, 18.09it/s]
 24%|██▍       | 19/79 [00:01<00:03, 17.71it/s]
 27%|██▋       | 21/79 [00:01<00:03, 17.90it/s]
 29%|██▉       | 23/79 [00:01<00:03, 18.31it/s]
 32%|███▏      | 25/79 [00:01<00:03, 17.89it/s]
 35%|███▌      | 28/79 [00:01<00:02, 19.36it/s]
 38%|███▊      | 30/79 [00:01<00:02, 18.82it/s]
 41%|████      | 32/79 [00:01<00:02, 18.29it/s]
 43%|████▎     | 34/79 [00:01<00:02, 17.75it/s]
 47%|████▋     | 37/79 [00:02<00:02, 18.00it/s]
 51%|█████     | 40/79 [00:02<00:02, 19.22it/s]
 54%|█████▍    | 43/79 [00:02<00:01, 18.39it/s]
 57%|█████▋    | 45/79 [00:02<00:01, 18.07it/s]
 59%|█████▉    | 47/79 [00:02<00:01, 17.93it/s]
 62%|██████▏   | 49/79 [00:02<00:01, 17.81it/s]
 65%|██████▍   | 51/79 [00:02<00:01, 17.88it/s]
 67%|██████▋   | 53/79 [00:02<00:01, 18.01it/s]
 70%|██████▉   | 55/79 [00:03<00:01, 17.78it/s]
 73%|███████▎  | 58/79 [00:03<00:01, 19.76it/s]
 76%|███████▌  | 60/79 [00:03<00:00, 19.37it/s]
 80%|███████▉  | 63/79 [00:03<00:00, 19.15it/s]
 82%|████████▏ | 65/79 [00:03<00:00, 18.76it/s]
 85%|████████▍ | 67/79 [00:03<00:00, 18.53it/s]
 87%|████████▋ | 69/79 [00:03<00:00, 18.21it/s]
 90%|████████▉ | 71/79 [00:03<00:00, 18.22it/s]
 92%|█████████▏| 73/79 [00:04<00:00, 17.86it/s]
 95%|█████████▍| 75/79 [00:04<00:00, 18.38it/s]
 97%|█████████▋| 77/79 [00:04<00:00, 18.35it/s]
100%|██████████| 79/79 [00:04<00:00, 18.23it/s]

CommRound: 17/30
Accuracy: 90.73% | Loss: 0.4281
[##################################--------------------------] 56.7%
Elapsed: 27.8m | Avg/Round: 98.2s | Last: 93.8s | Next: 98.2s | Remaining: 21.3m
ETA: 21:12:47
Recent round times: R1: 93.5s -> R2: 101.0s -> R3: 91.9s -> R4: 100.7s -> R5: 93.8s

  0%|          | 0/79 [00:00<?, ?it/s]
  1%|▏         | 1/79 [00:00<00:09,  7.96it/s]
  6%|▋         | 5/79 [00:00<00:03, 23.50it/s]
 11%|█▏        | 9/79 [00:00<00:02, 26.27it/s]
 16%|█▋        | 13/79 [00:00<00:02, 27.86it/s]
 20%|██        | 16/79 [00:00<00:02, 27.13it/s]
 25%|██▌       | 20/79 [00:00<00:02, 27.04it/s]
 30%|███       | 24/79 [00:00<00:02, 25.45it/s]
 35%|███▌      | 28/79 [00:01<00:01, 27.47it/s]
 41%|████      | 32/79 [00:01<00:01, 27.54it/s]
 46%|████▌     | 36/79 [00:01<00:01, 27.46it/s]
 51%|█████     | 40/79 [00:01<00:01, 26.60it/s]
 56%|█████▌    | 44/79 [00:01<00:01, 29.21it/s]
 61%|██████    | 48/79 [00:01<00:01, 29.74it/s]
 66%|██████▌   | 52/79 [00:01<00:00, 29.46it/s]
 71%|███████   | 56/79 [00:02<00:00, 29.96it/s]
 76%|███████▌  | 60/79 [00:02<00:00, 30.69it/s]
 81%|████████  | 64/79 [00:02<00:00, 30.78it/s]
 86%|████████▌ | 68/79 [00:02<00:00, 30.68it/s]
 91%|█████████ | 72/79 [00:02<00:00, 30.98it/s]
 96%|█████████▌| 76/79 [00:02<00:00, 31.15it/s]
100%|██████████| 79/79 [00:02<00:00, 28.67it/s]

CommRound: 18/30
Accuracy: 90.71% | Loss: 0.4314
[####################################------------------------] 60.0%
Elapsed: 29.5m | Avg/Round: 98.4s | Last: 101.2s | Next: 98.4s | Remaining: 19.7m
ETA: 21:12:52
Recent round times: R1: 101.0s -> R2: 91.9s -> R3: 100.7s -> R4: 93.8s -> R5: 101.2s

  0%|          | 0/79 [00:00<?, ?it/s]
  1%|▏         | 1/79 [00:00<00:12,  6.08it/s]
  9%|▉         | 7/79 [00:00<00:02, 25.81it/s]
 13%|█▎        | 10/79 [00:00<00:02, 24.23it/s]
 18%|█▊        | 14/79 [00:00<00:02, 25.46it/s]
 22%|██▏       | 17/79 [00:00<00:02, 26.28it/s]
 25%|██▌       | 20/79 [00:00<00:02, 25.25it/s]
 29%|██▉       | 23/79 [00:00<00:02, 26.43it/s]
 33%|███▎      | 26/79 [00:01<00:02, 25.35it/s]
 38%|███▊      | 30/79 [00:01<00:01, 25.61it/s]
 43%|████▎     | 34/79 [00:01<00:01, 25.72it/s]
 48%|████▊     | 38/79 [00:01<00:01, 25.87it/s]
 53%|█████▎    | 42/79 [00:01<00:01, 25.82it/s]
 58%|█████▊    | 46/79 [00:01<00:01, 25.28it/s]
 63%|██████▎   | 50/79 [00:01<00:01, 25.16it/s]
 68%|██████▊   | 54/79 [00:02<00:01, 24.99it/s]
 73%|███████▎  | 58/79 [00:02<00:00, 25.26it/s]
 78%|███████▊  | 62/79 [00:02<00:00, 25.64it/s]
 82%|████████▏ | 65/79 [00:02<00:00, 25.58it/s]
 87%|████████▋ | 69/79 [00:02<00:00, 25.45it/s]
 92%|█████████▏| 73/79 [00:02<00:00, 28.01it/s]
 97%|█████████▋| 77/79 [00:02<00:00, 29.79it/s]
100%|██████████| 79/79 [00:03<00:00, 26.27it/s]

CommRound: 19/30
Accuracy: 90.76% | Loss: 0.4340
[######################################----------------------] 63.3%
Elapsed: 31.0m | Avg/Round: 98.0s | Last: 91.0s | Next: 98.0s | Remaining: 18.0m
ETA: 21:12:40
Recent round times: R1: 91.9s -> R2: 100.7s -> R3: 93.8s -> R4: 101.2s -> R5: 91.0s

  0%|          | 0/79 [00:00<?, ?it/s]
  1%|▏         | 1/79 [00:00<00:09,  8.02it/s]
  6%|▋         | 5/79 [00:00<00:02, 24.99it/s]
 11%|█▏        | 9/79 [00:00<00:02, 28.55it/s]
 16%|█▋        | 13/79 [00:00<00:02, 29.72it/s]
 22%|██▏       | 17/79 [00:00<00:02, 30.41it/s]
 27%|██▋       | 21/79 [00:00<00:01, 30.99it/s]
 32%|███▏      | 25/79 [00:00<00:01, 31.36it/s]
 37%|███▋      | 29/79 [00:00<00:01, 31.46it/s]
 42%|████▏     | 33/79 [00:01<00:01, 31.45it/s]
 47%|████▋     | 37/79 [00:01<00:01, 31.54it/s]
 52%|█████▏    | 41/79 [00:01<00:01, 30.90it/s]
 57%|█████▋    | 45/79 [00:01<00:01, 30.21it/s]
 62%|██████▏   | 49/79 [00:01<00:00, 31.13it/s]
 67%|██████▋   | 53/79 [00:01<00:00, 31.30it/s]
 72%|███████▏  | 57/79 [00:01<00:00, 31.82it/s]
 77%|███████▋  | 61/79 [00:01<00:00, 32.18it/s]
 82%|████████▏ | 65/79 [00:02<00:00, 32.56it/s]
 87%|████████▋ | 69/79 [00:02<00:00, 32.83it/s]
 92%|█████████▏| 73/79 [00:02<00:00, 33.08it/s]
 97%|█████████▋| 77/79 [00:02<00:00, 32.89it/s]
100%|██████████| 79/79 [00:02<00:00, 31.41it/s]

CommRound: 20/30
Accuracy: 90.74% | Loss: 0.4367
[########################################--------------------] 66.7%
Elapsed: 32.7m | Avg/Round: 98.0s | Last: 97.9s | Next: 98.0s | Remaining: 16.3m
ETA: 21:12:40
Recent round times: R1: 100.7s -> R2: 93.8s -> R3: 101.2s -> R4: 91.0s -> R5: 97.9s

  0%|          | 0/79 [00:00<?, ?it/s]
  1%|▏         | 1/79 [00:00<00:10,  7.16it/s]
  6%|▋         | 5/79 [00:00<00:03, 23.17it/s]
 11%|█▏        | 9/79 [00:00<00:02, 26.86it/s]
 16%|█▋        | 13/79 [00:00<00:02, 28.53it/s]
 20%|██        | 16/79 [00:00<00:02, 26.81it/s]
 25%|██▌       | 20/79 [00:00<00:02, 28.40it/s]
 30%|███       | 24/79 [00:00<00:01, 29.23it/s]
 35%|███▌      | 28/79 [00:01<00:01, 29.75it/s]
 41%|████      | 32/79 [00:01<00:01, 30.09it/s]
 46%|████▌     | 36/79 [00:01<00:01, 30.20it/s]
 51%|█████     | 40/79 [00:01<00:01, 30.28it/s]
 56%|█████▌    | 44/79 [00:01<00:01, 30.44it/s]
 61%|██████    | 48/79 [00:01<00:01, 30.29it/s]
 66%|██████▌   | 52/79 [00:01<00:00, 31.08it/s]
 71%|███████   | 56/79 [00:01<00:00, 31.29it/s]
 76%|███████▌  | 60/79 [00:02<00:00, 31.37it/s]
 81%|████████  | 64/79 [00:02<00:00, 31.16it/s]
 86%|████████▌ | 68/79 [00:02<00:00, 31.29it/s]
 91%|█████████ | 72/79 [00:02<00:00, 31.34it/s]
 96%|█████████▌| 76/79 [00:02<00:00, 31.24it/s]
100%|██████████| 79/79 [00:02<00:00, 29.79it/s]

CommRound: 21/30
Accuracy: 90.73% | Loss: 0.4390
[##########################################------------------] 70.0%
Elapsed: 34.3m | Avg/Round: 98.0s | Last: 99.5s | Next: 98.0s | Remaining: 14.7m
ETA: 21:12:42
Recent round times: R1: 93.8s -> R2: 101.2s -> R3: 91.0s -> R4: 97.9s -> R5: 99.5s

  0%|          | 0/79 [00:00<?, ?it/s]
  1%|▏         | 1/79 [00:00<00:15,  5.00it/s]
  6%|▋         | 5/79 [00:00<00:04, 16.52it/s]
 11%|█▏        | 9/79 [00:00<00:03, 21.75it/s]
 15%|█▌        | 12/79 [00:00<00:02, 22.36it/s]
 19%|█▉        | 15/79 [00:00<00:03, 18.41it/s]
 22%|██▏       | 17/79 [00:00<00:03, 18.39it/s]
 24%|██▍       | 19/79 [00:01<00:03, 18.02it/s]
 27%|██▋       | 21/79 [00:01<00:03, 18.02it/s]
 29%|██▉       | 23/79 [00:01<00:03, 18.09it/s]
 32%|███▏      | 25/79 [00:01<00:02, 18.10it/s]
 34%|███▍      | 27/79 [00:01<00:02, 17.94it/s]
 37%|███▋      | 29/79 [00:01<00:02, 18.35it/s]
 39%|███▉      | 31/79 [00:01<00:02, 18.03it/s]
 42%|████▏     | 33/79 [00:01<00:02, 17.72it/s]
 44%|████▍     | 35/79 [00:01<00:02, 17.58it/s]
 47%|████▋     | 37/79 [00:02<00:02, 17.09it/s]
 49%|████▉     | 39/79 [00:02<00:02, 17.27it/s]
 52%|█████▏    | 41/79 [00:02<00:02, 17.19it/s]
 54%|█████▍    | 43/79 [00:02<00:02, 17.04it/s]
 57%|█████▋    | 45/79 [00:02<00:02, 16.95it/s]
 59%|█████▉    | 47/79 [00:02<00:01, 17.01it/s]
 62%|██████▏   | 49/79 [00:02<00:01, 16.98it/s]
 65%|██████▍   | 51/79 [00:02<00:01, 17.01it/s]
 67%|██████▋   | 53/79 [00:03<00:01, 17.22it/s]
 70%|██████▉   | 55/79 [00:03<00:01, 17.41it/s]
 72%|███████▏  | 57/79 [00:03<00:01, 17.34it/s]
 75%|███████▍  | 59/79 [00:03<00:01, 17.58it/s]
 77%|███████▋  | 61/79 [00:03<00:01, 17.80it/s]
 80%|███████▉  | 63/79 [00:03<00:00, 18.28it/s]
 82%|████████▏ | 65/79 [00:03<00:00, 17.90it/s]
 85%|████████▍ | 67/79 [00:03<00:00, 18.38it/s]
 89%|████████▊ | 70/79 [00:03<00:00, 21.44it/s]
 92%|█████████▏| 73/79 [00:04<00:00, 19.14it/s]
 95%|█████████▍| 75/79 [00:04<00:00, 18.71it/s]
100%|██████████| 79/79 [00:04<00:00, 23.60it/s]
100%|██████████| 79/79 [00:04<00:00, 18.32it/s]

CommRound: 22/30
Accuracy: 90.71% | Loss: 0.4413
[############################################----------------] 73.3%
Elapsed: 36.0m | Avg/Round: 98.1s | Last: 100.4s | Next: 98.1s | Remaining: 13.1m
ETA: 21:12:46
Recent round times: R1: 101.2s -> R2: 91.0s -> R3: 97.9s -> R4: 99.5s -> R5: 100.4s

  0%|          | 0/79 [00:00<?, ?it/s]
  1%|▏         | 1/79 [00:00<00:09,  8.28it/s]
  6%|▋         | 5/79 [00:00<00:03, 23.75it/s]
 11%|█▏        | 9/79 [00:00<00:02, 27.46it/s]
 16%|█▋        | 13/79 [00:00<00:02, 29.17it/s]
 22%|██▏       | 17/79 [00:00<00:02, 30.19it/s]
 27%|██▋       | 21/79 [00:00<00:01, 30.43it/s]
 32%|███▏      | 25/79 [00:00<00:01, 30.24it/s]
 37%|███▋      | 29/79 [00:01<00:01, 28.49it/s]
 41%|████      | 32/79 [00:01<00:01, 28.41it/s]
 44%|████▍     | 35/79 [00:01<00:01, 27.82it/s]
 49%|████▉     | 39/79 [00:01<00:01, 28.82it/s]
 54%|█████▍    | 43/79 [00:01<00:01, 29.42it/s]
 59%|█████▉    | 47/79 [00:01<00:01, 30.09it/s]
 65%|██████▍   | 51/79 [00:01<00:00, 30.80it/s]
 70%|██████▉   | 55/79 [00:01<00:00, 31.22it/s]
 75%|███████▍  | 59/79 [00:02<00:00, 30.18it/s]
 80%|███████▉  | 63/79 [00:02<00:00, 27.59it/s]
 85%|████████▍ | 67/79 [00:02<00:00, 28.84it/s]
 90%|████████▉ | 71/79 [00:02<00:00, 29.92it/s]
 95%|█████████▍| 75/79 [00:02<00:00, 30.64it/s]
100%|██████████| 79/79 [00:02<00:00, 29.47it/s]

CommRound: 23/30
Accuracy: 90.70% | Loss: 0.4436
[##############################################--------------] 76.7%
Elapsed: 37.5m | Avg/Round: 97.9s | Last: 91.7s | Next: 97.9s | Remaining: 11.4m
ETA: 21:12:37
Recent round times: R1: 91.0s -> R2: 97.9s -> R3: 99.5s -> R4: 100.4s -> R5: 91.7s

  0%|          | 0/79 [00:00<?, ?it/s]
  1%|▏         | 1/79 [00:00<00:11,  6.77it/s]
  6%|▋         | 5/79 [00:00<00:04, 18.04it/s]
  9%|▉         | 7/79 [00:00<00:03, 18.68it/s]
 13%|█▎        | 10/79 [00:00<00:03, 21.97it/s]
 16%|█▋        | 13/79 [00:00<00:02, 23.49it/s]
 22%|██▏       | 17/79 [00:00<00:02, 26.19it/s]
 25%|██▌       | 20/79 [00:00<00:02, 25.65it/s]
 29%|██▉       | 23/79 [00:00<00:02, 26.70it/s]
 33%|███▎      | 26/79 [00:01<00:02, 25.80it/s]
 37%|███▋      | 29/79 [00:01<00:01, 25.81it/s]
 41%|████      | 32/79 [00:01<00:01, 26.15it/s]
 44%|████▍     | 35/79 [00:01<00:01, 26.23it/s]
 48%|████▊     | 38/79 [00:01<00:01, 22.07it/s]
 53%|█████▎    | 42/79 [00:01<00:01, 24.06it/s]
 58%|█████▊    | 46/79 [00:01<00:01, 22.56it/s]
 65%|██████▍   | 51/79 [00:02<00:01, 25.59it/s]
 68%|██████▊   | 54/79 [00:02<00:00, 26.00it/s]
 72%|███████▏  | 57/79 [00:02<00:00, 24.39it/s]
 77%|███████▋  | 61/79 [00:02<00:00, 25.21it/s]
 82%|████████▏ | 65/79 [00:02<00:00, 25.46it/s]
 87%|████████▋ | 69/79 [00:02<00:00, 25.50it/s]
 92%|█████████▏| 73/79 [00:02<00:00, 25.94it/s]
 97%|█████████▋| 77/79 [00:03<00:00, 26.50it/s]
100%|██████████| 79/79 [00:03<00:00, 24.93it/s]

CommRound: 24/30
Accuracy: 90.74% | Loss: 0.4455
[################################################------------] 80.0%
Elapsed: 39.3m | Avg/Round: 98.2s | Last: 105.3s | Next: 98.2s | Remaining: 9.8m
ETA: 21:12:47
Recent round times: R1: 97.9s -> R2: 99.5s -> R3: 100.4s -> R4: 91.7s -> R5: 105.3s

  0%|          | 0/79 [00:00<?, ?it/s]
  1%|▏         | 1/79 [00:00<00:11,  6.84it/s]
  5%|▌         | 4/79 [00:00<00:04, 16.81it/s]
  8%|▊         | 6/79 [00:00<00:04, 14.64it/s]
 10%|█         | 8/79 [00:00<00:05, 12.68it/s]
 16%|█▋        | 13/79 [00:00<00:03, 18.47it/s]
 22%|██▏       | 17/79 [00:00<00:02, 22.51it/s]
 25%|██▌       | 20/79 [00:01<00:02, 21.07it/s]
 29%|██▉       | 23/79 [00:01<00:02, 20.37it/s]
 33%|███▎      | 26/79 [00:01<00:03, 17.56it/s]
 37%|███▋      | 29/79 [00:01<00:02, 19.24it/s]
 41%|████      | 32/79 [00:01<00:02, 19.64it/s]
 44%|████▍     | 35/79 [00:01<00:02, 18.40it/s]
 47%|████▋     | 37/79 [00:02<00:02, 18.36it/s]
 51%|█████     | 40/79 [00:02<00:02, 19.00it/s]
 53%|█████▎    | 42/79 [00:02<00:01, 18.76it/s]
 56%|█████▌    | 44/79 [00:02<00:01, 18.19it/s]
 58%|█████▊    | 46/79 [00:02<00:01, 17.54it/s]
 62%|██████▏   | 49/79 [00:02<00:01, 19.86it/s]
 66%|██████▌   | 52/79 [00:02<00:01, 20.62it/s]
 71%|███████   | 56/79 [00:02<00:01, 22.88it/s]
 75%|███████▍  | 59/79 [00:03<00:00, 23.32it/s]
 78%|███████▊  | 62/79 [00:03<00:00, 20.79it/s]
 82%|████████▏ | 65/79 [00:03<00:00, 21.38it/s]
 86%|████████▌ | 68/79 [00:03<00:00, 18.58it/s]
 89%|████████▊ | 70/79 [00:03<00:00, 18.03it/s]
 91%|█████████ | 72/79 [00:03<00:00, 17.67it/s]
 94%|█████████▎| 74/79 [00:03<00:00, 18.10it/s]
 99%|█████████▊| 78/79 [00:04<00:00, 21.07it/s]
100%|██████████| 79/79 [00:04<00:00, 19.26it/s]

CommRound: 25/30
Accuracy: 90.77% | Loss: 0.4475
[##################################################----------] 83.3%
Elapsed: 40.9m | Avg/Round: 98.2s | Last: 99.1s | Next: 98.2s | Remaining: 8.2m
ETA: 21:12:48
Recent round times: R1: 99.5s -> R2: 100.4s -> R3: 91.7s -> R4: 105.3s -> R5: 99.1s

  0%|          | 0/79 [00:00<?, ?it/s]
  1%|▏         | 1/79 [00:00<00:18,  4.19it/s]
  5%|▌         | 4/79 [00:00<00:05, 12.96it/s]
 10%|█         | 8/79 [00:00<00:03, 19.63it/s]
 14%|█▍        | 11/79 [00:00<00:03, 21.70it/s]
 18%|█▊        | 14/79 [00:00<00:03, 20.54it/s]
 22%|██▏       | 17/79 [00:00<00:02, 22.91it/s]
 25%|██▌       | 20/79 [00:01<00:02, 21.72it/s]
 29%|██▉       | 23/79 [00:01<00:02, 23.50it/s]
 33%|███▎      | 26/79 [00:01<00:02, 23.57it/s]
 37%|███▋      | 29/79 [00:01<00:01, 25.23it/s]
 41%|████      | 32/79 [00:01<00:01, 23.64it/s]
 44%|████▍     | 35/79 [00:01<00:01, 23.41it/s]
 48%|████▊     | 38/79 [00:01<00:01, 23.28it/s]
 52%|█████▏    | 41/79 [00:01<00:01, 22.15it/s]
 56%|█████▌    | 44/79 [00:02<00:01, 22.78it/s]
 59%|█████▉    | 47/79 [00:02<00:01, 22.45it/s]
 63%|██████▎   | 50/79 [00:02<00:01, 23.25it/s]
 67%|██████▋   | 53/79 [00:02<00:01, 22.22it/s]
 71%|███████   | 56/79 [00:02<00:01, 22.82it/s]
 75%|███████▍  | 59/79 [00:02<00:00, 22.12it/s]
 78%|███████▊  | 62/79 [00:02<00:00, 22.78it/s]
 82%|████████▏ | 65/79 [00:02<00:00, 22.50it/s]
 86%|████████▌ | 68/79 [00:03<00:00, 22.68it/s]
 90%|████████▉ | 71/79 [00:03<00:00, 20.90it/s]
 95%|█████████▍| 75/79 [00:03<00:00, 23.28it/s]
 99%|█████████▊| 78/79 [00:03<00:00, 23.83it/s]
100%|██████████| 79/79 [00:03<00:00, 22.24it/s]

CommRound: 26/30
Accuracy: 90.73% | Loss: 0.4493
[####################################################--------] 86.7%
Elapsed: 42.5m | Avg/Round: 98.1s | Last: 94.9s | Next: 98.1s | Remaining: 6.5m
ETA: 21:12:44
Recent round times: R1: 100.4s -> R2: 91.7s -> R3: 105.3s -> R4: 99.1s -> R5: 94.9s

  0%|          | 0/79 [00:00<?, ?it/s]
  1%|▏         | 1/79 [00:00<00:14,  5.31it/s]
  6%|▋         | 5/79 [00:00<00:04, 15.40it/s]
 10%|█         | 8/79 [00:00<00:03, 18.67it/s]
 13%|█▎        | 10/79 [00:00<00:03, 18.87it/s]
 16%|█▋        | 13/79 [00:00<00:03, 18.76it/s]
 19%|█▉        | 15/79 [00:00<00:03, 18.68it/s]
 22%|██▏       | 17/79 [00:00<00:03, 18.78it/s]
 24%|██▍       | 19/79 [00:01<00:03, 18.70it/s]
 27%|██▋       | 21/79 [00:01<00:03, 18.72it/s]
 30%|███       | 24/79 [00:01<00:02, 19.43it/s]
 33%|███▎      | 26/79 [00:01<00:02, 19.17it/s]
 35%|███▌      | 28/79 [00:01<00:02, 19.36it/s]
 38%|███▊      | 30/79 [00:01<00:02, 19.21it/s]
 41%|████      | 32/79 [00:01<00:02, 19.26it/s]
 44%|████▍     | 35/79 [00:01<00:02, 20.96it/s]
 48%|████▊     | 38/79 [00:01<00:01, 21.92it/s]
 52%|█████▏    | 41/79 [00:02<00:02, 14.44it/s]
 54%|█████▍    | 43/79 [00:02<00:02, 12.15it/s]
 59%|█████▉    | 47/79 [00:02<00:01, 16.19it/s]
 62%|██████▏   | 49/79 [00:02<00:01, 16.88it/s]
 66%|██████▌   | 52/79 [00:02<00:01, 19.57it/s]
 70%|██████▉   | 55/79 [00:03<00:01, 20.65it/s]
 75%|███████▍  | 59/79 [00:03<00:00, 22.00it/s]
 78%|███████▊  | 62/79 [00:03<00:00, 23.33it/s]
 82%|████████▏ | 65/79 [00:03<00:00, 21.81it/s]
 86%|████████▌ | 68/79 [00:03<00:00, 23.53it/s]
 90%|████████▉ | 71/79 [00:03<00:00, 24.01it/s]
 94%|█████████▎| 74/79 [00:03<00:00, 17.83it/s]
 99%|█████████▊| 78/79 [00:04<00:00, 22.13it/s]
100%|██████████| 79/79 [00:04<00:00, 19.27it/s]

CommRound: 27/30
Accuracy: 90.74% | Loss: 0.4512
[######################################################------] 90.0%
Elapsed: 44.1m | Avg/Round: 98.1s | Last: 97.4s | Next: 98.1s | Remaining: 4.9m
ETA: 21:12:43
Recent round times: R1: 91.7s -> R2: 105.3s -> R3: 99.1s -> R4: 94.9s -> R5: 97.4s

  0%|          | 0/79 [00:00<?, ?it/s]
  1%|▏         | 1/79 [00:00<00:10,  7.79it/s]
  6%|▋         | 5/79 [00:00<00:03, 22.94it/s]
 10%|█         | 8/79 [00:00<00:02, 23.87it/s]
 15%|█▌        | 12/79 [00:00<00:02, 24.51it/s]
 20%|██        | 16/79 [00:00<00:02, 25.31it/s]
 25%|██▌       | 20/79 [00:00<00:02, 26.52it/s]
 30%|███       | 24/79 [00:00<00:02, 26.49it/s]
 35%|███▌      | 28/79 [00:01<00:01, 27.81it/s]
 41%|████      | 32/79 [00:01<00:01, 28.03it/s]
 46%|████▌     | 36/79 [00:01<00:01, 28.35it/s]
 51%|█████     | 40/79 [00:01<00:01, 28.50it/s]
 56%|█████▌    | 44/79 [00:01<00:01, 28.57it/s]
 61%|██████    | 48/79 [00:01<00:01, 28.03it/s]
 66%|██████▌   | 52/79 [00:01<00:00, 28.17it/s]
 71%|███████   | 56/79 [00:02<00:00, 28.14it/s]
 76%|███████▌  | 60/79 [00:02<00:00, 28.47it/s]
 81%|████████  | 64/79 [00:02<00:00, 28.41it/s]
 86%|████████▌ | 68/79 [00:02<00:00, 28.79it/s]
 91%|█████████ | 72/79 [00:02<00:00, 28.59it/s]
 96%|█████████▌| 76/79 [00:02<00:00, 28.78it/s]
100%|██████████| 79/79 [00:02<00:00, 27.73it/s]

CommRound: 28/30
Accuracy: 90.76% | Loss: 0.4530
[########################################################----] 93.3%
Elapsed: 45.6m | Avg/Round: 97.8s | Last: 91.4s | Next: 97.8s | Remaining: 3.3m
ETA: 21:12:36
Recent round times: R1: 105.3s -> R2: 99.1s -> R3: 94.9s -> R4: 97.4s -> R5: 91.4s

  0%|          | 0/79 [00:00<?, ?it/s]
  1%|▏         | 1/79 [00:00<00:11,  7.07it/s]
  6%|▋         | 5/79 [00:00<00:03, 22.21it/s]
 11%|█▏        | 9/79 [00:00<00:02, 27.02it/s]
 16%|█▋        | 13/79 [00:00<00:02, 29.17it/s]
 22%|██▏       | 17/79 [00:00<00:02, 30.86it/s]
 27%|██▋       | 21/79 [00:00<00:01, 32.22it/s]
 32%|███▏      | 25/79 [00:00<00:01, 31.46it/s]
 37%|███▋      | 29/79 [00:01<00:01, 29.09it/s]
 41%|████      | 32/79 [00:01<00:01, 26.21it/s]
 46%|████▌     | 36/79 [00:01<00:01, 27.36it/s]
 51%|█████     | 40/79 [00:01<00:01, 27.89it/s]
 56%|█████▌    | 44/79 [00:01<00:01, 27.84it/s]
 61%|██████    | 48/79 [00:01<00:01, 28.27it/s]
 66%|██████▌   | 52/79 [00:01<00:00, 28.43it/s]
 71%|███████   | 56/79 [00:01<00:00, 28.59it/s]
 76%|███████▌  | 60/79 [00:02<00:00, 28.42it/s]
 81%|████████  | 64/79 [00:02<00:00, 28.54it/s]
 86%|████████▌ | 68/79 [00:02<00:00, 28.24it/s]
 91%|█████████ | 72/79 [00:02<00:00, 28.06it/s]
 96%|█████████▌| 76/79 [00:02<00:00, 28.68it/s]
100%|██████████| 79/79 [00:02<00:00, 28.39it/s]

CommRound: 29/30
Accuracy: 90.76% | Loss: 0.4546
[##########################################################--] 96.7%
Elapsed: 47.4m | Avg/Round: 98.0s | Last: 102.8s | Next: 98.0s | Remaining: 1.6m
ETA: 21:12:41
Recent round times: R1: 99.1s -> R2: 94.9s -> R3: 97.4s -> R4: 91.4s -> R5: 102.8s

  0%|          | 0/79 [00:00<?, ?it/s]
  1%|▏         | 1/79 [00:00<00:10,  7.68it/s]
  9%|▉         | 7/79 [00:00<00:02, 31.82it/s]
 14%|█▍        | 11/79 [00:00<00:01, 34.25it/s]
 19%|█▉        | 15/79 [00:00<00:01, 35.98it/s]
 24%|██▍       | 19/79 [00:00<00:01, 37.24it/s]
 29%|██▉       | 23/79 [00:00<00:01, 36.41it/s]
 34%|███▍      | 27/79 [00:00<00:01, 35.72it/s]
 39%|███▉      | 31/79 [00:00<00:01, 36.56it/s]
 46%|████▌     | 36/79 [00:01<00:01, 36.31it/s]
 52%|█████▏    | 41/79 [00:01<00:00, 39.79it/s]
 58%|█████▊    | 46/79 [00:01<00:00, 37.55it/s]
 63%|██████▎   | 50/79 [00:01<00:00, 37.36it/s]
 68%|██████▊   | 54/79 [00:01<00:00, 37.91it/s]
 75%|███████▍  | 59/79 [00:01<00:00, 41.10it/s]
 81%|████████  | 64/79 [00:01<00:00, 39.50it/s]
 87%|████████▋ | 69/79 [00:01<00:00, 42.12it/s]
 94%|█████████▎| 74/79 [00:01<00:00, 40.12it/s]
100%|██████████| 79/79 [00:02<00:00, 41.65it/s]
100%|██████████| 79/79 [00:02<00:00, 37.61it/s]

CommRound: 30/30
Accuracy: 90.76% | Loss: 0.4563
[############################################################] 100.0%
Elapsed: 49.1m | Avg/Round: 98.2s | Last: 104.6s | Next: 98.2s | Remaining: 0.0m
ETA: 21:12:48
Recent round times: R1: 94.9s -> R2: 97.4s -> R3: 91.4s -> R4: 102.8s -> R5: 104.6s
Total time for experiment: 2946.3358080387115 seconds
Device average training time per communication round [s]:
    rpi (sld-rpi-09.ece.utexas.edu): 13.76 seconds
    mc1 (sld-mc1-09.ece.utexas.edu): 93.15 seconds
