
  0%|          | 0/79 [00:00<?, ?it/s]
  1%|▏         | 1/79 [00:00<00:08,  9.19it/s]
  9%|▉         | 7/79 [00:00<00:02, 33.18it/s]
 14%|█▍        | 11/79 [00:00<00:01, 35.91it/s]
 20%|██        | 16/79 [00:00<00:01, 40.59it/s]
 27%|██▋       | 21/79 [00:00<00:01, 38.04it/s]
 34%|███▍      | 27/79 [00:00<00:01, 39.45it/s]
 41%|████      | 32/79 [00:00<00:01, 42.32it/s]
 47%|████▋     | 37/79 [00:00<00:01, 39.70it/s]
 54%|█████▍    | 43/79 [00:01<00:00, 40.13it/s]
 62%|██████▏   | 49/79 [00:01<00:00, 40.48it/s]
 70%|██████▉   | 55/79 [00:01<00:00, 40.55it/s]
 77%|███████▋  | 61/79 [00:01<00:00, 40.52it/s]
 85%|████████▍ | 67/79 [00:01<00:00, 40.92it/s]
 92%|█████████▏| 73/79 [00:01<00:00, 41.01it/s]
100%|██████████| 79/79 [00:01<00:00, 45.13it/s]
100%|██████████| 79/79 [00:01<00:00, 40.25it/s]
Initial Accuracy: 9.10%; Initial Loss: 2.3041

  0%|          | 0/79 [00:00<?, ?it/s]
  4%|▍         | 3/79 [00:00<00:03, 23.46it/s]
  9%|▉         | 7/79 [00:00<00:02, 31.96it/s]
 15%|█▌        | 12/79 [00:00<00:01, 39.51it/s]
 22%|██▏       | 17/79 [00:00<00:01, 36.76it/s]
 28%|██▊       | 22/79 [00:00<00:01, 40.83it/s]
 34%|███▍      | 27/79 [00:00<00:01, 38.20it/s]
 42%|████▏     | 33/79 [00:00<00:01, 39.66it/s]
 49%|████▉     | 39/79 [00:01<00:00, 40.91it/s]
 56%|█████▌    | 44/79 [00:01<00:00, 42.75it/s]
 62%|██████▏   | 49/79 [00:01<00:00, 40.05it/s]
 68%|██████▊   | 54/79 [00:01<00:00, 42.51it/s]
 75%|███████▍  | 59/79 [00:01<00:00, 40.46it/s]
 81%|████████  | 64/79 [00:01<00:00, 41.14it/s]
 87%|████████▋ | 69/79 [00:01<00:00, 41.24it/s]
 94%|█████████▎| 74/79 [00:01<00:00, 40.71it/s]
100%|██████████| 79/79 [00:01<00:00, 40.08it/s]

CommRound: 1/30
Accuracy: 20.76% | Loss: 2.2866
[##----------------------------------------------------------] 3.3%
Elapsed: 0.5m | Avg/Round: 29.0s | Last: 27.0s | Next: 29.0s | Remaining: 14.0m
ETA: 04:24:32
Recent round times: R1: 27.0s

  0%|          | 0/79 [00:00<?, ?it/s]
  1%|▏         | 1/79 [00:00<00:07,  9.98it/s]
  6%|▋         | 5/79 [00:00<00:02, 26.26it/s]
 13%|█▎        | 10/79 [00:00<00:01, 36.64it/s]
 19%|█▉        | 15/79 [00:00<00:01, 35.51it/s]
 27%|██▋       | 21/79 [00:00<00:01, 37.73it/s]
 34%|███▍      | 27/79 [00:00<00:01, 39.13it/s]
 42%|████▏     | 33/79 [00:00<00:01, 39.80it/s]
 49%|████▉     | 39/79 [00:01<00:01, 39.86it/s]
 57%|█████▋    | 45/79 [00:01<00:00, 40.54it/s]
 65%|██████▍   | 51/79 [00:01<00:00, 40.67it/s]
 72%|███████▏  | 57/79 [00:01<00:00, 40.76it/s]
 78%|███████▊  | 62/79 [00:01<00:00, 42.48it/s]
 85%|████████▍ | 67/79 [00:01<00:00, 40.16it/s]
 91%|█████████ | 72/79 [00:01<00:00, 42.06it/s]
 97%|█████████▋| 77/79 [00:01<00:00, 40.54it/s]
100%|██████████| 79/79 [00:02<00:00, 39.42it/s]

CommRound: 2/30
Accuracy: 34.54% | Loss: 2.1435
[####--------------------------------------------------------] 6.7%
Elapsed: 1.0m | Avg/Round: 28.7s | Last: 28.5s | Next: 28.7s | Remaining: 13.4m
ETA: 04:24:23
Recent round times: R1: 27.0s -> R2: 28.5s

  0%|          | 0/79 [00:00<?, ?it/s]
  3%|▎         | 2/79 [00:00<00:03, 19.82it/s]
  6%|▋         | 5/79 [00:00<00:03, 23.79it/s]
 11%|█▏        | 9/79 [00:00<00:02, 28.73it/s]
 16%|█▋        | 13/79 [00:00<00:02, 31.69it/s]
 22%|██▏       | 17/79 [00:00<00:01, 34.32it/s]
 29%|██▉       | 23/79 [00:00<00:01, 37.42it/s]
 37%|███▋      | 29/79 [00:00<00:01, 39.33it/s]
 44%|████▍     | 35/79 [00:00<00:01, 40.33it/s]
 52%|█████▏    | 41/79 [00:01<00:00, 41.21it/s]
 59%|█████▉    | 47/79 [00:01<00:00, 41.29it/s]
 67%|██████▋   | 53/79 [00:01<00:00, 41.78it/s]
 73%|███████▎  | 58/79 [00:01<00:00, 43.46it/s]
 80%|███████▉  | 63/79 [00:01<00:00, 39.12it/s]
 87%|████████▋ | 69/79 [00:01<00:00, 40.19it/s]
 95%|█████████▍| 75/79 [00:01<00:00, 40.94it/s]
100%|██████████| 79/79 [00:02<00:00, 39.34it/s]

CommRound: 3/30
Accuracy: 45.65% | Loss: 1.8441
[######------------------------------------------------------] 10.0%
Elapsed: 1.5m | Avg/Round: 29.5s | Last: 31.1s | Next: 29.5s | Remaining: 13.3m
ETA: 04:24:47
Recent round times: R1: 27.0s -> R2: 28.5s -> R3: 31.1s

  0%|          | 0/79 [00:00<?, ?it/s]
  1%|▏         | 1/79 [00:00<00:08,  9.63it/s]
  6%|▋         | 5/79 [00:00<00:02, 26.18it/s]
 11%|█▏        | 9/79 [00:00<00:02, 30.63it/s]
 16%|█▋        | 13/79 [00:00<00:02, 32.75it/s]
 22%|██▏       | 17/79 [00:00<00:01, 33.94it/s]
 27%|██▋       | 21/79 [00:00<00:01, 34.78it/s]
 32%|███▏      | 25/79 [00:00<00:01, 35.42it/s]
 37%|███▋      | 29/79 [00:00<00:01, 35.76it/s]
 42%|████▏     | 33/79 [00:00<00:01, 36.02it/s]
 48%|████▊     | 38/79 [00:01<00:01, 39.89it/s]
 54%|█████▍    | 43/79 [00:01<00:00, 37.93it/s]
 62%|██████▏   | 49/79 [00:01<00:00, 38.82it/s]
 70%|██████▉   | 55/79 [00:01<00:00, 39.51it/s]
 77%|███████▋  | 61/79 [00:01<00:00, 40.09it/s]
 85%|████████▍ | 67/79 [00:01<00:00, 40.50it/s]
 91%|█████████ | 72/79 [00:01<00:00, 42.46it/s]
 97%|█████████▋| 77/79 [00:02<00:00, 40.04it/s]
100%|██████████| 79/79 [00:02<00:00, 37.91it/s]

CommRound: 4/30
Accuracy: 56.30% | Loss: 1.5307
[########----------------------------------------------------] 13.3%
Elapsed: 1.8m | Avg/Round: 27.6s | Last: 22.0s | Next: 27.6s | Remaining: 12.0m
ETA: 04:23:50
Recent round times: R1: 27.0s -> R2: 28.5s -> R3: 31.1s -> R4: 22.0s

  0%|          | 0/79 [00:00<?, ?it/s]
  4%|▍         | 3/79 [00:00<00:03, 23.03it/s]
 10%|█         | 8/79 [00:00<00:02, 34.70it/s]
 15%|█▌        | 12/79 [00:00<00:01, 36.58it/s]
 22%|██▏       | 17/79 [00:00<00:01, 38.87it/s]
 28%|██▊       | 22/79 [00:00<00:01, 38.24it/s]
 34%|███▍      | 27/79 [00:00<00:01, 41.39it/s]
 41%|████      | 32/79 [00:00<00:01, 38.99it/s]
 48%|████▊     | 38/79 [00:00<00:01, 39.64it/s]
 56%|█████▌    | 44/79 [00:01<00:00, 40.19it/s]
 62%|██████▏   | 49/79 [00:01<00:00, 42.42it/s]
 68%|██████▊   | 54/79 [00:01<00:00, 39.87it/s]
 76%|███████▌  | 60/79 [00:01<00:00, 40.27it/s]
 82%|████████▏ | 65/79 [00:01<00:00, 42.61it/s]
 89%|████████▊ | 70/79 [00:01<00:00, 39.76it/s]
 96%|█████████▌| 76/79 [00:01<00:00, 40.33it/s]
100%|██████████| 79/79 [00:01<00:00, 39.79it/s]

CommRound: 5/30
Accuracy: 63.40% | Loss: 1.2811
[##########--------------------------------------------------] 16.7%
Elapsed: 2.3m | Avg/Round: 27.9s | Last: 28.9s | Next: 27.9s | Remaining: 11.6m
ETA: 04:23:58
Recent round times: R1: 27.0s -> R2: 28.5s -> R3: 31.1s -> R4: 22.0s -> R5: 28.9s

  0%|          | 0/79 [00:00<?, ?it/s]
  4%|▍         | 3/79 [00:00<00:03, 22.32it/s]
 10%|█         | 8/79 [00:00<00:02, 33.50it/s]
 16%|█▋        | 13/79 [00:00<00:01, 35.47it/s]
 23%|██▎       | 18/79 [00:00<00:01, 38.93it/s]
 29%|██▉       | 23/79 [00:00<00:01, 38.15it/s]
 35%|███▌      | 28/79 [00:00<00:01, 40.72it/s]
 42%|████▏     | 33/79 [00:00<00:01, 40.34it/s]
 48%|████▊     | 38/79 [00:00<00:00, 41.14it/s]
 54%|█████▍    | 43/79 [00:01<00:00, 41.48it/s]
 61%|██████    | 48/79 [00:01<00:00, 40.76it/s]
 67%|██████▋   | 53/79 [00:01<00:00, 42.03it/s]
 73%|███████▎  | 58/79 [00:01<00:00, 40.42it/s]
 80%|███████▉  | 63/79 [00:01<00:00, 41.56it/s]
 86%|████████▌ | 68/79 [00:01<00:00, 40.32it/s]
 92%|█████████▏| 73/79 [00:01<00:00, 39.48it/s]
 97%|█████████▋| 77/79 [00:01<00:00, 39.33it/s]
100%|██████████| 79/79 [00:01<00:00, 39.91it/s]

CommRound: 6/30
Accuracy: 65.68% | Loss: 1.1981
[############------------------------------------------------] 20.0%
Elapsed: 2.8m | Avg/Round: 27.9s | Last: 27.9s | Next: 27.9s | Remaining: 11.2m
ETA: 04:23:57
Recent round times: R1: 28.5s -> R2: 31.1s -> R3: 22.0s -> R4: 28.9s -> R5: 27.9s

  0%|          | 0/79 [00:00<?, ?it/s]
  3%|▎         | 2/79 [00:00<00:04, 18.77it/s]
  9%|▉         | 7/79 [00:00<00:02, 30.34it/s]
 15%|█▌        | 12/79 [00:00<00:01, 36.23it/s]
 22%|██▏       | 17/79 [00:00<00:01, 37.52it/s]
 27%|██▋       | 21/79 [00:00<00:01, 38.22it/s]
 32%|███▏      | 25/79 [00:00<00:01, 38.66it/s]
 39%|███▉      | 31/79 [00:00<00:01, 39.77it/s]
 44%|████▍     | 35/79 [00:00<00:01, 39.84it/s]
 51%|█████     | 40/79 [00:01<00:00, 42.61it/s]
 57%|█████▋    | 45/79 [00:01<00:00, 37.71it/s]
 62%|██████▏   | 49/79 [00:01<00:00, 37.70it/s]
 70%|██████▉   | 55/79 [00:01<00:00, 38.97it/s]
 77%|███████▋  | 61/79 [00:01<00:00, 40.26it/s]
 85%|████████▍ | 67/79 [00:01<00:00, 41.12it/s]
 92%|█████████▏| 73/79 [00:01<00:00, 41.29it/s]
100%|██████████| 79/79 [00:01<00:00, 45.59it/s]
100%|██████████| 79/79 [00:01<00:00, 39.72it/s]

CommRound: 7/30
Accuracy: 67.66% | Loss: 1.0841
[##############----------------------------------------------] 23.3%
Elapsed: 3.2m | Avg/Round: 27.1s | Last: 22.4s | Next: 27.1s | Remaining: 10.4m
ETA: 04:23:34
Recent round times: R1: 31.1s -> R2: 22.0s -> R3: 28.9s -> R4: 27.9s -> R5: 22.4s

  0%|          | 0/79 [00:00<?, ?it/s]
  4%|▍         | 3/79 [00:00<00:03, 22.81it/s]
  9%|▉         | 7/79 [00:00<00:02, 31.73it/s]
 14%|█▍        | 11/79 [00:00<00:01, 35.02it/s]
 19%|█▉        | 15/79 [00:00<00:01, 36.55it/s]
 25%|██▌       | 20/79 [00:00<00:01, 39.29it/s]
 32%|███▏      | 25/79 [00:00<00:01, 38.28it/s]
 37%|███▋      | 29/79 [00:00<00:01, 38.33it/s]
 42%|████▏     | 33/79 [00:00<00:01, 38.42it/s]
 48%|████▊     | 38/79 [00:00<00:00, 41.60it/s]
 54%|█████▍    | 43/79 [00:01<00:00, 38.51it/s]
 61%|██████    | 48/79 [00:01<00:00, 41.47it/s]
 67%|██████▋   | 53/79 [00:01<00:00, 39.35it/s]
 75%|███████▍  | 59/79 [00:01<00:00, 40.42it/s]
 81%|████████  | 64/79 [00:01<00:00, 41.01it/s]
 87%|████████▋ | 69/79 [00:01<00:00, 41.20it/s]
 94%|█████████▎| 74/79 [00:01<00:00, 40.56it/s]
100%|██████████| 79/79 [00:02<00:00, 39.32it/s]

CommRound: 8/30
Accuracy: 67.90% | Loss: 1.2159
[################--------------------------------------------] 26.7%
Elapsed: 3.6m | Avg/Round: 26.7s | Last: 23.7s | Next: 26.7s | Remaining: 9.8m
ETA: 04:23:21
Recent round times: R1: 22.0s -> R2: 28.9s -> R3: 27.9s -> R4: 22.4s -> R5: 23.7s

  0%|          | 0/79 [00:00<?, ?it/s]
  1%|▏         | 1/79 [00:00<00:07,  9.78it/s]
  6%|▋         | 5/79 [00:00<00:02, 26.89it/s]
 11%|█▏        | 9/79 [00:00<00:02, 32.14it/s]
 16%|█▋        | 13/79 [00:00<00:01, 34.43it/s]
 22%|██▏       | 17/79 [00:00<00:01, 35.49it/s]
 27%|██▋       | 21/79 [00:00<00:01, 36.16it/s]
 32%|███▏      | 25/79 [00:00<00:01, 36.57it/s]
 37%|███▋      | 29/79 [00:00<00:01, 36.97it/s]
 42%|████▏     | 33/79 [00:00<00:01, 37.28it/s]
 47%|████▋     | 37/79 [00:01<00:01, 37.49it/s]
 53%|█████▎    | 42/79 [00:01<00:00, 41.07it/s]
 59%|█████▉    | 47/79 [00:01<00:00, 38.26it/s]
 66%|██████▌   | 52/79 [00:01<00:00, 41.32it/s]
 72%|███████▏  | 57/79 [00:01<00:00, 38.39it/s]
 78%|███████▊  | 62/79 [00:01<00:00, 41.29it/s]
 85%|████████▍ | 67/79 [00:01<00:00, 38.74it/s]
 91%|█████████ | 72/79 [00:01<00:00, 39.56it/s]
 97%|█████████▋| 77/79 [00:02<00:00, 39.14it/s]
100%|██████████| 79/79 [00:02<00:00, 37.86it/s]

CommRound: 9/30
Accuracy: 67.41% | Loss: 1.3576
[##################------------------------------------------] 30.0%
Elapsed: 4.0m | Avg/Round: 26.5s | Last: 24.7s | Next: 26.5s | Remaining: 9.3m
ETA: 04:23:15
Recent round times: R1: 28.9s -> R2: 27.9s -> R3: 22.4s -> R4: 23.7s -> R5: 24.7s

  0%|          | 0/79 [00:00<?, ?it/s]
  4%|▍         | 3/79 [00:00<00:03, 21.21it/s]
 10%|█         | 8/79 [00:00<00:02, 34.59it/s]
 16%|█▋        | 13/79 [00:00<00:01, 35.45it/s]
 23%|██▎       | 18/79 [00:00<00:01, 38.42it/s]
 29%|██▉       | 23/79 [00:00<00:01, 38.22it/s]
 35%|███▌      | 28/79 [00:00<00:01, 40.07it/s]
 42%|████▏     | 33/79 [00:00<00:01, 40.00it/s]
 48%|████▊     | 38/79 [00:00<00:01, 40.03it/s]
 54%|█████▍    | 43/79 [00:01<00:00, 40.67it/s]
 61%|██████    | 48/79 [00:01<00:00, 40.86it/s]
 67%|██████▋   | 53/79 [00:01<00:00, 40.75it/s]
 73%|███████▎  | 58/79 [00:01<00:00, 41.22it/s]
 80%|███████▉  | 63/79 [00:01<00:00, 40.75it/s]
 86%|████████▌ | 68/79 [00:01<00:00, 40.89it/s]
 92%|█████████▏| 73/79 [00:01<00:00, 41.53it/s]
 99%|█████████▊| 78/79 [00:01<00:00, 39.62it/s]
100%|██████████| 79/79 [00:01<00:00, 39.54it/s]

CommRound: 10/30
Accuracy: 72.59% | Loss: 1.1223
[####################----------------------------------------] 33.3%
Elapsed: 4.4m | Avg/Round: 26.5s | Last: 26.6s | Next: 26.5s | Remaining: 8.8m
ETA: 04:23:15
Recent round times: R1: 27.9s -> R2: 22.4s -> R3: 23.7s -> R4: 24.7s -> R5: 26.6s

  0%|          | 0/79 [00:00<?, ?it/s]
  4%|▍         | 3/79 [00:00<00:03, 21.18it/s]
  9%|▉         | 7/79 [00:00<00:02, 30.47it/s]
 14%|█▍        | 11/79 [00:00<00:02, 33.07it/s]
 19%|█▉        | 15/79 [00:00<00:01, 34.62it/s]
 24%|██▍       | 19/79 [00:00<00:01, 35.77it/s]
 29%|██▉       | 23/79 [00:00<00:01, 35.82it/s]
 34%|███▍      | 27/79 [00:00<00:01, 36.29it/s]
 39%|███▉      | 31/79 [00:00<00:01, 36.20it/s]
 44%|████▍     | 35/79 [00:01<00:01, 36.17it/s]
 49%|████▉     | 39/79 [00:01<00:01, 36.26it/s]
 54%|█████▍    | 43/79 [00:01<00:01, 35.83it/s]
 59%|█████▉    | 47/79 [00:01<00:00, 35.94it/s]
 66%|██████▌   | 52/79 [00:01<00:00, 39.71it/s]
 72%|███████▏  | 57/79 [00:01<00:00, 37.72it/s]
 78%|███████▊  | 62/79 [00:01<00:00, 40.87it/s]
 85%|████████▍ | 67/79 [00:01<00:00, 38.55it/s]
 91%|█████████ | 72/79 [00:01<00:00, 38.58it/s]
 96%|█████████▌| 76/79 [00:02<00:00, 37.67it/s]
100%|██████████| 79/79 [00:02<00:00, 36.60it/s]

CommRound: 11/30
Accuracy: 75.17% | Loss: 0.9716
[######################--------------------------------------] 36.7%
Elapsed: 4.9m | Avg/Round: 26.8s | Last: 30.1s | Next: 26.8s | Remaining: 8.5m
ETA: 04:23:25
Recent round times: R1: 22.4s -> R2: 23.7s -> R3: 24.7s -> R4: 26.6s -> R5: 30.1s

  0%|          | 0/79 [00:00<?, ?it/s]
  4%|▍         | 3/79 [00:00<00:03, 21.77it/s]
 10%|█         | 8/79 [00:00<00:02, 34.01it/s]
 15%|█▌        | 12/79 [00:00<00:01, 36.31it/s]
 22%|██▏       | 17/79 [00:00<00:01, 37.56it/s]
 28%|██▊       | 22/79 [00:00<00:01, 39.15it/s]
 34%|███▍      | 27/79 [00:00<00:01, 39.51it/s]
 41%|████      | 32/79 [00:00<00:01, 41.10it/s]
 47%|████▋     | 37/79 [00:00<00:01, 40.12it/s]
 53%|█████▎    | 42/79 [00:01<00:00, 42.24it/s]
 59%|█████▉    | 47/79 [00:01<00:00, 40.22it/s]
 66%|██████▌   | 52/79 [00:01<00:00, 41.31it/s]
 72%|███████▏  | 57/79 [00:01<00:00, 41.17it/s]
 78%|███████▊  | 62/79 [00:01<00:00, 40.52it/s]
 85%|████████▍ | 67/79 [00:01<00:00, 42.39it/s]
 91%|█████████ | 72/79 [00:01<00:00, 39.98it/s]
 97%|█████████▋| 77/79 [00:01<00:00, 42.42it/s]
100%|██████████| 79/79 [00:01<00:00, 39.84it/s]

CommRound: 12/30
Accuracy: 74.31% | Loss: 1.0496
[########################------------------------------------] 40.0%
Elapsed: 5.4m | Avg/Round: 27.1s | Last: 29.8s | Next: 27.1s | Remaining: 8.1m
ETA: 04:23:33
Recent round times: R1: 23.7s -> R2: 24.7s -> R3: 26.6s -> R4: 30.1s -> R5: 29.8s

  0%|          | 0/79 [00:00<?, ?it/s]
  4%|▍         | 3/79 [00:00<00:03, 22.00it/s]
 10%|█         | 8/79 [00:00<00:02, 34.98it/s]
 15%|█▌        | 12/79 [00:00<00:01, 36.72it/s]
 20%|██        | 16/79 [00:00<00:01, 37.73it/s]
 25%|██▌       | 20/79 [00:00<00:01, 38.25it/s]
 32%|███▏      | 25/79 [00:00<00:01, 38.33it/s]
 38%|███▊      | 30/79 [00:00<00:01, 39.90it/s]
 44%|████▍     | 35/79 [00:00<00:01, 39.88it/s]
 51%|█████     | 40/79 [00:01<00:00, 40.50it/s]
 57%|█████▋    | 45/79 [00:01<00:00, 40.38it/s]
 63%|██████▎   | 50/79 [00:01<00:00, 40.65it/s]
 70%|██████▉   | 55/79 [00:01<00:00, 41.01it/s]
 76%|███████▌  | 60/79 [00:01<00:00, 40.53it/s]
 82%|████████▏ | 65/79 [00:01<00:00, 40.09it/s]
 89%|████████▊ | 70/79 [00:01<00:00, 40.57it/s]
 95%|█████████▍| 75/79 [00:01<00:00, 40.03it/s]
100%|██████████| 79/79 [00:01<00:00, 39.57it/s]

CommRound: 13/30
Accuracy: 74.83% | Loss: 1.0670
[##########################----------------------------------] 43.3%
Elapsed: 5.8m | Avg/Round: 26.8s | Last: 23.6s | Next: 26.8s | Remaining: 7.6m
ETA: 04:23:25
Recent round times: R1: 24.7s -> R2: 26.6s -> R3: 30.1s -> R4: 29.8s -> R5: 23.6s

  0%|          | 0/79 [00:00<?, ?it/s]
  3%|▎         | 2/79 [00:00<00:03, 19.73it/s]
  8%|▊         | 6/79 [00:00<00:02, 29.10it/s]
 13%|█▎        | 10/79 [00:00<00:02, 31.62it/s]
 18%|█▊        | 14/79 [00:00<00:02, 30.74it/s]
 23%|██▎       | 18/79 [00:00<00:01, 33.18it/s]
 30%|███       | 24/79 [00:00<00:01, 36.39it/s]
 38%|███▊      | 30/79 [00:00<00:01, 38.36it/s]
 46%|████▌     | 36/79 [00:01<00:01, 39.71it/s]
 53%|█████▎    | 42/79 [00:01<00:00, 40.52it/s]
 61%|██████    | 48/79 [00:01<00:00, 40.54it/s]
 68%|██████▊   | 54/79 [00:01<00:00, 41.29it/s]
 76%|███████▌  | 60/79 [00:01<00:00, 41.51it/s]
 84%|████████▎ | 66/79 [00:01<00:00, 41.79it/s]
 91%|█████████ | 72/79 [00:01<00:00, 42.02it/s]
 99%|█████████▊| 78/79 [00:01<00:00, 42.41it/s]
100%|██████████| 79/79 [00:02<00:00, 39.24it/s]

CommRound: 14/30
Accuracy: 78.25% | Loss: 0.9271
[############################--------------------------------] 46.7%
Elapsed: 6.4m | Avg/Round: 27.3s | Last: 34.1s | Next: 27.3s | Remaining: 7.3m
ETA: 04:23:40
Recent round times: R1: 26.6s -> R2: 30.1s -> R3: 29.8s -> R4: 23.6s -> R5: 34.1s

  0%|          | 0/79 [00:00<?, ?it/s]
  3%|▎         | 2/79 [00:00<00:03, 19.37it/s]
  9%|▉         | 7/79 [00:00<00:02, 29.36it/s]
 14%|█▍        | 11/79 [00:00<00:02, 32.42it/s]
 19%|█▉        | 15/79 [00:00<00:01, 34.09it/s]
 24%|██▍       | 19/79 [00:00<00:01, 34.86it/s]
 29%|██▉       | 23/79 [00:00<00:01, 35.72it/s]
 34%|███▍      | 27/79 [00:00<00:01, 36.82it/s]
 39%|███▉      | 31/79 [00:00<00:01, 36.96it/s]
 44%|████▍     | 35/79 [00:01<00:01, 37.02it/s]
 49%|████▉     | 39/79 [00:01<00:01, 37.21it/s]
 54%|█████▍    | 43/79 [00:01<00:00, 37.29it/s]
 59%|█████▉    | 47/79 [00:01<00:00, 37.44it/s]
 65%|██████▍   | 51/79 [00:01<00:00, 37.57it/s]
 70%|██████▉   | 55/79 [00:01<00:00, 37.57it/s]
 75%|███████▍  | 59/79 [00:01<00:00, 37.20it/s]
 80%|███████▉  | 63/79 [00:01<00:00, 36.89it/s]
 85%|████████▍ | 67/79 [00:01<00:00, 36.76it/s]
 90%|████████▉ | 71/79 [00:01<00:00, 36.63it/s]
 95%|█████████▍| 75/79 [00:02<00:00, 36.47it/s]
100%|██████████| 79/79 [00:02<00:00, 36.56it/s]

CommRound: 15/30
Accuracy: 77.11% | Loss: 1.0453
[##############################------------------------------] 50.0%
Elapsed: 6.9m | Avg/Round: 27.4s | Last: 29.1s | Next: 27.4s | Remaining: 6.9m
ETA: 04:23:44
Recent round times: R1: 30.1s -> R2: 29.8s -> R3: 23.6s -> R4: 34.1s -> R5: 29.1s

  0%|          | 0/79 [00:00<?, ?it/s]
  1%|▏         | 1/79 [00:00<00:08,  9.60it/s]
  6%|▋         | 5/79 [00:00<00:02, 25.92it/s]
 11%|█▏        | 9/79 [00:00<00:02, 30.30it/s]
 16%|█▋        | 13/79 [00:00<00:02, 32.27it/s]
 22%|██▏       | 17/79 [00:00<00:01, 33.56it/s]
 27%|██▋       | 21/79 [00:00<00:01, 34.12it/s]
 32%|███▏      | 25/79 [00:00<00:01, 34.69it/s]
 37%|███▋      | 29/79 [00:00<00:01, 34.93it/s]
 42%|████▏     | 33/79 [00:01<00:01, 35.14it/s]
 47%|████▋     | 37/79 [00:01<00:01, 35.46it/s]
 52%|█████▏    | 41/79 [00:01<00:01, 35.55it/s]
 57%|█████▋    | 45/79 [00:01<00:00, 35.60it/s]
 62%|██████▏   | 49/79 [00:01<00:00, 35.65it/s]
 67%|██████▋   | 53/79 [00:01<00:00, 35.79it/s]
 72%|███████▏  | 57/79 [00:01<00:00, 35.67it/s]
 77%|███████▋  | 61/79 [00:01<00:00, 35.85it/s]
 82%|████████▏ | 65/79 [00:01<00:00, 36.04it/s]
 87%|████████▋ | 69/79 [00:02<00:00, 36.03it/s]
 92%|█████████▏| 73/79 [00:02<00:00, 35.97it/s]
 97%|█████████▋| 77/79 [00:02<00:00, 36.12it/s]
100%|██████████| 79/79 [00:02<00:00, 35.13it/s]

CommRound: 16/30
Accuracy: 77.65% | Loss: 1.0448
[################################----------------------------] 53.3%
Elapsed: 7.4m | Avg/Round: 27.7s | Last: 31.1s | Next: 27.7s | Remaining: 6.5m
ETA: 04:23:51
Recent round times: R1: 29.8s -> R2: 23.6s -> R3: 34.1s -> R4: 29.1s -> R5: 31.1s

  0%|          | 0/79 [00:00<?, ?it/s]
  1%|▏         | 1/79 [00:00<00:07,  9.94it/s]
  6%|▋         | 5/79 [00:00<00:02, 27.43it/s]
 14%|█▍        | 11/79 [00:00<00:01, 34.73it/s]
 20%|██        | 16/79 [00:00<00:01, 39.81it/s]
 27%|██▋       | 21/79 [00:00<00:01, 37.48it/s]
 34%|███▍      | 27/79 [00:00<00:01, 38.64it/s]
 42%|████▏     | 33/79 [00:00<00:01, 39.48it/s]
 49%|████▉     | 39/79 [00:01<00:00, 40.01it/s]
 57%|█████▋    | 45/79 [00:01<00:00, 40.41it/s]
 65%|██████▍   | 51/79 [00:01<00:00, 40.93it/s]
 72%|███████▏  | 57/79 [00:01<00:00, 41.26it/s]
 80%|███████▉  | 63/79 [00:01<00:00, 41.34it/s]
 87%|████████▋ | 69/79 [00:01<00:00, 40.92it/s]
 94%|█████████▎| 74/79 [00:01<00:00, 42.81it/s]
100%|██████████| 79/79 [00:01<00:00, 43.92it/s]
100%|██████████| 79/79 [00:01<00:00, 39.76it/s]

CommRound: 17/30
Accuracy: 78.03% | Loss: 1.0523
[##################################--------------------------] 56.7%
Elapsed: 7.8m | Avg/Round: 27.7s | Last: 28.1s | Next: 27.7s | Remaining: 6.0m
ETA: 04:23:51
Recent round times: R1: 23.6s -> R2: 34.1s -> R3: 29.1s -> R4: 31.1s -> R5: 28.1s

  0%|          | 0/79 [00:00<?, ?it/s]
  4%|▍         | 3/79 [00:00<00:03, 22.62it/s]
  9%|▉         | 7/79 [00:00<00:02, 27.70it/s]
 14%|█▍        | 11/79 [00:00<00:02, 32.09it/s]
 19%|█▉        | 15/79 [00:00<00:01, 34.42it/s]
 24%|██▍       | 19/79 [00:00<00:01, 36.17it/s]
 29%|██▉       | 23/79 [00:00<00:01, 37.02it/s]
 34%|███▍      | 27/79 [00:00<00:01, 37.57it/s]
 41%|████      | 32/79 [00:00<00:01, 41.20it/s]
 47%|████▋     | 37/79 [00:01<00:01, 39.10it/s]
 54%|█████▍    | 43/79 [00:01<00:00, 40.07it/s]
 62%|██████▏   | 49/79 [00:01<00:00, 40.84it/s]
 70%|██████▉   | 55/79 [00:01<00:00, 41.13it/s]
 77%|███████▋  | 61/79 [00:01<00:00, 41.25it/s]
 85%|████████▍ | 67/79 [00:01<00:00, 41.38it/s]
 92%|█████████▏| 73/79 [00:01<00:00, 41.15it/s]
100%|██████████| 79/79 [00:01<00:00, 45.08it/s]
100%|██████████| 79/79 [00:02<00:00, 39.45it/s]

CommRound: 18/30
Accuracy: 78.24% | Loss: 1.0548
[####################################------------------------] 60.0%
Elapsed: 8.2m | Avg/Round: 27.5s | Last: 24.2s | Next: 27.5s | Remaining: 5.5m
ETA: 04:23:46
Recent round times: R1: 34.1s -> R2: 29.1s -> R3: 31.1s -> R4: 28.1s -> R5: 24.2s

  0%|          | 0/79 [00:00<?, ?it/s]
  1%|▏         | 1/79 [00:00<00:07,  9.89it/s]
  9%|▉         | 7/79 [00:00<00:02, 32.05it/s]
 16%|█▋        | 13/79 [00:00<00:01, 36.54it/s]
 24%|██▍       | 19/79 [00:00<00:01, 38.64it/s]
 32%|███▏      | 25/79 [00:00<00:01, 39.78it/s]
 39%|███▉      | 31/79 [00:00<00:01, 40.37it/s]
 47%|████▋     | 37/79 [00:00<00:01, 40.73it/s]
 54%|█████▍    | 43/79 [00:01<00:00, 40.94it/s]
 62%|██████▏   | 49/79 [00:01<00:00, 41.11it/s]
 70%|██████▉   | 55/79 [00:01<00:00, 41.21it/s]
 77%|███████▋  | 61/79 [00:01<00:00, 41.33it/s]
 85%|████████▍ | 67/79 [00:01<00:00, 41.60it/s]
 92%|█████████▏| 73/79 [00:01<00:00, 41.50it/s]
100%|██████████| 79/79 [00:01<00:00, 45.45it/s]
100%|██████████| 79/79 [00:01<00:00, 40.58it/s]

CommRound: 19/30
Accuracy: 78.35% | Loss: 1.0588
[######################################----------------------] 63.3%
Elapsed: 8.6m | Avg/Round: 27.2s | Last: 22.1s | Next: 27.2s | Remaining: 5.0m
ETA: 04:23:37
Recent round times: R1: 29.1s -> R2: 31.1s -> R3: 28.1s -> R4: 24.2s -> R5: 22.1s

  0%|          | 0/79 [00:00<?, ?it/s]
  4%|▍         | 3/79 [00:00<00:03, 21.57it/s]
  9%|▉         | 7/79 [00:00<00:02, 30.75it/s]
 16%|█▋        | 13/79 [00:00<00:01, 35.90it/s]
 24%|██▍       | 19/79 [00:00<00:01, 38.01it/s]
 32%|███▏      | 25/79 [00:00<00:01, 39.10it/s]
 39%|███▉      | 31/79 [00:00<00:01, 40.03it/s]
 47%|████▋     | 37/79 [00:00<00:01, 40.78it/s]
 54%|█████▍    | 43/79 [00:01<00:00, 40.58it/s]
 62%|██████▏   | 49/79 [00:01<00:00, 40.88it/s]
 70%|██████▉   | 55/79 [00:01<00:00, 41.02it/s]
 77%|███████▋  | 61/79 [00:01<00:00, 41.17it/s]
 85%|████████▍ | 67/79 [00:01<00:00, 41.27it/s]
 92%|█████████▏| 73/79 [00:01<00:00, 41.41it/s]
100%|██████████| 79/79 [00:01<00:00, 45.36it/s]
100%|██████████| 79/79 [00:01<00:00, 40.40it/s]

CommRound: 20/30
Accuracy: 78.50% | Loss: 1.0630
[########################################--------------------] 66.7%
Elapsed: 9.0m | Avg/Round: 27.1s | Last: 24.2s | Next: 27.1s | Remaining: 4.5m
ETA: 04:23:33
Recent round times: R1: 31.1s -> R2: 28.1s -> R3: 24.2s -> R4: 22.1s -> R5: 24.2s

  0%|          | 0/79 [00:00<?, ?it/s]
  4%|▍         | 3/79 [00:00<00:03, 21.83it/s]
  9%|▉         | 7/79 [00:00<00:02, 30.98it/s]
 15%|█▌        | 12/79 [00:00<00:01, 37.58it/s]
 20%|██        | 16/79 [00:00<00:01, 38.34it/s]
 27%|██▋       | 21/79 [00:00<00:01, 37.55it/s]
 33%|███▎      | 26/79 [00:00<00:01, 40.37it/s]
 39%|███▉      | 31/79 [00:00<00:01, 38.73it/s]
 44%|████▍     | 35/79 [00:00<00:01, 39.06it/s]
 49%|████▉     | 39/79 [00:01<00:01, 39.22it/s]
 54%|█████▍    | 43/79 [00:01<00:00, 39.13it/s]
 59%|█████▉    | 47/79 [00:01<00:00, 39.31it/s]
 65%|██████▍   | 51/79 [00:01<00:00, 39.43it/s]
 71%|███████   | 56/79 [00:01<00:00, 38.86it/s]
 77%|███████▋  | 61/79 [00:01<00:00, 40.74it/s]
 84%|████████▎ | 66/79 [00:01<00:00, 39.96it/s]
 90%|████████▉ | 71/79 [00:01<00:00, 41.02it/s]
 96%|█████████▌| 76/79 [00:01<00:00, 40.37it/s]
100%|██████████| 79/79 [00:02<00:00, 39.11it/s]

CommRound: 21/30
Accuracy: 78.65% | Loss: 1.0670
[##########################################------------------] 70.0%
Elapsed: 9.5m | Avg/Round: 27.1s | Last: 27.6s | Next: 27.1s | Remaining: 4.1m
ETA: 04:23:33
Recent round times: R1: 28.1s -> R2: 24.2s -> R3: 22.1s -> R4: 24.2s -> R5: 27.6s

  0%|          | 0/79 [00:00<?, ?it/s]
  4%|▍         | 3/79 [00:00<00:03, 23.01it/s]
 10%|█         | 8/79 [00:00<00:02, 35.30it/s]
 15%|█▌        | 12/79 [00:00<00:01, 36.99it/s]
 20%|██        | 16/79 [00:00<00:01, 38.09it/s]
 27%|██▋       | 21/79 [00:00<00:01, 38.82it/s]
 33%|███▎      | 26/79 [00:00<00:01, 39.63it/s]
 38%|███▊      | 30/79 [00:00<00:01, 38.70it/s]
 43%|████▎     | 34/79 [00:00<00:01, 37.50it/s]
 48%|████▊     | 38/79 [00:01<00:01, 37.08it/s]
 53%|█████▎    | 42/79 [00:01<00:01, 36.72it/s]
 58%|█████▊    | 46/79 [00:01<00:00, 36.21it/s]
 63%|██████▎   | 50/79 [00:01<00:00, 36.20it/s]
 68%|██████▊   | 54/79 [00:01<00:00, 36.22it/s]
 73%|███████▎  | 58/79 [00:01<00:00, 36.18it/s]
 78%|███████▊  | 62/79 [00:01<00:00, 36.04it/s]
 84%|████████▎ | 66/79 [00:01<00:00, 35.55it/s]
 89%|████████▊ | 70/79 [00:01<00:00, 35.84it/s]
 94%|█████████▎| 74/79 [00:02<00:00, 35.96it/s]
 99%|█████████▊| 78/79 [00:02<00:00, 36.13it/s]
100%|██████████| 79/79 [00:02<00:00, 36.66it/s]

CommRound: 22/30
Accuracy: 78.79% | Loss: 1.0717
[############################################----------------] 73.3%
Elapsed: 10.0m | Avg/Round: 27.3s | Last: 31.3s | Next: 27.3s | Remaining: 3.6m
ETA: 04:23:39
Recent round times: R1: 24.2s -> R2: 22.1s -> R3: 24.2s -> R4: 27.6s -> R5: 31.3s

  0%|          | 0/79 [00:00<?, ?it/s]
  4%|▍         | 3/79 [00:00<00:03, 22.33it/s]
 10%|█         | 8/79 [00:00<00:02, 35.00it/s]
 16%|█▋        | 13/79 [00:00<00:01, 35.87it/s]
 23%|██▎       | 18/79 [00:00<00:01, 39.26it/s]
 29%|██▉       | 23/79 [00:00<00:01, 38.45it/s]
 34%|███▍      | 27/79 [00:00<00:01, 38.66it/s]
 41%|████      | 32/79 [00:00<00:01, 40.72it/s]
 47%|████▋     | 37/79 [00:00<00:01, 40.05it/s]
 53%|█████▎    | 42/79 [00:01<00:00, 39.84it/s]
 59%|█████▉    | 47/79 [00:01<00:00, 41.23it/s]
 66%|██████▌   | 52/79 [00:01<00:00, 39.64it/s]
 72%|███████▏  | 57/79 [00:01<00:00, 42.11it/s]
 78%|███████▊  | 62/79 [00:01<00:00, 39.50it/s]
 86%|████████▌ | 68/79 [00:01<00:00, 39.85it/s]
 92%|█████████▏| 73/79 [00:01<00:00, 42.22it/s]
 99%|█████████▊| 78/79 [00:01<00:00, 39.35it/s]
100%|██████████| 79/79 [00:02<00:00, 39.41it/s]

CommRound: 23/30
Accuracy: 78.88% | Loss: 1.0762
[##############################################--------------] 76.7%
Elapsed: 10.4m | Avg/Round: 27.2s | Last: 25.8s | Next: 27.2s | Remaining: 3.2m
ETA: 04:23:37
Recent round times: R1: 22.1s -> R2: 24.2s -> R3: 27.6s -> R4: 31.3s -> R5: 25.8s

  0%|          | 0/79 [00:00<?, ?it/s]
  4%|▍         | 3/79 [00:00<00:03, 22.10it/s]
 10%|█         | 8/79 [00:00<00:02, 34.73it/s]
 15%|█▌        | 12/79 [00:00<00:01, 36.86it/s]
 22%|██▏       | 17/79 [00:00<00:01, 36.52it/s]
 27%|██▋       | 21/79 [00:00<00:01, 35.75it/s]
 32%|███▏      | 25/79 [00:00<00:01, 36.53it/s]
 39%|███▉      | 31/79 [00:00<00:01, 38.96it/s]
 47%|████▋     | 37/79 [00:00<00:01, 40.06it/s]
 54%|█████▍    | 43/79 [00:01<00:00, 40.96it/s]
 62%|██████▏   | 49/79 [00:01<00:00, 41.62it/s]
 70%|██████▉   | 55/79 [00:01<00:00, 41.84it/s]
 77%|███████▋  | 61/79 [00:01<00:00, 42.07it/s]
 85%|████████▍ | 67/79 [00:01<00:00, 42.44it/s]
 91%|█████████ | 72/79 [00:01<00:00, 43.73it/s]
 97%|█████████▋| 77/79 [00:01<00:00, 41.78it/s]
100%|██████████| 79/79 [00:01<00:00, 40.39it/s]

CommRound: 24/30
Accuracy: 78.93% | Loss: 1.0800
[################################################------------] 80.0%
Elapsed: 10.9m | Avg/Round: 27.3s | Last: 29.3s | Next: 27.3s | Remaining: 2.7m
ETA: 04:23:40
Recent round times: R1: 24.2s -> R2: 27.6s -> R3: 31.3s -> R4: 25.8s -> R5: 29.3s

  0%|          | 0/79 [00:00<?, ?it/s]
  4%|▍         | 3/79 [00:00<00:03, 22.52it/s]
 10%|█         | 8/79 [00:00<00:01, 36.14it/s]
 16%|█▋        | 13/79 [00:00<00:01, 36.23it/s]
 22%|██▏       | 17/79 [00:00<00:01, 37.49it/s]
 28%|██▊       | 22/79 [00:00<00:01, 40.56it/s]
 34%|███▍      | 27/79 [00:00<00:01, 38.90it/s]
 41%|████      | 32/79 [00:00<00:01, 41.39it/s]
 47%|████▋     | 37/79 [00:00<00:01, 39.48it/s]
 53%|█████▎    | 42/79 [00:01<00:00, 41.51it/s]
 59%|█████▉    | 47/79 [00:01<00:00, 40.04it/s]
 66%|██████▌   | 52/79 [00:01<00:00, 41.79it/s]
 72%|███████▏  | 57/79 [00:01<00:00, 40.05it/s]
 78%|███████▊  | 62/79 [00:01<00:00, 41.81it/s]
 85%|████████▍ | 67/79 [00:01<00:00, 37.52it/s]
 90%|████████▉ | 71/79 [00:01<00:00, 36.86it/s]
 95%|█████████▍| 75/79 [00:01<00:00, 36.34it/s]
100%|██████████| 79/79 [00:02<00:00, 38.88it/s]

CommRound: 25/30
Accuracy: 78.96% | Loss: 1.0838
[##################################################----------] 83.3%
Elapsed: 11.3m | Avg/Round: 27.2s | Last: 25.8s | Next: 27.2s | Remaining: 2.3m
ETA: 04:23:38
Recent round times: R1: 27.6s -> R2: 31.3s -> R3: 25.8s -> R4: 29.3s -> R5: 25.8s

  0%|          | 0/79 [00:00<?, ?it/s]
  4%|▍         | 3/79 [00:00<00:03, 21.63it/s]
  9%|▉         | 7/79 [00:00<00:02, 30.82it/s]
 15%|█▌        | 12/79 [00:00<00:01, 38.67it/s]
 22%|██▏       | 17/79 [00:00<00:01, 36.29it/s]
 29%|██▉       | 23/79 [00:00<00:01, 38.09it/s]
 35%|███▌      | 28/79 [00:00<00:01, 41.35it/s]
 42%|████▏     | 33/79 [00:00<00:01, 39.37it/s]
 49%|████▉     | 39/79 [00:01<00:00, 40.56it/s]
 57%|█████▋    | 45/79 [00:01<00:00, 40.90it/s]
 65%|██████▍   | 51/79 [00:01<00:00, 41.45it/s]
 71%|███████   | 56/79 [00:01<00:00, 43.49it/s]
 77%|███████▋  | 61/79 [00:01<00:00, 40.75it/s]
 84%|████████▎ | 66/79 [00:01<00:00, 42.63it/s]
 90%|████████▉ | 71/79 [00:01<00:00, 39.79it/s]
 97%|█████████▋| 77/79 [00:01<00:00, 40.14it/s]
100%|██████████| 79/79 [00:01<00:00, 40.24it/s]

CommRound: 26/30
Accuracy: 79.00% | Loss: 1.0882
[####################################################--------] 86.7%
Elapsed: 11.7m | Avg/Round: 27.0s | Last: 22.4s | Next: 27.0s | Remaining: 1.8m
ETA: 04:23:32
Recent round times: R1: 31.3s -> R2: 25.8s -> R3: 29.3s -> R4: 25.8s -> R5: 22.4s

  0%|          | 0/79 [00:00<?, ?it/s]
  4%|▍         | 3/79 [00:00<00:03, 21.68it/s]
  9%|▉         | 7/79 [00:00<00:02, 30.94it/s]
 14%|█▍        | 11/79 [00:00<00:02, 33.91it/s]
 19%|█▉        | 15/79 [00:00<00:01, 36.04it/s]
 25%|██▌       | 20/79 [00:00<00:01, 40.75it/s]
 32%|███▏      | 25/79 [00:00<00:01, 37.94it/s]
 37%|███▋      | 29/79 [00:00<00:01, 37.30it/s]
 42%|████▏     | 33/79 [00:00<00:01, 36.32it/s]
 47%|████▋     | 37/79 [00:01<00:01, 37.03it/s]
 52%|█████▏    | 41/79 [00:01<00:01, 36.09it/s]
 57%|█████▋    | 45/79 [00:01<00:00, 34.06it/s]
 62%|██████▏   | 49/79 [00:01<00:00, 35.08it/s]
 70%|██████▉   | 55/79 [00:01<00:00, 37.29it/s]
 77%|███████▋  | 61/79 [00:01<00:00, 38.71it/s]
 84%|████████▎ | 66/79 [00:01<00:00, 40.64it/s]
 90%|████████▉ | 71/79 [00:01<00:00, 39.79it/s]
 96%|█████████▌| 76/79 [00:02<00:00, 37.57it/s]
100%|██████████| 79/79 [00:02<00:00, 37.11it/s]

CommRound: 27/30
Accuracy: 79.02% | Loss: 1.0918
[######################################################------] 90.0%
Elapsed: 12.2m | Avg/Round: 27.1s | Last: 27.7s | Next: 27.1s | Remaining: 1.4m
ETA: 04:23:33
Recent round times: R1: 25.8s -> R2: 29.3s -> R3: 25.8s -> R4: 22.4s -> R5: 27.7s

  0%|          | 0/79 [00:00<?, ?it/s]
  4%|▍         | 3/79 [00:00<00:03, 21.72it/s]
  9%|▉         | 7/79 [00:00<00:02, 30.56it/s]
 14%|█▍        | 11/79 [00:00<00:01, 34.22it/s]
 19%|█▉        | 15/79 [00:00<00:01, 36.36it/s]
 27%|██▋       | 21/79 [00:00<00:01, 38.53it/s]
 34%|███▍      | 27/79 [00:00<00:01, 39.89it/s]
 42%|████▏     | 33/79 [00:00<00:01, 40.55it/s]
 49%|████▉     | 39/79 [00:01<00:00, 41.11it/s]
 57%|█████▋    | 45/79 [00:01<00:00, 41.29it/s]
 65%|██████▍   | 51/79 [00:01<00:00, 41.43it/s]
 72%|███████▏  | 57/79 [00:01<00:00, 41.52it/s]
 78%|███████▊  | 62/79 [00:01<00:00, 43.43it/s]
 85%|████████▍ | 67/79 [00:01<00:00, 40.52it/s]
 92%|█████████▏| 73/79 [00:01<00:00, 40.65it/s]
 99%|█████████▊| 78/79 [00:01<00:00, 42.65it/s]
100%|██████████| 79/79 [00:01<00:00, 40.22it/s]

CommRound: 28/30
Accuracy: 79.08% | Loss: 1.0953
[########################################################----] 93.3%
Elapsed: 12.6m | Avg/Round: 27.1s | Last: 27.3s | Next: 27.1s | Remaining: 0.9m
ETA: 04:23:33
Recent round times: R1: 29.3s -> R2: 25.8s -> R3: 22.4s -> R4: 27.7s -> R5: 27.3s

  0%|          | 0/79 [00:00<?, ?it/s]
  1%|▏         | 1/79 [00:00<00:07,  9.88it/s]
  9%|▉         | 7/79 [00:00<00:02, 30.45it/s]
 14%|█▍        | 11/79 [00:00<00:02, 33.81it/s]
 19%|█▉        | 15/79 [00:00<00:01, 35.35it/s]
 24%|██▍       | 19/79 [00:00<00:01, 35.37it/s]
 29%|██▉       | 23/79 [00:00<00:01, 35.36it/s]
 34%|███▍      | 27/79 [00:00<00:01, 35.71it/s]
 39%|███▉      | 31/79 [00:00<00:01, 35.73it/s]
 44%|████▍     | 35/79 [00:01<00:01, 35.61it/s]
 49%|████▉     | 39/79 [00:01<00:01, 35.92it/s]
 54%|█████▍    | 43/79 [00:01<00:00, 36.10it/s]
 59%|█████▉    | 47/79 [00:01<00:00, 35.94it/s]
 65%|██████▍   | 51/79 [00:01<00:00, 36.06it/s]
 70%|██████▉   | 55/79 [00:01<00:00, 35.89it/s]
 75%|███████▍  | 59/79 [00:01<00:00, 36.14it/s]
 80%|███████▉  | 63/79 [00:01<00:00, 35.74it/s]
 85%|████████▍ | 67/79 [00:01<00:00, 35.50it/s]
 90%|████████▉ | 71/79 [00:02<00:00, 35.55it/s]
 95%|█████████▍| 75/79 [00:02<00:00, 32.04it/s]
100%|██████████| 79/79 [00:02<00:00, 35.38it/s]

CommRound: 29/30
Accuracy: 79.11% | Loss: 1.0988
[##########################################################--] 96.7%
Elapsed: 13.1m | Avg/Round: 27.1s | Last: 26.6s | Next: 27.1s | Remaining: 0.5m
ETA: 04:23:33
Recent round times: R1: 25.8s -> R2: 22.4s -> R3: 27.7s -> R4: 27.3s -> R5: 26.6s

  0%|          | 0/79 [00:00<?, ?it/s]
  4%|▍         | 3/79 [00:00<00:03, 21.94it/s]
  9%|▉         | 7/79 [00:00<00:02, 30.82it/s]
 14%|█▍        | 11/79 [00:00<00:01, 34.17it/s]
 19%|█▉        | 15/79 [00:00<00:01, 36.13it/s]
 25%|██▌       | 20/79 [00:00<00:01, 38.54it/s]
 30%|███       | 24/79 [00:00<00:01, 37.44it/s]
 35%|███▌      | 28/79 [00:00<00:01, 36.22it/s]
 41%|████      | 32/79 [00:00<00:01, 36.38it/s]
 46%|████▌     | 36/79 [00:01<00:01, 37.29it/s]
 51%|█████     | 40/79 [00:01<00:01, 37.35it/s]
 56%|█████▌    | 44/79 [00:01<00:00, 37.00it/s]
 61%|██████    | 48/79 [00:01<00:00, 36.76it/s]
 66%|██████▌   | 52/79 [00:01<00:00, 36.56it/s]
 71%|███████   | 56/79 [00:01<00:00, 36.55it/s]
 76%|███████▌  | 60/79 [00:01<00:00, 37.39it/s]
 84%|████████▎ | 66/79 [00:01<00:00, 39.06it/s]
 91%|█████████ | 72/79 [00:01<00:00, 39.78it/s]
 99%|█████████▊| 78/79 [00:02<00:00, 40.14it/s]
100%|██████████| 79/79 [00:02<00:00, 37.56it/s]

CommRound: 30/30
Accuracy: 79.17% | Loss: 1.1018
[############################################################] 100.0%
Elapsed: 13.4m | Avg/Round: 26.9s | Last: 21.1s | Next: 26.9s | Remaining: 0.0m
ETA: 04:23:27
Recent round times: R1: 22.4s -> R2: 27.7s -> R3: 27.3s -> R4: 26.6s -> R5: 21.1s
Total time for experiment: 806.0230138301849 seconds
Device average training time per communication round [s]:
    rpi (sld-rpi-09.ece.utexas.edu): 9.10 seconds
    mc1 (sld-mc1-09.ece.utexas.edu): 22.80 seconds
