
  0%|          | 0/79 [00:00<?, ?it/s]
  4%|▍         | 3/79 [00:00<00:03, 22.99it/s]
 10%|█         | 8/79 [00:00<00:02, 33.97it/s]
 16%|█▋        | 13/79 [00:00<00:01, 37.20it/s]
 23%|██▎       | 18/79 [00:00<00:01, 38.91it/s]
 29%|██▉       | 23/79 [00:00<00:01, 39.37it/s]
 35%|███▌      | 28/79 [00:00<00:01, 39.88it/s]
 41%|████      | 32/79 [00:00<00:01, 39.79it/s]
 46%|████▌     | 36/79 [00:00<00:01, 39.80it/s]
 51%|█████     | 40/79 [00:01<00:00, 39.32it/s]
 56%|█████▌    | 44/79 [00:01<00:00, 39.20it/s]
 61%|██████    | 48/79 [00:01<00:00, 39.16it/s]
 66%|██████▌   | 52/79 [00:01<00:00, 39.09it/s]
 72%|███████▏  | 57/79 [00:01<00:00, 40.99it/s]
 78%|███████▊  | 62/79 [00:01<00:00, 39.05it/s]
 84%|████████▎ | 66/79 [00:01<00:00, 38.68it/s]
 90%|████████▉ | 71/79 [00:01<00:00, 40.37it/s]
 96%|█████████▌| 76/79 [00:01<00:00, 39.30it/s]
100%|██████████| 79/79 [00:02<00:00, 39.07it/s]
Initial Accuracy: 7.95%; Initial Loss: 2.3066

  0%|          | 0/79 [00:00<?, ?it/s]
  1%|▏         | 1/79 [00:00<00:07,  9.81it/s]
  9%|▉         | 7/79 [00:00<00:02, 32.30it/s]
 15%|█▌        | 12/79 [00:00<00:01, 39.06it/s]
 22%|██▏       | 17/79 [00:00<00:01, 37.01it/s]
 28%|██▊       | 22/79 [00:00<00:01, 40.77it/s]
 34%|███▍      | 27/79 [00:00<00:01, 34.33it/s]
 42%|████▏     | 33/79 [00:00<00:01, 36.69it/s]
 48%|████▊     | 38/79 [00:01<00:01, 39.86it/s]
 54%|█████▍    | 43/79 [00:01<00:00, 38.11it/s]
 61%|██████    | 48/79 [00:01<00:00, 40.89it/s]
 67%|██████▋   | 53/79 [00:01<00:00, 38.70it/s]
 73%|███████▎  | 58/79 [00:01<00:00, 41.45it/s]
 80%|███████▉  | 63/79 [00:01<00:00, 39.17it/s]
 86%|████████▌ | 68/79 [00:01<00:00, 41.82it/s]
 92%|█████████▏| 73/79 [00:01<00:00, 39.46it/s]
 99%|█████████▊| 78/79 [00:02<00:00, 42.05it/s]
100%|██████████| 79/79 [00:02<00:00, 39.10it/s]

CommRound: 1/30
Accuracy: 56.98% | Loss: 1.2177
[##----------------------------------------------------------] 3.3%
Elapsed: 0.7m | Avg/Round: 44.6s | Last: 42.6s | Next: 44.6s | Remaining: 21.6m
ETA: 08:11:04
Recent round times: R1: 42.6s

  0%|          | 0/79 [00:00<?, ?it/s]
  1%|▏         | 1/79 [00:00<00:07,  9.89it/s]
  9%|▉         | 7/79 [00:00<00:02, 31.19it/s]
 14%|█▍        | 11/79 [00:00<00:01, 34.63it/s]
 19%|█▉        | 15/79 [00:00<00:01, 36.54it/s]
 25%|██▌       | 20/79 [00:00<00:01, 40.88it/s]
 32%|███▏      | 25/79 [00:00<00:01, 38.39it/s]
 38%|███▊      | 30/79 [00:00<00:01, 41.57it/s]
 44%|████▍     | 35/79 [00:00<00:01, 38.87it/s]
 49%|████▉     | 39/79 [00:01<00:01, 39.12it/s]
 54%|█████▍    | 43/79 [00:01<00:00, 38.00it/s]
 59%|█████▉    | 47/79 [00:01<00:00, 38.19it/s]
 66%|██████▌   | 52/79 [00:01<00:00, 41.46it/s]
 72%|███████▏  | 57/79 [00:01<00:00, 39.22it/s]
 78%|███████▊  | 62/79 [00:01<00:00, 41.99it/s]
 85%|████████▍ | 67/79 [00:01<00:00, 39.63it/s]
 91%|█████████ | 72/79 [00:01<00:00, 42.27it/s]
 97%|█████████▋| 77/79 [00:01<00:00, 39.32it/s]
100%|██████████| 79/79 [00:02<00:00, 39.30it/s]

CommRound: 2/30
Accuracy: 78.28% | Loss: 0.6401
[####--------------------------------------------------------] 6.7%
Elapsed: 1.5m | Avg/Round: 45.5s | Last: 46.4s | Next: 45.5s | Remaining: 21.2m
ETA: 08:11:30
Recent round times: R1: 42.6s -> R2: 46.4s

  0%|          | 0/79 [00:00<?, ?it/s]
  1%|▏         | 1/79 [00:00<00:08,  9.44it/s]
  9%|▉         | 7/79 [00:00<00:02, 33.17it/s]
 15%|█▌        | 12/79 [00:00<00:01, 37.84it/s]
 20%|██        | 16/79 [00:00<00:01, 38.10it/s]
 25%|██▌       | 20/79 [00:00<00:01, 38.50it/s]
 30%|███       | 24/79 [00:00<00:01, 38.94it/s]
 37%|███▋      | 29/79 [00:00<00:01, 40.77it/s]
 43%|████▎     | 34/79 [00:00<00:01, 40.29it/s]
 49%|████▉     | 39/79 [00:01<00:00, 40.87it/s]
 56%|█████▌    | 44/79 [00:01<00:00, 40.55it/s]
 62%|██████▏   | 49/79 [00:01<00:00, 40.69it/s]
 68%|██████▊   | 54/79 [00:01<00:00, 40.20it/s]
 75%|███████▍  | 59/79 [00:01<00:00, 41.39it/s]
 81%|████████  | 64/79 [00:01<00:00, 40.54it/s]
 87%|████████▋ | 69/79 [00:01<00:00, 41.90it/s]
 94%|█████████▎| 74/79 [00:01<00:00, 40.74it/s]
100%|██████████| 79/79 [00:01<00:00, 39.91it/s]

CommRound: 3/30
Accuracy: 81.81% | Loss: 0.5766
[######------------------------------------------------------] 10.0%
Elapsed: 2.3m | Avg/Round: 46.6s | Last: 48.7s | Next: 46.6s | Remaining: 21.0m
ETA: 08:12:02
Recent round times: R1: 42.6s -> R2: 46.4s -> R3: 48.7s

  0%|          | 0/79 [00:00<?, ?it/s]
  1%|▏         | 1/79 [00:00<00:09,  8.48it/s]
  9%|▉         | 7/79 [00:00<00:02, 27.74it/s]
 14%|█▍        | 11/79 [00:00<00:02, 30.05it/s]
 19%|█▉        | 15/79 [00:00<00:02, 31.63it/s]
 24%|██▍       | 19/79 [00:00<00:01, 32.61it/s]
 29%|██▉       | 23/79 [00:00<00:01, 33.64it/s]
 34%|███▍      | 27/79 [00:00<00:01, 34.14it/s]
 39%|███▉      | 31/79 [00:00<00:01, 34.43it/s]
 44%|████▍     | 35/79 [00:01<00:01, 34.60it/s]
 49%|████▉     | 39/79 [00:01<00:01, 35.25it/s]
 57%|█████▋    | 45/79 [00:01<00:00, 37.55it/s]
 63%|██████▎   | 50/79 [00:01<00:00, 40.65it/s]
 70%|██████▉   | 55/79 [00:01<00:00, 38.88it/s]
 77%|███████▋  | 61/79 [00:01<00:00, 40.01it/s]
 85%|████████▍ | 67/79 [00:01<00:00, 40.65it/s]
 92%|█████████▏| 73/79 [00:02<00:00, 41.16it/s]
 99%|█████████▊| 78/79 [00:02<00:00, 43.28it/s]
100%|██████████| 79/79 [00:02<00:00, 37.20it/s]

CommRound: 4/30
Accuracy: 87.10% | Loss: 0.4217
[########----------------------------------------------------] 13.3%
Elapsed: 3.2m | Avg/Round: 47.8s | Last: 51.7s | Next: 47.8s | Remaining: 20.7m
ETA: 08:12:40
Recent round times: R1: 42.6s -> R2: 46.4s -> R3: 48.7s -> R4: 51.7s

  0%|          | 0/79 [00:00<?, ?it/s]
  1%|▏         | 1/79 [00:00<00:08,  9.06it/s]
  9%|▉         | 7/79 [00:00<00:02, 31.93it/s]
 16%|█▋        | 13/79 [00:00<00:01, 37.06it/s]
 24%|██▍       | 19/79 [00:00<00:01, 39.09it/s]
 30%|███       | 24/79 [00:00<00:01, 41.96it/s]
 37%|███▋      | 29/79 [00:00<00:01, 39.55it/s]
 43%|████▎     | 34/79 [00:00<00:01, 42.30it/s]
 49%|████▉     | 39/79 [00:01<00:01, 39.66it/s]
 57%|█████▋    | 45/79 [00:01<00:00, 40.39it/s]
 65%|██████▍   | 51/79 [00:01<00:00, 40.89it/s]
 72%|███████▏  | 57/79 [00:01<00:00, 41.21it/s]
 80%|███████▉  | 63/79 [00:01<00:00, 41.55it/s]
 87%|████████▋ | 69/79 [00:01<00:00, 41.59it/s]
 94%|█████████▎| 74/79 [00:01<00:00, 43.53it/s]
100%|██████████| 79/79 [00:01<00:00, 40.67it/s]

CommRound: 5/30
Accuracy: 87.22% | Loss: 0.4352
[##########--------------------------------------------------] 16.7%
Elapsed: 3.9m | Avg/Round: 47.2s | Last: 44.9s | Next: 47.2s | Remaining: 19.7m
ETA: 08:12:22
Recent round times: R1: 42.6s -> R2: 46.4s -> R3: 48.7s -> R4: 51.7s -> R5: 44.9s

  0%|          | 0/79 [00:00<?, ?it/s]
  1%|▏         | 1/79 [00:00<00:07,  9.82it/s]
  9%|▉         | 7/79 [00:00<00:02, 32.24it/s]
 14%|█▍        | 11/79 [00:00<00:01, 34.93it/s]
 19%|█▉        | 15/79 [00:00<00:01, 36.73it/s]
 24%|██▍       | 19/79 [00:00<00:01, 37.82it/s]
 29%|██▉       | 23/79 [00:00<00:01, 38.38it/s]
 35%|███▌      | 28/79 [00:00<00:01, 41.71it/s]
 42%|████▏     | 33/79 [00:00<00:01, 39.20it/s]
 49%|████▉     | 39/79 [00:01<00:00, 41.08it/s]
 56%|█████▌    | 44/79 [00:01<00:00, 42.77it/s]
 62%|██████▏   | 49/79 [00:01<00:00, 41.40it/s]
 68%|██████▊   | 54/79 [00:01<00:00, 41.26it/s]
 75%|███████▍  | 59/79 [00:01<00:00, 41.98it/s]
 81%|████████  | 64/79 [00:01<00:00, 40.65it/s]
 87%|████████▋ | 69/79 [00:01<00:00, 42.76it/s]
 94%|█████████▎| 74/79 [00:01<00:00, 40.13it/s]
100%|██████████| 79/79 [00:01<00:00, 39.84it/s]

CommRound: 6/30
Accuracy: 87.49% | Loss: 0.4687
[############------------------------------------------------] 20.0%
Elapsed: 4.8m | Avg/Round: 48.0s | Last: 51.6s | Next: 48.0s | Remaining: 19.2m
ETA: 08:12:44
Recent round times: R1: 46.4s -> R2: 48.7s -> R3: 51.7s -> R4: 44.9s -> R5: 51.6s

  0%|          | 0/79 [00:00<?, ?it/s]
  1%|▏         | 1/79 [00:00<00:08,  9.37it/s]
  9%|▉         | 7/79 [00:00<00:02, 34.17it/s]
 15%|█▌        | 12/79 [00:00<00:01, 35.03it/s]
 20%|██        | 16/79 [00:00<00:01, 35.48it/s]
 25%|██▌       | 20/79 [00:00<00:01, 35.71it/s]
 30%|███       | 24/79 [00:00<00:01, 36.40it/s]
 35%|███▌      | 28/79 [00:00<00:01, 36.68it/s]
 41%|████      | 32/79 [00:00<00:01, 36.80it/s]
 46%|████▌     | 36/79 [00:01<00:01, 36.98it/s]
 51%|█████     | 40/79 [00:01<00:01, 36.88it/s]
 56%|█████▌    | 44/79 [00:01<00:00, 36.93it/s]
 61%|██████    | 48/79 [00:01<00:00, 37.06it/s]
 66%|██████▌   | 52/79 [00:01<00:00, 37.03it/s]
 71%|███████   | 56/79 [00:01<00:00, 37.31it/s]
 76%|███████▌  | 60/79 [00:01<00:00, 37.45it/s]
 81%|████████  | 64/79 [00:01<00:00, 37.47it/s]
 86%|████████▌ | 68/79 [00:01<00:00, 37.44it/s]
 91%|█████████ | 72/79 [00:01<00:00, 37.10it/s]
 96%|█████████▌| 76/79 [00:02<00:00, 37.15it/s]
100%|██████████| 79/79 [00:02<00:00, 36.58it/s]

CommRound: 7/30
Accuracy: 89.19% | Loss: 0.4092
[##############----------------------------------------------] 23.3%
Elapsed: 5.5m | Avg/Round: 47.3s | Last: 43.5s | Next: 47.3s | Remaining: 18.2m
ETA: 08:12:25
Recent round times: R1: 48.7s -> R2: 51.7s -> R3: 44.9s -> R4: 51.6s -> R5: 43.5s

  0%|          | 0/79 [00:00<?, ?it/s]
  1%|▏         | 1/79 [00:00<00:09,  8.58it/s]
  9%|▉         | 7/79 [00:00<00:02, 30.50it/s]
 14%|█▍        | 11/79 [00:00<00:02, 33.21it/s]
 19%|█▉        | 15/79 [00:00<00:01, 34.87it/s]
 24%|██▍       | 19/79 [00:00<00:01, 36.01it/s]
 29%|██▉       | 23/79 [00:00<00:01, 36.55it/s]
 34%|███▍      | 27/79 [00:00<00:01, 37.01it/s]
 39%|███▉      | 31/79 [00:00<00:01, 37.27it/s]
 44%|████▍     | 35/79 [00:00<00:01, 37.61it/s]
 49%|████▉     | 39/79 [00:01<00:01, 37.74it/s]
 54%|█████▍    | 43/79 [00:01<00:00, 37.94it/s]
 59%|█████▉    | 47/79 [00:01<00:00, 37.92it/s]
 65%|██████▍   | 51/79 [00:01<00:00, 37.96it/s]
 70%|██████▉   | 55/79 [00:01<00:00, 38.01it/s]
 75%|███████▍  | 59/79 [00:01<00:00, 38.01it/s]
 80%|███████▉  | 63/79 [00:01<00:00, 38.08it/s]
 85%|████████▍ | 67/79 [00:01<00:00, 38.08it/s]
 90%|████████▉ | 71/79 [00:01<00:00, 37.87it/s]
 95%|█████████▍| 75/79 [00:02<00:00, 38.06it/s]
100%|██████████| 79/79 [00:02<00:00, 37.27it/s]

CommRound: 8/30
Accuracy: 87.79% | Loss: 0.5195
[################--------------------------------------------] 26.7%
Elapsed: 6.3m | Avg/Round: 47.5s | Last: 48.9s | Next: 47.5s | Remaining: 17.4m
ETA: 08:12:31
Recent round times: R1: 51.7s -> R2: 44.9s -> R3: 51.6s -> R4: 43.5s -> R5: 48.9s

  0%|          | 0/79 [00:00<?, ?it/s]
  3%|▎         | 2/79 [00:00<00:03, 19.51it/s]
  9%|▉         | 7/79 [00:00<00:02, 32.83it/s]
 15%|█▌        | 12/79 [00:00<00:01, 37.71it/s]
 22%|██▏       | 17/79 [00:00<00:01, 38.73it/s]
 28%|██▊       | 22/79 [00:00<00:01, 39.10it/s]
 33%|███▎      | 26/79 [00:00<00:01, 39.31it/s]
 39%|███▉      | 31/79 [00:00<00:01, 41.49it/s]
 46%|████▌     | 36/79 [00:00<00:01, 39.16it/s]
 52%|█████▏    | 41/79 [00:01<00:00, 41.98it/s]
 58%|█████▊    | 46/79 [00:01<00:00, 39.07it/s]
 63%|██████▎   | 50/79 [00:01<00:00, 38.91it/s]
 68%|██████▊   | 54/79 [00:01<00:00, 38.58it/s]
 73%|███████▎  | 58/79 [00:01<00:00, 38.35it/s]
 78%|███████▊  | 62/79 [00:01<00:00, 38.43it/s]
 84%|████████▎ | 66/79 [00:01<00:00, 38.17it/s]
 89%|████████▊ | 70/79 [00:01<00:00, 38.03it/s]
 94%|█████████▎| 74/79 [00:01<00:00, 37.90it/s]
 99%|█████████▊| 78/79 [00:02<00:00, 38.27it/s]
100%|██████████| 79/79 [00:02<00:00, 38.61it/s]

CommRound: 9/30
Accuracy: 87.80% | Loss: 0.5080
[##################------------------------------------------] 30.0%
Elapsed: 7.1m | Avg/Round: 47.6s | Last: 47.7s | Next: 47.6s | Remaining: 16.6m
ETA: 08:12:31
Recent round times: R1: 44.9s -> R2: 51.6s -> R3: 43.5s -> R4: 48.9s -> R5: 47.7s

  0%|          | 0/79 [00:00<?, ?it/s]
  1%|▏         | 1/79 [00:00<00:08,  9.28it/s]
  9%|▉         | 7/79 [00:00<00:02, 31.61it/s]
 14%|█▍        | 11/79 [00:00<00:01, 34.97it/s]
 20%|██        | 16/79 [00:00<00:01, 40.10it/s]
 27%|██▋       | 21/79 [00:00<00:01, 37.78it/s]
 33%|███▎      | 26/79 [00:00<00:01, 41.38it/s]
 39%|███▉      | 31/79 [00:00<00:01, 39.26it/s]
 47%|████▋     | 37/79 [00:00<00:01, 40.59it/s]
 54%|█████▍    | 43/79 [00:01<00:00, 40.98it/s]
 62%|██████▏   | 49/79 [00:01<00:00, 41.61it/s]
 70%|██████▉   | 55/79 [00:01<00:00, 41.97it/s]
 77%|███████▋  | 61/79 [00:01<00:00, 42.22it/s]
 84%|████████▎ | 66/79 [00:01<00:00, 41.72it/s]
 90%|████████▉ | 71/79 [00:01<00:00, 39.77it/s]
 96%|█████████▌| 76/79 [00:01<00:00, 41.02it/s]
100%|██████████| 79/79 [00:01<00:00, 39.94it/s]

CommRound: 10/30
Accuracy: 88.78% | Loss: 0.4586
[####################----------------------------------------] 33.3%
Elapsed: 7.9m | Avg/Round: 47.3s | Last: 44.6s | Next: 47.3s | Remaining: 15.8m
ETA: 08:12:23
Recent round times: R1: 51.6s -> R2: 43.5s -> R3: 48.9s -> R4: 47.7s -> R5: 44.6s

  0%|          | 0/79 [00:00<?, ?it/s]
  1%|▏         | 1/79 [00:00<00:08,  9.43it/s]
  9%|▉         | 7/79 [00:00<00:02, 31.80it/s]
 15%|█▌        | 12/79 [00:00<00:01, 37.69it/s]
 20%|██        | 16/79 [00:00<00:01, 37.95it/s]
 25%|██▌       | 20/79 [00:00<00:01, 38.53it/s]
 32%|███▏      | 25/79 [00:00<00:01, 38.62it/s]
 38%|███▊      | 30/79 [00:00<00:01, 39.59it/s]
 44%|████▍     | 35/79 [00:00<00:01, 39.64it/s]
 51%|█████     | 40/79 [00:01<00:00, 40.32it/s]
 57%|█████▋    | 45/79 [00:01<00:00, 39.80it/s]
 63%|██████▎   | 50/79 [00:01<00:00, 37.69it/s]
 68%|██████▊   | 54/79 [00:01<00:00, 37.13it/s]
 73%|███████▎  | 58/79 [00:01<00:00, 35.59it/s]
 78%|███████▊  | 62/79 [00:01<00:00, 36.49it/s]
 84%|████████▎ | 66/79 [00:01<00:00, 35.73it/s]
 89%|████████▊ | 70/79 [00:01<00:00, 35.73it/s]
 94%|█████████▎| 74/79 [00:02<00:00, 35.61it/s]
 99%|█████████▊| 78/79 [00:02<00:00, 35.86it/s]
100%|██████████| 79/79 [00:02<00:00, 36.94it/s]

CommRound: 11/30
Accuracy: 89.01% | Loss: 0.4822
[######################--------------------------------------] 36.7%
Elapsed: 8.6m | Avg/Round: 47.0s | Last: 44.2s | Next: 47.0s | Remaining: 14.9m
ETA: 08:12:14
Recent round times: R1: 43.5s -> R2: 48.9s -> R3: 47.7s -> R4: 44.6s -> R5: 44.2s

  0%|          | 0/79 [00:00<?, ?it/s]
  3%|▎         | 2/79 [00:00<00:03, 19.86it/s]
  9%|▉         | 7/79 [00:00<00:02, 32.67it/s]
 15%|█▌        | 12/79 [00:00<00:01, 39.66it/s]
 22%|██▏       | 17/79 [00:00<00:01, 37.79it/s]
 27%|██▋       | 21/79 [00:00<00:01, 38.46it/s]
 33%|███▎      | 26/79 [00:00<00:01, 41.64it/s]
 39%|███▉      | 31/79 [00:00<00:01, 39.47it/s]
 46%|████▌     | 36/79 [00:00<00:01, 41.94it/s]
 52%|█████▏    | 41/79 [00:01<00:00, 39.47it/s]
 58%|█████▊    | 46/79 [00:01<00:00, 41.96it/s]
 65%|██████▍   | 51/79 [00:01<00:00, 39.49it/s]
 71%|███████   | 56/79 [00:01<00:00, 41.95it/s]
 77%|███████▋  | 61/79 [00:01<00:00, 39.75it/s]
 84%|████████▎ | 66/79 [00:01<00:00, 39.96it/s]
 90%|████████▉ | 71/79 [00:01<00:00, 36.26it/s]
 95%|█████████▍| 75/79 [00:01<00:00, 35.84it/s]
100%|██████████| 79/79 [00:02<00:00, 38.90it/s]

CommRound: 12/30
Accuracy: 88.53% | Loss: 0.5203
[########################------------------------------------] 40.0%
Elapsed: 9.3m | Avg/Round: 46.7s | Last: 43.7s | Next: 46.7s | Remaining: 14.0m
ETA: 08:12:06
Recent round times: R1: 48.9s -> R2: 47.7s -> R3: 44.6s -> R4: 44.2s -> R5: 43.7s

  0%|          | 0/79 [00:00<?, ?it/s]
  1%|▏         | 1/79 [00:00<00:07,  9.87it/s]
  9%|▉         | 7/79 [00:00<00:02, 34.61it/s]
 15%|█▌        | 12/79 [00:00<00:01, 37.06it/s]
 22%|██▏       | 17/79 [00:00<00:01, 40.13it/s]
 28%|██▊       | 22/79 [00:00<00:01, 38.01it/s]
 35%|███▌      | 28/79 [00:00<00:01, 39.33it/s]
 43%|████▎     | 34/79 [00:00<00:01, 39.93it/s]
 48%|████▊     | 38/79 [00:01<00:01, 39.07it/s]
 56%|█████▌    | 44/79 [00:01<00:00, 40.40it/s]
 63%|██████▎   | 50/79 [00:01<00:00, 40.65it/s]
 70%|██████▉   | 55/79 [00:01<00:00, 42.81it/s]
 76%|███████▌  | 60/79 [00:01<00:00, 40.15it/s]
 82%|████████▏ | 65/79 [00:01<00:00, 42.14it/s]
 89%|████████▊ | 70/79 [00:01<00:00, 39.17it/s]
 95%|█████████▍| 75/79 [00:01<00:00, 41.78it/s]
100%|██████████| 79/79 [00:01<00:00, 39.57it/s]

CommRound: 13/30
Accuracy: 88.60% | Loss: 0.5347
[##########################----------------------------------] 43.3%
Elapsed: 10.1m | Avg/Round: 46.7s | Last: 46.1s | Next: 46.7s | Remaining: 13.2m
ETA: 08:12:05
Recent round times: R1: 47.7s -> R2: 44.6s -> R3: 44.2s -> R4: 43.7s -> R5: 46.1s

  0%|          | 0/79 [00:00<?, ?it/s]
  3%|▎         | 2/79 [00:00<00:03, 19.30it/s]
  9%|▉         | 7/79 [00:00<00:02, 30.97it/s]
 15%|█▌        | 12/79 [00:00<00:01, 38.39it/s]
 22%|██▏       | 17/79 [00:00<00:01, 37.02it/s]
 29%|██▉       | 23/79 [00:00<00:01, 37.77it/s]
 37%|███▋      | 29/79 [00:00<00:01, 40.36it/s]
 44%|████▍     | 35/79 [00:00<00:01, 40.99it/s]
 52%|█████▏    | 41/79 [00:01<00:00, 41.40it/s]
 59%|█████▉    | 47/79 [00:01<00:00, 41.57it/s]
 67%|██████▋   | 53/79 [00:01<00:00, 41.36it/s]
 73%|███████▎  | 58/79 [00:01<00:00, 42.85it/s]
 80%|███████▉  | 63/79 [00:01<00:00, 40.13it/s]
 86%|████████▌ | 68/79 [00:01<00:00, 42.43it/s]
 92%|█████████▏| 73/79 [00:01<00:00, 40.00it/s]
 99%|█████████▊| 78/79 [00:01<00:00, 42.39it/s]
100%|██████████| 79/79 [00:01<00:00, 40.40it/s]

CommRound: 14/30
Accuracy: 88.64% | Loss: 0.5466
[############################--------------------------------] 46.7%
Elapsed: 10.9m | Avg/Round: 46.6s | Last: 45.4s | Next: 46.6s | Remaining: 12.4m
ETA: 08:12:02
Recent round times: R1: 44.6s -> R2: 44.2s -> R3: 43.7s -> R4: 46.1s -> R5: 45.4s

  0%|          | 0/79 [00:00<?, ?it/s]
  1%|▏         | 1/79 [00:00<00:07,  9.77it/s]
  6%|▋         | 5/79 [00:00<00:02, 26.61it/s]
 11%|█▏        | 9/79 [00:00<00:02, 31.82it/s]
 16%|█▋        | 13/79 [00:00<00:01, 33.25it/s]
 22%|██▏       | 17/79 [00:00<00:01, 34.03it/s]
 27%|██▋       | 21/79 [00:00<00:01, 34.51it/s]
 32%|███▏      | 25/79 [00:00<00:01, 35.63it/s]
 37%|███▋      | 29/79 [00:00<00:01, 36.81it/s]
 43%|████▎     | 34/79 [00:00<00:01, 40.69it/s]
 49%|████▉     | 39/79 [00:01<00:01, 37.63it/s]
 54%|█████▍    | 43/79 [00:01<00:00, 37.63it/s]
 59%|█████▉    | 47/79 [00:01<00:00, 37.71it/s]
 65%|██████▍   | 51/79 [00:01<00:00, 38.10it/s]
 70%|██████▉   | 55/79 [00:01<00:00, 38.37it/s]
 75%|███████▍  | 59/79 [00:01<00:00, 38.41it/s]
 80%|███████▉  | 63/79 [00:01<00:00, 38.11it/s]
 85%|████████▍ | 67/79 [00:01<00:00, 37.80it/s]
 90%|████████▉ | 71/79 [00:01<00:00, 38.40it/s]
 95%|█████████▍| 75/79 [00:02<00:00, 38.12it/s]
100%|██████████| 79/79 [00:02<00:00, 37.02it/s]

CommRound: 15/30
Accuracy: 88.63% | Loss: 0.5558
[##############################------------------------------] 50.0%
Elapsed: 11.8m | Avg/Round: 47.0s | Last: 53.3s | Next: 47.0s | Remaining: 11.8m
ETA: 08:12:15
Recent round times: R1: 44.2s -> R2: 43.7s -> R3: 46.1s -> R4: 45.4s -> R5: 53.3s

  0%|          | 0/79 [00:00<?, ?it/s]
  3%|▎         | 2/79 [00:00<00:03, 19.31it/s]
  9%|▉         | 7/79 [00:00<00:02, 30.29it/s]
 14%|█▍        | 11/79 [00:00<00:01, 34.00it/s]
 19%|█▉        | 15/79 [00:00<00:01, 36.08it/s]
 25%|██▌       | 20/79 [00:00<00:01, 39.31it/s]
 30%|███       | 24/79 [00:00<00:01, 39.43it/s]
 35%|███▌      | 28/79 [00:00<00:01, 39.60it/s]
 41%|████      | 32/79 [00:00<00:01, 39.53it/s]
 46%|████▌     | 36/79 [00:00<00:01, 39.58it/s]
 51%|█████     | 40/79 [00:01<00:00, 39.55it/s]
 56%|█████▌    | 44/79 [00:01<00:00, 39.64it/s]
 61%|██████    | 48/79 [00:01<00:00, 39.37it/s]
 66%|██████▌   | 52/79 [00:01<00:00, 39.04it/s]
 71%|███████   | 56/79 [00:01<00:00, 38.99it/s]
 77%|███████▋  | 61/79 [00:01<00:00, 38.50it/s]
 82%|████████▏ | 65/79 [00:01<00:00, 38.54it/s]
 87%|████████▋ | 69/79 [00:01<00:00, 38.90it/s]
 94%|█████████▎| 74/79 [00:01<00:00, 39.81it/s]
 99%|█████████▊| 78/79 [00:02<00:00, 39.84it/s]
100%|██████████| 79/79 [00:02<00:00, 38.60it/s]

CommRound: 16/30
Accuracy: 88.69% | Loss: 0.5638
[################################----------------------------] 53.3%
Elapsed: 12.5m | Avg/Round: 46.8s | Last: 44.1s | Next: 46.8s | Remaining: 10.9m
ETA: 08:12:10
Recent round times: R1: 43.7s -> R2: 46.1s -> R3: 45.4s -> R4: 53.3s -> R5: 44.1s

  0%|          | 0/79 [00:00<?, ?it/s]
  1%|▏         | 1/79 [00:00<00:07,  9.94it/s]
  9%|▉         | 7/79 [00:00<00:02, 33.80it/s]
 15%|█▌        | 12/79 [00:00<00:01, 36.22it/s]
 20%|██        | 16/79 [00:00<00:01, 37.48it/s]
 25%|██▌       | 20/79 [00:00<00:01, 38.31it/s]
 32%|███▏      | 25/79 [00:00<00:01, 41.09it/s]
 38%|███▊      | 30/79 [00:00<00:01, 39.42it/s]
 44%|████▍     | 35/79 [00:00<00:01, 41.83it/s]
 51%|█████     | 40/79 [00:01<00:00, 39.84it/s]
 58%|█████▊    | 46/79 [00:01<00:00, 40.76it/s]
 66%|██████▌   | 52/79 [00:01<00:00, 41.20it/s]
 73%|███████▎  | 58/79 [00:01<00:00, 41.49it/s]
 81%|████████  | 64/79 [00:01<00:00, 41.59it/s]
 89%|████████▊ | 70/79 [00:01<00:00, 41.71it/s]
 96%|█████████▌| 76/79 [00:01<00:00, 41.61it/s]
100%|██████████| 79/79 [00:01<00:00, 40.19it/s]

CommRound: 17/30
Accuracy: 88.76% | Loss: 0.5706
[##################################--------------------------] 56.7%
Elapsed: 13.1m | Avg/Round: 46.4s | Last: 39.1s | Next: 46.4s | Remaining: 10.1m
ETA: 08:11:56
Recent round times: R1: 46.1s -> R2: 45.4s -> R3: 53.3s -> R4: 44.1s -> R5: 39.1s

  0%|          | 0/79 [00:00<?, ?it/s]
  3%|▎         | 2/79 [00:00<00:03, 19.29it/s]
  9%|▉         | 7/79 [00:00<00:02, 29.76it/s]
 14%|█▍        | 11/79 [00:00<00:02, 31.71it/s]
 19%|█▉        | 15/79 [00:00<00:01, 33.43it/s]
 24%|██▍       | 19/79 [00:00<00:01, 34.45it/s]
 29%|██▉       | 23/79 [00:00<00:01, 35.48it/s]
 34%|███▍      | 27/79 [00:00<00:01, 35.90it/s]
 39%|███▉      | 31/79 [00:00<00:01, 36.52it/s]
 44%|████▍     | 35/79 [00:01<00:01, 36.84it/s]
 49%|████▉     | 39/79 [00:01<00:01, 37.04it/s]
 54%|█████▍    | 43/79 [00:01<00:00, 37.15it/s]
 59%|█████▉    | 47/79 [00:01<00:00, 37.85it/s]
 67%|██████▋   | 53/79 [00:01<00:00, 39.68it/s]
 75%|███████▍  | 59/79 [00:01<00:00, 40.44it/s]
 82%|████████▏ | 65/79 [00:01<00:00, 40.85it/s]
 89%|████████▊ | 70/79 [00:01<00:00, 42.81it/s]
 95%|█████████▍| 75/79 [00:01<00:00, 40.16it/s]
100%|██████████| 79/79 [00:02<00:00, 38.20it/s]

CommRound: 18/30
Accuracy: 88.81% | Loss: 0.5767
[####################################------------------------] 60.0%
Elapsed: 13.8m | Avg/Round: 46.1s | Last: 41.3s | Next: 46.1s | Remaining: 9.2m
ETA: 08:11:48
Recent round times: R1: 45.4s -> R2: 53.3s -> R3: 44.1s -> R4: 39.1s -> R5: 41.3s

  0%|          | 0/79 [00:00<?, ?it/s]
  1%|▏         | 1/79 [00:00<00:07,  9.85it/s]
  9%|▉         | 7/79 [00:00<00:02, 32.59it/s]
 14%|█▍        | 11/79 [00:00<00:01, 35.49it/s]
 20%|██        | 16/79 [00:00<00:01, 40.54it/s]
 27%|██▋       | 21/79 [00:00<00:01, 37.70it/s]
 33%|███▎      | 26/79 [00:00<00:01, 41.00it/s]
 39%|███▉      | 31/79 [00:00<00:01, 37.90it/s]
 47%|████▋     | 37/79 [00:00<00:01, 39.77it/s]
 54%|█████▍    | 43/79 [00:01<00:00, 40.39it/s]
 62%|██████▏   | 49/79 [00:01<00:00, 40.66it/s]
 70%|██████▉   | 55/79 [00:01<00:00, 40.98it/s]
 76%|███████▌  | 60/79 [00:01<00:00, 42.98it/s]
 82%|████████▏ | 65/79 [00:01<00:00, 40.52it/s]
 90%|████████▉ | 71/79 [00:01<00:00, 40.70it/s]
 96%|█████████▌| 76/79 [00:01<00:00, 42.67it/s]
100%|██████████| 79/79 [00:01<00:00, 40.15it/s]

CommRound: 19/30
Accuracy: 88.82% | Loss: 0.5820
[######################################----------------------] 63.3%
Elapsed: 14.6m | Avg/Round: 46.2s | Last: 48.0s | Next: 46.2s | Remaining: 8.5m
ETA: 08:11:51
Recent round times: R1: 53.3s -> R2: 44.1s -> R3: 39.1s -> R4: 41.3s -> R5: 48.0s

  0%|          | 0/79 [00:00<?, ?it/s]
  1%|▏         | 1/79 [00:00<00:07,  9.82it/s]
  9%|▉         | 7/79 [00:00<00:02, 31.13it/s]
 14%|█▍        | 11/79 [00:00<00:01, 34.58it/s]
 19%|█▉        | 15/79 [00:00<00:01, 36.28it/s]
 27%|██▋       | 21/79 [00:00<00:01, 38.50it/s]
 33%|███▎      | 26/79 [00:00<00:01, 41.69it/s]
 39%|███▉      | 31/79 [00:00<00:01, 39.18it/s]
 46%|████▌     | 36/79 [00:00<00:01, 41.92it/s]
 52%|█████▏    | 41/79 [00:01<00:00, 39.27it/s]
 58%|█████▊    | 46/79 [00:01<00:00, 42.01it/s]
 65%|██████▍   | 51/79 [00:01<00:00, 39.46it/s]
 71%|███████   | 56/79 [00:01<00:00, 42.03it/s]
 77%|███████▋  | 61/79 [00:01<00:00, 39.54it/s]
 85%|████████▍ | 67/79 [00:01<00:00, 40.07it/s]
 91%|█████████ | 72/79 [00:01<00:00, 42.41it/s]
 97%|█████████▋| 77/79 [00:01<00:00, 39.88it/s]
100%|██████████| 79/79 [00:01<00:00, 39.77it/s]

CommRound: 20/30
Accuracy: 88.84% | Loss: 0.5866
[########################################--------------------] 66.7%
Elapsed: 15.3m | Avg/Round: 45.9s | Last: 40.1s | Next: 45.9s | Remaining: 7.6m
ETA: 08:11:41
Recent round times: R1: 44.1s -> R2: 39.1s -> R3: 41.3s -> R4: 48.0s -> R5: 40.1s

  0%|          | 0/79 [00:00<?, ?it/s]
  1%|▏         | 1/79 [00:00<00:08,  9.35it/s]
  9%|▉         | 7/79 [00:00<00:02, 31.22it/s]
 14%|█▍        | 11/79 [00:00<00:02, 33.58it/s]
 19%|█▉        | 15/79 [00:00<00:01, 35.21it/s]
 25%|██▌       | 20/79 [00:00<00:01, 39.93it/s]
 32%|███▏      | 25/79 [00:00<00:01, 38.09it/s]
 39%|███▉      | 31/79 [00:00<00:01, 39.48it/s]
 47%|████▋     | 37/79 [00:00<00:01, 40.16it/s]
 54%|█████▍    | 43/79 [00:01<00:00, 40.68it/s]
 62%|██████▏   | 49/79 [00:01<00:00, 41.11it/s]
 70%|██████▉   | 55/79 [00:01<00:00, 41.35it/s]
 77%|███████▋  | 61/79 [00:01<00:00, 41.58it/s]
 85%|████████▍ | 67/79 [00:01<00:00, 41.63it/s]
 92%|█████████▏| 73/79 [00:01<00:00, 41.63it/s]
100%|██████████| 79/79 [00:01<00:00, 45.64it/s]
100%|██████████| 79/79 [00:01<00:00, 40.17it/s]

CommRound: 21/30
Accuracy: 88.92% | Loss: 0.5907
[##########################################------------------] 70.0%
Elapsed: 16.0m | Avg/Round: 45.7s | Last: 40.9s | Next: 45.7s | Remaining: 6.8m
ETA: 08:11:34
Recent round times: R1: 39.1s -> R2: 41.3s -> R3: 48.0s -> R4: 40.1s -> R5: 40.9s

  0%|          | 0/79 [00:00<?, ?it/s]
  3%|▎         | 2/79 [00:00<00:04, 19.20it/s]
  9%|▉         | 7/79 [00:00<00:02, 31.39it/s]
 14%|█▍        | 11/79 [00:00<00:01, 34.47it/s]
 19%|█▉        | 15/79 [00:00<00:01, 35.95it/s]
 25%|██▌       | 20/79 [00:00<00:01, 35.80it/s]
 30%|███       | 24/79 [00:00<00:01, 36.22it/s]
 35%|███▌      | 28/79 [00:00<00:01, 36.81it/s]
 41%|████      | 32/79 [00:00<00:01, 37.17it/s]
 46%|████▌     | 36/79 [00:01<00:01, 37.44it/s]
 51%|█████     | 40/79 [00:01<00:01, 37.44it/s]
 57%|█████▋    | 45/79 [00:01<00:00, 40.82it/s]
 63%|██████▎   | 50/79 [00:01<00:00, 38.16it/s]
 68%|██████▊   | 54/79 [00:01<00:00, 38.24it/s]
 73%|███████▎  | 58/79 [00:01<00:00, 38.41it/s]
 78%|███████▊  | 62/79 [00:01<00:00, 38.64it/s]
 84%|████████▎ | 66/79 [00:01<00:00, 38.80it/s]
 90%|████████▉ | 71/79 [00:01<00:00, 41.69it/s]
 96%|█████████▌| 76/79 [00:02<00:00, 38.78it/s]
100%|██████████| 79/79 [00:02<00:00, 37.76it/s]

CommRound: 22/30
Accuracy: 88.94% | Loss: 0.5944
[############################################----------------] 73.3%
Elapsed: 16.7m | Avg/Round: 45.6s | Last: 44.0s | Next: 45.6s | Remaining: 6.1m
ETA: 08:11:32
Recent round times: R1: 41.3s -> R2: 48.0s -> R3: 40.1s -> R4: 40.9s -> R5: 44.0s

  0%|          | 0/79 [00:00<?, ?it/s]
  1%|▏         | 1/79 [00:00<00:08,  9.66it/s]
  9%|▉         | 7/79 [00:00<00:02, 32.44it/s]
 14%|█▍        | 11/79 [00:00<00:01, 34.73it/s]
 20%|██        | 16/79 [00:00<00:01, 34.36it/s]
 25%|██▌       | 20/79 [00:00<00:01, 34.19it/s]
 30%|███       | 24/79 [00:00<00:01, 35.64it/s]
 38%|███▊      | 30/79 [00:00<00:01, 37.72it/s]
 46%|████▌     | 36/79 [00:01<00:01, 38.77it/s]
 51%|█████     | 40/79 [00:01<00:01, 37.71it/s]
 56%|█████▌    | 44/79 [00:01<00:00, 37.43it/s]
 61%|██████    | 48/79 [00:01<00:00, 37.10it/s]
 68%|██████▊   | 54/79 [00:01<00:00, 38.59it/s]
 76%|███████▌  | 60/79 [00:01<00:00, 39.75it/s]
 84%|████████▎ | 66/79 [00:01<00:00, 40.68it/s]
 91%|█████████ | 72/79 [00:01<00:00, 41.44it/s]
 99%|█████████▊| 78/79 [00:02<00:00, 42.08it/s]
100%|██████████| 79/79 [00:02<00:00, 38.37it/s]

CommRound: 23/30
Accuracy: 88.97% | Loss: 0.5976
[##############################################--------------] 76.7%
Elapsed: 17.4m | Avg/Round: 45.4s | Last: 41.5s | Next: 45.4s | Remaining: 5.3m
ETA: 08:11:27
Recent round times: R1: 48.0s -> R2: 40.1s -> R3: 40.9s -> R4: 44.0s -> R5: 41.5s

  0%|          | 0/79 [00:00<?, ?it/s]
  1%|▏         | 1/79 [00:00<00:07,  9.79it/s]
  9%|▉         | 7/79 [00:00<00:02, 33.05it/s]
 15%|█▌        | 12/79 [00:00<00:01, 38.64it/s]
 20%|██        | 16/79 [00:00<00:01, 38.72it/s]
 27%|██▋       | 21/79 [00:00<00:01, 39.52it/s]
 33%|███▎      | 26/79 [00:00<00:01, 40.02it/s]
 39%|███▉      | 31/79 [00:00<00:01, 41.27it/s]
 46%|████▌     | 36/79 [00:00<00:01, 40.12it/s]
 52%|█████▏    | 41/79 [00:01<00:00, 42.60it/s]
 58%|█████▊    | 46/79 [00:01<00:00, 40.11it/s]
 65%|██████▍   | 51/79 [00:01<00:00, 42.68it/s]
 71%|███████   | 56/79 [00:01<00:00, 40.03it/s]
 78%|███████▊  | 62/79 [00:01<00:00, 40.68it/s]
 85%|████████▍ | 67/79 [00:01<00:00, 42.95it/s]
 91%|█████████ | 72/79 [00:01<00:00, 40.43it/s]
 99%|█████████▊| 78/79 [00:01<00:00, 40.99it/s]
100%|██████████| 79/79 [00:01<00:00, 40.17it/s]

CommRound: 24/30
Accuracy: 88.97% | Loss: 0.6005
[################################################------------] 80.0%
Elapsed: 18.3m | Avg/Round: 45.8s | Last: 54.0s | Next: 45.8s | Remaining: 4.6m
ETA: 08:11:37
Recent round times: R1: 40.1s -> R2: 40.9s -> R3: 44.0s -> R4: 41.5s -> R5: 54.0s

  0%|          | 0/79 [00:00<?, ?it/s]
  1%|▏         | 1/79 [00:00<00:08,  9.03it/s]
  9%|▉         | 7/79 [00:00<00:02, 31.53it/s]
 14%|█▍        | 11/79 [00:00<00:01, 34.84it/s]
 20%|██        | 16/79 [00:00<00:01, 39.93it/s]
 27%|██▋       | 21/79 [00:00<00:01, 37.71it/s]
 33%|███▎      | 26/79 [00:00<00:01, 41.24it/s]
 39%|███▉      | 31/79 [00:00<00:01, 38.50it/s]
 46%|████▌     | 36/79 [00:00<00:01, 41.62it/s]
 52%|█████▏    | 41/79 [00:01<00:00, 39.20it/s]
 58%|█████▊    | 46/79 [00:01<00:00, 41.54it/s]
 65%|██████▍   | 51/79 [00:01<00:00, 39.03it/s]
 71%|███████   | 56/79 [00:01<00:00, 41.57it/s]
 77%|███████▋  | 61/79 [00:01<00:00, 39.17it/s]
 84%|████████▎ | 66/79 [00:01<00:00, 41.44it/s]
 90%|████████▉ | 71/79 [00:01<00:00, 39.03it/s]
 96%|█████████▌| 76/79 [00:01<00:00, 40.07it/s]
100%|██████████| 79/79 [00:02<00:00, 39.04it/s]

CommRound: 25/30
Accuracy: 89.01% | Loss: 0.6033
[##################################################----------] 83.3%
Elapsed: 19.0m | Avg/Round: 45.6s | Last: 42.1s | Next: 45.6s | Remaining: 3.8m
ETA: 08:11:33
Recent round times: R1: 40.9s -> R2: 44.0s -> R3: 41.5s -> R4: 54.0s -> R5: 42.1s

  0%|          | 0/79 [00:00<?, ?it/s]
  1%|▏         | 1/79 [00:00<00:08,  9.15it/s]
  9%|▉         | 7/79 [00:00<00:02, 33.76it/s]
 15%|█▌        | 12/79 [00:00<00:01, 37.55it/s]
 20%|██        | 16/79 [00:00<00:01, 37.92it/s]
 27%|██▋       | 21/79 [00:00<00:01, 40.61it/s]
 33%|███▎      | 26/79 [00:00<00:01, 38.59it/s]
 38%|███▊      | 30/79 [00:00<00:01, 38.70it/s]
 46%|████▌     | 36/79 [00:00<00:01, 40.05it/s]
 53%|█████▎    | 42/79 [00:01<00:00, 41.05it/s]
 61%|██████    | 48/79 [00:01<00:00, 41.79it/s]
 68%|██████▊   | 54/79 [00:01<00:00, 42.25it/s]
 76%|███████▌  | 60/79 [00:01<00:00, 42.48it/s]
 82%|████████▏ | 65/79 [00:01<00:00, 43.09it/s]
 89%|████████▊ | 70/79 [00:01<00:00, 41.38it/s]
 95%|█████████▍| 75/79 [00:01<00:00, 41.94it/s]
100%|██████████| 79/79 [00:01<00:00, 40.26it/s]

CommRound: 26/30
Accuracy: 89.00% | Loss: 0.6059
[####################################################--------] 86.7%
Elapsed: 19.8m | Avg/Round: 45.7s | Last: 47.0s | Next: 45.7s | Remaining: 3.0m
ETA: 08:11:35
Recent round times: R1: 44.0s -> R2: 41.5s -> R3: 54.0s -> R4: 42.1s -> R5: 47.0s

  0%|          | 0/79 [00:00<?, ?it/s]
  1%|▏         | 1/79 [00:00<00:08,  9.36it/s]
  9%|▉         | 7/79 [00:00<00:02, 31.73it/s]
 15%|█▌        | 12/79 [00:00<00:01, 38.78it/s]
 22%|██▏       | 17/79 [00:00<00:01, 37.20it/s]
 29%|██▉       | 23/79 [00:00<00:01, 39.11it/s]
 37%|███▋      | 29/79 [00:00<00:01, 40.25it/s]
 44%|████▍     | 35/79 [00:00<00:01, 41.02it/s]
 52%|█████▏    | 41/79 [00:01<00:00, 41.56it/s]
 59%|█████▉    | 47/79 [00:01<00:00, 41.67it/s]
 67%|██████▋   | 53/79 [00:01<00:00, 42.17it/s]
 75%|███████▍  | 59/79 [00:01<00:00, 42.29it/s]
 81%|████████  | 64/79 [00:01<00:00, 43.39it/s]
 87%|████████▋ | 69/79 [00:01<00:00, 41.94it/s]
 95%|█████████▍| 75/79 [00:01<00:00, 42.24it/s]
100%|██████████| 79/79 [00:01<00:00, 41.14it/s]

CommRound: 27/30
Accuracy: 89.02% | Loss: 0.6083
[######################################################------] 90.0%
Elapsed: 20.6m | Avg/Round: 45.7s | Last: 47.2s | Next: 45.7s | Remaining: 2.3m
ETA: 08:11:36
Recent round times: R1: 41.5s -> R2: 54.0s -> R3: 42.1s -> R4: 47.0s -> R5: 47.2s

  0%|          | 0/79 [00:00<?, ?it/s]
  1%|▏         | 1/79 [00:00<00:09,  8.36it/s]
  8%|▊         | 6/79 [00:00<00:02, 29.87it/s]
 13%|█▎        | 10/79 [00:00<00:02, 32.89it/s]
 18%|█▊        | 14/79 [00:00<00:01, 34.33it/s]
 23%|██▎       | 18/79 [00:00<00:01, 35.04it/s]
 28%|██▊       | 22/79 [00:00<00:01, 35.48it/s]
 33%|███▎      | 26/79 [00:00<00:01, 36.03it/s]
 38%|███▊      | 30/79 [00:00<00:01, 36.48it/s]
 43%|████▎     | 34/79 [00:00<00:01, 36.85it/s]
 48%|████▊     | 38/79 [00:01<00:01, 36.94it/s]
 53%|█████▎    | 42/79 [00:01<00:01, 34.29it/s]
 58%|█████▊    | 46/79 [00:01<00:00, 34.81it/s]
 63%|██████▎   | 50/79 [00:01<00:00, 35.88it/s]
 68%|██████▊   | 54/79 [00:01<00:00, 36.39it/s]
 73%|███████▎  | 58/79 [00:01<00:00, 36.79it/s]
 78%|███████▊  | 62/79 [00:01<00:00, 36.97it/s]
 84%|████████▎ | 66/79 [00:01<00:00, 37.13it/s]
 89%|████████▊ | 70/79 [00:01<00:00, 37.41it/s]
 94%|█████████▎| 74/79 [00:02<00:00, 37.58it/s]
 99%|█████████▊| 78/79 [00:02<00:00, 37.83it/s]
100%|██████████| 79/79 [00:02<00:00, 35.91it/s]

CommRound: 28/30
Accuracy: 89.01% | Loss: 0.6106
[########################################################----] 93.3%
Elapsed: 21.2m | Avg/Round: 45.5s | Last: 38.7s | Next: 45.5s | Remaining: 1.5m
ETA: 08:11:29
Recent round times: R1: 54.0s -> R2: 42.1s -> R3: 47.0s -> R4: 47.2s -> R5: 38.7s

  0%|          | 0/79 [00:00<?, ?it/s]
  1%|▏         | 1/79 [00:00<00:08,  9.46it/s]
  9%|▉         | 7/79 [00:00<00:02, 31.88it/s]
 15%|█▌        | 12/79 [00:00<00:01, 38.83it/s]
 22%|██▏       | 17/79 [00:00<00:01, 36.93it/s]
 27%|██▋       | 21/79 [00:00<00:01, 37.68it/s]
 32%|███▏      | 25/79 [00:00<00:01, 38.34it/s]
 37%|███▋      | 29/79 [00:00<00:01, 38.54it/s]
 44%|████▍     | 35/79 [00:00<00:01, 40.05it/s]
 52%|█████▏    | 41/79 [00:01<00:00, 41.49it/s]
 59%|█████▉    | 47/79 [00:01<00:00, 42.31it/s]
 67%|██████▋   | 53/79 [00:01<00:00, 42.90it/s]
 75%|███████▍  | 59/79 [00:01<00:00, 43.27it/s]
 81%|████████  | 64/79 [00:01<00:00, 43.86it/s]
 87%|████████▋ | 69/79 [00:01<00:00, 42.79it/s]
 94%|█████████▎| 74/79 [00:01<00:00, 41.36it/s]
100%|██████████| 79/79 [00:01<00:00, 43.47it/s]
100%|██████████| 79/79 [00:01<00:00, 40.37it/s]

CommRound: 29/30
Accuracy: 89.04% | Loss: 0.6128
[##########################################################--] 96.7%
Elapsed: 21.9m | Avg/Round: 45.4s | Last: 43.1s | Next: 45.4s | Remaining: 0.8m
ETA: 08:11:26
Recent round times: R1: 42.1s -> R2: 47.0s -> R3: 47.2s -> R4: 38.7s -> R5: 43.1s

  0%|          | 0/79 [00:00<?, ?it/s]
  1%|▏         | 1/79 [00:00<00:08,  8.81it/s]
  9%|▉         | 7/79 [00:00<00:02, 33.56it/s]
 16%|█▋        | 13/79 [00:00<00:01, 36.69it/s]
 24%|██▍       | 19/79 [00:00<00:01, 39.26it/s]
 32%|███▏      | 25/79 [00:00<00:01, 39.87it/s]
 38%|███▊      | 30/79 [00:00<00:01, 42.46it/s]
 44%|████▍     | 35/79 [00:00<00:01, 39.82it/s]
 52%|█████▏    | 41/79 [00:01<00:00, 40.37it/s]
 59%|█████▉    | 47/79 [00:01<00:00, 40.70it/s]
 67%|██████▋   | 53/79 [00:01<00:00, 40.98it/s]
 75%|███████▍  | 59/79 [00:01<00:00, 41.15it/s]
 81%|████████  | 64/79 [00:01<00:00, 43.19it/s]
 87%|████████▋ | 69/79 [00:01<00:00, 40.79it/s]
 95%|█████████▍| 75/79 [00:01<00:00, 41.15it/s]
100%|██████████| 79/79 [00:01<00:00, 40.63it/s]

CommRound: 30/30
Accuracy: 89.04% | Loss: 0.6148
[############################################################] 100.0%
Elapsed: 22.7m | Avg/Round: 45.3s | Last: 43.9s | Next: 45.3s | Remaining: 0.0m
ETA: 08:11:25
Recent round times: R1: 47.0s -> R2: 47.2s -> R3: 38.7s -> R4: 43.1s -> R5: 43.9s
Total time for experiment: 1360.3822855949402 seconds
Device average training time per communication round [s]:
    rpi (sld-rpi-09.ece.utexas.edu): 9.95 seconds
    mc1 (sld-mc1-09.ece.utexas.edu): 42.26 seconds
