
  0%|          | 0/79 [00:00<?, ?it/s]
  3%|▎         | 2/79 [00:00<00:03, 19.60it/s]
  8%|▊         | 6/79 [00:00<00:02, 31.23it/s]
 13%|█▎        | 10/79 [00:00<00:02, 32.78it/s]
 18%|█▊        | 14/79 [00:00<00:01, 32.68it/s]
 23%|██▎       | 18/79 [00:00<00:01, 33.36it/s]
 28%|██▊       | 22/79 [00:00<00:01, 33.83it/s]
 33%|███▎      | 26/79 [00:00<00:01, 34.46it/s]
 38%|███▊      | 30/79 [00:00<00:01, 30.47it/s]
 43%|████▎     | 34/79 [00:01<00:01, 28.38it/s]
 47%|████▋     | 37/79 [00:01<00:01, 22.61it/s]
 52%|█████▏    | 41/79 [00:01<00:01, 23.79it/s]
 57%|█████▋    | 45/79 [00:01<00:01, 26.75it/s]
 62%|██████▏   | 49/79 [00:01<00:01, 25.50it/s]
 66%|██████▌   | 52/79 [00:01<00:01, 25.81it/s]
 70%|██████▉   | 55/79 [00:02<00:01, 21.60it/s]
 75%|███████▍  | 59/79 [00:02<00:00, 24.57it/s]
 80%|███████▉  | 63/79 [00:02<00:00, 27.11it/s]
 85%|████████▍ | 67/79 [00:02<00:00, 29.19it/s]
 90%|████████▉ | 71/79 [00:02<00:00, 30.76it/s]
 95%|█████████▍| 75/79 [00:02<00:00, 31.84it/s]
100%|██████████| 79/79 [00:02<00:00, 28.95it/s]
Initial Accuracy: 10.32%; Initial Loss: 2.3189

  0%|          | 0/79 [00:00<?, ?it/s]
  3%|▎         | 2/79 [00:00<00:04, 18.98it/s]
  6%|▋         | 5/79 [00:00<00:03, 20.59it/s]
 11%|█▏        | 9/79 [00:00<00:02, 26.86it/s]
 16%|█▋        | 13/79 [00:00<00:02, 30.18it/s]
 22%|██▏       | 17/79 [00:00<00:01, 31.86it/s]
 27%|██▋       | 21/79 [00:00<00:01, 32.84it/s]
 32%|███▏      | 25/79 [00:00<00:01, 32.13it/s]
 37%|███▋      | 29/79 [00:00<00:01, 33.18it/s]
 42%|████▏     | 33/79 [00:01<00:01, 33.89it/s]
 47%|████▋     | 37/79 [00:01<00:01, 34.33it/s]
 52%|█████▏    | 41/79 [00:01<00:01, 34.04it/s]
 57%|█████▋    | 45/79 [00:01<00:01, 33.12it/s]
 62%|██████▏   | 49/79 [00:01<00:00, 33.10it/s]
 67%|██████▋   | 53/79 [00:01<00:00, 33.19it/s]
 72%|███████▏  | 57/79 [00:01<00:00, 33.47it/s]
 77%|███████▋  | 61/79 [00:01<00:00, 33.21it/s]
 82%|████████▏ | 65/79 [00:02<00:00, 33.26it/s]
 87%|████████▋ | 69/79 [00:02<00:00, 32.84it/s]
 92%|█████████▏| 73/79 [00:02<00:00, 32.77it/s]
 97%|█████████▋| 77/79 [00:02<00:00, 32.98it/s]
100%|██████████| 79/79 [00:02<00:00, 32.25it/s]

CommRound: 1/30
Accuracy: 10.28% | Loss: 2.9060
[##----------------------------------------------------------] 3.3%
Elapsed: 0.2m | Avg/Round: 11.5s | Last: 8.8s | Next: 11.5s | Remaining: 5.6m
ETA: 10:50:58
Recent round times: R1: 8.8s

  0%|          | 0/79 [00:00<?, ?it/s]
  4%|▍         | 3/79 [00:00<00:03, 21.83it/s]
  9%|▉         | 7/79 [00:00<00:02, 30.41it/s]
 14%|█▍        | 11/79 [00:00<00:02, 33.82it/s]
 19%|█▉        | 15/79 [00:00<00:01, 34.63it/s]
 24%|██▍       | 19/79 [00:00<00:01, 33.36it/s]
 29%|██▉       | 23/79 [00:00<00:01, 29.54it/s]
 34%|███▍      | 27/79 [00:00<00:01, 29.77it/s]
 39%|███▉      | 31/79 [00:00<00:01, 31.61it/s]
 44%|████▍     | 35/79 [00:01<00:01, 33.56it/s]
 49%|████▉     | 39/79 [00:01<00:01, 34.90it/s]
 54%|█████▍    | 43/79 [00:01<00:01, 29.65it/s]
 59%|█████▉    | 47/79 [00:01<00:01, 24.33it/s]
 63%|██████▎   | 50/79 [00:01<00:01, 24.42it/s]
 68%|██████▊   | 54/79 [00:01<00:01, 23.68it/s]
 73%|███████▎  | 58/79 [00:02<00:00, 25.69it/s]
 78%|███████▊  | 62/79 [00:02<00:00, 27.52it/s]
 84%|████████▎ | 66/79 [00:02<00:00, 29.60it/s]
 89%|████████▊ | 70/79 [00:02<00:00, 31.40it/s]
 94%|█████████▎| 74/79 [00:02<00:00, 30.02it/s]
 99%|█████████▊| 78/79 [00:02<00:00, 30.73it/s]
100%|██████████| 79/79 [00:02<00:00, 29.49it/s]

CommRound: 2/30
Accuracy: 10.32% | Loss: 2.9985
[####--------------------------------------------------------] 6.7%
Elapsed: 0.3m | Avg/Round: 10.3s | Last: 9.2s | Next: 10.3s | Remaining: 4.8m
ETA: 10:50:23
Recent round times: R1: 8.8s -> R2: 9.2s

  0%|          | 0/79 [00:00<?, ?it/s]
  1%|▏         | 1/79 [00:00<00:08,  9.62it/s]
  6%|▋         | 5/79 [00:00<00:02, 25.84it/s]
 11%|█▏        | 9/79 [00:00<00:02, 30.05it/s]
 15%|█▌        | 12/79 [00:00<00:02, 29.41it/s]
 20%|██        | 16/79 [00:00<00:02, 30.13it/s]
 25%|██▌       | 20/79 [00:00<00:01, 30.75it/s]
 30%|███       | 24/79 [00:00<00:01, 30.84it/s]
 35%|███▌      | 28/79 [00:00<00:01, 30.74it/s]
 41%|████      | 32/79 [00:01<00:01, 31.21it/s]
 46%|████▌     | 36/79 [00:01<00:01, 31.29it/s]
 51%|█████     | 40/79 [00:01<00:01, 31.14it/s]
 56%|█████▌    | 44/79 [00:01<00:01, 31.10it/s]
 61%|██████    | 48/79 [00:01<00:00, 31.13it/s]
 66%|██████▌   | 52/79 [00:01<00:00, 31.23it/s]
 71%|███████   | 56/79 [00:01<00:00, 31.62it/s]
 76%|███████▌  | 60/79 [00:01<00:00, 31.45it/s]
 81%|████████  | 64/79 [00:02<00:00, 31.60it/s]
 86%|████████▌ | 68/79 [00:02<00:00, 31.45it/s]
 91%|█████████ | 72/79 [00:02<00:00, 31.40it/s]
 96%|█████████▌| 76/79 [00:02<00:00, 31.84it/s]
100%|██████████| 79/79 [00:02<00:00, 31.08it/s]

CommRound: 3/30
Accuracy: 10.94% | Loss: 3.0300
[######------------------------------------------------------] 10.0%
Elapsed: 0.5m | Avg/Round: 9.9s | Last: 9.0s | Next: 9.9s | Remaining: 4.5m
ETA: 10:50:10
Recent round times: R1: 8.8s -> R2: 9.2s -> R3: 9.0s

  0%|          | 0/79 [00:00<?, ?it/s]
  1%|▏         | 1/79 [00:00<00:08,  9.12it/s]
  6%|▋         | 5/79 [00:00<00:03, 21.69it/s]
 11%|█▏        | 9/79 [00:00<00:02, 25.36it/s]
 16%|█▋        | 13/79 [00:00<00:02, 27.03it/s]
 22%|██▏       | 17/79 [00:00<00:02, 27.86it/s]
 27%|██▋       | 21/79 [00:00<00:02, 28.44it/s]
 32%|███▏      | 25/79 [00:00<00:01, 29.35it/s]
 37%|███▋      | 29/79 [00:01<00:01, 29.86it/s]
 42%|████▏     | 33/79 [00:01<00:01, 30.04it/s]
 47%|████▋     | 37/79 [00:01<00:01, 30.55it/s]
 52%|█████▏    | 41/79 [00:01<00:01, 30.58it/s]
 57%|█████▋    | 45/79 [00:01<00:01, 30.38it/s]
 62%|██████▏   | 49/79 [00:01<00:00, 30.36it/s]
 67%|██████▋   | 53/79 [00:01<00:00, 30.71it/s]
 72%|███████▏  | 57/79 [00:01<00:00, 31.17it/s]
 77%|███████▋  | 61/79 [00:02<00:00, 31.17it/s]
 82%|████████▏ | 65/79 [00:02<00:00, 30.70it/s]
 87%|████████▋ | 69/79 [00:02<00:00, 30.63it/s]
 92%|█████████▏| 73/79 [00:02<00:00, 30.22it/s]
 97%|█████████▋| 77/79 [00:02<00:00, 30.18it/s]
100%|██████████| 79/79 [00:02<00:00, 29.88it/s]

CommRound: 4/30
Accuracy: 11.80% | Loss: 3.0463
[########----------------------------------------------------] 13.3%
Elapsed: 0.6m | Avg/Round: 9.7s | Last: 9.3s | Next: 9.7s | Remaining: 4.2m
ETA: 10:50:05
Recent round times: R1: 8.8s -> R2: 9.2s -> R3: 9.0s -> R4: 9.3s

  0%|          | 0/79 [00:00<?, ?it/s]
  1%|▏         | 1/79 [00:00<00:07,  9.78it/s]
  6%|▋         | 5/79 [00:00<00:03, 22.78it/s]
 11%|█▏        | 9/79 [00:00<00:02, 25.81it/s]
 16%|█▋        | 13/79 [00:00<00:02, 27.64it/s]
 22%|██▏       | 17/79 [00:00<00:02, 28.99it/s]
 27%|██▋       | 21/79 [00:00<00:01, 29.04it/s]
 32%|███▏      | 25/79 [00:00<00:01, 29.51it/s]
 37%|███▋      | 29/79 [00:01<00:01, 29.85it/s]
 42%|████▏     | 33/79 [00:01<00:01, 30.27it/s]
 47%|████▋     | 37/79 [00:01<00:01, 30.43it/s]
 52%|█████▏    | 41/79 [00:01<00:01, 30.30it/s]
 57%|█████▋    | 45/79 [00:01<00:01, 30.19it/s]
 62%|██████▏   | 49/79 [00:01<00:00, 30.34it/s]
 67%|██████▋   | 53/79 [00:01<00:00, 30.37it/s]
 72%|███████▏  | 57/79 [00:01<00:00, 30.53it/s]
 77%|███████▋  | 61/79 [00:02<00:00, 30.15it/s]
 82%|████████▏ | 65/79 [00:02<00:00, 30.00it/s]
 87%|████████▋ | 69/79 [00:02<00:00, 30.35it/s]
 92%|█████████▏| 73/79 [00:02<00:00, 31.40it/s]
 97%|█████████▋| 77/79 [00:02<00:00, 30.83it/s]
100%|██████████| 79/79 [00:02<00:00, 29.63it/s]

CommRound: 5/30
Accuracy: 12.49% | Loss: 3.0546
[##########--------------------------------------------------] 16.7%
Elapsed: 0.8m | Avg/Round: 9.6s | Last: 9.1s | Next: 9.6s | Remaining: 4.0m
ETA: 10:50:01
Recent round times: R1: 8.8s -> R2: 9.2s -> R3: 9.0s -> R4: 9.3s -> R5: 9.1s

  0%|          | 0/79 [00:00<?, ?it/s]
  1%|▏         | 1/79 [00:00<00:08,  9.30it/s]
  6%|▋         | 5/79 [00:00<00:03, 23.80it/s]
 11%|█▏        | 9/79 [00:00<00:02, 28.42it/s]
 16%|█▋        | 13/79 [00:00<00:02, 30.54it/s]
 22%|██▏       | 17/79 [00:00<00:02, 29.60it/s]
 27%|██▋       | 21/79 [00:00<00:02, 28.81it/s]
 32%|███▏      | 25/79 [00:00<00:01, 28.58it/s]
 37%|███▋      | 29/79 [00:01<00:01, 28.23it/s]
 42%|████▏     | 33/79 [00:01<00:01, 27.67it/s]
 47%|████▋     | 37/79 [00:01<00:01, 27.85it/s]
 52%|█████▏    | 41/79 [00:01<00:01, 27.66it/s]
 57%|█████▋    | 45/79 [00:01<00:01, 28.48it/s]
 62%|██████▏   | 49/79 [00:01<00:01, 29.23it/s]
 67%|██████▋   | 53/79 [00:01<00:00, 29.47it/s]
 71%|███████   | 56/79 [00:01<00:00, 28.82it/s]
 75%|███████▍  | 59/79 [00:02<00:00, 29.06it/s]
 78%|███████▊  | 62/79 [00:02<00:00, 27.93it/s]
 84%|████████▎ | 66/79 [00:02<00:00, 28.35it/s]
 89%|████████▊ | 70/79 [00:02<00:00, 28.85it/s]
 94%|█████████▎| 74/79 [00:02<00:00, 28.89it/s]
 99%|█████████▊| 78/79 [00:02<00:00, 29.06it/s]
100%|██████████| 79/79 [00:02<00:00, 28.55it/s]

CommRound: 6/30
Accuracy: 12.70% | Loss: 3.0583
[############------------------------------------------------] 20.0%
Elapsed: 1.0m | Avg/Round: 9.5s | Last: 9.0s | Next: 9.5s | Remaining: 3.8m
ETA: 10:49:58
Recent round times: R1: 9.2s -> R2: 9.0s -> R3: 9.3s -> R4: 9.1s -> R5: 9.0s

  0%|          | 0/79 [00:00<?, ?it/s]
  1%|▏         | 1/79 [00:00<00:13,  5.81it/s]
  6%|▋         | 5/79 [00:00<00:03, 19.24it/s]
 11%|█▏        | 9/79 [00:00<00:03, 23.00it/s]
 16%|█▋        | 13/79 [00:00<00:02, 26.59it/s]
 20%|██        | 16/79 [00:00<00:02, 26.92it/s]
 25%|██▌       | 20/79 [00:00<00:02, 27.91it/s]
 30%|███       | 24/79 [00:00<00:01, 28.46it/s]
 35%|███▌      | 28/79 [00:01<00:01, 29.52it/s]
 41%|████      | 32/79 [00:01<00:01, 29.78it/s]
 46%|████▌     | 36/79 [00:01<00:01, 29.46it/s]
 51%|█████     | 40/79 [00:01<00:01, 29.32it/s]
 56%|█████▌    | 44/79 [00:01<00:01, 29.18it/s]
 61%|██████    | 48/79 [00:01<00:01, 29.30it/s]
 66%|██████▌   | 52/79 [00:01<00:00, 29.52it/s]
 71%|███████   | 56/79 [00:02<00:00, 26.16it/s]
 76%|███████▌  | 60/79 [00:02<00:00, 26.80it/s]
 81%|████████  | 64/79 [00:02<00:00, 27.68it/s]
 86%|████████▌ | 68/79 [00:02<00:00, 28.86it/s]
 91%|█████████ | 72/79 [00:02<00:00, 30.19it/s]
 96%|█████████▌| 76/79 [00:02<00:00, 31.51it/s]
100%|██████████| 79/79 [00:02<00:00, 28.36it/s]

CommRound: 7/30
Accuracy: 13.04% | Loss: 3.0591
[##############----------------------------------------------] 23.3%
Elapsed: 1.1m | Avg/Round: 9.5s | Last: 9.2s | Next: 9.5s | Remaining: 3.6m
ETA: 10:49:57
Recent round times: R1: 9.0s -> R2: 9.3s -> R3: 9.1s -> R4: 9.0s -> R5: 9.2s

  0%|          | 0/79 [00:00<?, ?it/s]
  3%|▎         | 2/79 [00:00<00:04, 19.06it/s]
  6%|▋         | 5/79 [00:00<00:03, 23.93it/s]
 10%|█         | 8/79 [00:00<00:03, 19.03it/s]
 14%|█▍        | 11/79 [00:00<00:03, 19.60it/s]
 18%|█▊        | 14/79 [00:00<00:03, 17.67it/s]
 20%|██        | 16/79 [00:00<00:03, 17.32it/s]
 23%|██▎       | 18/79 [00:00<00:03, 17.07it/s]
 25%|██▌       | 20/79 [00:01<00:03, 17.03it/s]
 28%|██▊       | 22/79 [00:01<00:03, 16.83it/s]
 30%|███       | 24/79 [00:01<00:03, 16.72it/s]
 33%|███▎      | 26/79 [00:01<00:03, 16.85it/s]
 37%|███▋      | 29/79 [00:01<00:02, 19.15it/s]
 39%|███▉      | 31/79 [00:01<00:02, 18.61it/s]
 43%|████▎     | 34/79 [00:01<00:02, 17.75it/s]
 47%|████▋     | 37/79 [00:02<00:02, 19.88it/s]
 51%|█████     | 40/79 [00:02<00:02, 19.24it/s]
 53%|█████▎    | 42/79 [00:02<00:01, 19.25it/s]
 57%|█████▋    | 45/79 [00:02<00:01, 20.69it/s]
 61%|██████    | 48/79 [00:02<00:01, 19.58it/s]
 65%|██████▍   | 51/79 [00:02<00:01, 20.76it/s]
 68%|██████▊   | 54/79 [00:02<00:01, 19.93it/s]
 72%|███████▏  | 57/79 [00:02<00:01, 21.01it/s]
 76%|███████▌  | 60/79 [00:03<00:00, 20.81it/s]
 80%|███████▉  | 63/79 [00:03<00:00, 21.89it/s]
 84%|████████▎ | 66/79 [00:03<00:00, 21.23it/s]
 87%|████████▋ | 69/79 [00:03<00:00, 22.43it/s]
 91%|█████████ | 72/79 [00:03<00:00, 21.28it/s]
 95%|█████████▍| 75/79 [00:03<00:00, 22.31it/s]
 99%|█████████▊| 78/79 [00:03<00:00, 22.99it/s]
100%|██████████| 79/79 [00:03<00:00, 20.04it/s]

CommRound: 8/30
Accuracy: 13.20% | Loss: 3.0579
[################--------------------------------------------] 26.7%
Elapsed: 1.3m | Avg/Round: 9.6s | Last: 10.4s | Next: 9.6s | Remaining: 3.5m
ETA: 10:50:00
Recent round times: R1: 9.3s -> R2: 9.1s -> R3: 9.0s -> R4: 9.2s -> R5: 10.4s

  0%|          | 0/79 [00:00<?, ?it/s]
  1%|▏         | 1/79 [00:00<00:09,  8.62it/s]
  6%|▋         | 5/79 [00:00<00:03, 21.08it/s]
 10%|█         | 8/79 [00:00<00:02, 24.06it/s]
 15%|█▌        | 12/79 [00:00<00:02, 26.17it/s]
 20%|██        | 16/79 [00:00<00:02, 28.55it/s]
 25%|██▌       | 20/79 [00:00<00:02, 26.84it/s]
 30%|███       | 24/79 [00:00<00:02, 26.38it/s]
 35%|███▌      | 28/79 [00:01<00:01, 27.14it/s]
 39%|███▉      | 31/79 [00:01<00:01, 27.72it/s]
 43%|████▎     | 34/79 [00:01<00:01, 26.61it/s]
 47%|████▋     | 37/79 [00:01<00:01, 27.24it/s]
 52%|█████▏    | 41/79 [00:01<00:01, 30.19it/s]
 58%|█████▊    | 46/79 [00:01<00:01, 32.38it/s]
 65%|██████▍   | 51/79 [00:01<00:00, 35.93it/s]
 71%|███████   | 56/79 [00:01<00:00, 36.73it/s]
 77%|███████▋  | 61/79 [00:02<00:00, 38.18it/s]
 82%|████████▏ | 65/79 [00:02<00:00, 38.03it/s]
 87%|████████▋ | 69/79 [00:02<00:00, 38.07it/s]
 92%|█████████▏| 73/79 [00:02<00:00, 38.46it/s]
 97%|█████████▋| 77/79 [00:02<00:00, 38.40it/s]
100%|██████████| 79/79 [00:02<00:00, 31.84it/s]

CommRound: 9/30
Accuracy: 13.26% | Loss: 3.0554
[##################------------------------------------------] 30.0%
Elapsed: 1.4m | Avg/Round: 9.5s | Last: 9.1s | Next: 9.5s | Remaining: 3.3m
ETA: 10:49:59
Recent round times: R1: 9.1s -> R2: 9.0s -> R3: 9.2s -> R4: 10.4s -> R5: 9.1s

  0%|          | 0/79 [00:00<?, ?it/s]
  3%|▎         | 2/79 [00:00<00:04, 17.83it/s]
  8%|▊         | 6/79 [00:00<00:02, 29.88it/s]
 13%|█▎        | 10/79 [00:00<00:02, 32.86it/s]
 18%|█▊        | 14/79 [00:00<00:01, 33.36it/s]
 23%|██▎       | 18/79 [00:00<00:01, 33.66it/s]
 28%|██▊       | 22/79 [00:00<00:01, 33.59it/s]
 33%|███▎      | 26/79 [00:00<00:01, 30.11it/s]
 38%|███▊      | 30/79 [00:00<00:01, 30.00it/s]
 43%|████▎     | 34/79 [00:01<00:01, 26.59it/s]
 47%|████▋     | 37/79 [00:01<00:01, 25.74it/s]
 52%|█████▏    | 41/79 [00:01<00:01, 24.45it/s]
 56%|█████▌    | 44/79 [00:01<00:01, 22.00it/s]
 59%|█████▉    | 47/79 [00:01<00:01, 23.38it/s]
 65%|██████▍   | 51/79 [00:01<00:01, 25.81it/s]
 70%|██████▉   | 55/79 [00:02<00:00, 27.36it/s]
 75%|███████▍  | 59/79 [00:02<00:00, 28.26it/s]
 78%|███████▊  | 62/79 [00:02<00:00, 26.23it/s]
 84%|████████▎ | 66/79 [00:02<00:00, 27.29it/s]
 87%|████████▋ | 69/79 [00:02<00:00, 25.86it/s]
 91%|█████████ | 72/79 [00:02<00:00, 22.20it/s]
 96%|█████████▌| 76/79 [00:02<00:00, 22.51it/s]
100%|██████████| 79/79 [00:03<00:00, 22.41it/s]
100%|██████████| 79/79 [00:03<00:00, 25.87it/s]

CommRound: 10/30
Accuracy: 13.31% | Loss: 3.0523
[####################----------------------------------------] 33.3%
Elapsed: 1.6m | Avg/Round: 9.5s | Last: 9.5s | Next: 9.5s | Remaining: 3.2m
ETA: 10:49:58
Recent round times: R1: 9.0s -> R2: 9.2s -> R3: 10.4s -> R4: 9.1s -> R5: 9.5s

  0%|          | 0/79 [00:00<?, ?it/s]
  1%|▏         | 1/79 [00:00<00:13,  5.98it/s]
  8%|▊         | 6/79 [00:00<00:03, 19.84it/s]
 10%|█         | 8/79 [00:00<00:03, 19.09it/s]
 15%|█▌        | 12/79 [00:00<00:03, 20.34it/s]
 19%|█▉        | 15/79 [00:00<00:02, 21.78it/s]
 23%|██▎       | 18/79 [00:00<00:02, 23.68it/s]
 27%|██▋       | 21/79 [00:00<00:02, 23.41it/s]
 30%|███       | 24/79 [00:01<00:02, 19.72it/s]
 34%|███▍      | 27/79 [00:01<00:02, 20.45it/s]
 38%|███▊      | 30/79 [00:01<00:02, 21.70it/s]
 43%|████▎     | 34/79 [00:01<00:01, 22.89it/s]
 47%|████▋     | 37/79 [00:01<00:01, 24.01it/s]
 51%|█████     | 40/79 [00:01<00:01, 23.90it/s]
 56%|█████▌    | 44/79 [00:02<00:01, 24.26it/s]
 61%|██████    | 48/79 [00:02<00:01, 21.49it/s]
 65%|██████▍   | 51/79 [00:02<00:01, 21.60it/s]
 68%|██████▊   | 54/79 [00:02<00:01, 17.43it/s]
 71%|███████   | 56/79 [00:02<00:01, 16.84it/s]
 73%|███████▎  | 58/79 [00:02<00:01, 16.59it/s]
 76%|███████▌  | 60/79 [00:03<00:01, 16.12it/s]
 78%|███████▊  | 62/79 [00:03<00:01, 16.03it/s]
 82%|████████▏ | 65/79 [00:03<00:00, 19.16it/s]
 86%|████████▌ | 68/79 [00:03<00:00, 20.87it/s]
 90%|████████▉ | 71/79 [00:03<00:00, 21.13it/s]
 95%|█████████▍| 75/79 [00:03<00:00, 22.32it/s]
100%|██████████| 79/79 [00:03<00:00, 20.90it/s]

CommRound: 11/30
Accuracy: 13.36% | Loss: 3.0488
[######################--------------------------------------] 36.7%
Elapsed: 1.8m | Avg/Round: 9.6s | Last: 10.3s | Next: 9.6s | Remaining: 3.0m
ETA: 10:50:00
Recent round times: R1: 9.2s -> R2: 10.4s -> R3: 9.1s -> R4: 9.5s -> R5: 10.3s

  0%|          | 0/79 [00:00<?, ?it/s]
  1%|▏         | 1/79 [00:00<00:16,  4.85it/s]
  6%|▋         | 5/79 [00:00<00:05, 13.81it/s]
 11%|█▏        | 9/79 [00:00<00:03, 19.31it/s]
 15%|█▌        | 12/79 [00:00<00:03, 20.98it/s]
 19%|█▉        | 15/79 [00:00<00:03, 17.27it/s]
 22%|██▏       | 17/79 [00:01<00:03, 17.04it/s]
 25%|██▌       | 20/79 [00:01<00:02, 19.94it/s]
 29%|██▉       | 23/79 [00:01<00:02, 20.01it/s]
 33%|███▎      | 26/79 [00:01<00:02, 19.44it/s]
 37%|███▋      | 29/79 [00:01<00:02, 17.50it/s]
 42%|████▏     | 33/79 [00:01<00:02, 20.97it/s]
 46%|████▌     | 36/79 [00:01<00:01, 22.59it/s]
 51%|█████     | 40/79 [00:02<00:01, 22.77it/s]
 56%|█████▌    | 44/79 [00:02<00:01, 22.73it/s]
 61%|██████    | 48/79 [00:02<00:01, 23.32it/s]
 65%|██████▍   | 51/79 [00:02<00:01, 24.28it/s]
 68%|██████▊   | 54/79 [00:02<00:01, 22.15it/s]
 73%|███████▎  | 58/79 [00:02<00:00, 24.23it/s]
 78%|███████▊  | 62/79 [00:02<00:00, 24.80it/s]
 84%|████████▎ | 66/79 [00:03<00:00, 25.68it/s]
 89%|████████▊ | 70/79 [00:03<00:00, 25.67it/s]
 94%|█████████▎| 74/79 [00:03<00:00, 25.17it/s]
 99%|█████████▊| 78/79 [00:03<00:00, 26.48it/s]
100%|██████████| 79/79 [00:03<00:00, 22.12it/s]

CommRound: 12/30
Accuracy: 13.37% | Loss: 3.0452
[########################------------------------------------] 40.0%
Elapsed: 1.9m | Avg/Round: 9.6s | Last: 10.1s | Next: 9.6s | Remaining: 2.9m
ETA: 10:50:02
Recent round times: R1: 10.4s -> R2: 9.1s -> R3: 9.5s -> R4: 10.3s -> R5: 10.1s

  0%|          | 0/79 [00:00<?, ?it/s]
  1%|▏         | 1/79 [00:00<00:11,  6.86it/s]
  5%|▌         | 4/79 [00:00<00:04, 17.26it/s]
 10%|█         | 8/79 [00:00<00:03, 21.81it/s]
 15%|█▌        | 12/79 [00:00<00:02, 24.53it/s]
 20%|██        | 16/79 [00:00<00:02, 26.24it/s]
 25%|██▌       | 20/79 [00:00<00:02, 24.11it/s]
 30%|███       | 24/79 [00:01<00:02, 24.22it/s]
 35%|███▌      | 28/79 [00:01<00:01, 25.67it/s]
 41%|████      | 32/79 [00:01<00:01, 26.63it/s]
 46%|████▌     | 36/79 [00:01<00:01, 27.34it/s]
 51%|█████     | 40/79 [00:01<00:01, 27.71it/s]
 56%|█████▌    | 44/79 [00:01<00:01, 28.15it/s]
 61%|██████    | 48/79 [00:01<00:01, 27.03it/s]
 66%|██████▌   | 52/79 [00:02<00:01, 25.97it/s]
 71%|███████   | 56/79 [00:02<00:00, 25.53it/s]
 76%|███████▌  | 60/79 [00:02<00:00, 25.23it/s]
 81%|████████  | 64/79 [00:02<00:00, 25.46it/s]
 86%|████████▌ | 68/79 [00:02<00:00, 24.67it/s]
 91%|█████████ | 72/79 [00:02<00:00, 23.96it/s]
 96%|█████████▌| 76/79 [00:03<00:00, 24.24it/s]
100%|██████████| 79/79 [00:03<00:00, 25.21it/s]

CommRound: 13/30
Accuracy: 13.41% | Loss: 3.0414
[##########################----------------------------------] 43.3%
Elapsed: 2.1m | Avg/Round: 9.7s | Last: 10.0s | Next: 9.7s | Remaining: 2.7m
ETA: 10:50:03
Recent round times: R1: 9.1s -> R2: 9.5s -> R3: 10.3s -> R4: 10.1s -> R5: 10.0s

  0%|          | 0/79 [00:00<?, ?it/s]
  1%|▏         | 1/79 [00:00<00:11,  6.65it/s]
  6%|▋         | 5/79 [00:00<00:04, 15.21it/s]
 11%|█▏        | 9/79 [00:00<00:03, 20.06it/s]
 15%|█▌        | 12/79 [00:00<00:03, 20.48it/s]
 19%|█▉        | 15/79 [00:00<00:02, 21.80it/s]
 23%|██▎       | 18/79 [00:00<00:03, 19.62it/s]
 27%|██▋       | 21/79 [00:01<00:02, 21.60it/s]
 30%|███       | 24/79 [00:01<00:02, 19.62it/s]
 34%|███▍      | 27/79 [00:01<00:02, 18.66it/s]
 37%|███▋      | 29/79 [00:01<00:02, 18.19it/s]
 41%|████      | 32/79 [00:01<00:02, 20.54it/s]
 44%|████▍     | 35/79 [00:01<00:02, 20.84it/s]
 49%|████▉     | 39/79 [00:01<00:01, 22.34it/s]
 54%|█████▍    | 43/79 [00:02<00:01, 22.86it/s]
 59%|█████▉    | 47/79 [00:02<00:01, 23.23it/s]
 65%|██████▍   | 51/79 [00:02<00:01, 25.20it/s]
 70%|██████▉   | 55/79 [00:02<00:00, 26.83it/s]
 75%|███████▍  | 59/79 [00:02<00:00, 27.88it/s]
 80%|███████▉  | 63/79 [00:02<00:00, 28.73it/s]
 84%|████████▎ | 66/79 [00:02<00:00, 28.12it/s]
 87%|████████▋ | 69/79 [00:03<00:00, 27.78it/s]
 91%|█████████ | 72/79 [00:03<00:00, 25.26it/s]
 95%|█████████▍| 75/79 [00:03<00:00, 23.72it/s]
100%|██████████| 79/79 [00:03<00:00, 23.02it/s]

CommRound: 14/30
Accuracy: 13.41% | Loss: 3.0378
[############################--------------------------------] 46.7%
Elapsed: 2.3m | Avg/Round: 9.7s | Last: 9.8s | Next: 9.7s | Remaining: 2.6m
ETA: 10:50:03
Recent round times: R1: 9.5s -> R2: 10.3s -> R3: 10.1s -> R4: 10.0s -> R5: 9.8s

  0%|          | 0/79 [00:00<?, ?it/s]
  1%|▏         | 1/79 [00:00<00:12,  6.09it/s]
  5%|▌         | 4/79 [00:00<00:04, 16.76it/s]
  9%|▉         | 7/79 [00:00<00:03, 18.31it/s]
 14%|█▍        | 11/79 [00:00<00:03, 20.88it/s]
 18%|█▊        | 14/79 [00:00<00:03, 21.46it/s]
 23%|██▎       | 18/79 [00:00<00:02, 24.73it/s]
 27%|██▋       | 21/79 [00:00<00:02, 23.58it/s]
 30%|███       | 24/79 [00:01<00:02, 24.63it/s]
 34%|███▍      | 27/79 [00:01<00:02, 23.97it/s]
 38%|███▊      | 30/79 [00:01<00:02, 22.76it/s]
 43%|████▎     | 34/79 [00:01<00:02, 20.62it/s]
 47%|████▋     | 37/79 [00:01<00:02, 18.82it/s]
 53%|█████▎    | 42/79 [00:01<00:01, 22.17it/s]
 57%|█████▋    | 45/79 [00:02<00:01, 23.51it/s]
 61%|██████    | 48/79 [00:02<00:01, 23.49it/s]
 66%|██████▌   | 52/79 [00:02<00:01, 23.58it/s]
 71%|███████   | 56/79 [00:02<00:00, 24.31it/s]
 76%|███████▌  | 60/79 [00:02<00:00, 24.82it/s]
 81%|████████  | 64/79 [00:02<00:00, 25.31it/s]
 86%|████████▌ | 68/79 [00:02<00:00, 25.66it/s]
 91%|█████████ | 72/79 [00:03<00:00, 26.28it/s]
 96%|█████████▌| 76/79 [00:03<00:00, 26.87it/s]
100%|██████████| 79/79 [00:03<00:00, 23.67it/s]

CommRound: 15/30
Accuracy: 13.43% | Loss: 3.0345
[##############################------------------------------] 50.0%
Elapsed: 2.4m | Avg/Round: 9.7s | Last: 9.8s | Next: 9.7s | Remaining: 2.4m
ETA: 10:50:03
Recent round times: R1: 10.3s -> R2: 10.1s -> R3: 10.0s -> R4: 9.8s -> R5: 9.8s

  0%|          | 0/79 [00:00<?, ?it/s]
  1%|▏         | 1/79 [00:00<00:12,  6.33it/s]
  4%|▍         | 3/79 [00:00<00:06, 12.34it/s]
  9%|▉         | 7/79 [00:00<00:03, 18.03it/s]
 14%|█▍        | 11/79 [00:00<00:03, 21.03it/s]
 18%|█▊        | 14/79 [00:00<00:02, 22.19it/s]
 22%|██▏       | 17/79 [00:00<00:02, 22.77it/s]
 27%|██▋       | 21/79 [00:01<00:02, 22.97it/s]
 32%|███▏      | 25/79 [00:01<00:02, 26.58it/s]
 37%|███▋      | 29/79 [00:01<00:01, 27.21it/s]
 41%|████      | 32/79 [00:01<00:01, 27.24it/s]
 44%|████▍     | 35/79 [00:01<00:01, 24.31it/s]
 48%|████▊     | 38/79 [00:01<00:01, 25.02it/s]
 52%|█████▏    | 41/79 [00:01<00:01, 21.02it/s]
 56%|█████▌    | 44/79 [00:01<00:01, 22.77it/s]
 59%|█████▉    | 47/79 [00:02<00:01, 22.97it/s]
 65%|██████▍   | 51/79 [00:02<00:01, 24.09it/s]
 70%|██████▉   | 55/79 [00:02<00:01, 23.57it/s]
 73%|███████▎  | 58/79 [00:02<00:00, 24.60it/s]
 77%|███████▋  | 61/79 [00:02<00:00, 22.13it/s]
 81%|████████  | 64/79 [00:02<00:00, 23.44it/s]
 85%|████████▍ | 67/79 [00:02<00:00, 21.43it/s]
 89%|████████▊ | 70/79 [00:03<00:00, 22.97it/s]
 92%|█████████▏| 73/79 [00:03<00:00, 21.61it/s]
 96%|█████████▌| 76/79 [00:03<00:00, 23.01it/s]
100%|██████████| 79/79 [00:03<00:00, 24.41it/s]
100%|██████████| 79/79 [00:03<00:00, 22.85it/s]

CommRound: 16/30
Accuracy: 13.47% | Loss: 3.0313
[################################----------------------------] 53.3%
Elapsed: 2.6m | Avg/Round: 9.7s | Last: 9.9s | Next: 9.7s | Remaining: 2.3m
ETA: 10:50:04
Recent round times: R1: 10.1s -> R2: 10.0s -> R3: 9.8s -> R4: 9.8s -> R5: 9.9s

  0%|          | 0/79 [00:00<?, ?it/s]
  1%|▏         | 1/79 [00:00<00:13,  5.68it/s]
  4%|▍         | 3/79 [00:00<00:06, 11.68it/s]
  6%|▋         | 5/79 [00:00<00:06, 12.06it/s]
  9%|▉         | 7/79 [00:00<00:06, 11.31it/s]
 14%|█▍        | 11/79 [00:00<00:04, 13.85it/s]
 19%|█▉        | 15/79 [00:01<00:03, 16.77it/s]
 22%|██▏       | 17/79 [00:01<00:03, 16.96it/s]
 25%|██▌       | 20/79 [00:01<00:02, 19.78it/s]
 29%|██▉       | 23/79 [00:01<00:02, 18.77it/s]
 33%|███▎      | 26/79 [00:01<00:02, 21.27it/s]
 37%|███▋      | 29/79 [00:01<00:02, 19.48it/s]
 41%|████      | 32/79 [00:01<00:02, 21.43it/s]
 44%|████▍     | 35/79 [00:02<00:02, 19.92it/s]
 48%|████▊     | 38/79 [00:02<00:01, 21.71it/s]
 52%|█████▏    | 41/79 [00:02<00:01, 22.76it/s]
 57%|█████▋    | 45/79 [00:02<00:01, 24.22it/s]
 62%|██████▏   | 49/79 [00:02<00:01, 25.99it/s]
 67%|██████▋   | 53/79 [00:02<00:01, 25.40it/s]
 71%|███████   | 56/79 [00:02<00:00, 25.90it/s]
 75%|███████▍  | 59/79 [00:02<00:00, 21.94it/s]
 78%|███████▊  | 62/79 [00:03<00:00, 23.01it/s]
 82%|████████▏ | 65/79 [00:03<00:00, 21.28it/s]
 87%|████████▋ | 69/79 [00:03<00:00, 21.37it/s]
 91%|█████████ | 72/79 [00:03<00:00, 22.79it/s]
 95%|█████████▍| 75/79 [00:03<00:00, 21.39it/s]
100%|██████████| 79/79 [00:03<00:00, 20.66it/s]

CommRound: 17/30
Accuracy: 13.46% | Loss: 3.0283
[##################################--------------------------] 56.7%
Elapsed: 2.8m | Avg/Round: 9.7s | Last: 10.3s | Next: 9.7s | Remaining: 2.1m
ETA: 10:50:05
Recent round times: R1: 10.0s -> R2: 9.8s -> R3: 9.8s -> R4: 9.9s -> R5: 10.3s

  0%|          | 0/79 [00:00<?, ?it/s]
  1%|▏         | 1/79 [00:00<00:09,  8.33it/s]
  6%|▋         | 5/79 [00:00<00:03, 20.36it/s]
 11%|█▏        | 9/79 [00:00<00:02, 23.88it/s]
 16%|█▋        | 13/79 [00:00<00:02, 24.77it/s]
 20%|██        | 16/79 [00:00<00:02, 26.08it/s]
 24%|██▍       | 19/79 [00:00<00:02, 23.53it/s]
 28%|██▊       | 22/79 [00:00<00:02, 24.65it/s]
 32%|███▏      | 25/79 [00:01<00:02, 21.67it/s]
 37%|███▋      | 29/79 [00:01<00:02, 22.01it/s]
 43%|████▎     | 34/79 [00:01<00:01, 28.07it/s]
 48%|████▊     | 38/79 [00:01<00:01, 27.40it/s]
 52%|█████▏    | 41/79 [00:01<00:01, 27.38it/s]
 56%|█████▌    | 44/79 [00:01<00:01, 25.40it/s]
 59%|█████▉    | 47/79 [00:01<00:01, 25.02it/s]
 63%|██████▎   | 50/79 [00:02<00:01, 21.69it/s]
 68%|██████▊   | 54/79 [00:02<00:01, 22.05it/s]
 72%|███████▏  | 57/79 [00:02<00:00, 23.39it/s]
 76%|███████▌  | 60/79 [00:02<00:00, 22.06it/s]
 81%|████████  | 64/79 [00:02<00:00, 21.88it/s]
 85%|████████▍ | 67/79 [00:02<00:00, 23.33it/s]
 89%|████████▊ | 70/79 [00:03<00:00, 21.50it/s]
 92%|█████████▏| 73/79 [00:03<00:00, 23.36it/s]
 96%|█████████▌| 76/79 [00:03<00:00, 21.64it/s]
100%|██████████| 79/79 [00:03<00:00, 23.62it/s]

CommRound: 18/30
Accuracy: 13.46% | Loss: 3.0253
[####################################------------------------] 60.0%
Elapsed: 2.9m | Avg/Round: 9.7s | Last: 9.8s | Next: 9.7s | Remaining: 1.9m
ETA: 10:50:05
Recent round times: R1: 9.8s -> R2: 9.8s -> R3: 9.9s -> R4: 10.3s -> R5: 9.8s

  0%|          | 0/79 [00:00<?, ?it/s]
  3%|▎         | 2/79 [00:00<00:03, 19.75it/s]
  8%|▊         | 6/79 [00:00<00:02, 29.64it/s]
 13%|█▎        | 10/79 [00:00<00:02, 32.53it/s]
 18%|█▊        | 14/79 [00:00<00:01, 34.23it/s]
 23%|██▎       | 18/79 [00:00<00:01, 35.03it/s]
 28%|██▊       | 22/79 [00:00<00:01, 35.00it/s]
 33%|███▎      | 26/79 [00:00<00:01, 35.90it/s]
 38%|███▊      | 30/79 [00:00<00:01, 36.49it/s]
 43%|████▎     | 34/79 [00:00<00:01, 36.86it/s]
 48%|████▊     | 38/79 [00:01<00:01, 36.05it/s]
 53%|█████▎    | 42/79 [00:01<00:01, 36.72it/s]
 58%|█████▊    | 46/79 [00:01<00:00, 37.29it/s]
 63%|██████▎   | 50/79 [00:01<00:00, 37.18it/s]
 68%|██████▊   | 54/79 [00:01<00:00, 36.76it/s]
 73%|███████▎  | 58/79 [00:01<00:00, 33.02it/s]
 78%|███████▊  | 62/79 [00:01<00:00, 34.34it/s]
 84%|████████▎ | 66/79 [00:01<00:00, 34.59it/s]
 89%|████████▊ | 70/79 [00:02<00:00, 34.64it/s]
 94%|█████████▎| 74/79 [00:02<00:00, 34.69it/s]
 99%|█████████▊| 78/79 [00:02<00:00, 32.64it/s]
100%|██████████| 79/79 [00:02<00:00, 34.59it/s]

CommRound: 19/30
Accuracy: 13.46% | Loss: 3.0229
[######################################----------------------] 63.3%
Elapsed: 3.1m | Avg/Round: 9.7s | Last: 8.8s | Next: 9.7s | Remaining: 1.8m
ETA: 10:50:03
Recent round times: R1: 9.8s -> R2: 9.9s -> R3: 10.3s -> R4: 9.8s -> R5: 8.8s

  0%|          | 0/79 [00:00<?, ?it/s]
  1%|▏         | 1/79 [00:00<00:08,  9.60it/s]
  6%|▋         | 5/79 [00:00<00:02, 25.73it/s]
 11%|█▏        | 9/79 [00:00<00:02, 29.78it/s]
 16%|█▋        | 13/79 [00:00<00:02, 31.88it/s]
 22%|██▏       | 17/79 [00:00<00:01, 33.12it/s]
 27%|██▋       | 21/79 [00:00<00:01, 34.11it/s]
 32%|███▏      | 25/79 [00:00<00:01, 34.62it/s]
 37%|███▋      | 29/79 [00:00<00:01, 34.69it/s]
 42%|████▏     | 33/79 [00:01<00:01, 34.80it/s]
 47%|████▋     | 37/79 [00:01<00:01, 35.21it/s]
 52%|█████▏    | 41/79 [00:01<00:01, 35.60it/s]
 57%|█████▋    | 45/79 [00:01<00:00, 35.71it/s]
 62%|██████▏   | 49/79 [00:01<00:00, 35.39it/s]
 67%|██████▋   | 53/79 [00:01<00:00, 35.70it/s]
 72%|███████▏  | 57/79 [00:01<00:00, 35.30it/s]
 77%|███████▋  | 61/79 [00:01<00:00, 35.35it/s]
 82%|████████▏ | 65/79 [00:01<00:00, 35.51it/s]
 87%|████████▋ | 69/79 [00:02<00:00, 35.43it/s]
 92%|█████████▏| 73/79 [00:02<00:00, 31.96it/s]
 97%|█████████▋| 77/79 [00:02<00:00, 28.05it/s]
100%|██████████| 79/79 [00:02<00:00, 33.11it/s]

CommRound: 20/30
Accuracy: 13.49% | Loss: 3.0198
[########################################--------------------] 66.7%
Elapsed: 3.2m | Avg/Round: 9.7s | Last: 9.0s | Next: 9.7s | Remaining: 1.6m
ETA: 10:50:02
Recent round times: R1: 9.9s -> R2: 10.3s -> R3: 9.8s -> R4: 8.8s -> R5: 9.0s

  0%|          | 0/79 [00:00<?, ?it/s]
  3%|▎         | 2/79 [00:00<00:03, 19.59it/s]
  6%|▋         | 5/79 [00:00<00:03, 24.39it/s]
 11%|█▏        | 9/79 [00:00<00:02, 29.17it/s]
 16%|█▋        | 13/79 [00:00<00:02, 31.47it/s]
 22%|██▏       | 17/79 [00:00<00:01, 32.78it/s]
 27%|██▋       | 21/79 [00:00<00:01, 33.77it/s]
 32%|███▏      | 25/79 [00:00<00:01, 33.98it/s]
 37%|███▋      | 29/79 [00:00<00:01, 34.30it/s]
 42%|████▏     | 33/79 [00:01<00:01, 34.67it/s]
 47%|████▋     | 37/79 [00:01<00:01, 35.00it/s]
 52%|█████▏    | 41/79 [00:01<00:01, 35.02it/s]
 57%|█████▋    | 45/79 [00:01<00:00, 35.20it/s]
 62%|██████▏   | 49/79 [00:01<00:00, 35.25it/s]
 67%|██████▋   | 53/79 [00:01<00:00, 35.17it/s]
 72%|███████▏  | 57/79 [00:01<00:00, 35.24it/s]
 77%|███████▋  | 61/79 [00:01<00:00, 35.31it/s]
 82%|████████▏ | 65/79 [00:01<00:00, 35.12it/s]
 87%|████████▋ | 69/79 [00:02<00:00, 35.19it/s]
 92%|█████████▏| 73/79 [00:02<00:00, 33.84it/s]
 97%|█████████▋| 77/79 [00:02<00:00, 34.15it/s]
100%|██████████| 79/79 [00:02<00:00, 34.34it/s]

CommRound: 21/30
Accuracy: 13.50% | Loss: 3.0175
[##########################################------------------] 70.0%
Elapsed: 3.4m | Avg/Round: 9.6s | Last: 8.7s | Next: 9.6s | Remaining: 1.4m
ETA: 10:50:01
Recent round times: R1: 10.3s -> R2: 9.8s -> R3: 8.8s -> R4: 9.0s -> R5: 8.7s

  0%|          | 0/79 [00:00<?, ?it/s]
  3%|▎         | 2/79 [00:00<00:04, 18.31it/s]
  8%|▊         | 6/79 [00:00<00:02, 28.66it/s]
 13%|█▎        | 10/79 [00:00<00:02, 31.07it/s]
 18%|█▊        | 14/79 [00:00<00:02, 32.40it/s]
 23%|██▎       | 18/79 [00:00<00:01, 32.89it/s]
 28%|██▊       | 22/79 [00:00<00:01, 33.80it/s]
 33%|███▎      | 26/79 [00:00<00:01, 34.36it/s]
 38%|███▊      | 30/79 [00:00<00:01, 34.30it/s]
 43%|████▎     | 34/79 [00:01<00:01, 34.42it/s]
 48%|████▊     | 38/79 [00:01<00:01, 31.12it/s]
 53%|█████▎    | 42/79 [00:01<00:01, 32.25it/s]
 58%|█████▊    | 46/79 [00:01<00:01, 32.81it/s]
 63%|██████▎   | 50/79 [00:01<00:00, 33.47it/s]
 68%|██████▊   | 54/79 [00:01<00:00, 33.68it/s]
 73%|███████▎  | 58/79 [00:01<00:00, 33.92it/s]
 78%|███████▊  | 62/79 [00:01<00:00, 34.02it/s]
 84%|████████▎ | 66/79 [00:01<00:00, 34.09it/s]
 89%|████████▊ | 70/79 [00:02<00:00, 34.17it/s]
 94%|█████████▎| 74/79 [00:02<00:00, 34.49it/s]
 99%|█████████▊| 78/79 [00:02<00:00, 35.37it/s]
100%|██████████| 79/79 [00:02<00:00, 33.58it/s]

CommRound: 22/30
Accuracy: 13.51% | Loss: 3.0151
[############################################----------------] 73.3%
Elapsed: 3.5m | Avg/Round: 9.6s | Last: 8.8s | Next: 9.6s | Remaining: 1.3m
ETA: 10:50:00
Recent round times: R1: 9.8s -> R2: 8.8s -> R3: 9.0s -> R4: 8.7s -> R5: 8.8s

  0%|          | 0/79 [00:00<?, ?it/s]
  1%|▏         | 1/79 [00:00<00:08,  9.63it/s]
  6%|▋         | 5/79 [00:00<00:02, 25.45it/s]
 11%|█▏        | 9/79 [00:00<00:02, 29.85it/s]
 16%|█▋        | 13/79 [00:00<00:02, 31.82it/s]
 22%|██▏       | 17/79 [00:00<00:01, 32.96it/s]
 27%|██▋       | 21/79 [00:00<00:01, 33.51it/s]
 32%|███▏      | 25/79 [00:00<00:01, 33.62it/s]
 37%|███▋      | 29/79 [00:00<00:01, 33.50it/s]
 42%|████▏     | 33/79 [00:01<00:01, 30.53it/s]
 47%|████▋     | 37/79 [00:01<00:01, 26.49it/s]
 52%|█████▏    | 41/79 [00:01<00:01, 27.05it/s]
 57%|█████▋    | 45/79 [00:01<00:01, 29.40it/s]
 62%|██████▏   | 49/79 [00:01<00:00, 31.17it/s]
 67%|██████▋   | 53/79 [00:01<00:00, 32.40it/s]
 72%|███████▏  | 57/79 [00:01<00:00, 33.30it/s]
 77%|███████▋  | 61/79 [00:01<00:00, 34.20it/s]
 82%|████████▏ | 65/79 [00:02<00:00, 34.30it/s]
 87%|████████▋ | 69/79 [00:02<00:00, 34.77it/s]
 92%|█████████▏| 73/79 [00:02<00:00, 35.01it/s]
 97%|█████████▋| 77/79 [00:02<00:00, 35.60it/s]
100%|██████████| 79/79 [00:02<00:00, 32.47it/s]

CommRound: 23/30
Accuracy: 13.51% | Loss: 3.0134
[##############################################--------------] 76.7%
Elapsed: 3.7m | Avg/Round: 9.6s | Last: 9.0s | Next: 9.6s | Remaining: 1.1m
ETA: 10:49:59
Recent round times: R1: 8.8s -> R2: 9.0s -> R3: 8.7s -> R4: 8.8s -> R5: 9.0s

  0%|          | 0/79 [00:00<?, ?it/s]
  3%|▎         | 2/79 [00:00<00:04, 18.21it/s]
  8%|▊         | 6/79 [00:00<00:02, 29.61it/s]
 11%|█▏        | 9/79 [00:00<00:02, 28.70it/s]
 16%|█▋        | 13/79 [00:00<00:02, 30.99it/s]
 22%|██▏       | 17/79 [00:00<00:01, 32.54it/s]
 27%|██▋       | 21/79 [00:00<00:01, 33.16it/s]
 32%|███▏      | 25/79 [00:00<00:01, 33.71it/s]
 37%|███▋      | 29/79 [00:00<00:01, 33.95it/s]
 42%|████▏     | 33/79 [00:01<00:01, 33.90it/s]
 47%|████▋     | 37/79 [00:01<00:01, 34.09it/s]
 52%|█████▏    | 41/79 [00:01<00:01, 34.18it/s]
 57%|█████▋    | 45/79 [00:01<00:00, 34.20it/s]
 62%|██████▏   | 49/79 [00:01<00:00, 34.43it/s]
 67%|██████▋   | 53/79 [00:01<00:00, 34.32it/s]
 72%|███████▏  | 57/79 [00:01<00:00, 34.49it/s]
 77%|███████▋  | 61/79 [00:01<00:00, 34.33it/s]
 82%|████████▏ | 65/79 [00:01<00:00, 34.52it/s]
 87%|████████▋ | 69/79 [00:02<00:00, 34.15it/s]
 92%|█████████▏| 73/79 [00:02<00:00, 34.20it/s]
 97%|█████████▋| 77/79 [00:02<00:00, 34.44it/s]
100%|██████████| 79/79 [00:02<00:00, 34.00it/s]

CommRound: 24/30
Accuracy: 13.55% | Loss: 3.0104
[################################################------------] 80.0%
Elapsed: 3.8m | Avg/Round: 9.5s | Last: 8.8s | Next: 9.5s | Remaining: 1.0m
ETA: 10:49:58
Recent round times: R1: 9.0s -> R2: 8.7s -> R3: 8.8s -> R4: 9.0s -> R5: 8.8s

  0%|          | 0/79 [00:00<?, ?it/s]
  4%|▍         | 3/79 [00:00<00:03, 20.87it/s]
  9%|▉         | 7/79 [00:00<00:02, 28.63it/s]
 14%|█▍        | 11/79 [00:00<00:02, 31.54it/s]
 19%|█▉        | 15/79 [00:00<00:01, 32.90it/s]
 24%|██▍       | 19/79 [00:00<00:01, 33.89it/s]
 29%|██▉       | 23/79 [00:00<00:01, 33.91it/s]
 34%|███▍      | 27/79 [00:00<00:01, 32.47it/s]
 39%|███▉      | 31/79 [00:00<00:01, 31.57it/s]
 44%|████▍     | 35/79 [00:01<00:01, 32.28it/s]
 49%|████▉     | 39/79 [00:01<00:01, 32.60it/s]
 54%|█████▍    | 43/79 [00:01<00:01, 33.31it/s]
 59%|█████▉    | 47/79 [00:01<00:00, 33.71it/s]
 65%|██████▍   | 51/79 [00:01<00:00, 31.33it/s]
 70%|██████▉   | 55/79 [00:01<00:00, 32.24it/s]
 75%|███████▍  | 59/79 [00:01<00:00, 32.94it/s]
 80%|███████▉  | 63/79 [00:01<00:00, 33.19it/s]
 85%|████████▍ | 67/79 [00:02<00:00, 33.69it/s]
 90%|████████▉ | 71/79 [00:02<00:00, 34.47it/s]
 95%|█████████▍| 75/79 [00:02<00:00, 35.01it/s]
100%|██████████| 79/79 [00:02<00:00, 33.48it/s]

CommRound: 25/30
Accuracy: 13.51% | Loss: 3.0125
[##################################################----------] 83.3%
Elapsed: 4.0m | Avg/Round: 9.5s | Last: 8.8s | Next: 9.5s | Remaining: 0.8m
ETA: 10:49:57
Recent round times: R1: 8.7s -> R2: 8.8s -> R3: 9.0s -> R4: 8.8s -> R5: 8.8s

  0%|          | 0/79 [00:00<?, ?it/s]
  1%|▏         | 1/79 [00:00<00:08,  9.57it/s]
  6%|▋         | 5/79 [00:00<00:02, 24.92it/s]
 11%|█▏        | 9/79 [00:00<00:02, 28.37it/s]
 16%|█▋        | 13/79 [00:00<00:02, 30.43it/s]
 22%|██▏       | 17/79 [00:00<00:02, 30.41it/s]
 27%|██▋       | 21/79 [00:00<00:01, 30.71it/s]
 32%|███▏      | 25/79 [00:00<00:01, 31.54it/s]
 37%|███▋      | 29/79 [00:00<00:01, 33.15it/s]
 42%|████▏     | 33/79 [00:01<00:01, 33.29it/s]
 47%|████▋     | 37/79 [00:01<00:01, 33.69it/s]
 52%|█████▏    | 41/79 [00:01<00:01, 33.49it/s]
 57%|█████▋    | 45/79 [00:01<00:01, 32.66it/s]
 62%|██████▏   | 49/79 [00:01<00:00, 31.87it/s]
 67%|██████▋   | 53/79 [00:01<00:00, 31.29it/s]
 72%|███████▏  | 57/79 [00:01<00:00, 27.33it/s]
 76%|███████▌  | 60/79 [00:02<00:00, 23.87it/s]
 81%|████████  | 64/79 [00:02<00:00, 25.03it/s]
 86%|████████▌ | 68/79 [00:02<00:00, 25.19it/s]
 91%|█████████ | 72/79 [00:02<00:00, 23.94it/s]
 96%|█████████▌| 76/79 [00:02<00:00, 24.82it/s]
100%|██████████| 79/79 [00:02<00:00, 28.38it/s]

CommRound: 26/30
Accuracy: 13.53% | Loss: 3.0102
[####################################################--------] 86.7%
Elapsed: 4.1m | Avg/Round: 9.5s | Last: 9.5s | Next: 9.5s | Remaining: 0.6m
ETA: 10:49:57
Recent round times: R1: 8.8s -> R2: 9.0s -> R3: 8.8s -> R4: 8.8s -> R5: 9.5s

  0%|          | 0/79 [00:00<?, ?it/s]
  3%|▎         | 2/79 [00:00<00:04, 18.07it/s]
  6%|▋         | 5/79 [00:00<00:03, 24.47it/s]
 11%|█▏        | 9/79 [00:00<00:02, 29.31it/s]
 16%|█▋        | 13/79 [00:00<00:02, 31.71it/s]
 22%|██▏       | 17/79 [00:00<00:01, 33.00it/s]
 27%|██▋       | 21/79 [00:00<00:01, 32.75it/s]
 32%|███▏      | 25/79 [00:00<00:01, 30.31it/s]
 37%|███▋      | 29/79 [00:00<00:01, 29.59it/s]
 42%|████▏     | 33/79 [00:01<00:01, 30.02it/s]
 47%|████▋     | 37/79 [00:01<00:01, 29.89it/s]
 52%|█████▏    | 41/79 [00:01<00:01, 29.68it/s]
 57%|█████▋    | 45/79 [00:01<00:01, 29.46it/s]
 62%|██████▏   | 49/79 [00:01<00:01, 29.28it/s]
 67%|██████▋   | 53/79 [00:01<00:00, 29.17it/s]
 72%|███████▏  | 57/79 [00:01<00:00, 30.02it/s]
 77%|███████▋  | 61/79 [00:02<00:00, 31.50it/s]
 82%|████████▏ | 65/79 [00:02<00:00, 32.72it/s]
 87%|████████▋ | 69/79 [00:02<00:00, 33.57it/s]
 92%|█████████▏| 73/79 [00:02<00:00, 34.23it/s]
 97%|█████████▋| 77/79 [00:02<00:00, 34.49it/s]
100%|██████████| 79/79 [00:02<00:00, 31.30it/s]

CommRound: 27/30
Accuracy: 13.63% | Loss: 3.0041
[######################################################------] 90.0%
Elapsed: 4.3m | Avg/Round: 9.5s | Last: 9.1s | Next: 9.5s | Remaining: 0.5m
ETA: 10:49:57
Recent round times: R1: 9.0s -> R2: 8.8s -> R3: 8.8s -> R4: 9.5s -> R5: 9.1s

  0%|          | 0/79 [00:00<?, ?it/s]
  1%|▏         | 1/79 [00:00<00:09,  8.46it/s]
  6%|▋         | 5/79 [00:00<00:03, 20.57it/s]
 11%|█▏        | 9/79 [00:00<00:03, 23.20it/s]
 16%|█▋        | 13/79 [00:00<00:02, 25.35it/s]
 22%|██▏       | 17/79 [00:00<00:02, 28.23it/s]
 25%|██▌       | 20/79 [00:00<00:02, 23.79it/s]
 29%|██▉       | 23/79 [00:00<00:02, 24.26it/s]
 33%|███▎      | 26/79 [00:01<00:02, 20.28it/s]
 37%|███▋      | 29/79 [00:01<00:02, 22.05it/s]
 41%|████      | 32/79 [00:01<00:02, 19.16it/s]
 44%|████▍     | 35/79 [00:01<00:02, 21.03it/s]
 48%|████▊     | 38/79 [00:01<00:02, 19.79it/s]
 53%|█████▎    | 42/79 [00:01<00:01, 23.49it/s]
 58%|█████▊    | 46/79 [00:01<00:01, 26.80it/s]
 63%|██████▎   | 50/79 [00:02<00:01, 28.11it/s]
 68%|██████▊   | 54/79 [00:02<00:00, 28.77it/s]
 73%|███████▎  | 58/79 [00:02<00:00, 30.63it/s]
 78%|███████▊  | 62/79 [00:02<00:00, 32.39it/s]
 84%|████████▎ | 66/79 [00:02<00:00, 33.63it/s]
 89%|████████▊ | 70/79 [00:02<00:00, 34.29it/s]
 94%|█████████▎| 74/79 [00:02<00:00, 34.40it/s]
 99%|█████████▊| 78/79 [00:02<00:00, 34.47it/s]
100%|██████████| 79/79 [00:02<00:00, 26.85it/s]

CommRound: 28/30
Accuracy: 13.62% | Loss: 3.0062
[########################################################----] 93.3%
Elapsed: 4.4m | Avg/Round: 9.5s | Last: 9.4s | Next: 9.5s | Remaining: 0.3m
ETA: 10:49:57
Recent round times: R1: 8.8s -> R2: 8.8s -> R3: 9.5s -> R4: 9.1s -> R5: 9.4s

  0%|          | 0/79 [00:00<?, ?it/s]
  1%|▏         | 1/79 [00:00<00:08,  8.78it/s]
  6%|▋         | 5/79 [00:00<00:03, 21.55it/s]
 11%|█▏        | 9/79 [00:00<00:02, 24.85it/s]
 16%|█▋        | 13/79 [00:00<00:02, 26.71it/s]
 22%|██▏       | 17/79 [00:00<00:02, 27.22it/s]
 27%|██▋       | 21/79 [00:00<00:02, 28.83it/s]
 32%|███▏      | 25/79 [00:00<00:01, 29.58it/s]
 37%|███▋      | 29/79 [00:01<00:01, 31.66it/s]
 42%|████▏     | 33/79 [00:01<00:01, 31.64it/s]
 47%|████▋     | 37/79 [00:01<00:01, 31.87it/s]
 52%|█████▏    | 41/79 [00:01<00:01, 32.13it/s]
 57%|█████▋    | 45/79 [00:01<00:01, 31.89it/s]
 62%|██████▏   | 49/79 [00:01<00:00, 31.43it/s]
 67%|██████▋   | 53/79 [00:01<00:00, 30.43it/s]
 72%|███████▏  | 57/79 [00:01<00:00, 30.33it/s]
 77%|███████▋  | 61/79 [00:02<00:00, 30.01it/s]
 82%|████████▏ | 65/79 [00:02<00:00, 29.76it/s]
 86%|████████▌ | 68/79 [00:02<00:00, 27.77it/s]
 91%|█████████ | 72/79 [00:02<00:00, 27.85it/s]
 96%|█████████▌| 76/79 [00:02<00:00, 28.29it/s]
100%|██████████| 79/79 [00:02<00:00, 29.32it/s]

CommRound: 29/30
Accuracy: 13.65% | Loss: 3.0095
[##########################################################--] 96.7%
Elapsed: 4.6m | Avg/Round: 9.5s | Last: 9.4s | Next: 9.5s | Remaining: 0.2m
ETA: 10:49:56
Recent round times: R1: 8.8s -> R2: 9.5s -> R3: 9.1s -> R4: 9.4s -> R5: 9.4s

  0%|          | 0/79 [00:00<?, ?it/s]
  1%|▏         | 1/79 [00:00<00:08,  8.70it/s]
  6%|▋         | 5/79 [00:00<00:02, 25.06it/s]
 11%|█▏        | 9/79 [00:00<00:02, 29.47it/s]
 15%|█▌        | 12/79 [00:00<00:02, 28.69it/s]
 19%|█▉        | 15/79 [00:00<00:02, 21.69it/s]
 23%|██▎       | 18/79 [00:00<00:02, 22.65it/s]
 27%|██▋       | 21/79 [00:00<00:02, 19.91it/s]
 30%|███       | 24/79 [00:01<00:02, 20.96it/s]
 34%|███▍      | 27/79 [00:01<00:02, 19.66it/s]
 38%|███▊      | 30/79 [00:01<00:02, 20.29it/s]
 42%|████▏     | 33/79 [00:01<00:02, 21.30it/s]
 47%|████▋     | 37/79 [00:01<00:01, 24.18it/s]
 51%|█████     | 40/79 [00:01<00:01, 22.23it/s]
 54%|█████▍    | 43/79 [00:01<00:01, 21.66it/s]
 59%|█████▉    | 47/79 [00:02<00:01, 25.37it/s]
 63%|██████▎   | 50/79 [00:02<00:01, 26.12it/s]
 68%|██████▊   | 54/79 [00:02<00:00, 25.70it/s]
 72%|███████▏  | 57/79 [00:02<00:00, 26.34it/s]
 76%|███████▌  | 60/79 [00:02<00:00, 21.56it/s]
 80%|███████▉  | 63/79 [00:02<00:00, 22.61it/s]
 84%|████████▎ | 66/79 [00:02<00:00, 19.81it/s]
 87%|████████▋ | 69/79 [00:03<00:00, 21.23it/s]
 91%|█████████ | 72/79 [00:03<00:00, 18.54it/s]
 96%|█████████▌| 76/79 [00:03<00:00, 22.06it/s]
100%|██████████| 79/79 [00:03<00:00, 22.64it/s]

CommRound: 30/30
Accuracy: 13.77% | Loss: 3.0052
[############################################################] 100.0%
Elapsed: 4.7m | Avg/Round: 9.5s | Last: 9.8s | Next: 9.5s | Remaining: 0.0m
ETA: 10:49:57
Recent round times: R1: 9.5s -> R2: 9.1s -> R3: 9.4s -> R4: 9.4s -> R5: 9.8s
Total time for experiment: 284.36002802848816 seconds
Device average training time per communication round [s]:
    rpi (sld-rpi-09.ece.utexas.edu): 3.66 seconds
    mc1 (sld-mc1-09.ece.utexas.edu): 2.94 seconds
