Connecting to sld-rpi-09.ece.utexas.edu...
Successfully fetched dev0_pow_temp_log_exp170_run1.csv.
Connecting to sld-rpi-09.ece.utexas.edu...
Successfully fetched dev0_communication_log_exp170_run1.csv.
Connecting to sld-mc1-09.ece.utexas.edu...
Successfully fetched dev1_pow_temp_log_exp170_run1.csv.
Connecting to sld-mc1-09.ece.utexas.edu...
Successfully fetched dev1_communication_log_exp170_run1.csv.

Exp170
Experiment 170: 
	Global test accuracy [%]: 91.35 %
	Convergence time [#round]: 10 communication rounds
	Total wall clock time to reach 90.00% [s]: 119.58 seconds
	Average time per communication round [s]: 13.46 seconds
	Total wall clock time [s]: 353.57 seconds


Experiment 170:
	RPi avg. energy consumption per round [J]: 44.04 Joules
	MC1 avg. energy consumption per round [J]: 33.05 Joules
	Total avg. energy consumption per communication round [J]: 77.09 Joules
	Avg. amount of communicated data per communication round [MB]: 0.15 MB
	RPi avg. power consumption per round [W]: 5.46 Watts
	MC1 avg. power consumption per round [W]: 6.89 Watts
