Connecting to sld-rpi-09.ece.utexas.edu...
Successfully fetched dev0_pow_temp_log_exp168_run1.csv.
Connecting to sld-rpi-09.ece.utexas.edu...
Successfully fetched dev0_communication_log_exp168_run1.csv.
Connecting to sld-mc1-09.ece.utexas.edu...
Successfully fetched dev1_pow_temp_log_exp168_run1.csv.
Connecting to sld-mc1-09.ece.utexas.edu...
Successfully fetched dev1_communication_log_exp168_run1.csv.

Exp168
Experiment 168: 
	Global test accuracy [%]: 91.24 %
	Convergence time [#round]: 10 communication rounds
	Total wall clock time to reach 90.00% [s]: 119.60 seconds
	Average time per communication round [s]: 11.44 seconds
	Total wall clock time [s]: 340.59 seconds


Experiment 168:
	RPi avg. energy consumption per round [J]: 42.10 Joules
	MC1 avg. energy consumption per round [J]: 27.95 Joules
	Total avg. energy consumption per communication round [J]: 70.05 Joules
	Avg. amount of communicated data per communication round [MB]: 0.15 MB
	RPi avg. power consumption per round [W]: 5.47 Watts
	MC1 avg. power consumption per round [W]: 6.31 Watts
