Connecting to sld-rpi-09.ece.utexas.edu...
Successfully fetched dev0_pow_temp_log_exp155_run1.csv.
Connecting to sld-rpi-09.ece.utexas.edu...
Successfully fetched dev0_communication_log_exp155_run1.csv.
Connecting to sld-mc1-09.ece.utexas.edu...
Successfully fetched dev1_pow_temp_log_exp155_run1.csv.
Connecting to sld-mc1-09.ece.utexas.edu...
Successfully fetched dev1_communication_log_exp155_run1.csv.

Exp155
Experiment 155: 
	Global test accuracy [%]: 89.73 %
	No round found where all subsequent rounds have accuracy >= 90.00%.
	Average time per communication round [s]: 55.64 seconds
	Total wall clock time [s]: 583.69 seconds


Experiment 155:
	RPi avg. energy consumption per round [J]: 45.14 Joules
	MC1 avg. energy consumption per round [J]: 331.82 Joules
	Total avg. energy consumption per communication round [J]: 376.96 Joules
	Avg. amount of communicated data per communication round [MB]: 0.30 MB
	RPi avg. power consumption per round [W]: 5.47 Watts
	MC1 avg. power consumption per round [W]: 7.42 Watts
