
  0%|          | 0/79 [00:00<?, ?it/s]
  4%|▍         | 3/79 [00:00<00:03, 23.14it/s]
 10%|█         | 8/79 [00:00<00:01, 35.96it/s]
 16%|█▋        | 13/79 [00:00<00:01, 37.47it/s]
 23%|██▎       | 18/79 [00:00<00:01, 38.68it/s]
 29%|██▉       | 23/79 [00:00<00:01, 40.91it/s]
 35%|███▌      | 28/79 [00:00<00:01, 39.41it/s]
 42%|████▏     | 33/79 [00:00<00:01, 42.04it/s]
 48%|████▊     | 38/79 [00:00<00:01, 39.65it/s]
 56%|█████▌    | 44/79 [00:01<00:00, 40.36it/s]
 63%|██████▎   | 50/79 [00:01<00:00, 40.85it/s]
 71%|███████   | 56/79 [00:01<00:00, 41.03it/s]
 78%|███████▊  | 62/79 [00:01<00:00, 41.10it/s]
 86%|████████▌ | 68/79 [00:01<00:00, 41.21it/s]
 94%|█████████▎| 74/79 [00:01<00:00, 41.37it/s]
100%|██████████| 79/79 [00:01<00:00, 40.43it/s]
Initial Accuracy: 8.92%; Initial Loss: 2.3117

  0%|          | 0/79 [00:00<?, ?it/s]
  1%|▏         | 1/79 [00:00<00:08,  9.40it/s]
  9%|▉         | 7/79 [00:00<00:02, 35.11it/s]
 15%|█▌        | 12/79 [00:00<00:01, 39.02it/s]
 20%|██        | 16/79 [00:00<00:01, 39.26it/s]
 27%|██▋       | 21/79 [00:00<00:01, 41.78it/s]
 33%|███▎      | 26/79 [00:00<00:01, 39.38it/s]
 38%|███▊      | 30/79 [00:00<00:01, 39.44it/s]
 44%|████▍     | 35/79 [00:00<00:01, 42.27it/s]
 51%|█████     | 40/79 [00:01<00:00, 39.41it/s]
 57%|█████▋    | 45/79 [00:01<00:00, 41.72it/s]
 63%|██████▎   | 50/79 [00:01<00:00, 39.28it/s]
 70%|██████▉   | 55/79 [00:01<00:00, 41.82it/s]
 76%|███████▌  | 60/79 [00:01<00:00, 39.10it/s]
 82%|████████▏ | 65/79 [00:01<00:00, 41.20it/s]
 89%|████████▊ | 70/79 [00:01<00:00, 38.93it/s]
 96%|█████████▌| 76/79 [00:01<00:00, 39.98it/s]
100%|██████████| 79/79 [00:01<00:00, 39.73it/s]

CommRound: 1/30
Accuracy: 16.26% | Loss: 2.8125
[##----------------------------------------------------------] 3.3%
Elapsed: 0.2m | Avg/Round: 11.4s | Last: 9.4s | Next: 11.4s | Remaining: 5.5m
ETA: 19:56:40
Recent round times: R1: 9.4s

  0%|          | 0/79 [00:00<?, ?it/s]
  3%|▎         | 2/79 [00:00<00:03, 19.75it/s]
  9%|▉         | 7/79 [00:00<00:02, 33.09it/s]
 15%|█▌        | 12/79 [00:00<00:01, 36.91it/s]
 20%|██        | 16/79 [00:00<00:01, 37.75it/s]
 27%|██▋       | 21/79 [00:00<00:01, 41.16it/s]
 33%|███▎      | 26/79 [00:00<00:01, 38.98it/s]
 39%|███▉      | 31/79 [00:00<00:01, 41.95it/s]
 46%|████▌     | 36/79 [00:00<00:01, 39.25it/s]
 53%|█████▎    | 42/79 [00:01<00:00, 39.96it/s]
 61%|██████    | 48/79 [00:01<00:00, 40.33it/s]
 67%|██████▋   | 53/79 [00:01<00:00, 42.64it/s]
 73%|███████▎  | 58/79 [00:01<00:00, 40.16it/s]
 81%|████████  | 64/79 [00:01<00:00, 40.43it/s]
 87%|████████▋ | 69/79 [00:01<00:00, 42.57it/s]
 94%|█████████▎| 74/79 [00:01<00:00, 40.13it/s]
100%|██████████| 79/79 [00:01<00:00, 39.98it/s]

CommRound: 2/30
Accuracy: 18.37% | Loss: 2.7555
[####--------------------------------------------------------] 6.7%
Elapsed: 0.4m | Avg/Round: 10.7s | Last: 9.9s | Next: 10.7s | Remaining: 5.0m
ETA: 19:56:18
Recent round times: R1: 9.4s -> R2: 9.9s

  0%|          | 0/79 [00:00<?, ?it/s]
  4%|▍         | 3/79 [00:00<00:03, 22.51it/s]
 10%|█         | 8/79 [00:00<00:01, 36.19it/s]
 16%|█▋        | 13/79 [00:00<00:01, 36.01it/s]
 23%|██▎       | 18/79 [00:00<00:01, 40.08it/s]
 29%|██▉       | 23/79 [00:00<00:01, 38.27it/s]
 35%|███▌      | 28/79 [00:00<00:01, 41.67it/s]
 42%|████▏     | 33/79 [00:00<00:01, 39.57it/s]
 49%|████▉     | 39/79 [00:01<00:00, 40.43it/s]
 57%|█████▋    | 45/79 [00:01<00:00, 40.84it/s]
 65%|██████▍   | 51/79 [00:01<00:00, 41.25it/s]
 71%|███████   | 56/79 [00:01<00:00, 41.73it/s]
 77%|███████▋  | 61/79 [00:01<00:00, 40.99it/s]
 84%|████████▎ | 66/79 [00:01<00:00, 42.36it/s]
 90%|████████▉ | 71/79 [00:01<00:00, 40.49it/s]
 96%|█████████▌| 76/79 [00:01<00:00, 42.33it/s]
100%|██████████| 79/79 [00:01<00:00, 40.43it/s]

CommRound: 3/30
Accuracy: 18.87% | Loss: 2.8288
[######------------------------------------------------------] 10.0%
Elapsed: 0.5m | Avg/Round: 10.3s | Last: 9.6s | Next: 10.3s | Remaining: 4.6m
ETA: 19:56:08
Recent round times: R1: 9.4s -> R2: 9.9s -> R3: 9.6s

  0%|          | 0/79 [00:00<?, ?it/s]
  3%|▎         | 2/79 [00:00<00:03, 19.82it/s]
  9%|▉         | 7/79 [00:00<00:02, 32.05it/s]
 14%|█▍        | 11/79 [00:00<00:01, 35.12it/s]
 20%|██        | 16/79 [00:00<00:01, 39.99it/s]
 27%|██▋       | 21/79 [00:00<00:01, 38.18it/s]
 33%|███▎      | 26/79 [00:00<00:01, 40.88it/s]
 39%|███▉      | 31/79 [00:00<00:01, 38.94it/s]
 46%|████▌     | 36/79 [00:00<00:01, 41.39it/s]
 52%|█████▏    | 41/79 [00:01<00:00, 39.64it/s]
 58%|█████▊    | 46/79 [00:01<00:00, 41.32it/s]
 65%|██████▍   | 51/79 [00:01<00:00, 39.98it/s]
 71%|███████   | 56/79 [00:01<00:00, 40.84it/s]
 77%|███████▋  | 61/79 [00:01<00:00, 39.99it/s]
 84%|████████▎ | 66/79 [00:01<00:00, 41.78it/s]
 90%|████████▉ | 71/79 [00:01<00:00, 39.86it/s]
 96%|█████████▌| 76/79 [00:01<00:00, 42.11it/s]
100%|██████████| 79/79 [00:01<00:00, 40.07it/s]

CommRound: 4/30
Accuracy: 19.70% | Loss: 2.7335
[########----------------------------------------------------] 13.3%
Elapsed: 0.7m | Avg/Round: 10.3s | Last: 10.2s | Next: 10.3s | Remaining: 4.4m
ETA: 19:56:07
Recent round times: R1: 9.4s -> R2: 9.9s -> R3: 9.6s -> R4: 10.2s

  0%|          | 0/79 [00:00<?, ?it/s]
  4%|▍         | 3/79 [00:00<00:03, 22.74it/s]
  9%|▉         | 7/79 [00:00<00:02, 31.68it/s]
 16%|█▋        | 13/79 [00:00<00:01, 36.68it/s]
 24%|██▍       | 19/79 [00:00<00:01, 38.69it/s]
 30%|███       | 24/79 [00:00<00:01, 41.82it/s]
 37%|███▋      | 29/79 [00:00<00:01, 39.34it/s]
 43%|████▎     | 34/79 [00:00<00:01, 42.24it/s]
 49%|████▉     | 39/79 [00:01<00:01, 39.75it/s]
 56%|█████▌    | 44/79 [00:01<00:00, 42.23it/s]
 62%|██████▏   | 49/79 [00:01<00:00, 39.49it/s]
 70%|██████▉   | 55/79 [00:01<00:00, 40.05it/s]
 76%|███████▌  | 60/79 [00:01<00:00, 42.26it/s]
 82%|████████▏ | 65/79 [00:01<00:00, 39.94it/s]
 89%|████████▊ | 70/79 [00:01<00:00, 42.34it/s]
 95%|█████████▍| 75/79 [00:01<00:00, 39.72it/s]
100%|██████████| 79/79 [00:01<00:00, 40.31it/s]

CommRound: 5/30
Accuracy: 19.81% | Loss: 2.5919
[##########--------------------------------------------------] 16.7%
Elapsed: 0.8m | Avg/Round: 10.2s | Last: 9.9s | Next: 10.2s | Remaining: 4.2m
ETA: 19:56:05
Recent round times: R1: 9.4s -> R2: 9.9s -> R3: 9.6s -> R4: 10.2s -> R5: 9.9s

  0%|          | 0/79 [00:00<?, ?it/s]
  1%|▏         | 1/79 [00:00<00:08,  9.48it/s]
  8%|▊         | 6/79 [00:00<00:02, 31.87it/s]
 13%|█▎        | 10/79 [00:00<00:02, 33.82it/s]
 18%|█▊        | 14/79 [00:00<00:01, 34.94it/s]
 23%|██▎       | 18/79 [00:00<00:01, 35.51it/s]
 28%|██▊       | 22/79 [00:00<00:01, 35.92it/s]
 33%|███▎      | 26/79 [00:00<00:01, 36.45it/s]
 38%|███▊      | 30/79 [00:00<00:01, 36.68it/s]
 43%|████▎     | 34/79 [00:00<00:01, 37.01it/s]
 48%|████▊     | 38/79 [00:01<00:01, 37.12it/s]
 53%|█████▎    | 42/79 [00:01<00:00, 37.54it/s]
 58%|█████▊    | 46/79 [00:01<00:00, 37.57it/s]
 63%|██████▎   | 50/79 [00:01<00:00, 37.53it/s]
 68%|██████▊   | 54/79 [00:01<00:00, 37.39it/s]
 73%|███████▎  | 58/79 [00:01<00:00, 37.07it/s]
 78%|███████▊  | 62/79 [00:01<00:00, 37.15it/s]
 84%|████████▎ | 66/79 [00:01<00:00, 37.32it/s]
 89%|████████▊ | 70/79 [00:01<00:00, 37.21it/s]
 94%|█████████▎| 74/79 [00:02<00:00, 37.12it/s]
 99%|█████████▊| 78/79 [00:02<00:00, 37.82it/s]
100%|██████████| 79/79 [00:02<00:00, 36.60it/s]

CommRound: 6/30
Accuracy: 19.95% | Loss: 2.4761
[############------------------------------------------------] 20.0%
Elapsed: 1.0m | Avg/Round: 10.2s | Last: 10.0s | Next: 10.2s | Remaining: 4.1m
ETA: 19:56:04
Recent round times: R1: 9.9s -> R2: 9.6s -> R3: 10.2s -> R4: 9.9s -> R5: 10.0s

  0%|          | 0/79 [00:00<?, ?it/s]
  4%|▍         | 3/79 [00:00<00:03, 22.73it/s]
 10%|█         | 8/79 [00:00<00:02, 34.42it/s]
 15%|█▌        | 12/79 [00:00<00:01, 35.69it/s]
 22%|██▏       | 17/79 [00:00<00:01, 38.74it/s]
 27%|██▋       | 21/79 [00:00<00:01, 37.16it/s]
 33%|███▎      | 26/79 [00:00<00:01, 40.67it/s]
 39%|███▉      | 31/79 [00:00<00:01, 36.49it/s]
 47%|████▋     | 37/79 [00:00<00:01, 38.59it/s]
 52%|█████▏    | 41/79 [00:01<00:00, 38.78it/s]
 57%|█████▋    | 45/79 [00:01<00:00, 38.97it/s]
 62%|██████▏   | 49/79 [00:01<00:00, 39.23it/s]
 70%|██████▉   | 55/79 [00:01<00:00, 40.18it/s]
 77%|███████▋  | 61/79 [00:01<00:00, 40.53it/s]
 84%|████████▎ | 66/79 [00:01<00:00, 42.62it/s]
 90%|████████▉ | 71/79 [00:01<00:00, 39.27it/s]
 95%|█████████▍| 75/79 [00:01<00:00, 39.17it/s]
100%|██████████| 79/79 [00:02<00:00, 39.20it/s]

CommRound: 7/30
Accuracy: 20.47% | Loss: 2.3980
[##############----------------------------------------------] 23.3%
Elapsed: 1.2m | Avg/Round: 10.1s | Last: 9.8s | Next: 10.1s | Remaining: 3.9m
ETA: 19:56:02
Recent round times: R1: 9.6s -> R2: 10.2s -> R3: 9.9s -> R4: 10.0s -> R5: 9.8s

  0%|          | 0/79 [00:00<?, ?it/s]
  3%|▎         | 2/79 [00:00<00:04, 18.15it/s]
  9%|▉         | 7/79 [00:00<00:02, 30.55it/s]
 14%|█▍        | 11/79 [00:00<00:02, 33.88it/s]
 19%|█▉        | 15/79 [00:00<00:01, 35.55it/s]
 24%|██▍       | 19/79 [00:00<00:01, 36.73it/s]
 29%|██▉       | 23/79 [00:00<00:01, 37.56it/s]
 34%|███▍      | 27/79 [00:00<00:01, 38.00it/s]
 39%|███▉      | 31/79 [00:00<00:01, 38.30it/s]
 44%|████▍     | 35/79 [00:00<00:01, 38.38it/s]
 49%|████▉     | 39/79 [00:01<00:01, 38.58it/s]
 54%|█████▍    | 43/79 [00:01<00:00, 38.68it/s]
 59%|█████▉    | 47/79 [00:01<00:00, 38.70it/s]
 65%|██████▍   | 51/79 [00:01<00:00, 38.75it/s]
 70%|██████▉   | 55/79 [00:01<00:00, 37.68it/s]
 75%|███████▍  | 59/79 [00:01<00:00, 38.27it/s]
 81%|████████  | 64/79 [00:01<00:00, 36.88it/s]
 86%|████████▌ | 68/79 [00:01<00:00, 37.23it/s]
 91%|█████████ | 72/79 [00:01<00:00, 37.63it/s]
 97%|█████████▋| 77/79 [00:02<00:00, 41.06it/s]
100%|██████████| 79/79 [00:02<00:00, 37.49it/s]

CommRound: 8/30
Accuracy: 21.77% | Loss: 2.2874
[################--------------------------------------------] 26.7%
Elapsed: 1.3m | Avg/Round: 10.1s | Last: 10.0s | Next: 10.1s | Remaining: 3.7m
ETA: 19:56:02
Recent round times: R1: 10.2s -> R2: 9.9s -> R3: 10.0s -> R4: 9.8s -> R5: 10.0s

  0%|          | 0/79 [00:00<?, ?it/s]
  3%|▎         | 2/79 [00:00<00:03, 19.66it/s]
  9%|▉         | 7/79 [00:00<00:02, 31.37it/s]
 15%|█▌        | 12/79 [00:00<00:01, 38.20it/s]
 20%|██        | 16/79 [00:00<00:01, 38.52it/s]
 25%|██▌       | 20/79 [00:00<00:01, 38.73it/s]
 30%|███       | 24/79 [00:00<00:01, 38.37it/s]
 37%|███▋      | 29/79 [00:00<00:01, 38.42it/s]
 43%|████▎     | 34/79 [00:00<00:01, 39.49it/s]
 49%|████▉     | 39/79 [00:01<00:01, 39.35it/s]
 56%|█████▌    | 44/79 [00:01<00:00, 40.03it/s]
 62%|██████▏   | 49/79 [00:01<00:00, 39.81it/s]
 68%|██████▊   | 54/79 [00:01<00:00, 40.80it/s]
 75%|███████▍  | 59/79 [00:01<00:00, 40.18it/s]
 81%|████████  | 64/79 [00:01<00:00, 42.26it/s]
 87%|████████▋ | 69/79 [00:01<00:00, 40.23it/s]
 94%|█████████▎| 74/79 [00:01<00:00, 42.43it/s]
100%|██████████| 79/79 [00:01<00:00, 44.30it/s]
100%|██████████| 79/79 [00:01<00:00, 39.89it/s]

CommRound: 9/30
Accuracy: 23.38% | Loss: 2.1714
[##################------------------------------------------] 30.0%
Elapsed: 1.5m | Avg/Round: 10.1s | Last: 9.8s | Next: 10.1s | Remaining: 3.5m
ETA: 19:56:01
Recent round times: R1: 9.9s -> R2: 10.0s -> R3: 9.8s -> R4: 10.0s -> R5: 9.8s

  0%|          | 0/79 [00:00<?, ?it/s]
  3%|▎         | 2/79 [00:00<00:03, 19.88it/s]
  9%|▉         | 7/79 [00:00<00:02, 31.51it/s]
 16%|█▋        | 13/79 [00:00<00:01, 36.53it/s]
 24%|██▍       | 19/79 [00:00<00:01, 38.75it/s]
 32%|███▏      | 25/79 [00:00<00:01, 39.82it/s]
 39%|███▉      | 31/79 [00:00<00:01, 40.78it/s]
 47%|████▋     | 37/79 [00:00<00:01, 41.36it/s]
 54%|█████▍    | 43/79 [00:01<00:00, 41.65it/s]
 62%|██████▏   | 49/79 [00:01<00:00, 41.92it/s]
 70%|██████▉   | 55/79 [00:01<00:00, 41.96it/s]
 77%|███████▋  | 61/79 [00:01<00:00, 42.08it/s]
 85%|████████▍ | 67/79 [00:01<00:00, 42.07it/s]
 92%|█████████▏| 73/79 [00:01<00:00, 42.10it/s]
 99%|█████████▊| 78/79 [00:01<00:00, 43.82it/s]
100%|██████████| 79/79 [00:01<00:00, 41.18it/s]

CommRound: 10/30
Accuracy: 25.62% | Loss: 2.0927
[####################----------------------------------------] 33.3%
Elapsed: 1.7m | Avg/Round: 10.0s | Last: 9.8s | Next: 10.0s | Remaining: 3.3m
ETA: 19:56:00
Recent round times: R1: 10.0s -> R2: 9.8s -> R3: 10.0s -> R4: 9.8s -> R5: 9.8s

  0%|          | 0/79 [00:00<?, ?it/s]
  1%|▏         | 1/79 [00:00<00:08,  9.29it/s]
  9%|▉         | 7/79 [00:00<00:02, 32.12it/s]
 15%|█▌        | 12/79 [00:00<00:01, 39.05it/s]
 22%|██▏       | 17/79 [00:00<00:01, 37.44it/s]
 28%|██▊       | 22/79 [00:00<00:01, 41.30it/s]
 34%|███▍      | 27/79 [00:00<00:01, 39.01it/s]
 41%|████      | 32/79 [00:00<00:01, 41.50it/s]
 47%|████▋     | 37/79 [00:00<00:01, 40.59it/s]
 53%|█████▎    | 42/79 [00:01<00:00, 40.10it/s]
 59%|█████▉    | 47/79 [00:01<00:00, 42.20it/s]
 66%|██████▌   | 52/79 [00:01<00:00, 39.95it/s]
 72%|███████▏  | 57/79 [00:01<00:00, 42.46it/s]
 78%|███████▊  | 62/79 [00:01<00:00, 39.60it/s]
 86%|████████▌ | 68/79 [00:01<00:00, 40.42it/s]
 94%|█████████▎| 74/79 [00:01<00:00, 40.99it/s]
100%|██████████| 79/79 [00:01<00:00, 39.97it/s]

CommRound: 11/30
Accuracy: 26.70% | Loss: 2.0668
[######################--------------------------------------] 36.7%
Elapsed: 1.8m | Avg/Round: 10.0s | Last: 10.0s | Next: 10.0s | Remaining: 3.2m
ETA: 19:55:59
Recent round times: R1: 9.8s -> R2: 10.0s -> R3: 9.8s -> R4: 9.8s -> R5: 10.0s

  0%|          | 0/79 [00:00<?, ?it/s]
  1%|▏         | 1/79 [00:00<00:07,  9.96it/s]
  9%|▉         | 7/79 [00:00<00:02, 31.87it/s]
 14%|█▍        | 11/79 [00:00<00:01, 35.09it/s]
 22%|██▏       | 17/79 [00:00<00:01, 37.94it/s]
 27%|██▋       | 21/79 [00:00<00:01, 38.46it/s]
 32%|███▏      | 25/79 [00:00<00:01, 38.87it/s]
 37%|███▋      | 29/79 [00:00<00:01, 39.13it/s]
 42%|████▏     | 33/79 [00:00<00:01, 38.96it/s]
 47%|████▋     | 37/79 [00:00<00:01, 38.92it/s]
 53%|█████▎    | 42/79 [00:01<00:00, 42.06it/s]
 59%|█████▉    | 47/79 [00:01<00:00, 39.21it/s]
 67%|██████▋   | 53/79 [00:01<00:00, 40.15it/s]
 75%|███████▍  | 59/79 [00:01<00:00, 40.72it/s]
 82%|████████▏ | 65/79 [00:01<00:00, 41.20it/s]
 90%|████████▉ | 71/79 [00:01<00:00, 41.68it/s]
 97%|█████████▋| 77/79 [00:01<00:00, 41.95it/s]
100%|██████████| 79/79 [00:01<00:00, 40.06it/s]

CommRound: 12/30
Accuracy: 28.01% | Loss: 2.0629
[########################------------------------------------] 40.0%
Elapsed: 2.0m | Avg/Round: 10.0s | Last: 9.7s | Next: 10.0s | Remaining: 3.0m
ETA: 19:55:59
Recent round times: R1: 10.0s -> R2: 9.8s -> R3: 9.8s -> R4: 10.0s -> R5: 9.7s

  0%|          | 0/79 [00:00<?, ?it/s]
  3%|▎         | 2/79 [00:00<00:03, 19.52it/s]
  9%|▉         | 7/79 [00:00<00:02, 32.40it/s]
 16%|█▋        | 13/79 [00:00<00:01, 37.15it/s]
 24%|██▍       | 19/79 [00:00<00:01, 39.49it/s]
 32%|███▏      | 25/79 [00:00<00:01, 40.46it/s]
 39%|███▉      | 31/79 [00:00<00:01, 41.19it/s]
 47%|████▋     | 37/79 [00:00<00:01, 41.60it/s]
 54%|█████▍    | 43/79 [00:01<00:00, 41.81it/s]
 62%|██████▏   | 49/79 [00:01<00:00, 42.04it/s]
 70%|██████▉   | 55/79 [00:01<00:00, 42.28it/s]
 77%|███████▋  | 61/79 [00:01<00:00, 42.38it/s]
 85%|████████▍ | 67/79 [00:01<00:00, 42.09it/s]
 92%|█████████▏| 73/79 [00:01<00:00, 39.25it/s]
100%|██████████| 79/79 [00:01<00:00, 41.16it/s]

CommRound: 13/30
Accuracy: 30.21% | Loss: 2.0016
[##########################----------------------------------] 43.3%
Elapsed: 2.2m | Avg/Round: 10.0s | Last: 9.8s | Next: 10.0s | Remaining: 2.8m
ETA: 19:55:58
Recent round times: R1: 9.8s -> R2: 9.8s -> R3: 10.0s -> R4: 9.7s -> R5: 9.8s

  0%|          | 0/79 [00:00<?, ?it/s]
  3%|▎         | 2/79 [00:00<00:03, 19.91it/s]
  9%|▉         | 7/79 [00:00<00:02, 33.14it/s]
 15%|█▌        | 12/79 [00:00<00:01, 36.68it/s]
 22%|██▏       | 17/79 [00:00<00:01, 39.89it/s]
 28%|██▊       | 22/79 [00:00<00:01, 38.85it/s]
 35%|███▌      | 28/79 [00:00<00:01, 39.96it/s]
 43%|████▎     | 34/79 [00:00<00:01, 40.87it/s]
 49%|████▉     | 39/79 [00:00<00:00, 43.02it/s]
 56%|█████▌    | 44/79 [00:01<00:00, 40.32it/s]
 63%|██████▎   | 50/79 [00:01<00:00, 40.76it/s]
 70%|██████▉   | 55/79 [00:01<00:00, 39.92it/s]
 76%|███████▌  | 60/79 [00:01<00:00, 38.41it/s]
 84%|████████▎ | 66/79 [00:01<00:00, 39.34it/s]
 91%|█████████ | 72/79 [00:01<00:00, 40.11it/s]
 99%|█████████▊| 78/79 [00:01<00:00, 40.65it/s]
100%|██████████| 79/79 [00:01<00:00, 39.78it/s]

CommRound: 14/30
Accuracy: 32.92% | Loss: 1.9337
[############################--------------------------------] 46.7%
Elapsed: 2.3m | Avg/Round: 10.0s | Last: 9.8s | Next: 10.0s | Remaining: 2.7m
ETA: 19:55:58
Recent round times: R1: 9.8s -> R2: 10.0s -> R3: 9.7s -> R4: 9.8s -> R5: 9.8s

  0%|          | 0/79 [00:00<?, ?it/s]
  3%|▎         | 2/79 [00:00<00:03, 19.59it/s]
  9%|▉         | 7/79 [00:00<00:02, 30.94it/s]
 14%|█▍        | 11/79 [00:00<00:01, 34.46it/s]
 19%|█▉        | 15/79 [00:00<00:01, 36.49it/s]
 25%|██▌       | 20/79 [00:00<00:01, 40.81it/s]
 32%|███▏      | 25/79 [00:00<00:01, 38.24it/s]
 38%|███▊      | 30/79 [00:00<00:01, 41.45it/s]
 44%|████▍     | 35/79 [00:00<00:01, 38.88it/s]
 51%|█████     | 40/79 [00:01<00:00, 41.85it/s]
 57%|█████▋    | 45/79 [00:01<00:00, 39.42it/s]
 63%|██████▎   | 50/79 [00:01<00:00, 42.02it/s]
 70%|██████▉   | 55/79 [00:01<00:00, 39.15it/s]
 76%|███████▌  | 60/79 [00:01<00:00, 41.85it/s]
 82%|████████▏ | 65/79 [00:01<00:00, 39.45it/s]
 89%|████████▊ | 70/79 [00:01<00:00, 42.10it/s]
 95%|█████████▍| 75/79 [00:01<00:00, 39.45it/s]
100%|██████████| 79/79 [00:01<00:00, 39.76it/s]

CommRound: 15/30
Accuracy: 35.32% | Loss: 1.9018
[##############################------------------------------] 50.0%
Elapsed: 2.5m | Avg/Round: 10.0s | Last: 9.8s | Next: 10.0s | Remaining: 2.5m
ETA: 19:55:57
Recent round times: R1: 10.0s -> R2: 9.7s -> R3: 9.8s -> R4: 9.8s -> R5: 9.8s

  0%|          | 0/79 [00:00<?, ?it/s]
  4%|▍         | 3/79 [00:00<00:03, 23.54it/s]
 10%|█         | 8/79 [00:00<00:02, 35.31it/s]
 16%|█▋        | 13/79 [00:00<00:01, 36.30it/s]
 23%|██▎       | 18/79 [00:00<00:01, 39.93it/s]
 29%|██▉       | 23/79 [00:00<00:01, 38.51it/s]
 35%|███▌      | 28/79 [00:00<00:01, 41.19it/s]
 42%|████▏     | 33/79 [00:00<00:01, 39.51it/s]
 48%|████▊     | 38/79 [00:00<00:00, 41.82it/s]
 54%|█████▍    | 43/79 [00:01<00:00, 39.89it/s]
 61%|██████    | 48/79 [00:01<00:00, 41.83it/s]
 67%|██████▋   | 53/79 [00:01<00:00, 40.37it/s]
 73%|███████▎  | 58/79 [00:01<00:00, 41.50it/s]
 80%|███████▉  | 63/79 [00:01<00:00, 40.31it/s]
 86%|████████▌ | 68/79 [00:01<00:00, 41.72it/s]
 92%|█████████▏| 73/79 [00:01<00:00, 40.00it/s]
 99%|█████████▊| 78/79 [00:01<00:00, 41.21it/s]
100%|██████████| 79/79 [00:01<00:00, 40.18it/s]

CommRound: 16/30
Accuracy: 40.61% | Loss: 1.8046
[################################----------------------------] 53.3%
Elapsed: 2.6m | Avg/Round: 9.9s | Last: 9.6s | Next: 9.9s | Remaining: 2.3m
ETA: 19:55:57
Recent round times: R1: 9.7s -> R2: 9.8s -> R3: 9.8s -> R4: 9.8s -> R5: 9.6s

  0%|          | 0/79 [00:00<?, ?it/s]
  3%|▎         | 2/79 [00:00<00:03, 19.95it/s]
  9%|▉         | 7/79 [00:00<00:02, 31.14it/s]
 14%|█▍        | 11/79 [00:00<00:01, 34.43it/s]
 19%|█▉        | 15/79 [00:00<00:01, 36.28it/s]
 24%|██▍       | 19/79 [00:00<00:01, 37.12it/s]
 30%|███       | 24/79 [00:00<00:01, 41.12it/s]
 37%|███▋      | 29/79 [00:00<00:01, 38.59it/s]
 43%|████▎     | 34/79 [00:00<00:01, 41.82it/s]
 49%|████▉     | 39/79 [00:01<00:01, 39.34it/s]
 57%|█████▋    | 45/79 [00:01<00:00, 40.06it/s]
 65%|██████▍   | 51/79 [00:01<00:00, 40.84it/s]
 72%|███████▏  | 57/79 [00:01<00:00, 41.30it/s]
 80%|███████▉  | 63/79 [00:01<00:00, 41.59it/s]
 87%|████████▋ | 69/79 [00:01<00:00, 41.85it/s]
 95%|█████████▍| 75/79 [00:01<00:00, 41.84it/s]
100%|██████████| 79/79 [00:01<00:00, 40.43it/s]

CommRound: 17/30
Accuracy: 42.71% | Loss: 1.7362
[##################################--------------------------] 56.7%
Elapsed: 2.8m | Avg/Round: 9.9s | Last: 9.9s | Next: 9.9s | Remaining: 2.2m
ETA: 19:55:57
Recent round times: R1: 9.8s -> R2: 9.8s -> R3: 9.8s -> R4: 9.6s -> R5: 9.9s

  0%|          | 0/79 [00:00<?, ?it/s]
  3%|▎         | 2/79 [00:00<00:03, 19.61it/s]
  9%|▉         | 7/79 [00:00<00:02, 31.30it/s]
 15%|█▌        | 12/79 [00:00<00:01, 37.92it/s]
 22%|██▏       | 17/79 [00:00<00:01, 37.48it/s]
 28%|██▊       | 22/79 [00:00<00:01, 40.14it/s]
 34%|███▍      | 27/79 [00:00<00:01, 40.10it/s]
 41%|████      | 32/79 [00:00<00:01, 39.29it/s]
 47%|████▋     | 37/79 [00:00<00:01, 38.00it/s]
 54%|█████▍    | 43/79 [00:01<00:00, 39.02it/s]
 62%|██████▏   | 49/79 [00:01<00:00, 40.18it/s]
 70%|██████▉   | 55/79 [00:01<00:00, 40.94it/s]
 77%|███████▋  | 61/79 [00:01<00:00, 41.47it/s]
 85%|████████▍ | 67/79 [00:01<00:00, 41.82it/s]
 91%|█████████ | 72/79 [00:01<00:00, 43.58it/s]
 97%|█████████▋| 77/79 [00:01<00:00, 41.59it/s]
100%|██████████| 79/79 [00:01<00:00, 40.31it/s]

CommRound: 18/30
Accuracy: 44.51% | Loss: 1.6875
[####################################------------------------] 60.0%
Elapsed: 3.0m | Avg/Round: 9.9s | Last: 9.7s | Next: 9.9s | Remaining: 2.0m
ETA: 19:55:56
Recent round times: R1: 9.8s -> R2: 9.8s -> R3: 9.6s -> R4: 9.9s -> R5: 9.7s

  0%|          | 0/79 [00:00<?, ?it/s]
  4%|▍         | 3/79 [00:00<00:03, 22.33it/s]
  8%|▊         | 6/79 [00:00<00:02, 25.21it/s]
 14%|█▍        | 11/79 [00:00<00:01, 35.36it/s]
 20%|██        | 16/79 [00:00<00:01, 35.39it/s]
 28%|██▊       | 22/79 [00:00<00:01, 37.93it/s]
 35%|███▌      | 28/79 [00:00<00:01, 39.46it/s]
 43%|████▎     | 34/79 [00:00<00:01, 40.39it/s]
 49%|████▉     | 39/79 [00:01<00:00, 42.76it/s]
 56%|█████▌    | 44/79 [00:01<00:00, 40.31it/s]
 63%|██████▎   | 50/79 [00:01<00:00, 40.83it/s]
 71%|███████   | 56/79 [00:01<00:00, 41.22it/s]
 78%|███████▊  | 62/79 [00:01<00:00, 41.46it/s]
 86%|████████▌ | 68/79 [00:01<00:00, 41.80it/s]
 94%|█████████▎| 74/79 [00:01<00:00, 41.80it/s]
100%|██████████| 79/79 [00:01<00:00, 39.98it/s]

CommRound: 19/30
Accuracy: 43.40% | Loss: 1.6890
[######################################----------------------] 63.3%
Elapsed: 3.1m | Avg/Round: 9.9s | Last: 10.0s | Next: 9.9s | Remaining: 1.8m
ETA: 19:55:56
Recent round times: R1: 9.8s -> R2: 9.6s -> R3: 9.9s -> R4: 9.7s -> R5: 10.0s

  0%|          | 0/79 [00:00<?, ?it/s]
  3%|▎         | 2/79 [00:00<00:03, 19.55it/s]
  6%|▋         | 5/79 [00:00<00:03, 22.58it/s]
 11%|█▏        | 9/79 [00:00<00:02, 29.90it/s]
 16%|█▋        | 13/79 [00:00<00:02, 30.97it/s]
 22%|██▏       | 17/79 [00:00<00:01, 31.45it/s]
 27%|██▋       | 21/79 [00:00<00:01, 33.77it/s]
 33%|███▎      | 26/79 [00:00<00:01, 37.08it/s]
 38%|███▊      | 30/79 [00:00<00:01, 36.47it/s]
 43%|████▎     | 34/79 [00:01<00:01, 36.08it/s]
 48%|████▊     | 38/79 [00:01<00:01, 35.78it/s]
 53%|█████▎    | 42/79 [00:01<00:01, 35.80it/s]
 58%|█████▊    | 46/79 [00:01<00:00, 35.71it/s]
 63%|██████▎   | 50/79 [00:01<00:00, 35.66it/s]
 68%|██████▊   | 54/79 [00:01<00:00, 35.61it/s]
 73%|███████▎  | 58/79 [00:01<00:00, 35.74it/s]
 78%|███████▊  | 62/79 [00:01<00:00, 35.61it/s]
 84%|████████▎ | 66/79 [00:01<00:00, 35.59it/s]
 89%|████████▊ | 70/79 [00:02<00:00, 35.48it/s]
 94%|█████████▎| 74/79 [00:02<00:00, 35.58it/s]
 99%|█████████▊| 78/79 [00:02<00:00, 36.13it/s]
100%|██████████| 79/79 [00:02<00:00, 34.88it/s]

CommRound: 20/30
Accuracy: 45.40% | Loss: 1.6233
[########################################--------------------] 66.7%
Elapsed: 3.3m | Avg/Round: 9.9s | Last: 9.9s | Next: 9.9s | Remaining: 1.7m
ETA: 19:55:56
Recent round times: R1: 9.6s -> R2: 9.9s -> R3: 9.7s -> R4: 10.0s -> R5: 9.9s

  0%|          | 0/79 [00:00<?, ?it/s]
  3%|▎         | 2/79 [00:00<00:03, 19.99it/s]
  9%|▉         | 7/79 [00:00<00:02, 31.27it/s]
 14%|█▍        | 11/79 [00:00<00:01, 34.54it/s]
 19%|█▉        | 15/79 [00:00<00:01, 36.13it/s]
 25%|██▌       | 20/79 [00:00<00:01, 37.65it/s]
 30%|███       | 24/79 [00:00<00:01, 37.86it/s]
 35%|███▌      | 28/79 [00:00<00:01, 38.43it/s]
 41%|████      | 32/79 [00:00<00:01, 38.78it/s]
 46%|████▌     | 36/79 [00:00<00:01, 38.98it/s]
 52%|█████▏    | 41/79 [00:01<00:00, 41.51it/s]
 58%|█████▊    | 46/79 [00:01<00:00, 39.13it/s]
 65%|██████▍   | 51/79 [00:01<00:00, 41.88it/s]
 71%|███████   | 56/79 [00:01<00:00, 39.32it/s]
 77%|███████▋  | 61/79 [00:01<00:00, 41.85it/s]
 84%|████████▎ | 66/79 [00:01<00:00, 39.28it/s]
 91%|█████████ | 72/79 [00:01<00:00, 39.84it/s]
 97%|█████████▋| 77/79 [00:01<00:00, 42.18it/s]
100%|██████████| 79/79 [00:02<00:00, 38.98it/s]

CommRound: 21/30
Accuracy: 44.14% | Loss: 1.6608
[##########################################------------------] 70.0%
Elapsed: 3.5m | Avg/Round: 9.9s | Last: 10.1s | Next: 9.9s | Remaining: 1.5m
ETA: 19:55:57
Recent round times: R1: 9.9s -> R2: 9.7s -> R3: 10.0s -> R4: 9.9s -> R5: 10.1s

  0%|          | 0/79 [00:00<?, ?it/s]
  1%|▏         | 1/79 [00:00<00:07,  9.99it/s]
  9%|▉         | 7/79 [00:00<00:02, 31.28it/s]
 14%|█▍        | 11/79 [00:00<00:01, 34.55it/s]
 19%|█▉        | 15/79 [00:00<00:01, 36.22it/s]
 24%|██▍       | 19/79 [00:00<00:01, 37.31it/s]
 30%|███       | 24/79 [00:00<00:01, 41.11it/s]
 37%|███▋      | 29/79 [00:00<00:01, 38.13it/s]
 43%|████▎     | 34/79 [00:00<00:01, 41.17it/s]
 49%|████▉     | 39/79 [00:01<00:01, 38.32it/s]
 56%|█████▌    | 44/79 [00:01<00:00, 41.33it/s]
 62%|██████▏   | 49/79 [00:01<00:00, 38.97it/s]
 70%|██████▉   | 55/79 [00:01<00:00, 39.66it/s]
 76%|███████▌  | 60/79 [00:01<00:00, 42.21it/s]
 82%|████████▏ | 65/79 [00:01<00:00, 39.76it/s]
 90%|████████▉ | 71/79 [00:01<00:00, 40.27it/s]
 97%|█████████▋| 77/79 [00:01<00:00, 40.87it/s]
100%|██████████| 79/79 [00:01<00:00, 39.66it/s]

CommRound: 22/30
Accuracy: 46.80% | Loss: 1.6334
[############################################----------------] 73.3%
Elapsed: 3.6m | Avg/Round: 9.9s | Last: 10.0s | Next: 9.9s | Remaining: 1.3m
ETA: 19:55:57
Recent round times: R1: 9.7s -> R2: 10.0s -> R3: 9.9s -> R4: 10.1s -> R5: 10.0s

  0%|          | 0/79 [00:00<?, ?it/s]
  4%|▍         | 3/79 [00:00<00:03, 22.13it/s]
 10%|█         | 8/79 [00:00<00:01, 35.82it/s]
 15%|█▌        | 12/79 [00:00<00:01, 37.44it/s]
 20%|██        | 16/79 [00:00<00:01, 37.42it/s]
 25%|██▌       | 20/79 [00:00<00:01, 37.14it/s]
 30%|███       | 24/79 [00:00<00:01, 37.46it/s]
 35%|███▌      | 28/79 [00:00<00:01, 37.69it/s]
 42%|████▏     | 33/79 [00:00<00:01, 40.93it/s]
 48%|████▊     | 38/79 [00:01<00:01, 39.34it/s]
 53%|█████▎    | 42/79 [00:01<00:00, 39.07it/s]
 58%|█████▊    | 46/79 [00:01<00:00, 38.99it/s]
 63%|██████▎   | 50/79 [00:01<00:00, 39.08it/s]
 68%|██████▊   | 54/79 [00:01<00:00, 39.03it/s]
 73%|███████▎  | 58/79 [00:01<00:00, 38.97it/s]
 78%|███████▊  | 62/79 [00:01<00:00, 39.11it/s]
 84%|████████▎ | 66/79 [00:01<00:00, 37.20it/s]
 90%|████████▉ | 71/79 [00:01<00:00, 40.78it/s]
 96%|█████████▌| 76/79 [00:02<00:00, 36.97it/s]
100%|██████████| 79/79 [00:02<00:00, 38.23it/s]

CommRound: 23/30
Accuracy: 44.47% | Loss: 1.6724
[##############################################--------------] 76.7%
Elapsed: 3.8m | Avg/Round: 9.9s | Last: 9.9s | Next: 9.9s | Remaining: 1.2m
ETA: 19:55:57
Recent round times: R1: 10.0s -> R2: 9.9s -> R3: 10.1s -> R4: 10.0s -> R5: 9.9s

  0%|          | 0/79 [00:00<?, ?it/s]
  3%|▎         | 2/79 [00:00<00:03, 19.33it/s]
  9%|▉         | 7/79 [00:00<00:02, 31.26it/s]
 14%|█▍        | 11/79 [00:00<00:02, 33.73it/s]
 19%|█▉        | 15/79 [00:00<00:01, 35.64it/s]
 24%|██▍       | 19/79 [00:00<00:01, 35.91it/s]
 30%|███       | 24/79 [00:00<00:01, 40.09it/s]
 37%|███▋      | 29/79 [00:00<00:01, 38.54it/s]
 43%|████▎     | 34/79 [00:00<00:01, 41.33it/s]
 49%|████▉     | 39/79 [00:01<00:01, 39.76it/s]
 56%|█████▌    | 44/79 [00:01<00:00, 40.56it/s]
 62%|██████▏   | 49/79 [00:01<00:00, 39.85it/s]
 68%|██████▊   | 54/79 [00:01<00:00, 40.05it/s]
 75%|███████▍  | 59/79 [00:01<00:00, 40.17it/s]
 81%|████████  | 64/79 [00:01<00:00, 40.00it/s]
 87%|████████▋ | 69/79 [00:01<00:00, 40.69it/s]
 94%|█████████▎| 74/79 [00:01<00:00, 39.94it/s]
100%|██████████| 79/79 [00:02<00:00, 42.15it/s]
100%|██████████| 79/79 [00:02<00:00, 39.04it/s]

CommRound: 24/30
Accuracy: 48.21% | Loss: 1.6610
[################################################------------] 80.0%
Elapsed: 4.0m | Avg/Round: 10.0s | Last: 10.9s | Next: 10.0s | Remaining: 1.0m
ETA: 19:55:58
Recent round times: R1: 9.9s -> R2: 10.1s -> R3: 10.0s -> R4: 9.9s -> R5: 10.9s

  0%|          | 0/79 [00:00<?, ?it/s]
  1%|▏         | 1/79 [00:00<00:08,  8.95it/s]
  6%|▋         | 5/79 [00:00<00:02, 24.71it/s]
 11%|█▏        | 9/79 [00:00<00:02, 30.11it/s]
 16%|█▋        | 13/79 [00:00<00:02, 32.94it/s]
 22%|██▏       | 17/79 [00:00<00:01, 34.98it/s]
 27%|██▋       | 21/79 [00:00<00:01, 35.94it/s]
 32%|███▏      | 25/79 [00:00<00:01, 37.15it/s]
 37%|███▋      | 29/79 [00:00<00:01, 38.03it/s]
 42%|████▏     | 33/79 [00:00<00:01, 38.36it/s]
 49%|████▉     | 39/79 [00:01<00:01, 39.20it/s]
 54%|█████▍    | 43/79 [00:01<00:00, 39.19it/s]
 59%|█████▉    | 47/79 [00:01<00:00, 39.22it/s]
 65%|██████▍   | 51/79 [00:01<00:00, 39.19it/s]
 70%|██████▉   | 55/79 [00:01<00:00, 39.37it/s]
 76%|███████▌  | 60/79 [00:01<00:00, 42.36it/s]
 82%|████████▏ | 65/79 [00:01<00:00, 39.74it/s]
 90%|████████▉ | 71/79 [00:01<00:00, 39.42it/s]
 95%|█████████▍| 75/79 [00:02<00:00, 38.82it/s]
100%|██████████| 79/79 [00:02<00:00, 37.96it/s]

CommRound: 25/30
Accuracy: 49.37% | Loss: 1.6112
[##################################################----------] 83.3%
Elapsed: 4.2m | Avg/Round: 10.0s | Last: 9.9s | Next: 10.0s | Remaining: 0.8m
ETA: 19:55:58
Recent round times: R1: 10.1s -> R2: 10.0s -> R3: 9.9s -> R4: 10.9s -> R5: 9.9s

  0%|          | 0/79 [00:00<?, ?it/s]
  1%|▏         | 1/79 [00:00<00:07,  9.95it/s]
  9%|▉         | 7/79 [00:00<00:02, 32.00it/s]
 14%|█▍        | 11/79 [00:00<00:01, 34.76it/s]
 19%|█▉        | 15/79 [00:00<00:01, 36.26it/s]
 24%|██▍       | 19/79 [00:00<00:01, 37.41it/s]
 30%|███       | 24/79 [00:00<00:01, 35.62it/s]
 35%|███▌      | 28/79 [00:00<00:01, 35.43it/s]
 42%|████▏     | 33/79 [00:00<00:01, 39.30it/s]
 48%|████▊     | 38/79 [00:01<00:01, 37.42it/s]
 56%|█████▌    | 44/79 [00:01<00:00, 38.67it/s]
 62%|██████▏   | 49/79 [00:01<00:00, 41.26it/s]
 68%|██████▊   | 54/79 [00:01<00:00, 38.82it/s]
 76%|███████▌  | 60/79 [00:01<00:00, 39.69it/s]
 84%|████████▎ | 66/79 [00:01<00:00, 40.45it/s]
 90%|████████▉ | 71/79 [00:01<00:00, 42.64it/s]
 96%|█████████▌| 76/79 [00:01<00:00, 40.28it/s]
100%|██████████| 79/79 [00:02<00:00, 38.58it/s]

CommRound: 26/30
Accuracy: 51.20% | Loss: 1.5968
[####################################################--------] 86.7%
Elapsed: 4.3m | Avg/Round: 10.0s | Last: 10.0s | Next: 10.0s | Remaining: 0.7m
ETA: 19:55:58
Recent round times: R1: 10.0s -> R2: 9.9s -> R3: 10.9s -> R4: 9.9s -> R5: 10.0s

  0%|          | 0/79 [00:00<?, ?it/s]
  3%|▎         | 2/79 [00:00<00:03, 19.31it/s]
  9%|▉         | 7/79 [00:00<00:02, 30.26it/s]
 14%|█▍        | 11/79 [00:00<00:02, 33.57it/s]
 19%|█▉        | 15/79 [00:00<00:01, 35.68it/s]
 24%|██▍       | 19/79 [00:00<00:01, 37.08it/s]
 30%|███       | 24/79 [00:00<00:01, 38.93it/s]
 35%|███▌      | 28/79 [00:00<00:01, 38.87it/s]
 41%|████      | 32/79 [00:00<00:01, 38.97it/s]
 46%|████▌     | 36/79 [00:00<00:01, 39.18it/s]
 51%|█████     | 40/79 [00:01<00:00, 39.27it/s]
 56%|█████▌    | 44/79 [00:01<00:00, 39.17it/s]
 61%|██████    | 48/79 [00:01<00:00, 39.14it/s]
 66%|██████▌   | 52/79 [00:01<00:00, 39.03it/s]
 71%|███████   | 56/79 [00:01<00:00, 38.90it/s]
 76%|███████▌  | 60/79 [00:01<00:00, 38.90it/s]
 81%|████████  | 64/79 [00:01<00:00, 38.76it/s]
 86%|████████▌ | 68/79 [00:01<00:00, 38.74it/s]
 91%|█████████ | 72/79 [00:01<00:00, 38.81it/s]
 96%|█████████▌| 76/79 [00:02<00:00, 38.95it/s]
100%|██████████| 79/79 [00:02<00:00, 38.19it/s]

CommRound: 27/30
Accuracy: 50.61% | Loss: 1.5281
[######################################################------] 90.0%
Elapsed: 4.5m | Avg/Round: 10.0s | Last: 10.0s | Next: 10.0s | Remaining: 0.5m
ETA: 19:55:58
Recent round times: R1: 9.9s -> R2: 10.9s -> R3: 9.9s -> R4: 10.0s -> R5: 10.0s

  0%|          | 0/79 [00:00<?, ?it/s]
  3%|▎         | 2/79 [00:00<00:03, 19.59it/s]
  9%|▉         | 7/79 [00:00<00:02, 31.60it/s]
 15%|█▌        | 12/79 [00:00<00:01, 38.80it/s]
 20%|██        | 16/79 [00:00<00:02, 22.10it/s]
 28%|██▊       | 22/79 [00:00<00:02, 27.96it/s]
 34%|███▍      | 27/79 [00:00<00:01, 32.98it/s]
 41%|████      | 32/79 [00:01<00:01, 33.64it/s]
 48%|████▊     | 38/79 [00:01<00:01, 36.11it/s]
 56%|█████▌    | 44/79 [00:01<00:00, 37.62it/s]
 62%|██████▏   | 49/79 [00:01<00:00, 40.43it/s]
 68%|██████▊   | 54/79 [00:01<00:00, 38.40it/s]
 75%|███████▍  | 59/79 [00:01<00:00, 40.99it/s]
 81%|████████  | 64/79 [00:01<00:00, 38.88it/s]
 89%|████████▊ | 70/79 [00:01<00:00, 39.69it/s]
 95%|█████████▍| 75/79 [00:02<00:00, 42.18it/s]
100%|██████████| 79/79 [00:02<00:00, 36.32it/s]

CommRound: 28/30
Accuracy: 47.95% | Loss: 1.5783
[########################################################----] 93.3%
Elapsed: 4.7m | Avg/Round: 10.0s | Last: 10.1s | Next: 10.0s | Remaining: 0.3m
ETA: 19:55:58
Recent round times: R1: 10.9s -> R2: 9.9s -> R3: 10.0s -> R4: 10.0s -> R5: 10.1s

  0%|          | 0/79 [00:00<?, ?it/s]
  4%|▍         | 3/79 [00:00<00:03, 23.68it/s]
  9%|▉         | 7/79 [00:00<00:02, 31.79it/s]
 14%|█▍        | 11/79 [00:00<00:02, 23.31it/s]
 19%|█▉        | 15/79 [00:00<00:02, 27.76it/s]
 25%|██▌       | 20/79 [00:00<00:01, 33.14it/s]
 32%|███▏      | 25/79 [00:00<00:01, 34.34it/s]
 38%|███▊      | 30/79 [00:00<00:01, 37.60it/s]
 44%|████▍     | 35/79 [00:01<00:01, 38.22it/s]
 51%|█████     | 40/79 [00:01<00:01, 38.36it/s]
 56%|█████▌    | 44/79 [00:01<00:00, 38.27it/s]
 61%|██████    | 48/79 [00:01<00:00, 38.22it/s]
 66%|██████▌   | 52/79 [00:01<00:00, 38.26it/s]
 71%|███████   | 56/79 [00:01<00:00, 38.60it/s]
 76%|███████▌  | 60/79 [00:01<00:00, 38.67it/s]
 81%|████████  | 64/79 [00:01<00:00, 38.47it/s]
 86%|████████▌ | 68/79 [00:01<00:00, 38.84it/s]
 91%|█████████ | 72/79 [00:01<00:00, 38.91it/s]
 96%|█████████▌| 76/79 [00:02<00:00, 38.83it/s]
100%|██████████| 79/79 [00:02<00:00, 36.41it/s]

CommRound: 29/30
Accuracy: 50.57% | Loss: 1.5121
[##########################################################--] 96.7%
Elapsed: 4.8m | Avg/Round: 10.0s | Last: 10.3s | Next: 10.0s | Remaining: 0.2m
ETA: 19:55:58
Recent round times: R1: 9.9s -> R2: 10.0s -> R3: 10.0s -> R4: 10.1s -> R5: 10.3s

  0%|          | 0/79 [00:00<?, ?it/s]
  3%|▎         | 2/79 [00:00<00:03, 19.43it/s]
  9%|▉         | 7/79 [00:00<00:03, 18.00it/s]
 15%|█▌        | 12/79 [00:00<00:02, 26.91it/s]
 20%|██        | 16/79 [00:00<00:02, 30.00it/s]
 27%|██▋       | 21/79 [00:00<00:01, 32.66it/s]
 32%|███▏      | 25/79 [00:00<00:01, 34.62it/s]
 38%|███▊      | 30/79 [00:00<00:01, 37.54it/s]
 43%|████▎     | 34/79 [00:01<00:01, 37.56it/s]
 48%|████▊     | 38/79 [00:01<00:01, 37.45it/s]
 53%|█████▎    | 42/79 [00:01<00:00, 37.98it/s]
 58%|█████▊    | 46/79 [00:01<00:00, 38.16it/s]
 63%|██████▎   | 50/79 [00:01<00:00, 38.18it/s]
 68%|██████▊   | 54/79 [00:01<00:00, 38.06it/s]
 73%|███████▎  | 58/79 [00:01<00:00, 38.13it/s]
 78%|███████▊  | 62/79 [00:01<00:00, 37.46it/s]
 84%|████████▎ | 66/79 [00:01<00:00, 38.05it/s]
 89%|████████▊ | 70/79 [00:02<00:00, 36.13it/s]
 96%|█████████▌| 76/79 [00:02<00:00, 38.11it/s]
100%|██████████| 79/79 [00:02<00:00, 35.49it/s]

CommRound: 30/30
Accuracy: 51.64% | Loss: 1.4590
[############################################################] 100.0%
Elapsed: 5.0m | Avg/Round: 10.0s | Last: 10.2s | Next: 10.0s | Remaining: 0.0m
ETA: 19:55:59
Recent round times: R1: 10.0s -> R2: 10.0s -> R3: 10.1s -> R4: 10.3s -> R5: 10.2s
Total time for experiment: 299.7886564731598 seconds
Device average training time per communication round [s]:
    rpi (sld-rpi-09.ece.utexas.edu): 4.98 seconds
    mc1 (sld-mc1-09.ece.utexas.edu): 2.86 seconds
