Connecting to sld-rpi-09.ece.utexas.edu...
Successfully fetched dev0_pow_temp_log_exp143_run1.csv.
Connecting to sld-rpi-09.ece.utexas.edu...
Successfully fetched dev0_communication_log_exp143_run1.csv.
Connecting to sld-mc1-09.ece.utexas.edu...
Successfully fetched dev1_pow_temp_log_exp143_run1.csv.
Connecting to sld-mc1-09.ece.utexas.edu...
Successfully fetched dev1_communication_log_exp143_run1.csv.

Exp143
Experiment 143: 
	Global test accuracy [%]: 89.07 %
	No round found where all subsequent rounds have accuracy >= 90.00%.
	Average time per communication round [s]: 45.44 seconds
	Total wall clock time [s]: 1,417.20 seconds


Experiment 143:
	RPi avg. energy consumption per round [J]: 40.66 Joules
	MC1 avg. energy consumption per round [J]: 322.93 Joules
	Total avg. energy consumption per communication round [J]: 363.59 Joules
	Avg. amount of communicated data per communication round [MB]: 0.13 MB
	RPi avg. power consumption per round [W]: 5.35 Watts
	MC1 avg. power consumption per round [W]: 7.40 Watts
