
  0%|          | 0/79 [00:00<?, ?it/s]
  1%|▏         | 1/79 [00:00<00:08,  8.92it/s]
  6%|▋         | 5/79 [00:00<00:02, 24.70it/s]
 10%|█         | 8/79 [00:00<00:02, 26.91it/s]
 15%|█▌        | 12/79 [00:00<00:02, 28.38it/s]
 20%|██        | 16/79 [00:00<00:02, 28.43it/s]
 25%|██▌       | 20/79 [00:00<00:02, 27.77it/s]
 30%|███       | 24/79 [00:00<00:01, 27.59it/s]
 35%|███▌      | 28/79 [00:01<00:01, 28.57it/s]
 41%|████      | 32/79 [00:01<00:01, 29.83it/s]
 46%|████▌     | 36/79 [00:01<00:01, 30.82it/s]
 51%|█████     | 40/79 [00:01<00:01, 31.62it/s]
 56%|█████▌    | 44/79 [00:01<00:01, 31.79it/s]
 61%|██████    | 48/79 [00:01<00:01, 29.33it/s]
 66%|██████▌   | 52/79 [00:01<00:00, 27.97it/s]
 71%|███████   | 56/79 [00:01<00:00, 27.02it/s]
 76%|███████▌  | 60/79 [00:02<00:00, 27.83it/s]
 81%|████████  | 64/79 [00:02<00:00, 27.91it/s]
 86%|████████▌ | 68/79 [00:02<00:00, 27.85it/s]
 91%|█████████ | 72/79 [00:02<00:00, 27.37it/s]
 96%|█████████▌| 76/79 [00:02<00:00, 27.30it/s]
100%|██████████| 79/79 [00:02<00:00, 28.14it/s]
Initial Accuracy: 9.48%; Initial Loss: 2.3109

  0%|          | 0/79 [00:00<?, ?it/s]
  1%|▏         | 1/79 [00:00<00:10,  7.46it/s]
  6%|▋         | 5/79 [00:00<00:03, 23.23it/s]
 11%|█▏        | 9/79 [00:00<00:02, 27.55it/s]
 16%|█▋        | 13/79 [00:00<00:02, 29.50it/s]
 22%|██▏       | 17/79 [00:00<00:02, 30.68it/s]
 27%|██▋       | 21/79 [00:00<00:01, 31.55it/s]
 32%|███▏      | 25/79 [00:00<00:01, 31.86it/s]
 37%|███▋      | 29/79 [00:00<00:01, 31.81it/s]
 42%|████▏     | 33/79 [00:01<00:01, 32.67it/s]
 47%|████▋     | 37/79 [00:01<00:01, 32.40it/s]
 52%|█████▏    | 41/79 [00:01<00:01, 32.22it/s]
 57%|█████▋    | 45/79 [00:01<00:01, 31.87it/s]
 62%|██████▏   | 49/79 [00:01<00:00, 32.23it/s]
 67%|██████▋   | 53/79 [00:01<00:00, 32.35it/s]
 72%|███████▏  | 57/79 [00:01<00:00, 32.15it/s]
 77%|███████▋  | 61/79 [00:01<00:00, 32.29it/s]
 82%|████████▏ | 65/79 [00:02<00:00, 32.54it/s]
 87%|████████▋ | 69/79 [00:02<00:00, 32.22it/s]
 92%|█████████▏| 73/79 [00:02<00:00, 32.35it/s]
 97%|█████████▋| 77/79 [00:02<00:00, 32.48it/s]
100%|██████████| 79/79 [00:02<00:00, 31.12it/s]

CommRound: 1/30
Accuracy: 40.49% | Loss: 1.9156
[##----------------------------------------------------------] 3.3%
Elapsed: 0.2m | Avg/Round: 12.4s | Last: 9.5s | Next: 12.4s | Remaining: 6.0m
ETA: 06:00:58
Recent round times: R1: 9.5s

  0%|          | 0/79 [00:00<?, ?it/s]
  1%|▏         | 1/79 [00:00<00:13,  5.88it/s]
  6%|▋         | 5/79 [00:00<00:03, 21.44it/s]
 13%|█▎        | 10/79 [00:00<00:02, 32.30it/s]
 19%|█▉        | 15/79 [00:00<00:01, 34.50it/s]
 27%|██▋       | 21/79 [00:00<00:01, 37.85it/s]
 33%|███▎      | 26/79 [00:00<00:01, 41.31it/s]
 39%|███▉      | 31/79 [00:00<00:01, 39.41it/s]
 46%|████▌     | 36/79 [00:00<00:01, 41.32it/s]
 52%|█████▏    | 41/79 [00:01<00:01, 37.45it/s]
 57%|█████▋    | 45/79 [00:01<00:00, 37.35it/s]
 62%|██████▏   | 49/79 [00:01<00:00, 37.20it/s]
 67%|██████▋   | 53/79 [00:01<00:00, 37.12it/s]
 72%|███████▏  | 57/79 [00:01<00:00, 37.02it/s]
 77%|███████▋  | 61/79 [00:01<00:00, 36.85it/s]
 82%|████████▏ | 65/79 [00:01<00:00, 36.70it/s]
 87%|████████▋ | 69/79 [00:01<00:00, 36.61it/s]
 92%|█████████▏| 73/79 [00:02<00:00, 36.67it/s]
 99%|█████████▊| 78/79 [00:02<00:00, 40.20it/s]
100%|██████████| 79/79 [00:02<00:00, 36.78it/s]

CommRound: 2/30
Accuracy: 58.93% | Loss: 1.2620
[####--------------------------------------------------------] 6.7%
Elapsed: 0.4m | Avg/Round: 10.8s | Last: 9.2s | Next: 10.8s | Remaining: 5.0m
ETA: 06:00:10
Recent round times: R1: 9.5s -> R2: 9.2s

  0%|          | 0/79 [00:00<?, ?it/s]
  1%|▏         | 1/79 [00:00<00:08,  9.22it/s]
  9%|▉         | 7/79 [00:00<00:02, 29.65it/s]
 14%|█▍        | 11/79 [00:00<00:02, 32.24it/s]
 19%|█▉        | 15/79 [00:00<00:01, 33.60it/s]
 24%|██▍       | 19/79 [00:00<00:01, 35.15it/s]
 29%|██▉       | 23/79 [00:00<00:01, 35.88it/s]
 34%|███▍      | 27/79 [00:00<00:01, 36.37it/s]
 39%|███▉      | 31/79 [00:00<00:01, 36.64it/s]
 44%|████▍     | 35/79 [00:01<00:01, 36.98it/s]
 49%|████▉     | 39/79 [00:01<00:01, 37.11it/s]
 54%|█████▍    | 43/79 [00:01<00:00, 37.23it/s]
 59%|█████▉    | 47/79 [00:01<00:00, 37.46it/s]
 65%|██████▍   | 51/79 [00:01<00:00, 37.47it/s]
 70%|██████▉   | 55/79 [00:01<00:00, 37.60it/s]
 75%|███████▍  | 59/79 [00:01<00:00, 37.53it/s]
 80%|███████▉  | 63/79 [00:01<00:00, 37.61it/s]
 85%|████████▍ | 67/79 [00:01<00:00, 37.66it/s]
 90%|████████▉ | 71/79 [00:01<00:00, 37.01it/s]
 95%|█████████▍| 75/79 [00:02<00:00, 35.75it/s]
100%|██████████| 79/79 [00:02<00:00, 36.36it/s]

CommRound: 3/30
Accuracy: 60.42% | Loss: 1.2705
[######------------------------------------------------------] 10.0%
Elapsed: 0.5m | Avg/Round: 10.2s | Last: 9.2s | Next: 10.2s | Remaining: 4.6m
ETA: 05:59:54
Recent round times: R1: 9.5s -> R2: 9.2s -> R3: 9.2s

  0%|          | 0/79 [00:00<?, ?it/s]
  3%|▎         | 2/79 [00:00<00:03, 19.39it/s]
  6%|▋         | 5/79 [00:00<00:03, 24.14it/s]
 11%|█▏        | 9/79 [00:00<00:02, 27.51it/s]
 16%|█▋        | 13/79 [00:00<00:02, 31.26it/s]
 22%|██▏       | 17/79 [00:00<00:01, 33.58it/s]
 27%|██▋       | 21/79 [00:00<00:01, 34.85it/s]
 32%|███▏      | 25/79 [00:00<00:01, 35.84it/s]
 37%|███▋      | 29/79 [00:00<00:01, 36.67it/s]
 42%|████▏     | 33/79 [00:00<00:01, 37.10it/s]
 47%|████▋     | 37/79 [00:01<00:01, 37.48it/s]
 52%|█████▏    | 41/79 [00:01<00:01, 37.03it/s]
 57%|█████▋    | 45/79 [00:01<00:00, 37.51it/s]
 62%|██████▏   | 49/79 [00:01<00:00, 37.49it/s]
 67%|██████▋   | 53/79 [00:01<00:00, 37.49it/s]
 72%|███████▏  | 57/79 [00:01<00:00, 37.42it/s]
 77%|███████▋  | 61/79 [00:01<00:00, 37.37it/s]
 82%|████████▏ | 65/79 [00:01<00:00, 37.46it/s]
 87%|████████▋ | 69/79 [00:01<00:00, 37.46it/s]
 92%|█████████▏| 73/79 [00:02<00:00, 37.48it/s]
 97%|█████████▋| 77/79 [00:02<00:00, 36.87it/s]
100%|██████████| 79/79 [00:02<00:00, 35.53it/s]

CommRound: 4/30
Accuracy: 70.10% | Loss: 0.9577
[########----------------------------------------------------] 13.3%
Elapsed: 0.7m | Avg/Round: 9.9s | Last: 9.1s | Next: 9.9s | Remaining: 4.3m
ETA: 05:59:45
Recent round times: R1: 9.5s -> R2: 9.2s -> R3: 9.2s -> R4: 9.1s

  0%|          | 0/79 [00:00<?, ?it/s]
  1%|▏         | 1/79 [00:00<00:09,  8.59it/s]
  6%|▋         | 5/79 [00:00<00:03, 24.39it/s]
 11%|█▏        | 9/79 [00:00<00:02, 28.08it/s]
 16%|█▋        | 13/79 [00:00<00:02, 29.45it/s]
 22%|██▏       | 17/79 [00:00<00:02, 30.54it/s]
 27%|██▋       | 21/79 [00:00<00:01, 31.01it/s]
 32%|███▏      | 25/79 [00:00<00:01, 30.82it/s]
 37%|███▋      | 29/79 [00:00<00:01, 30.94it/s]
 42%|████▏     | 33/79 [00:01<00:01, 30.88it/s]
 47%|████▋     | 37/79 [00:01<00:01, 30.81it/s]
 52%|█████▏    | 41/79 [00:01<00:01, 30.79it/s]
 57%|█████▋    | 45/79 [00:01<00:01, 30.80it/s]
 62%|██████▏   | 49/79 [00:01<00:00, 30.76it/s]
 67%|██████▋   | 53/79 [00:01<00:00, 30.89it/s]
 72%|███████▏  | 57/79 [00:01<00:00, 30.83it/s]
 77%|███████▋  | 61/79 [00:02<00:00, 30.79it/s]
 82%|████████▏ | 65/79 [00:02<00:00, 30.32it/s]
 87%|████████▋ | 69/79 [00:02<00:00, 30.90it/s]
 92%|█████████▏| 73/79 [00:02<00:00, 31.34it/s]
 97%|█████████▋| 77/79 [00:02<00:00, 31.64it/s]
100%|██████████| 79/79 [00:02<00:00, 30.84it/s]

CommRound: 5/30
Accuracy: 73.44% | Loss: 0.8558
[##########--------------------------------------------------] 16.7%
Elapsed: 0.8m | Avg/Round: 9.8s | Last: 9.5s | Next: 9.8s | Remaining: 4.1m
ETA: 05:59:42
Recent round times: R1: 9.5s -> R2: 9.2s -> R3: 9.2s -> R4: 9.1s -> R5: 9.5s

  0%|          | 0/79 [00:00<?, ?it/s]
  1%|▏         | 1/79 [00:00<00:08,  9.72it/s]
  8%|▊         | 6/79 [00:00<00:02, 27.49it/s]
 13%|█▎        | 10/79 [00:00<00:02, 29.15it/s]
 18%|█▊        | 14/79 [00:00<00:02, 29.86it/s]
 23%|██▎       | 18/79 [00:00<00:01, 30.60it/s]
 28%|██▊       | 22/79 [00:00<00:01, 30.99it/s]
 33%|███▎      | 26/79 [00:00<00:01, 31.19it/s]
 38%|███▊      | 30/79 [00:00<00:01, 32.71it/s]
 43%|████▎     | 34/79 [00:01<00:01, 34.01it/s]
 48%|████▊     | 38/79 [00:01<00:01, 34.19it/s]
 53%|█████▎    | 42/79 [00:01<00:01, 34.93it/s]
 58%|█████▊    | 46/79 [00:01<00:00, 35.58it/s]
 63%|██████▎   | 50/79 [00:01<00:00, 35.97it/s]
 68%|██████▊   | 54/79 [00:01<00:00, 36.34it/s]
 73%|███████▎  | 58/79 [00:01<00:00, 36.43it/s]
 78%|███████▊  | 62/79 [00:01<00:00, 36.11it/s]
 84%|████████▎ | 66/79 [00:01<00:00, 35.48it/s]
 89%|████████▊ | 70/79 [00:02<00:00, 34.78it/s]
 94%|█████████▎| 74/79 [00:02<00:00, 35.27it/s]
 99%|█████████▊| 78/79 [00:02<00:00, 35.96it/s]
100%|██████████| 79/79 [00:02<00:00, 33.89it/s]

CommRound: 6/30
Accuracy: 81.75% | Loss: 0.6091
[############------------------------------------------------] 20.0%
Elapsed: 1.0m | Avg/Round: 9.8s | Last: 9.3s | Next: 9.8s | Remaining: 3.9m
ETA: 05:59:40
Recent round times: R1: 9.2s -> R2: 9.2s -> R3: 9.1s -> R4: 9.5s -> R5: 9.3s

  0%|          | 0/79 [00:00<?, ?it/s]
  1%|▏         | 1/79 [00:00<00:09,  8.02it/s]
  6%|▋         | 5/79 [00:00<00:03, 22.30it/s]
 11%|█▏        | 9/79 [00:00<00:02, 28.76it/s]
 16%|█▋        | 13/79 [00:00<00:02, 32.04it/s]
 22%|██▏       | 17/79 [00:00<00:01, 34.22it/s]
 27%|██▋       | 21/79 [00:00<00:01, 35.49it/s]
 32%|███▏      | 25/79 [00:00<00:01, 36.53it/s]
 37%|███▋      | 29/79 [00:00<00:01, 37.11it/s]
 42%|████▏     | 33/79 [00:00<00:01, 37.52it/s]
 47%|████▋     | 37/79 [00:01<00:01, 37.57it/s]
 52%|█████▏    | 41/79 [00:01<00:01, 37.59it/s]
 57%|█████▋    | 45/79 [00:01<00:00, 37.47it/s]
 62%|██████▏   | 49/79 [00:01<00:00, 37.35it/s]
 67%|██████▋   | 53/79 [00:01<00:00, 37.22it/s]
 72%|███████▏  | 57/79 [00:01<00:00, 37.14it/s]
 77%|███████▋  | 61/79 [00:01<00:00, 37.17it/s]
 82%|████████▏ | 65/79 [00:01<00:00, 37.27it/s]
 87%|████████▋ | 69/79 [00:01<00:00, 37.34it/s]
 92%|█████████▏| 73/79 [00:02<00:00, 37.14it/s]
 97%|█████████▋| 77/79 [00:02<00:00, 36.65it/s]
100%|██████████| 79/79 [00:02<00:00, 35.33it/s]

CommRound: 7/30
Accuracy: 81.14% | Loss: 0.6525
[##############----------------------------------------------] 23.3%
Elapsed: 1.1m | Avg/Round: 9.7s | Last: 9.2s | Next: 9.7s | Remaining: 3.7m
ETA: 05:59:37
Recent round times: R1: 9.2s -> R2: 9.1s -> R3: 9.5s -> R4: 9.3s -> R5: 9.2s

  0%|          | 0/79 [00:00<?, ?it/s]
  1%|▏         | 1/79 [00:00<00:09,  8.51it/s]
  6%|▋         | 5/79 [00:00<00:03, 21.04it/s]
 11%|█▏        | 9/79 [00:00<00:02, 24.55it/s]
 16%|█▋        | 13/79 [00:00<00:02, 26.50it/s]
 22%|██▏       | 17/79 [00:00<00:02, 27.68it/s]
 27%|██▋       | 21/79 [00:00<00:02, 28.03it/s]
 30%|███       | 24/79 [00:00<00:01, 27.92it/s]
 35%|███▌      | 28/79 [00:01<00:01, 26.69it/s]
 41%|████      | 32/79 [00:01<00:01, 28.54it/s]
 46%|████▌     | 36/79 [00:01<00:01, 31.07it/s]
 51%|█████     | 40/79 [00:01<00:01, 32.93it/s]
 56%|█████▌    | 44/79 [00:01<00:01, 34.35it/s]
 61%|██████    | 48/79 [00:01<00:00, 35.73it/s]
 66%|██████▌   | 52/79 [00:01<00:00, 36.80it/s]
 71%|███████   | 56/79 [00:01<00:00, 34.78it/s]
 76%|███████▌  | 60/79 [00:01<00:00, 31.88it/s]
 81%|████████  | 64/79 [00:02<00:00, 30.48it/s]
 86%|████████▌ | 68/79 [00:02<00:00, 32.55it/s]
 91%|█████████ | 72/79 [00:02<00:00, 34.24it/s]
 96%|█████████▌| 76/79 [00:02<00:00, 35.31it/s]
100%|██████████| 79/79 [00:02<00:00, 31.25it/s]

CommRound: 8/30
Accuracy: 80.09% | Loss: 0.7235
[################--------------------------------------------] 26.7%
Elapsed: 1.3m | Avg/Round: 9.7s | Last: 9.9s | Next: 9.7s | Remaining: 3.6m
ETA: 05:59:38
Recent round times: R1: 9.1s -> R2: 9.5s -> R3: 9.3s -> R4: 9.2s -> R5: 9.9s

  0%|          | 0/79 [00:00<?, ?it/s]
  1%|▏         | 1/79 [00:00<00:08,  9.53it/s]
  6%|▋         | 5/79 [00:00<00:02, 25.04it/s]
 11%|█▏        | 9/79 [00:00<00:02, 27.48it/s]
 16%|█▋        | 13/79 [00:00<00:02, 29.05it/s]
 22%|██▏       | 17/79 [00:00<00:02, 29.58it/s]
 27%|██▋       | 21/79 [00:00<00:01, 30.11it/s]
 32%|███▏      | 25/79 [00:00<00:01, 30.17it/s]
 37%|███▋      | 29/79 [00:01<00:01, 29.41it/s]
 42%|████▏     | 33/79 [00:01<00:01, 29.81it/s]
 47%|████▋     | 37/79 [00:01<00:01, 30.01it/s]
 52%|█████▏    | 41/79 [00:01<00:01, 30.29it/s]
 57%|█████▋    | 45/79 [00:01<00:01, 30.41it/s]
 62%|██████▏   | 49/79 [00:01<00:00, 30.49it/s]
 67%|██████▋   | 53/79 [00:01<00:00, 30.59it/s]
 72%|███████▏  | 57/79 [00:01<00:00, 30.76it/s]
 77%|███████▋  | 61/79 [00:02<00:00, 30.78it/s]
 82%|████████▏ | 65/79 [00:02<00:00, 30.89it/s]
 87%|████████▋ | 69/79 [00:02<00:00, 30.94it/s]
 92%|█████████▏| 73/79 [00:02<00:00, 31.28it/s]
 97%|█████████▋| 77/79 [00:02<00:00, 31.98it/s]
100%|██████████| 79/79 [00:02<00:00, 30.63it/s]

CommRound: 9/30
Accuracy: 77.28% | Loss: 1.1227
[##################------------------------------------------] 30.0%
Elapsed: 1.5m | Avg/Round: 9.7s | Last: 9.4s | Next: 9.7s | Remaining: 3.4m
ETA: 05:59:37
Recent round times: R1: 9.5s -> R2: 9.3s -> R3: 9.2s -> R4: 9.9s -> R5: 9.4s

  0%|          | 0/79 [00:00<?, ?it/s]
  1%|▏         | 1/79 [00:00<00:09,  8.64it/s]
  8%|▊         | 6/79 [00:00<00:02, 30.79it/s]
 13%|█▎        | 10/79 [00:00<00:02, 33.91it/s]
 18%|█▊        | 14/79 [00:00<00:01, 35.01it/s]
 23%|██▎       | 18/79 [00:00<00:01, 35.92it/s]
 28%|██▊       | 22/79 [00:00<00:01, 36.37it/s]
 33%|███▎      | 26/79 [00:00<00:01, 36.65it/s]
 38%|███▊      | 30/79 [00:00<00:01, 36.92it/s]
 43%|████▎     | 34/79 [00:00<00:01, 36.69it/s]
 48%|████▊     | 38/79 [00:01<00:01, 35.16it/s]
 53%|█████▎    | 42/79 [00:01<00:01, 32.80it/s]
 58%|█████▊    | 46/79 [00:01<00:01, 31.17it/s]
 63%|██████▎   | 50/79 [00:01<00:00, 30.33it/s]
 68%|██████▊   | 54/79 [00:01<00:00, 30.98it/s]
 73%|███████▎  | 58/79 [00:01<00:00, 32.94it/s]
 78%|███████▊  | 62/79 [00:01<00:00, 34.45it/s]
 84%|████████▎ | 66/79 [00:01<00:00, 35.71it/s]
 89%|████████▊ | 70/79 [00:02<00:00, 36.49it/s]
 94%|█████████▎| 74/79 [00:02<00:00, 37.05it/s]
 99%|█████████▊| 78/79 [00:02<00:00, 37.07it/s]
100%|██████████| 79/79 [00:02<00:00, 34.52it/s]

CommRound: 10/30
Accuracy: 74.59% | Loss: 1.1412
[####################----------------------------------------] 33.3%
Elapsed: 1.6m | Avg/Round: 9.6s | Last: 9.4s | Next: 9.6s | Remaining: 3.2m
ETA: 05:59:36
Recent round times: R1: 9.3s -> R2: 9.2s -> R3: 9.9s -> R4: 9.4s -> R5: 9.4s

  0%|          | 0/79 [00:00<?, ?it/s]
  1%|▏         | 1/79 [00:00<00:09,  8.43it/s]
  8%|▊         | 6/79 [00:00<00:02, 29.07it/s]
 13%|█▎        | 10/79 [00:00<00:02, 31.69it/s]
 18%|█▊        | 14/79 [00:00<00:01, 33.21it/s]
 23%|██▎       | 18/79 [00:00<00:01, 34.43it/s]
 28%|██▊       | 22/79 [00:00<00:01, 35.19it/s]
 33%|███▎      | 26/79 [00:00<00:01, 35.82it/s]
 38%|███▊      | 30/79 [00:00<00:01, 36.17it/s]
 43%|████▎     | 34/79 [00:01<00:01, 36.39it/s]
 48%|████▊     | 38/79 [00:01<00:01, 36.52it/s]
 53%|█████▎    | 42/79 [00:01<00:01, 36.64it/s]
 58%|█████▊    | 46/79 [00:01<00:00, 36.69it/s]
 63%|██████▎   | 50/79 [00:01<00:00, 37.01it/s]
 68%|██████▊   | 54/79 [00:01<00:00, 36.98it/s]
 73%|███████▎  | 58/79 [00:01<00:00, 36.97it/s]
 78%|███████▊  | 62/79 [00:01<00:00, 37.06it/s]
 84%|████████▎ | 66/79 [00:01<00:00, 37.01it/s]
 89%|████████▊ | 70/79 [00:01<00:00, 37.01it/s]
 94%|█████████▎| 74/79 [00:02<00:00, 36.74it/s]
 99%|█████████▊| 78/79 [00:02<00:00, 37.19it/s]
100%|██████████| 79/79 [00:02<00:00, 35.85it/s]

CommRound: 11/30
Accuracy: 83.82% | Loss: 0.6206
[######################--------------------------------------] 36.7%
Elapsed: 1.8m | Avg/Round: 9.6s | Last: 9.2s | Next: 9.6s | Remaining: 3.0m
ETA: 05:59:35
Recent round times: R1: 9.2s -> R2: 9.9s -> R3: 9.4s -> R4: 9.4s -> R5: 9.2s

  0%|          | 0/79 [00:00<?, ?it/s]
  1%|▏         | 1/79 [00:00<00:09,  8.14it/s]
  6%|▋         | 5/79 [00:00<00:03, 20.76it/s]
 11%|█▏        | 9/79 [00:00<00:02, 23.47it/s]
 16%|█▋        | 13/79 [00:00<00:02, 24.73it/s]
 22%|██▏       | 17/79 [00:00<00:02, 25.79it/s]
 27%|██▋       | 21/79 [00:00<00:02, 26.38it/s]
 32%|███▏      | 25/79 [00:00<00:01, 27.14it/s]
 37%|███▋      | 29/79 [00:01<00:01, 28.33it/s]
 42%|████▏     | 33/79 [00:01<00:01, 31.00it/s]
 47%|████▋     | 37/79 [00:01<00:01, 33.14it/s]
 52%|█████▏    | 41/79 [00:01<00:01, 34.80it/s]
 57%|█████▋    | 45/79 [00:01<00:00, 36.06it/s]
 62%|██████▏   | 49/79 [00:01<00:00, 36.95it/s]
 67%|██████▋   | 53/79 [00:01<00:00, 37.60it/s]
 72%|███████▏  | 57/79 [00:01<00:00, 38.10it/s]
 77%|███████▋  | 61/79 [00:01<00:00, 35.49it/s]
 82%|████████▏ | 65/79 [00:02<00:00, 34.51it/s]
 87%|████████▋ | 69/79 [00:02<00:00, 35.87it/s]
 92%|█████████▏| 73/79 [00:02<00:00, 36.85it/s]
 97%|█████████▋| 77/79 [00:02<00:00, 37.57it/s]
100%|██████████| 79/79 [00:02<00:00, 32.20it/s]

CommRound: 12/30
Accuracy: 82.14% | Loss: 0.8281
[########################------------------------------------] 40.0%
Elapsed: 1.9m | Avg/Round: 9.6s | Last: 9.4s | Next: 9.6s | Remaining: 2.9m
ETA: 05:59:35
Recent round times: R1: 9.9s -> R2: 9.4s -> R3: 9.4s -> R4: 9.2s -> R5: 9.4s

  0%|          | 0/79 [00:00<?, ?it/s]
  3%|▎         | 2/79 [00:00<00:03, 19.82it/s]
  8%|▊         | 6/79 [00:00<00:02, 30.17it/s]
 13%|█▎        | 10/79 [00:00<00:02, 32.91it/s]
 18%|█▊        | 14/79 [00:00<00:01, 34.17it/s]
 23%|██▎       | 18/79 [00:00<00:01, 34.99it/s]
 28%|██▊       | 22/79 [00:00<00:01, 35.55it/s]
 33%|███▎      | 26/79 [00:00<00:01, 35.85it/s]
 38%|███▊      | 30/79 [00:00<00:01, 36.16it/s]
 43%|████▎     | 34/79 [00:00<00:01, 36.47it/s]
 48%|████▊     | 38/79 [00:01<00:01, 36.67it/s]
 53%|█████▎    | 42/79 [00:01<00:00, 37.00it/s]
 58%|█████▊    | 46/79 [00:01<00:00, 37.16it/s]
 63%|██████▎   | 50/79 [00:01<00:00, 37.18it/s]
 68%|██████▊   | 54/79 [00:01<00:00, 36.86it/s]
 73%|███████▎  | 58/79 [00:01<00:00, 36.86it/s]
 78%|███████▊  | 62/79 [00:01<00:00, 36.98it/s]
 84%|████████▎ | 66/79 [00:01<00:00, 36.95it/s]
 89%|████████▊ | 70/79 [00:01<00:00, 37.17it/s]
 94%|█████████▎| 74/79 [00:02<00:00, 37.26it/s]
 99%|█████████▊| 78/79 [00:02<00:00, 37.02it/s]
100%|██████████| 79/79 [00:02<00:00, 36.27it/s]

CommRound: 13/30
Accuracy: 82.70% | Loss: 0.7644
[##########################----------------------------------] 43.3%
Elapsed: 2.1m | Avg/Round: 9.5s | Last: 9.1s | Next: 9.5s | Remaining: 2.7m
ETA: 05:59:33
Recent round times: R1: 9.4s -> R2: 9.4s -> R3: 9.2s -> R4: 9.4s -> R5: 9.1s

  0%|          | 0/79 [00:00<?, ?it/s]
  3%|▎         | 2/79 [00:00<00:03, 19.26it/s]
  6%|▋         | 5/79 [00:00<00:03, 23.94it/s]
 11%|█▏        | 9/79 [00:00<00:02, 26.42it/s]
 16%|█▋        | 13/79 [00:00<00:02, 27.29it/s]
 22%|██▏       | 17/79 [00:00<00:02, 28.03it/s]
 27%|██▋       | 21/79 [00:00<00:02, 28.43it/s]
 32%|███▏      | 25/79 [00:00<00:01, 28.84it/s]
 37%|███▋      | 29/79 [00:01<00:01, 29.18it/s]
 42%|████▏     | 33/79 [00:01<00:01, 29.92it/s]
 47%|████▋     | 37/79 [00:01<00:01, 30.14it/s]
 52%|█████▏    | 41/79 [00:01<00:01, 30.36it/s]
 57%|█████▋    | 45/79 [00:01<00:01, 30.68it/s]
 62%|██████▏   | 49/79 [00:01<00:01, 29.80it/s]
 67%|██████▋   | 53/79 [00:01<00:00, 30.20it/s]
 72%|███████▏  | 57/79 [00:01<00:00, 30.38it/s]
 77%|███████▋  | 61/79 [00:02<00:00, 30.21it/s]
 82%|████████▏ | 65/79 [00:02<00:00, 30.08it/s]
 87%|████████▋ | 69/79 [00:02<00:00, 29.90it/s]
 92%|█████████▏| 73/79 [00:02<00:00, 30.11it/s]
 97%|█████████▋| 77/79 [00:02<00:00, 31.03it/s]
100%|██████████| 79/79 [00:02<00:00, 30.02it/s]

CommRound: 14/30
Accuracy: 87.15% | Loss: 0.5805
[############################--------------------------------] 46.7%
Elapsed: 2.2m | Avg/Round: 9.5s | Last: 9.4s | Next: 9.5s | Remaining: 2.5m
ETA: 05:59:33
Recent round times: R1: 9.4s -> R2: 9.2s -> R3: 9.4s -> R4: 9.1s -> R5: 9.4s

  0%|          | 0/79 [00:00<?, ?it/s]
  4%|▍         | 3/79 [00:00<00:03, 19.23it/s]
  9%|▉         | 7/79 [00:00<00:03, 23.26it/s]
 14%|█▍        | 11/79 [00:00<00:02, 24.68it/s]
 19%|█▉        | 15/79 [00:00<00:02, 25.30it/s]
 24%|██▍       | 19/79 [00:00<00:02, 26.01it/s]
 29%|██▉       | 23/79 [00:00<00:02, 26.58it/s]
 34%|███▍      | 27/79 [00:01<00:01, 26.51it/s]
 39%|███▉      | 31/79 [00:01<00:01, 26.46it/s]
 44%|████▍     | 35/79 [00:01<00:01, 26.94it/s]
 49%|████▉     | 39/79 [00:01<00:01, 27.09it/s]
 54%|█████▍    | 43/79 [00:01<00:01, 27.30it/s]
 59%|█████▉    | 47/79 [00:01<00:01, 26.97it/s]
 65%|██████▍   | 51/79 [00:01<00:01, 26.91it/s]
 70%|██████▉   | 55/79 [00:02<00:00, 26.21it/s]
 75%|███████▍  | 59/79 [00:02<00:00, 25.96it/s]
 80%|███████▉  | 63/79 [00:02<00:00, 26.49it/s]
 85%|████████▍ | 67/79 [00:02<00:00, 26.68it/s]
 90%|████████▉ | 71/79 [00:02<00:00, 26.69it/s]
 95%|█████████▍| 75/79 [00:02<00:00, 26.53it/s]
100%|██████████| 79/79 [00:02<00:00, 26.66it/s]

CommRound: 15/30
Accuracy: 87.65% | Loss: 0.5749
[##############################------------------------------] 50.0%
Elapsed: 2.4m | Avg/Round: 9.5s | Last: 9.6s | Next: 9.5s | Remaining: 2.4m
ETA: 05:59:33
Recent round times: R1: 9.2s -> R2: 9.4s -> R3: 9.1s -> R4: 9.4s -> R5: 9.6s

  0%|          | 0/79 [00:00<?, ?it/s]
  1%|▏         | 1/79 [00:00<00:08,  9.25it/s]
  8%|▊         | 6/79 [00:00<00:02, 30.49it/s]
 13%|█▎        | 10/79 [00:00<00:02, 32.91it/s]
 18%|█▊        | 14/79 [00:00<00:01, 34.63it/s]
 23%|██▎       | 18/79 [00:00<00:01, 34.58it/s]
 28%|██▊       | 22/79 [00:00<00:01, 35.62it/s]
 33%|███▎      | 26/79 [00:00<00:01, 36.28it/s]
 38%|███▊      | 30/79 [00:00<00:01, 36.77it/s]
 43%|████▎     | 34/79 [00:00<00:01, 37.09it/s]
 48%|████▊     | 38/79 [00:01<00:01, 37.32it/s]
 53%|█████▎    | 42/79 [00:01<00:00, 37.47it/s]
 58%|█████▊    | 46/79 [00:01<00:00, 37.54it/s]
 63%|██████▎   | 50/79 [00:01<00:00, 37.55it/s]
 68%|██████▊   | 54/79 [00:01<00:00, 37.53it/s]
 73%|███████▎  | 58/79 [00:01<00:00, 37.54it/s]
 78%|███████▊  | 62/79 [00:01<00:00, 37.22it/s]
 84%|████████▎ | 66/79 [00:01<00:00, 37.01it/s]
 89%|████████▊ | 70/79 [00:01<00:00, 37.02it/s]
 94%|█████████▎| 74/79 [00:02<00:00, 37.33it/s]
 99%|█████████▊| 78/79 [00:02<00:00, 37.28it/s]
100%|██████████| 79/79 [00:02<00:00, 36.35it/s]

CommRound: 16/30
Accuracy: 87.45% | Loss: 0.6268
[################################----------------------------] 53.3%
Elapsed: 2.5m | Avg/Round: 9.5s | Last: 9.1s | Next: 9.5s | Remaining: 2.2m
ETA: 05:59:32
Recent round times: R1: 9.4s -> R2: 9.1s -> R3: 9.4s -> R4: 9.6s -> R5: 9.1s

  0%|          | 0/79 [00:00<?, ?it/s]
  3%|▎         | 2/79 [00:00<00:03, 19.68it/s]
  8%|▊         | 6/79 [00:00<00:02, 30.66it/s]
 13%|█▎        | 10/79 [00:00<00:02, 33.24it/s]
 18%|█▊        | 14/79 [00:00<00:01, 34.32it/s]
 23%|██▎       | 18/79 [00:00<00:01, 35.07it/s]
 28%|██▊       | 22/79 [00:00<00:01, 35.60it/s]
 33%|███▎      | 26/79 [00:00<00:01, 35.98it/s]
 38%|███▊      | 30/79 [00:00<00:01, 36.24it/s]
 43%|████▎     | 34/79 [00:00<00:01, 36.41it/s]
 48%|████▊     | 38/79 [00:01<00:01, 36.47it/s]
 53%|█████▎    | 42/79 [00:01<00:01, 36.56it/s]
 58%|█████▊    | 46/79 [00:01<00:00, 36.71it/s]
 63%|██████▎   | 50/79 [00:01<00:00, 32.34it/s]
 68%|██████▊   | 54/79 [00:01<00:00, 31.46it/s]
 73%|███████▎  | 58/79 [00:01<00:00, 32.93it/s]
 78%|███████▊  | 62/79 [00:01<00:00, 34.06it/s]
 84%|████████▎ | 66/79 [00:01<00:00, 34.84it/s]
 89%|████████▊ | 70/79 [00:02<00:00, 35.42it/s]
 94%|█████████▎| 74/79 [00:02<00:00, 35.67it/s]
 99%|█████████▊| 78/79 [00:02<00:00, 35.98it/s]
100%|██████████| 79/79 [00:02<00:00, 34.91it/s]

CommRound: 17/30
Accuracy: 86.78% | Loss: 0.6815
[##################################--------------------------] 56.7%
Elapsed: 2.7m | Avg/Round: 9.5s | Last: 9.2s | Next: 9.5s | Remaining: 2.1m
ETA: 05:59:32
Recent round times: R1: 9.1s -> R2: 9.4s -> R3: 9.6s -> R4: 9.1s -> R5: 9.2s

  0%|          | 0/79 [00:00<?, ?it/s]
  1%|▏         | 1/79 [00:00<00:07,  9.85it/s]
  8%|▊         | 6/79 [00:00<00:02, 27.75it/s]
 13%|█▎        | 10/79 [00:00<00:02, 32.15it/s]
 18%|█▊        | 14/79 [00:00<00:01, 34.43it/s]
 23%|██▎       | 18/79 [00:00<00:01, 36.08it/s]
 28%|██▊       | 22/79 [00:00<00:01, 36.95it/s]
 33%|███▎      | 26/79 [00:00<00:01, 37.19it/s]
 38%|███▊      | 30/79 [00:00<00:01, 37.36it/s]
 43%|████▎     | 34/79 [00:00<00:01, 37.50it/s]
 48%|████▊     | 38/79 [00:01<00:01, 37.52it/s]
 53%|█████▎    | 42/79 [00:01<00:00, 37.46it/s]
 58%|█████▊    | 46/79 [00:01<00:00, 37.26it/s]
 63%|██████▎   | 50/79 [00:01<00:00, 37.05it/s]
 68%|██████▊   | 54/79 [00:01<00:00, 36.92it/s]
 73%|███████▎  | 58/79 [00:01<00:00, 36.94it/s]
 78%|███████▊  | 62/79 [00:01<00:00, 36.95it/s]
 84%|████████▎ | 66/79 [00:01<00:00, 36.37it/s]
 89%|████████▊ | 70/79 [00:01<00:00, 36.38it/s]
 94%|█████████▎| 74/79 [00:02<00:00, 36.06it/s]
 99%|█████████▊| 78/79 [00:02<00:00, 36.20it/s]
100%|██████████| 79/79 [00:02<00:00, 36.07it/s]

CommRound: 18/30
Accuracy: 88.11% | Loss: 0.6102
[####################################------------------------] 60.0%
Elapsed: 2.8m | Avg/Round: 9.5s | Last: 9.1s | Next: 9.5s | Remaining: 1.9m
ETA: 05:59:31
Recent round times: R1: 9.4s -> R2: 9.6s -> R3: 9.1s -> R4: 9.2s -> R5: 9.1s

  0%|          | 0/79 [00:00<?, ?it/s]
  3%|▎         | 2/79 [00:00<00:03, 19.69it/s]
  8%|▊         | 6/79 [00:00<00:02, 29.31it/s]
 13%|█▎        | 10/79 [00:00<00:02, 32.09it/s]
 18%|█▊        | 14/79 [00:00<00:01, 33.74it/s]
 23%|██▎       | 18/79 [00:00<00:01, 34.77it/s]
 28%|██▊       | 22/79 [00:00<00:01, 35.49it/s]
 33%|███▎      | 26/79 [00:00<00:01, 36.03it/s]
 38%|███▊      | 30/79 [00:00<00:01, 36.37it/s]
 43%|████▎     | 34/79 [00:00<00:01, 36.68it/s]
 48%|████▊     | 38/79 [00:01<00:01, 36.86it/s]
 53%|█████▎    | 42/79 [00:01<00:00, 37.08it/s]
 58%|█████▊    | 46/79 [00:01<00:00, 37.16it/s]
 63%|██████▎   | 50/79 [00:01<00:00, 37.23it/s]
 68%|██████▊   | 54/79 [00:01<00:00, 37.19it/s]
 73%|███████▎  | 58/79 [00:01<00:00, 37.26it/s]
 78%|███████▊  | 62/79 [00:01<00:00, 37.22it/s]
 84%|████████▎ | 66/79 [00:01<00:00, 37.19it/s]
 89%|████████▊ | 70/79 [00:01<00:00, 37.15it/s]
 94%|█████████▎| 74/79 [00:02<00:00, 37.34it/s]
 99%|█████████▊| 78/79 [00:02<00:00, 37.15it/s]
100%|██████████| 79/79 [00:02<00:00, 36.30it/s]

CommRound: 19/30
Accuracy: 87.97% | Loss: 0.6478
[######################################----------------------] 63.3%
Elapsed: 3.0m | Avg/Round: 9.5s | Last: 9.1s | Next: 9.5s | Remaining: 1.7m
ETA: 05:59:31
Recent round times: R1: 9.6s -> R2: 9.1s -> R3: 9.2s -> R4: 9.1s -> R5: 9.1s

  0%|          | 0/79 [00:00<?, ?it/s]
  1%|▏         | 1/79 [00:00<00:08,  9.60it/s]
  8%|▊         | 6/79 [00:00<00:02, 31.49it/s]
 13%|█▎        | 10/79 [00:00<00:02, 33.50it/s]
 18%|█▊        | 14/79 [00:00<00:01, 34.04it/s]
 23%|██▎       | 18/79 [00:00<00:01, 34.38it/s]
 28%|██▊       | 22/79 [00:00<00:01, 32.66it/s]
 33%|███▎      | 26/79 [00:00<00:01, 31.88it/s]
 38%|███▊      | 30/79 [00:00<00:01, 30.43it/s]
 43%|████▎     | 34/79 [00:01<00:01, 30.54it/s]
 48%|████▊     | 38/79 [00:01<00:01, 30.60it/s]
 53%|█████▎    | 42/79 [00:01<00:01, 30.96it/s]
 58%|█████▊    | 46/79 [00:01<00:01, 32.23it/s]
 63%|██████▎   | 50/79 [00:01<00:00, 33.51it/s]
 68%|██████▊   | 54/79 [00:01<00:00, 33.93it/s]
 73%|███████▎  | 58/79 [00:01<00:00, 34.19it/s]
 78%|███████▊  | 62/79 [00:01<00:00, 34.38it/s]
 84%|████████▎ | 66/79 [00:02<00:00, 34.40it/s]
 89%|████████▊ | 70/79 [00:02<00:00, 34.67it/s]
 94%|█████████▎| 74/79 [00:02<00:00, 35.48it/s]
 99%|█████████▊| 78/79 [00:02<00:00, 35.91it/s]
100%|██████████| 79/79 [00:02<00:00, 33.24it/s]

CommRound: 20/30
Accuracy: 86.80% | Loss: 0.7553
[########################################--------------------] 66.7%
Elapsed: 3.1m | Avg/Round: 9.4s | Last: 9.3s | Next: 9.4s | Remaining: 1.6m
ETA: 05:59:30
Recent round times: R1: 9.1s -> R2: 9.2s -> R3: 9.1s -> R4: 9.1s -> R5: 9.3s

  0%|          | 0/79 [00:00<?, ?it/s]
  1%|▏         | 1/79 [00:00<00:10,  7.43it/s]
  6%|▋         | 5/79 [00:00<00:03, 20.25it/s]
 11%|█▏        | 9/79 [00:00<00:03, 22.28it/s]
 16%|█▋        | 13/79 [00:00<00:02, 23.09it/s]
 22%|██▏       | 17/79 [00:00<00:02, 24.00it/s]
 27%|██▋       | 21/79 [00:00<00:02, 24.67it/s]
 32%|███▏      | 25/79 [00:01<00:02, 24.56it/s]
 37%|███▋      | 29/79 [00:01<00:02, 24.48it/s]
 42%|████▏     | 33/79 [00:01<00:01, 24.89it/s]
 47%|████▋     | 37/79 [00:01<00:01, 25.08it/s]
 52%|█████▏    | 41/79 [00:01<00:01, 25.68it/s]
 57%|█████▋    | 45/79 [00:01<00:01, 26.71it/s]
 62%|██████▏   | 49/79 [00:01<00:01, 29.23it/s]
 67%|██████▋   | 53/79 [00:02<00:00, 31.28it/s]
 72%|███████▏  | 57/79 [00:02<00:00, 32.37it/s]
 77%|███████▋  | 61/79 [00:02<00:00, 33.70it/s]
 82%|████████▏ | 65/79 [00:02<00:00, 34.71it/s]
 87%|████████▋ | 69/79 [00:02<00:00, 35.42it/s]
 92%|█████████▏| 73/79 [00:02<00:00, 35.84it/s]
 97%|█████████▋| 77/79 [00:02<00:00, 34.62it/s]
100%|██████████| 79/79 [00:02<00:00, 28.51it/s]

CommRound: 21/30
Accuracy: 87.74% | Loss: 0.7280
[##########################################------------------] 70.0%
Elapsed: 3.3m | Avg/Round: 9.5s | Last: 9.6s | Next: 9.5s | Remaining: 1.4m
ETA: 05:59:31
Recent round times: R1: 9.2s -> R2: 9.1s -> R3: 9.1s -> R4: 9.3s -> R5: 9.6s

  0%|          | 0/79 [00:00<?, ?it/s]
  3%|▎         | 2/79 [00:00<00:03, 19.49it/s]
  8%|▊         | 6/79 [00:00<00:02, 30.29it/s]
 13%|█▎        | 10/79 [00:00<00:02, 32.15it/s]
 18%|█▊        | 14/79 [00:00<00:01, 33.66it/s]
 23%|██▎       | 18/79 [00:00<00:01, 34.40it/s]
 28%|██▊       | 22/79 [00:00<00:01, 34.98it/s]
 33%|███▎      | 26/79 [00:00<00:01, 35.49it/s]
 38%|███▊      | 30/79 [00:00<00:01, 35.86it/s]
 43%|████▎     | 34/79 [00:00<00:01, 36.04it/s]
 48%|████▊     | 38/79 [00:01<00:01, 36.20it/s]
 53%|█████▎    | 42/79 [00:01<00:01, 36.18it/s]
 58%|█████▊    | 46/79 [00:01<00:00, 36.17it/s]
 63%|██████▎   | 50/79 [00:01<00:00, 36.15it/s]
 68%|██████▊   | 54/79 [00:01<00:00, 36.19it/s]
 73%|███████▎  | 58/79 [00:01<00:00, 36.23it/s]
 78%|███████▊  | 62/79 [00:01<00:00, 36.32it/s]
 84%|████████▎ | 66/79 [00:01<00:00, 36.30it/s]
 89%|████████▊ | 70/79 [00:01<00:00, 36.41it/s]
 94%|█████████▎| 74/79 [00:02<00:00, 36.24it/s]
 99%|█████████▊| 78/79 [00:02<00:00, 36.41it/s]
100%|██████████| 79/79 [00:02<00:00, 35.62it/s]

CommRound: 22/30
Accuracy: 88.61% | Loss: 0.6826
[############################################----------------] 73.3%
Elapsed: 3.5m | Avg/Round: 9.4s | Last: 9.1s | Next: 9.4s | Remaining: 1.3m
ETA: 05:59:30
Recent round times: R1: 9.1s -> R2: 9.1s -> R3: 9.3s -> R4: 9.6s -> R5: 9.1s

  0%|          | 0/79 [00:00<?, ?it/s]
  1%|▏         | 1/79 [00:00<00:08,  9.72it/s]
  6%|▋         | 5/79 [00:00<00:03, 20.46it/s]
 11%|█▏        | 9/79 [00:00<00:03, 22.82it/s]
 16%|█▋        | 13/79 [00:00<00:02, 25.28it/s]
 22%|██▏       | 17/79 [00:00<00:02, 28.88it/s]
 27%|██▋       | 21/79 [00:00<00:01, 31.40it/s]
 32%|███▏      | 25/79 [00:00<00:01, 33.38it/s]
 37%|███▋      | 29/79 [00:00<00:01, 34.73it/s]
 42%|████▏     | 33/79 [00:01<00:01, 35.78it/s]
 47%|████▋     | 37/79 [00:01<00:01, 36.58it/s]
 52%|█████▏    | 41/79 [00:01<00:01, 37.14it/s]
 57%|█████▋    | 45/79 [00:01<00:00, 37.69it/s]
 62%|██████▏   | 49/79 [00:01<00:00, 37.47it/s]
 67%|██████▋   | 53/79 [00:01<00:00, 37.80it/s]
 72%|███████▏  | 57/79 [00:01<00:00, 37.79it/s]
 77%|███████▋  | 61/79 [00:01<00:00, 37.86it/s]
 82%|████████▏ | 65/79 [00:01<00:00, 37.97it/s]
 87%|████████▋ | 69/79 [00:02<00:00, 37.80it/s]
 92%|█████████▏| 73/79 [00:02<00:00, 37.28it/s]
 97%|█████████▋| 77/79 [00:02<00:00, 37.34it/s]
100%|██████████| 79/79 [00:02<00:00, 34.65it/s]

CommRound: 23/30
Accuracy: 88.51% | Loss: 0.7057
[##############################################--------------] 76.7%
Elapsed: 3.6m | Avg/Round: 9.4s | Last: 9.2s | Next: 9.4s | Remaining: 1.1m
ETA: 05:59:30
Recent round times: R1: 9.1s -> R2: 9.3s -> R3: 9.6s -> R4: 9.1s -> R5: 9.2s

  0%|          | 0/79 [00:00<?, ?it/s]
  1%|▏         | 1/79 [00:00<00:08,  9.53it/s]
  6%|▋         | 5/79 [00:00<00:02, 25.72it/s]
 11%|█▏        | 9/79 [00:00<00:02, 26.74it/s]
 16%|█▋        | 13/79 [00:00<00:02, 27.70it/s]
 22%|██▏       | 17/79 [00:00<00:02, 28.18it/s]
 27%|██▋       | 21/79 [00:00<00:02, 28.61it/s]
 32%|███▏      | 25/79 [00:00<00:01, 29.27it/s]
 37%|███▋      | 29/79 [00:01<00:01, 30.03it/s]
 42%|████▏     | 33/79 [00:01<00:01, 30.49it/s]
 47%|████▋     | 37/79 [00:01<00:01, 31.12it/s]
 52%|█████▏    | 41/79 [00:01<00:01, 31.59it/s]
 57%|█████▋    | 45/79 [00:01<00:01, 31.49it/s]
 62%|██████▏   | 49/79 [00:01<00:00, 31.35it/s]
 67%|██████▋   | 53/79 [00:01<00:00, 31.69it/s]
 72%|███████▏  | 57/79 [00:01<00:00, 32.19it/s]
 77%|███████▋  | 61/79 [00:02<00:00, 32.76it/s]
 82%|████████▏ | 65/79 [00:02<00:00, 32.96it/s]
 87%|████████▋ | 69/79 [00:02<00:00, 34.18it/s]
 92%|█████████▏| 73/79 [00:02<00:00, 35.10it/s]
 97%|█████████▋| 77/79 [00:02<00:00, 35.53it/s]
100%|██████████| 79/79 [00:02<00:00, 31.35it/s]

CommRound: 24/30
Accuracy: 88.55% | Loss: 0.7116
[################################################------------] 80.0%
Elapsed: 3.8m | Avg/Round: 9.4s | Last: 9.7s | Next: 9.4s | Remaining: 0.9m
ETA: 05:59:30
Recent round times: R1: 9.3s -> R2: 9.6s -> R3: 9.1s -> R4: 9.2s -> R5: 9.7s

  0%|          | 0/79 [00:00<?, ?it/s]
  1%|▏         | 1/79 [00:00<00:07,  9.88it/s]
  8%|▊         | 6/79 [00:00<00:02, 31.12it/s]
 13%|█▎        | 10/79 [00:00<00:02, 33.23it/s]
 18%|█▊        | 14/79 [00:00<00:01, 34.27it/s]
 23%|██▎       | 18/79 [00:00<00:01, 34.94it/s]
 28%|██▊       | 22/79 [00:00<00:01, 35.44it/s]
 33%|███▎      | 26/79 [00:00<00:01, 35.80it/s]
 38%|███▊      | 30/79 [00:00<00:01, 36.05it/s]
 43%|████▎     | 34/79 [00:00<00:01, 36.02it/s]
 48%|████▊     | 38/79 [00:01<00:01, 36.39it/s]
 53%|█████▎    | 42/79 [00:01<00:01, 36.47it/s]
 58%|█████▊    | 46/79 [00:01<00:00, 36.50it/s]
 63%|██████▎   | 50/79 [00:01<00:00, 36.59it/s]
 68%|██████▊   | 54/79 [00:01<00:00, 36.72it/s]
 73%|███████▎  | 58/79 [00:01<00:00, 36.96it/s]
 78%|███████▊  | 62/79 [00:01<00:00, 36.91it/s]
 84%|████████▎ | 66/79 [00:01<00:00, 36.88it/s]
 89%|████████▊ | 70/79 [00:01<00:00, 36.86it/s]
 94%|█████████▎| 74/79 [00:02<00:00, 36.80it/s]
 99%|█████████▊| 78/79 [00:02<00:00, 36.27it/s]
100%|██████████| 79/79 [00:02<00:00, 35.79it/s]

CommRound: 25/30
Accuracy: 88.49% | Loss: 0.7177
[##################################################----------] 83.3%
Elapsed: 3.9m | Avg/Round: 9.4s | Last: 9.1s | Next: 9.4s | Remaining: 0.8m
ETA: 05:59:30
Recent round times: R1: 9.6s -> R2: 9.1s -> R3: 9.2s -> R4: 9.7s -> R5: 9.1s

  0%|          | 0/79 [00:00<?, ?it/s]
  3%|▎         | 2/79 [00:00<00:03, 19.57it/s]
  8%|▊         | 6/79 [00:00<00:02, 29.79it/s]
 13%|█▎        | 10/79 [00:00<00:02, 32.31it/s]
 18%|█▊        | 14/79 [00:00<00:01, 33.50it/s]
 23%|██▎       | 18/79 [00:00<00:01, 34.03it/s]
 28%|██▊       | 22/79 [00:00<00:01, 34.94it/s]
 33%|███▎      | 26/79 [00:00<00:01, 35.36it/s]
 38%|███▊      | 30/79 [00:00<00:01, 35.83it/s]
 43%|████▎     | 34/79 [00:00<00:01, 35.91it/s]
 48%|████▊     | 38/79 [00:01<00:01, 36.10it/s]
 53%|█████▎    | 42/79 [00:01<00:01, 36.28it/s]
 58%|█████▊    | 46/79 [00:01<00:00, 36.31it/s]
 63%|██████▎   | 50/79 [00:01<00:00, 36.35it/s]
 68%|██████▊   | 54/79 [00:01<00:00, 36.51it/s]
 73%|███████▎  | 58/79 [00:01<00:00, 34.91it/s]
 78%|███████▊  | 62/79 [00:01<00:00, 35.55it/s]
 84%|████████▎ | 66/79 [00:01<00:00, 35.85it/s]
 89%|████████▊ | 70/79 [00:01<00:00, 36.07it/s]
 94%|█████████▎| 74/79 [00:02<00:00, 35.68it/s]
 99%|█████████▊| 78/79 [00:02<00:00, 36.14it/s]
100%|██████████| 79/79 [00:02<00:00, 35.29it/s]

CommRound: 26/30
Accuracy: 88.55% | Loss: 0.7244
[####################################################--------] 86.7%
Elapsed: 4.1m | Avg/Round: 9.4s | Last: 9.2s | Next: 9.4s | Remaining: 0.6m
ETA: 05:59:29
Recent round times: R1: 9.1s -> R2: 9.2s -> R3: 9.7s -> R4: 9.1s -> R5: 9.2s

  0%|          | 0/79 [00:00<?, ?it/s]
  1%|▏         | 1/79 [00:00<00:07,  9.89it/s]
  8%|▊         | 6/79 [00:00<00:02, 31.23it/s]
 13%|█▎        | 10/79 [00:00<00:02, 33.49it/s]
 18%|█▊        | 14/79 [00:00<00:01, 35.22it/s]
 23%|██▎       | 18/79 [00:00<00:01, 33.43it/s]
 28%|██▊       | 22/79 [00:00<00:01, 31.86it/s]
 33%|███▎      | 26/79 [00:00<00:01, 30.58it/s]
 38%|███▊      | 30/79 [00:00<00:01, 29.62it/s]
 42%|████▏     | 33/79 [00:01<00:01, 29.35it/s]
 46%|████▌     | 36/79 [00:01<00:01, 29.26it/s]
 49%|████▉     | 39/79 [00:01<00:01, 29.11it/s]
 53%|█████▎    | 42/79 [00:01<00:01, 28.58it/s]
 57%|█████▋    | 45/79 [00:01<00:01, 28.93it/s]
 62%|██████▏   | 49/79 [00:01<00:00, 31.36it/s]
 67%|██████▋   | 53/79 [00:01<00:00, 33.25it/s]
 72%|███████▏  | 57/79 [00:01<00:00, 34.55it/s]
 77%|███████▋  | 61/79 [00:01<00:00, 31.99it/s]
 82%|████████▏ | 65/79 [00:02<00:00, 31.62it/s]
 87%|████████▋ | 69/79 [00:02<00:00, 33.09it/s]
 92%|█████████▏| 73/79 [00:02<00:00, 33.72it/s]
 97%|█████████▋| 77/79 [00:02<00:00, 32.12it/s]
100%|██████████| 79/79 [00:02<00:00, 31.58it/s]

CommRound: 27/30
Accuracy: 88.53% | Loss: 0.7306
[######################################################------] 90.0%
Elapsed: 4.2m | Avg/Round: 9.4s | Last: 9.7s | Next: 9.4s | Remaining: 0.5m
ETA: 05:59:30
Recent round times: R1: 9.2s -> R2: 9.7s -> R3: 9.1s -> R4: 9.2s -> R5: 9.7s
EARLY_STOP: round=27; best_acc=88.61; current_acc=88.53; threshold=90.00; patience=5; reason=converged_below_target
Total time for experiment: 254.52265238761902 seconds
Device average training time per communication round [s]:
    rpi (sld-rpi-09.ece.utexas.edu): 4.12 seconds
    mc1 (sld-mc1-09.ece.utexas.edu): 1.88 seconds
