
  0%|          | 0/79 [00:00<?, ?it/s]
  4%|▍         | 3/79 [00:00<00:03, 22.11it/s]
 10%|█         | 8/79 [00:00<00:01, 35.92it/s]
 16%|█▋        | 13/79 [00:00<00:01, 35.38it/s]
 24%|██▍       | 19/79 [00:00<00:01, 38.42it/s]
 32%|███▏      | 25/79 [00:00<00:01, 40.18it/s]
 39%|███▉      | 31/79 [00:00<00:01, 41.21it/s]
 47%|████▋     | 37/79 [00:00<00:01, 41.82it/s]
 54%|█████▍    | 43/79 [00:01<00:00, 42.06it/s]
 62%|██████▏   | 49/79 [00:01<00:00, 42.13it/s]
 70%|██████▉   | 55/79 [00:01<00:00, 42.46it/s]
 76%|███████▌  | 60/79 [00:01<00:00, 44.24it/s]
 82%|████████▏ | 65/79 [00:01<00:00, 40.80it/s]
 90%|████████▉ | 71/79 [00:01<00:00, 41.08it/s]
 97%|█████████▋| 77/79 [00:01<00:00, 41.18it/s]
100%|██████████| 79/79 [00:01<00:00, 41.11it/s]
Initial Accuracy: 10.81%; Initial Loss: 2.3021

  0%|          | 0/79 [00:00<?, ?it/s]
  1%|▏         | 1/79 [00:00<00:09,  8.41it/s]
  9%|▉         | 7/79 [00:00<00:02, 29.66it/s]
 14%|█▍        | 11/79 [00:00<00:02, 33.36it/s]
 19%|█▉        | 15/79 [00:00<00:01, 35.19it/s]
 24%|██▍       | 19/79 [00:00<00:01, 36.75it/s]
 30%|███       | 24/79 [00:00<00:01, 40.93it/s]
 37%|███▋      | 29/79 [00:00<00:01, 37.26it/s]
 43%|████▎     | 34/79 [00:00<00:01, 40.57it/s]
 49%|████▉     | 39/79 [00:01<00:01, 38.86it/s]
 57%|█████▋    | 45/79 [00:01<00:00, 39.98it/s]
 63%|██████▎   | 50/79 [00:01<00:00, 41.60it/s]
 70%|██████▉   | 55/79 [00:01<00:00, 40.21it/s]
 76%|███████▌  | 60/79 [00:01<00:00, 40.55it/s]
 82%|████████▏ | 65/79 [00:01<00:00, 41.30it/s]
 89%|████████▊ | 70/79 [00:01<00:00, 39.38it/s]
 94%|█████████▎| 74/79 [00:01<00:00, 39.45it/s]
 99%|█████████▊| 78/79 [00:02<00:00, 39.52it/s]
100%|██████████| 79/79 [00:02<00:00, 38.60it/s]

CommRound: 1/30
Accuracy: 45.49% | Loss: 1.4939
[##----------------------------------------------------------] 3.3%
Elapsed: 0.2m | Avg/Round: 11.9s | Last: 9.9s | Next: 11.9s | Remaining: 5.7m
ETA: 18:31:50
Recent round times: R1: 9.9s

  0%|          | 0/79 [00:00<?, ?it/s]
  3%|▎         | 2/79 [00:00<00:03, 19.53it/s]
  9%|▉         | 7/79 [00:00<00:02, 32.35it/s]
 15%|█▌        | 12/79 [00:00<00:01, 38.97it/s]
 22%|██▏       | 17/79 [00:00<00:01, 38.15it/s]
 28%|██▊       | 22/79 [00:00<00:01, 40.65it/s]
 34%|███▍      | 27/79 [00:00<00:01, 40.06it/s]
 41%|████      | 32/79 [00:00<00:01, 41.09it/s]
 47%|████▋     | 37/79 [00:00<00:01, 40.95it/s]
 53%|█████▎    | 42/79 [00:01<00:00, 41.00it/s]
 59%|█████▉    | 47/79 [00:01<00:00, 40.97it/s]
 66%|██████▌   | 52/79 [00:01<00:00, 41.13it/s]
 72%|███████▏  | 57/79 [00:01<00:00, 41.72it/s]
 78%|███████▊  | 62/79 [00:01<00:00, 41.03it/s]
 85%|████████▍ | 67/79 [00:01<00:00, 42.18it/s]
 91%|█████████ | 72/79 [00:01<00:00, 40.59it/s]
 97%|█████████▋| 77/79 [00:01<00:00, 42.81it/s]
100%|██████████| 79/79 [00:01<00:00, 40.39it/s]

CommRound: 2/30
Accuracy: 80.73% | Loss: 0.6016
[####--------------------------------------------------------] 6.7%
Elapsed: 0.4m | Avg/Round: 11.0s | Last: 10.2s | Next: 11.0s | Remaining: 5.2m
ETA: 18:31:25
Recent round times: R1: 9.9s -> R2: 10.2s

  0%|          | 0/79 [00:00<?, ?it/s]
  3%|▎         | 2/79 [00:00<00:04, 18.71it/s]
  9%|▉         | 7/79 [00:00<00:02, 33.12it/s]
 15%|█▌        | 12/79 [00:00<00:01, 37.96it/s]
 20%|██        | 16/79 [00:00<00:01, 38.48it/s]
 27%|██▋       | 21/79 [00:00<00:01, 40.14it/s]
 33%|███▎      | 26/79 [00:00<00:01, 39.49it/s]
 39%|███▉      | 31/79 [00:00<00:01, 42.24it/s]
 46%|████▌     | 36/79 [00:00<00:01, 39.92it/s]
 52%|█████▏    | 41/79 [00:01<00:00, 42.58it/s]
 58%|█████▊    | 46/79 [00:01<00:00, 39.99it/s]
 66%|██████▌   | 52/79 [00:01<00:00, 40.52it/s]
 73%|███████▎  | 58/79 [00:01<00:00, 40.95it/s]
 81%|████████  | 64/79 [00:01<00:00, 41.25it/s]
 89%|████████▊ | 70/79 [00:01<00:00, 41.53it/s]
 96%|█████████▌| 76/79 [00:01<00:00, 41.65it/s]
100%|██████████| 79/79 [00:01<00:00, 40.49it/s]

CommRound: 3/30
Accuracy: 85.04% | Loss: 0.4363
[######------------------------------------------------------] 10.0%
Elapsed: 0.5m | Avg/Round: 10.7s | Last: 10.0s | Next: 10.7s | Remaining: 4.8m
ETA: 18:31:15
Recent round times: R1: 9.9s -> R2: 10.2s -> R3: 10.0s

  0%|          | 0/79 [00:00<?, ?it/s]
  1%|▏         | 1/79 [00:00<00:08,  9.42it/s]
  9%|▉         | 7/79 [00:00<00:02, 31.59it/s]
 15%|█▌        | 12/79 [00:00<00:01, 38.73it/s]
 20%|██        | 16/79 [00:00<00:01, 39.12it/s]
 27%|██▋       | 21/79 [00:00<00:01, 37.24it/s]
 33%|███▎      | 26/79 [00:00<00:01, 40.96it/s]
 39%|███▉      | 31/79 [00:00<00:01, 38.76it/s]
 46%|████▌     | 36/79 [00:00<00:01, 41.70it/s]
 52%|█████▏    | 41/79 [00:01<00:00, 39.18it/s]
 58%|█████▊    | 46/79 [00:01<00:00, 41.20it/s]
 65%|██████▍   | 51/79 [00:01<00:00, 39.24it/s]
 72%|███████▏  | 57/79 [00:01<00:00, 40.07it/s]
 78%|███████▊  | 62/79 [00:01<00:00, 42.47it/s]
 85%|████████▍ | 67/79 [00:01<00:00, 39.95it/s]
 91%|█████████ | 72/79 [00:01<00:00, 42.36it/s]
 97%|█████████▋| 77/79 [00:01<00:00, 39.68it/s]
100%|██████████| 79/79 [00:01<00:00, 39.83it/s]

CommRound: 4/30
Accuracy: 84.15% | Loss: 0.5021
[########----------------------------------------------------] 13.3%
Elapsed: 0.7m | Avg/Round: 10.5s | Last: 10.0s | Next: 10.5s | Remaining: 4.6m
ETA: 18:31:09
Recent round times: R1: 9.9s -> R2: 10.2s -> R3: 10.0s -> R4: 10.0s

  0%|          | 0/79 [00:00<?, ?it/s]
  4%|▍         | 3/79 [00:00<00:03, 22.55it/s]
  9%|▉         | 7/79 [00:00<00:02, 29.86it/s]
 16%|█▋        | 13/79 [00:00<00:01, 35.44it/s]
 22%|██▏       | 17/79 [00:00<00:01, 36.69it/s]
 28%|██▊       | 22/79 [00:00<00:01, 40.83it/s]
 34%|███▍      | 27/79 [00:00<00:01, 38.45it/s]
 42%|████▏     | 33/79 [00:00<00:01, 40.04it/s]
 49%|████▉     | 39/79 [00:01<00:00, 40.79it/s]
 56%|█████▌    | 44/79 [00:01<00:00, 42.96it/s]
 62%|██████▏   | 49/79 [00:01<00:00, 39.53it/s]
 68%|██████▊   | 54/79 [00:01<00:00, 42.05it/s]
 75%|███████▍  | 59/79 [00:01<00:00, 39.41it/s]
 82%|████████▏ | 65/79 [00:01<00:00, 40.55it/s]
 90%|████████▉ | 71/79 [00:01<00:00, 41.46it/s]
 97%|█████████▋| 77/79 [00:01<00:00, 41.99it/s]
100%|██████████| 79/79 [00:01<00:00, 40.39it/s]

CommRound: 5/30
Accuracy: 86.32% | Loss: 0.4424
[##########--------------------------------------------------] 16.7%
Elapsed: 0.9m | Avg/Round: 10.5s | Last: 10.2s | Next: 10.5s | Remaining: 4.4m
ETA: 18:31:07
Recent round times: R1: 9.9s -> R2: 10.2s -> R3: 10.0s -> R4: 10.0s -> R5: 10.2s

  0%|          | 0/79 [00:00<?, ?it/s]
  4%|▍         | 3/79 [00:00<00:03, 22.59it/s]
  9%|▉         | 7/79 [00:00<00:02, 31.12it/s]
 14%|█▍        | 11/79 [00:00<00:01, 34.83it/s]
 20%|██        | 16/79 [00:00<00:01, 35.59it/s]
 27%|██▋       | 21/79 [00:00<00:01, 38.79it/s]
 33%|███▎      | 26/79 [00:00<00:01, 38.14it/s]
 38%|███▊      | 30/79 [00:00<00:01, 38.63it/s]
 44%|████▍     | 35/79 [00:00<00:01, 40.45it/s]
 51%|█████     | 40/79 [00:01<00:00, 39.29it/s]
 56%|█████▌    | 44/79 [00:01<00:00, 39.29it/s]
 62%|██████▏   | 49/79 [00:01<00:00, 41.37it/s]
 68%|██████▊   | 54/79 [00:01<00:00, 39.24it/s]
 75%|███████▍  | 59/79 [00:01<00:00, 41.62it/s]
 81%|████████  | 64/79 [00:01<00:00, 39.46it/s]
 87%|████████▋ | 69/79 [00:01<00:00, 41.85it/s]
 94%|█████████▎| 74/79 [00:01<00:00, 39.72it/s]
100%|██████████| 79/79 [00:02<00:00, 39.15it/s]

CommRound: 6/30
Accuracy: 88.74% | Loss: 0.3751
[############------------------------------------------------] 20.0%
Elapsed: 1.0m | Avg/Round: 10.4s | Last: 10.3s | Next: 10.4s | Remaining: 4.2m
ETA: 18:31:07
Recent round times: R1: 10.2s -> R2: 10.0s -> R3: 10.0s -> R4: 10.2s -> R5: 10.3s

  0%|          | 0/79 [00:00<?, ?it/s]
  4%|▍         | 3/79 [00:00<00:03, 22.84it/s]
 10%|█         | 8/79 [00:00<00:01, 36.74it/s]
 16%|█▋        | 13/79 [00:00<00:01, 36.95it/s]
 23%|██▎       | 18/79 [00:00<00:01, 39.40it/s]
 29%|██▉       | 23/79 [00:00<00:01, 40.23it/s]
 35%|███▌      | 28/79 [00:00<00:01, 40.11it/s]
 42%|████▏     | 33/79 [00:00<00:01, 42.20it/s]
 48%|████▊     | 38/79 [00:00<00:01, 40.29it/s]
 56%|█████▌    | 44/79 [00:01<00:00, 40.89it/s]
 63%|██████▎   | 50/79 [00:01<00:00, 41.31it/s]
 71%|███████   | 56/79 [00:01<00:00, 41.71it/s]
 78%|███████▊  | 62/79 [00:01<00:00, 41.82it/s]
 86%|████████▌ | 68/79 [00:01<00:00, 41.87it/s]
 94%|█████████▎| 74/79 [00:01<00:00, 41.77it/s]
100%|██████████| 79/79 [00:01<00:00, 40.87it/s]

CommRound: 7/30
Accuracy: 89.40% | Loss: 0.3569
[##############----------------------------------------------] 23.3%
Elapsed: 1.2m | Avg/Round: 10.5s | Last: 10.5s | Next: 10.5s | Remaining: 4.0m
ETA: 18:31:07
Recent round times: R1: 10.0s -> R2: 10.0s -> R3: 10.2s -> R4: 10.3s -> R5: 10.5s

  0%|          | 0/79 [00:00<?, ?it/s]
  4%|▍         | 3/79 [00:00<00:03, 22.28it/s]
 10%|█         | 8/79 [00:00<00:01, 36.09it/s]
 16%|█▋        | 13/79 [00:00<00:01, 35.36it/s]
 24%|██▍       | 19/79 [00:00<00:01, 37.91it/s]
 32%|███▏      | 25/79 [00:00<00:01, 39.39it/s]
 39%|███▉      | 31/79 [00:00<00:01, 40.27it/s]
 47%|████▋     | 37/79 [00:00<00:01, 40.90it/s]
 54%|█████▍    | 43/79 [00:01<00:00, 41.40it/s]
 61%|██████    | 48/79 [00:01<00:00, 39.89it/s]
 67%|██████▋   | 53/79 [00:01<00:00, 41.86it/s]
 73%|███████▎  | 58/79 [00:01<00:00, 39.96it/s]
 80%|███████▉  | 63/79 [00:01<00:00, 40.36it/s]
 86%|████████▌ | 68/79 [00:01<00:00, 39.96it/s]
 92%|█████████▏| 73/79 [00:01<00:00, 41.80it/s]
 99%|█████████▊| 78/79 [00:01<00:00, 40.18it/s]
100%|██████████| 79/79 [00:01<00:00, 39.78it/s]

CommRound: 8/30
Accuracy: 89.87% | Loss: 0.3456
[################--------------------------------------------] 26.7%
Elapsed: 1.4m | Avg/Round: 10.4s | Last: 10.1s | Next: 10.4s | Remaining: 3.8m
ETA: 18:31:06
Recent round times: R1: 10.0s -> R2: 10.2s -> R3: 10.3s -> R4: 10.5s -> R5: 10.1s

  0%|          | 0/79 [00:00<?, ?it/s]
  4%|▍         | 3/79 [00:00<00:03, 23.28it/s]
 10%|█         | 8/79 [00:00<00:01, 37.29it/s]
 16%|█▋        | 13/79 [00:00<00:01, 36.38it/s]
 24%|██▍       | 19/79 [00:00<00:01, 38.88it/s]
 32%|███▏      | 25/79 [00:00<00:01, 40.11it/s]
 39%|███▉      | 31/79 [00:00<00:01, 41.28it/s]
 47%|████▋     | 37/79 [00:00<00:01, 41.44it/s]
 54%|█████▍    | 43/79 [00:01<00:00, 41.65it/s]
 62%|██████▏   | 49/79 [00:01<00:00, 41.61it/s]
 70%|██████▉   | 55/79 [00:01<00:00, 42.22it/s]
 77%|███████▋  | 61/79 [00:01<00:00, 42.44it/s]
 85%|████████▍ | 67/79 [00:01<00:00, 42.22it/s]
 92%|█████████▏| 73/79 [00:01<00:00, 42.20it/s]
100%|██████████| 79/79 [00:01<00:00, 46.01it/s]
100%|██████████| 79/79 [00:01<00:00, 41.53it/s]

CommRound: 9/30
Accuracy: 89.94% | Loss: 0.3446
[##################------------------------------------------] 30.0%
Elapsed: 1.6m | Avg/Round: 10.4s | Last: 10.2s | Next: 10.4s | Remaining: 3.6m
ETA: 18:31:05
Recent round times: R1: 10.2s -> R2: 10.3s -> R3: 10.5s -> R4: 10.1s -> R5: 10.2s

  0%|          | 0/79 [00:00<?, ?it/s]
  4%|▍         | 3/79 [00:00<00:03, 22.94it/s]
 10%|█         | 8/79 [00:00<00:02, 34.56it/s]
 15%|█▌        | 12/79 [00:00<00:01, 36.67it/s]
 22%|██▏       | 17/79 [00:00<00:01, 39.82it/s]
 28%|██▊       | 22/79 [00:00<00:01, 37.45it/s]
 35%|███▌      | 28/79 [00:00<00:01, 39.44it/s]
 43%|████▎     | 34/79 [00:00<00:01, 40.61it/s]
 51%|█████     | 40/79 [00:01<00:00, 41.22it/s]
 58%|█████▊    | 46/79 [00:01<00:00, 41.41it/s]
 66%|██████▌   | 52/79 [00:01<00:00, 41.76it/s]
 73%|███████▎  | 58/79 [00:01<00:00, 42.00it/s]
 81%|████████  | 64/79 [00:01<00:00, 41.93it/s]
 89%|████████▊ | 70/79 [00:01<00:00, 42.00it/s]
 96%|█████████▌| 76/79 [00:01<00:00, 42.12it/s]
100%|██████████| 79/79 [00:01<00:00, 40.71it/s]

CommRound: 10/30
Accuracy: 90.00% | Loss: 0.3444
[####################----------------------------------------] 33.3%
Elapsed: 1.7m | Avg/Round: 10.4s | Last: 10.3s | Next: 10.4s | Remaining: 3.5m
ETA: 18:31:05
Recent round times: R1: 10.3s -> R2: 10.5s -> R3: 10.1s -> R4: 10.2s -> R5: 10.3s

  0%|          | 0/79 [00:00<?, ?it/s]
  4%|▍         | 3/79 [00:00<00:03, 23.85it/s]
 10%|█         | 8/79 [00:00<00:01, 35.85it/s]
 16%|█▋        | 13/79 [00:00<00:01, 37.35it/s]
 23%|██▎       | 18/79 [00:00<00:01, 39.05it/s]
 29%|██▉       | 23/79 [00:00<00:01, 41.04it/s]
 35%|███▌      | 28/79 [00:00<00:01, 39.72it/s]
 42%|████▏     | 33/79 [00:00<00:01, 42.45it/s]
 48%|████▊     | 38/79 [00:00<00:01, 39.83it/s]
 56%|█████▌    | 44/79 [00:01<00:00, 40.50it/s]
 63%|██████▎   | 50/79 [00:01<00:00, 40.87it/s]
 71%|███████   | 56/79 [00:01<00:00, 41.22it/s]
 78%|███████▊  | 62/79 [00:01<00:00, 41.37it/s]
 86%|████████▌ | 68/79 [00:01<00:00, 41.53it/s]
 94%|█████████▎| 74/79 [00:01<00:00, 41.75it/s]
100%|██████████| 79/79 [00:01<00:00, 40.71it/s]

CommRound: 11/30
Accuracy: 90.13% | Loss: 0.3447
[######################--------------------------------------] 36.7%
Elapsed: 1.9m | Avg/Round: 10.3s | Last: 10.1s | Next: 10.3s | Remaining: 3.3m
ETA: 18:31:04
Recent round times: R1: 10.5s -> R2: 10.1s -> R3: 10.2s -> R4: 10.3s -> R5: 10.1s

  0%|          | 0/79 [00:00<?, ?it/s]
  4%|▍         | 3/79 [00:00<00:03, 23.27it/s]
 10%|█         | 8/79 [00:00<00:02, 35.50it/s]
 15%|█▌        | 12/79 [00:00<00:01, 37.07it/s]
 22%|██▏       | 17/79 [00:00<00:01, 36.82it/s]
 27%|██▋       | 21/79 [00:00<00:01, 37.70it/s]
 33%|███▎      | 26/79 [00:00<00:01, 41.11it/s]
 39%|███▉      | 31/79 [00:00<00:01, 38.78it/s]
 46%|████▌     | 36/79 [00:00<00:01, 41.67it/s]
 52%|█████▏    | 41/79 [00:01<00:00, 39.25it/s]
 59%|█████▉    | 47/79 [00:01<00:00, 39.91it/s]
 66%|██████▌   | 52/79 [00:01<00:00, 42.31it/s]
 72%|███████▏  | 57/79 [00:01<00:00, 40.20it/s]
 80%|███████▉  | 63/79 [00:01<00:00, 41.10it/s]
 87%|████████▋ | 69/79 [00:01<00:00, 41.57it/s]
 95%|█████████▍| 75/79 [00:01<00:00, 41.66it/s]
100%|██████████| 79/79 [00:01<00:00, 40.59it/s]

CommRound: 12/30
Accuracy: 90.21% | Loss: 0.3445
[########################------------------------------------] 40.0%
Elapsed: 2.1m | Avg/Round: 10.3s | Last: 10.0s | Next: 10.3s | Remaining: 3.1m
ETA: 18:31:03
Recent round times: R1: 10.1s -> R2: 10.2s -> R3: 10.3s -> R4: 10.1s -> R5: 10.0s

  0%|          | 0/79 [00:00<?, ?it/s]
  3%|▎         | 2/79 [00:00<00:03, 19.89it/s]
  9%|▉         | 7/79 [00:00<00:02, 31.65it/s]
 15%|█▌        | 12/79 [00:00<00:01, 37.57it/s]
 20%|██        | 16/79 [00:00<00:01, 38.10it/s]
 25%|██▌       | 20/79 [00:00<00:01, 38.67it/s]
 32%|███▏      | 25/79 [00:00<00:01, 37.74it/s]
 38%|███▊      | 30/79 [00:00<00:01, 41.14it/s]
 44%|████▍     | 35/79 [00:00<00:01, 38.92it/s]
 52%|█████▏    | 41/79 [00:01<00:00, 40.11it/s]
 59%|█████▉    | 47/79 [00:01<00:00, 40.80it/s]
 67%|██████▋   | 53/79 [00:01<00:00, 41.16it/s]
 75%|███████▍  | 59/79 [00:01<00:00, 41.44it/s]
 82%|████████▏ | 65/79 [00:01<00:00, 41.70it/s]
 90%|████████▉ | 71/79 [00:01<00:00, 41.74it/s]
 97%|█████████▋| 77/79 [00:01<00:00, 41.75it/s]
100%|██████████| 79/79 [00:01<00:00, 40.57it/s]

CommRound: 13/30
Accuracy: 90.31% | Loss: 0.3443
[##########################----------------------------------] 43.3%
Elapsed: 2.2m | Avg/Round: 10.3s | Last: 10.3s | Next: 10.3s | Remaining: 2.9m
ETA: 18:31:03
Recent round times: R1: 10.2s -> R2: 10.3s -> R3: 10.1s -> R4: 10.0s -> R5: 10.3s

  0%|          | 0/79 [00:00<?, ?it/s]
  3%|▎         | 2/79 [00:00<00:03, 19.52it/s]
  9%|▉         | 7/79 [00:00<00:02, 30.95it/s]
 15%|█▌        | 12/79 [00:00<00:01, 38.37it/s]
 22%|██▏       | 17/79 [00:00<00:01, 36.95it/s]
 27%|██▋       | 21/79 [00:00<00:01, 37.71it/s]
 34%|███▍      | 27/79 [00:00<00:01, 39.35it/s]
 42%|████▏     | 33/79 [00:00<00:01, 40.57it/s]
 49%|████▉     | 39/79 [00:01<00:00, 41.22it/s]
 57%|█████▋    | 45/79 [00:01<00:00, 41.81it/s]
 65%|██████▍   | 51/79 [00:01<00:00, 42.23it/s]
 72%|███████▏  | 57/79 [00:01<00:00, 42.51it/s]
 80%|███████▉  | 63/79 [00:01<00:00, 42.25it/s]
 87%|████████▋ | 69/79 [00:01<00:00, 42.35it/s]
 95%|█████████▍| 75/79 [00:01<00:00, 42.42it/s]
100%|██████████| 79/79 [00:01<00:00, 41.18it/s]

CommRound: 14/30
Accuracy: 90.35% | Loss: 0.3454
[############################--------------------------------] 46.7%
Elapsed: 2.4m | Avg/Round: 10.3s | Last: 10.3s | Next: 10.3s | Remaining: 2.8m
ETA: 18:31:03
Recent round times: R1: 10.3s -> R2: 10.1s -> R3: 10.0s -> R4: 10.3s -> R5: 10.3s

  0%|          | 0/79 [00:00<?, ?it/s]
  4%|▍         | 3/79 [00:00<00:03, 23.82it/s]
  9%|▉         | 7/79 [00:00<00:02, 32.36it/s]
 15%|█▌        | 12/79 [00:00<00:01, 39.23it/s]
 22%|██▏       | 17/79 [00:00<00:01, 37.28it/s]
 28%|██▊       | 22/79 [00:00<00:01, 41.17it/s]
 34%|███▍      | 27/79 [00:00<00:01, 39.44it/s]
 41%|████      | 32/79 [00:00<00:01, 42.11it/s]
 47%|████▋     | 37/79 [00:00<00:01, 39.82it/s]
 53%|█████▎    | 42/79 [00:01<00:00, 42.31it/s]
 59%|█████▉    | 47/79 [00:01<00:00, 39.83it/s]
 66%|██████▌   | 52/79 [00:01<00:00, 42.45it/s]
 72%|███████▏  | 57/79 [00:01<00:00, 39.82it/s]
 78%|███████▊  | 62/79 [00:01<00:00, 42.09it/s]
 85%|████████▍ | 67/79 [00:01<00:00, 39.60it/s]
 91%|█████████ | 72/79 [00:01<00:00, 42.14it/s]
 97%|█████████▋| 77/79 [00:01<00:00, 39.52it/s]
100%|██████████| 79/79 [00:01<00:00, 40.44it/s]

CommRound: 15/30
Accuracy: 90.44% | Loss: 0.3443
[##############################------------------------------] 50.0%
Elapsed: 2.6m | Avg/Round: 10.3s | Last: 10.1s | Next: 10.3s | Remaining: 2.6m
ETA: 18:31:03
Recent round times: R1: 10.1s -> R2: 10.0s -> R3: 10.3s -> R4: 10.3s -> R5: 10.1s

  0%|          | 0/79 [00:00<?, ?it/s]
  4%|▍         | 3/79 [00:00<00:03, 22.03it/s]
 10%|█         | 8/79 [00:00<00:01, 36.24it/s]
 15%|█▌        | 12/79 [00:00<00:01, 36.98it/s]
 20%|██        | 16/79 [00:00<00:02, 23.33it/s]
 27%|██▋       | 21/79 [00:00<00:02, 27.18it/s]
 33%|███▎      | 26/79 [00:00<00:01, 32.69it/s]
 39%|███▉      | 31/79 [00:00<00:01, 33.61it/s]
 47%|████▋     | 37/79 [00:01<00:01, 36.23it/s]
 53%|█████▎    | 42/79 [00:01<00:00, 39.57it/s]
 59%|█████▉    | 47/79 [00:01<00:00, 37.97it/s]
 66%|██████▌   | 52/79 [00:01<00:00, 40.92it/s]
 72%|███████▏  | 57/79 [00:01<00:00, 39.18it/s]
 78%|███████▊  | 62/79 [00:01<00:00, 41.88it/s]
 85%|████████▍ | 67/79 [00:01<00:00, 39.59it/s]
 91%|█████████ | 72/79 [00:01<00:00, 41.91it/s]
 97%|█████████▋| 77/79 [00:02<00:00, 39.56it/s]
100%|██████████| 79/79 [00:02<00:00, 37.00it/s]

CommRound: 16/30
Accuracy: 90.48% | Loss: 0.3444
[################################----------------------------] 53.3%
Elapsed: 2.8m | Avg/Round: 10.3s | Last: 10.6s | Next: 10.3s | Remaining: 2.4m
ETA: 18:31:03
Recent round times: R1: 10.0s -> R2: 10.3s -> R3: 10.3s -> R4: 10.1s -> R5: 10.6s

  0%|          | 0/79 [00:00<?, ?it/s]
  4%|▍         | 3/79 [00:00<00:03, 24.01it/s]
 10%|█         | 8/79 [00:00<00:01, 37.01it/s]
 15%|█▌        | 12/79 [00:00<00:03, 21.62it/s]
 22%|██▏       | 17/79 [00:00<00:02, 28.76it/s]
 28%|██▊       | 22/79 [00:00<00:01, 30.84it/s]
 34%|███▍      | 27/79 [00:00<00:01, 35.66it/s]
 41%|████      | 32/79 [00:01<00:01, 35.17it/s]
 46%|████▌     | 36/79 [00:01<00:01, 36.32it/s]
 53%|█████▎    | 42/79 [00:01<00:00, 37.83it/s]
 61%|██████    | 48/79 [00:01<00:00, 39.10it/s]
 68%|██████▊   | 54/79 [00:01<00:00, 39.88it/s]
 75%|███████▍  | 59/79 [00:01<00:00, 41.95it/s]
 81%|████████  | 64/79 [00:01<00:00, 39.96it/s]
 89%|████████▊ | 70/79 [00:01<00:00, 40.79it/s]
 96%|█████████▌| 76/79 [00:02<00:00, 40.80it/s]
100%|██████████| 79/79 [00:02<00:00, 36.99it/s]

CommRound: 17/30
Accuracy: 90.52% | Loss: 0.3445
[##################################--------------------------] 56.7%
Elapsed: 2.9m | Avg/Round: 10.3s | Last: 10.5s | Next: 10.3s | Remaining: 2.2m
ETA: 18:31:03
Recent round times: R1: 10.3s -> R2: 10.3s -> R3: 10.1s -> R4: 10.6s -> R5: 10.5s

  0%|          | 0/79 [00:00<?, ?it/s]
  3%|▎         | 2/79 [00:00<00:03, 19.82it/s]
  9%|▉         | 7/79 [00:00<00:04, 17.50it/s]
 15%|█▌        | 12/79 [00:00<00:02, 26.62it/s]
 22%|██▏       | 17/79 [00:00<00:02, 29.51it/s]
 29%|██▉       | 23/79 [00:00<00:01, 33.73it/s]
 35%|███▌      | 28/79 [00:00<00:01, 37.78it/s]
 42%|████▏     | 33/79 [00:01<00:01, 36.80it/s]
 49%|████▉     | 39/79 [00:01<00:01, 38.36it/s]
 57%|█████▋    | 45/79 [00:01<00:00, 39.33it/s]
 63%|██████▎   | 50/79 [00:01<00:00, 41.80it/s]
 70%|██████▉   | 55/79 [00:01<00:00, 39.47it/s]
 77%|███████▋  | 61/79 [00:01<00:00, 40.09it/s]
 85%|████████▍ | 67/79 [00:01<00:00, 40.52it/s]
 92%|█████████▏| 73/79 [00:01<00:00, 40.83it/s]
 99%|█████████▊| 78/79 [00:02<00:00, 42.49it/s]
100%|██████████| 79/79 [00:02<00:00, 37.18it/s]

CommRound: 18/30
Accuracy: 90.60% | Loss: 0.3450
[####################################------------------------] 60.0%
Elapsed: 3.1m | Avg/Round: 10.3s | Last: 10.3s | Next: 10.3s | Remaining: 2.1m
ETA: 18:31:03
Recent round times: R1: 10.3s -> R2: 10.1s -> R3: 10.6s -> R4: 10.5s -> R5: 10.3s

  0%|          | 0/79 [00:00<?, ?it/s]
  4%|▍         | 3/79 [00:00<00:03, 21.94it/s]
 10%|█         | 8/79 [00:00<00:02, 35.10it/s]
 16%|█▋        | 13/79 [00:00<00:01, 36.85it/s]
 23%|██▎       | 18/79 [00:00<00:01, 38.17it/s]
 28%|██▊       | 22/79 [00:00<00:01, 36.32it/s]
 33%|███▎      | 26/79 [00:00<00:01, 36.99it/s]
 38%|███▊      | 30/79 [00:00<00:01, 37.85it/s]
 43%|████▎     | 34/79 [00:00<00:01, 38.28it/s]
 49%|████▉     | 39/79 [00:01<00:00, 41.38it/s]
 56%|█████▌    | 44/79 [00:01<00:00, 40.23it/s]
 62%|██████▏   | 49/79 [00:01<00:00, 41.03it/s]
 68%|██████▊   | 54/79 [00:01<00:00, 41.74it/s]
 75%|███████▍  | 59/79 [00:01<00:00, 40.40it/s]
 81%|████████  | 64/79 [00:01<00:00, 42.82it/s]
 87%|████████▋ | 69/79 [00:01<00:00, 40.16it/s]
 95%|█████████▍| 75/79 [00:01<00:00, 40.70it/s]
100%|██████████| 79/79 [00:01<00:00, 39.86it/s]

CommRound: 19/30
Accuracy: 90.62% | Loss: 0.3458
[######################################----------------------] 63.3%
Elapsed: 3.3m | Avg/Round: 10.3s | Last: 10.4s | Next: 10.3s | Remaining: 1.9m
ETA: 18:31:04
Recent round times: R1: 10.1s -> R2: 10.6s -> R3: 10.5s -> R4: 10.3s -> R5: 10.4s

  0%|          | 0/79 [00:00<?, ?it/s]
  4%|▍         | 3/79 [00:00<00:03, 23.19it/s]
 10%|█         | 8/79 [00:00<00:01, 35.79it/s]
 16%|█▋        | 13/79 [00:00<00:01, 36.62it/s]
 23%|██▎       | 18/79 [00:00<00:01, 41.17it/s]
 29%|██▉       | 23/79 [00:00<00:01, 39.33it/s]
 35%|███▌      | 28/79 [00:00<00:01, 42.31it/s]
 42%|████▏     | 33/79 [00:00<00:01, 40.72it/s]
 48%|████▊     | 38/79 [00:00<00:00, 42.39it/s]
 54%|█████▍    | 43/79 [00:01<00:00, 41.65it/s]
 61%|██████    | 48/79 [00:01<00:00, 42.36it/s]
 67%|██████▋   | 53/79 [00:01<00:00, 41.50it/s]
 73%|███████▎  | 58/79 [00:01<00:00, 42.32it/s]
 80%|███████▉  | 63/79 [00:01<00:00, 41.04it/s]
 86%|████████▌ | 68/79 [00:01<00:00, 42.46it/s]
 92%|█████████▏| 73/79 [00:01<00:00, 41.35it/s]
 99%|█████████▊| 78/79 [00:01<00:00, 42.79it/s]
100%|██████████| 79/79 [00:01<00:00, 41.25it/s]

CommRound: 20/30
Accuracy: 90.66% | Loss: 0.3459
[########################################--------------------] 66.7%
Elapsed: 3.4m | Avg/Round: 10.3s | Last: 10.1s | Next: 10.3s | Remaining: 1.7m
ETA: 18:31:03
Recent round times: R1: 10.6s -> R2: 10.5s -> R3: 10.3s -> R4: 10.4s -> R5: 10.1s

  0%|          | 0/79 [00:00<?, ?it/s]
  4%|▍         | 3/79 [00:00<00:03, 22.56it/s]
 10%|█         | 8/79 [00:00<00:01, 36.26it/s]
 16%|█▋        | 13/79 [00:00<00:01, 36.46it/s]
 23%|██▎       | 18/79 [00:00<00:01, 40.26it/s]
 29%|██▉       | 23/79 [00:00<00:01, 39.70it/s]
 35%|███▌      | 28/79 [00:00<00:01, 41.03it/s]
 42%|████▏     | 33/79 [00:00<00:01, 41.19it/s]
 48%|████▊     | 38/79 [00:00<00:00, 41.08it/s]
 54%|█████▍    | 43/79 [00:01<00:00, 42.47it/s]
 61%|██████    | 48/79 [00:01<00:00, 40.95it/s]
 67%|██████▋   | 53/79 [00:01<00:00, 43.21it/s]
 73%|███████▎  | 58/79 [00:01<00:00, 41.12it/s]
 81%|████████  | 64/79 [00:01<00:00, 41.33it/s]
 89%|████████▊ | 70/79 [00:01<00:00, 41.61it/s]
 96%|█████████▌| 76/79 [00:01<00:00, 41.90it/s]
100%|██████████| 79/79 [00:01<00:00, 40.93it/s]

CommRound: 21/30
Accuracy: 90.69% | Loss: 0.3464
[##########################################------------------] 70.0%
Elapsed: 3.6m | Avg/Round: 10.3s | Last: 10.1s | Next: 10.3s | Remaining: 1.5m
ETA: 18:31:03
Recent round times: R1: 10.5s -> R2: 10.3s -> R3: 10.4s -> R4: 10.1s -> R5: 10.1s

  0%|          | 0/79 [00:00<?, ?it/s]
  4%|▍         | 3/79 [00:00<00:03, 23.58it/s]
 10%|█         | 8/79 [00:00<00:02, 35.18it/s]
 16%|█▋        | 13/79 [00:00<00:01, 36.33it/s]
 22%|██▏       | 17/79 [00:00<00:01, 37.49it/s]
 28%|██▊       | 22/79 [00:00<00:01, 40.06it/s]
 34%|███▍      | 27/79 [00:00<00:01, 39.14it/s]
 41%|████      | 32/79 [00:00<00:01, 40.22it/s]
 47%|████▋     | 37/79 [00:00<00:01, 40.17it/s]
 53%|█████▎    | 42/79 [00:01<00:00, 39.76it/s]
 58%|█████▊    | 46/79 [00:01<00:00, 39.62it/s]
 63%|██████▎   | 50/79 [00:01<00:00, 39.64it/s]
 70%|██████▉   | 55/79 [00:01<00:00, 41.58it/s]
 76%|███████▌  | 60/79 [00:01<00:00, 39.74it/s]
 82%|████████▏ | 65/79 [00:01<00:00, 41.82it/s]
 89%|████████▊ | 70/79 [00:01<00:00, 40.29it/s]
 95%|█████████▍| 75/79 [00:01<00:00, 41.69it/s]
100%|██████████| 79/79 [00:01<00:00, 39.85it/s]

CommRound: 22/30
Accuracy: 90.69% | Loss: 0.3467
[############################################----------------] 73.3%
Elapsed: 3.8m | Avg/Round: 10.3s | Last: 10.1s | Next: 10.3s | Remaining: 1.4m
ETA: 18:31:03
Recent round times: R1: 10.3s -> R2: 10.4s -> R3: 10.1s -> R4: 10.1s -> R5: 10.1s

  0%|          | 0/79 [00:00<?, ?it/s]
  4%|▍         | 3/79 [00:00<00:03, 22.90it/s]
  9%|▉         | 7/79 [00:00<00:02, 31.64it/s]
 14%|█▍        | 11/79 [00:00<00:01, 35.17it/s]
 19%|█▉        | 15/79 [00:00<00:01, 36.96it/s]
 25%|██▌       | 20/79 [00:00<00:01, 39.46it/s]
 32%|███▏      | 25/79 [00:00<00:01, 39.00it/s]
 38%|███▊      | 30/79 [00:00<00:01, 40.19it/s]
 44%|████▍     | 35/79 [00:00<00:01, 40.98it/s]
 51%|█████     | 40/79 [00:01<00:00, 40.00it/s]
 57%|█████▋    | 45/79 [00:01<00:00, 41.77it/s]
 63%|██████▎   | 50/79 [00:01<00:00, 40.00it/s]
 71%|███████   | 56/79 [00:01<00:00, 40.49it/s]
 78%|███████▊  | 62/79 [00:01<00:00, 40.88it/s]
 86%|████████▌ | 68/79 [00:01<00:00, 40.98it/s]
 94%|█████████▎| 74/79 [00:01<00:00, 41.28it/s]
100%|██████████| 79/79 [00:01<00:00, 39.90it/s]

CommRound: 23/30
Accuracy: 90.69% | Loss: 0.3472
[##############################################--------------] 76.7%
Elapsed: 3.9m | Avg/Round: 10.3s | Last: 10.1s | Next: 10.3s | Remaining: 1.2m
ETA: 18:31:02
Recent round times: R1: 10.4s -> R2: 10.1s -> R3: 10.1s -> R4: 10.1s -> R5: 10.1s

  0%|          | 0/79 [00:00<?, ?it/s]
  4%|▍         | 3/79 [00:00<00:03, 22.63it/s]
 10%|█         | 8/79 [00:00<00:01, 35.94it/s]
 16%|█▋        | 13/79 [00:00<00:01, 35.80it/s]
 23%|██▎       | 18/79 [00:00<00:01, 40.05it/s]
 29%|██▉       | 23/79 [00:00<00:01, 38.51it/s]
 35%|███▌      | 28/79 [00:00<00:01, 41.46it/s]
 42%|████▏     | 33/79 [00:00<00:01, 39.76it/s]
 48%|████▊     | 38/79 [00:00<00:00, 41.12it/s]
 54%|█████▍    | 43/79 [00:01<00:00, 40.82it/s]
 61%|██████    | 48/79 [00:01<00:00, 41.14it/s]
 67%|██████▋   | 53/79 [00:01<00:00, 42.00it/s]
 73%|███████▎  | 58/79 [00:01<00:00, 40.80it/s]
 80%|███████▉  | 63/79 [00:01<00:00, 42.97it/s]
 86%|████████▌ | 68/79 [00:01<00:00, 40.59it/s]
 94%|█████████▎| 74/79 [00:01<00:00, 40.95it/s]
100%|██████████| 79/79 [00:01<00:00, 40.43it/s]

CommRound: 24/30
Accuracy: 90.71% | Loss: 0.3476
[################################################------------] 80.0%
Elapsed: 4.1m | Avg/Round: 10.3s | Last: 10.3s | Next: 10.3s | Remaining: 1.0m
ETA: 18:31:02
Recent round times: R1: 10.1s -> R2: 10.1s -> R3: 10.1s -> R4: 10.1s -> R5: 10.3s

  0%|          | 0/79 [00:00<?, ?it/s]
  4%|▍         | 3/79 [00:00<00:03, 22.69it/s]
 10%|█         | 8/79 [00:00<00:01, 36.58it/s]
 16%|█▋        | 13/79 [00:00<00:01, 35.95it/s]
 24%|██▍       | 19/79 [00:00<00:01, 38.47it/s]
 32%|███▏      | 25/79 [00:00<00:01, 39.67it/s]
 39%|███▉      | 31/79 [00:00<00:01, 40.40it/s]
 47%|████▋     | 37/79 [00:00<00:01, 40.82it/s]
 53%|█████▎    | 42/79 [00:01<00:00, 43.09it/s]
 59%|█████▉    | 47/79 [00:01<00:00, 40.02it/s]
 67%|██████▋   | 53/79 [00:01<00:00, 40.76it/s]
 75%|███████▍  | 59/79 [00:01<00:00, 40.37it/s]
 82%|████████▏ | 65/79 [00:01<00:00, 40.93it/s]
 90%|████████▉ | 71/79 [00:01<00:00, 41.37it/s]
 97%|█████████▋| 77/79 [00:01<00:00, 40.81it/s]
100%|██████████| 79/79 [00:01<00:00, 40.59it/s]

CommRound: 25/30
Accuracy: 90.72% | Loss: 0.3477
[##################################################----------] 83.3%
Elapsed: 4.3m | Avg/Round: 10.3s | Last: 10.3s | Next: 10.3s | Remaining: 0.9m
ETA: 18:31:02
Recent round times: R1: 10.1s -> R2: 10.1s -> R3: 10.1s -> R4: 10.3s -> R5: 10.3s

  0%|          | 0/79 [00:00<?, ?it/s]
  1%|▏         | 1/79 [00:00<00:08,  9.54it/s]
  8%|▊         | 6/79 [00:00<00:02, 32.47it/s]
 13%|█▎        | 10/79 [00:00<00:01, 34.61it/s]
 19%|█▉        | 15/79 [00:00<00:01, 34.81it/s]
 27%|██▋       | 21/79 [00:00<00:01, 37.22it/s]
 34%|███▍      | 27/79 [00:00<00:01, 38.67it/s]
 42%|████▏     | 33/79 [00:00<00:01, 39.53it/s]
 48%|████▊     | 38/79 [00:00<00:00, 42.06it/s]
 54%|█████▍    | 43/79 [00:01<00:00, 39.89it/s]
 61%|██████    | 48/79 [00:01<00:00, 42.21it/s]
 67%|██████▋   | 53/79 [00:01<00:00, 39.72it/s]
 75%|███████▍  | 59/79 [00:01<00:00, 40.37it/s]
 82%|████████▏ | 65/79 [00:01<00:00, 40.71it/s]
 90%|████████▉ | 71/79 [00:01<00:00, 40.93it/s]
 97%|█████████▋| 77/79 [00:01<00:00, 41.28it/s]
100%|██████████| 79/79 [00:01<00:00, 39.90it/s]

CommRound: 26/30
Accuracy: 90.74% | Loss: 0.3482
[####################################################--------] 86.7%
Elapsed: 4.5m | Avg/Round: 10.3s | Last: 10.4s | Next: 10.3s | Remaining: 0.7m
ETA: 18:31:02
Recent round times: R1: 10.1s -> R2: 10.1s -> R3: 10.3s -> R4: 10.3s -> R5: 10.4s

  0%|          | 0/79 [00:00<?, ?it/s]
  3%|▎         | 2/79 [00:00<00:03, 19.98it/s]
  9%|▉         | 7/79 [00:00<00:02, 31.76it/s]
 14%|█▍        | 11/79 [00:00<00:01, 34.88it/s]
 22%|██▏       | 17/79 [00:00<00:01, 37.66it/s]
 28%|██▊       | 22/79 [00:00<00:01, 41.27it/s]
 34%|███▍      | 27/79 [00:00<00:01, 39.27it/s]
 42%|████▏     | 33/79 [00:00<00:01, 40.19it/s]
 49%|████▉     | 39/79 [00:01<00:00, 40.85it/s]
 57%|█████▋    | 45/79 [00:01<00:00, 41.06it/s]
 65%|██████▍   | 51/79 [00:01<00:00, 41.31it/s]
 71%|███████   | 56/79 [00:01<00:00, 43.25it/s]
 77%|███████▋  | 61/79 [00:01<00:00, 40.52it/s]
 84%|████████▎ | 66/79 [00:01<00:00, 42.63it/s]
 90%|████████▉ | 71/79 [00:01<00:00, 39.86it/s]
 96%|█████████▌| 76/79 [00:01<00:00, 42.33it/s]
100%|██████████| 79/79 [00:01<00:00, 40.45it/s]

CommRound: 27/30
Accuracy: 90.77% | Loss: 0.3484
[######################################################------] 90.0%
Elapsed: 4.6m | Avg/Round: 10.3s | Last: 10.3s | Next: 10.3s | Remaining: 0.5m
ETA: 18:31:02
Recent round times: R1: 10.1s -> R2: 10.3s -> R3: 10.3s -> R4: 10.4s -> R5: 10.3s

  0%|          | 0/79 [00:00<?, ?it/s]
  4%|▍         | 3/79 [00:00<00:03, 23.20it/s]
 10%|█         | 8/79 [00:00<00:02, 35.00it/s]
 15%|█▌        | 12/79 [00:00<00:01, 36.75it/s]
 20%|██        | 16/79 [00:00<00:02, 24.14it/s]
 25%|██▌       | 20/79 [00:00<00:02, 28.03it/s]
 30%|███       | 24/79 [00:00<00:01, 31.08it/s]
 35%|███▌      | 28/79 [00:00<00:01, 33.15it/s]
 42%|████▏     | 33/79 [00:01<00:01, 35.64it/s]
 47%|████▋     | 37/79 [00:01<00:01, 35.46it/s]
 53%|█████▎    | 42/79 [00:01<00:00, 39.21it/s]
 59%|█████▉    | 47/79 [00:01<00:00, 37.90it/s]
 66%|██████▌   | 52/79 [00:01<00:00, 40.78it/s]
 72%|███████▏  | 57/79 [00:01<00:00, 39.28it/s]
 78%|███████▊  | 62/79 [00:01<00:00, 41.56it/s]
 85%|████████▍ | 67/79 [00:01<00:00, 39.73it/s]
 91%|█████████ | 72/79 [00:01<00:00, 41.90it/s]
 97%|█████████▋| 77/79 [00:02<00:00, 39.93it/s]
100%|██████████| 79/79 [00:02<00:00, 37.01it/s]

CommRound: 28/30
Accuracy: 90.76% | Loss: 0.3489
[########################################################----] 93.3%
Elapsed: 4.8m | Avg/Round: 10.3s | Last: 10.3s | Next: 10.3s | Remaining: 0.3m
ETA: 18:31:02
Recent round times: R1: 10.3s -> R2: 10.3s -> R3: 10.4s -> R4: 10.3s -> R5: 10.3s

  0%|          | 0/79 [00:00<?, ?it/s]
  4%|▍         | 3/79 [00:00<00:03, 22.86it/s]
  9%|▉         | 7/79 [00:00<00:02, 30.95it/s]
 14%|█▍        | 11/79 [00:00<00:03, 22.41it/s]
 19%|█▉        | 15/79 [00:00<00:02, 26.85it/s]
 24%|██▍       | 19/79 [00:00<00:01, 30.53it/s]
 32%|███▏      | 25/79 [00:00<00:01, 35.13it/s]
 39%|███▉      | 31/79 [00:00<00:01, 37.92it/s]
 47%|████▋     | 37/79 [00:01<00:01, 39.77it/s]
 54%|█████▍    | 43/79 [00:01<00:00, 40.95it/s]
 61%|██████    | 48/79 [00:01<00:00, 42.79it/s]
 67%|██████▋   | 53/79 [00:01<00:00, 41.72it/s]
 73%|███████▎  | 58/79 [00:01<00:00, 42.33it/s]
 80%|███████▉  | 63/79 [00:01<00:00, 40.62it/s]
 86%|████████▌ | 68/79 [00:01<00:00, 42.24it/s]
 92%|█████████▏| 73/79 [00:01<00:00, 37.97it/s]
 97%|█████████▋| 77/79 [00:02<00:00, 37.55it/s]
100%|██████████| 79/79 [00:02<00:00, 37.37it/s]

CommRound: 29/30
Accuracy: 90.75% | Loss: 0.3492
[##########################################################--] 96.7%
Elapsed: 5.0m | Avg/Round: 10.3s | Last: 10.5s | Next: 10.3s | Remaining: 0.2m
ETA: 18:31:03
Recent round times: R1: 10.3s -> R2: 10.4s -> R3: 10.3s -> R4: 10.3s -> R5: 10.5s

  0%|          | 0/79 [00:00<?, ?it/s]
  4%|▍         | 3/79 [00:00<00:03, 21.65it/s]
  9%|▉         | 7/79 [00:00<00:03, 18.74it/s]
 15%|█▌        | 12/79 [00:00<00:02, 28.22it/s]
 20%|██        | 16/79 [00:00<00:01, 31.72it/s]
 25%|██▌       | 20/79 [00:00<00:01, 34.02it/s]
 32%|███▏      | 25/79 [00:00<00:01, 34.32it/s]
 38%|███▊      | 30/79 [00:00<00:01, 38.44it/s]
 44%|████▍     | 35/79 [00:01<00:01, 36.97it/s]
 51%|█████     | 40/79 [00:01<00:00, 40.25it/s]
 57%|█████▋    | 45/79 [00:01<00:00, 38.19it/s]
 63%|██████▎   | 50/79 [00:01<00:00, 41.02it/s]
 70%|██████▉   | 55/79 [00:01<00:00, 39.14it/s]
 77%|███████▋  | 61/79 [00:01<00:00, 40.30it/s]
 85%|████████▍ | 67/79 [00:01<00:00, 40.91it/s]
 92%|█████████▏| 73/79 [00:01<00:00, 41.56it/s]
 99%|█████████▊| 78/79 [00:02<00:00, 43.56it/s]
100%|██████████| 79/79 [00:02<00:00, 37.78it/s]

CommRound: 30/30
Accuracy: 90.79% | Loss: 0.3495
[############################################################] 100.0%
Elapsed: 5.2m | Avg/Round: 10.4s | Last: 13.1s | Next: 10.4s | Remaining: 0.0m
ETA: 18:31:05
Recent round times: R1: 10.4s -> R2: 10.3s -> R3: 10.3s -> R4: 10.5s -> R5: 13.1s
Total time for experiment: 311.90858459472656 seconds
Device average training time per communication round [s]:
    rpi (sld-rpi-09.ece.utexas.edu): 5.31 seconds
    mc1 (sld-mc1-09.ece.utexas.edu): 3.15 seconds
