
  0%|          | 0/79 [00:00<?, ?it/s]
  4%|▍         | 3/79 [00:00<00:03, 22.92it/s]
  9%|▉         | 7/79 [00:00<00:02, 29.40it/s]
 16%|█▋        | 13/79 [00:00<00:01, 35.91it/s]
 23%|██▎       | 18/79 [00:00<00:01, 40.59it/s]
 29%|██▉       | 23/79 [00:00<00:01, 39.19it/s]
 35%|███▌      | 28/79 [00:00<00:01, 41.69it/s]
 42%|████▏     | 33/79 [00:00<00:01, 40.64it/s]
 48%|████▊     | 38/79 [00:00<00:00, 41.04it/s]
 54%|█████▍    | 43/79 [00:01<00:00, 40.60it/s]
 61%|██████    | 48/79 [00:01<00:00, 40.85it/s]
 67%|██████▋   | 53/79 [00:01<00:00, 40.29it/s]
 73%|███████▎  | 58/79 [00:01<00:00, 40.58it/s]
 80%|███████▉  | 63/79 [00:01<00:00, 40.90it/s]
 86%|████████▌ | 68/79 [00:01<00:00, 40.06it/s]
 92%|█████████▏| 73/79 [00:01<00:00, 42.30it/s]
 99%|█████████▊| 78/79 [00:01<00:00, 39.97it/s]
100%|██████████| 79/79 [00:01<00:00, 39.81it/s]
Initial Accuracy: 10.09%; Initial Loss: 2.3119

  0%|          | 0/79 [00:00<?, ?it/s]
  4%|▍         | 3/79 [00:00<00:03, 23.33it/s]
 10%|█         | 8/79 [00:00<00:01, 36.32it/s]
 16%|█▋        | 13/79 [00:00<00:01, 36.43it/s]
 23%|██▎       | 18/79 [00:00<00:01, 39.36it/s]
 29%|██▉       | 23/79 [00:00<00:01, 39.84it/s]
 35%|███▌      | 28/79 [00:00<00:01, 39.86it/s]
 42%|████▏     | 33/79 [00:00<00:01, 41.78it/s]
 48%|████▊     | 38/79 [00:00<00:01, 39.94it/s]
 54%|█████▍    | 43/79 [00:01<00:00, 39.39it/s]
 61%|██████    | 48/79 [00:01<00:00, 38.13it/s]
 68%|██████▊   | 54/79 [00:01<00:00, 39.87it/s]
 76%|███████▌  | 60/79 [00:01<00:00, 40.89it/s]
 84%|████████▎ | 66/79 [00:01<00:00, 41.58it/s]
 91%|█████████ | 72/79 [00:01<00:00, 42.16it/s]
 99%|█████████▊| 78/79 [00:01<00:00, 42.67it/s]
100%|██████████| 79/79 [00:01<00:00, 40.47it/s]

CommRound: 1/30
Accuracy: 19.72% | Loss: 2.7521
[##----------------------------------------------------------] 3.3%
Elapsed: 0.2m | Avg/Round: 12.0s | Last: 10.0s | Next: 12.0s | Remaining: 5.8m
ETA: 19:26:36
Recent round times: R1: 10.0s

  0%|          | 0/79 [00:00<?, ?it/s]
  1%|▏         | 1/79 [00:00<00:07,  9.79it/s]
  8%|▊         | 6/79 [00:00<00:02, 32.47it/s]
 13%|█▎        | 10/79 [00:00<00:01, 35.51it/s]
 18%|█▊        | 14/79 [00:00<00:01, 37.04it/s]
 23%|██▎       | 18/79 [00:00<00:01, 38.02it/s]
 29%|██▉       | 23/79 [00:00<00:01, 41.63it/s]
 35%|███▌      | 28/79 [00:00<00:01, 39.05it/s]
 42%|████▏     | 33/79 [00:00<00:01, 42.19it/s]
 48%|████▊     | 38/79 [00:00<00:01, 39.72it/s]
 54%|█████▍    | 43/79 [00:01<00:00, 42.22it/s]
 61%|██████    | 48/79 [00:01<00:00, 40.10it/s]
 67%|██████▋   | 53/79 [00:01<00:00, 42.30it/s]
 73%|███████▎  | 58/79 [00:01<00:00, 38.72it/s]
 80%|███████▉  | 63/79 [00:01<00:00, 41.36it/s]
 86%|████████▌ | 68/79 [00:01<00:00, 38.98it/s]
 92%|█████████▏| 73/79 [00:01<00:00, 41.70it/s]
 99%|█████████▊| 78/79 [00:01<00:00, 39.60it/s]
100%|██████████| 79/79 [00:02<00:00, 39.46it/s]

CommRound: 2/30
Accuracy: 19.80% | Loss: 2.7051
[####--------------------------------------------------------] 6.7%
Elapsed: 0.4m | Avg/Round: 11.2s | Last: 10.5s | Next: 11.2s | Remaining: 5.2m
ETA: 19:26:13
Recent round times: R1: 10.0s -> R2: 10.5s

  0%|          | 0/79 [00:00<?, ?it/s]
  4%|▍         | 3/79 [00:00<00:03, 21.82it/s]
  9%|▉         | 7/79 [00:00<00:02, 30.54it/s]
 14%|█▍        | 11/79 [00:00<00:01, 34.14it/s]
 19%|█▉        | 15/79 [00:00<00:01, 35.98it/s]
 24%|██▍       | 19/79 [00:00<00:01, 37.30it/s]
 29%|██▉       | 23/79 [00:00<00:01, 38.09it/s]
 34%|███▍      | 27/79 [00:00<00:01, 38.70it/s]
 42%|████▏     | 33/79 [00:00<00:01, 39.96it/s]
 49%|████▉     | 39/79 [00:01<00:00, 40.81it/s]
 57%|█████▋    | 45/79 [00:01<00:00, 41.53it/s]
 65%|██████▍   | 51/79 [00:01<00:00, 41.93it/s]
 72%|███████▏  | 57/79 [00:01<00:00, 42.22it/s]
 80%|███████▉  | 63/79 [00:01<00:00, 42.32it/s]
 86%|████████▌ | 68/79 [00:01<00:00, 43.68it/s]
 92%|█████████▏| 73/79 [00:01<00:00, 40.23it/s]
 99%|█████████▊| 78/79 [00:01<00:00, 40.23it/s]
100%|██████████| 79/79 [00:01<00:00, 39.69it/s]

CommRound: 3/30
Accuracy: 19.83% | Loss: 2.3364
[######------------------------------------------------------] 10.0%
Elapsed: 0.5m | Avg/Round: 10.9s | Last: 10.4s | Next: 10.9s | Remaining: 4.9m
ETA: 19:26:04
Recent round times: R1: 10.0s -> R2: 10.5s -> R3: 10.4s

  0%|          | 0/79 [00:00<?, ?it/s]
  4%|▍         | 3/79 [00:00<00:03, 22.99it/s]
 10%|█         | 8/79 [00:00<00:02, 31.56it/s]
 16%|█▋        | 13/79 [00:00<00:01, 36.63it/s]
 23%|██▎       | 18/79 [00:00<00:01, 37.26it/s]
 29%|██▉       | 23/79 [00:00<00:01, 39.28it/s]
 35%|███▌      | 28/79 [00:00<00:01, 38.88it/s]
 42%|████▏     | 33/79 [00:00<00:01, 39.97it/s]
 48%|████▊     | 38/79 [00:00<00:01, 40.01it/s]
 54%|█████▍    | 43/79 [00:01<00:00, 40.36it/s]
 61%|██████    | 48/79 [00:01<00:00, 40.41it/s]
 67%|██████▋   | 53/79 [00:01<00:00, 40.03it/s]
 73%|███████▎  | 58/79 [00:01<00:00, 40.86it/s]
 80%|███████▉  | 63/79 [00:01<00:00, 40.68it/s]
 86%|████████▌ | 68/79 [00:01<00:00, 42.22it/s]
 92%|█████████▏| 73/79 [00:01<00:00, 40.26it/s]
 99%|█████████▊| 78/79 [00:01<00:00, 42.59it/s]
100%|██████████| 79/79 [00:01<00:00, 39.98it/s]

CommRound: 4/30
Accuracy: 19.81% | Loss: 2.2455
[########----------------------------------------------------] 13.3%
Elapsed: 0.7m | Avg/Round: 10.8s | Last: 10.3s | Next: 10.8s | Remaining: 4.7m
ETA: 19:26:00
Recent round times: R1: 10.0s -> R2: 10.5s -> R3: 10.4s -> R4: 10.3s

  0%|          | 0/79 [00:00<?, ?it/s]
  3%|▎         | 2/79 [00:00<00:03, 19.65it/s]
  6%|▋         | 5/79 [00:00<00:02, 25.45it/s]
 11%|█▏        | 9/79 [00:00<00:02, 29.90it/s]
 16%|█▋        | 13/79 [00:00<00:02, 32.18it/s]
 22%|██▏       | 17/79 [00:00<00:01, 33.37it/s]
 29%|██▉       | 23/79 [00:00<00:01, 36.75it/s]
 37%|███▋      | 29/79 [00:00<00:01, 38.72it/s]
 44%|████▍     | 35/79 [00:00<00:01, 39.99it/s]
 52%|█████▏    | 41/79 [00:01<00:00, 40.82it/s]
 59%|█████▉    | 47/79 [00:01<00:00, 41.19it/s]
 67%|██████▋   | 53/79 [00:01<00:00, 41.52it/s]
 73%|███████▎  | 58/79 [00:01<00:00, 43.33it/s]
 80%|███████▉  | 63/79 [00:01<00:00, 40.37it/s]
 87%|████████▋ | 69/79 [00:01<00:00, 41.01it/s]
 94%|█████████▎| 74/79 [00:01<00:00, 42.91it/s]
100%|██████████| 79/79 [00:02<00:00, 39.45it/s]

CommRound: 5/30
Accuracy: 20.92% | Loss: 2.1363
[##########--------------------------------------------------] 16.7%
Elapsed: 0.9m | Avg/Round: 10.7s | Last: 10.3s | Next: 10.7s | Remaining: 4.5m
ETA: 19:25:57
Recent round times: R1: 10.0s -> R2: 10.5s -> R3: 10.4s -> R4: 10.3s -> R5: 10.3s

  0%|          | 0/79 [00:00<?, ?it/s]
  3%|▎         | 2/79 [00:00<00:03, 19.75it/s]
  9%|▉         | 7/79 [00:00<00:02, 32.04it/s]
 15%|█▌        | 12/79 [00:00<00:01, 37.59it/s]
 20%|██        | 16/79 [00:00<00:01, 38.04it/s]
 25%|██▌       | 20/79 [00:00<00:01, 38.62it/s]
 30%|███       | 24/79 [00:00<00:01, 38.97it/s]
 35%|███▌      | 28/79 [00:00<00:01, 39.22it/s]
 42%|████▏     | 33/79 [00:00<00:01, 41.74it/s]
 48%|████▊     | 38/79 [00:00<00:01, 40.55it/s]
 54%|█████▍    | 43/79 [00:01<00:00, 41.59it/s]
 61%|██████    | 48/79 [00:01<00:00, 41.77it/s]
 67%|██████▋   | 53/79 [00:01<00:00, 41.12it/s]
 73%|███████▎  | 58/79 [00:01<00:00, 42.58it/s]
 80%|███████▉  | 63/79 [00:01<00:00, 40.73it/s]
 86%|████████▌ | 68/79 [00:01<00:00, 43.05it/s]
 92%|█████████▏| 73/79 [00:01<00:00, 40.73it/s]
100%|██████████| 79/79 [00:01<00:00, 45.54it/s]
100%|██████████| 79/79 [00:01<00:00, 40.73it/s]

CommRound: 6/30
Accuracy: 29.69% | Loss: 1.9675
[############------------------------------------------------] 20.0%
Elapsed: 1.1m | Avg/Round: 10.6s | Last: 10.3s | Next: 10.6s | Remaining: 4.3m
ETA: 19:25:55
Recent round times: R1: 10.5s -> R2: 10.4s -> R3: 10.3s -> R4: 10.3s -> R5: 10.3s

  0%|          | 0/79 [00:00<?, ?it/s]
  4%|▍         | 3/79 [00:00<00:03, 23.04it/s]
  9%|▉         | 7/79 [00:00<00:02, 31.57it/s]
 15%|█▌        | 12/79 [00:00<00:01, 39.09it/s]
 22%|██▏       | 17/79 [00:00<00:01, 37.11it/s]
 28%|██▊       | 22/79 [00:00<00:01, 41.06it/s]
 34%|███▍      | 27/79 [00:00<00:01, 38.68it/s]
 41%|████      | 32/79 [00:00<00:01, 41.57it/s]
 47%|████▋     | 37/79 [00:00<00:01, 38.79it/s]
 53%|█████▎    | 42/79 [00:01<00:00, 41.70it/s]
 59%|█████▉    | 47/79 [00:01<00:00, 39.23it/s]
 66%|██████▌   | 52/79 [00:01<00:00, 41.85it/s]
 72%|███████▏  | 57/79 [00:01<00:00, 40.46it/s]
 80%|███████▉  | 63/79 [00:01<00:00, 41.45it/s]
 87%|████████▋ | 69/79 [00:01<00:00, 42.00it/s]
 95%|█████████▍| 75/79 [00:01<00:00, 42.32it/s]
100%|██████████| 79/79 [00:01<00:00, 40.88it/s]

CommRound: 7/30
Accuracy: 37.83% | Loss: 1.8770
[##############----------------------------------------------] 23.3%
Elapsed: 1.2m | Avg/Round: 10.6s | Last: 10.4s | Next: 10.6s | Remaining: 4.1m
ETA: 19:25:54
Recent round times: R1: 10.4s -> R2: 10.3s -> R3: 10.3s -> R4: 10.3s -> R5: 10.4s

  0%|          | 0/79 [00:00<?, ?it/s]
  1%|▏         | 1/79 [00:00<00:08,  9.65it/s]
  9%|▉         | 7/79 [00:00<00:02, 31.01it/s]
 15%|█▌        | 12/79 [00:00<00:01, 38.33it/s]
 20%|██        | 16/79 [00:00<00:01, 38.57it/s]
 27%|██▋       | 21/79 [00:00<00:01, 36.93it/s]
 33%|███▎      | 26/79 [00:00<00:01, 40.58it/s]
 39%|███▉      | 31/79 [00:00<00:01, 38.54it/s]
 47%|████▋     | 37/79 [00:00<00:01, 39.55it/s]
 53%|█████▎    | 42/79 [00:01<00:00, 42.14it/s]
 59%|█████▉    | 47/79 [00:01<00:00, 39.49it/s]
 66%|██████▌   | 52/79 [00:01<00:00, 42.05it/s]
 72%|███████▏  | 57/79 [00:01<00:00, 39.74it/s]
 78%|███████▊  | 62/79 [00:01<00:00, 42.30it/s]
 85%|████████▍ | 67/79 [00:01<00:00, 39.72it/s]
 91%|█████████ | 72/79 [00:01<00:00, 42.32it/s]
 97%|█████████▋| 77/79 [00:01<00:00, 39.85it/s]
100%|██████████| 79/79 [00:01<00:00, 39.91it/s]

CommRound: 8/30
Accuracy: 40.37% | Loss: 1.8791
[################--------------------------------------------] 26.7%
Elapsed: 1.4m | Avg/Round: 10.6s | Last: 10.5s | Next: 10.6s | Remaining: 3.9m
ETA: 19:25:54
Recent round times: R1: 10.3s -> R2: 10.3s -> R3: 10.3s -> R4: 10.4s -> R5: 10.5s

  0%|          | 0/79 [00:00<?, ?it/s]
  4%|▍         | 3/79 [00:00<00:03, 22.03it/s]
  9%|▉         | 7/79 [00:00<00:02, 31.22it/s]
 15%|█▌        | 12/79 [00:00<00:01, 39.13it/s]
 22%|██▏       | 17/79 [00:00<00:01, 37.22it/s]
 29%|██▉       | 23/79 [00:00<00:01, 38.91it/s]
 37%|███▋      | 29/79 [00:00<00:01, 39.99it/s]
 44%|████▍     | 35/79 [00:00<00:01, 40.66it/s]
 52%|█████▏    | 41/79 [00:01<00:00, 41.04it/s]
 59%|█████▉    | 47/79 [00:01<00:00, 41.29it/s]
 67%|██████▋   | 53/79 [00:01<00:00, 41.49it/s]
 75%|███████▍  | 59/79 [00:01<00:00, 41.63it/s]
 82%|████████▏ | 65/79 [00:01<00:00, 41.65it/s]
 90%|████████▉ | 71/79 [00:01<00:00, 41.68it/s]
 96%|█████████▌| 76/79 [00:01<00:00, 43.48it/s]
100%|██████████| 79/79 [00:01<00:00, 40.80it/s]

CommRound: 9/30
Accuracy: 44.24% | Loss: 1.7989
[##################------------------------------------------] 30.0%
Elapsed: 1.6m | Avg/Round: 10.6s | Last: 10.5s | Next: 10.6s | Remaining: 3.7m
ETA: 19:25:53
Recent round times: R1: 10.3s -> R2: 10.3s -> R3: 10.4s -> R4: 10.5s -> R5: 10.5s

  0%|          | 0/79 [00:00<?, ?it/s]
  4%|▍         | 3/79 [00:00<00:03, 22.41it/s]
  9%|▉         | 7/79 [00:00<00:02, 30.20it/s]
 15%|█▌        | 12/79 [00:00<00:01, 36.74it/s]
 20%|██        | 16/79 [00:00<00:01, 37.36it/s]
 25%|██▌       | 20/79 [00:00<00:01, 38.09it/s]
 32%|███▏      | 25/79 [00:00<00:01, 37.79it/s]
 38%|███▊      | 30/79 [00:00<00:01, 39.80it/s]
 44%|████▍     | 35/79 [00:00<00:01, 38.87it/s]
 49%|████▉     | 39/79 [00:01<00:01, 39.18it/s]
 56%|█████▌    | 44/79 [00:01<00:00, 41.31it/s]
 62%|██████▏   | 49/79 [00:01<00:00, 39.51it/s]
 68%|██████▊   | 54/79 [00:01<00:00, 41.45it/s]
 75%|███████▍  | 59/79 [00:01<00:00, 40.24it/s]
 81%|████████  | 64/79 [00:01<00:00, 40.79it/s]
 87%|████████▋ | 69/79 [00:01<00:00, 40.64it/s]
 94%|█████████▎| 74/79 [00:01<00:00, 40.04it/s]
100%|██████████| 79/79 [00:02<00:00, 39.32it/s]

CommRound: 10/30
Accuracy: 46.64% | Loss: 1.7149
[####################----------------------------------------] 33.3%
Elapsed: 1.8m | Avg/Round: 10.6s | Last: 10.5s | Next: 10.6s | Remaining: 3.5m
ETA: 19:25:53
Recent round times: R1: 10.3s -> R2: 10.4s -> R3: 10.5s -> R4: 10.5s -> R5: 10.5s

  0%|          | 0/79 [00:00<?, ?it/s]
  4%|▍         | 3/79 [00:00<00:03, 22.53it/s]
  9%|▉         | 7/79 [00:00<00:02, 31.31it/s]
 14%|█▍        | 11/79 [00:00<00:01, 34.84it/s]
 20%|██        | 16/79 [00:00<00:01, 40.18it/s]
 27%|██▋       | 21/79 [00:00<00:01, 37.63it/s]
 33%|███▎      | 26/79 [00:00<00:01, 41.30it/s]
 39%|███▉      | 31/79 [00:00<00:01, 38.60it/s]
 46%|████▌     | 36/79 [00:00<00:01, 41.58it/s]
 52%|█████▏    | 41/79 [00:01<00:00, 39.14it/s]
 58%|█████▊    | 46/79 [00:01<00:00, 41.53it/s]
 65%|██████▍   | 51/79 [00:01<00:00, 39.44it/s]
 71%|███████   | 56/79 [00:01<00:00, 41.91it/s]
 77%|███████▋  | 61/79 [00:01<00:00, 39.66it/s]
 84%|████████▎ | 66/79 [00:01<00:00, 42.25it/s]
 90%|████████▉ | 71/79 [00:01<00:00, 39.99it/s]
 97%|█████████▋| 77/79 [00:01<00:00, 40.55it/s]
100%|██████████| 79/79 [00:01<00:00, 40.11it/s]

CommRound: 11/30
Accuracy: 38.91% | Loss: 2.0402
[######################--------------------------------------] 36.7%
Elapsed: 1.9m | Avg/Round: 10.6s | Last: 10.5s | Next: 10.6s | Remaining: 3.3m
ETA: 19:25:53
Recent round times: R1: 10.4s -> R2: 10.5s -> R3: 10.5s -> R4: 10.5s -> R5: 10.5s

  0%|          | 0/79 [00:00<?, ?it/s]
  3%|▎         | 2/79 [00:00<00:04, 18.34it/s]
  8%|▊         | 6/79 [00:00<00:02, 30.13it/s]
 13%|█▎        | 10/79 [00:00<00:02, 32.21it/s]
 18%|█▊        | 14/79 [00:00<00:01, 33.22it/s]
 23%|██▎       | 18/79 [00:00<00:01, 34.01it/s]
 28%|██▊       | 22/79 [00:00<00:01, 34.60it/s]
 33%|███▎      | 26/79 [00:00<00:01, 34.96it/s]
 38%|███▊      | 30/79 [00:00<00:01, 35.02it/s]
 44%|████▍     | 35/79 [00:00<00:01, 39.03it/s]
 51%|█████     | 40/79 [00:01<00:01, 37.68it/s]
 57%|█████▋    | 45/79 [00:01<00:00, 40.99it/s]
 63%|██████▎   | 50/79 [00:01<00:00, 38.72it/s]
 70%|██████▉   | 55/79 [00:01<00:00, 41.50it/s]
 76%|███████▌  | 60/79 [00:01<00:00, 38.33it/s]
 81%|████████  | 64/79 [00:01<00:00, 38.71it/s]
 89%|████████▊ | 70/79 [00:01<00:00, 39.64it/s]
 95%|█████████▍| 75/79 [00:02<00:00, 40.05it/s]
100%|██████████| 79/79 [00:02<00:00, 37.41it/s]

CommRound: 12/30
Accuracy: 32.17% | Loss: 2.6438
[########################------------------------------------] 40.0%
Elapsed: 2.1m | Avg/Round: 10.6s | Last: 10.6s | Next: 10.6s | Remaining: 3.2m
ETA: 19:25:53
Recent round times: R1: 10.5s -> R2: 10.5s -> R3: 10.5s -> R4: 10.5s -> R5: 10.6s

  0%|          | 0/79 [00:00<?, ?it/s]
  1%|▏         | 1/79 [00:00<00:07,  9.85it/s]
  9%|▉         | 7/79 [00:00<00:02, 33.43it/s]
 15%|█▌        | 12/79 [00:00<00:01, 38.22it/s]
 20%|██        | 16/79 [00:00<00:01, 38.84it/s]
 27%|██▋       | 21/79 [00:00<00:01, 40.04it/s]
 33%|███▎      | 26/79 [00:00<00:01, 39.39it/s]
 39%|███▉      | 31/79 [00:00<00:01, 41.57it/s]
 46%|████▌     | 36/79 [00:00<00:01, 39.66it/s]
 52%|█████▏    | 41/79 [00:01<00:00, 41.78it/s]
 58%|█████▊    | 46/79 [00:01<00:00, 39.18it/s]
 63%|██████▎   | 50/79 [00:01<00:00, 39.23it/s]
 70%|██████▉   | 55/79 [00:01<00:00, 41.31it/s]
 76%|███████▌  | 60/79 [00:01<00:00, 39.43it/s]
 81%|████████  | 64/79 [00:01<00:00, 39.55it/s]
 86%|████████▌ | 68/79 [00:01<00:00, 39.65it/s]
 92%|█████████▏| 73/79 [00:01<00:00, 39.79it/s]
 99%|█████████▊| 78/79 [00:01<00:00, 40.25it/s]
100%|██████████| 79/79 [00:01<00:00, 39.51it/s]

CommRound: 13/30
Accuracy: 30.93% | Loss: 2.9619
[##########################----------------------------------] 43.3%
Elapsed: 2.3m | Avg/Round: 10.5s | Last: 10.4s | Next: 10.5s | Remaining: 3.0m
ETA: 19:25:53
Recent round times: R1: 10.5s -> R2: 10.5s -> R3: 10.5s -> R4: 10.6s -> R5: 10.4s

  0%|          | 0/79 [00:00<?, ?it/s]
  1%|▏         | 1/79 [00:00<00:07,  9.78it/s]
  9%|▉         | 7/79 [00:00<00:02, 31.94it/s]
 14%|█▍        | 11/79 [00:00<00:01, 34.50it/s]
 19%|█▉        | 15/79 [00:00<00:01, 36.49it/s]
 25%|██▌       | 20/79 [00:00<00:01, 40.93it/s]
 32%|███▏      | 25/79 [00:00<00:01, 38.15it/s]
 38%|███▊      | 30/79 [00:00<00:01, 41.45it/s]
 44%|████▍     | 35/79 [00:00<00:01, 38.95it/s]
 51%|█████     | 40/79 [00:01<00:00, 41.86it/s]
 57%|█████▋    | 45/79 [00:01<00:00, 39.42it/s]
 63%|██████▎   | 50/79 [00:01<00:00, 42.06it/s]
 70%|██████▉   | 55/79 [00:01<00:00, 39.62it/s]
 76%|███████▌  | 60/79 [00:01<00:00, 42.13it/s]
 82%|████████▏ | 65/79 [00:01<00:00, 39.66it/s]
 89%|████████▊ | 70/79 [00:01<00:00, 42.03it/s]
 95%|█████████▍| 75/79 [00:01<00:00, 39.59it/s]
100%|██████████| 79/79 [00:01<00:00, 39.79it/s]

CommRound: 14/30
Accuracy: 33.64% | Loss: 2.6581
[############################--------------------------------] 46.7%
Elapsed: 2.5m | Avg/Round: 10.5s | Last: 10.3s | Next: 10.5s | Remaining: 2.8m
ETA: 19:25:52
Recent round times: R1: 10.5s -> R2: 10.5s -> R3: 10.6s -> R4: 10.4s -> R5: 10.3s

  0%|          | 0/79 [00:00<?, ?it/s]
  1%|▏         | 1/79 [00:00<00:07,  9.84it/s]
  8%|▊         | 6/79 [00:00<00:02, 32.28it/s]
 13%|█▎        | 10/79 [00:00<00:01, 35.52it/s]
 18%|█▊        | 14/79 [00:00<00:01, 36.97it/s]
 24%|██▍       | 19/79 [00:00<00:01, 37.00it/s]
 30%|███       | 24/79 [00:00<00:01, 40.67it/s]
 37%|███▋      | 29/79 [00:00<00:01, 38.59it/s]
 43%|████▎     | 34/79 [00:00<00:01, 41.21it/s]
 49%|████▉     | 39/79 [00:01<00:01, 37.28it/s]
 57%|█████▋    | 45/79 [00:01<00:00, 39.33it/s]
 65%|██████▍   | 51/79 [00:01<00:00, 40.58it/s]
 71%|███████   | 56/79 [00:01<00:00, 42.56it/s]
 77%|███████▋  | 61/79 [00:01<00:00, 41.37it/s]
 84%|████████▎ | 66/79 [00:01<00:00, 42.22it/s]
 90%|████████▉ | 71/79 [00:01<00:00, 41.23it/s]
 96%|█████████▌| 76/79 [00:01<00:00, 41.66it/s]
100%|██████████| 79/79 [00:01<00:00, 39.73it/s]

CommRound: 15/30
Accuracy: 36.55% | Loss: 2.4928
[##############################------------------------------] 50.0%
Elapsed: 2.6m | Avg/Round: 10.5s | Last: 10.5s | Next: 10.5s | Remaining: 2.6m
ETA: 19:25:52
Recent round times: R1: 10.5s -> R2: 10.6s -> R3: 10.4s -> R4: 10.3s -> R5: 10.5s
EARLY_STOP: round=15; best_acc=46.64; current_acc=36.55; threshold=90.00; patience=5; reason=converged_below_target
Total time for experiment: 157.87163186073303 seconds
Device average training time per communication round [s]:
    rpi (sld-rpi-09.ece.utexas.edu): 5.55 seconds
    mc1 (sld-mc1-09.ece.utexas.edu): 3.48 seconds
