Connecting to sld-rpi-09.ece.utexas.edu...
Successfully fetched dev0_pow_temp_log_exp234_run1.csv.
Connecting to sld-rpi-09.ece.utexas.edu...
Successfully fetched dev0_communication_log_exp234_run1.csv.
Connecting to sld-mc1-09.ece.utexas.edu...
Successfully fetched dev1_pow_temp_log_exp234_run1.csv.
Connecting to sld-mc1-09.ece.utexas.edu...
Successfully fetched dev1_communication_log_exp234_run1.csv.

Exp234
Experiment 234: 
	Global test accuracy [%]: 59.91 %
	No round found where all subsequent rounds have accuracy >= 90.00%.
	Average time per communication round [s]: 9.68 seconds
	Total wall clock time [s]: 217.10 seconds


Experiment 234:
	RPi avg. energy consumption per round [J]: 38.51 Joules
	MC1 avg. energy consumption per round [J]: 23.76 Joules
	Total avg. energy consumption per communication round [J]: 62.27 Joules
	Avg. amount of communicated data per communication round [MB]: 0.02 MB
	RPi avg. power consumption per round [W]: 5.50 Watts
	MC1 avg. power consumption per round [W]: 6.32 Watts
