
  0%|          | 0/79 [00:00<?, ?it/s]
  4%|▍         | 3/79 [00:00<00:03, 22.95it/s]
 11%|█▏        | 9/79 [00:00<00:02, 34.20it/s]
 19%|█▉        | 15/79 [00:00<00:01, 37.45it/s]
 27%|██▋       | 21/79 [00:00<00:01, 39.11it/s]
 34%|███▍      | 27/79 [00:00<00:01, 39.90it/s]
 42%|████▏     | 33/79 [00:00<00:01, 40.55it/s]
 49%|████▉     | 39/79 [00:00<00:00, 40.87it/s]
 56%|█████▌    | 44/79 [00:01<00:00, 43.04it/s]
 62%|██████▏   | 49/79 [00:01<00:00, 40.38it/s]
 68%|██████▊   | 54/79 [00:01<00:00, 42.31it/s]
 75%|███████▍  | 59/79 [00:01<00:00, 39.48it/s]
 81%|████████  | 64/79 [00:01<00:00, 41.72it/s]
 87%|████████▋ | 69/79 [00:01<00:00, 39.02it/s]
 94%|█████████▎| 74/79 [00:01<00:00, 41.41it/s]
100%|██████████| 79/79 [00:01<00:00, 42.95it/s]
100%|██████████| 79/79 [00:01<00:00, 40.14it/s]
Initial Accuracy: 8.92%; Initial Loss: 2.3123

  0%|          | 0/79 [00:00<?, ?it/s]
  1%|▏         | 1/79 [00:00<00:08,  9.71it/s]
  9%|▉         | 7/79 [00:00<00:02, 32.00it/s]
 14%|█▍        | 11/79 [00:00<00:01, 34.99it/s]
 20%|██        | 16/79 [00:00<00:01, 37.67it/s]
 27%|██▋       | 21/79 [00:00<00:01, 39.98it/s]
 33%|███▎      | 26/79 [00:00<00:01, 40.53it/s]
 39%|███▉      | 31/79 [00:00<00:01, 41.94it/s]
 46%|████▌     | 36/79 [00:00<00:01, 40.51it/s]
 52%|█████▏    | 41/79 [00:01<00:00, 42.77it/s]
 58%|█████▊    | 46/79 [00:01<00:00, 40.04it/s]
 65%|██████▍   | 51/79 [00:01<00:00, 41.27it/s]
 71%|███████   | 56/79 [00:01<00:00, 40.01it/s]
 77%|███████▋  | 61/79 [00:01<00:00, 42.11it/s]
 84%|████████▎ | 66/79 [00:01<00:00, 41.15it/s]
 90%|████████▉ | 71/79 [00:01<00:00, 41.31it/s]
 96%|█████████▌| 76/79 [00:01<00:00, 42.23it/s]
100%|██████████| 79/79 [00:01<00:00, 40.31it/s]

CommRound: 1/30
Accuracy: 13.61% | Loss: 2.7426
[##----------------------------------------------------------] 3.3%
Elapsed: 0.2m | Avg/Round: 12.4s | Last: 10.4s | Next: 12.4s | Remaining: 6.0m
ETA: 19:35:45
Recent round times: R1: 10.4s

  0%|          | 0/79 [00:00<?, ?it/s]
  1%|▏         | 1/79 [00:00<00:08,  9.46it/s]
  9%|▉         | 7/79 [00:00<00:02, 32.97it/s]
 15%|█▌        | 12/79 [00:00<00:01, 37.52it/s]
 20%|██        | 16/79 [00:00<00:01, 37.70it/s]
 25%|██▌       | 20/79 [00:00<00:01, 38.07it/s]
 30%|███       | 24/79 [00:00<00:01, 38.34it/s]
 35%|███▌      | 28/79 [00:00<00:01, 38.54it/s]
 41%|████      | 32/79 [00:00<00:01, 38.74it/s]
 46%|████▌     | 36/79 [00:00<00:01, 38.65it/s]
 51%|█████     | 40/79 [00:01<00:01, 38.68it/s]
 56%|█████▌    | 44/79 [00:01<00:00, 38.02it/s]
 61%|██████    | 48/79 [00:01<00:00, 38.24it/s]
 67%|██████▋   | 53/79 [00:01<00:00, 40.04it/s]
 73%|███████▎  | 58/79 [00:01<00:00, 39.32it/s]
 78%|███████▊  | 62/79 [00:01<00:00, 39.17it/s]
 85%|████████▍ | 67/79 [00:01<00:00, 41.22it/s]
 91%|█████████ | 72/79 [00:01<00:00, 39.98it/s]
 97%|█████████▋| 77/79 [00:02<00:00, 39.94it/s]
100%|██████████| 79/79 [00:02<00:00, 38.68it/s]

CommRound: 2/30
Accuracy: 18.47% | Loss: 2.8059
[####--------------------------------------------------------] 6.7%
Elapsed: 0.4m | Avg/Round: 11.4s | Last: 10.5s | Next: 11.4s | Remaining: 5.3m
ETA: 19:35:17
Recent round times: R1: 10.4s -> R2: 10.5s

  0%|          | 0/79 [00:00<?, ?it/s]
  3%|▎         | 2/79 [00:00<00:04, 18.90it/s]
  9%|▉         | 7/79 [00:00<00:02, 31.78it/s]
 14%|█▍        | 11/79 [00:00<00:01, 35.12it/s]
 20%|██        | 16/79 [00:00<00:01, 40.44it/s]
 27%|██▋       | 21/79 [00:00<00:01, 37.99it/s]
 34%|███▍      | 27/79 [00:00<00:01, 39.41it/s]
 42%|████▏     | 33/79 [00:00<00:01, 40.16it/s]
 49%|████▉     | 39/79 [00:01<00:00, 40.59it/s]
 56%|█████▌    | 44/79 [00:01<00:00, 42.69it/s]
 62%|██████▏   | 49/79 [00:01<00:00, 40.15it/s]
 70%|██████▉   | 55/79 [00:01<00:00, 40.53it/s]
 76%|███████▌  | 60/79 [00:01<00:00, 42.72it/s]
 82%|████████▏ | 65/79 [00:01<00:00, 40.15it/s]
 90%|████████▉ | 71/79 [00:01<00:00, 40.66it/s]
 97%|█████████▋| 77/79 [00:01<00:00, 40.95it/s]
100%|██████████| 79/79 [00:01<00:00, 40.42it/s]

CommRound: 3/30
Accuracy: 18.97% | Loss: 2.6776
[######------------------------------------------------------] 10.0%
Elapsed: 0.6m | Avg/Round: 11.7s | Last: 12.3s | Next: 11.7s | Remaining: 5.3m
ETA: 19:35:26
Recent round times: R1: 10.4s -> R2: 10.5s -> R3: 12.3s

  0%|          | 0/79 [00:00<?, ?it/s]
  1%|▏         | 1/79 [00:00<00:08,  9.54it/s]
  9%|▉         | 7/79 [00:00<00:02, 32.46it/s]
 14%|█▍        | 11/79 [00:00<00:01, 35.40it/s]
 20%|██        | 16/79 [00:00<00:01, 40.17it/s]
 27%|██▋       | 21/79 [00:00<00:01, 38.03it/s]
 33%|███▎      | 26/79 [00:00<00:01, 41.28it/s]
 39%|███▉      | 31/79 [00:00<00:01, 38.79it/s]
 46%|████▌     | 36/79 [00:00<00:01, 41.75it/s]
 52%|█████▏    | 41/79 [00:01<00:00, 39.32it/s]
 59%|█████▉    | 47/79 [00:01<00:00, 40.14it/s]
 66%|██████▌   | 52/79 [00:01<00:00, 42.16it/s]
 72%|███████▏  | 57/79 [00:01<00:00, 40.14it/s]
 78%|███████▊  | 62/79 [00:01<00:00, 40.52it/s]
 85%|████████▍ | 67/79 [00:01<00:00, 40.51it/s]
 91%|█████████ | 72/79 [00:01<00:00, 40.43it/s]
 97%|█████████▋| 77/79 [00:01<00:00, 40.97it/s]
100%|██████████| 79/79 [00:01<00:00, 39.54it/s]

CommRound: 4/30
Accuracy: 19.72% | Loss: 2.4472
[########----------------------------------------------------] 13.3%
Elapsed: 0.8m | Avg/Round: 11.4s | Last: 10.5s | Next: 11.4s | Remaining: 4.9m
ETA: 19:35:17
Recent round times: R1: 10.4s -> R2: 10.5s -> R3: 12.3s -> R4: 10.5s

  0%|          | 0/79 [00:00<?, ?it/s]
  1%|▏         | 1/79 [00:00<00:07,  9.90it/s]
  9%|▉         | 7/79 [00:00<00:02, 32.56it/s]
 14%|█▍        | 11/79 [00:00<00:01, 35.02it/s]
 20%|██        | 16/79 [00:00<00:01, 39.99it/s]
 27%|██▋       | 21/79 [00:00<00:01, 38.68it/s]
 33%|███▎      | 26/79 [00:00<00:01, 40.82it/s]
 39%|███▉      | 31/79 [00:00<00:01, 39.77it/s]
 46%|████▌     | 36/79 [00:00<00:01, 41.68it/s]
 52%|█████▏    | 41/79 [00:01<00:00, 39.38it/s]
 58%|█████▊    | 46/79 [00:01<00:00, 41.82it/s]
 65%|██████▍   | 51/79 [00:01<00:00, 39.35it/s]
 72%|███████▏  | 57/79 [00:01<00:00, 40.08it/s]
 80%|███████▉  | 63/79 [00:01<00:00, 40.52it/s]
 87%|████████▋ | 69/79 [00:01<00:00, 40.78it/s]
 95%|█████████▍| 75/79 [00:01<00:00, 40.90it/s]
100%|██████████| 79/79 [00:01<00:00, 40.04it/s]

CommRound: 5/30
Accuracy: 19.82% | Loss: 2.3781
[##########--------------------------------------------------] 16.7%
Elapsed: 0.9m | Avg/Round: 11.2s | Last: 10.4s | Next: 11.2s | Remaining: 4.7m
ETA: 19:35:11
Recent round times: R1: 10.4s -> R2: 10.5s -> R3: 12.3s -> R4: 10.5s -> R5: 10.4s

  0%|          | 0/79 [00:00<?, ?it/s]
  1%|▏         | 1/79 [00:00<00:08,  9.17it/s]
  9%|▉         | 7/79 [00:00<00:02, 31.77it/s]
 15%|█▌        | 12/79 [00:00<00:01, 38.70it/s]
 22%|██▏       | 17/79 [00:00<00:01, 37.11it/s]
 28%|██▊       | 22/79 [00:00<00:01, 40.54it/s]
 34%|███▍      | 27/79 [00:00<00:01, 38.92it/s]
 41%|████      | 32/79 [00:00<00:01, 41.00it/s]
 47%|████▋     | 37/79 [00:00<00:01, 39.53it/s]
 53%|█████▎    | 42/79 [00:01<00:00, 40.83it/s]
 59%|█████▉    | 47/79 [00:01<00:00, 40.01it/s]
 66%|██████▌   | 52/79 [00:01<00:00, 40.51it/s]
 72%|███████▏  | 57/79 [00:01<00:00, 40.01it/s]
 78%|███████▊  | 62/79 [00:01<00:00, 40.15it/s]
 85%|████████▍ | 67/79 [00:01<00:00, 40.53it/s]
 91%|█████████ | 72/79 [00:01<00:00, 39.93it/s]
 97%|█████████▋| 77/79 [00:01<00:00, 41.90it/s]
100%|██████████| 79/79 [00:02<00:00, 39.31it/s]

CommRound: 6/30
Accuracy: 19.59% | Loss: 2.5438
[############------------------------------------------------] 20.0%
Elapsed: 1.1m | Avg/Round: 11.1s | Last: 10.5s | Next: 11.1s | Remaining: 4.4m
ETA: 19:35:07
Recent round times: R1: 10.5s -> R2: 12.3s -> R3: 10.5s -> R4: 10.4s -> R5: 10.5s

  0%|          | 0/79 [00:00<?, ?it/s]
  1%|▏         | 1/79 [00:00<00:08,  9.74it/s]
  9%|▉         | 7/79 [00:00<00:02, 31.26it/s]
 14%|█▍        | 11/79 [00:00<00:01, 34.74it/s]
 20%|██        | 16/79 [00:00<00:01, 38.53it/s]
 25%|██▌       | 20/79 [00:00<00:01, 36.94it/s]
 30%|███       | 24/79 [00:00<00:01, 36.01it/s]
 35%|███▌      | 28/79 [00:00<00:01, 35.62it/s]
 41%|████      | 32/79 [00:00<00:01, 35.20it/s]
 46%|████▌     | 36/79 [00:01<00:01, 36.24it/s]
 51%|█████     | 40/79 [00:01<00:01, 37.06it/s]
 56%|█████▌    | 44/79 [00:01<00:00, 37.74it/s]
 61%|██████    | 48/79 [00:01<00:00, 38.23it/s]
 66%|██████▌   | 52/79 [00:01<00:00, 38.39it/s]
 71%|███████   | 56/79 [00:01<00:00, 38.72it/s]
 76%|███████▌  | 60/79 [00:01<00:00, 38.87it/s]
 81%|████████  | 64/79 [00:01<00:00, 38.68it/s]
 86%|████████▌ | 68/79 [00:01<00:00, 38.92it/s]
 91%|█████████ | 72/79 [00:01<00:00, 38.92it/s]
 96%|█████████▌| 76/79 [00:02<00:00, 38.94it/s]
100%|██████████| 79/79 [00:02<00:00, 37.14it/s]

CommRound: 7/30
Accuracy: 19.95% | Loss: 2.3419
[##############----------------------------------------------] 23.3%
Elapsed: 1.3m | Avg/Round: 11.0s | Last: 10.8s | Next: 11.0s | Remaining: 4.2m
ETA: 19:35:06
Recent round times: R1: 12.3s -> R2: 10.5s -> R3: 10.4s -> R4: 10.5s -> R5: 10.8s

  0%|          | 0/79 [00:00<?, ?it/s]
  1%|▏         | 1/79 [00:00<00:08,  9.64it/s]
  9%|▉         | 7/79 [00:00<00:02, 32.72it/s]
 15%|█▌        | 12/79 [00:00<00:01, 39.22it/s]
 22%|██▏       | 17/79 [00:00<00:01, 37.16it/s]
 28%|██▊       | 22/79 [00:00<00:01, 41.01it/s]
 34%|███▍      | 27/79 [00:00<00:01, 38.54it/s]
 41%|████      | 32/79 [00:00<00:01, 41.59it/s]
 47%|████▋     | 37/79 [00:00<00:01, 39.10it/s]
 53%|█████▎    | 42/79 [00:01<00:00, 41.89it/s]
 59%|█████▉    | 47/79 [00:01<00:00, 39.33it/s]
 67%|██████▋   | 53/79 [00:01<00:00, 40.55it/s]
 75%|███████▍  | 59/79 [00:01<00:00, 41.43it/s]
 82%|████████▏ | 65/79 [00:01<00:00, 41.93it/s]
 90%|████████▉ | 71/79 [00:01<00:00, 42.25it/s]
 97%|█████████▋| 77/79 [00:01<00:00, 42.54it/s]
100%|██████████| 79/79 [00:01<00:00, 40.83it/s]

CommRound: 8/30
Accuracy: 20.17% | Loss: 2.3007
[################--------------------------------------------] 26.7%
Elapsed: 1.5m | Avg/Round: 11.0s | Last: 10.6s | Next: 11.0s | Remaining: 4.0m
ETA: 19:35:04
Recent round times: R1: 10.5s -> R2: 10.4s -> R3: 10.5s -> R4: 10.8s -> R5: 10.6s

  0%|          | 0/79 [00:00<?, ?it/s]
  1%|▏         | 1/79 [00:00<00:08,  9.53it/s]
  9%|▉         | 7/79 [00:00<00:02, 31.88it/s]
 15%|█▌        | 12/79 [00:00<00:01, 39.13it/s]
 22%|██▏       | 17/79 [00:00<00:01, 36.98it/s]
 29%|██▉       | 23/79 [00:00<00:01, 39.10it/s]
 37%|███▋      | 29/79 [00:00<00:01, 39.95it/s]
 44%|████▍     | 35/79 [00:00<00:01, 40.55it/s]
 52%|█████▏    | 41/79 [00:01<00:00, 41.01it/s]
 59%|█████▉    | 47/79 [00:01<00:00, 41.41it/s]
 67%|██████▋   | 53/79 [00:01<00:00, 41.79it/s]
 75%|███████▍  | 59/79 [00:01<00:00, 41.94it/s]
 82%|████████▏ | 65/79 [00:01<00:00, 41.93it/s]
 89%|████████▊ | 70/79 [00:01<00:00, 43.69it/s]
 95%|█████████▍| 75/79 [00:01<00:00, 40.84it/s]
100%|██████████| 79/79 [00:01<00:00, 40.63it/s]

CommRound: 9/30
Accuracy: 21.24% | Loss: 2.2167
[##################------------------------------------------] 30.0%
Elapsed: 1.7m | Avg/Round: 11.1s | Last: 11.9s | Next: 11.1s | Remaining: 3.9m
ETA: 19:35:07
Recent round times: R1: 10.4s -> R2: 10.5s -> R3: 10.8s -> R4: 10.6s -> R5: 11.9s

  0%|          | 0/79 [00:00<?, ?it/s]
  1%|▏         | 1/79 [00:00<00:07,  9.82it/s]
  9%|▉         | 7/79 [00:00<00:02, 33.24it/s]
 15%|█▌        | 12/79 [00:00<00:01, 39.51it/s]
 22%|██▏       | 17/79 [00:00<00:01, 37.70it/s]
 28%|██▊       | 22/79 [00:00<00:01, 41.10it/s]
 34%|███▍      | 27/79 [00:00<00:01, 38.87it/s]
 41%|████      | 32/79 [00:00<00:01, 41.85it/s]
 47%|████▋     | 37/79 [00:00<00:01, 39.31it/s]
 53%|█████▎    | 42/79 [00:01<00:00, 42.07it/s]
 59%|█████▉    | 47/79 [00:01<00:00, 39.70it/s]
 67%|██████▋   | 53/79 [00:01<00:00, 40.22it/s]
 75%|███████▍  | 59/79 [00:01<00:00, 40.63it/s]
 81%|████████  | 64/79 [00:01<00:00, 42.90it/s]
 87%|████████▋ | 69/79 [00:01<00:00, 40.30it/s]
 94%|█████████▎| 74/79 [00:01<00:00, 40.02it/s]
100%|██████████| 79/79 [00:01<00:00, 40.76it/s]
100%|██████████| 79/79 [00:02<00:00, 39.43it/s]

CommRound: 10/30
Accuracy: 22.26% | Loss: 2.2143
[####################----------------------------------------] 33.3%
Elapsed: 1.9m | Avg/Round: 11.3s | Last: 13.5s | Next: 11.3s | Remaining: 3.8m
ETA: 19:35:14
Recent round times: R1: 10.5s -> R2: 10.8s -> R3: 10.6s -> R4: 11.9s -> R5: 13.5s

  0%|          | 0/79 [00:00<?, ?it/s]
  1%|▏         | 1/79 [00:00<00:07,  9.83it/s]
  9%|▉         | 7/79 [00:00<00:02, 34.67it/s]
 15%|█▌        | 12/79 [00:00<00:01, 39.81it/s]
 22%|██▏       | 17/79 [00:00<00:01, 39.56it/s]
 28%|██▊       | 22/79 [00:00<00:01, 41.08it/s]
 34%|███▍      | 27/79 [00:00<00:01, 40.16it/s]
 41%|████      | 32/79 [00:00<00:01, 40.98it/s]
 47%|████▋     | 37/79 [00:00<00:01, 35.87it/s]
 52%|█████▏    | 41/79 [00:01<00:01, 36.79it/s]
 57%|█████▋    | 45/79 [00:01<00:00, 37.45it/s]
 62%|██████▏   | 49/79 [00:01<00:00, 38.11it/s]
 68%|██████▊   | 54/79 [00:01<00:00, 41.16it/s]
 75%|███████▍  | 59/79 [00:01<00:00, 38.54it/s]
 80%|███████▉  | 63/79 [00:01<00:00, 37.57it/s]
 85%|████████▍ | 67/79 [00:01<00:00, 37.24it/s]
 92%|█████████▏| 73/79 [00:01<00:00, 38.72it/s]
 99%|█████████▊| 78/79 [00:02<00:00, 41.52it/s]
100%|██████████| 79/79 [00:02<00:00, 38.76it/s]

CommRound: 11/30
Accuracy: 25.45% | Loss: 2.1270
[######################--------------------------------------] 36.7%
Elapsed: 2.1m | Avg/Round: 11.3s | Last: 10.7s | Next: 11.3s | Remaining: 3.6m
ETA: 19:35:13
Recent round times: R1: 10.8s -> R2: 10.6s -> R3: 11.9s -> R4: 13.5s -> R5: 10.7s

  0%|          | 0/79 [00:00<?, ?it/s]
  1%|▏         | 1/79 [00:00<00:08,  9.71it/s]
  9%|▉         | 7/79 [00:00<00:02, 33.78it/s]
 15%|█▌        | 12/79 [00:00<00:01, 38.69it/s]
 20%|██        | 16/79 [00:00<00:01, 39.15it/s]
 25%|██▌       | 20/79 [00:00<00:01, 39.39it/s]
 32%|███▏      | 25/79 [00:00<00:01, 40.10it/s]
 38%|███▊      | 30/79 [00:00<00:01, 39.96it/s]
 44%|████▍     | 35/79 [00:00<00:01, 41.65it/s]
 51%|█████     | 40/79 [00:01<00:00, 39.91it/s]
 57%|█████▋    | 45/79 [00:01<00:00, 41.42it/s]
 63%|██████▎   | 50/79 [00:01<00:00, 40.15it/s]
 70%|██████▉   | 55/79 [00:01<00:00, 40.34it/s]
 76%|███████▌  | 60/79 [00:01<00:00, 40.45it/s]
 82%|████████▏ | 65/79 [00:01<00:00, 40.91it/s]
 89%|████████▊ | 70/79 [00:01<00:00, 40.52it/s]
 95%|█████████▍| 75/79 [00:01<00:00, 40.64it/s]
100%|██████████| 79/79 [00:01<00:00, 39.93it/s]

CommRound: 12/30
Accuracy: 27.16% | Loss: 2.0993
[########################------------------------------------] 40.0%
Elapsed: 2.2m | Avg/Round: 11.2s | Last: 10.5s | Next: 11.2s | Remaining: 3.4m
ETA: 19:35:11
Recent round times: R1: 10.6s -> R2: 11.9s -> R3: 13.5s -> R4: 10.7s -> R5: 10.5s

  0%|          | 0/79 [00:00<?, ?it/s]
  3%|▎         | 2/79 [00:00<00:04, 19.04it/s]
  9%|▉         | 7/79 [00:00<00:02, 31.53it/s]
 14%|█▍        | 11/79 [00:00<00:01, 34.78it/s]
 19%|█▉        | 15/79 [00:00<00:01, 36.25it/s]
 25%|██▌       | 20/79 [00:00<00:01, 40.70it/s]
 32%|███▏      | 25/79 [00:00<00:01, 37.64it/s]
 37%|███▋      | 29/79 [00:00<00:01, 37.86it/s]
 42%|████▏     | 33/79 [00:00<00:01, 38.26it/s]
 48%|████▊     | 38/79 [00:01<00:01, 39.57it/s]
 53%|█████▎    | 42/79 [00:01<00:00, 38.56it/s]
 58%|█████▊    | 46/79 [00:01<00:00, 37.38it/s]
 63%|██████▎   | 50/79 [00:01<00:00, 36.64it/s]
 68%|██████▊   | 54/79 [00:01<00:00, 37.31it/s]
 73%|███████▎  | 58/79 [00:01<00:00, 37.11it/s]
 78%|███████▊  | 62/79 [00:01<00:00, 37.92it/s]
 85%|████████▍ | 67/79 [00:01<00:00, 41.07it/s]
 91%|█████████ | 72/79 [00:01<00:00, 38.04it/s]
 96%|█████████▌| 76/79 [00:02<00:00, 38.46it/s]
100%|██████████| 79/79 [00:02<00:00, 37.85it/s]

CommRound: 13/30
Accuracy: 26.96% | Loss: 2.1254
[##########################----------------------------------] 43.3%
Elapsed: 2.4m | Avg/Round: 11.2s | Last: 10.9s | Next: 11.2s | Remaining: 3.2m
ETA: 19:35:10
Recent round times: R1: 11.9s -> R2: 13.5s -> R3: 10.7s -> R4: 10.5s -> R5: 10.9s

  0%|          | 0/79 [00:00<?, ?it/s]
  1%|▏         | 1/79 [00:00<00:08,  9.49it/s]
  9%|▉         | 7/79 [00:00<00:02, 31.21it/s]
 14%|█▍        | 11/79 [00:00<00:02, 33.75it/s]
 19%|█▉        | 15/79 [00:00<00:01, 34.82it/s]
 24%|██▍       | 19/79 [00:00<00:01, 35.59it/s]
 29%|██▉       | 23/79 [00:00<00:01, 36.34it/s]
 34%|███▍      | 27/79 [00:00<00:01, 36.87it/s]
 39%|███▉      | 31/79 [00:00<00:01, 37.21it/s]
 44%|████▍     | 35/79 [00:00<00:01, 37.55it/s]
 51%|█████     | 40/79 [00:01<00:00, 41.01it/s]
 57%|█████▋    | 45/79 [00:01<00:00, 37.80it/s]
 62%|██████▏   | 49/79 [00:01<00:00, 37.21it/s]
 67%|██████▋   | 53/79 [00:01<00:00, 37.64it/s]
 72%|███████▏  | 57/79 [00:01<00:00, 37.62it/s]
 77%|███████▋  | 61/79 [00:01<00:00, 37.85it/s]
 82%|████████▏ | 65/79 [00:01<00:00, 38.35it/s]
 89%|████████▊ | 70/79 [00:01<00:00, 41.55it/s]
 95%|█████████▍| 75/79 [00:02<00:00, 39.36it/s]
100%|██████████| 79/79 [00:02<00:00, 37.70it/s]

CommRound: 14/30
Accuracy: 28.41% | Loss: 2.1387
[############################--------------------------------] 46.7%
Elapsed: 2.6m | Avg/Round: 11.2s | Last: 10.9s | Next: 11.2s | Remaining: 3.0m
ETA: 19:35:09
Recent round times: R1: 13.5s -> R2: 10.7s -> R3: 10.5s -> R4: 10.9s -> R5: 10.9s

  0%|          | 0/79 [00:00<?, ?it/s]
  1%|▏         | 1/79 [00:00<00:08,  8.89it/s]
  9%|▉         | 7/79 [00:00<00:02, 30.76it/s]
 14%|█▍        | 11/79 [00:00<00:01, 34.30it/s]
 19%|█▉        | 15/79 [00:00<00:02, 22.13it/s]
 25%|██▌       | 20/79 [00:00<00:02, 28.58it/s]
 32%|███▏      | 25/79 [00:00<00:01, 30.60it/s]
 38%|███▊      | 30/79 [00:00<00:01, 35.01it/s]
 44%|████▍     | 35/79 [00:01<00:01, 34.97it/s]
 51%|█████     | 40/79 [00:01<00:01, 35.61it/s]
 56%|█████▌    | 44/79 [00:01<00:00, 36.66it/s]
 61%|██████    | 48/79 [00:01<00:00, 37.37it/s]
 66%|██████▌   | 52/79 [00:01<00:00, 37.78it/s]
 72%|███████▏  | 57/79 [00:01<00:00, 40.24it/s]
 78%|███████▊  | 62/79 [00:01<00:00, 38.60it/s]
 84%|████████▎ | 66/79 [00:01<00:00, 38.79it/s]
 89%|████████▊ | 70/79 [00:02<00:00, 39.02it/s]
 94%|█████████▎| 74/79 [00:02<00:00, 39.04it/s]
 99%|█████████▊| 78/79 [00:02<00:00, 38.04it/s]
100%|██████████| 79/79 [00:02<00:00, 35.04it/s]

CommRound: 15/30
Accuracy: 29.54% | Loss: 2.0991
[##############################------------------------------] 50.0%
Elapsed: 2.8m | Avg/Round: 11.1s | Last: 10.8s | Next: 11.1s | Remaining: 2.8m
ETA: 19:35:09
Recent round times: R1: 10.7s -> R2: 10.5s -> R3: 10.9s -> R4: 10.9s -> R5: 10.8s

  0%|          | 0/79 [00:00<?, ?it/s]
  1%|▏         | 1/79 [00:00<00:07,  9.92it/s]
  6%|▋         | 5/79 [00:00<00:02, 25.26it/s]
 11%|█▏        | 9/79 [00:00<00:02, 31.19it/s]
 16%|█▋        | 13/79 [00:00<00:02, 23.35it/s]
 22%|██▏       | 17/79 [00:00<00:02, 27.80it/s]
 28%|██▊       | 22/79 [00:00<00:01, 33.61it/s]
 33%|███▎      | 26/79 [00:00<00:01, 35.31it/s]
 39%|███▉      | 31/79 [00:00<00:01, 35.30it/s]
 46%|████▌     | 36/79 [00:01<00:01, 39.07it/s]
 52%|█████▏    | 41/79 [00:01<00:01, 37.74it/s]
 58%|█████▊    | 46/79 [00:01<00:00, 40.11it/s]
 65%|██████▍   | 51/79 [00:01<00:00, 38.74it/s]
 71%|███████   | 56/79 [00:01<00:00, 39.54it/s]
 77%|███████▋  | 61/79 [00:01<00:00, 39.66it/s]
 84%|████████▎ | 66/79 [00:01<00:00, 39.61it/s]
 90%|████████▉ | 71/79 [00:01<00:00, 39.59it/s]
 95%|█████████▍| 75/79 [00:02<00:00, 39.39it/s]
100%|██████████| 79/79 [00:02<00:00, 36.46it/s]

CommRound: 16/30
Accuracy: 30.53% | Loss: 2.0211
[################################----------------------------] 53.3%
Elapsed: 3.0m | Avg/Round: 11.1s | Last: 10.7s | Next: 11.1s | Remaining: 2.6m
ETA: 19:35:08
Recent round times: R1: 10.5s -> R2: 10.9s -> R3: 10.9s -> R4: 10.8s -> R5: 10.7s

  0%|          | 0/79 [00:00<?, ?it/s]
  1%|▏         | 1/79 [00:00<00:08,  9.61it/s]
  9%|▉         | 7/79 [00:00<00:03, 20.10it/s]
 15%|█▌        | 12/79 [00:00<00:02, 26.91it/s]
 20%|██        | 16/79 [00:00<00:02, 29.16it/s]
 25%|██▌       | 20/79 [00:00<00:01, 31.15it/s]
 30%|███       | 24/79 [00:00<00:01, 33.34it/s]
 35%|███▌      | 28/79 [00:00<00:01, 34.91it/s]
 41%|████      | 32/79 [00:01<00:01, 36.00it/s]
 47%|████▋     | 37/79 [00:01<00:01, 39.79it/s]
 53%|█████▎    | 42/79 [00:01<00:00, 37.39it/s]
 59%|█████▉    | 47/79 [00:01<00:00, 40.46it/s]
 66%|██████▌   | 52/79 [00:01<00:00, 37.88it/s]
 72%|███████▏  | 57/79 [00:01<00:00, 40.74it/s]
 78%|███████▊  | 62/79 [00:01<00:00, 38.70it/s]
 85%|████████▍ | 67/79 [00:01<00:00, 41.41it/s]
 91%|█████████ | 72/79 [00:02<00:00, 38.96it/s]
 97%|█████████▋| 77/79 [00:02<00:00, 41.16it/s]
100%|██████████| 79/79 [00:02<00:00, 35.93it/s]

CommRound: 17/30
Accuracy: 30.39% | Loss: 2.0615
[##################################--------------------------] 56.7%
Elapsed: 3.1m | Avg/Round: 11.1s | Last: 10.9s | Next: 11.1s | Remaining: 2.4m
ETA: 19:35:07
Recent round times: R1: 10.9s -> R2: 10.9s -> R3: 10.8s -> R4: 10.7s -> R5: 10.9s

  0%|          | 0/79 [00:00<?, ?it/s]
  1%|▏         | 1/79 [00:00<00:08,  9.60it/s]
  4%|▍         | 3/79 [00:00<00:07, 10.38it/s]
  9%|▉         | 7/79 [00:00<00:03, 20.63it/s]
 14%|█▍        | 11/79 [00:00<00:02, 27.04it/s]
 19%|█▉        | 15/79 [00:00<00:02, 31.07it/s]
 24%|██▍       | 19/79 [00:00<00:01, 33.75it/s]
 29%|██▉       | 23/79 [00:00<00:01, 31.35it/s]
 37%|███▋      | 29/79 [00:00<00:01, 35.54it/s]
 42%|████▏     | 33/79 [00:01<00:01, 36.33it/s]
 47%|████▋     | 37/79 [00:01<00:01, 37.19it/s]
 52%|█████▏    | 41/79 [00:01<00:01, 37.65it/s]
 57%|█████▋    | 45/79 [00:01<00:00, 38.23it/s]
 62%|██████▏   | 49/79 [00:01<00:00, 36.02it/s]
 67%|██████▋   | 53/79 [00:01<00:00, 34.63it/s]
 72%|███████▏  | 57/79 [00:01<00:00, 35.63it/s]
 77%|███████▋  | 61/79 [00:01<00:00, 36.53it/s]
 82%|████████▏ | 65/79 [00:01<00:00, 37.12it/s]
 87%|████████▋ | 69/79 [00:02<00:00, 37.66it/s]
 92%|█████████▏| 73/79 [00:02<00:00, 36.96it/s]
 97%|█████████▋| 77/79 [00:02<00:00, 36.06it/s]
100%|██████████| 79/79 [00:02<00:00, 34.18it/s]

CommRound: 18/30
Accuracy: 34.30% | Loss: 1.8277
[####################################------------------------] 60.0%
Elapsed: 3.3m | Avg/Round: 11.1s | Last: 10.7s | Next: 11.1s | Remaining: 2.2m
ETA: 19:35:07
Recent round times: R1: 10.9s -> R2: 10.8s -> R3: 10.7s -> R4: 10.9s -> R5: 10.7s

  0%|          | 0/79 [00:00<?, ?it/s]
  1%|▏         | 1/79 [00:00<00:17,  4.48it/s]
  9%|▉         | 7/79 [00:00<00:03, 22.62it/s]
 15%|█▌        | 12/79 [00:00<00:02, 31.50it/s]
 22%|██▏       | 17/79 [00:00<00:01, 32.90it/s]
 28%|██▊       | 22/79 [00:00<00:01, 37.69it/s]
 34%|███▍      | 27/79 [00:00<00:01, 36.71it/s]
 42%|████▏     | 33/79 [00:00<00:01, 38.21it/s]
 49%|████▉     | 39/79 [00:01<00:01, 39.23it/s]
 56%|█████▌    | 44/79 [00:01<00:00, 40.67it/s]
 62%|██████▏   | 49/79 [00:01<00:00, 38.98it/s]
 68%|██████▊   | 54/79 [00:01<00:00, 37.67it/s]
 75%|███████▍  | 59/79 [00:01<00:00, 40.04it/s]
 81%|████████  | 64/79 [00:01<00:00, 39.00it/s]
 87%|████████▋ | 69/79 [00:01<00:00, 40.78it/s]
 94%|█████████▎| 74/79 [00:02<00:00, 39.40it/s]
100%|██████████| 79/79 [00:02<00:00, 42.01it/s]
100%|██████████| 79/79 [00:02<00:00, 36.85it/s]

CommRound: 19/30
Accuracy: 35.83% | Loss: 1.8224
[######################################----------------------] 63.3%
Elapsed: 3.5m | Avg/Round: 11.1s | Last: 10.8s | Next: 11.1s | Remaining: 2.0m
ETA: 19:35:06
Recent round times: R1: 10.8s -> R2: 10.7s -> R3: 10.9s -> R4: 10.7s -> R5: 10.8s

  0%|          | 0/79 [00:00<?, ?it/s]
  3%|▎         | 2/79 [00:00<00:03, 19.27it/s]
  9%|▉         | 7/79 [00:00<00:02, 31.45it/s]
 14%|█▍        | 11/79 [00:00<00:01, 34.89it/s]
 20%|██        | 16/79 [00:00<00:01, 35.35it/s]
 25%|██▌       | 20/79 [00:00<00:01, 35.07it/s]
 30%|███       | 24/79 [00:00<00:01, 35.20it/s]
 35%|███▌      | 28/79 [00:00<00:01, 34.99it/s]
 41%|████      | 32/79 [00:00<00:01, 35.10it/s]
 46%|████▌     | 36/79 [00:01<00:01, 36.09it/s]
 51%|█████     | 40/79 [00:01<00:01, 36.94it/s]
 57%|█████▋    | 45/79 [00:01<00:00, 40.61it/s]
 63%|██████▎   | 50/79 [00:01<00:00, 37.99it/s]
 68%|██████▊   | 54/79 [00:01<00:00, 38.49it/s]
 73%|███████▎  | 58/79 [00:01<00:00, 38.84it/s]
 80%|███████▉  | 63/79 [00:01<00:00, 41.75it/s]
 86%|████████▌ | 68/79 [00:01<00:00, 38.91it/s]
 92%|█████████▏| 73/79 [00:01<00:00, 41.56it/s]
 99%|█████████▊| 78/79 [00:02<00:00, 38.99it/s]
100%|██████████| 79/79 [00:02<00:00, 37.59it/s]

CommRound: 20/30
Accuracy: 35.94% | Loss: 1.8235
[########################################--------------------] 66.7%
Elapsed: 3.7m | Avg/Round: 11.1s | Last: 10.9s | Next: 11.1s | Remaining: 1.8m
ETA: 19:35:06
Recent round times: R1: 10.7s -> R2: 10.9s -> R3: 10.7s -> R4: 10.8s -> R5: 10.9s

  0%|          | 0/79 [00:00<?, ?it/s]
  3%|▎         | 2/79 [00:00<00:03, 19.26it/s]
  6%|▋         | 5/79 [00:00<00:03, 22.56it/s]
 13%|█▎        | 10/79 [00:00<00:02, 32.86it/s]
 18%|█▊        | 14/79 [00:00<00:01, 35.44it/s]
 24%|██▍       | 19/79 [00:00<00:01, 37.84it/s]
 30%|███       | 24/79 [00:00<00:01, 38.05it/s]
 35%|███▌      | 28/79 [00:00<00:01, 38.57it/s]
 41%|████      | 32/79 [00:00<00:01, 36.18it/s]
 48%|████▊     | 38/79 [00:01<00:01, 39.09it/s]
 54%|█████▍    | 43/79 [00:01<00:00, 41.48it/s]
 61%|██████    | 48/79 [00:01<00:00, 39.36it/s]
 67%|██████▋   | 53/79 [00:01<00:00, 41.49it/s]
 73%|███████▎  | 58/79 [00:01<00:00, 39.60it/s]
 80%|███████▉  | 63/79 [00:01<00:00, 40.36it/s]
 86%|████████▌ | 68/79 [00:01<00:00, 39.68it/s]
 92%|█████████▏| 73/79 [00:01<00:00, 39.69it/s]
 97%|█████████▋| 77/79 [00:02<00:00, 39.32it/s]
100%|██████████| 79/79 [00:02<00:00, 38.50it/s]

CommRound: 21/30
Accuracy: 40.10% | Loss: 1.7251
[##########################################------------------] 70.0%
Elapsed: 3.9m | Avg/Round: 11.0s | Last: 10.7s | Next: 11.0s | Remaining: 1.7m
ETA: 19:35:06
Recent round times: R1: 10.9s -> R2: 10.7s -> R3: 10.8s -> R4: 10.9s -> R5: 10.7s

  0%|          | 0/79 [00:00<?, ?it/s]
  1%|▏         | 1/79 [00:00<00:08,  9.43it/s]
  9%|▉         | 7/79 [00:00<00:02, 31.65it/s]
 16%|█▋        | 13/79 [00:00<00:01, 36.64it/s]
 23%|██▎       | 18/79 [00:00<00:01, 40.72it/s]
 29%|██▉       | 23/79 [00:00<00:01, 38.58it/s]
 34%|███▍      | 27/79 [00:00<00:01, 38.96it/s]
 41%|████      | 32/79 [00:00<00:01, 42.01it/s]
 47%|████▋     | 37/79 [00:00<00:01, 39.56it/s]
 53%|█████▎    | 42/79 [00:01<00:00, 42.09it/s]
 59%|█████▉    | 47/79 [00:01<00:00, 39.65it/s]
 67%|██████▋   | 53/79 [00:01<00:00, 40.26it/s]
 75%|███████▍  | 59/79 [00:01<00:00, 40.63it/s]
 81%|████████  | 64/79 [00:01<00:00, 42.89it/s]
 87%|████████▋ | 69/79 [00:01<00:00, 40.07it/s]
 94%|█████████▎| 74/79 [00:01<00:00, 42.23it/s]
100%|██████████| 79/79 [00:01<00:00, 43.96it/s]
100%|██████████| 79/79 [00:01<00:00, 40.04it/s]

CommRound: 22/30
Accuracy: 41.08% | Loss: 1.7285
[############################################----------------] 73.3%
Elapsed: 4.0m | Avg/Round: 11.0s | Last: 10.5s | Next: 11.0s | Remaining: 1.5m
ETA: 19:35:05
Recent round times: R1: 10.7s -> R2: 10.8s -> R3: 10.9s -> R4: 10.7s -> R5: 10.5s

  0%|          | 0/79 [00:00<?, ?it/s]
  1%|▏         | 1/79 [00:00<00:08,  9.08it/s]
  6%|▋         | 5/79 [00:00<00:02, 25.17it/s]
 11%|█▏        | 9/79 [00:00<00:02, 28.97it/s]
 16%|█▋        | 13/79 [00:00<00:02, 30.91it/s]
 22%|██▏       | 17/79 [00:00<00:01, 32.08it/s]
 27%|██▋       | 21/79 [00:00<00:01, 32.75it/s]
 32%|███▏      | 25/79 [00:00<00:01, 33.21it/s]
 37%|███▋      | 29/79 [00:00<00:01, 33.44it/s]
 42%|████▏     | 33/79 [00:01<00:01, 33.40it/s]
 48%|████▊     | 38/79 [00:01<00:01, 37.93it/s]
 53%|█████▎    | 42/79 [00:01<00:00, 38.51it/s]
 59%|█████▉    | 47/79 [00:01<00:00, 37.28it/s]
 67%|██████▋   | 53/79 [00:01<00:00, 38.68it/s]
 75%|███████▍  | 59/79 [00:01<00:00, 39.71it/s]
 81%|████████  | 64/79 [00:01<00:00, 42.23it/s]
 87%|████████▋ | 69/79 [00:01<00:00, 40.03it/s]
 94%|█████████▎| 74/79 [00:02<00:00, 42.45it/s]
100%|██████████| 79/79 [00:02<00:00, 44.14it/s]
100%|██████████| 79/79 [00:02<00:00, 36.95it/s]

CommRound: 23/30
Accuracy: 42.60% | Loss: 1.6624
[##############################################--------------] 76.7%
Elapsed: 4.2m | Avg/Round: 11.0s | Last: 10.8s | Next: 11.0s | Remaining: 1.3m
ETA: 19:35:05
Recent round times: R1: 10.8s -> R2: 10.9s -> R3: 10.7s -> R4: 10.5s -> R5: 10.8s

  0%|          | 0/79 [00:00<?, ?it/s]
  3%|▎         | 2/79 [00:00<00:03, 19.45it/s]
  9%|▉         | 7/79 [00:00<00:02, 31.63it/s]
 14%|█▍        | 11/79 [00:00<00:01, 34.95it/s]
 20%|██        | 16/79 [00:00<00:01, 39.69it/s]
 27%|██▋       | 21/79 [00:00<00:01, 37.88it/s]
 33%|███▎      | 26/79 [00:00<00:01, 41.36it/s]
 39%|███▉      | 31/79 [00:00<00:01, 39.15it/s]
 47%|████▋     | 37/79 [00:00<00:01, 40.02it/s]
 54%|█████▍    | 43/79 [00:01<00:00, 40.57it/s]
 61%|██████    | 48/79 [00:01<00:00, 42.87it/s]
 67%|██████▋   | 53/79 [00:01<00:00, 40.02it/s]
 75%|███████▍  | 59/79 [00:01<00:00, 40.60it/s]
 82%|████████▏ | 65/79 [00:01<00:00, 40.64it/s]
 90%|████████▉ | 71/79 [00:01<00:00, 41.09it/s]
 97%|█████████▋| 77/79 [00:01<00:00, 41.23it/s]
100%|██████████| 79/79 [00:01<00:00, 40.37it/s]

CommRound: 24/30
Accuracy: 44.04% | Loss: 1.6566
[################################################------------] 80.0%
Elapsed: 4.4m | Avg/Round: 11.0s | Last: 10.9s | Next: 11.0s | Remaining: 1.1m
ETA: 19:35:04
Recent round times: R1: 10.9s -> R2: 10.7s -> R3: 10.5s -> R4: 10.8s -> R5: 10.9s

  0%|          | 0/79 [00:00<?, ?it/s]
  1%|▏         | 1/79 [00:00<00:08,  9.66it/s]
  9%|▉         | 7/79 [00:00<00:02, 32.24it/s]
 16%|█▋        | 13/79 [00:00<00:01, 37.59it/s]
 23%|██▎       | 18/79 [00:00<00:01, 40.26it/s]
 29%|██▉       | 23/79 [00:00<00:01, 40.17it/s]
 35%|███▌      | 28/79 [00:00<00:01, 40.26it/s]
 42%|████▏     | 33/79 [00:00<00:01, 40.35it/s]
 48%|████▊     | 38/79 [00:00<00:01, 40.12it/s]
 53%|█████▎    | 42/79 [00:01<00:00, 40.06it/s]
 59%|█████▉    | 47/79 [00:01<00:00, 40.76it/s]
 66%|██████▌   | 52/79 [00:01<00:00, 39.83it/s]
 71%|███████   | 56/79 [00:01<00:00, 39.87it/s]
 77%|███████▋  | 61/79 [00:01<00:00, 40.35it/s]
 84%|████████▎ | 66/79 [00:01<00:00, 39.92it/s]
 89%|████████▊ | 70/79 [00:01<00:00, 39.87it/s]
 94%|█████████▎| 74/79 [00:01<00:00, 39.84it/s]
100%|██████████| 79/79 [00:01<00:00, 42.65it/s]
100%|██████████| 79/79 [00:02<00:00, 39.49it/s]

CommRound: 25/30
Accuracy: 44.59% | Loss: 1.6658
[##################################################----------] 83.3%
Elapsed: 4.6m | Avg/Round: 11.0s | Last: 10.5s | Next: 11.0s | Remaining: 0.9m
ETA: 19:35:04
Recent round times: R1: 10.7s -> R2: 10.5s -> R3: 10.8s -> R4: 10.9s -> R5: 10.5s

  0%|          | 0/79 [00:00<?, ?it/s]
  3%|▎         | 2/79 [00:00<00:04, 19.07it/s]
  9%|▉         | 7/79 [00:00<00:02, 32.00it/s]
 15%|█▌        | 12/79 [00:00<00:01, 38.72it/s]
 20%|██        | 16/79 [00:00<00:01, 39.10it/s]
 27%|██▋       | 21/79 [00:00<00:01, 37.77it/s]
 32%|███▏      | 25/79 [00:00<00:01, 38.24it/s]
 37%|███▋      | 29/79 [00:00<00:01, 38.71it/s]
 42%|████▏     | 33/79 [00:00<00:01, 39.04it/s]
 47%|████▋     | 37/79 [00:00<00:01, 39.32it/s]
 53%|█████▎    | 42/79 [00:01<00:00, 40.36it/s]
 59%|█████▉    | 47/79 [00:01<00:00, 39.53it/s]
 66%|██████▌   | 52/79 [00:01<00:00, 40.40it/s]
 72%|███████▏  | 57/79 [00:01<00:00, 39.75it/s]
 78%|███████▊  | 62/79 [00:01<00:00, 40.35it/s]
 85%|████████▍ | 67/79 [00:01<00:00, 39.91it/s]
 90%|████████▉ | 71/79 [00:01<00:00, 39.92it/s]
 96%|█████████▌| 76/79 [00:01<00:00, 39.89it/s]
100%|██████████| 79/79 [00:02<00:00, 39.12it/s]

CommRound: 26/30
Accuracy: 46.27% | Loss: 1.6275
[####################################################--------] 86.7%
Elapsed: 4.8m | Avg/Round: 11.0s | Last: 10.6s | Next: 11.0s | Remaining: 0.7m
ETA: 19:35:03
Recent round times: R1: 10.5s -> R2: 10.8s -> R3: 10.9s -> R4: 10.5s -> R5: 10.6s

  0%|          | 0/79 [00:00<?, ?it/s]
  3%|▎         | 2/79 [00:00<00:04, 19.16it/s]
  9%|▉         | 7/79 [00:00<00:02, 31.79it/s]
 15%|█▌        | 12/79 [00:00<00:01, 38.27it/s]
 22%|██▏       | 17/79 [00:00<00:01, 37.12it/s]
 28%|██▊       | 22/79 [00:00<00:01, 40.29it/s]
 34%|███▍      | 27/79 [00:00<00:01, 38.60it/s]
 42%|████▏     | 33/79 [00:00<00:01, 39.39it/s]
 49%|████▉     | 39/79 [00:01<00:00, 40.48it/s]
 57%|█████▋    | 45/79 [00:01<00:00, 40.92it/s]
 65%|██████▍   | 51/79 [00:01<00:00, 40.88it/s]
 72%|███████▏  | 57/79 [00:01<00:00, 41.53it/s]
 80%|███████▉  | 63/79 [00:01<00:00, 41.75it/s]
 87%|████████▋ | 69/79 [00:01<00:00, 41.74it/s]
 95%|█████████▍| 75/79 [00:01<00:00, 41.69it/s]
100%|██████████| 79/79 [00:01<00:00, 40.62it/s]

CommRound: 27/30
Accuracy: 47.88% | Loss: 1.6084
[######################################################------] 90.0%
Elapsed: 4.9m | Avg/Round: 11.0s | Last: 10.7s | Next: 11.0s | Remaining: 0.5m
ETA: 19:35:03
Recent round times: R1: 10.8s -> R2: 10.9s -> R3: 10.5s -> R4: 10.6s -> R5: 10.7s

  0%|          | 0/79 [00:00<?, ?it/s]
  3%|▎         | 2/79 [00:00<00:03, 19.50it/s]
  8%|▊         | 6/79 [00:00<00:02, 26.92it/s]
 13%|█▎        | 10/79 [00:00<00:02, 31.50it/s]
 18%|█▊        | 14/79 [00:00<00:01, 33.39it/s]
 23%|██▎       | 18/79 [00:00<00:01, 34.20it/s]
 28%|██▊       | 22/79 [00:00<00:01, 34.37it/s]
 35%|███▌      | 28/79 [00:00<00:01, 37.34it/s]
 43%|████▎     | 34/79 [00:00<00:01, 39.37it/s]
 51%|█████     | 40/79 [00:01<00:00, 40.59it/s]
 58%|█████▊    | 46/79 [00:01<00:00, 41.26it/s]
 66%|██████▌   | 52/79 [00:01<00:00, 41.82it/s]
 73%|███████▎  | 58/79 [00:01<00:00, 42.03it/s]
 81%|████████  | 64/79 [00:01<00:00, 42.40it/s]
 89%|████████▊ | 70/79 [00:01<00:00, 42.51it/s]
 96%|█████████▌| 76/79 [00:01<00:00, 42.67it/s]
100%|██████████| 79/79 [00:02<00:00, 39.44it/s]

CommRound: 28/30
Accuracy: 46.20% | Loss: 1.6792
[########################################################----] 93.3%
Elapsed: 5.1m | Avg/Round: 10.9s | Last: 10.5s | Next: 10.9s | Remaining: 0.4m
ETA: 19:35:03
Recent round times: R1: 10.9s -> R2: 10.5s -> R3: 10.6s -> R4: 10.7s -> R5: 10.5s

  0%|          | 0/79 [00:00<?, ?it/s]
  1%|▏         | 1/79 [00:00<00:08,  9.64it/s]
  9%|▉         | 7/79 [00:00<00:02, 33.60it/s]
 15%|█▌        | 12/79 [00:00<00:01, 37.66it/s]
 20%|██        | 16/79 [00:00<00:01, 38.48it/s]
 27%|██▋       | 21/79 [00:00<00:01, 40.82it/s]
 33%|███▎      | 26/79 [00:00<00:01, 39.34it/s]
 39%|███▉      | 31/79 [00:00<00:01, 42.20it/s]
 46%|████▌     | 36/79 [00:00<00:01, 39.33it/s]
 52%|█████▏    | 41/79 [00:01<00:00, 42.13it/s]
 58%|█████▊    | 46/79 [00:01<00:00, 39.49it/s]
 66%|██████▌   | 52/79 [00:01<00:00, 39.49it/s]
 73%|███████▎  | 58/79 [00:01<00:00, 39.95it/s]
 81%|████████  | 64/79 [00:01<00:00, 40.74it/s]
 87%|████████▋ | 69/79 [00:01<00:00, 42.85it/s]
 94%|█████████▎| 74/79 [00:01<00:00, 40.33it/s]
100%|██████████| 79/79 [00:01<00:00, 42.71it/s]
100%|██████████| 79/79 [00:01<00:00, 39.79it/s]

CommRound: 29/30
Accuracy: 48.40% | Loss: 1.5995
[##########################################################--] 96.7%
Elapsed: 5.3m | Avg/Round: 10.9s | Last: 10.7s | Next: 10.9s | Remaining: 0.2m
ETA: 19:35:02
Recent round times: R1: 10.5s -> R2: 10.6s -> R3: 10.7s -> R4: 10.5s -> R5: 10.7s

  0%|          | 0/79 [00:00<?, ?it/s]
  1%|▏         | 1/79 [00:00<00:07,  9.90it/s]
  9%|▉         | 7/79 [00:00<00:02, 32.69it/s]
 15%|█▌        | 12/79 [00:00<00:01, 38.58it/s]
 22%|██▏       | 17/79 [00:00<00:01, 37.37it/s]
 28%|██▊       | 22/79 [00:00<00:01, 40.79it/s]
 34%|███▍      | 27/79 [00:00<00:01, 39.04it/s]
 41%|████      | 32/79 [00:00<00:01, 41.85it/s]
 47%|████▋     | 37/79 [00:00<00:01, 39.61it/s]
 54%|█████▍    | 43/79 [00:01<00:00, 40.49it/s]
 61%|██████    | 48/79 [00:01<00:00, 42.89it/s]
 67%|██████▋   | 53/79 [00:01<00:00, 40.46it/s]
 73%|███████▎  | 58/79 [00:01<00:00, 42.79it/s]
 80%|███████▉  | 63/79 [00:01<00:00, 40.38it/s]
 86%|████████▌ | 68/79 [00:01<00:00, 42.63it/s]
 92%|█████████▏| 73/79 [00:01<00:00, 40.47it/s]
 99%|█████████▊| 78/79 [00:01<00:00, 42.90it/s]
100%|██████████| 79/79 [00:01<00:00, 40.52it/s]

CommRound: 30/30
Accuracy: 48.41% | Loss: 1.6209
[############################################################] 100.0%
Elapsed: 5.5m | Avg/Round: 10.9s | Last: 10.4s | Next: 10.9s | Remaining: 0.0m
ETA: 19:35:02
Recent round times: R1: 10.6s -> R2: 10.7s -> R3: 10.5s -> R4: 10.7s -> R5: 10.4s
Total time for experiment: 327.2788054943085 seconds
Device average training time per communication round [s]:
    rpi (sld-rpi-09.ece.utexas.edu): 5.69 seconds
    mc1 (sld-mc1-09.ece.utexas.edu): 4.51 seconds
