
  0%|          | 0/79 [00:00<?, ?it/s]
  4%|▍         | 3/79 [00:00<00:03, 23.21it/s]
 11%|█▏        | 9/79 [00:00<00:02, 34.77it/s]
 19%|█▉        | 15/79 [00:00<00:01, 38.48it/s]
 27%|██▋       | 21/79 [00:00<00:01, 40.31it/s]
 34%|███▍      | 27/79 [00:00<00:01, 41.12it/s]
 42%|████▏     | 33/79 [00:00<00:01, 41.45it/s]
 48%|████▊     | 38/79 [00:00<00:00, 43.38it/s]
 54%|█████▍    | 43/79 [00:01<00:00, 40.21it/s]
 61%|██████    | 48/79 [00:01<00:00, 42.50it/s]
 67%|██████▋   | 53/79 [00:01<00:00, 40.55it/s]
 75%|███████▍  | 59/79 [00:01<00:00, 41.50it/s]
 82%|████████▏ | 65/79 [00:01<00:00, 42.17it/s]
 90%|████████▉ | 71/79 [00:01<00:00, 42.02it/s]
 97%|█████████▋| 77/79 [00:01<00:00, 42.00it/s]
100%|██████████| 79/79 [00:01<00:00, 41.38it/s]
Initial Accuracy: 10.32%; Initial Loss: 2.3135

  0%|          | 0/79 [00:00<?, ?it/s]
  4%|▍         | 3/79 [00:00<00:03, 23.46it/s]
 10%|█         | 8/79 [00:00<00:01, 36.52it/s]
 16%|█▋        | 13/79 [00:00<00:01, 36.92it/s]
 23%|██▎       | 18/79 [00:00<00:01, 40.86it/s]
 29%|██▉       | 23/79 [00:00<00:01, 39.74it/s]
 35%|███▌      | 28/79 [00:00<00:01, 41.49it/s]
 42%|████▏     | 33/79 [00:00<00:01, 40.81it/s]
 48%|████▊     | 38/79 [00:00<00:00, 42.43it/s]
 54%|█████▍    | 43/79 [00:01<00:00, 40.35it/s]
 62%|██████▏   | 49/79 [00:01<00:00, 40.55it/s]
 70%|██████▉   | 55/79 [00:01<00:00, 40.80it/s]
 76%|███████▌  | 60/79 [00:01<00:00, 43.00it/s]
 82%|████████▏ | 65/79 [00:01<00:00, 40.39it/s]
 90%|████████▉ | 71/79 [00:01<00:00, 40.96it/s]
 97%|█████████▋| 77/79 [00:01<00:00, 41.30it/s]
100%|██████████| 79/79 [00:01<00:00, 41.02it/s]

CommRound: 1/30
Accuracy: 17.84% | Loss: 2.5253
[##----------------------------------------------------------] 3.3%
Elapsed: 0.2m | Avg/Round: 11.5s | Last: 9.5s | Next: 11.5s | Remaining: 5.5m
ETA: 20:30:53
Recent round times: R1: 9.5s

  0%|          | 0/79 [00:00<?, ?it/s]
  4%|▍         | 3/79 [00:00<00:03, 23.69it/s]
 10%|█         | 8/79 [00:00<00:02, 30.73it/s]
 15%|█▌        | 12/79 [00:00<00:01, 33.86it/s]
 23%|██▎       | 18/79 [00:00<00:01, 37.13it/s]
 29%|██▉       | 23/79 [00:00<00:01, 41.00it/s]
 35%|███▌      | 28/79 [00:00<00:01, 38.58it/s]
 42%|████▏     | 33/79 [00:00<00:01, 41.53it/s]
 48%|████▊     | 38/79 [00:01<00:01, 39.21it/s]
 56%|█████▌    | 44/79 [00:01<00:00, 40.00it/s]
 63%|██████▎   | 50/79 [00:01<00:00, 40.35it/s]
 70%|██████▉   | 55/79 [00:01<00:00, 42.46it/s]
 76%|███████▌  | 60/79 [00:01<00:00, 39.69it/s]
 82%|████████▏ | 65/79 [00:01<00:00, 41.50it/s]
 89%|████████▊ | 70/79 [00:01<00:00, 39.65it/s]
 96%|█████████▌| 76/79 [00:01<00:00, 39.90it/s]
100%|██████████| 79/79 [00:02<00:00, 39.45it/s]

CommRound: 2/30
Accuracy: 19.74% | Loss: 2.5906
[####--------------------------------------------------------] 6.7%
Elapsed: 0.4m | Avg/Round: 10.7s | Last: 10.0s | Next: 10.7s | Remaining: 5.0m
ETA: 20:30:31
Recent round times: R1: 9.5s -> R2: 10.0s

  0%|          | 0/79 [00:00<?, ?it/s]
  4%|▍         | 3/79 [00:00<00:03, 22.93it/s]
 10%|█         | 8/79 [00:00<00:02, 34.77it/s]
 15%|█▌        | 12/79 [00:00<00:01, 36.88it/s]
 20%|██        | 16/79 [00:00<00:01, 36.86it/s]
 27%|██▋       | 21/79 [00:00<00:01, 38.83it/s]
 32%|███▏      | 25/79 [00:00<00:01, 38.86it/s]
 38%|███▊      | 30/79 [00:00<00:01, 38.71it/s]
 43%|████▎     | 34/79 [00:00<00:01, 38.82it/s]
 48%|████▊     | 38/79 [00:01<00:01, 38.89it/s]
 53%|█████▎    | 42/79 [00:01<00:00, 39.14it/s]
 58%|█████▊    | 46/79 [00:01<00:00, 39.25it/s]
 65%|██████▍   | 51/79 [00:01<00:00, 40.63it/s]
 71%|███████   | 56/79 [00:01<00:00, 39.43it/s]
 77%|███████▋  | 61/79 [00:01<00:00, 42.30it/s]
 84%|████████▎ | 66/79 [00:01<00:00, 39.74it/s]
 90%|████████▉ | 71/79 [00:01<00:00, 42.41it/s]
 96%|█████████▌| 76/79 [00:01<00:00, 39.64it/s]
100%|██████████| 79/79 [00:02<00:00, 39.30it/s]

CommRound: 3/30
Accuracy: 21.18% | Loss: 2.3227
[######------------------------------------------------------] 10.0%
Elapsed: 0.5m | Avg/Round: 10.4s | Last: 9.6s | Next: 10.4s | Remaining: 4.7m
ETA: 20:30:20
Recent round times: R1: 9.5s -> R2: 10.0s -> R3: 9.6s

  0%|          | 0/79 [00:00<?, ?it/s]
  3%|▎         | 2/79 [00:00<00:03, 19.47it/s]
  9%|▉         | 7/79 [00:00<00:02, 32.46it/s]
 16%|█▋        | 13/79 [00:00<00:01, 36.74it/s]
 24%|██▍       | 19/79 [00:00<00:01, 38.99it/s]
 32%|███▏      | 25/79 [00:00<00:01, 40.24it/s]
 38%|███▊      | 30/79 [00:00<00:01, 42.86it/s]
 44%|████▍     | 35/79 [00:00<00:01, 40.59it/s]
 52%|█████▏    | 41/79 [00:01<00:00, 41.26it/s]
 59%|█████▉    | 47/79 [00:01<00:00, 41.80it/s]
 67%|██████▋   | 53/79 [00:01<00:00, 42.22it/s]
 75%|███████▍  | 59/79 [00:01<00:00, 42.59it/s]
 82%|████████▏ | 65/79 [00:01<00:00, 42.31it/s]
 90%|████████▉ | 71/79 [00:01<00:00, 42.70it/s]
 97%|█████████▋| 77/79 [00:01<00:00, 42.39it/s]
100%|██████████| 79/79 [00:01<00:00, 41.55it/s]

CommRound: 4/30
Accuracy: 24.83% | Loss: 2.1962
[########----------------------------------------------------] 13.3%
Elapsed: 0.7m | Avg/Round: 10.2s | Last: 9.6s | Next: 10.2s | Remaining: 4.4m
ETA: 20:30:14
Recent round times: R1: 9.5s -> R2: 10.0s -> R3: 9.6s -> R4: 9.6s

  0%|          | 0/79 [00:00<?, ?it/s]
  3%|▎         | 2/79 [00:00<00:04, 19.20it/s]
  9%|▉         | 7/79 [00:00<00:02, 32.36it/s]
 16%|█▋        | 13/79 [00:00<00:01, 37.41it/s]
 23%|██▎       | 18/79 [00:00<00:01, 40.90it/s]
 29%|██▉       | 23/79 [00:00<00:01, 39.39it/s]
 37%|███▋      | 29/79 [00:00<00:01, 41.35it/s]
 44%|████▍     | 35/79 [00:00<00:01, 42.37it/s]
 51%|█████     | 40/79 [00:00<00:00, 43.10it/s]
 57%|█████▋    | 45/79 [00:01<00:00, 41.76it/s]
 63%|██████▎   | 50/79 [00:01<00:00, 42.84it/s]
 70%|██████▉   | 55/79 [00:01<00:00, 43.57it/s]
 76%|███████▌  | 60/79 [00:01<00:00, 41.61it/s]
 84%|████████▎ | 66/79 [00:01<00:00, 42.03it/s]
 91%|█████████ | 72/79 [00:01<00:00, 42.30it/s]
 99%|█████████▊| 78/79 [00:01<00:00, 42.28it/s]
100%|██████████| 79/79 [00:01<00:00, 41.35it/s]

CommRound: 5/30
Accuracy: 29.22% | Loss: 2.1074
[##########--------------------------------------------------] 16.7%
Elapsed: 0.8m | Avg/Round: 10.1s | Last: 9.6s | Next: 10.1s | Remaining: 4.2m
ETA: 20:30:11
Recent round times: R1: 9.5s -> R2: 10.0s -> R3: 9.6s -> R4: 9.6s -> R5: 9.6s

  0%|          | 0/79 [00:00<?, ?it/s]
  1%|▏         | 1/79 [00:00<00:07,  9.90it/s]
  9%|▉         | 7/79 [00:00<00:02, 32.82it/s]
 16%|█▋        | 13/79 [00:00<00:01, 37.07it/s]
 23%|██▎       | 18/79 [00:00<00:01, 41.30it/s]
 29%|██▉       | 23/79 [00:00<00:01, 38.62it/s]
 37%|███▋      | 29/79 [00:00<00:01, 39.36it/s]
 44%|████▍     | 35/79 [00:00<00:01, 40.25it/s]
 52%|█████▏    | 41/79 [00:01<00:00, 40.88it/s]
 59%|█████▉    | 47/79 [00:01<00:00, 41.27it/s]
 67%|██████▋   | 53/79 [00:01<00:00, 41.36it/s]
 75%|███████▍  | 59/79 [00:01<00:00, 41.49it/s]
 82%|████████▏ | 65/79 [00:01<00:00, 41.65it/s]
 90%|████████▉ | 71/79 [00:01<00:00, 41.71it/s]
 97%|█████████▋| 77/79 [00:01<00:00, 41.59it/s]
100%|██████████| 79/79 [00:01<00:00, 40.69it/s]

CommRound: 6/30
Accuracy: 28.91% | Loss: 2.0735
[############------------------------------------------------] 20.0%
Elapsed: 1.0m | Avg/Round: 10.0s | Last: 9.7s | Next: 10.0s | Remaining: 4.0m
ETA: 20:30:09
Recent round times: R1: 10.0s -> R2: 9.6s -> R3: 9.6s -> R4: 9.6s -> R5: 9.7s

  0%|          | 0/79 [00:00<?, ?it/s]
  1%|▏         | 1/79 [00:00<00:08,  9.67it/s]
  9%|▉         | 7/79 [00:00<00:02, 31.23it/s]
 14%|█▍        | 11/79 [00:00<00:01, 34.56it/s]
 19%|█▉        | 15/79 [00:00<00:01, 36.08it/s]
 24%|██▍       | 19/79 [00:00<00:01, 37.17it/s]
 30%|███       | 24/79 [00:00<00:01, 41.03it/s]
 37%|███▋      | 29/79 [00:00<00:01, 38.92it/s]
 42%|████▏     | 33/79 [00:00<00:01, 39.07it/s]
 47%|████▋     | 37/79 [00:00<00:01, 39.32it/s]
 52%|█████▏    | 41/79 [00:01<00:00, 39.38it/s]
 57%|█████▋    | 45/79 [00:01<00:00, 39.15it/s]
 65%|██████▍   | 51/79 [00:01<00:00, 39.51it/s]
 71%|███████   | 56/79 [00:01<00:00, 42.09it/s]
 77%|███████▋  | 61/79 [00:01<00:00, 39.04it/s]
 85%|████████▍ | 67/79 [00:01<00:00, 39.67it/s]
 92%|█████████▏| 73/79 [00:01<00:00, 40.54it/s]
100%|██████████| 79/79 [00:02<00:00, 39.47it/s]

CommRound: 7/30
Accuracy: 32.87% | Loss: 1.8826
[##############----------------------------------------------] 23.3%
Elapsed: 1.2m | Avg/Round: 10.0s | Last: 9.7s | Next: 10.0s | Remaining: 3.8m
ETA: 20:30:08
Recent round times: R1: 9.6s -> R2: 9.6s -> R3: 9.6s -> R4: 9.7s -> R5: 9.7s

  0%|          | 0/79 [00:00<?, ?it/s]
  3%|▎         | 2/79 [00:00<00:03, 19.71it/s]
  8%|▊         | 6/79 [00:00<00:02, 30.54it/s]
 13%|█▎        | 10/79 [00:00<00:02, 32.72it/s]
 18%|█▊        | 14/79 [00:00<00:01, 34.52it/s]
 24%|██▍       | 19/79 [00:00<00:01, 39.52it/s]
 30%|███       | 24/79 [00:00<00:01, 38.74it/s]
 38%|███▊      | 30/79 [00:00<00:01, 40.46it/s]
 46%|████▌     | 36/79 [00:00<00:01, 41.64it/s]
 52%|█████▏    | 41/79 [00:01<00:00, 42.42it/s]
 58%|█████▊    | 46/79 [00:01<00:00, 41.80it/s]
 65%|██████▍   | 51/79 [00:01<00:00, 40.63it/s]
 71%|███████   | 56/79 [00:01<00:00, 42.69it/s]
 77%|███████▋  | 61/79 [00:01<00:00, 40.03it/s]
 84%|████████▎ | 66/79 [00:01<00:00, 42.30it/s]
 90%|████████▉ | 71/79 [00:01<00:00, 39.59it/s]
 96%|█████████▌| 76/79 [00:01<00:00, 42.02it/s]
100%|██████████| 79/79 [00:01<00:00, 40.15it/s]

CommRound: 8/30
Accuracy: 34.11% | Loss: 1.8368
[################--------------------------------------------] 26.7%
Elapsed: 1.3m | Avg/Round: 9.9s | Last: 9.9s | Next: 9.9s | Remaining: 3.6m
ETA: 20:30:08
Recent round times: R1: 9.6s -> R2: 9.6s -> R3: 9.7s -> R4: 9.7s -> R5: 9.9s

  0%|          | 0/79 [00:00<?, ?it/s]
  4%|▍         | 3/79 [00:00<00:03, 23.46it/s]
 10%|█         | 8/79 [00:00<00:01, 36.76it/s]
 16%|█▋        | 13/79 [00:00<00:01, 36.33it/s]
 23%|██▎       | 18/79 [00:00<00:01, 40.93it/s]
 29%|██▉       | 23/79 [00:00<00:01, 38.32it/s]
 37%|███▋      | 29/79 [00:00<00:01, 39.30it/s]
 44%|████▍     | 35/79 [00:00<00:01, 39.93it/s]
 51%|█████     | 40/79 [00:01<00:00, 42.30it/s]
 57%|█████▋    | 45/79 [00:01<00:00, 39.56it/s]
 63%|██████▎   | 50/79 [00:01<00:00, 42.01it/s]
 70%|██████▉   | 55/79 [00:01<00:00, 39.53it/s]
 77%|███████▋  | 61/79 [00:01<00:00, 40.08it/s]
 85%|████████▍ | 67/79 [00:01<00:00, 40.61it/s]
 91%|█████████ | 72/79 [00:01<00:00, 42.64it/s]
 97%|█████████▋| 77/79 [00:01<00:00, 40.34it/s]
100%|██████████| 79/79 [00:01<00:00, 40.40it/s]

CommRound: 9/30
Accuracy: 37.27% | Loss: 1.7602
[##################------------------------------------------] 30.0%
Elapsed: 1.5m | Avg/Round: 9.9s | Last: 9.6s | Next: 9.9s | Remaining: 3.5m
ETA: 20:30:06
Recent round times: R1: 9.6s -> R2: 9.7s -> R3: 9.7s -> R4: 9.9s -> R5: 9.6s

  0%|          | 0/79 [00:00<?, ?it/s]
  4%|▍         | 3/79 [00:00<00:03, 22.97it/s]
  9%|▉         | 7/79 [00:00<00:02, 31.35it/s]
 15%|█▌        | 12/79 [00:00<00:01, 37.31it/s]
 22%|██▏       | 17/79 [00:00<00:01, 37.35it/s]
 28%|██▊       | 22/79 [00:00<00:01, 39.42it/s]
 34%|███▍      | 27/79 [00:00<00:01, 38.49it/s]
 41%|████      | 32/79 [00:00<00:01, 40.21it/s]
 47%|████▋     | 37/79 [00:00<00:01, 39.90it/s]
 53%|█████▎    | 42/79 [00:01<00:00, 40.58it/s]
 59%|█████▉    | 47/79 [00:01<00:00, 40.38it/s]
 66%|██████▌   | 52/79 [00:01<00:00, 40.92it/s]
 72%|███████▏  | 57/79 [00:01<00:00, 40.36it/s]
 78%|███████▊  | 62/79 [00:01<00:00, 40.83it/s]
 85%|████████▍ | 67/79 [00:01<00:00, 40.66it/s]
 91%|█████████ | 72/79 [00:01<00:00, 41.08it/s]
 97%|█████████▋| 77/79 [00:01<00:00, 40.88it/s]
100%|██████████| 79/79 [00:01<00:00, 39.83it/s]

CommRound: 10/30
Accuracy: 39.68% | Loss: 1.7093
[####################----------------------------------------] 33.3%
Elapsed: 1.6m | Avg/Round: 9.9s | Last: 9.6s | Next: 9.9s | Remaining: 3.3m
ETA: 20:30:05
Recent round times: R1: 9.7s -> R2: 9.7s -> R3: 9.9s -> R4: 9.6s -> R5: 9.6s

  0%|          | 0/79 [00:00<?, ?it/s]
  4%|▍         | 3/79 [00:00<00:03, 23.04it/s]
 11%|█▏        | 9/79 [00:00<00:02, 34.61it/s]
 19%|█▉        | 15/79 [00:00<00:01, 38.22it/s]
 27%|██▋       | 21/79 [00:00<00:01, 39.41it/s]
 34%|███▍      | 27/79 [00:00<00:01, 40.31it/s]
 42%|████▏     | 33/79 [00:00<00:01, 40.97it/s]
 49%|████▉     | 39/79 [00:00<00:00, 41.39it/s]
 57%|█████▋    | 45/79 [00:01<00:00, 41.78it/s]
 65%|██████▍   | 51/79 [00:01<00:00, 41.83it/s]
 71%|███████   | 56/79 [00:01<00:00, 43.60it/s]
 77%|███████▋  | 61/79 [00:01<00:00, 40.61it/s]
 84%|████████▎ | 66/79 [00:01<00:00, 42.40it/s]
 90%|████████▉ | 71/79 [00:01<00:00, 39.08it/s]
 97%|█████████▋| 77/79 [00:01<00:00, 39.73it/s]
100%|██████████| 79/79 [00:01<00:00, 40.63it/s]

CommRound: 11/30
Accuracy: 41.75% | Loss: 1.6682
[######################--------------------------------------] 36.7%
Elapsed: 1.8m | Avg/Round: 9.8s | Last: 9.6s | Next: 9.8s | Remaining: 3.1m
ETA: 20:30:05
Recent round times: R1: 9.7s -> R2: 9.9s -> R3: 9.6s -> R4: 9.6s -> R5: 9.6s

  0%|          | 0/79 [00:00<?, ?it/s]
  1%|▏         | 1/79 [00:00<00:07,  9.92it/s]
  9%|▉         | 7/79 [00:00<00:02, 32.43it/s]
 14%|█▍        | 11/79 [00:00<00:01, 34.71it/s]
 19%|█▉        | 15/79 [00:00<00:01, 35.57it/s]
 24%|██▍       | 19/79 [00:00<00:01, 35.66it/s]
 29%|██▉       | 23/79 [00:00<00:01, 35.54it/s]
 34%|███▍      | 27/79 [00:00<00:01, 35.62it/s]
 39%|███▉      | 31/79 [00:00<00:01, 36.13it/s]
 44%|████▍     | 35/79 [00:00<00:01, 37.19it/s]
 49%|████▉     | 39/79 [00:01<00:01, 37.62it/s]
 56%|█████▌    | 44/79 [00:01<00:00, 41.00it/s]
 62%|██████▏   | 49/79 [00:01<00:00, 38.78it/s]
 70%|██████▉   | 55/79 [00:01<00:00, 39.68it/s]
 77%|███████▋  | 61/79 [00:01<00:00, 40.11it/s]
 84%|████████▎ | 66/79 [00:01<00:00, 42.42it/s]
 90%|████████▉ | 71/79 [00:01<00:00, 39.51it/s]
 96%|█████████▌| 76/79 [00:01<00:00, 41.80it/s]
100%|██████████| 79/79 [00:02<00:00, 38.41it/s]

CommRound: 12/30
Accuracy: 43.91% | Loss: 1.6631
[########################------------------------------------] 40.0%
Elapsed: 2.0m | Avg/Round: 9.8s | Last: 9.8s | Next: 9.8s | Remaining: 3.0m
ETA: 20:30:04
Recent round times: R1: 9.9s -> R2: 9.6s -> R3: 9.6s -> R4: 9.6s -> R5: 9.8s

  0%|          | 0/79 [00:00<?, ?it/s]
  1%|▏         | 1/79 [00:00<00:09,  8.14it/s]
  8%|▊         | 6/79 [00:00<00:02, 30.46it/s]
 14%|█▍        | 11/79 [00:00<00:02, 32.65it/s]
 19%|█▉        | 15/79 [00:00<00:01, 35.12it/s]
 24%|██▍       | 19/79 [00:00<00:01, 36.61it/s]
 29%|██▉       | 23/79 [00:00<00:01, 37.65it/s]
 35%|███▌      | 28/79 [00:00<00:01, 41.35it/s]
 42%|████▏     | 33/79 [00:00<00:01, 38.54it/s]
 47%|████▋     | 37/79 [00:01<00:01, 38.93it/s]
 52%|█████▏    | 41/79 [00:01<00:00, 38.48it/s]
 59%|█████▉    | 47/79 [00:01<00:00, 39.52it/s]
 67%|██████▋   | 53/79 [00:01<00:00, 40.15it/s]
 75%|███████▍  | 59/79 [00:01<00:00, 40.55it/s]
 82%|████████▏ | 65/79 [00:01<00:00, 40.88it/s]
 89%|████████▊ | 70/79 [00:01<00:00, 42.99it/s]
 95%|█████████▍| 75/79 [00:01<00:00, 40.52it/s]
100%|██████████| 79/79 [00:02<00:00, 39.14it/s]

CommRound: 13/30
Accuracy: 51.77% | Loss: 1.5224
[##########################----------------------------------] 43.3%
Elapsed: 2.1m | Avg/Round: 9.8s | Last: 9.7s | Next: 9.8s | Remaining: 2.8m
ETA: 20:30:04
Recent round times: R1: 9.6s -> R2: 9.6s -> R3: 9.6s -> R4: 9.8s -> R5: 9.7s

  0%|          | 0/79 [00:00<?, ?it/s]
  4%|▍         | 3/79 [00:00<00:03, 21.96it/s]
  9%|▉         | 7/79 [00:00<00:02, 30.29it/s]
 14%|█▍        | 11/79 [00:00<00:02, 33.61it/s]
 19%|█▉        | 15/79 [00:00<00:01, 35.35it/s]
 24%|██▍       | 19/79 [00:00<00:01, 36.58it/s]
 29%|██▉       | 23/79 [00:00<00:01, 36.88it/s]
 34%|███▍      | 27/79 [00:00<00:01, 36.78it/s]
 39%|███▉      | 31/79 [00:00<00:01, 36.67it/s]
 44%|████▍     | 35/79 [00:00<00:01, 36.52it/s]
 49%|████▉     | 39/79 [00:01<00:01, 36.18it/s]
 54%|█████▍    | 43/79 [00:01<00:01, 35.38it/s]
 59%|█████▉    | 47/79 [00:01<00:00, 35.46it/s]
 65%|██████▍   | 51/79 [00:01<00:00, 35.54it/s]
 70%|██████▉   | 55/79 [00:01<00:00, 35.54it/s]
 75%|███████▍  | 59/79 [00:01<00:00, 35.47it/s]
 80%|███████▉  | 63/79 [00:01<00:00, 35.69it/s]
 85%|████████▍ | 67/79 [00:01<00:00, 35.67it/s]
 90%|████████▉ | 71/79 [00:02<00:00, 35.76it/s]
 95%|█████████▍| 75/79 [00:02<00:00, 35.63it/s]
100%|██████████| 79/79 [00:02<00:00, 35.97it/s]

CommRound: 14/30
Accuracy: 52.84% | Loss: 1.5014
[############################--------------------------------] 46.7%
Elapsed: 2.3m | Avg/Round: 9.8s | Last: 10.0s | Next: 9.8s | Remaining: 2.6m
ETA: 20:30:05
Recent round times: R1: 9.6s -> R2: 9.6s -> R3: 9.8s -> R4: 9.7s -> R5: 10.0s

  0%|          | 0/79 [00:00<?, ?it/s]
  1%|▏         | 1/79 [00:00<00:08,  9.65it/s]
  9%|▉         | 7/79 [00:00<00:02, 29.97it/s]
 16%|█▋        | 13/79 [00:00<00:01, 35.06it/s]
 22%|██▏       | 17/79 [00:00<00:01, 36.06it/s]
 27%|██▋       | 21/79 [00:00<00:01, 36.88it/s]
 32%|███▏      | 25/79 [00:00<00:01, 37.50it/s]
 37%|███▋      | 29/79 [00:00<00:01, 37.99it/s]
 42%|████▏     | 33/79 [00:00<00:01, 38.33it/s]
 47%|████▋     | 37/79 [00:01<00:01, 38.61it/s]
 52%|█████▏    | 41/79 [00:01<00:00, 38.79it/s]
 57%|█████▋    | 45/79 [00:01<00:00, 38.62it/s]
 62%|██████▏   | 49/79 [00:01<00:00, 37.91it/s]
 67%|██████▋   | 53/79 [00:01<00:00, 38.10it/s]
 72%|███████▏  | 57/79 [00:01<00:00, 38.51it/s]
 77%|███████▋  | 61/79 [00:01<00:00, 38.61it/s]
 82%|████████▏ | 65/79 [00:01<00:00, 38.88it/s]
 87%|████████▋ | 69/79 [00:01<00:00, 39.10it/s]
 92%|█████████▏| 73/79 [00:01<00:00, 38.85it/s]
 97%|█████████▋| 77/79 [00:02<00:00, 38.18it/s]
100%|██████████| 79/79 [00:02<00:00, 37.94it/s]

CommRound: 15/30
Accuracy: 56.04% | Loss: 1.4315
[##############################------------------------------] 50.0%
Elapsed: 2.5m | Avg/Round: 9.9s | Last: 9.9s | Next: 9.9s | Remaining: 2.5m
ETA: 20:30:05
Recent round times: R1: 9.6s -> R2: 9.8s -> R3: 9.7s -> R4: 10.0s -> R5: 9.9s

  0%|          | 0/79 [00:00<?, ?it/s]
  3%|▎         | 2/79 [00:00<00:04, 18.94it/s]
  9%|▉         | 7/79 [00:00<00:02, 31.55it/s]
 14%|█▍        | 11/79 [00:00<00:01, 34.79it/s]
 19%|█▉        | 15/79 [00:00<00:01, 36.62it/s]
 24%|██▍       | 19/79 [00:00<00:01, 37.78it/s]
 29%|██▉       | 23/79 [00:00<00:01, 38.33it/s]
 35%|███▌      | 28/79 [00:00<00:01, 38.06it/s]
 41%|████      | 32/79 [00:00<00:01, 37.56it/s]
 46%|████▌     | 36/79 [00:00<00:01, 37.01it/s]
 51%|█████     | 40/79 [00:01<00:01, 36.80it/s]
 56%|█████▌    | 44/79 [00:01<00:00, 36.68it/s]
 61%|██████    | 48/79 [00:01<00:00, 36.60it/s]
 66%|██████▌   | 52/79 [00:01<00:00, 36.53it/s]
 71%|███████   | 56/79 [00:01<00:00, 36.48it/s]
 76%|███████▌  | 60/79 [00:01<00:00, 36.42it/s]
 81%|████████  | 64/79 [00:01<00:00, 36.34it/s]
 86%|████████▌ | 68/79 [00:01<00:00, 36.31it/s]
 91%|█████████ | 72/79 [00:01<00:00, 35.98it/s]
 96%|█████████▌| 76/79 [00:02<00:00, 35.13it/s]
100%|██████████| 79/79 [00:02<00:00, 36.26it/s]

CommRound: 16/30
Accuracy: 56.54% | Loss: 1.4155
[################################----------------------------] 53.3%
Elapsed: 2.6m | Avg/Round: 9.8s | Last: 9.7s | Next: 9.8s | Remaining: 2.3m
ETA: 20:30:05
Recent round times: R1: 9.8s -> R2: 9.7s -> R3: 10.0s -> R4: 9.9s -> R5: 9.7s

  0%|          | 0/79 [00:00<?, ?it/s]
  1%|▏         | 1/79 [00:00<00:08,  9.51it/s]
  9%|▉         | 7/79 [00:00<00:02, 30.23it/s]
 14%|█▍        | 11/79 [00:00<00:02, 33.11it/s]
 19%|█▉        | 15/79 [00:00<00:01, 34.40it/s]
 24%|██▍       | 19/79 [00:00<00:01, 35.50it/s]
 29%|██▉       | 23/79 [00:00<00:01, 35.79it/s]
 34%|███▍      | 27/79 [00:00<00:01, 36.31it/s]
 39%|███▉      | 31/79 [00:00<00:01, 36.37it/s]
 44%|████▍     | 35/79 [00:01<00:01, 36.51it/s]
 49%|████▉     | 39/79 [00:01<00:01, 36.57it/s]
 54%|█████▍    | 43/79 [00:01<00:00, 36.11it/s]
 59%|█████▉    | 47/79 [00:01<00:00, 35.97it/s]
 65%|██████▍   | 51/79 [00:01<00:00, 35.38it/s]
 72%|███████▏  | 57/79 [00:01<00:00, 37.96it/s]
 80%|███████▉  | 63/79 [00:01<00:00, 39.60it/s]
 87%|████████▋ | 69/79 [00:01<00:00, 40.46it/s]
 94%|█████████▎| 74/79 [00:01<00:00, 42.45it/s]
100%|██████████| 79/79 [00:02<00:00, 43.06it/s]
100%|██████████| 79/79 [00:02<00:00, 37.37it/s]

CommRound: 17/30
Accuracy: 56.79% | Loss: 1.3897
[##################################--------------------------] 56.7%
Elapsed: 2.8m | Avg/Round: 9.8s | Last: 9.8s | Next: 9.8s | Remaining: 2.1m
ETA: 20:30:04
Recent round times: R1: 9.7s -> R2: 10.0s -> R3: 9.9s -> R4: 9.7s -> R5: 9.8s

  0%|          | 0/79 [00:00<?, ?it/s]
  1%|▏         | 1/79 [00:00<00:08,  9.74it/s]
  9%|▉         | 7/79 [00:00<00:02, 32.44it/s]
 14%|█▍        | 11/79 [00:00<00:01, 35.30it/s]
 19%|█▉        | 15/79 [00:00<00:01, 36.76it/s]
 25%|██▌       | 20/79 [00:00<00:01, 38.99it/s]
 32%|███▏      | 25/79 [00:00<00:01, 38.68it/s]
 38%|███▊      | 30/79 [00:00<00:01, 40.81it/s]
 44%|████▍     | 35/79 [00:00<00:01, 39.39it/s]
 51%|█████     | 40/79 [00:01<00:00, 41.95it/s]
 57%|█████▋    | 45/79 [00:01<00:00, 39.70it/s]
 63%|██████▎   | 50/79 [00:01<00:00, 42.39it/s]
 70%|██████▉   | 55/79 [00:01<00:00, 39.97it/s]
 77%|███████▋  | 61/79 [00:01<00:00, 40.58it/s]
 85%|████████▍ | 67/79 [00:01<00:00, 40.97it/s]
 92%|█████████▏| 73/79 [00:01<00:00, 41.08it/s]
 99%|█████████▊| 78/79 [00:01<00:00, 43.06it/s]
100%|██████████| 79/79 [00:01<00:00, 40.03it/s]

CommRound: 18/30
Accuracy: 55.88% | Loss: 1.4393
[####################################------------------------] 60.0%
Elapsed: 3.0m | Avg/Round: 9.8s | Last: 9.8s | Next: 9.8s | Remaining: 2.0m
ETA: 20:30:04
Recent round times: R1: 10.0s -> R2: 9.9s -> R3: 9.7s -> R4: 9.8s -> R5: 9.8s

  0%|          | 0/79 [00:00<?, ?it/s]
  3%|▎         | 2/79 [00:00<00:03, 19.80it/s]
  9%|▉         | 7/79 [00:00<00:02, 32.03it/s]
 14%|█▍        | 11/79 [00:00<00:01, 35.35it/s]
 20%|██        | 16/79 [00:00<00:01, 38.87it/s]
 25%|██▌       | 20/79 [00:00<00:01, 39.01it/s]
 32%|███▏      | 25/79 [00:00<00:01, 38.82it/s]
 38%|███▊      | 30/79 [00:00<00:01, 39.82it/s]
 44%|████▍     | 35/79 [00:00<00:01, 40.45it/s]
 51%|█████     | 40/79 [00:01<00:00, 40.45it/s]
 57%|█████▋    | 45/79 [00:01<00:00, 42.29it/s]
 63%|██████▎   | 50/79 [00:01<00:00, 40.45it/s]
 70%|██████▉   | 55/79 [00:01<00:00, 42.95it/s]
 76%|███████▌  | 60/79 [00:01<00:00, 40.50it/s]
 84%|████████▎ | 66/79 [00:01<00:00, 40.94it/s]
 91%|█████████ | 72/79 [00:01<00:00, 41.15it/s]
 99%|█████████▊| 78/79 [00:01<00:00, 41.39it/s]
100%|██████████| 79/79 [00:01<00:00, 40.19it/s]

CommRound: 19/30
Accuracy: 59.10% | Loss: 1.3152
[######################################----------------------] 63.3%
Elapsed: 3.1m | Avg/Round: 9.8s | Last: 9.6s | Next: 9.8s | Remaining: 1.8m
ETA: 20:30:04
Recent round times: R1: 9.9s -> R2: 9.7s -> R3: 9.8s -> R4: 9.8s -> R5: 9.6s

  0%|          | 0/79 [00:00<?, ?it/s]
  3%|▎         | 2/79 [00:00<00:04, 17.77it/s]
  9%|▉         | 7/79 [00:00<00:02, 31.88it/s]
 15%|█▌        | 12/79 [00:00<00:01, 36.03it/s]
 20%|██        | 16/79 [00:00<00:01, 34.83it/s]
 25%|██▌       | 20/79 [00:00<00:01, 34.57it/s]
 30%|███       | 24/79 [00:00<00:01, 34.86it/s]
 35%|███▌      | 28/79 [00:00<00:01, 34.96it/s]
 41%|████      | 32/79 [00:00<00:01, 34.88it/s]
 46%|████▌     | 36/79 [00:01<00:01, 34.81it/s]
 51%|█████     | 40/79 [00:01<00:01, 34.79it/s]
 56%|█████▌    | 44/79 [00:01<00:00, 35.37it/s]
 61%|██████    | 48/79 [00:01<00:00, 35.18it/s]
 66%|██████▌   | 52/79 [00:01<00:00, 35.27it/s]
 71%|███████   | 56/79 [00:01<00:00, 35.21it/s]
 76%|███████▌  | 60/79 [00:01<00:00, 35.17it/s]
 81%|████████  | 64/79 [00:01<00:00, 35.48it/s]
 86%|████████▌ | 68/79 [00:01<00:00, 35.98it/s]
 91%|█████████ | 72/79 [00:02<00:00, 36.27it/s]
 99%|█████████▊| 78/79 [00:02<00:00, 38.22it/s]
100%|██████████| 79/79 [00:02<00:00, 35.62it/s]

CommRound: 20/30
Accuracy: 58.95% | Loss: 1.3086
[########################################--------------------] 66.7%
Elapsed: 3.3m | Avg/Round: 9.8s | Last: 10.0s | Next: 9.8s | Remaining: 1.6m
ETA: 20:30:04
Recent round times: R1: 9.7s -> R2: 9.8s -> R3: 9.8s -> R4: 9.6s -> R5: 10.0s

  0%|          | 0/79 [00:00<?, ?it/s]
  3%|▎         | 2/79 [00:00<00:04, 19.10it/s]
  8%|▊         | 6/79 [00:00<00:02, 29.53it/s]
 13%|█▎        | 10/79 [00:00<00:02, 32.00it/s]
 18%|█▊        | 14/79 [00:00<00:01, 33.13it/s]
 23%|██▎       | 18/79 [00:00<00:01, 33.91it/s]
 28%|██▊       | 22/79 [00:00<00:01, 34.51it/s]
 33%|███▎      | 26/79 [00:00<00:01, 34.96it/s]
 38%|███▊      | 30/79 [00:00<00:01, 35.26it/s]
 43%|████▎     | 34/79 [00:01<00:01, 35.02it/s]
 48%|████▊     | 38/79 [00:01<00:01, 35.38it/s]
 53%|█████▎    | 42/79 [00:01<00:01, 35.28it/s]
 58%|█████▊    | 46/79 [00:01<00:00, 35.42it/s]
 63%|██████▎   | 50/79 [00:01<00:00, 34.90it/s]
 68%|██████▊   | 54/79 [00:01<00:00, 34.83it/s]
 73%|███████▎  | 58/79 [00:01<00:00, 35.02it/s]
 78%|███████▊  | 62/79 [00:01<00:00, 35.04it/s]
 84%|████████▎ | 66/79 [00:01<00:00, 35.21it/s]
 89%|████████▊ | 70/79 [00:02<00:00, 35.13it/s]
 94%|█████████▎| 74/79 [00:02<00:00, 34.78it/s]
 99%|█████████▊| 78/79 [00:02<00:00, 35.03it/s]
100%|██████████| 79/79 [00:02<00:00, 34.66it/s]

CommRound: 21/30
Accuracy: 58.15% | Loss: 1.3315
[##########################################------------------] 70.0%
Elapsed: 3.4m | Avg/Round: 9.8s | Last: 10.0s | Next: 9.8s | Remaining: 1.5m
ETA: 20:30:05
Recent round times: R1: 9.8s -> R2: 9.8s -> R3: 9.6s -> R4: 10.0s -> R5: 10.0s

  0%|          | 0/79 [00:00<?, ?it/s]
  3%|▎         | 2/79 [00:00<00:04, 18.63it/s]
  9%|▉         | 7/79 [00:00<00:02, 32.56it/s]
 15%|█▌        | 12/79 [00:00<00:01, 39.51it/s]
 20%|██        | 16/79 [00:00<00:01, 39.49it/s]
 27%|██▋       | 21/79 [00:00<00:01, 38.18it/s]
 33%|███▎      | 26/79 [00:00<00:01, 41.71it/s]
 39%|███▉      | 31/79 [00:00<00:01, 39.73it/s]
 47%|████▋     | 37/79 [00:00<00:01, 40.50it/s]
 53%|█████▎    | 42/79 [00:01<00:00, 42.95it/s]
 59%|█████▉    | 47/79 [00:01<00:00, 40.55it/s]
 66%|██████▌   | 52/79 [00:01<00:00, 42.56it/s]
 72%|███████▏  | 57/79 [00:01<00:00, 40.51it/s]
 78%|███████▊  | 62/79 [00:01<00:00, 42.77it/s]
 85%|████████▍ | 67/79 [00:01<00:00, 40.48it/s]
 91%|█████████ | 72/79 [00:01<00:00, 42.90it/s]
 97%|█████████▋| 77/79 [00:01<00:00, 40.60it/s]
100%|██████████| 79/79 [00:01<00:00, 40.94it/s]

CommRound: 22/30
Accuracy: 59.08% | Loss: 1.3282
[############################################----------------] 73.3%
Elapsed: 3.6m | Avg/Round: 9.8s | Last: 9.6s | Next: 9.8s | Remaining: 1.3m
ETA: 20:30:04
Recent round times: R1: 9.8s -> R2: 9.6s -> R3: 10.0s -> R4: 10.0s -> R5: 9.6s

  0%|          | 0/79 [00:00<?, ?it/s]
  4%|▍         | 3/79 [00:00<00:03, 24.18it/s]
 10%|█         | 8/79 [00:00<00:01, 36.26it/s]
 16%|█▋        | 13/79 [00:00<00:01, 37.99it/s]
 23%|██▎       | 18/79 [00:00<00:01, 39.49it/s]
 29%|██▉       | 23/79 [00:00<00:01, 41.35it/s]
 35%|███▌      | 28/79 [00:00<00:01, 40.03it/s]
 42%|████▏     | 33/79 [00:00<00:01, 41.72it/s]
 48%|████▊     | 38/79 [00:00<00:01, 40.43it/s]
 56%|█████▌    | 44/79 [00:01<00:00, 41.19it/s]
 63%|██████▎   | 50/79 [00:01<00:00, 41.65it/s]
 71%|███████   | 56/79 [00:01<00:00, 41.69it/s]
 78%|███████▊  | 62/79 [00:01<00:00, 41.78it/s]
 86%|████████▌ | 68/79 [00:01<00:00, 41.48it/s]
 92%|█████████▏| 73/79 [00:01<00:00, 43.19it/s]
 99%|█████████▊| 78/79 [00:01<00:00, 40.62it/s]
100%|██████████| 79/79 [00:01<00:00, 40.77it/s]

CommRound: 23/30
Accuracy: 59.82% | Loss: 1.2921
[##############################################--------------] 76.7%
Elapsed: 3.8m | Avg/Round: 9.8s | Last: 9.7s | Next: 9.8s | Remaining: 1.1m
ETA: 20:30:04
Recent round times: R1: 9.6s -> R2: 10.0s -> R3: 10.0s -> R4: 9.6s -> R5: 9.7s

  0%|          | 0/79 [00:00<?, ?it/s]
  3%|▎         | 2/79 [00:00<00:03, 19.90it/s]
  9%|▉         | 7/79 [00:00<00:02, 31.09it/s]
 15%|█▌        | 12/79 [00:00<00:01, 38.59it/s]
 22%|██▏       | 17/79 [00:00<00:01, 36.86it/s]
 28%|██▊       | 22/79 [00:00<00:01, 40.93it/s]
 34%|███▍      | 27/79 [00:00<00:01, 38.73it/s]
 42%|████▏     | 33/79 [00:00<00:01, 39.77it/s]
 49%|████▉     | 39/79 [00:01<00:00, 40.35it/s]
 57%|█████▋    | 45/79 [00:01<00:00, 40.52it/s]
 65%|██████▍   | 51/79 [00:01<00:00, 40.90it/s]
 72%|███████▏  | 57/79 [00:01<00:00, 41.04it/s]
 80%|███████▉  | 63/79 [00:01<00:00, 41.10it/s]
 87%|████████▋ | 69/79 [00:01<00:00, 41.18it/s]
 95%|█████████▍| 75/79 [00:01<00:00, 41.24it/s]
100%|██████████| 79/79 [00:01<00:00, 40.47it/s]

CommRound: 24/30
Accuracy: 61.77% | Loss: 1.2484
[################################################------------] 80.0%
Elapsed: 3.9m | Avg/Round: 9.8s | Last: 9.7s | Next: 9.8s | Remaining: 1.0m
ETA: 20:30:04
Recent round times: R1: 10.0s -> R2: 10.0s -> R3: 9.6s -> R4: 9.7s -> R5: 9.7s

  0%|          | 0/79 [00:00<?, ?it/s]
  4%|▍         | 3/79 [00:00<00:03, 22.79it/s]
  9%|▉         | 7/79 [00:00<00:02, 31.22it/s]
 14%|█▍        | 11/79 [00:00<00:01, 34.57it/s]
 20%|██        | 16/79 [00:00<00:01, 39.07it/s]
 27%|██▋       | 21/79 [00:00<00:01, 38.10it/s]
 32%|███▏      | 25/79 [00:00<00:01, 37.94it/s]
 39%|███▉      | 31/79 [00:00<00:01, 40.06it/s]
 46%|████▌     | 36/79 [00:00<00:01, 42.62it/s]
 52%|█████▏    | 41/79 [00:01<00:00, 39.88it/s]
 58%|█████▊    | 46/79 [00:01<00:00, 42.50it/s]
 65%|██████▍   | 51/79 [00:01<00:00, 40.02it/s]
 72%|███████▏  | 57/79 [00:01<00:00, 40.68it/s]
 78%|███████▊  | 62/79 [00:01<00:00, 42.89it/s]
 85%|████████▍ | 67/79 [00:01<00:00, 40.50it/s]
 92%|█████████▏| 73/79 [00:01<00:00, 41.07it/s]
100%|██████████| 79/79 [00:01<00:00, 45.38it/s]
100%|██████████| 79/79 [00:01<00:00, 40.41it/s]

CommRound: 25/30
Accuracy: 60.23% | Loss: 1.3254
[##################################################----------] 83.3%
Elapsed: 4.1m | Avg/Round: 9.8s | Last: 9.6s | Next: 9.8s | Remaining: 0.8m
ETA: 20:30:04
Recent round times: R1: 10.0s -> R2: 9.6s -> R3: 9.7s -> R4: 9.7s -> R5: 9.6s

  0%|          | 0/79 [00:00<?, ?it/s]
  1%|▏         | 1/79 [00:00<00:07,  9.87it/s]
  9%|▉         | 7/79 [00:00<00:02, 32.58it/s]
 15%|█▌        | 12/79 [00:00<00:01, 39.48it/s]
 20%|██        | 16/79 [00:00<00:01, 38.56it/s]
 27%|██▋       | 21/79 [00:00<00:01, 38.18it/s]
 33%|███▎      | 26/79 [00:00<00:01, 38.94it/s]
 38%|███▊      | 30/79 [00:00<00:01, 38.48it/s]
 43%|████▎     | 34/79 [00:00<00:01, 38.21it/s]
 48%|████▊     | 38/79 [00:01<00:01, 37.98it/s]
 53%|█████▎    | 42/79 [00:01<00:00, 37.55it/s]
 58%|█████▊    | 46/79 [00:01<00:00, 37.67it/s]
 63%|██████▎   | 50/79 [00:01<00:00, 37.53it/s]
 68%|██████▊   | 54/79 [00:01<00:00, 37.09it/s]
 73%|███████▎  | 58/79 [00:01<00:00, 37.16it/s]
 78%|███████▊  | 62/79 [00:01<00:00, 37.32it/s]
 84%|████████▎ | 66/79 [00:01<00:00, 36.53it/s]
 89%|████████▊ | 70/79 [00:01<00:00, 35.88it/s]
 94%|█████████▎| 74/79 [00:02<00:00, 35.21it/s]
 99%|█████████▊| 78/79 [00:02<00:00, 35.65it/s]
100%|██████████| 79/79 [00:02<00:00, 36.87it/s]

CommRound: 26/30
Accuracy: 60.83% | Loss: 1.3049
[####################################################--------] 86.7%
Elapsed: 4.3m | Avg/Round: 9.8s | Last: 9.7s | Next: 9.8s | Remaining: 0.7m
ETA: 20:30:04
Recent round times: R1: 9.6s -> R2: 9.7s -> R3: 9.7s -> R4: 9.6s -> R5: 9.7s

  0%|          | 0/79 [00:00<?, ?it/s]
  4%|▍         | 3/79 [00:00<00:03, 23.56it/s]
 10%|█         | 8/79 [00:00<00:02, 35.40it/s]
 16%|█▋        | 13/79 [00:00<00:01, 38.34it/s]
 23%|██▎       | 18/79 [00:00<00:01, 37.66it/s]
 29%|██▉       | 23/79 [00:00<00:01, 41.41it/s]
 35%|███▌      | 28/79 [00:00<00:01, 39.44it/s]
 43%|████▎     | 34/79 [00:00<00:01, 40.84it/s]
 51%|█████     | 40/79 [00:01<00:00, 41.65it/s]
 58%|█████▊    | 46/79 [00:01<00:00, 41.61it/s]
 66%|██████▌   | 52/79 [00:01<00:00, 41.57it/s]
 73%|███████▎  | 58/79 [00:01<00:00, 41.45it/s]
 81%|████████  | 64/79 [00:01<00:00, 41.58it/s]
 89%|████████▊ | 70/79 [00:01<00:00, 41.66it/s]
 96%|█████████▌| 76/79 [00:01<00:00, 41.59it/s]
100%|██████████| 79/79 [00:01<00:00, 40.70it/s]

CommRound: 27/30
Accuracy: 58.47% | Loss: 1.3378
[######################################################------] 90.0%
Elapsed: 4.4m | Avg/Round: 9.8s | Last: 9.5s | Next: 9.8s | Remaining: 0.5m
ETA: 20:30:03
Recent round times: R1: 9.7s -> R2: 9.7s -> R3: 9.6s -> R4: 9.7s -> R5: 9.5s

  0%|          | 0/79 [00:00<?, ?it/s]
  4%|▍         | 3/79 [00:00<00:03, 23.96it/s]
 10%|█         | 8/79 [00:00<00:01, 35.77it/s]
 16%|█▋        | 13/79 [00:00<00:01, 37.59it/s]
 22%|██▏       | 17/79 [00:00<00:03, 20.56it/s]
 27%|██▋       | 21/79 [00:00<00:02, 23.99it/s]
 32%|███▏      | 25/79 [00:00<00:01, 27.02it/s]
 37%|███▋      | 29/79 [00:01<00:01, 29.26it/s]
 42%|████▏     | 33/79 [00:01<00:01, 30.66it/s]
 47%|████▋     | 37/79 [00:01<00:01, 31.56it/s]
 52%|█████▏    | 41/79 [00:01<00:01, 32.46it/s]
 57%|█████▋    | 45/79 [00:01<00:01, 33.47it/s]
 62%|██████▏   | 49/79 [00:01<00:00, 33.79it/s]
 67%|██████▋   | 53/79 [00:01<00:00, 33.67it/s]
 75%|███████▍  | 59/79 [00:01<00:00, 36.96it/s]
 82%|████████▏ | 65/79 [00:02<00:00, 38.78it/s]
 87%|████████▋ | 69/79 [00:02<00:00, 37.86it/s]
 95%|█████████▍| 75/79 [00:02<00:00, 39.21it/s]
100%|██████████| 79/79 [00:02<00:00, 33.61it/s]

CommRound: 28/30
Accuracy: 64.82% | Loss: 1.1747
[########################################################----] 93.3%
Elapsed: 4.6m | Avg/Round: 9.8s | Last: 10.2s | Next: 9.8s | Remaining: 0.3m
ETA: 20:30:04
Recent round times: R1: 9.7s -> R2: 9.6s -> R3: 9.7s -> R4: 9.5s -> R5: 10.2s

  0%|          | 0/79 [00:00<?, ?it/s]
  3%|▎         | 2/79 [00:00<00:04, 18.78it/s]
  9%|▉         | 7/79 [00:00<00:02, 33.30it/s]
 14%|█▍        | 11/79 [00:00<00:02, 23.79it/s]
 20%|██        | 16/79 [00:00<00:02, 27.45it/s]
 27%|██▋       | 21/79 [00:00<00:01, 33.21it/s]
 32%|███▏      | 25/79 [00:00<00:01, 34.93it/s]
 38%|███▊      | 30/79 [00:00<00:01, 34.70it/s]
 43%|████▎     | 34/79 [00:01<00:01, 36.00it/s]
 48%|████▊     | 38/79 [00:01<00:01, 37.05it/s]
 54%|█████▍    | 43/79 [00:01<00:00, 40.44it/s]
 61%|██████    | 48/79 [00:01<00:00, 37.72it/s]
 66%|██████▌   | 52/79 [00:01<00:00, 37.68it/s]
 72%|███████▏  | 57/79 [00:01<00:00, 40.82it/s]
 78%|███████▊  | 62/79 [00:01<00:00, 38.05it/s]
 86%|████████▌ | 68/79 [00:01<00:00, 39.23it/s]
 92%|█████████▏| 73/79 [00:02<00:00, 41.88it/s]
 99%|█████████▊| 78/79 [00:02<00:00, 38.93it/s]
100%|██████████| 79/79 [00:02<00:00, 36.33it/s]

CommRound: 29/30
Accuracy: 65.45% | Loss: 1.1956
[##########################################################--] 96.7%
Elapsed: 4.7m | Avg/Round: 9.8s | Last: 10.1s | Next: 9.8s | Remaining: 0.2m
ETA: 20:30:04
Recent round times: R1: 9.6s -> R2: 9.7s -> R3: 9.5s -> R4: 10.2s -> R5: 10.1s

  0%|          | 0/79 [00:00<?, ?it/s]
  1%|▏         | 1/79 [00:00<00:08,  9.22it/s]
  9%|▉         | 7/79 [00:00<00:04, 17.44it/s]
 16%|█▋        | 13/79 [00:00<00:02, 26.49it/s]
 24%|██▍       | 19/79 [00:00<00:01, 31.92it/s]
 32%|███▏      | 25/79 [00:00<00:01, 35.56it/s]
 39%|███▉      | 31/79 [00:00<00:01, 37.86it/s]
 47%|████▋     | 37/79 [00:01<00:01, 38.95it/s]
 54%|█████▍    | 43/79 [00:01<00:00, 39.71it/s]
 61%|██████    | 48/79 [00:01<00:00, 41.97it/s]
 67%|██████▋   | 53/79 [00:01<00:00, 39.71it/s]
 75%|███████▍  | 59/79 [00:01<00:00, 40.28it/s]
 82%|████████▏ | 65/79 [00:01<00:00, 40.74it/s]
 90%|████████▉ | 71/79 [00:01<00:00, 40.98it/s]
 97%|█████████▋| 77/79 [00:02<00:00, 41.10it/s]
100%|██████████| 79/79 [00:02<00:00, 37.42it/s]

CommRound: 30/30
Accuracy: 65.26% | Loss: 1.1499
[############################################################] 100.0%
Elapsed: 4.9m | Avg/Round: 9.8s | Last: 10.0s | Next: 9.8s | Remaining: 0.0m
ETA: 20:30:04
Recent round times: R1: 9.7s -> R2: 9.5s -> R3: 10.2s -> R4: 10.1s -> R5: 10.0s
Total time for experiment: 294.78465819358826 seconds
Device average training time per communication round [s]:
    rpi (sld-rpi-09.ece.utexas.edu): 4.82 seconds
    mc1 (sld-mc1-09.ece.utexas.edu): 2.80 seconds
