Connecting to sld-rpi-09.ece.utexas.edu...
Successfully fetched dev0_pow_temp_log_exp218_run1.csv.
Connecting to sld-rpi-09.ece.utexas.edu...
Successfully fetched dev0_communication_log_exp218_run1.csv.
Connecting to sld-mc1-09.ece.utexas.edu...
Successfully fetched dev1_pow_temp_log_exp218_run1.csv.
Connecting to sld-mc1-09.ece.utexas.edu...
Successfully fetched dev1_communication_log_exp218_run1.csv.

Exp218
Experiment 218: 
	Global test accuracy [%]: 48.41 %
	No round found where all subsequent rounds have accuracy >= 90.00%.
	Average time per communication round [s]: 10.35 seconds
	Total wall clock time [s]: 327.28 seconds


Experiment 218:
	RPi avg. energy consumption per round [J]: 42.74 Joules
	MC1 avg. energy consumption per round [J]: 35.30 Joules
	Total avg. energy consumption per communication round [J]: 78.04 Joules
	Avg. amount of communicated data per communication round [MB]: 0.01 MB
	RPi avg. power consumption per round [W]: 5.44 Watts
	MC1 avg. power consumption per round [W]: 6.58 Watts
