Connecting to sld-rpi-09.ece.utexas.edu...
Successfully fetched dev0_pow_temp_log_exp173_run1.csv.
Connecting to sld-rpi-09.ece.utexas.edu...
Successfully fetched dev0_communication_log_exp173_run1.csv.
Connecting to sld-mc1-09.ece.utexas.edu...
Successfully fetched dev1_pow_temp_log_exp173_run1.csv.
Connecting to sld-mc1-09.ece.utexas.edu...
Successfully fetched dev1_communication_log_exp173_run1.csv.

Exp173
Experiment 173: 
	Global test accuracy [%]: 89.86 %
	No round found where all subsequent rounds have accuracy >= 90.00%.
	Average time per communication round [s]: 10.42 seconds
	Total wall clock time [s]: 326.25 seconds


Experiment 173:
	RPi avg. energy consumption per round [J]: 36.60 Joules
	MC1 avg. energy consumption per round [J]: 24.86 Joules
	Total avg. energy consumption per communication round [J]: 61.46 Joules
	Avg. amount of communicated data per communication round [MB]: 0.08 MB
	RPi avg. power consumption per round [W]: 5.41 Watts
	MC1 avg. power consumption per round [W]: 6.55 Watts
