Connecting to sld-rpi-09.ece.utexas.edu...
Successfully fetched dev0_pow_temp_log_exp171_run1.csv.
Connecting to sld-rpi-09.ece.utexas.edu...
Successfully fetched dev0_communication_log_exp171_run1.csv.
Connecting to sld-mc1-09.ece.utexas.edu...
Successfully fetched dev1_pow_temp_log_exp171_run1.csv.
Connecting to sld-mc1-09.ece.utexas.edu...
Successfully fetched dev1_communication_log_exp171_run1.csv.

Exp171
Experiment 171: 
	Global test accuracy [%]: 89.23 %
	No round found where all subsequent rounds have accuracy >= 90.00%.
	Average time per communication round [s]: 10.12 seconds
	Total wall clock time [s]: 158.51 seconds


Experiment 171:
	RPi avg. energy consumption per round [J]: 34.98 Joules
	MC1 avg. energy consumption per round [J]: 16.84 Joules
	Total avg. energy consumption per communication round [J]: 51.83 Joules
	Avg. amount of communicated data per communication round [MB]: 0.08 MB
	RPi avg. power consumption per round [W]: 5.35 Watts
	MC1 avg. power consumption per round [W]: 5.61 Watts
