Connecting to sld-rpi-09.ece.utexas.edu...
Successfully fetched dev0_pow_temp_log_exp172_run1.csv.
Connecting to sld-rpi-09.ece.utexas.edu...
Successfully fetched dev0_communication_log_exp172_run1.csv.
Connecting to sld-mc1-09.ece.utexas.edu...
Successfully fetched dev1_pow_temp_log_exp172_run1.csv.
Connecting to sld-mc1-09.ece.utexas.edu...
Successfully fetched dev1_communication_log_exp172_run1.csv.

Exp172
Experiment 172: 
	Global test accuracy [%]: 89.73 %
	No round found where all subsequent rounds have accuracy >= 90.00%.
	Average time per communication round [s]: 10.6 seconds
	Total wall clock time [s]: 167.94 seconds


Experiment 172:
	RPi avg. energy consumption per round [J]: 35.74 Joules
	MC1 avg. energy consumption per round [J]: 21.68 Joules
	Total avg. energy consumption per communication round [J]: 57.42 Joules
	Avg. amount of communicated data per communication round [MB]: 0.08 MB
	RPi avg. power consumption per round [W]: 5.45 Watts
	MC1 avg. power consumption per round [W]: 6.32 Watts
