
  0%|          | 0/79 [00:00<?, ?it/s]
  1%|▏         | 1/79 [00:00<00:09,  8.39it/s]
  6%|▋         | 5/79 [00:00<00:03, 23.13it/s]
 11%|█▏        | 9/79 [00:00<00:02, 26.02it/s]
 15%|█▌        | 12/79 [00:00<00:02, 26.88it/s]
 20%|██        | 16/79 [00:00<00:02, 27.79it/s]
 25%|██▌       | 20/79 [00:00<00:02, 28.65it/s]
 30%|███       | 24/79 [00:00<00:02, 25.38it/s]
 34%|███▍      | 27/79 [00:01<00:02, 24.25it/s]
 38%|███▊      | 30/79 [00:01<00:02, 19.94it/s]
 42%|████▏     | 33/79 [00:01<00:02, 20.90it/s]
 47%|████▋     | 37/79 [00:01<00:01, 23.09it/s]
 52%|█████▏    | 41/79 [00:01<00:01, 25.33it/s]
 56%|█████▌    | 44/79 [00:01<00:01, 25.89it/s]
 59%|█████▉    | 47/79 [00:01<00:01, 26.58it/s]
 63%|██████▎   | 50/79 [00:02<00:01, 23.65it/s]
 68%|██████▊   | 54/79 [00:02<00:00, 25.35it/s]
 73%|███████▎  | 58/79 [00:02<00:00, 26.95it/s]
 78%|███████▊  | 62/79 [00:02<00:00, 27.92it/s]
 84%|████████▎ | 66/79 [00:02<00:00, 28.06it/s]
 89%|████████▊ | 70/79 [00:02<00:00, 28.92it/s]
 94%|█████████▎| 74/79 [00:02<00:00, 29.16it/s]
 99%|█████████▊| 78/79 [00:03<00:00, 29.60it/s]
100%|██████████| 79/79 [00:03<00:00, 26.09it/s]
Initial Accuracy: 8.49%; Initial Loss: 2.3240

  0%|          | 0/79 [00:00<?, ?it/s]
  1%|▏         | 1/79 [00:00<00:10,  7.14it/s]
  6%|▋         | 5/79 [00:00<00:03, 21.43it/s]
 10%|█         | 8/79 [00:00<00:03, 23.58it/s]
 15%|█▌        | 12/79 [00:00<00:02, 27.04it/s]
 19%|█▉        | 15/79 [00:00<00:02, 27.63it/s]
 24%|██▍       | 19/79 [00:00<00:02, 28.23it/s]
 29%|██▉       | 23/79 [00:00<00:01, 29.18it/s]
 33%|███▎      | 26/79 [00:00<00:01, 28.93it/s]
 38%|███▊      | 30/79 [00:01<00:01, 30.84it/s]
 43%|████▎     | 34/79 [00:01<00:01, 30.70it/s]
 48%|████▊     | 38/79 [00:01<00:01, 30.13it/s]
 53%|█████▎    | 42/79 [00:01<00:01, 29.31it/s]
 57%|█████▋    | 45/79 [00:01<00:01, 29.01it/s]
 61%|██████    | 48/79 [00:01<00:01, 29.22it/s]
 66%|██████▌   | 52/79 [00:01<00:00, 30.17it/s]
 71%|███████   | 56/79 [00:01<00:00, 30.24it/s]
 76%|███████▌  | 60/79 [00:02<00:00, 30.93it/s]
 81%|████████  | 64/79 [00:02<00:00, 31.08it/s]
 86%|████████▌ | 68/79 [00:02<00:00, 31.59it/s]
 91%|█████████ | 72/79 [00:02<00:00, 31.71it/s]
 96%|█████████▌| 76/79 [00:02<00:00, 31.94it/s]
100%|██████████| 79/79 [00:02<00:00, 29.51it/s]

CommRound: 1/30
Accuracy: 54.40% | Loss: 1.5590
[##----------------------------------------------------------] 3.3%
Elapsed: 0.9m | Avg/Round: 55.8s | Last: 52.8s | Next: 55.8s | Remaining: 27.0m
ETA: 04:33:30
Recent round times: R1: 52.8s

  0%|          | 0/79 [00:00<?, ?it/s]
  1%|▏         | 1/79 [00:00<00:13,  5.68it/s]
  6%|▋         | 5/79 [00:00<00:03, 20.80it/s]
 10%|█         | 8/79 [00:00<00:03, 20.78it/s]
 14%|█▍        | 11/79 [00:00<00:02, 22.98it/s]
 18%|█▊        | 14/79 [00:00<00:03, 18.31it/s]
 22%|██▏       | 17/79 [00:00<00:03, 19.82it/s]
 25%|██▌       | 20/79 [00:01<00:03, 18.30it/s]
 28%|██▊       | 22/79 [00:01<00:03, 17.68it/s]
 30%|███       | 24/79 [00:01<00:03, 17.41it/s]
 35%|███▌      | 28/79 [00:01<00:02, 19.36it/s]
 38%|███▊      | 30/79 [00:01<00:02, 18.48it/s]
 41%|████      | 32/79 [00:01<00:02, 17.14it/s]
 44%|████▍     | 35/79 [00:01<00:02, 19.69it/s]
 48%|████▊     | 38/79 [00:02<00:02, 19.10it/s]
 51%|█████     | 40/79 [00:02<00:02, 18.33it/s]
 53%|█████▎    | 42/79 [00:02<00:02, 17.32it/s]
 56%|█████▌    | 44/79 [00:02<00:02, 16.95it/s]
 58%|█████▊    | 46/79 [00:02<00:01, 16.76it/s]
 61%|██████    | 48/79 [00:02<00:01, 16.18it/s]
 63%|██████▎   | 50/79 [00:02<00:02, 14.05it/s]
 67%|██████▋   | 53/79 [00:03<00:01, 16.23it/s]
 70%|██████▉   | 55/79 [00:03<00:01, 17.00it/s]
 72%|███████▏  | 57/79 [00:03<00:01, 16.41it/s]
 76%|███████▌  | 60/79 [00:03<00:00, 19.03it/s]
 78%|███████▊  | 62/79 [00:03<00:00, 18.33it/s]
 81%|████████  | 64/79 [00:03<00:00, 17.07it/s]
 84%|████████▎ | 66/79 [00:03<00:00, 17.38it/s]
 86%|████████▌ | 68/79 [00:03<00:00, 16.75it/s]
 89%|████████▊ | 70/79 [00:03<00:00, 16.95it/s]
 91%|█████████ | 72/79 [00:04<00:00, 17.59it/s]
 94%|█████████▎| 74/79 [00:04<00:00, 16.96it/s]
 96%|█████████▌| 76/79 [00:04<00:00, 16.49it/s]
100%|██████████| 79/79 [00:04<00:00, 17.86it/s]

CommRound: 2/30
Accuracy: 68.63% | Loss: 0.8868
[####--------------------------------------------------------] 6.7%
Elapsed: 1.9m | Avg/Round: 55.7s | Last: 55.6s | Next: 55.7s | Remaining: 26.0m
ETA: 04:33:26
Recent round times: R1: 52.8s -> R2: 55.6s

  0%|          | 0/79 [00:00<?, ?it/s]
  1%|▏         | 1/79 [00:00<00:18,  4.17it/s]
  6%|▋         | 5/79 [00:00<00:05, 12.44it/s]
  9%|▉         | 7/79 [00:00<00:06, 11.36it/s]
 15%|█▌        | 12/79 [00:00<00:03, 19.25it/s]
 20%|██        | 16/79 [00:00<00:03, 20.43it/s]
 25%|██▌       | 20/79 [00:01<00:02, 23.72it/s]
 30%|███       | 24/79 [00:01<00:02, 25.87it/s]
 35%|███▌      | 28/79 [00:01<00:02, 24.76it/s]
 39%|███▉      | 31/79 [00:01<00:02, 22.89it/s]
 43%|████▎     | 34/79 [00:01<00:02, 19.71it/s]
 47%|████▋     | 37/79 [00:01<00:02, 19.75it/s]
 51%|█████     | 40/79 [00:02<00:02, 17.75it/s]
 54%|█████▍    | 43/79 [00:02<00:01, 18.86it/s]
 57%|█████▋    | 45/79 [00:02<00:01, 18.55it/s]
 59%|█████▉    | 47/79 [00:02<00:01, 18.43it/s]
 63%|██████▎   | 50/79 [00:02<00:01, 20.30it/s]
 67%|██████▋   | 53/79 [00:02<00:01, 19.65it/s]
 71%|███████   | 56/79 [00:02<00:01, 19.35it/s]
 73%|███████▎  | 58/79 [00:03<00:01, 19.02it/s]
 76%|███████▌  | 60/79 [00:03<00:01, 18.78it/s]
 78%|███████▊  | 62/79 [00:03<00:00, 18.49it/s]
 82%|████████▏ | 65/79 [00:03<00:00, 20.96it/s]
 87%|████████▋ | 69/79 [00:03<00:00, 23.91it/s]
 92%|█████████▏| 73/79 [00:03<00:00, 25.99it/s]
 97%|█████████▋| 77/79 [00:03<00:00, 27.39it/s]
100%|██████████| 79/79 [00:03<00:00, 20.68it/s]

CommRound: 3/30
Accuracy: 77.64% | Loss: 0.6528
[######------------------------------------------------------] 10.0%
Elapsed: 2.7m | Avg/Round: 54.0s | Last: 50.7s | Next: 54.0s | Remaining: 24.3m
ETA: 04:32:36
Recent round times: R1: 52.8s -> R2: 55.6s -> R3: 50.7s

  0%|          | 0/79 [00:00<?, ?it/s]
  1%|▏         | 1/79 [00:00<00:12,  6.15it/s]
  8%|▊         | 6/79 [00:00<00:02, 26.22it/s]
 13%|█▎        | 10/79 [00:00<00:02, 30.70it/s]
 18%|█▊        | 14/79 [00:00<00:02, 26.55it/s]
 22%|██▏       | 17/79 [00:00<00:02, 26.02it/s]
 27%|██▋       | 21/79 [00:00<00:02, 26.21it/s]
 32%|███▏      | 25/79 [00:00<00:02, 26.20it/s]
 37%|███▋      | 29/79 [00:01<00:01, 26.73it/s]
 42%|████▏     | 33/79 [00:01<00:01, 27.39it/s]
 47%|████▋     | 37/79 [00:01<00:01, 27.49it/s]
 52%|█████▏    | 41/79 [00:01<00:01, 27.63it/s]
 57%|█████▋    | 45/79 [00:01<00:01, 27.38it/s]
 62%|██████▏   | 49/79 [00:01<00:01, 27.16it/s]
 67%|██████▋   | 53/79 [00:02<00:00, 26.77it/s]
 72%|███████▏  | 57/79 [00:02<00:00, 26.49it/s]
 77%|███████▋  | 61/79 [00:02<00:00, 27.32it/s]
 82%|████████▏ | 65/79 [00:02<00:00, 27.77it/s]
 87%|████████▋ | 69/79 [00:02<00:00, 27.33it/s]
 92%|█████████▏| 73/79 [00:02<00:00, 26.91it/s]
 97%|█████████▋| 77/79 [00:02<00:00, 26.82it/s]
100%|██████████| 79/79 [00:02<00:00, 26.86it/s]

CommRound: 4/30
Accuracy: 81.68% | Loss: 0.5942
[########----------------------------------------------------] 13.3%
Elapsed: 3.6m | Avg/Round: 54.0s | Last: 53.9s | Next: 54.0s | Remaining: 23.4m
ETA: 04:32:35
Recent round times: R1: 52.8s -> R2: 55.6s -> R3: 50.7s -> R4: 53.9s

  0%|          | 0/79 [00:00<?, ?it/s]
  1%|▏         | 1/79 [00:00<00:11,  7.01it/s]
  9%|▉         | 7/79 [00:00<00:02, 26.63it/s]
 14%|█▍        | 11/79 [00:00<00:02, 30.64it/s]
 19%|█▉        | 15/79 [00:00<00:02, 31.70it/s]
 24%|██▍       | 19/79 [00:00<00:01, 32.80it/s]
 29%|██▉       | 23/79 [00:00<00:01, 33.09it/s]
 34%|███▍      | 27/79 [00:00<00:01, 33.06it/s]
 39%|███▉      | 31/79 [00:00<00:01, 33.18it/s]
 44%|████▍     | 35/79 [00:01<00:01, 33.30it/s]
 49%|████▉     | 39/79 [00:01<00:01, 33.39it/s]
 54%|█████▍    | 43/79 [00:01<00:01, 33.47it/s]
 59%|█████▉    | 47/79 [00:01<00:00, 32.54it/s]
 65%|██████▍   | 51/79 [00:01<00:00, 33.16it/s]
 70%|██████▉   | 55/79 [00:01<00:00, 33.11it/s]
 75%|███████▍  | 59/79 [00:01<00:00, 33.72it/s]
 80%|███████▉  | 63/79 [00:01<00:00, 34.08it/s]
 85%|████████▍ | 67/79 [00:02<00:00, 29.86it/s]
 90%|████████▉ | 71/79 [00:02<00:00, 30.96it/s]
 95%|█████████▍| 75/79 [00:02<00:00, 31.77it/s]
100%|██████████| 79/79 [00:02<00:00, 32.09it/s]

CommRound: 5/30
Accuracy: 87.14% | Loss: 0.4216
[##########--------------------------------------------------] 16.7%
Elapsed: 4.5m | Avg/Round: 54.2s | Last: 55.2s | Next: 54.2s | Remaining: 22.6m
ETA: 04:32:42
Recent round times: R1: 52.8s -> R2: 55.6s -> R3: 50.7s -> R4: 53.9s -> R5: 55.2s

  0%|          | 0/79 [00:00<?, ?it/s]
  1%|▏         | 1/79 [00:00<00:14,  5.23it/s]
  6%|▋         | 5/79 [00:00<00:04, 16.40it/s]
 10%|█         | 8/79 [00:00<00:03, 18.60it/s]
 14%|█▍        | 11/79 [00:00<00:03, 21.84it/s]
 18%|█▊        | 14/79 [00:00<00:02, 22.52it/s]
 22%|██▏       | 17/79 [00:00<00:02, 23.96it/s]
 25%|██▌       | 20/79 [00:01<00:03, 18.40it/s]
 29%|██▉       | 23/79 [00:01<00:02, 19.74it/s]
 33%|███▎      | 26/79 [00:01<00:03, 16.96it/s]
 38%|███▊      | 30/79 [00:01<00:02, 19.54it/s]
 43%|████▎     | 34/79 [00:01<00:02, 22.28it/s]
 48%|████▊     | 38/79 [00:01<00:01, 24.59it/s]
 53%|█████▎    | 42/79 [00:01<00:01, 26.30it/s]
 58%|█████▊    | 46/79 [00:02<00:01, 27.78it/s]
 63%|██████▎   | 50/79 [00:02<00:01, 28.25it/s]
 67%|██████▋   | 53/79 [00:02<00:00, 26.65it/s]
 72%|███████▏  | 57/79 [00:02<00:00, 27.95it/s]
 77%|███████▋  | 61/79 [00:02<00:00, 27.63it/s]
 82%|████████▏ | 65/79 [00:02<00:00, 28.65it/s]
 86%|████████▌ | 68/79 [00:02<00:00, 28.58it/s]
 90%|████████▉ | 71/79 [00:02<00:00, 28.46it/s]
 94%|█████████▎| 74/79 [00:03<00:00, 27.33it/s]
 99%|█████████▊| 78/79 [00:03<00:00, 28.48it/s]
100%|██████████| 79/79 [00:03<00:00, 24.21it/s]

CommRound: 6/30
Accuracy: 89.60% | Loss: 0.3658
[############------------------------------------------------] 20.0%
Elapsed: 5.4m | Avg/Round: 53.6s | Last: 50.5s | Next: 53.6s | Remaining: 21.4m
ETA: 04:32:23
Recent round times: R1: 55.6s -> R2: 50.7s -> R3: 53.9s -> R4: 55.2s -> R5: 50.5s

  0%|          | 0/79 [00:00<?, ?it/s]
  1%|▏         | 1/79 [00:00<00:11,  6.59it/s]
  8%|▊         | 6/79 [00:00<00:02, 27.22it/s]
 13%|█▎        | 10/79 [00:00<00:02, 30.56it/s]
 18%|█▊        | 14/79 [00:00<00:02, 31.47it/s]
 23%|██▎       | 18/79 [00:00<00:01, 33.28it/s]
 28%|██▊       | 22/79 [00:00<00:01, 33.99it/s]
 33%|███▎      | 26/79 [00:00<00:01, 34.07it/s]
 38%|███▊      | 30/79 [00:00<00:01, 34.65it/s]
 43%|████▎     | 34/79 [00:01<00:01, 34.92it/s]
 48%|████▊     | 38/79 [00:01<00:01, 34.95it/s]
 53%|█████▎    | 42/79 [00:01<00:01, 34.96it/s]
 58%|█████▊    | 46/79 [00:01<00:00, 34.97it/s]
 63%|██████▎   | 50/79 [00:01<00:00, 34.90it/s]
 68%|██████▊   | 54/79 [00:01<00:00, 34.76it/s]
 73%|███████▎  | 58/79 [00:01<00:00, 35.35it/s]
 78%|███████▊  | 62/79 [00:01<00:00, 35.27it/s]
 84%|████████▎ | 66/79 [00:01<00:00, 35.34it/s]
 89%|████████▊ | 70/79 [00:02<00:00, 35.31it/s]
 94%|█████████▎| 74/79 [00:02<00:00, 35.27it/s]
 99%|█████████▊| 78/79 [00:02<00:00, 35.32it/s]
100%|██████████| 79/79 [00:02<00:00, 33.80it/s]

CommRound: 7/30
Accuracy: 88.87% | Loss: 0.4059
[##############----------------------------------------------] 23.3%
Elapsed: 6.3m | Avg/Round: 54.0s | Last: 56.6s | Next: 54.0s | Remaining: 20.7m
ETA: 04:32:35
Recent round times: R1: 50.7s -> R2: 53.9s -> R3: 55.2s -> R4: 50.5s -> R5: 56.6s

  0%|          | 0/79 [00:00<?, ?it/s]
  1%|▏         | 1/79 [00:00<00:10,  7.59it/s]
  9%|▉         | 7/79 [00:00<00:02, 29.12it/s]
 15%|█▌        | 12/79 [00:00<00:01, 36.35it/s]
 22%|██▏       | 17/79 [00:00<00:01, 35.63it/s]
 27%|██▋       | 21/79 [00:00<00:01, 36.87it/s]
 33%|███▎      | 26/79 [00:00<00:01, 40.68it/s]
 39%|███▉      | 31/79 [00:00<00:01, 39.16it/s]
 46%|████▌     | 36/79 [00:00<00:01, 40.62it/s]
 52%|█████▏    | 41/79 [00:01<00:00, 40.21it/s]
 58%|█████▊    | 46/79 [00:01<00:00, 40.05it/s]
 65%|██████▍   | 51/79 [00:01<00:00, 41.35it/s]
 71%|███████   | 56/79 [00:01<00:00, 39.52it/s]
 77%|███████▋  | 61/79 [00:01<00:00, 41.87it/s]
 84%|████████▎ | 66/79 [00:01<00:00, 39.55it/s]
 90%|████████▉ | 71/79 [00:01<00:00, 40.69it/s]
 96%|█████████▌| 76/79 [00:01<00:00, 39.36it/s]
100%|██████████| 79/79 [00:02<00:00, 38.63it/s]

CommRound: 8/30
Accuracy: 88.84% | Loss: 0.4393
[################--------------------------------------------] 26.7%
Elapsed: 7.2m | Avg/Round: 54.1s | Last: 54.6s | Next: 54.1s | Remaining: 19.8m
ETA: 04:32:38
Recent round times: R1: 53.9s -> R2: 55.2s -> R3: 50.5s -> R4: 56.6s -> R5: 54.6s

  0%|          | 0/79 [00:00<?, ?it/s]
  1%|▏         | 1/79 [00:00<00:11,  7.01it/s]
  8%|▊         | 6/79 [00:00<00:02, 25.16it/s]
 11%|█▏        | 9/79 [00:00<00:02, 26.41it/s]
 16%|█▋        | 13/79 [00:00<00:02, 29.50it/s]
 22%|██▏       | 17/79 [00:00<00:02, 29.93it/s]
 27%|██▋       | 21/79 [00:00<00:01, 29.34it/s]
 32%|███▏      | 25/79 [00:00<00:01, 31.16it/s]
 37%|███▋      | 29/79 [00:00<00:01, 32.28it/s]
 42%|████▏     | 33/79 [00:01<00:01, 33.46it/s]
 47%|████▋     | 37/79 [00:01<00:01, 34.07it/s]
 52%|█████▏    | 41/79 [00:01<00:01, 34.54it/s]
 57%|█████▋    | 45/79 [00:01<00:01, 33.78it/s]
 62%|██████▏   | 49/79 [00:01<00:00, 34.36it/s]
 67%|██████▋   | 53/79 [00:01<00:00, 28.36it/s]
 72%|███████▏  | 57/79 [00:01<00:00, 28.60it/s]
 77%|███████▋  | 61/79 [00:02<00:00, 30.27it/s]
 82%|████████▏ | 65/79 [00:02<00:00, 30.89it/s]
 87%|████████▋ | 69/79 [00:02<00:00, 29.87it/s]
 92%|█████████▏| 73/79 [00:02<00:00, 29.19it/s]
 96%|█████████▌| 76/79 [00:02<00:00, 24.77it/s]
100%|██████████| 79/79 [00:02<00:00, 29.05it/s]

CommRound: 9/30
Accuracy: 91.00% | Loss: 0.3566
[##################------------------------------------------] 30.0%
Elapsed: 8.3m | Avg/Round: 55.0s | Last: 62.2s | Next: 55.0s | Remaining: 19.3m
ETA: 04:33:05
Recent round times: R1: 55.2s -> R2: 50.5s -> R3: 56.6s -> R4: 54.6s -> R5: 62.2s

  0%|          | 0/79 [00:00<?, ?it/s]
  1%|▏         | 1/79 [00:00<00:10,  7.13it/s]
  6%|▋         | 5/79 [00:00<00:03, 22.32it/s]
 10%|█         | 8/79 [00:00<00:02, 24.90it/s]
 15%|█▌        | 12/79 [00:00<00:02, 29.23it/s]
 20%|██        | 16/79 [00:00<00:01, 31.70it/s]
 25%|██▌       | 20/79 [00:00<00:01, 33.35it/s]
 30%|███       | 24/79 [00:00<00:01, 34.46it/s]
 35%|███▌      | 28/79 [00:00<00:01, 34.97it/s]
 41%|████      | 32/79 [00:01<00:01, 35.70it/s]
 46%|████▌     | 36/79 [00:01<00:01, 36.16it/s]
 51%|█████     | 40/79 [00:01<00:01, 34.92it/s]
 56%|█████▌    | 44/79 [00:01<00:00, 35.11it/s]
 61%|██████    | 48/79 [00:01<00:00, 36.13it/s]
 66%|██████▌   | 52/79 [00:01<00:00, 36.01it/s]
 71%|███████   | 56/79 [00:01<00:00, 35.05it/s]
 76%|███████▌  | 60/79 [00:01<00:00, 35.38it/s]
 81%|████████  | 64/79 [00:01<00:00, 34.36it/s]
 86%|████████▌ | 68/79 [00:02<00:00, 35.05it/s]
 91%|█████████ | 72/79 [00:02<00:00, 34.84it/s]
 96%|█████████▌| 76/79 [00:02<00:00, 35.03it/s]
100%|██████████| 79/79 [00:02<00:00, 33.15it/s]

CommRound: 10/30
Accuracy: 90.54% | Loss: 0.3925
[####################----------------------------------------] 33.3%
Elapsed: 9.1m | Avg/Round: 54.7s | Last: 51.7s | Next: 54.7s | Remaining: 18.2m
ETA: 04:32:55
Recent round times: R1: 50.5s -> R2: 56.6s -> R3: 54.6s -> R4: 62.2s -> R5: 51.7s

  0%|          | 0/79 [00:00<?, ?it/s]
  1%|▏         | 1/79 [00:00<00:10,  7.34it/s]
  9%|▉         | 7/79 [00:00<00:02, 30.62it/s]
 14%|█▍        | 11/79 [00:00<00:02, 33.77it/s]
 19%|█▉        | 15/79 [00:00<00:01, 35.74it/s]
 24%|██▍       | 19/79 [00:00<00:01, 36.60it/s]
 29%|██▉       | 23/79 [00:00<00:01, 36.50it/s]
 34%|███▍      | 27/79 [00:00<00:01, 37.30it/s]
 39%|███▉      | 31/79 [00:00<00:01, 37.22it/s]
 44%|████▍     | 35/79 [00:01<00:01, 36.48it/s]
 49%|████▉     | 39/79 [00:01<00:01, 36.36it/s]
 56%|█████▌    | 44/79 [00:01<00:00, 39.91it/s]
 62%|██████▏   | 49/79 [00:01<00:00, 36.87it/s]
 67%|██████▋   | 53/79 [00:01<00:00, 37.43it/s]
 73%|███████▎  | 58/79 [00:01<00:00, 40.32it/s]
 80%|███████▉  | 63/79 [00:01<00:00, 38.24it/s]
 85%|████████▍ | 67/79 [00:01<00:00, 38.35it/s]
 90%|████████▉ | 71/79 [00:01<00:00, 38.78it/s]
 95%|█████████▍| 75/79 [00:02<00:00, 38.75it/s]
100%|██████████| 79/79 [00:02<00:00, 37.19it/s]

CommRound: 11/30
Accuracy: 90.01% | Loss: 0.4294
[######################--------------------------------------] 36.7%
Elapsed: 10.1m | Avg/Round: 55.1s | Last: 59.8s | Next: 55.1s | Remaining: 17.5m
ETA: 04:33:09
Recent round times: R1: 56.6s -> R2: 54.6s -> R3: 62.2s -> R4: 51.7s -> R5: 59.8s

  0%|          | 0/79 [00:00<?, ?it/s]
  1%|▏         | 1/79 [00:00<00:13,  5.83it/s]
  9%|▉         | 7/79 [00:00<00:02, 25.13it/s]
 14%|█▍        | 11/79 [00:00<00:02, 27.81it/s]
 19%|█▉        | 15/79 [00:00<00:02, 30.15it/s]
 24%|██▍       | 19/79 [00:00<00:01, 32.21it/s]
 29%|██▉       | 23/79 [00:00<00:01, 33.98it/s]
 34%|███▍      | 27/79 [00:00<00:01, 34.83it/s]
 39%|███▉      | 31/79 [00:00<00:01, 35.83it/s]
 44%|████▍     | 35/79 [00:01<00:01, 36.32it/s]
 49%|████▉     | 39/79 [00:01<00:01, 36.75it/s]
 54%|█████▍    | 43/79 [00:01<00:00, 36.87it/s]
 59%|█████▉    | 47/79 [00:01<00:00, 36.40it/s]
 65%|██████▍   | 51/79 [00:01<00:00, 36.39it/s]
 70%|██████▉   | 55/79 [00:01<00:00, 36.64it/s]
 75%|███████▍  | 59/79 [00:01<00:00, 36.40it/s]
 80%|███████▉  | 63/79 [00:01<00:00, 36.40it/s]
 85%|████████▍ | 67/79 [00:01<00:00, 36.81it/s]
 90%|████████▉ | 71/79 [00:02<00:00, 36.96it/s]
 95%|█████████▍| 75/79 [00:02<00:00, 37.14it/s]
100%|██████████| 79/79 [00:02<00:00, 34.68it/s]

CommRound: 12/30
Accuracy: 90.72% | Loss: 0.4026
[########################------------------------------------] 40.0%
Elapsed: 11.1m | Avg/Round: 55.3s | Last: 57.3s | Next: 55.3s | Remaining: 16.6m
ETA: 04:33:14
Recent round times: R1: 54.6s -> R2: 62.2s -> R3: 51.7s -> R4: 59.8s -> R5: 57.3s

  0%|          | 0/79 [00:00<?, ?it/s]
  1%|▏         | 1/79 [00:00<00:12,  6.10it/s]
  9%|▉         | 7/79 [00:00<00:02, 24.26it/s]
 14%|█▍        | 11/79 [00:00<00:02, 28.69it/s]
 19%|█▉        | 15/79 [00:00<00:02, 31.02it/s]
 24%|██▍       | 19/79 [00:00<00:01, 31.63it/s]
 29%|██▉       | 23/79 [00:00<00:01, 32.24it/s]
 34%|███▍      | 27/79 [00:00<00:01, 32.55it/s]
 39%|███▉      | 31/79 [00:01<00:01, 33.30it/s]
 44%|████▍     | 35/79 [00:01<00:01, 33.79it/s]
 49%|████▉     | 39/79 [00:01<00:01, 34.89it/s]
 54%|█████▍    | 43/79 [00:01<00:01, 35.01it/s]
 59%|█████▉    | 47/79 [00:01<00:00, 34.46it/s]
 65%|██████▍   | 51/79 [00:01<00:00, 34.41it/s]
 70%|██████▉   | 55/79 [00:01<00:00, 34.72it/s]
 75%|███████▍  | 59/79 [00:01<00:00, 35.06it/s]
 80%|███████▉  | 63/79 [00:01<00:00, 35.04it/s]
 85%|████████▍ | 67/79 [00:02<00:00, 35.19it/s]
 90%|████████▉ | 71/79 [00:02<00:00, 35.25it/s]
 95%|█████████▍| 75/79 [00:02<00:00, 35.04it/s]
100%|██████████| 79/79 [00:02<00:00, 34.83it/s]
100%|██████████| 79/79 [00:02<00:00, 32.60it/s]

CommRound: 13/30
Accuracy: 90.08% | Loss: 0.4356
[##########################----------------------------------] 43.3%
Elapsed: 12.0m | Avg/Round: 55.4s | Last: 56.5s | Next: 55.4s | Remaining: 15.7m
ETA: 04:33:17
Recent round times: R1: 62.2s -> R2: 51.7s -> R3: 59.8s -> R4: 57.3s -> R5: 56.5s

  0%|          | 0/79 [00:00<?, ?it/s]
  1%|▏         | 1/79 [00:00<00:12,  6.42it/s]
  8%|▊         | 6/79 [00:00<00:03, 22.82it/s]
 13%|█▎        | 10/79 [00:00<00:02, 27.29it/s]
 18%|█▊        | 14/79 [00:00<00:02, 30.02it/s]
 23%|██▎       | 18/79 [00:00<00:01, 31.78it/s]
 28%|██▊       | 22/79 [00:00<00:01, 33.34it/s]
 33%|███▎      | 26/79 [00:00<00:01, 32.41it/s]
 38%|███▊      | 30/79 [00:00<00:01, 33.57it/s]
 43%|████▎     | 34/79 [00:01<00:01, 34.78it/s]
 48%|████▊     | 38/79 [00:01<00:01, 35.59it/s]
 53%|█████▎    | 42/79 [00:01<00:01, 34.64it/s]
 58%|█████▊    | 46/79 [00:01<00:00, 34.63it/s]
 63%|██████▎   | 50/79 [00:01<00:00, 34.10it/s]
 68%|██████▊   | 54/79 [00:01<00:00, 33.48it/s]
 73%|███████▎  | 58/79 [00:01<00:00, 33.22it/s]
 78%|███████▊  | 62/79 [00:01<00:00, 33.37it/s]
 84%|████████▎ | 66/79 [00:02<00:00, 33.56it/s]
 89%|████████▊ | 70/79 [00:02<00:00, 33.43it/s]
 94%|█████████▎| 74/79 [00:02<00:00, 33.31it/s]
 99%|█████████▊| 78/79 [00:02<00:00, 33.15it/s]
100%|██████████| 79/79 [00:02<00:00, 32.28it/s]

CommRound: 14/30
Accuracy: 90.44% | Loss: 0.4232
[############################--------------------------------] 46.7%
Elapsed: 13.0m | Avg/Round: 55.6s | Last: 58.3s | Next: 55.6s | Remaining: 14.8m
ETA: 04:33:23
Recent round times: R1: 51.7s -> R2: 59.8s -> R3: 57.3s -> R4: 56.5s -> R5: 58.3s

  0%|          | 0/79 [00:00<?, ?it/s]
  1%|▏         | 1/79 [00:00<00:18,  4.31it/s]
  6%|▋         | 5/79 [00:00<00:04, 16.47it/s]
 10%|█         | 8/79 [00:00<00:03, 19.38it/s]
 14%|█▍        | 11/79 [00:00<00:03, 21.08it/s]
 18%|█▊        | 14/79 [00:00<00:02, 23.39it/s]
 22%|██▏       | 17/79 [00:00<00:02, 24.08it/s]
 27%|██▋       | 21/79 [00:00<00:02, 25.13it/s]
 32%|███▏      | 25/79 [00:01<00:02, 26.39it/s]
 37%|███▋      | 29/79 [00:01<00:01, 27.93it/s]
 42%|████▏     | 33/79 [00:01<00:01, 27.88it/s]
 47%|████▋     | 37/79 [00:01<00:01, 28.03it/s]
 52%|█████▏    | 41/79 [00:01<00:01, 28.01it/s]
 57%|█████▋    | 45/79 [00:01<00:01, 27.86it/s]
 62%|██████▏   | 49/79 [00:01<00:01, 28.27it/s]
 67%|██████▋   | 53/79 [00:02<00:00, 28.74it/s]
 71%|███████   | 56/79 [00:02<00:00, 27.64it/s]
 76%|███████▌  | 60/79 [00:02<00:00, 28.07it/s]
 81%|████████  | 64/79 [00:02<00:00, 28.75it/s]
 86%|████████▌ | 68/79 [00:02<00:00, 29.49it/s]
 90%|████████▉ | 71/79 [00:02<00:00, 29.60it/s]
 94%|█████████▎| 74/79 [00:02<00:00, 29.47it/s]
 99%|█████████▊| 78/79 [00:02<00:00, 29.88it/s]
100%|██████████| 79/79 [00:03<00:00, 26.17it/s]

CommRound: 15/30
Accuracy: 90.57% | Loss: 0.4229
[##############################------------------------------] 50.0%
Elapsed: 13.9m | Avg/Round: 55.6s | Last: 55.8s | Next: 55.6s | Remaining: 13.9m
ETA: 04:33:24
Recent round times: R1: 59.8s -> R2: 57.3s -> R3: 56.5s -> R4: 58.3s -> R5: 55.8s

  0%|          | 0/79 [00:00<?, ?it/s]
  1%|▏         | 1/79 [00:00<00:12,  6.42it/s]
  9%|▉         | 7/79 [00:00<00:02, 27.66it/s]
 14%|█▍        | 11/79 [00:00<00:02, 31.99it/s]
 19%|█▉        | 15/79 [00:00<00:01, 34.59it/s]
 25%|██▌       | 20/79 [00:00<00:01, 35.08it/s]
 30%|███       | 24/79 [00:00<00:01, 35.43it/s]
 35%|███▌      | 28/79 [00:00<00:01, 35.53it/s]
 41%|████      | 32/79 [00:00<00:01, 35.81it/s]
 46%|████▌     | 36/79 [00:01<00:01, 35.88it/s]
 51%|█████     | 40/79 [00:01<00:01, 36.05it/s]
 56%|█████▌    | 44/79 [00:01<00:00, 36.11it/s]
 61%|██████    | 48/79 [00:01<00:00, 36.28it/s]
 67%|██████▋   | 53/79 [00:01<00:00, 39.82it/s]
 73%|███████▎  | 58/79 [00:01<00:00, 38.06it/s]
 81%|████████  | 64/79 [00:01<00:00, 39.35it/s]
 89%|████████▊ | 70/79 [00:01<00:00, 40.42it/s]
 96%|█████████▌| 76/79 [00:02<00:00, 41.06it/s]
100%|██████████| 79/79 [00:02<00:00, 36.32it/s]

CommRound: 16/30
Accuracy: 90.67% | Loss: 0.4196
[################################----------------------------] 53.3%
Elapsed: 14.8m | Avg/Round: 55.4s | Last: 51.9s | Next: 55.4s | Remaining: 12.9m
ETA: 04:33:16
Recent round times: R1: 57.3s -> R2: 56.5s -> R3: 58.3s -> R4: 55.8s -> R5: 51.9s

  0%|          | 0/79 [00:00<?, ?it/s]
  1%|▏         | 1/79 [00:00<00:11,  6.69it/s]
  9%|▉         | 7/79 [00:00<00:02, 28.28it/s]
 14%|█▍        | 11/79 [00:00<00:02, 31.59it/s]
 19%|█▉        | 15/79 [00:00<00:01, 33.45it/s]
 24%|██▍       | 19/79 [00:00<00:01, 34.75it/s]
 29%|██▉       | 23/79 [00:00<00:01, 35.33it/s]
 34%|███▍      | 27/79 [00:00<00:01, 35.91it/s]
 39%|███▉      | 31/79 [00:00<00:01, 36.20it/s]
 44%|████▍     | 35/79 [00:01<00:01, 34.10it/s]
 49%|████▉     | 39/79 [00:01<00:01, 33.89it/s]
 54%|█████▍    | 43/79 [00:01<00:01, 34.09it/s]
 59%|█████▉    | 47/79 [00:01<00:00, 33.59it/s]
 65%|██████▍   | 51/79 [00:01<00:00, 34.31it/s]
 70%|██████▉   | 55/79 [00:01<00:00, 34.34it/s]
 75%|███████▍  | 59/79 [00:01<00:00, 34.90it/s]
 80%|███████▉  | 63/79 [00:01<00:00, 35.60it/s]
 85%|████████▍ | 67/79 [00:01<00:00, 36.28it/s]
 90%|████████▉ | 71/79 [00:02<00:00, 36.76it/s]
 95%|█████████▍| 75/79 [00:02<00:00, 36.74it/s]
100%|██████████| 79/79 [00:02<00:00, 34.57it/s]

CommRound: 17/30
Accuracy: 90.74% | Loss: 0.4200
[##################################--------------------------] 56.7%
Elapsed: 15.8m | Avg/Round: 55.7s | Last: 61.0s | Next: 55.7s | Remaining: 12.1m
ETA: 04:33:26
Recent round times: R1: 56.5s -> R2: 58.3s -> R3: 55.8s -> R4: 51.9s -> R5: 61.0s

  0%|          | 0/79 [00:00<?, ?it/s]
  1%|▏         | 1/79 [00:00<00:14,  5.41it/s]
  8%|▊         | 6/79 [00:00<00:03, 24.19it/s]
 11%|█▏        | 9/79 [00:00<00:02, 26.27it/s]
 16%|█▋        | 13/79 [00:00<00:02, 27.98it/s]
 22%|██▏       | 17/79 [00:00<00:02, 30.07it/s]
 27%|██▋       | 21/79 [00:00<00:01, 30.74it/s]
 32%|███▏      | 25/79 [00:00<00:01, 32.27it/s]
 37%|███▋      | 29/79 [00:00<00:01, 32.77it/s]
 42%|████▏     | 33/79 [00:01<00:01, 33.19it/s]
 47%|████▋     | 37/79 [00:01<00:01, 33.60it/s]
 52%|█████▏    | 41/79 [00:01<00:01, 33.81it/s]
 57%|█████▋    | 45/79 [00:01<00:01, 32.20it/s]
 62%|██████▏   | 49/79 [00:01<00:00, 30.16it/s]
 67%|██████▋   | 53/79 [00:01<00:00, 28.86it/s]
 72%|███████▏  | 57/79 [00:01<00:00, 27.88it/s]
 77%|███████▋  | 61/79 [00:02<00:00, 27.23it/s]
 82%|████████▏ | 65/79 [00:02<00:00, 26.80it/s]
 87%|████████▋ | 69/79 [00:02<00:00, 25.56it/s]
 92%|█████████▏| 73/79 [00:02<00:00, 27.29it/s]
 97%|█████████▋| 77/79 [00:02<00:00, 27.22it/s]
100%|██████████| 79/79 [00:02<00:00, 28.80it/s]

CommRound: 18/30
Accuracy: 90.79% | Loss: 0.4212
[####################################------------------------] 60.0%
Elapsed: 16.7m | Avg/Round: 55.8s | Last: 57.5s | Next: 55.8s | Remaining: 11.2m
ETA: 04:33:29
Recent round times: R1: 58.3s -> R2: 55.8s -> R3: 51.9s -> R4: 61.0s -> R5: 57.5s

  0%|          | 0/79 [00:00<?, ?it/s]
  1%|▏         | 1/79 [00:00<00:12,  6.33it/s]
  8%|▊         | 6/79 [00:00<00:02, 26.83it/s]
 13%|█▎        | 10/79 [00:00<00:02, 30.97it/s]
 18%|█▊        | 14/79 [00:00<00:02, 32.26it/s]
 23%|██▎       | 18/79 [00:00<00:01, 33.12it/s]
 28%|██▊       | 22/79 [00:00<00:01, 33.66it/s]
 33%|███▎      | 26/79 [00:00<00:01, 34.10it/s]
 38%|███▊      | 30/79 [00:00<00:01, 34.43it/s]
 43%|████▎     | 34/79 [00:01<00:01, 34.63it/s]
 48%|████▊     | 38/79 [00:01<00:01, 34.82it/s]
 53%|█████▎    | 42/79 [00:01<00:01, 35.08it/s]
 58%|█████▊    | 46/79 [00:01<00:00, 35.20it/s]
 63%|██████▎   | 50/79 [00:01<00:00, 35.31it/s]
 68%|██████▊   | 54/79 [00:01<00:00, 35.54it/s]
 73%|███████▎  | 58/79 [00:01<00:00, 35.58it/s]
 78%|███████▊  | 62/79 [00:01<00:00, 35.12it/s]
 84%|████████▎ | 66/79 [00:01<00:00, 34.87it/s]
 89%|████████▊ | 70/79 [00:02<00:00, 34.79it/s]
 94%|█████████▎| 74/79 [00:02<00:00, 34.21it/s]
 99%|█████████▊| 78/79 [00:02<00:00, 33.50it/s]
100%|██████████| 79/79 [00:02<00:00, 33.42it/s]

CommRound: 19/30
Accuracy: 90.83% | Loss: 0.4224
[######################################----------------------] 63.3%
Elapsed: 17.7m | Avg/Round: 56.0s | Last: 59.6s | Next: 56.0s | Remaining: 10.3m
ETA: 04:33:35
Recent round times: R1: 55.8s -> R2: 51.9s -> R3: 61.0s -> R4: 57.5s -> R5: 59.6s

  0%|          | 0/79 [00:00<?, ?it/s]
  1%|▏         | 1/79 [00:00<00:11,  6.76it/s]
  8%|▊         | 6/79 [00:00<00:02, 27.54it/s]
 13%|█▎        | 10/79 [00:00<00:02, 31.38it/s]
 18%|█▊        | 14/79 [00:00<00:01, 32.95it/s]
 23%|██▎       | 18/79 [00:00<00:01, 33.64it/s]
 28%|██▊       | 22/79 [00:00<00:01, 33.18it/s]
 33%|███▎      | 26/79 [00:00<00:01, 33.84it/s]
 38%|███▊      | 30/79 [00:00<00:01, 34.42it/s]
 43%|████▎     | 34/79 [00:01<00:01, 34.78it/s]
 48%|████▊     | 38/79 [00:01<00:01, 35.08it/s]
 53%|█████▎    | 42/79 [00:01<00:01, 35.45it/s]
 58%|█████▊    | 46/79 [00:01<00:00, 35.55it/s]
 63%|██████▎   | 50/79 [00:01<00:00, 35.46it/s]
 68%|██████▊   | 54/79 [00:01<00:00, 35.55it/s]
 73%|███████▎  | 58/79 [00:01<00:00, 35.71it/s]
 78%|███████▊  | 62/79 [00:01<00:00, 35.59it/s]
 84%|████████▎ | 66/79 [00:01<00:00, 35.48it/s]
 89%|████████▊ | 70/79 [00:02<00:00, 35.54it/s]
 94%|█████████▎| 74/79 [00:02<00:00, 35.73it/s]
 99%|█████████▊| 78/79 [00:02<00:00, 35.35it/s]
100%|██████████| 79/79 [00:02<00:00, 34.10it/s]

CommRound: 20/30
Accuracy: 90.85% | Loss: 0.4235
[########################################--------------------] 66.7%
Elapsed: 18.5m | Avg/Round: 55.6s | Last: 47.0s | Next: 55.6s | Remaining: 9.3m
ETA: 04:33:22
Recent round times: R1: 51.9s -> R2: 61.0s -> R3: 57.5s -> R4: 59.6s -> R5: 47.0s

  0%|          | 0/79 [00:00<?, ?it/s]
  1%|▏         | 1/79 [00:00<00:09,  8.20it/s]
  8%|▊         | 6/79 [00:00<00:02, 30.70it/s]
 13%|█▎        | 10/79 [00:00<00:02, 33.47it/s]
 18%|█▊        | 14/79 [00:00<00:01, 35.06it/s]
 23%|██▎       | 18/79 [00:00<00:01, 36.49it/s]
 28%|██▊       | 22/79 [00:00<00:01, 37.11it/s]
 33%|███▎      | 26/79 [00:00<00:01, 36.99it/s]
 38%|███▊      | 30/79 [00:00<00:01, 37.03it/s]
 43%|████▎     | 34/79 [00:00<00:01, 36.87it/s]
 51%|█████     | 40/79 [00:01<00:00, 39.26it/s]
 58%|█████▊    | 46/79 [00:01<00:00, 40.56it/s]
 65%|██████▍   | 51/79 [00:01<00:00, 42.03it/s]
 71%|███████   | 56/79 [00:01<00:00, 40.86it/s]
 77%|███████▋  | 61/79 [00:01<00:00, 40.99it/s]
 84%|████████▎ | 66/79 [00:01<00:00, 40.62it/s]
 91%|█████████ | 72/79 [00:01<00:00, 41.91it/s]
 97%|█████████▋| 77/79 [00:01<00:00, 43.71it/s]
100%|██████████| 79/79 [00:02<00:00, 38.39it/s]

CommRound: 21/30
Accuracy: 90.94% | Loss: 0.4249
[##########################################------------------] 70.0%
Elapsed: 19.4m | Avg/Round: 55.5s | Last: 53.7s | Next: 55.5s | Remaining: 8.3m
ETA: 04:33:19
Recent round times: R1: 61.0s -> R2: 57.5s -> R3: 59.6s -> R4: 47.0s -> R5: 53.7s

  0%|          | 0/79 [00:00<?, ?it/s]
  1%|▏         | 1/79 [00:00<00:14,  5.55it/s]
  8%|▊         | 6/79 [00:00<00:02, 24.53it/s]
 11%|█▏        | 9/79 [00:00<00:02, 25.27it/s]
 15%|█▌        | 12/79 [00:00<00:02, 25.18it/s]
 20%|██        | 16/79 [00:00<00:02, 28.07it/s]
 24%|██▍       | 19/79 [00:00<00:02, 27.51it/s]
 30%|███       | 24/79 [00:00<00:01, 32.83it/s]
 35%|███▌      | 28/79 [00:00<00:01, 32.89it/s]
 41%|████      | 32/79 [00:01<00:01, 33.48it/s]
 46%|████▌     | 36/79 [00:01<00:01, 34.44it/s]
 51%|█████     | 40/79 [00:01<00:01, 34.78it/s]
 56%|█████▌    | 44/79 [00:01<00:01, 33.94it/s]
 61%|██████    | 48/79 [00:01<00:00, 34.50it/s]
 66%|██████▌   | 52/79 [00:01<00:00, 34.51it/s]
 71%|███████   | 56/79 [00:01<00:00, 35.01it/s]
 76%|███████▌  | 60/79 [00:01<00:00, 35.17it/s]
 81%|████████  | 64/79 [00:02<00:00, 35.38it/s]
 86%|████████▌ | 68/79 [00:02<00:00, 35.64it/s]
 91%|█████████ | 72/79 [00:02<00:00, 35.54it/s]
 96%|█████████▌| 76/79 [00:02<00:00, 35.72it/s]
100%|██████████| 79/79 [00:02<00:00, 31.97it/s]

CommRound: 22/30
Accuracy: 90.99% | Loss: 0.4260
[############################################----------------] 73.3%
Elapsed: 20.4m | Avg/Round: 55.6s | Last: 58.0s | Next: 55.6s | Remaining: 7.4m
ETA: 04:33:23
Recent round times: R1: 57.5s -> R2: 59.6s -> R3: 47.0s -> R4: 53.7s -> R5: 58.0s

  0%|          | 0/79 [00:00<?, ?it/s]
  1%|▏         | 1/79 [00:00<00:15,  4.92it/s]
  8%|▊         | 6/79 [00:00<00:03, 20.27it/s]
 13%|█▎        | 10/79 [00:00<00:02, 24.98it/s]
 18%|█▊        | 14/79 [00:00<00:02, 27.18it/s]
 23%|██▎       | 18/79 [00:00<00:02, 29.07it/s]
 28%|██▊       | 22/79 [00:00<00:02, 24.28it/s]
 32%|███▏      | 25/79 [00:01<00:02, 25.04it/s]
 35%|███▌      | 28/79 [00:01<00:02, 20.55it/s]
 41%|████      | 32/79 [00:01<00:02, 22.94it/s]
 46%|████▌     | 36/79 [00:01<00:01, 22.93it/s]
 49%|████▉     | 39/79 [00:01<00:01, 23.29it/s]
 53%|█████▎    | 42/79 [00:01<00:01, 20.21it/s]
 58%|█████▊    | 46/79 [00:02<00:01, 23.32it/s]
 63%|██████▎   | 50/79 [00:02<00:01, 25.90it/s]
 68%|██████▊   | 54/79 [00:02<00:00, 27.63it/s]
 72%|███████▏  | 57/79 [00:02<00:00, 27.00it/s]
 76%|███████▌  | 60/79 [00:02<00:00, 26.24it/s]
 81%|████████  | 64/79 [00:02<00:00, 28.45it/s]
 85%|████████▍ | 67/79 [00:02<00:00, 28.38it/s]
 89%|████████▊ | 70/79 [00:02<00:00, 25.27it/s]
 94%|█████████▎| 74/79 [00:02<00:00, 27.74it/s]
 99%|█████████▊| 78/79 [00:03<00:00, 30.00it/s]
100%|██████████| 79/79 [00:03<00:00, 25.19it/s]

CommRound: 23/30
Accuracy: 91.00% | Loss: 0.4270
[##############################################--------------] 76.7%
Elapsed: 21.3m | Avg/Round: 55.7s | Last: 57.0s | Next: 55.7s | Remaining: 6.5m
ETA: 04:33:24
Recent round times: R1: 59.6s -> R2: 47.0s -> R3: 53.7s -> R4: 58.0s -> R5: 57.0s

  0%|          | 0/79 [00:00<?, ?it/s]
  1%|▏         | 1/79 [00:00<00:12,  6.39it/s]
  6%|▋         | 5/79 [00:00<00:04, 18.09it/s]
  9%|▉         | 7/79 [00:00<00:04, 16.82it/s]
 11%|█▏        | 9/79 [00:00<00:03, 17.64it/s]
 14%|█▍        | 11/79 [00:00<00:03, 17.01it/s]
 18%|█▊        | 14/79 [00:00<00:03, 20.71it/s]
 22%|██▏       | 17/79 [00:00<00:02, 21.27it/s]
 27%|██▋       | 21/79 [00:01<00:02, 24.37it/s]
 32%|███▏      | 25/79 [00:01<00:02, 26.17it/s]
 37%|███▋      | 29/79 [00:01<00:01, 28.84it/s]
 42%|████▏     | 33/79 [00:01<00:01, 29.99it/s]
 47%|████▋     | 37/79 [00:01<00:01, 30.69it/s]
 52%|█████▏    | 41/79 [00:01<00:01, 31.09it/s]
 57%|█████▋    | 45/79 [00:01<00:01, 27.27it/s]
 62%|██████▏   | 49/79 [00:01<00:01, 27.80it/s]
 66%|██████▌   | 52/79 [00:02<00:00, 27.27it/s]
 70%|██████▉   | 55/79 [00:02<00:00, 24.72it/s]
 75%|███████▍  | 59/79 [00:02<00:00, 27.12it/s]
 80%|███████▉  | 63/79 [00:02<00:00, 29.11it/s]
 85%|████████▍ | 67/79 [00:02<00:00, 30.43it/s]
 90%|████████▉ | 71/79 [00:02<00:00, 30.65it/s]
 95%|█████████▍| 75/79 [00:02<00:00, 31.57it/s]
100%|██████████| 79/79 [00:02<00:00, 26.56it/s]

CommRound: 24/30
Accuracy: 91.02% | Loss: 0.4279
[################################################------------] 80.0%
Elapsed: 22.3m | Avg/Round: 55.8s | Last: 59.3s | Next: 55.8s | Remaining: 5.6m
ETA: 04:33:29
Recent round times: R1: 47.0s -> R2: 53.7s -> R3: 58.0s -> R4: 57.0s -> R5: 59.3s

  0%|          | 0/79 [00:00<?, ?it/s]
  1%|▏         | 1/79 [00:00<00:14,  5.27it/s]
  6%|▋         | 5/79 [00:00<00:04, 15.74it/s]
 10%|█         | 8/79 [00:00<00:03, 19.41it/s]
 14%|█▍        | 11/79 [00:00<00:04, 16.74it/s]
 18%|█▊        | 14/79 [00:00<00:03, 19.81it/s]
 22%|██▏       | 17/79 [00:00<00:03, 20.67it/s]
 27%|██▋       | 21/79 [00:01<00:02, 23.72it/s]
 32%|███▏      | 25/79 [00:01<00:01, 27.09it/s]
 37%|███▋      | 29/79 [00:01<00:01, 29.03it/s]
 42%|████▏     | 33/79 [00:01<00:01, 29.79it/s]
 47%|████▋     | 37/79 [00:01<00:01, 28.26it/s]
 52%|█████▏    | 41/79 [00:01<00:01, 30.12it/s]
 57%|█████▋    | 45/79 [00:01<00:01, 31.42it/s]
 62%|██████▏   | 49/79 [00:01<00:00, 32.33it/s]
 67%|██████▋   | 53/79 [00:02<00:00, 33.22it/s]
 72%|███████▏  | 57/79 [00:02<00:00, 33.03it/s]
 77%|███████▋  | 61/79 [00:02<00:00, 33.19it/s]
 82%|████████▏ | 65/79 [00:02<00:00, 33.32it/s]
 87%|████████▋ | 69/79 [00:02<00:00, 33.27it/s]
 92%|█████████▏| 73/79 [00:02<00:00, 33.37it/s]
 97%|█████████▋| 77/79 [00:02<00:00, 33.10it/s]
100%|██████████| 79/79 [00:02<00:00, 27.47it/s]

CommRound: 25/30
Accuracy: 91.03% | Loss: 0.4288
[##################################################----------] 83.3%
Elapsed: 23.1m | Avg/Round: 55.5s | Last: 48.5s | Next: 55.5s | Remaining: 4.6m
ETA: 04:33:20
Recent round times: R1: 53.7s -> R2: 58.0s -> R3: 57.0s -> R4: 59.3s -> R5: 48.5s

  0%|          | 0/79 [00:00<?, ?it/s]
  1%|▏         | 1/79 [00:00<00:11,  6.56it/s]
  8%|▊         | 6/79 [00:00<00:02, 26.40it/s]
 13%|█▎        | 10/79 [00:00<00:02, 28.67it/s]
 18%|█▊        | 14/79 [00:00<00:02, 29.89it/s]
 23%|██▎       | 18/79 [00:00<00:02, 29.57it/s]
 28%|██▊       | 22/79 [00:00<00:01, 31.28it/s]
 33%|███▎      | 26/79 [00:00<00:01, 31.43it/s]
 38%|███▊      | 30/79 [00:01<00:01, 30.65it/s]
 43%|████▎     | 34/79 [00:01<00:01, 29.98it/s]
 48%|████▊     | 38/79 [00:01<00:01, 29.95it/s]
 53%|█████▎    | 42/79 [00:01<00:01, 30.15it/s]
 58%|█████▊    | 46/79 [00:01<00:01, 27.63it/s]
 63%|██████▎   | 50/79 [00:01<00:01, 28.35it/s]
 68%|██████▊   | 54/79 [00:01<00:00, 30.84it/s]
 73%|███████▎  | 58/79 [00:01<00:00, 31.70it/s]
 78%|███████▊  | 62/79 [00:02<00:00, 32.30it/s]
 84%|████████▎ | 66/79 [00:02<00:00, 32.21it/s]
 89%|████████▊ | 70/79 [00:02<00:00, 27.95it/s]
 94%|█████████▎| 74/79 [00:02<00:00, 26.13it/s]
 99%|█████████▊| 78/79 [00:02<00:00, 27.74it/s]
100%|██████████| 79/79 [00:02<00:00, 28.53it/s]

CommRound: 26/30
Accuracy: 91.08% | Loss: 0.4296
[####################################################--------] 86.7%
Elapsed: 24.0m | Avg/Round: 55.5s | Last: 54.0s | Next: 55.5s | Remaining: 3.7m
ETA: 04:33:18
Recent round times: R1: 58.0s -> R2: 57.0s -> R3: 59.3s -> R4: 48.5s -> R5: 54.0s

  0%|          | 0/79 [00:00<?, ?it/s]
  1%|▏         | 1/79 [00:00<00:14,  5.51it/s]
  8%|▊         | 6/79 [00:00<00:02, 25.03it/s]
 13%|█▎        | 10/79 [00:00<00:03, 22.91it/s]
 18%|█▊        | 14/79 [00:00<00:02, 26.06it/s]
 23%|██▎       | 18/79 [00:00<00:02, 28.82it/s]
 28%|██▊       | 22/79 [00:00<00:01, 31.02it/s]
 33%|███▎      | 26/79 [00:00<00:01, 32.40it/s]
 38%|███▊      | 30/79 [00:01<00:01, 33.41it/s]
 43%|████▎     | 34/79 [00:01<00:01, 34.01it/s]
 48%|████▊     | 38/79 [00:01<00:01, 34.58it/s]
 53%|█████▎    | 42/79 [00:01<00:01, 34.97it/s]
 58%|█████▊    | 46/79 [00:01<00:00, 34.89it/s]
 63%|██████▎   | 50/79 [00:01<00:00, 35.08it/s]
 68%|██████▊   | 54/79 [00:01<00:00, 35.15it/s]
 73%|███████▎  | 58/79 [00:01<00:00, 34.95it/s]
 78%|███████▊  | 62/79 [00:01<00:00, 35.13it/s]
 84%|████████▎ | 66/79 [00:02<00:00, 35.51it/s]
 89%|████████▊ | 70/79 [00:02<00:00, 35.67it/s]
 94%|█████████▎| 74/79 [00:02<00:00, 34.16it/s]
 99%|█████████▊| 78/79 [00:02<00:00, 34.02it/s]
100%|██████████| 79/79 [00:02<00:00, 32.08it/s]

CommRound: 27/30
Accuracy: 91.12% | Loss: 0.4304
[######################################################------] 90.0%
Elapsed: 24.9m | Avg/Round: 55.3s | Last: 52.2s | Next: 55.3s | Remaining: 2.8m
ETA: 04:33:15
Recent round times: R1: 57.0s -> R2: 59.3s -> R3: 48.5s -> R4: 54.0s -> R5: 52.2s

  0%|          | 0/79 [00:00<?, ?it/s]
  1%|▏         | 1/79 [00:00<00:16,  4.75it/s]
  6%|▋         | 5/79 [00:00<00:04, 15.16it/s]
 11%|█▏        | 9/79 [00:00<00:03, 19.51it/s]
 15%|█▌        | 12/79 [00:00<00:03, 21.54it/s]
 19%|█▉        | 15/79 [00:00<00:03, 21.14it/s]
 23%|██▎       | 18/79 [00:00<00:02, 21.83it/s]
 27%|██▋       | 21/79 [00:01<00:02, 21.44it/s]
 30%|███       | 24/79 [00:01<00:02, 22.52it/s]
 34%|███▍      | 27/79 [00:01<00:02, 22.62it/s]
 38%|███▊      | 30/79 [00:01<00:02, 23.46it/s]
 42%|████▏     | 33/79 [00:01<00:02, 20.77it/s]
 47%|████▋     | 37/79 [00:01<00:01, 21.50it/s]
 52%|█████▏    | 41/79 [00:01<00:01, 22.28it/s]
 57%|█████▋    | 45/79 [00:02<00:01, 23.23it/s]
 62%|██████▏   | 49/79 [00:02<00:01, 24.25it/s]
 66%|██████▌   | 52/79 [00:02<00:01, 24.64it/s]
 70%|██████▉   | 55/79 [00:02<00:01, 23.49it/s]
 75%|███████▍  | 59/79 [00:02<00:00, 23.37it/s]
 80%|███████▉  | 63/79 [00:02<00:00, 23.03it/s]
 84%|████████▎ | 66/79 [00:02<00:00, 24.11it/s]
 87%|████████▋ | 69/79 [00:03<00:00, 22.65it/s]
 91%|█████████ | 72/79 [00:03<00:00, 23.88it/s]
 95%|█████████▍| 75/79 [00:03<00:00, 22.61it/s]
 99%|█████████▊| 78/79 [00:03<00:00, 24.04it/s]
100%|██████████| 79/79 [00:03<00:00, 22.00it/s]

CommRound: 28/30
Accuracy: 91.15% | Loss: 0.4311
[########################################################----] 93.3%
Elapsed: 25.9m | Avg/Round: 55.4s | Last: 56.9s | Next: 55.4s | Remaining: 1.8m
ETA: 04:33:16
Recent round times: R1: 59.3s -> R2: 48.5s -> R3: 54.0s -> R4: 52.2s -> R5: 56.9s

  0%|          | 0/79 [00:00<?, ?it/s]
  1%|▏         | 1/79 [00:00<00:21,  3.65it/s]
  6%|▋         | 5/79 [00:00<00:05, 14.34it/s]
 11%|█▏        | 9/79 [00:00<00:03, 17.73it/s]
 15%|█▌        | 12/79 [00:00<00:03, 19.02it/s]
 19%|█▉        | 15/79 [00:01<00:05, 12.22it/s]
 24%|██▍       | 19/79 [00:01<00:03, 15.51it/s]
 28%|██▊       | 22/79 [00:01<00:03, 17.67it/s]
 32%|███▏      | 25/79 [00:01<00:02, 18.49it/s]
 37%|███▋      | 29/79 [00:01<00:02, 20.44it/s]
 41%|████      | 32/79 [00:01<00:02, 22.14it/s]
 44%|████▍     | 35/79 [00:01<00:01, 22.48it/s]
 48%|████▊     | 38/79 [00:02<00:02, 20.37it/s]
 53%|█████▎    | 42/79 [00:02<00:01, 21.36it/s]
 58%|█████▊    | 46/79 [00:02<00:01, 22.14it/s]
 63%|██████▎   | 50/79 [00:02<00:01, 22.70it/s]
 68%|██████▊   | 54/79 [00:02<00:01, 22.87it/s]
 72%|███████▏  | 57/79 [00:02<00:00, 24.30it/s]
 76%|███████▌  | 60/79 [00:03<00:00, 22.60it/s]
 80%|███████▉  | 63/79 [00:03<00:00, 19.87it/s]
 86%|████████▌ | 68/79 [00:03<00:00, 23.02it/s]
 91%|█████████ | 72/79 [00:03<00:00, 22.92it/s]
 96%|█████████▌| 76/79 [00:03<00:00, 22.04it/s]
100%|██████████| 79/79 [00:03<00:00, 20.10it/s]

CommRound: 29/30
Accuracy: 91.19% | Loss: 0.4318
[##########################################################--] 96.7%
Elapsed: 26.9m | Avg/Round: 55.6s | Last: 61.5s | Next: 55.6s | Remaining: 0.9m
ETA: 04:33:23
Recent round times: R1: 48.5s -> R2: 54.0s -> R3: 52.2s -> R4: 56.9s -> R5: 61.5s

  0%|          | 0/79 [00:00<?, ?it/s]
  1%|▏         | 1/79 [00:00<00:13,  5.61it/s]
  6%|▋         | 5/79 [00:00<00:03, 20.32it/s]
 10%|█         | 8/79 [00:00<00:03, 21.28it/s]
 14%|█▍        | 11/79 [00:00<00:04, 15.17it/s]
 16%|█▋        | 13/79 [00:00<00:04, 14.99it/s]
 19%|█▉        | 15/79 [00:00<00:04, 14.73it/s]
 22%|██▏       | 17/79 [00:01<00:04, 14.60it/s]
 24%|██▍       | 19/79 [00:01<00:04, 14.64it/s]
 27%|██▋       | 21/79 [00:01<00:03, 15.19it/s]
 29%|██▉       | 23/79 [00:01<00:03, 15.37it/s]
 32%|███▏      | 25/79 [00:01<00:03, 15.62it/s]
 34%|███▍      | 27/79 [00:01<00:03, 15.23it/s]
 37%|███▋      | 29/79 [00:01<00:03, 15.27it/s]
 39%|███▉      | 31/79 [00:02<00:03, 15.20it/s]
 42%|████▏     | 33/79 [00:02<00:03, 14.99it/s]
 44%|████▍     | 35/79 [00:02<00:02, 15.46it/s]
 47%|████▋     | 37/79 [00:02<00:02, 15.52it/s]
 49%|████▉     | 39/79 [00:02<00:02, 15.15it/s]
 52%|█████▏    | 41/79 [00:02<00:02, 14.86it/s]
 54%|█████▍    | 43/79 [00:02<00:02, 14.47it/s]
 57%|█████▋    | 45/79 [00:02<00:02, 14.59it/s]
 59%|█████▉    | 47/79 [00:03<00:02, 15.11it/s]
 62%|██████▏   | 49/79 [00:03<00:01, 15.06it/s]
 65%|██████▍   | 51/79 [00:03<00:01, 14.93it/s]
 67%|██████▋   | 53/79 [00:03<00:01, 14.60it/s]
 70%|██████▉   | 55/79 [00:03<00:01, 15.03it/s]
 72%|███████▏  | 57/79 [00:03<00:01, 14.11it/s]
 75%|███████▍  | 59/79 [00:03<00:01, 14.06it/s]
 77%|███████▋  | 61/79 [00:04<00:01, 14.44it/s]
 80%|███████▉  | 63/79 [00:04<00:01, 14.40it/s]
 82%|████████▏ | 65/79 [00:04<00:00, 14.27it/s]
 85%|████████▍ | 67/79 [00:04<00:00, 14.07it/s]
 87%|████████▋ | 69/79 [00:04<00:00, 13.98it/s]
 90%|████████▉ | 71/79 [00:04<00:00, 13.99it/s]
 92%|█████████▏| 73/79 [00:04<00:00, 13.73it/s]
 95%|█████████▍| 75/79 [00:05<00:00, 13.84it/s]
 97%|█████████▋| 77/79 [00:05<00:00, 13.91it/s]
100%|██████████| 79/79 [00:05<00:00, 14.80it/s]

CommRound: 30/30
Accuracy: 91.18% | Loss: 0.4324
[############################################################] 100.0%
Elapsed: 27.7m | Avg/Round: 55.4s | Last: 50.4s | Next: 55.4s | Remaining: 0.0m
ETA: 04:33:17
Recent round times: R1: 54.0s -> R2: 52.2s -> R3: 56.9s -> R4: 61.5s -> R5: 50.4s
Total time for experiment: 1663.0817403793335 seconds
Device average training time per communication round [s]:
    rpi (sld-rpi-09.ece.utexas.edu): 6.39 seconds
    mc1 (sld-mc1-09.ece.utexas.edu): 51.49 seconds
