Connecting to sld-rpi-09.ece.utexas.edu...
Successfully fetched dev0_pow_temp_log_exp210_run1.csv.
Connecting to sld-rpi-09.ece.utexas.edu...
Successfully fetched dev0_communication_log_exp210_run1.csv.
Connecting to sld-mc1-09.ece.utexas.edu...
Successfully fetched dev1_pow_temp_log_exp210_run1.csv.
Connecting to sld-mc1-09.ece.utexas.edu...
Successfully fetched dev1_communication_log_exp210_run1.csv.

Exp210
Experiment 210: 
	Global test accuracy [%]: 90.53 %
	Convergence time [#round]: 20 communication rounds
	Total wall clock time to reach 90.00% [s]: 200.38 seconds
	Average time per communication round [s]: 9.93 seconds
	Total wall clock time [s]: 300.42 seconds


Experiment 210:
	RPi avg. energy consumption per round [J]: 37.38 Joules
	MC1 avg. energy consumption per round [J]: 22.76 Joules
	Total avg. energy consumption per communication round [J]: 60.15 Joules
	Avg. amount of communicated data per communication round [MB]: 0.03 MB
	RPi avg. power consumption per round [W]: 5.32 Watts
	MC1 avg. power consumption per round [W]: 6.01 Watts
