
  0%|          | 0/79 [00:00<?, ?it/s]
  4%|▍         | 3/79 [00:00<00:03, 22.81it/s]
  9%|▉         | 7/79 [00:00<00:02, 31.00it/s]
 15%|█▌        | 12/79 [00:00<00:01, 38.89it/s]
 22%|██▏       | 17/79 [00:00<00:01, 36.44it/s]
 27%|██▋       | 21/79 [00:00<00:01, 37.52it/s]
 33%|███▎      | 26/79 [00:00<00:01, 41.05it/s]
 39%|███▉      | 31/79 [00:00<00:01, 37.98it/s]
 44%|████▍     | 35/79 [00:00<00:01, 38.31it/s]
 51%|█████     | 40/79 [00:01<00:00, 41.35it/s]
 57%|█████▋    | 45/79 [00:01<00:00, 38.74it/s]
 63%|██████▎   | 50/79 [00:01<00:00, 41.65it/s]
 70%|██████▉   | 55/79 [00:01<00:00, 39.17it/s]
 76%|███████▌  | 60/79 [00:01<00:00, 41.93it/s]
 82%|████████▏ | 65/79 [00:01<00:00, 39.40it/s]
 89%|████████▊ | 70/79 [00:01<00:00, 42.06it/s]
 95%|█████████▍| 75/79 [00:01<00:00, 39.94it/s]
100%|██████████| 79/79 [00:01<00:00, 39.77it/s]
Initial Accuracy: 8.92%; Initial Loss: 2.3117

  0%|          | 0/79 [00:00<?, ?it/s]
  1%|▏         | 1/79 [00:00<00:07,  9.95it/s]
  9%|▉         | 7/79 [00:00<00:02, 32.28it/s]
 15%|█▌        | 12/79 [00:00<00:01, 38.41it/s]
 22%|██▏       | 17/79 [00:00<00:01, 36.59it/s]
 28%|██▊       | 22/79 [00:00<00:01, 40.65it/s]
 34%|███▍      | 27/79 [00:00<00:01, 38.07it/s]
 42%|████▏     | 33/79 [00:00<00:01, 39.30it/s]
 48%|████▊     | 38/79 [00:00<00:00, 41.93it/s]
 54%|█████▍    | 43/79 [00:01<00:00, 39.63it/s]
 62%|██████▏   | 49/79 [00:01<00:00, 40.33it/s]
 68%|██████▊   | 54/79 [00:01<00:00, 42.65it/s]
 75%|███████▍  | 59/79 [00:01<00:00, 40.40it/s]
 81%|████████  | 64/79 [00:01<00:00, 40.42it/s]
 87%|████████▋ | 69/79 [00:01<00:00, 38.11it/s]
 94%|█████████▎| 74/79 [00:01<00:00, 40.78it/s]
100%|██████████| 79/79 [00:01<00:00, 39.57it/s]

CommRound: 1/30
Accuracy: 18.86% | Loss: 2.5808
[##----------------------------------------------------------] 3.3%
Elapsed: 0.2m | Avg/Round: 11.7s | Last: 9.7s | Next: 11.7s | Remaining: 5.6m
ETA: 20:10:45
Recent round times: R1: 9.7s

  0%|          | 0/79 [00:00<?, ?it/s]
  3%|▎         | 2/79 [00:00<00:03, 19.95it/s]
  9%|▉         | 7/79 [00:00<00:02, 31.81it/s]
 15%|█▌        | 12/79 [00:00<00:01, 39.04it/s]
 22%|██▏       | 17/79 [00:00<00:01, 37.64it/s]
 28%|██▊       | 22/79 [00:00<00:01, 41.48it/s]
 34%|███▍      | 27/79 [00:00<00:01, 39.44it/s]
 41%|████      | 32/79 [00:00<00:01, 42.01it/s]
 47%|████▋     | 37/79 [00:00<00:01, 39.92it/s]
 53%|█████▎    | 42/79 [00:01<00:00, 41.89it/s]
 59%|█████▉    | 47/79 [00:01<00:00, 40.07it/s]
 66%|██████▌   | 52/79 [00:01<00:00, 41.64it/s]
 72%|███████▏  | 57/79 [00:01<00:00, 40.06it/s]
 78%|███████▊  | 62/79 [00:01<00:00, 40.37it/s]
 85%|████████▍ | 67/79 [00:01<00:00, 40.40it/s]
 91%|█████████ | 72/79 [00:01<00:00, 41.57it/s]
 97%|█████████▋| 77/79 [00:01<00:00, 40.03it/s]
100%|██████████| 79/79 [00:01<00:00, 40.33it/s]

CommRound: 2/30
Accuracy: 19.72% | Loss: 2.5129
[####--------------------------------------------------------] 6.7%
Elapsed: 0.4m | Avg/Round: 10.8s | Last: 9.9s | Next: 10.8s | Remaining: 5.0m
ETA: 20:10:19
Recent round times: R1: 9.7s -> R2: 9.9s

  0%|          | 0/79 [00:00<?, ?it/s]
  3%|▎         | 2/79 [00:00<00:03, 19.70it/s]
  9%|▉         | 7/79 [00:00<00:02, 32.68it/s]
 15%|█▌        | 12/79 [00:00<00:01, 37.74it/s]
 20%|██        | 16/79 [00:00<00:01, 38.47it/s]
 25%|██▌       | 20/79 [00:00<00:01, 38.94it/s]
 30%|███       | 24/79 [00:00<00:01, 39.28it/s]
 37%|███▋      | 29/79 [00:00<00:01, 39.78it/s]
 43%|████▎     | 34/79 [00:00<00:01, 39.85it/s]
 48%|████▊     | 38/79 [00:00<00:01, 39.88it/s]
 54%|█████▍    | 43/79 [00:01<00:00, 40.32it/s]
 61%|██████    | 48/79 [00:01<00:00, 39.85it/s]
 66%|██████▌   | 52/79 [00:01<00:00, 39.79it/s]
 72%|███████▏  | 57/79 [00:01<00:00, 40.28it/s]
 78%|███████▊  | 62/79 [00:01<00:00, 40.01it/s]
 85%|████████▍ | 67/79 [00:01<00:00, 40.52it/s]
 91%|█████████ | 72/79 [00:01<00:00, 39.72it/s]
 96%|█████████▌| 76/79 [00:01<00:00, 39.74it/s]
100%|██████████| 79/79 [00:02<00:00, 39.39it/s]

CommRound: 3/30
Accuracy: 20.59% | Loss: 2.3148
[######------------------------------------------------------] 10.0%
Elapsed: 0.5m | Avg/Round: 10.4s | Last: 9.7s | Next: 10.4s | Remaining: 4.7m
ETA: 20:10:08
Recent round times: R1: 9.7s -> R2: 9.9s -> R3: 9.7s

  0%|          | 0/79 [00:00<?, ?it/s]
  1%|▏         | 1/79 [00:00<00:08,  9.70it/s]
  9%|▉         | 7/79 [00:00<00:02, 32.00it/s]
 16%|█▋        | 13/79 [00:00<00:01, 36.48it/s]
 24%|██▍       | 19/79 [00:00<00:01, 38.48it/s]
 30%|███       | 24/79 [00:00<00:01, 41.67it/s]
 37%|███▋      | 29/79 [00:00<00:01, 39.16it/s]
 44%|████▍     | 35/79 [00:00<00:01, 40.10it/s]
 51%|█████     | 40/79 [00:01<00:00, 42.39it/s]
 57%|█████▋    | 45/79 [00:01<00:00, 39.84it/s]
 63%|██████▎   | 50/79 [00:01<00:00, 41.06it/s]
 70%|██████▉   | 55/79 [00:01<00:00, 39.77it/s]
 76%|███████▌  | 60/79 [00:01<00:00, 40.78it/s]
 82%|████████▏ | 65/79 [00:01<00:00, 39.66it/s]
 89%|████████▊ | 70/79 [00:01<00:00, 40.91it/s]
 95%|█████████▍| 75/79 [00:01<00:00, 39.94it/s]
100%|██████████| 79/79 [00:01<00:00, 39.65it/s]

CommRound: 4/30
Accuracy: 24.75% | Loss: 2.1476
[########----------------------------------------------------] 13.3%
Elapsed: 0.7m | Avg/Round: 10.2s | Last: 9.6s | Next: 10.2s | Remaining: 4.4m
ETA: 20:10:02
Recent round times: R1: 9.7s -> R2: 9.9s -> R3: 9.7s -> R4: 9.6s

  0%|          | 0/79 [00:00<?, ?it/s]
  3%|▎         | 2/79 [00:00<00:04, 18.86it/s]
  9%|▉         | 7/79 [00:00<00:02, 31.23it/s]
 14%|█▍        | 11/79 [00:00<00:01, 34.72it/s]
 19%|█▉        | 15/79 [00:00<00:01, 36.58it/s]
 25%|██▌       | 20/79 [00:00<00:01, 35.24it/s]
 30%|███       | 24/79 [00:00<00:01, 35.64it/s]
 35%|███▌      | 28/79 [00:00<00:01, 36.49it/s]
 41%|████      | 32/79 [00:00<00:01, 37.21it/s]
 46%|████▌     | 36/79 [00:01<00:01, 37.99it/s]
 51%|█████     | 40/79 [00:01<00:01, 38.22it/s]
 56%|█████▌    | 44/79 [00:01<00:00, 38.71it/s]
 63%|██████▎   | 50/79 [00:01<00:00, 39.99it/s]
 71%|███████   | 56/79 [00:01<00:00, 40.54it/s]
 78%|███████▊  | 62/79 [00:01<00:00, 40.76it/s]
 85%|████████▍ | 67/79 [00:01<00:00, 42.88it/s]
 91%|█████████ | 72/79 [00:01<00:00, 40.17it/s]
 97%|█████████▋| 77/79 [00:01<00:00, 42.53it/s]
100%|██████████| 79/79 [00:02<00:00, 38.58it/s]

CommRound: 5/30
Accuracy: 30.39% | Loss: 1.9428
[##########--------------------------------------------------] 16.7%
Elapsed: 0.8m | Avg/Round: 10.2s | Last: 10.0s | Next: 10.2s | Remaining: 4.2m
ETA: 20:10:00
Recent round times: R1: 9.7s -> R2: 9.9s -> R3: 9.7s -> R4: 9.6s -> R5: 10.0s

  0%|          | 0/79 [00:00<?, ?it/s]
  1%|▏         | 1/79 [00:00<00:07,  9.97it/s]
  8%|▊         | 6/79 [00:00<00:02, 33.02it/s]
 14%|█▍        | 11/79 [00:00<00:02, 33.28it/s]
 19%|█▉        | 15/79 [00:00<00:01, 34.86it/s]
 25%|██▌       | 20/79 [00:00<00:01, 39.74it/s]
 32%|███▏      | 25/79 [00:00<00:01, 37.67it/s]
 37%|███▋      | 29/79 [00:00<00:01, 38.13it/s]
 42%|████▏     | 33/79 [00:00<00:01, 38.35it/s]
 47%|████▋     | 37/79 [00:01<00:01, 38.68it/s]
 52%|█████▏    | 41/79 [00:01<00:00, 38.78it/s]
 57%|█████▋    | 45/79 [00:01<00:00, 38.96it/s]
 62%|██████▏   | 49/79 [00:01<00:00, 38.96it/s]
 67%|██████▋   | 53/79 [00:01<00:00, 39.02it/s]
 72%|███████▏  | 57/79 [00:01<00:00, 39.07it/s]
 77%|███████▋  | 61/79 [00:01<00:00, 38.31it/s]
 85%|████████▍ | 67/79 [00:01<00:00, 39.32it/s]
 91%|█████████ | 72/79 [00:01<00:00, 41.89it/s]
 97%|█████████▋| 77/79 [00:02<00:00, 38.91it/s]
100%|██████████| 79/79 [00:02<00:00, 38.50it/s]

CommRound: 6/30
Accuracy: 32.24% | Loss: 1.8991
[############------------------------------------------------] 20.0%
Elapsed: 1.0m | Avg/Round: 10.1s | Last: 10.0s | Next: 10.1s | Remaining: 4.1m
ETA: 20:09:59
Recent round times: R1: 9.9s -> R2: 9.7s -> R3: 9.6s -> R4: 10.0s -> R5: 10.0s

  0%|          | 0/79 [00:00<?, ?it/s]
  1%|▏         | 1/79 [00:00<00:08,  9.22it/s]
  9%|▉         | 7/79 [00:00<00:02, 31.76it/s]
 14%|█▍        | 11/79 [00:00<00:01, 34.84it/s]
 19%|█▉        | 15/79 [00:00<00:01, 35.67it/s]
 27%|██▋       | 21/79 [00:00<00:01, 38.41it/s]
 33%|███▎      | 26/79 [00:00<00:01, 41.56it/s]
 39%|███▉      | 31/79 [00:00<00:01, 38.58it/s]
 44%|████▍     | 35/79 [00:00<00:01, 38.57it/s]
 49%|████▉     | 39/79 [00:01<00:01, 38.82it/s]
 54%|█████▍    | 43/79 [00:01<00:00, 39.06it/s]
 61%|██████    | 48/79 [00:01<00:00, 42.13it/s]
 67%|██████▋   | 53/79 [00:01<00:00, 39.43it/s]
 75%|███████▍  | 59/79 [00:01<00:00, 40.06it/s]
 82%|████████▏ | 65/79 [00:01<00:00, 40.24it/s]
 89%|████████▊ | 70/79 [00:01<00:00, 42.21it/s]
 95%|█████████▍| 75/79 [00:01<00:00, 38.50it/s]
100%|██████████| 79/79 [00:02<00:00, 39.02it/s]

CommRound: 7/30
Accuracy: 35.69% | Loss: 1.7486
[##############----------------------------------------------] 23.3%
Elapsed: 1.2m | Avg/Round: 10.1s | Last: 9.8s | Next: 10.1s | Remaining: 3.9m
ETA: 20:09:57
Recent round times: R1: 9.7s -> R2: 9.6s -> R3: 10.0s -> R4: 10.0s -> R5: 9.8s

  0%|          | 0/79 [00:00<?, ?it/s]
  1%|▏         | 1/79 [00:00<00:09,  8.60it/s]
  8%|▊         | 6/79 [00:00<00:02, 31.26it/s]
 14%|█▍        | 11/79 [00:00<00:02, 33.76it/s]
 22%|██▏       | 17/79 [00:00<00:01, 37.42it/s]
 29%|██▉       | 23/79 [00:00<00:01, 39.50it/s]
 35%|███▌      | 28/79 [00:00<00:01, 42.38it/s]
 42%|████▏     | 33/79 [00:00<00:01, 40.52it/s]
 48%|████▊     | 38/79 [00:01<00:01, 38.80it/s]
 53%|█████▎    | 42/79 [00:01<00:01, 36.42it/s]
 58%|█████▊    | 46/79 [00:01<00:00, 35.27it/s]
 63%|██████▎   | 50/79 [00:01<00:00, 34.89it/s]
 68%|██████▊   | 54/79 [00:01<00:00, 34.15it/s]
 73%|███████▎  | 58/79 [00:01<00:00, 33.88it/s]
 78%|███████▊  | 62/79 [00:01<00:00, 34.76it/s]
 84%|████████▎ | 66/79 [00:01<00:00, 33.73it/s]
 89%|████████▊ | 70/79 [00:01<00:00, 34.70it/s]
 94%|█████████▎| 74/79 [00:02<00:00, 34.97it/s]
 99%|█████████▊| 78/79 [00:02<00:00, 35.65it/s]
100%|██████████| 79/79 [00:02<00:00, 35.83it/s]

CommRound: 8/30
Accuracy: 35.11% | Loss: 1.7527
[################--------------------------------------------] 26.7%
Elapsed: 1.3m | Avg/Round: 10.1s | Last: 10.1s | Next: 10.1s | Remaining: 3.7m
ETA: 20:09:57
Recent round times: R1: 9.6s -> R2: 10.0s -> R3: 10.0s -> R4: 9.8s -> R5: 10.1s

  0%|          | 0/79 [00:00<?, ?it/s]
  3%|▎         | 2/79 [00:00<00:03, 19.44it/s]
  9%|▉         | 7/79 [00:00<00:02, 30.43it/s]
 15%|█▌        | 12/79 [00:00<00:01, 38.09it/s]
 22%|██▏       | 17/79 [00:00<00:01, 36.68it/s]
 29%|██▉       | 23/79 [00:00<00:01, 39.12it/s]
 35%|███▌      | 28/79 [00:00<00:01, 42.12it/s]
 42%|████▏     | 33/79 [00:00<00:01, 40.66it/s]
 48%|████▊     | 38/79 [00:00<00:00, 41.98it/s]
 54%|█████▍    | 43/79 [00:01<00:00, 40.85it/s]
 61%|██████    | 48/79 [00:01<00:00, 42.05it/s]
 67%|██████▋   | 53/79 [00:01<00:00, 40.98it/s]
 73%|███████▎  | 58/79 [00:01<00:00, 42.04it/s]
 80%|███████▉  | 63/79 [00:01<00:00, 41.42it/s]
 86%|████████▌ | 68/79 [00:01<00:00, 41.90it/s]
 92%|█████████▏| 73/79 [00:01<00:00, 41.47it/s]
 99%|█████████▊| 78/79 [00:01<00:00, 41.67it/s]
100%|██████████| 79/79 [00:01<00:00, 40.48it/s]

CommRound: 9/30
Accuracy: 36.77% | Loss: 1.6974
[##################------------------------------------------] 30.0%
Elapsed: 1.5m | Avg/Round: 10.0s | Last: 9.8s | Next: 10.0s | Remaining: 3.5m
ETA: 20:09:56
Recent round times: R1: 10.0s -> R2: 10.0s -> R3: 9.8s -> R4: 10.1s -> R5: 9.8s

  0%|          | 0/79 [00:00<?, ?it/s]
  1%|▏         | 1/79 [00:00<00:08,  9.41it/s]
  9%|▉         | 7/79 [00:00<00:02, 32.54it/s]
 16%|█▋        | 13/79 [00:00<00:01, 36.04it/s]
 22%|██▏       | 17/79 [00:00<00:01, 35.11it/s]
 27%|██▋       | 21/79 [00:00<00:01, 35.16it/s]
 32%|███▏      | 25/79 [00:00<00:01, 36.40it/s]
 37%|███▋      | 29/79 [00:00<00:01, 37.14it/s]
 42%|████▏     | 33/79 [00:00<00:01, 37.37it/s]
 47%|████▋     | 37/79 [00:01<00:01, 37.73it/s]
 52%|█████▏    | 41/79 [00:01<00:00, 38.14it/s]
 59%|█████▉    | 47/79 [00:01<00:00, 39.07it/s]
 65%|██████▍   | 51/79 [00:01<00:00, 38.90it/s]
 70%|██████▉   | 55/79 [00:01<00:00, 38.97it/s]
 75%|███████▍  | 59/79 [00:01<00:00, 38.53it/s]
 80%|███████▉  | 63/79 [00:01<00:00, 38.60it/s]
 85%|████████▍ | 67/79 [00:01<00:00, 38.99it/s]
 92%|█████████▏| 73/79 [00:01<00:00, 40.20it/s]
100%|██████████| 79/79 [00:02<00:00, 38.40it/s]

CommRound: 10/30
Accuracy: 41.91% | Loss: 1.5421
[####################----------------------------------------] 33.3%
Elapsed: 1.7m | Avg/Round: 10.0s | Last: 9.8s | Next: 10.0s | Remaining: 3.3m
ETA: 20:09:56
Recent round times: R1: 10.0s -> R2: 9.8s -> R3: 10.1s -> R4: 9.8s -> R5: 9.8s

  0%|          | 0/79 [00:00<?, ?it/s]
  3%|▎         | 2/79 [00:00<00:03, 19.39it/s]
  9%|▉         | 7/79 [00:00<00:02, 31.73it/s]
 15%|█▌        | 12/79 [00:00<00:01, 37.84it/s]
 20%|██        | 16/79 [00:00<00:01, 38.17it/s]
 25%|██▌       | 20/79 [00:00<00:01, 38.73it/s]
 32%|███▏      | 25/79 [00:00<00:01, 39.24it/s]
 38%|███▊      | 30/79 [00:00<00:01, 40.22it/s]
 44%|████▍     | 35/79 [00:00<00:01, 40.78it/s]
 51%|█████     | 40/79 [00:01<00:00, 40.15it/s]
 57%|█████▋    | 45/79 [00:01<00:00, 41.36it/s]
 63%|██████▎   | 50/79 [00:01<00:00, 39.60it/s]
 70%|██████▉   | 55/79 [00:01<00:00, 42.09it/s]
 76%|███████▌  | 60/79 [00:01<00:00, 40.35it/s]
 82%|████████▏ | 65/79 [00:01<00:00, 41.75it/s]
 89%|████████▊ | 70/79 [00:01<00:00, 39.93it/s]
 95%|█████████▍| 75/79 [00:01<00:00, 41.42it/s]
100%|██████████| 79/79 [00:01<00:00, 39.87it/s]

CommRound: 11/30
Accuracy: 44.33% | Loss: 1.4977
[######################--------------------------------------] 36.7%
Elapsed: 1.8m | Avg/Round: 10.0s | Last: 9.9s | Next: 10.0s | Remaining: 3.2m
ETA: 20:09:55
Recent round times: R1: 9.8s -> R2: 10.1s -> R3: 9.8s -> R4: 9.8s -> R5: 9.9s

  0%|          | 0/79 [00:00<?, ?it/s]
  1%|▏         | 1/79 [00:00<00:08,  8.73it/s]
  9%|▉         | 7/79 [00:00<00:02, 31.40it/s]
 15%|█▌        | 12/79 [00:00<00:01, 38.62it/s]
 22%|██▏       | 17/79 [00:00<00:01, 37.06it/s]
 29%|██▉       | 23/79 [00:00<00:01, 38.92it/s]
 35%|███▌      | 28/79 [00:00<00:01, 42.01it/s]
 42%|████▏     | 33/79 [00:00<00:01, 39.46it/s]
 49%|████▉     | 39/79 [00:01<00:00, 40.04it/s]
 57%|█████▋    | 45/79 [00:01<00:00, 40.90it/s]
 65%|██████▍   | 51/79 [00:01<00:00, 41.64it/s]
 72%|███████▏  | 57/79 [00:01<00:00, 41.92it/s]
 80%|███████▉  | 63/79 [00:01<00:00, 42.36it/s]
 87%|████████▋ | 69/79 [00:01<00:00, 42.72it/s]
 94%|█████████▎| 74/79 [00:01<00:00, 43.46it/s]
100%|██████████| 79/79 [00:01<00:00, 40.71it/s]

CommRound: 12/30
Accuracy: 49.68% | Loss: 1.4322
[########################------------------------------------] 40.0%
Elapsed: 2.0m | Avg/Round: 10.0s | Last: 9.7s | Next: 10.0s | Remaining: 3.0m
ETA: 20:09:54
Recent round times: R1: 10.1s -> R2: 9.8s -> R3: 9.8s -> R4: 9.9s -> R5: 9.7s

  0%|          | 0/79 [00:00<?, ?it/s]
  1%|▏         | 1/79 [00:00<00:08,  9.39it/s]
  9%|▉         | 7/79 [00:00<00:02, 33.75it/s]
 14%|█▍        | 11/79 [00:00<00:01, 35.95it/s]
 19%|█▉        | 15/79 [00:00<00:01, 37.14it/s]
 25%|██▌       | 20/79 [00:00<00:01, 41.45it/s]
 32%|███▏      | 25/79 [00:00<00:01, 39.02it/s]
 38%|███▊      | 30/79 [00:00<00:01, 40.19it/s]
 44%|████▍     | 35/79 [00:00<00:01, 39.55it/s]
 51%|█████     | 40/79 [00:01<00:00, 39.91it/s]
 57%|█████▋    | 45/79 [00:01<00:00, 39.86it/s]
 63%|██████▎   | 50/79 [00:01<00:00, 41.28it/s]
 70%|██████▉   | 55/79 [00:01<00:00, 39.64it/s]
 75%|███████▍  | 59/79 [00:01<00:00, 39.54it/s]
 80%|███████▉  | 63/79 [00:01<00:00, 39.16it/s]
 85%|████████▍ | 67/79 [00:01<00:00, 39.06it/s]
 90%|████████▉ | 71/79 [00:01<00:00, 39.12it/s]
 95%|█████████▍| 75/79 [00:01<00:00, 39.13it/s]
100%|██████████| 79/79 [00:02<00:00, 39.23it/s]

CommRound: 13/30
Accuracy: 52.99% | Loss: 1.4334
[##########################----------------------------------] 43.3%
Elapsed: 2.2m | Avg/Round: 10.0s | Last: 9.8s | Next: 10.0s | Remaining: 2.8m
ETA: 20:09:54
Recent round times: R1: 9.8s -> R2: 9.8s -> R3: 9.9s -> R4: 9.7s -> R5: 9.8s

  0%|          | 0/79 [00:00<?, ?it/s]
  1%|▏         | 1/79 [00:00<00:07,  9.81it/s]
  9%|▉         | 7/79 [00:00<00:02, 33.87it/s]
 15%|█▌        | 12/79 [00:00<00:01, 37.59it/s]
 20%|██        | 16/79 [00:00<00:01, 38.44it/s]
 27%|██▋       | 21/79 [00:00<00:01, 37.66it/s]
 32%|███▏      | 25/79 [00:00<00:01, 36.56it/s]
 38%|███▊      | 30/79 [00:00<00:01, 40.40it/s]
 44%|████▍     | 35/79 [00:00<00:01, 38.27it/s]
 49%|████▉     | 39/79 [00:01<00:01, 38.53it/s]
 54%|█████▍    | 43/79 [00:01<00:00, 38.68it/s]
 61%|██████    | 48/79 [00:01<00:00, 41.20it/s]
 67%|██████▋   | 53/79 [00:01<00:00, 38.93it/s]
 73%|███████▎  | 58/79 [00:01<00:00, 41.49it/s]
 80%|███████▉  | 63/79 [00:01<00:00, 38.63it/s]
 86%|████████▌ | 68/79 [00:01<00:00, 41.35it/s]
 92%|█████████▏| 73/79 [00:01<00:00, 39.08it/s]
 99%|█████████▊| 78/79 [00:01<00:00, 41.76it/s]
100%|██████████| 79/79 [00:02<00:00, 39.18it/s]

CommRound: 14/30
Accuracy: 56.70% | Loss: 1.3997
[############################--------------------------------] 46.7%
Elapsed: 2.3m | Avg/Round: 10.0s | Last: 9.9s | Next: 10.0s | Remaining: 2.7m
ETA: 20:09:54
Recent round times: R1: 9.8s -> R2: 9.9s -> R3: 9.7s -> R4: 9.8s -> R5: 9.9s

  0%|          | 0/79 [00:00<?, ?it/s]
  1%|▏         | 1/79 [00:00<00:09,  8.34it/s]
  9%|▉         | 7/79 [00:00<00:02, 28.92it/s]
 14%|█▍        | 11/79 [00:00<00:02, 31.11it/s]
 19%|█▉        | 15/79 [00:00<00:02, 31.34it/s]
 24%|██▍       | 19/79 [00:00<00:01, 32.28it/s]
 29%|██▉       | 23/79 [00:00<00:01, 33.66it/s]
 34%|███▍      | 27/79 [00:00<00:01, 34.60it/s]
 39%|███▉      | 31/79 [00:00<00:01, 35.25it/s]
 44%|████▍     | 35/79 [00:01<00:01, 33.75it/s]
 49%|████▉     | 39/79 [00:01<00:01, 34.66it/s]
 54%|█████▍    | 43/79 [00:01<00:01, 35.13it/s]
 59%|█████▉    | 47/79 [00:01<00:00, 35.56it/s]
 65%|██████▍   | 51/79 [00:01<00:00, 35.86it/s]
 70%|██████▉   | 55/79 [00:01<00:00, 36.21it/s]
 75%|███████▍  | 59/79 [00:01<00:00, 36.16it/s]
 80%|███████▉  | 63/79 [00:01<00:00, 36.22it/s]
 85%|████████▍ | 67/79 [00:01<00:00, 36.10it/s]
 90%|████████▉ | 71/79 [00:02<00:00, 36.14it/s]
 95%|█████████▍| 75/79 [00:02<00:00, 36.38it/s]
100%|██████████| 79/79 [00:02<00:00, 35.02it/s]

CommRound: 15/30
Accuracy: 57.51% | Loss: 1.3631
[##############################------------------------------] 50.0%
Elapsed: 2.5m | Avg/Round: 10.0s | Last: 10.0s | Next: 10.0s | Remaining: 2.5m
ETA: 20:09:54
Recent round times: R1: 9.9s -> R2: 9.7s -> R3: 9.8s -> R4: 9.9s -> R5: 10.0s

  0%|          | 0/79 [00:00<?, ?it/s]
  1%|▏         | 1/79 [00:00<00:08,  9.60it/s]
  9%|▉         | 7/79 [00:00<00:02, 30.58it/s]
 14%|█▍        | 11/79 [00:00<00:01, 34.04it/s]
 19%|█▉        | 15/79 [00:00<00:01, 34.78it/s]
 25%|██▌       | 20/79 [00:00<00:01, 39.56it/s]
 32%|███▏      | 25/79 [00:00<00:01, 37.53it/s]
 38%|███▊      | 30/79 [00:00<00:01, 40.82it/s]
 44%|████▍     | 35/79 [00:00<00:01, 38.11it/s]
 49%|████▉     | 39/79 [00:01<00:01, 38.52it/s]
 56%|█████▌    | 44/79 [00:01<00:00, 40.49it/s]
 62%|██████▏   | 49/79 [00:01<00:00, 38.48it/s]
 68%|██████▊   | 54/79 [00:01<00:00, 41.47it/s]
 75%|███████▍  | 59/79 [00:01<00:00, 39.05it/s]
 81%|████████  | 64/79 [00:01<00:00, 41.84it/s]
 87%|████████▋ | 69/79 [00:01<00:00, 39.33it/s]
 94%|█████████▎| 74/79 [00:01<00:00, 41.65it/s]
100%|██████████| 79/79 [00:02<00:00, 43.32it/s]
100%|██████████| 79/79 [00:02<00:00, 38.94it/s]

CommRound: 16/30
Accuracy: 57.02% | Loss: 1.3875
[################################----------------------------] 53.3%
Elapsed: 2.7m | Avg/Round: 10.0s | Last: 9.9s | Next: 10.0s | Remaining: 2.3m
ETA: 20:09:54
Recent round times: R1: 9.7s -> R2: 9.8s -> R3: 9.9s -> R4: 10.0s -> R5: 9.9s

  0%|          | 0/79 [00:00<?, ?it/s]
  1%|▏         | 1/79 [00:00<00:07,  9.87it/s]
  9%|▉         | 7/79 [00:00<00:02, 31.70it/s]
 14%|█▍        | 11/79 [00:00<00:02, 33.35it/s]
 19%|█▉        | 15/79 [00:00<00:01, 34.74it/s]
 24%|██▍       | 19/79 [00:00<00:01, 34.69it/s]
 29%|██▉       | 23/79 [00:00<00:01, 35.55it/s]
 34%|███▍      | 27/79 [00:00<00:01, 36.38it/s]
 39%|███▉      | 31/79 [00:00<00:01, 36.96it/s]
 44%|████▍     | 35/79 [00:00<00:01, 37.50it/s]
 49%|████▉     | 39/79 [00:01<00:01, 37.69it/s]
 54%|█████▍    | 43/79 [00:01<00:00, 38.10it/s]
 59%|█████▉    | 47/79 [00:01<00:00, 38.36it/s]
 65%|██████▍   | 51/79 [00:01<00:00, 38.51it/s]
 70%|██████▉   | 55/79 [00:01<00:00, 38.76it/s]
 75%|███████▍  | 59/79 [00:01<00:00, 37.75it/s]
 80%|███████▉  | 63/79 [00:01<00:00, 37.23it/s]
 85%|████████▍ | 67/79 [00:01<00:00, 37.91it/s]
 91%|█████████ | 72/79 [00:01<00:00, 41.21it/s]
 97%|█████████▋| 77/79 [00:02<00:00, 39.06it/s]
100%|██████████| 79/79 [00:02<00:00, 37.64it/s]

CommRound: 17/30
Accuracy: 59.91% | Loss: 1.2925
[##################################--------------------------] 56.7%
Elapsed: 2.8m | Avg/Round: 10.0s | Last: 9.9s | Next: 10.0s | Remaining: 2.2m
ETA: 20:09:54
Recent round times: R1: 9.8s -> R2: 9.9s -> R3: 10.0s -> R4: 9.9s -> R5: 9.9s

  0%|          | 0/79 [00:00<?, ?it/s]
  1%|▏         | 1/79 [00:00<00:08,  9.63it/s]
  9%|▉         | 7/79 [00:00<00:02, 31.29it/s]
 14%|█▍        | 11/79 [00:00<00:01, 34.19it/s]
 20%|██        | 16/79 [00:00<00:01, 39.33it/s]
 27%|██▋       | 21/79 [00:00<00:01, 37.40it/s]
 33%|███▎      | 26/79 [00:00<00:01, 41.07it/s]
 39%|███▉      | 31/79 [00:00<00:01, 38.47it/s]
 46%|████▌     | 36/79 [00:00<00:01, 41.33it/s]
 52%|█████▏    | 41/79 [00:01<00:00, 38.84it/s]
 58%|█████▊    | 46/79 [00:01<00:00, 41.59it/s]
 65%|██████▍   | 51/79 [00:01<00:00, 39.22it/s]
 72%|███████▏  | 57/79 [00:01<00:00, 39.95it/s]
 78%|███████▊  | 62/79 [00:01<00:00, 42.26it/s]
 85%|████████▍ | 67/79 [00:01<00:00, 39.96it/s]
 92%|█████████▏| 73/79 [00:01<00:00, 40.54it/s]
100%|██████████| 79/79 [00:01<00:00, 44.78it/s]
100%|██████████| 79/79 [00:01<00:00, 39.73it/s]

CommRound: 18/30
Accuracy: 57.45% | Loss: 1.3292
[####################################------------------------] 60.0%
Elapsed: 3.0m | Avg/Round: 10.0s | Last: 9.8s | Next: 10.0s | Remaining: 2.0m
ETA: 20:09:53
Recent round times: R1: 9.9s -> R2: 10.0s -> R3: 9.9s -> R4: 9.9s -> R5: 9.8s

  0%|          | 0/79 [00:00<?, ?it/s]
  1%|▏         | 1/79 [00:00<00:08,  9.28it/s]
  8%|▊         | 6/79 [00:00<00:02, 32.32it/s]
 14%|█▍        | 11/79 [00:00<00:01, 34.25it/s]
 20%|██        | 16/79 [00:00<00:01, 39.56it/s]
 27%|██▋       | 21/79 [00:00<00:01, 37.07it/s]
 32%|███▏      | 25/79 [00:00<00:01, 37.67it/s]
 37%|███▋      | 29/79 [00:00<00:01, 38.34it/s]
 43%|████▎     | 34/79 [00:00<00:01, 41.49it/s]
 49%|████▉     | 39/79 [00:01<00:01, 38.87it/s]
 57%|█████▋    | 45/79 [00:01<00:00, 39.87it/s]
 65%|██████▍   | 51/79 [00:01<00:00, 40.62it/s]
 71%|███████   | 56/79 [00:01<00:00, 41.99it/s]
 77%|███████▋  | 61/79 [00:01<00:00, 39.17it/s]
 85%|████████▍ | 67/79 [00:01<00:00, 39.87it/s]
 92%|█████████▏| 73/79 [00:01<00:00, 40.37it/s]
100%|██████████| 79/79 [00:01<00:00, 44.84it/s]
100%|██████████| 79/79 [00:01<00:00, 39.53it/s]

CommRound: 19/30
Accuracy: 57.18% | Loss: 1.3301
[######################################----------------------] 63.3%
Elapsed: 3.1m | Avg/Round: 9.9s | Last: 9.7s | Next: 9.9s | Remaining: 1.8m
ETA: 20:09:53
Recent round times: R1: 10.0s -> R2: 9.9s -> R3: 9.9s -> R4: 9.8s -> R5: 9.7s

  0%|          | 0/79 [00:00<?, ?it/s]
  3%|▎         | 2/79 [00:00<00:03, 19.89it/s]
  9%|▉         | 7/79 [00:00<00:02, 31.24it/s]
 14%|█▍        | 11/79 [00:00<00:01, 34.35it/s]
 20%|██        | 16/79 [00:00<00:01, 36.25it/s]
 25%|██▌       | 20/79 [00:00<00:01, 37.35it/s]
 30%|███       | 24/79 [00:00<00:01, 37.66it/s]
 35%|███▌      | 28/79 [00:00<00:01, 37.87it/s]
 41%|████      | 32/79 [00:00<00:01, 37.48it/s]
 46%|████▌     | 36/79 [00:00<00:01, 37.69it/s]
 52%|█████▏    | 41/79 [00:01<00:00, 38.41it/s]
 57%|█████▋    | 45/79 [00:01<00:00, 36.91it/s]
 62%|██████▏   | 49/79 [00:01<00:00, 36.06it/s]
 67%|██████▋   | 53/79 [00:01<00:00, 36.06it/s]
 72%|███████▏  | 57/79 [00:01<00:00, 35.12it/s]
 77%|███████▋  | 61/79 [00:01<00:00, 35.55it/s]
 82%|████████▏ | 65/79 [00:01<00:00, 35.32it/s]
 87%|████████▋ | 69/79 [00:01<00:00, 35.40it/s]
 92%|█████████▏| 73/79 [00:02<00:00, 34.69it/s]
 97%|█████████▋| 77/79 [00:02<00:00, 36.09it/s]
100%|██████████| 79/79 [00:02<00:00, 36.51it/s]

CommRound: 20/30
Accuracy: 59.67% | Loss: 1.2539
[########################################--------------------] 66.7%
Elapsed: 3.3m | Avg/Round: 9.9s | Last: 10.2s | Next: 9.9s | Remaining: 1.7m
ETA: 20:09:53
Recent round times: R1: 9.9s -> R2: 9.9s -> R3: 9.8s -> R4: 9.7s -> R5: 10.2s

  0%|          | 0/79 [00:00<?, ?it/s]
  4%|▍         | 3/79 [00:00<00:03, 21.89it/s]
 10%|█         | 8/79 [00:00<00:01, 35.70it/s]
 16%|█▋        | 13/79 [00:00<00:01, 33.95it/s]
 24%|██▍       | 19/79 [00:00<00:01, 37.32it/s]
 29%|██▉       | 23/79 [00:00<00:01, 38.03it/s]
 35%|███▌      | 28/79 [00:00<00:01, 40.53it/s]
 42%|████▏     | 33/79 [00:00<00:01, 38.95it/s]
 48%|████▊     | 38/79 [00:00<00:01, 40.32it/s]
 54%|█████▍    | 43/79 [00:01<00:00, 39.64it/s]
 61%|██████    | 48/79 [00:01<00:00, 40.15it/s]
 67%|██████▋   | 53/79 [00:01<00:00, 40.08it/s]
 73%|███████▎  | 58/79 [00:01<00:00, 39.97it/s]
 80%|███████▉  | 63/79 [00:01<00:00, 40.31it/s]
 86%|████████▌ | 68/79 [00:01<00:00, 39.33it/s]
 91%|█████████ | 72/79 [00:01<00:00, 39.33it/s]
 96%|█████████▌| 76/79 [00:01<00:00, 39.35it/s]
100%|██████████| 79/79 [00:02<00:00, 38.99it/s]

CommRound: 21/30
Accuracy: 58.59% | Loss: 1.2644
[##########################################------------------] 70.0%
Elapsed: 3.5m | Avg/Round: 10.0s | Last: 10.0s | Next: 10.0s | Remaining: 1.5m
ETA: 20:09:53
Recent round times: R1: 9.9s -> R2: 9.8s -> R3: 9.7s -> R4: 10.2s -> R5: 10.0s

  0%|          | 0/79 [00:00<?, ?it/s]
  3%|▎         | 2/79 [00:00<00:04, 18.31it/s]
  6%|▋         | 5/79 [00:00<00:03, 23.44it/s]
 13%|█▎        | 10/79 [00:00<00:01, 34.81it/s]
 19%|█▉        | 15/79 [00:00<00:01, 35.26it/s]
 24%|██▍       | 19/79 [00:00<00:01, 36.75it/s]
 30%|███       | 24/79 [00:00<00:01, 40.46it/s]
 37%|███▋      | 29/79 [00:00<00:01, 38.51it/s]
 43%|████▎     | 34/79 [00:00<00:01, 41.38it/s]
 49%|████▉     | 39/79 [00:01<00:01, 39.62it/s]
 56%|█████▌    | 44/79 [00:01<00:00, 37.97it/s]
 61%|██████    | 48/79 [00:01<00:00, 37.22it/s]
 66%|██████▌   | 52/79 [00:01<00:00, 36.27it/s]
 71%|███████   | 56/79 [00:01<00:00, 36.11it/s]
 76%|███████▌  | 60/79 [00:01<00:00, 35.61it/s]
 81%|████████  | 64/79 [00:01<00:00, 34.99it/s]
 86%|████████▌ | 68/79 [00:01<00:00, 35.09it/s]
 91%|█████████ | 72/79 [00:01<00:00, 35.43it/s]
 96%|█████████▌| 76/79 [00:02<00:00, 35.65it/s]
100%|██████████| 79/79 [00:02<00:00, 36.31it/s]

CommRound: 22/30
Accuracy: 59.37% | Loss: 1.2442
[############################################----------------] 73.3%
Elapsed: 3.7m | Avg/Round: 10.0s | Last: 10.2s | Next: 10.0s | Remaining: 1.3m
ETA: 20:09:54
Recent round times: R1: 9.8s -> R2: 9.7s -> R3: 10.2s -> R4: 10.0s -> R5: 10.2s
EARLY_STOP: round=22; best_acc=59.91; current_acc=59.37; threshold=90.00; patience=5; reason=converged_below_target
Total time for experiment: 219.15713500976562 seconds
Device average training time per communication round [s]:
    rpi (sld-rpi-09.ece.utexas.edu): 4.94 seconds
    mc1 (sld-mc1-09.ece.utexas.edu): 2.85 seconds
