
  0%|          | 0/79 [00:00<?, ?it/s]
  1%|▏         | 1/79 [00:00<00:16,  4.80it/s]
  4%|▍         | 3/79 [00:00<00:07, 10.59it/s]
  6%|▋         | 5/79 [00:00<00:05, 12.66it/s]
 10%|█         | 8/79 [00:00<00:03, 18.03it/s]
 14%|█▍        | 11/79 [00:00<00:03, 17.08it/s]
 16%|█▋        | 13/79 [00:00<00:03, 17.73it/s]
 19%|█▉        | 15/79 [00:00<00:03, 18.00it/s]
 22%|██▏       | 17/79 [00:01<00:03, 18.37it/s]
 25%|██▌       | 20/79 [00:01<00:02, 21.20it/s]
 29%|██▉       | 23/79 [00:01<00:02, 23.19it/s]
 33%|███▎      | 26/79 [00:01<00:02, 23.72it/s]
 38%|███▊      | 30/79 [00:01<00:01, 25.75it/s]
 42%|████▏     | 33/79 [00:01<00:01, 26.71it/s]
 46%|████▌     | 36/79 [00:01<00:01, 25.77it/s]
 49%|████▉     | 39/79 [00:01<00:01, 23.61it/s]
 53%|█████▎    | 42/79 [00:02<00:01, 23.98it/s]
 57%|█████▋    | 45/79 [00:02<00:01, 24.59it/s]
 61%|██████    | 48/79 [00:02<00:01, 24.42it/s]
 65%|██████▍   | 51/79 [00:02<00:01, 23.03it/s]
 68%|██████▊   | 54/79 [00:02<00:01, 21.84it/s]
 73%|███████▎  | 58/79 [00:02<00:00, 24.94it/s]
 77%|███████▋  | 61/79 [00:02<00:00, 22.13it/s]
 81%|████████  | 64/79 [00:02<00:00, 23.45it/s]
 85%|████████▍ | 67/79 [00:03<00:00, 21.75it/s]
 89%|████████▊ | 70/79 [00:03<00:00, 22.00it/s]
 92%|█████████▏| 73/79 [00:03<00:00, 21.79it/s]
 96%|█████████▌| 76/79 [00:03<00:00, 22.96it/s]
100%|██████████| 79/79 [00:03<00:00, 21.93it/s]
Initial Accuracy: 9.74%; Initial Loss: 2.3089

  0%|          | 0/79 [00:00<?, ?it/s]
  1%|▏         | 1/79 [00:00<00:13,  5.94it/s]
  5%|▌         | 4/79 [00:00<00:04, 15.69it/s]
  8%|▊         | 6/79 [00:00<00:04, 17.16it/s]
 11%|█▏        | 9/79 [00:00<00:03, 17.64it/s]
 15%|█▌        | 12/79 [00:00<00:03, 20.60it/s]
 19%|█▉        | 15/79 [00:00<00:03, 18.93it/s]
 22%|██▏       | 17/79 [00:00<00:03, 18.79it/s]
 24%|██▍       | 19/79 [00:01<00:03, 18.81it/s]
 27%|██▋       | 21/79 [00:01<00:03, 18.44it/s]
 29%|██▉       | 23/79 [00:01<00:03, 17.78it/s]
 33%|███▎      | 26/79 [00:01<00:02, 19.78it/s]
 35%|███▌      | 28/79 [00:01<00:02, 19.34it/s]
 38%|███▊      | 30/79 [00:01<00:02, 18.57it/s]
 42%|████▏     | 33/79 [00:01<00:02, 21.60it/s]
 46%|████▌     | 36/79 [00:01<00:02, 20.73it/s]
 49%|████▉     | 39/79 [00:02<00:02, 18.36it/s]
 54%|█████▍    | 43/79 [00:02<00:01, 23.01it/s]
 58%|█████▊    | 46/79 [00:02<00:01, 23.29it/s]
 62%|██████▏   | 49/79 [00:02<00:01, 19.93it/s]
 67%|██████▋   | 53/79 [00:02<00:01, 21.40it/s]
 72%|███████▏  | 57/79 [00:02<00:00, 24.01it/s]
 76%|███████▌  | 60/79 [00:02<00:00, 25.03it/s]
 81%|████████  | 64/79 [00:03<00:00, 25.60it/s]
 85%|████████▍ | 67/79 [00:03<00:00, 26.41it/s]
 89%|████████▊ | 70/79 [00:03<00:00, 18.30it/s]
 92%|█████████▏| 73/79 [00:03<00:00, 19.34it/s]
 99%|█████████▊| 78/79 [00:03<00:00, 24.99it/s]
100%|██████████| 79/79 [00:03<00:00, 21.03it/s]

CommRound: 1/30
Accuracy: 10.28% | Loss: 2.5009
[##----------------------------------------------------------] 3.3%
Elapsed: 0.3m | Avg/Round: 19.3s | Last: 15.6s | Next: 19.3s | Remaining: 9.3m
ETA: 12:00:52
Recent round times: R1: 15.6s

  0%|          | 0/79 [00:00<?, ?it/s]
  1%|▏         | 1/79 [00:00<00:12,  6.45it/s]
  8%|▊         | 6/79 [00:00<00:03, 22.49it/s]
 13%|█▎        | 10/79 [00:00<00:02, 23.57it/s]
 18%|█▊        | 14/79 [00:00<00:02, 23.38it/s]
 23%|██▎       | 18/79 [00:00<00:02, 23.40it/s]
 27%|██▋       | 21/79 [00:00<00:02, 24.78it/s]
 30%|███       | 24/79 [00:01<00:02, 20.44it/s]
 34%|███▍      | 27/79 [00:01<00:02, 21.53it/s]
 38%|███▊      | 30/79 [00:01<00:02, 20.58it/s]
 43%|████▎     | 34/79 [00:01<00:01, 23.66it/s]
 48%|████▊     | 38/79 [00:01<00:01, 25.42it/s]
 53%|█████▎    | 42/79 [00:01<00:01, 27.14it/s]
 58%|█████▊    | 46/79 [00:01<00:01, 28.01it/s]
 63%|██████▎   | 50/79 [00:02<00:00, 29.15it/s]
 68%|██████▊   | 54/79 [00:02<00:00, 29.22it/s]
 72%|███████▏  | 57/79 [00:02<00:00, 24.86it/s]
 80%|███████▉  | 63/79 [00:02<00:00, 32.06it/s]
 85%|████████▍ | 67/79 [00:02<00:00, 31.09it/s]
 90%|████████▉ | 71/79 [00:02<00:00, 30.00it/s]
 95%|█████████▍| 75/79 [00:02<00:00, 29.15it/s]
 99%|█████████▊| 78/79 [00:03<00:00, 27.31it/s]
100%|██████████| 79/79 [00:03<00:00, 25.82it/s]

CommRound: 2/30
Accuracy: 10.28% | Loss: 2.6812
[####--------------------------------------------------------] 6.7%
Elapsed: 0.6m | Avg/Round: 17.2s | Last: 15.2s | Next: 17.2s | Remaining: 8.0m
ETA: 11:59:51
Recent round times: R1: 15.6s -> R2: 15.2s

  0%|          | 0/79 [00:00<?, ?it/s]
  1%|▏         | 1/79 [00:00<00:09,  7.84it/s]
  6%|▋         | 5/79 [00:00<00:04, 18.25it/s]
 11%|█▏        | 9/79 [00:00<00:03, 23.19it/s]
 16%|█▋        | 13/79 [00:00<00:02, 25.88it/s]
 20%|██        | 16/79 [00:00<00:02, 22.20it/s]
 27%|██▋       | 21/79 [00:00<00:02, 27.78it/s]
 30%|███       | 24/79 [00:01<00:02, 24.68it/s]
 34%|███▍      | 27/79 [00:01<00:02, 24.09it/s]
 38%|███▊      | 30/79 [00:01<00:02, 22.11it/s]
 42%|████▏     | 33/79 [00:01<00:02, 21.12it/s]
 46%|████▌     | 36/79 [00:01<00:02, 21.24it/s]
 49%|████▉     | 39/79 [00:01<00:01, 22.50it/s]
 53%|█████▎    | 42/79 [00:01<00:01, 21.45it/s]
 58%|█████▊    | 46/79 [00:02<00:01, 23.94it/s]
 63%|██████▎   | 50/79 [00:02<00:01, 26.00it/s]
 68%|██████▊   | 54/79 [00:02<00:00, 27.07it/s]
 73%|███████▎  | 58/79 [00:02<00:00, 28.73it/s]
 78%|███████▊  | 62/79 [00:02<00:00, 29.87it/s]
 84%|████████▎ | 66/79 [00:02<00:00, 29.56it/s]
 87%|████████▋ | 69/79 [00:02<00:00, 27.37it/s]
 91%|█████████ | 72/79 [00:02<00:00, 23.62it/s]
 95%|█████████▍| 75/79 [00:03<00:00, 21.30it/s]
 99%|█████████▊| 78/79 [00:03<00:00, 22.13it/s]
100%|██████████| 79/79 [00:03<00:00, 23.98it/s]

CommRound: 3/30
Accuracy: 10.28% | Loss: 2.7735
[######------------------------------------------------------] 10.0%
Elapsed: 0.8m | Avg/Round: 16.6s | Last: 15.2s | Next: 16.6s | Remaining: 7.4m
ETA: 11:59:31
Recent round times: R1: 15.6s -> R2: 15.2s -> R3: 15.2s

  0%|          | 0/79 [00:00<?, ?it/s]
  1%|▏         | 1/79 [00:00<00:24,  3.20it/s]
  8%|▊         | 6/79 [00:00<00:04, 17.57it/s]
 11%|█▏        | 9/79 [00:00<00:03, 19.54it/s]
 16%|█▋        | 13/79 [00:00<00:02, 23.00it/s]
 22%|██▏       | 17/79 [00:00<00:02, 25.03it/s]
 27%|██▋       | 21/79 [00:01<00:02, 22.84it/s]
 32%|███▏      | 25/79 [00:01<00:02, 25.71it/s]
 35%|███▌      | 28/79 [00:01<00:02, 25.09it/s]
 41%|████      | 32/79 [00:01<00:01, 27.67it/s]
 44%|████▍     | 35/79 [00:01<00:01, 22.81it/s]
 48%|████▊     | 38/79 [00:01<00:01, 23.95it/s]
 52%|█████▏    | 41/79 [00:01<00:01, 21.00it/s]
 57%|█████▋    | 45/79 [00:02<00:01, 23.54it/s]
 62%|██████▏   | 49/79 [00:02<00:01, 24.95it/s]
 67%|██████▋   | 53/79 [00:02<00:00, 26.03it/s]
 71%|███████   | 56/79 [00:02<00:00, 25.93it/s]
 75%|███████▍  | 59/79 [00:02<00:00, 24.68it/s]
 80%|███████▉  | 63/79 [00:02<00:00, 25.74it/s]
 85%|████████▍ | 67/79 [00:02<00:00, 27.54it/s]
 90%|████████▉ | 71/79 [00:02<00:00, 28.74it/s]
 95%|█████████▍| 75/79 [00:03<00:00, 28.55it/s]
100%|██████████| 79/79 [00:03<00:00, 24.73it/s]

CommRound: 4/30
Accuracy: 10.28% | Loss: 2.8234
[########----------------------------------------------------] 13.3%
Elapsed: 1.1m | Avg/Round: 16.2s | Last: 15.2s | Next: 16.2s | Remaining: 7.0m
ETA: 11:59:21
Recent round times: R1: 15.6s -> R2: 15.2s -> R3: 15.2s -> R4: 15.2s

  0%|          | 0/79 [00:00<?, ?it/s]
  1%|▏         | 1/79 [00:00<00:11,  6.66it/s]
  6%|▋         | 5/79 [00:00<00:03, 20.07it/s]
 10%|█         | 8/79 [00:00<00:03, 20.78it/s]
 16%|█▋        | 13/79 [00:00<00:02, 25.71it/s]
 20%|██        | 16/79 [00:00<00:02, 25.45it/s]
 24%|██▍       | 19/79 [00:00<00:02, 25.69it/s]
 28%|██▊       | 22/79 [00:00<00:02, 23.16it/s]
 33%|███▎      | 26/79 [00:01<00:02, 22.86it/s]
 38%|███▊      | 30/79 [00:01<00:02, 23.64it/s]
 43%|████▎     | 34/79 [00:01<00:01, 23.43it/s]
 48%|████▊     | 38/79 [00:01<00:01, 23.74it/s]
 53%|█████▎    | 42/79 [00:01<00:01, 23.85it/s]
 57%|█████▋    | 45/79 [00:01<00:01, 25.04it/s]
 61%|██████    | 48/79 [00:02<00:01, 23.28it/s]
 66%|██████▌   | 52/79 [00:02<00:01, 23.73it/s]
 70%|██████▉   | 55/79 [00:02<00:00, 24.20it/s]
 73%|███████▎  | 58/79 [00:02<00:01, 20.81it/s]
 78%|███████▊  | 62/79 [00:02<00:00, 23.10it/s]
 82%|████████▏ | 65/79 [00:02<00:00, 24.38it/s]
 86%|████████▌ | 68/79 [00:02<00:00, 22.96it/s]
 91%|█████████ | 72/79 [00:03<00:00, 23.33it/s]
 95%|█████████▍| 75/79 [00:03<00:00, 22.03it/s]
100%|██████████| 79/79 [00:03<00:00, 23.55it/s]

CommRound: 5/30
Accuracy: 10.28% | Loss: 2.8540
[##########--------------------------------------------------] 16.7%
Elapsed: 1.3m | Avg/Round: 16.1s | Last: 15.4s | Next: 16.1s | Remaining: 6.7m
ETA: 11:59:16
Recent round times: R1: 15.6s -> R2: 15.2s -> R3: 15.2s -> R4: 15.2s -> R5: 15.4s

  0%|          | 0/79 [00:00<?, ?it/s]
  1%|▏         | 1/79 [00:00<00:10,  7.40it/s]
  5%|▌         | 4/79 [00:00<00:04, 17.55it/s]
  8%|▊         | 6/79 [00:00<00:05, 14.54it/s]
 13%|█▎        | 10/79 [00:00<00:03, 18.37it/s]
 20%|██        | 16/79 [00:00<00:02, 25.93it/s]
 24%|██▍       | 19/79 [00:00<00:02, 25.51it/s]
 28%|██▊       | 22/79 [00:01<00:04, 13.48it/s]
 30%|███       | 24/79 [00:01<00:03, 14.23it/s]
 33%|███▎      | 26/79 [00:01<00:03, 13.87it/s]
 35%|███▌      | 28/79 [00:01<00:03, 14.56it/s]
 39%|███▉      | 31/79 [00:01<00:02, 17.02it/s]
 42%|████▏     | 33/79 [00:01<00:02, 17.19it/s]
 44%|████▍     | 35/79 [00:02<00:03, 14.19it/s]
 51%|█████     | 40/79 [00:02<00:01, 21.21it/s]
 56%|█████▌    | 44/79 [00:02<00:02, 16.46it/s]
 59%|█████▉    | 47/79 [00:03<00:03, 10.42it/s]
 62%|██████▏   | 49/79 [00:03<00:02, 10.88it/s]
 67%|██████▋   | 53/79 [00:03<00:02, 12.06it/s]
 70%|██████▉   | 55/79 [00:04<00:02,  9.47it/s]
 72%|███████▏  | 57/79 [00:04<00:02, 10.06it/s]
 77%|███████▋  | 61/79 [00:04<00:01, 14.02it/s]
 82%|████████▏ | 65/79 [00:04<00:00, 17.64it/s]
 86%|████████▌ | 68/79 [00:04<00:00, 19.35it/s]
 90%|████████▉ | 71/79 [00:04<00:00, 18.90it/s]
 95%|█████████▍| 75/79 [00:04<00:00, 21.25it/s]
 99%|█████████▊| 78/79 [00:04<00:00, 22.95it/s]
100%|██████████| 79/79 [00:04<00:00, 15.91it/s]

CommRound: 6/30
Accuracy: 10.28% | Loss: 2.8760
[############------------------------------------------------] 20.0%
Elapsed: 1.6m | Avg/Round: 16.2s | Last: 17.2s | Next: 16.2s | Remaining: 6.5m
ETA: 11:59:22
Recent round times: R1: 15.2s -> R2: 15.2s -> R3: 15.2s -> R4: 15.4s -> R5: 17.2s

  0%|          | 0/79 [00:00<?, ?it/s]
  1%|▏         | 1/79 [00:00<00:11,  6.84it/s]
  6%|▋         | 5/79 [00:00<00:04, 17.80it/s]
 10%|█         | 8/79 [00:00<00:03, 20.55it/s]
 14%|█▍        | 11/79 [00:00<00:03, 19.34it/s]
 16%|█▋        | 13/79 [00:00<00:03, 18.78it/s]
 20%|██        | 16/79 [00:00<00:02, 21.15it/s]
 25%|██▌       | 20/79 [00:00<00:02, 25.37it/s]
 30%|███       | 24/79 [00:01<00:02, 25.64it/s]
 35%|███▌      | 28/79 [00:01<00:01, 27.48it/s]
 41%|████      | 32/79 [00:01<00:01, 28.30it/s]
 46%|████▌     | 36/79 [00:01<00:01, 29.89it/s]
 51%|█████     | 40/79 [00:01<00:01, 30.71it/s]
 56%|█████▌    | 44/79 [00:01<00:01, 24.56it/s]
 62%|██████▏   | 49/79 [00:01<00:01, 29.61it/s]
 67%|██████▋   | 53/79 [00:02<00:01, 25.07it/s]
 71%|███████   | 56/79 [00:02<00:01, 22.64it/s]
 76%|███████▌  | 60/79 [00:02<00:00, 22.72it/s]
 80%|███████▉  | 63/79 [00:02<00:00, 23.57it/s]
 84%|████████▎ | 66/79 [00:02<00:00, 20.52it/s]
 87%|████████▋ | 69/79 [00:02<00:00, 22.36it/s]
 91%|█████████ | 72/79 [00:03<00:00, 20.61it/s]
 95%|█████████▍| 75/79 [00:03<00:00, 21.45it/s]
100%|██████████| 79/79 [00:03<00:00, 24.77it/s]
100%|██████████| 79/79 [00:03<00:00, 23.57it/s]

CommRound: 7/30
Accuracy: 10.55% | Loss: 2.8941
[##############----------------------------------------------] 23.3%
Elapsed: 1.9m | Avg/Round: 16.1s | Last: 15.3s | Next: 16.1s | Remaining: 6.2m
ETA: 11:59:18
Recent round times: R1: 15.2s -> R2: 15.2s -> R3: 15.4s -> R4: 17.2s -> R5: 15.3s

  0%|          | 0/79 [00:00<?, ?it/s]
  1%|▏         | 1/79 [00:00<00:13,  5.86it/s]
  6%|▋         | 5/79 [00:00<00:03, 19.27it/s]
 10%|█         | 8/79 [00:00<00:03, 20.19it/s]
 14%|█▍        | 11/79 [00:00<00:03, 21.60it/s]
 20%|██        | 16/79 [00:00<00:03, 19.14it/s]
 25%|██▌       | 20/79 [00:01<00:03, 19.28it/s]
 32%|███▏      | 25/79 [00:01<00:02, 24.47it/s]
 35%|███▌      | 28/79 [00:01<00:02, 25.49it/s]
 39%|███▉      | 31/79 [00:01<00:02, 22.38it/s]
 43%|████▎     | 34/79 [00:01<00:02, 17.91it/s]
 49%|████▉     | 39/79 [00:01<00:01, 23.11it/s]
 53%|█████▎    | 42/79 [00:01<00:01, 22.75it/s]
 57%|█████▋    | 45/79 [00:02<00:01, 23.49it/s]
 61%|██████    | 48/79 [00:02<00:01, 22.88it/s]
 65%|██████▍   | 51/79 [00:02<00:01, 22.58it/s]
 68%|██████▊   | 54/79 [00:02<00:01, 22.93it/s]
 72%|███████▏  | 57/79 [00:02<00:00, 22.40it/s]
 76%|███████▌  | 60/79 [00:02<00:00, 21.97it/s]
 80%|███████▉  | 63/79 [00:02<00:00, 23.57it/s]
 84%|████████▎ | 66/79 [00:03<00:00, 21.51it/s]
 87%|████████▋ | 69/79 [00:03<00:00, 23.41it/s]
 91%|█████████ | 72/79 [00:03<00:00, 21.84it/s]
 96%|█████████▌| 76/79 [00:03<00:00, 22.18it/s]
100%|██████████| 79/79 [00:03<00:00, 22.09it/s]

CommRound: 8/30
Accuracy: 11.50% | Loss: 2.9097
[################--------------------------------------------] 26.7%
Elapsed: 2.1m | Avg/Round: 16.1s | Last: 15.6s | Next: 16.1s | Remaining: 5.9m
ETA: 11:59:16
Recent round times: R1: 15.2s -> R2: 15.4s -> R3: 17.2s -> R4: 15.3s -> R5: 15.6s

  0%|          | 0/79 [00:00<?, ?it/s]
  1%|▏         | 1/79 [00:00<00:13,  5.89it/s]
  6%|▋         | 5/79 [00:00<00:04, 17.65it/s]
 11%|█▏        | 9/79 [00:00<00:03, 22.63it/s]
 16%|█▋        | 13/79 [00:00<00:02, 26.10it/s]
 22%|██▏       | 17/79 [00:00<00:02, 27.31it/s]
 25%|██▌       | 20/79 [00:00<00:02, 26.83it/s]
 29%|██▉       | 23/79 [00:00<00:02, 26.57it/s]
 33%|███▎      | 26/79 [00:01<00:02, 23.88it/s]
 37%|███▋      | 29/79 [00:01<00:02, 24.99it/s]
 41%|████      | 32/79 [00:01<00:01, 24.69it/s]
 44%|████▍     | 35/79 [00:01<00:01, 24.89it/s]
 48%|████▊     | 38/79 [00:01<00:01, 21.26it/s]
 54%|█████▍    | 43/79 [00:01<00:01, 26.17it/s]
 58%|█████▊    | 46/79 [00:01<00:01, 25.34it/s]
 62%|██████▏   | 49/79 [00:02<00:01, 24.80it/s]
 66%|██████▌   | 52/79 [00:02<00:01, 23.61it/s]
 70%|██████▉   | 55/79 [00:02<00:01, 20.92it/s]
 77%|███████▋  | 61/79 [00:02<00:00, 25.83it/s]
 82%|████████▏ | 65/79 [00:02<00:00, 27.65it/s]
 86%|████████▌ | 68/79 [00:02<00:00, 27.91it/s]
 90%|████████▉ | 71/79 [00:02<00:00, 26.12it/s]
 94%|█████████▎| 74/79 [00:03<00:00, 24.56it/s]
100%|██████████| 79/79 [00:03<00:00, 25.08it/s]

CommRound: 9/30
Accuracy: 12.61% | Loss: 2.9216
[##################------------------------------------------] 30.0%
Elapsed: 2.4m | Avg/Round: 16.0s | Last: 15.2s | Next: 16.0s | Remaining: 5.6m
ETA: 11:59:13
Recent round times: R1: 15.4s -> R2: 17.2s -> R3: 15.3s -> R4: 15.6s -> R5: 15.2s

  0%|          | 0/79 [00:00<?, ?it/s]
  1%|▏         | 1/79 [00:00<00:15,  5.18it/s]
  4%|▍         | 3/79 [00:00<00:10,  7.05it/s]
 10%|█         | 8/79 [00:00<00:03, 18.48it/s]
 14%|█▍        | 11/79 [00:00<00:03, 21.26it/s]
 19%|█▉        | 15/79 [00:00<00:02, 22.81it/s]
 24%|██▍       | 19/79 [00:01<00:02, 20.28it/s]
 29%|██▉       | 23/79 [00:01<00:02, 24.24it/s]
 33%|███▎      | 26/79 [00:01<00:02, 20.53it/s]
 39%|███▉      | 31/79 [00:01<00:01, 26.03it/s]
 44%|████▍     | 35/79 [00:01<00:01, 27.30it/s]
 49%|████▉     | 39/79 [00:01<00:01, 26.76it/s]
 54%|█████▍    | 43/79 [00:01<00:01, 26.87it/s]
 59%|█████▉    | 47/79 [00:02<00:01, 26.53it/s]
 63%|██████▎   | 50/79 [00:02<00:01, 24.80it/s]
 67%|██████▋   | 53/79 [00:02<00:01, 22.96it/s]
 72%|███████▏  | 57/79 [00:02<00:00, 24.35it/s]
 77%|███████▋  | 61/79 [00:02<00:00, 23.88it/s]
 81%|████████  | 64/79 [00:02<00:00, 25.05it/s]
 85%|████████▍ | 67/79 [00:02<00:00, 21.87it/s]
 90%|████████▉ | 71/79 [00:03<00:00, 22.27it/s]
 94%|█████████▎| 74/79 [00:03<00:00, 22.09it/s]
 97%|█████████▋| 77/79 [00:03<00:00, 22.11it/s]
100%|██████████| 79/79 [00:03<00:00, 22.58it/s]

CommRound: 10/30
Accuracy: 13.08% | Loss: 2.9302
[####################----------------------------------------] 33.3%
Elapsed: 2.7m | Avg/Round: 15.9s | Last: 15.7s | Next: 15.9s | Remaining: 5.3m
ETA: 11:59:12
Recent round times: R1: 17.2s -> R2: 15.3s -> R3: 15.6s -> R4: 15.2s -> R5: 15.7s

  0%|          | 0/79 [00:00<?, ?it/s]
  1%|▏         | 1/79 [00:00<00:09,  8.08it/s]
  5%|▌         | 4/79 [00:00<00:04, 16.82it/s]
  8%|▊         | 6/79 [00:00<00:04, 17.82it/s]
 10%|█         | 8/79 [00:00<00:04, 17.33it/s]
 13%|█▎        | 10/79 [00:00<00:03, 17.99it/s]
 16%|█▋        | 13/79 [00:00<00:03, 19.22it/s]
 20%|██        | 16/79 [00:00<00:03, 19.27it/s]
 24%|██▍       | 19/79 [00:01<00:02, 20.35it/s]
 28%|██▊       | 22/79 [00:01<00:02, 20.13it/s]
 32%|███▏      | 25/79 [00:01<00:02, 20.11it/s]
 35%|███▌      | 28/79 [00:01<00:02, 18.00it/s]
 38%|███▊      | 30/79 [00:01<00:02, 17.58it/s]
 41%|████      | 32/79 [00:01<00:02, 18.07it/s]
 44%|████▍     | 35/79 [00:01<00:02, 20.18it/s]
 48%|████▊     | 38/79 [00:01<00:01, 22.54it/s]
 52%|█████▏    | 41/79 [00:02<00:01, 23.88it/s]
 56%|█████▌    | 44/79 [00:02<00:01, 24.90it/s]
 59%|█████▉    | 47/79 [00:02<00:01, 24.80it/s]
 63%|██████▎   | 50/79 [00:02<00:01, 25.24it/s]
 67%|██████▋   | 53/79 [00:02<00:01, 23.68it/s]
 71%|███████   | 56/79 [00:02<00:00, 24.12it/s]
 75%|███████▍  | 59/79 [00:02<00:00, 23.81it/s]
 78%|███████▊  | 62/79 [00:02<00:00, 23.86it/s]
 82%|████████▏ | 65/79 [00:03<00:00, 23.99it/s]
 86%|████████▌ | 68/79 [00:03<00:00, 24.04it/s]
 90%|████████▉ | 71/79 [00:03<00:00, 23.93it/s]
 94%|█████████▎| 74/79 [00:03<00:00, 23.77it/s]
 97%|█████████▋| 77/79 [00:03<00:00, 24.62it/s]
100%|██████████| 79/79 [00:03<00:00, 21.84it/s]

CommRound: 11/30
Accuracy: 13.14% | Loss: 2.9396
[######################--------------------------------------] 36.7%
Elapsed: 2.9m | Avg/Round: 15.9s | Last: 15.9s | Next: 15.9s | Remaining: 5.0m
ETA: 11:59:12
Recent round times: R1: 15.3s -> R2: 15.6s -> R3: 15.2s -> R4: 15.7s -> R5: 15.9s

  0%|          | 0/79 [00:00<?, ?it/s]
  1%|▏         | 1/79 [00:00<00:15,  5.12it/s]
  6%|▋         | 5/79 [00:00<00:05, 12.98it/s]
 13%|█▎        | 10/79 [00:00<00:03, 22.88it/s]
 16%|█▋        | 13/79 [00:00<00:02, 23.46it/s]
 20%|██        | 16/79 [00:00<00:03, 20.89it/s]
 25%|██▌       | 20/79 [00:00<00:02, 22.16it/s]
 30%|███       | 24/79 [00:01<00:02, 23.70it/s]
 35%|███▌      | 28/79 [00:01<00:02, 25.35it/s]
 41%|████      | 32/79 [00:01<00:01, 24.31it/s]
 47%|████▋     | 37/79 [00:01<00:01, 29.24it/s]
 52%|█████▏    | 41/79 [00:01<00:01, 22.37it/s]
 58%|█████▊    | 46/79 [00:01<00:01, 27.01it/s]
 63%|██████▎   | 50/79 [00:02<00:01, 23.46it/s]
 67%|██████▋   | 53/79 [00:02<00:01, 22.57it/s]
 72%|███████▏  | 57/79 [00:02<00:00, 22.83it/s]
 77%|███████▋  | 61/79 [00:02<00:00, 23.61it/s]
 82%|████████▏ | 65/79 [00:02<00:00, 23.73it/s]
 87%|████████▋ | 69/79 [00:03<00:00, 23.45it/s]
 91%|█████████ | 72/79 [00:03<00:00, 24.67it/s]
 95%|█████████▍| 75/79 [00:03<00:00, 21.86it/s]
100%|██████████| 79/79 [00:03<00:00, 23.45it/s]

CommRound: 12/30
Accuracy: 13.05% | Loss: 2.9525
[########################------------------------------------] 40.0%
Elapsed: 3.2m | Avg/Round: 15.9s | Last: 16.0s | Next: 15.9s | Remaining: 4.8m
ETA: 11:59:12
Recent round times: R1: 15.6s -> R2: 15.2s -> R3: 15.7s -> R4: 15.9s -> R5: 16.0s

  0%|          | 0/79 [00:00<?, ?it/s]
  1%|▏         | 1/79 [00:00<00:14,  5.38it/s]
  5%|▌         | 4/79 [00:00<00:04, 15.65it/s]
  9%|▉         | 7/79 [00:00<00:04, 16.30it/s]
 14%|█▍        | 11/79 [00:00<00:03, 22.62it/s]
 19%|█▉        | 15/79 [00:00<00:02, 24.61it/s]
 23%|██▎       | 18/79 [00:00<00:02, 24.67it/s]
 27%|██▋       | 21/79 [00:00<00:02, 24.08it/s]
 32%|███▏      | 25/79 [00:01<00:02, 26.74it/s]
 37%|███▋      | 29/79 [00:01<00:01, 28.08it/s]
 41%|████      | 32/79 [00:01<00:01, 27.12it/s]
 46%|████▌     | 36/79 [00:01<00:01, 26.14it/s]
 51%|█████     | 40/79 [00:01<00:01, 24.60it/s]
 54%|█████▍    | 43/79 [00:01<00:01, 25.14it/s]
 58%|█████▊    | 46/79 [00:01<00:01, 21.85it/s]
 62%|██████▏   | 49/79 [00:02<00:01, 22.92it/s]
 66%|██████▌   | 52/79 [00:02<00:01, 20.66it/s]
 70%|██████▉   | 55/79 [00:02<00:01, 22.68it/s]
 73%|███████▎  | 58/79 [00:02<00:00, 22.23it/s]
 77%|███████▋  | 61/79 [00:02<00:00, 18.04it/s]
 84%|████████▎ | 66/79 [00:02<00:00, 24.13it/s]
 87%|████████▋ | 69/79 [00:02<00:00, 25.27it/s]
 91%|█████████ | 72/79 [00:03<00:00, 24.91it/s]
 95%|█████████▍| 75/79 [00:03<00:00, 23.65it/s]
100%|██████████| 79/79 [00:03<00:00, 27.20it/s]
100%|██████████| 79/79 [00:03<00:00, 23.42it/s]

CommRound: 13/30
Accuracy: 12.64% | Loss: 2.9671
[##########################----------------------------------] 43.3%
Elapsed: 3.4m | Avg/Round: 15.9s | Last: 15.4s | Next: 15.9s | Remaining: 4.5m
ETA: 11:59:11
Recent round times: R1: 15.2s -> R2: 15.7s -> R3: 15.9s -> R4: 16.0s -> R5: 15.4s

  0%|          | 0/79 [00:00<?, ?it/s]
  1%|▏         | 1/79 [00:00<00:09,  8.25it/s]
  4%|▍         | 3/79 [00:00<00:05, 13.63it/s]
  6%|▋         | 5/79 [00:00<00:05, 14.09it/s]
  9%|▉         | 7/79 [00:00<00:05, 14.40it/s]
 11%|█▏        | 9/79 [00:00<00:04, 14.26it/s]
 14%|█▍        | 11/79 [00:00<00:04, 14.63it/s]
 16%|█▋        | 13/79 [00:00<00:04, 14.66it/s]
 19%|█▉        | 15/79 [00:01<00:04, 15.63it/s]
 22%|██▏       | 17/79 [00:01<00:04, 12.73it/s]
 28%|██▊       | 22/79 [00:01<00:02, 20.72it/s]
 32%|███▏      | 25/79 [00:01<00:02, 22.92it/s]
 35%|███▌      | 28/79 [00:01<00:02, 23.37it/s]
 41%|████      | 32/79 [00:01<00:01, 25.96it/s]
 44%|████▍     | 35/79 [00:01<00:01, 26.92it/s]
 49%|████▉     | 39/79 [00:01<00:01, 27.89it/s]
 54%|█████▍    | 43/79 [00:02<00:01, 22.23it/s]
 62%|██████▏   | 49/79 [00:02<00:01, 28.94it/s]
 67%|██████▋   | 53/79 [00:02<00:00, 27.12it/s]
 72%|███████▏  | 57/79 [00:02<00:00, 27.03it/s]
 77%|███████▋  | 61/79 [00:02<00:00, 27.81it/s]
 82%|████████▏ | 65/79 [00:02<00:00, 27.75it/s]
 86%|████████▌ | 68/79 [00:03<00:00, 28.02it/s]
 90%|████████▉ | 71/79 [00:03<00:00, 23.17it/s]
 94%|█████████▎| 74/79 [00:03<00:00, 16.73it/s]
 97%|█████████▋| 77/79 [00:03<00:00, 15.98it/s]
100%|██████████| 79/79 [00:03<00:00, 20.78it/s]

CommRound: 14/30
Accuracy: 12.52% | Loss: 2.9814
[############################--------------------------------] 46.7%
Elapsed: 3.7m | Avg/Round: 15.9s | Last: 15.8s | Next: 15.9s | Remaining: 4.2m
ETA: 11:59:11
Recent round times: R1: 15.7s -> R2: 15.9s -> R3: 16.0s -> R4: 15.4s -> R5: 15.8s

  0%|          | 0/79 [00:00<?, ?it/s]
  1%|▏         | 1/79 [00:00<00:13,  5.81it/s]
  4%|▍         | 3/79 [00:00<00:06, 11.62it/s]
  8%|▊         | 6/79 [00:00<00:05, 13.06it/s]
 13%|█▎        | 10/79 [00:00<00:03, 17.60it/s]
 18%|█▊        | 14/79 [00:00<00:03, 20.70it/s]
 23%|██▎       | 18/79 [00:00<00:02, 24.45it/s]
 27%|██▋       | 21/79 [00:01<00:03, 18.47it/s]
 32%|███▏      | 25/79 [00:01<00:02, 22.42it/s]
 35%|███▌      | 28/79 [00:01<00:02, 21.92it/s]
 41%|████      | 32/79 [00:01<00:02, 22.13it/s]
 46%|████▌     | 36/79 [00:01<00:01, 24.23it/s]
 51%|█████     | 40/79 [00:01<00:01, 25.76it/s]
 54%|█████▍    | 43/79 [00:02<00:01, 22.88it/s]
 61%|██████    | 48/79 [00:02<00:01, 26.91it/s]
 65%|██████▍   | 51/79 [00:02<00:01, 24.07it/s]
 68%|██████▊   | 54/79 [00:02<00:01, 20.14it/s]
 72%|███████▏  | 57/79 [00:02<00:01, 18.41it/s]
 75%|███████▍  | 59/79 [00:02<00:01, 17.88it/s]
 77%|███████▋  | 61/79 [00:03<00:01, 17.67it/s]
 80%|███████▉  | 63/79 [00:03<00:00, 16.73it/s]
 82%|████████▏ | 65/79 [00:03<00:00, 17.17it/s]
 85%|████████▍ | 67/79 [00:03<00:00, 16.13it/s]
 87%|████████▋ | 69/79 [00:03<00:00, 15.58it/s]
 90%|████████▉ | 71/79 [00:03<00:00, 15.74it/s]
 92%|█████████▏| 73/79 [00:03<00:00, 15.24it/s]
 95%|█████████▍| 75/79 [00:03<00:00, 16.38it/s]
 97%|█████████▋| 77/79 [00:04<00:00, 15.50it/s]
100%|██████████| 79/79 [00:04<00:00, 19.24it/s]

CommRound: 15/30
Accuracy: 12.29% | Loss: 2.9934
[##############################------------------------------] 50.0%
Elapsed: 4.0m | Avg/Round: 15.9s | Last: 16.2s | Next: 15.9s | Remaining: 4.0m
ETA: 11:59:11
Recent round times: R1: 15.9s -> R2: 16.0s -> R3: 15.4s -> R4: 15.8s -> R5: 16.2s

  0%|          | 0/79 [00:00<?, ?it/s]
  1%|▏         | 1/79 [00:00<00:16,  4.66it/s]
  4%|▍         | 3/79 [00:00<00:09,  7.63it/s]
  9%|▉         | 7/79 [00:00<00:04, 14.51it/s]
 13%|█▎        | 10/79 [00:00<00:04, 14.22it/s]
 19%|█▉        | 15/79 [00:00<00:03, 20.92it/s]
 24%|██▍       | 19/79 [00:01<00:02, 23.20it/s]
 29%|██▉       | 23/79 [00:01<00:02, 25.47it/s]
 34%|███▍      | 27/79 [00:01<00:01, 27.05it/s]
 39%|███▉      | 31/79 [00:01<00:01, 27.93it/s]
 44%|████▍     | 35/79 [00:01<00:01, 28.46it/s]
 49%|████▉     | 39/79 [00:01<00:01, 29.12it/s]
 54%|█████▍    | 43/79 [00:01<00:01, 29.17it/s]
 58%|█████▊    | 46/79 [00:01<00:01, 29.16it/s]
 63%|██████▎   | 50/79 [00:02<00:00, 31.19it/s]
 68%|██████▊   | 54/79 [00:02<00:00, 25.19it/s]
 72%|███████▏  | 57/79 [00:02<00:01, 19.59it/s]
 76%|███████▌  | 60/79 [00:02<00:01, 16.21it/s]
 82%|████████▏ | 65/79 [00:02<00:00, 21.27it/s]
 86%|████████▌ | 68/79 [00:03<00:00, 22.67it/s]
 91%|█████████ | 72/79 [00:03<00:00, 26.26it/s]
 96%|█████████▌| 76/79 [00:03<00:00, 28.69it/s]
100%|██████████| 79/79 [00:03<00:00, 23.74it/s]

CommRound: 16/30
Accuracy: 12.20% | Loss: 3.0031
[################################----------------------------] 53.3%
Elapsed: 4.2m | Avg/Round: 15.9s | Last: 15.5s | Next: 15.9s | Remaining: 3.7m
ETA: 11:59:11
Recent round times: R1: 16.0s -> R2: 15.4s -> R3: 15.8s -> R4: 16.2s -> R5: 15.5s

  0%|          | 0/79 [00:00<?, ?it/s]
  1%|▏         | 1/79 [00:00<00:08,  8.75it/s]
  6%|▋         | 5/79 [00:00<00:03, 24.49it/s]
 11%|█▏        | 9/79 [00:00<00:02, 29.06it/s]
 16%|█▋        | 13/79 [00:00<00:02, 29.91it/s]
 22%|██▏       | 17/79 [00:00<00:01, 31.54it/s]
 27%|██▋       | 21/79 [00:00<00:01, 32.51it/s]
 32%|███▏      | 25/79 [00:00<00:01, 32.62it/s]
 37%|███▋      | 29/79 [00:00<00:01, 33.26it/s]
 42%|████▏     | 33/79 [00:01<00:01, 34.25it/s]
 47%|████▋     | 37/79 [00:01<00:01, 34.91it/s]
 52%|█████▏    | 41/79 [00:01<00:01, 35.49it/s]
 57%|█████▋    | 45/79 [00:01<00:00, 35.14it/s]
 62%|██████▏   | 49/79 [00:01<00:00, 35.17it/s]
 67%|██████▋   | 53/79 [00:01<00:00, 35.06it/s]
 72%|███████▏  | 57/79 [00:01<00:00, 35.01it/s]
 77%|███████▋  | 61/79 [00:01<00:00, 34.84it/s]
 82%|████████▏ | 65/79 [00:01<00:00, 34.57it/s]
 87%|████████▋ | 69/79 [00:02<00:00, 34.55it/s]
 92%|█████████▏| 73/79 [00:02<00:00, 35.36it/s]
 97%|█████████▋| 77/79 [00:02<00:00, 35.72it/s]
100%|██████████| 79/79 [00:02<00:00, 33.46it/s]

CommRound: 17/30
Accuracy: 12.07% | Loss: 3.0103
[##################################--------------------------] 56.7%
Elapsed: 4.5m | Avg/Round: 15.8s | Last: 14.3s | Next: 15.8s | Remaining: 3.4m
ETA: 11:59:08
Recent round times: R1: 15.4s -> R2: 15.8s -> R3: 16.2s -> R4: 15.5s -> R5: 14.3s

  0%|          | 0/79 [00:00<?, ?it/s]
  1%|▏         | 1/79 [00:00<00:08,  9.65it/s]
  6%|▋         | 5/79 [00:00<00:02, 25.45it/s]
 11%|█▏        | 9/79 [00:00<00:02, 29.74it/s]
 16%|█▋        | 13/79 [00:00<00:02, 31.79it/s]
 22%|██▏       | 17/79 [00:00<00:01, 32.43it/s]
 27%|██▋       | 21/79 [00:00<00:01, 33.70it/s]
 32%|███▏      | 25/79 [00:00<00:01, 34.00it/s]
 37%|███▋      | 29/79 [00:00<00:01, 34.22it/s]
 42%|████▏     | 33/79 [00:01<00:01, 34.45it/s]
 47%|████▋     | 37/79 [00:01<00:01, 34.45it/s]
 52%|█████▏    | 41/79 [00:01<00:01, 34.73it/s]
 57%|█████▋    | 45/79 [00:01<00:00, 34.08it/s]
 62%|██████▏   | 49/79 [00:01<00:00, 34.00it/s]
 67%|██████▋   | 53/79 [00:01<00:00, 33.68it/s]
 72%|███████▏  | 57/79 [00:01<00:00, 33.37it/s]
 77%|███████▋  | 61/79 [00:01<00:00, 32.89it/s]
 82%|████████▏ | 65/79 [00:01<00:00, 33.04it/s]
 87%|████████▋ | 69/79 [00:02<00:00, 32.72it/s]
 92%|█████████▏| 73/79 [00:02<00:00, 32.73it/s]
 97%|█████████▋| 77/79 [00:02<00:00, 32.85it/s]
100%|██████████| 79/79 [00:02<00:00, 32.63it/s]

CommRound: 18/30
Accuracy: 12.00% | Loss: 3.0169
[####################################------------------------] 60.0%
Elapsed: 4.7m | Avg/Round: 15.7s | Last: 14.6s | Next: 15.7s | Remaining: 3.1m
ETA: 11:59:06
Recent round times: R1: 15.8s -> R2: 16.2s -> R3: 15.5s -> R4: 14.3s -> R5: 14.6s

  0%|          | 0/79 [00:00<?, ?it/s]
  1%|▏         | 1/79 [00:00<00:08,  9.66it/s]
  5%|▌         | 4/79 [00:00<00:03, 19.65it/s]
  8%|▊         | 6/79 [00:00<00:03, 19.64it/s]
 11%|█▏        | 9/79 [00:00<00:03, 18.72it/s]
 15%|█▌        | 12/79 [00:00<00:03, 21.95it/s]
 19%|█▉        | 15/79 [00:00<00:03, 20.18it/s]
 24%|██▍       | 19/79 [00:00<00:02, 23.73it/s]
 29%|██▉       | 23/79 [00:01<00:02, 26.55it/s]
 34%|███▍      | 27/79 [00:01<00:01, 29.13it/s]
 39%|███▉      | 31/79 [00:01<00:01, 30.58it/s]
 44%|████▍     | 35/79 [00:01<00:01, 31.51it/s]
 49%|████▉     | 39/79 [00:01<00:01, 32.10it/s]
 54%|█████▍    | 43/79 [00:01<00:01, 32.31it/s]
 59%|█████▉    | 47/79 [00:01<00:00, 32.14it/s]
 65%|██████▍   | 51/79 [00:01<00:00, 32.22it/s]
 70%|██████▉   | 55/79 [00:01<00:00, 31.90it/s]
 75%|███████▍  | 59/79 [00:02<00:00, 31.22it/s]
 80%|███████▉  | 63/79 [00:02<00:00, 32.22it/s]
 85%|████████▍ | 67/79 [00:02<00:00, 32.86it/s]
 90%|████████▉ | 71/79 [00:02<00:00, 32.80it/s]
 95%|█████████▍| 75/79 [00:02<00:00, 33.46it/s]
100%|██████████| 79/79 [00:02<00:00, 29.58it/s]

CommRound: 19/30
Accuracy: 11.99% | Loss: 3.0223
[######################################----------------------] 63.3%
Elapsed: 5.0m | Avg/Round: 15.7s | Last: 14.8s | Next: 15.7s | Remaining: 2.9m
ETA: 11:59:04
Recent round times: R1: 16.2s -> R2: 15.5s -> R3: 14.3s -> R4: 14.6s -> R5: 14.8s

  0%|          | 0/79 [00:00<?, ?it/s]
  1%|▏         | 1/79 [00:00<00:08,  9.48it/s]
  6%|▋         | 5/79 [00:00<00:02, 26.08it/s]
 11%|█▏        | 9/79 [00:00<00:02, 30.73it/s]
 16%|█▋        | 13/79 [00:00<00:02, 32.69it/s]
 22%|██▏       | 17/79 [00:00<00:01, 31.99it/s]
 27%|██▋       | 21/79 [00:00<00:01, 32.07it/s]
 32%|███▏      | 25/79 [00:00<00:01, 32.56it/s]
 37%|███▋      | 29/79 [00:00<00:01, 32.47it/s]
 42%|████▏     | 33/79 [00:01<00:01, 32.66it/s]
 47%|████▋     | 37/79 [00:01<00:01, 32.91it/s]
 52%|█████▏    | 41/79 [00:01<00:01, 33.13it/s]
 57%|█████▋    | 45/79 [00:01<00:01, 33.26it/s]
 62%|██████▏   | 49/79 [00:01<00:00, 31.21it/s]
 67%|██████▋   | 53/79 [00:01<00:00, 29.47it/s]
 72%|███████▏  | 57/79 [00:01<00:00, 30.70it/s]
 77%|███████▋  | 61/79 [00:01<00:00, 31.71it/s]
 82%|████████▏ | 65/79 [00:02<00:00, 32.42it/s]
 87%|████████▋ | 69/79 [00:02<00:00, 32.15it/s]
 92%|█████████▏| 73/79 [00:02<00:00, 32.80it/s]
 97%|█████████▋| 77/79 [00:02<00:00, 33.37it/s]
100%|██████████| 79/79 [00:02<00:00, 32.19it/s]

CommRound: 20/30
Accuracy: 12.03% | Loss: 3.0248
[########################################--------------------] 66.7%
Elapsed: 5.2m | Avg/Round: 15.6s | Last: 14.6s | Next: 15.6s | Remaining: 2.6m
ETA: 11:59:03
Recent round times: R1: 15.5s -> R2: 14.3s -> R3: 14.6s -> R4: 14.8s -> R5: 14.6s

  0%|          | 0/79 [00:00<?, ?it/s]
  1%|▏         | 1/79 [00:00<00:11,  6.53it/s]
  6%|▋         | 5/79 [00:00<00:04, 18.13it/s]
 11%|█▏        | 9/79 [00:00<00:03, 20.02it/s]
 15%|█▌        | 12/79 [00:00<00:02, 22.57it/s]
 19%|█▉        | 15/79 [00:00<00:03, 19.95it/s]
 23%|██▎       | 18/79 [00:00<00:02, 21.95it/s]
 27%|██▋       | 21/79 [00:01<00:02, 20.48it/s]
 30%|███       | 24/79 [00:01<00:02, 22.19it/s]
 34%|███▍      | 27/79 [00:01<00:02, 19.50it/s]
 38%|███▊      | 30/79 [00:01<00:02, 21.27it/s]
 42%|████▏     | 33/79 [00:01<00:02, 18.99it/s]
 46%|████▌     | 36/79 [00:01<00:02, 20.81it/s]
 49%|████▉     | 39/79 [00:01<00:01, 21.62it/s]
 53%|█████▎    | 42/79 [00:02<00:01, 23.17it/s]
 57%|█████▋    | 45/79 [00:02<00:01, 20.00it/s]
 61%|██████    | 48/79 [00:02<00:01, 21.82it/s]
 65%|██████▍   | 51/79 [00:02<00:01, 22.40it/s]
 70%|██████▉   | 55/79 [00:02<00:00, 24.65it/s]
 75%|███████▍  | 59/79 [00:02<00:00, 26.17it/s]
 80%|███████▉  | 63/79 [00:02<00:00, 25.49it/s]
 84%|████████▎ | 66/79 [00:02<00:00, 25.75it/s]
 87%|████████▋ | 69/79 [00:03<00:00, 22.87it/s]
 91%|█████████ | 72/79 [00:03<00:00, 23.88it/s]
 95%|█████████▍| 75/79 [00:03<00:00, 20.28it/s]
100%|██████████| 79/79 [00:03<00:00, 22.05it/s]

CommRound: 21/30
Accuracy: 12.09% | Loss: 3.0256
[##########################################------------------] 70.0%
Elapsed: 5.5m | Avg/Round: 15.6s | Last: 15.8s | Next: 15.6s | Remaining: 2.3m
ETA: 11:59:03
Recent round times: R1: 14.3s -> R2: 14.6s -> R3: 14.8s -> R4: 14.6s -> R5: 15.8s

  0%|          | 0/79 [00:00<?, ?it/s]
  1%|▏         | 1/79 [00:00<00:10,  7.35it/s]
  6%|▋         | 5/79 [00:00<00:03, 21.60it/s]
 11%|█▏        | 9/79 [00:00<00:02, 26.37it/s]
 15%|█▌        | 12/79 [00:00<00:02, 26.94it/s]
 19%|█▉        | 15/79 [00:00<00:02, 25.91it/s]
 24%|██▍       | 19/79 [00:00<00:02, 28.32it/s]
 29%|██▉       | 23/79 [00:00<00:01, 29.97it/s]
 34%|███▍      | 27/79 [00:00<00:01, 30.93it/s]
 39%|███▉      | 31/79 [00:01<00:01, 30.76it/s]
 44%|████▍     | 35/79 [00:01<00:01, 30.97it/s]
 49%|████▉     | 39/79 [00:01<00:01, 30.85it/s]
 54%|█████▍    | 43/79 [00:01<00:01, 30.85it/s]
 59%|█████▉    | 47/79 [00:01<00:01, 30.73it/s]
 65%|██████▍   | 51/79 [00:01<00:00, 30.83it/s]
 70%|██████▉   | 55/79 [00:01<00:00, 31.85it/s]
 75%|███████▍  | 59/79 [00:02<00:00, 31.40it/s]
 80%|███████▉  | 63/79 [00:02<00:00, 31.39it/s]
 85%|████████▍ | 67/79 [00:02<00:00, 31.77it/s]
 90%|████████▉ | 71/79 [00:02<00:00, 31.53it/s]
 95%|█████████▍| 75/79 [00:02<00:00, 29.82it/s]
100%|██████████| 79/79 [00:02<00:00, 29.63it/s]
100%|██████████| 79/79 [00:02<00:00, 29.32it/s]

CommRound: 22/30
Accuracy: 12.12% | Loss: 3.0243
[############################################----------------] 73.3%
Elapsed: 5.7m | Avg/Round: 15.6s | Last: 15.0s | Next: 15.6s | Remaining: 2.1m
ETA: 11:59:02
Recent round times: R1: 14.6s -> R2: 14.8s -> R3: 14.6s -> R4: 15.8s -> R5: 15.0s

  0%|          | 0/79 [00:00<?, ?it/s]
  1%|▏         | 1/79 [00:00<00:08,  9.61it/s]
  6%|▋         | 5/79 [00:00<00:03, 24.17it/s]
 11%|█▏        | 9/79 [00:00<00:02, 29.26it/s]
 15%|█▌        | 12/79 [00:00<00:02, 29.50it/s]
 20%|██        | 16/79 [00:00<00:01, 31.62it/s]
 25%|██▌       | 20/79 [00:00<00:01, 32.48it/s]
 30%|███       | 24/79 [00:00<00:01, 33.02it/s]
 35%|███▌      | 28/79 [00:00<00:01, 33.29it/s]
 41%|████      | 32/79 [00:01<00:01, 33.23it/s]
 46%|████▌     | 36/79 [00:01<00:01, 33.26it/s]
 51%|█████     | 40/79 [00:01<00:01, 33.25it/s]
 56%|█████▌    | 44/79 [00:01<00:01, 33.35it/s]
 61%|██████    | 48/79 [00:01<00:00, 33.80it/s]
 66%|██████▌   | 52/79 [00:01<00:00, 33.71it/s]
 71%|███████   | 56/79 [00:01<00:00, 33.79it/s]
 76%|███████▌  | 60/79 [00:01<00:00, 33.88it/s]
 81%|████████  | 64/79 [00:01<00:00, 33.72it/s]
 86%|████████▌ | 68/79 [00:02<00:00, 33.19it/s]
 91%|█████████ | 72/79 [00:02<00:00, 33.25it/s]
 96%|█████████▌| 76/79 [00:02<00:00, 33.37it/s]
100%|██████████| 79/79 [00:02<00:00, 32.64it/s]

CommRound: 23/30
Accuracy: 12.17% | Loss: 3.0212
[##############################################--------------] 76.7%
Elapsed: 6.0m | Avg/Round: 15.6s | Last: 14.8s | Next: 15.6s | Remaining: 1.8m
ETA: 11:59:01
Recent round times: R1: 14.8s -> R2: 14.6s -> R3: 15.8s -> R4: 15.0s -> R5: 14.8s

  0%|          | 0/79 [00:00<?, ?it/s]
  1%|▏         | 1/79 [00:00<00:09,  7.96it/s]
  6%|▋         | 5/79 [00:00<00:03, 22.23it/s]
 11%|█▏        | 9/79 [00:00<00:02, 26.10it/s]
 16%|█▋        | 13/79 [00:00<00:02, 28.33it/s]
 22%|██▏       | 17/79 [00:00<00:02, 25.67it/s]
 25%|██▌       | 20/79 [00:00<00:02, 26.45it/s]
 29%|██▉       | 23/79 [00:00<00:02, 25.34it/s]
 34%|███▍      | 27/79 [00:01<00:01, 26.98it/s]
 39%|███▉      | 31/79 [00:01<00:01, 28.02it/s]
 44%|████▍     | 35/79 [00:01<00:01, 28.97it/s]
 49%|████▉     | 39/79 [00:01<00:01, 29.80it/s]
 54%|█████▍    | 43/79 [00:01<00:01, 30.29it/s]
 59%|█████▉    | 47/79 [00:01<00:01, 31.49it/s]
 65%|██████▍   | 51/79 [00:01<00:00, 31.57it/s]
 70%|██████▉   | 55/79 [00:01<00:00, 31.63it/s]
 75%|███████▍  | 59/79 [00:02<00:00, 31.50it/s]
 80%|███████▉  | 63/79 [00:02<00:00, 30.95it/s]
 85%|████████▍ | 67/79 [00:02<00:00, 30.78it/s]
 90%|████████▉ | 71/79 [00:02<00:00, 29.91it/s]
 94%|█████████▎| 74/79 [00:02<00:00, 28.84it/s]
 97%|█████████▋| 77/79 [00:02<00:00, 25.04it/s]
100%|██████████| 79/79 [00:02<00:00, 28.31it/s]

CommRound: 24/30
Accuracy: 12.24% | Loss: 3.0155
[################################################------------] 80.0%
Elapsed: 6.2m | Avg/Round: 15.5s | Last: 15.0s | Next: 15.5s | Remaining: 1.6m
ETA: 11:59:00
Recent round times: R1: 14.6s -> R2: 15.8s -> R3: 15.0s -> R4: 14.8s -> R5: 15.0s

  0%|          | 0/79 [00:00<?, ?it/s]
  1%|▏         | 1/79 [00:00<00:08,  9.32it/s]
  6%|▋         | 5/79 [00:00<00:02, 25.15it/s]
 11%|█▏        | 9/79 [00:00<00:02, 29.63it/s]
 15%|█▌        | 12/79 [00:00<00:02, 29.07it/s]
 20%|██        | 16/79 [00:00<00:02, 29.14it/s]
 25%|██▌       | 20/79 [00:00<00:02, 28.96it/s]
 30%|███       | 24/79 [00:00<00:01, 28.40it/s]
 35%|███▌      | 28/79 [00:01<00:01, 27.52it/s]
 41%|████      | 32/79 [00:01<00:01, 29.51it/s]
 46%|████▌     | 36/79 [00:01<00:01, 30.21it/s]
 51%|█████     | 40/79 [00:01<00:01, 30.19it/s]
 56%|█████▌    | 44/79 [00:01<00:01, 29.60it/s]
 61%|██████    | 48/79 [00:01<00:01, 29.48it/s]
 66%|██████▌   | 52/79 [00:01<00:00, 29.31it/s]
 71%|███████   | 56/79 [00:01<00:00, 29.13it/s]
 76%|███████▌  | 60/79 [00:02<00:00, 30.52it/s]
 81%|████████  | 64/79 [00:02<00:00, 31.43it/s]
 86%|████████▌ | 68/79 [00:02<00:00, 32.31it/s]
 91%|█████████ | 72/79 [00:02<00:00, 32.94it/s]
 96%|█████████▌| 76/79 [00:02<00:00, 33.29it/s]
100%|██████████| 79/79 [00:02<00:00, 30.30it/s]

CommRound: 25/30
Accuracy: 12.31% | Loss: 3.0076
[##################################################----------] 83.3%
Elapsed: 6.5m | Avg/Round: 15.5s | Last: 14.8s | Next: 15.5s | Remaining: 1.3m
ETA: 11:58:59
Recent round times: R1: 15.8s -> R2: 15.0s -> R3: 14.8s -> R4: 15.0s -> R5: 14.8s

  0%|          | 0/79 [00:00<?, ?it/s]
  1%|▏         | 1/79 [00:00<00:08,  8.67it/s]
  6%|▋         | 5/79 [00:00<00:03, 21.26it/s]
 10%|█         | 8/79 [00:00<00:03, 22.80it/s]
 14%|█▍        | 11/79 [00:00<00:02, 23.15it/s]
 19%|█▉        | 15/79 [00:00<00:02, 26.32it/s]
 24%|██▍       | 19/79 [00:00<00:02, 26.77it/s]
 29%|██▉       | 23/79 [00:00<00:01, 29.18it/s]
 34%|███▍      | 27/79 [00:01<00:01, 30.67it/s]
 39%|███▉      | 31/79 [00:01<00:01, 31.89it/s]
 44%|████▍     | 35/79 [00:01<00:01, 31.77it/s]
 49%|████▉     | 39/79 [00:01<00:01, 32.67it/s]
 54%|█████▍    | 43/79 [00:01<00:01, 33.11it/s]
 59%|█████▉    | 47/79 [00:01<00:00, 33.32it/s]
 65%|██████▍   | 51/79 [00:01<00:00, 33.44it/s]
 70%|██████▉   | 55/79 [00:01<00:00, 33.52it/s]
 75%|███████▍  | 59/79 [00:01<00:00, 33.79it/s]
 80%|███████▉  | 63/79 [00:02<00:00, 32.81it/s]
 85%|████████▍ | 67/79 [00:02<00:00, 32.15it/s]
 90%|████████▉ | 71/79 [00:02<00:00, 32.60it/s]
 95%|█████████▍| 75/79 [00:02<00:00, 30.23it/s]
100%|██████████| 79/79 [00:02<00:00, 30.44it/s]

CommRound: 26/30
Accuracy: 12.41% | Loss: 2.9978
[####################################################--------] 86.7%
Elapsed: 6.7m | Avg/Round: 15.5s | Last: 14.9s | Next: 15.5s | Remaining: 1.0m
ETA: 11:58:59
Recent round times: R1: 15.0s -> R2: 14.8s -> R3: 15.0s -> R4: 14.8s -> R5: 14.9s

  0%|          | 0/79 [00:00<?, ?it/s]
  1%|▏         | 1/79 [00:00<00:08,  8.98it/s]
  5%|▌         | 4/79 [00:00<00:03, 19.50it/s]
  8%|▊         | 6/79 [00:00<00:03, 18.27it/s]
 10%|█         | 8/79 [00:00<00:03, 17.96it/s]
 14%|█▍        | 11/79 [00:00<00:03, 21.03it/s]
 19%|█▉        | 15/79 [00:00<00:02, 25.43it/s]
 24%|██▍       | 19/79 [00:00<00:02, 28.39it/s]
 29%|██▉       | 23/79 [00:00<00:01, 30.43it/s]
 34%|███▍      | 27/79 [00:01<00:01, 31.61it/s]
 39%|███▉      | 31/79 [00:01<00:01, 32.02it/s]
 44%|████▍     | 35/79 [00:01<00:01, 32.66it/s]
 49%|████▉     | 39/79 [00:01<00:01, 24.92it/s]
 53%|█████▎    | 42/79 [00:01<00:01, 22.00it/s]
 58%|█████▊    | 46/79 [00:01<00:01, 24.81it/s]
 63%|██████▎   | 50/79 [00:01<00:01, 26.92it/s]
 68%|██████▊   | 54/79 [00:02<00:00, 28.36it/s]
 73%|███████▎  | 58/79 [00:02<00:00, 27.72it/s]
 77%|███████▋  | 61/79 [00:02<00:00, 26.49it/s]
 81%|████████  | 64/79 [00:02<00:00, 22.20it/s]
 85%|████████▍ | 67/79 [00:02<00:00, 22.45it/s]
 89%|████████▊ | 70/79 [00:02<00:00, 18.90it/s]
 92%|█████████▏| 73/79 [00:02<00:00, 21.03it/s]
 96%|█████████▌| 76/79 [00:03<00:00, 19.09it/s]
100%|██████████| 79/79 [00:03<00:00, 24.06it/s]

CommRound: 27/30
Accuracy: 12.55% | Loss: 2.9870
[######################################################------] 90.0%
Elapsed: 7.0m | Avg/Round: 15.5s | Last: 15.4s | Next: 15.5s | Remaining: 0.8m
ETA: 11:58:58
Recent round times: R1: 14.8s -> R2: 15.0s -> R3: 14.8s -> R4: 14.9s -> R5: 15.4s

  0%|          | 0/79 [00:00<?, ?it/s]
  1%|▏         | 1/79 [00:00<00:08,  9.54it/s]
  8%|▊         | 6/79 [00:00<00:02, 28.29it/s]
 13%|█▎        | 10/79 [00:00<00:02, 30.32it/s]
 18%|█▊        | 14/79 [00:00<00:02, 27.53it/s]
 22%|██▏       | 17/79 [00:00<00:02, 26.91it/s]
 25%|██▌       | 20/79 [00:00<00:02, 21.99it/s]
 29%|██▉       | 23/79 [00:00<00:02, 23.12it/s]
 34%|███▍      | 27/79 [00:01<00:01, 26.47it/s]
 39%|███▉      | 31/79 [00:01<00:01, 28.17it/s]
 44%|████▍     | 35/79 [00:01<00:01, 30.61it/s]
 49%|████▉     | 39/79 [00:01<00:01, 31.66it/s]
 54%|█████▍    | 43/79 [00:01<00:01, 32.33it/s]
 59%|█████▉    | 47/79 [00:01<00:00, 32.64it/s]
 65%|██████▍   | 51/79 [00:01<00:00, 32.81it/s]
 70%|██████▉   | 55/79 [00:01<00:00, 32.92it/s]
 75%|███████▍  | 59/79 [00:02<00:00, 32.98it/s]
 80%|███████▉  | 63/79 [00:02<00:00, 32.95it/s]
 85%|████████▍ | 67/79 [00:02<00:00, 33.23it/s]
 90%|████████▉ | 71/79 [00:02<00:00, 32.83it/s]
 95%|█████████▍| 75/79 [00:02<00:00, 30.84it/s]
100%|██████████| 79/79 [00:02<00:00, 31.36it/s]
100%|██████████| 79/79 [00:02<00:00, 29.70it/s]

CommRound: 28/30
Accuracy: 12.76% | Loss: 2.9747
[########################################################----] 93.3%
Elapsed: 7.2m | Avg/Round: 15.5s | Last: 14.9s | Next: 15.5s | Remaining: 0.5m
ETA: 11:58:58
Recent round times: R1: 15.0s -> R2: 14.8s -> R3: 14.9s -> R4: 15.4s -> R5: 14.9s

  0%|          | 0/79 [00:00<?, ?it/s]
  1%|▏         | 1/79 [00:00<00:08,  8.88it/s]
  6%|▋         | 5/79 [00:00<00:03, 23.45it/s]
 11%|█▏        | 9/79 [00:00<00:02, 27.30it/s]
 16%|█▋        | 13/79 [00:00<00:02, 29.44it/s]
 22%|██▏       | 17/79 [00:00<00:02, 30.65it/s]
 27%|██▋       | 21/79 [00:00<00:01, 30.39it/s]
 32%|███▏      | 25/79 [00:00<00:01, 31.45it/s]
 37%|███▋      | 29/79 [00:00<00:01, 32.22it/s]
 42%|████▏     | 33/79 [00:01<00:01, 30.91it/s]
 47%|████▋     | 37/79 [00:01<00:01, 31.41it/s]
 52%|█████▏    | 41/79 [00:01<00:01, 31.88it/s]
 57%|█████▋    | 45/79 [00:01<00:01, 32.28it/s]
 62%|██████▏   | 49/79 [00:01<00:00, 32.57it/s]
 67%|██████▋   | 53/79 [00:01<00:00, 32.05it/s]
 72%|███████▏  | 57/79 [00:01<00:00, 31.97it/s]
 77%|███████▋  | 61/79 [00:01<00:00, 31.58it/s]
 82%|████████▏ | 65/79 [00:02<00:00, 31.19it/s]
 87%|████████▋ | 69/79 [00:02<00:00, 31.71it/s]
 92%|█████████▏| 73/79 [00:02<00:00, 32.13it/s]
 97%|█████████▋| 77/79 [00:02<00:00, 32.42it/s]
100%|██████████| 79/79 [00:02<00:00, 31.35it/s]

CommRound: 29/30
Accuracy: 13.20% | Loss: 2.9595
[##########################################################--] 96.7%
Elapsed: 7.5m | Avg/Round: 15.4s | Last: 14.6s | Next: 15.4s | Remaining: 0.3m
ETA: 11:58:57
Recent round times: R1: 14.8s -> R2: 14.9s -> R3: 15.4s -> R4: 14.9s -> R5: 14.6s

  0%|          | 0/79 [00:00<?, ?it/s]
  1%|▏         | 1/79 [00:00<00:08,  9.37it/s]
  6%|▋         | 5/79 [00:00<00:02, 25.72it/s]
 11%|█▏        | 9/79 [00:00<00:02, 29.96it/s]
 16%|█▋        | 13/79 [00:00<00:02, 31.60it/s]
 22%|██▏       | 17/79 [00:00<00:01, 31.36it/s]
 27%|██▋       | 21/79 [00:00<00:01, 31.37it/s]
 32%|███▏      | 25/79 [00:00<00:01, 31.53it/s]
 37%|███▋      | 29/79 [00:00<00:01, 31.64it/s]
 42%|████▏     | 33/79 [00:01<00:01, 32.05it/s]
 47%|████▋     | 37/79 [00:01<00:01, 33.01it/s]
 52%|█████▏    | 41/79 [00:01<00:01, 33.99it/s]
 57%|█████▋    | 45/79 [00:01<00:00, 34.35it/s]
 62%|██████▏   | 49/79 [00:01<00:00, 34.02it/s]
 67%|██████▋   | 53/79 [00:01<00:00, 33.72it/s]
 72%|███████▏  | 57/79 [00:01<00:00, 33.71it/s]
 77%|███████▋  | 61/79 [00:01<00:00, 33.47it/s]
 82%|████████▏ | 65/79 [00:02<00:00, 33.09it/s]
 87%|████████▋ | 69/79 [00:02<00:00, 32.62it/s]
 92%|█████████▏| 73/79 [00:02<00:00, 32.49it/s]
 97%|█████████▋| 77/79 [00:02<00:00, 32.46it/s]
100%|██████████| 79/79 [00:02<00:00, 32.57it/s]

CommRound: 30/30
Accuracy: 14.22% | Loss: 2.9431
[############################################################] 100.0%
Elapsed: 7.7m | Avg/Round: 15.4s | Last: 14.6s | Next: 15.4s | Remaining: 0.0m
ETA: 11:58:56
Recent round times: R1: 14.9s -> R2: 15.4s -> R3: 14.9s -> R4: 14.6s -> R5: 14.6s
Total time for experiment: 462.0432641506195 seconds
Device average training time per communication round [s]:
    rpi (sld-rpi-09.ece.utexas.edu): 9.13 seconds
    mc1 (sld-mc1-09.ece.utexas.edu): 10.87 seconds
