
  0%|          | 0/79 [00:00<?, ?it/s]
  1%|▏         | 1/79 [00:00<00:12,  6.23it/s]
  5%|▌         | 4/79 [00:00<00:04, 17.25it/s]
  8%|▊         | 6/79 [00:00<00:05, 12.92it/s]
 11%|█▏        | 9/79 [00:00<00:04, 17.28it/s]
 15%|█▌        | 12/79 [00:00<00:03, 20.55it/s]
 19%|█▉        | 15/79 [00:00<00:03, 20.36it/s]
 23%|██▎       | 18/79 [00:00<00:02, 20.67it/s]
 27%|██▋       | 21/79 [00:01<00:03, 15.69it/s]
 33%|███▎      | 26/79 [00:01<00:02, 20.40it/s]
 37%|███▋      | 29/79 [00:01<00:02, 21.68it/s]
 42%|████▏     | 33/79 [00:01<00:01, 25.55it/s]
 46%|████▌     | 36/79 [00:01<00:01, 24.62it/s]
 51%|█████     | 40/79 [00:01<00:01, 25.79it/s]
 54%|█████▍    | 43/79 [00:02<00:01, 24.08it/s]
 58%|█████▊    | 46/79 [00:02<00:01, 21.77it/s]
 63%|██████▎   | 50/79 [00:02<00:01, 21.61it/s]
 68%|██████▊   | 54/79 [00:02<00:01, 23.22it/s]
 73%|███████▎  | 58/79 [00:02<00:00, 23.10it/s]
 78%|███████▊  | 62/79 [00:02<00:00, 24.71it/s]
 82%|████████▏ | 65/79 [00:03<00:00, 22.50it/s]
 86%|████████▌ | 68/79 [00:03<00:00, 17.02it/s]
 91%|█████████ | 72/79 [00:03<00:00, 19.32it/s]
 96%|█████████▌| 76/79 [00:03<00:00, 21.52it/s]
100%|██████████| 79/79 [00:03<00:00, 21.35it/s]
Initial Accuracy: 7.64%; Initial Loss: 2.3430

  0%|          | 0/79 [00:00<?, ?it/s]
  1%|▏         | 1/79 [00:00<00:11,  6.52it/s]
  6%|▋         | 5/79 [00:00<00:04, 17.55it/s]
 10%|█         | 8/79 [00:00<00:03, 21.74it/s]
 14%|█▍        | 11/79 [00:00<00:03, 18.93it/s]
 18%|█▊        | 14/79 [00:00<00:03, 17.34it/s]
 23%|██▎       | 18/79 [00:00<00:02, 22.53it/s]
 27%|██▋       | 21/79 [00:01<00:03, 18.70it/s]
 32%|███▏      | 25/79 [00:01<00:02, 21.00it/s]
 35%|███▌      | 28/79 [00:01<00:02, 22.51it/s]
 39%|███▉      | 31/79 [00:01<00:02, 19.37it/s]
 44%|████▍     | 35/79 [00:01<00:02, 19.65it/s]
 48%|████▊     | 38/79 [00:01<00:01, 20.71it/s]
 52%|█████▏    | 41/79 [00:02<00:01, 19.55it/s]
 56%|█████▌    | 44/79 [00:02<00:01, 21.21it/s]
 59%|█████▉    | 47/79 [00:02<00:01, 19.05it/s]
 63%|██████▎   | 50/79 [00:02<00:01, 16.26it/s]
 66%|██████▌   | 52/79 [00:02<00:01, 16.27it/s]
 70%|██████▉   | 55/79 [00:02<00:01, 15.94it/s]
 76%|███████▌  | 60/79 [00:03<00:00, 19.85it/s]
 80%|███████▉  | 63/79 [00:03<00:00, 17.14it/s]
 87%|████████▋ | 69/79 [00:03<00:00, 21.27it/s]
 91%|█████████ | 72/79 [00:03<00:00, 21.21it/s]
 95%|█████████▍| 75/79 [00:03<00:00, 20.56it/s]
 99%|█████████▊| 78/79 [00:03<00:00, 22.21it/s]
100%|██████████| 79/79 [00:04<00:00, 19.73it/s]

CommRound: 1/30
Accuracy: 41.47% | Loss: 1.7744
[##----------------------------------------------------------] 3.3%
Elapsed: 0.6m | Avg/Round: 36.4s | Last: 32.6s | Next: 36.4s | Remaining: 17.6m
ETA: 19:39:34
Recent round times: R1: 32.6s

  0%|          | 0/79 [00:00<?, ?it/s]
  1%|▏         | 1/79 [00:00<00:09,  8.26it/s]
  8%|▊         | 6/79 [00:00<00:02, 28.37it/s]
 11%|█▏        | 9/79 [00:00<00:02, 28.03it/s]
 16%|█▋        | 13/79 [00:00<00:02, 29.95it/s]
 22%|██▏       | 17/79 [00:00<00:02, 30.91it/s]
 27%|██▋       | 21/79 [00:00<00:01, 31.45it/s]
 32%|███▏      | 25/79 [00:00<00:01, 31.99it/s]
 37%|███▋      | 29/79 [00:00<00:01, 33.56it/s]
 42%|████▏     | 33/79 [00:01<00:01, 35.05it/s]
 47%|████▋     | 37/79 [00:01<00:01, 35.95it/s]
 52%|█████▏    | 41/79 [00:01<00:01, 36.62it/s]
 57%|█████▋    | 45/79 [00:01<00:00, 37.10it/s]
 62%|██████▏   | 49/79 [00:01<00:00, 37.36it/s]
 67%|██████▋   | 53/79 [00:01<00:00, 37.13it/s]
 72%|███████▏  | 57/79 [00:01<00:00, 37.34it/s]
 77%|███████▋  | 61/79 [00:01<00:00, 37.44it/s]
 82%|████████▏ | 65/79 [00:01<00:00, 34.89it/s]
 87%|████████▋ | 69/79 [00:02<00:00, 33.64it/s]
 92%|█████████▏| 73/79 [00:02<00:00, 34.67it/s]
 97%|█████████▋| 77/79 [00:02<00:00, 35.82it/s]
100%|██████████| 79/79 [00:02<00:00, 33.97it/s]

CommRound: 2/30
Accuracy: 61.23% | Loss: 1.2868
[####--------------------------------------------------------] 6.7%
Elapsed: 1.1m | Avg/Round: 32.9s | Last: 29.5s | Next: 32.9s | Remaining: 15.4m
ETA: 19:37:50
Recent round times: R1: 32.6s -> R2: 29.5s

  0%|          | 0/79 [00:00<?, ?it/s]
  1%|▏         | 1/79 [00:00<00:09,  7.84it/s]
  8%|▊         | 6/79 [00:00<00:03, 22.35it/s]
 13%|█▎        | 10/79 [00:00<00:02, 26.40it/s]
 18%|█▊        | 14/79 [00:00<00:02, 28.53it/s]
 23%|██▎       | 18/79 [00:00<00:02, 29.71it/s]
 28%|██▊       | 22/79 [00:00<00:01, 30.42it/s]
 33%|███▎      | 26/79 [00:00<00:01, 30.72it/s]
 38%|███▊      | 30/79 [00:01<00:01, 28.74it/s]
 43%|████▎     | 34/79 [00:01<00:01, 27.77it/s]
 48%|████▊     | 38/79 [00:01<00:01, 28.29it/s]
 53%|█████▎    | 42/79 [00:01<00:01, 29.62it/s]
 58%|█████▊    | 46/79 [00:01<00:01, 29.65it/s]
 63%|██████▎   | 50/79 [00:01<00:00, 30.72it/s]
 68%|██████▊   | 54/79 [00:01<00:00, 32.37it/s]
 73%|███████▎  | 58/79 [00:01<00:00, 33.74it/s]
 78%|███████▊  | 62/79 [00:02<00:00, 34.69it/s]
 84%|████████▎ | 66/79 [00:02<00:00, 35.22it/s]
 89%|████████▊ | 70/79 [00:02<00:00, 35.21it/s]
 94%|█████████▎| 74/79 [00:02<00:00, 34.41it/s]
 99%|█████████▊| 78/79 [00:02<00:00, 35.08it/s]
100%|██████████| 79/79 [00:02<00:00, 31.03it/s]

CommRound: 3/30
Accuracy: 69.21% | Loss: 0.9485
[######------------------------------------------------------] 10.0%
Elapsed: 1.5m | Avg/Round: 30.8s | Last: 26.5s | Next: 30.8s | Remaining: 13.9m
ETA: 19:36:46
Recent round times: R1: 32.6s -> R2: 29.5s -> R3: 26.5s

  0%|          | 0/79 [00:00<?, ?it/s]
  1%|▏         | 1/79 [00:00<00:11,  6.73it/s]
  6%|▋         | 5/79 [00:00<00:03, 21.74it/s]
 11%|█▏        | 9/79 [00:00<00:02, 24.05it/s]
 15%|█▌        | 12/79 [00:00<00:02, 25.72it/s]
 19%|█▉        | 15/79 [00:00<00:02, 22.50it/s]
 24%|██▍       | 19/79 [00:00<00:02, 23.92it/s]
 29%|██▉       | 23/79 [00:00<00:02, 24.21it/s]
 34%|███▍      | 27/79 [00:01<00:02, 25.40it/s]
 39%|███▉      | 31/79 [00:01<00:01, 25.77it/s]
 44%|████▍     | 35/79 [00:01<00:01, 26.03it/s]
 49%|████▉     | 39/79 [00:01<00:01, 26.23it/s]
 54%|█████▍    | 43/79 [00:01<00:01, 26.61it/s]
 59%|█████▉    | 47/79 [00:01<00:01, 26.77it/s]
 65%|██████▍   | 51/79 [00:02<00:01, 27.63it/s]
 70%|██████▉   | 55/79 [00:02<00:00, 28.43it/s]
 75%|███████▍  | 59/79 [00:02<00:00, 27.68it/s]
 80%|███████▉  | 63/79 [00:02<00:00, 28.11it/s]
 85%|████████▍ | 67/79 [00:02<00:00, 28.15it/s]
 89%|████████▊ | 70/79 [00:02<00:00, 27.94it/s]
 92%|█████████▏| 73/79 [00:02<00:00, 25.97it/s]
 97%|█████████▋| 77/79 [00:02<00:00, 26.24it/s]
100%|██████████| 79/79 [00:03<00:00, 26.20it/s]

CommRound: 4/30
Accuracy: 74.89% | Loss: 0.7860
[########----------------------------------------------------] 13.3%
Elapsed: 2.1m | Avg/Round: 31.5s | Last: 33.7s | Next: 31.5s | Remaining: 13.7m
ETA: 19:37:07
Recent round times: R1: 32.6s -> R2: 29.5s -> R3: 26.5s -> R4: 33.7s

  0%|          | 0/79 [00:00<?, ?it/s]
  1%|▏         | 1/79 [00:00<00:11,  6.78it/s]
  6%|▋         | 5/79 [00:00<00:03, 20.55it/s]
 10%|█         | 8/79 [00:00<00:03, 23.14it/s]
 14%|█▍        | 11/79 [00:00<00:02, 23.46it/s]
 19%|█▉        | 15/79 [00:00<00:02, 26.04it/s]
 23%|██▎       | 18/79 [00:00<00:02, 26.16it/s]
 27%|██▋       | 21/79 [00:00<00:02, 25.59it/s]
 32%|███▏      | 25/79 [00:01<00:02, 26.56it/s]
 35%|███▌      | 28/79 [00:01<00:01, 26.88it/s]
 39%|███▉      | 31/79 [00:01<00:01, 25.54it/s]
 44%|████▍     | 35/79 [00:01<00:01, 24.45it/s]
 49%|████▉     | 39/79 [00:01<00:01, 24.96it/s]
 54%|█████▍    | 43/79 [00:01<00:01, 25.14it/s]
 59%|█████▉    | 47/79 [00:01<00:01, 25.95it/s]
 65%|██████▍   | 51/79 [00:02<00:01, 25.58it/s]
 70%|██████▉   | 55/79 [00:02<00:00, 25.92it/s]
 75%|███████▍  | 59/79 [00:02<00:00, 25.92it/s]
 80%|███████▉  | 63/79 [00:02<00:00, 26.17it/s]
 85%|████████▍ | 67/79 [00:02<00:00, 26.12it/s]
 90%|████████▉ | 71/79 [00:02<00:00, 26.13it/s]
 95%|█████████▍| 75/79 [00:02<00:00, 26.37it/s]
100%|██████████| 79/79 [00:03<00:00, 25.78it/s]

CommRound: 5/30
Accuracy: 73.57% | Loss: 0.8903
[##########--------------------------------------------------] 16.7%
Elapsed: 2.6m | Avg/Round: 30.6s | Last: 27.1s | Next: 30.6s | Remaining: 12.8m
ETA: 19:36:41
Recent round times: R1: 32.6s -> R2: 29.5s -> R3: 26.5s -> R4: 33.7s -> R5: 27.1s

  0%|          | 0/79 [00:00<?, ?it/s]
  1%|▏         | 1/79 [00:00<00:11,  6.79it/s]
  6%|▋         | 5/79 [00:00<00:03, 20.64it/s]
 10%|█         | 8/79 [00:00<00:03, 23.44it/s]
 14%|█▍        | 11/79 [00:00<00:02, 24.26it/s]
 18%|█▊        | 14/79 [00:00<00:02, 25.88it/s]
 22%|██▏       | 17/79 [00:00<00:02, 24.75it/s]
 27%|██▋       | 21/79 [00:00<00:02, 25.23it/s]
 32%|███▏      | 25/79 [00:01<00:02, 25.49it/s]
 37%|███▋      | 29/79 [00:01<00:01, 25.80it/s]
 42%|████▏     | 33/79 [00:01<00:01, 25.57it/s]
 46%|████▌     | 36/79 [00:01<00:01, 26.40it/s]
 49%|████▉     | 39/79 [00:01<00:01, 25.43it/s]
 53%|█████▎    | 42/79 [00:01<00:01, 26.01it/s]
 57%|█████▋    | 45/79 [00:01<00:01, 26.22it/s]
 61%|██████    | 48/79 [00:01<00:01, 25.73it/s]
 65%|██████▍   | 51/79 [00:02<00:01, 26.38it/s]
 68%|██████▊   | 54/79 [00:02<00:00, 26.34it/s]
 72%|███████▏  | 57/79 [00:02<00:00, 26.84it/s]
 76%|███████▌  | 60/79 [00:02<00:00, 26.33it/s]
 80%|███████▉  | 63/79 [00:02<00:00, 26.72it/s]
 84%|████████▎ | 66/79 [00:02<00:00, 25.83it/s]
 87%|████████▋ | 69/79 [00:02<00:00, 26.53it/s]
 91%|█████████ | 72/79 [00:02<00:00, 25.64it/s]
 95%|█████████▍| 75/79 [00:02<00:00, 26.45it/s]
 99%|█████████▊| 78/79 [00:03<00:00, 26.02it/s]
100%|██████████| 79/79 [00:03<00:00, 25.52it/s]

CommRound: 6/30
Accuracy: 79.97% | Loss: 0.7442
[############------------------------------------------------] 20.0%
Elapsed: 2.9m | Avg/Round: 29.5s | Last: 23.8s | Next: 29.5s | Remaining: 11.8m
ETA: 19:36:06
Recent round times: R1: 29.5s -> R2: 26.5s -> R3: 33.7s -> R4: 27.1s -> R5: 23.8s

  0%|          | 0/79 [00:00<?, ?it/s]
  1%|▏         | 1/79 [00:00<00:11,  6.80it/s]
  6%|▋         | 5/79 [00:00<00:03, 18.60it/s]
 11%|█▏        | 9/79 [00:00<00:02, 24.97it/s]
 16%|█▋        | 13/79 [00:00<00:02, 26.00it/s]
 22%|██▏       | 17/79 [00:00<00:02, 24.94it/s]
 27%|██▋       | 21/79 [00:00<00:02, 24.95it/s]
 32%|███▏      | 25/79 [00:01<00:02, 25.14it/s]
 35%|███▌      | 28/79 [00:01<00:02, 22.88it/s]
 42%|████▏     | 33/79 [00:01<00:01, 26.10it/s]
 47%|████▋     | 37/79 [00:01<00:01, 25.66it/s]
 52%|█████▏    | 41/79 [00:01<00:01, 25.75it/s]
 57%|█████▋    | 45/79 [00:01<00:01, 25.55it/s]
 62%|██████▏   | 49/79 [00:01<00:01, 25.67it/s]
 67%|██████▋   | 53/79 [00:02<00:01, 25.52it/s]
 72%|███████▏  | 57/79 [00:02<00:00, 25.19it/s]
 77%|███████▋  | 61/79 [00:02<00:00, 25.41it/s]
 82%|████████▏ | 65/79 [00:02<00:00, 25.56it/s]
 87%|████████▋ | 69/79 [00:02<00:00, 26.07it/s]
 92%|█████████▏| 73/79 [00:02<00:00, 28.37it/s]
 97%|█████████▋| 77/79 [00:03<00:00, 28.33it/s]
100%|██████████| 79/79 [00:03<00:00, 25.95it/s]

CommRound: 7/30
Accuracy: 80.91% | Loss: 0.7413
[##############----------------------------------------------] 23.3%
Elapsed: 3.4m | Avg/Round: 29.0s | Last: 25.9s | Next: 29.0s | Remaining: 11.1m
ETA: 19:35:51
Recent round times: R1: 26.5s -> R2: 33.7s -> R3: 27.1s -> R4: 23.8s -> R5: 25.9s

  0%|          | 0/79 [00:00<?, ?it/s]
  1%|▏         | 1/79 [00:00<00:09,  8.03it/s]
  6%|▋         | 5/79 [00:00<00:03, 24.63it/s]
 10%|█         | 8/79 [00:00<00:02, 25.95it/s]
 15%|█▌        | 12/79 [00:00<00:02, 28.55it/s]
 20%|██        | 16/79 [00:00<00:02, 29.62it/s]
 24%|██▍       | 19/79 [00:00<00:02, 29.62it/s]
 29%|██▉       | 23/79 [00:00<00:01, 30.06it/s]
 34%|███▍      | 27/79 [00:00<00:01, 30.26it/s]
 39%|███▉      | 31/79 [00:01<00:01, 30.91it/s]
 44%|████▍     | 35/79 [00:01<00:01, 30.74it/s]
 49%|████▉     | 39/79 [00:01<00:01, 31.09it/s]
 54%|█████▍    | 43/79 [00:01<00:01, 31.20it/s]
 59%|█████▉    | 47/79 [00:01<00:01, 31.24it/s]
 65%|██████▍   | 51/79 [00:01<00:00, 31.10it/s]
 70%|██████▉   | 55/79 [00:01<00:00, 31.36it/s]
 75%|███████▍  | 59/79 [00:01<00:00, 31.54it/s]
 80%|███████▉  | 63/79 [00:02<00:00, 31.09it/s]
 85%|████████▍ | 67/79 [00:02<00:00, 31.25it/s]
 90%|████████▉ | 71/79 [00:02<00:00, 31.38it/s]
 95%|█████████▍| 75/79 [00:02<00:00, 31.86it/s]
100%|██████████| 79/79 [00:02<00:00, 30.65it/s]

CommRound: 8/30
Accuracy: 80.36% | Loss: 0.7737
[################--------------------------------------------] 26.7%
Elapsed: 3.8m | Avg/Round: 28.7s | Last: 26.8s | Next: 28.7s | Remaining: 10.5m
ETA: 19:35:43
Recent round times: R1: 33.7s -> R2: 27.1s -> R3: 23.8s -> R4: 25.9s -> R5: 26.8s

  0%|          | 0/79 [00:00<?, ?it/s]
  1%|▏         | 1/79 [00:00<00:09,  8.13it/s]
  6%|▋         | 5/79 [00:00<00:03, 23.78it/s]
 11%|█▏        | 9/79 [00:00<00:02, 27.56it/s]
 16%|█▋        | 13/79 [00:00<00:02, 30.24it/s]
 22%|██▏       | 17/79 [00:00<00:02, 30.79it/s]
 27%|██▋       | 21/79 [00:00<00:01, 30.94it/s]
 32%|███▏      | 25/79 [00:00<00:01, 31.12it/s]
 37%|███▋      | 29/79 [00:00<00:01, 31.08it/s]
 42%|████▏     | 33/79 [00:01<00:01, 31.18it/s]
 47%|████▋     | 37/79 [00:01<00:01, 29.44it/s]
 52%|█████▏    | 41/79 [00:01<00:01, 29.92it/s]
 57%|█████▋    | 45/79 [00:01<00:01, 30.78it/s]
 62%|██████▏   | 49/79 [00:01<00:00, 31.04it/s]
 67%|██████▋   | 53/79 [00:01<00:00, 31.79it/s]
 72%|███████▏  | 57/79 [00:01<00:00, 31.77it/s]
 77%|███████▋  | 61/79 [00:02<00:00, 31.39it/s]
 82%|████████▏ | 65/79 [00:02<00:00, 31.62it/s]
 87%|████████▋ | 69/79 [00:02<00:00, 31.76it/s]
 92%|█████████▏| 73/79 [00:02<00:00, 31.79it/s]
 97%|█████████▋| 77/79 [00:02<00:00, 31.66it/s]
100%|██████████| 79/79 [00:02<00:00, 31.00it/s]

CommRound: 9/30
Accuracy: 81.09% | Loss: 0.7697
[##################------------------------------------------] 30.0%
Elapsed: 4.3m | Avg/Round: 28.4s | Last: 25.6s | Next: 28.4s | Remaining: 9.9m
ETA: 19:35:33
Recent round times: R1: 27.1s -> R2: 23.8s -> R3: 25.9s -> R4: 26.8s -> R5: 25.6s

  0%|          | 0/79 [00:00<?, ?it/s]
  1%|▏         | 1/79 [00:00<00:11,  6.76it/s]
  8%|▊         | 6/79 [00:00<00:03, 22.26it/s]
 13%|█▎        | 10/79 [00:00<00:02, 27.19it/s]
 18%|█▊        | 14/79 [00:00<00:02, 30.36it/s]
 23%|██▎       | 18/79 [00:00<00:01, 32.26it/s]
 28%|██▊       | 22/79 [00:00<00:01, 33.36it/s]
 33%|███▎      | 26/79 [00:00<00:01, 33.65it/s]
 38%|███▊      | 30/79 [00:00<00:01, 34.69it/s]
 43%|████▎     | 34/79 [00:01<00:01, 35.10it/s]
 48%|████▊     | 38/79 [00:01<00:01, 33.88it/s]
 53%|█████▎    | 42/79 [00:01<00:01, 30.93it/s]
 58%|█████▊    | 46/79 [00:01<00:01, 29.32it/s]
 62%|██████▏   | 49/79 [00:01<00:01, 26.97it/s]
 67%|██████▋   | 53/79 [00:01<00:00, 26.54it/s]
 72%|███████▏  | 57/79 [00:01<00:00, 26.02it/s]
 77%|███████▋  | 61/79 [00:02<00:00, 25.85it/s]
 82%|████████▏ | 65/79 [00:02<00:00, 25.70it/s]
 87%|████████▋ | 69/79 [00:02<00:00, 25.60it/s]
 92%|█████████▏| 73/79 [00:02<00:00, 25.53it/s]
 97%|█████████▋| 77/79 [00:02<00:00, 25.95it/s]
100%|██████████| 79/79 [00:02<00:00, 28.43it/s]

CommRound: 10/30
Accuracy: 81.19% | Loss: 0.7784
[####################----------------------------------------] 33.3%
Elapsed: 4.7m | Avg/Round: 28.2s | Last: 27.1s | Next: 28.2s | Remaining: 9.4m
ETA: 19:35:29
Recent round times: R1: 23.8s -> R2: 25.9s -> R3: 26.8s -> R4: 25.6s -> R5: 27.1s

  0%|          | 0/79 [00:00<?, ?it/s]
  1%|▏         | 1/79 [00:00<00:11,  6.85it/s]
  6%|▋         | 5/79 [00:00<00:03, 19.68it/s]
 11%|█▏        | 9/79 [00:00<00:03, 22.46it/s]
 16%|█▋        | 13/79 [00:00<00:02, 24.62it/s]
 22%|██▏       | 17/79 [00:00<00:02, 25.41it/s]
 27%|██▋       | 21/79 [00:00<00:02, 25.67it/s]
 32%|███▏      | 25/79 [00:01<00:02, 26.41it/s]
 37%|███▋      | 29/79 [00:01<00:01, 26.26it/s]
 42%|████▏     | 33/79 [00:01<00:01, 26.26it/s]
 47%|████▋     | 37/79 [00:01<00:01, 25.82it/s]
 52%|█████▏    | 41/79 [00:01<00:01, 26.62it/s]
 56%|█████▌    | 44/79 [00:01<00:01, 25.94it/s]
 61%|██████    | 48/79 [00:01<00:01, 25.90it/s]
 66%|██████▌   | 52/79 [00:02<00:01, 25.54it/s]
 71%|███████   | 56/79 [00:02<00:00, 25.27it/s]
 76%|███████▌  | 60/79 [00:02<00:00, 25.36it/s]
 81%|████████  | 64/79 [00:02<00:00, 25.57it/s]
 86%|████████▌ | 68/79 [00:02<00:00, 25.85it/s]
 91%|█████████ | 72/79 [00:02<00:00, 25.55it/s]
 96%|█████████▌| 76/79 [00:03<00:00, 25.86it/s]
100%|██████████| 79/79 [00:03<00:00, 25.61it/s]

CommRound: 11/30
Accuracy: 81.24% | Loss: 0.7880
[######################--------------------------------------] 36.7%
Elapsed: 5.2m | Avg/Round: 28.3s | Last: 28.4s | Next: 28.3s | Remaining: 8.9m
ETA: 19:35:29
Recent round times: R1: 25.9s -> R2: 26.8s -> R3: 25.6s -> R4: 27.1s -> R5: 28.4s

  0%|          | 0/79 [00:00<?, ?it/s]
  1%|▏         | 1/79 [00:00<00:11,  6.61it/s]
  6%|▋         | 5/79 [00:00<00:03, 19.41it/s]
 11%|█▏        | 9/79 [00:00<00:03, 22.16it/s]
 16%|█▋        | 13/79 [00:00<00:02, 24.36it/s]
 22%|██▏       | 17/79 [00:00<00:02, 25.15it/s]
 27%|██▋       | 21/79 [00:00<00:02, 25.38it/s]
 32%|███▏      | 25/79 [00:01<00:02, 25.78it/s]
 37%|███▋      | 29/79 [00:01<00:01, 26.21it/s]
 42%|████▏     | 33/79 [00:01<00:01, 26.36it/s]
 47%|████▋     | 37/79 [00:01<00:01, 26.02it/s]
 52%|█████▏    | 41/79 [00:01<00:01, 26.48it/s]
 57%|█████▋    | 45/79 [00:01<00:01, 27.48it/s]
 61%|██████    | 48/79 [00:01<00:01, 27.93it/s]
 65%|██████▍   | 51/79 [00:02<00:01, 25.67it/s]
 70%|██████▉   | 55/79 [00:02<00:00, 25.31it/s]
 75%|███████▍  | 59/79 [00:02<00:00, 28.13it/s]
 80%|███████▉  | 63/79 [00:02<00:00, 29.78it/s]
 85%|████████▍ | 67/79 [00:02<00:00, 28.78it/s]
 90%|████████▉ | 71/79 [00:02<00:00, 28.19it/s]
 95%|█████████▍| 75/79 [00:02<00:00, 27.93it/s]
100%|██████████| 79/79 [00:02<00:00, 26.68it/s]

CommRound: 12/30
Accuracy: 81.34% | Loss: 0.7949
[########################------------------------------------] 40.0%
Elapsed: 5.6m | Avg/Round: 28.1s | Last: 25.8s | Next: 28.1s | Remaining: 8.4m
ETA: 19:35:23
Recent round times: R1: 26.8s -> R2: 25.6s -> R3: 27.1s -> R4: 28.4s -> R5: 25.8s

  0%|          | 0/79 [00:00<?, ?it/s]
  1%|▏         | 1/79 [00:00<00:11,  7.03it/s]
  8%|▊         | 6/79 [00:00<00:04, 17.64it/s]
 15%|█▌        | 12/79 [00:00<00:02, 25.46it/s]
 20%|██        | 16/79 [00:00<00:02, 28.32it/s]
 25%|██▌       | 20/79 [00:00<00:01, 30.10it/s]
 30%|███       | 24/79 [00:00<00:01, 31.63it/s]
 35%|███▌      | 28/79 [00:01<00:01, 30.34it/s]
 41%|████      | 32/79 [00:01<00:01, 28.20it/s]
 46%|████▌     | 36/79 [00:01<00:01, 25.49it/s]
 51%|█████     | 40/79 [00:01<00:01, 24.56it/s]
 56%|█████▌    | 44/79 [00:01<00:01, 23.68it/s]
 61%|██████    | 48/79 [00:01<00:01, 23.01it/s]
 66%|██████▌   | 52/79 [00:02<00:01, 22.90it/s]
 71%|███████   | 56/79 [00:02<00:00, 23.49it/s]
 76%|███████▌  | 60/79 [00:02<00:00, 23.94it/s]
 81%|████████  | 64/79 [00:02<00:00, 24.07it/s]
 86%|████████▌ | 68/79 [00:02<00:00, 25.17it/s]
 91%|█████████ | 72/79 [00:02<00:00, 24.07it/s]
 96%|█████████▌| 76/79 [00:03<00:00, 25.46it/s]
100%|██████████| 79/79 [00:03<00:00, 25.33it/s]

CommRound: 13/30
Accuracy: 81.41% | Loss: 0.8009
[##########################----------------------------------] 43.3%
Elapsed: 6.1m | Avg/Round: 28.1s | Last: 28.1s | Next: 28.1s | Remaining: 7.9m
ETA: 19:35:23
Recent round times: R1: 25.6s -> R2: 27.1s -> R3: 28.4s -> R4: 25.8s -> R5: 28.1s

  0%|          | 0/79 [00:00<?, ?it/s]
  1%|▏         | 1/79 [00:00<00:13,  5.95it/s]
  6%|▋         | 5/79 [00:00<00:03, 19.11it/s]
 10%|█         | 8/79 [00:00<00:03, 22.40it/s]
 14%|█▍        | 11/79 [00:00<00:02, 24.61it/s]
 19%|█▉        | 15/79 [00:00<00:02, 27.81it/s]
 24%|██▍       | 19/79 [00:00<00:02, 28.92it/s]
 29%|██▉       | 23/79 [00:00<00:01, 30.39it/s]
 34%|███▍      | 27/79 [00:01<00:01, 30.88it/s]
 39%|███▉      | 31/79 [00:01<00:01, 26.38it/s]
 43%|████▎     | 34/79 [00:01<00:02, 19.96it/s]
 47%|████▋     | 37/79 [00:01<00:01, 21.70it/s]
 51%|█████     | 40/79 [00:01<00:01, 19.73it/s]
 56%|█████▌    | 44/79 [00:01<00:01, 20.13it/s]
 61%|██████    | 48/79 [00:02<00:01, 20.85it/s]
 66%|██████▌   | 52/79 [00:02<00:01, 21.04it/s]
 70%|██████▉   | 55/79 [00:02<00:01, 22.69it/s]
 73%|███████▎  | 58/79 [00:02<00:01, 20.22it/s]
 78%|███████▊  | 62/79 [00:02<00:00, 20.57it/s]
 84%|████████▎ | 66/79 [00:02<00:00, 21.45it/s]
 89%|████████▊ | 70/79 [00:03<00:00, 21.46it/s]
 92%|█████████▏| 73/79 [00:03<00:00, 23.07it/s]
 96%|█████████▌| 76/79 [00:03<00:00, 20.33it/s]
100%|██████████| 79/79 [00:03<00:00, 22.46it/s]

CommRound: 14/30
Accuracy: 81.53% | Loss: 0.8061
[############################--------------------------------] 46.7%
Elapsed: 6.5m | Avg/Round: 27.7s | Last: 22.9s | Next: 27.7s | Remaining: 7.4m
ETA: 19:35:12
Recent round times: R1: 27.1s -> R2: 28.4s -> R3: 25.8s -> R4: 28.1s -> R5: 22.9s

  0%|          | 0/79 [00:00<?, ?it/s]
  1%|▏         | 1/79 [00:00<00:13,  5.84it/s]
  6%|▋         | 5/79 [00:00<00:04, 17.37it/s]
 11%|█▏        | 9/79 [00:00<00:02, 24.28it/s]
 15%|█▌        | 12/79 [00:00<00:02, 25.83it/s]
 19%|█▉        | 15/79 [00:00<00:02, 26.14it/s]
 24%|██▍       | 19/79 [00:00<00:02, 28.45it/s]
 29%|██▉       | 23/79 [00:00<00:01, 30.73it/s]
 34%|███▍      | 27/79 [00:00<00:01, 31.89it/s]
 39%|███▉      | 31/79 [00:01<00:01, 32.89it/s]
 44%|████▍     | 35/79 [00:01<00:01, 33.37it/s]
 49%|████▉     | 39/79 [00:01<00:01, 28.36it/s]
 54%|█████▍    | 43/79 [00:01<00:01, 26.02it/s]
 58%|█████▊    | 46/79 [00:01<00:01, 26.49it/s]
 62%|██████▏   | 49/79 [00:01<00:01, 23.10it/s]
 66%|██████▌   | 52/79 [00:01<00:01, 24.00it/s]
 70%|██████▉   | 55/79 [00:02<00:01, 22.76it/s]
 75%|███████▍  | 59/79 [00:02<00:00, 25.97it/s]
 80%|███████▉  | 63/79 [00:02<00:00, 28.48it/s]
 85%|████████▍ | 67/79 [00:02<00:00, 29.99it/s]
 90%|████████▉ | 71/79 [00:02<00:00, 31.18it/s]
 95%|█████████▍| 75/79 [00:02<00:00, 32.23it/s]
100%|██████████| 79/79 [00:02<00:00, 28.09it/s]

CommRound: 15/30
Accuracy: 81.59% | Loss: 0.8107
[##############################------------------------------] 50.0%
Elapsed: 6.9m | Avg/Round: 27.4s | Last: 23.5s | Next: 27.4s | Remaining: 6.9m
ETA: 19:35:04
Recent round times: R1: 28.4s -> R2: 25.8s -> R3: 28.1s -> R4: 22.9s -> R5: 23.5s

  0%|          | 0/79 [00:00<?, ?it/s]
  1%|▏         | 1/79 [00:00<00:09,  8.00it/s]
  8%|▊         | 6/79 [00:00<00:02, 28.56it/s]
 11%|█▏        | 9/79 [00:00<00:03, 23.02it/s]
 15%|█▌        | 12/79 [00:00<00:02, 24.23it/s]
 19%|█▉        | 15/79 [00:00<00:02, 22.22it/s]
 23%|██▎       | 18/79 [00:00<00:02, 23.39it/s]
 27%|██▋       | 21/79 [00:00<00:02, 21.82it/s]
 30%|███       | 24/79 [00:01<00:02, 22.80it/s]
 34%|███▍      | 27/79 [00:01<00:02, 20.90it/s]
 38%|███▊      | 30/79 [00:01<00:02, 22.60it/s]
 42%|████▏     | 33/79 [00:01<00:02, 20.87it/s]
 46%|████▌     | 36/79 [00:01<00:01, 21.83it/s]
 49%|████▉     | 39/79 [00:01<00:01, 20.43it/s]
 53%|█████▎    | 42/79 [00:01<00:01, 21.82it/s]
 57%|█████▋    | 45/79 [00:02<00:01, 20.47it/s]
 61%|██████    | 48/79 [00:02<00:01, 21.67it/s]
 65%|██████▍   | 51/79 [00:02<00:01, 20.42it/s]
 68%|██████▊   | 54/79 [00:02<00:01, 21.97it/s]
 72%|███████▏  | 57/79 [00:02<00:01, 20.58it/s]
 76%|███████▌  | 60/79 [00:02<00:00, 21.41it/s]
 80%|███████▉  | 63/79 [00:02<00:00, 21.72it/s]
 84%|████████▎ | 66/79 [00:03<00:00, 21.23it/s]
 87%|████████▋ | 69/79 [00:03<00:00, 21.51it/s]
 91%|█████████ | 72/79 [00:03<00:00, 21.84it/s]
 95%|█████████▍| 75/79 [00:03<00:00, 22.37it/s]
100%|██████████| 79/79 [00:03<00:00, 26.53it/s]
100%|██████████| 79/79 [00:03<00:00, 22.12it/s]

CommRound: 16/30
Accuracy: 81.61% | Loss: 0.8149
[################################----------------------------] 53.3%
Elapsed: 7.3m | Avg/Round: 27.4s | Last: 26.6s | Next: 27.4s | Remaining: 6.4m
ETA: 19:35:02
Recent round times: R1: 25.8s -> R2: 28.1s -> R3: 22.9s -> R4: 23.5s -> R5: 26.6s

  0%|          | 0/79 [00:00<?, ?it/s]
  1%|▏         | 1/79 [00:00<00:12,  6.21it/s]
  8%|▊         | 6/79 [00:00<00:03, 22.10it/s]
 13%|█▎        | 10/79 [00:00<00:02, 26.90it/s]
 18%|█▊        | 14/79 [00:00<00:02, 29.54it/s]
 23%|██▎       | 18/79 [00:00<00:01, 31.01it/s]
 28%|██▊       | 22/79 [00:00<00:01, 31.56it/s]
 33%|███▎      | 26/79 [00:00<00:01, 32.56it/s]
 38%|███▊      | 30/79 [00:01<00:01, 33.16it/s]
 43%|████▎     | 34/79 [00:01<00:01, 33.23it/s]
 48%|████▊     | 38/79 [00:01<00:01, 33.67it/s]
 53%|█████▎    | 42/79 [00:01<00:01, 34.14it/s]
 58%|█████▊    | 46/79 [00:01<00:00, 33.94it/s]
 63%|██████▎   | 50/79 [00:01<00:00, 32.15it/s]
 68%|██████▊   | 54/79 [00:01<00:00, 29.79it/s]
 73%|███████▎  | 58/79 [00:01<00:00, 27.86it/s]
 78%|███████▊  | 62/79 [00:02<00:00, 26.95it/s]
 84%|████████▎ | 66/79 [00:02<00:00, 26.20it/s]
 89%|████████▊ | 70/79 [00:02<00:00, 25.77it/s]
 94%|█████████▎| 74/79 [00:02<00:00, 25.56it/s]
 99%|█████████▊| 78/79 [00:02<00:00, 26.36it/s]
100%|██████████| 79/79 [00:02<00:00, 28.77it/s]

CommRound: 17/30
Accuracy: 81.65% | Loss: 0.8187
[##################################--------------------------] 56.7%
Elapsed: 7.8m | Avg/Round: 27.5s | Last: 29.9s | Next: 27.5s | Remaining: 6.0m
ETA: 19:35:07
Recent round times: R1: 28.1s -> R2: 22.9s -> R3: 23.5s -> R4: 26.6s -> R5: 29.9s

  0%|          | 0/79 [00:00<?, ?it/s]
  1%|▏         | 1/79 [00:00<00:10,  7.65it/s]
  6%|▋         | 5/79 [00:00<00:03, 23.06it/s]
 11%|█▏        | 9/79 [00:00<00:02, 26.21it/s]
 16%|█▋        | 13/79 [00:00<00:02, 27.91it/s]
 22%|██▏       | 17/79 [00:00<00:02, 28.48it/s]
 27%|██▋       | 21/79 [00:00<00:01, 29.02it/s]
 32%|███▏      | 25/79 [00:00<00:01, 29.66it/s]
 37%|███▋      | 29/79 [00:01<00:01, 30.10it/s]
 42%|████▏     | 33/79 [00:01<00:01, 29.80it/s]
 47%|████▋     | 37/79 [00:01<00:01, 30.40it/s]
 52%|█████▏    | 41/79 [00:01<00:01, 30.54it/s]
 57%|█████▋    | 45/79 [00:01<00:01, 30.87it/s]
 62%|██████▏   | 49/79 [00:01<00:00, 31.28it/s]
 67%|██████▋   | 53/79 [00:01<00:00, 31.54it/s]
 72%|███████▏  | 57/79 [00:01<00:00, 31.66it/s]
 77%|███████▋  | 61/79 [00:02<00:00, 31.51it/s]
 82%|████████▏ | 65/79 [00:02<00:00, 30.16it/s]
 87%|████████▋ | 69/79 [00:02<00:00, 29.86it/s]
 91%|█████████ | 72/79 [00:02<00:00, 27.84it/s]
 96%|█████████▌| 76/79 [00:02<00:00, 28.94it/s]
100%|██████████| 79/79 [00:02<00:00, 29.59it/s]

CommRound: 18/30
Accuracy: 81.66% | Loss: 0.8221
[####################################------------------------] 60.0%
Elapsed: 8.3m | Avg/Round: 27.7s | Last: 31.1s | Next: 27.7s | Remaining: 5.5m
ETA: 19:35:13
Recent round times: R1: 22.9s -> R2: 23.5s -> R3: 26.6s -> R4: 29.9s -> R5: 31.1s

  0%|          | 0/79 [00:00<?, ?it/s]
  1%|▏         | 1/79 [00:00<00:09,  8.54it/s]
  6%|▋         | 5/79 [00:00<00:02, 25.31it/s]
 10%|█         | 8/79 [00:00<00:03, 23.27it/s]
 15%|█▌        | 12/79 [00:00<00:02, 27.51it/s]
 20%|██        | 16/79 [00:00<00:02, 30.61it/s]
 25%|██▌       | 20/79 [00:00<00:01, 32.58it/s]
 30%|███       | 24/79 [00:00<00:01, 34.06it/s]
 35%|███▌      | 28/79 [00:00<00:01, 35.00it/s]
 41%|████      | 32/79 [00:01<00:01, 35.34it/s]
 46%|████▌     | 36/79 [00:01<00:01, 35.56it/s]
 51%|█████     | 40/79 [00:01<00:01, 33.62it/s]
 56%|█████▌    | 44/79 [00:01<00:01, 34.66it/s]
 61%|██████    | 48/79 [00:01<00:00, 34.59it/s]
 66%|██████▌   | 52/79 [00:01<00:00, 34.08it/s]
 71%|███████   | 56/79 [00:01<00:00, 35.02it/s]
 76%|███████▌  | 60/79 [00:01<00:00, 35.42it/s]
 81%|████████  | 64/79 [00:01<00:00, 35.35it/s]
 86%|████████▌ | 68/79 [00:02<00:00, 35.58it/s]
 91%|█████████ | 72/79 [00:02<00:00, 35.42it/s]
 96%|█████████▌| 76/79 [00:02<00:00, 34.47it/s]
100%|██████████| 79/79 [00:02<00:00, 33.20it/s]

CommRound: 19/30
Accuracy: 81.69% | Loss: 0.8253
[######################################----------------------] 63.3%
Elapsed: 8.7m | Avg/Round: 27.6s | Last: 26.2s | Next: 27.6s | Remaining: 5.1m
ETA: 19:35:10
Recent round times: R1: 23.5s -> R2: 26.6s -> R3: 29.9s -> R4: 31.1s -> R5: 26.2s

  0%|          | 0/79 [00:00<?, ?it/s]
  1%|▏         | 1/79 [00:00<00:12,  6.01it/s]
  6%|▋         | 5/79 [00:00<00:04, 17.83it/s]
 10%|█         | 8/79 [00:00<00:03, 21.88it/s]
 14%|█▍        | 11/79 [00:00<00:03, 19.96it/s]
 19%|█▉        | 15/79 [00:00<00:02, 23.70it/s]
 24%|██▍       | 19/79 [00:00<00:02, 27.18it/s]
 29%|██▉       | 23/79 [00:00<00:02, 27.50it/s]
 33%|███▎      | 26/79 [00:01<00:01, 27.87it/s]
 37%|███▋      | 29/79 [00:01<00:01, 25.47it/s]
 42%|████▏     | 33/79 [00:01<00:01, 26.50it/s]
 46%|████▌     | 36/79 [00:01<00:01, 27.08it/s]
 49%|████▉     | 39/79 [00:01<00:01, 25.17it/s]
 53%|█████▎    | 42/79 [00:01<00:01, 25.74it/s]
 57%|█████▋    | 45/79 [00:01<00:01, 25.89it/s]
 62%|██████▏   | 49/79 [00:01<00:01, 28.29it/s]
 67%|██████▋   | 53/79 [00:02<00:00, 28.31it/s]
 71%|███████   | 56/79 [00:02<00:00, 27.24it/s]
 75%|███████▍  | 59/79 [00:02<00:00, 26.45it/s]
 78%|███████▊  | 62/79 [00:02<00:00, 25.46it/s]
 82%|████████▏ | 65/79 [00:02<00:00, 25.47it/s]
 86%|████████▌ | 68/79 [00:02<00:00, 24.55it/s]
 90%|████████▉ | 71/79 [00:02<00:00, 24.91it/s]
 94%|█████████▎| 74/79 [00:02<00:00, 24.47it/s]
 97%|█████████▋| 77/79 [00:03<00:00, 24.36it/s]
100%|██████████| 79/79 [00:03<00:00, 25.28it/s]

CommRound: 20/30
Accuracy: 81.70% | Loss: 0.8283
[########################################--------------------] 66.7%
Elapsed: 9.2m | Avg/Round: 27.6s | Last: 27.0s | Next: 27.6s | Remaining: 4.6m
ETA: 19:35:09
Recent round times: R1: 26.6s -> R2: 29.9s -> R3: 31.1s -> R4: 26.2s -> R5: 27.0s

  0%|          | 0/79 [00:00<?, ?it/s]
  1%|▏         | 1/79 [00:00<00:10,  7.75it/s]
  3%|▎         | 2/79 [00:00<00:09,  8.36it/s]
 10%|█         | 8/79 [00:00<00:02, 24.07it/s]
 14%|█▍        | 11/79 [00:00<00:04, 15.95it/s]
 16%|█▋        | 13/79 [00:00<00:04, 13.65it/s]
 19%|█▉        | 15/79 [00:01<00:04, 13.72it/s]
 24%|██▍       | 19/79 [00:01<00:03, 17.82it/s]
 28%|██▊       | 22/79 [00:01<00:03, 18.55it/s]
 32%|███▏      | 25/79 [00:01<00:02, 20.89it/s]
 35%|███▌      | 28/79 [00:01<00:03, 16.93it/s]
 38%|███▊      | 30/79 [00:01<00:02, 17.26it/s]
 46%|████▌     | 36/79 [00:01<00:01, 23.82it/s]
 49%|████▉     | 39/79 [00:02<00:01, 23.11it/s]
 53%|█████▎    | 42/79 [00:02<00:01, 20.47it/s]
 57%|█████▋    | 45/79 [00:02<00:01, 18.74it/s]
 61%|██████    | 48/79 [00:02<00:01, 18.01it/s]
 66%|██████▌   | 52/79 [00:02<00:01, 20.62it/s]
 70%|██████▉   | 55/79 [00:03<00:01, 17.80it/s]
 75%|███████▍  | 59/79 [00:03<00:00, 21.09it/s]
 78%|███████▊  | 62/79 [00:03<00:00, 22.06it/s]
 82%|████████▏ | 65/79 [00:03<00:00, 19.01it/s]
 86%|████████▌ | 68/79 [00:03<00:00, 20.99it/s]
 90%|████████▉ | 71/79 [00:03<00:00, 18.31it/s]
 94%|█████████▎| 74/79 [00:03<00:00, 20.04it/s]
 97%|█████████▋| 77/79 [00:04<00:00, 18.90it/s]
100%|██████████| 79/79 [00:04<00:00, 19.09it/s]

CommRound: 21/30
Accuracy: 81.72% | Loss: 0.8310
[##########################################------------------] 70.0%
Elapsed: 9.6m | Avg/Round: 27.5s | Last: 26.1s | Next: 27.5s | Remaining: 4.1m
ETA: 19:35:07
Recent round times: R1: 29.9s -> R2: 31.1s -> R3: 26.2s -> R4: 27.0s -> R5: 26.1s

  0%|          | 0/79 [00:00<?, ?it/s]
  1%|▏         | 1/79 [00:00<00:14,  5.45it/s]
  5%|▌         | 4/79 [00:00<00:06, 11.78it/s]
 11%|█▏        | 9/79 [00:00<00:03, 18.32it/s]
 14%|█▍        | 11/79 [00:00<00:04, 15.74it/s]
 22%|██▏       | 17/79 [00:00<00:02, 21.67it/s]
 28%|██▊       | 22/79 [00:01<00:02, 20.80it/s]
 33%|███▎      | 26/79 [00:01<00:02, 24.10it/s]
 37%|███▋      | 29/79 [00:01<00:02, 22.12it/s]
 41%|████      | 32/79 [00:01<00:02, 22.48it/s]
 46%|████▌     | 36/79 [00:01<00:01, 24.46it/s]
 49%|████▉     | 39/79 [00:01<00:01, 25.47it/s]
 53%|█████▎    | 42/79 [00:02<00:01, 20.84it/s]
 57%|█████▋    | 45/79 [00:02<00:01, 22.69it/s]
 61%|██████    | 48/79 [00:02<00:01, 21.89it/s]
 65%|██████▍   | 51/79 [00:02<00:01, 21.23it/s]
 68%|██████▊   | 54/79 [00:02<00:01, 22.21it/s]
 72%|███████▏  | 57/79 [00:02<00:01, 20.79it/s]
 76%|███████▌  | 60/79 [00:02<00:00, 22.22it/s]
 80%|███████▉  | 63/79 [00:03<00:00, 20.66it/s]
 84%|████████▎ | 66/79 [00:03<00:00, 21.86it/s]
 87%|████████▋ | 69/79 [00:03<00:00, 22.21it/s]
 91%|█████████ | 72/79 [00:03<00:00, 20.84it/s]
 95%|█████████▍| 75/79 [00:03<00:00, 18.18it/s]
 97%|█████████▋| 77/79 [00:03<00:00, 18.09it/s]
100%|██████████| 79/79 [00:03<00:00, 20.90it/s]

CommRound: 22/30
Accuracy: 81.73% | Loss: 0.8336
[############################################----------------] 73.3%
Elapsed: 10.1m | Avg/Round: 27.6s | Last: 28.2s | Next: 27.6s | Remaining: 3.7m
ETA: 19:35:08
Recent round times: R1: 31.1s -> R2: 26.2s -> R3: 27.0s -> R4: 26.1s -> R5: 28.2s

  0%|          | 0/79 [00:00<?, ?it/s]
  1%|▏         | 1/79 [00:00<00:12,  6.47it/s]
  6%|▋         | 5/79 [00:00<00:03, 18.97it/s]
  9%|▉         | 7/79 [00:00<00:04, 17.01it/s]
 13%|█▎        | 10/79 [00:00<00:03, 20.85it/s]
 16%|█▋        | 13/79 [00:00<00:03, 19.72it/s]
 20%|██        | 16/79 [00:00<00:03, 18.55it/s]
 23%|██▎       | 18/79 [00:00<00:03, 18.26it/s]
 29%|██▉       | 23/79 [00:01<00:02, 25.70it/s]
 33%|███▎      | 26/79 [00:01<00:02, 25.55it/s]
 37%|███▋      | 29/79 [00:01<00:02, 23.30it/s]
 42%|████▏     | 33/79 [00:01<00:01, 24.50it/s]
 46%|████▌     | 36/79 [00:01<00:01, 24.86it/s]
 49%|████▉     | 39/79 [00:01<00:01, 26.03it/s]
 53%|█████▎    | 42/79 [00:01<00:01, 23.84it/s]
 57%|█████▋    | 45/79 [00:02<00:01, 23.72it/s]
 61%|██████    | 48/79 [00:02<00:01, 24.38it/s]
 66%|██████▌   | 52/79 [00:02<00:01, 23.62it/s]
 71%|███████   | 56/79 [00:02<00:01, 22.04it/s]
 76%|███████▌  | 60/79 [00:02<00:00, 22.71it/s]
 82%|████████▏ | 65/79 [00:02<00:00, 27.38it/s]
 86%|████████▌ | 68/79 [00:02<00:00, 26.63it/s]
 90%|████████▉ | 71/79 [00:03<00:00, 26.36it/s]
 94%|█████████▎| 74/79 [00:03<00:00, 21.45it/s]
 97%|█████████▋| 77/79 [00:03<00:00, 22.73it/s]
100%|██████████| 79/79 [00:03<00:00, 23.22it/s]

CommRound: 23/30
Accuracy: 81.77% | Loss: 0.8360
[##############################################--------------] 76.7%
Elapsed: 10.6m | Avg/Round: 27.6s | Last: 29.5s | Next: 27.6s | Remaining: 3.2m
ETA: 19:35:11
Recent round times: R1: 26.2s -> R2: 27.0s -> R3: 26.1s -> R4: 28.2s -> R5: 29.5s

  0%|          | 0/79 [00:00<?, ?it/s]
  1%|▏         | 1/79 [00:00<00:13,  5.88it/s]
  6%|▋         | 5/79 [00:00<00:04, 15.93it/s]
  9%|▉         | 7/79 [00:00<00:04, 17.18it/s]
 11%|█▏        | 9/79 [00:00<00:03, 18.05it/s]
 16%|█▋        | 13/79 [00:00<00:03, 20.04it/s]
 20%|██        | 16/79 [00:00<00:02, 21.86it/s]
 24%|██▍       | 19/79 [00:00<00:02, 22.84it/s]
 28%|██▊       | 22/79 [00:01<00:02, 21.40it/s]
 33%|███▎      | 26/79 [00:01<00:02, 22.68it/s]
 37%|███▋      | 29/79 [00:01<00:02, 23.47it/s]
 41%|████      | 32/79 [00:01<00:02, 22.66it/s]
 44%|████▍     | 35/79 [00:01<00:01, 22.71it/s]
 48%|████▊     | 38/79 [00:01<00:01, 22.34it/s]
 52%|█████▏    | 41/79 [00:01<00:01, 22.53it/s]
 56%|█████▌    | 44/79 [00:02<00:01, 19.99it/s]
 61%|██████    | 48/79 [00:02<00:01, 22.68it/s]
 65%|██████▍   | 51/79 [00:02<00:01, 17.38it/s]
 68%|██████▊   | 54/79 [00:02<00:01, 19.62it/s]
 73%|███████▎  | 58/79 [00:02<00:00, 23.57it/s]
 77%|███████▋  | 61/79 [00:02<00:00, 22.69it/s]
 81%|████████  | 64/79 [00:03<00:00, 18.83it/s]
 86%|████████▌ | 68/79 [00:03<00:00, 18.70it/s]
 91%|█████████ | 72/79 [00:03<00:00, 22.45it/s]
 95%|█████████▍| 75/79 [00:03<00:00, 23.93it/s]
 99%|█████████▊| 78/79 [00:03<00:00, 23.22it/s]
100%|██████████| 79/79 [00:03<00:00, 21.25it/s]

CommRound: 24/30
Accuracy: 81.83% | Loss: 0.8383
[################################################------------] 80.0%
Elapsed: 11.1m | Avg/Round: 27.7s | Last: 28.0s | Next: 27.7s | Remaining: 2.8m
ETA: 19:35:11
Recent round times: R1: 27.0s -> R2: 26.1s -> R3: 28.2s -> R4: 29.5s -> R5: 28.0s

  0%|          | 0/79 [00:00<?, ?it/s]
  1%|▏         | 1/79 [00:00<00:14,  5.42it/s]
  6%|▋         | 5/79 [00:00<00:03, 19.12it/s]
 10%|█         | 8/79 [00:00<00:03, 22.55it/s]
 14%|█▍        | 11/79 [00:00<00:02, 23.60it/s]
 18%|█▊        | 14/79 [00:00<00:03, 21.58it/s]
 22%|██▏       | 17/79 [00:00<00:02, 20.67it/s]
 28%|██▊       | 22/79 [00:00<00:02, 28.03it/s]
 33%|███▎      | 26/79 [00:01<00:01, 29.01it/s]
 38%|███▊      | 30/79 [00:01<00:02, 24.32it/s]
 42%|████▏     | 33/79 [00:01<00:02, 22.98it/s]
 48%|████▊     | 38/79 [00:01<00:01, 25.67it/s]
 52%|█████▏    | 41/79 [00:01<00:01, 25.89it/s]
 56%|█████▌    | 44/79 [00:01<00:01, 22.23it/s]
 59%|█████▉    | 47/79 [00:02<00:01, 23.89it/s]
 63%|██████▎   | 50/79 [00:02<00:01, 18.34it/s]
 67%|██████▋   | 53/79 [00:02<00:01, 19.90it/s]
 72%|███████▏  | 57/79 [00:02<00:00, 23.51it/s]
 76%|███████▌  | 60/79 [00:02<00:00, 21.81it/s]
 80%|███████▉  | 63/79 [00:02<00:00, 23.05it/s]
 84%|████████▎ | 66/79 [00:02<00:00, 19.75it/s]
 87%|████████▋ | 69/79 [00:03<00:00, 21.54it/s]
 91%|█████████ | 72/79 [00:03<00:00, 16.53it/s]
 99%|█████████▊| 78/79 [00:03<00:00, 22.89it/s]
100%|██████████| 79/79 [00:03<00:00, 22.35it/s]

CommRound: 25/30
Accuracy: 81.85% | Loss: 0.8403
[##################################################----------] 83.3%
Elapsed: 11.5m | Avg/Round: 27.5s | Last: 25.1s | Next: 27.5s | Remaining: 2.3m
ETA: 19:35:08
Recent round times: R1: 26.1s -> R2: 28.2s -> R3: 29.5s -> R4: 28.0s -> R5: 25.1s

  0%|          | 0/79 [00:00<?, ?it/s]
  1%|▏         | 1/79 [00:00<00:14,  5.43it/s]
  6%|▋         | 5/79 [00:00<00:04, 17.25it/s]
  9%|▉         | 7/79 [00:00<00:03, 18.19it/s]
 11%|█▏        | 9/79 [00:00<00:03, 18.05it/s]
 15%|█▌        | 12/79 [00:00<00:03, 20.13it/s]
 22%|██▏       | 17/79 [00:00<00:02, 24.39it/s]
 27%|██▋       | 21/79 [00:00<00:02, 26.38it/s]
 30%|███       | 24/79 [00:01<00:02, 19.81it/s]
 34%|███▍      | 27/79 [00:01<00:02, 18.02it/s]
 37%|███▋      | 29/79 [00:01<00:03, 15.39it/s]
 42%|████▏     | 33/79 [00:01<00:02, 17.91it/s]
 48%|████▊     | 38/79 [00:01<00:01, 23.55it/s]
 52%|█████▏    | 41/79 [00:02<00:01, 22.30it/s]
 56%|█████▌    | 44/79 [00:02<00:01, 21.03it/s]
 59%|█████▉    | 47/79 [00:02<00:01, 21.24it/s]
 63%|██████▎   | 50/79 [00:02<00:01, 20.20it/s]
 67%|██████▋   | 53/79 [00:02<00:01, 20.89it/s]
 71%|███████   | 56/79 [00:02<00:01, 20.47it/s]
 75%|███████▍  | 59/79 [00:02<00:00, 20.16it/s]
 80%|███████▉  | 63/79 [00:03<00:00, 23.01it/s]
 84%|████████▎ | 66/79 [00:03<00:00, 22.18it/s]
 87%|████████▋ | 69/79 [00:03<00:00, 20.53it/s]
 91%|█████████ | 72/79 [00:03<00:00, 15.33it/s]
 96%|█████████▌| 76/79 [00:03<00:00, 19.34it/s]
100%|██████████| 79/79 [00:03<00:00, 20.16it/s]

CommRound: 26/30
Accuracy: 81.83% | Loss: 0.8423
[####################################################--------] 86.7%
Elapsed: 11.9m | Avg/Round: 27.5s | Last: 25.6s | Next: 27.5s | Remaining: 1.8m
ETA: 19:35:06
Recent round times: R1: 28.2s -> R2: 29.5s -> R3: 28.0s -> R4: 25.1s -> R5: 25.6s

  0%|          | 0/79 [00:00<?, ?it/s]
  1%|▏         | 1/79 [00:00<00:14,  5.42it/s]
  6%|▋         | 5/79 [00:00<00:04, 16.53it/s]
  9%|▉         | 7/79 [00:00<00:04, 16.57it/s]
 13%|█▎        | 10/79 [00:00<00:03, 19.71it/s]
 16%|█▋        | 13/79 [00:00<00:03, 16.75it/s]
 22%|██▏       | 17/79 [00:01<00:03, 17.76it/s]
 27%|██▋       | 21/79 [00:01<00:02, 21.86it/s]
 30%|███       | 24/79 [00:01<00:02, 22.08it/s]
 34%|███▍      | 27/79 [00:01<00:02, 22.08it/s]
 38%|███▊      | 30/79 [00:01<00:02, 19.49it/s]
 43%|████▎     | 34/79 [00:01<00:02, 20.52it/s]
 47%|████▋     | 37/79 [00:01<00:01, 22.39it/s]
 51%|█████     | 40/79 [00:02<00:01, 20.67it/s]
 54%|█████▍    | 43/79 [00:02<00:01, 22.44it/s]
 58%|█████▊    | 46/79 [00:02<00:01, 18.87it/s]
 63%|██████▎   | 50/79 [00:02<00:01, 19.26it/s]
 67%|██████▋   | 53/79 [00:02<00:01, 17.61it/s]
 72%|███████▏  | 57/79 [00:02<00:01, 21.55it/s]
 76%|███████▌  | 60/79 [00:03<00:00, 20.93it/s]
 80%|███████▉  | 63/79 [00:03<00:00, 22.08it/s]
 84%|████████▎ | 66/79 [00:03<00:00, 23.17it/s]
 87%|████████▋ | 69/79 [00:03<00:00, 22.02it/s]
 91%|█████████ | 72/79 [00:03<00:00, 18.29it/s]
 95%|█████████▍| 75/79 [00:03<00:00, 20.67it/s]
 99%|█████████▊| 78/79 [00:03<00:00, 20.91it/s]
100%|██████████| 79/79 [00:03<00:00, 20.21it/s]

CommRound: 27/30
Accuracy: 81.86% | Loss: 0.8442
[######################################################------] 90.0%
Elapsed: 12.4m | Avg/Round: 27.6s | Last: 31.1s | Next: 27.6s | Remaining: 1.4m
ETA: 19:35:10
Recent round times: R1: 29.5s -> R2: 28.0s -> R3: 25.1s -> R4: 25.6s -> R5: 31.1s

  0%|          | 0/79 [00:00<?, ?it/s]
  1%|▏         | 1/79 [00:00<00:11,  6.80it/s]
  6%|▋         | 5/79 [00:00<00:04, 17.38it/s]
 13%|█▎        | 10/79 [00:00<00:02, 28.52it/s]
 18%|█▊        | 14/79 [00:00<00:02, 26.35it/s]
 22%|██▏       | 17/79 [00:00<00:02, 21.21it/s]
 25%|██▌       | 20/79 [00:00<00:02, 22.64it/s]
 29%|██▉       | 23/79 [00:01<00:02, 18.95it/s]
 34%|███▍      | 27/79 [00:01<00:02, 21.98it/s]
 38%|███▊      | 30/79 [00:01<00:02, 23.75it/s]
 42%|████▏     | 33/79 [00:01<00:02, 22.09it/s]
 46%|████▌     | 36/79 [00:01<00:01, 22.49it/s]
 49%|████▉     | 39/79 [00:01<00:01, 20.86it/s]
 54%|█████▍    | 43/79 [00:01<00:01, 24.15it/s]
 58%|█████▊    | 46/79 [00:02<00:01, 25.34it/s]
 63%|██████▎   | 50/79 [00:02<00:01, 26.77it/s]
 68%|██████▊   | 54/79 [00:02<00:01, 23.61it/s]
 73%|███████▎  | 58/79 [00:02<00:00, 26.42it/s]
 77%|███████▋  | 61/79 [00:02<00:00, 22.09it/s]
 81%|████████  | 64/79 [00:02<00:00, 23.31it/s]
 85%|████████▍ | 67/79 [00:02<00:00, 23.29it/s]
 91%|█████████ | 72/79 [00:03<00:00, 24.42it/s]
 96%|█████████▌| 76/79 [00:03<00:00, 25.53it/s]
100%|██████████| 79/79 [00:03<00:00, 23.60it/s]

CommRound: 28/30
Accuracy: 81.88% | Loss: 0.8460
[########################################################----] 93.3%
Elapsed: 12.9m | Avg/Round: 27.7s | Last: 30.2s | Next: 27.7s | Remaining: 0.9m
ETA: 19:35:12
Recent round times: R1: 28.0s -> R2: 25.1s -> R3: 25.6s -> R4: 31.1s -> R5: 30.2s

  0%|          | 0/79 [00:00<?, ?it/s]
  1%|▏         | 1/79 [00:00<00:15,  4.90it/s]
  6%|▋         | 5/79 [00:00<00:05, 12.87it/s]
 10%|█         | 8/79 [00:00<00:04, 15.79it/s]
 14%|█▍        | 11/79 [00:00<00:03, 19.00it/s]
 18%|█▊        | 14/79 [00:00<00:02, 21.79it/s]
 23%|██▎       | 18/79 [00:00<00:02, 24.29it/s]
 28%|██▊       | 22/79 [00:01<00:02, 22.87it/s]
 34%|███▍      | 27/79 [00:01<00:01, 27.19it/s]
 38%|███▊      | 30/79 [00:01<00:01, 24.80it/s]
 42%|████▏     | 33/79 [00:01<00:01, 23.98it/s]
 46%|████▌     | 36/79 [00:01<00:01, 23.80it/s]
 49%|████▉     | 39/79 [00:01<00:01, 23.88it/s]
 53%|█████▎    | 42/79 [00:01<00:01, 23.50it/s]
 58%|█████▊    | 46/79 [00:02<00:01, 23.85it/s]
 62%|██████▏   | 49/79 [00:02<00:01, 24.65it/s]
 66%|██████▌   | 52/79 [00:02<00:01, 25.70it/s]
 70%|██████▉   | 55/79 [00:02<00:01, 22.40it/s]
 75%|███████▍  | 59/79 [00:02<00:00, 21.72it/s]
 80%|███████▉  | 63/79 [00:02<00:00, 20.53it/s]
 84%|████████▎ | 66/79 [00:03<00:00, 20.83it/s]
 90%|████████▉ | 71/79 [00:03<00:00, 23.53it/s]
 94%|█████████▎| 74/79 [00:03<00:00, 24.73it/s]
 97%|█████████▋| 77/79 [00:03<00:00, 19.96it/s]
100%|██████████| 79/79 [00:03<00:00, 22.13it/s]

CommRound: 29/30
Accuracy: 81.92% | Loss: 0.8476
[##########################################################--] 96.7%
Elapsed: 13.4m | Avg/Round: 27.7s | Last: 27.8s | Next: 27.7s | Remaining: 0.5m
ETA: 19:35:13
Recent round times: R1: 25.1s -> R2: 25.6s -> R3: 31.1s -> R4: 30.2s -> R5: 27.8s

  0%|          | 0/79 [00:00<?, ?it/s]
  1%|▏         | 1/79 [00:00<00:11,  6.57it/s]
  4%|▍         | 3/79 [00:00<00:07,  9.71it/s]
  5%|▌         | 4/79 [00:00<00:07,  9.63it/s]
  6%|▋         | 5/79 [00:00<00:08,  9.16it/s]
  8%|▊         | 6/79 [00:00<00:08,  8.64it/s]
 11%|█▏        | 9/79 [00:00<00:05, 13.34it/s]
 14%|█▍        | 11/79 [00:01<00:05, 11.87it/s]
 16%|█▋        | 13/79 [00:01<00:05, 11.37it/s]
 23%|██▎       | 18/79 [00:01<00:03, 19.23it/s]
 27%|██▋       | 21/79 [00:01<00:02, 19.75it/s]
 30%|███       | 24/79 [00:01<00:03, 13.85it/s]
 33%|███▎      | 26/79 [00:02<00:04, 12.78it/s]
 38%|███▊      | 30/79 [00:02<00:02, 16.57it/s]
 42%|████▏     | 33/79 [00:02<00:02, 18.91it/s]
 47%|████▋     | 37/79 [00:02<00:01, 22.03it/s]
 51%|█████     | 40/79 [00:02<00:01, 21.79it/s]
 54%|█████▍    | 43/79 [00:02<00:02, 17.49it/s]
 58%|█████▊    | 46/79 [00:02<00:01, 17.01it/s]
 61%|██████    | 48/79 [00:03<00:01, 16.59it/s]
 65%|██████▍   | 51/79 [00:03<00:01, 18.99it/s]
 68%|██████▊   | 54/79 [00:03<00:01, 17.56it/s]
 73%|███████▎  | 58/79 [00:03<00:01, 19.38it/s]
 77%|███████▋  | 61/79 [00:03<00:01, 14.51it/s]
 80%|███████▉  | 63/79 [00:04<00:01, 13.57it/s]
 85%|████████▍ | 67/79 [00:04<00:00, 16.83it/s]
 90%|████████▉ | 71/79 [00:04<00:00, 19.46it/s]
 96%|█████████▌| 76/79 [00:04<00:00, 22.47it/s]
100%|██████████| 79/79 [00:04<00:00, 18.57it/s]
100%|██████████| 79/79 [00:04<00:00, 16.36it/s]

CommRound: 30/30
Accuracy: 81.94% | Loss: 0.8492
[############################################################] 100.0%
Elapsed: 13.9m | Avg/Round: 27.9s | Last: 32.4s | Next: 27.9s | Remaining: 0.0m
ETA: 19:35:17
Recent round times: R1: 25.6s -> R2: 31.1s -> R3: 30.2s -> R4: 27.8s -> R5: 32.4s
Total time for experiment: 835.8612608909607 seconds
Device average training time per communication round [s]:
    rpi (sld-rpi-09.ece.utexas.edu): 9.31 seconds
    mc1 (sld-mc1-09.ece.utexas.edu): 21.97 seconds
