Connecting to sld-rpi-09.ece.utexas.edu...
Successfully fetched dev0_pow_temp_log_exp230_run1.csv.
Connecting to sld-rpi-09.ece.utexas.edu...
Successfully fetched dev0_communication_log_exp230_run1.csv.
Connecting to sld-mc1-09.ece.utexas.edu...
Successfully fetched dev1_pow_temp_log_exp230_run1.csv.
Connecting to sld-mc1-09.ece.utexas.edu...
Successfully fetched dev1_communication_log_exp230_run1.csv.

Exp230
Experiment 230: 
	Global test accuracy [%]: 58.01 %
	No round found where all subsequent rounds have accuracy >= 90.00%.
	Average time per communication round [s]: 10.12 seconds
	Total wall clock time [s]: 225.48 seconds


Experiment 230:
	RPi avg. energy consumption per round [J]: 37.93 Joules
	MC1 avg. energy consumption per round [J]: 23.41 Joules
	Total avg. energy consumption per communication round [J]: 61.34 Joules
	Avg. amount of communicated data per communication round [MB]: 0.01 MB
	RPi avg. power consumption per round [W]: 5.35 Watts
	MC1 avg. power consumption per round [W]: 6.15 Watts
