
  0%|          | 0/79 [00:00<?, ?it/s]
  1%|▏         | 1/79 [00:00<00:11,  6.90it/s]
  4%|▍         | 3/79 [00:00<00:06, 11.89it/s]
  6%|▋         | 5/79 [00:00<00:05, 13.26it/s]
  9%|▉         | 7/79 [00:00<00:05, 13.90it/s]
 11%|█▏        | 9/79 [00:00<00:04, 14.29it/s]
 14%|█▍        | 11/79 [00:00<00:04, 14.65it/s]
 16%|█▋        | 13/79 [00:00<00:04, 14.81it/s]
 19%|█▉        | 15/79 [00:01<00:04, 15.60it/s]
 23%|██▎       | 18/79 [00:01<00:03, 18.88it/s]
 28%|██▊       | 22/79 [00:01<00:02, 22.29it/s]
 33%|███▎      | 26/79 [00:01<00:02, 24.59it/s]
 38%|███▊      | 30/79 [00:01<00:01, 26.15it/s]
 43%|████▎     | 34/79 [00:01<00:01, 27.21it/s]
 48%|████▊     | 38/79 [00:01<00:01, 27.94it/s]
 53%|█████▎    | 42/79 [00:01<00:01, 28.27it/s]
 58%|█████▊    | 46/79 [00:02<00:01, 28.04it/s]
 63%|██████▎   | 50/79 [00:02<00:01, 27.88it/s]
 68%|██████▊   | 54/79 [00:02<00:00, 28.29it/s]
 73%|███████▎  | 58/79 [00:02<00:00, 27.99it/s]
 78%|███████▊  | 62/79 [00:02<00:00, 28.19it/s]
 84%|████████▎ | 66/79 [00:02<00:00, 24.69it/s]
 87%|████████▋ | 69/79 [00:03<00:00, 24.48it/s]
 91%|█████████ | 72/79 [00:03<00:00, 19.71it/s]
 95%|█████████▍| 75/79 [00:03<00:00, 20.58it/s]
 99%|█████████▊| 78/79 [00:03<00:00, 20.59it/s]
100%|██████████| 79/79 [00:03<00:00, 22.21it/s]
Initial Accuracy: 10.32%; Initial Loss: 2.3194

  0%|          | 0/79 [00:00<?, ?it/s]
  1%|▏         | 1/79 [00:00<00:10,  7.78it/s]
  6%|▋         | 5/79 [00:00<00:03, 22.97it/s]
 11%|█▏        | 9/79 [00:00<00:02, 28.27it/s]
 16%|█▋        | 13/79 [00:00<00:02, 30.91it/s]
 22%|██▏       | 17/79 [00:00<00:01, 32.47it/s]
 27%|██▋       | 21/79 [00:00<00:01, 30.66it/s]
 32%|███▏      | 25/79 [00:00<00:01, 31.51it/s]
 37%|███▋      | 29/79 [00:00<00:01, 33.07it/s]
 42%|████▏     | 33/79 [00:01<00:01, 31.20it/s]
 47%|████▋     | 37/79 [00:01<00:01, 30.91it/s]
 52%|█████▏    | 41/79 [00:01<00:01, 31.72it/s]
 57%|█████▋    | 45/79 [00:01<00:01, 30.71it/s]
 62%|██████▏   | 49/79 [00:01<00:00, 30.15it/s]
 67%|██████▋   | 53/79 [00:01<00:00, 28.67it/s]
 71%|███████   | 56/79 [00:01<00:00, 23.58it/s]
 75%|███████▍  | 59/79 [00:02<00:00, 23.98it/s]
 78%|███████▊  | 62/79 [00:02<00:00, 21.90it/s]
 84%|████████▎ | 66/79 [00:02<00:00, 22.14it/s]
 87%|████████▋ | 69/79 [00:02<00:00, 22.89it/s]
 91%|█████████ | 72/79 [00:02<00:00, 19.75it/s]
 95%|█████████▍| 75/79 [00:02<00:00, 21.17it/s]
 99%|█████████▊| 78/79 [00:03<00:00, 21.14it/s]
100%|██████████| 79/79 [00:03<00:00, 25.83it/s]

CommRound: 1/30
Accuracy: 10.28% | Loss: 2.8610
[##----------------------------------------------------------] 3.3%
Elapsed: 0.2m | Avg/Round: 12.8s | Last: 9.2s | Next: 12.8s | Remaining: 6.2m
ETA: 11:02:06
Recent round times: R1: 9.2s

  0%|          | 0/79 [00:00<?, ?it/s]
  3%|▎         | 2/79 [00:00<00:04, 17.21it/s]
  8%|▊         | 6/79 [00:00<00:02, 27.07it/s]
 13%|█▎        | 10/79 [00:00<00:02, 29.57it/s]
 18%|█▊        | 14/79 [00:00<00:02, 31.03it/s]
 23%|██▎       | 18/79 [00:00<00:01, 31.96it/s]
 28%|██▊       | 22/79 [00:00<00:01, 32.54it/s]
 33%|███▎      | 26/79 [00:00<00:01, 32.98it/s]
 38%|███▊      | 30/79 [00:00<00:01, 33.15it/s]
 43%|████▎     | 34/79 [00:01<00:01, 33.20it/s]
 48%|████▊     | 38/79 [00:01<00:01, 33.15it/s]
 53%|█████▎    | 42/79 [00:01<00:01, 32.97it/s]
 58%|█████▊    | 46/79 [00:01<00:00, 33.10it/s]
 63%|██████▎   | 50/79 [00:01<00:00, 33.45it/s]
 68%|██████▊   | 54/79 [00:01<00:00, 28.04it/s]
 72%|███████▏  | 57/79 [00:01<00:00, 27.71it/s]
 76%|███████▌  | 60/79 [00:02<00:00, 22.52it/s]
 81%|████████  | 64/79 [00:02<00:00, 24.48it/s]
 86%|████████▌ | 68/79 [00:02<00:00, 26.73it/s]
 91%|█████████ | 72/79 [00:02<00:00, 25.33it/s]
 95%|█████████▍| 75/79 [00:02<00:00, 25.73it/s]
 99%|█████████▊| 78/79 [00:02<00:00, 25.55it/s]
100%|██████████| 79/79 [00:02<00:00, 28.68it/s]

CommRound: 2/30
Accuracy: 10.44% | Loss: 2.9849
[####--------------------------------------------------------] 6.7%
Elapsed: 0.4m | Avg/Round: 11.0s | Last: 9.2s | Next: 11.0s | Remaining: 5.1m
ETA: 11:01:13
Recent round times: R1: 9.2s -> R2: 9.2s

  0%|          | 0/79 [00:00<?, ?it/s]
  1%|▏         | 1/79 [00:00<00:09,  8.51it/s]
  6%|▋         | 5/79 [00:00<00:03, 18.84it/s]
  9%|▉         | 7/79 [00:00<00:03, 19.18it/s]
 11%|█▏        | 9/79 [00:00<00:03, 18.91it/s]
 16%|█▋        | 13/79 [00:00<00:02, 23.98it/s]
 22%|██▏       | 17/79 [00:00<00:02, 26.84it/s]
 27%|██▋       | 21/79 [00:00<00:02, 28.67it/s]
 32%|███▏      | 25/79 [00:00<00:01, 29.05it/s]
 37%|███▋      | 29/79 [00:01<00:01, 29.81it/s]
 42%|████▏     | 33/79 [00:01<00:01, 30.10it/s]
 47%|████▋     | 37/79 [00:01<00:01, 29.80it/s]
 52%|█████▏    | 41/79 [00:01<00:01, 29.85it/s]
 57%|█████▋    | 45/79 [00:01<00:01, 29.72it/s]
 62%|██████▏   | 49/79 [00:01<00:00, 30.94it/s]
 67%|██████▋   | 53/79 [00:01<00:00, 30.65it/s]
 72%|███████▏  | 57/79 [00:02<00:00, 29.49it/s]
 77%|███████▋  | 61/79 [00:02<00:00, 28.50it/s]
 82%|████████▏ | 65/79 [00:02<00:00, 27.66it/s]
 87%|████████▋ | 69/79 [00:02<00:00, 26.71it/s]
 91%|█████████ | 72/79 [00:02<00:00, 25.28it/s]
 95%|█████████▍| 75/79 [00:02<00:00, 23.73it/s]
100%|██████████| 79/79 [00:02<00:00, 27.24it/s]

CommRound: 3/30
Accuracy: 11.10% | Loss: 3.0155
[######------------------------------------------------------] 10.0%
Elapsed: 0.5m | Avg/Round: 10.5s | Last: 9.5s | Next: 10.5s | Remaining: 4.7m
ETA: 11:00:58
Recent round times: R1: 9.2s -> R2: 9.2s -> R3: 9.5s

  0%|          | 0/79 [00:00<?, ?it/s]
  4%|▍         | 3/79 [00:00<00:03, 21.93it/s]
  9%|▉         | 7/79 [00:00<00:02, 30.32it/s]
 14%|█▍        | 11/79 [00:00<00:02, 33.90it/s]
 19%|█▉        | 15/79 [00:00<00:01, 35.51it/s]
 24%|██▍       | 19/79 [00:00<00:01, 36.64it/s]
 29%|██▉       | 23/79 [00:00<00:01, 37.06it/s]
 34%|███▍      | 27/79 [00:00<00:01, 36.57it/s]
 39%|███▉      | 31/79 [00:01<00:02, 22.44it/s]
 48%|████▊     | 38/79 [00:01<00:01, 29.75it/s]
 53%|█████▎    | 42/79 [00:01<00:01, 31.59it/s]
 58%|█████▊    | 46/79 [00:01<00:00, 33.23it/s]
 63%|██████▎   | 50/79 [00:01<00:00, 34.17it/s]
 68%|██████▊   | 54/79 [00:01<00:00, 30.32it/s]
 73%|███████▎  | 58/79 [00:01<00:00, 23.36it/s]
 77%|███████▋  | 61/79 [00:02<00:00, 18.71it/s]
 81%|████████  | 64/79 [00:02<00:00, 19.41it/s]
 85%|████████▍ | 67/79 [00:02<00:00, 16.93it/s]
 87%|████████▋ | 69/79 [00:02<00:00, 15.36it/s]
 92%|█████████▏| 73/79 [00:03<00:00, 16.95it/s]
 95%|█████████▍| 75/79 [00:03<00:00, 16.46it/s]
 97%|█████████▋| 77/79 [00:03<00:00, 16.26it/s]
100%|██████████| 79/79 [00:03<00:00, 23.91it/s]

CommRound: 4/30
Accuracy: 12.16% | Loss: 3.0316
[########----------------------------------------------------] 13.3%
Elapsed: 0.7m | Avg/Round: 10.3s | Last: 9.8s | Next: 10.3s | Remaining: 4.5m
ETA: 11:00:53
Recent round times: R1: 9.2s -> R2: 9.2s -> R3: 9.5s -> R4: 9.8s

  0%|          | 0/79 [00:00<?, ?it/s]
  1%|▏         | 1/79 [00:00<00:15,  4.96it/s]
  4%|▍         | 3/79 [00:00<00:07,  9.54it/s]
  6%|▋         | 5/79 [00:00<00:06, 11.02it/s]
  9%|▉         | 7/79 [00:00<00:06, 11.77it/s]
 11%|█▏        | 9/79 [00:00<00:05, 12.22it/s]
 14%|█▍        | 11/79 [00:00<00:05, 12.53it/s]
 16%|█▋        | 13/79 [00:01<00:05, 12.65it/s]
 19%|█▉        | 15/79 [00:01<00:04, 12.84it/s]
 22%|██▏       | 17/79 [00:01<00:04, 13.01it/s]
 24%|██▍       | 19/79 [00:01<00:04, 13.33it/s]
 29%|██▉       | 23/79 [00:01<00:02, 19.00it/s]
 33%|███▎      | 26/79 [00:01<00:03, 17.53it/s]
 35%|███▌      | 28/79 [00:01<00:02, 17.34it/s]
 38%|███▊      | 30/79 [00:02<00:02, 17.37it/s]
 41%|████      | 32/79 [00:02<00:03, 13.69it/s]
 44%|████▍     | 35/79 [00:02<00:03, 13.86it/s]
 47%|████▋     | 37/79 [00:02<00:03, 12.61it/s]
 52%|█████▏    | 41/79 [00:02<00:02, 14.14it/s]
 54%|█████▍    | 43/79 [00:03<00:02, 12.61it/s]
 59%|█████▉    | 47/79 [00:03<00:02, 15.67it/s]
 62%|██████▏   | 49/79 [00:03<00:02, 14.06it/s]
 65%|██████▍   | 51/79 [00:03<00:02, 13.63it/s]
 67%|██████▋   | 53/79 [00:03<00:01, 13.27it/s]
 70%|██████▉   | 55/79 [00:04<00:01, 12.73it/s]
 72%|███████▏  | 57/79 [00:04<00:01, 12.47it/s]
 75%|███████▍  | 59/79 [00:04<00:01, 11.26it/s]
 77%|███████▋  | 61/79 [00:04<00:01, 11.47it/s]
 80%|███████▉  | 63/79 [00:04<00:01, 12.03it/s]
 82%|████████▏ | 65/79 [00:04<00:01, 12.52it/s]
 86%|████████▌ | 68/79 [00:05<00:00, 15.29it/s]
 92%|█████████▏| 73/79 [00:05<00:00, 21.97it/s]
 96%|█████████▌| 76/79 [00:05<00:00, 23.00it/s]
100%|██████████| 79/79 [00:05<00:00, 21.81it/s]
100%|██████████| 79/79 [00:05<00:00, 14.55it/s]

CommRound: 5/30
Accuracy: 12.63% | Loss: 3.0380
[##########--------------------------------------------------] 16.7%
Elapsed: 0.9m | Avg/Round: 10.7s | Last: 12.0s | Next: 10.7s | Remaining: 4.4m
ETA: 11:01:03
Recent round times: R1: 9.2s -> R2: 9.2s -> R3: 9.5s -> R4: 9.8s -> R5: 12.0s

  0%|          | 0/79 [00:00<?, ?it/s]
  1%|▏         | 1/79 [00:00<00:13,  5.58it/s]
  4%|▍         | 3/79 [00:00<00:07, 10.08it/s]
  8%|▊         | 6/79 [00:00<00:04, 16.60it/s]
 11%|█▏        | 9/79 [00:00<00:04, 16.34it/s]
 14%|█▍        | 11/79 [00:00<00:04, 14.92it/s]
 16%|█▋        | 13/79 [00:00<00:04, 14.36it/s]
 19%|█▉        | 15/79 [00:01<00:04, 14.78it/s]
 22%|██▏       | 17/79 [00:01<00:04, 14.43it/s]
 24%|██▍       | 19/79 [00:01<00:04, 14.06it/s]
 27%|██▋       | 21/79 [00:01<00:04, 13.71it/s]
 29%|██▉       | 23/79 [00:01<00:03, 14.06it/s]
 32%|███▏      | 25/79 [00:01<00:03, 14.28it/s]
 34%|███▍      | 27/79 [00:01<00:03, 13.56it/s]
 37%|███▋      | 29/79 [00:02<00:03, 13.28it/s]
 39%|███▉      | 31/79 [00:02<00:03, 12.45it/s]
 42%|████▏     | 33/79 [00:02<00:03, 13.08it/s]
 44%|████▍     | 35/79 [00:02<00:03, 11.57it/s]
 47%|████▋     | 37/79 [00:02<00:03, 12.99it/s]
 49%|████▉     | 39/79 [00:02<00:02, 13.39it/s]
 52%|█████▏    | 41/79 [00:03<00:02, 13.59it/s]
 54%|█████▍    | 43/79 [00:03<00:02, 13.44it/s]
 57%|█████▋    | 45/79 [00:03<00:02, 12.95it/s]
 59%|█████▉    | 47/79 [00:03<00:02, 13.33it/s]
 62%|██████▏   | 49/79 [00:03<00:02, 13.63it/s]
 65%|██████▍   | 51/79 [00:03<00:02, 13.51it/s]
 67%|██████▋   | 53/79 [00:03<00:02, 12.19it/s]
 71%|███████   | 56/79 [00:04<00:01, 13.59it/s]
 73%|███████▎  | 58/79 [00:04<00:01, 12.24it/s]
 77%|███████▋  | 61/79 [00:04<00:01, 14.47it/s]
 80%|███████▉  | 63/79 [00:04<00:01, 14.09it/s]
 82%|████████▏ | 65/79 [00:04<00:00, 14.08it/s]
 85%|████████▍ | 67/79 [00:04<00:00, 14.32it/s]
 87%|████████▋ | 69/79 [00:05<00:00, 15.37it/s]
 90%|████████▉ | 71/79 [00:05<00:00, 14.72it/s]
 92%|█████████▏| 73/79 [00:05<00:00, 13.94it/s]
 95%|█████████▍| 75/79 [00:05<00:00, 14.04it/s]
 97%|█████████▋| 77/79 [00:05<00:00, 14.16it/s]
100%|██████████| 79/79 [00:05<00:00, 13.91it/s]

CommRound: 6/30
Accuracy: 13.03% | Loss: 3.0391
[############------------------------------------------------] 20.0%
Elapsed: 1.1m | Avg/Round: 11.0s | Last: 12.8s | Next: 11.0s | Remaining: 4.4m
ETA: 11:01:14
Recent round times: R1: 9.2s -> R2: 9.5s -> R3: 9.8s -> R4: 12.0s -> R5: 12.8s

  0%|          | 0/79 [00:00<?, ?it/s]
  1%|▏         | 1/79 [00:00<00:11,  6.60it/s]
  5%|▌         | 4/79 [00:00<00:04, 16.72it/s]
  8%|▊         | 6/79 [00:00<00:04, 16.86it/s]
 13%|█▎        | 10/79 [00:00<00:03, 20.77it/s]
 18%|█▊        | 14/79 [00:00<00:02, 22.95it/s]
 22%|██▏       | 17/79 [00:00<00:02, 23.03it/s]
 25%|██▌       | 20/79 [00:00<00:02, 22.71it/s]
 29%|██▉       | 23/79 [00:01<00:02, 23.38it/s]
 33%|███▎      | 26/79 [00:01<00:02, 23.55it/s]
 37%|███▋      | 29/79 [00:01<00:02, 22.98it/s]
 41%|████      | 32/79 [00:01<00:02, 22.27it/s]
 44%|████▍     | 35/79 [00:01<00:01, 22.29it/s]
 48%|████▊     | 38/79 [00:01<00:01, 21.91it/s]
 52%|█████▏    | 41/79 [00:01<00:01, 22.49it/s]
 56%|█████▌    | 44/79 [00:02<00:01, 22.02it/s]
 59%|█████▉    | 47/79 [00:02<00:01, 23.60it/s]
 63%|██████▎   | 50/79 [00:02<00:01, 22.93it/s]
 67%|██████▋   | 53/79 [00:02<00:01, 24.38it/s]
 71%|███████   | 56/79 [00:02<00:00, 23.54it/s]
 76%|███████▌  | 60/79 [00:02<00:00, 23.96it/s]
 81%|████████  | 64/79 [00:02<00:00, 24.05it/s]
 86%|████████▌ | 68/79 [00:02<00:00, 24.64it/s]
 91%|█████████ | 72/79 [00:03<00:00, 24.96it/s]
 96%|█████████▌| 76/79 [00:03<00:00, 23.72it/s]
100%|██████████| 79/79 [00:03<00:00, 23.06it/s]

CommRound: 7/30
Accuracy: 13.22% | Loss: 3.0373
[##############----------------------------------------------] 23.3%
Elapsed: 1.3m | Avg/Round: 10.9s | Last: 10.0s | Next: 10.9s | Remaining: 4.2m
ETA: 11:01:09
Recent round times: R1: 9.5s -> R2: 9.8s -> R3: 12.0s -> R4: 12.8s -> R5: 10.0s

  0%|          | 0/79 [00:00<?, ?it/s]
  1%|▏         | 1/79 [00:00<00:11,  6.68it/s]
  6%|▋         | 5/79 [00:00<00:03, 20.03it/s]
 10%|█         | 8/79 [00:00<00:03, 23.19it/s]
 14%|█▍        | 11/79 [00:00<00:02, 24.57it/s]
 18%|█▊        | 14/79 [00:00<00:03, 19.13it/s]
 22%|██▏       | 17/79 [00:00<00:02, 20.72it/s]
 25%|██▌       | 20/79 [00:01<00:03, 17.02it/s]
 28%|██▊       | 22/79 [00:01<00:03, 17.50it/s]
 33%|███▎      | 26/79 [00:01<00:02, 21.41it/s]
 38%|███▊      | 30/79 [00:01<00:02, 24.41it/s]
 42%|████▏     | 33/79 [00:01<00:01, 25.19it/s]
 47%|████▋     | 37/79 [00:01<00:01, 26.35it/s]
 52%|█████▏    | 41/79 [00:01<00:01, 27.41it/s]
 56%|█████▌    | 44/79 [00:01<00:01, 27.53it/s]
 59%|█████▉    | 47/79 [00:02<00:01, 20.44it/s]
 65%|██████▍   | 51/79 [00:02<00:01, 22.61it/s]
 70%|██████▉   | 55/79 [00:02<00:01, 22.92it/s]
 73%|███████▎  | 58/79 [00:02<00:00, 24.36it/s]
 77%|███████▋  | 61/79 [00:02<00:00, 21.82it/s]
 81%|████████  | 64/79 [00:02<00:00, 22.44it/s]
 85%|████████▍ | 67/79 [00:03<00:00, 21.55it/s]
 89%|████████▊ | 70/79 [00:03<00:00, 23.37it/s]
 92%|█████████▏| 73/79 [00:03<00:00, 21.01it/s]
 97%|█████████▋| 77/79 [00:03<00:00, 23.24it/s]
100%|██████████| 79/79 [00:03<00:00, 22.64it/s]

CommRound: 8/30
Accuracy: 13.35% | Loss: 3.0340
[################--------------------------------------------] 26.7%
Elapsed: 1.4m | Avg/Round: 10.7s | Last: 9.9s | Next: 10.7s | Remaining: 3.9m
ETA: 11:01:06
Recent round times: R1: 9.8s -> R2: 12.0s -> R3: 12.8s -> R4: 10.0s -> R5: 9.9s

  0%|          | 0/79 [00:00<?, ?it/s]
  1%|▏         | 1/79 [00:00<00:10,  7.72it/s]
  6%|▋         | 5/79 [00:00<00:05, 13.79it/s]
  9%|▉         | 7/79 [00:00<00:05, 14.03it/s]
 11%|█▏        | 9/79 [00:00<00:04, 14.07it/s]
 14%|█▍        | 11/79 [00:00<00:04, 14.01it/s]
 16%|█▋        | 13/79 [00:00<00:04, 15.40it/s]
 19%|█▉        | 15/79 [00:01<00:03, 16.07it/s]
 24%|██▍       | 19/79 [00:01<00:02, 20.12it/s]
 28%|██▊       | 22/79 [00:01<00:02, 21.71it/s]
 32%|███▏      | 25/79 [00:01<00:02, 19.53it/s]
 35%|███▌      | 28/79 [00:01<00:02, 21.96it/s]
 39%|███▉      | 31/79 [00:01<00:02, 19.51it/s]
 44%|████▍     | 35/79 [00:01<00:02, 21.18it/s]
 49%|████▉     | 39/79 [00:02<00:01, 21.40it/s]
 53%|█████▎    | 42/79 [00:02<00:01, 23.08it/s]
 57%|█████▋    | 45/79 [00:02<00:01, 20.17it/s]
 61%|██████    | 48/79 [00:02<00:01, 19.10it/s]
 67%|██████▋   | 53/79 [00:02<00:01, 19.29it/s]
 70%|██████▉   | 55/79 [00:03<00:01, 16.80it/s]
 75%|███████▍  | 59/79 [00:03<00:01, 19.41it/s]
 80%|███████▉  | 63/79 [00:03<00:00, 20.48it/s]
 85%|████████▍ | 67/79 [00:03<00:00, 21.45it/s]
 89%|████████▊ | 70/79 [00:03<00:00, 23.14it/s]
 92%|█████████▏| 73/79 [00:03<00:00, 20.99it/s]
 97%|█████████▋| 77/79 [00:03<00:00, 21.66it/s]
100%|██████████| 79/79 [00:04<00:00, 19.72it/s]

CommRound: 9/30
Accuracy: 13.43% | Loss: 3.0300
[##################------------------------------------------] 30.0%
Elapsed: 1.6m | Avg/Round: 10.7s | Last: 10.6s | Next: 10.7s | Remaining: 3.8m
ETA: 11:01:05
Recent round times: R1: 12.0s -> R2: 12.8s -> R3: 10.0s -> R4: 9.9s -> R5: 10.6s

  0%|          | 0/79 [00:00<?, ?it/s]
  1%|▏         | 1/79 [00:00<00:17,  4.38it/s]
  6%|▋         | 5/79 [00:00<00:04, 15.75it/s]
  9%|▉         | 7/79 [00:00<00:04, 16.34it/s]
 11%|█▏        | 9/79 [00:00<00:04, 16.78it/s]
 14%|█▍        | 11/79 [00:00<00:03, 17.66it/s]
 16%|█▋        | 13/79 [00:00<00:03, 17.25it/s]
 19%|█▉        | 15/79 [00:00<00:03, 16.86it/s]
 22%|██▏       | 17/79 [00:01<00:03, 17.23it/s]
 27%|██▋       | 21/79 [00:01<00:02, 20.26it/s]
 29%|██▉       | 23/79 [00:01<00:02, 20.05it/s]
 32%|███▏      | 25/79 [00:01<00:02, 19.98it/s]
 34%|███▍      | 27/79 [00:01<00:02, 19.94it/s]
 39%|███▉      | 31/79 [00:01<00:02, 23.19it/s]
 44%|████▍     | 35/79 [00:01<00:01, 26.19it/s]
 49%|████▉     | 39/79 [00:01<00:01, 28.17it/s]
 53%|█████▎    | 42/79 [00:02<00:01, 27.84it/s]
 57%|█████▋    | 45/79 [00:02<00:01, 27.71it/s]
 61%|██████    | 48/79 [00:02<00:01, 22.47it/s]
 66%|██████▌   | 52/79 [00:02<00:01, 22.86it/s]
 70%|██████▉   | 55/79 [00:02<00:00, 24.36it/s]
 73%|███████▎  | 58/79 [00:02<00:00, 22.27it/s]
 78%|███████▊  | 62/79 [00:02<00:00, 22.74it/s]
 82%|████████▏ | 65/79 [00:03<00:00, 24.12it/s]
 86%|████████▌ | 68/79 [00:03<00:00, 20.85it/s]
 90%|████████▉ | 71/79 [00:03<00:00, 22.25it/s]
 94%|█████████▎| 74/79 [00:03<00:00, 19.39it/s]
 99%|█████████▊| 78/79 [00:03<00:00, 21.56it/s]
100%|██████████| 79/79 [00:03<00:00, 21.29it/s]

CommRound: 10/30
Accuracy: 13.43% | Loss: 3.0258
[####################----------------------------------------] 33.3%
Elapsed: 1.8m | Avg/Round: 10.7s | Last: 10.5s | Next: 10.7s | Remaining: 3.6m
ETA: 11:01:04
Recent round times: R1: 12.8s -> R2: 10.0s -> R3: 9.9s -> R4: 10.6s -> R5: 10.5s

  0%|          | 0/79 [00:00<?, ?it/s]
  1%|▏         | 1/79 [00:00<00:16,  4.71it/s]
  6%|▋         | 5/79 [00:00<00:05, 14.79it/s]
 10%|█         | 8/79 [00:00<00:03, 19.19it/s]
 14%|█▍        | 11/79 [00:00<00:03, 21.36it/s]
 18%|█▊        | 14/79 [00:00<00:02, 22.45it/s]
 23%|██▎       | 18/79 [00:00<00:02, 22.06it/s]
 27%|██▋       | 21/79 [00:01<00:02, 23.27it/s]
 30%|███       | 24/79 [00:01<00:02, 24.90it/s]
 34%|███▍      | 27/79 [00:01<00:02, 25.36it/s]
 38%|███▊      | 30/79 [00:01<00:02, 21.40it/s]
 42%|████▏     | 33/79 [00:01<00:02, 22.84it/s]
 46%|████▌     | 36/79 [00:01<00:02, 19.84it/s]
 49%|████▉     | 39/79 [00:01<00:01, 21.45it/s]
 53%|█████▎    | 42/79 [00:02<00:01, 19.45it/s]
 57%|█████▋    | 45/79 [00:02<00:01, 21.52it/s]
 61%|██████    | 48/79 [00:02<00:01, 19.06it/s]
 65%|██████▍   | 51/79 [00:02<00:01, 20.77it/s]
 68%|██████▊   | 54/79 [00:02<00:01, 18.95it/s]
 72%|███████▏  | 57/79 [00:02<00:01, 20.84it/s]
 76%|███████▌  | 60/79 [00:02<00:01, 17.87it/s]
 81%|████████  | 64/79 [00:03<00:00, 20.73it/s]
 85%|████████▍ | 67/79 [00:03<00:00, 22.34it/s]
 89%|████████▊ | 70/79 [00:03<00:00, 21.09it/s]
 94%|█████████▎| 74/79 [00:03<00:00, 21.94it/s]
 99%|█████████▊| 78/79 [00:03<00:00, 23.69it/s]
100%|██████████| 79/79 [00:03<00:00, 21.20it/s]

CommRound: 11/30
Accuracy: 13.44% | Loss: 3.0216
[######################--------------------------------------] 36.7%
Elapsed: 2.0m | Avg/Round: 10.7s | Last: 10.5s | Next: 10.7s | Remaining: 3.4m
ETA: 11:01:04
Recent round times: R1: 10.0s -> R2: 9.9s -> R3: 10.6s -> R4: 10.5s -> R5: 10.5s

  0%|          | 0/79 [00:00<?, ?it/s]
  1%|▏         | 1/79 [00:00<00:12,  6.31it/s]
  6%|▋         | 5/79 [00:00<00:03, 22.08it/s]
 11%|█▏        | 9/79 [00:00<00:02, 26.49it/s]
 16%|█▋        | 13/79 [00:00<00:02, 27.11it/s]
 20%|██        | 16/79 [00:00<00:02, 27.27it/s]
 24%|██▍       | 19/79 [00:00<00:02, 24.15it/s]
 28%|██▊       | 22/79 [00:00<00:02, 21.73it/s]
 33%|███▎      | 26/79 [00:01<00:02, 23.81it/s]
 37%|███▋      | 29/79 [00:01<00:01, 25.17it/s]
 41%|████      | 32/79 [00:01<00:01, 23.76it/s]
 46%|████▌     | 36/79 [00:01<00:01, 24.36it/s]
 51%|█████     | 40/79 [00:01<00:01, 23.92it/s]
 56%|█████▌    | 44/79 [00:01<00:01, 24.70it/s]
 59%|█████▉    | 47/79 [00:01<00:01, 25.16it/s]
 63%|██████▎   | 50/79 [00:02<00:01, 24.15it/s]
 68%|██████▊   | 54/79 [00:02<00:01, 24.14it/s]
 72%|███████▏  | 57/79 [00:02<00:00, 23.80it/s]
 76%|███████▌  | 60/79 [00:02<00:01, 18.52it/s]
 80%|███████▉  | 63/79 [00:02<00:00, 17.68it/s]
 82%|████████▏ | 65/79 [00:02<00:00, 17.61it/s]
 87%|████████▋ | 69/79 [00:03<00:00, 21.56it/s]
 91%|█████████ | 72/79 [00:03<00:00, 22.24it/s]
 95%|█████████▍| 75/79 [00:03<00:00, 23.28it/s]
100%|██████████| 79/79 [00:03<00:00, 26.74it/s]
100%|██████████| 79/79 [00:03<00:00, 23.07it/s]

CommRound: 12/30
Accuracy: 13.46% | Loss: 3.0176
[########################------------------------------------] 40.0%
Elapsed: 2.1m | Avg/Round: 10.6s | Last: 10.2s | Next: 10.6s | Remaining: 3.2m
ETA: 11:01:02
Recent round times: R1: 9.9s -> R2: 10.6s -> R3: 10.5s -> R4: 10.5s -> R5: 10.2s

  0%|          | 0/79 [00:00<?, ?it/s]
  1%|▏         | 1/79 [00:00<00:12,  6.22it/s]
  5%|▌         | 4/79 [00:00<00:04, 17.00it/s]
 10%|█         | 8/79 [00:00<00:03, 23.31it/s]
 14%|█▍        | 11/79 [00:00<00:02, 24.22it/s]
 18%|█▊        | 14/79 [00:00<00:02, 22.64it/s]
 24%|██▍       | 19/79 [00:00<00:02, 28.53it/s]
 28%|██▊       | 22/79 [00:00<00:02, 25.94it/s]
 32%|███▏      | 25/79 [00:01<00:02, 24.40it/s]
 35%|███▌      | 28/79 [00:01<00:02, 23.99it/s]
 39%|███▉      | 31/79 [00:01<00:02, 22.86it/s]
 43%|████▎     | 34/79 [00:01<00:02, 22.35it/s]
 47%|████▋     | 37/79 [00:01<00:01, 21.18it/s]
 51%|█████     | 40/79 [00:01<00:01, 21.28it/s]
 54%|█████▍    | 43/79 [00:01<00:01, 21.23it/s]
 58%|█████▊    | 46/79 [00:02<00:01, 21.55it/s]
 62%|██████▏   | 49/79 [00:02<00:01, 19.98it/s]
 67%|██████▋   | 53/79 [00:02<00:01, 22.88it/s]
 72%|███████▏  | 57/79 [00:02<00:00, 24.21it/s]
 77%|███████▋  | 61/79 [00:02<00:00, 25.47it/s]
 82%|████████▏ | 65/79 [00:02<00:00, 26.01it/s]
 87%|████████▋ | 69/79 [00:02<00:00, 26.41it/s]
 92%|█████████▏| 73/79 [00:03<00:00, 26.56it/s]
 96%|█████████▌| 76/79 [00:03<00:00, 26.73it/s]
100%|██████████| 79/79 [00:03<00:00, 23.91it/s]

CommRound: 13/30
Accuracy: 13.47% | Loss: 3.0137
[##########################----------------------------------] 43.3%
Elapsed: 2.3m | Avg/Round: 10.6s | Last: 10.0s | Next: 10.6s | Remaining: 3.0m
ETA: 11:01:01
Recent round times: R1: 10.6s -> R2: 10.5s -> R3: 10.5s -> R4: 10.2s -> R5: 10.0s

  0%|          | 0/79 [00:00<?, ?it/s]
  1%|▏         | 1/79 [00:00<00:12,  6.17it/s]
  4%|▍         | 3/79 [00:00<00:06, 12.63it/s]
  8%|▊         | 6/79 [00:00<00:03, 18.53it/s]
 11%|█▏        | 9/79 [00:00<00:03, 22.54it/s]
 15%|█▌        | 12/79 [00:00<00:03, 21.72it/s]
 20%|██        | 16/79 [00:00<00:02, 24.49it/s]
 25%|██▌       | 20/79 [00:00<00:02, 26.16it/s]
 30%|███       | 24/79 [00:01<00:02, 21.83it/s]
 34%|███▍      | 27/79 [00:01<00:02, 20.06it/s]
 38%|███▊      | 30/79 [00:01<00:02, 17.12it/s]
 43%|████▎     | 34/79 [00:01<00:02, 20.09it/s]
 48%|████▊     | 38/79 [00:01<00:01, 22.47it/s]
 53%|█████▎    | 42/79 [00:01<00:01, 24.35it/s]
 57%|█████▋    | 45/79 [00:02<00:01, 23.64it/s]
 61%|██████    | 48/79 [00:02<00:01, 20.51it/s]
 65%|██████▍   | 51/79 [00:02<00:01, 21.85it/s]
 68%|██████▊   | 54/79 [00:02<00:01, 20.46it/s]
 73%|███████▎  | 58/79 [00:02<00:00, 21.28it/s]
 77%|███████▋  | 61/79 [00:02<00:00, 22.52it/s]
 81%|████████  | 64/79 [00:03<00:00, 19.72it/s]
 86%|████████▌ | 68/79 [00:03<00:00, 21.36it/s]
 91%|█████████ | 72/79 [00:03<00:00, 22.11it/s]
 96%|█████████▌| 76/79 [00:03<00:00, 22.45it/s]
100%|██████████| 79/79 [00:03<00:00, 21.43it/s]

CommRound: 14/30
Accuracy: 13.47% | Loss: 3.0101
[############################--------------------------------] 46.7%
Elapsed: 2.5m | Avg/Round: 10.6s | Last: 10.2s | Next: 10.6s | Remaining: 2.8m
ETA: 11:01:00
Recent round times: R1: 10.5s -> R2: 10.5s -> R3: 10.2s -> R4: 10.0s -> R5: 10.2s

  0%|          | 0/79 [00:00<?, ?it/s]
  1%|▏         | 1/79 [00:00<00:11,  6.60it/s]
  6%|▋         | 5/79 [00:00<00:03, 20.40it/s]
 11%|█▏        | 9/79 [00:00<00:02, 25.46it/s]
 16%|█▋        | 13/79 [00:00<00:02, 28.26it/s]
 20%|██        | 16/79 [00:00<00:02, 27.35it/s]
 25%|██▌       | 20/79 [00:00<00:02, 28.70it/s]
 30%|███       | 24/79 [00:00<00:01, 29.60it/s]
 35%|███▌      | 28/79 [00:01<00:01, 29.85it/s]
 41%|████      | 32/79 [00:01<00:01, 25.91it/s]
 46%|████▌     | 36/79 [00:01<00:01, 27.67it/s]
 49%|████▉     | 39/79 [00:01<00:01, 26.06it/s]
 54%|█████▍    | 43/79 [00:01<00:01, 28.68it/s]
 58%|█████▊    | 46/79 [00:01<00:01, 24.08it/s]
 63%|██████▎   | 50/79 [00:01<00:01, 23.43it/s]
 68%|██████▊   | 54/79 [00:02<00:01, 22.29it/s]
 73%|███████▎  | 58/79 [00:02<00:00, 22.09it/s]
 77%|███████▋  | 61/79 [00:02<00:00, 20.22it/s]
 84%|████████▎ | 66/79 [00:02<00:00, 23.59it/s]
 87%|████████▋ | 69/79 [00:02<00:00, 22.62it/s]
 91%|█████████ | 72/79 [00:02<00:00, 22.16it/s]
 95%|█████████▍| 75/79 [00:03<00:00, 23.11it/s]
 99%|█████████▊| 78/79 [00:03<00:00, 22.96it/s]
100%|██████████| 79/79 [00:03<00:00, 24.27it/s]

CommRound: 15/30
Accuracy: 13.48% | Loss: 3.0069
[##############################------------------------------] 50.0%
Elapsed: 2.6m | Avg/Round: 10.5s | Last: 9.6s | Next: 10.5s | Remaining: 2.6m
ETA: 11:00:58
Recent round times: R1: 10.5s -> R2: 10.2s -> R3: 10.0s -> R4: 10.2s -> R5: 9.6s

  0%|          | 0/79 [00:00<?, ?it/s]
  1%|▏         | 1/79 [00:00<00:17,  4.55it/s]
  4%|▍         | 3/79 [00:00<00:07, 10.57it/s]
  9%|▉         | 7/79 [00:00<00:03, 20.06it/s]
 13%|█▎        | 10/79 [00:00<00:03, 17.26it/s]
 15%|█▌        | 12/79 [00:00<00:04, 16.41it/s]
 22%|██▏       | 17/79 [00:00<00:02, 21.21it/s]
 28%|██▊       | 22/79 [00:01<00:02, 25.43it/s]
 32%|███▏      | 25/79 [00:01<00:02, 26.15it/s]
 35%|███▌      | 28/79 [00:01<00:02, 22.13it/s]
 39%|███▉      | 31/79 [00:01<00:02, 23.57it/s]
 43%|████▎     | 34/79 [00:01<00:02, 21.13it/s]
 47%|████▋     | 37/79 [00:01<00:01, 22.68it/s]
 51%|█████     | 40/79 [00:01<00:01, 22.59it/s]
 56%|█████▌    | 44/79 [00:02<00:01, 24.36it/s]
 61%|██████    | 48/79 [00:02<00:01, 23.78it/s]
 66%|██████▌   | 52/79 [00:02<00:01, 23.22it/s]
 70%|██████▉   | 55/79 [00:02<00:00, 24.43it/s]
 73%|███████▎  | 58/79 [00:02<00:00, 21.38it/s]
 78%|███████▊  | 62/79 [00:02<00:00, 20.72it/s]
 84%|████████▎ | 66/79 [00:03<00:00, 23.10it/s]
 87%|████████▋ | 69/79 [00:03<00:00, 22.19it/s]
 91%|█████████ | 72/79 [00:03<00:00, 21.35it/s]
 95%|█████████▍| 75/79 [00:03<00:00, 20.47it/s]
100%|██████████| 79/79 [00:03<00:00, 21.87it/s]

CommRound: 16/30
Accuracy: 13.47% | Loss: 3.0041
[################################----------------------------] 53.3%
Elapsed: 2.8m | Avg/Round: 10.5s | Last: 10.1s | Next: 10.5s | Remaining: 2.4m
ETA: 11:00:57
Recent round times: R1: 10.2s -> R2: 10.0s -> R3: 10.2s -> R4: 9.6s -> R5: 10.1s

  0%|          | 0/79 [00:00<?, ?it/s]
  1%|▏         | 1/79 [00:00<00:11,  6.64it/s]
  6%|▋         | 5/79 [00:00<00:03, 19.14it/s]
 11%|█▏        | 9/79 [00:00<00:02, 26.50it/s]
 15%|█▌        | 12/79 [00:00<00:02, 27.40it/s]
 20%|██        | 16/79 [00:00<00:02, 28.36it/s]
 25%|██▌       | 20/79 [00:00<00:02, 28.40it/s]
 30%|███       | 24/79 [00:00<00:01, 28.17it/s]
 35%|███▌      | 28/79 [00:01<00:01, 28.27it/s]
 41%|████      | 32/79 [00:01<00:01, 29.84it/s]
 46%|████▌     | 36/79 [00:01<00:01, 30.84it/s]
 51%|█████     | 40/79 [00:01<00:01, 31.22it/s]
 56%|█████▌    | 44/79 [00:01<00:01, 31.21it/s]
 61%|██████    | 48/79 [00:01<00:01, 30.81it/s]
 66%|██████▌   | 52/79 [00:01<00:00, 29.95it/s]
 71%|███████   | 56/79 [00:02<00:00, 23.92it/s]
 75%|███████▍  | 59/79 [00:02<00:00, 22.73it/s]
 80%|███████▉  | 63/79 [00:02<00:00, 25.39it/s]
 85%|████████▍ | 67/79 [00:02<00:00, 27.43it/s]
 89%|████████▊ | 70/79 [00:02<00:00, 25.79it/s]
 94%|█████████▎| 74/79 [00:02<00:00, 27.04it/s]
 99%|█████████▊| 78/79 [00:02<00:00, 27.94it/s]
100%|██████████| 79/79 [00:02<00:00, 27.34it/s]

CommRound: 17/30
Accuracy: 13.48% | Loss: 3.0014
[##################################--------------------------] 56.7%
Elapsed: 2.9m | Avg/Round: 10.4s | Last: 9.4s | Next: 10.4s | Remaining: 2.3m
ETA: 11:00:56
Recent round times: R1: 10.0s -> R2: 10.2s -> R3: 9.6s -> R4: 10.1s -> R5: 9.4s

  0%|          | 0/79 [00:00<?, ?it/s]
  1%|▏         | 1/79 [00:00<00:16,  4.61it/s]
  8%|▊         | 6/79 [00:00<00:03, 21.30it/s]
 11%|█▏        | 9/79 [00:00<00:03, 19.97it/s]
 15%|█▌        | 12/79 [00:00<00:03, 20.51it/s]
 19%|█▉        | 15/79 [00:00<00:03, 19.72it/s]
 23%|██▎       | 18/79 [00:00<00:03, 20.17it/s]
 27%|██▋       | 21/79 [00:01<00:02, 19.78it/s]
 30%|███       | 24/79 [00:01<00:02, 20.36it/s]
 34%|███▍      | 27/79 [00:01<00:02, 20.17it/s]
 38%|███▊      | 30/79 [00:01<00:02, 20.86it/s]
 42%|████▏     | 33/79 [00:01<00:02, 20.13it/s]
 46%|████▌     | 36/79 [00:01<00:02, 20.49it/s]
 49%|████▉     | 39/79 [00:01<00:01, 20.37it/s]
 53%|█████▎    | 42/79 [00:02<00:01, 18.50it/s]
 57%|█████▋    | 45/79 [00:02<00:01, 20.37it/s]
 61%|██████    | 48/79 [00:02<00:01, 18.51it/s]
 63%|██████▎   | 50/79 [00:02<00:01, 18.67it/s]
 66%|██████▌   | 52/79 [00:02<00:01, 18.77it/s]
 68%|██████▊   | 54/79 [00:02<00:01, 18.85it/s]
 71%|███████   | 56/79 [00:02<00:01, 19.14it/s]
 75%|███████▍  | 59/79 [00:03<00:00, 21.40it/s]
 78%|███████▊  | 62/79 [00:03<00:00, 18.78it/s]
 82%|████████▏ | 65/79 [00:03<00:00, 21.07it/s]
 86%|████████▌ | 68/79 [00:03<00:00, 18.63it/s]
 90%|████████▉ | 71/79 [00:03<00:00, 19.29it/s]
 94%|█████████▎| 74/79 [00:03<00:00, 18.59it/s]
 97%|█████████▋| 77/79 [00:03<00:00, 19.50it/s]
100%|██████████| 79/79 [00:04<00:00, 19.63it/s]

CommRound: 18/30
Accuracy: 13.49% | Loss: 2.9990
[####################################------------------------] 60.0%
Elapsed: 3.1m | Avg/Round: 10.4s | Last: 10.5s | Next: 10.4s | Remaining: 2.1m
ETA: 11:00:56
Recent round times: R1: 10.2s -> R2: 9.6s -> R3: 10.1s -> R4: 9.4s -> R5: 10.5s

  0%|          | 0/79 [00:00<?, ?it/s]
  1%|▏         | 1/79 [00:00<00:15,  5.06it/s]
  6%|▋         | 5/79 [00:00<00:03, 19.54it/s]
 11%|█▏        | 9/79 [00:00<00:02, 24.82it/s]
 16%|█▋        | 13/79 [00:00<00:02, 27.51it/s]
 22%|██▏       | 17/79 [00:00<00:02, 29.27it/s]
 27%|██▋       | 21/79 [00:00<00:01, 30.30it/s]
 32%|███▏      | 25/79 [00:00<00:01, 30.98it/s]
 37%|███▋      | 29/79 [00:01<00:01, 29.80it/s]
 42%|████▏     | 33/79 [00:01<00:01, 31.80it/s]
 47%|████▋     | 37/79 [00:01<00:01, 26.39it/s]
 51%|█████     | 40/79 [00:01<00:01, 23.02it/s]
 56%|█████▌    | 44/79 [00:01<00:01, 24.46it/s]
 59%|█████▉    | 47/79 [00:01<00:01, 25.46it/s]
 63%|██████▎   | 50/79 [00:01<00:01, 24.88it/s]
 68%|██████▊   | 54/79 [00:02<00:01, 23.24it/s]
 73%|███████▎  | 58/79 [00:02<00:00, 23.01it/s]
 77%|███████▋  | 61/79 [00:02<00:00, 24.26it/s]
 81%|████████  | 64/79 [00:02<00:00, 20.96it/s]
 85%|████████▍ | 67/79 [00:02<00:00, 22.42it/s]
 89%|████████▊ | 70/79 [00:02<00:00, 19.88it/s]
 92%|█████████▏| 73/79 [00:03<00:00, 21.22it/s]
 96%|█████████▌| 76/79 [00:03<00:00, 20.74it/s]
100%|██████████| 79/79 [00:03<00:00, 24.07it/s]

CommRound: 19/30
Accuracy: 13.53% | Loss: 2.9969
[######################################----------------------] 63.3%
Elapsed: 3.3m | Avg/Round: 10.4s | Last: 9.7s | Next: 10.4s | Remaining: 1.9m
ETA: 11:00:55
Recent round times: R1: 9.6s -> R2: 10.1s -> R3: 9.4s -> R4: 10.5s -> R5: 9.7s

  0%|          | 0/79 [00:00<?, ?it/s]
  1%|▏         | 1/79 [00:00<00:13,  5.88it/s]
  6%|▋         | 5/79 [00:00<00:04, 16.87it/s]
 10%|█         | 8/79 [00:00<00:03, 19.16it/s]
 14%|█▍        | 11/79 [00:00<00:03, 21.72it/s]
 18%|█▊        | 14/79 [00:00<00:03, 17.83it/s]
 23%|██▎       | 18/79 [00:00<00:02, 22.79it/s]
 27%|██▋       | 21/79 [00:01<00:02, 23.88it/s]
 32%|███▏      | 25/79 [00:01<00:02, 24.94it/s]
 37%|███▋      | 29/79 [00:01<00:02, 24.79it/s]
 41%|████      | 32/79 [00:01<00:01, 25.29it/s]
 44%|████▍     | 35/79 [00:01<00:02, 19.16it/s]
 49%|████▉     | 39/79 [00:01<00:01, 20.36it/s]
 54%|█████▍    | 43/79 [00:02<00:01, 21.77it/s]
 58%|█████▊    | 46/79 [00:02<00:01, 22.26it/s]
 62%|██████▏   | 49/79 [00:02<00:01, 19.97it/s]
 66%|██████▌   | 52/79 [00:02<00:01, 21.93it/s]
 70%|██████▉   | 55/79 [00:02<00:01, 19.49it/s]
 73%|███████▎  | 58/79 [00:02<00:00, 21.59it/s]
 77%|███████▋  | 61/79 [00:02<00:00, 19.02it/s]
 81%|████████  | 64/79 [00:03<00:00, 20.39it/s]
 85%|████████▍ | 67/79 [00:03<00:00, 17.99it/s]
 87%|████████▋ | 69/79 [00:03<00:00, 18.06it/s]
 90%|████████▉ | 71/79 [00:03<00:00, 18.22it/s]
 92%|█████████▏| 73/79 [00:03<00:00, 18.47it/s]
 96%|█████████▌| 76/79 [00:03<00:00, 20.98it/s]
100%|██████████| 79/79 [00:03<00:00, 20.68it/s]

CommRound: 20/30
Accuracy: 13.55% | Loss: 2.9947
[########################################--------------------] 66.7%
Elapsed: 3.5m | Avg/Round: 10.4s | Last: 10.4s | Next: 10.4s | Remaining: 1.7m
ETA: 11:00:55
Recent round times: R1: 10.1s -> R2: 9.4s -> R3: 10.5s -> R4: 9.7s -> R5: 10.4s

  0%|          | 0/79 [00:00<?, ?it/s]
  1%|▏         | 1/79 [00:00<00:12,  6.21it/s]
  8%|▊         | 6/79 [00:00<00:02, 24.41it/s]
 13%|█▎        | 10/79 [00:00<00:02, 26.16it/s]
 16%|█▋        | 13/79 [00:00<00:02, 26.29it/s]
 20%|██        | 16/79 [00:00<00:02, 26.24it/s]
 25%|██▌       | 20/79 [00:00<00:02, 24.39it/s]
 32%|███▏      | 25/79 [00:00<00:01, 30.61it/s]
 37%|███▋      | 29/79 [00:01<00:01, 28.40it/s]
 42%|████▏     | 33/79 [00:01<00:01, 27.56it/s]
 47%|████▋     | 37/79 [00:01<00:01, 28.75it/s]
 52%|█████▏    | 41/79 [00:01<00:01, 29.82it/s]
 57%|█████▋    | 45/79 [00:01<00:01, 30.61it/s]
 62%|██████▏   | 49/79 [00:01<00:00, 31.07it/s]
 67%|██████▋   | 53/79 [00:01<00:00, 31.18it/s]
 72%|███████▏  | 57/79 [00:02<00:00, 31.48it/s]
 77%|███████▋  | 61/79 [00:02<00:00, 30.95it/s]
 82%|████████▏ | 65/79 [00:02<00:00, 28.78it/s]
 87%|████████▋ | 69/79 [00:02<00:00, 29.72it/s]
 92%|█████████▏| 73/79 [00:02<00:00, 30.53it/s]
 97%|█████████▋| 77/79 [00:02<00:00, 30.30it/s]
100%|██████████| 79/79 [00:02<00:00, 28.40it/s]

CommRound: 21/30
Accuracy: 13.56% | Loss: 2.9927
[##########################################------------------] 70.0%
Elapsed: 3.6m | Avg/Round: 10.3s | Last: 9.3s | Next: 10.3s | Remaining: 1.5m
ETA: 11:00:53
Recent round times: R1: 9.4s -> R2: 10.5s -> R3: 9.7s -> R4: 10.4s -> R5: 9.3s

  0%|          | 0/79 [00:00<?, ?it/s]
  1%|▏         | 1/79 [00:00<00:10,  7.70it/s]
  4%|▍         | 3/79 [00:00<00:05, 13.18it/s]
  9%|▉         | 7/79 [00:00<00:05, 14.15it/s]
 11%|█▏        | 9/79 [00:00<00:04, 14.28it/s]
 18%|█▊        | 14/79 [00:00<00:02, 22.45it/s]
 22%|██▏       | 17/79 [00:00<00:02, 20.80it/s]
 25%|██▌       | 20/79 [00:01<00:03, 19.66it/s]
 30%|███       | 24/79 [00:01<00:02, 21.56it/s]
 35%|███▌      | 28/79 [00:01<00:02, 23.37it/s]
 41%|████      | 32/79 [00:01<00:01, 25.23it/s]
 46%|████▌     | 36/79 [00:01<00:01, 27.13it/s]
 51%|█████     | 40/79 [00:01<00:01, 27.66it/s]
 56%|█████▌    | 44/79 [00:01<00:01, 29.68it/s]
 61%|██████    | 48/79 [00:02<00:01, 30.36it/s]
 66%|██████▌   | 52/79 [00:02<00:00, 31.06it/s]
 71%|███████   | 56/79 [00:02<00:00, 31.40it/s]
 76%|███████▌  | 60/79 [00:02<00:00, 21.86it/s]
 80%|███████▉  | 63/79 [00:02<00:00, 20.28it/s]
 84%|████████▎ | 66/79 [00:03<00:00, 16.18it/s]
 89%|████████▊ | 70/79 [00:03<00:00, 19.38it/s]
 94%|█████████▎| 74/79 [00:03<00:00, 21.77it/s]
 99%|█████████▊| 78/79 [00:03<00:00, 23.99it/s]
100%|██████████| 79/79 [00:03<00:00, 22.63it/s]

CommRound: 22/30
Accuracy: 13.56% | Loss: 2.9912
[############################################----------------] 73.3%
Elapsed: 3.8m | Avg/Round: 10.3s | Last: 9.8s | Next: 10.3s | Remaining: 1.4m
ETA: 11:00:52
Recent round times: R1: 10.5s -> R2: 9.7s -> R3: 10.4s -> R4: 9.3s -> R5: 9.8s

  0%|          | 0/79 [00:00<?, ?it/s]
  1%|▏         | 1/79 [00:00<00:09,  7.95it/s]
  5%|▌         | 4/79 [00:00<00:04, 15.15it/s]
 10%|█         | 8/79 [00:00<00:02, 24.32it/s]
 15%|█▌        | 12/79 [00:00<00:02, 26.06it/s]
 20%|██        | 16/79 [00:00<00:02, 27.00it/s]
 25%|██▌       | 20/79 [00:00<00:02, 27.81it/s]
 30%|███       | 24/79 [00:00<00:02, 26.01it/s]
 35%|███▌      | 28/79 [00:01<00:01, 26.74it/s]
 41%|████      | 32/79 [00:01<00:01, 27.23it/s]
 44%|████▍     | 35/79 [00:01<00:01, 27.24it/s]
 48%|████▊     | 38/79 [00:01<00:01, 27.69it/s]
 52%|█████▏    | 41/79 [00:01<00:01, 26.87it/s]
 56%|█████▌    | 44/79 [00:01<00:01, 27.60it/s]
 59%|█████▉    | 47/79 [00:01<00:01, 24.40it/s]
 65%|██████▍   | 51/79 [00:01<00:01, 26.18it/s]
 70%|██████▉   | 55/79 [00:02<00:00, 28.03it/s]
 73%|███████▎  | 58/79 [00:02<00:00, 28.01it/s]
 77%|███████▋  | 61/79 [00:02<00:00, 23.85it/s]
 81%|████████  | 64/79 [00:02<00:00, 23.69it/s]
 87%|████████▋ | 69/79 [00:02<00:00, 24.81it/s]
 94%|█████████▎| 74/79 [00:02<00:00, 28.95it/s]
 99%|█████████▊| 78/79 [00:02<00:00, 29.70it/s]
100%|██████████| 79/79 [00:02<00:00, 26.49it/s]

CommRound: 23/30
Accuracy: 13.57% | Loss: 2.9890
[##############################################--------------] 76.7%
Elapsed: 3.9m | Avg/Round: 10.3s | Last: 9.5s | Next: 10.3s | Remaining: 1.2m
ETA: 11:00:51
Recent round times: R1: 9.7s -> R2: 10.4s -> R3: 9.3s -> R4: 9.8s -> R5: 9.5s

  0%|          | 0/79 [00:00<?, ?it/s]
  1%|▏         | 1/79 [00:00<00:09,  8.50it/s]
  6%|▋         | 5/79 [00:00<00:03, 22.93it/s]
 11%|█▏        | 9/79 [00:00<00:02, 26.68it/s]
 15%|█▌        | 12/79 [00:00<00:02, 26.99it/s]
 20%|██        | 16/79 [00:00<00:02, 21.96it/s]
 24%|██▍       | 19/79 [00:00<00:02, 20.12it/s]
 28%|██▊       | 22/79 [00:01<00:03, 18.92it/s]
 30%|███       | 24/79 [00:01<00:03, 17.59it/s]
 37%|███▋      | 29/79 [00:01<00:02, 24.11it/s]
 41%|████      | 32/79 [00:01<00:02, 22.63it/s]
 44%|████▍     | 35/79 [00:01<00:02, 21.32it/s]
 48%|████▊     | 38/79 [00:01<00:02, 20.03it/s]
 52%|█████▏    | 41/79 [00:01<00:01, 19.94it/s]
 57%|█████▋    | 45/79 [00:02<00:01, 20.74it/s]
 61%|██████    | 48/79 [00:02<00:01, 22.61it/s]
 65%|██████▍   | 51/79 [00:02<00:01, 23.40it/s]
 70%|██████▉   | 55/79 [00:02<00:00, 26.80it/s]
 73%|███████▎  | 58/79 [00:02<00:00, 27.12it/s]
 77%|███████▋  | 61/79 [00:02<00:00, 22.20it/s]
 81%|████████  | 64/79 [00:02<00:00, 21.73it/s]
 86%|████████▌ | 68/79 [00:03<00:00, 24.68it/s]
 90%|████████▉ | 71/79 [00:03<00:00, 23.24it/s]
 94%|█████████▎| 74/79 [00:03<00:00, 18.86it/s]
 97%|█████████▋| 77/79 [00:03<00:00, 20.97it/s]
100%|██████████| 79/79 [00:03<00:00, 21.90it/s]

CommRound: 24/30
Accuracy: 13.59% | Loss: 2.9876
[################################################------------] 80.0%
Elapsed: 4.1m | Avg/Round: 10.3s | Last: 10.1s | Next: 10.3s | Remaining: 1.0m
ETA: 11:00:51
Recent round times: R1: 10.4s -> R2: 9.3s -> R3: 9.8s -> R4: 9.5s -> R5: 10.1s

  0%|          | 0/79 [00:00<?, ?it/s]
  1%|▏         | 1/79 [00:00<00:10,  7.18it/s]
  6%|▋         | 5/79 [00:00<00:03, 21.30it/s]
 10%|█         | 8/79 [00:00<00:03, 18.93it/s]
 16%|█▋        | 13/79 [00:00<00:02, 27.09it/s]
 20%|██        | 16/79 [00:00<00:02, 23.69it/s]
 24%|██▍       | 19/79 [00:00<00:02, 21.12it/s]
 28%|██▊       | 22/79 [00:01<00:02, 22.07it/s]
 32%|███▏      | 25/79 [00:01<00:02, 20.79it/s]
 35%|███▌      | 28/79 [00:01<00:02, 20.53it/s]
 39%|███▉      | 31/79 [00:01<00:02, 18.48it/s]
 44%|████▍     | 35/79 [00:01<00:02, 20.09it/s]
 49%|████▉     | 39/79 [00:01<00:01, 23.11it/s]
 54%|█████▍    | 43/79 [00:01<00:01, 25.31it/s]
 59%|█████▉    | 47/79 [00:02<00:01, 26.01it/s]
 63%|██████▎   | 50/79 [00:02<00:01, 21.78it/s]
 67%|██████▋   | 53/79 [00:02<00:01, 20.17it/s]
 71%|███████   | 56/79 [00:02<00:01, 17.83it/s]
 73%|███████▎  | 58/79 [00:02<00:01, 17.14it/s]
 76%|███████▌  | 60/79 [00:02<00:01, 16.98it/s]
 78%|███████▊  | 62/79 [00:03<00:00, 17.12it/s]
 81%|████████  | 64/79 [00:03<00:00, 17.02it/s]
 85%|████████▍ | 67/79 [00:03<00:00, 19.64it/s]
 89%|████████▊ | 70/79 [00:03<00:00, 17.08it/s]
 92%|█████████▏| 73/79 [00:03<00:00, 19.80it/s]
 96%|█████████▌| 76/79 [00:03<00:00, 18.06it/s]
100%|██████████| 79/79 [00:03<00:00, 20.22it/s]

CommRound: 25/30
Accuracy: 13.64% | Loss: 2.9857
[##################################################----------] 83.3%
Elapsed: 4.3m | Avg/Round: 10.3s | Last: 10.3s | Next: 10.3s | Remaining: 0.9m
ETA: 11:00:51
Recent round times: R1: 9.3s -> R2: 9.8s -> R3: 9.5s -> R4: 10.1s -> R5: 10.3s

  0%|          | 0/79 [00:00<?, ?it/s]
  1%|▏         | 1/79 [00:00<00:11,  6.80it/s]
  5%|▌         | 4/79 [00:00<00:04, 16.85it/s]
  8%|▊         | 6/79 [00:00<00:05, 13.56it/s]
 14%|█▍        | 11/79 [00:00<00:03, 22.12it/s]
 18%|█▊        | 14/79 [00:00<00:03, 20.52it/s]
 22%|██▏       | 17/79 [00:01<00:04, 14.42it/s]
 27%|██▋       | 21/79 [00:01<00:03, 18.63it/s]
 30%|███       | 24/79 [00:01<00:02, 18.54it/s]
 37%|███▋      | 29/79 [00:01<00:02, 23.28it/s]
 41%|████      | 32/79 [00:01<00:02, 23.17it/s]
 44%|████▍     | 35/79 [00:01<00:02, 21.50it/s]
 48%|████▊     | 38/79 [00:01<00:01, 22.95it/s]
 52%|█████▏    | 41/79 [00:02<00:02, 17.50it/s]
 56%|█████▌    | 44/79 [00:02<00:01, 19.58it/s]
 59%|█████▉    | 47/79 [00:02<00:01, 20.26it/s]
 65%|██████▍   | 51/79 [00:02<00:01, 22.44it/s]
 70%|██████▉   | 55/79 [00:02<00:01, 23.82it/s]
 75%|███████▍  | 59/79 [00:02<00:00, 24.60it/s]
 78%|███████▊  | 62/79 [00:03<00:00, 22.14it/s]
 82%|████████▏ | 65/79 [00:03<00:00, 16.71it/s]
 87%|████████▋ | 69/79 [00:03<00:00, 20.38it/s]
 91%|█████████ | 72/79 [00:03<00:00, 22.27it/s]
 95%|█████████▍| 75/79 [00:03<00:00, 20.16it/s]
100%|██████████| 79/79 [00:03<00:00, 20.65it/s]

CommRound: 26/30
Accuracy: 13.65% | Loss: 2.9844
[####################################################--------] 86.7%
Elapsed: 4.5m | Avg/Round: 10.3s | Last: 10.9s | Next: 10.3s | Remaining: 0.7m
ETA: 11:00:52
Recent round times: R1: 9.8s -> R2: 9.5s -> R3: 10.1s -> R4: 10.3s -> R5: 10.9s

  0%|          | 0/79 [00:00<?, ?it/s]
  1%|▏         | 1/79 [00:00<00:10,  7.18it/s]
  5%|▌         | 4/79 [00:00<00:05, 14.94it/s]
 10%|█         | 8/79 [00:00<00:03, 19.66it/s]
 14%|█▍        | 11/79 [00:00<00:03, 21.12it/s]
 18%|█▊        | 14/79 [00:00<00:02, 22.49it/s]
 22%|██▏       | 17/79 [00:00<00:03, 18.31it/s]
 24%|██▍       | 19/79 [00:01<00:03, 18.15it/s]
 27%|██▋       | 21/79 [00:01<00:03, 17.93it/s]
 29%|██▉       | 23/79 [00:01<00:03, 17.82it/s]
 32%|███▏      | 25/79 [00:01<00:03, 17.65it/s]
 34%|███▍      | 27/79 [00:01<00:03, 15.43it/s]
 42%|████▏     | 33/79 [00:01<00:01, 23.81it/s]
 47%|████▋     | 37/79 [00:01<00:01, 25.87it/s]
 51%|█████     | 40/79 [00:01<00:01, 25.11it/s]
 57%|█████▋    | 45/79 [00:02<00:01, 30.35it/s]
 62%|██████▏   | 49/79 [00:02<00:00, 30.42it/s]
 67%|██████▋   | 53/79 [00:02<00:00, 29.19it/s]
 71%|███████   | 56/79 [00:02<00:00, 24.75it/s]
 78%|███████▊  | 62/79 [00:02<00:00, 29.20it/s]
 84%|████████▎ | 66/79 [00:02<00:00, 30.50it/s]
 89%|████████▊ | 70/79 [00:02<00:00, 29.22it/s]
 92%|█████████▏| 73/79 [00:03<00:00, 28.35it/s]
 99%|█████████▊| 78/79 [00:03<00:00, 32.83it/s]
100%|██████████| 79/79 [00:03<00:00, 24.75it/s]

CommRound: 27/30
Accuracy: 13.67% | Loss: 2.9835
[######################################################------] 90.0%
Elapsed: 4.6m | Avg/Round: 10.3s | Last: 9.8s | Next: 10.3s | Remaining: 0.5m
ETA: 11:00:52
Recent round times: R1: 9.5s -> R2: 10.1s -> R3: 10.3s -> R4: 10.9s -> R5: 9.8s

  0%|          | 0/79 [00:00<?, ?it/s]
  1%|▏         | 1/79 [00:00<00:13,  5.76it/s]
  4%|▍         | 3/79 [00:00<00:06, 10.90it/s]
  6%|▋         | 5/79 [00:00<00:05, 13.99it/s]
 10%|█         | 8/79 [00:00<00:04, 16.49it/s]
 14%|█▍        | 11/79 [00:00<00:03, 18.79it/s]
 19%|█▉        | 15/79 [00:00<00:02, 23.95it/s]
 23%|██▎       | 18/79 [00:00<00:02, 23.36it/s]
 27%|██▋       | 21/79 [00:01<00:02, 19.98it/s]
 30%|███       | 24/79 [00:01<00:02, 19.25it/s]
 34%|███▍      | 27/79 [00:01<00:02, 17.77it/s]
 37%|███▋      | 29/79 [00:01<00:02, 16.74it/s]
 42%|████▏     | 33/79 [00:01<00:02, 20.83it/s]
 46%|████▌     | 36/79 [00:01<00:02, 18.25it/s]
 52%|█████▏    | 41/79 [00:02<00:01, 22.38it/s]
 56%|█████▌    | 44/79 [00:02<00:01, 21.87it/s]
 59%|█████▉    | 47/79 [00:02<00:01, 21.86it/s]
 65%|██████▍   | 51/79 [00:02<00:01, 21.12it/s]
 70%|██████▉   | 55/79 [00:02<00:00, 24.56it/s]
 75%|███████▍  | 59/79 [00:02<00:00, 27.65it/s]
 78%|███████▊  | 62/79 [00:02<00:00, 25.48it/s]
 84%|████████▎ | 66/79 [00:03<00:00, 26.95it/s]
 89%|████████▊ | 70/79 [00:03<00:00, 27.75it/s]
 94%|█████████▎| 74/79 [00:03<00:00, 28.94it/s]
 99%|█████████▊| 78/79 [00:03<00:00, 29.70it/s]
100%|██████████| 79/79 [00:03<00:00, 22.43it/s]

CommRound: 28/30
Accuracy: 13.68% | Loss: 2.9826
[########################################################----] 93.3%
Elapsed: 4.8m | Avg/Round: 10.3s | Last: 10.0s | Next: 10.3s | Remaining: 0.3m
ETA: 11:00:51
Recent round times: R1: 10.1s -> R2: 10.3s -> R3: 10.9s -> R4: 9.8s -> R5: 10.0s

  0%|          | 0/79 [00:00<?, ?it/s]
  1%|▏         | 1/79 [00:00<00:10,  7.70it/s]
  4%|▍         | 3/79 [00:00<00:05, 13.03it/s]
  8%|▊         | 6/79 [00:00<00:04, 16.48it/s]
 13%|█▎        | 10/79 [00:00<00:03, 22.57it/s]
 16%|█▋        | 13/79 [00:00<00:02, 24.19it/s]
 20%|██        | 16/79 [00:00<00:03, 19.75it/s]
 24%|██▍       | 19/79 [00:00<00:02, 21.17it/s]
 28%|██▊       | 22/79 [00:01<00:03, 16.98it/s]
 33%|███▎      | 26/79 [00:01<00:02, 17.98it/s]
 35%|███▌      | 28/79 [00:01<00:03, 16.03it/s]
 38%|███▊      | 30/79 [00:01<00:03, 14.26it/s]
 43%|████▎     | 34/79 [00:01<00:02, 17.42it/s]
 48%|████▊     | 38/79 [00:02<00:02, 17.39it/s]
 51%|█████     | 40/79 [00:02<00:02, 17.60it/s]
 58%|█████▊    | 46/79 [00:02<00:01, 24.55it/s]
 62%|██████▏   | 49/79 [00:02<00:01, 24.38it/s]
 66%|██████▌   | 52/79 [00:02<00:01, 21.80it/s]
 70%|██████▉   | 55/79 [00:02<00:01, 22.95it/s]
 73%|███████▎  | 58/79 [00:03<00:01, 20.07it/s]
 77%|███████▋  | 61/79 [00:03<00:00, 21.64it/s]
 81%|████████  | 64/79 [00:03<00:00, 18.68it/s]
 86%|████████▌ | 68/79 [00:03<00:00, 20.26it/s]
 90%|████████▉ | 71/79 [00:03<00:00, 21.43it/s]
 94%|█████████▎| 74/79 [00:03<00:00, 19.25it/s]
 99%|█████████▊| 78/79 [00:03<00:00, 22.70it/s]
100%|██████████| 79/79 [00:03<00:00, 19.87it/s]

CommRound: 29/30
Accuracy: 13.68% | Loss: 2.9829
[##########################################################--] 96.7%
Elapsed: 5.0m | Avg/Round: 10.3s | Last: 11.1s | Next: 10.3s | Remaining: 0.2m
ETA: 11:00:52
Recent round times: R1: 10.3s -> R2: 10.9s -> R3: 9.8s -> R4: 10.0s -> R5: 11.1s

  0%|          | 0/79 [00:00<?, ?it/s]
  1%|▏         | 1/79 [00:00<00:13,  5.69it/s]
  6%|▋         | 5/79 [00:00<00:04, 15.17it/s]
  9%|▉         | 7/79 [00:00<00:04, 16.11it/s]
 11%|█▏        | 9/79 [00:00<00:04, 17.05it/s]
 14%|█▍        | 11/79 [00:00<00:03, 17.51it/s]
 16%|█▋        | 13/79 [00:00<00:03, 17.83it/s]
 19%|█▉        | 15/79 [00:00<00:03, 18.07it/s]
 22%|██▏       | 17/79 [00:01<00:03, 18.27it/s]
 24%|██▍       | 19/79 [00:01<00:03, 18.29it/s]
 27%|██▋       | 21/79 [00:01<00:03, 18.36it/s]
 29%|██▉       | 23/79 [00:01<00:03, 18.33it/s]
 32%|███▏      | 25/79 [00:01<00:02, 18.37it/s]
 34%|███▍      | 27/79 [00:01<00:02, 18.41it/s]
 37%|███▋      | 29/79 [00:01<00:02, 18.70it/s]
 39%|███▉      | 31/79 [00:01<00:02, 18.52it/s]
 42%|████▏     | 33/79 [00:01<00:02, 17.52it/s]
 47%|████▋     | 37/79 [00:02<00:02, 20.30it/s]
 49%|████▉     | 39/79 [00:02<00:01, 20.22it/s]
 54%|█████▍    | 43/79 [00:02<00:01, 22.19it/s]
 58%|█████▊    | 46/79 [00:02<00:01, 21.00it/s]
 62%|██████▏   | 49/79 [00:02<00:01, 21.08it/s]
 66%|██████▌   | 52/79 [00:02<00:01, 21.13it/s]
 70%|██████▉   | 55/79 [00:02<00:01, 21.35it/s]
 73%|███████▎  | 58/79 [00:03<00:00, 21.83it/s]
 77%|███████▋  | 61/79 [00:03<00:00, 19.86it/s]
 81%|████████  | 64/79 [00:03<00:00, 17.89it/s]
 85%|████████▍ | 67/79 [00:03<00:00, 19.38it/s]
 89%|████████▊ | 70/79 [00:03<00:00, 18.85it/s]
 92%|█████████▏| 73/79 [00:03<00:00, 20.29it/s]
 99%|█████████▊| 78/79 [00:03<00:00, 25.08it/s]
100%|██████████| 79/79 [00:03<00:00, 19.81it/s]

CommRound: 30/30
Accuracy: 13.70% | Loss: 2.9789
[############################################################] 100.0%
Elapsed: 5.1m | Avg/Round: 10.3s | Last: 10.2s | Next: 10.3s | Remaining: 0.0m
ETA: 11:00:52
Recent round times: R1: 10.9s -> R2: 9.8s -> R3: 10.0s -> R4: 11.1s -> R5: 10.2s
Total time for experiment: 308.754088640213 seconds
Device average training time per communication round [s]:
    rpi (sld-rpi-09.ece.utexas.edu): 3.67 seconds
    mc1 (sld-mc1-09.ece.utexas.edu): 3.02 seconds
