Connecting to sld-rpi-09.ece.utexas.edu...
Successfully fetched dev0_pow_temp_log_exp123_run1.csv.
Connecting to sld-rpi-09.ece.utexas.edu...
Successfully fetched dev0_communication_log_exp123_run1.csv.
Connecting to sld-mc1-09.ece.utexas.edu...
Successfully fetched dev1_pow_temp_log_exp123_run1.csv.
Connecting to sld-mc1-09.ece.utexas.edu...
Successfully fetched dev1_communication_log_exp123_run1.csv.

Exp123
Experiment 123: 
	Global test accuracy [%]: 14.53 %
	No round found where all subsequent rounds have accuracy >= 90.00%.
	Average time per communication round [s]: 8.6 seconds
	Total wall clock time [s]: 276.41 seconds


Experiment 123:
	RPi avg. energy consumption per round [J]: 29.91 Joules
	MC1 avg. energy consumption per round [J]: 11.74 Joules
	Total avg. energy consumption per communication round [J]: 41.66 Joules
	Avg. amount of communicated data per communication round [MB]: 0.00 MB
	RPi avg. power consumption per round [W]: 5.28 Watts
	MC1 avg. power consumption per round [W]: 4.82 Watts
