Connecting to sld-rpi-09.ece.utexas.edu...
Successfully fetched dev0_pow_temp_log_exp158_run1.csv.
Connecting to sld-rpi-09.ece.utexas.edu...
Successfully fetched dev0_communication_log_exp158_run1.csv.
Connecting to sld-mc1-09.ece.utexas.edu...
Successfully fetched dev1_pow_temp_log_exp158_run1.csv.
Connecting to sld-mc1-09.ece.utexas.edu...
Successfully fetched dev1_communication_log_exp158_run1.csv.

Exp158
Experiment 158: 
	Global test accuracy [%]: 88.82 %
	No round found where all subsequent rounds have accuracy >= 90.00%.
	Average time per communication round [s]: 9.42 seconds
	Total wall clock time [s]: 228.86 seconds


Experiment 158:
	RPi avg. energy consumption per round [J]: 34.72 Joules
	MC1 avg. energy consumption per round [J]: 16.56 Joules
	Total avg. energy consumption per communication round [J]: 51.29 Joules
	Avg. amount of communicated data per communication round [MB]: 0.09 MB
	RPi avg. power consumption per round [W]: 5.42 Watts
	MC1 avg. power consumption per round [W]: 5.35 Watts
