
  0%|          | 0/79 [00:00<?, ?it/s]
  4%|▍         | 3/79 [00:00<00:03, 21.50it/s]
  9%|▉         | 7/79 [00:00<00:02, 28.60it/s]
 14%|█▍        | 11/79 [00:00<00:02, 30.44it/s]
 19%|█▉        | 15/79 [00:00<00:02, 31.82it/s]
 24%|██▍       | 19/79 [00:00<00:01, 33.71it/s]
 29%|██▉       | 23/79 [00:00<00:01, 34.87it/s]
 34%|███▍      | 27/79 [00:00<00:01, 35.31it/s]
 39%|███▉      | 31/79 [00:00<00:01, 35.86it/s]
 44%|████▍     | 35/79 [00:01<00:01, 36.22it/s]
 49%|████▉     | 39/79 [00:01<00:01, 36.48it/s]
 54%|█████▍    | 43/79 [00:01<00:00, 36.51it/s]
 59%|█████▉    | 47/79 [00:01<00:00, 36.59it/s]
 65%|██████▍   | 51/79 [00:01<00:00, 36.57it/s]
 70%|██████▉   | 55/79 [00:01<00:00, 36.31it/s]
 75%|███████▍  | 59/79 [00:01<00:00, 36.38it/s]
 80%|███████▉  | 63/79 [00:01<00:00, 32.33it/s]
 85%|████████▍ | 67/79 [00:01<00:00, 33.35it/s]
 90%|████████▉ | 71/79 [00:02<00:00, 33.98it/s]
 95%|█████████▍| 75/79 [00:02<00:00, 34.59it/s]
100%|██████████| 79/79 [00:02<00:00, 34.96it/s]
Initial Accuracy: 10.81%; Initial Loss: 2.3021

  0%|          | 0/79 [00:00<?, ?it/s]
  4%|▍         | 3/79 [00:00<00:03, 23.05it/s]
 10%|█         | 8/79 [00:00<00:02, 35.14it/s]
 15%|█▌        | 12/79 [00:00<00:01, 36.98it/s]
 22%|██▏       | 17/79 [00:00<00:01, 37.16it/s]
 28%|██▊       | 22/79 [00:00<00:01, 39.54it/s]
 34%|███▍      | 27/79 [00:00<00:01, 40.08it/s]
 41%|████      | 32/79 [00:00<00:01, 39.84it/s]
 47%|████▋     | 37/79 [00:00<00:00, 42.27it/s]
 53%|█████▎    | 42/79 [00:01<00:00, 40.00it/s]
 61%|██████    | 48/79 [00:01<00:00, 40.63it/s]
 68%|██████▊   | 54/79 [00:01<00:00, 40.95it/s]
 76%|███████▌  | 60/79 [00:01<00:00, 41.06it/s]
 84%|████████▎ | 66/79 [00:01<00:00, 41.02it/s]
 90%|████████▉ | 71/79 [00:01<00:00, 43.13it/s]
 96%|█████████▌| 76/79 [00:01<00:00, 40.32it/s]
100%|██████████| 79/79 [00:01<00:00, 40.16it/s]

CommRound: 1/30
Accuracy: 52.75% | Loss: 1.3010
[##----------------------------------------------------------] 3.3%
Elapsed: 0.2m | Avg/Round: 12.2s | Last: 9.9s | Next: 12.2s | Remaining: 5.9m
ETA: 17:48:52
Recent round times: R1: 9.9s

  0%|          | 0/79 [00:00<?, ?it/s]
  4%|▍         | 3/79 [00:00<00:03, 22.90it/s]
 11%|█▏        | 9/79 [00:00<00:02, 34.43it/s]
 18%|█▊        | 14/79 [00:00<00:01, 39.88it/s]
 24%|██▍       | 19/79 [00:00<00:01, 38.91it/s]
 30%|███       | 24/79 [00:00<00:01, 40.97it/s]
 37%|███▋      | 29/79 [00:00<00:01, 40.98it/s]
 43%|████▎     | 34/79 [00:00<00:01, 41.23it/s]
 49%|████▉     | 39/79 [00:00<00:00, 42.18it/s]
 56%|█████▌    | 44/79 [00:01<00:00, 41.00it/s]
 62%|██████▏   | 49/79 [00:01<00:00, 43.41it/s]
 68%|██████▊   | 54/79 [00:01<00:00, 40.84it/s]
 76%|███████▌  | 60/79 [00:01<00:00, 41.33it/s]
 82%|████████▏ | 65/79 [00:01<00:00, 43.04it/s]
 89%|████████▊ | 70/79 [00:01<00:00, 40.34it/s]
 96%|█████████▌| 76/79 [00:01<00:00, 40.70it/s]
100%|██████████| 79/79 [00:01<00:00, 40.47it/s]

CommRound: 2/30
Accuracy: 78.66% | Loss: 0.6612
[####--------------------------------------------------------] 6.7%
Elapsed: 0.4m | Avg/Round: 11.1s | Last: 10.0s | Next: 11.1s | Remaining: 5.2m
ETA: 17:48:20
Recent round times: R1: 9.9s -> R2: 10.0s

  0%|          | 0/79 [00:00<?, ?it/s]
  3%|▎         | 2/79 [00:00<00:03, 19.25it/s]
  9%|▉         | 7/79 [00:00<00:02, 31.65it/s]
 15%|█▌        | 12/79 [00:00<00:01, 36.99it/s]
 20%|██        | 16/79 [00:00<00:01, 37.87it/s]
 27%|██▋       | 21/79 [00:00<00:01, 39.33it/s]
 33%|███▎      | 26/79 [00:00<00:01, 39.32it/s]
 39%|███▉      | 31/79 [00:00<00:01, 41.11it/s]
 46%|████▌     | 36/79 [00:00<00:01, 39.64it/s]
 52%|█████▏    | 41/79 [00:01<00:00, 41.98it/s]
 58%|█████▊    | 46/79 [00:01<00:00, 39.73it/s]
 65%|██████▍   | 51/79 [00:01<00:00, 41.39it/s]
 71%|███████   | 56/79 [00:01<00:00, 39.68it/s]
 77%|███████▋  | 61/79 [00:01<00:00, 41.07it/s]
 84%|████████▎ | 66/79 [00:01<00:00, 39.76it/s]
 90%|████████▉ | 71/79 [00:01<00:00, 41.17it/s]
 96%|█████████▌| 76/79 [00:01<00:00, 40.01it/s]
100%|██████████| 79/79 [00:01<00:00, 39.69it/s]

CommRound: 3/30
Accuracy: 84.52% | Loss: 0.4951
[######------------------------------------------------------] 10.0%
Elapsed: 0.5m | Avg/Round: 10.8s | Last: 10.3s | Next: 10.8s | Remaining: 4.9m
ETA: 17:48:12
Recent round times: R1: 9.9s -> R2: 10.0s -> R3: 10.3s

  0%|          | 0/79 [00:00<?, ?it/s]
  4%|▍         | 3/79 [00:00<00:03, 21.94it/s]
 11%|█▏        | 9/79 [00:00<00:02, 34.12it/s]
 18%|█▊        | 14/79 [00:00<00:01, 39.45it/s]
 24%|██▍       | 19/79 [00:00<00:01, 38.41it/s]
 30%|███       | 24/79 [00:00<00:01, 40.32it/s]
 37%|███▋      | 29/79 [00:00<00:01, 40.17it/s]
 43%|████▎     | 34/79 [00:00<00:01, 40.69it/s]
 49%|████▉     | 39/79 [00:00<00:00, 41.22it/s]
 56%|█████▌    | 44/79 [00:01<00:00, 40.74it/s]
 62%|██████▏   | 49/79 [00:01<00:00, 41.98it/s]
 68%|██████▊   | 54/79 [00:01<00:00, 40.28it/s]
 75%|███████▍  | 59/79 [00:01<00:00, 42.73it/s]
 81%|████████  | 64/79 [00:01<00:00, 40.41it/s]
 89%|████████▊ | 70/79 [00:01<00:00, 40.91it/s]
 96%|█████████▌| 76/79 [00:01<00:00, 41.13it/s]
100%|██████████| 79/79 [00:01<00:00, 40.38it/s]

CommRound: 4/30
Accuracy: 84.07% | Loss: 0.5334
[########----------------------------------------------------] 13.3%
Elapsed: 0.7m | Avg/Round: 10.6s | Last: 9.9s | Next: 10.6s | Remaining: 4.6m
ETA: 17:48:05
Recent round times: R1: 9.9s -> R2: 10.0s -> R3: 10.3s -> R4: 9.9s

  0%|          | 0/79 [00:00<?, ?it/s]
  3%|▎         | 2/79 [00:00<00:03, 19.92it/s]
  6%|▋         | 5/79 [00:00<00:02, 25.53it/s]
 13%|█▎        | 10/79 [00:00<00:01, 36.42it/s]
 19%|█▉        | 15/79 [00:00<00:01, 35.74it/s]
 27%|██▋       | 21/79 [00:00<00:01, 38.10it/s]
 32%|███▏      | 25/79 [00:00<00:01, 37.63it/s]
 39%|███▉      | 31/79 [00:00<00:01, 39.77it/s]
 47%|████▋     | 37/79 [00:00<00:01, 40.71it/s]
 54%|█████▍    | 43/79 [00:01<00:00, 41.47it/s]
 62%|██████▏   | 49/79 [00:01<00:00, 42.12it/s]
 70%|██████▉   | 55/79 [00:01<00:00, 42.52it/s]
 77%|███████▋  | 61/79 [00:01<00:00, 42.68it/s]
 85%|████████▍ | 67/79 [00:01<00:00, 42.55it/s]
 92%|█████████▏| 73/79 [00:01<00:00, 42.57it/s]
 99%|█████████▊| 78/79 [00:01<00:00, 44.10it/s]
100%|██████████| 79/79 [00:01<00:00, 40.86it/s]

CommRound: 5/30
Accuracy: 86.64% | Loss: 0.4523
[##########--------------------------------------------------] 16.7%
Elapsed: 0.9m | Avg/Round: 10.5s | Last: 10.1s | Next: 10.5s | Remaining: 4.4m
ETA: 17:48:02
Recent round times: R1: 9.9s -> R2: 10.0s -> R3: 10.3s -> R4: 9.9s -> R5: 10.1s

  0%|          | 0/79 [00:00<?, ?it/s]
  4%|▍         | 3/79 [00:00<00:03, 22.49it/s]
 10%|█         | 8/79 [00:00<00:01, 36.52it/s]
 16%|█▋        | 13/79 [00:00<00:01, 36.69it/s]
 23%|██▎       | 18/79 [00:00<00:01, 40.01it/s]
 29%|██▉       | 23/79 [00:00<00:01, 39.84it/s]
 35%|███▌      | 28/79 [00:00<00:01, 40.88it/s]
 42%|████▏     | 33/79 [00:00<00:01, 41.61it/s]
 48%|████▊     | 38/79 [00:00<00:01, 40.36it/s]
 54%|█████▍    | 43/79 [00:01<00:00, 42.52it/s]
 61%|██████    | 48/79 [00:01<00:00, 39.73it/s]
 68%|██████▊   | 54/79 [00:01<00:00, 40.52it/s]
 76%|███████▌  | 60/79 [00:01<00:00, 40.86it/s]
 84%|████████▎ | 66/79 [00:01<00:00, 41.13it/s]
 91%|█████████ | 72/79 [00:01<00:00, 41.34it/s]
 97%|█████████▋| 77/79 [00:01<00:00, 43.32it/s]
100%|██████████| 79/79 [00:01<00:00, 40.39it/s]

CommRound: 6/30
Accuracy: 88.39% | Loss: 0.4174
[############------------------------------------------------] 20.0%
Elapsed: 1.0m | Avg/Round: 10.4s | Last: 10.1s | Next: 10.4s | Remaining: 4.2m
ETA: 17:48:00
Recent round times: R1: 10.0s -> R2: 10.3s -> R3: 9.9s -> R4: 10.1s -> R5: 10.1s

  0%|          | 0/79 [00:00<?, ?it/s]
  4%|▍         | 3/79 [00:00<00:03, 22.46it/s]
  9%|▉         | 7/79 [00:00<00:02, 31.45it/s]
 15%|█▌        | 12/79 [00:00<00:01, 39.18it/s]
 22%|██▏       | 17/79 [00:00<00:01, 36.98it/s]
 29%|██▉       | 23/79 [00:00<00:01, 38.66it/s]
 37%|███▋      | 29/79 [00:00<00:01, 39.59it/s]
 43%|████▎     | 34/79 [00:00<00:01, 42.31it/s]
 49%|████▉     | 39/79 [00:01<00:01, 39.79it/s]
 56%|█████▌    | 44/79 [00:01<00:00, 42.26it/s]
 62%|██████▏   | 49/79 [00:01<00:00, 39.84it/s]
 68%|██████▊   | 54/79 [00:01<00:00, 42.38it/s]
 75%|███████▍  | 59/79 [00:01<00:00, 39.90it/s]
 81%|████████  | 64/79 [00:01<00:00, 42.30it/s]
 87%|████████▋ | 69/79 [00:01<00:00, 39.55it/s]
 95%|█████████▍| 75/79 [00:01<00:00, 40.32it/s]
100%|██████████| 79/79 [00:01<00:00, 40.40it/s]

CommRound: 7/30
Accuracy: 90.49% | Loss: 0.3399
[##############----------------------------------------------] 23.3%
Elapsed: 1.2m | Avg/Round: 10.4s | Last: 10.1s | Next: 10.4s | Remaining: 4.0m
ETA: 17:47:58
Recent round times: R1: 10.3s -> R2: 9.9s -> R3: 10.1s -> R4: 10.1s -> R5: 10.1s

  0%|          | 0/79 [00:00<?, ?it/s]
  4%|▍         | 3/79 [00:00<00:03, 22.08it/s]
  9%|▉         | 7/79 [00:00<00:02, 30.95it/s]
 14%|█▍        | 11/79 [00:00<00:01, 34.15it/s]
 19%|█▉        | 15/79 [00:00<00:01, 34.36it/s]
 24%|██▍       | 19/79 [00:00<00:01, 34.54it/s]
 29%|██▉       | 23/79 [00:00<00:01, 33.04it/s]
 34%|███▍      | 27/79 [00:00<00:01, 33.78it/s]
 39%|███▉      | 31/79 [00:00<00:01, 34.87it/s]
 46%|████▌     | 36/79 [00:01<00:01, 34.66it/s]
 51%|█████     | 40/79 [00:01<00:01, 34.49it/s]
 57%|█████▋    | 45/79 [00:01<00:00, 38.37it/s]
 63%|██████▎   | 50/79 [00:01<00:00, 36.89it/s]
 71%|███████   | 56/79 [00:01<00:00, 38.55it/s]
 78%|███████▊  | 62/79 [00:01<00:00, 39.36it/s]
 85%|████████▍ | 67/79 [00:01<00:00, 41.76it/s]
 91%|█████████ | 72/79 [00:01<00:00, 38.97it/s]
 96%|█████████▌| 76/79 [00:02<00:00, 38.62it/s]
100%|██████████| 79/79 [00:02<00:00, 36.77it/s]

CommRound: 8/30
Accuracy: 90.56% | Loss: 0.3387
[################--------------------------------------------] 26.7%
Elapsed: 1.4m | Avg/Round: 10.4s | Last: 10.2s | Next: 10.4s | Remaining: 3.8m
ETA: 17:47:58
Recent round times: R1: 9.9s -> R2: 10.1s -> R3: 10.1s -> R4: 10.1s -> R5: 10.2s

  0%|          | 0/79 [00:00<?, ?it/s]
  4%|▍         | 3/79 [00:00<00:03, 23.46it/s]
 11%|█▏        | 9/79 [00:00<00:01, 35.65it/s]
 19%|█▉        | 15/79 [00:00<00:01, 39.19it/s]
 27%|██▋       | 21/79 [00:00<00:01, 40.40it/s]
 34%|███▍      | 27/79 [00:00<00:01, 41.17it/s]
 42%|████▏     | 33/79 [00:00<00:01, 41.11it/s]
 49%|████▉     | 39/79 [00:00<00:00, 41.61it/s]
 57%|█████▋    | 45/79 [00:01<00:00, 42.37it/s]
 65%|██████▍   | 51/79 [00:01<00:00, 42.95it/s]
 72%|███████▏  | 57/79 [00:01<00:00, 43.32it/s]
 80%|███████▉  | 63/79 [00:01<00:00, 43.37it/s]
 87%|████████▋ | 69/79 [00:01<00:00, 43.32it/s]
 95%|█████████▍| 75/79 [00:01<00:00, 43.50it/s]
100%|██████████| 79/79 [00:01<00:00, 42.19it/s]

CommRound: 9/30
Accuracy: 90.61% | Loss: 0.3427
[##################------------------------------------------] 30.0%
Elapsed: 1.5m | Avg/Round: 10.3s | Last: 10.1s | Next: 10.3s | Remaining: 3.6m
ETA: 17:47:57
Recent round times: R1: 10.1s -> R2: 10.1s -> R3: 10.1s -> R4: 10.2s -> R5: 10.1s

  0%|          | 0/79 [00:00<?, ?it/s]
  3%|▎         | 2/79 [00:00<00:03, 19.43it/s]
  9%|▉         | 7/79 [00:00<00:02, 31.36it/s]
 16%|█▋        | 13/79 [00:00<00:01, 36.31it/s]
 24%|██▍       | 19/79 [00:00<00:01, 38.49it/s]
 32%|███▏      | 25/79 [00:00<00:01, 39.73it/s]
 39%|███▉      | 31/79 [00:00<00:01, 40.49it/s]
 47%|████▋     | 37/79 [00:00<00:01, 40.85it/s]
 54%|█████▍    | 43/79 [00:01<00:00, 41.36it/s]
 62%|██████▏   | 49/79 [00:01<00:00, 41.55it/s]
 68%|██████▊   | 54/79 [00:01<00:00, 42.51it/s]
 75%|███████▍  | 59/79 [00:01<00:00, 39.28it/s]
 82%|████████▏ | 65/79 [00:01<00:00, 40.64it/s]
 90%|████████▉ | 71/79 [00:01<00:00, 41.66it/s]
 97%|█████████▋| 77/79 [00:01<00:00, 42.37it/s]
100%|██████████| 79/79 [00:01<00:00, 40.92it/s]

CommRound: 10/30
Accuracy: 90.66% | Loss: 0.3444
[####################----------------------------------------] 33.3%
Elapsed: 1.7m | Avg/Round: 10.3s | Last: 9.9s | Next: 10.3s | Remaining: 3.4m
ETA: 17:47:55
Recent round times: R1: 10.1s -> R2: 10.1s -> R3: 10.2s -> R4: 10.1s -> R5: 9.9s

  0%|          | 0/79 [00:00<?, ?it/s]
  4%|▍         | 3/79 [00:00<00:03, 23.30it/s]
 10%|█         | 8/79 [00:00<00:01, 36.06it/s]
 16%|█▋        | 13/79 [00:00<00:01, 37.27it/s]
 23%|██▎       | 18/79 [00:00<00:01, 39.31it/s]
 29%|██▉       | 23/79 [00:00<00:01, 40.44it/s]
 35%|███▌      | 28/79 [00:00<00:01, 39.68it/s]
 42%|████▏     | 33/79 [00:00<00:01, 42.27it/s]
 48%|████▊     | 38/79 [00:00<00:01, 39.99it/s]
 56%|█████▌    | 44/79 [00:01<00:00, 40.46it/s]
 63%|██████▎   | 50/79 [00:01<00:00, 40.76it/s]
 70%|██████▉   | 55/79 [00:01<00:00, 42.96it/s]
 76%|███████▌  | 60/79 [00:01<00:00, 40.35it/s]
 82%|████████▏ | 65/79 [00:01<00:00, 42.46it/s]
 89%|████████▊ | 70/79 [00:01<00:00, 39.76it/s]
 96%|█████████▌| 76/79 [00:01<00:00, 40.28it/s]
100%|██████████| 79/79 [00:01<00:00, 40.29it/s]

CommRound: 11/30
Accuracy: 90.70% | Loss: 0.3460
[######################--------------------------------------] 36.7%
Elapsed: 1.9m | Avg/Round: 10.3s | Last: 10.3s | Next: 10.3s | Remaining: 3.3m
ETA: 17:47:55
Recent round times: R1: 10.1s -> R2: 10.2s -> R3: 10.1s -> R4: 9.9s -> R5: 10.3s

  0%|          | 0/79 [00:00<?, ?it/s]
  4%|▍         | 3/79 [00:00<00:03, 23.45it/s]
 10%|█         | 8/79 [00:00<00:02, 35.43it/s]
 16%|█▋        | 13/79 [00:00<00:01, 36.37it/s]
 23%|██▎       | 18/79 [00:00<00:01, 39.95it/s]
 29%|██▉       | 23/79 [00:00<00:01, 39.32it/s]
 35%|███▌      | 28/79 [00:00<00:01, 41.81it/s]
 42%|████▏     | 33/79 [00:00<00:01, 40.74it/s]
 48%|████▊     | 38/79 [00:00<00:00, 42.28it/s]
 54%|█████▍    | 43/79 [00:01<00:00, 41.34it/s]
 61%|██████    | 48/79 [00:01<00:00, 41.63it/s]
 67%|██████▋   | 53/79 [00:01<00:00, 42.31it/s]
 73%|███████▎  | 58/79 [00:01<00:00, 41.70it/s]
 80%|███████▉  | 63/79 [00:01<00:00, 42.76it/s]
 86%|████████▌ | 68/79 [00:01<00:00, 42.19it/s]
 92%|█████████▏| 73/79 [00:01<00:00, 42.52it/s]
 99%|█████████▊| 78/79 [00:01<00:00, 38.72it/s]
100%|██████████| 79/79 [00:01<00:00, 40.36it/s]

CommRound: 12/30
Accuracy: 90.72% | Loss: 0.3470
[########################------------------------------------] 40.0%
Elapsed: 2.1m | Avg/Round: 10.3s | Last: 10.3s | Next: 10.3s | Remaining: 3.1m
ETA: 17:47:55
Recent round times: R1: 10.2s -> R2: 10.1s -> R3: 9.9s -> R4: 10.3s -> R5: 10.3s

  0%|          | 0/79 [00:00<?, ?it/s]
  4%|▍         | 3/79 [00:00<00:03, 22.34it/s]
 10%|█         | 8/79 [00:00<00:02, 32.24it/s]
 15%|█▌        | 12/79 [00:00<00:01, 33.68it/s]
 20%|██        | 16/79 [00:00<00:01, 34.54it/s]
 25%|██▌       | 20/79 [00:00<00:01, 35.25it/s]
 30%|███       | 24/79 [00:00<00:01, 35.80it/s]
 35%|███▌      | 28/79 [00:00<00:01, 36.33it/s]
 41%|████      | 32/79 [00:00<00:01, 36.80it/s]
 46%|████▌     | 36/79 [00:01<00:01, 37.09it/s]
 51%|█████     | 40/79 [00:01<00:01, 37.32it/s]
 56%|█████▌    | 44/79 [00:01<00:00, 37.30it/s]
 61%|██████    | 48/79 [00:01<00:00, 37.59it/s]
 66%|██████▌   | 52/79 [00:01<00:00, 37.38it/s]
 71%|███████   | 56/79 [00:01<00:00, 37.43it/s]
 76%|███████▌  | 60/79 [00:01<00:00, 37.43it/s]
 81%|████████  | 64/79 [00:01<00:00, 37.48it/s]
 86%|████████▌ | 68/79 [00:01<00:00, 37.61it/s]
 91%|█████████ | 72/79 [00:01<00:00, 37.53it/s]
 96%|█████████▌| 76/79 [00:02<00:00, 37.40it/s]
100%|██████████| 79/79 [00:02<00:00, 36.69it/s]

CommRound: 13/30
Accuracy: 90.75% | Loss: 0.3483
[##########################----------------------------------] 43.3%
Elapsed: 2.2m | Avg/Round: 10.3s | Last: 10.3s | Next: 10.3s | Remaining: 2.9m
ETA: 17:47:55
Recent round times: R1: 10.1s -> R2: 9.9s -> R3: 10.3s -> R4: 10.3s -> R5: 10.3s

  0%|          | 0/79 [00:00<?, ?it/s]
  4%|▍         | 3/79 [00:00<00:03, 22.87it/s]
 10%|█         | 8/79 [00:00<00:02, 35.22it/s]
 15%|█▌        | 12/79 [00:00<00:01, 36.85it/s]
 22%|██▏       | 17/79 [00:00<00:01, 38.15it/s]
 28%|██▊       | 22/79 [00:00<00:01, 40.79it/s]
 34%|███▍      | 27/79 [00:00<00:01, 39.99it/s]
 41%|████      | 32/79 [00:00<00:01, 42.82it/s]
 47%|████▋     | 37/79 [00:00<00:01, 40.69it/s]
 54%|█████▍    | 43/79 [00:01<00:00, 41.10it/s]
 62%|██████▏   | 49/79 [00:01<00:00, 41.31it/s]
 70%|██████▉   | 55/79 [00:01<00:00, 41.41it/s]
 77%|███████▋  | 61/79 [00:01<00:00, 41.63it/s]
 85%|████████▍ | 67/79 [00:01<00:00, 41.78it/s]
 92%|█████████▏| 73/79 [00:01<00:00, 41.78it/s]
100%|██████████| 79/79 [00:01<00:00, 41.20it/s]

CommRound: 14/30
Accuracy: 90.77% | Loss: 0.3493
[############################--------------------------------] 46.7%
Elapsed: 2.4m | Avg/Round: 10.3s | Last: 10.0s | Next: 10.3s | Remaining: 2.7m
ETA: 17:47:55
Recent round times: R1: 9.9s -> R2: 10.3s -> R3: 10.3s -> R4: 10.3s -> R5: 10.0s

  0%|          | 0/79 [00:00<?, ?it/s]
  4%|▍         | 3/79 [00:00<00:03, 22.88it/s]
 10%|█         | 8/79 [00:00<00:01, 35.69it/s]
 16%|█▋        | 13/79 [00:00<00:01, 36.59it/s]
 23%|██▎       | 18/79 [00:00<00:01, 38.97it/s]
 29%|██▉       | 23/79 [00:00<00:01, 39.59it/s]
 35%|███▌      | 28/79 [00:00<00:01, 39.69it/s]
 42%|████▏     | 33/79 [00:00<00:01, 40.13it/s]
 48%|████▊     | 38/79 [00:00<00:01, 40.01it/s]
 54%|█████▍    | 43/79 [00:01<00:00, 40.28it/s]
 61%|██████    | 48/79 [00:01<00:00, 39.94it/s]
 67%|██████▋   | 53/79 [00:01<00:00, 40.03it/s]
 73%|███████▎  | 58/79 [00:01<00:00, 40.64it/s]
 80%|███████▉  | 63/79 [00:01<00:00, 40.10it/s]
 86%|████████▌ | 68/79 [00:01<00:00, 41.75it/s]
 92%|█████████▏| 73/79 [00:01<00:00, 39.83it/s]
 99%|█████████▊| 78/79 [00:01<00:00, 42.31it/s]
100%|██████████| 79/79 [00:01<00:00, 40.06it/s]

CommRound: 15/30
Accuracy: 90.75% | Loss: 0.3501
[##############################------------------------------] 50.0%
Elapsed: 2.6m | Avg/Round: 10.3s | Last: 10.6s | Next: 10.3s | Remaining: 2.6m
ETA: 17:47:55
Recent round times: R1: 10.3s -> R2: 10.3s -> R3: 10.3s -> R4: 10.0s -> R5: 10.6s

  0%|          | 0/79 [00:00<?, ?it/s]
  4%|▍         | 3/79 [00:00<00:03, 20.50it/s]
  9%|▉         | 7/79 [00:00<00:02, 28.18it/s]
 14%|█▍        | 11/79 [00:00<00:02, 31.14it/s]
 19%|█▉        | 15/79 [00:00<00:01, 32.71it/s]
 24%|██▍       | 19/79 [00:00<00:01, 33.65it/s]
 29%|██▉       | 23/79 [00:00<00:01, 34.23it/s]
 35%|███▌      | 28/79 [00:00<00:01, 38.79it/s]
 42%|████▏     | 33/79 [00:00<00:01, 37.16it/s]
 48%|████▊     | 38/79 [00:01<00:01, 40.58it/s]
 54%|█████▍    | 43/79 [00:01<00:00, 38.51it/s]
 61%|██████    | 48/79 [00:01<00:00, 41.24it/s]
 67%|██████▋   | 53/79 [00:01<00:00, 38.89it/s]
 73%|███████▎  | 58/79 [00:01<00:00, 41.61it/s]
 80%|███████▉  | 63/79 [00:01<00:00, 39.40it/s]
 86%|████████▌ | 68/79 [00:01<00:00, 41.87it/s]
 92%|█████████▏| 73/79 [00:01<00:00, 39.62it/s]
100%|██████████| 79/79 [00:02<00:00, 44.40it/s]
100%|██████████| 79/79 [00:02<00:00, 38.41it/s]

CommRound: 16/30
Accuracy: 90.80% | Loss: 0.3509
[################################----------------------------] 53.3%
Elapsed: 2.7m | Avg/Round: 10.3s | Last: 10.2s | Next: 10.3s | Remaining: 2.4m
ETA: 17:47:55
Recent round times: R1: 10.3s -> R2: 10.3s -> R3: 10.0s -> R4: 10.6s -> R5: 10.2s

  0%|          | 0/79 [00:00<?, ?it/s]
  4%|▍         | 3/79 [00:00<00:03, 22.79it/s]
  9%|▉         | 7/79 [00:00<00:02, 29.88it/s]
 14%|█▍        | 11/79 [00:00<00:02, 33.92it/s]
 22%|██▏       | 17/79 [00:00<00:01, 37.37it/s]
 29%|██▉       | 23/79 [00:00<00:01, 39.06it/s]
 35%|███▌      | 28/79 [00:00<00:01, 42.00it/s]
 42%|████▏     | 33/79 [00:00<00:01, 39.79it/s]
 48%|████▊     | 38/79 [00:00<00:00, 42.32it/s]
 54%|█████▍    | 43/79 [00:01<00:00, 40.11it/s]
 61%|██████    | 48/79 [00:01<00:00, 41.83it/s]
 67%|██████▋   | 53/79 [00:01<00:00, 40.66it/s]
 73%|███████▎  | 58/79 [00:01<00:00, 41.55it/s]
 80%|███████▉  | 63/79 [00:01<00:00, 41.97it/s]
 86%|████████▌ | 68/79 [00:01<00:00, 40.65it/s]
 92%|█████████▏| 73/79 [00:01<00:00, 42.79it/s]
 99%|█████████▊| 78/79 [00:01<00:00, 40.35it/s]
100%|██████████| 79/79 [00:01<00:00, 40.03it/s]

CommRound: 17/30
Accuracy: 90.81% | Loss: 0.3517
[##################################--------------------------] 56.7%
Elapsed: 2.9m | Avg/Round: 10.3s | Last: 10.1s | Next: 10.3s | Remaining: 2.2m
ETA: 17:47:55
Recent round times: R1: 10.3s -> R2: 10.0s -> R3: 10.6s -> R4: 10.2s -> R5: 10.1s

  0%|          | 0/79 [00:00<?, ?it/s]
  3%|▎         | 2/79 [00:00<00:03, 19.86it/s]
  9%|▉         | 7/79 [00:00<00:02, 28.85it/s]
 14%|█▍        | 11/79 [00:00<00:02, 32.02it/s]
 19%|█▉        | 15/79 [00:00<00:01, 33.91it/s]
 24%|██▍       | 19/79 [00:00<00:01, 34.79it/s]
 29%|██▉       | 23/79 [00:00<00:01, 35.79it/s]
 34%|███▍      | 27/79 [00:00<00:01, 36.30it/s]
 39%|███▉      | 31/79 [00:00<00:01, 36.73it/s]
 44%|████▍     | 35/79 [00:01<00:01, 37.01it/s]
 49%|████▉     | 39/79 [00:01<00:01, 37.27it/s]
 54%|█████▍    | 43/79 [00:01<00:00, 37.22it/s]
 59%|█████▉    | 47/79 [00:01<00:00, 37.15it/s]
 65%|██████▍   | 51/79 [00:01<00:00, 37.18it/s]
 70%|██████▉   | 55/79 [00:01<00:00, 37.23it/s]
 75%|███████▍  | 59/79 [00:01<00:00, 37.27it/s]
 80%|███████▉  | 63/79 [00:01<00:00, 37.42it/s]
 85%|████████▍ | 67/79 [00:01<00:00, 37.45it/s]
 90%|████████▉ | 71/79 [00:01<00:00, 37.52it/s]
 95%|█████████▍| 75/79 [00:02<00:00, 37.45it/s]
100%|██████████| 79/79 [00:02<00:00, 36.82it/s]

CommRound: 18/30
Accuracy: 90.78% | Loss: 0.3525
[####################################------------------------] 60.0%
Elapsed: 3.1m | Avg/Round: 10.3s | Last: 10.4s | Next: 10.3s | Remaining: 2.1m
ETA: 17:47:55
Recent round times: R1: 10.0s -> R2: 10.6s -> R3: 10.2s -> R4: 10.1s -> R5: 10.4s

  0%|          | 0/79 [00:00<?, ?it/s]
  4%|▍         | 3/79 [00:00<00:03, 22.53it/s]
 10%|█         | 8/79 [00:00<00:02, 34.61it/s]
 15%|█▌        | 12/79 [00:00<00:01, 36.81it/s]
 20%|██        | 16/79 [00:00<00:01, 37.92it/s]
 27%|██▋       | 21/79 [00:00<00:01, 39.88it/s]
 33%|███▎      | 26/79 [00:00<00:01, 39.23it/s]
 39%|███▉      | 31/79 [00:00<00:01, 41.75it/s]
 46%|████▌     | 36/79 [00:00<00:01, 39.93it/s]
 52%|█████▏    | 41/79 [00:01<00:00, 42.25it/s]
 58%|█████▊    | 46/79 [00:01<00:00, 41.25it/s]
 65%|██████▍   | 51/79 [00:01<00:00, 42.05it/s]
 71%|███████   | 56/79 [00:01<00:00, 41.88it/s]
 77%|███████▋  | 61/79 [00:01<00:00, 41.68it/s]
 84%|████████▎ | 66/79 [00:01<00:00, 41.25it/s]
 90%|████████▉ | 71/79 [00:01<00:00, 41.67it/s]
 96%|█████████▌| 76/79 [00:01<00:00, 40.98it/s]
100%|██████████| 79/79 [00:01<00:00, 40.31it/s]

CommRound: 19/30
Accuracy: 90.78% | Loss: 0.3532
[######################################----------------------] 63.3%
Elapsed: 3.3m | Avg/Round: 10.3s | Last: 10.0s | Next: 10.3s | Remaining: 1.9m
ETA: 17:47:55
Recent round times: R1: 10.6s -> R2: 10.2s -> R3: 10.1s -> R4: 10.4s -> R5: 10.0s

  0%|          | 0/79 [00:00<?, ?it/s]
  4%|▍         | 3/79 [00:00<00:03, 23.12it/s]
 10%|█         | 8/79 [00:00<00:01, 36.55it/s]
 16%|█▋        | 13/79 [00:00<00:01, 36.59it/s]
 23%|██▎       | 18/79 [00:00<00:01, 40.15it/s]
 29%|██▉       | 23/79 [00:00<00:01, 38.95it/s]
 35%|███▌      | 28/79 [00:00<00:01, 40.74it/s]
 42%|████▏     | 33/79 [00:00<00:01, 40.31it/s]
 48%|████▊     | 38/79 [00:00<00:01, 40.80it/s]
 54%|█████▍    | 43/79 [00:01<00:00, 37.84it/s]
 59%|█████▉    | 47/79 [00:01<00:00, 37.65it/s]
 65%|██████▍   | 51/79 [00:01<00:00, 37.57it/s]
 70%|██████▉   | 55/79 [00:01<00:00, 37.50it/s]
 75%|███████▍  | 59/79 [00:01<00:00, 37.13it/s]
 80%|███████▉  | 63/79 [00:01<00:00, 37.18it/s]
 85%|████████▍ | 67/79 [00:01<00:00, 37.30it/s]
 90%|████████▉ | 71/79 [00:01<00:00, 37.39it/s]
 95%|█████████▍| 75/79 [00:01<00:00, 37.48it/s]
100%|██████████| 79/79 [00:02<00:00, 38.47it/s]

CommRound: 20/30
Accuracy: 90.76% | Loss: 0.3543
[########################################--------------------] 66.7%
Elapsed: 3.4m | Avg/Round: 10.3s | Last: 10.0s | Next: 10.3s | Remaining: 1.7m
ETA: 17:47:54
Recent round times: R1: 10.2s -> R2: 10.1s -> R3: 10.4s -> R4: 10.0s -> R5: 10.0s

  0%|          | 0/79 [00:00<?, ?it/s]
  4%|▍         | 3/79 [00:00<00:03, 23.47it/s]
 10%|█         | 8/79 [00:00<00:02, 32.22it/s]
 15%|█▌        | 12/79 [00:00<00:01, 34.24it/s]
 20%|██        | 16/79 [00:00<00:01, 35.43it/s]
 27%|██▋       | 21/79 [00:00<00:01, 40.08it/s]
 33%|███▎      | 26/79 [00:00<00:01, 38.90it/s]
 41%|████      | 32/79 [00:00<00:01, 40.14it/s]
 48%|████▊     | 38/79 [00:00<00:01, 40.98it/s]
 56%|█████▌    | 44/79 [00:01<00:00, 41.74it/s]
 63%|██████▎   | 50/79 [00:01<00:00, 41.79it/s]
 70%|██████▉   | 55/79 [00:01<00:00, 43.58it/s]
 76%|███████▌  | 60/79 [00:01<00:00, 40.49it/s]
 82%|████████▏ | 65/79 [00:01<00:00, 42.63it/s]
 89%|████████▊ | 70/79 [00:01<00:00, 40.21it/s]
 96%|█████████▌| 76/79 [00:01<00:00, 40.85it/s]
100%|██████████| 79/79 [00:01<00:00, 40.11it/s]

CommRound: 21/30
Accuracy: 90.73% | Loss: 0.3551
[##########################################------------------] 70.0%
Elapsed: 3.6m | Avg/Round: 10.2s | Last: 10.0s | Next: 10.2s | Remaining: 1.5m
ETA: 17:47:54
Recent round times: R1: 10.1s -> R2: 10.4s -> R3: 10.0s -> R4: 10.0s -> R5: 10.0s

  0%|          | 0/79 [00:00<?, ?it/s]
  4%|▍         | 3/79 [00:00<00:03, 23.57it/s]
 10%|█         | 8/79 [00:00<00:02, 35.39it/s]
 15%|█▌        | 12/79 [00:00<00:01, 37.21it/s]
 20%|██        | 16/79 [00:00<00:01, 38.24it/s]
 27%|██▋       | 21/79 [00:00<00:01, 40.81it/s]
 33%|███▎      | 26/79 [00:00<00:01, 39.08it/s]
 41%|████      | 32/79 [00:00<00:01, 39.89it/s]
 48%|████▊     | 38/79 [00:00<00:01, 40.36it/s]
 54%|█████▍    | 43/79 [00:01<00:00, 42.73it/s]
 61%|██████    | 48/79 [00:01<00:00, 39.91it/s]
 68%|██████▊   | 54/79 [00:01<00:00, 40.32it/s]
 75%|███████▍  | 59/79 [00:01<00:00, 42.68it/s]
 81%|████████  | 64/79 [00:01<00:00, 40.14it/s]
 89%|████████▊ | 70/79 [00:01<00:00, 40.58it/s]
 96%|█████████▌| 76/79 [00:01<00:00, 41.06it/s]
100%|██████████| 79/79 [00:01<00:00, 40.26it/s]

CommRound: 22/30
Accuracy: 90.75% | Loss: 0.3559
[############################################----------------] 73.3%
Elapsed: 3.8m | Avg/Round: 10.2s | Last: 9.9s | Next: 10.2s | Remaining: 1.4m
ETA: 17:47:54
Recent round times: R1: 10.4s -> R2: 10.0s -> R3: 10.0s -> R4: 10.0s -> R5: 9.9s

  0%|          | 0/79 [00:00<?, ?it/s]
  4%|▍         | 3/79 [00:00<00:03, 23.58it/s]
 10%|█         | 8/79 [00:00<00:01, 37.53it/s]
 16%|█▋        | 13/79 [00:00<00:01, 37.20it/s]
 23%|██▎       | 18/79 [00:00<00:01, 40.47it/s]
 29%|██▉       | 23/79 [00:00<00:01, 39.83it/s]
 35%|███▌      | 28/79 [00:00<00:01, 40.16it/s]
 42%|████▏     | 33/79 [00:00<00:01, 41.25it/s]
 48%|████▊     | 38/79 [00:00<00:01, 39.66it/s]
 53%|█████▎    | 42/79 [00:01<00:00, 39.54it/s]
 59%|█████▉    | 47/79 [00:01<00:00, 42.17it/s]
 66%|██████▌   | 52/79 [00:01<00:00, 38.92it/s]
 73%|███████▎  | 58/79 [00:01<00:00, 39.88it/s]
 81%|████████  | 64/79 [00:01<00:00, 40.71it/s]
 89%|████████▊ | 70/79 [00:01<00:00, 41.00it/s]
 96%|█████████▌| 76/79 [00:01<00:00, 41.45it/s]
100%|██████████| 79/79 [00:01<00:00, 40.31it/s]

CommRound: 23/30
Accuracy: 90.79% | Loss: 0.3565
[##############################################--------------] 76.7%
Elapsed: 3.9m | Avg/Round: 10.2s | Last: 10.1s | Next: 10.2s | Remaining: 1.2m
ETA: 17:47:53
Recent round times: R1: 10.0s -> R2: 10.0s -> R3: 10.0s -> R4: 9.9s -> R5: 10.1s

  0%|          | 0/79 [00:00<?, ?it/s]
  4%|▍         | 3/79 [00:00<00:03, 22.89it/s]
 10%|█         | 8/79 [00:00<00:01, 36.96it/s]
 15%|█▌        | 12/79 [00:00<00:01, 36.21it/s]
 20%|██        | 16/79 [00:00<00:01, 36.08it/s]
 27%|██▋       | 21/79 [00:00<00:01, 36.02it/s]
 34%|███▍      | 27/79 [00:00<00:01, 38.20it/s]
 42%|████▏     | 33/79 [00:00<00:01, 39.42it/s]
 49%|████▉     | 39/79 [00:01<00:00, 40.41it/s]
 57%|█████▋    | 45/79 [00:01<00:00, 41.12it/s]
 65%|██████▍   | 51/79 [00:01<00:00, 41.03it/s]
 72%|███████▏  | 57/79 [00:01<00:00, 41.36it/s]
 78%|███████▊  | 62/79 [00:01<00:00, 43.32it/s]
 85%|████████▍ | 67/79 [00:01<00:00, 40.68it/s]
 92%|█████████▏| 73/79 [00:01<00:00, 41.48it/s]
100%|██████████| 79/79 [00:01<00:00, 45.80it/s]
100%|██████████| 79/79 [00:01<00:00, 40.51it/s]

CommRound: 24/30
Accuracy: 90.78% | Loss: 0.3573
[################################################------------] 80.0%
Elapsed: 4.1m | Avg/Round: 10.2s | Last: 9.9s | Next: 10.2s | Remaining: 1.0m
ETA: 17:47:53
Recent round times: R1: 10.0s -> R2: 10.0s -> R3: 9.9s -> R4: 10.1s -> R5: 9.9s

  0%|          | 0/79 [00:00<?, ?it/s]
  4%|▍         | 3/79 [00:00<00:03, 22.75it/s]
  9%|▉         | 7/79 [00:00<00:02, 31.57it/s]
 15%|█▌        | 12/79 [00:00<00:01, 34.70it/s]
 22%|██▏       | 17/79 [00:00<00:01, 39.47it/s]
 28%|██▊       | 22/79 [00:00<00:01, 38.47it/s]
 35%|███▌      | 28/79 [00:00<00:01, 39.60it/s]
 43%|████▎     | 34/79 [00:00<00:01, 40.51it/s]
 51%|█████     | 40/79 [00:01<00:00, 41.01it/s]
 58%|█████▊    | 46/79 [00:01<00:00, 41.23it/s]
 66%|██████▌   | 52/79 [00:01<00:00, 41.30it/s]
 73%|███████▎  | 58/79 [00:01<00:00, 41.49it/s]
 80%|███████▉  | 63/79 [00:01<00:00, 43.48it/s]
 86%|████████▌ | 68/79 [00:01<00:00, 40.86it/s]
 94%|█████████▎| 74/79 [00:01<00:00, 41.15it/s]
100%|██████████| 79/79 [00:01<00:00, 40.38it/s]

CommRound: 25/30
Accuracy: 90.79% | Loss: 0.3577
[##################################################----------] 83.3%
Elapsed: 4.3m | Avg/Round: 10.2s | Last: 10.4s | Next: 10.2s | Remaining: 0.9m
ETA: 17:47:53
Recent round times: R1: 10.0s -> R2: 9.9s -> R3: 10.1s -> R4: 9.9s -> R5: 10.4s

  0%|          | 0/79 [00:00<?, ?it/s]
  4%|▍         | 3/79 [00:00<00:03, 22.69it/s]
 10%|█         | 8/79 [00:00<00:02, 31.83it/s]
 16%|█▋        | 13/79 [00:00<00:01, 36.29it/s]
 23%|██▎       | 18/79 [00:00<00:01, 38.39it/s]
 29%|██▉       | 23/79 [00:00<00:01, 38.60it/s]
 35%|███▌      | 28/79 [00:00<00:01, 39.65it/s]
 42%|████▏     | 33/79 [00:00<00:01, 39.50it/s]
 47%|████▋     | 37/79 [00:00<00:01, 39.59it/s]
 53%|█████▎    | 42/79 [00:01<00:00, 40.16it/s]
 59%|█████▉    | 47/79 [00:01<00:00, 40.12it/s]
 66%|██████▌   | 52/79 [00:01<00:00, 40.26it/s]
 72%|███████▏  | 57/79 [00:01<00:00, 40.48it/s]
 78%|███████▊  | 62/79 [00:01<00:00, 40.09it/s]
 85%|████████▍ | 67/79 [00:01<00:00, 40.51it/s]
 91%|█████████ | 72/79 [00:01<00:00, 40.10it/s]
 97%|█████████▋| 77/79 [00:01<00:00, 40.81it/s]
100%|██████████| 79/79 [00:02<00:00, 39.39it/s]

CommRound: 26/30
Accuracy: 90.80% | Loss: 0.3582
[####################################################--------] 86.7%
Elapsed: 4.4m | Avg/Round: 10.2s | Last: 10.2s | Next: 10.2s | Remaining: 0.7m
ETA: 17:47:53
Recent round times: R1: 9.9s -> R2: 10.1s -> R3: 9.9s -> R4: 10.4s -> R5: 10.2s

  0%|          | 0/79 [00:00<?, ?it/s]
  4%|▍         | 3/79 [00:00<00:03, 21.67it/s]
  9%|▉         | 7/79 [00:00<00:02, 30.09it/s]
 14%|█▍        | 11/79 [00:00<00:02, 33.78it/s]
 19%|█▉        | 15/79 [00:00<00:01, 35.78it/s]
 24%|██▍       | 19/79 [00:00<00:01, 36.91it/s]
 29%|██▉       | 23/79 [00:00<00:01, 37.60it/s]
 34%|███▍      | 27/79 [00:00<00:01, 38.06it/s]
 39%|███▉      | 31/79 [00:00<00:01, 38.30it/s]
 44%|████▍     | 35/79 [00:00<00:01, 37.38it/s]
 49%|████▉     | 39/79 [00:01<00:01, 35.90it/s]
 54%|█████▍    | 43/79 [00:01<00:01, 35.17it/s]
 61%|██████    | 48/79 [00:01<00:00, 39.01it/s]
 66%|██████▌   | 52/79 [00:01<00:00, 39.06it/s]
 71%|███████   | 56/79 [00:01<00:00, 38.93it/s]
 76%|███████▌  | 60/79 [00:01<00:00, 39.09it/s]
 81%|████████  | 64/79 [00:01<00:00, 38.59it/s]
 86%|████████▌ | 68/79 [00:01<00:00, 37.66it/s]
 91%|█████████ | 72/79 [00:01<00:00, 37.56it/s]
 96%|█████████▌| 76/79 [00:02<00:00, 37.08it/s]
100%|██████████| 79/79 [00:02<00:00, 36.96it/s]

CommRound: 27/30
Accuracy: 90.81% | Loss: 0.3588
[######################################################------] 90.0%
Elapsed: 4.6m | Avg/Round: 10.2s | Last: 10.3s | Next: 10.2s | Remaining: 0.5m
ETA: 17:47:53
Recent round times: R1: 10.1s -> R2: 9.9s -> R3: 10.4s -> R4: 10.2s -> R5: 10.3s

  0%|          | 0/79 [00:00<?, ?it/s]
  4%|▍         | 3/79 [00:00<00:03, 23.33it/s]
 10%|█         | 8/79 [00:00<00:02, 34.56it/s]
 15%|█▌        | 12/79 [00:00<00:01, 36.41it/s]
 20%|██        | 16/79 [00:00<00:02, 21.83it/s]
 25%|██▌       | 20/79 [00:00<00:02, 25.31it/s]
 30%|███       | 24/79 [00:00<00:01, 28.22it/s]
 35%|███▌      | 28/79 [00:00<00:01, 30.42it/s]
 41%|████      | 32/79 [00:01<00:01, 32.12it/s]
 46%|████▌     | 36/79 [00:01<00:01, 33.39it/s]
 51%|█████     | 40/79 [00:01<00:01, 34.26it/s]
 56%|█████▌    | 44/79 [00:01<00:00, 35.00it/s]
 61%|██████    | 48/79 [00:01<00:00, 35.49it/s]
 66%|██████▌   | 52/79 [00:01<00:00, 35.76it/s]
 71%|███████   | 56/79 [00:01<00:00, 36.03it/s]
 76%|███████▌  | 60/79 [00:01<00:00, 36.21it/s]
 81%|████████  | 64/79 [00:01<00:00, 36.34it/s]
 86%|████████▌ | 68/79 [00:02<00:00, 36.15it/s]
 92%|█████████▏| 73/79 [00:02<00:00, 39.95it/s]
 99%|█████████▊| 78/79 [00:02<00:00, 38.42it/s]
100%|██████████| 79/79 [00:02<00:00, 33.83it/s]

CommRound: 28/30
Accuracy: 90.82% | Loss: 0.3593
[########################################################----] 93.3%
Elapsed: 4.8m | Avg/Round: 10.2s | Last: 10.6s | Next: 10.2s | Remaining: 0.3m
ETA: 17:47:53
Recent round times: R1: 9.9s -> R2: 10.4s -> R3: 10.2s -> R4: 10.3s -> R5: 10.6s

  0%|          | 0/79 [00:00<?, ?it/s]
  4%|▍         | 3/79 [00:00<00:03, 22.44it/s]
 10%|█         | 8/79 [00:00<00:02, 34.51it/s]
 15%|█▌        | 12/79 [00:00<00:03, 22.04it/s]
 22%|██▏       | 17/79 [00:00<00:02, 26.56it/s]
 29%|██▉       | 23/79 [00:00<00:01, 31.80it/s]
 35%|███▌      | 28/79 [00:00<00:01, 35.95it/s]
 41%|████      | 32/79 [00:00<00:01, 36.79it/s]
 46%|████▌     | 36/79 [00:01<00:01, 37.54it/s]
 52%|█████▏    | 41/79 [00:01<00:01, 36.33it/s]
 57%|█████▋    | 45/79 [00:01<00:00, 37.27it/s]
 63%|██████▎   | 50/79 [00:01<00:00, 40.66it/s]
 70%|██████▉   | 55/79 [00:01<00:00, 38.73it/s]
 77%|███████▋  | 61/79 [00:01<00:00, 39.26it/s]
 82%|████████▏ | 65/79 [00:01<00:00, 39.40it/s]
 87%|████████▋ | 69/79 [00:01<00:00, 39.41it/s]
 92%|█████████▏| 73/79 [00:02<00:00, 39.33it/s]
 97%|█████████▋| 77/79 [00:02<00:00, 37.90it/s]
100%|██████████| 79/79 [00:02<00:00, 36.24it/s]

CommRound: 29/30
Accuracy: 90.85% | Loss: 0.3598
[##########################################################--] 96.7%
Elapsed: 4.9m | Avg/Round: 10.2s | Last: 10.0s | Next: 10.2s | Remaining: 0.2m
ETA: 17:47:53
Recent round times: R1: 10.4s -> R2: 10.2s -> R3: 10.3s -> R4: 10.6s -> R5: 10.0s

  0%|          | 0/79 [00:00<?, ?it/s]
  1%|▏         | 1/79 [00:00<00:07,  9.85it/s]
  9%|▉         | 7/79 [00:00<00:04, 14.90it/s]
 16%|█▋        | 13/79 [00:00<00:02, 23.30it/s]
 24%|██▍       | 19/79 [00:00<00:02, 28.90it/s]
 32%|███▏      | 25/79 [00:00<00:01, 33.02it/s]
 39%|███▉      | 31/79 [00:01<00:01, 35.77it/s]
 47%|████▋     | 37/79 [00:01<00:01, 37.96it/s]
 54%|█████▍    | 43/79 [00:01<00:00, 39.44it/s]
 61%|██████    | 48/79 [00:01<00:00, 41.89it/s]
 67%|██████▋   | 53/79 [00:01<00:00, 39.44it/s]
 75%|███████▍  | 59/79 [00:01<00:00, 40.59it/s]
 82%|████████▏ | 65/79 [00:01<00:00, 41.22it/s]
 90%|████████▉ | 71/79 [00:01<00:00, 41.57it/s]
 97%|█████████▋| 77/79 [00:02<00:00, 41.72it/s]
100%|██████████| 79/79 [00:02<00:00, 36.51it/s]

CommRound: 30/30
Accuracy: 90.87% | Loss: 0.3603
[############################################################] 100.0%
Elapsed: 5.1m | Avg/Round: 10.2s | Last: 10.3s | Next: 10.2s | Remaining: 0.0m
ETA: 17:47:53
Recent round times: R1: 10.2s -> R2: 10.3s -> R3: 10.6s -> R4: 10.0s -> R5: 10.3s
Total time for experiment: 306.6394352912903 seconds
Device average training time per communication round [s]:
    rpi (sld-rpi-09.ece.utexas.edu): 5.14 seconds
    mc1 (sld-mc1-09.ece.utexas.edu): 3.13 seconds
