
  0%|          | 0/79 [00:00<?, ?it/s]
  1%|▏         | 1/79 [00:00<00:08,  9.47it/s]
  6%|▋         | 5/79 [00:00<00:03, 23.33it/s]
 10%|█         | 8/79 [00:00<00:02, 25.97it/s]
 15%|█▌        | 12/79 [00:00<00:02, 26.59it/s]
 20%|██        | 16/79 [00:00<00:02, 26.54it/s]
 25%|██▌       | 20/79 [00:00<00:02, 27.16it/s]
 30%|███       | 24/79 [00:00<00:02, 27.40it/s]
 35%|███▌      | 28/79 [00:01<00:01, 29.13it/s]
 41%|████      | 32/79 [00:01<00:01, 31.06it/s]
 46%|████▌     | 36/79 [00:01<00:01, 32.46it/s]
 51%|█████     | 40/79 [00:01<00:01, 33.10it/s]
 56%|█████▌    | 44/79 [00:01<00:01, 34.10it/s]
 61%|██████    | 48/79 [00:01<00:00, 34.30it/s]
 66%|██████▌   | 52/79 [00:01<00:00, 34.90it/s]
 71%|███████   | 56/79 [00:01<00:00, 35.19it/s]
 76%|███████▌  | 60/79 [00:01<00:00, 35.41it/s]
 81%|████████  | 64/79 [00:02<00:00, 35.44it/s]
 86%|████████▌ | 68/79 [00:02<00:00, 34.66it/s]
 91%|█████████ | 72/79 [00:02<00:00, 34.35it/s]
 96%|█████████▌| 76/79 [00:02<00:00, 34.06it/s]
100%|██████████| 79/79 [00:02<00:00, 31.90it/s]
Initial Accuracy: 9.40%; Initial Loss: 2.3333

  0%|          | 0/79 [00:00<?, ?it/s]
  1%|▏         | 1/79 [00:00<00:10,  7.61it/s]
  6%|▋         | 5/79 [00:00<00:03, 19.87it/s]
 11%|█▏        | 9/79 [00:00<00:02, 25.69it/s]
 16%|█▋        | 13/79 [00:00<00:02, 28.99it/s]
 22%|██▏       | 17/79 [00:00<00:02, 30.35it/s]
 27%|██▋       | 21/79 [00:00<00:01, 31.53it/s]
 32%|███▏      | 25/79 [00:00<00:01, 32.31it/s]
 37%|███▋      | 29/79 [00:01<00:01, 31.28it/s]
 42%|████▏     | 33/79 [00:01<00:01, 26.43it/s]
 47%|████▋     | 37/79 [00:01<00:01, 26.18it/s]
 52%|█████▏    | 41/79 [00:01<00:01, 26.32it/s]
 56%|█████▌    | 44/79 [00:01<00:01, 24.21it/s]
 61%|██████    | 48/79 [00:01<00:01, 24.35it/s]
 66%|██████▌   | 52/79 [00:01<00:01, 25.65it/s]
 71%|███████   | 56/79 [00:02<00:00, 25.80it/s]
 76%|███████▌  | 60/79 [00:02<00:00, 26.01it/s]
 80%|███████▉  | 63/79 [00:02<00:00, 26.05it/s]
 84%|████████▎ | 66/79 [00:02<00:00, 21.59it/s]
 87%|████████▋ | 69/79 [00:02<00:00, 23.00it/s]
 91%|█████████ | 72/79 [00:02<00:00, 19.74it/s]
 95%|█████████▍| 75/79 [00:03<00:00, 21.25it/s]
 99%|█████████▊| 78/79 [00:03<00:00, 21.02it/s]
100%|██████████| 79/79 [00:03<00:00, 24.77it/s]

CommRound: 1/30
Accuracy: 55.73% | Loss: 1.4019
[##----------------------------------------------------------] 3.3%
Elapsed: 0.9m | Avg/Round: 56.4s | Last: 53.9s | Next: 56.4s | Remaining: 27.3m
ETA: 08:11:30
Recent round times: R1: 53.9s

  0%|          | 0/79 [00:00<?, ?it/s]
  1%|▏         | 1/79 [00:00<00:08,  9.66it/s]
  9%|▉         | 7/79 [00:00<00:02, 31.93it/s]
 14%|█▍        | 11/79 [00:00<00:01, 34.87it/s]
 20%|██        | 16/79 [00:00<00:01, 37.38it/s]
 27%|██▋       | 21/79 [00:00<00:01, 37.67it/s]
 33%|███▎      | 26/79 [00:00<00:01, 40.97it/s]
 39%|███▉      | 31/79 [00:00<00:01, 38.77it/s]
 46%|████▌     | 36/79 [00:00<00:01, 41.44it/s]
 52%|█████▏    | 41/79 [00:01<00:00, 39.23it/s]
 59%|█████▉    | 47/79 [00:01<00:00, 40.64it/s]
 67%|██████▋   | 53/79 [00:01<00:00, 41.63it/s]
 75%|███████▍  | 59/79 [00:01<00:00, 42.13it/s]
 81%|████████  | 64/79 [00:01<00:00, 44.05it/s]
 87%|████████▋ | 69/79 [00:01<00:00, 41.86it/s]
 95%|█████████▍| 75/79 [00:01<00:00, 42.32it/s]
100%|██████████| 79/79 [00:01<00:00, 40.66it/s]

CommRound: 2/30
Accuracy: 66.95% | Loss: 1.0423
[####--------------------------------------------------------] 6.7%
Elapsed: 1.8m | Avg/Round: 54.4s | Last: 52.5s | Next: 54.4s | Remaining: 25.4m
ETA: 08:10:31
Recent round times: R1: 53.9s -> R2: 52.5s

  0%|          | 0/79 [00:00<?, ?it/s]
  1%|▏         | 1/79 [00:00<00:08,  9.40it/s]
  9%|▉         | 7/79 [00:00<00:02, 32.16it/s]
 14%|█▍        | 11/79 [00:00<00:01, 35.06it/s]
 19%|█▉        | 15/79 [00:00<00:01, 36.40it/s]
 25%|██▌       | 20/79 [00:00<00:01, 40.89it/s]
 32%|███▏      | 25/79 [00:00<00:01, 38.64it/s]
 39%|███▉      | 31/79 [00:00<00:01, 40.20it/s]
 47%|████▋     | 37/79 [00:00<00:01, 41.34it/s]
 53%|█████▎    | 42/79 [00:01<00:00, 43.12it/s]
 59%|█████▉    | 47/79 [00:01<00:00, 40.08it/s]
 66%|██████▌   | 52/79 [00:01<00:00, 41.21it/s]
 72%|███████▏  | 57/79 [00:01<00:00, 37.55it/s]
 77%|███████▋  | 61/79 [00:01<00:00, 37.85it/s]
 82%|████████▏ | 65/79 [00:01<00:00, 37.04it/s]
 87%|████████▋ | 69/79 [00:01<00:00, 36.68it/s]
 92%|█████████▏| 73/79 [00:01<00:00, 36.31it/s]
 97%|█████████▋| 77/79 [00:02<00:00, 36.27it/s]
100%|██████████| 79/79 [00:02<00:00, 38.20it/s]

CommRound: 3/30
Accuracy: 58.02% | Loss: 1.1872
[######------------------------------------------------------] 10.0%
Elapsed: 2.6m | Avg/Round: 51.0s | Last: 44.2s | Next: 51.0s | Remaining: 23.0m
ETA: 08:08:48
Recent round times: R1: 53.9s -> R2: 52.5s -> R3: 44.2s

  0%|          | 0/79 [00:00<?, ?it/s]
  1%|▏         | 1/79 [00:00<00:16,  4.80it/s]
  4%|▍         | 3/79 [00:00<00:07, 10.79it/s]
  9%|▉         | 7/79 [00:00<00:03, 21.17it/s]
 14%|█▍        | 11/79 [00:00<00:02, 25.39it/s]
 18%|█▊        | 14/79 [00:00<00:02, 25.34it/s]
 23%|██▎       | 18/79 [00:00<00:02, 28.53it/s]
 27%|██▋       | 21/79 [00:00<00:02, 25.94it/s]
 30%|███       | 24/79 [00:01<00:02, 26.83it/s]
 34%|███▍      | 27/79 [00:01<00:02, 22.10it/s]
 38%|███▊      | 30/79 [00:01<00:02, 22.63it/s]
 42%|████▏     | 33/79 [00:01<00:02, 21.81it/s]
 46%|████▌     | 36/79 [00:01<00:02, 18.07it/s]
 48%|████▊     | 38/79 [00:01<00:02, 17.21it/s]
 53%|█████▎    | 42/79 [00:02<00:02, 18.13it/s]
 58%|█████▊    | 46/79 [00:02<00:01, 19.61it/s]
 62%|██████▏   | 49/79 [00:02<00:01, 20.58it/s]
 66%|██████▌   | 52/79 [00:02<00:01, 18.96it/s]
 68%|██████▊   | 54/79 [00:02<00:01, 17.60it/s]
 72%|███████▏  | 57/79 [00:02<00:01, 19.79it/s]
 76%|███████▌  | 60/79 [00:03<00:01, 17.86it/s]
 78%|███████▊  | 62/79 [00:03<00:01, 15.53it/s]
 84%|████████▎ | 66/79 [00:03<00:00, 18.23it/s]
 86%|████████▌ | 68/79 [00:03<00:00, 18.05it/s]
 89%|████████▊ | 70/79 [00:03<00:00, 18.22it/s]
 91%|█████████ | 72/79 [00:03<00:00, 18.23it/s]
 95%|█████████▍| 75/79 [00:03<00:00, 20.78it/s]
 99%|█████████▊| 78/79 [00:03<00:00, 20.20it/s]
100%|██████████| 79/79 [00:03<00:00, 19.86it/s]

CommRound: 4/30
Accuracy: 64.09% | Loss: 1.0034
[########----------------------------------------------------] 13.3%
Elapsed: 3.6m | Avg/Round: 53.8s | Last: 62.3s | Next: 53.8s | Remaining: 23.3m
ETA: 08:10:13
Recent round times: R1: 53.9s -> R2: 52.5s -> R3: 44.2s -> R4: 62.3s

  0%|          | 0/79 [00:00<?, ?it/s]
  1%|▏         | 1/79 [00:00<00:10,  7.24it/s]
  6%|▋         | 5/79 [00:00<00:03, 21.42it/s]
 11%|█▏        | 9/79 [00:00<00:02, 25.39it/s]
 16%|█▋        | 13/79 [00:00<00:02, 27.43it/s]
 22%|██▏       | 17/79 [00:00<00:02, 28.35it/s]
 27%|██▋       | 21/79 [00:00<00:02, 28.87it/s]
 32%|███▏      | 25/79 [00:00<00:01, 29.30it/s]
 37%|███▋      | 29/79 [00:01<00:01, 29.89it/s]
 42%|████▏     | 33/79 [00:01<00:01, 29.69it/s]
 47%|████▋     | 37/79 [00:01<00:01, 29.65it/s]
 52%|█████▏    | 41/79 [00:01<00:01, 29.53it/s]
 57%|█████▋    | 45/79 [00:01<00:01, 29.64it/s]
 62%|██████▏   | 49/79 [00:01<00:01, 29.76it/s]
 67%|██████▋   | 53/79 [00:01<00:00, 29.56it/s]
 72%|███████▏  | 57/79 [00:01<00:00, 29.93it/s]
 77%|███████▋  | 61/79 [00:02<00:00, 30.19it/s]
 82%|████████▏ | 65/79 [00:02<00:00, 30.33it/s]
 87%|████████▋ | 69/79 [00:02<00:00, 30.41it/s]
 92%|█████████▏| 73/79 [00:02<00:00, 30.66it/s]
 97%|█████████▋| 77/79 [00:02<00:00, 28.96it/s]
100%|██████████| 79/79 [00:02<00:00, 29.13it/s]

CommRound: 5/30
Accuracy: 81.19% | Loss: 0.5641
[##########--------------------------------------------------] 16.7%
Elapsed: 4.4m | Avg/Round: 52.9s | Last: 49.0s | Next: 52.9s | Remaining: 22.0m
ETA: 08:09:44
Recent round times: R1: 53.9s -> R2: 52.5s -> R3: 44.2s -> R4: 62.3s -> R5: 49.0s

  0%|          | 0/79 [00:00<?, ?it/s]
  1%|▏         | 1/79 [00:00<00:12,  6.48it/s]
  6%|▋         | 5/79 [00:00<00:03, 19.32it/s]
 10%|█         | 8/79 [00:00<00:03, 22.48it/s]
 15%|█▌        | 12/79 [00:00<00:02, 26.07it/s]
 20%|██        | 16/79 [00:00<00:02, 28.82it/s]
 25%|██▌       | 20/79 [00:00<00:01, 30.21it/s]
 30%|███       | 24/79 [00:00<00:01, 32.09it/s]
 35%|███▌      | 28/79 [00:01<00:01, 31.58it/s]
 41%|████      | 32/79 [00:01<00:01, 33.36it/s]
 46%|████▌     | 36/79 [00:01<00:01, 33.50it/s]
 51%|█████     | 40/79 [00:01<00:01, 33.54it/s]
 56%|█████▌    | 44/79 [00:01<00:01, 33.64it/s]
 61%|██████    | 48/79 [00:01<00:00, 33.39it/s]
 66%|██████▌   | 52/79 [00:01<00:00, 33.60it/s]
 71%|███████   | 56/79 [00:01<00:00, 33.77it/s]
 76%|███████▌  | 60/79 [00:01<00:00, 33.85it/s]
 81%|████████  | 64/79 [00:02<00:00, 33.91it/s]
 86%|████████▌ | 68/79 [00:02<00:00, 33.55it/s]
 91%|█████████ | 72/79 [00:02<00:00, 33.84it/s]
 96%|█████████▌| 76/79 [00:02<00:00, 31.51it/s]
100%|██████████| 79/79 [00:02<00:00, 31.25it/s]

CommRound: 6/30
Accuracy: 87.93% | Loss: 0.3781
[############------------------------------------------------] 20.0%
Elapsed: 5.2m | Avg/Round: 52.1s | Last: 48.5s | Next: 52.1s | Remaining: 20.9m
ETA: 08:09:22
Recent round times: R1: 52.5s -> R2: 44.2s -> R3: 62.3s -> R4: 49.0s -> R5: 48.5s

  0%|          | 0/79 [00:00<?, ?it/s]
  1%|▏         | 1/79 [00:00<00:11,  7.00it/s]
  9%|▉         | 7/79 [00:00<00:02, 29.63it/s]
 14%|█▍        | 11/79 [00:00<00:02, 26.56it/s]
 19%|█▉        | 15/79 [00:00<00:02, 30.01it/s]
 24%|██▍       | 19/79 [00:00<00:02, 29.54it/s]
 29%|██▉       | 23/79 [00:00<00:01, 30.69it/s]
 34%|███▍      | 27/79 [00:00<00:01, 31.31it/s]
 39%|███▉      | 31/79 [00:01<00:01, 31.99it/s]
 44%|████▍     | 35/79 [00:01<00:01, 32.09it/s]
 49%|████▉     | 39/79 [00:01<00:01, 32.36it/s]
 54%|█████▍    | 43/79 [00:01<00:01, 30.24it/s]
 59%|█████▉    | 47/79 [00:01<00:01, 26.14it/s]
 65%|██████▍   | 51/79 [00:01<00:01, 27.31it/s]
 68%|██████▊   | 54/79 [00:01<00:00, 26.24it/s]
 77%|███████▋  | 61/79 [00:02<00:00, 33.25it/s]
 82%|████████▏ | 65/79 [00:02<00:00, 34.28it/s]
 87%|████████▋ | 69/79 [00:02<00:00, 34.68it/s]
 92%|█████████▏| 73/79 [00:02<00:00, 34.65it/s]
 97%|█████████▋| 77/79 [00:02<00:00, 35.28it/s]
100%|██████████| 79/79 [00:02<00:00, 31.38it/s]

CommRound: 7/30
Accuracy: 89.09% | Loss: 0.3531
[##############----------------------------------------------] 23.3%
Elapsed: 6.1m | Avg/Round: 52.0s | Last: 51.4s | Next: 52.0s | Remaining: 19.9m
ETA: 08:09:18
Recent round times: R1: 44.2s -> R2: 62.3s -> R3: 49.0s -> R4: 48.5s -> R5: 51.4s

  0%|          | 0/79 [00:00<?, ?it/s]
  1%|▏         | 1/79 [00:00<00:15,  5.07it/s]
  6%|▋         | 5/79 [00:00<00:05, 14.17it/s]
  9%|▉         | 7/79 [00:00<00:04, 15.57it/s]
 14%|█▍        | 11/79 [00:00<00:03, 19.08it/s]
 19%|█▉        | 15/79 [00:00<00:03, 20.22it/s]
 24%|██▍       | 19/79 [00:00<00:02, 22.95it/s]
 29%|██▉       | 23/79 [00:01<00:02, 22.54it/s]
 33%|███▎      | 26/79 [00:01<00:02, 23.35it/s]
 37%|███▋      | 29/79 [00:01<00:02, 22.07it/s]
 41%|████      | 32/79 [00:01<00:02, 22.68it/s]
 44%|████▍     | 35/79 [00:01<00:02, 21.31it/s]
 49%|████▉     | 39/79 [00:01<00:01, 23.57it/s]
 53%|█████▎    | 42/79 [00:01<00:01, 23.78it/s]
 57%|█████▋    | 45/79 [00:02<00:01, 19.01it/s]
 62%|██████▏   | 49/79 [00:02<00:01, 19.24it/s]
 66%|██████▌   | 52/79 [00:02<00:01, 21.19it/s]
 70%|██████▉   | 55/79 [00:02<00:01, 19.44it/s]
 75%|███████▍  | 59/79 [00:02<00:00, 22.56it/s]
 78%|███████▊  | 62/79 [00:02<00:00, 22.89it/s]
 82%|████████▏ | 65/79 [00:03<00:00, 22.30it/s]
 86%|████████▌ | 68/79 [00:03<00:00, 21.73it/s]
 91%|█████████ | 72/79 [00:03<00:00, 23.90it/s]
 96%|█████████▌| 76/79 [00:03<00:00, 25.06it/s]
100%|██████████| 79/79 [00:03<00:00, 21.68it/s]

CommRound: 8/30
Accuracy: 85.43% | Loss: 0.5035
[################--------------------------------------------] 26.7%
Elapsed: 7.0m | Avg/Round: 52.6s | Last: 56.3s | Next: 52.6s | Remaining: 19.3m
ETA: 08:09:34
Recent round times: R1: 62.3s -> R2: 49.0s -> R3: 48.5s -> R4: 51.4s -> R5: 56.3s

  0%|          | 0/79 [00:00<?, ?it/s]
  1%|▏         | 1/79 [00:00<00:11,  6.94it/s]
  8%|▊         | 6/79 [00:00<00:02, 27.57it/s]
 13%|█▎        | 10/79 [00:00<00:02, 28.25it/s]
 16%|█▋        | 13/79 [00:00<00:02, 26.82it/s]
 22%|██▏       | 17/79 [00:00<00:02, 28.08it/s]
 27%|██▋       | 21/79 [00:00<00:02, 28.48it/s]
 32%|███▏      | 25/79 [00:00<00:01, 29.88it/s]
 37%|███▋      | 29/79 [00:01<00:01, 30.31it/s]
 42%|████▏     | 33/79 [00:01<00:01, 30.58it/s]
 47%|████▋     | 37/79 [00:01<00:01, 30.76it/s]
 52%|█████▏    | 41/79 [00:01<00:01, 31.17it/s]
 57%|█████▋    | 45/79 [00:01<00:01, 30.14it/s]
 62%|██████▏   | 49/79 [00:01<00:00, 30.46it/s]
 67%|██████▋   | 53/79 [00:01<00:00, 32.02it/s]
 72%|███████▏  | 57/79 [00:01<00:00, 33.18it/s]
 77%|███████▋  | 61/79 [00:02<00:00, 33.94it/s]
 82%|████████▏ | 65/79 [00:02<00:00, 33.95it/s]
 87%|████████▋ | 69/79 [00:02<00:00, 34.50it/s]
 92%|█████████▏| 73/79 [00:02<00:00, 34.72it/s]
 97%|█████████▋| 77/79 [00:02<00:00, 34.39it/s]
100%|██████████| 79/79 [00:02<00:00, 31.11it/s]

CommRound: 9/30
Accuracy: 88.30% | Loss: 0.4338
[##################------------------------------------------] 30.0%
Elapsed: 7.9m | Avg/Round: 52.5s | Last: 52.2s | Next: 52.5s | Remaining: 18.4m
ETA: 08:09:33
Recent round times: R1: 49.0s -> R2: 48.5s -> R3: 51.4s -> R4: 56.3s -> R5: 52.2s

  0%|          | 0/79 [00:00<?, ?it/s]
  1%|▏         | 1/79 [00:00<00:12,  6.34it/s]
  9%|▉         | 7/79 [00:00<00:02, 25.93it/s]
 14%|█▍        | 11/79 [00:00<00:02, 29.53it/s]
 19%|█▉        | 15/79 [00:00<00:02, 30.34it/s]
 24%|██▍       | 19/79 [00:00<00:02, 27.43it/s]
 28%|██▊       | 22/79 [00:00<00:02, 24.53it/s]
 32%|███▏      | 25/79 [00:01<00:02, 23.79it/s]
 35%|███▌      | 28/79 [00:01<00:02, 22.13it/s]
 39%|███▉      | 31/79 [00:01<00:02, 22.98it/s]
 43%|████▎     | 34/79 [00:01<00:02, 22.09it/s]
 48%|████▊     | 38/79 [00:01<00:01, 23.44it/s]
 53%|█████▎    | 42/79 [00:01<00:01, 25.63it/s]
 58%|█████▊    | 46/79 [00:01<00:01, 27.22it/s]
 63%|██████▎   | 50/79 [00:01<00:01, 28.56it/s]
 68%|██████▊   | 54/79 [00:02<00:00, 29.25it/s]
 73%|███████▎  | 58/79 [00:02<00:00, 29.82it/s]
 78%|███████▊  | 62/79 [00:02<00:00, 30.08it/s]
 84%|████████▎ | 66/79 [00:02<00:00, 31.00it/s]
 89%|████████▊ | 70/79 [00:02<00:00, 32.06it/s]
 94%|█████████▎| 74/79 [00:02<00:00, 32.45it/s]
 99%|█████████▊| 78/79 [00:02<00:00, 32.38it/s]
100%|██████████| 79/79 [00:02<00:00, 27.59it/s]

CommRound: 10/30
Accuracy: 88.95% | Loss: 0.4222
[####################----------------------------------------] 33.3%
Elapsed: 8.7m | Avg/Round: 52.2s | Last: 49.4s | Next: 52.2s | Remaining: 17.4m
ETA: 08:09:24
Recent round times: R1: 48.5s -> R2: 51.4s -> R3: 56.3s -> R4: 52.2s -> R5: 49.4s

  0%|          | 0/79 [00:00<?, ?it/s]
  1%|▏         | 1/79 [00:00<00:10,  7.09it/s]
  9%|▉         | 7/79 [00:00<00:02, 27.65it/s]
 14%|█▍        | 11/79 [00:00<00:02, 24.69it/s]
 19%|█▉        | 15/79 [00:00<00:02, 24.88it/s]
 24%|██▍       | 19/79 [00:00<00:02, 27.70it/s]
 29%|██▉       | 23/79 [00:00<00:01, 29.81it/s]
 34%|███▍      | 27/79 [00:00<00:01, 31.26it/s]
 39%|███▉      | 31/79 [00:01<00:01, 32.28it/s]
 44%|████▍     | 35/79 [00:01<00:01, 32.95it/s]
 49%|████▉     | 39/79 [00:01<00:01, 30.24it/s]
 54%|█████▍    | 43/79 [00:01<00:01, 28.77it/s]
 59%|█████▉    | 47/79 [00:01<00:01, 29.68it/s]
 65%|██████▍   | 51/79 [00:01<00:00, 31.87it/s]
 70%|██████▉   | 55/79 [00:01<00:00, 32.43it/s]
 75%|███████▍  | 59/79 [00:02<00:00, 30.13it/s]
 80%|███████▉  | 63/79 [00:02<00:00, 29.71it/s]
 85%|████████▍ | 67/79 [00:02<00:00, 29.19it/s]
 89%|████████▊ | 70/79 [00:02<00:00, 26.96it/s]
 92%|█████████▏| 73/79 [00:02<00:00, 26.86it/s]
 96%|█████████▌| 76/79 [00:02<00:00, 26.22it/s]
100%|██████████| 79/79 [00:02<00:00, 28.71it/s]

CommRound: 11/30
Accuracy: 89.46% | Loss: 0.4096
[######################--------------------------------------] 36.7%
Elapsed: 9.6m | Avg/Round: 52.2s | Last: 52.2s | Next: 52.2s | Remaining: 16.5m
ETA: 08:09:24
Recent round times: R1: 51.4s -> R2: 56.3s -> R3: 52.2s -> R4: 49.4s -> R5: 52.2s

  0%|          | 0/79 [00:00<?, ?it/s]
  1%|▏         | 1/79 [00:00<00:09,  7.88it/s]
  8%|▊         | 6/79 [00:00<00:02, 29.27it/s]
 13%|█▎        | 10/79 [00:00<00:02, 25.86it/s]
 16%|█▋        | 13/79 [00:00<00:02, 23.62it/s]
 22%|██▏       | 17/79 [00:00<00:02, 25.47it/s]
 27%|██▋       | 21/79 [00:00<00:02, 28.64it/s]
 32%|███▏      | 25/79 [00:00<00:01, 30.00it/s]
 37%|███▋      | 29/79 [00:01<00:01, 30.90it/s]
 42%|████▏     | 33/79 [00:01<00:01, 31.63it/s]
 47%|████▋     | 37/79 [00:01<00:01, 31.96it/s]
 52%|█████▏    | 41/79 [00:01<00:01, 32.16it/s]
 57%|█████▋    | 45/79 [00:01<00:01, 31.98it/s]
 62%|██████▏   | 49/79 [00:01<00:00, 31.95it/s]
 67%|██████▋   | 53/79 [00:01<00:00, 32.42it/s]
 72%|███████▏  | 57/79 [00:01<00:00, 31.42it/s]
 77%|███████▋  | 61/79 [00:02<00:00, 33.55it/s]
 82%|████████▏ | 65/79 [00:02<00:00, 33.27it/s]
 87%|████████▋ | 69/79 [00:02<00:00, 33.27it/s]
 92%|█████████▏| 73/79 [00:02<00:00, 33.17it/s]
 97%|█████████▋| 77/79 [00:02<00:00, 33.33it/s]
100%|██████████| 79/79 [00:02<00:00, 30.92it/s]

CommRound: 12/30
Accuracy: 89.58% | Loss: 0.4098
[########################------------------------------------] 40.0%
Elapsed: 10.5m | Avg/Round: 52.4s | Last: 54.5s | Next: 52.4s | Remaining: 15.7m
ETA: 08:09:29
Recent round times: R1: 56.3s -> R2: 52.2s -> R3: 49.4s -> R4: 52.2s -> R5: 54.5s

  0%|          | 0/79 [00:00<?, ?it/s]
  1%|▏         | 1/79 [00:00<00:12,  6.08it/s]
  6%|▋         | 5/79 [00:00<00:03, 18.64it/s]
 10%|█         | 8/79 [00:00<00:03, 21.07it/s]
 14%|█▍        | 11/79 [00:00<00:02, 23.11it/s]
 18%|█▊        | 14/79 [00:00<00:03, 21.44it/s]
 23%|██▎       | 18/79 [00:00<00:02, 22.50it/s]
 28%|██▊       | 22/79 [00:01<00:02, 23.19it/s]
 33%|███▎      | 26/79 [00:01<00:02, 23.95it/s]
 38%|███▊      | 30/79 [00:01<00:01, 24.96it/s]
 43%|████▎     | 34/79 [00:01<00:01, 26.22it/s]
 48%|████▊     | 38/79 [00:01<00:01, 26.04it/s]
 53%|█████▎    | 42/79 [00:01<00:01, 26.91it/s]
 58%|█████▊    | 46/79 [00:01<00:01, 26.28it/s]
 63%|██████▎   | 50/79 [00:02<00:01, 27.25it/s]
 68%|██████▊   | 54/79 [00:02<00:00, 27.72it/s]
 73%|███████▎  | 58/79 [00:02<00:00, 28.13it/s]
 78%|███████▊  | 62/79 [00:02<00:00, 28.03it/s]
 84%|████████▎ | 66/79 [00:02<00:00, 28.23it/s]
 89%|████████▊ | 70/79 [00:02<00:00, 28.34it/s]
 94%|█████████▎| 74/79 [00:02<00:00, 28.32it/s]
 99%|█████████▊| 78/79 [00:03<00:00, 29.12it/s]
100%|██████████| 79/79 [00:03<00:00, 25.87it/s]

CommRound: 13/30
Accuracy: 89.64% | Loss: 0.4103
[##########################----------------------------------] 43.3%
Elapsed: 11.4m | Avg/Round: 52.6s | Last: 55.3s | Next: 52.6s | Remaining: 14.9m
ETA: 08:09:36
Recent round times: R1: 52.2s -> R2: 49.4s -> R3: 52.2s -> R4: 54.5s -> R5: 55.3s

  0%|          | 0/79 [00:00<?, ?it/s]
  1%|▏         | 1/79 [00:00<00:12,  6.47it/s]
  8%|▊         | 6/79 [00:00<00:02, 25.72it/s]
 13%|█▎        | 10/79 [00:00<00:02, 28.32it/s]
 18%|█▊        | 14/79 [00:00<00:02, 30.23it/s]
 23%|██▎       | 18/79 [00:00<00:01, 31.39it/s]
 28%|██▊       | 22/79 [00:00<00:01, 32.07it/s]
 33%|███▎      | 26/79 [00:00<00:01, 32.60it/s]
 38%|███▊      | 30/79 [00:00<00:01, 33.11it/s]
 43%|████▎     | 34/79 [00:01<00:01, 33.21it/s]
 48%|████▊     | 38/79 [00:01<00:01, 33.46it/s]
 53%|█████▎    | 42/79 [00:01<00:01, 33.53it/s]
 58%|█████▊    | 46/79 [00:01<00:00, 33.68it/s]
 63%|██████▎   | 50/79 [00:01<00:00, 33.77it/s]
 68%|██████▊   | 54/79 [00:01<00:00, 33.84it/s]
 73%|███████▎  | 58/79 [00:01<00:00, 33.55it/s]
 78%|███████▊  | 62/79 [00:01<00:00, 33.80it/s]
 84%|████████▎ | 66/79 [00:02<00:00, 33.92it/s]
 89%|████████▊ | 70/79 [00:02<00:00, 34.07it/s]
 94%|█████████▎| 74/79 [00:02<00:00, 34.18it/s]
 99%|█████████▊| 78/79 [00:02<00:00, 34.33it/s]
100%|██████████| 79/79 [00:02<00:00, 32.51it/s]

CommRound: 14/30
Accuracy: 89.69% | Loss: 0.4095
[############################--------------------------------] 46.7%
Elapsed: 12.2m | Avg/Round: 52.2s | Last: 46.7s | Next: 52.2s | Remaining: 13.9m
ETA: 08:09:24
Recent round times: R1: 49.4s -> R2: 52.2s -> R3: 54.5s -> R4: 55.3s -> R5: 46.7s

  0%|          | 0/79 [00:00<?, ?it/s]
  1%|▏         | 1/79 [00:00<00:12,  6.34it/s]
  6%|▋         | 5/79 [00:00<00:04, 16.61it/s]
  9%|▉         | 7/79 [00:00<00:04, 16.29it/s]
 14%|█▍        | 11/79 [00:00<00:02, 23.23it/s]
 19%|█▉        | 15/79 [00:00<00:02, 26.87it/s]
 24%|██▍       | 19/79 [00:00<00:02, 29.39it/s]
 29%|██▉       | 23/79 [00:00<00:01, 31.00it/s]
 34%|███▍      | 27/79 [00:01<00:01, 32.19it/s]
 39%|███▉      | 31/79 [00:01<00:01, 33.00it/s]
 44%|████▍     | 35/79 [00:01<00:01, 33.58it/s]
 49%|████▉     | 39/79 [00:01<00:01, 33.73it/s]
 54%|█████▍    | 43/79 [00:01<00:01, 33.96it/s]
 59%|█████▉    | 47/79 [00:01<00:00, 33.75it/s]
 65%|██████▍   | 51/79 [00:01<00:00, 33.76it/s]
 70%|██████▉   | 55/79 [00:01<00:00, 33.59it/s]
 75%|███████▍  | 59/79 [00:01<00:00, 33.75it/s]
 80%|███████▉  | 63/79 [00:02<00:00, 33.60it/s]
 85%|████████▍ | 67/79 [00:02<00:00, 33.66it/s]
 90%|████████▉ | 71/79 [00:02<00:00, 34.24it/s]
 95%|█████████▍| 75/79 [00:02<00:00, 34.51it/s]
100%|██████████| 79/79 [00:02<00:00, 31.27it/s]

CommRound: 15/30
Accuracy: 89.77% | Loss: 0.4086
[##############################------------------------------] 50.0%
Elapsed: 13.1m | Avg/Round: 52.2s | Last: 52.8s | Next: 52.2s | Remaining: 13.1m
ETA: 08:09:25
Recent round times: R1: 52.2s -> R2: 54.5s -> R3: 55.3s -> R4: 46.7s -> R5: 52.8s

  0%|          | 0/79 [00:00<?, ?it/s]
  1%|▏         | 1/79 [00:00<00:14,  5.25it/s]
  6%|▋         | 5/79 [00:00<00:03, 18.89it/s]
 11%|█▏        | 9/79 [00:00<00:03, 21.06it/s]
 15%|█▌        | 12/79 [00:00<00:02, 23.30it/s]
 19%|█▉        | 15/79 [00:00<00:03, 21.18it/s]
 23%|██▎       | 18/79 [00:00<00:02, 22.71it/s]
 28%|██▊       | 22/79 [00:01<00:02, 23.37it/s]
 32%|███▏      | 25/79 [00:01<00:02, 24.54it/s]
 35%|███▌      | 28/79 [00:01<00:02, 23.11it/s]
 39%|███▉      | 31/79 [00:01<00:01, 24.15it/s]
 43%|████▎     | 34/79 [00:01<00:02, 22.17it/s]
 47%|████▋     | 37/79 [00:01<00:01, 23.69it/s]
 51%|█████     | 40/79 [00:01<00:01, 22.63it/s]
 54%|█████▍    | 43/79 [00:01<00:01, 24.16it/s]
 58%|█████▊    | 46/79 [00:02<00:01, 23.59it/s]
 63%|██████▎   | 50/79 [00:02<00:01, 24.30it/s]
 68%|██████▊   | 54/79 [00:02<00:01, 24.95it/s]
 72%|███████▏  | 57/79 [00:02<00:00, 25.93it/s]
 76%|███████▌  | 60/79 [00:02<00:00, 25.04it/s]
 81%|████████  | 64/79 [00:02<00:00, 25.79it/s]
 86%|████████▌ | 68/79 [00:02<00:00, 27.44it/s]
 91%|█████████ | 72/79 [00:02<00:00, 28.59it/s]
 96%|█████████▌| 76/79 [00:03<00:00, 29.18it/s]
100%|██████████| 79/79 [00:03<00:00, 24.59it/s]

CommRound: 16/30
Accuracy: 89.79% | Loss: 0.4079
[################################----------------------------] 53.3%
Elapsed: 14.0m | Avg/Round: 52.3s | Last: 53.8s | Next: 52.3s | Remaining: 12.2m
ETA: 08:09:28
Recent round times: R1: 54.5s -> R2: 55.3s -> R3: 46.7s -> R4: 52.8s -> R5: 53.8s

  0%|          | 0/79 [00:00<?, ?it/s]
  1%|▏         | 1/79 [00:00<00:12,  6.32it/s]
  5%|▌         | 4/79 [00:00<00:04, 16.19it/s]
  8%|▊         | 6/79 [00:00<00:04, 15.47it/s]
 10%|█         | 8/79 [00:00<00:04, 15.34it/s]
 14%|█▍        | 11/79 [00:00<00:03, 19.09it/s]
 18%|█▊        | 14/79 [00:00<00:02, 22.12it/s]
 22%|██▏       | 17/79 [00:00<00:02, 23.97it/s]
 27%|██▋       | 21/79 [00:01<00:02, 24.51it/s]
 30%|███       | 24/79 [00:01<00:02, 24.52it/s]
 34%|███▍      | 27/79 [00:01<00:02, 24.61it/s]
 39%|███▉      | 31/79 [00:01<00:01, 26.71it/s]
 43%|████▎     | 34/79 [00:01<00:01, 27.31it/s]
 48%|████▊     | 38/79 [00:01<00:01, 26.76it/s]
 52%|█████▏    | 41/79 [00:01<00:01, 27.45it/s]
 56%|█████▌    | 44/79 [00:01<00:01, 28.02it/s]
 61%|██████    | 48/79 [00:01<00:01, 28.41it/s]
 66%|██████▌   | 52/79 [00:02<00:00, 27.11it/s]
 71%|███████   | 56/79 [00:02<00:00, 29.34it/s]
 76%|███████▌  | 60/79 [00:02<00:00, 25.76it/s]
 84%|████████▎ | 66/79 [00:02<00:00, 30.64it/s]
 89%|████████▊ | 70/79 [00:02<00:00, 30.40it/s]
 94%|█████████▎| 74/79 [00:02<00:00, 28.25it/s]
 97%|█████████▋| 77/79 [00:03<00:00, 26.68it/s]
100%|██████████| 79/79 [00:03<00:00, 25.64it/s]

CommRound: 17/30
Accuracy: 89.86% | Loss: 0.4061
[##################################--------------------------] 56.7%
Elapsed: 14.9m | Avg/Round: 52.4s | Last: 53.7s | Next: 52.4s | Remaining: 11.4m
ETA: 08:09:30
Recent round times: R1: 55.3s -> R2: 46.7s -> R3: 52.8s -> R4: 53.8s -> R5: 53.7s

  0%|          | 0/79 [00:00<?, ?it/s]
  1%|▏         | 1/79 [00:00<00:12,  6.40it/s]
  6%|▋         | 5/79 [00:00<00:05, 14.44it/s]
  9%|▉         | 7/79 [00:00<00:04, 15.56it/s]
 14%|█▍        | 11/79 [00:00<00:03, 20.77it/s]
 18%|█▊        | 14/79 [00:00<00:02, 21.80it/s]
 22%|██▏       | 17/79 [00:00<00:02, 21.32it/s]
 27%|██▋       | 21/79 [00:01<00:02, 23.56it/s]
 32%|███▏      | 25/79 [00:01<00:02, 26.45it/s]
 35%|███▌      | 28/79 [00:01<00:02, 23.13it/s]
 39%|███▉      | 31/79 [00:01<00:01, 24.18it/s]
 43%|████▎     | 34/79 [00:01<00:02, 20.43it/s]
 48%|████▊     | 38/79 [00:01<00:01, 23.99it/s]
 53%|█████▎    | 42/79 [00:01<00:01, 25.48it/s]
 58%|█████▊    | 46/79 [00:02<00:01, 26.63it/s]
 63%|██████▎   | 50/79 [00:02<00:01, 27.17it/s]
 68%|██████▊   | 54/79 [00:02<00:01, 24.34it/s]
 72%|███████▏  | 57/79 [00:02<00:00, 23.80it/s]
 76%|███████▌  | 60/79 [00:02<00:00, 20.15it/s]
 80%|███████▉  | 63/79 [00:02<00:00, 20.77it/s]
 84%|████████▎ | 66/79 [00:02<00:00, 20.73it/s]
 87%|████████▋ | 69/79 [00:03<00:00, 21.36it/s]
 91%|█████████ | 72/79 [00:03<00:00, 18.62it/s]
 94%|█████████▎| 74/79 [00:03<00:00, 18.88it/s]
 96%|█████████▌| 76/79 [00:03<00:00, 19.06it/s]
100%|██████████| 79/79 [00:03<00:00, 21.78it/s]

CommRound: 18/30
Accuracy: 89.91% | Loss: 0.4049
[####################################------------------------] 60.0%
Elapsed: 15.7m | Avg/Round: 52.4s | Last: 51.8s | Next: 52.4s | Remaining: 10.5m
ETA: 08:09:29
Recent round times: R1: 46.7s -> R2: 52.8s -> R3: 53.8s -> R4: 53.7s -> R5: 51.8s

  0%|          | 0/79 [00:00<?, ?it/s]
  1%|▏         | 1/79 [00:00<00:12,  6.23it/s]
  6%|▋         | 5/79 [00:00<00:04, 15.38it/s]
 10%|█         | 8/79 [00:00<00:03, 19.32it/s]
 14%|█▍        | 11/79 [00:00<00:03, 17.22it/s]
 16%|█▋        | 13/79 [00:00<00:03, 17.22it/s]
 22%|██▏       | 17/79 [00:00<00:02, 20.76it/s]
 25%|██▌       | 20/79 [00:01<00:03, 18.75it/s]
 28%|██▊       | 22/79 [00:01<00:03, 18.69it/s]
 30%|███       | 24/79 [00:01<00:02, 18.67it/s]
 33%|███▎      | 26/79 [00:01<00:03, 17.56it/s]
 35%|███▌      | 28/79 [00:01<00:03, 16.81it/s]
 38%|███▊      | 30/79 [00:01<00:03, 16.29it/s]
 41%|████      | 32/79 [00:01<00:02, 16.33it/s]
 43%|████▎     | 34/79 [00:01<00:02, 16.38it/s]
 46%|████▌     | 36/79 [00:02<00:02, 16.16it/s]
 48%|████▊     | 38/79 [00:02<00:02, 16.68it/s]
 51%|█████     | 40/79 [00:02<00:02, 16.41it/s]
 53%|█████▎    | 42/79 [00:02<00:02, 16.11it/s]
 56%|█████▌    | 44/79 [00:02<00:02, 16.22it/s]
 58%|█████▊    | 46/79 [00:02<00:02, 15.87it/s]
 61%|██████    | 48/79 [00:02<00:01, 16.08it/s]
 65%|██████▍   | 51/79 [00:02<00:01, 19.16it/s]
 67%|██████▋   | 53/79 [00:03<00:01, 18.28it/s]
 70%|██████▉   | 55/79 [00:03<00:01, 17.20it/s]
 73%|███████▎  | 58/79 [00:03<00:01, 17.33it/s]
 76%|███████▌  | 60/79 [00:03<00:01, 17.20it/s]
 78%|███████▊  | 62/79 [00:03<00:00, 17.48it/s]
 81%|████████  | 64/79 [00:03<00:00, 18.00it/s]
 84%|████████▎ | 66/79 [00:03<00:00, 17.35it/s]
 86%|████████▌ | 68/79 [00:03<00:00, 17.70it/s]
 90%|████████▉ | 71/79 [00:04<00:00, 17.66it/s]
 92%|█████████▏| 73/79 [00:04<00:00, 17.06it/s]
 95%|█████████▍| 75/79 [00:04<00:00, 16.73it/s]
 97%|█████████▋| 77/79 [00:04<00:00, 16.56it/s]
100%|██████████| 79/79 [00:04<00:00, 17.41it/s]

CommRound: 19/30
Accuracy: 89.98% | Loss: 0.4035
[######################################----------------------] 63.3%
Elapsed: 16.6m | Avg/Round: 52.5s | Last: 54.5s | Next: 52.5s | Remaining: 9.6m
ETA: 08:09:32
Recent round times: R1: 52.8s -> R2: 53.8s -> R3: 53.7s -> R4: 51.8s -> R5: 54.5s

  0%|          | 0/79 [00:00<?, ?it/s]
  1%|▏         | 1/79 [00:00<00:16,  4.87it/s]
  5%|▌         | 4/79 [00:00<00:04, 15.11it/s]
  8%|▊         | 6/79 [00:00<00:04, 16.55it/s]
 10%|█         | 8/79 [00:00<00:04, 16.84it/s]
 13%|█▎        | 10/79 [00:00<00:03, 17.61it/s]
 16%|█▋        | 13/79 [00:00<00:03, 20.00it/s]
 22%|██▏       | 17/79 [00:00<00:02, 23.47it/s]
 27%|██▋       | 21/79 [00:01<00:02, 25.69it/s]
 32%|███▏      | 25/79 [00:01<00:02, 26.91it/s]
 37%|███▋      | 29/79 [00:01<00:01, 27.98it/s]
 42%|████▏     | 33/79 [00:01<00:01, 28.65it/s]
 47%|████▋     | 37/79 [00:01<00:01, 29.25it/s]
 51%|█████     | 40/79 [00:01<00:01, 27.50it/s]
 54%|█████▍    | 43/79 [00:01<00:01, 20.94it/s]
 59%|█████▉    | 47/79 [00:02<00:01, 21.17it/s]
 63%|██████▎   | 50/79 [00:02<00:01, 22.63it/s]
 67%|██████▋   | 53/79 [00:02<00:01, 19.24it/s]
 71%|███████   | 56/79 [00:02<00:01, 18.50it/s]
 73%|███████▎  | 58/79 [00:02<00:01, 17.43it/s]
 76%|███████▌  | 60/79 [00:02<00:01, 16.40it/s]
 78%|███████▊  | 62/79 [00:03<00:01, 15.65it/s]
 81%|████████  | 64/79 [00:03<00:00, 15.11it/s]
 84%|████████▎ | 66/79 [00:03<00:00, 14.86it/s]
 86%|████████▌ | 68/79 [00:03<00:00, 14.78it/s]
 89%|████████▊ | 70/79 [00:03<00:00, 14.60it/s]
 91%|█████████ | 72/79 [00:03<00:00, 14.40it/s]
 94%|█████████▎| 74/79 [00:03<00:00, 14.09it/s]
 96%|█████████▌| 76/79 [00:04<00:00, 14.01it/s]
 99%|█████████▊| 78/79 [00:04<00:00, 15.13it/s]
100%|██████████| 79/79 [00:04<00:00, 18.87it/s]

CommRound: 20/30
Accuracy: 89.98% | Loss: 0.4019
[########################################--------------------] 66.7%
Elapsed: 17.5m | Avg/Round: 52.6s | Last: 54.5s | Next: 52.6s | Remaining: 8.8m
ETA: 08:09:35
Recent round times: R1: 53.8s -> R2: 53.7s -> R3: 51.8s -> R4: 54.5s -> R5: 54.5s

  0%|          | 0/79 [00:00<?, ?it/s]
  1%|▏         | 1/79 [00:00<00:11,  7.01it/s]
  5%|▌         | 4/79 [00:00<00:04, 16.28it/s]
 11%|█▏        | 9/79 [00:00<00:02, 23.45it/s]
 15%|█▌        | 12/79 [00:00<00:03, 21.11it/s]
 19%|█▉        | 15/79 [00:00<00:03, 18.35it/s]
 22%|██▏       | 17/79 [00:00<00:03, 17.29it/s]
 24%|██▍       | 19/79 [00:01<00:03, 17.04it/s]
 27%|██▋       | 21/79 [00:01<00:03, 16.58it/s]
 29%|██▉       | 23/79 [00:01<00:03, 17.20it/s]
 33%|███▎      | 26/79 [00:01<00:03, 16.58it/s]
 35%|███▌      | 28/79 [00:01<00:03, 15.90it/s]
 38%|███▊      | 30/79 [00:01<00:03, 15.88it/s]
 43%|████▎     | 34/79 [00:01<00:02, 18.13it/s]
 46%|████▌     | 36/79 [00:02<00:02, 17.82it/s]
 51%|█████     | 40/79 [00:02<00:01, 21.01it/s]
 54%|█████▍    | 43/79 [00:02<00:01, 21.25it/s]
 58%|█████▊    | 46/79 [00:02<00:01, 17.70it/s]
 61%|██████    | 48/79 [00:02<00:01, 17.41it/s]
 63%|██████▎   | 50/79 [00:02<00:01, 16.92it/s]
 67%|██████▋   | 53/79 [00:02<00:01, 19.64it/s]
 71%|███████   | 56/79 [00:03<00:01, 16.50it/s]
 73%|███████▎  | 58/79 [00:03<00:01, 16.51it/s]
 76%|███████▌  | 60/79 [00:03<00:01, 16.39it/s]
 78%|███████▊  | 62/79 [00:03<00:01, 15.94it/s]
 81%|████████  | 64/79 [00:03<00:00, 15.65it/s]
 84%|████████▎ | 66/79 [00:03<00:00, 15.73it/s]
 86%|████████▌ | 68/79 [00:03<00:00, 16.25it/s]
 89%|████████▊ | 70/79 [00:04<00:00, 16.05it/s]
 91%|█████████ | 72/79 [00:04<00:00, 15.74it/s]
 94%|█████████▎| 74/79 [00:04<00:00, 16.26it/s]
 99%|█████████▊| 78/79 [00:04<00:00, 20.18it/s]
100%|██████████| 79/79 [00:04<00:00, 17.64it/s]

CommRound: 21/30
Accuracy: 90.06% | Loss: 0.4003
[##########################################------------------] 70.0%
Elapsed: 18.5m | Avg/Round: 52.7s | Last: 55.4s | Next: 52.7s | Remaining: 7.9m
ETA: 08:09:39
Recent round times: R1: 53.7s -> R2: 51.8s -> R3: 54.5s -> R4: 54.5s -> R5: 55.4s

  0%|          | 0/79 [00:00<?, ?it/s]
  1%|▏         | 1/79 [00:00<00:12,  6.33it/s]
  9%|▉         | 7/79 [00:00<00:02, 28.32it/s]
 14%|█▍        | 11/79 [00:00<00:02, 31.23it/s]
 19%|█▉        | 15/79 [00:00<00:01, 32.64it/s]
 24%|██▍       | 19/79 [00:00<00:01, 33.59it/s]
 29%|██▉       | 23/79 [00:00<00:01, 34.09it/s]
 34%|███▍      | 27/79 [00:00<00:01, 34.73it/s]
 39%|███▉      | 31/79 [00:00<00:01, 35.09it/s]
 44%|████▍     | 35/79 [00:01<00:01, 35.38it/s]
 49%|████▉     | 39/79 [00:01<00:01, 35.55it/s]
 54%|█████▍    | 43/79 [00:01<00:01, 35.64it/s]
 59%|█████▉    | 47/79 [00:01<00:00, 35.54it/s]
 65%|██████▍   | 51/79 [00:01<00:00, 35.62it/s]
 70%|██████▉   | 55/79 [00:01<00:00, 36.02it/s]
 75%|███████▍  | 59/79 [00:01<00:00, 36.10it/s]
 80%|███████▉  | 63/79 [00:01<00:00, 36.79it/s]
 85%|████████▍ | 67/79 [00:01<00:00, 36.69it/s]
 90%|████████▉ | 71/79 [00:02<00:00, 36.77it/s]
 95%|█████████▍| 75/79 [00:02<00:00, 33.98it/s]
100%|██████████| 79/79 [00:02<00:00, 34.87it/s]
100%|██████████| 79/79 [00:02<00:00, 33.93it/s]

CommRound: 22/30
Accuracy: 90.12% | Loss: 0.3986
[############################################----------------] 73.3%
Elapsed: 19.4m | Avg/Round: 52.8s | Last: 54.9s | Next: 52.8s | Remaining: 7.0m
ETA: 08:09:42
Recent round times: R1: 51.8s -> R2: 54.5s -> R3: 54.5s -> R4: 55.4s -> R5: 54.9s

  0%|          | 0/79 [00:00<?, ?it/s]
  1%|▏         | 1/79 [00:00<00:11,  7.07it/s]
  6%|▋         | 5/79 [00:00<00:03, 20.99it/s]
 11%|█▏        | 9/79 [00:00<00:02, 25.81it/s]
 16%|█▋        | 13/79 [00:00<00:02, 29.11it/s]
 22%|██▏       | 17/79 [00:00<00:01, 31.41it/s]
 27%|██▋       | 21/79 [00:00<00:01, 32.95it/s]
 32%|███▏      | 25/79 [00:00<00:01, 33.78it/s]
 37%|███▋      | 29/79 [00:00<00:01, 34.43it/s]
 42%|████▏     | 33/79 [00:01<00:01, 34.40it/s]
 47%|████▋     | 37/79 [00:01<00:01, 34.60it/s]
 52%|█████▏    | 41/79 [00:01<00:01, 35.04it/s]
 57%|█████▋    | 45/79 [00:01<00:00, 34.95it/s]
 62%|██████▏   | 49/79 [00:01<00:00, 35.18it/s]
 67%|██████▋   | 53/79 [00:01<00:00, 35.31it/s]
 72%|███████▏  | 57/79 [00:01<00:00, 35.40it/s]
 77%|███████▋  | 61/79 [00:01<00:00, 33.86it/s]
 82%|████████▏ | 65/79 [00:01<00:00, 35.48it/s]
 87%|████████▋ | 69/79 [00:02<00:00, 35.00it/s]
 92%|█████████▏| 73/79 [00:02<00:00, 34.97it/s]
 97%|█████████▋| 77/79 [00:02<00:00, 35.13it/s]
100%|██████████| 79/79 [00:02<00:00, 33.42it/s]

CommRound: 23/30
Accuracy: 90.16% | Loss: 0.3971
[##############################################--------------] 76.7%
Elapsed: 20.2m | Avg/Round: 52.6s | Last: 48.6s | Next: 52.6s | Remaining: 6.1m
ETA: 08:09:37
Recent round times: R1: 54.5s -> R2: 54.5s -> R3: 55.4s -> R4: 54.9s -> R5: 48.6s

  0%|          | 0/79 [00:00<?, ?it/s]
  1%|▏         | 1/79 [00:00<00:09,  7.81it/s]
  6%|▋         | 5/79 [00:00<00:03, 23.97it/s]
 10%|█         | 8/79 [00:00<00:03, 22.06it/s]
 15%|█▌        | 12/79 [00:00<00:02, 25.72it/s]
 20%|██        | 16/79 [00:00<00:02, 25.37it/s]
 25%|██▌       | 20/79 [00:00<00:02, 25.57it/s]
 30%|███       | 24/79 [00:00<00:02, 25.67it/s]
 35%|███▌      | 28/79 [00:01<00:01, 25.61it/s]
 41%|████      | 32/79 [00:01<00:01, 25.58it/s]
 46%|████▌     | 36/79 [00:01<00:01, 27.70it/s]
 51%|█████     | 40/79 [00:01<00:01, 29.49it/s]
 56%|█████▌    | 44/79 [00:01<00:01, 29.65it/s]
 61%|██████    | 48/79 [00:01<00:01, 29.52it/s]
 65%|██████▍   | 51/79 [00:01<00:00, 29.49it/s]
 68%|██████▊   | 54/79 [00:02<00:00, 28.62it/s]
 73%|███████▎  | 58/79 [00:02<00:00, 27.89it/s]
 77%|███████▋  | 61/79 [00:02<00:00, 28.06it/s]
 81%|████████  | 64/79 [00:02<00:00, 27.05it/s]
 85%|████████▍ | 67/79 [00:02<00:00, 27.10it/s]
 90%|████████▉ | 71/79 [00:02<00:00, 29.08it/s]
 95%|█████████▍| 75/79 [00:02<00:00, 30.61it/s]
100%|██████████| 79/79 [00:02<00:00, 32.26it/s]
100%|██████████| 79/79 [00:02<00:00, 27.53it/s]

CommRound: 24/30
Accuracy: 90.22% | Loss: 0.3956
[################################################------------] 80.0%
Elapsed: 21.1m | Avg/Round: 52.7s | Last: 54.4s | Next: 52.7s | Remaining: 5.3m
ETA: 08:09:39
Recent round times: R1: 54.5s -> R2: 55.4s -> R3: 54.9s -> R4: 48.6s -> R5: 54.4s

  0%|          | 0/79 [00:00<?, ?it/s]
  1%|▏         | 1/79 [00:00<00:11,  7.06it/s]
  6%|▋         | 5/79 [00:00<00:04, 17.07it/s]
 11%|█▏        | 9/79 [00:00<00:03, 21.98it/s]
 16%|█▋        | 13/79 [00:00<00:02, 24.92it/s]
 22%|██▏       | 17/79 [00:00<00:02, 26.69it/s]
 27%|██▋       | 21/79 [00:00<00:02, 27.79it/s]
 32%|███▏      | 25/79 [00:00<00:01, 28.55it/s]
 37%|███▋      | 29/79 [00:01<00:01, 29.15it/s]
 42%|████▏     | 33/79 [00:01<00:01, 26.02it/s]
 46%|████▌     | 36/79 [00:01<00:01, 26.09it/s]
 49%|████▉     | 39/79 [00:01<00:01, 22.68it/s]
 54%|█████▍    | 43/79 [00:01<00:01, 22.15it/s]
 58%|█████▊    | 46/79 [00:01<00:01, 23.63it/s]
 62%|██████▏   | 49/79 [00:02<00:01, 20.82it/s]
 66%|██████▌   | 52/79 [00:02<00:01, 22.64it/s]
 70%|██████▉   | 55/79 [00:02<00:01, 21.41it/s]
 75%|███████▍  | 59/79 [00:02<00:00, 23.87it/s]
 80%|███████▉  | 63/79 [00:02<00:00, 23.61it/s]
 85%|████████▍ | 67/79 [00:02<00:00, 23.55it/s]
 89%|████████▊ | 70/79 [00:02<00:00, 24.27it/s]
 92%|█████████▏| 73/79 [00:03<00:00, 20.43it/s]
 96%|█████████▌| 76/79 [00:03<00:00, 21.75it/s]
100%|██████████| 79/79 [00:03<00:00, 23.52it/s]

CommRound: 25/30
Accuracy: 90.28% | Loss: 0.3942
[##################################################----------] 83.3%
Elapsed: 22.0m | Avg/Round: 52.8s | Last: 54.9s | Next: 52.8s | Remaining: 4.4m
ETA: 08:09:42
Recent round times: R1: 55.4s -> R2: 54.9s -> R3: 48.6s -> R4: 54.4s -> R5: 54.9s

  0%|          | 0/79 [00:00<?, ?it/s]
  1%|▏         | 1/79 [00:00<00:16,  4.83it/s]
  6%|▋         | 5/79 [00:00<00:03, 18.96it/s]
 11%|█▏        | 9/79 [00:00<00:02, 23.67it/s]
 15%|█▌        | 12/79 [00:00<00:03, 21.98it/s]
 19%|█▉        | 15/79 [00:00<00:03, 21.02it/s]
 23%|██▎       | 18/79 [00:00<00:02, 21.14it/s]
 27%|██▋       | 21/79 [00:01<00:03, 18.94it/s]
 32%|███▏      | 25/79 [00:01<00:02, 19.98it/s]
 35%|███▌      | 28/79 [00:01<00:02, 20.17it/s]
 39%|███▉      | 31/79 [00:01<00:02, 18.25it/s]
 43%|████▎     | 34/79 [00:01<00:02, 18.87it/s]
 46%|████▌     | 36/79 [00:01<00:02, 17.94it/s]
 48%|████▊     | 38/79 [00:02<00:02, 17.50it/s]
 51%|█████     | 40/79 [00:02<00:02, 17.11it/s]
 53%|█████▎    | 42/79 [00:02<00:02, 17.34it/s]
 56%|█████▌    | 44/79 [00:02<00:02, 16.59it/s]
 58%|█████▊    | 46/79 [00:02<00:01, 16.65it/s]
 61%|██████    | 48/79 [00:02<00:01, 16.53it/s]
 65%|██████▍   | 51/79 [00:02<00:01, 18.19it/s]
 67%|██████▋   | 53/79 [00:02<00:01, 17.37it/s]
 71%|███████   | 56/79 [00:03<00:01, 18.03it/s]
 73%|███████▎  | 58/79 [00:03<00:01, 18.10it/s]
 76%|███████▌  | 60/79 [00:03<00:01, 17.37it/s]
 78%|███████▊  | 62/79 [00:03<00:00, 17.13it/s]
 82%|████████▏ | 65/79 [00:03<00:00, 18.19it/s]
 85%|████████▍ | 67/79 [00:03<00:00, 17.32it/s]
 87%|████████▋ | 69/79 [00:03<00:00, 16.84it/s]
 90%|████████▉ | 71/79 [00:03<00:00, 16.68it/s]
 92%|█████████▏| 73/79 [00:04<00:00, 16.47it/s]
 95%|█████████▍| 75/79 [00:04<00:00, 16.21it/s]
 97%|█████████▋| 77/79 [00:04<00:00, 16.23it/s]
100%|██████████| 79/79 [00:04<00:00, 18.03it/s]

CommRound: 26/30
Accuracy: 90.30% | Loss: 0.3926
[####################################################--------] 86.7%
Elapsed: 22.9m | Avg/Round: 52.8s | Last: 51.9s | Next: 52.8s | Remaining: 3.5m
ETA: 08:09:41
Recent round times: R1: 54.9s -> R2: 48.6s -> R3: 54.4s -> R4: 54.9s -> R5: 51.9s

  0%|          | 0/79 [00:00<?, ?it/s]
  1%|▏         | 1/79 [00:00<00:13,  5.75it/s]
  6%|▋         | 5/79 [00:00<00:03, 20.22it/s]
 10%|█         | 8/79 [00:00<00:03, 20.90it/s]
 14%|█▍        | 11/79 [00:00<00:03, 17.69it/s]
 19%|█▉        | 15/79 [00:00<00:03, 18.18it/s]
 24%|██▍       | 19/79 [00:01<00:03, 19.46it/s]
 28%|██▊       | 22/79 [00:01<00:02, 21.43it/s]
 32%|███▏      | 25/79 [00:01<00:02, 19.80it/s]
 35%|███▌      | 28/79 [00:01<00:02, 20.36it/s]
 39%|███▉      | 31/79 [00:01<00:02, 19.39it/s]
 44%|████▍     | 35/79 [00:01<00:01, 22.23it/s]
 49%|████▉     | 39/79 [00:01<00:01, 24.24it/s]
 54%|█████▍    | 43/79 [00:02<00:01, 26.02it/s]
 59%|█████▉    | 47/79 [00:02<00:01, 27.21it/s]
 65%|██████▍   | 51/79 [00:02<00:00, 28.12it/s]
 70%|██████▉   | 55/79 [00:02<00:00, 28.20it/s]
 73%|███████▎  | 58/79 [00:02<00:00, 24.11it/s]
 78%|███████▊  | 62/79 [00:02<00:00, 25.92it/s]
 84%|████████▎ | 66/79 [00:02<00:00, 27.47it/s]
 89%|████████▊ | 70/79 [00:02<00:00, 28.63it/s]
 94%|█████████▎| 74/79 [00:03<00:00, 29.42it/s]
 99%|█████████▊| 78/79 [00:03<00:00, 30.17it/s]
100%|██████████| 79/79 [00:03<00:00, 24.09it/s]

CommRound: 27/30
Accuracy: 90.31% | Loss: 0.3911
[######################################################------] 90.0%
Elapsed: 23.7m | Avg/Round: 52.7s | Last: 49.7s | Next: 52.7s | Remaining: 2.6m
ETA: 08:09:37
Recent round times: R1: 48.6s -> R2: 54.4s -> R3: 54.9s -> R4: 51.9s -> R5: 49.7s

  0%|          | 0/79 [00:00<?, ?it/s]
  1%|▏         | 1/79 [00:00<00:18,  4.32it/s]
  5%|▌         | 4/79 [00:00<00:05, 13.23it/s]
  8%|▊         | 6/79 [00:00<00:04, 15.00it/s]
 10%|█         | 8/79 [00:00<00:04, 15.03it/s]
 13%|█▎        | 10/79 [00:00<00:04, 14.95it/s]
 15%|█▌        | 12/79 [00:00<00:04, 15.09it/s]
 18%|█▊        | 14/79 [00:00<00:04, 15.01it/s]
 20%|██        | 16/79 [00:01<00:03, 15.87it/s]
 24%|██▍       | 19/79 [00:01<00:03, 15.77it/s]
 27%|██▋       | 21/79 [00:01<00:03, 16.18it/s]
 29%|██▉       | 23/79 [00:01<00:03, 16.40it/s]
 32%|███▏      | 25/79 [00:01<00:03, 17.27it/s]
 37%|███▋      | 29/79 [00:01<00:02, 19.61it/s]
 41%|████      | 32/79 [00:01<00:02, 22.01it/s]
 44%|████▍     | 35/79 [00:02<00:02, 20.18it/s]
 49%|████▉     | 39/79 [00:02<00:01, 22.88it/s]
 54%|█████▍    | 43/79 [00:02<00:01, 23.52it/s]
 58%|█████▊    | 46/79 [00:02<00:01, 21.19it/s]
 62%|██████▏   | 49/79 [00:02<00:01, 20.76it/s]
 66%|██████▌   | 52/79 [00:02<00:01, 21.36it/s]
 70%|██████▉   | 55/79 [00:03<00:01, 19.87it/s]
 75%|███████▍  | 59/79 [00:03<00:00, 22.56it/s]
 80%|███████▉  | 63/79 [00:03<00:00, 24.70it/s]
 85%|████████▍ | 67/79 [00:03<00:00, 26.17it/s]
 89%|████████▊ | 70/79 [00:03<00:00, 24.72it/s]
 92%|█████████▏| 73/79 [00:03<00:00, 21.01it/s]
 96%|█████████▌| 76/79 [00:03<00:00, 20.27it/s]
100%|██████████| 79/79 [00:04<00:00, 19.71it/s]

CommRound: 28/30
Accuracy: 90.37% | Loss: 0.3897
[########################################################----] 93.3%
Elapsed: 24.6m | Avg/Round: 52.7s | Last: 54.7s | Next: 52.7s | Remaining: 1.8m
ETA: 08:09:39
Recent round times: R1: 54.4s -> R2: 54.9s -> R3: 51.9s -> R4: 49.7s -> R5: 54.7s

  0%|          | 0/79 [00:00<?, ?it/s]
  1%|▏         | 1/79 [00:00<00:10,  7.51it/s]
  9%|▉         | 7/79 [00:00<00:02, 27.89it/s]
 13%|█▎        | 10/79 [00:00<00:02, 28.35it/s]
 16%|█▋        | 13/79 [00:00<00:02, 22.63it/s]
 20%|██        | 16/79 [00:00<00:02, 23.70it/s]
 24%|██▍       | 19/79 [00:00<00:02, 21.53it/s]
 29%|██▉       | 23/79 [00:00<00:02, 23.01it/s]
 34%|███▍      | 27/79 [00:01<00:02, 22.90it/s]
 38%|███▊      | 30/79 [00:01<00:02, 24.29it/s]
 42%|████▏     | 33/79 [00:01<00:02, 21.77it/s]
 46%|████▌     | 36/79 [00:01<00:01, 23.26it/s]
 49%|████▉     | 39/79 [00:01<00:01, 21.24it/s]
 53%|█████▎    | 42/79 [00:01<00:01, 23.16it/s]
 57%|█████▋    | 45/79 [00:02<00:01, 20.79it/s]
 62%|██████▏   | 49/79 [00:02<00:01, 21.38it/s]
 66%|██████▌   | 52/79 [00:02<00:01, 23.19it/s]
 70%|██████▉   | 55/79 [00:02<00:01, 21.43it/s]
 75%|███████▍  | 59/79 [00:02<00:00, 21.48it/s]
 78%|███████▊  | 62/79 [00:02<00:00, 23.18it/s]
 82%|████████▏ | 65/79 [00:02<00:00, 21.68it/s]
 87%|████████▋ | 69/79 [00:03<00:00, 22.12it/s]
 92%|█████████▏| 73/79 [00:03<00:00, 22.45it/s]
 96%|█████████▌| 76/79 [00:03<00:00, 23.86it/s]
100%|██████████| 79/79 [00:03<00:00, 22.65it/s]

CommRound: 29/30
Accuracy: 90.40% | Loss: 0.3883
[##########################################################--] 96.7%
Elapsed: 25.4m | Avg/Round: 52.5s | Last: 45.3s | Next: 52.5s | Remaining: 0.9m
ETA: 08:09:32
Recent round times: R1: 54.9s -> R2: 51.9s -> R3: 49.7s -> R4: 54.7s -> R5: 45.3s

  0%|          | 0/79 [00:00<?, ?it/s]
  1%|▏         | 1/79 [00:00<00:11,  6.70it/s]
  6%|▋         | 5/79 [00:00<00:03, 19.75it/s]
 10%|█         | 8/79 [00:00<00:03, 18.56it/s]
 15%|█▌        | 12/79 [00:00<00:03, 22.16it/s]
 19%|█▉        | 15/79 [00:00<00:04, 13.99it/s]
 23%|██▎       | 18/79 [00:01<00:03, 15.83it/s]
 28%|██▊       | 22/79 [00:01<00:02, 19.13it/s]
 33%|███▎      | 26/79 [00:01<00:02, 21.78it/s]
 37%|███▋      | 29/79 [00:01<00:02, 23.25it/s]
 41%|████      | 32/79 [00:01<00:02, 23.06it/s]
 46%|████▌     | 36/79 [00:01<00:01, 24.63it/s]
 51%|█████     | 40/79 [00:01<00:01, 25.88it/s]
 56%|█████▌    | 44/79 [00:02<00:01, 26.73it/s]
 61%|██████    | 48/79 [00:02<00:01, 27.39it/s]
 66%|██████▌   | 52/79 [00:02<00:00, 27.40it/s]
 71%|███████   | 56/79 [00:02<00:00, 27.82it/s]
 76%|███████▌  | 60/79 [00:02<00:00, 28.35it/s]
 81%|████████  | 64/79 [00:02<00:00, 28.70it/s]
 86%|████████▌ | 68/79 [00:02<00:00, 28.64it/s]
 91%|█████████ | 72/79 [00:03<00:00, 28.13it/s]
 96%|█████████▌| 76/79 [00:03<00:00, 28.59it/s]
100%|██████████| 79/79 [00:03<00:00, 24.16it/s]

CommRound: 30/30
Accuracy: 90.41% | Loss: 0.3868
[############################################################] 100.0%
Elapsed: 26.2m | Avg/Round: 52.3s | Last: 48.4s | Next: 52.3s | Remaining: 0.0m
ETA: 08:09:28
Recent round times: R1: 51.9s -> R2: 49.7s -> R3: 54.7s -> R4: 45.3s -> R5: 48.4s
Total time for experiment: 1570.2519867420197 seconds
Device average training time per communication round [s]:
    rpi (sld-rpi-09.ece.utexas.edu): 6.71 seconds
    mc1 (sld-mc1-09.ece.utexas.edu): 48.08 seconds
