
  0%|          | 0/79 [00:00<?, ?it/s]
  1%|▏         | 1/79 [00:00<00:13,  5.86it/s]
  6%|▋         | 5/79 [00:00<00:04, 16.42it/s]
  9%|▉         | 7/79 [00:00<00:04, 14.64it/s]
 11%|█▏        | 9/79 [00:00<00:04, 14.51it/s]
 14%|█▍        | 11/79 [00:00<00:04, 14.39it/s]
 16%|█▋        | 13/79 [00:00<00:04, 14.27it/s]
 19%|█▉        | 15/79 [00:01<00:04, 14.30it/s]
 22%|██▏       | 17/79 [00:01<00:04, 14.98it/s]
 24%|██▍       | 19/79 [00:01<00:04, 14.53it/s]
 27%|██▋       | 21/79 [00:01<00:04, 14.25it/s]
 29%|██▉       | 23/79 [00:01<00:03, 14.01it/s]
 32%|███▏      | 25/79 [00:01<00:03, 14.73it/s]
 34%|███▍      | 27/79 [00:01<00:03, 14.22it/s]
 37%|███▋      | 29/79 [00:02<00:03, 14.05it/s]
 39%|███▉      | 31/79 [00:02<00:03, 14.35it/s]
 42%|████▏     | 33/79 [00:02<00:03, 14.73it/s]
 46%|████▌     | 36/79 [00:02<00:02, 18.06it/s]
 49%|████▉     | 39/79 [00:02<00:01, 20.97it/s]
 54%|█████▍    | 43/79 [00:02<00:01, 24.71it/s]
 59%|█████▉    | 47/79 [00:02<00:01, 27.58it/s]
 65%|██████▍   | 51/79 [00:02<00:00, 29.35it/s]
 68%|██████▊   | 54/79 [00:02<00:00, 29.18it/s]
 73%|███████▎  | 58/79 [00:03<00:00, 29.99it/s]
 78%|███████▊  | 62/79 [00:03<00:00, 28.90it/s]
 84%|████████▎ | 66/79 [00:03<00:00, 28.41it/s]
 89%|████████▊ | 70/79 [00:03<00:00, 29.41it/s]
 94%|█████████▎| 74/79 [00:03<00:00, 29.78it/s]
 99%|█████████▊| 78/79 [00:03<00:00, 30.73it/s]
100%|██████████| 79/79 [00:03<00:00, 20.87it/s]
Initial Accuracy: 9.74%; Initial Loss: 2.3088

  0%|          | 0/79 [00:00<?, ?it/s]
  1%|▏         | 1/79 [00:00<00:09,  8.34it/s]
  6%|▋         | 5/79 [00:00<00:03, 21.47it/s]
 10%|█         | 8/79 [00:00<00:02, 24.80it/s]
 14%|█▍        | 11/79 [00:00<00:02, 25.81it/s]
 18%|█▊        | 14/79 [00:00<00:02, 27.18it/s]
 23%|██▎       | 18/79 [00:00<00:02, 27.99it/s]
 28%|██▊       | 22/79 [00:00<00:02, 28.28it/s]
 33%|███▎      | 26/79 [00:00<00:01, 28.68it/s]
 38%|███▊      | 30/79 [00:01<00:01, 28.80it/s]
 43%|████▎     | 34/79 [00:01<00:01, 29.40it/s]
 48%|████▊     | 38/79 [00:01<00:01, 30.09it/s]
 53%|█████▎    | 42/79 [00:01<00:01, 30.01it/s]
 58%|█████▊    | 46/79 [00:01<00:01, 29.57it/s]
 62%|██████▏   | 49/79 [00:01<00:01, 29.51it/s]
 67%|██████▋   | 53/79 [00:01<00:00, 29.36it/s]
 72%|███████▏  | 57/79 [00:02<00:00, 29.36it/s]
 77%|███████▋  | 61/79 [00:02<00:00, 29.03it/s]
 82%|████████▏ | 65/79 [00:02<00:00, 29.51it/s]
 86%|████████▌ | 68/79 [00:02<00:00, 28.67it/s]
 91%|█████████ | 72/79 [00:02<00:00, 29.38it/s]
 96%|█████████▌| 76/79 [00:02<00:00, 29.22it/s]
100%|██████████| 79/79 [00:02<00:00, 28.64it/s]

CommRound: 1/30
Accuracy: 10.28% | Loss: 2.7926
[##----------------------------------------------------------] 3.3%
Elapsed: 0.3m | Avg/Round: 20.0s | Last: 16.2s | Next: 20.0s | Remaining: 9.7m
ETA: 12:09:29
Recent round times: R1: 16.2s

  0%|          | 0/79 [00:00<?, ?it/s]
  1%|▏         | 1/79 [00:00<00:09,  8.17it/s]
  6%|▋         | 5/79 [00:00<00:03, 19.76it/s]
 10%|█         | 8/79 [00:00<00:03, 23.54it/s]
 14%|█▍        | 11/79 [00:00<00:02, 25.19it/s]
 18%|█▊        | 14/79 [00:00<00:02, 26.41it/s]
 23%|██▎       | 18/79 [00:00<00:02, 27.18it/s]
 28%|██▊       | 22/79 [00:00<00:02, 27.66it/s]
 33%|███▎      | 26/79 [00:01<00:01, 27.72it/s]
 38%|███▊      | 30/79 [00:01<00:01, 28.75it/s]
 43%|████▎     | 34/79 [00:01<00:01, 28.44it/s]
 48%|████▊     | 38/79 [00:01<00:01, 25.79it/s]
 52%|█████▏    | 41/79 [00:01<00:01, 26.29it/s]
 56%|█████▌    | 44/79 [00:01<00:01, 26.97it/s]
 61%|██████    | 48/79 [00:01<00:01, 29.43it/s]
 66%|██████▌   | 52/79 [00:01<00:00, 30.90it/s]
 71%|███████   | 56/79 [00:02<00:00, 31.54it/s]
 76%|███████▌  | 60/79 [00:02<00:00, 32.18it/s]
 81%|████████  | 64/79 [00:02<00:00, 33.30it/s]
 86%|████████▌ | 68/79 [00:02<00:00, 33.23it/s]
 91%|█████████ | 72/79 [00:02<00:00, 34.44it/s]
 96%|█████████▌| 76/79 [00:02<00:00, 33.87it/s]
100%|██████████| 79/79 [00:02<00:00, 29.30it/s]

CommRound: 2/30
Accuracy: 10.97% | Loss: 2.9279
[####--------------------------------------------------------] 6.7%
Elapsed: 0.6m | Avg/Round: 18.0s | Last: 16.1s | Next: 18.0s | Remaining: 8.4m
ETA: 12:08:31
Recent round times: R1: 16.2s -> R2: 16.1s

  0%|          | 0/79 [00:00<?, ?it/s]
  1%|▏         | 1/79 [00:00<00:10,  7.30it/s]
  6%|▋         | 5/79 [00:00<00:03, 20.99it/s]
 11%|█▏        | 9/79 [00:00<00:02, 24.36it/s]
 16%|█▋        | 13/79 [00:00<00:02, 25.87it/s]
 22%|██▏       | 17/79 [00:00<00:02, 26.49it/s]
 27%|██▋       | 21/79 [00:00<00:02, 27.02it/s]
 32%|███▏      | 25/79 [00:00<00:01, 27.46it/s]
 37%|███▋      | 29/79 [00:01<00:01, 27.91it/s]
 42%|████▏     | 33/79 [00:01<00:01, 27.69it/s]
 47%|████▋     | 37/79 [00:01<00:01, 27.66it/s]
 52%|█████▏    | 41/79 [00:01<00:01, 27.76it/s]
 57%|█████▋    | 45/79 [00:01<00:01, 27.76it/s]
 62%|██████▏   | 49/79 [00:01<00:01, 27.49it/s]
 67%|██████▋   | 53/79 [00:01<00:00, 27.65it/s]
 72%|███████▏  | 57/79 [00:02<00:00, 27.91it/s]
 77%|███████▋  | 61/79 [00:02<00:00, 28.11it/s]
 82%|████████▏ | 65/79 [00:02<00:00, 28.21it/s]
 87%|████████▋ | 69/79 [00:02<00:00, 28.36it/s]
 92%|█████████▏| 73/79 [00:02<00:00, 28.12it/s]
 97%|█████████▋| 77/79 [00:02<00:00, 28.62it/s]
100%|██████████| 79/79 [00:02<00:00, 27.70it/s]

CommRound: 3/30
Accuracy: 11.40% | Loss: 2.9625
[######------------------------------------------------------] 10.0%
Elapsed: 0.9m | Avg/Round: 17.4s | Last: 16.2s | Next: 17.4s | Remaining: 7.8m
ETA: 12:08:13
Recent round times: R1: 16.2s -> R2: 16.1s -> R3: 16.2s

  0%|          | 0/79 [00:00<?, ?it/s]
  1%|▏         | 1/79 [00:00<00:07,  9.88it/s]
  6%|▋         | 5/79 [00:00<00:03, 21.85it/s]
 11%|█▏        | 9/79 [00:00<00:02, 24.87it/s]
 16%|█▋        | 13/79 [00:00<00:02, 27.05it/s]
 22%|██▏       | 17/79 [00:00<00:02, 29.26it/s]
 27%|██▋       | 21/79 [00:00<00:01, 31.07it/s]
 32%|███▏      | 25/79 [00:00<00:01, 31.95it/s]
 37%|███▋      | 29/79 [00:00<00:01, 32.69it/s]
 42%|████▏     | 33/79 [00:01<00:01, 33.77it/s]
 47%|████▋     | 37/79 [00:01<00:01, 33.52it/s]
 52%|█████▏    | 41/79 [00:01<00:01, 32.74it/s]
 57%|█████▋    | 45/79 [00:01<00:01, 32.46it/s]
 62%|██████▏   | 49/79 [00:01<00:00, 31.90it/s]
 67%|██████▋   | 53/79 [00:01<00:00, 32.03it/s]
 72%|███████▏  | 57/79 [00:01<00:00, 29.56it/s]
 76%|███████▌  | 60/79 [00:02<00:00, 25.05it/s]
 80%|███████▉  | 63/79 [00:02<00:00, 25.96it/s]
 85%|████████▍ | 67/79 [00:02<00:00, 29.16it/s]
 90%|████████▉ | 71/79 [00:02<00:00, 29.63it/s]
 95%|█████████▍| 75/79 [00:02<00:00, 30.69it/s]
100%|██████████| 79/79 [00:02<00:00, 31.60it/s]
100%|██████████| 79/79 [00:02<00:00, 29.78it/s]

CommRound: 4/30
Accuracy: 11.82% | Loss: 2.9786
[########----------------------------------------------------] 13.3%
Elapsed: 1.1m | Avg/Round: 17.0s | Last: 15.8s | Next: 17.0s | Remaining: 7.4m
ETA: 12:08:01
Recent round times: R1: 16.2s -> R2: 16.1s -> R3: 16.2s -> R4: 15.8s

  0%|          | 0/79 [00:00<?, ?it/s]
  1%|▏         | 1/79 [00:00<00:12,  6.35it/s]
  9%|▉         | 7/79 [00:00<00:02, 26.66it/s]
 14%|█▍        | 11/79 [00:00<00:02, 29.76it/s]
 19%|█▉        | 15/79 [00:00<00:02, 28.02it/s]
 24%|██▍       | 19/79 [00:00<00:02, 29.27it/s]
 29%|██▉       | 23/79 [00:00<00:01, 30.56it/s]
 34%|███▍      | 27/79 [00:00<00:01, 31.43it/s]
 39%|███▉      | 31/79 [00:01<00:01, 32.09it/s]
 44%|████▍     | 35/79 [00:01<00:01, 32.31it/s]
 49%|████▉     | 39/79 [00:01<00:01, 32.46it/s]
 54%|█████▍    | 43/79 [00:01<00:01, 31.42it/s]
 59%|█████▉    | 47/79 [00:01<00:00, 32.64it/s]
 65%|██████▍   | 51/79 [00:01<00:00, 32.96it/s]
 70%|██████▉   | 55/79 [00:01<00:00, 33.18it/s]
 75%|███████▍  | 59/79 [00:01<00:00, 33.17it/s]
 80%|███████▉  | 63/79 [00:02<00:00, 33.47it/s]
 85%|████████▍ | 67/79 [00:02<00:00, 33.72it/s]
 90%|████████▉ | 71/79 [00:02<00:00, 33.90it/s]
 95%|█████████▍| 75/79 [00:02<00:00, 33.19it/s]
100%|██████████| 79/79 [00:02<00:00, 31.75it/s]

CommRound: 5/30
Accuracy: 12.00% | Loss: 2.9878
[##########--------------------------------------------------] 16.7%
Elapsed: 1.4m | Avg/Round: 16.8s | Last: 15.8s | Next: 16.8s | Remaining: 7.0m
ETA: 12:07:54
Recent round times: R1: 16.2s -> R2: 16.1s -> R3: 16.2s -> R4: 15.8s -> R5: 15.8s

  0%|          | 0/79 [00:00<?, ?it/s]
  1%|▏         | 1/79 [00:00<00:10,  7.63it/s]
  6%|▋         | 5/79 [00:00<00:03, 19.67it/s]
 11%|█▏        | 9/79 [00:00<00:03, 23.04it/s]
 16%|█▋        | 13/79 [00:00<00:02, 25.35it/s]
 22%|██▏       | 17/79 [00:00<00:02, 28.24it/s]
 27%|██▋       | 21/79 [00:00<00:02, 28.67it/s]
 32%|███▏      | 25/79 [00:00<00:01, 28.57it/s]
 37%|███▋      | 29/79 [00:01<00:01, 29.08it/s]
 42%|████▏     | 33/79 [00:01<00:01, 29.27it/s]
 47%|████▋     | 37/79 [00:01<00:01, 29.28it/s]
 52%|█████▏    | 41/79 [00:01<00:01, 29.55it/s]
 57%|█████▋    | 45/79 [00:01<00:01, 29.67it/s]
 62%|██████▏   | 49/79 [00:01<00:01, 29.77it/s]
 67%|██████▋   | 53/79 [00:01<00:00, 29.60it/s]
 72%|███████▏  | 57/79 [00:02<00:00, 29.39it/s]
 77%|███████▋  | 61/79 [00:02<00:00, 29.26it/s]
 82%|████████▏ | 65/79 [00:02<00:00, 29.44it/s]
 87%|████████▋ | 69/79 [00:02<00:00, 29.80it/s]
 92%|█████████▏| 73/79 [00:02<00:00, 29.99it/s]
 97%|█████████▋| 77/79 [00:02<00:00, 30.18it/s]
100%|██████████| 79/79 [00:02<00:00, 28.91it/s]

CommRound: 6/30
Accuracy: 12.25% | Loss: 3.0009
[############------------------------------------------------] 20.0%
Elapsed: 1.7m | Avg/Round: 16.7s | Last: 16.1s | Next: 16.7s | Remaining: 6.7m
ETA: 12:07:50
Recent round times: R1: 16.1s -> R2: 16.2s -> R3: 15.8s -> R4: 15.8s -> R5: 16.1s

  0%|          | 0/79 [00:00<?, ?it/s]
  1%|▏         | 1/79 [00:00<00:10,  7.76it/s]
  8%|▊         | 6/79 [00:00<00:02, 26.14it/s]
 13%|█▎        | 10/79 [00:00<00:02, 27.52it/s]
 18%|█▊        | 14/79 [00:00<00:02, 28.00it/s]
 23%|██▎       | 18/79 [00:00<00:02, 28.36it/s]
 28%|██▊       | 22/79 [00:00<00:02, 28.17it/s]
 33%|███▎      | 26/79 [00:00<00:01, 28.44it/s]
 38%|███▊      | 30/79 [00:01<00:01, 28.55it/s]
 43%|████▎     | 34/79 [00:01<00:01, 28.70it/s]
 48%|████▊     | 38/79 [00:01<00:01, 28.56it/s]
 53%|█████▎    | 42/79 [00:01<00:01, 29.50it/s]
 58%|█████▊    | 46/79 [00:01<00:01, 30.67it/s]
 63%|██████▎   | 50/79 [00:01<00:00, 32.03it/s]
 68%|██████▊   | 54/79 [00:01<00:00, 33.37it/s]
 73%|███████▎  | 58/79 [00:01<00:00, 32.06it/s]
 78%|███████▊  | 62/79 [00:02<00:00, 31.27it/s]
 84%|████████▎ | 66/79 [00:02<00:00, 30.30it/s]
 89%|████████▊ | 70/79 [00:02<00:00, 29.91it/s]
 94%|█████████▎| 74/79 [00:02<00:00, 29.71it/s]
 97%|█████████▋| 77/79 [00:02<00:00, 27.60it/s]
100%|██████████| 79/79 [00:02<00:00, 29.44it/s]

CommRound: 7/30
Accuracy: 12.13% | Loss: 2.9799
[##############----------------------------------------------] 23.3%
Elapsed: 1.9m | Avg/Round: 16.6s | Last: 16.0s | Next: 16.6s | Remaining: 6.4m
ETA: 12:07:47
Recent round times: R1: 16.2s -> R2: 15.8s -> R3: 15.8s -> R4: 16.1s -> R5: 16.0s

  0%|          | 0/79 [00:00<?, ?it/s]
  1%|▏         | 1/79 [00:00<00:11,  6.85it/s]
  6%|▋         | 5/79 [00:00<00:03, 21.03it/s]
 11%|█▏        | 9/79 [00:00<00:02, 25.42it/s]
 16%|█▋        | 13/79 [00:00<00:02, 27.37it/s]
 22%|██▏       | 17/79 [00:00<00:02, 27.38it/s]
 25%|██▌       | 20/79 [00:00<00:02, 27.80it/s]
 29%|██▉       | 23/79 [00:00<00:02, 27.46it/s]
 33%|███▎      | 26/79 [00:00<00:01, 27.63it/s]
 37%|███▋      | 29/79 [00:01<00:01, 26.98it/s]
 41%|████      | 32/79 [00:01<00:01, 26.35it/s]
 44%|████▍     | 35/79 [00:01<00:01, 26.42it/s]
 48%|████▊     | 38/79 [00:01<00:01, 26.63it/s]
 52%|█████▏    | 41/79 [00:01<00:01, 27.04it/s]
 56%|█████▌    | 44/79 [00:01<00:01, 27.33it/s]
 59%|█████▉    | 47/79 [00:01<00:01, 27.89it/s]
 65%|██████▍   | 51/79 [00:01<00:00, 29.70it/s]
 70%|██████▉   | 55/79 [00:02<00:00, 30.73it/s]
 75%|███████▍  | 59/79 [00:02<00:00, 30.65it/s]
 80%|███████▉  | 63/79 [00:02<00:00, 30.06it/s]
 85%|████████▍ | 67/79 [00:02<00:00, 30.80it/s]
 90%|████████▉ | 71/79 [00:02<00:00, 31.60it/s]
 95%|█████████▍| 75/79 [00:02<00:00, 32.55it/s]
100%|██████████| 79/79 [00:02<00:00, 33.12it/s]
100%|██████████| 79/79 [00:02<00:00, 28.47it/s]

CommRound: 8/30
Accuracy: 12.67% | Loss: 2.9805
[################--------------------------------------------] 26.7%
Elapsed: 2.2m | Avg/Round: 16.5s | Last: 16.0s | Next: 16.5s | Remaining: 6.1m
ETA: 12:07:45
Recent round times: R1: 15.8s -> R2: 15.8s -> R3: 16.1s -> R4: 16.0s -> R5: 16.0s

  0%|          | 0/79 [00:00<?, ?it/s]
  1%|▏         | 1/79 [00:00<00:10,  7.17it/s]
  8%|▊         | 6/79 [00:00<00:03, 23.53it/s]
 13%|█▎        | 10/79 [00:00<00:02, 27.09it/s]
 18%|█▊        | 14/79 [00:00<00:02, 28.61it/s]
 23%|██▎       | 18/79 [00:00<00:02, 28.74it/s]
 28%|██▊       | 22/79 [00:00<00:01, 29.70it/s]
 33%|███▎      | 26/79 [00:00<00:01, 30.75it/s]
 38%|███▊      | 30/79 [00:01<00:01, 30.91it/s]
 43%|████▎     | 34/79 [00:01<00:01, 31.26it/s]
 48%|████▊     | 38/79 [00:01<00:01, 31.46it/s]
 53%|█████▎    | 42/79 [00:01<00:01, 31.14it/s]
 58%|█████▊    | 46/79 [00:01<00:01, 32.05it/s]
 63%|██████▎   | 50/79 [00:01<00:00, 32.18it/s]
 68%|██████▊   | 54/79 [00:01<00:00, 32.17it/s]
 73%|███████▎  | 58/79 [00:01<00:00, 32.27it/s]
 78%|███████▊  | 62/79 [00:02<00:00, 32.21it/s]
 84%|████████▎ | 66/79 [00:02<00:00, 32.17it/s]
 89%|████████▊ | 70/79 [00:02<00:00, 32.06it/s]
 94%|█████████▎| 74/79 [00:02<00:00, 31.89it/s]
100%|██████████| 79/79 [00:02<00:00, 35.81it/s]
100%|██████████| 79/79 [00:02<00:00, 30.89it/s]

CommRound: 9/30
Accuracy: 12.33% | Loss: 3.0266
[##################------------------------------------------] 30.0%
Elapsed: 2.5m | Avg/Round: 16.4s | Last: 15.9s | Next: 16.4s | Remaining: 5.8m
ETA: 12:07:43
Recent round times: R1: 15.8s -> R2: 16.1s -> R3: 16.0s -> R4: 16.0s -> R5: 15.9s

  0%|          | 0/79 [00:00<?, ?it/s]
  1%|▏         | 1/79 [00:00<00:10,  7.76it/s]
  6%|▋         | 5/79 [00:00<00:03, 24.42it/s]
 11%|█▏        | 9/79 [00:00<00:02, 27.96it/s]
 16%|█▋        | 13/79 [00:00<00:02, 29.50it/s]
 22%|██▏       | 17/79 [00:00<00:02, 30.38it/s]
 27%|██▋       | 21/79 [00:00<00:01, 30.95it/s]
 32%|███▏      | 25/79 [00:00<00:01, 32.64it/s]
 37%|███▋      | 29/79 [00:00<00:01, 32.84it/s]
 42%|████▏     | 33/79 [00:01<00:01, 32.80it/s]
 47%|████▋     | 37/79 [00:01<00:01, 32.26it/s]
 52%|█████▏    | 41/79 [00:01<00:01, 31.75it/s]
 57%|█████▋    | 45/79 [00:01<00:01, 31.25it/s]
 62%|██████▏   | 49/79 [00:01<00:00, 31.18it/s]
 67%|██████▋   | 53/79 [00:01<00:00, 30.61it/s]
 72%|███████▏  | 57/79 [00:01<00:00, 30.71it/s]
 77%|███████▋  | 61/79 [00:02<00:00, 30.66it/s]
 82%|████████▏ | 65/79 [00:02<00:00, 30.87it/s]
 87%|████████▋ | 69/79 [00:02<00:00, 30.91it/s]
 92%|█████████▏| 73/79 [00:02<00:00, 31.24it/s]
 97%|█████████▋| 77/79 [00:02<00:00, 31.44it/s]
100%|██████████| 79/79 [00:02<00:00, 30.60it/s]

CommRound: 10/30
Accuracy: 13.23% | Loss: 2.9782
[####################----------------------------------------] 33.3%
Elapsed: 2.7m | Avg/Round: 16.4s | Last: 15.9s | Next: 16.4s | Remaining: 5.5m
ETA: 12:07:41
Recent round times: R1: 16.1s -> R2: 16.0s -> R3: 16.0s -> R4: 15.9s -> R5: 15.9s

  0%|          | 0/79 [00:00<?, ?it/s]
  1%|▏         | 1/79 [00:00<00:09,  7.89it/s]
  6%|▋         | 5/79 [00:00<00:03, 21.71it/s]
 11%|█▏        | 9/79 [00:00<00:02, 26.18it/s]
 16%|█▋        | 13/79 [00:00<00:02, 28.16it/s]
 22%|██▏       | 17/79 [00:00<00:02, 29.20it/s]
 27%|██▋       | 21/79 [00:00<00:01, 30.05it/s]
 32%|███▏      | 25/79 [00:00<00:01, 29.53it/s]
 35%|███▌      | 28/79 [00:01<00:01, 28.62it/s]
 41%|████      | 32/79 [00:01<00:01, 28.76it/s]
 46%|████▌     | 36/79 [00:01<00:01, 28.84it/s]
 51%|█████     | 40/79 [00:01<00:01, 28.38it/s]
 56%|█████▌    | 44/79 [00:01<00:01, 28.52it/s]
 61%|██████    | 48/79 [00:01<00:01, 26.87it/s]
 66%|██████▌   | 52/79 [00:01<00:00, 27.38it/s]
 71%|███████   | 56/79 [00:02<00:00, 28.75it/s]
 76%|███████▌  | 60/79 [00:02<00:00, 28.21it/s]
 81%|████████  | 64/79 [00:02<00:00, 26.79it/s]
 86%|████████▌ | 68/79 [00:02<00:00, 27.91it/s]
 91%|█████████ | 72/79 [00:02<00:00, 28.90it/s]
 96%|█████████▌| 76/79 [00:02<00:00, 30.06it/s]
100%|██████████| 79/79 [00:02<00:00, 28.30it/s]

CommRound: 11/30
Accuracy: 14.10% | Loss: 2.9985
[######################--------------------------------------] 36.7%
Elapsed: 3.0m | Avg/Round: 16.4s | Last: 16.2s | Next: 16.4s | Remaining: 5.2m
ETA: 12:07:41
Recent round times: R1: 16.0s -> R2: 16.0s -> R3: 15.9s -> R4: 15.9s -> R5: 16.2s

  0%|          | 0/79 [00:00<?, ?it/s]
  1%|▏         | 1/79 [00:00<00:11,  6.70it/s]
  6%|▋         | 5/79 [00:00<00:03, 22.90it/s]
 11%|█▏        | 9/79 [00:00<00:02, 25.48it/s]
 15%|█▌        | 12/79 [00:00<00:02, 26.74it/s]
 20%|██        | 16/79 [00:00<00:02, 28.40it/s]
 25%|██▌       | 20/79 [00:00<00:01, 30.83it/s]
 30%|███       | 24/79 [00:00<00:01, 32.31it/s]
 35%|███▌      | 28/79 [00:00<00:01, 33.40it/s]
 41%|████      | 32/79 [00:01<00:01, 33.78it/s]
 46%|████▌     | 36/79 [00:01<00:01, 30.55it/s]
 51%|█████     | 40/79 [00:01<00:01, 31.87it/s]
 56%|█████▌    | 44/79 [00:01<00:01, 32.84it/s]
 61%|██████    | 48/79 [00:01<00:00, 31.66it/s]
 66%|██████▌   | 52/79 [00:01<00:00, 32.86it/s]
 71%|███████   | 56/79 [00:01<00:00, 33.31it/s]
 76%|███████▌  | 60/79 [00:01<00:00, 33.25it/s]
 81%|████████  | 64/79 [00:02<00:00, 31.28it/s]
 86%|████████▌ | 68/79 [00:02<00:00, 32.22it/s]
 91%|█████████ | 72/79 [00:02<00:00, 25.52it/s]
 95%|█████████▍| 75/79 [00:02<00:00, 24.98it/s]
100%|██████████| 79/79 [00:02<00:00, 29.48it/s]

CommRound: 12/30
Accuracy: 18.72% | Loss: 2.9504
[########################------------------------------------] 40.0%
Elapsed: 3.3m | Avg/Round: 16.3s | Last: 16.0s | Next: 16.3s | Remaining: 4.9m
ETA: 12:07:40
Recent round times: R1: 16.0s -> R2: 15.9s -> R3: 15.9s -> R4: 16.2s -> R5: 16.0s

  0%|          | 0/79 [00:00<?, ?it/s]
  1%|▏         | 1/79 [00:00<00:08,  8.91it/s]
  6%|▋         | 5/79 [00:00<00:03, 23.83it/s]
 10%|█         | 8/79 [00:00<00:02, 24.98it/s]
 15%|█▌        | 12/79 [00:00<00:02, 26.22it/s]
 20%|██        | 16/79 [00:00<00:02, 27.68it/s]
 25%|██▌       | 20/79 [00:00<00:02, 28.13it/s]
 30%|███       | 24/79 [00:00<00:01, 28.79it/s]
 34%|███▍      | 27/79 [00:01<00:01, 26.14it/s]
 38%|███▊      | 30/79 [00:01<00:02, 21.88it/s]
 42%|████▏     | 33/79 [00:01<00:02, 21.85it/s]
 46%|████▌     | 36/79 [00:01<00:02, 20.34it/s]
 49%|████▉     | 39/79 [00:01<00:01, 22.31it/s]
 53%|█████▎    | 42/79 [00:01<00:01, 23.26it/s]
 58%|█████▊    | 46/79 [00:01<00:01, 27.11it/s]
 63%|██████▎   | 50/79 [00:01<00:00, 29.07it/s]
 68%|██████▊   | 54/79 [00:02<00:00, 29.78it/s]
 73%|███████▎  | 58/79 [00:02<00:00, 30.21it/s]
 78%|███████▊  | 62/79 [00:02<00:00, 30.48it/s]
 84%|████████▎ | 66/79 [00:02<00:00, 30.40it/s]
 89%|████████▊ | 70/79 [00:02<00:00, 30.16it/s]
 94%|█████████▎| 74/79 [00:02<00:00, 29.89it/s]
 99%|█████████▊| 78/79 [00:02<00:00, 30.93it/s]
100%|██████████| 79/79 [00:02<00:00, 27.04it/s]

CommRound: 13/30
Accuracy: 11.73% | Loss: 3.1672
[##########################----------------------------------] 43.3%
Elapsed: 3.5m | Avg/Round: 16.3s | Last: 16.4s | Next: 16.3s | Remaining: 4.6m
ETA: 12:07:40
Recent round times: R1: 15.9s -> R2: 15.9s -> R3: 16.2s -> R4: 16.0s -> R5: 16.4s

  0%|          | 0/79 [00:00<?, ?it/s]
  1%|▏         | 1/79 [00:00<00:10,  7.35it/s]
  8%|▊         | 6/79 [00:00<00:02, 24.40it/s]
 13%|█▎        | 10/79 [00:00<00:02, 27.12it/s]
 18%|█▊        | 14/79 [00:00<00:02, 28.52it/s]
 23%|██▎       | 18/79 [00:00<00:02, 29.41it/s]
 28%|██▊       | 22/79 [00:00<00:01, 29.96it/s]
 32%|███▏      | 25/79 [00:00<00:01, 29.42it/s]
 35%|███▌      | 28/79 [00:01<00:01, 28.59it/s]
 41%|████      | 32/79 [00:01<00:01, 28.88it/s]
 46%|████▌     | 36/79 [00:01<00:01, 29.49it/s]
 51%|█████     | 40/79 [00:01<00:01, 29.56it/s]
 56%|█████▌    | 44/79 [00:01<00:01, 29.95it/s]
 61%|██████    | 48/79 [00:01<00:01, 29.25it/s]
 66%|██████▌   | 52/79 [00:01<00:00, 29.32it/s]
 71%|███████   | 56/79 [00:01<00:00, 29.56it/s]
 76%|███████▌  | 60/79 [00:02<00:00, 29.50it/s]
 81%|████████  | 64/79 [00:02<00:00, 29.26it/s]
 86%|████████▌ | 68/79 [00:02<00:00, 29.64it/s]
 91%|█████████ | 72/79 [00:02<00:00, 29.72it/s]
 96%|█████████▌| 76/79 [00:02<00:00, 29.33it/s]
100%|██████████| 79/79 [00:02<00:00, 29.04it/s]

CommRound: 14/30
Accuracy: 17.32% | Loss: 2.9816
[############################--------------------------------] 46.7%
Elapsed: 3.8m | Avg/Round: 16.3s | Last: 16.1s | Next: 16.3s | Remaining: 4.4m
ETA: 12:07:39
Recent round times: R1: 15.9s -> R2: 16.2s -> R3: 16.0s -> R4: 16.4s -> R5: 16.1s

  0%|          | 0/79 [00:00<?, ?it/s]
  1%|▏         | 1/79 [00:00<00:09,  8.04it/s]
  9%|▉         | 7/79 [00:00<00:02, 32.10it/s]
 14%|█▍        | 11/79 [00:00<00:01, 35.13it/s]
 19%|█▉        | 15/79 [00:00<00:01, 35.61it/s]
 24%|██▍       | 19/79 [00:00<00:01, 36.33it/s]
 29%|██▉       | 23/79 [00:00<00:01, 37.14it/s]
 34%|███▍      | 27/79 [00:00<00:01, 37.36it/s]
 39%|███▉      | 31/79 [00:00<00:01, 37.01it/s]
 44%|████▍     | 35/79 [00:00<00:01, 37.63it/s]
 51%|█████     | 40/79 [00:01<00:01, 36.26it/s]
 56%|█████▌    | 44/79 [00:01<00:00, 37.10it/s]
 62%|██████▏   | 49/79 [00:01<00:00, 40.52it/s]
 68%|██████▊   | 54/79 [00:01<00:00, 38.51it/s]
 75%|███████▍  | 59/79 [00:01<00:00, 41.51it/s]
 81%|████████  | 64/79 [00:01<00:00, 37.80it/s]
 86%|████████▌ | 68/79 [00:01<00:00, 38.33it/s]
 92%|█████████▏| 73/79 [00:01<00:00, 41.35it/s]
 99%|█████████▊| 78/79 [00:02<00:00, 38.71it/s]
100%|██████████| 79/79 [00:02<00:00, 37.30it/s]

CommRound: 15/30
Accuracy: 16.57% | Loss: 3.0175
[##############################------------------------------] 50.0%
Elapsed: 4.1m | Avg/Round: 16.3s | Last: 15.9s | Next: 16.3s | Remaining: 4.1m
ETA: 12:07:39
Recent round times: R1: 16.2s -> R2: 16.0s -> R3: 16.4s -> R4: 16.1s -> R5: 15.9s

  0%|          | 0/79 [00:00<?, ?it/s]
  1%|▏         | 1/79 [00:00<00:21,  3.63it/s]
  4%|▍         | 3/79 [00:00<00:09,  7.83it/s]
  9%|▉         | 7/79 [00:00<00:04, 14.60it/s]
 11%|█▏        | 9/79 [00:00<00:04, 14.24it/s]
 14%|█▍        | 11/79 [00:01<00:06, 11.13it/s]
 16%|█▋        | 13/79 [00:01<00:05, 12.02it/s]
 19%|█▉        | 15/79 [00:01<00:05, 11.95it/s]
 23%|██▎       | 18/79 [00:01<00:04, 14.86it/s]
 25%|██▌       | 20/79 [00:01<00:04, 13.99it/s]
 28%|██▊       | 22/79 [00:01<00:04, 12.98it/s]
 30%|███       | 24/79 [00:01<00:03, 14.25it/s]
 33%|███▎      | 26/79 [00:02<00:03, 13.95it/s]
 37%|███▋      | 29/79 [00:02<00:03, 16.05it/s]
 41%|████      | 32/79 [00:02<00:02, 17.43it/s]
 43%|████▎     | 34/79 [00:02<00:02, 17.92it/s]
 46%|████▌     | 36/79 [00:02<00:02, 14.79it/s]
 51%|█████     | 40/79 [00:02<00:01, 19.86it/s]
 54%|█████▍    | 43/79 [00:02<00:01, 21.79it/s]
 58%|█████▊    | 46/79 [00:03<00:02, 14.78it/s]
 65%|██████▍   | 51/79 [00:03<00:01, 20.42it/s]
 68%|██████▊   | 54/79 [00:03<00:01, 17.42it/s]
 72%|███████▏  | 57/79 [00:03<00:01, 14.30it/s]
 77%|███████▋  | 61/79 [00:04<00:01, 17.11it/s]
 81%|████████  | 64/79 [00:04<00:01, 13.08it/s]
 84%|████████▎ | 66/79 [00:04<00:01, 12.60it/s]
 89%|████████▊ | 70/79 [00:04<00:00, 16.09it/s]
 92%|█████████▏| 73/79 [00:04<00:00, 17.70it/s]
 96%|█████████▌| 76/79 [00:04<00:00, 19.13it/s]
100%|██████████| 79/79 [00:05<00:00, 15.62it/s]

CommRound: 16/30
Accuracy: 13.06% | Loss: 3.1977
[################################----------------------------] 53.3%
Elapsed: 4.4m | Avg/Round: 16.4s | Last: 18.5s | Next: 16.4s | Remaining: 3.8m
ETA: 12:07:43
Recent round times: R1: 16.0s -> R2: 16.4s -> R3: 16.1s -> R4: 15.9s -> R5: 18.5s

  0%|          | 0/79 [00:00<?, ?it/s]
  1%|▏         | 1/79 [00:00<00:16,  4.81it/s]
  6%|▋         | 5/79 [00:00<00:05, 14.28it/s]
  9%|▉         | 7/79 [00:00<00:04, 15.38it/s]
 11%|█▏        | 9/79 [00:00<00:04, 15.95it/s]
 14%|█▍        | 11/79 [00:00<00:04, 13.70it/s]
 20%|██        | 16/79 [00:00<00:02, 21.39it/s]
 24%|██▍       | 19/79 [00:01<00:03, 19.24it/s]
 28%|██▊       | 22/79 [00:01<00:02, 19.43it/s]
 32%|███▏      | 25/79 [00:01<00:03, 16.28it/s]
 37%|███▋      | 29/79 [00:01<00:02, 20.57it/s]
 41%|████      | 32/79 [00:02<00:03, 14.25it/s]
 43%|████▎     | 34/79 [00:02<00:03, 12.84it/s]
 48%|████▊     | 38/79 [00:02<00:02, 17.14it/s]
 52%|█████▏    | 41/79 [00:02<00:02, 17.53it/s]
 56%|█████▌    | 44/79 [00:02<00:01, 19.60it/s]
 59%|█████▉    | 47/79 [00:02<00:01, 18.39it/s]
 63%|██████▎   | 50/79 [00:03<00:01, 14.69it/s]
 68%|██████▊   | 54/79 [00:03<00:01, 18.70it/s]
 72%|███████▏  | 57/79 [00:03<00:01, 15.95it/s]
 75%|███████▍  | 59/79 [00:03<00:01, 16.29it/s]
 80%|███████▉  | 63/79 [00:03<00:00, 17.98it/s]
 82%|████████▏ | 65/79 [00:03<00:00, 18.01it/s]
 87%|████████▋ | 69/79 [00:03<00:00, 22.41it/s]
 91%|█████████ | 72/79 [00:04<00:00, 23.75it/s]
 95%|█████████▍| 75/79 [00:04<00:00, 20.29it/s]
100%|██████████| 79/79 [00:04<00:00, 23.99it/s]
100%|██████████| 79/79 [00:04<00:00, 17.92it/s]

CommRound: 17/30
Accuracy: 14.95% | Loss: 3.1203
[##################################--------------------------] 56.7%
Elapsed: 4.7m | Avg/Round: 16.5s | Last: 17.8s | Next: 16.5s | Remaining: 3.6m
ETA: 12:07:45
Recent round times: R1: 16.4s -> R2: 16.1s -> R3: 15.9s -> R4: 18.5s -> R5: 17.8s

  0%|          | 0/79 [00:00<?, ?it/s]
  1%|▏         | 1/79 [00:00<00:11,  6.80it/s]
  5%|▌         | 4/79 [00:00<00:04, 18.06it/s]
  9%|▉         | 7/79 [00:00<00:03, 19.61it/s]
 13%|█▎        | 10/79 [00:00<00:03, 20.03it/s]
 16%|█▋        | 13/79 [00:00<00:03, 19.53it/s]
 19%|█▉        | 15/79 [00:00<00:03, 19.40it/s]
 22%|██▏       | 17/79 [00:00<00:03, 17.74it/s]
 24%|██▍       | 19/79 [00:01<00:04, 13.62it/s]
 27%|██▋       | 21/79 [00:01<00:04, 14.50it/s]
 32%|███▏      | 25/79 [00:01<00:03, 17.74it/s]
 34%|███▍      | 27/79 [00:01<00:03, 15.54it/s]
 37%|███▋      | 29/79 [00:01<00:04, 12.12it/s]
 43%|████▎     | 34/79 [00:02<00:02, 17.28it/s]
 46%|████▌     | 36/79 [00:02<00:02, 17.54it/s]
 48%|████▊     | 38/79 [00:02<00:02, 16.93it/s]
 53%|█████▎    | 42/79 [00:02<00:01, 19.16it/s]
 56%|█████▌    | 44/79 [00:02<00:01, 18.83it/s]
 58%|█████▊    | 46/79 [00:02<00:01, 18.66it/s]
 61%|██████    | 48/79 [00:02<00:01, 18.58it/s]
 66%|██████▌   | 52/79 [00:02<00:01, 19.27it/s]
 70%|██████▉   | 55/79 [00:03<00:01, 21.56it/s]
 73%|███████▎  | 58/79 [00:03<00:00, 21.44it/s]
 77%|███████▋  | 61/79 [00:03<00:00, 18.18it/s]
 84%|████████▎ | 66/79 [00:03<00:00, 22.37it/s]
 89%|████████▊ | 70/79 [00:03<00:00, 24.48it/s]
 94%|█████████▎| 74/79 [00:03<00:00, 25.45it/s]
 97%|█████████▋| 77/79 [00:03<00:00, 25.98it/s]
100%|██████████| 79/79 [00:04<00:00, 19.48it/s]

CommRound: 18/30
Accuracy: 17.57% | Loss: 3.0182
[####################################------------------------] 60.0%
Elapsed: 5.0m | Avg/Round: 16.6s | Last: 17.5s | Next: 16.6s | Remaining: 3.3m
ETA: 12:07:47
Recent round times: R1: 16.1s -> R2: 15.9s -> R3: 18.5s -> R4: 17.8s -> R5: 17.5s

  0%|          | 0/79 [00:00<?, ?it/s]
  1%|▏         | 1/79 [00:00<00:14,  5.36it/s]
  4%|▍         | 3/79 [00:00<00:06, 11.03it/s]
  6%|▋         | 5/79 [00:00<00:05, 12.59it/s]
  9%|▉         | 7/79 [00:00<00:07,  9.72it/s]
 13%|█▎        | 10/79 [00:00<00:06, 10.70it/s]
 15%|█▌        | 12/79 [00:01<00:06, 10.24it/s]
 20%|██        | 16/79 [00:01<00:04, 15.51it/s]
 23%|██▎       | 18/79 [00:01<00:03, 16.26it/s]
 25%|██▌       | 20/79 [00:01<00:03, 16.56it/s]
 29%|██▉       | 23/79 [00:01<00:02, 19.60it/s]
 33%|███▎      | 26/79 [00:01<00:02, 19.35it/s]
 37%|███▋      | 29/79 [00:01<00:02, 21.69it/s]
 41%|████      | 32/79 [00:02<00:02, 21.09it/s]
 44%|████▍     | 35/79 [00:02<00:02, 21.04it/s]
 48%|████▊     | 38/79 [00:02<00:02, 18.52it/s]
 52%|█████▏    | 41/79 [00:02<00:02, 18.28it/s]
 57%|█████▋    | 45/79 [00:02<00:01, 22.05it/s]
 61%|██████    | 48/79 [00:02<00:01, 23.11it/s]
 65%|██████▍   | 51/79 [00:02<00:01, 22.09it/s]
 68%|██████▊   | 54/79 [00:03<00:01, 17.43it/s]
 71%|███████   | 56/79 [00:03<00:01, 16.93it/s]
 75%|███████▍  | 59/79 [00:03<00:01, 18.54it/s]
 80%|███████▉  | 63/79 [00:03<00:00, 20.37it/s]
 84%|████████▎ | 66/79 [00:03<00:00, 21.77it/s]
 87%|████████▋ | 69/79 [00:04<00:00, 16.26it/s]
 91%|█████████ | 72/79 [00:04<00:00, 15.88it/s]
 97%|█████████▋| 77/79 [00:04<00:00, 20.99it/s]
100%|██████████| 79/79 [00:04<00:00, 17.94it/s]

CommRound: 19/30
Accuracy: 18.16% | Loss: 3.0020
[######################################----------------------] 63.3%
Elapsed: 5.3m | Avg/Round: 16.6s | Last: 17.6s | Next: 16.6s | Remaining: 3.0m
ETA: 12:07:48
Recent round times: R1: 15.9s -> R2: 18.5s -> R3: 17.8s -> R4: 17.5s -> R5: 17.6s

  0%|          | 0/79 [00:00<?, ?it/s]
  1%|▏         | 1/79 [00:00<00:11,  6.54it/s]
  4%|▍         | 3/79 [00:00<00:10,  7.38it/s]
  6%|▋         | 5/79 [00:00<00:08,  8.45it/s]
  9%|▉         | 7/79 [00:00<00:07,  9.75it/s]
 14%|█▍        | 11/79 [00:00<00:04, 15.74it/s]
 16%|█▋        | 13/79 [00:01<00:06,  9.53it/s]
 22%|██▏       | 17/79 [00:01<00:04, 14.19it/s]
 25%|██▌       | 20/79 [00:01<00:03, 16.37it/s]
 29%|██▉       | 23/79 [00:01<00:03, 15.35it/s]
 34%|███▍      | 27/79 [00:02<00:03, 14.24it/s]
 39%|███▉      | 31/79 [00:02<00:02, 18.32it/s]
 43%|████▎     | 34/79 [00:02<00:02, 19.67it/s]
 47%|████▋     | 37/79 [00:02<00:02, 20.66it/s]
 51%|█████     | 40/79 [00:02<00:02, 17.78it/s]
 54%|█████▍    | 43/79 [00:02<00:01, 20.12it/s]
 58%|█████▊    | 46/79 [00:02<00:01, 22.21it/s]
 62%|██████▏   | 49/79 [00:03<00:01, 22.26it/s]
 66%|██████▌   | 52/79 [00:03<00:01, 22.39it/s]
 70%|██████▉   | 55/79 [00:03<00:01, 20.13it/s]
 73%|███████▎  | 58/79 [00:03<00:00, 21.65it/s]
 77%|███████▋  | 61/79 [00:03<00:00, 21.45it/s]
 81%|████████  | 64/79 [00:03<00:00, 19.51it/s]
 85%|████████▍ | 67/79 [00:03<00:00, 19.84it/s]
 89%|████████▊ | 70/79 [00:04<00:00, 16.81it/s]
 94%|█████████▎| 74/79 [00:04<00:00, 20.81it/s]
 97%|█████████▋| 77/79 [00:04<00:00, 21.15it/s]
100%|██████████| 79/79 [00:04<00:00, 17.70it/s]

CommRound: 20/30
Accuracy: 14.53% | Loss: 3.2250
[########################################--------------------] 66.7%
Elapsed: 5.6m | Avg/Round: 16.7s | Last: 17.8s | Next: 16.7s | Remaining: 2.8m
ETA: 12:07:50
Recent round times: R1: 18.5s -> R2: 17.8s -> R3: 17.5s -> R4: 17.6s -> R5: 17.8s

  0%|          | 0/79 [00:00<?, ?it/s]
  1%|▏         | 1/79 [00:00<00:14,  5.26it/s]
  6%|▋         | 5/79 [00:00<00:04, 16.30it/s]
 10%|█         | 8/79 [00:00<00:03, 18.35it/s]
 13%|█▎        | 10/79 [00:00<00:03, 17.55it/s]
 15%|█▌        | 12/79 [00:00<00:03, 17.23it/s]
 18%|█▊        | 14/79 [00:00<00:04, 15.24it/s]
 23%|██▎       | 18/79 [00:01<00:03, 18.62it/s]
 27%|██▋       | 21/79 [00:01<00:02, 19.98it/s]
 30%|███       | 24/79 [00:01<00:02, 18.95it/s]
 33%|███▎      | 26/79 [00:01<00:03, 16.93it/s]
 37%|███▋      | 29/79 [00:01<00:02, 19.67it/s]
 42%|████▏     | 33/79 [00:01<00:02, 22.37it/s]
 46%|████▌     | 36/79 [00:01<00:01, 23.06it/s]
 49%|████▉     | 39/79 [00:02<00:01, 23.05it/s]
 53%|█████▎    | 42/79 [00:02<00:01, 24.22it/s]
 57%|█████▋    | 45/79 [00:02<00:02, 14.99it/s]
 61%|██████    | 48/79 [00:02<00:01, 17.31it/s]
 66%|██████▌   | 52/79 [00:02<00:01, 20.49it/s]
 70%|██████▉   | 55/79 [00:02<00:01, 21.56it/s]
 73%|███████▎  | 58/79 [00:03<00:01, 18.87it/s]
 77%|███████▋  | 61/79 [00:03<00:00, 19.07it/s]
 81%|████████  | 64/79 [00:03<00:00, 21.05it/s]
 85%|████████▍ | 67/79 [00:03<00:00, 21.37it/s]
 89%|████████▊ | 70/79 [00:03<00:00, 18.61it/s]
 92%|█████████▏| 73/79 [00:03<00:00, 20.74it/s]
 96%|█████████▌| 76/79 [00:04<00:00, 17.47it/s]
100%|██████████| 79/79 [00:04<00:00, 19.74it/s]
100%|██████████| 79/79 [00:04<00:00, 19.05it/s]

CommRound: 21/30
Accuracy: 12.95% | Loss: 3.3624
[##########################################------------------] 70.0%
Elapsed: 5.9m | Avg/Round: 16.7s | Last: 17.8s | Next: 16.7s | Remaining: 2.5m
ETA: 12:07:52
Recent round times: R1: 17.8s -> R2: 17.5s -> R3: 17.6s -> R4: 17.8s -> R5: 17.8s

  0%|          | 0/79 [00:00<?, ?it/s]
  1%|▏         | 1/79 [00:00<00:11,  6.81it/s]
  4%|▍         | 3/79 [00:00<00:05, 13.15it/s]
  8%|▊         | 6/79 [00:00<00:04, 15.93it/s]
 10%|█         | 8/79 [00:00<00:05, 14.01it/s]
 13%|█▎        | 10/79 [00:00<00:05, 12.96it/s]
 15%|█▌        | 12/79 [00:00<00:05, 12.20it/s]
 18%|█▊        | 14/79 [00:01<00:05, 11.81it/s]
 23%|██▎       | 18/79 [00:01<00:03, 17.01it/s]
 27%|██▋       | 21/79 [00:01<00:03, 18.94it/s]
 30%|███       | 24/79 [00:01<00:03, 18.15it/s]
 34%|███▍      | 27/79 [00:01<00:02, 18.28it/s]
 38%|███▊      | 30/79 [00:01<00:02, 18.23it/s]
 41%|████      | 32/79 [00:01<00:02, 17.92it/s]
 43%|████▎     | 34/79 [00:02<00:02, 15.90it/s]
 46%|████▌     | 36/79 [00:02<00:02, 15.82it/s]
 49%|████▉     | 39/79 [00:02<00:02, 18.70it/s]
 52%|█████▏    | 41/79 [00:02<00:03, 12.57it/s]
 56%|█████▌    | 44/79 [00:02<00:02, 15.01it/s]
 58%|█████▊    | 46/79 [00:02<00:02, 14.80it/s]
 61%|██████    | 48/79 [00:03<00:02, 14.69it/s]
 63%|██████▎   | 50/79 [00:03<00:02, 14.23it/s]
 67%|██████▋   | 53/79 [00:03<00:01, 16.36it/s]
 71%|███████   | 56/79 [00:03<00:01, 19.19it/s]
 75%|███████▍  | 59/79 [00:03<00:00, 20.01it/s]
 78%|███████▊  | 62/79 [00:03<00:00, 20.36it/s]
 84%|████████▎ | 66/79 [00:03<00:00, 23.98it/s]
 87%|████████▋ | 69/79 [00:04<00:00, 21.77it/s]
 92%|█████████▏| 73/79 [00:04<00:00, 25.36it/s]
 96%|█████████▌| 76/79 [00:04<00:00, 20.79it/s]
100%|██████████| 79/79 [00:04<00:00, 17.56it/s]

CommRound: 22/30
Accuracy: 16.27% | Loss: 3.1471
[############################################----------------] 73.3%
Elapsed: 6.2m | Avg/Round: 16.8s | Last: 17.9s | Next: 16.8s | Remaining: 2.2m
ETA: 12:07:53
Recent round times: R1: 17.5s -> R2: 17.6s -> R3: 17.8s -> R4: 17.8s -> R5: 17.9s

  0%|          | 0/79 [00:00<?, ?it/s]
  1%|▏         | 1/79 [00:00<00:12,  6.47it/s]
  4%|▍         | 3/79 [00:00<00:06, 12.16it/s]
  6%|▋         | 5/79 [00:00<00:06, 11.27it/s]
  9%|▉         | 7/79 [00:00<00:06, 10.54it/s]
 11%|█▏        | 9/79 [00:00<00:06, 10.35it/s]
 14%|█▍        | 11/79 [00:01<00:06,  9.77it/s]
 18%|█▊        | 14/79 [00:01<00:04, 13.52it/s]
 20%|██        | 16/79 [00:01<00:05, 12.35it/s]
 23%|██▎       | 18/79 [00:01<00:05, 11.83it/s]
 27%|██▋       | 21/79 [00:01<00:04, 11.94it/s]
 29%|██▉       | 23/79 [00:02<00:05, 10.32it/s]
 32%|███▏      | 25/79 [00:02<00:04, 11.59it/s]
 34%|███▍      | 27/79 [00:02<00:04, 10.92it/s]
 37%|███▋      | 29/79 [00:02<00:05,  9.02it/s]
 42%|████▏     | 33/79 [00:02<00:04, 11.44it/s]
 46%|████▌     | 36/79 [00:03<00:03, 13.60it/s]
 48%|████▊     | 38/79 [00:03<00:02, 14.35it/s]
 53%|█████▎    | 42/79 [00:03<00:02, 14.88it/s]
 56%|█████▌    | 44/79 [00:03<00:02, 13.59it/s]
 58%|█████▊    | 46/79 [00:03<00:02, 12.69it/s]
 61%|██████    | 48/79 [00:03<00:02, 13.25it/s]
 63%|██████▎   | 50/79 [00:04<00:02, 12.56it/s]
 66%|██████▌   | 52/79 [00:04<00:02, 11.91it/s]
 68%|██████▊   | 54/79 [00:04<00:02, 11.60it/s]
 71%|███████   | 56/79 [00:04<00:01, 12.18it/s]
 73%|███████▎  | 58/79 [00:04<00:01, 12.32it/s]
 76%|███████▌  | 60/79 [00:04<00:01, 12.59it/s]
 78%|███████▊  | 62/79 [00:05<00:01, 12.44it/s]
 81%|████████  | 64/79 [00:05<00:01, 12.22it/s]
 84%|████████▎ | 66/79 [00:05<00:01, 10.87it/s]
 89%|████████▊ | 70/79 [00:05<00:00, 13.41it/s]
 91%|█████████ | 72/79 [00:05<00:00, 13.53it/s]
 96%|█████████▌| 76/79 [00:06<00:00, 15.78it/s]
100%|██████████| 79/79 [00:06<00:00, 12.70it/s]

CommRound: 23/30
Accuracy: 16.42% | Loss: 3.1748
[##############################################--------------] 76.7%
Elapsed: 6.5m | Avg/Round: 16.9s | Last: 19.5s | Next: 16.9s | Remaining: 2.0m
ETA: 12:07:57
Recent round times: R1: 17.6s -> R2: 17.8s -> R3: 17.8s -> R4: 17.9s -> R5: 19.5s

  0%|          | 0/79 [00:00<?, ?it/s]
  1%|▏         | 1/79 [00:00<00:12,  6.19it/s]
  6%|▋         | 5/79 [00:00<00:03, 20.39it/s]
 11%|█▏        | 9/79 [00:00<00:02, 23.43it/s]
 16%|█▋        | 13/79 [00:00<00:02, 26.15it/s]
 22%|██▏       | 17/79 [00:00<00:02, 27.85it/s]
 25%|██▌       | 20/79 [00:00<00:02, 28.26it/s]
 30%|███       | 24/79 [00:00<00:01, 30.85it/s]
 35%|███▌      | 28/79 [00:01<00:01, 29.18it/s]
 41%|████      | 32/79 [00:01<00:01, 30.11it/s]
 46%|████▌     | 36/79 [00:01<00:01, 30.74it/s]
 51%|█████     | 40/79 [00:01<00:01, 31.06it/s]
 56%|█████▌    | 44/79 [00:01<00:01, 31.59it/s]
 61%|██████    | 48/79 [00:01<00:00, 31.49it/s]
 66%|██████▌   | 52/79 [00:01<00:00, 31.46it/s]
 71%|███████   | 56/79 [00:01<00:00, 31.91it/s]
 76%|███████▌  | 60/79 [00:02<00:00, 32.00it/s]
 81%|████████  | 64/79 [00:02<00:00, 28.73it/s]
 85%|████████▍ | 67/79 [00:02<00:00, 28.77it/s]
 89%|████████▊ | 70/79 [00:02<00:00, 26.97it/s]
 92%|█████████▏| 73/79 [00:02<00:00, 24.26it/s]
 96%|█████████▌| 76/79 [00:02<00:00, 24.53it/s]
100%|██████████| 79/79 [00:02<00:00, 27.91it/s]

CommRound: 24/30
Accuracy: 18.00% | Loss: 3.1687
[################################################------------] 80.0%
Elapsed: 6.7m | Avg/Round: 16.9s | Last: 16.2s | Next: 16.9s | Remaining: 1.7m
ETA: 12:07:56
Recent round times: R1: 17.8s -> R2: 17.8s -> R3: 17.9s -> R4: 19.5s -> R5: 16.2s

  0%|          | 0/79 [00:00<?, ?it/s]
  1%|▏         | 1/79 [00:00<00:12,  6.03it/s]
  5%|▌         | 4/79 [00:00<00:04, 16.10it/s]
  8%|▊         | 6/79 [00:00<00:04, 17.45it/s]
 11%|█▏        | 9/79 [00:00<00:03, 19.42it/s]
 16%|█▋        | 13/79 [00:00<00:02, 22.26it/s]
 20%|██        | 16/79 [00:00<00:02, 24.25it/s]
 24%|██▍       | 19/79 [00:00<00:02, 23.40it/s]
 29%|██▉       | 23/79 [00:01<00:02, 25.03it/s]
 33%|███▎      | 26/79 [00:01<00:02, 22.95it/s]
 38%|███▊      | 30/79 [00:01<00:01, 25.30it/s]
 42%|████▏     | 33/79 [00:01<00:01, 26.02it/s]
 47%|████▋     | 37/79 [00:01<00:01, 28.49it/s]
 51%|█████     | 40/79 [00:01<00:01, 28.72it/s]
 54%|█████▍    | 43/79 [00:01<00:01, 29.03it/s]
 59%|█████▉    | 47/79 [00:01<00:01, 28.75it/s]
 63%|██████▎   | 50/79 [00:02<00:01, 28.75it/s]
 67%|██████▋   | 53/79 [00:02<00:00, 27.75it/s]
 71%|███████   | 56/79 [00:02<00:00, 28.22it/s]
 76%|███████▌  | 60/79 [00:02<00:00, 27.85it/s]
 80%|███████▉  | 63/79 [00:02<00:00, 27.36it/s]
 84%|████████▎ | 66/79 [00:02<00:00, 27.39it/s]
 87%|████████▋ | 69/79 [00:02<00:00, 25.96it/s]
 91%|█████████ | 72/79 [00:02<00:00, 25.95it/s]
 95%|█████████▍| 75/79 [00:02<00:00, 26.07it/s]
100%|██████████| 79/79 [00:03<00:00, 29.25it/s]
100%|██████████| 79/79 [00:03<00:00, 25.61it/s]

CommRound: 25/30
Accuracy: 14.44% | Loss: 3.4810
[##################################################----------] 83.3%
Elapsed: 7.0m | Avg/Round: 16.9s | Last: 16.5s | Next: 16.9s | Remaining: 1.4m
ETA: 12:07:55
Recent round times: R1: 17.8s -> R2: 17.9s -> R3: 19.5s -> R4: 16.2s -> R5: 16.5s

  0%|          | 0/79 [00:00<?, ?it/s]
  1%|▏         | 1/79 [00:00<00:15,  5.17it/s]
  8%|▊         | 6/79 [00:00<00:03, 22.73it/s]
 11%|█▏        | 9/79 [00:00<00:03, 20.80it/s]
 15%|█▌        | 12/79 [00:00<00:03, 19.43it/s]
 19%|█▉        | 15/79 [00:00<00:03, 19.72it/s]
 23%|██▎       | 18/79 [00:00<00:03, 19.33it/s]
 28%|██▊       | 22/79 [00:01<00:02, 20.22it/s]
 32%|███▏      | 25/79 [00:01<00:02, 21.88it/s]
 35%|███▌      | 28/79 [00:01<00:02, 19.98it/s]
 39%|███▉      | 31/79 [00:01<00:02, 21.83it/s]
 43%|████▎     | 34/79 [00:01<00:02, 19.42it/s]
 48%|████▊     | 38/79 [00:01<00:02, 20.07it/s]
 53%|█████▎    | 42/79 [00:02<00:01, 20.62it/s]
 58%|█████▊    | 46/79 [00:02<00:01, 23.19it/s]
 62%|██████▏   | 49/79 [00:02<00:01, 21.41it/s]
 66%|██████▌   | 52/79 [00:02<00:01, 22.77it/s]
 70%|██████▉   | 55/79 [00:02<00:01, 21.53it/s]
 73%|███████▎  | 58/79 [00:02<00:01, 18.98it/s]
 77%|███████▋  | 61/79 [00:02<00:00, 21.10it/s]
 81%|████████  | 64/79 [00:03<00:00, 19.10it/s]
 86%|████████▌ | 68/79 [00:03<00:00, 19.35it/s]
 90%|████████▉ | 71/79 [00:03<00:00, 21.40it/s]
 94%|█████████▎| 74/79 [00:03<00:00, 19.46it/s]
 99%|█████████▊| 78/79 [00:03<00:00, 21.94it/s]
100%|██████████| 79/79 [00:03<00:00, 20.61it/s]

CommRound: 26/30
Accuracy: 15.80% | Loss: 3.3442
[####################################################--------] 86.7%
Elapsed: 7.3m | Avg/Round: 16.9s | Last: 17.2s | Next: 16.9s | Remaining: 1.1m
ETA: 12:07:56
Recent round times: R1: 17.9s -> R2: 19.5s -> R3: 16.2s -> R4: 16.5s -> R5: 17.2s

  0%|          | 0/79 [00:00<?, ?it/s]
  1%|▏         | 1/79 [00:00<00:12,  6.46it/s]
  4%|▍         | 3/79 [00:00<00:08,  9.10it/s]
  6%|▋         | 5/79 [00:00<00:05, 12.50it/s]
 11%|█▏        | 9/79 [00:00<00:03, 19.97it/s]
 16%|█▋        | 13/79 [00:00<00:02, 22.38it/s]
 20%|██        | 16/79 [00:00<00:02, 22.44it/s]
 24%|██▍       | 19/79 [00:00<00:02, 22.94it/s]
 28%|██▊       | 22/79 [00:01<00:02, 23.95it/s]
 32%|███▏      | 25/79 [00:01<00:02, 23.01it/s]
 35%|███▌      | 28/79 [00:01<00:04, 12.71it/s]
 41%|████      | 32/79 [00:01<00:02, 16.33it/s]
 44%|████▍     | 35/79 [00:02<00:02, 16.55it/s]
 49%|████▉     | 39/79 [00:02<00:02, 19.61it/s]
 54%|█████▍    | 43/79 [00:02<00:01, 23.34it/s]
 58%|█████▊    | 46/79 [00:02<00:01, 23.20it/s]
 62%|██████▏   | 49/79 [00:02<00:01, 24.54it/s]
 66%|██████▌   | 52/79 [00:02<00:01, 18.90it/s]
 70%|██████▉   | 55/79 [00:02<00:01, 20.78it/s]
 75%|███████▍  | 59/79 [00:02<00:00, 24.43it/s]
 78%|███████▊  | 62/79 [00:03<00:00, 24.74it/s]
 82%|████████▏ | 65/79 [00:03<00:00, 24.32it/s]
 86%|████████▌ | 68/79 [00:03<00:00, 23.38it/s]
 90%|████████▉ | 71/79 [00:03<00:00, 22.13it/s]
 94%|█████████▎| 74/79 [00:03<00:00, 23.78it/s]
 97%|█████████▋| 77/79 [00:03<00:00, 22.06it/s]
100%|██████████| 79/79 [00:03<00:00, 20.77it/s]

CommRound: 27/30
Accuracy: 15.65% | Loss: 3.3890
[######################################################------] 90.0%
Elapsed: 7.6m | Avg/Round: 16.9s | Last: 17.2s | Next: 16.9s | Remaining: 0.8m
ETA: 12:07:56
Recent round times: R1: 19.5s -> R2: 16.2s -> R3: 16.5s -> R4: 17.2s -> R5: 17.2s

  0%|          | 0/79 [00:00<?, ?it/s]
  1%|▏         | 1/79 [00:00<00:20,  3.86it/s]
  4%|▍         | 3/79 [00:00<00:08,  9.02it/s]
  6%|▋         | 5/79 [00:00<00:06, 11.58it/s]
  9%|▉         | 7/79 [00:00<00:06, 10.46it/s]
 11%|█▏        | 9/79 [00:00<00:05, 11.69it/s]
 14%|█▍        | 11/79 [00:01<00:06,  9.82it/s]
 19%|█▉        | 15/79 [00:01<00:04, 13.82it/s]
 24%|██▍       | 19/79 [00:01<00:03, 18.45it/s]
 28%|██▊       | 22/79 [00:01<00:02, 20.02it/s]
 32%|███▏      | 25/79 [00:01<00:02, 20.03it/s]
 35%|███▌      | 28/79 [00:01<00:02, 20.33it/s]
 41%|████      | 32/79 [00:02<00:02, 20.77it/s]
 46%|████▌     | 36/79 [00:02<00:01, 22.23it/s]
 51%|█████     | 40/79 [00:02<00:01, 24.75it/s]
 54%|█████▍    | 43/79 [00:02<00:01, 24.68it/s]
 58%|█████▊    | 46/79 [00:02<00:01, 25.14it/s]
 62%|██████▏   | 49/79 [00:02<00:01, 24.70it/s]
 66%|██████▌   | 52/79 [00:02<00:01, 24.61it/s]
 70%|██████▉   | 55/79 [00:02<00:00, 24.16it/s]
 73%|███████▎  | 58/79 [00:03<00:01, 19.02it/s]
 77%|███████▋  | 61/79 [00:03<00:00, 20.49it/s]
 81%|████████  | 64/79 [00:03<00:00, 19.50it/s]
 86%|████████▌ | 68/79 [00:03<00:00, 22.76it/s]
 90%|████████▉ | 71/79 [00:03<00:00, 14.58it/s]
 96%|█████████▌| 76/79 [00:04<00:00, 19.49it/s]
100%|██████████| 79/79 [00:04<00:00, 20.78it/s]
100%|██████████| 79/79 [00:04<00:00, 18.71it/s]

CommRound: 28/30
Accuracy: 17.62% | Loss: 3.0474
[########################################################----] 93.3%
Elapsed: 7.9m | Avg/Round: 16.9s | Last: 18.1s | Next: 16.9s | Remaining: 0.6m
ETA: 12:07:58
Recent round times: R1: 16.2s -> R2: 16.5s -> R3: 17.2s -> R4: 17.2s -> R5: 18.1s

  0%|          | 0/79 [00:00<?, ?it/s]
  1%|▏         | 1/79 [00:00<00:21,  3.64it/s]
  8%|▊         | 6/79 [00:00<00:06, 12.14it/s]
 10%|█         | 8/79 [00:00<00:06, 10.30it/s]
 13%|█▎        | 10/79 [00:01<00:07,  9.41it/s]
 14%|█▍        | 11/79 [00:01<00:07,  9.21it/s]
 20%|██        | 16/79 [00:01<00:03, 16.61it/s]
 24%|██▍       | 19/79 [00:01<00:06,  9.67it/s]
 27%|██▋       | 21/79 [00:02<00:05, 10.18it/s]
 29%|██▉       | 23/79 [00:02<00:05,  9.87it/s]
 32%|███▏      | 25/79 [00:02<00:05, 10.25it/s]
 35%|███▌      | 28/79 [00:02<00:04, 11.23it/s]
 43%|████▎     | 34/79 [00:02<00:02, 18.53it/s]
 47%|████▋     | 37/79 [00:03<00:02, 15.25it/s]
 49%|████▉     | 39/79 [00:03<00:02, 14.81it/s]
 54%|█████▍    | 43/79 [00:03<00:01, 18.35it/s]
 59%|█████▉    | 47/79 [00:03<00:01, 20.10it/s]
 65%|██████▍   | 51/79 [00:03<00:01, 20.45it/s]
 68%|██████▊   | 54/79 [00:03<00:01, 21.24it/s]
 72%|███████▏  | 57/79 [00:04<00:01, 18.24it/s]
 78%|███████▊  | 62/79 [00:04<00:00, 22.15it/s]
 82%|████████▏ | 65/79 [00:04<00:00, 23.09it/s]
 86%|████████▌ | 68/79 [00:04<00:00, 23.23it/s]
 90%|████████▉ | 71/79 [00:04<00:00, 23.28it/s]
 95%|█████████▍| 75/79 [00:04<00:00, 23.46it/s]
 99%|█████████▊| 78/79 [00:04<00:00, 22.17it/s]
100%|██████████| 79/79 [00:04<00:00, 16.06it/s]

CommRound: 29/30
Accuracy: 16.58% | Loss: 3.2963
[##########################################################--] 96.7%
Elapsed: 8.2m | Avg/Round: 17.0s | Last: 18.2s | Next: 17.0s | Remaining: 0.3m
ETA: 12:07:59
Recent round times: R1: 16.5s -> R2: 17.2s -> R3: 17.2s -> R4: 18.1s -> R5: 18.2s

  0%|          | 0/79 [00:00<?, ?it/s]
  1%|▏         | 1/79 [00:00<00:12,  6.37it/s]
  4%|▍         | 3/79 [00:00<00:06, 12.54it/s]
  8%|▊         | 6/79 [00:00<00:04, 18.02it/s]
 11%|█▏        | 9/79 [00:00<00:03, 21.01it/s]
 16%|█▋        | 13/79 [00:00<00:03, 16.75it/s]
 19%|█▉        | 15/79 [00:01<00:06, 10.28it/s]
 23%|██▎       | 18/79 [00:01<00:04, 12.46it/s]
 25%|██▌       | 20/79 [00:01<00:05, 10.19it/s]
 29%|██▉       | 23/79 [00:01<00:04, 12.12it/s]
 33%|███▎      | 26/79 [00:02<00:04, 12.94it/s]
 37%|███▋      | 29/79 [00:02<00:03, 14.95it/s]
 41%|████      | 32/79 [00:02<00:02, 17.02it/s]
 44%|████▍     | 35/79 [00:02<00:02, 19.46it/s]
 48%|████▊     | 38/79 [00:02<00:01, 21.03it/s]
 52%|█████▏    | 41/79 [00:02<00:02, 17.95it/s]
 57%|█████▋    | 45/79 [00:03<00:02, 16.15it/s]
 59%|█████▉    | 47/79 [00:03<00:02, 14.04it/s]
 66%|██████▌   | 52/79 [00:03<00:01, 19.61it/s]
 70%|██████▉   | 55/79 [00:03<00:01, 20.01it/s]
 73%|███████▎  | 58/79 [00:03<00:00, 21.72it/s]
 77%|███████▋  | 61/79 [00:03<00:01, 17.60it/s]
 82%|████████▏ | 65/79 [00:03<00:00, 21.19it/s]
 86%|████████▌ | 68/79 [00:04<00:00, 23.00it/s]
 90%|████████▉ | 71/79 [00:04<00:00, 23.14it/s]
 94%|█████████▎| 74/79 [00:04<00:00, 23.89it/s]
 97%|█████████▋| 77/79 [00:04<00:00, 24.03it/s]
100%|██████████| 79/79 [00:04<00:00, 17.63it/s]

CommRound: 30/30
Accuracy: 16.57% | Loss: 3.3385
[############################################################] 100.0%
Elapsed: 8.5m | Avg/Round: 17.0s | Last: 18.2s | Next: 17.0s | Remaining: 0.0m
ETA: 12:08:00
Recent round times: R1: 17.2s -> R2: 17.2s -> R3: 18.1s -> R4: 18.2s -> R5: 18.2s
Total time for experiment: 510.24863862991333 seconds
Device average training time per communication round [s]:
    rpi (sld-rpi-09.ece.utexas.edu): 9.80 seconds
    mc1 (sld-mc1-09.ece.utexas.edu): 12.42 seconds
