
  0%|          | 0/79 [00:00<?, ?it/s]
  4%|▍         | 3/79 [00:00<00:03, 23.88it/s]
 10%|█         | 8/79 [00:00<00:01, 36.65it/s]
 16%|█▋        | 13/79 [00:00<00:01, 38.02it/s]
 23%|██▎       | 18/79 [00:00<00:01, 39.43it/s]
 29%|██▉       | 23/79 [00:00<00:01, 41.70it/s]
 35%|███▌      | 28/79 [00:00<00:01, 39.85it/s]
 43%|████▎     | 34/79 [00:00<00:01, 40.71it/s]
 51%|█████     | 40/79 [00:01<00:00, 41.14it/s]
 58%|█████▊    | 46/79 [00:01<00:00, 41.31it/s]
 66%|██████▌   | 52/79 [00:01<00:00, 41.55it/s]
 72%|███████▏  | 57/79 [00:01<00:00, 43.46it/s]
 78%|███████▊  | 62/79 [00:01<00:00, 40.48it/s]
 85%|████████▍ | 67/79 [00:01<00:00, 42.44it/s]
 91%|█████████ | 72/79 [00:01<00:00, 40.10it/s]
 99%|█████████▊| 78/79 [00:01<00:00, 40.63it/s]
100%|██████████| 79/79 [00:01<00:00, 40.64it/s]
Initial Accuracy: 10.78%; Initial Loss: 2.3187

  0%|          | 0/79 [00:00<?, ?it/s]
  3%|▎         | 2/79 [00:00<00:03, 19.57it/s]
  9%|▉         | 7/79 [00:00<00:02, 32.23it/s]
 15%|█▌        | 12/79 [00:00<00:01, 39.33it/s]
 20%|██        | 16/79 [00:00<00:01, 39.47it/s]
 25%|██▌       | 20/79 [00:00<00:01, 39.52it/s]
 32%|███▏      | 25/79 [00:00<00:01, 38.18it/s]
 38%|███▊      | 30/79 [00:00<00:01, 40.87it/s]
 44%|████▍     | 35/79 [00:00<00:01, 39.04it/s]
 51%|█████     | 40/79 [00:01<00:00, 41.83it/s]
 57%|█████▋    | 45/79 [00:01<00:00, 39.57it/s]
 65%|██████▍   | 51/79 [00:01<00:00, 40.08it/s]
 72%|███████▏  | 57/79 [00:01<00:00, 40.34it/s]
 78%|███████▊  | 62/79 [00:01<00:00, 42.57it/s]
 85%|████████▍ | 67/79 [00:01<00:00, 39.94it/s]
 91%|█████████ | 72/79 [00:01<00:00, 42.14it/s]
 97%|█████████▋| 77/79 [00:01<00:00, 39.47it/s]
100%|██████████| 79/79 [00:01<00:00, 40.11it/s]

CommRound: 1/30
Accuracy: 39.48% | Loss: 1.8105
[##----------------------------------------------------------] 3.3%
Elapsed: 0.7m | Avg/Round: 44.8s | Last: 42.9s | Next: 44.8s | Remaining: 21.7m
ETA: 08:34:20
Recent round times: R1: 42.9s

  0%|          | 0/79 [00:00<?, ?it/s]
  1%|▏         | 1/79 [00:00<00:09,  8.31it/s]
  9%|▉         | 7/79 [00:00<00:02, 32.09it/s]
 15%|█▌        | 12/79 [00:00<00:01, 35.53it/s]
 20%|██        | 16/79 [00:00<00:01, 35.44it/s]
 25%|██▌       | 20/79 [00:00<00:01, 35.80it/s]
 30%|███       | 24/79 [00:00<00:01, 36.09it/s]
 35%|███▌      | 28/79 [00:00<00:01, 36.37it/s]
 41%|████      | 32/79 [00:00<00:01, 36.15it/s]
 46%|████▌     | 36/79 [00:01<00:01, 36.11it/s]
 51%|█████     | 40/79 [00:01<00:01, 36.04it/s]
 56%|█████▌    | 44/79 [00:01<00:00, 36.06it/s]
 61%|██████    | 48/79 [00:01<00:00, 35.98it/s]
 66%|██████▌   | 52/79 [00:01<00:00, 35.99it/s]
 71%|███████   | 56/79 [00:01<00:00, 36.05it/s]
 76%|███████▌  | 60/79 [00:01<00:00, 36.00it/s]
 81%|████████  | 64/79 [00:01<00:00, 36.06it/s]
 86%|████████▌ | 68/79 [00:01<00:00, 36.08it/s]
 91%|█████████ | 72/79 [00:02<00:00, 36.05it/s]
 96%|█████████▌| 76/79 [00:02<00:00, 35.98it/s]
100%|██████████| 79/79 [00:02<00:00, 35.76it/s]

CommRound: 2/30
Accuracy: 65.35% | Loss: 0.9297
[####--------------------------------------------------------] 6.7%
Elapsed: 1.5m | Avg/Round: 43.8s | Last: 42.8s | Next: 43.8s | Remaining: 20.5m
ETA: 08:33:51
Recent round times: R1: 42.9s -> R2: 42.8s

  0%|          | 0/79 [00:00<?, ?it/s]
  3%|▎         | 2/79 [00:00<00:03, 19.43it/s]
  9%|▉         | 7/79 [00:00<00:02, 30.31it/s]
 15%|█▌        | 12/79 [00:00<00:01, 38.08it/s]
 22%|██▏       | 17/79 [00:00<00:01, 36.49it/s]
 28%|██▊       | 22/79 [00:00<00:01, 39.41it/s]
 33%|███▎      | 26/79 [00:00<00:01, 37.99it/s]
 38%|███▊      | 30/79 [00:00<00:01, 37.00it/s]
 43%|████▎     | 34/79 [00:00<00:01, 36.68it/s]
 48%|████▊     | 38/79 [00:01<00:01, 36.44it/s]
 53%|█████▎    | 42/79 [00:01<00:01, 36.36it/s]
 58%|█████▊    | 46/79 [00:01<00:00, 36.41it/s]
 63%|██████▎   | 50/79 [00:01<00:00, 36.54it/s]
 68%|██████▊   | 54/79 [00:01<00:00, 36.69it/s]
 73%|███████▎  | 58/79 [00:01<00:00, 36.73it/s]
 78%|███████▊  | 62/79 [00:01<00:00, 36.88it/s]
 84%|████████▎ | 66/79 [00:01<00:00, 36.92it/s]
 89%|████████▊ | 70/79 [00:01<00:00, 36.76it/s]
 94%|█████████▎| 74/79 [00:02<00:00, 36.88it/s]
100%|██████████| 79/79 [00:02<00:00, 40.33it/s]
100%|██████████| 79/79 [00:02<00:00, 36.85it/s]

CommRound: 3/30
Accuracy: 75.79% | Loss: 0.7016
[######------------------------------------------------------] 10.0%
Elapsed: 2.2m | Avg/Round: 44.7s | Last: 46.5s | Next: 44.7s | Remaining: 20.1m
ETA: 08:34:17
Recent round times: R1: 42.9s -> R2: 42.8s -> R3: 46.5s

  0%|          | 0/79 [00:00<?, ?it/s]
  1%|▏         | 1/79 [00:00<00:08,  8.94it/s]
  9%|▉         | 7/79 [00:00<00:02, 29.68it/s]
 14%|█▍        | 11/79 [00:00<00:02, 32.74it/s]
 19%|█▉        | 15/79 [00:00<00:01, 34.40it/s]
 24%|██▍       | 19/79 [00:00<00:01, 35.58it/s]
 29%|██▉       | 23/79 [00:00<00:01, 36.25it/s]
 34%|███▍      | 27/79 [00:00<00:01, 37.34it/s]
 42%|████▏     | 33/79 [00:00<00:01, 39.33it/s]
 49%|████▉     | 39/79 [00:01<00:00, 40.47it/s]
 57%|█████▋    | 45/79 [00:01<00:00, 41.12it/s]
 65%|██████▍   | 51/79 [00:01<00:00, 41.47it/s]
 72%|███████▏  | 57/79 [00:01<00:00, 41.64it/s]
 80%|███████▉  | 63/79 [00:01<00:00, 41.81it/s]
 87%|████████▋ | 69/79 [00:01<00:00, 42.12it/s]
 95%|█████████▍| 75/79 [00:01<00:00, 42.32it/s]
100%|██████████| 79/79 [00:01<00:00, 39.67it/s]

CommRound: 4/30
Accuracy: 75.89% | Loss: 0.7697
[########----------------------------------------------------] 13.3%
Elapsed: 3.1m | Avg/Round: 46.0s | Last: 49.9s | Next: 46.0s | Remaining: 19.9m
ETA: 08:34:56
Recent round times: R1: 42.9s -> R2: 42.8s -> R3: 46.5s -> R4: 49.9s

  0%|          | 0/79 [00:00<?, ?it/s]
  1%|▏         | 1/79 [00:00<00:08,  9.13it/s]
  6%|▋         | 5/79 [00:00<00:02, 26.49it/s]
 11%|█▏        | 9/79 [00:00<00:02, 30.81it/s]
 16%|█▋        | 13/79 [00:00<00:01, 33.16it/s]
 22%|██▏       | 17/79 [00:00<00:01, 34.32it/s]
 27%|██▋       | 21/79 [00:00<00:01, 35.02it/s]
 32%|███▏      | 25/79 [00:00<00:01, 35.78it/s]
 37%|███▋      | 29/79 [00:00<00:01, 36.29it/s]
 42%|████▏     | 33/79 [00:00<00:01, 36.64it/s]
 47%|████▋     | 37/79 [00:01<00:01, 36.85it/s]
 52%|█████▏    | 41/79 [00:01<00:01, 36.66it/s]
 57%|█████▋    | 45/79 [00:01<00:00, 37.16it/s]
 62%|██████▏   | 49/79 [00:01<00:00, 37.34it/s]
 67%|██████▋   | 53/79 [00:01<00:00, 37.27it/s]
 72%|███████▏  | 57/79 [00:01<00:00, 36.93it/s]
 77%|███████▋  | 61/79 [00:01<00:00, 36.66it/s]
 82%|████████▏ | 65/79 [00:01<00:00, 36.46it/s]
 87%|████████▋ | 69/79 [00:01<00:00, 36.31it/s]
 92%|█████████▏| 73/79 [00:02<00:00, 36.26it/s]
 97%|█████████▋| 77/79 [00:02<00:00, 36.29it/s]
100%|██████████| 79/79 [00:02<00:00, 35.97it/s]

CommRound: 5/30
Accuracy: 80.68% | Loss: 0.6618
[##########--------------------------------------------------] 16.7%
Elapsed: 3.9m | Avg/Round: 46.4s | Last: 47.9s | Next: 46.4s | Remaining: 19.3m
ETA: 08:35:07
Recent round times: R1: 42.9s -> R2: 42.8s -> R3: 46.5s -> R4: 49.9s -> R5: 47.9s

  0%|          | 0/79 [00:00<?, ?it/s]
  3%|▎         | 2/79 [00:00<00:03, 19.49it/s]
  9%|▉         | 7/79 [00:00<00:02, 31.32it/s]
 15%|█▌        | 12/79 [00:00<00:01, 37.17it/s]
 20%|██        | 16/79 [00:00<00:01, 36.60it/s]
 25%|██▌       | 20/79 [00:00<00:01, 36.52it/s]
 30%|███       | 24/79 [00:00<00:01, 36.31it/s]
 35%|███▌      | 28/79 [00:00<00:01, 36.37it/s]
 41%|████      | 32/79 [00:00<00:01, 36.38it/s]
 46%|████▌     | 36/79 [00:01<00:01, 36.28it/s]
 51%|█████     | 40/79 [00:01<00:01, 36.19it/s]
 56%|█████▌    | 44/79 [00:01<00:00, 36.25it/s]
 61%|██████    | 48/79 [00:01<00:00, 36.23it/s]
 66%|██████▌   | 52/79 [00:01<00:00, 36.18it/s]
 71%|███████   | 56/79 [00:01<00:00, 36.28it/s]
 76%|███████▌  | 60/79 [00:01<00:00, 36.32it/s]
 81%|████████  | 64/79 [00:01<00:00, 36.33it/s]
 86%|████████▌ | 68/79 [00:01<00:00, 36.24it/s]
 91%|█████████ | 72/79 [00:02<00:00, 35.74it/s]
 96%|█████████▌| 76/79 [00:02<00:00, 35.36it/s]
100%|██████████| 79/79 [00:02<00:00, 35.93it/s]

CommRound: 6/30
Accuracy: 80.17% | Loss: 0.6409
[############------------------------------------------------] 20.0%
Elapsed: 4.6m | Avg/Round: 46.0s | Last: 43.9s | Next: 46.0s | Remaining: 18.4m
ETA: 08:34:55
Recent round times: R1: 42.8s -> R2: 46.5s -> R3: 49.9s -> R4: 47.9s -> R5: 43.9s

  0%|          | 0/79 [00:00<?, ?it/s]
  1%|▏         | 1/79 [00:00<00:08,  9.51it/s]
  9%|▉         | 7/79 [00:00<00:02, 33.60it/s]
 15%|█▌        | 12/79 [00:00<00:01, 36.89it/s]
 20%|██        | 16/79 [00:00<00:01, 37.34it/s]
 25%|██▌       | 20/79 [00:00<00:01, 37.75it/s]
 30%|███       | 24/79 [00:00<00:01, 38.23it/s]
 35%|███▌      | 28/79 [00:00<00:01, 38.45it/s]
 41%|████      | 32/79 [00:00<00:01, 38.82it/s]
 47%|████▋     | 37/79 [00:00<00:01, 41.91it/s]
 53%|█████▎    | 42/79 [00:01<00:00, 38.57it/s]
 58%|█████▊    | 46/79 [00:01<00:00, 38.74it/s]
 66%|██████▌   | 52/79 [00:01<00:00, 40.06it/s]
 73%|███████▎  | 58/79 [00:01<00:00, 41.01it/s]
 81%|████████  | 64/79 [00:01<00:00, 41.51it/s]
 89%|████████▊ | 70/79 [00:01<00:00, 42.05it/s]
 96%|█████████▌| 76/79 [00:01<00:00, 41.98it/s]
100%|██████████| 79/79 [00:01<00:00, 39.73it/s]

CommRound: 7/30
Accuracy: 80.77% | Loss: 0.6491
[##############----------------------------------------------] 23.3%
Elapsed: 5.2m | Avg/Round: 44.5s | Last: 36.0s | Next: 44.5s | Remaining: 17.1m
ETA: 08:34:12
Recent round times: R1: 46.5s -> R2: 49.9s -> R3: 47.9s -> R4: 43.9s -> R5: 36.0s

  0%|          | 0/79 [00:00<?, ?it/s]
  3%|▎         | 2/79 [00:00<00:04, 19.16it/s]
  9%|▉         | 7/79 [00:00<00:02, 30.74it/s]
 15%|█▌        | 12/79 [00:00<00:01, 37.99it/s]
 22%|██▏       | 17/79 [00:00<00:01, 36.55it/s]
 29%|██▉       | 23/79 [00:00<00:01, 38.58it/s]
 37%|███▋      | 29/79 [00:00<00:01, 39.64it/s]
 43%|████▎     | 34/79 [00:00<00:01, 42.34it/s]
 49%|████▉     | 39/79 [00:01<00:01, 39.80it/s]
 57%|█████▋    | 45/79 [00:01<00:00, 40.30it/s]
 65%|██████▍   | 51/79 [00:01<00:00, 40.75it/s]
 72%|███████▏  | 57/79 [00:01<00:00, 40.97it/s]
 80%|███████▉  | 63/79 [00:01<00:00, 41.10it/s]
 87%|████████▋ | 69/79 [00:01<00:00, 41.23it/s]
 95%|█████████▍| 75/79 [00:01<00:00, 41.29it/s]
100%|██████████| 79/79 [00:01<00:00, 40.39it/s]

CommRound: 8/30
Accuracy: 81.25% | Loss: 0.6635
[################--------------------------------------------] 26.7%
Elapsed: 5.9m | Avg/Round: 44.4s | Last: 43.1s | Next: 44.4s | Remaining: 16.3m
ETA: 08:34:07
Recent round times: R1: 49.9s -> R2: 47.9s -> R3: 43.9s -> R4: 36.0s -> R5: 43.1s

  0%|          | 0/79 [00:00<?, ?it/s]
  1%|▏         | 1/79 [00:00<00:07,  9.96it/s]
  9%|▉         | 7/79 [00:00<00:02, 32.09it/s]
 16%|█▋        | 13/79 [00:00<00:01, 36.76it/s]
 23%|██▎       | 18/79 [00:00<00:01, 41.10it/s]
 29%|██▉       | 23/79 [00:00<00:01, 38.73it/s]
 35%|███▌      | 28/79 [00:00<00:01, 41.77it/s]
 42%|████▏     | 33/79 [00:00<00:01, 39.64it/s]
 48%|████▊     | 38/79 [00:00<00:00, 42.33it/s]
 54%|█████▍    | 43/79 [00:01<00:00, 39.91it/s]
 61%|██████    | 48/79 [00:01<00:00, 42.48it/s]
 67%|██████▋   | 53/79 [00:01<00:00, 40.18it/s]
 73%|███████▎  | 58/79 [00:01<00:00, 42.68it/s]
 80%|███████▉  | 63/79 [00:01<00:00, 40.35it/s]
 86%|████████▌ | 68/79 [00:01<00:00, 42.73it/s]
 92%|█████████▏| 73/79 [00:01<00:00, 40.36it/s]
 99%|█████████▊| 78/79 [00:01<00:00, 42.23it/s]
100%|██████████| 79/79 [00:01<00:00, 40.44it/s]

CommRound: 9/30
Accuracy: 74.56% | Loss: 0.9901
[##################------------------------------------------] 30.0%
Elapsed: 6.5m | Avg/Round: 43.5s | Last: 36.4s | Next: 43.5s | Remaining: 15.2m
ETA: 08:33:40
Recent round times: R1: 47.9s -> R2: 43.9s -> R3: 36.0s -> R4: 43.1s -> R5: 36.4s

  0%|          | 0/79 [00:00<?, ?it/s]
  3%|▎         | 2/79 [00:00<00:03, 19.86it/s]
  9%|▉         | 7/79 [00:00<00:02, 32.39it/s]
 15%|█▌        | 12/79 [00:00<00:01, 37.43it/s]
 22%|██▏       | 17/79 [00:00<00:01, 38.50it/s]
 28%|██▊       | 22/79 [00:00<00:01, 39.27it/s]
 34%|███▍      | 27/79 [00:00<00:01, 41.02it/s]
 41%|████      | 32/79 [00:00<00:01, 40.02it/s]
 47%|████▋     | 37/79 [00:00<00:00, 42.54it/s]
 53%|█████▎    | 42/79 [00:01<00:00, 40.43it/s]
 61%|██████    | 48/79 [00:01<00:00, 40.94it/s]
 68%|██████▊   | 54/79 [00:01<00:00, 41.50it/s]
 76%|███████▌  | 60/79 [00:01<00:00, 41.94it/s]
 84%|████████▎ | 66/79 [00:01<00:00, 42.11it/s]
 91%|█████████ | 72/79 [00:01<00:00, 42.75it/s]
 99%|█████████▊| 78/79 [00:01<00:00, 43.06it/s]
100%|██████████| 79/79 [00:01<00:00, 40.99it/s]

CommRound: 10/30
Accuracy: 81.78% | Loss: 0.7612
[####################----------------------------------------] 33.3%
Elapsed: 7.3m | Avg/Round: 43.5s | Last: 44.1s | Next: 43.5s | Remaining: 14.5m
ETA: 08:33:42
Recent round times: R1: 43.9s -> R2: 36.0s -> R3: 43.1s -> R4: 36.4s -> R5: 44.1s

  0%|          | 0/79 [00:00<?, ?it/s]
  4%|▍         | 3/79 [00:00<00:03, 23.62it/s]
 10%|█         | 8/79 [00:00<00:01, 37.10it/s]
 16%|█▋        | 13/79 [00:00<00:01, 36.66it/s]
 24%|██▍       | 19/79 [00:00<00:01, 38.98it/s]
 30%|███       | 24/79 [00:00<00:01, 41.92it/s]
 37%|███▋      | 29/79 [00:00<00:01, 40.08it/s]
 43%|████▎     | 34/79 [00:00<00:01, 41.75it/s]
 49%|████▉     | 39/79 [00:00<00:00, 40.65it/s]
 56%|█████▌    | 44/79 [00:01<00:00, 41.54it/s]
 62%|██████▏   | 49/79 [00:01<00:00, 40.87it/s]
 68%|██████▊   | 54/79 [00:01<00:00, 41.56it/s]
 75%|███████▍  | 59/79 [00:01<00:00, 40.31it/s]
 81%|████████  | 64/79 [00:01<00:00, 41.95it/s]
 87%|████████▋ | 69/79 [00:01<00:00, 41.33it/s]
 94%|█████████▎| 74/79 [00:01<00:00, 41.70it/s]
100%|██████████| 79/79 [00:01<00:00, 43.78it/s]
100%|██████████| 79/79 [00:01<00:00, 40.70it/s]

CommRound: 11/30
Accuracy: 80.30% | Loss: 0.7678
[######################--------------------------------------] 36.7%
Elapsed: 8.1m | Avg/Round: 44.0s | Last: 48.4s | Next: 44.0s | Remaining: 13.9m
ETA: 08:33:55
Recent round times: R1: 36.0s -> R2: 43.1s -> R3: 36.4s -> R4: 44.1s -> R5: 48.4s

  0%|          | 0/79 [00:00<?, ?it/s]
  1%|▏         | 1/79 [00:00<00:08,  9.64it/s]
  8%|▊         | 6/79 [00:00<00:02, 32.69it/s]
 13%|█▎        | 10/79 [00:00<00:01, 34.50it/s]
 18%|█▊        | 14/79 [00:00<00:01, 35.11it/s]
 23%|██▎       | 18/79 [00:00<00:01, 35.50it/s]
 28%|██▊       | 22/79 [00:00<00:01, 35.79it/s]
 33%|███▎      | 26/79 [00:00<00:01, 35.83it/s]
 38%|███▊      | 30/79 [00:00<00:01, 35.97it/s]
 43%|████▎     | 34/79 [00:00<00:01, 36.08it/s]
 48%|████▊     | 38/79 [00:01<00:01, 36.24it/s]
 53%|█████▎    | 42/79 [00:01<00:01, 36.42it/s]
 58%|█████▊    | 46/79 [00:01<00:00, 36.51it/s]
 63%|██████▎   | 50/79 [00:01<00:00, 36.55it/s]
 68%|██████▊   | 54/79 [00:01<00:00, 36.49it/s]
 73%|███████▎  | 58/79 [00:01<00:00, 36.53it/s]
 78%|███████▊  | 62/79 [00:01<00:00, 36.61it/s]
 84%|████████▎ | 66/79 [00:01<00:00, 36.58it/s]
 89%|████████▊ | 70/79 [00:01<00:00, 36.54it/s]
 94%|█████████▎| 74/79 [00:02<00:00, 36.32it/s]
 99%|█████████▊| 78/79 [00:02<00:00, 36.38it/s]
100%|██████████| 79/79 [00:02<00:00, 35.85it/s]

CommRound: 12/30
Accuracy: 86.32% | Loss: 0.5709
[########################------------------------------------] 40.0%
Elapsed: 8.7m | Avg/Round: 43.6s | Last: 38.9s | Next: 43.6s | Remaining: 13.1m
ETA: 08:33:43
Recent round times: R1: 43.1s -> R2: 36.4s -> R3: 44.1s -> R4: 48.4s -> R5: 38.9s

  0%|          | 0/79 [00:00<?, ?it/s]
  4%|▍         | 3/79 [00:00<00:03, 23.54it/s]
 10%|█         | 8/79 [00:00<00:01, 36.21it/s]
 16%|█▋        | 13/79 [00:00<00:01, 37.03it/s]
 23%|██▎       | 18/79 [00:00<00:01, 39.61it/s]
 29%|██▉       | 23/79 [00:00<00:01, 40.22it/s]
 35%|███▌      | 28/79 [00:00<00:01, 40.38it/s]
 42%|████▏     | 33/79 [00:00<00:01, 41.39it/s]
 48%|████▊     | 38/79 [00:00<00:01, 40.69it/s]
 54%|█████▍    | 43/79 [00:01<00:00, 41.97it/s]
 61%|██████    | 48/79 [00:01<00:00, 40.76it/s]
 67%|██████▋   | 53/79 [00:01<00:00, 42.63it/s]
 73%|███████▎  | 58/79 [00:01<00:00, 40.71it/s]
 80%|███████▉  | 63/79 [00:01<00:00, 42.95it/s]
 86%|████████▌ | 68/79 [00:01<00:00, 40.75it/s]
 92%|█████████▏| 73/79 [00:01<00:00, 42.60it/s]
 99%|█████████▊| 78/79 [00:01<00:00, 40.66it/s]
100%|██████████| 79/79 [00:01<00:00, 40.64it/s]

CommRound: 13/30
Accuracy: 85.35% | Loss: 0.6581
[##########################----------------------------------] 43.3%
Elapsed: 9.4m | Avg/Round: 43.5s | Last: 42.3s | Next: 43.5s | Remaining: 12.3m
ETA: 08:33:40
Recent round times: R1: 36.4s -> R2: 44.1s -> R3: 48.4s -> R4: 38.9s -> R5: 42.3s

  0%|          | 0/79 [00:00<?, ?it/s]
  3%|▎         | 2/79 [00:00<00:03, 19.92it/s]
  9%|▉         | 7/79 [00:00<00:02, 33.59it/s]
 15%|█▌        | 12/79 [00:00<00:01, 37.77it/s]
 22%|██▏       | 17/79 [00:00<00:01, 40.14it/s]
 28%|██▊       | 22/79 [00:00<00:01, 38.91it/s]
 35%|███▌      | 28/79 [00:00<00:01, 40.24it/s]
 43%|████▎     | 34/79 [00:00<00:01, 40.78it/s]
 51%|█████     | 40/79 [00:01<00:00, 40.90it/s]
 57%|█████▋    | 45/79 [00:01<00:00, 41.90it/s]
 63%|██████▎   | 50/79 [00:01<00:00, 37.88it/s]
 68%|██████▊   | 54/79 [00:01<00:00, 37.41it/s]
 73%|███████▎  | 58/79 [00:01<00:00, 37.27it/s]
 78%|███████▊  | 62/79 [00:01<00:00, 37.09it/s]
 84%|████████▎ | 66/79 [00:01<00:00, 36.91it/s]
 89%|████████▊ | 70/79 [00:01<00:00, 36.70it/s]
 94%|█████████▎| 74/79 [00:01<00:00, 36.77it/s]
 99%|█████████▊| 78/79 [00:02<00:00, 36.91it/s]
100%|██████████| 79/79 [00:02<00:00, 38.10it/s]

CommRound: 14/30
Accuracy: 87.26% | Loss: 0.5594
[############################--------------------------------] 46.7%
Elapsed: 10.2m | Avg/Round: 43.8s | Last: 48.6s | Next: 43.8s | Remaining: 11.7m
ETA: 08:33:51
Recent round times: R1: 44.1s -> R2: 48.4s -> R3: 38.9s -> R4: 42.3s -> R5: 48.6s

  0%|          | 0/79 [00:00<?, ?it/s]
  4%|▍         | 3/79 [00:00<00:03, 23.43it/s]
 10%|█         | 8/79 [00:00<00:01, 37.35it/s]
 16%|█▋        | 13/79 [00:00<00:01, 37.10it/s]
 23%|██▎       | 18/79 [00:00<00:01, 40.55it/s]
 29%|██▉       | 23/79 [00:00<00:01, 39.21it/s]
 35%|███▌      | 28/79 [00:00<00:01, 41.75it/s]
 42%|████▏     | 33/79 [00:00<00:01, 39.66it/s]
 49%|████▉     | 39/79 [00:00<00:00, 40.34it/s]
 57%|█████▋    | 45/79 [00:01<00:00, 40.72it/s]
 65%|██████▍   | 51/79 [00:01<00:00, 41.09it/s]
 72%|███████▏  | 57/79 [00:01<00:00, 41.27it/s]
 80%|███████▉  | 63/79 [00:01<00:00, 41.39it/s]
 87%|████████▋ | 69/79 [00:01<00:00, 41.39it/s]
 94%|█████████▎| 74/79 [00:01<00:00, 43.35it/s]
100%|██████████| 79/79 [00:01<00:00, 44.84it/s]
100%|██████████| 79/79 [00:01<00:00, 40.95it/s]

CommRound: 15/30
Accuracy: 89.24% | Loss: 0.4619
[##############################------------------------------] 50.0%
Elapsed: 11.0m | Avg/Round: 44.1s | Last: 47.8s | Next: 44.1s | Remaining: 11.0m
ETA: 08:33:59
Recent round times: R1: 48.4s -> R2: 38.9s -> R3: 42.3s -> R4: 48.6s -> R5: 47.8s

  0%|          | 0/79 [00:00<?, ?it/s]
  4%|▍         | 3/79 [00:00<00:03, 23.62it/s]
 11%|█▏        | 9/79 [00:00<00:01, 35.35it/s]
 19%|█▉        | 15/79 [00:00<00:01, 38.88it/s]
 27%|██▋       | 21/79 [00:00<00:01, 40.69it/s]
 33%|███▎      | 26/79 [00:00<00:01, 43.00it/s]
 39%|███▉      | 31/79 [00:00<00:01, 41.02it/s]
 47%|████▋     | 37/79 [00:00<00:01, 41.94it/s]
 54%|█████▍    | 43/79 [00:01<00:00, 41.98it/s]
 62%|██████▏   | 49/79 [00:01<00:00, 42.42it/s]
 70%|██████▉   | 55/79 [00:01<00:00, 42.78it/s]
 77%|███████▋  | 61/79 [00:01<00:00, 42.97it/s]
 84%|████████▎ | 66/79 [00:01<00:00, 44.49it/s]
 90%|████████▉ | 71/79 [00:01<00:00, 41.99it/s]
 96%|█████████▌| 76/79 [00:01<00:00, 43.34it/s]
100%|██████████| 79/79 [00:01<00:00, 41.99it/s]

CommRound: 16/30
Accuracy: 88.41% | Loss: 0.5287
[################################----------------------------] 53.3%
Elapsed: 11.6m | Avg/Round: 43.4s | Last: 33.0s | Next: 43.4s | Remaining: 10.1m
ETA: 08:33:38
Recent round times: R1: 38.9s -> R2: 42.3s -> R3: 48.6s -> R4: 47.8s -> R5: 33.0s

  0%|          | 0/79 [00:00<?, ?it/s]
  3%|▎         | 2/79 [00:00<00:03, 19.37it/s]
  9%|▉         | 7/79 [00:00<00:02, 32.97it/s]
 15%|█▌        | 12/79 [00:00<00:02, 33.17it/s]
 20%|██        | 16/79 [00:00<00:01, 35.41it/s]
 28%|██▊       | 22/79 [00:00<00:01, 37.80it/s]
 35%|███▌      | 28/79 [00:00<00:01, 39.10it/s]
 43%|████▎     | 34/79 [00:00<00:01, 39.70it/s]
 51%|█████     | 40/79 [00:01<00:00, 40.10it/s]
 58%|█████▊    | 46/79 [00:01<00:00, 40.46it/s]
 65%|██████▍   | 51/79 [00:01<00:00, 42.74it/s]
 71%|███████   | 56/79 [00:01<00:00, 40.17it/s]
 78%|███████▊  | 62/79 [00:01<00:00, 40.64it/s]
 85%|████████▍ | 67/79 [00:01<00:00, 41.75it/s]
 91%|█████████ | 72/79 [00:01<00:00, 40.60it/s]
 99%|█████████▊| 78/79 [00:01<00:00, 41.03it/s]
100%|██████████| 79/79 [00:01<00:00, 39.65it/s]

CommRound: 17/30
Accuracy: 88.03% | Loss: 0.5566
[##################################--------------------------] 56.7%
Elapsed: 12.3m | Avg/Round: 43.4s | Last: 42.9s | Next: 43.4s | Remaining: 9.4m
ETA: 08:33:37
Recent round times: R1: 42.3s -> R2: 48.6s -> R3: 47.8s -> R4: 33.0s -> R5: 42.9s

  0%|          | 0/79 [00:00<?, ?it/s]
  4%|▍         | 3/79 [00:00<00:03, 23.32it/s]
 10%|█         | 8/79 [00:00<00:01, 36.36it/s]
 16%|█▋        | 13/79 [00:00<00:01, 36.08it/s]
 23%|██▎       | 18/79 [00:00<00:01, 39.96it/s]
 29%|██▉       | 23/79 [00:00<00:01, 38.66it/s]
 35%|███▌      | 28/79 [00:00<00:01, 41.06it/s]
 42%|████▏     | 33/79 [00:00<00:01, 39.58it/s]
 48%|████▊     | 38/79 [00:00<00:00, 41.50it/s]
 54%|█████▍    | 43/79 [00:01<00:00, 39.96it/s]
 61%|██████    | 48/79 [00:01<00:00, 41.41it/s]
 67%|██████▋   | 53/79 [00:01<00:00, 40.18it/s]
 73%|███████▎  | 58/79 [00:01<00:00, 41.10it/s]
 80%|███████▉  | 63/79 [00:01<00:00, 40.57it/s]
 86%|████████▌ | 68/79 [00:01<00:00, 40.95it/s]
 92%|█████████▏| 73/79 [00:01<00:00, 40.92it/s]
 99%|█████████▊| 78/79 [00:01<00:00, 41.03it/s]
100%|██████████| 79/79 [00:01<00:00, 40.17it/s]

CommRound: 18/30
Accuracy: 87.79% | Loss: 0.5781
[####################################------------------------] 60.0%
Elapsed: 13.0m | Avg/Round: 43.2s | Last: 40.3s | Next: 43.2s | Remaining: 8.6m
ETA: 08:33:32
Recent round times: R1: 48.6s -> R2: 47.8s -> R3: 33.0s -> R4: 42.9s -> R5: 40.3s

  0%|          | 0/79 [00:00<?, ?it/s]
  1%|▏         | 1/79 [00:00<00:08,  9.33it/s]
  9%|▉         | 7/79 [00:00<00:02, 32.20it/s]
 16%|█▋        | 13/79 [00:00<00:01, 36.89it/s]
 24%|██▍       | 19/79 [00:00<00:01, 38.89it/s]
 30%|███       | 24/79 [00:00<00:01, 41.68it/s]
 37%|███▋      | 29/79 [00:00<00:01, 40.00it/s]
 44%|████▍     | 35/79 [00:00<00:01, 40.77it/s]
 52%|█████▏    | 41/79 [00:01<00:00, 41.27it/s]
 58%|█████▊    | 46/79 [00:01<00:00, 43.31it/s]
 65%|██████▍   | 51/79 [00:01<00:00, 40.33it/s]
 71%|███████   | 56/79 [00:01<00:00, 42.37it/s]
 77%|███████▋  | 61/79 [00:01<00:00, 39.48it/s]
 84%|████████▎ | 66/79 [00:01<00:00, 42.01it/s]
 90%|████████▉ | 71/79 [00:01<00:00, 39.42it/s]
 96%|█████████▌| 76/79 [00:01<00:00, 41.57it/s]
100%|██████████| 79/79 [00:01<00:00, 40.21it/s]

CommRound: 19/30
Accuracy: 88.20% | Loss: 0.5678
[######################################----------------------] 63.3%
Elapsed: 13.6m | Avg/Round: 43.1s | Last: 40.4s | Next: 43.1s | Remaining: 7.9m
ETA: 08:33:27
Recent round times: R1: 47.8s -> R2: 33.0s -> R3: 42.9s -> R4: 40.3s -> R5: 40.4s

  0%|          | 0/79 [00:00<?, ?it/s]
  4%|▍         | 3/79 [00:00<00:03, 23.00it/s]
 10%|█         | 8/79 [00:00<00:01, 36.79it/s]
 16%|█▋        | 13/79 [00:00<00:01, 36.17it/s]
 24%|██▍       | 19/79 [00:00<00:01, 38.60it/s]
 32%|███▏      | 25/79 [00:00<00:01, 39.77it/s]
 39%|███▉      | 31/79 [00:00<00:01, 40.59it/s]
 47%|████▋     | 37/79 [00:00<00:01, 41.29it/s]
 54%|█████▍    | 43/79 [00:01<00:00, 41.64it/s]
 62%|██████▏   | 49/79 [00:01<00:00, 41.98it/s]
 70%|██████▉   | 55/79 [00:01<00:00, 42.06it/s]
 77%|███████▋  | 61/79 [00:01<00:00, 42.22it/s]
 85%|████████▍ | 67/79 [00:01<00:00, 42.32it/s]
 92%|█████████▏| 73/79 [00:01<00:00, 42.33it/s]
100%|██████████| 79/79 [00:01<00:00, 46.27it/s]
100%|██████████| 79/79 [00:01<00:00, 41.49it/s]

CommRound: 20/30
Accuracy: 88.29% | Loss: 0.5732
[########################################--------------------] 66.7%
Elapsed: 14.4m | Avg/Round: 43.1s | Last: 44.6s | Next: 43.1s | Remaining: 7.2m
ETA: 08:33:30
Recent round times: R1: 33.0s -> R2: 42.9s -> R3: 40.3s -> R4: 40.4s -> R5: 44.6s

  0%|          | 0/79 [00:00<?, ?it/s]
  4%|▍         | 3/79 [00:00<00:03, 22.66it/s]
 10%|█         | 8/79 [00:00<00:01, 36.64it/s]
 16%|█▋        | 13/79 [00:00<00:01, 35.93it/s]
 24%|██▍       | 19/79 [00:00<00:01, 38.55it/s]
 32%|███▏      | 25/79 [00:00<00:01, 39.92it/s]
 39%|███▉      | 31/79 [00:00<00:01, 40.55it/s]
 47%|████▋     | 37/79 [00:00<00:01, 41.15it/s]
 54%|█████▍    | 43/79 [00:01<00:00, 41.50it/s]
 62%|██████▏   | 49/79 [00:01<00:00, 41.79it/s]
 70%|██████▉   | 55/79 [00:01<00:00, 41.67it/s]
 77%|███████▋  | 61/79 [00:01<00:00, 42.19it/s]
 85%|████████▍ | 67/79 [00:01<00:00, 42.61it/s]
 91%|█████████ | 72/79 [00:01<00:00, 43.59it/s]
 97%|█████████▋| 77/79 [00:01<00:00, 42.58it/s]
100%|██████████| 79/79 [00:01<00:00, 41.21it/s]

CommRound: 21/30
Accuracy: 88.36% | Loss: 0.5807
[##########################################------------------] 70.0%
Elapsed: 15.1m | Avg/Round: 43.3s | Last: 45.9s | Next: 43.3s | Remaining: 6.5m
ETA: 08:33:34
Recent round times: R1: 42.9s -> R2: 40.3s -> R3: 40.4s -> R4: 44.6s -> R5: 45.9s

  0%|          | 0/79 [00:00<?, ?it/s]
  4%|▍         | 3/79 [00:00<00:03, 23.75it/s]
 10%|█         | 8/79 [00:00<00:02, 35.33it/s]
 16%|█▋        | 13/79 [00:00<00:01, 37.24it/s]
 23%|██▎       | 18/79 [00:00<00:01, 39.62it/s]
 29%|██▉       | 23/79 [00:00<00:01, 40.20it/s]
 35%|███▌      | 28/79 [00:00<00:01, 41.95it/s]
 42%|████▏     | 33/79 [00:00<00:01, 41.03it/s]
 48%|████▊     | 38/79 [00:00<00:00, 42.87it/s]
 54%|█████▍    | 43/79 [00:01<00:00, 41.18it/s]
 61%|██████    | 48/79 [00:01<00:00, 41.59it/s]
 67%|██████▋   | 53/79 [00:01<00:00, 41.56it/s]
 73%|███████▎  | 58/79 [00:01<00:00, 41.28it/s]
 80%|███████▉  | 63/79 [00:01<00:00, 42.08it/s]
 86%|████████▌ | 68/79 [00:01<00:00, 42.05it/s]
 92%|█████████▏| 73/79 [00:01<00:00, 42.16it/s]
 99%|█████████▊| 78/79 [00:01<00:00, 42.38it/s]
100%|██████████| 79/79 [00:01<00:00, 41.11it/s]

CommRound: 22/30
Accuracy: 88.33% | Loss: 0.5873
[############################################----------------] 73.3%
Elapsed: 15.9m | Avg/Round: 43.3s | Last: 43.0s | Next: 43.3s | Remaining: 5.8m
ETA: 08:33:33
Recent round times: R1: 40.3s -> R2: 40.4s -> R3: 44.6s -> R4: 45.9s -> R5: 43.0s

  0%|          | 0/79 [00:00<?, ?it/s]
  1%|▏         | 1/79 [00:00<00:08,  8.99it/s]
  9%|▉         | 7/79 [00:00<00:02, 29.82it/s]
 16%|█▋        | 13/79 [00:00<00:01, 35.73it/s]
 24%|██▍       | 19/79 [00:00<00:01, 38.51it/s]
 30%|███       | 24/79 [00:00<00:01, 41.78it/s]
 37%|███▋      | 29/79 [00:00<00:01, 40.17it/s]
 43%|████▎     | 34/79 [00:00<00:01, 39.32it/s]
 48%|████▊     | 38/79 [00:01<00:01, 38.85it/s]
 53%|█████▎    | 42/79 [00:01<00:00, 38.48it/s]
 58%|█████▊    | 46/79 [00:01<00:00, 38.03it/s]
 63%|██████▎   | 50/79 [00:01<00:00, 37.84it/s]
 68%|██████▊   | 54/79 [00:01<00:00, 38.04it/s]
 73%|███████▎  | 58/79 [00:01<00:00, 38.15it/s]
 78%|███████▊  | 62/79 [00:01<00:00, 38.09it/s]
 84%|████████▎ | 66/79 [00:01<00:00, 37.92it/s]
 89%|████████▊ | 70/79 [00:01<00:00, 37.97it/s]
 94%|█████████▎| 74/79 [00:01<00:00, 37.96it/s]
 99%|█████████▊| 78/79 [00:02<00:00, 37.88it/s]
100%|██████████| 79/79 [00:02<00:00, 37.87it/s]

CommRound: 23/30
Accuracy: 88.33% | Loss: 0.5941
[##############################################--------------] 76.7%
Elapsed: 16.7m | Avg/Round: 43.5s | Last: 49.0s | Next: 43.5s | Remaining: 5.1m
ETA: 08:33:41
Recent round times: R1: 40.4s -> R2: 44.6s -> R3: 45.9s -> R4: 43.0s -> R5: 49.0s

  0%|          | 0/79 [00:00<?, ?it/s]
  3%|▎         | 2/79 [00:00<00:03, 19.67it/s]
  9%|▉         | 7/79 [00:00<00:02, 32.40it/s]
 15%|█▌        | 12/79 [00:00<00:01, 38.92it/s]
 22%|██▏       | 17/79 [00:00<00:01, 38.74it/s]
 28%|██▊       | 22/79 [00:00<00:01, 40.44it/s]
 34%|███▍      | 27/79 [00:00<00:01, 41.28it/s]
 41%|████      | 32/79 [00:00<00:01, 40.50it/s]
 47%|████▋     | 37/79 [00:00<00:00, 42.88it/s]
 53%|█████▎    | 42/79 [00:01<00:00, 40.77it/s]
 61%|██████    | 48/79 [00:01<00:00, 40.93it/s]
 68%|██████▊   | 54/79 [00:01<00:00, 41.32it/s]
 76%|███████▌  | 60/79 [00:01<00:00, 41.71it/s]
 84%|████████▎ | 66/79 [00:01<00:00, 41.94it/s]
 91%|█████████ | 72/79 [00:01<00:00, 42.04it/s]
 99%|█████████▊| 78/79 [00:01<00:00, 42.18it/s]
100%|██████████| 79/79 [00:01<00:00, 40.95it/s]

CommRound: 24/30
Accuracy: 88.32% | Loss: 0.6007
[################################################------------] 80.0%
Elapsed: 17.4m | Avg/Round: 43.4s | Last: 41.2s | Next: 43.4s | Remaining: 4.3m
ETA: 08:33:38
Recent round times: R1: 44.6s -> R2: 45.9s -> R3: 43.0s -> R4: 49.0s -> R5: 41.2s

  0%|          | 0/79 [00:00<?, ?it/s]
  3%|▎         | 2/79 [00:00<00:03, 19.66it/s]
  9%|▉         | 7/79 [00:00<00:02, 31.44it/s]
 15%|█▌        | 12/79 [00:00<00:01, 38.65it/s]
 20%|██        | 16/79 [00:00<00:01, 34.82it/s]
 27%|██▋       | 21/79 [00:00<00:01, 34.64it/s]
 34%|███▍      | 27/79 [00:00<00:01, 37.03it/s]
 41%|████      | 32/79 [00:00<00:01, 40.27it/s]
 47%|████▋     | 37/79 [00:01<00:01, 38.57it/s]
 54%|█████▍    | 43/79 [00:01<00:00, 39.70it/s]
 62%|██████▏   | 49/79 [00:01<00:00, 40.40it/s]
 70%|██████▉   | 55/79 [00:01<00:00, 40.92it/s]
 77%|███████▋  | 61/79 [00:01<00:00, 41.10it/s]
 85%|████████▍ | 67/79 [00:01<00:00, 41.24it/s]
 91%|█████████ | 72/79 [00:01<00:00, 43.09it/s]
 97%|█████████▋| 77/79 [00:01<00:00, 40.39it/s]
100%|██████████| 79/79 [00:02<00:00, 39.29it/s]

CommRound: 25/30
Accuracy: 88.27% | Loss: 0.6073
[##################################################----------] 83.3%
Elapsed: 18.2m | Avg/Round: 43.6s | Last: 49.0s | Next: 43.6s | Remaining: 3.6m
ETA: 08:33:45
Recent round times: R1: 45.9s -> R2: 43.0s -> R3: 49.0s -> R4: 41.2s -> R5: 49.0s

  0%|          | 0/79 [00:00<?, ?it/s]
  1%|▏         | 1/79 [00:00<00:08,  9.69it/s]
  9%|▉         | 7/79 [00:00<00:02, 32.42it/s]
 14%|█▍        | 11/79 [00:00<00:01, 35.29it/s]
 22%|██▏       | 17/79 [00:00<00:01, 38.75it/s]
 28%|██▊       | 22/79 [00:00<00:01, 39.87it/s]
 33%|███▎      | 26/79 [00:00<00:01, 39.14it/s]
 38%|███▊      | 30/79 [00:00<00:01, 38.81it/s]
 43%|████▎     | 34/79 [00:00<00:01, 39.10it/s]
 51%|█████     | 40/79 [00:01<00:00, 40.06it/s]
 58%|█████▊    | 46/79 [00:01<00:00, 40.69it/s]
 66%|██████▌   | 52/79 [00:01<00:00, 40.86it/s]
 72%|███████▏  | 57/79 [00:01<00:00, 43.02it/s]
 78%|███████▊  | 62/79 [00:01<00:00, 40.02it/s]
 85%|████████▍ | 67/79 [00:01<00:00, 41.73it/s]
 91%|█████████ | 72/79 [00:01<00:00, 38.59it/s]
 96%|█████████▌| 76/79 [00:01<00:00, 38.48it/s]
100%|██████████| 79/79 [00:02<00:00, 39.04it/s]

CommRound: 26/30
Accuracy: 88.28% | Loss: 0.6132
[####################################################--------] 86.7%
Elapsed: 18.9m | Avg/Round: 43.7s | Last: 44.8s | Next: 43.7s | Remaining: 2.9m
ETA: 08:33:46
Recent round times: R1: 43.0s -> R2: 49.0s -> R3: 41.2s -> R4: 49.0s -> R5: 44.8s

  0%|          | 0/79 [00:00<?, ?it/s]
  4%|▍         | 3/79 [00:00<00:03, 22.91it/s]
 10%|█         | 8/79 [00:00<00:01, 36.58it/s]
 16%|█▋        | 13/79 [00:00<00:01, 36.10it/s]
 24%|██▍       | 19/79 [00:00<00:01, 38.61it/s]
 32%|███▏      | 25/79 [00:00<00:01, 39.86it/s]
 39%|███▉      | 31/79 [00:00<00:01, 40.66it/s]
 47%|████▋     | 37/79 [00:00<00:01, 41.17it/s]
 54%|█████▍    | 43/79 [00:01<00:00, 41.47it/s]
 62%|██████▏   | 49/79 [00:01<00:00, 41.88it/s]
 70%|██████▉   | 55/79 [00:01<00:00, 42.12it/s]
 77%|███████▋  | 61/79 [00:01<00:00, 42.17it/s]
 84%|████████▎ | 66/79 [00:01<00:00, 43.30it/s]
 90%|████████▉ | 71/79 [00:01<00:00, 41.29it/s]
 96%|█████████▌| 76/79 [00:01<00:00, 39.62it/s]
100%|██████████| 79/79 [00:01<00:00, 40.28it/s]

CommRound: 27/30
Accuracy: 88.25% | Loss: 0.6186
[######################################################------] 90.0%
Elapsed: 19.6m | Avg/Round: 43.6s | Last: 40.5s | Next: 43.6s | Remaining: 2.2m
ETA: 08:33:42
Recent round times: R1: 49.0s -> R2: 41.2s -> R3: 49.0s -> R4: 44.8s -> R5: 40.5s

  0%|          | 0/79 [00:00<?, ?it/s]
  1%|▏         | 1/79 [00:00<00:07,  9.95it/s]
  9%|▉         | 7/79 [00:00<00:02, 34.48it/s]
 15%|█▌        | 12/79 [00:00<00:01, 36.85it/s]
 20%|██        | 16/79 [00:00<00:01, 36.38it/s]
 25%|██▌       | 20/79 [00:00<00:01, 36.83it/s]
 30%|███       | 24/79 [00:00<00:01, 37.14it/s]
 35%|███▌      | 28/79 [00:00<00:01, 37.38it/s]
 41%|████      | 32/79 [00:00<00:01, 37.65it/s]
 46%|████▌     | 36/79 [00:00<00:01, 37.70it/s]
 51%|█████     | 40/79 [00:01<00:01, 37.44it/s]
 58%|█████▊    | 46/79 [00:01<00:00, 39.08it/s]
 66%|██████▌   | 52/79 [00:01<00:00, 40.13it/s]
 73%|███████▎  | 58/79 [00:01<00:00, 40.80it/s]
 81%|████████  | 64/79 [00:01<00:00, 41.32it/s]
 89%|████████▊ | 70/79 [00:01<00:00, 42.02it/s]
 95%|█████████▍| 75/79 [00:01<00:00, 43.33it/s]
100%|██████████| 79/79 [00:02<00:00, 39.39it/s]

CommRound: 28/30
Accuracy: 88.25% | Loss: 0.6236
[########################################################----] 93.3%
Elapsed: 20.3m | Avg/Round: 43.5s | Last: 40.6s | Next: 43.5s | Remaining: 1.4m
ETA: 08:33:39
Recent round times: R1: 41.2s -> R2: 49.0s -> R3: 44.8s -> R4: 40.5s -> R5: 40.6s

  0%|          | 0/79 [00:00<?, ?it/s]
  1%|▏         | 1/79 [00:00<00:08,  9.53it/s]
  6%|▋         | 5/79 [00:00<00:02, 26.98it/s]
 14%|█▍        | 11/79 [00:00<00:01, 34.79it/s]
 20%|██        | 16/79 [00:00<00:01, 39.90it/s]
 27%|██▋       | 21/79 [00:00<00:01, 37.15it/s]
 32%|███▏      | 25/79 [00:00<00:01, 37.28it/s]
 37%|███▋      | 29/79 [00:00<00:01, 37.44it/s]
 43%|████▎     | 34/79 [00:00<00:01, 40.88it/s]
 49%|████▉     | 39/79 [00:01<00:01, 39.65it/s]
 57%|█████▋    | 45/79 [00:01<00:00, 41.28it/s]
 65%|██████▍   | 51/79 [00:01<00:00, 41.17it/s]
 71%|███████   | 56/79 [00:01<00:00, 43.31it/s]
 77%|███████▋  | 61/79 [00:01<00:00, 40.21it/s]
 84%|████████▎ | 66/79 [00:01<00:00, 42.57it/s]
 90%|████████▉ | 71/79 [00:01<00:00, 39.63it/s]
 96%|█████████▌| 76/79 [00:01<00:00, 42.13it/s]
100%|██████████| 79/79 [00:01<00:00, 39.64it/s]

CommRound: 29/30
Accuracy: 88.24% | Loss: 0.6284
[##########################################################--] 96.7%
Elapsed: 21.1m | Avg/Round: 43.6s | Last: 46.5s | Next: 43.6s | Remaining: 0.7m
ETA: 08:33:42
Recent round times: R1: 49.0s -> R2: 44.8s -> R3: 40.5s -> R4: 40.6s -> R5: 46.5s

  0%|          | 0/79 [00:00<?, ?it/s]
  1%|▏         | 1/79 [00:00<00:08,  9.59it/s]
  9%|▉         | 7/79 [00:00<00:02, 31.60it/s]
 16%|█▋        | 13/79 [00:00<00:01, 38.41it/s]
 23%|██▎       | 18/79 [00:00<00:01, 39.95it/s]
 29%|██▉       | 23/79 [00:00<00:01, 40.57it/s]
 35%|███▌      | 28/79 [00:00<00:01, 40.87it/s]
 42%|████▏     | 33/79 [00:00<00:01, 41.73it/s]
 48%|████▊     | 38/79 [00:00<00:01, 40.92it/s]
 54%|█████▍    | 43/79 [00:01<00:00, 42.40it/s]
 61%|██████    | 48/79 [00:01<00:00, 40.72it/s]
 67%|██████▋   | 53/79 [00:01<00:00, 42.64it/s]
 73%|███████▎  | 58/79 [00:01<00:00, 40.80it/s]
 80%|███████▉  | 63/79 [00:01<00:00, 41.97it/s]
 86%|████████▌ | 68/79 [00:01<00:00, 40.96it/s]
 92%|█████████▏| 73/79 [00:01<00:00, 39.67it/s]
 97%|█████████▋| 77/79 [00:01<00:00, 39.10it/s]
100%|██████████| 79/79 [00:01<00:00, 40.38it/s]

CommRound: 30/30
Accuracy: 88.17% | Loss: 0.6327
[############################################################] 100.0%
Elapsed: 21.8m | Avg/Round: 43.5s | Last: 42.9s | Next: 43.5s | Remaining: 0.0m
ETA: 08:33:42
Recent round times: R1: 44.8s -> R2: 40.5s -> R3: 40.6s -> R4: 46.5s -> R5: 42.9s
Total time for experiment: 1305.9231474399567 seconds
Device average training time per communication round [s]:
    rpi (sld-rpi-09.ece.utexas.edu): 4.40 seconds
    mc1 (sld-mc1-09.ece.utexas.edu): 40.48 seconds
