
  0%|          | 0/79 [00:00<?, ?it/s]
  1%|▏         | 1/79 [00:00<00:13,  5.93it/s]
  4%|▍         | 3/79 [00:00<00:08,  9.12it/s]
  6%|▋         | 5/79 [00:00<00:07, 10.43it/s]
  9%|▉         | 7/79 [00:00<00:06, 10.82it/s]
 14%|█▍        | 11/79 [00:00<00:03, 17.83it/s]
 18%|█▊        | 14/79 [00:00<00:03, 18.77it/s]
 22%|██▏       | 17/79 [00:01<00:03, 19.67it/s]
 25%|██▌       | 20/79 [00:01<00:02, 20.63it/s]
 29%|██▉       | 23/79 [00:01<00:03, 17.17it/s]
 32%|███▏      | 25/79 [00:01<00:03, 17.39it/s]
 37%|███▋      | 29/79 [00:01<00:02, 18.97it/s]
 41%|████      | 32/79 [00:01<00:02, 20.15it/s]
 44%|████▍     | 35/79 [00:02<00:02, 20.56it/s]
 48%|████▊     | 38/79 [00:02<00:01, 21.83it/s]
 52%|█████▏    | 41/79 [00:02<00:02, 18.72it/s]
 54%|█████▍    | 43/79 [00:02<00:01, 18.77it/s]
 58%|█████▊    | 46/79 [00:02<00:01, 21.18it/s]
 62%|██████▏   | 49/79 [00:02<00:01, 18.46it/s]
 66%|██████▌   | 52/79 [00:02<00:01, 20.54it/s]
 70%|██████▉   | 55/79 [00:03<00:01, 17.86it/s]
 72%|███████▏  | 57/79 [00:03<00:01, 17.61it/s]
 75%|███████▍  | 59/79 [00:03<00:01, 18.04it/s]
 77%|███████▋  | 61/79 [00:03<00:00, 18.08it/s]
 80%|███████▉  | 63/79 [00:03<00:00, 18.28it/s]
 84%|████████▎ | 66/79 [00:03<00:00, 20.71it/s]
 87%|████████▋ | 69/79 [00:03<00:00, 18.76it/s]
 90%|████████▉ | 71/79 [00:03<00:00, 18.84it/s]
 92%|█████████▏| 73/79 [00:04<00:00, 18.56it/s]
 96%|█████████▌| 76/79 [00:04<00:00, 21.41it/s]
100%|██████████| 79/79 [00:04<00:00, 18.64it/s]
Initial Accuracy: 11.08%; Initial Loss: 2.3067

  0%|          | 0/79 [00:00<?, ?it/s]
  1%|▏         | 1/79 [00:00<00:18,  4.30it/s]
  6%|▋         | 5/79 [00:00<00:05, 12.80it/s]
  9%|▉         | 7/79 [00:00<00:04, 14.72it/s]
 11%|█▏        | 9/79 [00:00<00:04, 14.93it/s]
 14%|█▍        | 11/79 [00:00<00:04, 15.13it/s]
 19%|█▉        | 15/79 [00:00<00:03, 18.41it/s]
 24%|██▍       | 19/79 [00:01<00:02, 22.15it/s]
 29%|██▉       | 23/79 [00:01<00:02, 21.15it/s]
 33%|███▎      | 26/79 [00:01<00:02, 21.30it/s]
 37%|███▋      | 29/79 [00:01<00:02, 17.19it/s]
 42%|████▏     | 33/79 [00:01<00:02, 19.55it/s]
 46%|████▌     | 36/79 [00:02<00:02, 18.76it/s]
 48%|████▊     | 38/79 [00:02<00:02, 18.68it/s]
 51%|█████     | 40/79 [00:02<00:02, 13.66it/s]
 57%|█████▋    | 45/79 [00:02<00:01, 18.54it/s]
 61%|██████    | 48/79 [00:02<00:02, 12.87it/s]
 67%|██████▋   | 53/79 [00:03<00:01, 17.41it/s]
 72%|███████▏  | 57/79 [00:03<00:01, 19.81it/s]
 76%|███████▌  | 60/79 [00:03<00:00, 21.45it/s]
 80%|███████▉  | 63/79 [00:03<00:00, 18.63it/s]
 84%|████████▎ | 66/79 [00:03<00:00, 19.49it/s]
 87%|████████▋ | 69/79 [00:03<00:00, 17.26it/s]
 90%|████████▉ | 71/79 [00:04<00:00, 16.99it/s]
 92%|█████████▏| 73/79 [00:04<00:00, 17.26it/s]
 96%|█████████▌| 76/79 [00:04<00:00, 20.09it/s]
100%|██████████| 79/79 [00:04<00:00, 21.01it/s]
100%|██████████| 79/79 [00:04<00:00, 17.84it/s]

CommRound: 1/30
Accuracy: 52.18% | Loss: 1.5866
[##----------------------------------------------------------] 3.3%
Elapsed: 1.0m | Avg/Round: 59.1s | Last: 54.8s | Next: 59.1s | Remaining: 28.6m
ETA: 17:41:08
Recent round times: R1: 54.8s

  0%|          | 0/79 [00:00<?, ?it/s]
  1%|▏         | 1/79 [00:00<00:09,  8.46it/s]
  6%|▋         | 5/79 [00:00<00:03, 23.96it/s]
 11%|█▏        | 9/79 [00:00<00:02, 28.24it/s]
 16%|█▋        | 13/79 [00:00<00:02, 30.42it/s]
 22%|██▏       | 17/79 [00:00<00:01, 31.51it/s]
 27%|██▋       | 21/79 [00:00<00:01, 32.15it/s]
 32%|███▏      | 25/79 [00:00<00:01, 32.71it/s]
 37%|███▋      | 29/79 [00:00<00:01, 33.38it/s]
 42%|████▏     | 33/79 [00:01<00:01, 30.17it/s]
 47%|████▋     | 37/79 [00:01<00:01, 26.95it/s]
 52%|█████▏    | 41/79 [00:01<00:01, 29.10it/s]
 57%|█████▋    | 45/79 [00:01<00:01, 30.77it/s]
 62%|██████▏   | 49/79 [00:01<00:00, 31.22it/s]
 67%|██████▋   | 53/79 [00:01<00:00, 31.82it/s]
 72%|███████▏  | 57/79 [00:01<00:00, 32.50it/s]
 77%|███████▋  | 61/79 [00:01<00:00, 32.58it/s]
 82%|████████▏ | 65/79 [00:02<00:00, 32.22it/s]
 87%|████████▋ | 69/79 [00:02<00:00, 31.78it/s]
 92%|█████████▏| 73/79 [00:02<00:00, 31.90it/s]
 97%|█████████▋| 77/79 [00:02<00:00, 32.57it/s]
100%|██████████| 79/79 [00:02<00:00, 31.30it/s]

CommRound: 2/30
Accuracy: 70.93% | Loss: 0.7859
[####--------------------------------------------------------] 6.7%
Elapsed: 1.8m | Avg/Round: 53.1s | Last: 47.0s | Next: 53.1s | Remaining: 24.8m
ETA: 17:38:07
Recent round times: R1: 54.8s -> R2: 47.0s

  0%|          | 0/79 [00:00<?, ?it/s]
  1%|▏         | 1/79 [00:00<00:09,  8.56it/s]
  6%|▋         | 5/79 [00:00<00:03, 23.52it/s]
 11%|█▏        | 9/79 [00:00<00:02, 28.05it/s]
 16%|█▋        | 13/79 [00:00<00:02, 30.32it/s]
 22%|██▏       | 17/79 [00:00<00:01, 31.17it/s]
 27%|██▋       | 21/79 [00:00<00:01, 32.22it/s]
 32%|███▏      | 25/79 [00:00<00:01, 32.47it/s]
 37%|███▋      | 29/79 [00:00<00:01, 32.88it/s]
 42%|████▏     | 33/79 [00:01<00:01, 33.13it/s]
 47%|████▋     | 37/79 [00:01<00:01, 33.72it/s]
 52%|█████▏    | 41/79 [00:01<00:01, 34.06it/s]
 57%|█████▋    | 45/79 [00:01<00:01, 33.59it/s]
 62%|██████▏   | 49/79 [00:01<00:00, 33.75it/s]
 67%|██████▋   | 53/79 [00:01<00:00, 33.82it/s]
 72%|███████▏  | 57/79 [00:01<00:00, 33.69it/s]
 77%|███████▋  | 61/79 [00:01<00:00, 33.51it/s]
 82%|████████▏ | 65/79 [00:02<00:00, 33.77it/s]
 87%|████████▋ | 69/79 [00:02<00:00, 32.47it/s]
 92%|█████████▏| 73/79 [00:02<00:00, 32.27it/s]
 97%|█████████▋| 77/79 [00:02<00:00, 31.95it/s]
100%|██████████| 79/79 [00:02<00:00, 32.48it/s]

CommRound: 3/30
Accuracy: 78.25% | Loss: 0.5982
[######------------------------------------------------------] 10.0%
Elapsed: 2.5m | Avg/Round: 49.9s | Last: 43.6s | Next: 49.9s | Remaining: 22.5m
ETA: 17:36:33
Recent round times: R1: 54.8s -> R2: 47.0s -> R3: 43.6s

  0%|          | 0/79 [00:00<?, ?it/s]
  3%|▎         | 2/79 [00:00<00:04, 19.20it/s]
  9%|▉         | 7/79 [00:00<00:02, 29.85it/s]
 14%|█▍        | 11/79 [00:00<00:02, 33.12it/s]
 19%|█▉        | 15/79 [00:00<00:01, 35.05it/s]
 24%|██▍       | 19/79 [00:00<00:01, 36.51it/s]
 29%|██▉       | 23/79 [00:00<00:01, 37.26it/s]
 34%|███▍      | 27/79 [00:00<00:01, 37.87it/s]
 39%|███▉      | 31/79 [00:00<00:01, 38.26it/s]
 44%|████▍     | 35/79 [00:00<00:01, 38.36it/s]
 49%|████▉     | 39/79 [00:01<00:01, 38.63it/s]
 54%|█████▍    | 43/79 [00:01<00:00, 38.80it/s]
 59%|█████▉    | 47/79 [00:01<00:00, 39.08it/s]
 65%|██████▍   | 51/79 [00:01<00:00, 39.11it/s]
 70%|██████▉   | 55/79 [00:01<00:00, 39.18it/s]
 75%|███████▍  | 59/79 [00:01<00:00, 39.30it/s]
 80%|███████▉  | 63/79 [00:01<00:00, 39.26it/s]
 87%|████████▋ | 69/79 [00:01<00:00, 40.16it/s]
 95%|█████████▍| 75/79 [00:01<00:00, 40.57it/s]
100%|██████████| 79/79 [00:02<00:00, 38.77it/s]

CommRound: 4/30
Accuracy: 85.54% | Loss: 0.4497
[########----------------------------------------------------] 13.3%
Elapsed: 3.4m | Avg/Round: 50.6s | Last: 52.6s | Next: 50.6s | Remaining: 21.9m
ETA: 17:36:53
Recent round times: R1: 54.8s -> R2: 47.0s -> R3: 43.6s -> R4: 52.6s

  0%|          | 0/79 [00:00<?, ?it/s]
  1%|▏         | 1/79 [00:00<00:12,  6.48it/s]
  6%|▋         | 5/79 [00:00<00:04, 15.36it/s]
  9%|▉         | 7/79 [00:00<00:04, 16.73it/s]
 11%|█▏        | 9/79 [00:00<00:04, 17.25it/s]
 15%|█▌        | 12/79 [00:00<00:03, 21.06it/s]
 19%|█▉        | 15/79 [00:00<00:03, 20.89it/s]
 24%|██▍       | 19/79 [00:00<00:02, 24.90it/s]
 29%|██▉       | 23/79 [00:01<00:02, 27.67it/s]
 34%|███▍      | 27/79 [00:01<00:01, 29.50it/s]
 39%|███▉      | 31/79 [00:01<00:01, 30.18it/s]
 44%|████▍     | 35/79 [00:01<00:01, 31.68it/s]
 49%|████▉     | 39/79 [00:01<00:01, 32.36it/s]
 54%|█████▍    | 43/79 [00:01<00:01, 31.50it/s]
 59%|█████▉    | 47/79 [00:01<00:00, 32.79it/s]
 65%|██████▍   | 51/79 [00:01<00:00, 31.23it/s]
 70%|██████▉   | 55/79 [00:02<00:00, 28.98it/s]
 75%|███████▍  | 59/79 [00:02<00:00, 29.11it/s]
 80%|███████▉  | 63/79 [00:02<00:00, 31.04it/s]
 85%|████████▍ | 67/79 [00:02<00:00, 31.84it/s]
 90%|████████▉ | 71/79 [00:02<00:00, 32.63it/s]
 95%|█████████▍| 75/79 [00:02<00:00, 33.18it/s]
100%|██████████| 79/79 [00:02<00:00, 28.66it/s]

CommRound: 5/30
Accuracy: 85.94% | Loss: 0.4458
[##########--------------------------------------------------] 16.7%
Elapsed: 4.3m | Avg/Round: 51.6s | Last: 55.9s | Next: 51.6s | Remaining: 21.5m
ETA: 17:37:25
Recent round times: R1: 54.8s -> R2: 47.0s -> R3: 43.6s -> R4: 52.6s -> R5: 55.9s

  0%|          | 0/79 [00:00<?, ?it/s]
  1%|▏         | 1/79 [00:00<00:15,  4.99it/s]
  6%|▋         | 5/79 [00:00<00:05, 14.69it/s]
  9%|▉         | 7/79 [00:00<00:04, 15.93it/s]
 11%|█▏        | 9/79 [00:00<00:04, 16.77it/s]
 14%|█▍        | 11/79 [00:00<00:03, 17.54it/s]
 16%|█▋        | 13/79 [00:00<00:03, 17.81it/s]
 19%|█▉        | 15/79 [00:00<00:03, 18.27it/s]
 22%|██▏       | 17/79 [00:01<00:03, 18.35it/s]
 24%|██▍       | 19/79 [00:01<00:03, 18.82it/s]
 27%|██▋       | 21/79 [00:01<00:03, 19.00it/s]
 29%|██▉       | 23/79 [00:01<00:02, 19.21it/s]
 33%|███▎      | 26/79 [00:01<00:02, 21.26it/s]
 37%|███▋      | 29/79 [00:01<00:02, 19.12it/s]
 39%|███▉      | 31/79 [00:01<00:02, 19.23it/s]
 43%|████▎     | 34/79 [00:01<00:02, 21.28it/s]
 47%|████▋     | 37/79 [00:02<00:02, 19.15it/s]
 49%|████▉     | 39/79 [00:02<00:02, 19.14it/s]
 52%|█████▏    | 41/79 [00:02<00:01, 19.23it/s]
 54%|█████▍    | 43/79 [00:02<00:01, 19.40it/s]
 58%|█████▊    | 46/79 [00:02<00:01, 21.57it/s]
 62%|██████▏   | 49/79 [00:02<00:01, 19.03it/s]
 65%|██████▍   | 51/79 [00:02<00:01, 19.04it/s]
 67%|██████▋   | 53/79 [00:02<00:01, 19.22it/s]
 70%|██████▉   | 55/79 [00:02<00:01, 19.23it/s]
 72%|███████▏  | 57/79 [00:03<00:01, 19.29it/s]
 76%|███████▌  | 60/79 [00:03<00:00, 20.60it/s]
 80%|███████▉  | 63/79 [00:03<00:00, 19.80it/s]
 82%|████████▏ | 65/79 [00:03<00:00, 19.83it/s]
 86%|████████▌ | 68/79 [00:03<00:00, 20.37it/s]
 90%|████████▉ | 71/79 [00:03<00:00, 19.78it/s]
 92%|█████████▏| 73/79 [00:03<00:00, 19.57it/s]
 95%|█████████▍| 75/79 [00:03<00:00, 19.43it/s]
 97%|█████████▋| 77/79 [00:04<00:00, 19.30it/s]
100%|██████████| 79/79 [00:04<00:00, 19.18it/s]

CommRound: 6/30
Accuracy: 87.33% | Loss: 0.4077
[############------------------------------------------------] 20.0%
Elapsed: 5.2m | Avg/Round: 51.9s | Last: 53.1s | Next: 51.9s | Remaining: 20.8m
ETA: 17:37:32
Recent round times: R1: 47.0s -> R2: 43.6s -> R3: 52.6s -> R4: 55.9s -> R5: 53.1s

  0%|          | 0/79 [00:00<?, ?it/s]
  1%|▏         | 1/79 [00:00<00:21,  3.68it/s]
  3%|▎         | 2/79 [00:00<00:15,  4.88it/s]
  4%|▍         | 3/79 [00:00<00:13,  5.46it/s]
  5%|▌         | 4/79 [00:00<00:12,  5.84it/s]
  6%|▋         | 5/79 [00:00<00:12,  6.11it/s]
  8%|▊         | 6/79 [00:01<00:10,  6.79it/s]
 11%|█▏        | 9/79 [00:01<00:06, 11.02it/s]
 14%|█▍        | 11/79 [00:01<00:07,  8.67it/s]
 15%|█▌        | 12/79 [00:01<00:08,  8.15it/s]
 18%|█▊        | 14/79 [00:01<00:07,  8.36it/s]
 19%|█▉        | 15/79 [00:02<00:08,  7.92it/s]
 22%|██▏       | 17/79 [00:02<00:06,  8.86it/s]
 28%|██▊       | 22/79 [00:02<00:03, 14.86it/s]
 30%|███       | 24/79 [00:02<00:03, 14.90it/s]
 33%|███▎      | 26/79 [00:02<00:03, 13.90it/s]
 35%|███▌      | 28/79 [00:02<00:03, 12.75it/s]
 39%|███▉      | 31/79 [00:02<00:02, 16.06it/s]
 42%|████▏     | 33/79 [00:03<00:03, 14.63it/s]
 44%|████▍     | 35/79 [00:03<00:03, 12.14it/s]
 48%|████▊     | 38/79 [00:03<00:03, 13.49it/s]
 51%|█████     | 40/79 [00:03<00:02, 13.56it/s]
 53%|█████▎    | 42/79 [00:03<00:03, 11.70it/s]
 56%|█████▌    | 44/79 [00:04<00:03, 11.16it/s]
 62%|██████▏   | 49/79 [00:04<00:01, 15.43it/s]
 65%|██████▍   | 51/79 [00:04<00:01, 15.84it/s]
 67%|██████▋   | 53/79 [00:04<00:01, 14.40it/s]
 70%|██████▉   | 55/79 [00:04<00:01, 15.17it/s]
 72%|███████▏  | 57/79 [00:04<00:01, 14.77it/s]
 75%|███████▍  | 59/79 [00:05<00:01, 14.43it/s]
 77%|███████▋  | 61/79 [00:05<00:01, 14.23it/s]
 80%|███████▉  | 63/79 [00:05<00:01, 14.25it/s]
 82%|████████▏ | 65/79 [00:05<00:00, 14.24it/s]
 85%|████████▍ | 67/79 [00:05<00:00, 13.20it/s]
 87%|████████▋ | 69/79 [00:05<00:00, 12.68it/s]
 91%|█████████ | 72/79 [00:05<00:00, 16.10it/s]
 94%|█████████▎| 74/79 [00:06<00:00, 16.57it/s]
 96%|█████████▌| 76/79 [00:06<00:00, 16.67it/s]
 99%|█████████▊| 78/79 [00:06<00:00, 16.85it/s]
100%|██████████| 79/79 [00:06<00:00, 12.57it/s]

CommRound: 7/30
Accuracy: 86.09% | Loss: 0.4176
[##############----------------------------------------------] 23.3%
Elapsed: 6.2m | Avg/Round: 53.5s | Last: 63.1s | Next: 53.5s | Remaining: 20.5m
ETA: 17:38:20
Recent round times: R1: 43.6s -> R2: 52.6s -> R3: 55.9s -> R4: 53.1s -> R5: 63.1s

  0%|          | 0/79 [00:00<?, ?it/s]
  1%|▏         | 1/79 [00:00<00:13,  5.79it/s]
  6%|▋         | 5/79 [00:00<00:04, 15.58it/s]
 11%|█▏        | 9/79 [00:00<00:03, 18.71it/s]
 15%|█▌        | 12/79 [00:00<00:03, 21.36it/s]
 19%|█▉        | 15/79 [00:00<00:03, 19.09it/s]
 23%|██▎       | 18/79 [00:00<00:02, 21.35it/s]
 27%|██▋       | 21/79 [00:01<00:03, 19.11it/s]
 30%|███       | 24/79 [00:01<00:02, 20.42it/s]
 34%|███▍      | 27/79 [00:01<00:02, 19.68it/s]
 38%|███▊      | 30/79 [00:01<00:02, 21.60it/s]
 42%|████▏     | 33/79 [00:01<00:02, 17.58it/s]
 46%|████▌     | 36/79 [00:01<00:02, 19.89it/s]
 49%|████▉     | 39/79 [00:02<00:02, 16.59it/s]
 52%|█████▏    | 41/79 [00:02<00:02, 16.10it/s]
 54%|█████▍    | 43/79 [00:02<00:02, 15.66it/s]
 57%|█████▋    | 45/79 [00:02<00:02, 13.34it/s]
 59%|█████▉    | 47/79 [00:02<00:02, 13.50it/s]
 66%|██████▌   | 52/79 [00:02<00:01, 20.88it/s]
 70%|██████▉   | 55/79 [00:02<00:01, 22.02it/s]
 73%|███████▎  | 58/79 [00:03<00:01, 20.70it/s]
 77%|███████▋  | 61/79 [00:03<00:00, 22.68it/s]
 82%|████████▏ | 65/79 [00:03<00:00, 23.98it/s]
 87%|████████▋ | 69/79 [00:03<00:00, 26.44it/s]
 92%|█████████▏| 73/79 [00:03<00:00, 27.91it/s]
 97%|█████████▋| 77/79 [00:03<00:00, 27.94it/s]
100%|██████████| 79/79 [00:03<00:00, 20.67it/s]

CommRound: 8/30
Accuracy: 83.77% | Loss: 0.5524
[################--------------------------------------------] 26.7%
Elapsed: 7.2m | Avg/Round: 53.9s | Last: 56.7s | Next: 53.9s | Remaining: 19.8m
ETA: 17:38:32
Recent round times: R1: 52.6s -> R2: 55.9s -> R3: 53.1s -> R4: 63.1s -> R5: 56.7s

  0%|          | 0/79 [00:00<?, ?it/s]
  1%|▏         | 1/79 [00:00<00:15,  5.19it/s]
  6%|▋         | 5/79 [00:00<00:04, 17.49it/s]
 10%|█         | 8/79 [00:00<00:03, 20.65it/s]
 14%|█▍        | 11/79 [00:00<00:03, 21.45it/s]
 18%|█▊        | 14/79 [00:00<00:03, 21.33it/s]
 22%|██▏       | 17/79 [00:01<00:04, 13.76it/s]
 29%|██▉       | 23/79 [00:01<00:02, 20.76it/s]
 33%|███▎      | 26/79 [00:01<00:02, 20.18it/s]
 37%|███▋      | 29/79 [00:01<00:02, 20.92it/s]
 41%|████      | 32/79 [00:01<00:02, 20.71it/s]
 44%|████▍     | 35/79 [00:01<00:02, 21.52it/s]
 48%|████▊     | 38/79 [00:01<00:01, 22.35it/s]
 52%|█████▏    | 41/79 [00:02<00:01, 23.03it/s]
 56%|█████▌    | 44/79 [00:02<00:01, 22.55it/s]
 59%|█████▉    | 47/79 [00:02<00:01, 20.04it/s]
 63%|██████▎   | 50/79 [00:02<00:01, 18.64it/s]
 66%|██████▌   | 52/79 [00:02<00:01, 17.47it/s]
 68%|██████▊   | 54/79 [00:02<00:01, 16.44it/s]
 71%|███████   | 56/79 [00:03<00:01, 14.21it/s]
 75%|███████▍  | 59/79 [00:03<00:01, 16.08it/s]
 80%|███████▉  | 63/79 [00:03<00:00, 19.85it/s]
 84%|████████▎ | 66/79 [00:03<00:00, 21.01it/s]
 87%|████████▋ | 69/79 [00:03<00:00, 21.60it/s]
 91%|█████████ | 72/79 [00:03<00:00, 23.31it/s]
 97%|█████████▋| 77/79 [00:03<00:00, 26.00it/s]
100%|██████████| 79/79 [00:03<00:00, 20.47it/s]

CommRound: 9/30
Accuracy: 85.78% | Loss: 0.4721
[##################------------------------------------------] 30.0%
Elapsed: 8.0m | Avg/Round: 53.7s | Last: 51.8s | Next: 53.7s | Remaining: 18.8m
ETA: 17:38:25
Recent round times: R1: 55.9s -> R2: 53.1s -> R3: 63.1s -> R4: 56.7s -> R5: 51.8s

  0%|          | 0/79 [00:00<?, ?it/s]
  1%|▏         | 1/79 [00:00<00:08,  8.91it/s]
  6%|▋         | 5/79 [00:00<00:03, 22.98it/s]
 11%|█▏        | 9/79 [00:00<00:02, 28.62it/s]
 16%|█▋        | 13/79 [00:00<00:02, 31.19it/s]
 22%|██▏       | 17/79 [00:00<00:01, 32.95it/s]
 27%|██▋       | 21/79 [00:00<00:01, 34.05it/s]
 32%|███▏      | 25/79 [00:00<00:01, 34.96it/s]
 37%|███▋      | 29/79 [00:00<00:01, 34.90it/s]
 42%|████▏     | 33/79 [00:01<00:01, 34.92it/s]
 47%|████▋     | 37/79 [00:01<00:01, 34.03it/s]
 52%|█████▏    | 41/79 [00:01<00:01, 33.56it/s]
 57%|█████▋    | 45/79 [00:01<00:01, 33.09it/s]
 62%|██████▏   | 49/79 [00:01<00:00, 32.78it/s]
 67%|██████▋   | 53/79 [00:01<00:00, 32.51it/s]
 72%|███████▏  | 57/79 [00:01<00:00, 32.46it/s]
 77%|███████▋  | 61/79 [00:01<00:00, 32.44it/s]
 82%|████████▏ | 65/79 [00:02<00:00, 32.39it/s]
 87%|████████▋ | 69/79 [00:02<00:00, 32.11it/s]
 92%|█████████▏| 73/79 [00:02<00:00, 32.38it/s]
 97%|█████████▋| 77/79 [00:02<00:00, 32.33it/s]
100%|██████████| 79/79 [00:02<00:00, 32.30it/s]

CommRound: 10/30
Accuracy: 87.16% | Loss: 0.4603
[####################----------------------------------------] 33.3%
Elapsed: 8.9m | Avg/Round: 53.3s | Last: 50.3s | Next: 53.3s | Remaining: 17.8m
ETA: 17:38:15
Recent round times: R1: 53.1s -> R2: 63.1s -> R3: 56.7s -> R4: 51.8s -> R5: 50.3s

  0%|          | 0/79 [00:00<?, ?it/s]
  1%|▏         | 1/79 [00:00<00:08,  9.46it/s]
  5%|▌         | 4/79 [00:00<00:03, 20.94it/s]
  9%|▉         | 7/79 [00:00<00:03, 20.71it/s]
 14%|█▍        | 11/79 [00:00<00:02, 25.87it/s]
 18%|█▊        | 14/79 [00:00<00:02, 26.75it/s]
 23%|██▎       | 18/79 [00:00<00:02, 28.67it/s]
 28%|██▊       | 22/79 [00:00<00:01, 30.74it/s]
 33%|███▎      | 26/79 [00:00<00:01, 32.05it/s]
 38%|███▊      | 30/79 [00:01<00:01, 33.04it/s]
 43%|████▎     | 34/79 [00:01<00:01, 30.92it/s]
 48%|████▊     | 38/79 [00:01<00:01, 27.04it/s]
 53%|█████▎    | 42/79 [00:01<00:01, 25.37it/s]
 58%|█████▊    | 46/79 [00:01<00:01, 24.19it/s]
 63%|██████▎   | 50/79 [00:01<00:01, 23.45it/s]
 68%|██████▊   | 54/79 [00:02<00:01, 23.40it/s]
 73%|███████▎  | 58/79 [00:02<00:00, 25.87it/s]
 78%|███████▊  | 62/79 [00:02<00:00, 27.76it/s]
 84%|████████▎ | 66/79 [00:02<00:00, 29.63it/s]
 89%|████████▊ | 70/79 [00:02<00:00, 31.11it/s]
 94%|█████████▎| 74/79 [00:02<00:00, 31.57it/s]
 99%|█████████▊| 78/79 [00:02<00:00, 31.99it/s]
100%|██████████| 79/79 [00:02<00:00, 27.97it/s]

CommRound: 11/30
Accuracy: 87.50% | Loss: 0.4674
[######################--------------------------------------] 36.7%
Elapsed: 9.7m | Avg/Round: 53.1s | Last: 50.6s | Next: 53.1s | Remaining: 16.8m
ETA: 17:38:08
Recent round times: R1: 63.1s -> R2: 56.7s -> R3: 51.8s -> R4: 50.3s -> R5: 50.6s

  0%|          | 0/79 [00:00<?, ?it/s]
  1%|▏         | 1/79 [00:00<00:12,  6.11it/s]
  6%|▋         | 5/79 [00:00<00:03, 19.29it/s]
 11%|█▏        | 9/79 [00:00<00:03, 21.92it/s]
 16%|█▋        | 13/79 [00:00<00:02, 23.42it/s]
 22%|██▏       | 17/79 [00:00<00:02, 23.37it/s]
 27%|██▋       | 21/79 [00:00<00:02, 23.38it/s]
 32%|███▏      | 25/79 [00:01<00:02, 23.35it/s]
 37%|███▋      | 29/79 [00:01<00:02, 23.26it/s]
 42%|████▏     | 33/79 [00:01<00:01, 23.19it/s]
 47%|████▋     | 37/79 [00:01<00:01, 23.01it/s]
 51%|█████     | 40/79 [00:01<00:01, 24.19it/s]
 54%|█████▍    | 43/79 [00:01<00:01, 22.78it/s]
 58%|█████▊    | 46/79 [00:02<00:01, 23.18it/s]
 62%|██████▏   | 49/79 [00:02<00:01, 22.55it/s]
 66%|██████▌   | 52/79 [00:02<00:01, 24.27it/s]
 71%|███████   | 56/79 [00:02<00:00, 27.36it/s]
 76%|███████▌  | 60/79 [00:02<00:00, 29.61it/s]
 81%|████████  | 64/79 [00:02<00:00, 31.32it/s]
 86%|████████▌ | 68/79 [00:02<00:00, 32.56it/s]
 91%|█████████ | 72/79 [00:02<00:00, 32.64it/s]
 96%|█████████▌| 76/79 [00:02<00:00, 33.54it/s]
100%|██████████| 79/79 [00:03<00:00, 26.05it/s]

CommRound: 12/30
Accuracy: 87.78% | Loss: 0.4576
[########################------------------------------------] 40.0%
Elapsed: 10.5m | Avg/Round: 52.7s | Last: 48.3s | Next: 52.7s | Remaining: 15.8m
ETA: 17:37:56
Recent round times: R1: 56.7s -> R2: 51.8s -> R3: 50.3s -> R4: 50.6s -> R5: 48.3s

  0%|          | 0/79 [00:00<?, ?it/s]
  1%|▏         | 1/79 [00:00<00:11,  6.59it/s]
  6%|▋         | 5/79 [00:00<00:03, 21.87it/s]
 11%|█▏        | 9/79 [00:00<00:02, 25.74it/s]
 16%|█▋        | 13/79 [00:00<00:02, 27.18it/s]
 22%|██▏       | 17/79 [00:00<00:02, 28.03it/s]
 27%|██▋       | 21/79 [00:00<00:01, 29.04it/s]
 32%|███▏      | 25/79 [00:00<00:01, 29.44it/s]
 37%|███▋      | 29/79 [00:01<00:01, 29.65it/s]
 42%|████▏     | 33/79 [00:01<00:01, 30.71it/s]
 47%|████▋     | 37/79 [00:01<00:01, 30.32it/s]
 52%|█████▏    | 41/79 [00:01<00:01, 30.51it/s]
 57%|█████▋    | 45/79 [00:01<00:01, 30.18it/s]
 62%|██████▏   | 49/79 [00:01<00:01, 28.60it/s]
 67%|██████▋   | 53/79 [00:01<00:00, 27.98it/s]
 72%|███████▏  | 57/79 [00:02<00:00, 27.05it/s]
 77%|███████▋  | 61/79 [00:02<00:00, 27.09it/s]
 82%|████████▏ | 65/79 [00:02<00:00, 29.35it/s]
 87%|████████▋ | 69/79 [00:02<00:00, 30.98it/s]
 92%|█████████▏| 73/79 [00:02<00:00, 30.24it/s]
 97%|█████████▋| 77/79 [00:02<00:00, 29.99it/s]
100%|██████████| 79/79 [00:02<00:00, 29.05it/s]

CommRound: 13/30
Accuracy: 87.80% | Loss: 0.4544
[##########################----------------------------------] 43.3%
Elapsed: 11.5m | Avg/Round: 53.0s | Last: 56.7s | Next: 53.0s | Remaining: 15.0m
ETA: 17:38:05
Recent round times: R1: 51.8s -> R2: 50.3s -> R3: 50.6s -> R4: 48.3s -> R5: 56.7s

  0%|          | 0/79 [00:00<?, ?it/s]
  1%|▏         | 1/79 [00:00<00:12,  6.37it/s]
  6%|▋         | 5/79 [00:00<00:03, 20.64it/s]
 11%|█▏        | 9/79 [00:00<00:02, 23.38it/s]
 16%|█▋        | 13/79 [00:00<00:02, 26.51it/s]
 22%|██▏       | 17/79 [00:00<00:02, 25.58it/s]
 27%|██▋       | 21/79 [00:00<00:02, 26.10it/s]
 32%|███▏      | 25/79 [00:01<00:01, 27.10it/s]
 37%|███▋      | 29/79 [00:01<00:01, 27.95it/s]
 42%|████▏     | 33/79 [00:01<00:01, 28.63it/s]
 47%|████▋     | 37/79 [00:01<00:01, 28.19it/s]
 52%|█████▏    | 41/79 [00:01<00:01, 27.84it/s]
 57%|█████▋    | 45/79 [00:01<00:01, 28.44it/s]
 62%|██████▏   | 49/79 [00:01<00:01, 28.61it/s]
 67%|██████▋   | 53/79 [00:01<00:00, 29.12it/s]
 72%|███████▏  | 57/79 [00:02<00:00, 29.39it/s]
 77%|███████▋  | 61/79 [00:02<00:00, 29.31it/s]
 82%|████████▏ | 65/79 [00:02<00:00, 29.26it/s]
 87%|████████▋ | 69/79 [00:02<00:00, 28.48it/s]
 91%|█████████ | 72/79 [00:02<00:00, 28.32it/s]
 95%|█████████▍| 75/79 [00:02<00:00, 27.75it/s]
 99%|█████████▊| 78/79 [00:02<00:00, 27.53it/s]
100%|██████████| 79/79 [00:02<00:00, 27.43it/s]

CommRound: 14/30
Accuracy: 87.93% | Loss: 0.4485
[############################--------------------------------] 46.7%
Elapsed: 12.3m | Avg/Round: 52.9s | Last: 51.6s | Next: 52.9s | Remaining: 14.1m
ETA: 17:38:02
Recent round times: R1: 50.3s -> R2: 50.6s -> R3: 48.3s -> R4: 56.7s -> R5: 51.6s

  0%|          | 0/79 [00:00<?, ?it/s]
  1%|▏         | 1/79 [00:00<00:10,  7.20it/s]
  6%|▋         | 5/79 [00:00<00:03, 21.75it/s]
 11%|█▏        | 9/79 [00:00<00:02, 25.92it/s]
 16%|█▋        | 13/79 [00:00<00:02, 27.43it/s]
 22%|██▏       | 17/79 [00:00<00:02, 28.58it/s]
 27%|██▋       | 21/79 [00:00<00:01, 29.62it/s]
 32%|███▏      | 25/79 [00:00<00:01, 30.18it/s]
 37%|███▋      | 29/79 [00:01<00:01, 30.76it/s]
 42%|████▏     | 33/79 [00:01<00:01, 31.18it/s]
 47%|████▋     | 37/79 [00:01<00:01, 31.39it/s]
 52%|█████▏    | 41/79 [00:01<00:01, 31.52it/s]
 57%|█████▋    | 45/79 [00:01<00:01, 31.64it/s]
 62%|██████▏   | 49/79 [00:01<00:00, 31.25it/s]
 67%|██████▋   | 53/79 [00:01<00:00, 31.41it/s]
 72%|███████▏  | 57/79 [00:01<00:00, 31.51it/s]
 77%|███████▋  | 61/79 [00:02<00:00, 32.27it/s]
 82%|████████▏ | 65/79 [00:02<00:00, 31.25it/s]
 87%|████████▋ | 69/79 [00:02<00:00, 31.80it/s]
 92%|█████████▏| 73/79 [00:02<00:00, 31.13it/s]
 97%|█████████▋| 77/79 [00:02<00:00, 31.64it/s]
100%|██████████| 79/79 [00:02<00:00, 30.67it/s]

CommRound: 15/30
Accuracy: 88.15% | Loss: 0.4419
[##############################------------------------------] 50.0%
Elapsed: 13.0m | Avg/Round: 52.2s | Last: 42.1s | Next: 52.2s | Remaining: 13.0m
ETA: 17:37:40
Recent round times: R1: 50.6s -> R2: 48.3s -> R3: 56.7s -> R4: 51.6s -> R5: 42.1s

  0%|          | 0/79 [00:00<?, ?it/s]
  1%|▏         | 1/79 [00:00<00:12,  6.33it/s]
  8%|▊         | 6/79 [00:00<00:02, 26.35it/s]
 13%|█▎        | 10/79 [00:00<00:02, 27.06it/s]
 16%|█▋        | 13/79 [00:00<00:02, 24.70it/s]
 22%|██▏       | 17/79 [00:00<00:02, 25.82it/s]
 27%|██▋       | 21/79 [00:00<00:02, 26.47it/s]
 32%|███▏      | 25/79 [00:00<00:01, 27.53it/s]
 37%|███▋      | 29/79 [00:01<00:01, 27.98it/s]
 42%|████▏     | 33/79 [00:01<00:01, 28.02it/s]
 47%|████▋     | 37/79 [00:01<00:01, 27.96it/s]
 52%|█████▏    | 41/79 [00:01<00:01, 27.89it/s]
 57%|█████▋    | 45/79 [00:01<00:01, 30.37it/s]
 62%|██████▏   | 49/79 [00:01<00:00, 31.96it/s]
 67%|██████▋   | 53/79 [00:01<00:00, 31.49it/s]
 72%|███████▏  | 57/79 [00:02<00:00, 31.16it/s]
 77%|███████▋  | 61/79 [00:02<00:00, 31.22it/s]
 82%|████████▏ | 65/79 [00:02<00:00, 30.58it/s]
 87%|████████▋ | 69/79 [00:02<00:00, 30.54it/s]
 92%|█████████▏| 73/79 [00:02<00:00, 29.90it/s]
 97%|█████████▋| 77/79 [00:02<00:00, 31.40it/s]
100%|██████████| 79/79 [00:02<00:00, 29.29it/s]

CommRound: 16/30
Accuracy: 88.30% | Loss: 0.4360
[################################----------------------------] 53.3%
Elapsed: 13.8m | Avg/Round: 51.7s | Last: 44.2s | Next: 51.7s | Remaining: 12.1m
ETA: 17:37:26
Recent round times: R1: 48.3s -> R2: 56.7s -> R3: 51.6s -> R4: 42.1s -> R5: 44.2s

  0%|          | 0/79 [00:00<?, ?it/s]
  1%|▏         | 1/79 [00:00<00:12,  6.48it/s]
  9%|▉         | 7/79 [00:00<00:02, 26.36it/s]
 14%|█▍        | 11/79 [00:00<00:02, 27.57it/s]
 19%|█▉        | 15/79 [00:00<00:02, 26.85it/s]
 24%|██▍       | 19/79 [00:00<00:02, 27.40it/s]
 29%|██▉       | 23/79 [00:00<00:02, 27.77it/s]
 34%|███▍      | 27/79 [00:01<00:01, 28.21it/s]
 39%|███▉      | 31/79 [00:01<00:01, 28.35it/s]
 44%|████▍     | 35/79 [00:01<00:01, 27.71it/s]
 49%|████▉     | 39/79 [00:01<00:01, 28.49it/s]
 54%|█████▍    | 43/79 [00:01<00:01, 29.17it/s]
 59%|█████▉    | 47/79 [00:01<00:01, 30.00it/s]
 65%|██████▍   | 51/79 [00:01<00:00, 30.83it/s]
 70%|██████▉   | 55/79 [00:01<00:00, 31.44it/s]
 75%|███████▍  | 59/79 [00:02<00:00, 31.80it/s]
 80%|███████▉  | 63/79 [00:02<00:00, 30.82it/s]
 85%|████████▍ | 67/79 [00:02<00:00, 31.00it/s]
 90%|████████▉ | 71/79 [00:02<00:00, 30.68it/s]
 95%|█████████▍| 75/79 [00:02<00:00, 30.62it/s]
100%|██████████| 79/79 [00:02<00:00, 29.50it/s]

CommRound: 17/30
Accuracy: 88.41% | Loss: 0.4311
[##################################--------------------------] 56.7%
Elapsed: 14.7m | Avg/Round: 51.7s | Last: 52.3s | Next: 51.7s | Remaining: 11.2m
ETA: 17:37:27
Recent round times: R1: 56.7s -> R2: 51.6s -> R3: 42.1s -> R4: 44.2s -> R5: 52.3s

  0%|          | 0/79 [00:00<?, ?it/s]
  1%|▏         | 1/79 [00:00<00:13,  5.96it/s]
  9%|▉         | 7/79 [00:00<00:02, 26.18it/s]
 14%|█▍        | 11/79 [00:00<00:02, 30.48it/s]
 19%|█▉        | 15/79 [00:00<00:01, 32.37it/s]
 24%|██▍       | 19/79 [00:00<00:01, 34.29it/s]
 29%|██▉       | 23/79 [00:00<00:01, 35.10it/s]
 34%|███▍      | 27/79 [00:00<00:01, 35.09it/s]
 39%|███▉      | 31/79 [00:00<00:01, 35.21it/s]
 44%|████▍     | 35/79 [00:01<00:01, 34.44it/s]
 49%|████▉     | 39/79 [00:01<00:01, 33.82it/s]
 54%|█████▍    | 43/79 [00:01<00:01, 33.55it/s]
 59%|█████▉    | 47/79 [00:01<00:00, 33.48it/s]
 65%|██████▍   | 51/79 [00:01<00:00, 33.20it/s]
 70%|██████▉   | 55/79 [00:01<00:00, 32.91it/s]
 75%|███████▍  | 59/79 [00:01<00:00, 32.69it/s]
 80%|███████▉  | 63/79 [00:01<00:00, 32.64it/s]
 85%|████████▍ | 67/79 [00:02<00:00, 32.49it/s]
 90%|████████▉ | 71/79 [00:02<00:00, 32.46it/s]
 95%|█████████▍| 75/79 [00:02<00:00, 32.46it/s]
100%|██████████| 79/79 [00:02<00:00, 33.76it/s]
100%|██████████| 79/79 [00:02<00:00, 32.31it/s]

CommRound: 18/30
Accuracy: 88.54% | Loss: 0.4261
[####################################------------------------] 60.0%
Elapsed: 15.3m | Avg/Round: 51.0s | Last: 38.4s | Next: 51.0s | Remaining: 10.2m
ETA: 17:37:05
Recent round times: R1: 51.6s -> R2: 42.1s -> R3: 44.2s -> R4: 52.3s -> R5: 38.4s

  0%|          | 0/79 [00:00<?, ?it/s]
  1%|▏         | 1/79 [00:00<00:10,  7.28it/s]
  8%|▊         | 6/79 [00:00<00:02, 25.05it/s]
 13%|█▎        | 10/79 [00:00<00:02, 28.73it/s]
 18%|█▊        | 14/79 [00:00<00:02, 28.75it/s]
 23%|██▎       | 18/79 [00:00<00:02, 29.21it/s]
 28%|██▊       | 22/79 [00:00<00:01, 30.27it/s]
 33%|███▎      | 26/79 [00:00<00:01, 30.74it/s]
 38%|███▊      | 30/79 [00:01<00:01, 31.18it/s]
 43%|████▎     | 34/79 [00:01<00:01, 31.21it/s]
 48%|████▊     | 38/79 [00:01<00:01, 31.34it/s]
 53%|█████▎    | 42/79 [00:01<00:01, 31.42it/s]
 58%|█████▊    | 46/79 [00:01<00:01, 30.86it/s]
 63%|██████▎   | 50/79 [00:01<00:00, 31.02it/s]
 68%|██████▊   | 54/79 [00:01<00:00, 31.18it/s]
 73%|███████▎  | 58/79 [00:01<00:00, 32.95it/s]
 78%|███████▊  | 62/79 [00:02<00:00, 32.78it/s]
 84%|████████▎ | 66/79 [00:02<00:00, 32.34it/s]
 89%|████████▊ | 70/79 [00:02<00:00, 31.55it/s]
 94%|█████████▎| 74/79 [00:02<00:00, 31.38it/s]
 99%|█████████▊| 78/79 [00:02<00:00, 31.91it/s]
100%|██████████| 79/79 [00:02<00:00, 30.82it/s]

CommRound: 19/30
Accuracy: 88.71% | Loss: 0.4214
[######################################----------------------] 63.3%
Elapsed: 16.0m | Avg/Round: 50.7s | Last: 45.0s | Next: 50.7s | Remaining: 9.3m
ETA: 17:36:55
Recent round times: R1: 42.1s -> R2: 44.2s -> R3: 52.3s -> R4: 38.4s -> R5: 45.0s

  0%|          | 0/79 [00:00<?, ?it/s]
  1%|▏         | 1/79 [00:00<00:08,  8.79it/s]
  9%|▉         | 7/79 [00:00<00:02, 30.09it/s]
 14%|█▍        | 11/79 [00:00<00:02, 33.14it/s]
 19%|█▉        | 15/79 [00:00<00:01, 34.89it/s]
 24%|██▍       | 19/79 [00:00<00:01, 36.22it/s]
 29%|██▉       | 23/79 [00:00<00:01, 37.06it/s]
 34%|███▍      | 27/79 [00:00<00:01, 37.68it/s]
 39%|███▉      | 31/79 [00:00<00:01, 38.01it/s]
 44%|████▍     | 35/79 [00:00<00:01, 38.17it/s]
 49%|████▉     | 39/79 [00:01<00:01, 38.41it/s]
 54%|█████▍    | 43/79 [00:01<00:00, 38.08it/s]
 59%|█████▉    | 47/79 [00:01<00:00, 38.19it/s]
 65%|██████▍   | 51/79 [00:01<00:00, 38.32it/s]
 70%|██████▉   | 55/79 [00:01<00:00, 38.37it/s]
 75%|███████▍  | 59/79 [00:01<00:00, 38.49it/s]
 80%|███████▉  | 63/79 [00:01<00:00, 37.93it/s]
 86%|████████▌ | 68/79 [00:01<00:00, 41.08it/s]
 92%|█████████▏| 73/79 [00:01<00:00, 38.62it/s]
 99%|█████████▊| 78/79 [00:02<00:00, 41.58it/s]
100%|██████████| 79/79 [00:02<00:00, 37.83it/s]

CommRound: 20/30
Accuracy: 88.82% | Loss: 0.4167
[########################################--------------------] 66.7%
Elapsed: 16.7m | Avg/Round: 50.2s | Last: 42.3s | Next: 50.2s | Remaining: 8.4m
ETA: 17:36:43
Recent round times: R1: 44.2s -> R2: 52.3s -> R3: 38.4s -> R4: 45.0s -> R5: 42.3s

  0%|          | 0/79 [00:00<?, ?it/s]
  1%|▏         | 1/79 [00:00<00:15,  5.17it/s]
  6%|▋         | 5/79 [00:00<00:04, 15.93it/s]
 11%|█▏        | 9/79 [00:00<00:03, 19.89it/s]
 15%|█▌        | 12/79 [00:00<00:03, 20.67it/s]
 19%|█▉        | 15/79 [00:00<00:03, 21.15it/s]
 23%|██▎       | 18/79 [00:00<00:02, 22.29it/s]
 27%|██▋       | 21/79 [00:01<00:02, 22.49it/s]
 30%|███       | 24/79 [00:01<00:02, 23.09it/s]
 34%|███▍      | 27/79 [00:01<00:02, 23.77it/s]
 38%|███▊      | 30/79 [00:01<00:02, 23.37it/s]
 42%|████▏     | 33/79 [00:01<00:01, 24.31it/s]
 46%|████▌     | 36/79 [00:01<00:01, 23.21it/s]
 49%|████▉     | 39/79 [00:01<00:01, 23.76it/s]
 53%|█████▎    | 42/79 [00:01<00:01, 23.10it/s]
 57%|█████▋    | 45/79 [00:02<00:01, 23.68it/s]
 61%|██████    | 48/79 [00:02<00:01, 23.06it/s]
 65%|██████▍   | 51/79 [00:02<00:01, 23.88it/s]
 68%|██████▊   | 54/79 [00:02<00:01, 23.11it/s]
 72%|███████▏  | 57/79 [00:02<00:00, 24.12it/s]
 76%|███████▌  | 60/79 [00:02<00:00, 23.53it/s]
 80%|███████▉  | 63/79 [00:02<00:00, 24.20it/s]
 84%|████████▎ | 66/79 [00:02<00:00, 23.48it/s]
 87%|████████▋ | 69/79 [00:03<00:00, 24.39it/s]
 91%|█████████ | 72/79 [00:03<00:00, 24.01it/s]
 95%|█████████▍| 75/79 [00:03<00:00, 24.63it/s]
 99%|█████████▊| 78/79 [00:03<00:00, 24.85it/s]
100%|██████████| 79/79 [00:03<00:00, 23.05it/s]

CommRound: 21/30
Accuracy: 89.01% | Loss: 0.4124
[##########################################------------------] 70.0%
Elapsed: 17.5m | Avg/Round: 50.1s | Last: 47.0s | Next: 50.1s | Remaining: 7.5m
ETA: 17:36:38
Recent round times: R1: 52.3s -> R2: 38.4s -> R3: 45.0s -> R4: 42.3s -> R5: 47.0s

  0%|          | 0/79 [00:00<?, ?it/s]
  1%|▏         | 1/79 [00:00<00:14,  5.24it/s]
  6%|▋         | 5/79 [00:00<00:04, 17.95it/s]
 10%|█         | 8/79 [00:00<00:03, 20.34it/s]
 14%|█▍        | 11/79 [00:00<00:03, 21.11it/s]
 18%|█▊        | 14/79 [00:00<00:03, 21.06it/s]
 22%|██▏       | 17/79 [00:00<00:02, 23.16it/s]
 25%|██▌       | 20/79 [00:00<00:02, 21.25it/s]
 29%|██▉       | 23/79 [00:01<00:02, 23.25it/s]
 33%|███▎      | 26/79 [00:01<00:02, 21.61it/s]
 37%|███▋      | 29/79 [00:01<00:02, 22.65it/s]
 41%|████      | 32/79 [00:01<00:01, 23.75it/s]
 44%|████▍     | 35/79 [00:01<00:02, 20.94it/s]
 49%|████▉     | 39/79 [00:01<00:01, 22.03it/s]
 54%|█████▍    | 43/79 [00:02<00:01, 22.33it/s]
 59%|█████▉    | 47/79 [00:02<00:01, 22.34it/s]
 65%|██████▍   | 51/79 [00:02<00:01, 22.61it/s]
 70%|██████▉   | 55/79 [00:02<00:01, 22.79it/s]
 75%|███████▍  | 59/79 [00:02<00:00, 22.90it/s]
 80%|███████▉  | 63/79 [00:02<00:00, 22.72it/s]
 85%|████████▍ | 67/79 [00:03<00:00, 23.06it/s]
 90%|████████▉ | 71/79 [00:03<00:00, 22.92it/s]
 95%|█████████▍| 75/79 [00:03<00:00, 23.32it/s]
100%|██████████| 79/79 [00:03<00:00, 22.67it/s]

CommRound: 22/30
Accuracy: 89.08% | Loss: 0.4088
[############################################----------------] 73.3%
Elapsed: 18.4m | Avg/Round: 50.2s | Last: 51.8s | Next: 50.2s | Remaining: 6.7m
ETA: 17:36:40
Recent round times: R1: 38.4s -> R2: 45.0s -> R3: 42.3s -> R4: 47.0s -> R5: 51.8s

  0%|          | 0/79 [00:00<?, ?it/s]
  1%|▏         | 1/79 [00:00<00:12,  6.13it/s]
  6%|▋         | 5/79 [00:00<00:03, 21.32it/s]
 11%|█▏        | 9/79 [00:00<00:02, 26.99it/s]
 16%|█▋        | 13/79 [00:00<00:02, 26.82it/s]
 22%|██▏       | 17/79 [00:00<00:02, 27.55it/s]
 25%|██▌       | 20/79 [00:00<00:02, 27.39it/s]
 29%|██▉       | 23/79 [00:00<00:02, 26.76it/s]
 33%|███▎      | 26/79 [00:01<00:02, 26.08it/s]
 37%|███▋      | 29/79 [00:01<00:01, 26.21it/s]
 41%|████      | 32/79 [00:01<00:01, 25.52it/s]
 46%|████▌     | 36/79 [00:01<00:01, 27.58it/s]
 51%|█████     | 40/79 [00:01<00:01, 29.20it/s]
 56%|█████▌    | 44/79 [00:01<00:01, 29.77it/s]
 61%|██████    | 48/79 [00:01<00:01, 30.84it/s]
 66%|██████▌   | 52/79 [00:01<00:00, 31.92it/s]
 71%|███████   | 56/79 [00:01<00:00, 32.90it/s]
 76%|███████▌  | 60/79 [00:02<00:00, 33.60it/s]
 81%|████████  | 64/79 [00:02<00:00, 33.99it/s]
 86%|████████▌ | 68/79 [00:02<00:00, 34.01it/s]
 91%|█████████ | 72/79 [00:02<00:00, 33.80it/s]
 96%|█████████▌| 76/79 [00:02<00:00, 33.86it/s]
100%|██████████| 79/79 [00:02<00:00, 29.78it/s]

CommRound: 23/30
Accuracy: 89.20% | Loss: 0.4054
[##############################################--------------] 76.7%
Elapsed: 19.2m | Avg/Round: 50.1s | Last: 49.5s | Next: 50.1s | Remaining: 5.8m
ETA: 17:36:39
Recent round times: R1: 45.0s -> R2: 42.3s -> R3: 47.0s -> R4: 51.8s -> R5: 49.5s

  0%|          | 0/79 [00:00<?, ?it/s]
  1%|▏         | 1/79 [00:00<00:12,  6.42it/s]
  6%|▋         | 5/79 [00:00<00:03, 20.17it/s]
 11%|█▏        | 9/79 [00:00<00:02, 23.72it/s]
 16%|█▋        | 13/79 [00:00<00:02, 25.71it/s]
 22%|██▏       | 17/79 [00:00<00:02, 26.19it/s]
 27%|██▋       | 21/79 [00:00<00:02, 26.39it/s]
 32%|███▏      | 25/79 [00:01<00:02, 26.89it/s]
 35%|███▌      | 28/79 [00:01<00:01, 27.35it/s]
 39%|███▉      | 31/79 [00:01<00:01, 26.42it/s]
 43%|████▎     | 34/79 [00:01<00:01, 26.88it/s]
 47%|████▋     | 37/79 [00:01<00:01, 25.67it/s]
 51%|█████     | 40/79 [00:01<00:01, 26.24it/s]
 54%|█████▍    | 43/79 [00:01<00:01, 26.11it/s]
 58%|█████▊    | 46/79 [00:01<00:01, 25.81it/s]
 62%|██████▏   | 49/79 [00:01<00:01, 26.35it/s]
 66%|██████▌   | 52/79 [00:02<00:01, 26.80it/s]
 70%|██████▉   | 55/79 [00:02<00:00, 27.64it/s]
 73%|███████▎  | 58/79 [00:02<00:00, 28.19it/s]
 77%|███████▋  | 61/79 [00:02<00:00, 27.52it/s]
 82%|████████▏ | 65/79 [00:02<00:00, 27.02it/s]
 87%|████████▋ | 69/79 [00:02<00:00, 27.47it/s]
 92%|█████████▏| 73/79 [00:02<00:00, 27.05it/s]
 97%|█████████▋| 77/79 [00:02<00:00, 27.08it/s]
100%|██████████| 79/79 [00:02<00:00, 26.57it/s]

CommRound: 24/30
Accuracy: 89.30% | Loss: 0.4021
[################################################------------] 80.0%
Elapsed: 20.0m | Avg/Round: 50.0s | Last: 46.2s | Next: 50.0s | Remaining: 5.0m
ETA: 17:36:34
Recent round times: R1: 42.3s -> R2: 47.0s -> R3: 51.8s -> R4: 49.5s -> R5: 46.2s

  0%|          | 0/79 [00:00<?, ?it/s]
  1%|▏         | 1/79 [00:00<00:11,  6.63it/s]
  6%|▋         | 5/79 [00:00<00:03, 20.66it/s]
 11%|█▏        | 9/79 [00:00<00:02, 26.04it/s]
 16%|█▋        | 13/79 [00:00<00:02, 29.01it/s]
 22%|██▏       | 17/79 [00:00<00:02, 29.03it/s]
 25%|██▌       | 20/79 [00:00<00:02, 27.61it/s]
 29%|██▉       | 23/79 [00:00<00:02, 27.67it/s]
 34%|███▍      | 27/79 [00:00<00:01, 30.02it/s]
 39%|███▉      | 31/79 [00:01<00:01, 28.73it/s]
 43%|████▎     | 34/79 [00:01<00:01, 28.18it/s]
 47%|████▋     | 37/79 [00:01<00:01, 27.59it/s]
 51%|█████     | 40/79 [00:01<00:01, 27.18it/s]
 54%|█████▍    | 43/79 [00:01<00:01, 27.33it/s]
 59%|█████▉    | 47/79 [00:01<00:01, 29.40it/s]
 65%|██████▍   | 51/79 [00:01<00:00, 30.55it/s]
 70%|██████▉   | 55/79 [00:01<00:00, 31.33it/s]
 75%|███████▍  | 59/79 [00:02<00:00, 31.76it/s]
 80%|███████▉  | 63/79 [00:02<00:00, 32.38it/s]
 85%|████████▍ | 67/79 [00:02<00:00, 31.83it/s]
 90%|████████▉ | 71/79 [00:02<00:00, 31.68it/s]
 95%|█████████▍| 75/79 [00:02<00:00, 32.66it/s]
100%|██████████| 79/79 [00:02<00:00, 29.81it/s]

CommRound: 25/30
Accuracy: 89.48% | Loss: 0.3991
[##################################################----------] 83.3%
Elapsed: 20.9m | Avg/Round: 50.1s | Last: 52.1s | Next: 50.1s | Remaining: 4.2m
ETA: 17:36:37
Recent round times: R1: 47.0s -> R2: 51.8s -> R3: 49.5s -> R4: 46.2s -> R5: 52.1s

  0%|          | 0/79 [00:00<?, ?it/s]
  1%|▏         | 1/79 [00:00<00:09,  7.99it/s]
  6%|▋         | 5/79 [00:00<00:03, 23.03it/s]
 10%|█         | 8/79 [00:00<00:02, 25.65it/s]
 14%|█▍        | 11/79 [00:00<00:02, 25.77it/s]
 18%|█▊        | 14/79 [00:00<00:02, 26.65it/s]
 22%|██▏       | 17/79 [00:00<00:02, 26.73it/s]
 25%|██▌       | 20/79 [00:00<00:02, 27.25it/s]
 29%|██▉       | 23/79 [00:00<00:02, 27.87it/s]
 33%|███▎      | 26/79 [00:01<00:01, 27.06it/s]
 38%|███▊      | 30/79 [00:01<00:01, 27.30it/s]
 42%|████▏     | 33/79 [00:01<00:01, 27.43it/s]
 46%|████▌     | 36/79 [00:01<00:01, 26.09it/s]
 51%|█████     | 40/79 [00:01<00:01, 26.95it/s]
 56%|█████▌    | 44/79 [00:01<00:01, 26.65it/s]
 61%|██████    | 48/79 [00:01<00:01, 26.62it/s]
 66%|██████▌   | 52/79 [00:01<00:00, 27.53it/s]
 70%|██████▉   | 55/79 [00:02<00:00, 26.49it/s]
 75%|███████▍  | 59/79 [00:02<00:00, 25.92it/s]
 80%|███████▉  | 63/79 [00:02<00:00, 26.10it/s]
 85%|████████▍ | 67/79 [00:02<00:00, 25.96it/s]
 90%|████████▉ | 71/79 [00:02<00:00, 26.24it/s]
 95%|█████████▍| 75/79 [00:02<00:00, 25.90it/s]
100%|██████████| 79/79 [00:02<00:00, 26.71it/s]

CommRound: 26/30
Accuracy: 89.57% | Loss: 0.3964
[####################################################--------] 86.7%
Elapsed: 21.6m | Avg/Round: 49.9s | Last: 46.9s | Next: 49.9s | Remaining: 3.3m
ETA: 17:36:33
Recent round times: R1: 51.8s -> R2: 49.5s -> R3: 46.2s -> R4: 52.1s -> R5: 46.9s

  0%|          | 0/79 [00:00<?, ?it/s]
  1%|▏         | 1/79 [00:00<00:12,  6.43it/s]
  6%|▋         | 5/79 [00:00<00:03, 18.98it/s]
 10%|█         | 8/79 [00:00<00:03, 21.48it/s]
 14%|█▍        | 11/79 [00:00<00:02, 22.69it/s]
 18%|█▊        | 14/79 [00:00<00:03, 21.25it/s]
 23%|██▎       | 18/79 [00:00<00:02, 22.20it/s]
 28%|██▊       | 22/79 [00:01<00:02, 22.63it/s]
 33%|███▎      | 26/79 [00:01<00:02, 23.11it/s]
 38%|███▊      | 30/79 [00:01<00:02, 23.19it/s]
 43%|████▎     | 34/79 [00:01<00:01, 23.17it/s]
 48%|████▊     | 38/79 [00:01<00:01, 23.10it/s]
 53%|█████▎    | 42/79 [00:01<00:01, 22.63it/s]
 58%|█████▊    | 46/79 [00:02<00:01, 24.02it/s]
 63%|██████▎   | 50/79 [00:02<00:01, 25.45it/s]
 68%|██████▊   | 54/79 [00:02<00:00, 26.38it/s]
 73%|███████▎  | 58/79 [00:02<00:00, 27.29it/s]
 78%|███████▊  | 62/79 [00:02<00:00, 28.04it/s]
 84%|████████▎ | 66/79 [00:02<00:00, 28.07it/s]
 89%|████████▊ | 70/79 [00:02<00:00, 28.52it/s]
 94%|█████████▎| 74/79 [00:03<00:00, 28.05it/s]
 99%|█████████▊| 78/79 [00:03<00:00, 28.55it/s]
100%|██████████| 79/79 [00:03<00:00, 24.94it/s]

CommRound: 27/30
Accuracy: 89.63% | Loss: 0.3936
[######################################################------] 90.0%
Elapsed: 22.4m | Avg/Round: 49.9s | Last: 47.8s | Next: 49.9s | Remaining: 2.5m
ETA: 17:36:31
Recent round times: R1: 49.5s -> R2: 46.2s -> R3: 52.1s -> R4: 46.9s -> R5: 47.8s

  0%|          | 0/79 [00:00<?, ?it/s]
  1%|▏         | 1/79 [00:00<00:13,  5.90it/s]
  6%|▋         | 5/79 [00:00<00:03, 19.86it/s]
 11%|█▏        | 9/79 [00:00<00:02, 25.78it/s]
 16%|█▋        | 13/79 [00:00<00:02, 28.64it/s]
 22%|██▏       | 17/79 [00:00<00:02, 30.50it/s]
 27%|██▋       | 21/79 [00:00<00:01, 31.70it/s]
 32%|███▏      | 25/79 [00:00<00:01, 32.46it/s]
 37%|███▋      | 29/79 [00:01<00:01, 32.45it/s]
 42%|████▏     | 33/79 [00:01<00:01, 33.24it/s]
 47%|████▋     | 37/79 [00:01<00:01, 32.39it/s]
 52%|█████▏    | 41/79 [00:01<00:01, 33.38it/s]
 57%|█████▋    | 45/79 [00:01<00:00, 34.02it/s]
 62%|██████▏   | 49/79 [00:01<00:00, 34.09it/s]
 67%|██████▋   | 53/79 [00:01<00:00, 34.45it/s]
 72%|███████▏  | 57/79 [00:01<00:00, 34.18it/s]
 77%|███████▋  | 61/79 [00:01<00:00, 33.53it/s]
 82%|████████▏ | 65/79 [00:02<00:00, 33.72it/s]
 87%|████████▋ | 69/79 [00:02<00:00, 34.25it/s]
 92%|█████████▏| 73/79 [00:02<00:00, 34.67it/s]
 97%|█████████▋| 77/79 [00:02<00:00, 35.02it/s]
100%|██████████| 79/79 [00:02<00:00, 32.43it/s]

CommRound: 28/30
Accuracy: 89.68% | Loss: 0.3912
[########################################################----] 93.3%
Elapsed: 23.4m | Avg/Round: 50.0s | Last: 55.3s | Next: 50.0s | Remaining: 1.7m
ETA: 17:36:37
Recent round times: R1: 46.2s -> R2: 52.1s -> R3: 46.9s -> R4: 47.8s -> R5: 55.3s

  0%|          | 0/79 [00:00<?, ?it/s]
  1%|▏         | 1/79 [00:00<00:11,  6.83it/s]
  6%|▋         | 5/79 [00:00<00:03, 21.24it/s]
 11%|█▏        | 9/79 [00:00<00:02, 26.33it/s]
 15%|█▌        | 12/79 [00:00<00:02, 24.56it/s]
 19%|█▉        | 15/79 [00:00<00:02, 25.42it/s]
 23%|██▎       | 18/79 [00:00<00:02, 24.11it/s]
 27%|██▋       | 21/79 [00:00<00:02, 25.02it/s]
 30%|███       | 24/79 [00:01<00:02, 24.77it/s]
 34%|███▍      | 27/79 [00:01<00:01, 26.10it/s]
 38%|███▊      | 30/79 [00:01<00:01, 25.11it/s]
 42%|████▏     | 33/79 [00:01<00:01, 26.36it/s]
 46%|████▌     | 36/79 [00:01<00:01, 24.99it/s]
 51%|█████     | 40/79 [00:01<00:01, 25.18it/s]
 56%|█████▌    | 44/79 [00:01<00:01, 27.44it/s]
 61%|██████    | 48/79 [00:01<00:01, 29.47it/s]
 66%|██████▌   | 52/79 [00:01<00:00, 30.93it/s]
 71%|███████   | 56/79 [00:02<00:00, 31.92it/s]
 76%|███████▌  | 60/79 [00:02<00:00, 32.58it/s]
 81%|████████  | 64/79 [00:02<00:00, 32.95it/s]
 86%|████████▌ | 68/79 [00:02<00:00, 30.70it/s]
 91%|█████████ | 72/79 [00:02<00:00, 29.28it/s]
 96%|█████████▌| 76/79 [00:02<00:00, 27.80it/s]
100%|██████████| 79/79 [00:02<00:00, 27.37it/s]

CommRound: 29/30
Accuracy: 89.78% | Loss: 0.3888
[##########################################################--] 96.7%
Elapsed: 24.3m | Avg/Round: 50.2s | Last: 55.4s | Next: 50.2s | Remaining: 0.8m
ETA: 17:36:42
Recent round times: R1: 52.1s -> R2: 46.9s -> R3: 47.8s -> R4: 55.3s -> R5: 55.4s

  0%|          | 0/79 [00:00<?, ?it/s]
  1%|▏         | 1/79 [00:00<00:11,  6.88it/s]
  6%|▋         | 5/79 [00:00<00:03, 20.00it/s]
 11%|█▏        | 9/79 [00:00<00:02, 24.47it/s]
 16%|█▋        | 13/79 [00:00<00:02, 26.33it/s]
 22%|██▏       | 17/79 [00:00<00:02, 27.46it/s]
 27%|██▋       | 21/79 [00:00<00:02, 28.41it/s]
 32%|███▏      | 25/79 [00:00<00:01, 28.55it/s]
 37%|███▋      | 29/79 [00:01<00:01, 29.97it/s]
 42%|████▏     | 33/79 [00:01<00:01, 29.93it/s]
 47%|████▋     | 37/79 [00:01<00:01, 29.51it/s]
 52%|█████▏    | 41/79 [00:01<00:01, 29.70it/s]
 57%|█████▋    | 45/79 [00:01<00:01, 29.46it/s]
 61%|██████    | 48/79 [00:01<00:01, 28.13it/s]
 67%|██████▋   | 53/79 [00:01<00:00, 30.96it/s]
 72%|███████▏  | 57/79 [00:02<00:00, 30.94it/s]
 77%|███████▋  | 61/79 [00:02<00:00, 30.60it/s]
 82%|████████▏ | 65/79 [00:02<00:00, 30.14it/s]
 87%|████████▋ | 69/79 [00:02<00:00, 30.11it/s]
 92%|█████████▏| 73/79 [00:02<00:00, 29.98it/s]
 97%|█████████▋| 77/79 [00:02<00:00, 30.37it/s]
100%|██████████| 79/79 [00:02<00:00, 29.22it/s]

CommRound: 30/30
Accuracy: 89.82% | Loss: 0.3866
[############################################################] 100.0%
Elapsed: 25.2m | Avg/Round: 50.4s | Last: 54.9s | Next: 50.4s | Remaining: 0.0m
ETA: 17:36:47
Recent round times: R1: 46.9s -> R2: 47.8s -> R3: 55.3s -> R4: 55.4s -> R5: 54.9s
Total time for experiment: 1511.6037278175354 seconds
Device average training time per communication round [s]:
    rpi (sld-rpi-09.ece.utexas.edu): 5.46 seconds
    mc1 (sld-mc1-09.ece.utexas.edu): 46.18 seconds
