
  0%|          | 0/79 [00:00<?, ?it/s]
  3%|▎         | 2/79 [00:00<00:04, 18.76it/s]
  6%|▋         | 5/79 [00:00<00:02, 24.91it/s]
 11%|█▏        | 9/79 [00:00<00:02, 29.56it/s]
 16%|█▋        | 13/79 [00:00<00:02, 31.68it/s]
 22%|██▏       | 17/79 [00:00<00:01, 32.99it/s]
 27%|██▋       | 21/79 [00:00<00:01, 34.52it/s]
 32%|███▏      | 25/79 [00:00<00:01, 35.53it/s]
 37%|███▋      | 29/79 [00:00<00:01, 36.14it/s]
 42%|████▏     | 33/79 [00:00<00:01, 36.17it/s]
 47%|████▋     | 37/79 [00:01<00:01, 35.87it/s]
 52%|█████▏    | 41/79 [00:01<00:01, 36.60it/s]
 57%|█████▋    | 45/79 [00:01<00:00, 36.51it/s]
 62%|██████▏   | 49/79 [00:01<00:00, 35.62it/s]
 67%|██████▋   | 53/79 [00:01<00:00, 35.38it/s]
 72%|███████▏  | 57/79 [00:01<00:00, 34.91it/s]
 77%|███████▋  | 61/79 [00:01<00:00, 35.81it/s]
 82%|████████▏ | 65/79 [00:01<00:00, 36.07it/s]
 87%|████████▋ | 69/79 [00:01<00:00, 36.57it/s]
 92%|█████████▏| 73/79 [00:02<00:00, 36.83it/s]
 97%|█████████▋| 77/79 [00:02<00:00, 36.52it/s]
100%|██████████| 79/79 [00:02<00:00, 35.51it/s]
Initial Accuracy: 10.32%; Initial Loss: 2.3189

  0%|          | 0/79 [00:00<?, ?it/s]
  1%|▏         | 1/79 [00:00<00:08,  9.02it/s]
  6%|▋         | 5/79 [00:00<00:02, 25.17it/s]
 11%|█▏        | 9/79 [00:00<00:02, 29.57it/s]
 16%|█▋        | 13/79 [00:00<00:02, 31.79it/s]
 22%|██▏       | 17/79 [00:00<00:01, 32.71it/s]
 27%|██▋       | 21/79 [00:00<00:01, 33.88it/s]
 32%|███▏      | 25/79 [00:00<00:01, 34.15it/s]
 37%|███▋      | 29/79 [00:00<00:01, 34.48it/s]
 42%|████▏     | 33/79 [00:01<00:01, 35.25it/s]
 47%|████▋     | 37/79 [00:01<00:01, 34.51it/s]
 52%|█████▏    | 41/79 [00:01<00:01, 33.55it/s]
 57%|█████▋    | 45/79 [00:01<00:01, 32.88it/s]
 62%|██████▏   | 49/79 [00:01<00:00, 31.09it/s]
 67%|██████▋   | 53/79 [00:01<00:00, 27.69it/s]
 71%|███████   | 56/79 [00:01<00:00, 23.29it/s]
 75%|███████▍  | 59/79 [00:02<00:00, 24.42it/s]
 78%|███████▊  | 62/79 [00:02<00:00, 23.22it/s]
 82%|████████▏ | 65/79 [00:02<00:00, 24.00it/s]
 86%|████████▌ | 68/79 [00:02<00:00, 20.54it/s]
 91%|█████████ | 72/79 [00:02<00:00, 23.75it/s]
 96%|█████████▌| 76/79 [00:02<00:00, 25.53it/s]
100%|██████████| 79/79 [00:02<00:00, 28.23it/s]

CommRound: 1/30
Accuracy: 10.28% | Loss: 2.7994
[##----------------------------------------------------------] 3.3%
Elapsed: 0.2m | Avg/Round: 11.6s | Last: 9.3s | Next: 11.6s | Remaining: 5.6m
ETA: 10:45:50
Recent round times: R1: 9.3s

  0%|          | 0/79 [00:00<?, ?it/s]
  1%|▏         | 1/79 [00:00<00:09,  7.83it/s]
  6%|▋         | 5/79 [00:00<00:03, 20.82it/s]
 11%|█▏        | 9/79 [00:00<00:02, 24.93it/s]
 16%|█▋        | 13/79 [00:00<00:02, 27.14it/s]
 22%|██▏       | 17/79 [00:00<00:02, 29.08it/s]
 27%|██▋       | 21/79 [00:00<00:01, 30.26it/s]
 32%|███▏      | 25/79 [00:00<00:01, 31.17it/s]
 37%|███▋      | 29/79 [00:01<00:01, 31.94it/s]
 42%|████▏     | 33/79 [00:01<00:01, 32.56it/s]
 47%|████▋     | 37/79 [00:01<00:01, 32.87it/s]
 52%|█████▏    | 41/79 [00:01<00:01, 31.78it/s]
 57%|█████▋    | 45/79 [00:01<00:01, 32.25it/s]
 62%|██████▏   | 49/79 [00:01<00:00, 32.29it/s]
 67%|██████▋   | 53/79 [00:01<00:00, 31.66it/s]
 72%|███████▏  | 57/79 [00:01<00:00, 31.96it/s]
 77%|███████▋  | 61/79 [00:02<00:00, 31.85it/s]
 82%|████████▏ | 65/79 [00:02<00:00, 32.06it/s]
 87%|████████▋ | 69/79 [00:02<00:00, 31.94it/s]
 92%|█████████▏| 73/79 [00:02<00:00, 32.28it/s]
 97%|█████████▋| 77/79 [00:02<00:00, 32.79it/s]
100%|██████████| 79/79 [00:02<00:00, 31.21it/s]

CommRound: 2/30
Accuracy: 10.28% | Loss: 2.9103
[####--------------------------------------------------------] 6.7%
Elapsed: 0.3m | Avg/Round: 10.3s | Last: 9.0s | Next: 10.3s | Remaining: 4.8m
ETA: 10:45:11
Recent round times: R1: 9.3s -> R2: 9.0s

  0%|          | 0/79 [00:00<?, ?it/s]
  4%|▍         | 3/79 [00:00<00:03, 21.65it/s]
  9%|▉         | 7/79 [00:00<00:02, 30.86it/s]
 14%|█▍        | 11/79 [00:00<00:01, 34.69it/s]
 19%|█▉        | 15/79 [00:00<00:01, 36.67it/s]
 24%|██▍       | 19/79 [00:00<00:01, 37.77it/s]
 29%|██▉       | 23/79 [00:00<00:01, 37.74it/s]
 34%|███▍      | 27/79 [00:00<00:01, 38.00it/s]
 39%|███▉      | 31/79 [00:00<00:01, 38.18it/s]
 44%|████▍     | 35/79 [00:00<00:01, 38.42it/s]
 49%|████▉     | 39/79 [00:01<00:01, 38.84it/s]
 56%|█████▌    | 44/79 [00:01<00:00, 41.84it/s]
 62%|██████▏   | 49/79 [00:01<00:00, 38.77it/s]
 68%|██████▊   | 54/79 [00:01<00:00, 41.73it/s]
 75%|███████▍  | 59/79 [00:01<00:00, 39.22it/s]
 81%|████████  | 64/79 [00:01<00:00, 41.73it/s]
 87%|████████▋ | 69/79 [00:01<00:00, 39.44it/s]
 94%|█████████▎| 74/79 [00:01<00:00, 42.09it/s]
100%|██████████| 79/79 [00:02<00:00, 43.45it/s]
100%|██████████| 79/79 [00:02<00:00, 39.17it/s]

CommRound: 3/30
Accuracy: 10.42% | Loss: 2.9374
[######------------------------------------------------------] 10.0%
Elapsed: 0.5m | Avg/Round: 9.7s | Last: 8.5s | Next: 9.7s | Remaining: 4.4m
ETA: 10:44:53
Recent round times: R1: 9.3s -> R2: 9.0s -> R3: 8.5s

  0%|          | 0/79 [00:00<?, ?it/s]
  1%|▏         | 1/79 [00:00<00:09,  7.81it/s]
  6%|▋         | 5/79 [00:00<00:03, 23.01it/s]
 10%|█         | 8/79 [00:00<00:03, 19.10it/s]
 15%|█▌        | 12/79 [00:00<00:02, 24.34it/s]
 20%|██        | 16/79 [00:00<00:02, 27.77it/s]
 25%|██▌       | 20/79 [00:00<00:01, 30.22it/s]
 30%|███       | 24/79 [00:00<00:01, 28.84it/s]
 34%|███▍      | 27/79 [00:01<00:02, 25.18it/s]
 42%|████▏     | 33/79 [00:01<00:01, 29.57it/s]
 47%|████▋     | 37/79 [00:01<00:01, 30.24it/s]
 52%|█████▏    | 41/79 [00:01<00:01, 30.17it/s]
 57%|█████▋    | 45/79 [00:01<00:01, 30.33it/s]
 62%|██████▏   | 49/79 [00:01<00:00, 30.41it/s]
 67%|██████▋   | 53/79 [00:01<00:00, 30.40it/s]
 72%|███████▏  | 57/79 [00:02<00:00, 30.38it/s]
 77%|███████▋  | 61/79 [00:02<00:00, 29.11it/s]
 82%|████████▏ | 65/79 [00:02<00:00, 30.27it/s]
 87%|████████▋ | 69/79 [00:02<00:00, 29.58it/s]
 91%|█████████ | 72/79 [00:02<00:00, 29.32it/s]
 95%|█████████▍| 75/79 [00:02<00:00, 28.12it/s]
100%|██████████| 79/79 [00:02<00:00, 28.81it/s]

CommRound: 4/30
Accuracy: 11.04% | Loss: 2.9572
[########----------------------------------------------------] 13.3%
Elapsed: 0.6m | Avg/Round: 9.6s | Last: 9.2s | Next: 9.6s | Remaining: 4.1m
ETA: 10:44:49
Recent round times: R1: 9.3s -> R2: 9.0s -> R3: 8.5s -> R4: 9.2s

  0%|          | 0/79 [00:00<?, ?it/s]
  1%|▏         | 1/79 [00:00<00:09,  8.49it/s]
  5%|▌         | 4/79 [00:00<00:04, 16.34it/s]
  9%|▉         | 7/79 [00:00<00:03, 20.36it/s]
 13%|█▎        | 10/79 [00:00<00:04, 16.89it/s]
 19%|█▉        | 15/79 [00:00<00:02, 25.19it/s]
 23%|██▎       | 18/79 [00:00<00:03, 19.98it/s]
 27%|██▋       | 21/79 [00:01<00:02, 20.80it/s]
 33%|███▎      | 26/79 [00:01<00:02, 22.81it/s]
 38%|███▊      | 30/79 [00:01<00:02, 22.90it/s]
 43%|████▎     | 34/79 [00:01<00:01, 24.91it/s]
 47%|████▋     | 37/79 [00:01<00:01, 25.83it/s]
 51%|█████     | 40/79 [00:01<00:01, 22.15it/s]
 54%|█████▍    | 43/79 [00:01<00:01, 23.65it/s]
 58%|█████▊    | 46/79 [00:02<00:01, 23.31it/s]
 63%|██████▎   | 50/79 [00:02<00:01, 25.66it/s]
 68%|██████▊   | 54/79 [00:02<00:00, 27.24it/s]
 73%|███████▎  | 58/79 [00:02<00:00, 28.32it/s]
 78%|███████▊  | 62/79 [00:02<00:00, 28.38it/s]
 84%|████████▎ | 66/79 [00:02<00:00, 30.91it/s]
 89%|████████▊ | 70/79 [00:02<00:00, 32.42it/s]
 94%|█████████▎| 74/79 [00:02<00:00, 33.44it/s]
 99%|█████████▊| 78/79 [00:03<00:00, 33.88it/s]
100%|██████████| 79/79 [00:03<00:00, 25.80it/s]

CommRound: 5/30
Accuracy: 12.12% | Loss: 2.9670
[##########--------------------------------------------------] 16.7%
Elapsed: 0.8m | Avg/Round: 9.6s | Last: 9.6s | Next: 9.6s | Remaining: 4.0m
ETA: 10:44:49
Recent round times: R1: 9.3s -> R2: 9.0s -> R3: 8.5s -> R4: 9.2s -> R5: 9.6s

  0%|          | 0/79 [00:00<?, ?it/s]
  1%|▏         | 1/79 [00:00<00:08,  9.53it/s]
  5%|▌         | 4/79 [00:00<00:04, 17.87it/s]
 10%|█         | 8/79 [00:00<00:02, 24.42it/s]
 14%|█▍        | 11/79 [00:00<00:02, 26.06it/s]
 18%|█▊        | 14/79 [00:00<00:02, 24.10it/s]
 22%|██▏       | 17/79 [00:00<00:03, 16.56it/s]
 25%|██▌       | 20/79 [00:01<00:03, 18.01it/s]
 29%|██▉       | 23/79 [00:01<00:03, 17.12it/s]
 32%|███▏      | 25/79 [00:01<00:03, 17.26it/s]
 34%|███▍      | 27/79 [00:01<00:03, 16.21it/s]
 38%|███▊      | 30/79 [00:01<00:02, 18.23it/s]
 43%|████▎     | 34/79 [00:01<00:01, 22.59it/s]
 47%|████▋     | 37/79 [00:01<00:02, 20.92it/s]
 52%|█████▏    | 41/79 [00:02<00:01, 21.46it/s]
 57%|█████▋    | 45/79 [00:02<00:01, 23.04it/s]
 62%|██████▏   | 49/79 [00:02<00:01, 24.21it/s]
 66%|██████▌   | 52/79 [00:02<00:01, 22.01it/s]
 71%|███████   | 56/79 [00:02<00:00, 23.88it/s]
 77%|███████▋  | 61/79 [00:02<00:00, 29.39it/s]
 82%|████████▏ | 65/79 [00:02<00:00, 29.90it/s]
 87%|████████▋ | 69/79 [00:03<00:00, 30.05it/s]
 92%|█████████▏| 73/79 [00:03<00:00, 30.41it/s]
 97%|█████████▋| 77/79 [00:03<00:00, 31.77it/s]
100%|██████████| 79/79 [00:03<00:00, 23.52it/s]

CommRound: 6/30
Accuracy: 12.71% | Loss: 2.9719
[############------------------------------------------------] 20.0%
Elapsed: 1.0m | Avg/Round: 9.6s | Last: 9.9s | Next: 9.6s | Remaining: 3.8m
ETA: 10:44:51
Recent round times: R1: 9.0s -> R2: 8.5s -> R3: 9.2s -> R4: 9.6s -> R5: 9.9s

  0%|          | 0/79 [00:00<?, ?it/s]
  1%|▏         | 1/79 [00:00<00:10,  7.12it/s]
  6%|▋         | 5/79 [00:00<00:03, 20.36it/s]
 11%|█▏        | 9/79 [00:00<00:02, 24.98it/s]
 16%|█▋        | 13/79 [00:00<00:02, 27.17it/s]
 22%|██▏       | 17/79 [00:00<00:02, 28.15it/s]
 27%|██▋       | 21/79 [00:00<00:02, 28.98it/s]
 32%|███▏      | 25/79 [00:00<00:01, 29.13it/s]
 37%|███▋      | 29/79 [00:01<00:01, 29.77it/s]
 42%|████▏     | 33/79 [00:01<00:01, 29.73it/s]
 47%|████▋     | 37/79 [00:01<00:01, 30.63it/s]
 52%|█████▏    | 41/79 [00:01<00:01, 30.74it/s]
 57%|█████▋    | 45/79 [00:01<00:01, 31.06it/s]
 62%|██████▏   | 49/79 [00:01<00:00, 31.47it/s]
 67%|██████▋   | 53/79 [00:01<00:00, 30.55it/s]
 72%|███████▏  | 57/79 [00:02<00:00, 27.47it/s]
 76%|███████▌  | 60/79 [00:02<00:00, 25.49it/s]
 81%|████████  | 64/79 [00:02<00:00, 27.06it/s]
 86%|████████▌ | 68/79 [00:02<00:00, 28.28it/s]
 91%|█████████ | 72/79 [00:02<00:00, 28.88it/s]
 96%|█████████▌| 76/79 [00:02<00:00, 29.82it/s]
100%|██████████| 79/79 [00:02<00:00, 28.72it/s]

CommRound: 7/30
Accuracy: 13.40% | Loss: 2.9737
[##############----------------------------------------------] 23.3%
Elapsed: 1.1m | Avg/Round: 9.5s | Last: 9.2s | Next: 9.5s | Remaining: 3.7m
ETA: 10:44:49
Recent round times: R1: 8.5s -> R2: 9.2s -> R3: 9.6s -> R4: 9.9s -> R5: 9.2s

  0%|          | 0/79 [00:00<?, ?it/s]
  1%|▏         | 1/79 [00:00<00:08,  8.82it/s]
  6%|▋         | 5/79 [00:00<00:03, 20.71it/s]
 11%|█▏        | 9/79 [00:00<00:02, 26.09it/s]
 15%|█▌        | 12/79 [00:00<00:03, 21.54it/s]
 22%|██▏       | 17/79 [00:00<00:02, 26.54it/s]
 25%|██▌       | 20/79 [00:00<00:02, 27.23it/s]
 29%|██▉       | 23/79 [00:00<00:02, 25.67it/s]
 34%|███▍      | 27/79 [00:01<00:02, 25.94it/s]
 39%|███▉      | 31/79 [00:01<00:01, 25.01it/s]
 43%|████▎     | 34/79 [00:01<00:02, 22.36it/s]
 49%|████▉     | 39/79 [00:01<00:01, 27.03it/s]
 53%|█████▎    | 42/79 [00:01<00:01, 26.39it/s]
 57%|█████▋    | 45/79 [00:01<00:01, 23.57it/s]
 62%|██████▏   | 49/79 [00:02<00:01, 24.15it/s]
 66%|██████▌   | 52/79 [00:02<00:01, 24.30it/s]
 70%|██████▉   | 55/79 [00:02<00:00, 24.92it/s]
 75%|███████▍  | 59/79 [00:02<00:00, 27.25it/s]
 78%|███████▊  | 62/79 [00:02<00:00, 27.92it/s]
 84%|████████▎ | 66/79 [00:02<00:00, 29.27it/s]
 89%|████████▊ | 70/79 [00:02<00:00, 29.58it/s]
 94%|█████████▎| 74/79 [00:02<00:00, 29.17it/s]
 99%|█████████▊| 78/79 [00:02<00:00, 30.48it/s]
100%|██████████| 79/79 [00:02<00:00, 26.34it/s]

CommRound: 8/30
Accuracy: 13.64% | Loss: 2.9734
[################--------------------------------------------] 26.7%
Elapsed: 1.3m | Avg/Round: 9.5s | Last: 9.5s | Next: 9.5s | Remaining: 3.5m
ETA: 10:44:49
Recent round times: R1: 9.2s -> R2: 9.6s -> R3: 9.9s -> R4: 9.2s -> R5: 9.5s

  0%|          | 0/79 [00:00<?, ?it/s]
  1%|▏         | 1/79 [00:00<00:12,  6.28it/s]
  6%|▋         | 5/79 [00:00<00:04, 15.33it/s]
 11%|█▏        | 9/79 [00:00<00:03, 17.97it/s]
 16%|█▋        | 13/79 [00:00<00:03, 19.80it/s]
 22%|██▏       | 17/79 [00:00<00:02, 22.45it/s]
 27%|██▋       | 21/79 [00:01<00:02, 22.20it/s]
 32%|███▏      | 25/79 [00:01<00:02, 22.57it/s]
 35%|███▌      | 28/79 [00:01<00:02, 21.00it/s]
 39%|███▉      | 31/79 [00:01<00:02, 18.46it/s]
 42%|████▏     | 33/79 [00:01<00:02, 18.48it/s]
 47%|████▋     | 37/79 [00:01<00:02, 20.10it/s]
 52%|█████▏    | 41/79 [00:02<00:01, 19.93it/s]
 56%|█████▌    | 44/79 [00:02<00:01, 20.90it/s]
 59%|█████▉    | 47/79 [00:02<00:01, 18.51it/s]
 62%|██████▏   | 49/79 [00:02<00:01, 18.44it/s]
 65%|██████▍   | 51/79 [00:02<00:01, 18.72it/s]
 68%|██████▊   | 54/79 [00:02<00:01, 21.21it/s]
 72%|███████▏  | 57/79 [00:02<00:01, 19.21it/s]
 76%|███████▌  | 60/79 [00:03<00:00, 21.07it/s]
 80%|███████▉  | 63/79 [00:03<00:00, 18.76it/s]
 84%|████████▎ | 66/79 [00:03<00:00, 20.85it/s]
 87%|████████▋ | 69/79 [00:03<00:00, 18.42it/s]
 91%|█████████ | 72/79 [00:03<00:00, 20.53it/s]
 95%|█████████▍| 75/79 [00:03<00:00, 18.67it/s]
100%|██████████| 79/79 [00:03<00:00, 19.95it/s]

CommRound: 9/30
Accuracy: 13.99% | Loss: 2.9717
[##################------------------------------------------] 30.0%
Elapsed: 1.4m | Avg/Round: 9.6s | Last: 10.5s | Next: 9.6s | Remaining: 3.4m
ETA: 10:44:52
Recent round times: R1: 9.6s -> R2: 9.9s -> R3: 9.2s -> R4: 9.5s -> R5: 10.5s

  0%|          | 0/79 [00:00<?, ?it/s]
  1%|▏         | 1/79 [00:00<00:15,  5.19it/s]
  6%|▋         | 5/79 [00:00<00:03, 19.94it/s]
 10%|█         | 8/79 [00:00<00:03, 21.44it/s]
 15%|█▌        | 12/79 [00:00<00:03, 20.36it/s]
 20%|██        | 16/79 [00:00<00:02, 22.20it/s]
 24%|██▍       | 19/79 [00:01<00:03, 18.83it/s]
 28%|██▊       | 22/79 [00:01<00:03, 16.98it/s]
 30%|███       | 24/79 [00:01<00:03, 16.99it/s]
 34%|███▍      | 27/79 [00:01<00:02, 19.67it/s]
 38%|███▊      | 30/79 [00:01<00:02, 20.43it/s]
 42%|████▏     | 33/79 [00:01<00:02, 19.60it/s]
 48%|████▊     | 38/79 [00:01<00:01, 22.12it/s]
 53%|█████▎    | 42/79 [00:02<00:01, 23.81it/s]
 58%|█████▊    | 46/79 [00:02<00:01, 26.71it/s]
 63%|██████▎   | 50/79 [00:02<00:01, 28.76it/s]
 68%|██████▊   | 54/79 [00:02<00:00, 30.32it/s]
 73%|███████▎  | 58/79 [00:02<00:00, 29.09it/s]
 77%|███████▋  | 61/79 [00:02<00:00, 24.89it/s]
 84%|████████▎ | 66/79 [00:02<00:00, 27.89it/s]
 87%|████████▋ | 69/79 [00:02<00:00, 26.92it/s]
 91%|█████████ | 72/79 [00:03<00:00, 24.56it/s]
 95%|█████████▍| 75/79 [00:03<00:00, 24.70it/s]
100%|██████████| 79/79 [00:03<00:00, 23.32it/s]

CommRound: 10/30
Accuracy: 14.11% | Loss: 2.9689
[####################----------------------------------------] 33.3%
Elapsed: 1.6m | Avg/Round: 9.7s | Last: 9.8s | Next: 9.7s | Remaining: 3.2m
ETA: 10:44:53
Recent round times: R1: 9.9s -> R2: 9.2s -> R3: 9.5s -> R4: 10.5s -> R5: 9.8s

  0%|          | 0/79 [00:00<?, ?it/s]
  1%|▏         | 1/79 [00:00<00:11,  6.84it/s]
  6%|▋         | 5/79 [00:00<00:03, 20.34it/s]
 10%|█         | 8/79 [00:00<00:03, 22.97it/s]
 14%|█▍        | 11/79 [00:00<00:03, 18.35it/s]
 16%|█▋        | 13/79 [00:00<00:03, 18.08it/s]
 22%|██▏       | 17/79 [00:00<00:03, 20.52it/s]
 27%|██▋       | 21/79 [00:00<00:02, 24.13it/s]
 30%|███       | 24/79 [00:01<00:02, 20.95it/s]
 34%|███▍      | 27/79 [00:01<00:02, 21.24it/s]
 38%|███▊      | 30/79 [00:01<00:02, 17.82it/s]
 41%|████      | 32/79 [00:01<00:02, 17.19it/s]
 43%|████▎     | 34/79 [00:01<00:02, 17.53it/s]
 46%|████▌     | 36/79 [00:01<00:02, 17.01it/s]
 51%|█████     | 40/79 [00:02<00:01, 19.70it/s]
 57%|█████▋    | 45/79 [00:02<00:01, 24.10it/s]
 62%|██████▏   | 49/79 [00:02<00:01, 23.99it/s]
 67%|██████▋   | 53/79 [00:02<00:01, 25.91it/s]
 72%|███████▏  | 57/79 [00:02<00:00, 27.79it/s]
 76%|███████▌  | 60/79 [00:02<00:00, 28.29it/s]
 81%|████████  | 64/79 [00:02<00:00, 29.47it/s]
 86%|████████▌ | 68/79 [00:02<00:00, 30.25it/s]
 91%|█████████ | 72/79 [00:03<00:00, 30.79it/s]
 96%|█████████▌| 76/79 [00:03<00:00, 31.25it/s]
100%|██████████| 79/79 [00:03<00:00, 23.74it/s]

CommRound: 11/30
Accuracy: 14.12% | Loss: 2.9654
[######################--------------------------------------] 36.7%
Elapsed: 1.8m | Avg/Round: 9.7s | Last: 9.9s | Next: 9.7s | Remaining: 3.1m
ETA: 10:44:53
Recent round times: R1: 9.2s -> R2: 9.5s -> R3: 10.5s -> R4: 9.8s -> R5: 9.9s

  0%|          | 0/79 [00:00<?, ?it/s]
  1%|▏         | 1/79 [00:00<00:09,  8.46it/s]
  6%|▋         | 5/79 [00:00<00:03, 23.37it/s]
 14%|█▍        | 11/79 [00:00<00:02, 32.06it/s]
 19%|█▉        | 15/79 [00:00<00:01, 33.84it/s]
 27%|██▋       | 21/79 [00:00<00:01, 37.33it/s]
 34%|███▍      | 27/79 [00:00<00:01, 39.33it/s]
 42%|████▏     | 33/79 [00:00<00:01, 40.50it/s]
 49%|████▉     | 39/79 [00:01<00:00, 41.40it/s]
 57%|█████▋    | 45/79 [00:01<00:00, 42.34it/s]
 65%|██████▍   | 51/79 [00:01<00:00, 42.62it/s]
 72%|███████▏  | 57/79 [00:01<00:00, 43.27it/s]
 78%|███████▊  | 62/79 [00:01<00:00, 44.85it/s]
 85%|████████▍ | 67/79 [00:01<00:00, 43.23it/s]
 91%|█████████ | 72/79 [00:01<00:00, 42.16it/s]
 97%|█████████▋| 77/79 [00:01<00:00, 42.98it/s]
100%|██████████| 79/79 [00:01<00:00, 40.05it/s]

CommRound: 12/30
Accuracy: 14.13% | Loss: 2.9615
[########################------------------------------------] 40.0%
Elapsed: 1.9m | Avg/Round: 9.6s | Last: 8.5s | Next: 9.6s | Remaining: 2.9m
ETA: 10:44:50
Recent round times: R1: 9.5s -> R2: 10.5s -> R3: 9.8s -> R4: 9.9s -> R5: 8.5s

  0%|          | 0/79 [00:00<?, ?it/s]
  1%|▏         | 1/79 [00:00<00:10,  7.30it/s]
  6%|▋         | 5/79 [00:00<00:03, 22.85it/s]
 11%|█▏        | 9/79 [00:00<00:02, 28.59it/s]
 16%|█▋        | 13/79 [00:00<00:02, 31.58it/s]
 22%|██▏       | 17/79 [00:00<00:01, 33.57it/s]
 27%|██▋       | 21/79 [00:00<00:01, 34.77it/s]
 32%|███▏      | 25/79 [00:00<00:01, 35.41it/s]
 37%|███▋      | 29/79 [00:00<00:01, 35.80it/s]
 42%|████▏     | 33/79 [00:01<00:01, 36.12it/s]
 47%|████▋     | 37/79 [00:01<00:01, 36.04it/s]
 54%|█████▍    | 43/79 [00:01<00:00, 37.64it/s]
 59%|█████▉    | 47/79 [00:01<00:00, 38.24it/s]
 65%|██████▍   | 51/79 [00:01<00:00, 38.59it/s]
 70%|██████▉   | 55/79 [00:01<00:00, 38.96it/s]
 76%|███████▌  | 60/79 [00:01<00:00, 41.90it/s]
 82%|████████▏ | 65/79 [00:01<00:00, 39.42it/s]
 89%|████████▊ | 70/79 [00:01<00:00, 41.81it/s]
 95%|█████████▍| 75/79 [00:02<00:00, 39.09it/s]
100%|██████████| 79/79 [00:02<00:00, 36.81it/s]

CommRound: 13/30
Accuracy: 14.09% | Loss: 2.9575
[##########################----------------------------------] 43.3%
Elapsed: 2.1m | Avg/Round: 9.5s | Last: 8.6s | Next: 9.5s | Remaining: 2.7m
ETA: 10:44:48
Recent round times: R1: 10.5s -> R2: 9.8s -> R3: 9.9s -> R4: 8.5s -> R5: 8.6s

  0%|          | 0/79 [00:00<?, ?it/s]
  4%|▍         | 3/79 [00:00<00:03, 20.34it/s]
  9%|▉         | 7/79 [00:00<00:02, 28.18it/s]
 14%|█▍        | 11/79 [00:00<00:02, 31.30it/s]
 19%|█▉        | 15/79 [00:00<00:01, 32.72it/s]
 24%|██▍       | 19/79 [00:00<00:01, 33.98it/s]
 29%|██▉       | 23/79 [00:00<00:01, 35.00it/s]
 34%|███▍      | 27/79 [00:00<00:01, 35.91it/s]
 39%|███▉      | 31/79 [00:00<00:01, 36.13it/s]
 44%|████▍     | 35/79 [00:01<00:01, 36.70it/s]
 49%|████▉     | 39/79 [00:01<00:01, 37.10it/s]
 54%|█████▍    | 43/79 [00:01<00:00, 37.22it/s]
 59%|█████▉    | 47/79 [00:01<00:00, 37.41it/s]
 65%|██████▍   | 51/79 [00:01<00:00, 37.28it/s]
 70%|██████▉   | 55/79 [00:01<00:00, 37.40it/s]
 75%|███████▍  | 59/79 [00:01<00:00, 37.57it/s]
 80%|███████▉  | 63/79 [00:01<00:00, 37.67it/s]
 85%|████████▍ | 67/79 [00:01<00:00, 37.64it/s]
 90%|████████▉ | 71/79 [00:01<00:00, 37.70it/s]
 95%|█████████▍| 75/79 [00:02<00:00, 37.08it/s]
100%|██████████| 79/79 [00:02<00:00, 36.35it/s]

CommRound: 14/30
Accuracy: 14.11% | Loss: 2.9533
[############################--------------------------------] 46.7%
Elapsed: 2.2m | Avg/Round: 9.4s | Last: 8.6s | Next: 9.4s | Remaining: 2.5m
ETA: 10:44:46
Recent round times: R1: 9.8s -> R2: 9.9s -> R3: 8.5s -> R4: 8.6s -> R5: 8.6s

  0%|          | 0/79 [00:00<?, ?it/s]
  3%|▎         | 2/79 [00:00<00:03, 19.48it/s]
  6%|▋         | 5/79 [00:00<00:02, 25.11it/s]
 11%|█▏        | 9/79 [00:00<00:02, 30.75it/s]
 16%|█▋        | 13/79 [00:00<00:02, 32.94it/s]
 22%|██▏       | 17/79 [00:00<00:01, 34.27it/s]
 27%|██▋       | 21/79 [00:00<00:01, 35.08it/s]
 32%|███▏      | 25/79 [00:00<00:01, 35.68it/s]
 37%|███▋      | 29/79 [00:00<00:01, 36.23it/s]
 42%|████▏     | 33/79 [00:00<00:01, 36.50it/s]
 47%|████▋     | 37/79 [00:01<00:01, 34.96it/s]
 52%|█████▏    | 41/79 [00:01<00:01, 34.31it/s]
 57%|█████▋    | 45/79 [00:01<00:00, 34.02it/s]
 62%|██████▏   | 49/79 [00:01<00:00, 33.02it/s]
 67%|██████▋   | 53/79 [00:01<00:00, 32.67it/s]
 72%|███████▏  | 57/79 [00:01<00:00, 32.42it/s]
 77%|███████▋  | 61/79 [00:01<00:00, 33.20it/s]
 82%|████████▏ | 65/79 [00:01<00:00, 33.99it/s]
 87%|████████▋ | 69/79 [00:02<00:00, 34.55it/s]
 92%|█████████▏| 73/79 [00:02<00:00, 34.42it/s]
 97%|█████████▋| 77/79 [00:02<00:00, 35.73it/s]
100%|██████████| 79/79 [00:02<00:00, 34.42it/s]

CommRound: 15/30
Accuracy: 14.18% | Loss: 2.9493
[##############################------------------------------] 50.0%
Elapsed: 2.3m | Avg/Round: 9.4s | Last: 8.7s | Next: 9.4s | Remaining: 2.3m
ETA: 10:44:45
Recent round times: R1: 9.9s -> R2: 8.5s -> R3: 8.6s -> R4: 8.6s -> R5: 8.7s

  0%|          | 0/79 [00:00<?, ?it/s]
  3%|▎         | 2/79 [00:00<00:03, 19.81it/s]
  8%|▊         | 6/79 [00:00<00:02, 29.45it/s]
 13%|█▎        | 10/79 [00:00<00:02, 32.35it/s]
 18%|█▊        | 14/79 [00:00<00:01, 33.76it/s]
 23%|██▎       | 18/79 [00:00<00:01, 34.65it/s]
 28%|██▊       | 22/79 [00:00<00:01, 35.22it/s]
 33%|███▎      | 26/79 [00:00<00:01, 35.56it/s]
 38%|███▊      | 30/79 [00:00<00:01, 35.86it/s]
 43%|████▎     | 34/79 [00:00<00:01, 36.23it/s]
 48%|████▊     | 38/79 [00:01<00:01, 36.56it/s]
 53%|█████▎    | 42/79 [00:01<00:01, 36.59it/s]
 58%|█████▊    | 46/79 [00:01<00:00, 36.70it/s]
 63%|██████▎   | 50/79 [00:01<00:00, 36.88it/s]
 68%|██████▊   | 54/79 [00:01<00:00, 37.00it/s]
 73%|███████▎  | 58/79 [00:01<00:00, 37.29it/s]
 78%|███████▊  | 62/79 [00:01<00:00, 37.52it/s]
 84%|████████▎ | 66/79 [00:01<00:00, 37.35it/s]
 89%|████████▊ | 70/79 [00:01<00:00, 37.56it/s]
 94%|█████████▎| 74/79 [00:02<00:00, 37.48it/s]
 99%|█████████▊| 78/79 [00:02<00:00, 36.58it/s]
100%|██████████| 79/79 [00:02<00:00, 35.91it/s]

CommRound: 16/30
Accuracy: 14.18% | Loss: 2.9453
[################################----------------------------] 53.3%
Elapsed: 2.5m | Avg/Round: 9.3s | Last: 8.6s | Next: 9.3s | Remaining: 2.2m
ETA: 10:44:43
Recent round times: R1: 8.5s -> R2: 8.6s -> R3: 8.6s -> R4: 8.7s -> R5: 8.6s

  0%|          | 0/79 [00:00<?, ?it/s]
  1%|▏         | 1/79 [00:00<00:09,  8.39it/s]
  6%|▋         | 5/79 [00:00<00:02, 24.83it/s]
 11%|█▏        | 9/79 [00:00<00:02, 28.45it/s]
 16%|█▋        | 13/79 [00:00<00:02, 30.84it/s]
 22%|██▏       | 17/79 [00:00<00:01, 33.05it/s]
 27%|██▋       | 21/79 [00:00<00:01, 34.35it/s]
 32%|███▏      | 25/79 [00:00<00:01, 35.98it/s]
 38%|███▊      | 30/79 [00:00<00:01, 40.02it/s]
 44%|████▍     | 35/79 [00:01<00:01, 37.73it/s]
 51%|█████     | 40/79 [00:01<00:00, 40.89it/s]
 57%|█████▋    | 45/79 [00:01<00:00, 38.03it/s]
 62%|██████▏   | 49/79 [00:01<00:00, 36.73it/s]
 68%|██████▊   | 54/79 [00:01<00:00, 40.06it/s]
 75%|███████▍  | 59/79 [00:01<00:00, 37.97it/s]
 80%|███████▉  | 63/79 [00:01<00:00, 38.38it/s]
 85%|████████▍ | 67/79 [00:01<00:00, 38.73it/s]
 90%|████████▉ | 71/79 [00:01<00:00, 38.92it/s]
 95%|█████████▍| 75/79 [00:02<00:00, 39.00it/s]
100%|██████████| 79/79 [00:02<00:00, 37.03it/s]

CommRound: 17/30
Accuracy: 14.19% | Loss: 2.9414
[##################################--------------------------] 56.7%
Elapsed: 2.6m | Avg/Round: 9.3s | Last: 8.8s | Next: 9.3s | Remaining: 2.0m
ETA: 10:44:42
Recent round times: R1: 8.6s -> R2: 8.6s -> R3: 8.7s -> R4: 8.6s -> R5: 8.8s

  0%|          | 0/79 [00:00<?, ?it/s]
  1%|▏         | 1/79 [00:00<00:08,  8.83it/s]
  6%|▋         | 5/79 [00:00<00:02, 25.27it/s]
 11%|█▏        | 9/79 [00:00<00:02, 30.31it/s]
 16%|█▋        | 13/79 [00:00<00:02, 32.65it/s]
 22%|██▏       | 17/79 [00:00<00:01, 33.86it/s]
 27%|██▋       | 21/79 [00:00<00:01, 32.30it/s]
 32%|███▏      | 25/79 [00:00<00:01, 33.66it/s]
 37%|███▋      | 29/79 [00:00<00:01, 34.58it/s]
 42%|████▏     | 33/79 [00:01<00:01, 35.48it/s]
 47%|████▋     | 37/79 [00:01<00:01, 35.97it/s]
 52%|█████▏    | 41/79 [00:01<00:01, 36.24it/s]
 57%|█████▋    | 45/79 [00:01<00:00, 36.09it/s]
 62%|██████▏   | 49/79 [00:01<00:00, 32.42it/s]
 67%|██████▋   | 53/79 [00:01<00:00, 33.45it/s]
 72%|███████▏  | 57/79 [00:01<00:00, 34.24it/s]
 77%|███████▋  | 61/79 [00:01<00:00, 35.05it/s]
 82%|████████▏ | 65/79 [00:01<00:00, 35.58it/s]
 87%|████████▋ | 69/79 [00:02<00:00, 35.50it/s]
 92%|█████████▏| 73/79 [00:02<00:00, 35.10it/s]
 97%|█████████▋| 77/79 [00:02<00:00, 34.88it/s]
100%|██████████| 79/79 [00:02<00:00, 33.53it/s]

CommRound: 18/30
Accuracy: 14.19% | Loss: 2.9378
[####################################------------------------] 60.0%
Elapsed: 2.8m | Avg/Round: 9.3s | Last: 8.8s | Next: 9.3s | Remaining: 1.9m
ETA: 10:44:41
Recent round times: R1: 8.6s -> R2: 8.7s -> R3: 8.6s -> R4: 8.8s -> R5: 8.8s

  0%|          | 0/79 [00:00<?, ?it/s]
  1%|▏         | 1/79 [00:00<00:08,  9.01it/s]
  6%|▋         | 5/79 [00:00<00:02, 25.48it/s]
 11%|█▏        | 9/79 [00:00<00:02, 30.53it/s]
 16%|█▋        | 13/79 [00:00<00:02, 32.97it/s]
 22%|██▏       | 17/79 [00:00<00:01, 34.15it/s]
 27%|██▋       | 21/79 [00:00<00:01, 34.90it/s]
 32%|███▏      | 25/79 [00:00<00:01, 35.45it/s]
 37%|███▋      | 29/79 [00:00<00:01, 35.75it/s]
 42%|████▏     | 33/79 [00:00<00:01, 35.97it/s]
 47%|████▋     | 37/79 [00:01<00:01, 35.88it/s]
 52%|█████▏    | 41/79 [00:01<00:01, 35.59it/s]
 57%|█████▋    | 45/79 [00:01<00:00, 35.05it/s]
 62%|██████▏   | 49/79 [00:01<00:00, 35.52it/s]
 67%|██████▋   | 53/79 [00:01<00:00, 35.98it/s]
 72%|███████▏  | 57/79 [00:01<00:00, 36.17it/s]
 77%|███████▋  | 61/79 [00:01<00:00, 36.29it/s]
 82%|████████▏ | 65/79 [00:01<00:00, 36.30it/s]
 87%|████████▋ | 69/79 [00:01<00:00, 36.53it/s]
 92%|█████████▏| 73/79 [00:02<00:00, 36.40it/s]
 97%|█████████▋| 77/79 [00:02<00:00, 36.88it/s]
100%|██████████| 79/79 [00:02<00:00, 35.35it/s]

CommRound: 19/30
Accuracy: 14.26% | Loss: 2.9343
[######################################----------------------] 63.3%
Elapsed: 2.9m | Avg/Round: 9.3s | Last: 8.6s | Next: 9.3s | Remaining: 1.7m
ETA: 10:44:40
Recent round times: R1: 8.7s -> R2: 8.6s -> R3: 8.8s -> R4: 8.8s -> R5: 8.6s

  0%|          | 0/79 [00:00<?, ?it/s]
  3%|▎         | 2/79 [00:00<00:04, 17.11it/s]
  8%|▊         | 6/79 [00:00<00:02, 27.56it/s]
 13%|█▎        | 10/79 [00:00<00:02, 31.56it/s]
 18%|█▊        | 14/79 [00:00<00:01, 33.36it/s]
 23%|██▎       | 18/79 [00:00<00:01, 34.65it/s]
 28%|██▊       | 22/79 [00:00<00:01, 35.21it/s]
 33%|███▎      | 26/79 [00:00<00:01, 35.79it/s]
 38%|███▊      | 30/79 [00:00<00:01, 36.19it/s]
 43%|████▎     | 34/79 [00:00<00:01, 35.80it/s]
 48%|████▊     | 38/79 [00:01<00:01, 35.90it/s]
 53%|█████▎    | 42/79 [00:01<00:01, 36.03it/s]
 58%|█████▊    | 46/79 [00:01<00:00, 36.53it/s]
 63%|██████▎   | 50/79 [00:01<00:00, 36.14it/s]
 68%|██████▊   | 54/79 [00:01<00:00, 36.04it/s]
 73%|███████▎  | 58/79 [00:01<00:00, 35.59it/s]
 78%|███████▊  | 62/79 [00:01<00:00, 35.57it/s]
 84%|████████▎ | 66/79 [00:01<00:00, 35.84it/s]
 89%|████████▊ | 70/79 [00:02<00:00, 35.72it/s]
 94%|█████████▎| 74/79 [00:02<00:00, 35.26it/s]
 99%|█████████▊| 78/79 [00:02<00:00, 35.52it/s]
100%|██████████| 79/79 [00:02<00:00, 35.10it/s]

CommRound: 20/30
Accuracy: 14.27% | Loss: 2.9310
[########################################--------------------] 66.7%
Elapsed: 3.1m | Avg/Round: 9.2s | Last: 8.6s | Next: 9.2s | Remaining: 1.5m
ETA: 10:44:39
Recent round times: R1: 8.6s -> R2: 8.8s -> R3: 8.8s -> R4: 8.6s -> R5: 8.6s

  0%|          | 0/79 [00:00<?, ?it/s]
  1%|▏         | 1/79 [00:00<00:09,  8.25it/s]
  6%|▋         | 5/79 [00:00<00:03, 23.61it/s]
 11%|█▏        | 9/79 [00:00<00:02, 28.85it/s]
 16%|█▋        | 13/79 [00:00<00:02, 31.31it/s]
 22%|██▏       | 17/79 [00:00<00:01, 31.02it/s]
 27%|██▋       | 21/79 [00:00<00:01, 31.85it/s]
 32%|███▏      | 25/79 [00:00<00:01, 31.63it/s]
 37%|███▋      | 29/79 [00:00<00:01, 31.77it/s]
 42%|████▏     | 33/79 [00:01<00:01, 26.65it/s]
 46%|████▌     | 36/79 [00:01<00:01, 23.84it/s]
 51%|█████     | 40/79 [00:01<00:01, 26.28it/s]
 56%|█████▌    | 44/79 [00:01<00:01, 27.56it/s]
 61%|██████    | 48/79 [00:01<00:01, 28.84it/s]
 66%|██████▌   | 52/79 [00:01<00:00, 27.05it/s]
 70%|██████▉   | 55/79 [00:01<00:00, 27.22it/s]
 73%|███████▎  | 58/79 [00:02<00:00, 25.93it/s]
 78%|███████▊  | 62/79 [00:02<00:00, 28.04it/s]
 84%|████████▎ | 66/79 [00:02<00:00, 29.22it/s]
 89%|████████▊ | 70/79 [00:02<00:00, 31.38it/s]
 94%|█████████▎| 74/79 [00:02<00:00, 33.04it/s]
 99%|█████████▊| 78/79 [00:02<00:00, 34.75it/s]
100%|██████████| 79/79 [00:02<00:00, 29.22it/s]

CommRound: 21/30
Accuracy: 14.29% | Loss: 2.9279
[##########################################------------------] 70.0%
Elapsed: 3.2m | Avg/Round: 9.2s | Last: 9.1s | Next: 9.2s | Remaining: 1.4m
ETA: 10:44:39
Recent round times: R1: 8.8s -> R2: 8.8s -> R3: 8.6s -> R4: 8.6s -> R5: 9.1s

  0%|          | 0/79 [00:00<?, ?it/s]
  1%|▏         | 1/79 [00:00<00:11,  7.08it/s]
  6%|▋         | 5/79 [00:00<00:03, 23.41it/s]
 11%|█▏        | 9/79 [00:00<00:02, 29.04it/s]
 16%|█▋        | 13/79 [00:00<00:02, 32.14it/s]
 22%|██▏       | 17/79 [00:00<00:01, 33.93it/s]
 27%|██▋       | 21/79 [00:00<00:01, 34.96it/s]
 32%|███▏      | 25/79 [00:00<00:01, 35.78it/s]
 37%|███▋      | 29/79 [00:00<00:01, 36.20it/s]
 42%|████▏     | 33/79 [00:00<00:01, 36.47it/s]
 47%|████▋     | 37/79 [00:01<00:01, 36.96it/s]
 52%|█████▏    | 41/79 [00:01<00:01, 37.10it/s]
 57%|█████▋    | 45/79 [00:01<00:00, 37.16it/s]
 62%|██████▏   | 49/79 [00:01<00:00, 34.70it/s]
 67%|██████▋   | 53/79 [00:01<00:00, 34.55it/s]
 72%|███████▏  | 57/79 [00:01<00:00, 34.42it/s]
 77%|███████▋  | 61/79 [00:01<00:00, 35.03it/s]
 82%|████████▏ | 65/79 [00:01<00:00, 34.24it/s]
 87%|████████▋ | 69/79 [00:02<00:00, 34.31it/s]
 92%|█████████▏| 73/79 [00:02<00:00, 33.76it/s]
 97%|█████████▋| 77/79 [00:02<00:00, 34.28it/s]
100%|██████████| 79/79 [00:02<00:00, 33.71it/s]

CommRound: 22/30
Accuracy: 14.34% | Loss: 2.9250
[############################################----------------] 73.3%
Elapsed: 3.4m | Avg/Round: 9.2s | Last: 8.7s | Next: 9.2s | Remaining: 1.2m
ETA: 10:44:38
Recent round times: R1: 8.8s -> R2: 8.6s -> R3: 8.6s -> R4: 9.1s -> R5: 8.7s

  0%|          | 0/79 [00:00<?, ?it/s]
  4%|▍         | 3/79 [00:00<00:03, 22.46it/s]
 10%|█         | 8/79 [00:00<00:02, 33.83it/s]
 15%|█▌        | 12/79 [00:00<00:01, 36.08it/s]
 20%|██        | 16/79 [00:00<00:01, 37.13it/s]
 25%|██▌       | 20/79 [00:00<00:01, 38.02it/s]
 30%|███       | 24/79 [00:00<00:01, 38.65it/s]
 37%|███▋      | 29/79 [00:00<00:01, 41.86it/s]
 43%|████▎     | 34/79 [00:00<00:01, 39.21it/s]
 51%|█████     | 40/79 [00:01<00:00, 39.99it/s]
 58%|█████▊    | 46/79 [00:01<00:00, 40.48it/s]
 66%|██████▌   | 52/79 [00:01<00:00, 40.84it/s]
 73%|███████▎  | 58/79 [00:01<00:00, 41.12it/s]
 80%|███████▉  | 63/79 [00:01<00:00, 43.21it/s]
 86%|████████▌ | 68/79 [00:01<00:00, 40.81it/s]
 94%|█████████▎| 74/79 [00:01<00:00, 41.46it/s]
100%|██████████| 79/79 [00:01<00:00, 40.08it/s]

CommRound: 23/30
Accuracy: 14.36% | Loss: 2.9224
[##############################################--------------] 76.7%
Elapsed: 3.5m | Avg/Round: 9.2s | Last: 8.4s | Next: 9.2s | Remaining: 1.1m
ETA: 10:44:37
Recent round times: R1: 8.6s -> R2: 8.6s -> R3: 9.1s -> R4: 8.7s -> R5: 8.4s

  0%|          | 0/79 [00:00<?, ?it/s]
  1%|▏         | 1/79 [00:00<00:12,  6.19it/s]
  8%|▊         | 6/79 [00:00<00:03, 23.59it/s]
 11%|█▏        | 9/79 [00:00<00:02, 25.64it/s]
 15%|█▌        | 12/79 [00:00<00:03, 20.56it/s]
 20%|██        | 16/79 [00:00<00:02, 22.63it/s]
 25%|██▌       | 20/79 [00:00<00:02, 25.47it/s]
 30%|███       | 24/79 [00:00<00:01, 28.45it/s]
 35%|███▌      | 28/79 [00:01<00:01, 30.31it/s]
 41%|████      | 32/79 [00:01<00:01, 28.12it/s]
 46%|████▌     | 36/79 [00:01<00:01, 26.39it/s]
 51%|█████     | 40/79 [00:01<00:01, 24.94it/s]
 54%|█████▍    | 43/79 [00:01<00:01, 25.95it/s]
 58%|█████▊    | 46/79 [00:01<00:01, 22.57it/s]
 63%|██████▎   | 50/79 [00:02<00:01, 23.04it/s]
 68%|██████▊   | 54/79 [00:02<00:01, 24.13it/s]
 72%|███████▏  | 57/79 [00:02<00:00, 23.31it/s]
 77%|███████▋  | 61/79 [00:02<00:00, 25.53it/s]
 81%|████████  | 64/79 [00:02<00:00, 26.01it/s]
 85%|████████▍ | 67/79 [00:02<00:00, 21.53it/s]
 90%|████████▉ | 71/79 [00:02<00:00, 22.19it/s]
 95%|█████████▍| 75/79 [00:03<00:00, 23.87it/s]
100%|██████████| 79/79 [00:03<00:00, 27.04it/s]
100%|██████████| 79/79 [00:03<00:00, 24.52it/s]

CommRound: 24/30
Accuracy: 14.37% | Loss: 2.9196
[################################################------------] 80.0%
Elapsed: 3.7m | Avg/Round: 9.2s | Last: 9.6s | Next: 9.2s | Remaining: 0.9m
ETA: 10:44:38
Recent round times: R1: 8.6s -> R2: 9.1s -> R3: 8.7s -> R4: 8.4s -> R5: 9.6s

  0%|          | 0/79 [00:00<?, ?it/s]
  1%|▏         | 1/79 [00:00<00:13,  5.76it/s]
  4%|▍         | 3/79 [00:00<00:06, 12.14it/s]
  6%|▋         | 5/79 [00:00<00:04, 15.01it/s]
 11%|█▏        | 9/79 [00:00<00:03, 20.99it/s]
 16%|█▋        | 13/79 [00:00<00:02, 25.92it/s]
 22%|██▏       | 17/79 [00:00<00:02, 28.81it/s]
 27%|██▋       | 21/79 [00:00<00:01, 29.87it/s]
 32%|███▏      | 25/79 [00:00<00:01, 31.01it/s]
 37%|███▋      | 29/79 [00:01<00:01, 28.84it/s]
 42%|████▏     | 33/79 [00:01<00:01, 28.44it/s]
 47%|████▋     | 37/79 [00:01<00:01, 29.87it/s]
 52%|█████▏    | 41/79 [00:01<00:01, 27.41it/s]
 59%|█████▉    | 47/79 [00:01<00:00, 32.19it/s]
 65%|██████▍   | 51/79 [00:01<00:00, 29.67it/s]
 70%|██████▉   | 55/79 [00:02<00:00, 25.73it/s]
 73%|███████▎  | 58/79 [00:02<00:00, 25.68it/s]
 77%|███████▋  | 61/79 [00:02<00:00, 26.63it/s]
 81%|████████  | 64/79 [00:02<00:00, 27.11it/s]
 86%|████████▌ | 68/79 [00:02<00:00, 28.20it/s]
 90%|████████▉ | 71/79 [00:02<00:00, 28.58it/s]
 95%|█████████▍| 75/79 [00:02<00:00, 25.91it/s]
100%|██████████| 79/79 [00:02<00:00, 27.31it/s]

CommRound: 25/30
Accuracy: 14.42% | Loss: 2.9176
[##################################################----------] 83.3%
Elapsed: 3.8m | Avg/Round: 9.2s | Last: 9.3s | Next: 9.2s | Remaining: 0.8m
ETA: 10:44:38
Recent round times: R1: 9.1s -> R2: 8.7s -> R3: 8.4s -> R4: 9.6s -> R5: 9.3s

  0%|          | 0/79 [00:00<?, ?it/s]
  1%|▏         | 1/79 [00:00<00:11,  6.76it/s]
  4%|▍         | 3/79 [00:00<00:06, 11.03it/s]
  6%|▋         | 5/79 [00:00<00:05, 14.06it/s]
  9%|▉         | 7/79 [00:00<00:05, 12.59it/s]
 11%|█▏        | 9/79 [00:00<00:04, 14.01it/s]
 14%|█▍        | 11/79 [00:00<00:04, 15.55it/s]
 18%|█▊        | 14/79 [00:00<00:03, 19.12it/s]
 22%|██▏       | 17/79 [00:01<00:03, 19.12it/s]
 24%|██▍       | 19/79 [00:01<00:03, 19.28it/s]
 27%|██▋       | 21/79 [00:01<00:03, 17.84it/s]
 32%|███▏      | 25/79 [00:01<00:02, 22.39it/s]
 37%|███▋      | 29/79 [00:01<00:02, 23.45it/s]
 42%|████▏     | 33/79 [00:01<00:01, 24.75it/s]
 46%|████▌     | 36/79 [00:01<00:01, 23.50it/s]
 51%|█████     | 40/79 [00:02<00:01, 21.06it/s]
 56%|█████▌    | 44/79 [00:02<00:01, 22.47it/s]
 61%|██████    | 48/79 [00:02<00:01, 23.62it/s]
 66%|██████▌   | 52/79 [00:02<00:01, 24.42it/s]
 71%|███████   | 56/79 [00:02<00:00, 24.54it/s]
 76%|███████▌  | 60/79 [00:02<00:00, 24.52it/s]
 81%|████████  | 64/79 [00:03<00:00, 25.44it/s]
 85%|████████▍ | 67/79 [00:03<00:00, 21.45it/s]
 92%|█████████▏| 73/79 [00:03<00:00, 26.99it/s]
 97%|█████████▋| 77/79 [00:03<00:00, 26.48it/s]
100%|██████████| 79/79 [00:03<00:00, 22.17it/s]

CommRound: 26/30
Accuracy: 14.46% | Loss: 2.9154
[####################################################--------] 86.7%
Elapsed: 4.0m | Avg/Round: 9.2s | Last: 10.0s | Next: 9.2s | Remaining: 0.6m
ETA: 10:44:39
Recent round times: R1: 8.7s -> R2: 8.4s -> R3: 9.6s -> R4: 9.3s -> R5: 10.0s

  0%|          | 0/79 [00:00<?, ?it/s]
  1%|▏         | 1/79 [00:00<00:14,  5.34it/s]
  6%|▋         | 5/79 [00:00<00:03, 20.30it/s]
 10%|█         | 8/79 [00:00<00:04, 16.36it/s]
 15%|█▌        | 12/79 [00:00<00:03, 19.50it/s]
 19%|█▉        | 15/79 [00:00<00:02, 21.73it/s]
 23%|██▎       | 18/79 [00:00<00:03, 19.07it/s]
 29%|██▉       | 23/79 [00:01<00:02, 25.81it/s]
 33%|███▎      | 26/79 [00:01<00:02, 24.39it/s]
 38%|███▊      | 30/79 [00:01<00:01, 25.28it/s]
 43%|████▎     | 34/79 [00:01<00:01, 25.55it/s]
 48%|████▊     | 38/79 [00:01<00:01, 26.26it/s]
 53%|█████▎    | 42/79 [00:01<00:01, 26.78it/s]
 58%|█████▊    | 46/79 [00:01<00:01, 25.93it/s]
 63%|██████▎   | 50/79 [00:02<00:01, 24.30it/s]
 67%|██████▋   | 53/79 [00:02<00:01, 25.17it/s]
 72%|███████▏  | 57/79 [00:02<00:00, 28.28it/s]
 76%|███████▌  | 60/79 [00:02<00:00, 25.44it/s]
 81%|████████  | 64/79 [00:02<00:00, 25.57it/s]
 85%|████████▍ | 67/79 [00:02<00:00, 24.69it/s]
 89%|████████▊ | 70/79 [00:02<00:00, 22.77it/s]
 92%|█████████▏| 73/79 [00:03<00:00, 22.24it/s]
 96%|█████████▌| 76/79 [00:03<00:00, 19.10it/s]
100%|██████████| 79/79 [00:03<00:00, 22.99it/s]

CommRound: 27/30
Accuracy: 14.46% | Loss: 2.9131
[######################################################------] 90.0%
Elapsed: 4.2m | Avg/Round: 9.2s | Last: 10.1s | Next: 9.2s | Remaining: 0.5m
ETA: 10:44:40
Recent round times: R1: 8.4s -> R2: 9.6s -> R3: 9.3s -> R4: 10.0s -> R5: 10.1s

  0%|          | 0/79 [00:00<?, ?it/s]
  1%|▏         | 1/79 [00:00<00:16,  4.67it/s]
  4%|▍         | 3/79 [00:00<00:07,  9.61it/s]
 11%|█▏        | 9/79 [00:00<00:03, 21.19it/s]
 15%|█▌        | 12/79 [00:00<00:02, 22.73it/s]
 19%|█▉        | 15/79 [00:00<00:03, 20.03it/s]
 24%|██▍       | 19/79 [00:00<00:02, 20.87it/s]
 29%|██▉       | 23/79 [00:01<00:02, 22.86it/s]
 34%|███▍      | 27/79 [00:01<00:02, 22.95it/s]
 39%|███▉      | 31/79 [00:01<00:02, 23.91it/s]
 44%|████▍     | 35/79 [00:01<00:01, 24.40it/s]
 49%|████▉     | 39/79 [00:01<00:01, 22.83it/s]
 53%|█████▎    | 42/79 [00:01<00:01, 23.72it/s]
 59%|█████▉    | 47/79 [00:02<00:01, 25.47it/s]
 63%|██████▎   | 50/79 [00:02<00:01, 26.10it/s]
 67%|██████▋   | 53/79 [00:02<00:01, 21.90it/s]
 71%|███████   | 56/79 [00:02<00:00, 23.44it/s]
 75%|███████▍  | 59/79 [00:02<00:00, 24.19it/s]
 80%|███████▉  | 63/79 [00:02<00:00, 27.12it/s]
 85%|████████▍ | 67/79 [00:02<00:00, 25.60it/s]
 90%|████████▉ | 71/79 [00:03<00:00, 27.24it/s]
 95%|█████████▍| 75/79 [00:03<00:00, 26.84it/s]
100%|██████████| 79/79 [00:03<00:00, 23.91it/s]

CommRound: 28/30
Accuracy: 14.49% | Loss: 2.9114
[########################################################----] 93.3%
Elapsed: 4.3m | Avg/Round: 9.3s | Last: 9.7s | Next: 9.3s | Remaining: 0.3m
ETA: 10:44:40
Recent round times: R1: 9.6s -> R2: 9.3s -> R3: 10.0s -> R4: 10.1s -> R5: 9.7s

  0%|          | 0/79 [00:00<?, ?it/s]
  4%|▍         | 3/79 [00:00<00:03, 21.03it/s]
  9%|▉         | 7/79 [00:00<00:02, 30.21it/s]
 14%|█▍        | 11/79 [00:00<00:02, 33.94it/s]
 19%|█▉        | 15/79 [00:00<00:01, 36.06it/s]
 24%|██▍       | 19/79 [00:00<00:01, 37.37it/s]
 29%|██▉       | 23/79 [00:00<00:01, 38.09it/s]
 34%|███▍      | 27/79 [00:00<00:01, 38.57it/s]
 39%|███▉      | 31/79 [00:00<00:01, 38.86it/s]
 44%|████▍     | 35/79 [00:00<00:01, 38.50it/s]
 49%|████▉     | 39/79 [00:01<00:01, 38.22it/s]
 56%|█████▌    | 44/79 [00:01<00:00, 37.30it/s]
 63%|██████▎   | 50/79 [00:01<00:00, 39.14it/s]
 70%|██████▉   | 55/79 [00:01<00:00, 41.75it/s]
 76%|███████▌  | 60/79 [00:01<00:00, 39.39it/s]
 81%|████████  | 64/79 [00:01<00:00, 39.54it/s]
 87%|████████▋ | 69/79 [00:01<00:00, 42.08it/s]
 94%|█████████▎| 74/79 [00:01<00:00, 39.02it/s]
100%|██████████| 79/79 [00:02<00:00, 41.20it/s]
100%|██████████| 79/79 [00:02<00:00, 38.34it/s]

CommRound: 29/30
Accuracy: 14.51% | Loss: 2.9096
[##########################################################--] 96.7%
Elapsed: 4.5m | Avg/Round: 9.2s | Last: 8.5s | Next: 9.2s | Remaining: 0.2m
ETA: 10:44:40
Recent round times: R1: 9.3s -> R2: 10.0s -> R3: 10.1s -> R4: 9.7s -> R5: 8.5s

  0%|          | 0/79 [00:00<?, ?it/s]
  1%|▏         | 1/79 [00:00<00:08,  9.72it/s]
  6%|▋         | 5/79 [00:00<00:03, 24.62it/s]
 10%|█         | 8/79 [00:00<00:02, 26.87it/s]
 15%|█▌        | 12/79 [00:00<00:02, 28.99it/s]
 20%|██        | 16/79 [00:00<00:02, 30.21it/s]
 25%|██▌       | 20/79 [00:00<00:01, 31.10it/s]
 30%|███       | 24/79 [00:00<00:01, 31.38it/s]
 35%|███▌      | 28/79 [00:00<00:01, 31.48it/s]
 41%|████      | 32/79 [00:01<00:01, 31.97it/s]
 46%|████▌     | 36/79 [00:01<00:01, 32.66it/s]
 51%|█████     | 40/79 [00:01<00:01, 33.23it/s]
 56%|█████▌    | 44/79 [00:01<00:01, 34.00it/s]
 61%|██████    | 48/79 [00:01<00:00, 34.30it/s]
 66%|██████▌   | 52/79 [00:01<00:00, 34.80it/s]
 71%|███████   | 56/79 [00:01<00:00, 35.19it/s]
 76%|███████▌  | 60/79 [00:01<00:00, 35.50it/s]
 81%|████████  | 64/79 [00:02<00:00, 32.25it/s]
 86%|████████▌ | 68/79 [00:02<00:00, 30.90it/s]
 91%|█████████ | 72/79 [00:02<00:00, 32.71it/s]
 96%|█████████▌| 76/79 [00:02<00:00, 34.20it/s]
100%|██████████| 79/79 [00:02<00:00, 32.44it/s]

CommRound: 30/30
Accuracy: 14.53% | Loss: 2.9080
[############################################################] 100.0%
Elapsed: 4.6m | Avg/Round: 9.2s | Last: 8.6s | Next: 9.2s | Remaining: 0.0m
ETA: 10:44:39
Recent round times: R1: 10.0s -> R2: 10.1s -> R3: 9.7s -> R4: 8.5s -> R5: 8.6s
Total time for experiment: 276.40850734710693 seconds
Device average training time per communication round [s]:
    rpi (sld-rpi-09.ece.utexas.edu): 3.63 seconds
    mc1 (sld-mc1-09.ece.utexas.edu): 1.48 seconds
