
  0%|          | 0/79 [00:00<?, ?it/s]
  1%|▏         | 1/79 [00:00<00:12,  6.44it/s]
  6%|▋         | 5/79 [00:00<00:04, 16.14it/s]
 10%|█         | 8/79 [00:00<00:03, 19.80it/s]
 14%|█▍        | 11/79 [00:00<00:03, 19.03it/s]
 18%|█▊        | 14/79 [00:00<00:03, 21.61it/s]
 22%|██▏       | 17/79 [00:00<00:03, 20.43it/s]
 25%|██▌       | 20/79 [00:00<00:02, 22.28it/s]
 29%|██▉       | 23/79 [00:01<00:02, 20.95it/s]
 33%|███▎      | 26/79 [00:01<00:02, 22.60it/s]
 37%|███▋      | 29/79 [00:01<00:02, 21.41it/s]
 41%|████      | 32/79 [00:01<00:02, 22.84it/s]
 44%|████▍     | 35/79 [00:01<00:02, 21.34it/s]
 48%|████▊     | 38/79 [00:01<00:01, 22.70it/s]
 52%|█████▏    | 41/79 [00:01<00:01, 21.55it/s]
 56%|█████▌    | 44/79 [00:02<00:01, 23.54it/s]
 59%|█████▉    | 47/79 [00:02<00:01, 22.29it/s]
 65%|██████▍   | 51/79 [00:02<00:01, 22.89it/s]
 70%|██████▉   | 55/79 [00:02<00:01, 23.57it/s]
 75%|███████▍  | 59/79 [00:02<00:00, 23.94it/s]
 78%|███████▊  | 62/79 [00:02<00:00, 25.24it/s]
 82%|████████▏ | 65/79 [00:02<00:00, 23.65it/s]
 86%|████████▌ | 68/79 [00:03<00:00, 24.63it/s]
 90%|████████▉ | 71/79 [00:03<00:00, 23.08it/s]
 94%|█████████▎| 74/79 [00:03<00:00, 24.16it/s]
 97%|█████████▋| 77/79 [00:03<00:00, 22.74it/s]
100%|██████████| 79/79 [00:03<00:00, 22.54it/s]
Initial Accuracy: 10.32%; Initial Loss: 2.3208

  0%|          | 0/79 [00:00<?, ?it/s]
  1%|▏         | 1/79 [00:00<00:12,  6.19it/s]
  6%|▋         | 5/79 [00:00<00:03, 19.67it/s]
 11%|█▏        | 9/79 [00:00<00:02, 24.14it/s]
 16%|█▋        | 13/79 [00:00<00:02, 26.71it/s]
 22%|██▏       | 17/79 [00:00<00:02, 28.60it/s]
 25%|██▌       | 20/79 [00:00<00:02, 27.88it/s]
 29%|██▉       | 23/79 [00:00<00:02, 22.73it/s]
 33%|███▎      | 26/79 [00:01<00:02, 23.69it/s]
 37%|███▋      | 29/79 [00:01<00:02, 22.78it/s]
 41%|████      | 32/79 [00:01<00:02, 22.79it/s]
 44%|████▍     | 35/79 [00:01<00:01, 22.74it/s]
 48%|████▊     | 38/79 [00:01<00:01, 22.91it/s]
 52%|█████▏    | 41/79 [00:01<00:01, 20.82it/s]
 56%|█████▌    | 44/79 [00:01<00:01, 22.31it/s]
 59%|█████▉    | 47/79 [00:02<00:01, 20.22it/s]
 63%|██████▎   | 50/79 [00:02<00:01, 21.65it/s]
 67%|██████▋   | 53/79 [00:02<00:01, 23.29it/s]
 72%|███████▏  | 57/79 [00:02<00:00, 22.89it/s]
 76%|███████▌  | 60/79 [00:02<00:00, 24.43it/s]
 80%|███████▉  | 63/79 [00:02<00:00, 25.22it/s]
 84%|████████▎ | 66/79 [00:02<00:00, 23.93it/s]
 89%|████████▊ | 70/79 [00:03<00:00, 23.95it/s]
 94%|█████████▎| 74/79 [00:03<00:00, 20.11it/s]
 99%|█████████▊| 78/79 [00:03<00:00, 21.43it/s]
100%|██████████| 79/79 [00:03<00:00, 22.73it/s]

CommRound: 1/30
Accuracy: 10.28% | Loss: 2.8759
[##----------------------------------------------------------] 3.3%
Elapsed: 0.2m | Avg/Round: 13.7s | Last: 10.1s | Next: 13.7s | Remaining: 6.6m
ETA: 11:08:18
Recent round times: R1: 10.1s

  0%|          | 0/79 [00:00<?, ?it/s]
  1%|▏         | 1/79 [00:00<00:12,  6.17it/s]
  6%|▋         | 5/79 [00:00<00:03, 21.14it/s]
 10%|█         | 8/79 [00:00<00:03, 18.16it/s]
 14%|█▍        | 11/79 [00:00<00:03, 20.58it/s]
 18%|█▊        | 14/79 [00:00<00:03, 20.20it/s]
 23%|██▎       | 18/79 [00:00<00:02, 23.87it/s]
 27%|██▋       | 21/79 [00:00<00:02, 24.13it/s]
 30%|███       | 24/79 [00:01<00:02, 21.49it/s]
 34%|███▍      | 27/79 [00:01<00:02, 22.70it/s]
 38%|███▊      | 30/79 [00:01<00:02, 22.34it/s]
 42%|████▏     | 33/79 [00:01<00:02, 21.19it/s]
 46%|████▌     | 36/79 [00:01<00:02, 18.31it/s]
 49%|████▉     | 39/79 [00:01<00:01, 20.13it/s]
 54%|█████▍    | 43/79 [00:02<00:01, 23.61it/s]
 58%|█████▊    | 46/79 [00:02<00:01, 23.91it/s]
 63%|██████▎   | 50/79 [00:02<00:01, 24.04it/s]
 67%|██████▋   | 53/79 [00:02<00:01, 24.70it/s]
 71%|███████   | 56/79 [00:02<00:01, 22.11it/s]
 75%|███████▍  | 59/79 [00:02<00:00, 23.38it/s]
 78%|███████▊  | 62/79 [00:02<00:00, 21.71it/s]
 84%|████████▎ | 66/79 [00:03<00:00, 22.21it/s]
 89%|████████▊ | 70/79 [00:03<00:00, 22.06it/s]
 94%|█████████▎| 74/79 [00:03<00:00, 23.63it/s]
 99%|█████████▊| 78/79 [00:03<00:00, 23.80it/s]
100%|██████████| 79/79 [00:03<00:00, 22.17it/s]

CommRound: 2/30
Accuracy: 10.50% | Loss: 2.9196
[####--------------------------------------------------------] 6.7%
Elapsed: 0.4m | Avg/Round: 12.0s | Last: 10.4s | Next: 12.0s | Remaining: 5.6m
ETA: 11:07:29
Recent round times: R1: 10.1s -> R2: 10.4s

  0%|          | 0/79 [00:00<?, ?it/s]
  1%|▏         | 1/79 [00:00<00:12,  6.23it/s]
  5%|▌         | 4/79 [00:00<00:04, 16.65it/s]
 10%|█         | 8/79 [00:00<00:03, 22.63it/s]
 15%|█▌        | 12/79 [00:00<00:02, 25.08it/s]
 20%|██        | 16/79 [00:00<00:02, 25.49it/s]
 25%|██▌       | 20/79 [00:00<00:02, 26.29it/s]
 30%|███       | 24/79 [00:00<00:02, 26.81it/s]
 35%|███▌      | 28/79 [00:01<00:02, 21.59it/s]
 39%|███▉      | 31/79 [00:01<00:02, 20.97it/s]
 43%|████▎     | 34/79 [00:01<00:02, 21.97it/s]
 48%|████▊     | 38/79 [00:01<00:01, 24.06it/s]
 53%|█████▎    | 42/79 [00:01<00:01, 23.87it/s]
 58%|█████▊    | 46/79 [00:01<00:01, 25.76it/s]
 62%|██████▏   | 49/79 [00:02<00:01, 24.23it/s]
 66%|██████▌   | 52/79 [00:02<00:01, 24.40it/s]
 71%|███████   | 56/79 [00:02<00:00, 24.71it/s]
 76%|███████▌  | 60/79 [00:02<00:00, 25.97it/s]
 81%|████████  | 64/79 [00:02<00:00, 27.36it/s]
 86%|████████▌ | 68/79 [00:02<00:00, 28.50it/s]
 91%|█████████ | 72/79 [00:02<00:00, 29.40it/s]
 96%|█████████▌| 76/79 [00:03<00:00, 28.79it/s]
100%|██████████| 79/79 [00:03<00:00, 25.13it/s]

CommRound: 3/30
Accuracy: 12.12% | Loss: 2.9501
[######------------------------------------------------------] 10.0%
Elapsed: 0.6m | Avg/Round: 11.3s | Last: 9.7s | Next: 11.3s | Remaining: 5.1m
ETA: 11:07:05
Recent round times: R1: 10.1s -> R2: 10.4s -> R3: 9.7s

  0%|          | 0/79 [00:00<?, ?it/s]
  1%|▏         | 1/79 [00:00<00:10,  7.50it/s]
  6%|▋         | 5/79 [00:00<00:04, 17.62it/s]
 11%|█▏        | 9/79 [00:00<00:03, 21.26it/s]
 15%|█▌        | 12/79 [00:00<00:02, 23.05it/s]
 19%|█▉        | 15/79 [00:00<00:02, 21.85it/s]
 23%|██▎       | 18/79 [00:00<00:02, 22.15it/s]
 27%|██▋       | 21/79 [00:01<00:02, 21.71it/s]
 30%|███       | 24/79 [00:01<00:02, 22.95it/s]
 34%|███▍      | 27/79 [00:01<00:02, 22.34it/s]
 38%|███▊      | 30/79 [00:01<00:02, 22.18it/s]
 43%|████▎     | 34/79 [00:01<00:01, 23.70it/s]
 48%|████▊     | 38/79 [00:01<00:01, 25.47it/s]
 53%|█████▎    | 42/79 [00:01<00:01, 27.22it/s]
 58%|█████▊    | 46/79 [00:01<00:01, 27.47it/s]
 63%|██████▎   | 50/79 [00:02<00:01, 25.68it/s]
 68%|██████▊   | 54/79 [00:02<00:00, 25.26it/s]
 72%|███████▏  | 57/79 [00:02<00:00, 25.80it/s]
 76%|███████▌  | 60/79 [00:02<00:00, 24.11it/s]
 81%|████████  | 64/79 [00:02<00:00, 25.35it/s]
 86%|████████▌ | 68/79 [00:02<00:00, 24.69it/s]
 91%|█████████ | 72/79 [00:03<00:00, 24.99it/s]
 96%|█████████▌| 76/79 [00:03<00:00, 25.03it/s]
100%|██████████| 79/79 [00:03<00:00, 24.22it/s]

CommRound: 4/30
Accuracy: 13.45% | Loss: 2.9682
[########----------------------------------------------------] 13.3%
Elapsed: 0.7m | Avg/Round: 10.9s | Last: 10.0s | Next: 10.9s | Remaining: 4.7m
ETA: 11:06:56
Recent round times: R1: 10.1s -> R2: 10.4s -> R3: 9.7s -> R4: 10.0s

  0%|          | 0/79 [00:00<?, ?it/s]
  1%|▏         | 1/79 [00:00<00:16,  4.68it/s]
  6%|▋         | 5/79 [00:00<00:04, 16.67it/s]
  9%|▉         | 7/79 [00:00<00:05, 12.74it/s]
 11%|█▏        | 9/79 [00:00<00:05, 12.23it/s]
 14%|█▍        | 11/79 [00:00<00:05, 12.07it/s]
 19%|█▉        | 15/79 [00:01<00:03, 17.95it/s]
 23%|██▎       | 18/79 [00:01<00:04, 15.05it/s]
 25%|██▌       | 20/79 [00:01<00:04, 14.18it/s]
 28%|██▊       | 22/79 [00:01<00:04, 13.48it/s]
 30%|███       | 24/79 [00:01<00:04, 11.98it/s]
 33%|███▎      | 26/79 [00:02<00:04, 11.81it/s]
 35%|███▌      | 28/79 [00:02<00:04, 11.87it/s]
 38%|███▊      | 30/79 [00:02<00:03, 12.43it/s]
 46%|████▌     | 36/79 [00:02<00:02, 20.37it/s]
 51%|█████     | 40/79 [00:02<00:01, 23.87it/s]
 56%|█████▌    | 44/79 [00:02<00:01, 24.96it/s]
 61%|██████    | 48/79 [00:02<00:01, 25.78it/s]
 66%|██████▌   | 52/79 [00:03<00:01, 25.95it/s]
 71%|███████   | 56/79 [00:03<00:00, 25.55it/s]
 76%|███████▌  | 60/79 [00:03<00:00, 23.75it/s]
 81%|████████  | 64/79 [00:03<00:00, 25.48it/s]
 86%|████████▌ | 68/79 [00:03<00:00, 25.41it/s]
 91%|█████████ | 72/79 [00:03<00:00, 25.65it/s]
 96%|█████████▌| 76/79 [00:03<00:00, 25.22it/s]
100%|██████████| 79/79 [00:04<00:00, 19.49it/s]

CommRound: 5/30
Accuracy: 14.24% | Loss: 2.9769
[##########--------------------------------------------------] 16.7%
Elapsed: 0.9m | Avg/Round: 10.9s | Last: 10.8s | Next: 10.9s | Remaining: 4.5m
ETA: 11:06:55
Recent round times: R1: 10.1s -> R2: 10.4s -> R3: 9.7s -> R4: 10.0s -> R5: 10.8s

  0%|          | 0/79 [00:00<?, ?it/s]
  1%|▏         | 1/79 [00:00<00:13,  5.94it/s]
  5%|▌         | 4/79 [00:00<00:04, 16.56it/s]
  9%|▉         | 7/79 [00:00<00:03, 20.04it/s]
 13%|█▎        | 10/79 [00:00<00:03, 19.61it/s]
 16%|█▋        | 13/79 [00:00<00:03, 21.69it/s]
 20%|██        | 16/79 [00:00<00:03, 20.60it/s]
 24%|██▍       | 19/79 [00:00<00:02, 21.95it/s]
 28%|██▊       | 22/79 [00:01<00:02, 21.41it/s]
 32%|███▏      | 25/79 [00:01<00:02, 22.94it/s]
 35%|███▌      | 28/79 [00:01<00:02, 21.65it/s]
 39%|███▉      | 31/79 [00:01<00:02, 22.87it/s]
 43%|████▎     | 34/79 [00:01<00:02, 22.12it/s]
 48%|████▊     | 38/79 [00:01<00:01, 22.31it/s]
 53%|█████▎    | 42/79 [00:01<00:01, 22.74it/s]
 58%|█████▊    | 46/79 [00:02<00:01, 23.60it/s]
 63%|██████▎   | 50/79 [00:02<00:01, 22.86it/s]
 68%|██████▊   | 54/79 [00:02<00:01, 23.32it/s]
 73%|███████▎  | 58/79 [00:02<00:00, 24.51it/s]
 78%|███████▊  | 62/79 [00:02<00:00, 23.96it/s]
 82%|████████▏ | 65/79 [00:02<00:00, 25.07it/s]
 86%|████████▌ | 68/79 [00:03<00:00, 21.98it/s]
 90%|████████▉ | 71/79 [00:03<00:00, 23.61it/s]
 94%|█████████▎| 74/79 [00:03<00:00, 22.81it/s]
 99%|█████████▊| 78/79 [00:03<00:00, 25.08it/s]
100%|██████████| 79/79 [00:03<00:00, 22.68it/s]

CommRound: 6/30
Accuracy: 14.61% | Loss: 2.9810
[############------------------------------------------------] 20.0%
Elapsed: 1.1m | Avg/Round: 10.8s | Last: 10.2s | Next: 10.8s | Remaining: 4.3m
ETA: 11:06:51
Recent round times: R1: 10.4s -> R2: 9.7s -> R3: 10.0s -> R4: 10.8s -> R5: 10.2s

  0%|          | 0/79 [00:00<?, ?it/s]
  1%|▏         | 1/79 [00:00<00:12,  6.42it/s]
  6%|▋         | 5/79 [00:00<00:03, 19.98it/s]
 10%|█         | 8/79 [00:00<00:03, 17.97it/s]
 16%|█▋        | 13/79 [00:00<00:02, 25.63it/s]
 22%|██▏       | 17/79 [00:00<00:02, 25.20it/s]
 27%|██▋       | 21/79 [00:00<00:02, 24.60it/s]
 32%|███▏      | 25/79 [00:01<00:02, 23.48it/s]
 37%|███▋      | 29/79 [00:01<00:02, 24.20it/s]
 42%|████▏     | 33/79 [00:01<00:01, 23.16it/s]
 46%|████▌     | 36/79 [00:01<00:02, 18.87it/s]
 49%|████▉     | 39/79 [00:01<00:02, 17.35it/s]
 56%|█████▌    | 44/79 [00:02<00:01, 22.82it/s]
 59%|█████▉    | 47/79 [00:02<00:01, 21.39it/s]
 65%|██████▍   | 51/79 [00:02<00:01, 23.32it/s]
 70%|██████▉   | 55/79 [00:02<00:01, 21.81it/s]
 75%|███████▍  | 59/79 [00:02<00:00, 24.84it/s]
 80%|███████▉  | 63/79 [00:02<00:00, 25.59it/s]
 85%|████████▍ | 67/79 [00:02<00:00, 25.40it/s]
 90%|████████▉ | 71/79 [00:03<00:00, 23.11it/s]
 95%|█████████▍| 75/79 [00:03<00:00, 23.08it/s]
100%|██████████| 79/79 [00:03<00:00, 23.25it/s]

CommRound: 7/30
Accuracy: 14.80% | Loss: 2.9817
[##############----------------------------------------------] 23.3%
Elapsed: 1.2m | Avg/Round: 10.7s | Last: 10.1s | Next: 10.7s | Remaining: 4.1m
ETA: 11:06:48
Recent round times: R1: 9.7s -> R2: 10.0s -> R3: 10.8s -> R4: 10.2s -> R5: 10.1s

  0%|          | 0/79 [00:00<?, ?it/s]
  1%|▏         | 1/79 [00:00<00:12,  6.06it/s]
  6%|▋         | 5/79 [00:00<00:05, 14.71it/s]
  9%|▉         | 7/79 [00:00<00:05, 13.45it/s]
 13%|█▎        | 10/79 [00:00<00:03, 17.36it/s]
 16%|█▋        | 13/79 [00:00<00:03, 19.05it/s]
 19%|█▉        | 15/79 [00:00<00:04, 15.83it/s]
 25%|██▌       | 20/79 [00:01<00:02, 23.55it/s]
 29%|██▉       | 23/79 [00:01<00:03, 17.87it/s]
 33%|███▎      | 26/79 [00:01<00:03, 17.64it/s]
 39%|███▉      | 31/79 [00:01<00:02, 23.65it/s]
 43%|████▎     | 34/79 [00:01<00:01, 22.79it/s]
 47%|████▋     | 37/79 [00:01<00:01, 23.21it/s]
 51%|█████     | 40/79 [00:02<00:01, 23.62it/s]
 56%|█████▌    | 44/79 [00:02<00:01, 24.26it/s]
 59%|█████▉    | 47/79 [00:02<00:01, 20.45it/s]
 63%|██████▎   | 50/79 [00:02<00:01, 21.81it/s]
 68%|██████▊   | 54/79 [00:02<00:00, 25.08it/s]
 72%|███████▏  | 57/79 [00:02<00:00, 26.22it/s]
 76%|███████▌  | 60/79 [00:02<00:00, 23.39it/s]
 81%|████████  | 64/79 [00:03<00:00, 23.40it/s]
 85%|████████▍ | 67/79 [00:03<00:00, 24.78it/s]
 89%|████████▊ | 70/79 [00:03<00:00, 21.77it/s]
 92%|█████████▏| 73/79 [00:03<00:00, 23.61it/s]
 96%|█████████▌| 76/79 [00:03<00:00, 24.71it/s]
100%|██████████| 79/79 [00:03<00:00, 21.78it/s]

CommRound: 8/30
Accuracy: 14.95% | Loss: 2.9797
[################--------------------------------------------] 26.7%
Elapsed: 1.4m | Avg/Round: 10.6s | Last: 10.3s | Next: 10.6s | Remaining: 3.9m
ETA: 11:06:47
Recent round times: R1: 10.0s -> R2: 10.8s -> R3: 10.2s -> R4: 10.1s -> R5: 10.3s

  0%|          | 0/79 [00:00<?, ?it/s]
  1%|▏         | 1/79 [00:00<00:18,  4.20it/s]
  4%|▍         | 3/79 [00:00<00:09,  7.99it/s]
 10%|█         | 8/79 [00:00<00:03, 18.32it/s]
 14%|█▍        | 11/79 [00:00<00:05, 13.13it/s]
 18%|█▊        | 14/79 [00:01<00:04, 15.56it/s]
 20%|██        | 16/79 [00:01<00:04, 14.79it/s]
 24%|██▍       | 19/79 [00:01<00:03, 17.64it/s]
 28%|██▊       | 22/79 [00:01<00:02, 19.81it/s]
 32%|███▏      | 25/79 [00:01<00:02, 21.13it/s]
 35%|███▌      | 28/79 [00:01<00:02, 20.61it/s]
 39%|███▉      | 31/79 [00:01<00:02, 20.95it/s]
 43%|████▎     | 34/79 [00:01<00:02, 22.03it/s]
 47%|████▋     | 37/79 [00:02<00:02, 20.76it/s]
 51%|█████     | 40/79 [00:02<00:01, 22.70it/s]
 54%|█████▍    | 43/79 [00:02<00:01, 22.24it/s]
 58%|█████▊    | 46/79 [00:02<00:01, 20.72it/s]
 62%|██████▏   | 49/79 [00:02<00:01, 21.60it/s]
 66%|██████▌   | 52/79 [00:02<00:01, 20.00it/s]
 70%|██████▉   | 55/79 [00:02<00:01, 19.72it/s]
 73%|███████▎  | 58/79 [00:03<00:01, 15.82it/s]
 81%|████████  | 64/79 [00:03<00:00, 22.64it/s]
 85%|████████▍ | 67/79 [00:03<00:00, 18.55it/s]
 92%|█████████▏| 73/79 [00:03<00:00, 25.51it/s]
 97%|█████████▋| 77/79 [00:03<00:00, 24.79it/s]
100%|██████████| 79/79 [00:03<00:00, 19.77it/s]

CommRound: 9/30
Accuracy: 15.00% | Loss: 2.9762
[##################------------------------------------------] 30.0%
Elapsed: 1.6m | Avg/Round: 10.7s | Last: 10.7s | Next: 10.7s | Remaining: 3.7m
ETA: 11:06:47
Recent round times: R1: 10.8s -> R2: 10.2s -> R3: 10.1s -> R4: 10.3s -> R5: 10.7s

  0%|          | 0/79 [00:00<?, ?it/s]
  1%|▏         | 1/79 [00:00<00:13,  5.81it/s]
  8%|▊         | 6/79 [00:00<00:02, 25.71it/s]
 13%|█▎        | 10/79 [00:00<00:02, 25.49it/s]
 16%|█▋        | 13/79 [00:00<00:02, 25.25it/s]
 22%|██▏       | 17/79 [00:00<00:02, 26.59it/s]
 27%|██▋       | 21/79 [00:00<00:02, 28.07it/s]
 30%|███       | 24/79 [00:00<00:01, 27.87it/s]
 34%|███▍      | 27/79 [00:01<00:02, 20.37it/s]
 42%|████▏     | 33/79 [00:01<00:01, 26.23it/s]
 46%|████▌     | 36/79 [00:01<00:01, 26.48it/s]
 49%|████▉     | 39/79 [00:01<00:01, 23.61it/s]
 54%|█████▍    | 43/79 [00:01<00:01, 24.96it/s]
 58%|█████▊    | 46/79 [00:01<00:01, 25.19it/s]
 62%|██████▏   | 49/79 [00:02<00:01, 20.75it/s]
 66%|██████▌   | 52/79 [00:02<00:01, 22.11it/s]
 70%|██████▉   | 55/79 [00:02<00:01, 17.27it/s]
 75%|███████▍  | 59/79 [00:02<00:01, 19.49it/s]
 80%|███████▉  | 63/79 [00:02<00:00, 19.61it/s]
 84%|████████▎ | 66/79 [00:02<00:00, 21.05it/s]
 87%|████████▋ | 69/79 [00:03<00:00, 19.09it/s]
 91%|█████████ | 72/79 [00:03<00:00, 20.85it/s]
 95%|█████████▍| 75/79 [00:03<00:00, 18.96it/s]
 99%|█████████▊| 78/79 [00:03<00:00, 20.79it/s]
100%|██████████| 79/79 [00:03<00:00, 22.17it/s]

CommRound: 10/30
Accuracy: 15.05% | Loss: 2.9714
[####################----------------------------------------] 33.3%
Elapsed: 1.8m | Avg/Round: 10.6s | Last: 10.2s | Next: 10.6s | Remaining: 3.5m
ETA: 11:06:46
Recent round times: R1: 10.2s -> R2: 10.1s -> R3: 10.3s -> R4: 10.7s -> R5: 10.2s

  0%|          | 0/79 [00:00<?, ?it/s]
  1%|▏         | 1/79 [00:00<00:15,  5.19it/s]
  4%|▍         | 3/79 [00:00<00:07,  9.80it/s]
  9%|▉         | 7/79 [00:00<00:04, 17.54it/s]
 14%|█▍        | 11/79 [00:00<00:03, 18.87it/s]
 18%|█▊        | 14/79 [00:00<00:03, 21.61it/s]
 22%|██▏       | 17/79 [00:00<00:03, 18.67it/s]
 25%|██▌       | 20/79 [00:01<00:02, 20.48it/s]
 29%|██▉       | 23/79 [00:01<00:03, 16.85it/s]
 35%|███▌      | 28/79 [00:01<00:02, 23.36it/s]
 39%|███▉      | 31/79 [00:01<00:02, 23.91it/s]
 44%|████▍     | 35/79 [00:01<00:01, 26.11it/s]
 48%|████▊     | 38/79 [00:01<00:01, 24.60it/s]
 53%|█████▎    | 42/79 [00:01<00:01, 24.60it/s]
 57%|█████▋    | 45/79 [00:02<00:01, 25.45it/s]
 62%|██████▏   | 49/79 [00:02<00:01, 28.59it/s]
 66%|██████▌   | 52/79 [00:02<00:00, 27.88it/s]
 71%|███████   | 56/79 [00:02<00:00, 28.40it/s]
 76%|███████▌  | 60/79 [00:02<00:00, 30.40it/s]
 81%|████████  | 64/79 [00:02<00:00, 28.03it/s]
 85%|████████▍ | 67/79 [00:02<00:00, 22.46it/s]
 89%|████████▊ | 70/79 [00:03<00:00, 22.37it/s]
 92%|█████████▏| 73/79 [00:03<00:00, 21.10it/s]
 97%|█████████▋| 77/79 [00:03<00:00, 24.94it/s]
100%|██████████| 79/79 [00:03<00:00, 23.44it/s]

CommRound: 11/30
Accuracy: 15.09% | Loss: 2.9661
[######################--------------------------------------] 36.7%
Elapsed: 1.9m | Avg/Round: 10.6s | Last: 10.1s | Next: 10.6s | Remaining: 3.3m
ETA: 11:06:44
Recent round times: R1: 10.1s -> R2: 10.3s -> R3: 10.7s -> R4: 10.2s -> R5: 10.1s

  0%|          | 0/79 [00:00<?, ?it/s]
  1%|▏         | 1/79 [00:00<00:08,  9.02it/s]
  6%|▋         | 5/79 [00:00<00:02, 25.46it/s]
 11%|█▏        | 9/79 [00:00<00:02, 30.23it/s]
 16%|█▋        | 13/79 [00:00<00:02, 32.52it/s]
 22%|██▏       | 17/79 [00:00<00:01, 34.12it/s]
 27%|██▋       | 21/79 [00:00<00:01, 34.91it/s]
 32%|███▏      | 25/79 [00:00<00:01, 35.22it/s]
 37%|███▋      | 29/79 [00:00<00:01, 35.40it/s]
 42%|████▏     | 33/79 [00:00<00:01, 35.38it/s]
 47%|████▋     | 37/79 [00:01<00:01, 35.38it/s]
 52%|█████▏    | 41/79 [00:01<00:01, 35.48it/s]
 57%|█████▋    | 45/79 [00:01<00:00, 35.40it/s]
 62%|██████▏   | 49/79 [00:01<00:00, 35.45it/s]
 67%|██████▋   | 53/79 [00:01<00:00, 35.90it/s]
 72%|███████▏  | 57/79 [00:01<00:00, 36.01it/s]
 77%|███████▋  | 61/79 [00:01<00:00, 36.27it/s]
 82%|████████▏ | 65/79 [00:01<00:00, 36.57it/s]
 87%|████████▋ | 69/79 [00:01<00:00, 36.64it/s]
 92%|█████████▏| 73/79 [00:02<00:00, 35.91it/s]
 97%|█████████▋| 77/79 [00:02<00:00, 31.56it/s]
100%|██████████| 79/79 [00:02<00:00, 34.42it/s]

CommRound: 12/30
Accuracy: 15.17% | Loss: 2.9604
[########################------------------------------------] 40.0%
Elapsed: 2.1m | Avg/Round: 10.4s | Last: 9.1s | Next: 10.4s | Remaining: 3.1m
ETA: 11:06:40
Recent round times: R1: 10.3s -> R2: 10.7s -> R3: 10.2s -> R4: 10.1s -> R5: 9.1s

  0%|          | 0/79 [00:00<?, ?it/s]
  3%|▎         | 2/79 [00:00<00:05, 15.35it/s]
  8%|▊         | 6/79 [00:00<00:02, 27.16it/s]
 13%|█▎        | 10/79 [00:00<00:02, 31.26it/s]
 18%|█▊        | 14/79 [00:00<00:02, 31.35it/s]
 23%|██▎       | 18/79 [00:00<00:01, 31.55it/s]
 28%|██▊       | 22/79 [00:00<00:01, 31.64it/s]
 33%|███▎      | 26/79 [00:00<00:01, 32.14it/s]
 38%|███▊      | 30/79 [00:00<00:01, 33.01it/s]
 43%|████▎     | 34/79 [00:01<00:01, 33.53it/s]
 48%|████▊     | 38/79 [00:01<00:01, 34.06it/s]
 53%|█████▎    | 42/79 [00:01<00:01, 34.56it/s]
 58%|█████▊    | 46/79 [00:01<00:00, 34.33it/s]
 63%|██████▎   | 50/79 [00:01<00:00, 34.46it/s]
 68%|██████▊   | 54/79 [00:01<00:00, 34.61it/s]
 73%|███████▎  | 58/79 [00:01<00:00, 34.58it/s]
 78%|███████▊  | 62/79 [00:01<00:00, 34.76it/s]
 84%|████████▎ | 66/79 [00:01<00:00, 34.68it/s]
 89%|████████▊ | 70/79 [00:02<00:00, 34.92it/s]
 94%|█████████▎| 74/79 [00:02<00:00, 30.05it/s]
 99%|█████████▊| 78/79 [00:02<00:00, 27.47it/s]
100%|██████████| 79/79 [00:02<00:00, 31.91it/s]

CommRound: 13/30
Accuracy: 15.25% | Loss: 2.9542
[##########################----------------------------------] 43.3%
Elapsed: 2.2m | Avg/Round: 10.3s | Last: 9.2s | Next: 10.3s | Remaining: 2.9m
ETA: 11:06:38
Recent round times: R1: 10.7s -> R2: 10.2s -> R3: 10.1s -> R4: 9.1s -> R5: 9.2s

  0%|          | 0/79 [00:00<?, ?it/s]
  1%|▏         | 1/79 [00:00<00:08,  9.02it/s]
  8%|▊         | 6/79 [00:00<00:02, 31.00it/s]
 13%|█▎        | 10/79 [00:00<00:02, 33.08it/s]
 18%|█▊        | 14/79 [00:00<00:02, 26.02it/s]
 22%|██▏       | 17/79 [00:00<00:02, 25.84it/s]
 25%|██▌       | 20/79 [00:00<00:02, 22.95it/s]
 30%|███       | 24/79 [00:00<00:02, 22.92it/s]
 35%|███▌      | 28/79 [00:01<00:02, 22.91it/s]
 41%|████      | 32/79 [00:01<00:02, 23.08it/s]
 46%|████▌     | 36/79 [00:01<00:01, 25.61it/s]
 51%|█████     | 40/79 [00:01<00:01, 27.44it/s]
 56%|█████▌    | 44/79 [00:01<00:01, 29.20it/s]
 61%|██████    | 48/79 [00:01<00:01, 30.32it/s]
 66%|██████▌   | 52/79 [00:01<00:00, 31.19it/s]
 71%|███████   | 56/79 [00:02<00:00, 31.81it/s]
 76%|███████▌  | 60/79 [00:02<00:00, 31.24it/s]
 81%|████████  | 64/79 [00:02<00:00, 31.88it/s]
 86%|████████▌ | 68/79 [00:02<00:00, 29.22it/s]
 90%|████████▉ | 71/79 [00:02<00:00, 29.39it/s]
 94%|█████████▎| 74/79 [00:02<00:00, 23.51it/s]
 99%|█████████▊| 78/79 [00:02<00:00, 25.68it/s]
100%|██████████| 79/79 [00:02<00:00, 27.09it/s]

CommRound: 14/30
Accuracy: 15.38% | Loss: 2.9479
[############################--------------------------------] 46.7%
Elapsed: 2.4m | Avg/Round: 10.3s | Last: 9.5s | Next: 10.3s | Remaining: 2.7m
ETA: 11:06:36
Recent round times: R1: 10.2s -> R2: 10.1s -> R3: 9.1s -> R4: 9.2s -> R5: 9.5s

  0%|          | 0/79 [00:00<?, ?it/s]
  3%|▎         | 2/79 [00:00<00:04, 18.65it/s]
  8%|▊         | 6/79 [00:00<00:02, 29.99it/s]
 13%|█▎        | 10/79 [00:00<00:02, 31.94it/s]
 18%|█▊        | 14/79 [00:00<00:01, 33.53it/s]
 23%|██▎       | 18/79 [00:00<00:01, 34.12it/s]
 28%|██▊       | 22/79 [00:00<00:01, 33.83it/s]
 33%|███▎      | 26/79 [00:00<00:01, 34.23it/s]
 38%|███▊      | 30/79 [00:00<00:01, 34.75it/s]
 43%|████▎     | 34/79 [00:01<00:01, 34.87it/s]
 48%|████▊     | 38/79 [00:01<00:01, 35.02it/s]
 53%|█████▎    | 42/79 [00:01<00:01, 34.96it/s]
 58%|█████▊    | 46/79 [00:01<00:00, 35.18it/s]
 63%|██████▎   | 50/79 [00:01<00:00, 35.10it/s]
 68%|██████▊   | 54/79 [00:01<00:00, 34.43it/s]
 73%|███████▎  | 58/79 [00:01<00:00, 32.43it/s]
 78%|███████▊  | 62/79 [00:01<00:00, 33.48it/s]
 84%|████████▎ | 66/79 [00:01<00:00, 34.30it/s]
 89%|████████▊ | 70/79 [00:02<00:00, 34.81it/s]
 94%|█████████▎| 74/79 [00:02<00:00, 35.11it/s]
 99%|█████████▊| 78/79 [00:02<00:00, 35.95it/s]
100%|██████████| 79/79 [00:02<00:00, 34.41it/s]

CommRound: 15/30
Accuracy: 15.50% | Loss: 2.9413
[##############################------------------------------] 50.0%
Elapsed: 2.5m | Avg/Round: 10.2s | Last: 8.9s | Next: 10.2s | Remaining: 2.5m
ETA: 11:06:33
Recent round times: R1: 10.1s -> R2: 9.1s -> R3: 9.2s -> R4: 9.5s -> R5: 8.9s

  0%|          | 0/79 [00:00<?, ?it/s]
  3%|▎         | 2/79 [00:00<00:04, 19.00it/s]
  6%|▋         | 5/79 [00:00<00:02, 25.04it/s]
 11%|█▏        | 9/79 [00:00<00:02, 29.57it/s]
 16%|█▋        | 13/79 [00:00<00:02, 31.77it/s]
 22%|██▏       | 17/79 [00:00<00:01, 32.50it/s]
 27%|██▋       | 21/79 [00:00<00:01, 33.21it/s]
 32%|███▏      | 25/79 [00:00<00:01, 34.27it/s]
 37%|███▋      | 29/79 [00:00<00:01, 35.07it/s]
 42%|████▏     | 33/79 [00:00<00:01, 35.77it/s]
 47%|████▋     | 37/79 [00:01<00:01, 35.95it/s]
 52%|█████▏    | 41/79 [00:01<00:01, 36.22it/s]
 57%|█████▋    | 45/79 [00:01<00:00, 35.40it/s]
 62%|██████▏   | 49/79 [00:01<00:00, 34.17it/s]
 67%|██████▋   | 53/79 [00:01<00:00, 33.85it/s]
 72%|███████▏  | 57/79 [00:01<00:00, 33.68it/s]
 77%|███████▋  | 61/79 [00:01<00:00, 33.40it/s]
 82%|████████▏ | 65/79 [00:01<00:00, 33.68it/s]
 87%|████████▋ | 69/79 [00:02<00:00, 33.95it/s]
 92%|█████████▏| 73/79 [00:02<00:00, 34.22it/s]
 97%|█████████▋| 77/79 [00:02<00:00, 34.85it/s]
100%|██████████| 79/79 [00:02<00:00, 33.71it/s]

CommRound: 16/30
Accuracy: 15.58% | Loss: 2.9345
[################################----------------------------] 53.3%
Elapsed: 2.7m | Avg/Round: 10.1s | Last: 9.2s | Next: 10.1s | Remaining: 2.4m
ETA: 11:06:31
Recent round times: R1: 9.1s -> R2: 9.2s -> R3: 9.5s -> R4: 8.9s -> R5: 9.2s

  0%|          | 0/79 [00:00<?, ?it/s]
  3%|▎         | 2/79 [00:00<00:04, 17.99it/s]
  8%|▊         | 6/79 [00:00<00:02, 27.96it/s]
 13%|█▎        | 10/79 [00:00<00:02, 30.59it/s]
 18%|█▊        | 14/79 [00:00<00:02, 31.82it/s]
 23%|██▎       | 18/79 [00:00<00:01, 32.71it/s]
 28%|██▊       | 22/79 [00:00<00:01, 33.33it/s]
 33%|███▎      | 26/79 [00:00<00:01, 33.53it/s]
 38%|███▊      | 30/79 [00:00<00:01, 34.18it/s]
 43%|████▎     | 34/79 [00:01<00:01, 34.35it/s]
 48%|████▊     | 38/79 [00:01<00:01, 34.16it/s]
 53%|█████▎    | 42/79 [00:01<00:01, 34.60it/s]
 58%|█████▊    | 46/79 [00:01<00:00, 34.98it/s]
 63%|██████▎   | 50/79 [00:01<00:00, 35.13it/s]
 68%|██████▊   | 54/79 [00:01<00:00, 35.17it/s]
 73%|███████▎  | 58/79 [00:01<00:00, 35.03it/s]
 78%|███████▊  | 62/79 [00:01<00:00, 35.08it/s]
 84%|████████▎ | 66/79 [00:01<00:00, 34.92it/s]
 89%|████████▊ | 70/79 [00:02<00:00, 34.70it/s]
 94%|█████████▎| 74/79 [00:02<00:00, 34.66it/s]
 99%|█████████▊| 78/79 [00:02<00:00, 34.87it/s]
100%|██████████| 79/79 [00:02<00:00, 34.05it/s]

CommRound: 17/30
Accuracy: 15.69% | Loss: 2.9279
[##################################--------------------------] 56.7%
Elapsed: 2.9m | Avg/Round: 10.1s | Last: 9.1s | Next: 10.1s | Remaining: 2.2m
ETA: 11:06:29
Recent round times: R1: 9.2s -> R2: 9.5s -> R3: 8.9s -> R4: 9.2s -> R5: 9.1s

  0%|          | 0/79 [00:00<?, ?it/s]
  1%|▏         | 1/79 [00:00<00:07,  9.86it/s]
  6%|▋         | 5/79 [00:00<00:02, 25.93it/s]
 11%|█▏        | 9/79 [00:00<00:02, 29.81it/s]
 16%|█▋        | 13/79 [00:00<00:02, 32.01it/s]
 22%|██▏       | 17/79 [00:00<00:01, 33.26it/s]
 27%|██▋       | 21/79 [00:00<00:01, 33.95it/s]
 32%|███▏      | 25/79 [00:00<00:01, 34.54it/s]
 37%|███▋      | 29/79 [00:00<00:01, 34.87it/s]
 42%|████▏     | 33/79 [00:01<00:01, 35.05it/s]
 47%|████▋     | 37/79 [00:01<00:01, 35.12it/s]
 52%|█████▏    | 41/79 [00:01<00:01, 35.26it/s]
 57%|█████▋    | 45/79 [00:01<00:00, 35.10it/s]
 62%|██████▏   | 49/79 [00:01<00:00, 35.28it/s]
 67%|██████▋   | 53/79 [00:01<00:00, 35.58it/s]
 72%|███████▏  | 57/79 [00:01<00:00, 35.98it/s]
 77%|███████▋  | 61/79 [00:01<00:00, 36.43it/s]
 82%|████████▏ | 65/79 [00:01<00:00, 36.69it/s]
 87%|████████▋ | 69/79 [00:02<00:00, 36.63it/s]
 92%|█████████▏| 73/79 [00:02<00:00, 35.88it/s]
 97%|█████████▋| 77/79 [00:02<00:00, 35.60it/s]
100%|██████████| 79/79 [00:02<00:00, 34.44it/s]

CommRound: 18/30
Accuracy: 15.80% | Loss: 2.9210
[####################################------------------------] 60.0%
Elapsed: 3.0m | Avg/Round: 10.0s | Last: 8.9s | Next: 10.0s | Remaining: 2.0m
ETA: 11:06:27
Recent round times: R1: 9.5s -> R2: 8.9s -> R3: 9.2s -> R4: 9.1s -> R5: 8.9s

  0%|          | 0/79 [00:00<?, ?it/s]
  1%|▏         | 1/79 [00:00<00:09,  7.91it/s]
  6%|▋         | 5/79 [00:00<00:03, 23.37it/s]
 11%|█▏        | 9/79 [00:00<00:02, 27.95it/s]
 16%|█▋        | 13/79 [00:00<00:02, 30.03it/s]
 22%|██▏       | 17/79 [00:00<00:01, 32.13it/s]
 27%|██▋       | 21/79 [00:00<00:01, 33.25it/s]
 32%|███▏      | 25/79 [00:00<00:01, 32.57it/s]
 37%|███▋      | 29/79 [00:00<00:01, 31.83it/s]
 42%|████▏     | 33/79 [00:01<00:01, 31.58it/s]
 47%|████▋     | 37/79 [00:01<00:01, 31.63it/s]
 52%|█████▏    | 41/79 [00:01<00:01, 31.51it/s]
 57%|█████▋    | 45/79 [00:01<00:01, 32.12it/s]
 62%|██████▏   | 49/79 [00:01<00:00, 32.05it/s]
 67%|██████▋   | 53/79 [00:01<00:00, 32.11it/s]
 72%|███████▏  | 57/79 [00:01<00:00, 31.99it/s]
 77%|███████▋  | 61/79 [00:01<00:00, 31.48it/s]
 82%|████████▏ | 65/79 [00:02<00:00, 32.35it/s]
 87%|████████▋ | 69/79 [00:02<00:00, 31.78it/s]
 92%|█████████▏| 73/79 [00:02<00:00, 30.97it/s]
 97%|█████████▋| 77/79 [00:02<00:00, 30.40it/s]
100%|██████████| 79/79 [00:02<00:00, 31.36it/s]

CommRound: 19/30
Accuracy: 15.89% | Loss: 2.9135
[######################################----------------------] 63.3%
Elapsed: 3.2m | Avg/Round: 10.0s | Last: 9.1s | Next: 10.0s | Remaining: 1.8m
ETA: 11:06:26
Recent round times: R1: 8.9s -> R2: 9.2s -> R3: 9.1s -> R4: 8.9s -> R5: 9.1s

  0%|          | 0/79 [00:00<?, ?it/s]
  1%|▏         | 1/79 [00:00<00:07,  9.94it/s]
  6%|▋         | 5/79 [00:00<00:02, 26.29it/s]
 11%|█▏        | 9/79 [00:00<00:02, 31.31it/s]
 16%|█▋        | 13/79 [00:00<00:01, 33.27it/s]
 22%|██▏       | 17/79 [00:00<00:01, 34.38it/s]
 27%|██▋       | 21/79 [00:00<00:01, 34.39it/s]
 32%|███▏      | 25/79 [00:00<00:01, 35.36it/s]
 37%|███▋      | 29/79 [00:00<00:01, 35.71it/s]
 42%|████▏     | 33/79 [00:00<00:01, 35.79it/s]
 47%|████▋     | 37/79 [00:01<00:01, 35.80it/s]
 52%|█████▏    | 41/79 [00:01<00:01, 35.47it/s]
 57%|█████▋    | 45/79 [00:01<00:00, 34.85it/s]
 62%|██████▏   | 49/79 [00:01<00:00, 35.10it/s]
 67%|██████▋   | 53/79 [00:01<00:00, 34.95it/s]
 72%|███████▏  | 57/79 [00:01<00:00, 34.84it/s]
 77%|███████▋  | 61/79 [00:01<00:00, 34.82it/s]
 82%|████████▏ | 65/79 [00:01<00:00, 34.62it/s]
 87%|████████▋ | 69/79 [00:02<00:00, 34.34it/s]
 92%|█████████▏| 73/79 [00:02<00:00, 35.39it/s]
 97%|█████████▋| 77/79 [00:02<00:00, 35.70it/s]
100%|██████████| 79/79 [00:02<00:00, 34.27it/s]

CommRound: 20/30
Accuracy: 16.04% | Loss: 2.9064
[########################################--------------------] 66.7%
Elapsed: 3.3m | Avg/Round: 9.9s | Last: 9.0s | Next: 9.9s | Remaining: 1.7m
ETA: 11:06:25
Recent round times: R1: 9.2s -> R2: 9.1s -> R3: 8.9s -> R4: 9.1s -> R5: 9.0s

  0%|          | 0/79 [00:00<?, ?it/s]
  1%|▏         | 1/79 [00:00<00:08,  9.54it/s]
  6%|▋         | 5/79 [00:00<00:02, 26.13it/s]
 10%|█         | 8/79 [00:00<00:02, 25.52it/s]
 15%|█▌        | 12/79 [00:00<00:02, 28.08it/s]
 20%|██        | 16/79 [00:00<00:02, 29.79it/s]
 25%|██▌       | 20/79 [00:00<00:01, 30.97it/s]
 30%|███       | 24/79 [00:00<00:01, 31.29it/s]
 35%|███▌      | 28/79 [00:00<00:01, 31.72it/s]
 41%|████      | 32/79 [00:01<00:01, 32.20it/s]
 46%|████▌     | 36/79 [00:01<00:01, 32.51it/s]
 51%|█████     | 40/79 [00:01<00:01, 32.24it/s]
 56%|█████▌    | 44/79 [00:01<00:01, 32.22it/s]
 61%|██████    | 48/79 [00:01<00:00, 32.51it/s]
 66%|██████▌   | 52/79 [00:01<00:00, 32.32it/s]
 71%|███████   | 56/79 [00:01<00:00, 32.23it/s]
 76%|███████▌  | 60/79 [00:01<00:00, 32.55it/s]
 81%|████████  | 64/79 [00:02<00:00, 32.97it/s]
 86%|████████▌ | 68/79 [00:02<00:00, 32.85it/s]
 91%|█████████ | 72/79 [00:02<00:00, 33.64it/s]
 96%|█████████▌| 76/79 [00:02<00:00, 33.97it/s]
100%|██████████| 79/79 [00:02<00:00, 31.96it/s]

CommRound: 21/30
Accuracy: 16.17% | Loss: 2.8993
[##########################################------------------] 70.0%
Elapsed: 3.5m | Avg/Round: 9.9s | Last: 9.2s | Next: 9.9s | Remaining: 1.5m
ETA: 11:06:24
Recent round times: R1: 9.1s -> R2: 8.9s -> R3: 9.1s -> R4: 9.0s -> R5: 9.2s

  0%|          | 0/79 [00:00<?, ?it/s]
  1%|▏         | 1/79 [00:00<00:08,  9.64it/s]
  6%|▋         | 5/79 [00:00<00:02, 26.29it/s]
 11%|█▏        | 9/79 [00:00<00:02, 30.66it/s]
 16%|█▋        | 13/79 [00:00<00:02, 32.10it/s]
 22%|██▏       | 17/79 [00:00<00:01, 34.03it/s]
 27%|██▋       | 21/79 [00:00<00:01, 34.65it/s]
 32%|███▏      | 25/79 [00:00<00:01, 34.61it/s]
 37%|███▋      | 29/79 [00:00<00:01, 35.10it/s]
 42%|████▏     | 33/79 [00:00<00:01, 35.24it/s]
 47%|████▋     | 37/79 [00:01<00:01, 35.33it/s]
 52%|█████▏    | 41/79 [00:01<00:01, 35.49it/s]
 57%|█████▋    | 45/79 [00:01<00:00, 35.65it/s]
 62%|██████▏   | 49/79 [00:01<00:00, 35.74it/s]
 67%|██████▋   | 53/79 [00:01<00:00, 35.66it/s]
 72%|███████▏  | 57/79 [00:01<00:00, 35.42it/s]
 77%|███████▋  | 61/79 [00:01<00:00, 35.57it/s]
 82%|████████▏ | 65/79 [00:01<00:00, 35.66it/s]
 87%|████████▋ | 69/79 [00:02<00:00, 35.60it/s]
 92%|█████████▏| 73/79 [00:02<00:00, 34.43it/s]
 97%|█████████▋| 77/79 [00:02<00:00, 34.38it/s]
100%|██████████| 79/79 [00:02<00:00, 34.10it/s]

CommRound: 22/30
Accuracy: 16.33% | Loss: 2.8918
[############################################----------------] 73.3%
Elapsed: 3.6m | Avg/Round: 9.8s | Last: 8.8s | Next: 9.8s | Remaining: 1.3m
ETA: 11:06:22
Recent round times: R1: 8.9s -> R2: 9.1s -> R3: 9.0s -> R4: 9.2s -> R5: 8.8s

  0%|          | 0/79 [00:00<?, ?it/s]
  1%|▏         | 1/79 [00:00<00:09,  8.54it/s]
  6%|▋         | 5/79 [00:00<00:03, 23.37it/s]
 11%|█▏        | 9/79 [00:00<00:02, 27.70it/s]
 16%|█▋        | 13/79 [00:00<00:02, 29.49it/s]
 22%|██▏       | 17/79 [00:00<00:02, 30.67it/s]
 27%|██▋       | 21/79 [00:00<00:01, 31.08it/s]
 32%|███▏      | 25/79 [00:00<00:01, 31.66it/s]
 37%|███▋      | 29/79 [00:00<00:01, 32.46it/s]
 42%|████▏     | 33/79 [00:01<00:01, 32.89it/s]
 47%|████▋     | 37/79 [00:01<00:01, 33.22it/s]
 52%|█████▏    | 41/79 [00:01<00:01, 33.10it/s]
 57%|█████▋    | 45/79 [00:01<00:01, 33.64it/s]
 62%|██████▏   | 49/79 [00:01<00:00, 33.95it/s]
 67%|██████▋   | 53/79 [00:01<00:00, 33.84it/s]
 72%|███████▏  | 57/79 [00:01<00:00, 34.76it/s]
 77%|███████▋  | 61/79 [00:01<00:00, 35.25it/s]
 82%|████████▏ | 65/79 [00:02<00:00, 35.57it/s]
 87%|████████▋ | 69/79 [00:02<00:00, 35.04it/s]
 92%|█████████▏| 73/79 [00:02<00:00, 34.74it/s]
 97%|█████████▋| 77/79 [00:02<00:00, 34.49it/s]
100%|██████████| 79/79 [00:02<00:00, 32.82it/s]

CommRound: 23/30
Accuracy: 16.46% | Loss: 2.8843
[##############################################--------------] 76.7%
Elapsed: 3.8m | Avg/Round: 9.8s | Last: 9.3s | Next: 9.8s | Remaining: 1.1m
ETA: 11:06:21
Recent round times: R1: 9.1s -> R2: 9.0s -> R3: 9.2s -> R4: 8.8s -> R5: 9.3s

  0%|          | 0/79 [00:00<?, ?it/s]
  1%|▏         | 1/79 [00:00<00:11,  6.63it/s]
  9%|▉         | 7/79 [00:00<00:02, 30.23it/s]
 14%|█▍        | 11/79 [00:00<00:02, 32.89it/s]
 19%|█▉        | 15/79 [00:00<00:01, 34.50it/s]
 24%|██▍       | 19/79 [00:00<00:01, 34.75it/s]
 29%|██▉       | 23/79 [00:00<00:01, 32.55it/s]
 34%|███▍      | 27/79 [00:00<00:01, 31.67it/s]
 39%|███▉      | 31/79 [00:00<00:01, 31.56it/s]
 44%|████▍     | 35/79 [00:01<00:01, 31.63it/s]
 49%|████▉     | 39/79 [00:01<00:01, 30.48it/s]
 54%|█████▍    | 43/79 [00:01<00:01, 28.86it/s]
 59%|█████▉    | 47/79 [00:01<00:01, 28.63it/s]
 65%|██████▍   | 51/79 [00:01<00:00, 28.11it/s]
 68%|██████▊   | 54/79 [00:01<00:00, 28.50it/s]
 73%|███████▎  | 58/79 [00:01<00:00, 30.48it/s]
 78%|███████▊  | 62/79 [00:02<00:00, 31.83it/s]
 84%|████████▎ | 66/79 [00:02<00:00, 32.44it/s]
 89%|████████▊ | 70/79 [00:02<00:00, 32.19it/s]
 94%|█████████▎| 74/79 [00:02<00:00, 31.97it/s]
 99%|█████████▊| 78/79 [00:02<00:00, 32.55it/s]
100%|██████████| 79/79 [00:02<00:00, 31.06it/s]

CommRound: 24/30
Accuracy: 16.65% | Loss: 2.8768
[################################################------------] 80.0%
Elapsed: 3.9m | Avg/Round: 9.8s | Last: 9.6s | Next: 9.8s | Remaining: 1.0m
ETA: 11:06:21
Recent round times: R1: 9.0s -> R2: 9.2s -> R3: 8.8s -> R4: 9.3s -> R5: 9.6s

  0%|          | 0/79 [00:00<?, ?it/s]
  1%|▏         | 1/79 [00:00<00:09,  7.90it/s]
  6%|▋         | 5/79 [00:00<00:03, 22.18it/s]
 11%|█▏        | 9/79 [00:00<00:02, 24.08it/s]
 16%|█▋        | 13/79 [00:00<00:02, 24.40it/s]
 22%|██▏       | 17/79 [00:00<00:02, 24.49it/s]
 27%|██▋       | 21/79 [00:00<00:02, 24.91it/s]
 32%|███▏      | 25/79 [00:01<00:02, 25.12it/s]
 37%|███▋      | 29/79 [00:01<00:01, 25.21it/s]
 42%|████▏     | 33/79 [00:01<00:01, 25.28it/s]
 47%|████▋     | 37/79 [00:01<00:01, 25.62it/s]
 52%|█████▏    | 41/79 [00:01<00:01, 26.30it/s]
 57%|█████▋    | 45/79 [00:01<00:01, 26.37it/s]
 62%|██████▏   | 49/79 [00:01<00:01, 26.60it/s]
 67%|██████▋   | 53/79 [00:02<00:00, 27.58it/s]
 72%|███████▏  | 57/79 [00:02<00:00, 28.33it/s]
 77%|███████▋  | 61/79 [00:02<00:00, 28.80it/s]
 82%|████████▏ | 65/79 [00:02<00:00, 28.94it/s]
 87%|████████▋ | 69/79 [00:02<00:00, 29.05it/s]
 92%|█████████▏| 73/79 [00:02<00:00, 29.23it/s]
 97%|█████████▋| 77/79 [00:02<00:00, 29.37it/s]
100%|██████████| 79/79 [00:02<00:00, 27.11it/s]

CommRound: 25/30
Accuracy: 16.76% | Loss: 2.8692
[##################################################----------] 83.3%
Elapsed: 4.1m | Avg/Round: 9.8s | Last: 9.4s | Next: 9.8s | Remaining: 0.8m
ETA: 11:06:21
Recent round times: R1: 9.2s -> R2: 8.8s -> R3: 9.3s -> R4: 9.6s -> R5: 9.4s

  0%|          | 0/79 [00:00<?, ?it/s]
  1%|▏         | 1/79 [00:00<00:09,  8.52it/s]
  6%|▋         | 5/79 [00:00<00:03, 22.97it/s]
 11%|█▏        | 9/79 [00:00<00:02, 26.51it/s]
 16%|█▋        | 13/79 [00:00<00:02, 27.93it/s]
 22%|██▏       | 17/79 [00:00<00:02, 28.98it/s]
 27%|██▋       | 21/79 [00:00<00:01, 29.20it/s]
 32%|███▏      | 25/79 [00:00<00:01, 30.07it/s]
 37%|███▋      | 29/79 [00:01<00:01, 30.28it/s]
 42%|████▏     | 33/79 [00:01<00:01, 30.50it/s]
 47%|████▋     | 37/79 [00:01<00:01, 30.70it/s]
 52%|█████▏    | 41/79 [00:01<00:01, 30.68it/s]
 57%|█████▋    | 45/79 [00:01<00:01, 30.65it/s]
 62%|██████▏   | 49/79 [00:01<00:00, 30.59it/s]
 67%|██████▋   | 53/79 [00:01<00:00, 30.74it/s]
 72%|███████▏  | 57/79 [00:01<00:00, 30.79it/s]
 77%|███████▋  | 61/79 [00:02<00:00, 31.13it/s]
 82%|████████▏ | 65/79 [00:02<00:00, 31.35it/s]
 87%|████████▋ | 69/79 [00:02<00:00, 31.14it/s]
 92%|█████████▏| 73/79 [00:02<00:00, 31.13it/s]
 97%|█████████▋| 77/79 [00:02<00:00, 31.32it/s]
100%|██████████| 79/79 [00:02<00:00, 30.14it/s]

CommRound: 26/30
Accuracy: 16.88% | Loss: 2.8614
[####################################################--------] 86.7%
Elapsed: 4.2m | Avg/Round: 9.8s | Last: 9.4s | Next: 9.8s | Remaining: 0.7m
ETA: 11:06:20
Recent round times: R1: 8.8s -> R2: 9.3s -> R3: 9.6s -> R4: 9.4s -> R5: 9.4s

  0%|          | 0/79 [00:00<?, ?it/s]
  1%|▏         | 1/79 [00:00<00:08,  9.69it/s]
  6%|▋         | 5/79 [00:00<00:02, 26.15it/s]
 10%|█         | 8/79 [00:00<00:02, 25.43it/s]
 15%|█▌        | 12/79 [00:00<00:02, 26.90it/s]
 20%|██        | 16/79 [00:00<00:02, 27.48it/s]
 25%|██▌       | 20/79 [00:00<00:02, 27.95it/s]
 30%|███       | 24/79 [00:00<00:02, 24.44it/s]
 34%|███▍      | 27/79 [00:01<00:02, 23.53it/s]
 38%|███▊      | 30/79 [00:01<00:02, 22.36it/s]
 43%|████▎     | 34/79 [00:01<00:01, 25.58it/s]
 48%|████▊     | 38/79 [00:01<00:01, 27.17it/s]
 53%|█████▎    | 42/79 [00:01<00:01, 28.27it/s]
 58%|█████▊    | 46/79 [00:01<00:01, 28.87it/s]
 63%|██████▎   | 50/79 [00:01<00:00, 29.32it/s]
 68%|██████▊   | 54/79 [00:02<00:00, 30.19it/s]
 73%|███████▎  | 58/79 [00:02<00:00, 30.78it/s]
 78%|███████▊  | 62/79 [00:02<00:00, 31.67it/s]
 84%|████████▎ | 66/79 [00:02<00:00, 32.47it/s]
 89%|████████▊ | 70/79 [00:02<00:00, 28.76it/s]
 92%|█████████▏| 73/79 [00:02<00:00, 28.42it/s]
 96%|█████████▌| 76/79 [00:02<00:00, 23.74it/s]
100%|██████████| 79/79 [00:02<00:00, 27.12it/s]

CommRound: 27/30
Accuracy: 17.08% | Loss: 2.8529
[######################################################------] 90.0%
Elapsed: 4.4m | Avg/Round: 9.8s | Last: 10.1s | Next: 9.8s | Remaining: 0.5m
ETA: 11:06:21
Recent round times: R1: 9.3s -> R2: 9.6s -> R3: 9.4s -> R4: 9.4s -> R5: 10.1s

  0%|          | 0/79 [00:00<?, ?it/s]
  1%|▏         | 1/79 [00:00<00:08,  9.10it/s]
  5%|▌         | 4/79 [00:00<00:03, 20.83it/s]
 10%|█         | 8/79 [00:00<00:02, 24.38it/s]
 15%|█▌        | 12/79 [00:00<00:02, 27.38it/s]
 20%|██        | 16/79 [00:00<00:02, 29.27it/s]
 25%|██▌       | 20/79 [00:00<00:01, 30.49it/s]
 30%|███       | 24/79 [00:00<00:01, 31.30it/s]
 35%|███▌      | 28/79 [00:00<00:01, 31.32it/s]
 41%|████      | 32/79 [00:01<00:01, 31.35it/s]
 46%|████▌     | 36/79 [00:01<00:01, 31.75it/s]
 51%|█████     | 40/79 [00:01<00:01, 33.33it/s]
 56%|█████▌    | 44/79 [00:01<00:01, 34.21it/s]
 61%|██████    | 48/79 [00:01<00:00, 34.72it/s]
 66%|██████▌   | 52/79 [00:01<00:00, 34.98it/s]
 71%|███████   | 56/79 [00:01<00:00, 35.20it/s]
 76%|███████▌  | 60/79 [00:01<00:00, 34.69it/s]
 81%|████████  | 64/79 [00:02<00:00, 34.49it/s]
 86%|████████▌ | 68/79 [00:02<00:00, 34.28it/s]
 91%|█████████ | 72/79 [00:02<00:00, 33.36it/s]
 96%|█████████▌| 76/79 [00:02<00:00, 33.73it/s]
100%|██████████| 79/79 [00:02<00:00, 32.22it/s]

CommRound: 28/30
Accuracy: 17.23% | Loss: 2.8449
[########################################################----] 93.3%
Elapsed: 4.6m | Avg/Round: 9.8s | Last: 9.1s | Next: 9.8s | Remaining: 0.3m
ETA: 11:06:20
Recent round times: R1: 9.6s -> R2: 9.4s -> R3: 9.4s -> R4: 10.1s -> R5: 9.1s

  0%|          | 0/79 [00:00<?, ?it/s]
  3%|▎         | 2/79 [00:00<00:04, 17.79it/s]
  8%|▊         | 6/79 [00:00<00:02, 27.68it/s]
 13%|█▎        | 10/79 [00:00<00:02, 30.37it/s]
 18%|█▊        | 14/79 [00:00<00:02, 31.44it/s]
 23%|██▎       | 18/79 [00:00<00:01, 32.16it/s]
 28%|██▊       | 22/79 [00:00<00:01, 32.65it/s]
 33%|███▎      | 26/79 [00:00<00:01, 32.97it/s]
 38%|███▊      | 30/79 [00:00<00:01, 32.89it/s]
 43%|████▎     | 34/79 [00:01<00:01, 32.79it/s]
 48%|████▊     | 38/79 [00:01<00:01, 33.30it/s]
 53%|█████▎    | 42/79 [00:01<00:01, 33.56it/s]
 58%|█████▊    | 46/79 [00:01<00:00, 33.18it/s]
 63%|██████▎   | 50/79 [00:01<00:00, 32.96it/s]
 68%|██████▊   | 54/79 [00:01<00:00, 32.80it/s]
 73%|███████▎  | 58/79 [00:01<00:00, 32.21it/s]
 78%|███████▊  | 62/79 [00:01<00:00, 33.13it/s]
 84%|████████▎ | 66/79 [00:02<00:00, 34.15it/s]
 89%|████████▊ | 70/79 [00:02<00:00, 33.97it/s]
 94%|█████████▎| 74/79 [00:02<00:00, 33.27it/s]
 99%|█████████▊| 78/79 [00:02<00:00, 33.83it/s]
100%|██████████| 79/79 [00:02<00:00, 32.84it/s]

CommRound: 29/30
Accuracy: 17.38% | Loss: 2.8360
[##########################################################--] 96.7%
Elapsed: 4.7m | Avg/Round: 9.7s | Last: 9.0s | Next: 9.7s | Remaining: 0.2m
ETA: 11:06:19
Recent round times: R1: 9.4s -> R2: 9.4s -> R3: 10.1s -> R4: 9.1s -> R5: 9.0s

  0%|          | 0/79 [00:00<?, ?it/s]
  1%|▏         | 1/79 [00:00<00:09,  7.94it/s]
  6%|▋         | 5/79 [00:00<00:03, 20.59it/s]
 11%|█▏        | 9/79 [00:00<00:02, 24.38it/s]
 16%|█▋        | 13/79 [00:00<00:02, 26.01it/s]
 22%|██▏       | 17/79 [00:00<00:02, 26.85it/s]
 27%|██▋       | 21/79 [00:00<00:02, 27.43it/s]
 32%|███▏      | 25/79 [00:00<00:01, 27.71it/s]
 37%|███▋      | 29/79 [00:01<00:01, 28.27it/s]
 42%|████▏     | 33/79 [00:01<00:01, 29.12it/s]
 47%|████▋     | 37/79 [00:01<00:01, 29.53it/s]
 52%|█████▏    | 41/79 [00:01<00:01, 29.69it/s]
 57%|█████▋    | 45/79 [00:01<00:01, 29.64it/s]
 62%|██████▏   | 49/79 [00:01<00:01, 29.47it/s]
 67%|██████▋   | 53/79 [00:01<00:00, 29.59it/s]
 72%|███████▏  | 57/79 [00:02<00:00, 29.71it/s]
 77%|███████▋  | 61/79 [00:02<00:00, 29.68it/s]
 82%|████████▏ | 65/79 [00:02<00:00, 29.81it/s]
 87%|████████▋ | 69/79 [00:02<00:00, 29.63it/s]
 92%|█████████▏| 73/79 [00:02<00:00, 29.97it/s]
 97%|█████████▋| 77/79 [00:02<00:00, 29.98it/s]
100%|██████████| 79/79 [00:02<00:00, 28.88it/s]

CommRound: 30/30
Accuracy: 17.52% | Loss: 2.8274
[############################################################] 100.0%
Elapsed: 4.9m | Avg/Round: 9.7s | Last: 9.4s | Next: 9.7s | Remaining: 0.0m
ETA: 11:06:19
Recent round times: R1: 9.4s -> R2: 10.1s -> R3: 9.1s -> R4: 9.0s -> R5: 9.4s
Total time for experiment: 291.4867367744446 seconds
Device average training time per communication round [s]:
    rpi (sld-rpi-09.ece.utexas.edu): 3.82 seconds
    mc1 (sld-mc1-09.ece.utexas.edu): 1.75 seconds
