
  0%|          | 0/79 [00:00<?, ?it/s]
  4%|▍         | 3/79 [00:00<00:03, 25.05it/s]
 10%|█         | 8/79 [00:00<00:02, 33.95it/s]
 15%|█▌        | 12/79 [00:00<00:01, 36.07it/s]
 20%|██        | 16/79 [00:00<00:01, 36.83it/s]
 25%|██▌       | 20/79 [00:00<00:01, 37.69it/s]
 32%|███▏      | 25/79 [00:00<00:01, 41.51it/s]
 38%|███▊      | 30/79 [00:00<00:01, 39.02it/s]
 46%|████▌     | 36/79 [00:00<00:01, 39.92it/s]
 53%|█████▎    | 42/79 [00:01<00:00, 40.54it/s]
 61%|██████    | 48/79 [00:01<00:00, 41.19it/s]
 68%|██████▊   | 54/79 [00:01<00:00, 41.91it/s]
 76%|███████▌  | 60/79 [00:01<00:00, 42.36it/s]
 84%|████████▎ | 66/79 [00:01<00:00, 42.72it/s]
 90%|████████▉ | 71/79 [00:01<00:00, 44.25it/s]
 96%|█████████▌| 76/79 [00:01<00:00, 41.01it/s]
100%|██████████| 79/79 [00:01<00:00, 40.46it/s]
Initial Accuracy: 8.92%; Initial Loss: 2.3117

  0%|          | 0/79 [00:00<?, ?it/s]
  1%|▏         | 1/79 [00:00<00:08,  9.57it/s]
  9%|▉         | 7/79 [00:00<00:02, 32.27it/s]
 16%|█▋        | 13/79 [00:00<00:01, 37.21it/s]
 23%|██▎       | 18/79 [00:00<00:01, 41.19it/s]
 29%|██▉       | 23/79 [00:00<00:01, 39.39it/s]
 35%|███▌      | 28/79 [00:00<00:01, 41.56it/s]
 42%|████▏     | 33/79 [00:00<00:01, 40.01it/s]
 48%|████▊     | 38/79 [00:00<00:00, 42.01it/s]
 54%|█████▍    | 43/79 [00:01<00:00, 40.71it/s]
 61%|██████    | 48/79 [00:01<00:00, 41.95it/s]
 67%|██████▋   | 53/79 [00:01<00:00, 40.45it/s]
 73%|███████▎  | 58/79 [00:01<00:00, 41.87it/s]
 80%|███████▉  | 63/79 [00:01<00:00, 40.60it/s]
 86%|████████▌ | 68/79 [00:01<00:00, 41.70it/s]
 92%|█████████▏| 73/79 [00:01<00:00, 39.83it/s]
100%|██████████| 79/79 [00:01<00:00, 44.57it/s]
100%|██████████| 79/79 [00:01<00:00, 40.38it/s]

CommRound: 1/30
Accuracy: 18.86% | Loss: 2.5808
[##----------------------------------------------------------] 3.3%
Elapsed: 0.2m | Avg/Round: 11.8s | Last: 9.8s | Next: 11.8s | Remaining: 5.7m
ETA: 20:54:37
Recent round times: R1: 9.8s

  0%|          | 0/79 [00:00<?, ?it/s]
  1%|▏         | 1/79 [00:00<00:08,  9.65it/s]
  9%|▉         | 7/79 [00:00<00:02, 32.34it/s]
 15%|█▌        | 12/79 [00:00<00:01, 39.11it/s]
 22%|██▏       | 17/79 [00:00<00:01, 37.93it/s]
 29%|██▉       | 23/79 [00:00<00:01, 39.44it/s]
 37%|███▋      | 29/79 [00:00<00:01, 40.38it/s]
 44%|████▍     | 35/79 [00:00<00:01, 41.07it/s]
 52%|█████▏    | 41/79 [00:01<00:00, 41.50it/s]
 58%|█████▊    | 46/79 [00:01<00:00, 42.90it/s]
 65%|██████▍   | 51/79 [00:01<00:00, 37.29it/s]
 72%|███████▏  | 57/79 [00:01<00:00, 38.54it/s]
 78%|███████▊  | 62/79 [00:01<00:00, 41.04it/s]
 85%|████████▍ | 67/79 [00:01<00:00, 38.75it/s]
 91%|█████████ | 72/79 [00:01<00:00, 41.22it/s]
 97%|█████████▋| 77/79 [00:01<00:00, 39.49it/s]
100%|██████████| 79/79 [00:01<00:00, 39.77it/s]

CommRound: 2/30
Accuracy: 19.72% | Loss: 2.5129
[####--------------------------------------------------------] 6.7%
Elapsed: 0.4m | Avg/Round: 10.9s | Last: 10.0s | Next: 10.9s | Remaining: 5.1m
ETA: 20:54:09
Recent round times: R1: 9.8s -> R2: 10.0s

  0%|          | 0/79 [00:00<?, ?it/s]
  4%|▍         | 3/79 [00:00<00:03, 23.33it/s]
 10%|█         | 8/79 [00:00<00:02, 35.43it/s]
 16%|█▋        | 13/79 [00:00<00:01, 37.38it/s]
 23%|██▎       | 18/79 [00:00<00:01, 38.68it/s]
 29%|██▉       | 23/79 [00:00<00:01, 40.49it/s]
 35%|███▌      | 28/79 [00:00<00:01, 39.18it/s]
 41%|████      | 32/79 [00:00<00:01, 39.34it/s]
 47%|████▋     | 37/79 [00:00<00:01, 40.54it/s]
 53%|█████▎    | 42/79 [00:01<00:00, 39.35it/s]
 58%|█████▊    | 46/79 [00:01<00:00, 39.35it/s]
 65%|██████▍   | 51/79 [00:01<00:00, 41.84it/s]
 71%|███████   | 56/79 [00:01<00:00, 39.11it/s]
 76%|███████▌  | 60/79 [00:01<00:00, 39.22it/s]
 81%|████████  | 64/79 [00:01<00:00, 39.33it/s]
 89%|████████▊ | 70/79 [00:01<00:00, 40.13it/s]
 95%|█████████▍| 75/79 [00:01<00:00, 42.58it/s]
100%|██████████| 79/79 [00:02<00:00, 39.41it/s]

CommRound: 3/30
Accuracy: 20.59% | Loss: 2.3148
[######------------------------------------------------------] 10.0%
Elapsed: 0.5m | Avg/Round: 10.5s | Last: 9.8s | Next: 10.5s | Remaining: 4.7m
ETA: 20:53:58
Recent round times: R1: 9.8s -> R2: 10.0s -> R3: 9.8s

  0%|          | 0/79 [00:00<?, ?it/s]
  4%|▍         | 3/79 [00:00<00:03, 23.88it/s]
 10%|█         | 8/79 [00:00<00:01, 36.38it/s]
 16%|█▋        | 13/79 [00:00<00:01, 37.27it/s]
 23%|██▎       | 18/79 [00:00<00:01, 40.04it/s]
 29%|██▉       | 23/79 [00:00<00:01, 40.13it/s]
 35%|███▌      | 28/79 [00:00<00:01, 41.26it/s]
 42%|████▏     | 33/79 [00:00<00:01, 41.65it/s]
 48%|████▊     | 38/79 [00:00<00:00, 41.87it/s]
 54%|█████▍    | 43/79 [00:01<00:00, 41.28it/s]
 61%|██████    | 48/79 [00:01<00:00, 42.13it/s]
 67%|██████▋   | 53/79 [00:01<00:00, 40.52it/s]
 73%|███████▎  | 58/79 [00:01<00:00, 42.39it/s]
 80%|███████▉  | 63/79 [00:01<00:00, 40.28it/s]
 86%|████████▌ | 68/79 [00:01<00:00, 42.73it/s]
 92%|█████████▏| 73/79 [00:01<00:00, 40.21it/s]
100%|██████████| 79/79 [00:01<00:00, 45.01it/s]
100%|██████████| 79/79 [00:01<00:00, 41.08it/s]

CommRound: 4/30
Accuracy: 24.75% | Loss: 2.1476
[########----------------------------------------------------] 13.3%
Elapsed: 0.7m | Avg/Round: 10.3s | Last: 9.8s | Next: 10.3s | Remaining: 4.5m
ETA: 20:53:53
Recent round times: R1: 9.8s -> R2: 10.0s -> R3: 9.8s -> R4: 9.8s

  0%|          | 0/79 [00:00<?, ?it/s]
  4%|▍         | 3/79 [00:00<00:03, 22.63it/s]
 10%|█         | 8/79 [00:00<00:01, 36.21it/s]
 15%|█▌        | 12/79 [00:00<00:01, 37.58it/s]
 20%|██        | 16/79 [00:00<00:01, 38.48it/s]
 27%|██▋       | 21/79 [00:00<00:01, 39.76it/s]
 33%|███▎      | 26/79 [00:00<00:01, 39.65it/s]
 39%|███▉      | 31/79 [00:00<00:01, 41.97it/s]
 46%|████▌     | 36/79 [00:00<00:01, 39.92it/s]
 53%|█████▎    | 42/79 [00:01<00:00, 40.63it/s]
 59%|█████▉    | 47/79 [00:01<00:00, 42.86it/s]
 66%|██████▌   | 52/79 [00:01<00:00, 37.26it/s]
 71%|███████   | 56/79 [00:01<00:00, 37.40it/s]
 76%|███████▌  | 60/79 [00:01<00:00, 37.54it/s]
 81%|████████  | 64/79 [00:01<00:00, 37.67it/s]
 86%|████████▌ | 68/79 [00:01<00:00, 37.74it/s]
 91%|█████████ | 72/79 [00:01<00:00, 37.79it/s]
 96%|█████████▌| 76/79 [00:01<00:00, 37.83it/s]
100%|██████████| 79/79 [00:02<00:00, 38.56it/s]

CommRound: 5/30
Accuracy: 30.39% | Loss: 1.9428
[##########--------------------------------------------------] 16.7%
Elapsed: 0.9m | Avg/Round: 10.2s | Last: 9.8s | Next: 10.2s | Remaining: 4.3m
ETA: 20:53:49
Recent round times: R1: 9.8s -> R2: 10.0s -> R3: 9.8s -> R4: 9.8s -> R5: 9.8s

  0%|          | 0/79 [00:00<?, ?it/s]
  4%|▍         | 3/79 [00:00<00:03, 22.95it/s]
 11%|█▏        | 9/79 [00:00<00:02, 34.37it/s]
 18%|█▊        | 14/79 [00:00<00:01, 40.09it/s]
 24%|██▍       | 19/79 [00:00<00:01, 37.93it/s]
 32%|███▏      | 25/79 [00:00<00:01, 39.36it/s]
 39%|███▉      | 31/79 [00:00<00:01, 40.23it/s]
 47%|████▋     | 37/79 [00:00<00:01, 40.78it/s]
 54%|█████▍    | 43/79 [00:01<00:00, 41.29it/s]
 62%|██████▏   | 49/79 [00:01<00:00, 41.53it/s]
 70%|██████▉   | 55/79 [00:01<00:00, 41.69it/s]
 77%|███████▋  | 61/79 [00:01<00:00, 41.73it/s]
 85%|████████▍ | 67/79 [00:01<00:00, 41.60it/s]
 91%|█████████ | 72/79 [00:01<00:00, 43.54it/s]
 97%|█████████▋| 77/79 [00:01<00:00, 40.96it/s]
100%|██████████| 79/79 [00:01<00:00, 41.04it/s]

CommRound: 6/30
Accuracy: 32.24% | Loss: 1.8991
[############------------------------------------------------] 20.0%
Elapsed: 1.0m | Avg/Round: 10.2s | Last: 9.9s | Next: 10.2s | Remaining: 4.1m
ETA: 20:53:48
Recent round times: R1: 10.0s -> R2: 9.8s -> R3: 9.8s -> R4: 9.8s -> R5: 9.9s

  0%|          | 0/79 [00:00<?, ?it/s]
  3%|▎         | 2/79 [00:00<00:04, 19.12it/s]
  9%|▉         | 7/79 [00:00<00:02, 30.83it/s]
 15%|█▌        | 12/79 [00:00<00:01, 38.61it/s]
 22%|██▏       | 17/79 [00:00<00:01, 37.09it/s]
 29%|██▉       | 23/79 [00:00<00:01, 38.80it/s]
 37%|███▋      | 29/79 [00:00<00:01, 39.78it/s]
 44%|████▍     | 35/79 [00:00<00:01, 40.49it/s]
 52%|█████▏    | 41/79 [00:01<00:00, 41.06it/s]
 59%|█████▉    | 47/79 [00:01<00:00, 41.44it/s]
 67%|██████▋   | 53/79 [00:01<00:00, 41.56it/s]
 75%|███████▍  | 59/79 [00:01<00:00, 41.83it/s]
 82%|████████▏ | 65/79 [00:01<00:00, 41.72it/s]
 90%|████████▉ | 71/79 [00:01<00:00, 41.78it/s]
 97%|█████████▋| 77/79 [00:01<00:00, 41.74it/s]
100%|██████████| 79/79 [00:01<00:00, 40.82it/s]

CommRound: 7/30
Accuracy: 35.69% | Loss: 1.7486
[##############----------------------------------------------] 23.3%
Elapsed: 1.2m | Avg/Round: 10.1s | Last: 9.8s | Next: 10.1s | Remaining: 3.9m
ETA: 20:53:46
Recent round times: R1: 9.8s -> R2: 9.8s -> R3: 9.8s -> R4: 9.9s -> R5: 9.8s

  0%|          | 0/79 [00:00<?, ?it/s]
  4%|▍         | 3/79 [00:00<00:03, 24.41it/s]
 10%|█         | 8/79 [00:00<00:02, 35.39it/s]
 16%|█▋        | 13/79 [00:00<00:01, 38.24it/s]
 23%|██▎       | 18/79 [00:00<00:01, 38.84it/s]
 29%|██▉       | 23/79 [00:00<00:01, 41.67it/s]
 35%|███▌      | 28/79 [00:00<00:01, 39.68it/s]
 43%|████▎     | 34/79 [00:00<00:01, 40.58it/s]
 51%|█████     | 40/79 [00:01<00:00, 40.95it/s]
 58%|█████▊    | 46/79 [00:01<00:00, 41.21it/s]
 66%|██████▌   | 52/79 [00:01<00:00, 41.51it/s]
 73%|███████▎  | 58/79 [00:01<00:00, 41.68it/s]
 81%|████████  | 64/79 [00:01<00:00, 41.86it/s]
 89%|████████▊ | 70/79 [00:01<00:00, 42.08it/s]
 96%|█████████▌| 76/79 [00:01<00:00, 42.34it/s]
100%|██████████| 79/79 [00:01<00:00, 41.08it/s]

CommRound: 8/30
Accuracy: 35.11% | Loss: 1.7527
[################--------------------------------------------] 26.7%
Elapsed: 1.3m | Avg/Round: 10.1s | Last: 9.7s | Next: 10.1s | Remaining: 3.7m
ETA: 20:53:44
Recent round times: R1: 9.8s -> R2: 9.8s -> R3: 9.9s -> R4: 9.8s -> R5: 9.7s

  0%|          | 0/79 [00:00<?, ?it/s]
  1%|▏         | 1/79 [00:00<00:08,  9.36it/s]
  9%|▉         | 7/79 [00:00<00:02, 32.42it/s]
 15%|█▌        | 12/79 [00:00<00:01, 39.50it/s]
 22%|██▏       | 17/79 [00:00<00:01, 37.14it/s]
 28%|██▊       | 22/79 [00:00<00:01, 41.03it/s]
 34%|███▍      | 27/79 [00:00<00:01, 38.78it/s]
 42%|████▏     | 33/79 [00:00<00:01, 39.68it/s]
 49%|████▉     | 39/79 [00:01<00:00, 40.33it/s]
 56%|█████▌    | 44/79 [00:01<00:00, 42.62it/s]
 62%|██████▏   | 49/79 [00:01<00:00, 40.26it/s]
 70%|██████▉   | 55/79 [00:01<00:00, 40.79it/s]
 77%|███████▋  | 61/79 [00:01<00:00, 41.11it/s]
 85%|████████▍ | 67/79 [00:01<00:00, 41.37it/s]
 92%|█████████▏| 73/79 [00:01<00:00, 41.50it/s]
100%|██████████| 79/79 [00:01<00:00, 45.35it/s]
100%|██████████| 79/79 [00:01<00:00, 40.50it/s]

CommRound: 9/30
Accuracy: 36.77% | Loss: 1.6974
[##################------------------------------------------] 30.0%
Elapsed: 1.5m | Avg/Round: 10.0s | Last: 9.8s | Next: 10.0s | Remaining: 3.5m
ETA: 20:53:44
Recent round times: R1: 9.8s -> R2: 9.9s -> R3: 9.8s -> R4: 9.7s -> R5: 9.8s

  0%|          | 0/79 [00:00<?, ?it/s]
  4%|▍         | 3/79 [00:00<00:03, 22.95it/s]
 10%|█         | 8/79 [00:00<00:01, 35.79it/s]
 16%|█▋        | 13/79 [00:00<00:01, 36.40it/s]
 23%|██▎       | 18/79 [00:00<00:01, 40.31it/s]
 29%|██▉       | 23/79 [00:00<00:01, 40.07it/s]
 35%|███▌      | 28/79 [00:00<00:01, 41.98it/s]
 42%|████▏     | 33/79 [00:00<00:01, 41.41it/s]
 48%|████▊     | 38/79 [00:00<00:00, 42.63it/s]
 54%|█████▍    | 43/79 [00:01<00:00, 42.32it/s]
 61%|██████    | 48/79 [00:01<00:00, 43.17it/s]
 67%|██████▋   | 53/79 [00:01<00:00, 41.75it/s]
 73%|███████▎  | 58/79 [00:01<00:00, 43.15it/s]
 80%|███████▉  | 63/79 [00:01<00:00, 41.64it/s]
 86%|████████▌ | 68/79 [00:01<00:00, 43.24it/s]
 92%|█████████▏| 73/79 [00:01<00:00, 41.84it/s]
 99%|█████████▊| 78/79 [00:01<00:00, 43.04it/s]
100%|██████████| 79/79 [00:01<00:00, 41.55it/s]

CommRound: 10/30
Accuracy: 41.91% | Loss: 1.5421
[####################----------------------------------------] 33.3%
Elapsed: 1.7m | Avg/Round: 10.0s | Last: 9.7s | Next: 10.0s | Remaining: 3.3m
ETA: 20:53:42
Recent round times: R1: 9.9s -> R2: 9.8s -> R3: 9.7s -> R4: 9.8s -> R5: 9.7s

  0%|          | 0/79 [00:00<?, ?it/s]
  4%|▍         | 3/79 [00:00<00:03, 21.19it/s]
 11%|█▏        | 9/79 [00:00<00:02, 32.86it/s]
 19%|█▉        | 15/79 [00:00<00:01, 37.78it/s]
 27%|██▋       | 21/79 [00:00<00:01, 39.50it/s]
 34%|███▍      | 27/79 [00:00<00:01, 40.70it/s]
 42%|████▏     | 33/79 [00:00<00:01, 41.40it/s]
 49%|████▉     | 39/79 [00:00<00:00, 41.91it/s]
 57%|█████▋    | 45/79 [00:01<00:00, 41.71it/s]
 63%|██████▎   | 50/79 [00:01<00:00, 43.60it/s]
 70%|██████▉   | 55/79 [00:01<00:00, 40.56it/s]
 77%|███████▋  | 61/79 [00:01<00:00, 40.80it/s]
 84%|████████▎ | 66/79 [00:01<00:00, 42.87it/s]
 90%|████████▉ | 71/79 [00:01<00:00, 40.63it/s]
 97%|█████████▋| 77/79 [00:01<00:00, 41.43it/s]
100%|██████████| 79/79 [00:01<00:00, 41.03it/s]

CommRound: 11/30
Accuracy: 44.33% | Loss: 1.4977
[######################--------------------------------------] 36.7%
Elapsed: 1.8m | Avg/Round: 10.0s | Last: 10.1s | Next: 10.0s | Remaining: 3.2m
ETA: 20:53:43
Recent round times: R1: 9.8s -> R2: 9.7s -> R3: 9.8s -> R4: 9.7s -> R5: 10.1s

  0%|          | 0/79 [00:00<?, ?it/s]
  4%|▍         | 3/79 [00:00<00:03, 24.35it/s]
 10%|█         | 8/79 [00:00<00:01, 36.04it/s]
 16%|█▋        | 13/79 [00:00<00:01, 38.36it/s]
 23%|██▎       | 18/79 [00:00<00:01, 39.43it/s]
 29%|██▉       | 23/79 [00:00<00:01, 40.44it/s]
 35%|███▌      | 28/79 [00:00<00:01, 40.14it/s]
 42%|████▏     | 33/79 [00:00<00:01, 41.00it/s]
 48%|████▊     | 38/79 [00:00<00:01, 40.47it/s]
 54%|█████▍    | 43/79 [00:01<00:00, 41.41it/s]
 61%|██████    | 48/79 [00:01<00:00, 40.61it/s]
 67%|██████▋   | 53/79 [00:01<00:00, 41.48it/s]
 73%|███████▎  | 58/79 [00:01<00:00, 40.50it/s]
 80%|███████▉  | 63/79 [00:01<00:00, 41.76it/s]
 86%|████████▌ | 68/79 [00:01<00:00, 40.35it/s]
 92%|█████████▏| 73/79 [00:01<00:00, 41.95it/s]
 99%|█████████▊| 78/79 [00:01<00:00, 40.57it/s]
100%|██████████| 79/79 [00:01<00:00, 40.39it/s]

CommRound: 12/30
Accuracy: 49.68% | Loss: 1.4322
[########################------------------------------------] 40.0%
Elapsed: 2.0m | Avg/Round: 10.0s | Last: 9.8s | Next: 10.0s | Remaining: 3.0m
ETA: 20:53:42
Recent round times: R1: 9.7s -> R2: 9.8s -> R3: 9.7s -> R4: 10.1s -> R5: 9.8s

  0%|          | 0/79 [00:00<?, ?it/s]
  4%|▍         | 3/79 [00:00<00:03, 24.29it/s]
 10%|█         | 8/79 [00:00<00:02, 32.41it/s]
 16%|█▋        | 13/79 [00:00<00:01, 38.78it/s]
 23%|██▎       | 18/79 [00:00<00:01, 37.67it/s]
 29%|██▉       | 23/79 [00:00<00:01, 40.42it/s]
 35%|███▌      | 28/79 [00:00<00:01, 39.61it/s]
 42%|████▏     | 33/79 [00:00<00:01, 40.87it/s]
 48%|████▊     | 38/79 [00:00<00:01, 39.63it/s]
 54%|█████▍    | 43/79 [00:01<00:00, 41.09it/s]
 61%|██████    | 48/79 [00:01<00:00, 39.74it/s]
 67%|██████▋   | 53/79 [00:01<00:00, 41.11it/s]
 73%|███████▎  | 58/79 [00:01<00:00, 39.67it/s]
 80%|███████▉  | 63/79 [00:01<00:00, 41.48it/s]
 86%|████████▌ | 68/79 [00:01<00:00, 40.17it/s]
 92%|█████████▏| 73/79 [00:01<00:00, 41.91it/s]
 99%|█████████▊| 78/79 [00:01<00:00, 41.01it/s]
100%|██████████| 79/79 [00:01<00:00, 40.01it/s]

CommRound: 13/30
Accuracy: 52.99% | Loss: 1.4334
[##########################----------------------------------] 43.3%
Elapsed: 2.2m | Avg/Round: 10.0s | Last: 9.7s | Next: 10.0s | Remaining: 2.8m
ETA: 20:53:42
Recent round times: R1: 9.8s -> R2: 9.7s -> R3: 10.1s -> R4: 9.8s -> R5: 9.7s

  0%|          | 0/79 [00:00<?, ?it/s]
  3%|▎         | 2/79 [00:00<00:03, 19.60it/s]
  9%|▉         | 7/79 [00:00<00:02, 31.99it/s]
 15%|█▌        | 12/79 [00:00<00:01, 38.79it/s]
 22%|██▏       | 17/79 [00:00<00:01, 38.02it/s]
 28%|██▊       | 22/79 [00:00<00:01, 40.77it/s]
 34%|███▍      | 27/79 [00:00<00:01, 40.53it/s]
 41%|████      | 32/79 [00:00<00:01, 39.97it/s]
 47%|████▋     | 37/79 [00:00<00:00, 42.26it/s]
 53%|█████▎    | 42/79 [00:01<00:00, 40.48it/s]
 61%|██████    | 48/79 [00:01<00:00, 40.91it/s]
 68%|██████▊   | 54/79 [00:01<00:00, 41.55it/s]
 75%|███████▍  | 59/79 [00:01<00:00, 43.51it/s]
 81%|████████  | 64/79 [00:01<00:00, 40.63it/s]
 89%|████████▊ | 70/79 [00:01<00:00, 41.13it/s]
 96%|█████████▌| 76/79 [00:01<00:00, 41.48it/s]
100%|██████████| 79/79 [00:01<00:00, 40.60it/s]

CommRound: 14/30
Accuracy: 56.70% | Loss: 1.3997
[############################--------------------------------] 46.7%
Elapsed: 2.3m | Avg/Round: 10.0s | Last: 9.9s | Next: 10.0s | Remaining: 2.7m
ETA: 20:53:41
Recent round times: R1: 9.7s -> R2: 10.1s -> R3: 9.8s -> R4: 9.7s -> R5: 9.9s

  0%|          | 0/79 [00:00<?, ?it/s]
  3%|▎         | 2/79 [00:00<00:04, 18.85it/s]
  9%|▉         | 7/79 [00:00<00:02, 31.55it/s]
 15%|█▌        | 12/79 [00:00<00:01, 38.96it/s]
 20%|██        | 16/79 [00:00<00:01, 39.28it/s]
 27%|██▋       | 21/79 [00:00<00:01, 35.83it/s]
 34%|███▍      | 27/79 [00:00<00:01, 38.77it/s]
 42%|████▏     | 33/79 [00:00<00:01, 39.56it/s]
 49%|████▉     | 39/79 [00:01<00:00, 40.17it/s]
 57%|█████▋    | 45/79 [00:01<00:00, 41.25it/s]
 65%|██████▍   | 51/79 [00:01<00:00, 41.95it/s]
 72%|███████▏  | 57/79 [00:01<00:00, 42.42it/s]
 80%|███████▉  | 63/79 [00:01<00:00, 42.62it/s]
 87%|████████▋ | 69/79 [00:01<00:00, 42.55it/s]
 95%|█████████▍| 75/79 [00:01<00:00, 42.78it/s]
100%|██████████| 79/79 [00:01<00:00, 41.10it/s]

CommRound: 15/30
Accuracy: 57.51% | Loss: 1.3631
[##############################------------------------------] 50.0%
Elapsed: 2.5m | Avg/Round: 9.9s | Last: 9.6s | Next: 9.9s | Remaining: 2.5m
ETA: 20:53:41
Recent round times: R1: 10.1s -> R2: 9.8s -> R3: 9.7s -> R4: 9.9s -> R5: 9.6s

  0%|          | 0/79 [00:00<?, ?it/s]
  4%|▍         | 3/79 [00:00<00:03, 23.85it/s]
  9%|▉         | 7/79 [00:00<00:02, 32.33it/s]
 15%|█▌        | 12/79 [00:00<00:01, 38.02it/s]
 20%|██        | 16/79 [00:00<00:01, 38.27it/s]
 27%|██▋       | 21/79 [00:00<00:01, 38.09it/s]
 33%|███▎      | 26/79 [00:00<00:01, 39.72it/s]
 39%|███▉      | 31/79 [00:00<00:01, 39.66it/s]
 46%|████▌     | 36/79 [00:00<00:01, 39.93it/s]
 52%|█████▏    | 41/79 [00:01<00:00, 40.40it/s]
 58%|█████▊    | 46/79 [00:01<00:00, 39.90it/s]
 65%|██████▍   | 51/79 [00:01<00:00, 41.11it/s]
 71%|███████   | 56/79 [00:01<00:00, 39.80it/s]
 77%|███████▋  | 61/79 [00:01<00:00, 41.77it/s]
 84%|████████▎ | 66/79 [00:01<00:00, 39.54it/s]
 91%|█████████ | 72/79 [00:01<00:00, 40.21it/s]
 99%|█████████▊| 78/79 [00:01<00:00, 40.46it/s]
100%|██████████| 79/79 [00:01<00:00, 39.68it/s]

CommRound: 16/30
Accuracy: 57.02% | Loss: 1.3875
[################################----------------------------] 53.3%
Elapsed: 2.6m | Avg/Round: 9.9s | Last: 9.7s | Next: 9.9s | Remaining: 2.3m
ETA: 20:53:40
Recent round times: R1: 9.8s -> R2: 9.7s -> R3: 9.9s -> R4: 9.6s -> R5: 9.7s

  0%|          | 0/79 [00:00<?, ?it/s]
  4%|▍         | 3/79 [00:00<00:03, 24.71it/s]
 10%|█         | 8/79 [00:00<00:02, 34.55it/s]
 15%|█▌        | 12/79 [00:00<00:01, 36.51it/s]
 20%|██        | 16/79 [00:00<00:01, 37.49it/s]
 25%|██▌       | 20/79 [00:00<00:01, 38.34it/s]
 30%|███       | 24/79 [00:00<00:01, 38.86it/s]
 38%|███▊      | 30/79 [00:00<00:01, 39.92it/s]
 46%|████▌     | 36/79 [00:00<00:01, 40.48it/s]
 52%|█████▏    | 41/79 [00:01<00:00, 42.98it/s]
 58%|█████▊    | 46/79 [00:01<00:00, 40.49it/s]
 65%|██████▍   | 51/79 [00:01<00:00, 42.21it/s]
 71%|███████   | 56/79 [00:01<00:00, 40.39it/s]
 78%|███████▊  | 62/79 [00:01<00:00, 41.16it/s]
 86%|████████▌ | 68/79 [00:01<00:00, 41.46it/s]
 92%|█████████▏| 73/79 [00:01<00:00, 43.44it/s]
 99%|█████████▊| 78/79 [00:01<00:00, 41.19it/s]
100%|██████████| 79/79 [00:01<00:00, 40.35it/s]

CommRound: 17/30
Accuracy: 59.91% | Loss: 1.2925
[##################################--------------------------] 56.7%
Elapsed: 2.8m | Avg/Round: 9.9s | Last: 9.7s | Next: 9.9s | Remaining: 2.1m
ETA: 20:53:40
Recent round times: R1: 9.7s -> R2: 9.9s -> R3: 9.6s -> R4: 9.7s -> R5: 9.7s

  0%|          | 0/79 [00:00<?, ?it/s]
  4%|▍         | 3/79 [00:00<00:03, 23.69it/s]
 10%|█         | 8/79 [00:00<00:02, 35.20it/s]
 16%|█▋        | 13/79 [00:00<00:01, 37.23it/s]
 23%|██▎       | 18/79 [00:00<00:01, 38.91it/s]
 29%|██▉       | 23/79 [00:00<00:01, 40.59it/s]
 35%|███▌      | 28/79 [00:00<00:01, 39.75it/s]
 43%|████▎     | 34/79 [00:00<00:01, 40.59it/s]
 51%|█████     | 40/79 [00:01<00:00, 41.18it/s]
 58%|█████▊    | 46/79 [00:01<00:00, 41.36it/s]
 66%|██████▌   | 52/79 [00:01<00:00, 41.59it/s]
 73%|███████▎  | 58/79 [00:01<00:00, 41.85it/s]
 81%|████████  | 64/79 [00:01<00:00, 41.76it/s]
 89%|████████▊ | 70/79 [00:01<00:00, 41.92it/s]
 96%|█████████▌| 76/79 [00:01<00:00, 42.03it/s]
100%|██████████| 79/79 [00:01<00:00, 40.80it/s]

CommRound: 18/30
Accuracy: 57.45% | Loss: 1.3292
[####################################------------------------] 60.0%
Elapsed: 3.0m | Avg/Round: 9.9s | Last: 9.9s | Next: 9.9s | Remaining: 2.0m
ETA: 20:53:40
Recent round times: R1: 9.9s -> R2: 9.6s -> R3: 9.7s -> R4: 9.7s -> R5: 9.9s

  0%|          | 0/79 [00:00<?, ?it/s]
  4%|▍         | 3/79 [00:00<00:03, 23.17it/s]
  9%|▉         | 7/79 [00:00<00:02, 31.16it/s]
 16%|█▋        | 13/79 [00:00<00:01, 37.42it/s]
 24%|██▍       | 19/79 [00:00<00:01, 39.97it/s]
 32%|███▏      | 25/79 [00:00<00:01, 41.39it/s]
 38%|███▊      | 30/79 [00:00<00:01, 43.60it/s]
 44%|████▍     | 35/79 [00:00<00:01, 42.18it/s]
 51%|█████     | 40/79 [00:00<00:00, 43.60it/s]
 57%|█████▋    | 45/79 [00:01<00:00, 42.55it/s]
 63%|██████▎   | 50/79 [00:01<00:00, 42.48it/s]
 70%|██████▉   | 55/79 [00:01<00:00, 42.78it/s]
 76%|███████▌  | 60/79 [00:01<00:00, 42.26it/s]
 82%|████████▏ | 65/79 [00:01<00:00, 42.22it/s]
 89%|████████▊ | 70/79 [00:01<00:00, 42.12it/s]
 95%|█████████▍| 75/79 [00:01<00:00, 40.63it/s]
100%|██████████| 79/79 [00:01<00:00, 41.46it/s]

CommRound: 19/30
Accuracy: 57.18% | Loss: 1.3301
[######################################----------------------] 63.3%
Elapsed: 3.1m | Avg/Round: 9.9s | Last: 9.6s | Next: 9.9s | Remaining: 1.8m
ETA: 20:53:39
Recent round times: R1: 9.6s -> R2: 9.7s -> R3: 9.7s -> R4: 9.9s -> R5: 9.6s

  0%|          | 0/79 [00:00<?, ?it/s]
  4%|▍         | 3/79 [00:00<00:03, 24.17it/s]
 10%|█         | 8/79 [00:00<00:02, 34.83it/s]
 15%|█▌        | 12/79 [00:00<00:01, 36.86it/s]
 22%|██▏       | 17/79 [00:00<00:01, 39.80it/s]
 28%|██▊       | 22/79 [00:00<00:01, 38.56it/s]
 35%|███▌      | 28/79 [00:00<00:01, 39.73it/s]
 43%|████▎     | 34/79 [00:00<00:01, 40.32it/s]
 49%|████▉     | 39/79 [00:00<00:00, 41.05it/s]
 56%|█████▌    | 44/79 [00:01<00:00, 37.63it/s]
 61%|██████    | 48/79 [00:01<00:00, 37.45it/s]
 66%|██████▌   | 52/79 [00:01<00:00, 37.39it/s]
 71%|███████   | 56/79 [00:01<00:00, 37.50it/s]
 76%|███████▌  | 60/79 [00:01<00:00, 37.56it/s]
 81%|████████  | 64/79 [00:01<00:00, 37.60it/s]
 86%|████████▌ | 68/79 [00:01<00:00, 37.65it/s]
 91%|█████████ | 72/79 [00:01<00:00, 37.64it/s]
 96%|█████████▌| 76/79 [00:02<00:00, 37.57it/s]
100%|██████████| 79/79 [00:02<00:00, 37.90it/s]

CommRound: 20/30
Accuracy: 59.67% | Loss: 1.2539
[########################################--------------------] 66.7%
Elapsed: 3.3m | Avg/Round: 9.9s | Last: 9.8s | Next: 9.9s | Remaining: 1.6m
ETA: 20:53:39
Recent round times: R1: 9.7s -> R2: 9.7s -> R3: 9.9s -> R4: 9.6s -> R5: 9.8s

  0%|          | 0/79 [00:00<?, ?it/s]
  1%|▏         | 1/79 [00:00<00:07,  9.99it/s]
  9%|▉         | 7/79 [00:00<00:02, 32.69it/s]
 16%|█▋        | 13/79 [00:00<00:01, 37.23it/s]
 24%|██▍       | 19/79 [00:00<00:01, 39.35it/s]
 32%|███▏      | 25/79 [00:00<00:01, 40.54it/s]
 39%|███▉      | 31/79 [00:00<00:01, 41.25it/s]
 47%|████▋     | 37/79 [00:00<00:01, 41.20it/s]
 54%|█████▍    | 43/79 [00:01<00:00, 41.34it/s]
 61%|██████    | 48/79 [00:01<00:00, 43.08it/s]
 67%|██████▋   | 53/79 [00:01<00:00, 40.54it/s]
 75%|███████▍  | 59/79 [00:01<00:00, 40.87it/s]
 81%|████████  | 64/79 [00:01<00:00, 42.84it/s]
 87%|████████▋ | 69/79 [00:01<00:00, 39.99it/s]
 94%|█████████▎| 74/79 [00:01<00:00, 41.80it/s]
100%|██████████| 79/79 [00:01<00:00, 43.31it/s]
100%|██████████| 79/79 [00:01<00:00, 40.14it/s]

CommRound: 21/30
Accuracy: 58.59% | Loss: 1.2644
[##########################################------------------] 70.0%
Elapsed: 3.5m | Avg/Round: 9.9s | Last: 9.6s | Next: 9.9s | Remaining: 1.5m
ETA: 20:53:39
Recent round times: R1: 9.7s -> R2: 9.9s -> R3: 9.6s -> R4: 9.8s -> R5: 9.6s

  0%|          | 0/79 [00:00<?, ?it/s]
  4%|▍         | 3/79 [00:00<00:03, 23.26it/s]
 10%|█         | 8/79 [00:00<00:02, 35.14it/s]
 15%|█▌        | 12/79 [00:00<00:01, 35.79it/s]
 22%|██▏       | 17/79 [00:00<00:01, 37.91it/s]
 28%|██▊       | 22/79 [00:00<00:01, 38.68it/s]
 34%|███▍      | 27/79 [00:00<00:01, 40.93it/s]
 41%|████      | 32/79 [00:00<00:01, 39.39it/s]
 47%|████▋     | 37/79 [00:00<00:01, 41.58it/s]
 53%|█████▎    | 42/79 [00:01<00:00, 40.44it/s]
 59%|█████▉    | 47/79 [00:01<00:00, 41.43it/s]
 66%|██████▌   | 52/79 [00:01<00:00, 40.97it/s]
 72%|███████▏  | 57/79 [00:01<00:00, 42.50it/s]
 78%|███████▊  | 62/79 [00:01<00:00, 41.56it/s]
 85%|████████▍ | 67/79 [00:01<00:00, 43.63it/s]
 91%|█████████ | 72/79 [00:01<00:00, 41.87it/s]
 99%|█████████▊| 78/79 [00:01<00:00, 42.63it/s]
100%|██████████| 79/79 [00:01<00:00, 40.77it/s]

CommRound: 22/30
Accuracy: 59.37% | Loss: 1.2442
[############################################----------------] 73.3%
Elapsed: 3.6m | Avg/Round: 9.9s | Last: 9.8s | Next: 9.9s | Remaining: 1.3m
ETA: 20:53:39
Recent round times: R1: 9.9s -> R2: 9.6s -> R3: 9.8s -> R4: 9.6s -> R5: 9.8s
EARLY_STOP: round=22; best_acc=59.91; current_acc=59.37; threshold=90.00; patience=5; reason=converged_below_target
Total time for experiment: 217.1015236377716 seconds
Device average training time per communication round [s]:
    rpi (sld-rpi-09.ece.utexas.edu): 4.90 seconds
    mc1 (sld-mc1-09.ece.utexas.edu): 2.87 seconds
