
  0%|          | 0/79 [00:00<?, ?it/s]
  1%|▏         | 1/79 [00:00<00:09,  8.32it/s]
  6%|▋         | 5/79 [00:00<00:02, 24.71it/s]
 10%|█         | 8/79 [00:00<00:02, 26.80it/s]
 15%|█▌        | 12/79 [00:00<00:02, 29.64it/s]
 20%|██        | 16/79 [00:00<00:02, 31.08it/s]
 25%|██▌       | 20/79 [00:00<00:01, 31.64it/s]
 30%|███       | 24/79 [00:00<00:01, 30.55it/s]
 35%|███▌      | 28/79 [00:00<00:01, 29.58it/s]
 41%|████      | 32/79 [00:01<00:01, 30.35it/s]
 46%|████▌     | 36/79 [00:01<00:01, 30.68it/s]
 51%|█████     | 40/79 [00:01<00:01, 31.82it/s]
 56%|█████▌    | 44/79 [00:01<00:01, 32.47it/s]
 61%|██████    | 48/79 [00:01<00:00, 33.08it/s]
 66%|██████▌   | 52/79 [00:01<00:00, 33.55it/s]
 71%|███████   | 56/79 [00:01<00:00, 33.81it/s]
 76%|███████▌  | 60/79 [00:01<00:00, 33.91it/s]
 81%|████████  | 64/79 [00:02<00:00, 33.31it/s]
 86%|████████▌ | 68/79 [00:02<00:00, 33.32it/s]
 91%|█████████ | 72/79 [00:02<00:00, 32.49it/s]
 96%|█████████▌| 76/79 [00:02<00:00, 31.91it/s]
100%|██████████| 79/79 [00:02<00:00, 31.59it/s]
Initial Accuracy: 9.40%; Initial Loss: 2.3333

  0%|          | 0/79 [00:00<?, ?it/s]
  1%|▏         | 1/79 [00:00<00:18,  4.14it/s]
  6%|▋         | 5/79 [00:00<00:04, 17.36it/s]
 10%|█         | 8/79 [00:00<00:03, 20.92it/s]
 14%|█▍        | 11/79 [00:00<00:03, 20.60it/s]
 18%|█▊        | 14/79 [00:00<00:02, 22.25it/s]
 22%|██▏       | 17/79 [00:00<00:03, 19.35it/s]
 25%|██▌       | 20/79 [00:01<00:03, 19.46it/s]
 29%|██▉       | 23/79 [00:01<00:03, 16.55it/s]
 33%|███▎      | 26/79 [00:01<00:02, 19.19it/s]
 37%|███▋      | 29/79 [00:01<00:02, 17.16it/s]
 42%|████▏     | 33/79 [00:01<00:02, 19.61it/s]
 47%|████▋     | 37/79 [00:01<00:01, 22.06it/s]
 52%|█████▏    | 41/79 [00:02<00:01, 23.25it/s]
 57%|█████▋    | 45/79 [00:02<00:01, 25.06it/s]
 61%|██████    | 48/79 [00:02<00:01, 24.84it/s]
 65%|██████▍   | 51/79 [00:02<00:01, 20.84it/s]
 68%|██████▊   | 54/79 [00:02<00:01, 21.29it/s]
 72%|███████▏  | 57/79 [00:02<00:01, 18.82it/s]
 80%|███████▉  | 63/79 [00:03<00:00, 24.77it/s]
 85%|████████▍ | 67/79 [00:03<00:00, 26.04it/s]
 90%|████████▉ | 71/79 [00:03<00:00, 26.93it/s]
 95%|█████████▍| 75/79 [00:03<00:00, 25.20it/s]
100%|██████████| 79/79 [00:03<00:00, 21.92it/s]

CommRound: 1/30
Accuracy: 56.24% | Loss: 1.3842
[##----------------------------------------------------------] 3.3%
Elapsed: 0.9m | Avg/Round: 55.9s | Last: 53.4s | Next: 55.9s | Remaining: 27.0m
ETA: 20:41:18
Recent round times: R1: 53.4s

  0%|          | 0/79 [00:00<?, ?it/s]
  1%|▏         | 1/79 [00:00<00:20,  3.82it/s]
  6%|▋         | 5/79 [00:00<00:04, 15.03it/s]
  9%|▉         | 7/79 [00:00<00:04, 15.61it/s]
 11%|█▏        | 9/79 [00:00<00:04, 15.12it/s]
 16%|█▋        | 13/79 [00:00<00:03, 20.85it/s]
 20%|██        | 16/79 [00:00<00:02, 21.82it/s]
 24%|██▍       | 19/79 [00:01<00:03, 19.86it/s]
 28%|██▊       | 22/79 [00:01<00:02, 19.54it/s]
 32%|███▏      | 25/79 [00:01<00:03, 17.25it/s]
 37%|███▋      | 29/79 [00:01<00:02, 20.22it/s]
 41%|████      | 32/79 [00:01<00:02, 19.07it/s]
 47%|████▋     | 37/79 [00:01<00:01, 21.43it/s]
 51%|█████     | 40/79 [00:02<00:01, 20.76it/s]
 54%|█████▍    | 43/79 [00:02<00:01, 20.25it/s]
 59%|█████▉    | 47/79 [00:02<00:01, 22.83it/s]
 65%|██████▍   | 51/79 [00:02<00:01, 24.78it/s]
 70%|██████▉   | 55/79 [00:02<00:00, 26.01it/s]
 73%|███████▎  | 58/79 [00:02<00:00, 25.65it/s]
 77%|███████▋  | 61/79 [00:03<00:01, 17.63it/s]
 84%|████████▎ | 66/79 [00:03<00:00, 21.07it/s]
 87%|████████▋ | 69/79 [00:03<00:00, 21.62it/s]
 91%|█████████ | 72/79 [00:03<00:00, 18.28it/s]
 96%|█████████▌| 76/79 [00:03<00:00, 19.05it/s]
100%|██████████| 79/79 [00:03<00:00, 20.18it/s]

CommRound: 2/30
Accuracy: 67.10% | Loss: 1.0374
[####--------------------------------------------------------] 6.7%
Elapsed: 1.6m | Avg/Round: 49.1s | Last: 42.2s | Next: 49.1s | Remaining: 22.9m
ETA: 20:37:52
Recent round times: R1: 53.4s -> R2: 42.2s

  0%|          | 0/79 [00:00<?, ?it/s]
  1%|▏         | 1/79 [00:00<00:10,  7.52it/s]
  6%|▋         | 5/79 [00:00<00:03, 19.11it/s]
  9%|▉         | 7/79 [00:00<00:03, 19.25it/s]
 11%|█▏        | 9/79 [00:00<00:04, 16.40it/s]
 16%|█▋        | 13/79 [00:00<00:03, 18.39it/s]
 22%|██▏       | 17/79 [00:00<00:02, 22.10it/s]
 25%|██▌       | 20/79 [00:01<00:02, 20.93it/s]
 29%|██▉       | 23/79 [00:01<00:02, 22.24it/s]
 33%|███▎      | 26/79 [00:01<00:02, 23.33it/s]
 37%|███▋      | 29/79 [00:01<00:02, 20.08it/s]
 41%|████      | 32/79 [00:01<00:02, 18.58it/s]
 43%|████▎     | 34/79 [00:01<00:02, 18.39it/s]
 49%|████▉     | 39/79 [00:01<00:01, 22.70it/s]
 53%|█████▎    | 42/79 [00:02<00:01, 23.84it/s]
 57%|█████▋    | 45/79 [00:02<00:01, 21.87it/s]
 61%|██████    | 48/79 [00:02<00:01, 23.44it/s]
 65%|██████▍   | 51/79 [00:02<00:01, 22.90it/s]
 70%|██████▉   | 55/79 [00:02<00:00, 24.98it/s]
 75%|███████▍  | 59/79 [00:02<00:00, 26.50it/s]
 78%|███████▊  | 62/79 [00:02<00:00, 27.03it/s]
 82%|████████▏ | 65/79 [00:02<00:00, 27.77it/s]
 86%|████████▌ | 68/79 [00:03<00:00, 28.19it/s]
 90%|████████▉ | 71/79 [00:03<00:00, 22.32it/s]
 96%|█████████▌| 76/79 [00:03<00:00, 27.51it/s]
100%|██████████| 79/79 [00:03<00:00, 22.91it/s]

CommRound: 3/30
Accuracy: 55.88% | Loss: 1.2518
[######------------------------------------------------------] 10.0%
Elapsed: 2.4m | Avg/Round: 48.9s | Last: 48.4s | Next: 48.9s | Remaining: 22.0m
ETA: 20:37:46
Recent round times: R1: 53.4s -> R2: 42.2s -> R3: 48.4s

  0%|          | 0/79 [00:00<?, ?it/s]
  1%|▏         | 1/79 [00:00<00:19,  3.95it/s]
  4%|▍         | 3/79 [00:00<00:08,  9.32it/s]
  8%|▊         | 6/79 [00:00<00:06, 12.16it/s]
 10%|█         | 8/79 [00:00<00:07,  9.09it/s]
 13%|█▎        | 10/79 [00:01<00:07,  9.64it/s]
 15%|█▌        | 12/79 [00:01<00:06, 10.66it/s]
 18%|█▊        | 14/79 [00:01<00:05, 11.81it/s]
 20%|██        | 16/79 [00:01<00:06,  9.35it/s]
 23%|██▎       | 18/79 [00:01<00:06,  9.93it/s]
 28%|██▊       | 22/79 [00:02<00:04, 12.27it/s]
 30%|███       | 24/79 [00:02<00:04, 12.76it/s]
 34%|███▍      | 27/79 [00:02<00:03, 13.54it/s]
 37%|███▋      | 29/79 [00:02<00:04, 10.24it/s]
 39%|███▉      | 31/79 [00:03<00:05,  8.74it/s]
 41%|████      | 32/79 [00:03<00:05,  8.20it/s]
 42%|████▏     | 33/79 [00:03<00:05,  7.78it/s]
 43%|████▎     | 34/79 [00:03<00:06,  7.45it/s]
 46%|████▌     | 36/79 [00:03<00:04,  9.68it/s]
 48%|████▊     | 38/79 [00:03<00:04,  9.22it/s]
 54%|█████▍    | 43/79 [00:04<00:02, 13.23it/s]
 58%|█████▊    | 46/79 [00:04<00:02, 13.28it/s]
 61%|██████    | 48/79 [00:04<00:02, 12.89it/s]
 63%|██████▎   | 50/79 [00:04<00:02, 13.43it/s]
 67%|██████▋   | 53/79 [00:04<00:01, 16.19it/s]
 71%|███████   | 56/79 [00:05<00:01, 13.89it/s]
 73%|███████▎  | 58/79 [00:05<00:01, 14.99it/s]
 78%|███████▊  | 62/79 [00:05<00:01, 16.67it/s]
 81%|████████  | 64/79 [00:05<00:01, 12.61it/s]
 85%|████████▍ | 67/79 [00:05<00:00, 12.46it/s]
 87%|████████▋ | 69/79 [00:06<00:00, 10.46it/s]
 94%|█████████▎| 74/79 [00:06<00:00, 15.41it/s]
 99%|█████████▊| 78/79 [00:06<00:00, 17.78it/s]
100%|██████████| 79/79 [00:06<00:00, 12.14it/s]

CommRound: 4/30
Accuracy: 71.64% | Loss: 0.8270
[########----------------------------------------------------] 13.3%
Elapsed: 3.4m | Avg/Round: 51.2s | Last: 58.2s | Next: 51.2s | Remaining: 22.2m
ETA: 20:38:56
Recent round times: R1: 53.4s -> R2: 42.2s -> R3: 48.4s -> R4: 58.2s

  0%|          | 0/79 [00:00<?, ?it/s]
  1%|▏         | 1/79 [00:00<00:16,  4.69it/s]
  6%|▋         | 5/79 [00:00<00:04, 16.72it/s]
  9%|▉         | 7/79 [00:00<00:04, 16.20it/s]
 14%|█▍        | 11/79 [00:00<00:03, 21.14it/s]
 18%|█▊        | 14/79 [00:00<00:02, 23.47it/s]
 22%|██▏       | 17/79 [00:00<00:02, 20.90it/s]
 27%|██▋       | 21/79 [00:01<00:02, 24.90it/s]
 32%|███▏      | 25/79 [00:01<00:02, 24.36it/s]
 37%|███▋      | 29/79 [00:01<00:02, 24.41it/s]
 41%|████      | 32/79 [00:01<00:01, 25.58it/s]
 44%|████▍     | 35/79 [00:01<00:01, 24.71it/s]
 48%|████▊     | 38/79 [00:01<00:01, 20.61it/s]
 54%|█████▍    | 43/79 [00:01<00:01, 26.76it/s]
 59%|█████▉    | 47/79 [00:02<00:01, 26.87it/s]
 65%|██████▍   | 51/79 [00:02<00:01, 27.98it/s]
 70%|██████▉   | 55/79 [00:02<00:00, 28.73it/s]
 73%|███████▎  | 58/79 [00:02<00:00, 28.43it/s]
 77%|███████▋  | 61/79 [00:02<00:00, 23.18it/s]
 85%|████████▍ | 67/79 [00:02<00:00, 31.29it/s]
 90%|████████▉ | 71/79 [00:02<00:00, 28.03it/s]
 95%|█████████▍| 75/79 [00:02<00:00, 29.82it/s]
100%|██████████| 79/79 [00:03<00:00, 30.48it/s]
100%|██████████| 79/79 [00:03<00:00, 25.13it/s]

CommRound: 5/30
Accuracy: 80.59% | Loss: 0.5923
[##########--------------------------------------------------] 16.7%
Elapsed: 4.2m | Avg/Round: 50.5s | Last: 47.8s | Next: 50.5s | Remaining: 21.1m
ETA: 20:38:36
Recent round times: R1: 53.4s -> R2: 42.2s -> R3: 48.4s -> R4: 58.2s -> R5: 47.8s

  0%|          | 0/79 [00:00<?, ?it/s]
  1%|▏         | 1/79 [00:00<00:15,  5.15it/s]
  6%|▋         | 5/79 [00:00<00:04, 17.23it/s]
 10%|█         | 8/79 [00:00<00:03, 20.60it/s]
 14%|█▍        | 11/79 [00:00<00:03, 21.60it/s]
 18%|█▊        | 14/79 [00:00<00:03, 21.18it/s]
 23%|██▎       | 18/79 [00:00<00:02, 22.69it/s]
 28%|██▊       | 22/79 [00:01<00:02, 23.85it/s]
 32%|███▏      | 25/79 [00:01<00:02, 23.75it/s]
 35%|███▌      | 28/79 [00:01<00:02, 24.36it/s]
 39%|███▉      | 31/79 [00:01<00:02, 23.44it/s]
 44%|████▍     | 35/79 [00:01<00:01, 24.25it/s]
 48%|████▊     | 38/79 [00:01<00:01, 24.33it/s]
 53%|█████▎    | 42/79 [00:01<00:01, 26.19it/s]
 57%|█████▋    | 45/79 [00:01<00:01, 26.30it/s]
 61%|██████    | 48/79 [00:02<00:01, 24.34it/s]
 65%|██████▍   | 51/79 [00:02<00:01, 25.36it/s]
 68%|██████▊   | 54/79 [00:02<00:00, 25.24it/s]
 72%|███████▏  | 57/79 [00:02<00:00, 24.31it/s]
 76%|███████▌  | 60/79 [00:02<00:00, 25.24it/s]
 80%|███████▉  | 63/79 [00:02<00:00, 23.77it/s]
 84%|████████▎ | 66/79 [00:02<00:00, 24.93it/s]
 87%|████████▋ | 69/79 [00:02<00:00, 24.57it/s]
 92%|█████████▏| 73/79 [00:03<00:00, 24.65it/s]
 96%|█████████▌| 76/79 [00:03<00:00, 23.35it/s]
100%|██████████| 79/79 [00:03<00:00, 23.59it/s]

CommRound: 6/30
Accuracy: 87.84% | Loss: 0.3811
[############------------------------------------------------] 20.0%
Elapsed: 5.0m | Avg/Round: 49.9s | Last: 46.6s | Next: 49.9s | Remaining: 19.9m
ETA: 20:38:16
Recent round times: R1: 42.2s -> R2: 48.4s -> R3: 58.2s -> R4: 47.8s -> R5: 46.6s

  0%|          | 0/79 [00:00<?, ?it/s]
  1%|▏         | 1/79 [00:00<00:13,  5.95it/s]
  6%|▋         | 5/79 [00:00<00:03, 19.02it/s]
 11%|█▏        | 9/79 [00:00<00:03, 21.93it/s]
 16%|█▋        | 13/79 [00:00<00:02, 26.89it/s]
 22%|██▏       | 17/79 [00:00<00:02, 27.96it/s]
 27%|██▋       | 21/79 [00:00<00:02, 28.46it/s]
 32%|███▏      | 25/79 [00:00<00:01, 27.74it/s]
 37%|███▋      | 29/79 [00:01<00:01, 26.27it/s]
 41%|████      | 32/79 [00:01<00:02, 22.36it/s]
 48%|████▊     | 38/79 [00:01<00:01, 29.25it/s]
 53%|█████▎    | 42/79 [00:01<00:01, 27.51it/s]
 58%|█████▊    | 46/79 [00:01<00:01, 22.87it/s]
 65%|██████▍   | 51/79 [00:02<00:01, 26.90it/s]
 68%|██████▊   | 54/79 [00:02<00:00, 26.22it/s]
 72%|███████▏  | 57/79 [00:02<00:00, 25.44it/s]
 76%|███████▌  | 60/79 [00:02<00:00, 25.14it/s]
 81%|████████  | 64/79 [00:02<00:00, 25.85it/s]
 86%|████████▌ | 68/79 [00:02<00:00, 27.22it/s]
 91%|█████████ | 72/79 [00:02<00:00, 28.39it/s]
 95%|█████████▍| 75/79 [00:02<00:00, 27.98it/s]
100%|██████████| 79/79 [00:02<00:00, 26.35it/s]

CommRound: 7/30
Accuracy: 89.73% | Loss: 0.3318
[##############----------------------------------------------] 23.3%
Elapsed: 5.9m | Avg/Round: 50.7s | Last: 55.6s | Next: 50.7s | Remaining: 19.4m
ETA: 20:38:41
Recent round times: R1: 48.4s -> R2: 58.2s -> R3: 47.8s -> R4: 46.6s -> R5: 55.6s

  0%|          | 0/79 [00:00<?, ?it/s]
  1%|▏         | 1/79 [00:00<00:13,  5.89it/s]
  4%|▍         | 3/79 [00:00<00:06, 12.32it/s]
 11%|█▏        | 9/79 [00:00<00:02, 26.30it/s]
 15%|█▌        | 12/79 [00:00<00:02, 27.39it/s]
 19%|█▉        | 15/79 [00:00<00:03, 20.77it/s]
 24%|██▍       | 19/79 [00:00<00:02, 25.38it/s]
 29%|██▉       | 23/79 [00:00<00:02, 27.29it/s]
 33%|███▎      | 26/79 [00:01<00:01, 27.32it/s]
 38%|███▊      | 30/79 [00:01<00:01, 29.49it/s]
 43%|████▎     | 34/79 [00:01<00:01, 30.53it/s]
 48%|████▊     | 38/79 [00:01<00:01, 31.26it/s]
 53%|█████▎    | 42/79 [00:01<00:01, 30.90it/s]
 58%|█████▊    | 46/79 [00:01<00:01, 30.79it/s]
 63%|██████▎   | 50/79 [00:01<00:01, 27.29it/s]
 67%|██████▋   | 53/79 [00:01<00:00, 27.67it/s]
 72%|███████▏  | 57/79 [00:02<00:00, 26.54it/s]
 76%|███████▌  | 60/79 [00:02<00:00, 25.94it/s]
 80%|███████▉  | 63/79 [00:02<00:00, 23.26it/s]
 84%|████████▎ | 66/79 [00:02<00:00, 24.48it/s]
 90%|████████▉ | 71/79 [00:02<00:00, 28.75it/s]
 94%|█████████▎| 74/79 [00:02<00:00, 22.74it/s]
100%|██████████| 79/79 [00:03<00:00, 26.23it/s]

CommRound: 8/30
Accuracy: 84.69% | Loss: 0.5460
[################--------------------------------------------] 26.7%
Elapsed: 6.6m | Avg/Round: 49.9s | Last: 44.2s | Next: 49.9s | Remaining: 18.3m
ETA: 20:38:16
Recent round times: R1: 58.2s -> R2: 47.8s -> R3: 46.6s -> R4: 55.6s -> R5: 44.2s

  0%|          | 0/79 [00:00<?, ?it/s]
  1%|▏         | 1/79 [00:00<00:13,  5.86it/s]
  6%|▋         | 5/79 [00:00<00:04, 17.53it/s]
 11%|█▏        | 9/79 [00:00<00:03, 20.40it/s]
 16%|█▋        | 13/79 [00:00<00:02, 22.14it/s]
 22%|██▏       | 17/79 [00:00<00:02, 21.16it/s]
 27%|██▋       | 21/79 [00:00<00:02, 24.64it/s]
 30%|███       | 24/79 [00:01<00:02, 25.23it/s]
 34%|███▍      | 27/79 [00:01<00:02, 23.52it/s]
 39%|███▉      | 31/79 [00:01<00:02, 23.62it/s]
 44%|████▍     | 35/79 [00:01<00:01, 25.02it/s]
 49%|████▉     | 39/79 [00:01<00:01, 26.76it/s]
 54%|█████▍    | 43/79 [00:01<00:01, 26.76it/s]
 59%|█████▉    | 47/79 [00:01<00:01, 25.90it/s]
 63%|██████▎   | 50/79 [00:02<00:01, 22.74it/s]
 68%|██████▊   | 54/79 [00:02<00:00, 26.03it/s]
 73%|███████▎  | 58/79 [00:02<00:00, 27.41it/s]
 78%|███████▊  | 62/79 [00:02<00:00, 26.61it/s]
 84%|████████▎ | 66/79 [00:02<00:00, 27.97it/s]
 89%|████████▊ | 70/79 [00:02<00:00, 29.51it/s]
 94%|█████████▎| 74/79 [00:02<00:00, 28.74it/s]
 99%|█████████▊| 78/79 [00:03<00:00, 27.95it/s]
100%|██████████| 79/79 [00:03<00:00, 25.19it/s]

CommRound: 9/30
Accuracy: 88.11% | Loss: 0.4529
[##################------------------------------------------] 30.0%
Elapsed: 7.4m | Avg/Round: 49.6s | Last: 47.0s | Next: 49.6s | Remaining: 17.3m
ETA: 20:38:07
Recent round times: R1: 47.8s -> R2: 46.6s -> R3: 55.6s -> R4: 44.2s -> R5: 47.0s

  0%|          | 0/79 [00:00<?, ?it/s]
  1%|▏         | 1/79 [00:00<00:11,  6.98it/s]
  4%|▍         | 3/79 [00:00<00:06, 12.52it/s]
  9%|▉         | 7/79 [00:00<00:03, 21.77it/s]
 13%|█▎        | 10/79 [00:00<00:03, 22.70it/s]
 18%|█▊        | 14/79 [00:00<00:02, 22.16it/s]
 22%|██▏       | 17/79 [00:00<00:02, 22.80it/s]
 25%|██▌       | 20/79 [00:00<00:02, 21.87it/s]
 30%|███       | 24/79 [00:01<00:02, 20.96it/s]
 35%|███▌      | 28/79 [00:01<00:02, 24.27it/s]
 41%|████      | 32/79 [00:01<00:01, 26.91it/s]
 46%|████▌     | 36/79 [00:01<00:01, 28.70it/s]
 51%|█████     | 40/79 [00:01<00:01, 29.27it/s]
 56%|█████▌    | 44/79 [00:01<00:01, 29.32it/s]
 59%|█████▉    | 47/79 [00:01<00:01, 27.26it/s]
 63%|██████▎   | 50/79 [00:02<00:01, 25.52it/s]
 67%|██████▋   | 53/79 [00:02<00:01, 25.57it/s]
 72%|███████▏  | 57/79 [00:02<00:00, 25.38it/s]
 77%|███████▋  | 61/79 [00:02<00:00, 25.37it/s]
 82%|████████▏ | 65/79 [00:02<00:00, 25.78it/s]
 87%|████████▋ | 69/79 [00:02<00:00, 25.46it/s]
 92%|█████████▏| 73/79 [00:02<00:00, 24.47it/s]
 97%|█████████▋| 77/79 [00:03<00:00, 25.74it/s]
100%|██████████| 79/79 [00:03<00:00, 24.97it/s]

CommRound: 10/30
Accuracy: 88.51% | Loss: 0.4576
[####################----------------------------------------] 33.3%
Elapsed: 8.2m | Avg/Round: 49.0s | Last: 44.2s | Next: 49.0s | Remaining: 16.3m
ETA: 20:37:51
Recent round times: R1: 46.6s -> R2: 55.6s -> R3: 44.2s -> R4: 47.0s -> R5: 44.2s

  0%|          | 0/79 [00:00<?, ?it/s]
  1%|▏         | 1/79 [00:00<00:12,  6.10it/s]
  6%|▋         | 5/79 [00:00<00:04, 17.78it/s]
  9%|▉         | 7/79 [00:00<00:04, 16.79it/s]
 14%|█▍        | 11/79 [00:00<00:02, 24.01it/s]
 19%|█▉        | 15/79 [00:00<00:03, 21.05it/s]
 24%|██▍       | 19/79 [00:00<00:02, 20.31it/s]
 28%|██▊       | 22/79 [00:01<00:02, 20.88it/s]
 33%|███▎      | 26/79 [00:01<00:02, 24.66it/s]
 37%|███▋      | 29/79 [00:01<00:02, 18.07it/s]
 41%|████      | 32/79 [00:01<00:02, 19.28it/s]
 47%|████▋     | 37/79 [00:01<00:01, 24.76it/s]
 51%|█████     | 40/79 [00:01<00:01, 24.14it/s]
 54%|█████▍    | 43/79 [00:02<00:01, 21.83it/s]
 58%|█████▊    | 46/79 [00:02<00:01, 22.79it/s]
 62%|██████▏   | 49/79 [00:02<00:01, 20.26it/s]
 68%|██████▊   | 54/79 [00:02<00:01, 20.68it/s]
 73%|███████▎  | 58/79 [00:02<00:00, 23.45it/s]
 80%|███████▉  | 63/79 [00:02<00:00, 25.09it/s]
 84%|████████▎ | 66/79 [00:03<00:00, 20.00it/s]
 87%|████████▋ | 69/79 [00:03<00:00, 20.49it/s]
 92%|█████████▏| 73/79 [00:03<00:00, 23.52it/s]
 96%|█████████▌| 76/79 [00:03<00:00, 23.99it/s]
100%|██████████| 79/79 [00:03<00:00, 21.86it/s]

CommRound: 11/30
Accuracy: 89.15% | Loss: 0.4398
[######################--------------------------------------] 36.7%
Elapsed: 8.9m | Avg/Round: 48.7s | Last: 45.2s | Next: 48.7s | Remaining: 15.4m
ETA: 20:37:40
Recent round times: R1: 55.6s -> R2: 44.2s -> R3: 47.0s -> R4: 44.2s -> R5: 45.2s

  0%|          | 0/79 [00:00<?, ?it/s]
  1%|▏         | 1/79 [00:00<00:14,  5.31it/s]
  6%|▋         | 5/79 [00:00<00:04, 15.57it/s]
 11%|█▏        | 9/79 [00:00<00:03, 20.38it/s]
 16%|█▋        | 13/79 [00:00<00:02, 24.05it/s]
 22%|██▏       | 17/79 [00:00<00:02, 26.39it/s]
 27%|██▋       | 21/79 [00:00<00:02, 25.89it/s]
 32%|███▏      | 25/79 [00:01<00:01, 27.40it/s]
 35%|███▌      | 28/79 [00:01<00:02, 22.26it/s]
 39%|███▉      | 31/79 [00:01<00:02, 19.39it/s]
 43%|████▎     | 34/79 [00:01<00:03, 14.88it/s]
 48%|████▊     | 38/79 [00:01<00:02, 17.57it/s]
 52%|█████▏    | 41/79 [00:02<00:02, 16.75it/s]
 54%|█████▍    | 43/79 [00:02<00:02, 12.39it/s]
 62%|██████▏   | 49/79 [00:02<00:01, 16.35it/s]
 68%|██████▊   | 54/79 [00:02<00:01, 20.53it/s]
 73%|███████▎  | 58/79 [00:02<00:00, 23.35it/s]
 77%|███████▋  | 61/79 [00:03<00:00, 22.95it/s]
 81%|████████  | 64/79 [00:03<00:00, 24.08it/s]
 85%|████████▍ | 67/79 [00:03<00:00, 24.85it/s]
 89%|████████▊ | 70/79 [00:03<00:00, 24.21it/s]
 94%|█████████▎| 74/79 [00:03<00:00, 25.40it/s]
 97%|█████████▋| 77/79 [00:03<00:00, 26.30it/s]
100%|██████████| 79/79 [00:03<00:00, 21.26it/s]

CommRound: 12/30
Accuracy: 89.44% | Loss: 0.4434
[########################------------------------------------] 40.0%
Elapsed: 9.7m | Avg/Round: 48.6s | Last: 48.3s | Next: 48.6s | Remaining: 14.6m
ETA: 20:37:39
Recent round times: R1: 44.2s -> R2: 47.0s -> R3: 44.2s -> R4: 45.2s -> R5: 48.3s
EARLY_STOP: round=12; best_acc=89.73; current_acc=89.44; threshold=90.00; patience=5; reason=converged_below_target
Total time for experiment: 583.694174528122 seconds
Device average training time per communication round [s]:
    rpi (sld-rpi-09.ece.utexas.edu): 6.27 seconds
    mc1 (sld-mc1-09.ece.utexas.edu): 43.71 seconds
