Connecting to sld-rpi-09.ece.utexas.edu...
Successfully fetched dev0_pow_temp_log_exp206_run1.csv.
Connecting to sld-rpi-09.ece.utexas.edu...
Successfully fetched dev0_communication_log_exp206_run1.csv.
Connecting to sld-mc1-09.ece.utexas.edu...
Successfully fetched dev1_pow_temp_log_exp206_run1.csv.
Connecting to sld-mc1-09.ece.utexas.edu...
Successfully fetched dev1_communication_log_exp206_run1.csv.

Exp206
Experiment 206: 
	Global test accuracy [%]: 81.21 %
	No round found where all subsequent rounds have accuracy >= 90.00%.
	Average time per communication round [s]: 9.57 seconds
	Total wall clock time [s]: 138.11 seconds


Experiment 206:
	RPi avg. energy consumption per round [J]: 38.22 Joules
	MC1 avg. energy consumption per round [J]: 23.19 Joules
	Total avg. energy consumption per communication round [J]: 61.41 Joules
	Avg. amount of communicated data per communication round [MB]: 0.02 MB
	RPi avg. power consumption per round [W]: 5.51 Watts
	MC1 avg. power consumption per round [W]: 6.52 Watts
