
  0%|          | 0/79 [00:00<?, ?it/s]
  4%|▍         | 3/79 [00:00<00:03, 23.04it/s]
  9%|▉         | 7/79 [00:00<00:02, 31.50it/s]
 14%|█▍        | 11/79 [00:00<00:01, 34.94it/s]
 22%|██▏       | 17/79 [00:00<00:01, 38.32it/s]
 28%|██▊       | 22/79 [00:00<00:01, 41.99it/s]
 34%|███▍      | 27/79 [00:00<00:01, 39.92it/s]
 41%|████      | 32/79 [00:00<00:01, 42.56it/s]
 47%|████▋     | 37/79 [00:00<00:01, 38.79it/s]
 54%|█████▍    | 43/79 [00:01<00:00, 39.97it/s]
 62%|██████▏   | 49/79 [00:01<00:00, 40.93it/s]
 70%|██████▉   | 55/79 [00:01<00:00, 41.65it/s]
 77%|███████▋  | 61/79 [00:01<00:00, 42.08it/s]
 85%|████████▍ | 67/79 [00:01<00:00, 42.12it/s]
 92%|█████████▏| 73/79 [00:01<00:00, 42.03it/s]
100%|██████████| 79/79 [00:01<00:00, 46.03it/s]
100%|██████████| 79/79 [00:01<00:00, 41.01it/s]
Initial Accuracy: 10.32%; Initial Loss: 2.3135

  0%|          | 0/79 [00:00<?, ?it/s]
  4%|▍         | 3/79 [00:00<00:03, 24.30it/s]
 10%|█         | 8/79 [00:00<00:02, 35.03it/s]
 16%|█▋        | 13/79 [00:00<00:01, 38.54it/s]
 23%|██▎       | 18/79 [00:00<00:01, 37.97it/s]
 30%|███       | 24/79 [00:00<00:01, 39.36it/s]
 38%|███▊      | 30/79 [00:00<00:01, 40.03it/s]
 46%|████▌     | 36/79 [00:00<00:01, 40.66it/s]
 53%|█████▎    | 42/79 [00:01<00:00, 41.04it/s]
 61%|██████    | 48/79 [00:01<00:00, 41.19it/s]
 67%|██████▋   | 53/79 [00:01<00:00, 43.00it/s]
 73%|███████▎  | 58/79 [00:01<00:00, 40.41it/s]
 80%|███████▉  | 63/79 [00:01<00:00, 42.76it/s]
 86%|████████▌ | 68/79 [00:01<00:00, 40.24it/s]
 94%|█████████▎| 74/79 [00:01<00:00, 39.94it/s]
100%|██████████| 79/79 [00:01<00:00, 40.52it/s]

CommRound: 1/30
Accuracy: 18.07% | Loss: 2.4252
[##----------------------------------------------------------] 3.3%
Elapsed: 0.2m | Avg/Round: 11.8s | Last: 9.9s | Next: 11.8s | Remaining: 5.7m
ETA: 20:36:30
Recent round times: R1: 9.9s

  0%|          | 0/79 [00:00<?, ?it/s]
  4%|▍         | 3/79 [00:00<00:03, 24.07it/s]
 10%|█         | 8/79 [00:00<00:01, 36.96it/s]
 16%|█▋        | 13/79 [00:00<00:01, 37.97it/s]
 23%|██▎       | 18/79 [00:00<00:01, 40.64it/s]
 29%|██▉       | 23/79 [00:00<00:01, 41.06it/s]
 35%|███▌      | 28/79 [00:00<00:01, 41.29it/s]
 42%|████▏     | 33/79 [00:00<00:01, 42.62it/s]
 48%|████▊     | 38/79 [00:00<00:01, 40.91it/s]
 54%|█████▍    | 43/79 [00:01<00:00, 41.81it/s]
 61%|██████    | 48/79 [00:01<00:00, 41.27it/s]
 67%|██████▋   | 53/79 [00:01<00:00, 42.55it/s]
 73%|███████▎  | 58/79 [00:01<00:00, 41.04it/s]
 81%|████████  | 64/79 [00:01<00:00, 41.42it/s]
 89%|████████▊ | 70/79 [00:01<00:00, 41.64it/s]
 96%|█████████▌| 76/79 [00:01<00:00, 41.79it/s]
100%|██████████| 79/79 [00:01<00:00, 41.22it/s]

CommRound: 2/30
Accuracy: 19.72% | Loss: 2.4378
[####--------------------------------------------------------] 6.7%
Elapsed: 0.4m | Avg/Round: 10.9s | Last: 9.9s | Next: 10.9s | Remaining: 5.1m
ETA: 20:36:02
Recent round times: R1: 9.9s -> R2: 9.9s

  0%|          | 0/79 [00:00<?, ?it/s]
  4%|▍         | 3/79 [00:00<00:03, 23.56it/s]
 10%|█         | 8/79 [00:00<00:01, 37.33it/s]
 16%|█▋        | 13/79 [00:00<00:01, 37.34it/s]
 23%|██▎       | 18/79 [00:00<00:01, 40.24it/s]
 29%|██▉       | 23/79 [00:00<00:01, 39.98it/s]
 35%|███▌      | 28/79 [00:00<00:01, 40.86it/s]
 42%|████▏     | 33/79 [00:00<00:01, 41.30it/s]
 48%|████▊     | 38/79 [00:00<00:00, 41.03it/s]
 54%|█████▍    | 43/79 [00:01<00:00, 41.81it/s]
 61%|██████    | 48/79 [00:01<00:00, 40.58it/s]
 67%|██████▋   | 53/79 [00:01<00:00, 41.20it/s]
 73%|███████▎  | 58/79 [00:01<00:00, 40.90it/s]
 80%|███████▉  | 63/79 [00:01<00:00, 40.89it/s]
 86%|████████▌ | 68/79 [00:01<00:00, 41.37it/s]
 92%|█████████▏| 73/79 [00:01<00:00, 40.64it/s]
 99%|█████████▊| 78/79 [00:01<00:00, 41.82it/s]
100%|██████████| 79/79 [00:01<00:00, 40.74it/s]

CommRound: 3/30
Accuracy: 19.70% | Loss: 2.4690
[######------------------------------------------------------] 10.0%
Elapsed: 0.5m | Avg/Round: 10.6s | Last: 10.0s | Next: 10.6s | Remaining: 4.8m
ETA: 20:35:53
Recent round times: R1: 9.9s -> R2: 9.9s -> R3: 10.0s

  0%|          | 0/79 [00:00<?, ?it/s]
  4%|▍         | 3/79 [00:00<00:03, 21.29it/s]
  9%|▉         | 7/79 [00:00<00:02, 29.05it/s]
 14%|█▍        | 11/79 [00:00<00:02, 32.03it/s]
 19%|█▉        | 15/79 [00:00<00:01, 32.19it/s]
 24%|██▍       | 19/79 [00:00<00:01, 34.35it/s]
 29%|██▉       | 23/79 [00:00<00:01, 35.01it/s]
 34%|███▍      | 27/79 [00:00<00:01, 35.65it/s]
 39%|███▉      | 31/79 [00:00<00:01, 36.03it/s]
 44%|████▍     | 35/79 [00:01<00:01, 36.14it/s]
 49%|████▉     | 39/79 [00:01<00:01, 36.26it/s]
 54%|█████▍    | 43/79 [00:01<00:00, 36.52it/s]
 59%|█████▉    | 47/79 [00:01<00:00, 36.81it/s]
 65%|██████▍   | 51/79 [00:01<00:00, 36.96it/s]
 70%|██████▉   | 55/79 [00:01<00:00, 37.02it/s]
 75%|███████▍  | 59/79 [00:01<00:00, 37.10it/s]
 80%|███████▉  | 63/79 [00:01<00:00, 37.11it/s]
 85%|████████▍ | 67/79 [00:01<00:00, 37.22it/s]
 90%|████████▉ | 71/79 [00:01<00:00, 37.25it/s]
 97%|█████████▋| 77/79 [00:02<00:00, 39.08it/s]
100%|██████████| 79/79 [00:02<00:00, 36.68it/s]

CommRound: 4/30
Accuracy: 25.89% | Loss: 2.1213
[########----------------------------------------------------] 13.3%
Elapsed: 0.7m | Avg/Round: 10.5s | Last: 10.4s | Next: 10.5s | Remaining: 4.6m
ETA: 20:35:51
Recent round times: R1: 9.9s -> R2: 9.9s -> R3: 10.0s -> R4: 10.4s

  0%|          | 0/79 [00:00<?, ?it/s]
  4%|▍         | 3/79 [00:00<00:03, 23.52it/s]
  9%|▉         | 7/79 [00:00<00:02, 31.53it/s]
 15%|█▌        | 12/79 [00:00<00:01, 39.30it/s]
 22%|██▏       | 17/79 [00:00<00:01, 39.52it/s]
 28%|██▊       | 22/79 [00:00<00:01, 42.11it/s]
 34%|███▍      | 27/79 [00:00<00:01, 41.18it/s]
 41%|████      | 32/79 [00:00<00:01, 43.26it/s]
 47%|████▋     | 37/79 [00:00<00:01, 41.90it/s]
 53%|█████▎    | 42/79 [00:01<00:00, 43.83it/s]
 59%|█████▉    | 47/79 [00:01<00:00, 42.12it/s]
 66%|██████▌   | 52/79 [00:01<00:00, 44.26it/s]
 72%|███████▏  | 57/79 [00:01<00:00, 42.38it/s]
 80%|███████▉  | 63/79 [00:01<00:00, 42.76it/s]
 86%|████████▌ | 68/79 [00:01<00:00, 44.62it/s]
 92%|█████████▏| 73/79 [00:01<00:00, 42.04it/s]
100%|██████████| 79/79 [00:01<00:00, 46.41it/s]
100%|██████████| 79/79 [00:01<00:00, 42.17it/s]

CommRound: 5/30
Accuracy: 25.92% | Loss: 2.1605
[##########--------------------------------------------------] 16.7%
Elapsed: 0.9m | Avg/Round: 10.4s | Last: 10.1s | Next: 10.4s | Remaining: 4.4m
ETA: 20:35:48
Recent round times: R1: 9.9s -> R2: 9.9s -> R3: 10.0s -> R4: 10.4s -> R5: 10.1s

  0%|          | 0/79 [00:00<?, ?it/s]
  1%|▏         | 1/79 [00:00<00:07,  9.81it/s]
  9%|▉         | 7/79 [00:00<00:02, 34.07it/s]
 15%|█▌        | 12/79 [00:00<00:01, 40.63it/s]
 22%|██▏       | 17/79 [00:00<00:01, 38.69it/s]
 29%|██▉       | 23/79 [00:00<00:01, 39.94it/s]
 37%|███▋      | 29/79 [00:00<00:01, 40.55it/s]
 44%|████▍     | 35/79 [00:00<00:01, 41.40it/s]
 52%|█████▏    | 41/79 [00:01<00:00, 41.90it/s]
 58%|█████▊    | 46/79 [00:01<00:00, 43.86it/s]
 65%|██████▍   | 51/79 [00:01<00:00, 41.72it/s]
 71%|███████   | 56/79 [00:01<00:00, 43.74it/s]
 77%|███████▋  | 61/79 [00:01<00:00, 41.53it/s]
 85%|████████▍ | 67/79 [00:01<00:00, 41.79it/s]
 92%|█████████▏| 73/79 [00:01<00:00, 42.06it/s]
100%|██████████| 79/79 [00:01<00:00, 46.41it/s]
100%|██████████| 79/79 [00:01<00:00, 41.58it/s]

CommRound: 6/30
Accuracy: 30.83% | Loss: 2.0399
[############------------------------------------------------] 20.0%
Elapsed: 1.0m | Avg/Round: 10.4s | Last: 10.2s | Next: 10.4s | Remaining: 4.2m
ETA: 20:35:47
Recent round times: R1: 9.9s -> R2: 10.0s -> R3: 10.4s -> R4: 10.1s -> R5: 10.2s

  0%|          | 0/79 [00:00<?, ?it/s]
  3%|▎         | 2/79 [00:00<00:04, 18.95it/s]
  8%|▊         | 6/79 [00:00<00:02, 29.29it/s]
 13%|█▎        | 10/79 [00:00<00:02, 31.95it/s]
 18%|█▊        | 14/79 [00:00<00:01, 33.53it/s]
 23%|██▎       | 18/79 [00:00<00:01, 33.92it/s]
 28%|██▊       | 22/79 [00:00<00:01, 34.10it/s]
 33%|███▎      | 26/79 [00:00<00:01, 34.21it/s]
 38%|███▊      | 30/79 [00:00<00:01, 34.39it/s]
 43%|████▎     | 34/79 [00:01<00:01, 34.50it/s]
 48%|████▊     | 38/79 [00:01<00:01, 34.56it/s]
 53%|█████▎    | 42/79 [00:01<00:01, 34.67it/s]
 58%|█████▊    | 46/79 [00:01<00:00, 34.70it/s]
 63%|██████▎   | 50/79 [00:01<00:00, 34.59it/s]
 68%|██████▊   | 54/79 [00:01<00:00, 34.58it/s]
 73%|███████▎  | 58/79 [00:01<00:00, 34.48it/s]
 78%|███████▊  | 62/79 [00:01<00:00, 34.62it/s]
 84%|████████▎ | 66/79 [00:01<00:00, 34.83it/s]
 89%|████████▊ | 70/79 [00:02<00:00, 34.88it/s]
 94%|█████████▎| 74/79 [00:02<00:00, 34.54it/s]
 99%|█████████▊| 78/79 [00:02<00:00, 34.80it/s]
100%|██████████| 79/79 [00:02<00:00, 34.30it/s]

CommRound: 7/30
Accuracy: 32.30% | Loss: 1.9151
[##############----------------------------------------------] 23.3%
Elapsed: 1.2m | Avg/Round: 10.4s | Last: 10.3s | Next: 10.4s | Remaining: 4.0m
ETA: 20:35:47
Recent round times: R1: 10.0s -> R2: 10.4s -> R3: 10.1s -> R4: 10.2s -> R5: 10.3s

  0%|          | 0/79 [00:00<?, ?it/s]
  4%|▍         | 3/79 [00:00<00:03, 23.69it/s]
 10%|█         | 8/79 [00:00<00:01, 37.35it/s]
 15%|█▌        | 12/79 [00:00<00:01, 38.20it/s]
 20%|██        | 16/79 [00:00<00:01, 38.75it/s]
 25%|██▌       | 20/79 [00:00<00:01, 39.17it/s]
 32%|███▏      | 25/79 [00:00<00:01, 39.76it/s]
 38%|███▊      | 30/79 [00:00<00:01, 40.08it/s]
 44%|████▍     | 35/79 [00:00<00:01, 41.72it/s]
 51%|█████     | 40/79 [00:01<00:00, 40.36it/s]
 57%|█████▋    | 45/79 [00:01<00:00, 42.83it/s]
 63%|██████▎   | 50/79 [00:01<00:00, 39.57it/s]
 71%|███████   | 56/79 [00:01<00:00, 40.39it/s]
 78%|███████▊  | 62/79 [00:01<00:00, 40.68it/s]
 86%|████████▌ | 68/79 [00:01<00:00, 40.99it/s]
 94%|█████████▎| 74/79 [00:01<00:00, 41.32it/s]
100%|██████████| 79/79 [00:01<00:00, 40.46it/s]

CommRound: 8/30
Accuracy: 33.89% | Loss: 1.8321
[################--------------------------------------------] 26.7%
Elapsed: 1.4m | Avg/Round: 10.4s | Last: 10.2s | Next: 10.4s | Remaining: 3.8m
ETA: 20:35:46
Recent round times: R1: 10.4s -> R2: 10.1s -> R3: 10.2s -> R4: 10.3s -> R5: 10.2s

  0%|          | 0/79 [00:00<?, ?it/s]
  4%|▍         | 3/79 [00:00<00:03, 23.30it/s]
 11%|█▏        | 9/79 [00:00<00:01, 35.37it/s]
 19%|█▉        | 15/79 [00:00<00:01, 39.13it/s]
 25%|██▌       | 20/79 [00:00<00:01, 38.76it/s]
 33%|███▎      | 26/79 [00:00<00:01, 39.91it/s]
 41%|████      | 32/79 [00:00<00:01, 40.70it/s]
 48%|████▊     | 38/79 [00:00<00:00, 41.07it/s]
 56%|█████▌    | 44/79 [00:01<00:00, 41.31it/s]
 63%|██████▎   | 50/79 [00:01<00:00, 41.67it/s]
 71%|███████   | 56/79 [00:01<00:00, 42.03it/s]
 78%|███████▊  | 62/79 [00:01<00:00, 42.21it/s]
 86%|████████▌ | 68/79 [00:01<00:00, 42.32it/s]
 94%|█████████▎| 74/79 [00:01<00:00, 42.38it/s]
100%|██████████| 79/79 [00:01<00:00, 41.15it/s]

CommRound: 9/30
Accuracy: 37.28% | Loss: 1.7542
[##################------------------------------------------] 30.0%
Elapsed: 1.6m | Avg/Round: 10.4s | Last: 10.4s | Next: 10.4s | Remaining: 3.6m
ETA: 20:35:46
Recent round times: R1: 10.1s -> R2: 10.2s -> R3: 10.3s -> R4: 10.2s -> R5: 10.4s

  0%|          | 0/79 [00:00<?, ?it/s]
  4%|▍         | 3/79 [00:00<00:03, 22.77it/s]
  9%|▉         | 7/79 [00:00<00:02, 31.72it/s]
 14%|█▍        | 11/79 [00:00<00:01, 34.99it/s]
 19%|█▉        | 15/79 [00:00<00:01, 36.58it/s]
 25%|██▌       | 20/79 [00:00<00:01, 41.12it/s]
 32%|███▏      | 25/79 [00:00<00:01, 38.97it/s]
 39%|███▉      | 31/79 [00:00<00:01, 40.24it/s]
 47%|████▋     | 37/79 [00:00<00:01, 40.57it/s]
 53%|█████▎    | 42/79 [00:01<00:00, 42.92it/s]
 59%|█████▉    | 47/79 [00:01<00:00, 40.16it/s]
 67%|██████▋   | 53/79 [00:01<00:00, 40.50it/s]
 75%|███████▍  | 59/79 [00:01<00:00, 41.17it/s]
 81%|████████  | 64/79 [00:01<00:00, 42.94it/s]
 87%|████████▋ | 69/79 [00:01<00:00, 40.20it/s]
 94%|█████████▎| 74/79 [00:01<00:00, 42.33it/s]
100%|██████████| 79/79 [00:01<00:00, 43.85it/s]
100%|██████████| 79/79 [00:01<00:00, 40.31it/s]

CommRound: 10/30
Accuracy: 41.06% | Loss: 1.6868
[####################----------------------------------------] 33.3%
Elapsed: 1.7m | Avg/Round: 10.3s | Last: 10.2s | Next: 10.3s | Remaining: 3.4m
ETA: 20:35:45
Recent round times: R1: 10.2s -> R2: 10.3s -> R3: 10.2s -> R4: 10.4s -> R5: 10.2s

  0%|          | 0/79 [00:00<?, ?it/s]
  3%|▎         | 2/79 [00:00<00:03, 19.83it/s]
  8%|▊         | 6/79 [00:00<00:02, 29.89it/s]
 13%|█▎        | 10/79 [00:00<00:02, 34.23it/s]
 19%|█▉        | 15/79 [00:00<00:01, 36.97it/s]
 25%|██▌       | 20/79 [00:00<00:01, 38.22it/s]
 32%|███▏      | 25/79 [00:00<00:01, 40.58it/s]
 38%|███▊      | 30/79 [00:00<00:01, 39.17it/s]
 44%|████▍     | 35/79 [00:00<00:01, 42.05it/s]
 51%|█████     | 40/79 [00:01<00:00, 40.09it/s]
 58%|█████▊    | 46/79 [00:01<00:00, 40.64it/s]
 66%|██████▌   | 52/79 [00:01<00:00, 41.07it/s]
 73%|███████▎  | 58/79 [00:01<00:00, 41.33it/s]
 81%|████████  | 64/79 [00:01<00:00, 41.62it/s]
 89%|████████▊ | 70/79 [00:01<00:00, 41.70it/s]
 96%|█████████▌| 76/79 [00:01<00:00, 41.70it/s]
100%|██████████| 79/79 [00:01<00:00, 40.21it/s]

CommRound: 11/30
Accuracy: 41.79% | Loss: 1.6663
[######################--------------------------------------] 36.7%
Elapsed: 1.9m | Avg/Round: 10.3s | Last: 10.3s | Next: 10.3s | Remaining: 3.3m
ETA: 20:35:45
Recent round times: R1: 10.3s -> R2: 10.2s -> R3: 10.4s -> R4: 10.2s -> R5: 10.3s

  0%|          | 0/79 [00:00<?, ?it/s]
  3%|▎         | 2/79 [00:00<00:03, 19.98it/s]
  9%|▉         | 7/79 [00:00<00:02, 29.69it/s]
 14%|█▍        | 11/79 [00:00<00:02, 33.46it/s]
 19%|█▉        | 15/79 [00:00<00:01, 35.11it/s]
 25%|██▌       | 20/79 [00:00<00:01, 39.89it/s]
 32%|███▏      | 25/79 [00:00<00:01, 37.25it/s]
 37%|███▋      | 29/79 [00:00<00:01, 37.92it/s]
 42%|████▏     | 33/79 [00:00<00:01, 38.51it/s]
 48%|████▊     | 38/79 [00:01<00:00, 41.75it/s]
 54%|█████▍    | 43/79 [00:01<00:00, 39.11it/s]
 59%|█████▉    | 47/79 [00:01<00:00, 38.10it/s]
 65%|██████▍   | 51/79 [00:01<00:00, 38.41it/s]
 70%|██████▉   | 55/79 [00:01<00:00, 38.59it/s]
 76%|███████▌  | 60/79 [00:01<00:00, 41.69it/s]
 82%|████████▏ | 65/79 [00:01<00:00, 39.19it/s]
 90%|████████▉ | 71/79 [00:01<00:00, 40.00it/s]
 97%|█████████▋| 77/79 [00:01<00:00, 40.95it/s]
100%|██████████| 79/79 [00:02<00:00, 39.17it/s]

CommRound: 12/30
Accuracy: 47.07% | Loss: 1.5896
[########################------------------------------------] 40.0%
Elapsed: 2.1m | Avg/Round: 10.3s | Last: 10.0s | Next: 10.3s | Remaining: 3.1m
ETA: 20:35:45
Recent round times: R1: 10.2s -> R2: 10.4s -> R3: 10.2s -> R4: 10.3s -> R5: 10.0s

  0%|          | 0/79 [00:00<?, ?it/s]
  4%|▍         | 3/79 [00:00<00:03, 23.63it/s]
 10%|█         | 8/79 [00:00<00:01, 36.25it/s]
 16%|█▋        | 13/79 [00:00<00:01, 36.24it/s]
 23%|██▎       | 18/79 [00:00<00:01, 40.02it/s]
 29%|██▉       | 23/79 [00:00<00:01, 38.85it/s]
 35%|███▌      | 28/79 [00:00<00:01, 41.14it/s]
 42%|████▏     | 33/79 [00:00<00:01, 39.75it/s]
 48%|████▊     | 38/79 [00:00<00:00, 41.56it/s]
 54%|█████▍    | 43/79 [00:01<00:00, 40.03it/s]
 61%|██████    | 48/79 [00:01<00:00, 41.51it/s]
 67%|██████▋   | 53/79 [00:01<00:00, 40.45it/s]
 73%|███████▎  | 58/79 [00:01<00:00, 41.56it/s]
 80%|███████▉  | 63/79 [00:01<00:00, 40.34it/s]
 86%|████████▌ | 68/79 [00:01<00:00, 41.20it/s]
 92%|█████████▏| 73/79 [00:01<00:00, 40.66it/s]
 99%|█████████▊| 78/79 [00:01<00:00, 41.11it/s]
100%|██████████| 79/79 [00:01<00:00, 40.29it/s]

CommRound: 13/30
Accuracy: 49.59% | Loss: 1.5522
[##########################----------------------------------] 43.3%
Elapsed: 2.2m | Avg/Round: 10.3s | Last: 10.2s | Next: 10.3s | Remaining: 2.9m
ETA: 20:35:44
Recent round times: R1: 10.4s -> R2: 10.2s -> R3: 10.3s -> R4: 10.0s -> R5: 10.2s

  0%|          | 0/79 [00:00<?, ?it/s]
  1%|▏         | 1/79 [00:00<00:07,  9.91it/s]
  8%|▊         | 6/79 [00:00<00:02, 32.02it/s]
 14%|█▍        | 11/79 [00:00<00:02, 33.31it/s]
 19%|█▉        | 15/79 [00:00<00:01, 35.42it/s]
 27%|██▋       | 21/79 [00:00<00:01, 38.07it/s]
 34%|███▍      | 27/79 [00:00<00:01, 39.55it/s]
 41%|████      | 32/79 [00:00<00:01, 42.36it/s]
 47%|████▋     | 37/79 [00:00<00:01, 39.92it/s]
 54%|█████▍    | 43/79 [00:01<00:00, 40.62it/s]
 62%|██████▏   | 49/79 [00:01<00:00, 41.12it/s]
 70%|██████▉   | 55/79 [00:01<00:00, 41.27it/s]
 77%|███████▋  | 61/79 [00:01<00:00, 41.40it/s]
 84%|████████▎ | 66/79 [00:01<00:00, 41.09it/s]
 90%|████████▉ | 71/79 [00:01<00:00, 39.09it/s]
 96%|█████████▌| 76/79 [00:01<00:00, 41.65it/s]
100%|██████████| 79/79 [00:01<00:00, 39.72it/s]

CommRound: 14/30
Accuracy: 51.20% | Loss: 1.5777
[############################--------------------------------] 46.7%
Elapsed: 2.4m | Avg/Round: 10.3s | Last: 10.1s | Next: 10.3s | Remaining: 2.7m
ETA: 20:35:44
Recent round times: R1: 10.2s -> R2: 10.3s -> R3: 10.0s -> R4: 10.2s -> R5: 10.1s

  0%|          | 0/79 [00:00<?, ?it/s]
  3%|▎         | 2/79 [00:00<00:03, 19.30it/s]
  9%|▉         | 7/79 [00:00<00:02, 31.05it/s]
 15%|█▌        | 12/79 [00:00<00:01, 38.56it/s]
 22%|██▏       | 17/79 [00:00<00:01, 40.07it/s]
 28%|██▊       | 22/79 [00:00<00:01, 39.36it/s]
 34%|███▍      | 27/79 [00:00<00:01, 41.63it/s]
 41%|████      | 32/79 [00:00<00:01, 40.61it/s]
 47%|████▋     | 37/79 [00:00<00:00, 43.06it/s]
 53%|█████▎    | 42/79 [00:01<00:00, 41.36it/s]
 59%|█████▉    | 47/79 [00:01<00:00, 43.50it/s]
 66%|██████▌   | 52/79 [00:01<00:00, 41.96it/s]
 72%|███████▏  | 57/79 [00:01<00:00, 43.79it/s]
 78%|███████▊  | 62/79 [00:01<00:00, 41.98it/s]
 85%|████████▍ | 67/79 [00:01<00:00, 41.17it/s]
 91%|█████████ | 72/79 [00:01<00:00, 42.46it/s]
 97%|█████████▋| 77/79 [00:01<00:00, 40.53it/s]
100%|██████████| 79/79 [00:01<00:00, 41.25it/s]

CommRound: 15/30
Accuracy: 53.62% | Loss: 1.5071
[##############################------------------------------] 50.0%
Elapsed: 2.6m | Avg/Round: 10.3s | Last: 10.2s | Next: 10.3s | Remaining: 2.6m
ETA: 20:35:44
Recent round times: R1: 10.3s -> R2: 10.0s -> R3: 10.2s -> R4: 10.1s -> R5: 10.2s

  0%|          | 0/79 [00:00<?, ?it/s]
  1%|▏         | 1/79 [00:00<00:07,  9.75it/s]
  9%|▉         | 7/79 [00:00<00:02, 33.26it/s]
 15%|█▌        | 12/79 [00:00<00:01, 39.49it/s]
 20%|██        | 16/79 [00:00<00:01, 39.48it/s]
 27%|██▋       | 21/79 [00:00<00:01, 38.32it/s]
 33%|███▎      | 26/79 [00:00<00:01, 40.87it/s]
 39%|███▉      | 31/79 [00:00<00:01, 39.78it/s]
 46%|████▌     | 36/79 [00:00<00:01, 41.46it/s]
 52%|█████▏    | 41/79 [00:01<00:00, 40.08it/s]
 58%|█████▊    | 46/79 [00:01<00:00, 41.77it/s]
 65%|██████▍   | 51/79 [00:01<00:00, 40.13it/s]
 71%|███████   | 56/79 [00:01<00:00, 41.61it/s]
 77%|███████▋  | 61/79 [00:01<00:00, 39.12it/s]
 84%|████████▎ | 66/79 [00:01<00:00, 41.63it/s]
 90%|████████▉ | 71/79 [00:01<00:00, 38.66it/s]
 96%|█████████▌| 76/79 [00:01<00:00, 41.35it/s]
100%|██████████| 79/79 [00:01<00:00, 39.96it/s]

CommRound: 16/30
Accuracy: 55.85% | Loss: 1.4165
[################################----------------------------] 53.3%
Elapsed: 2.7m | Avg/Round: 10.3s | Last: 10.5s | Next: 10.3s | Remaining: 2.4m
ETA: 20:35:44
Recent round times: R1: 10.0s -> R2: 10.2s -> R3: 10.1s -> R4: 10.2s -> R5: 10.5s

  0%|          | 0/79 [00:00<?, ?it/s]
  3%|▎         | 2/79 [00:00<00:03, 19.37it/s]
  9%|▉         | 7/79 [00:00<00:02, 33.08it/s]
 15%|█▌        | 12/79 [00:00<00:01, 37.03it/s]
 22%|██▏       | 17/79 [00:00<00:01, 39.08it/s]
 28%|██▊       | 22/79 [00:00<00:01, 38.83it/s]
 33%|███▎      | 26/79 [00:00<00:01, 39.02it/s]
 41%|████      | 32/79 [00:00<00:01, 40.23it/s]
 48%|████▊     | 38/79 [00:00<00:01, 40.80it/s]
 56%|█████▌    | 44/79 [00:01<00:00, 41.32it/s]
 63%|██████▎   | 50/79 [00:01<00:00, 41.54it/s]
 71%|███████   | 56/79 [00:01<00:00, 41.62it/s]
 78%|███████▊  | 62/79 [00:01<00:00, 41.28it/s]
 85%|████████▍ | 67/79 [00:01<00:00, 43.30it/s]
 91%|█████████ | 72/79 [00:01<00:00, 40.79it/s]
 99%|█████████▊| 78/79 [00:01<00:00, 40.94it/s]
100%|██████████| 79/79 [00:01<00:00, 40.33it/s]

CommRound: 17/30
Accuracy: 57.98% | Loss: 1.3435
[##################################--------------------------] 56.7%
Elapsed: 2.9m | Avg/Round: 10.3s | Last: 10.3s | Next: 10.3s | Remaining: 2.2m
ETA: 20:35:44
Recent round times: R1: 10.2s -> R2: 10.1s -> R3: 10.2s -> R4: 10.5s -> R5: 10.3s

  0%|          | 0/79 [00:00<?, ?it/s]
  1%|▏         | 1/79 [00:00<00:07,  9.90it/s]
  8%|▊         | 6/79 [00:00<00:02, 33.24it/s]
 13%|█▎        | 10/79 [00:00<00:01, 35.59it/s]
 18%|█▊        | 14/79 [00:00<00:01, 36.57it/s]
 24%|██▍       | 19/79 [00:00<00:01, 37.02it/s]
 29%|██▉       | 23/79 [00:00<00:01, 37.63it/s]
 34%|███▍      | 27/79 [00:00<00:01, 38.34it/s]
 39%|███▉      | 31/79 [00:00<00:01, 38.71it/s]
 46%|████▌     | 36/79 [00:00<00:01, 40.41it/s]
 52%|█████▏    | 41/79 [00:01<00:00, 38.84it/s]
 57%|█████▋    | 45/79 [00:01<00:00, 38.98it/s]
 62%|██████▏   | 49/79 [00:01<00:00, 38.97it/s]
 68%|██████▊   | 54/79 [00:01<00:00, 40.19it/s]
 75%|███████▍  | 59/79 [00:01<00:00, 40.20it/s]
 81%|████████  | 64/79 [00:01<00:00, 39.64it/s]
 86%|████████▌ | 68/79 [00:01<00:00, 38.16it/s]
 91%|█████████ | 72/79 [00:01<00:00, 37.41it/s]
 96%|█████████▌| 76/79 [00:02<00:00, 37.02it/s]
100%|██████████| 79/79 [00:02<00:00, 37.87it/s]

CommRound: 18/30
Accuracy: 57.98% | Loss: 1.3661
[####################################------------------------] 60.0%
Elapsed: 3.1m | Avg/Round: 10.3s | Last: 10.1s | Next: 10.3s | Remaining: 2.1m
ETA: 20:35:44
Recent round times: R1: 10.1s -> R2: 10.2s -> R3: 10.5s -> R4: 10.3s -> R5: 10.1s

  0%|          | 0/79 [00:00<?, ?it/s]
  1%|▏         | 1/79 [00:00<00:07,  9.93it/s]
  9%|▉         | 7/79 [00:00<00:02, 34.68it/s]
 15%|█▌        | 12/79 [00:00<00:01, 38.46it/s]
 20%|██        | 16/79 [00:00<00:01, 38.77it/s]
 27%|██▋       | 21/79 [00:00<00:01, 41.07it/s]
 33%|███▎      | 26/79 [00:00<00:01, 39.63it/s]
 41%|████      | 32/79 [00:00<00:01, 40.29it/s]
 48%|████▊     | 38/79 [00:00<00:01, 40.84it/s]
 56%|█████▌    | 44/79 [00:01<00:00, 41.30it/s]
 63%|██████▎   | 50/79 [00:01<00:00, 41.39it/s]
 70%|██████▉   | 55/79 [00:01<00:00, 43.21it/s]
 76%|███████▌  | 60/79 [00:01<00:00, 40.71it/s]
 84%|████████▎ | 66/79 [00:01<00:00, 41.06it/s]
 91%|█████████ | 72/79 [00:01<00:00, 41.14it/s]
 97%|█████████▋| 77/79 [00:01<00:00, 43.14it/s]
100%|██████████| 79/79 [00:01<00:00, 40.39it/s]

CommRound: 19/30
Accuracy: 54.86% | Loss: 1.4415
[######################################----------------------] 63.3%
Elapsed: 3.3m | Avg/Round: 10.3s | Last: 10.0s | Next: 10.3s | Remaining: 1.9m
ETA: 20:35:43
Recent round times: R1: 10.2s -> R2: 10.5s -> R3: 10.3s -> R4: 10.1s -> R5: 10.0s

  0%|          | 0/79 [00:00<?, ?it/s]
  4%|▍         | 3/79 [00:00<00:03, 24.02it/s]
 10%|█         | 8/79 [00:00<00:02, 33.29it/s]
 16%|█▋        | 13/79 [00:00<00:01, 34.75it/s]
 24%|██▍       | 19/79 [00:00<00:01, 38.31it/s]
 30%|███       | 24/79 [00:00<00:01, 40.88it/s]
 37%|███▋      | 29/79 [00:00<00:01, 40.74it/s]
 43%|████▎     | 34/79 [00:00<00:01, 40.91it/s]
 49%|████▉     | 39/79 [00:00<00:00, 42.23it/s]
 56%|█████▌    | 44/79 [00:01<00:00, 40.45it/s]
 63%|██████▎   | 50/79 [00:01<00:00, 40.93it/s]
 71%|███████   | 56/79 [00:01<00:00, 41.34it/s]
 78%|███████▊  | 62/79 [00:01<00:00, 41.59it/s]
 86%|████████▌ | 68/79 [00:01<00:00, 41.60it/s]
 94%|█████████▎| 74/79 [00:01<00:00, 41.55it/s]
100%|██████████| 79/79 [00:01<00:00, 40.47it/s]

CommRound: 20/30
Accuracy: 57.65% | Loss: 1.3592
[########################################--------------------] 66.7%
Elapsed: 3.4m | Avg/Round: 10.3s | Last: 10.1s | Next: 10.3s | Remaining: 1.7m
ETA: 20:35:43
Recent round times: R1: 10.5s -> R2: 10.3s -> R3: 10.1s -> R4: 10.0s -> R5: 10.1s

  0%|          | 0/79 [00:00<?, ?it/s]
  1%|▏         | 1/79 [00:00<00:07,  9.89it/s]
  8%|▊         | 6/79 [00:00<00:02, 30.63it/s]
 13%|█▎        | 10/79 [00:00<00:02, 33.42it/s]
 19%|█▉        | 15/79 [00:00<00:01, 39.12it/s]
 25%|██▌       | 20/79 [00:00<00:01, 37.70it/s]
 32%|███▏      | 25/79 [00:00<00:01, 40.67it/s]
 38%|███▊      | 30/79 [00:00<00:01, 39.04it/s]
 44%|████▍     | 35/79 [00:00<00:01, 41.79it/s]
 51%|█████     | 40/79 [00:01<00:00, 39.82it/s]
 58%|█████▊    | 46/79 [00:01<00:00, 40.57it/s]
 66%|██████▌   | 52/79 [00:01<00:00, 41.47it/s]
 73%|███████▎  | 58/79 [00:01<00:00, 41.94it/s]
 81%|████████  | 64/79 [00:01<00:00, 42.01it/s]
 89%|████████▊ | 70/79 [00:01<00:00, 42.16it/s]
 96%|█████████▌| 76/79 [00:01<00:00, 42.28it/s]
100%|██████████| 79/79 [00:01<00:00, 40.27it/s]

CommRound: 21/30
Accuracy: 55.65% | Loss: 1.4143
[##########################################------------------] 70.0%
Elapsed: 3.6m | Avg/Round: 10.3s | Last: 10.1s | Next: 10.3s | Remaining: 1.5m
ETA: 20:35:43
Recent round times: R1: 10.3s -> R2: 10.1s -> R3: 10.0s -> R4: 10.1s -> R5: 10.1s

  0%|          | 0/79 [00:00<?, ?it/s]
  4%|▍         | 3/79 [00:00<00:03, 22.27it/s]
 10%|█         | 8/79 [00:00<00:01, 36.27it/s]
 16%|█▋        | 13/79 [00:00<00:01, 35.43it/s]
 23%|██▎       | 18/79 [00:00<00:01, 40.31it/s]
 29%|██▉       | 23/79 [00:00<00:01, 37.72it/s]
 35%|███▌      | 28/79 [00:00<00:01, 41.20it/s]
 42%|████▏     | 33/79 [00:00<00:01, 39.05it/s]
 49%|████▉     | 39/79 [00:01<00:01, 39.46it/s]
 56%|█████▌    | 44/79 [00:01<00:00, 41.88it/s]
 62%|██████▏   | 49/79 [00:01<00:00, 39.11it/s]
 68%|██████▊   | 54/79 [00:01<00:00, 41.75it/s]
 75%|███████▍  | 59/79 [00:01<00:00, 39.18it/s]
 82%|████████▏ | 65/79 [00:01<00:00, 39.98it/s]
 89%|████████▊ | 70/79 [00:01<00:00, 42.38it/s]
 95%|█████████▍| 75/79 [00:01<00:00, 39.96it/s]
100%|██████████| 79/79 [00:01<00:00, 40.08it/s]

CommRound: 22/30
Accuracy: 58.01% | Loss: 1.3385
[############################################----------------] 73.3%
Elapsed: 3.8m | Avg/Round: 10.2s | Last: 10.1s | Next: 10.2s | Remaining: 1.4m
ETA: 20:35:43
Recent round times: R1: 10.1s -> R2: 10.0s -> R3: 10.1s -> R4: 10.1s -> R5: 10.1s
EARLY_STOP: round=22; best_acc=58.01; current_acc=58.01; threshold=90.00; patience=5; reason=converged_below_target
Total time for experiment: 225.47482109069824 seconds
Device average training time per communication round [s]:
    rpi (sld-rpi-09.ece.utexas.edu): 5.25 seconds
    mc1 (sld-mc1-09.ece.utexas.edu): 3.01 seconds
