
  0%|          | 0/79 [00:00<?, ?it/s]
  4%|▍         | 3/79 [00:00<00:03, 23.11it/s]
 10%|█         | 8/79 [00:00<00:02, 30.08it/s]
 16%|█▋        | 13/79 [00:00<00:01, 34.43it/s]
 22%|██▏       | 17/79 [00:00<00:01, 35.42it/s]
 28%|██▊       | 22/79 [00:00<00:01, 39.49it/s]
 34%|███▍      | 27/79 [00:00<00:01, 36.84it/s]
 39%|███▉      | 31/79 [00:00<00:01, 36.88it/s]
 44%|████▍     | 35/79 [00:00<00:01, 37.67it/s]
 49%|████▉     | 39/79 [00:01<00:01, 38.15it/s]
 57%|█████▋    | 45/79 [00:01<00:00, 39.23it/s]
 65%|██████▍   | 51/79 [00:01<00:00, 39.67it/s]
 71%|███████   | 56/79 [00:01<00:00, 42.17it/s]
 77%|███████▋  | 61/79 [00:01<00:00, 39.38it/s]
 84%|████████▎ | 66/79 [00:01<00:00, 42.05it/s]
 90%|████████▉ | 71/79 [00:01<00:00, 39.11it/s]
 96%|█████████▌| 76/79 [00:01<00:00, 41.68it/s]
100%|██████████| 79/79 [00:02<00:00, 38.85it/s]
Initial Accuracy: 5.65%; Initial Loss: 2.3856

  0%|          | 0/79 [00:00<?, ?it/s]
  3%|▎         | 2/79 [00:00<00:03, 19.87it/s]
  8%|▊         | 6/79 [00:00<00:02, 31.46it/s]
 13%|█▎        | 10/79 [00:00<00:02, 33.79it/s]
 18%|█▊        | 14/79 [00:00<00:01, 34.83it/s]
 23%|██▎       | 18/79 [00:00<00:01, 35.48it/s]
 28%|██▊       | 22/79 [00:00<00:01, 35.47it/s]
 33%|███▎      | 26/79 [00:00<00:01, 34.90it/s]
 38%|███▊      | 30/79 [00:00<00:01, 35.20it/s]
 43%|████▎     | 34/79 [00:00<00:01, 34.86it/s]
 48%|████▊     | 38/79 [00:01<00:01, 34.68it/s]
 53%|█████▎    | 42/79 [00:01<00:01, 34.25it/s]
 58%|█████▊    | 46/79 [00:01<00:00, 34.99it/s]
 63%|██████▎   | 50/79 [00:01<00:00, 34.52it/s]
 68%|██████▊   | 54/79 [00:01<00:00, 34.54it/s]
 73%|███████▎  | 58/79 [00:01<00:00, 34.79it/s]
 78%|███████▊  | 62/79 [00:01<00:00, 35.05it/s]
 84%|████████▎ | 66/79 [00:01<00:00, 35.35it/s]
 89%|████████▊ | 70/79 [00:02<00:00, 35.40it/s]
 94%|█████████▎| 74/79 [00:02<00:00, 35.23it/s]
 99%|█████████▊| 78/79 [00:02<00:00, 35.20it/s]
100%|██████████| 79/79 [00:02<00:00, 34.87it/s]

CommRound: 1/30
Accuracy: 57.05% | Loss: 1.3677
[##----------------------------------------------------------] 3.3%
Elapsed: 0.2m | Avg/Round: 10.7s | Last: 8.6s | Next: 10.7s | Remaining: 5.2m
ETA: 06:04:44
Recent round times: R1: 8.6s

  0%|          | 0/79 [00:00<?, ?it/s]
  4%|▍         | 3/79 [00:00<00:03, 22.56it/s]
  9%|▉         | 7/79 [00:00<00:02, 31.05it/s]
 14%|█▍        | 11/79 [00:00<00:01, 34.65it/s]
 19%|█▉        | 15/79 [00:00<00:01, 36.18it/s]
 25%|██▌       | 20/79 [00:00<00:01, 38.57it/s]
 30%|███       | 24/79 [00:00<00:01, 38.66it/s]
 35%|███▌      | 28/79 [00:00<00:01, 38.80it/s]
 41%|████      | 32/79 [00:00<00:01, 38.28it/s]
 46%|████▌     | 36/79 [00:00<00:01, 38.52it/s]
 51%|█████     | 40/79 [00:01<00:01, 38.75it/s]
 56%|█████▌    | 44/79 [00:01<00:00, 38.85it/s]
 61%|██████    | 48/79 [00:01<00:00, 38.97it/s]
 66%|██████▌   | 52/79 [00:01<00:00, 39.11it/s]
 71%|███████   | 56/79 [00:01<00:00, 39.16it/s]
 76%|███████▌  | 60/79 [00:01<00:00, 39.28it/s]
 81%|████████  | 64/79 [00:01<00:00, 39.23it/s]
 86%|████████▌ | 68/79 [00:01<00:00, 39.00it/s]
 91%|█████████ | 72/79 [00:01<00:00, 38.93it/s]
 96%|█████████▌| 76/79 [00:01<00:00, 38.72it/s]
100%|██████████| 79/79 [00:02<00:00, 38.27it/s]

CommRound: 2/30
Accuracy: 72.88% | Loss: 0.8228
[####--------------------------------------------------------] 6.7%
Elapsed: 0.3m | Avg/Round: 9.6s | Last: 8.6s | Next: 9.6s | Remaining: 4.5m
ETA: 06:04:12
Recent round times: R1: 8.6s -> R2: 8.6s

  0%|          | 0/79 [00:00<?, ?it/s]
  4%|▍         | 3/79 [00:00<00:03, 22.04it/s]
  9%|▉         | 7/79 [00:00<00:02, 30.33it/s]
 14%|█▍        | 11/79 [00:00<00:02, 33.81it/s]
 19%|█▉        | 15/79 [00:00<00:01, 35.76it/s]
 24%|██▍       | 19/79 [00:00<00:01, 36.99it/s]
 29%|██▉       | 23/79 [00:00<00:01, 37.75it/s]
 34%|███▍      | 27/79 [00:00<00:01, 38.29it/s]
 39%|███▉      | 31/79 [00:00<00:01, 38.51it/s]
 44%|████▍     | 35/79 [00:00<00:01, 38.45it/s]
 49%|████▉     | 39/79 [00:01<00:01, 38.37it/s]
 54%|█████▍    | 43/79 [00:01<00:00, 38.13it/s]
 59%|█████▉    | 47/79 [00:01<00:00, 37.62it/s]
 65%|██████▍   | 51/79 [00:01<00:00, 37.39it/s]
 70%|██████▉   | 55/79 [00:01<00:00, 37.19it/s]
 75%|███████▍  | 59/79 [00:01<00:00, 37.39it/s]
 80%|███████▉  | 63/79 [00:01<00:00, 37.04it/s]
 85%|████████▍ | 67/79 [00:01<00:00, 37.14it/s]
 90%|████████▉ | 71/79 [00:01<00:00, 37.74it/s]
 95%|█████████▍| 75/79 [00:02<00:00, 38.30it/s]
100%|██████████| 79/79 [00:02<00:00, 36.98it/s]

CommRound: 3/30
Accuracy: 80.13% | Loss: 0.6404
[######------------------------------------------------------] 10.0%
Elapsed: 0.5m | Avg/Round: 9.2s | Last: 8.2s | Next: 9.2s | Remaining: 4.1m
ETA: 06:03:59
Recent round times: R1: 8.6s -> R2: 8.6s -> R3: 8.2s

  0%|          | 0/79 [00:00<?, ?it/s]
  4%|▍         | 3/79 [00:00<00:03, 23.46it/s]
 10%|█         | 8/79 [00:00<00:02, 34.93it/s]
 15%|█▌        | 12/79 [00:00<00:01, 36.60it/s]
 20%|██        | 16/79 [00:00<00:01, 37.65it/s]
 25%|██▌       | 20/79 [00:00<00:01, 38.45it/s]
 32%|███▏      | 25/79 [00:00<00:01, 38.32it/s]
 38%|███▊      | 30/79 [00:00<00:01, 40.54it/s]
 44%|████▍     | 35/79 [00:00<00:01, 39.27it/s]
 51%|█████     | 40/79 [00:01<00:00, 42.09it/s]
 57%|█████▋    | 45/79 [00:01<00:00, 39.82it/s]
 63%|██████▎   | 50/79 [00:01<00:00, 42.30it/s]
 70%|██████▉   | 55/79 [00:01<00:00, 40.00it/s]
 77%|███████▋  | 61/79 [00:01<00:00, 40.52it/s]
 84%|████████▎ | 66/79 [00:01<00:00, 41.97it/s]
 90%|████████▉ | 71/79 [00:01<00:00, 40.42it/s]
 96%|█████████▌| 76/79 [00:01<00:00, 40.69it/s]
100%|██████████| 79/79 [00:01<00:00, 39.93it/s]

CommRound: 4/30
Accuracy: 80.56% | Loss: 0.6576
[########----------------------------------------------------] 13.3%
Elapsed: 0.6m | Avg/Round: 9.1s | Last: 8.9s | Next: 9.1s | Remaining: 3.9m
ETA: 06:03:56
Recent round times: R1: 8.6s -> R2: 8.6s -> R3: 8.2s -> R4: 8.9s

  0%|          | 0/79 [00:00<?, ?it/s]
  3%|▎         | 2/79 [00:00<00:03, 19.67it/s]
  9%|▉         | 7/79 [00:00<00:02, 33.07it/s]
 15%|█▌        | 12/79 [00:00<00:01, 36.81it/s]
 22%|██▏       | 17/79 [00:00<00:01, 39.25it/s]
 28%|██▊       | 22/79 [00:00<00:01, 40.16it/s]
 34%|███▍      | 27/79 [00:00<00:01, 41.36it/s]
 41%|████      | 32/79 [00:00<00:01, 41.34it/s]
 47%|████▋     | 37/79 [00:00<00:00, 42.15it/s]
 53%|█████▎    | 42/79 [00:01<00:00, 41.14it/s]
 59%|█████▉    | 47/79 [00:01<00:00, 42.09it/s]
 66%|██████▌   | 52/79 [00:01<00:00, 39.86it/s]
 72%|███████▏  | 57/79 [00:01<00:00, 41.34it/s]
 78%|███████▊  | 62/79 [00:01<00:00, 39.65it/s]
 85%|████████▍ | 67/79 [00:01<00:00, 41.10it/s]
 91%|█████████ | 72/79 [00:01<00:00, 39.66it/s]
 97%|█████████▋| 77/79 [00:01<00:00, 40.71it/s]
100%|██████████| 79/79 [00:01<00:00, 40.07it/s]

CommRound: 5/30
Accuracy: 80.40% | Loss: 0.7045
[##########--------------------------------------------------] 16.7%
Elapsed: 0.7m | Avg/Round: 9.0s | Last: 8.4s | Next: 9.0s | Remaining: 3.7m
ETA: 06:03:52
Recent round times: R1: 8.6s -> R2: 8.6s -> R3: 8.2s -> R4: 8.9s -> R5: 8.4s

  0%|          | 0/79 [00:00<?, ?it/s]
  1%|▏         | 1/79 [00:00<00:08,  8.93it/s]
  8%|▊         | 6/79 [00:00<00:02, 31.41it/s]
 13%|█▎        | 10/79 [00:00<00:02, 30.63it/s]
 18%|█▊        | 14/79 [00:00<00:01, 33.48it/s]
 23%|██▎       | 18/79 [00:00<00:01, 35.58it/s]
 29%|██▉       | 23/79 [00:00<00:01, 40.05it/s]
 35%|███▌      | 28/79 [00:00<00:01, 36.18it/s]
 43%|████▎     | 34/79 [00:00<00:01, 38.79it/s]
 51%|█████     | 40/79 [00:01<00:00, 39.53it/s]
 57%|█████▋    | 45/79 [00:01<00:00, 42.12it/s]
 63%|██████▎   | 50/79 [00:01<00:00, 39.40it/s]
 70%|██████▉   | 55/79 [00:01<00:00, 41.89it/s]
 76%|███████▌  | 60/79 [00:01<00:00, 39.15it/s]
 82%|████████▏ | 65/79 [00:01<00:00, 41.74it/s]
 89%|████████▊ | 70/79 [00:01<00:00, 39.18it/s]
 96%|█████████▌| 76/79 [00:01<00:00, 39.63it/s]
100%|██████████| 79/79 [00:02<00:00, 38.39it/s]

CommRound: 6/30
Accuracy: 81.55% | Loss: 0.6887
[############------------------------------------------------] 20.0%
Elapsed: 0.9m | Avg/Round: 8.9s | Last: 8.7s | Next: 8.9s | Remaining: 3.6m
ETA: 06:03:51
Recent round times: R1: 8.6s -> R2: 8.2s -> R3: 8.9s -> R4: 8.4s -> R5: 8.7s

  0%|          | 0/79 [00:00<?, ?it/s]
  1%|▏         | 1/79 [00:00<00:10,  7.63it/s]
  9%|▉         | 7/79 [00:00<00:02, 29.29it/s]
 14%|█▍        | 11/79 [00:00<00:02, 31.73it/s]
 19%|█▉        | 15/79 [00:00<00:01, 33.70it/s]
 24%|██▍       | 19/79 [00:00<00:01, 34.28it/s]
 29%|██▉       | 23/79 [00:00<00:01, 35.44it/s]
 34%|███▍      | 27/79 [00:00<00:01, 35.86it/s]
 39%|███▉      | 31/79 [00:00<00:01, 36.71it/s]
 44%|████▍     | 35/79 [00:01<00:01, 36.72it/s]
 49%|████▉     | 39/79 [00:01<00:01, 37.07it/s]
 54%|█████▍    | 43/79 [00:01<00:00, 37.23it/s]
 59%|█████▉    | 47/79 [00:01<00:00, 36.72it/s]
 65%|██████▍   | 51/79 [00:01<00:00, 36.61it/s]
 70%|██████▉   | 55/79 [00:01<00:00, 36.72it/s]
 75%|███████▍  | 59/79 [00:01<00:00, 36.96it/s]
 80%|███████▉  | 63/79 [00:01<00:00, 37.01it/s]
 85%|████████▍ | 67/79 [00:01<00:00, 37.49it/s]
 90%|████████▉ | 71/79 [00:02<00:00, 36.95it/s]
 95%|█████████▍| 75/79 [00:02<00:00, 36.47it/s]
100%|██████████| 79/79 [00:02<00:00, 36.14it/s]

CommRound: 7/30
Accuracy: 82.00% | Loss: 0.7239
[##############----------------------------------------------] 23.3%
Elapsed: 1.0m | Avg/Round: 8.9s | Last: 8.7s | Next: 8.9s | Remaining: 3.4m
ETA: 06:03:50
Recent round times: R1: 8.2s -> R2: 8.9s -> R3: 8.4s -> R4: 8.7s -> R5: 8.7s

  0%|          | 0/79 [00:00<?, ?it/s]
  4%|▍         | 3/79 [00:00<00:03, 22.27it/s]
  9%|▉         | 7/79 [00:00<00:02, 29.98it/s]
 14%|█▍        | 11/79 [00:00<00:02, 33.59it/s]
 19%|█▉        | 15/79 [00:00<00:01, 35.41it/s]
 24%|██▍       | 19/79 [00:00<00:01, 36.00it/s]
 29%|██▉       | 23/79 [00:00<00:01, 36.76it/s]
 34%|███▍      | 27/79 [00:00<00:01, 37.26it/s]
 39%|███▉      | 31/79 [00:00<00:01, 37.85it/s]
 44%|████▍     | 35/79 [00:00<00:01, 38.07it/s]
 49%|████▉     | 39/79 [00:01<00:01, 38.16it/s]
 54%|█████▍    | 43/79 [00:01<00:00, 37.97it/s]
 59%|█████▉    | 47/79 [00:01<00:00, 38.24it/s]
 65%|██████▍   | 51/79 [00:01<00:00, 38.20it/s]
 72%|███████▏  | 57/79 [00:01<00:00, 39.27it/s]
 80%|███████▉  | 63/79 [00:01<00:00, 39.94it/s]
 86%|████████▌ | 68/79 [00:01<00:00, 42.35it/s]
 92%|█████████▏| 73/79 [00:01<00:00, 39.77it/s]
100%|██████████| 79/79 [00:02<00:00, 44.08it/s]
100%|██████████| 79/79 [00:02<00:00, 38.54it/s]

CommRound: 8/30
Accuracy: 82.45% | Loss: 0.7266
[################--------------------------------------------] 26.7%
Elapsed: 1.2m | Avg/Round: 8.9s | Last: 8.8s | Next: 8.9s | Remaining: 3.3m
ETA: 06:03:50
Recent round times: R1: 8.9s -> R2: 8.4s -> R3: 8.7s -> R4: 8.7s -> R5: 8.8s

  0%|          | 0/79 [00:00<?, ?it/s]
  4%|▍         | 3/79 [00:00<00:03, 22.77it/s]
  9%|▉         | 7/79 [00:00<00:02, 30.91it/s]
 14%|█▍        | 11/79 [00:00<00:02, 33.82it/s]
 19%|█▉        | 15/79 [00:00<00:01, 35.46it/s]
 24%|██▍       | 19/79 [00:00<00:01, 36.47it/s]
 29%|██▉       | 23/79 [00:00<00:01, 37.44it/s]
 34%|███▍      | 27/79 [00:00<00:01, 38.01it/s]
 41%|████      | 32/79 [00:00<00:01, 41.62it/s]
 47%|████▋     | 37/79 [00:00<00:01, 39.25it/s]
 54%|█████▍    | 43/79 [00:01<00:00, 40.12it/s]
 62%|██████▏   | 49/79 [00:01<00:00, 40.61it/s]
 68%|██████▊   | 54/79 [00:01<00:00, 42.92it/s]
 75%|███████▍  | 59/79 [00:01<00:00, 40.21it/s]
 81%|████████  | 64/79 [00:01<00:00, 42.09it/s]
 87%|████████▋ | 69/79 [00:01<00:00, 39.81it/s]
 94%|█████████▎| 74/79 [00:01<00:00, 41.78it/s]
100%|██████████| 79/79 [00:01<00:00, 39.57it/s]

CommRound: 9/30
Accuracy: 82.56% | Loss: 0.7418
[##################------------------------------------------] 30.0%
Elapsed: 1.3m | Avg/Round: 8.8s | Last: 8.5s | Next: 8.8s | Remaining: 3.1m
ETA: 06:03:48
Recent round times: R1: 8.4s -> R2: 8.7s -> R3: 8.7s -> R4: 8.8s -> R5: 8.5s

  0%|          | 0/79 [00:00<?, ?it/s]
  3%|▎         | 2/79 [00:00<00:03, 19.70it/s]
  9%|▉         | 7/79 [00:00<00:02, 30.43it/s]
 16%|█▋        | 13/79 [00:00<00:01, 36.07it/s]
 23%|██▎       | 18/79 [00:00<00:01, 37.74it/s]
 28%|██▊       | 22/79 [00:00<00:01, 38.35it/s]
 34%|███▍      | 27/79 [00:00<00:01, 39.37it/s]
 41%|████      | 32/79 [00:00<00:01, 39.36it/s]
 46%|████▌     | 36/79 [00:00<00:01, 39.50it/s]
 52%|█████▏    | 41/79 [00:01<00:00, 40.31it/s]
 58%|█████▊    | 46/79 [00:01<00:00, 40.04it/s]
 65%|██████▍   | 51/79 [00:01<00:00, 40.05it/s]
 71%|███████   | 56/79 [00:01<00:00, 40.42it/s]
 77%|███████▋  | 61/79 [00:01<00:00, 40.38it/s]
 84%|████████▎ | 66/79 [00:01<00:00, 39.36it/s]
 89%|████████▊ | 70/79 [00:01<00:00, 39.43it/s]
 94%|█████████▎| 74/79 [00:01<00:00, 39.53it/s]
100%|██████████| 79/79 [00:02<00:00, 42.28it/s]
100%|██████████| 79/79 [00:02<00:00, 39.07it/s]

CommRound: 10/30
Accuracy: 82.77% | Loss: 0.7543
[####################----------------------------------------] 33.3%
Elapsed: 1.5m | Avg/Round: 8.8s | Last: 8.6s | Next: 8.8s | Remaining: 2.9m
ETA: 06:03:48
Recent round times: R1: 8.7s -> R2: 8.7s -> R3: 8.8s -> R4: 8.5s -> R5: 8.6s

  0%|          | 0/79 [00:00<?, ?it/s]
  4%|▍         | 3/79 [00:00<00:03, 23.23it/s]
  9%|▉         | 7/79 [00:00<00:02, 31.78it/s]
 14%|█▍        | 11/79 [00:00<00:01, 35.24it/s]
 19%|█▉        | 15/79 [00:00<00:01, 37.01it/s]
 24%|██▍       | 19/79 [00:00<00:01, 37.79it/s]
 29%|██▉       | 23/79 [00:00<00:01, 38.48it/s]
 34%|███▍      | 27/79 [00:00<00:01, 38.96it/s]
 41%|████      | 32/79 [00:00<00:01, 40.79it/s]
 47%|████▋     | 37/79 [00:00<00:01, 39.38it/s]
 53%|█████▎    | 42/79 [00:01<00:00, 40.59it/s]
 59%|█████▉    | 47/79 [00:01<00:00, 39.46it/s]
 66%|██████▌   | 52/79 [00:01<00:00, 40.08it/s]
 72%|███████▏  | 57/79 [00:01<00:00, 39.51it/s]
 77%|███████▋  | 61/79 [00:01<00:00, 39.62it/s]
 84%|████████▎ | 66/79 [00:01<00:00, 39.52it/s]
 90%|████████▉ | 71/79 [00:01<00:00, 40.35it/s]
 96%|█████████▌| 76/79 [00:01<00:00, 39.81it/s]
100%|██████████| 79/79 [00:02<00:00, 39.08it/s]

CommRound: 11/30
Accuracy: 82.88% | Loss: 0.7576
[######################--------------------------------------] 36.7%
Elapsed: 1.6m | Avg/Round: 8.8s | Last: 8.6s | Next: 8.8s | Remaining: 2.8m
ETA: 06:03:47
Recent round times: R1: 8.7s -> R2: 8.8s -> R3: 8.5s -> R4: 8.6s -> R5: 8.6s

  0%|          | 0/79 [00:00<?, ?it/s]
  4%|▍         | 3/79 [00:00<00:03, 22.29it/s]
  9%|▉         | 7/79 [00:00<00:02, 31.12it/s]
 14%|█▍        | 11/79 [00:00<00:01, 34.57it/s]
 19%|█▉        | 15/79 [00:00<00:01, 36.55it/s]
 24%|██▍       | 19/79 [00:00<00:01, 37.22it/s]
 29%|██▉       | 23/79 [00:00<00:01, 37.32it/s]
 34%|███▍      | 27/79 [00:00<00:01, 37.56it/s]
 39%|███▉      | 31/79 [00:00<00:01, 37.38it/s]
 44%|████▍     | 35/79 [00:00<00:01, 37.26it/s]
 49%|████▉     | 39/79 [00:01<00:01, 36.87it/s]
 54%|█████▍    | 43/79 [00:01<00:00, 37.11it/s]
 59%|█████▉    | 47/79 [00:01<00:00, 37.03it/s]
 65%|██████▍   | 51/79 [00:01<00:00, 37.11it/s]
 70%|██████▉   | 55/79 [00:01<00:00, 37.29it/s]
 75%|███████▍  | 59/79 [00:01<00:00, 37.82it/s]
 80%|███████▉  | 63/79 [00:01<00:00, 38.07it/s]
 85%|████████▍ | 67/79 [00:01<00:00, 38.38it/s]
 90%|████████▉ | 71/79 [00:01<00:00, 38.51it/s]
 95%|█████████▍| 75/79 [00:02<00:00, 38.62it/s]
100%|██████████| 79/79 [00:02<00:00, 37.69it/s]

CommRound: 12/30
Accuracy: 83.12% | Loss: 0.7591
[########################------------------------------------] 40.0%
Elapsed: 1.8m | Avg/Round: 8.8s | Last: 8.5s | Next: 8.8s | Remaining: 2.6m
ETA: 06:03:46
Recent round times: R1: 8.8s -> R2: 8.5s -> R3: 8.6s -> R4: 8.6s -> R5: 8.5s

  0%|          | 0/79 [00:00<?, ?it/s]
  4%|▍         | 3/79 [00:00<00:03, 22.03it/s]
  9%|▉         | 7/79 [00:00<00:02, 30.55it/s]
 14%|█▍        | 11/79 [00:00<00:01, 34.41it/s]
 19%|█▉        | 15/79 [00:00<00:01, 36.42it/s]
 24%|██▍       | 19/79 [00:00<00:01, 37.40it/s]
 30%|███       | 24/79 [00:00<00:01, 40.25it/s]
 37%|███▋      | 29/79 [00:00<00:01, 38.64it/s]
 42%|████▏     | 33/79 [00:00<00:01, 38.16it/s]
 47%|████▋     | 37/79 [00:01<00:01, 38.29it/s]
 52%|█████▏    | 41/79 [00:01<00:00, 38.00it/s]
 57%|█████▋    | 45/79 [00:01<00:00, 38.17it/s]
 63%|██████▎   | 50/79 [00:01<00:00, 41.51it/s]
 70%|██████▉   | 55/79 [00:01<00:00, 38.83it/s]
 76%|███████▌  | 60/79 [00:01<00:00, 41.82it/s]
 82%|████████▏ | 65/79 [00:01<00:00, 39.04it/s]
 89%|████████▊ | 70/79 [00:01<00:00, 41.82it/s]
 95%|█████████▍| 75/79 [00:01<00:00, 39.13it/s]
100%|██████████| 79/79 [00:02<00:00, 39.02it/s]

CommRound: 13/30
Accuracy: 83.31% | Loss: 0.7598
[##########################----------------------------------] 43.3%
Elapsed: 1.9m | Avg/Round: 8.7s | Last: 8.3s | Next: 8.7s | Remaining: 2.5m
ETA: 06:03:45
Recent round times: R1: 8.5s -> R2: 8.6s -> R3: 8.6s -> R4: 8.5s -> R5: 8.3s

  0%|          | 0/79 [00:00<?, ?it/s]
  4%|▍         | 3/79 [00:00<00:03, 22.45it/s]
  9%|▉         | 7/79 [00:00<00:02, 30.68it/s]
 14%|█▍        | 11/79 [00:00<00:02, 33.55it/s]
 19%|█▉        | 15/79 [00:00<00:01, 35.30it/s]
 24%|██▍       | 19/79 [00:00<00:01, 35.96it/s]
 29%|██▉       | 23/79 [00:00<00:01, 36.37it/s]
 34%|███▍      | 27/79 [00:00<00:01, 36.77it/s]
 39%|███▉      | 31/79 [00:00<00:01, 36.97it/s]
 44%|████▍     | 35/79 [00:00<00:01, 36.16it/s]
 49%|████▉     | 39/79 [00:01<00:01, 37.24it/s]
 54%|█████▍    | 43/79 [00:01<00:00, 37.89it/s]
 61%|██████    | 48/79 [00:01<00:00, 41.34it/s]
 67%|██████▋   | 53/79 [00:01<00:00, 38.49it/s]
 73%|███████▎  | 58/79 [00:01<00:00, 41.49it/s]
 80%|███████▉  | 63/79 [00:01<00:00, 38.65it/s]
 85%|████████▍ | 67/79 [00:01<00:00, 38.71it/s]
 90%|████████▉ | 71/79 [00:01<00:00, 38.46it/s]
 95%|█████████▍| 75/79 [00:02<00:00, 37.60it/s]
100%|██████████| 79/79 [00:02<00:00, 37.79it/s]

CommRound: 14/30
Accuracy: 83.50% | Loss: 0.7601
[############################--------------------------------] 46.7%
Elapsed: 2.0m | Avg/Round: 8.7s | Last: 8.8s | Next: 8.7s | Remaining: 2.3m
ETA: 06:03:45
Recent round times: R1: 8.6s -> R2: 8.6s -> R3: 8.5s -> R4: 8.3s -> R5: 8.8s

  0%|          | 0/79 [00:00<?, ?it/s]
  4%|▍         | 3/79 [00:00<00:03, 22.18it/s]
  9%|▉         | 7/79 [00:00<00:02, 31.14it/s]
 14%|█▍        | 11/79 [00:00<00:01, 34.31it/s]
 19%|█▉        | 15/79 [00:00<00:01, 35.55it/s]
 24%|██▍       | 19/79 [00:00<00:01, 36.47it/s]
 29%|██▉       | 23/79 [00:00<00:01, 37.00it/s]
 34%|███▍      | 27/79 [00:00<00:01, 36.70it/s]
 39%|███▉      | 31/79 [00:00<00:01, 35.33it/s]
 44%|████▍     | 35/79 [00:00<00:01, 35.87it/s]
 49%|████▉     | 39/79 [00:01<00:01, 35.74it/s]
 57%|█████▋    | 45/79 [00:01<00:00, 38.08it/s]
 65%|██████▍   | 51/79 [00:01<00:00, 39.36it/s]
 70%|██████▉   | 55/79 [00:01<00:00, 39.34it/s]
 77%|███████▋  | 61/79 [00:01<00:00, 40.05it/s]
 85%|████████▍ | 67/79 [00:01<00:00, 40.10it/s]
 91%|█████████ | 72/79 [00:01<00:00, 42.35it/s]
 97%|█████████▋| 77/79 [00:02<00:00, 40.09it/s]
100%|██████████| 79/79 [00:02<00:00, 38.43it/s]

CommRound: 15/30
Accuracy: 83.65% | Loss: 0.7601
[##############################------------------------------] 50.0%
Elapsed: 2.2m | Avg/Round: 8.7s | Last: 8.5s | Next: 8.7s | Remaining: 2.2m
ETA: 06:03:45
Recent round times: R1: 8.6s -> R2: 8.5s -> R3: 8.3s -> R4: 8.8s -> R5: 8.5s

  0%|          | 0/79 [00:00<?, ?it/s]
  4%|▍         | 3/79 [00:00<00:03, 21.61it/s]
  9%|▉         | 7/79 [00:00<00:02, 29.47it/s]
 14%|█▍        | 11/79 [00:00<00:02, 33.34it/s]
 19%|█▉        | 15/79 [00:00<00:01, 35.10it/s]
 24%|██▍       | 19/79 [00:00<00:01, 36.33it/s]
 29%|██▉       | 23/79 [00:00<00:01, 37.19it/s]
 34%|███▍      | 27/79 [00:00<00:01, 37.91it/s]
 39%|███▉      | 31/79 [00:00<00:01, 38.44it/s]
 44%|████▍     | 35/79 [00:00<00:01, 38.83it/s]
 49%|████▉     | 39/79 [00:01<00:01, 39.12it/s]
 57%|█████▋    | 45/79 [00:01<00:00, 40.15it/s]
 65%|██████▍   | 51/79 [00:01<00:00, 41.20it/s]
 71%|███████   | 56/79 [00:01<00:00, 42.78it/s]
 77%|███████▋  | 61/79 [00:01<00:00, 39.99it/s]
 84%|████████▎ | 66/79 [00:01<00:00, 40.40it/s]
 90%|████████▉ | 71/79 [00:01<00:00, 39.16it/s]
 96%|█████████▌| 76/79 [00:01<00:00, 39.65it/s]
100%|██████████| 79/79 [00:02<00:00, 38.67it/s]

CommRound: 16/30
Accuracy: 83.81% | Loss: 0.7600
[################################----------------------------] 53.3%
Elapsed: 2.3m | Avg/Round: 8.7s | Last: 8.6s | Next: 8.7s | Remaining: 2.0m
ETA: 06:03:45
Recent round times: R1: 8.5s -> R2: 8.3s -> R3: 8.8s -> R4: 8.5s -> R5: 8.6s

  0%|          | 0/79 [00:00<?, ?it/s]
  1%|▏         | 1/79 [00:00<00:08,  9.38it/s]
  9%|▉         | 7/79 [00:00<00:02, 33.15it/s]
 16%|█▋        | 13/79 [00:00<00:01, 37.01it/s]
 24%|██▍       | 19/79 [00:00<00:01, 38.82it/s]
 30%|███       | 24/79 [00:00<00:01, 42.03it/s]
 37%|███▋      | 29/79 [00:00<00:01, 39.02it/s]
 42%|████▏     | 33/79 [00:00<00:01, 39.24it/s]
 47%|████▋     | 37/79 [00:00<00:01, 38.44it/s]
 54%|█████▍    | 43/79 [00:01<00:00, 40.06it/s]
 62%|██████▏   | 49/79 [00:01<00:00, 40.34it/s]
 68%|██████▊   | 54/79 [00:01<00:00, 42.65it/s]
 75%|███████▍  | 59/79 [00:01<00:00, 39.48it/s]
 82%|████████▏ | 65/79 [00:01<00:00, 40.09it/s]
 90%|████████▉ | 71/79 [00:01<00:00, 40.94it/s]
 96%|█████████▌| 76/79 [00:01<00:00, 42.98it/s]
100%|██████████| 79/79 [00:01<00:00, 39.96it/s]

CommRound: 17/30
Accuracy: 83.95% | Loss: 0.7599
[##################################--------------------------] 56.7%
Elapsed: 2.5m | Avg/Round: 8.7s | Last: 8.6s | Next: 8.7s | Remaining: 1.9m
ETA: 06:03:45
Recent round times: R1: 8.3s -> R2: 8.8s -> R3: 8.5s -> R4: 8.6s -> R5: 8.6s

  0%|          | 0/79 [00:00<?, ?it/s]
  1%|▏         | 1/79 [00:00<00:09,  8.23it/s]
  9%|▉         | 7/79 [00:00<00:02, 29.75it/s]
 14%|█▍        | 11/79 [00:00<00:02, 32.68it/s]
 19%|█▉        | 15/79 [00:00<00:01, 34.83it/s]
 24%|██▍       | 19/79 [00:00<00:01, 36.10it/s]
 29%|██▉       | 23/79 [00:00<00:01, 36.47it/s]
 34%|███▍      | 27/79 [00:00<00:01, 36.85it/s]
 39%|███▉      | 31/79 [00:00<00:01, 37.44it/s]
 44%|████▍     | 35/79 [00:00<00:01, 37.62it/s]
 49%|████▉     | 39/79 [00:01<00:01, 37.80it/s]
 54%|█████▍    | 43/79 [00:01<00:00, 37.93it/s]
 59%|█████▉    | 47/79 [00:01<00:00, 38.13it/s]
 65%|██████▍   | 51/79 [00:01<00:00, 38.02it/s]
 70%|██████▉   | 55/79 [00:01<00:00, 38.13it/s]
 75%|███████▍  | 59/79 [00:01<00:00, 37.81it/s]
 81%|████████  | 64/79 [00:01<00:00, 36.87it/s]
 87%|████████▋ | 69/79 [00:01<00:00, 40.13it/s]
 94%|█████████▎| 74/79 [00:02<00:00, 39.15it/s]
100%|██████████| 79/79 [00:02<00:00, 37.25it/s]

CommRound: 18/30
Accuracy: 84.08% | Loss: 0.7598
[####################################------------------------] 60.0%
Elapsed: 2.6m | Avg/Round: 8.7s | Last: 8.8s | Next: 8.7s | Remaining: 1.7m
ETA: 06:03:45
Recent round times: R1: 8.8s -> R2: 8.5s -> R3: 8.6s -> R4: 8.6s -> R5: 8.8s

  0%|          | 0/79 [00:00<?, ?it/s]
  4%|▍         | 3/79 [00:00<00:03, 21.43it/s]
  9%|▉         | 7/79 [00:00<00:02, 29.05it/s]
 14%|█▍        | 11/79 [00:00<00:02, 31.71it/s]
 19%|█▉        | 15/79 [00:00<00:01, 34.04it/s]
 27%|██▋       | 21/79 [00:00<00:01, 36.92it/s]
 34%|███▍      | 27/79 [00:00<00:01, 37.90it/s]
 39%|███▉      | 31/79 [00:00<00:01, 37.36it/s]
 44%|████▍     | 35/79 [00:00<00:01, 37.06it/s]
 49%|████▉     | 39/79 [00:01<00:01, 36.82it/s]
 54%|█████▍    | 43/79 [00:01<00:00, 36.58it/s]
 59%|█████▉    | 47/79 [00:01<00:00, 36.46it/s]
 65%|██████▍   | 51/79 [00:01<00:00, 36.47it/s]
 70%|██████▉   | 55/79 [00:01<00:00, 36.47it/s]
 75%|███████▍  | 59/79 [00:01<00:00, 35.98it/s]
 80%|███████▉  | 63/79 [00:01<00:00, 35.61it/s]
 85%|████████▍ | 67/79 [00:01<00:00, 36.46it/s]
 91%|█████████ | 72/79 [00:01<00:00, 40.06it/s]
 97%|█████████▋| 77/79 [00:02<00:00, 37.20it/s]
100%|██████████| 79/79 [00:02<00:00, 36.63it/s]

CommRound: 19/30
Accuracy: 84.17% | Loss: 0.7599
[######################################----------------------] 63.3%
Elapsed: 2.8m | Avg/Round: 8.7s | Last: 9.0s | Next: 8.7s | Remaining: 1.6m
ETA: 06:03:45
Recent round times: R1: 8.5s -> R2: 8.6s -> R3: 8.6s -> R4: 8.8s -> R5: 9.0s

  0%|          | 0/79 [00:00<?, ?it/s]
  1%|▏         | 1/79 [00:00<00:08,  9.52it/s]
  6%|▋         | 5/79 [00:00<00:02, 26.83it/s]
 11%|█▏        | 9/79 [00:00<00:02, 29.22it/s]
 16%|█▋        | 13/79 [00:00<00:02, 30.25it/s]
 22%|██▏       | 17/79 [00:00<00:01, 32.15it/s]
 27%|██▋       | 21/79 [00:00<00:01, 33.08it/s]
 32%|███▏      | 25/79 [00:00<00:01, 33.39it/s]
 37%|███▋      | 29/79 [00:00<00:01, 31.95it/s]
 42%|████▏     | 33/79 [00:01<00:01, 31.18it/s]
 47%|████▋     | 37/79 [00:01<00:01, 30.23it/s]
 52%|█████▏    | 41/79 [00:01<00:01, 31.67it/s]
 57%|█████▋    | 45/79 [00:01<00:01, 32.49it/s]
 62%|██████▏   | 49/79 [00:01<00:00, 33.02it/s]
 67%|██████▋   | 53/79 [00:01<00:00, 33.82it/s]
 72%|███████▏  | 57/79 [00:01<00:00, 34.39it/s]
 77%|███████▋  | 61/79 [00:01<00:00, 34.74it/s]
 82%|████████▏ | 65/79 [00:02<00:00, 34.71it/s]
 87%|████████▋ | 69/79 [00:02<00:00, 35.70it/s]
 92%|█████████▏| 73/79 [00:02<00:00, 34.63it/s]
 99%|█████████▊| 78/79 [00:02<00:00, 38.71it/s]
100%|██████████| 79/79 [00:02<00:00, 33.42it/s]

CommRound: 20/30
Accuracy: 84.22% | Loss: 0.7601
[########################################--------------------] 66.7%
Elapsed: 2.9m | Avg/Round: 8.7s | Last: 9.2s | Next: 8.7s | Remaining: 1.5m
ETA: 06:03:46
Recent round times: R1: 8.6s -> R2: 8.6s -> R3: 8.8s -> R4: 9.0s -> R5: 9.2s

  0%|          | 0/79 [00:00<?, ?it/s]
  4%|▍         | 3/79 [00:00<00:03, 21.13it/s]
  9%|▉         | 7/79 [00:00<00:02, 28.73it/s]
 14%|█▍        | 11/79 [00:00<00:02, 31.71it/s]
 19%|█▉        | 15/79 [00:00<00:01, 33.09it/s]
 24%|██▍       | 19/79 [00:00<00:01, 34.15it/s]
 29%|██▉       | 23/79 [00:00<00:01, 34.84it/s]
 34%|███▍      | 27/79 [00:00<00:01, 35.17it/s]
 39%|███▉      | 31/79 [00:00<00:01, 35.35it/s]
 44%|████▍     | 35/79 [00:01<00:01, 35.66it/s]
 49%|████▉     | 39/79 [00:01<00:01, 35.78it/s]
 54%|█████▍    | 43/79 [00:01<00:01, 35.97it/s]
 59%|█████▉    | 47/79 [00:01<00:00, 35.75it/s]
 65%|██████▍   | 51/79 [00:01<00:00, 35.75it/s]
 70%|██████▉   | 55/79 [00:01<00:00, 36.02it/s]
 75%|███████▍  | 59/79 [00:01<00:00, 36.15it/s]
 80%|███████▉  | 63/79 [00:01<00:00, 36.25it/s]
 85%|████████▍ | 67/79 [00:01<00:00, 36.21it/s]
 90%|████████▉ | 71/79 [00:02<00:00, 36.27it/s]
 95%|█████████▍| 75/79 [00:02<00:00, 35.77it/s]
100%|██████████| 79/79 [00:02<00:00, 35.52it/s]

CommRound: 21/30
Accuracy: 84.26% | Loss: 0.7604
[##########################################------------------] 70.0%
Elapsed: 3.1m | Avg/Round: 8.8s | Last: 9.0s | Next: 8.8s | Remaining: 1.3m
ETA: 06:03:46
Recent round times: R1: 8.6s -> R2: 8.8s -> R3: 9.0s -> R4: 9.2s -> R5: 9.0s

  0%|          | 0/79 [00:00<?, ?it/s]
  1%|▏         | 1/79 [00:00<00:08,  9.51it/s]
  9%|▉         | 7/79 [00:00<00:02, 32.30it/s]
 15%|█▌        | 12/79 [00:00<00:01, 39.40it/s]
 20%|██        | 16/79 [00:00<00:01, 38.70it/s]
 27%|██▋       | 21/79 [00:00<00:01, 37.61it/s]
 33%|███▎      | 26/79 [00:00<00:01, 41.31it/s]
 39%|███▉      | 31/79 [00:00<00:01, 38.32it/s]
 44%|████▍     | 35/79 [00:00<00:01, 38.71it/s]
 49%|████▉     | 39/79 [00:01<00:01, 38.96it/s]
 54%|█████▍    | 43/79 [00:01<00:00, 39.23it/s]
 59%|█████▉    | 47/79 [00:01<00:00, 38.92it/s]
 65%|██████▍   | 51/79 [00:01<00:00, 38.76it/s]
 70%|██████▉   | 55/79 [00:01<00:00, 38.43it/s]
 75%|███████▍  | 59/79 [00:01<00:00, 37.51it/s]
 80%|███████▉  | 63/79 [00:01<00:00, 37.32it/s]
 85%|████████▍ | 67/79 [00:01<00:00, 37.07it/s]
 90%|████████▉ | 71/79 [00:01<00:00, 37.12it/s]
 96%|█████████▌| 76/79 [00:01<00:00, 40.60it/s]
100%|██████████| 79/79 [00:02<00:00, 38.35it/s]

CommRound: 22/30
Accuracy: 84.32% | Loss: 0.7608
[############################################----------------] 73.3%
Elapsed: 3.2m | Avg/Round: 8.8s | Last: 9.1s | Next: 8.8s | Remaining: 1.2m
ETA: 06:03:47
Recent round times: R1: 8.8s -> R2: 9.0s -> R3: 9.2s -> R4: 9.0s -> R5: 9.1s

  0%|          | 0/79 [00:00<?, ?it/s]
  4%|▍         | 3/79 [00:00<00:03, 22.91it/s]
  9%|▉         | 7/79 [00:00<00:02, 31.62it/s]
 14%|█▍        | 11/79 [00:00<00:01, 34.35it/s]
 19%|█▉        | 15/79 [00:00<00:01, 34.76it/s]
 24%|██▍       | 19/79 [00:00<00:01, 34.86it/s]
 29%|██▉       | 23/79 [00:00<00:01, 35.31it/s]
 34%|███▍      | 27/79 [00:00<00:01, 35.44it/s]
 39%|███▉      | 31/79 [00:00<00:01, 34.88it/s]
 44%|████▍     | 35/79 [00:01<00:01, 35.56it/s]
 49%|████▉     | 39/79 [00:01<00:01, 35.69it/s]
 54%|█████▍    | 43/79 [00:01<00:01, 35.86it/s]
 59%|█████▉    | 47/79 [00:01<00:00, 36.13it/s]
 65%|██████▍   | 51/79 [00:01<00:00, 36.39it/s]
 70%|██████▉   | 55/79 [00:01<00:00, 36.35it/s]
 75%|███████▍  | 59/79 [00:01<00:00, 36.39it/s]
 80%|███████▉  | 63/79 [00:01<00:00, 36.44it/s]
 85%|████████▍ | 67/79 [00:01<00:00, 36.37it/s]
 90%|████████▉ | 71/79 [00:02<00:00, 35.90it/s]
 95%|█████████▍| 75/79 [00:02<00:00, 35.35it/s]
100%|██████████| 79/79 [00:02<00:00, 35.33it/s]
100%|██████████| 79/79 [00:02<00:00, 35.06it/s]

CommRound: 23/30
Accuracy: 84.40% | Loss: 0.7613
[##############################################--------------] 76.7%
Elapsed: 3.4m | Avg/Round: 8.8s | Last: 8.9s | Next: 8.8s | Remaining: 1.0m
ETA: 06:03:47
Recent round times: R1: 9.0s -> R2: 9.2s -> R3: 9.0s -> R4: 9.1s -> R5: 8.9s

  0%|          | 0/79 [00:00<?, ?it/s]
  4%|▍         | 3/79 [00:00<00:03, 22.53it/s]
  9%|▉         | 7/79 [00:00<00:02, 30.88it/s]
 14%|█▍        | 11/79 [00:00<00:01, 34.34it/s]
 19%|█▉        | 15/79 [00:00<00:01, 35.95it/s]
 24%|██▍       | 19/79 [00:00<00:01, 35.55it/s]
 29%|██▉       | 23/79 [00:00<00:01, 35.13it/s]
 34%|███▍      | 27/79 [00:00<00:01, 34.88it/s]
 39%|███▉      | 31/79 [00:00<00:01, 35.08it/s]
 44%|████▍     | 35/79 [00:01<00:01, 34.89it/s]
 49%|████▉     | 39/79 [00:01<00:01, 34.98it/s]
 56%|█████▌    | 44/79 [00:01<00:00, 35.22it/s]
 63%|██████▎   | 50/79 [00:01<00:00, 37.45it/s]
 71%|███████   | 56/79 [00:01<00:00, 38.90it/s]
 78%|███████▊  | 62/79 [00:01<00:00, 39.69it/s]
 84%|████████▎ | 66/79 [00:01<00:00, 39.73it/s]
 91%|█████████ | 72/79 [00:01<00:00, 40.18it/s]
 99%|█████████▊| 78/79 [00:02<00:00, 39.87it/s]
100%|██████████| 79/79 [00:02<00:00, 37.25it/s]

CommRound: 24/30
Accuracy: 84.53% | Loss: 0.7618
[################################################------------] 80.0%
Elapsed: 3.5m | Avg/Round: 8.8s | Last: 8.5s | Next: 8.8s | Remaining: 0.9m
ETA: 06:03:46
Recent round times: R1: 9.2s -> R2: 9.0s -> R3: 9.1s -> R4: 8.9s -> R5: 8.5s

  0%|          | 0/79 [00:00<?, ?it/s]
  1%|▏         | 1/79 [00:00<00:08,  9.24it/s]
  9%|▉         | 7/79 [00:00<00:02, 33.85it/s]
 15%|█▌        | 12/79 [00:00<00:01, 39.09it/s]
 22%|██▏       | 17/79 [00:00<00:01, 39.06it/s]
 28%|██▊       | 22/79 [00:00<00:01, 40.09it/s]
 34%|███▍      | 27/79 [00:00<00:01, 40.43it/s]
 41%|████      | 32/79 [00:00<00:01, 40.25it/s]
 47%|████▋     | 37/79 [00:00<00:01, 40.31it/s]
 53%|█████▎    | 42/79 [00:01<00:00, 40.43it/s]
 59%|█████▉    | 47/79 [00:01<00:00, 40.01it/s]
 65%|██████▍   | 51/79 [00:01<00:00, 39.99it/s]
 70%|██████▉   | 55/79 [00:01<00:00, 39.75it/s]
 76%|███████▌  | 60/79 [00:01<00:00, 40.28it/s]
 82%|████████▏ | 65/79 [00:01<00:00, 39.89it/s]
 87%|████████▋ | 69/79 [00:01<00:00, 39.30it/s]
 92%|█████████▏| 73/79 [00:01<00:00, 38.14it/s]
 97%|█████████▋| 77/79 [00:01<00:00, 38.24it/s]
100%|██████████| 79/79 [00:02<00:00, 39.41it/s]

CommRound: 25/30
Accuracy: 84.63% | Loss: 0.7624
[##################################################----------] 83.3%
Elapsed: 3.6m | Avg/Round: 8.8s | Last: 8.6s | Next: 8.8s | Remaining: 0.7m
ETA: 06:03:46
Recent round times: R1: 9.0s -> R2: 9.1s -> R3: 8.9s -> R4: 8.5s -> R5: 8.6s

  0%|          | 0/79 [00:00<?, ?it/s]
  3%|▎         | 2/79 [00:00<00:03, 19.25it/s]
  8%|▊         | 6/79 [00:00<00:02, 30.95it/s]
 13%|█▎        | 10/79 [00:00<00:02, 32.97it/s]
 18%|█▊        | 14/79 [00:00<00:01, 33.85it/s]
 23%|██▎       | 18/79 [00:00<00:01, 34.42it/s]
 28%|██▊       | 22/79 [00:00<00:01, 35.45it/s]
 33%|███▎      | 26/79 [00:00<00:01, 35.07it/s]
 38%|███▊      | 30/79 [00:00<00:01, 35.33it/s]
 43%|████▎     | 34/79 [00:00<00:01, 34.95it/s]
 48%|████▊     | 38/79 [00:01<00:01, 34.77it/s]
 53%|█████▎    | 42/79 [00:01<00:01, 34.52it/s]
 58%|█████▊    | 46/79 [00:01<00:00, 34.47it/s]
 63%|██████▎   | 50/79 [00:01<00:00, 34.38it/s]
 68%|██████▊   | 54/79 [00:01<00:00, 34.60it/s]
 73%|███████▎  | 58/79 [00:01<00:00, 35.03it/s]
 78%|███████▊  | 62/79 [00:01<00:00, 34.68it/s]
 84%|████████▎ | 66/79 [00:01<00:00, 35.20it/s]
 89%|████████▊ | 70/79 [00:02<00:00, 35.03it/s]
 94%|█████████▎| 74/79 [00:02<00:00, 35.03it/s]
 99%|█████████▊| 78/79 [00:02<00:00, 35.03it/s]
100%|██████████| 79/79 [00:02<00:00, 34.54it/s]

CommRound: 26/30
Accuracy: 84.67% | Loss: 0.7631
[####################################################--------] 86.7%
Elapsed: 3.8m | Avg/Round: 8.8s | Last: 9.3s | Next: 8.8s | Remaining: 0.6m
ETA: 06:03:47
Recent round times: R1: 9.1s -> R2: 8.9s -> R3: 8.5s -> R4: 8.6s -> R5: 9.3s

  0%|          | 0/79 [00:00<?, ?it/s]
  4%|▍         | 3/79 [00:00<00:03, 20.99it/s]
  9%|▉         | 7/79 [00:00<00:02, 28.71it/s]
 14%|█▍        | 11/79 [00:00<00:02, 31.34it/s]
 19%|█▉        | 15/79 [00:00<00:01, 32.91it/s]
 24%|██▍       | 19/79 [00:00<00:01, 34.06it/s]
 29%|██▉       | 23/79 [00:00<00:01, 34.46it/s]
 34%|███▍      | 27/79 [00:00<00:01, 34.98it/s]
 39%|███▉      | 31/79 [00:00<00:01, 35.46it/s]
 44%|████▍     | 35/79 [00:01<00:01, 35.83it/s]
 49%|████▉     | 39/79 [00:01<00:01, 36.00it/s]
 54%|█████▍    | 43/79 [00:01<00:00, 36.05it/s]
 59%|█████▉    | 47/79 [00:01<00:00, 36.15it/s]
 65%|██████▍   | 51/79 [00:01<00:00, 36.12it/s]
 70%|██████▉   | 55/79 [00:01<00:00, 32.11it/s]
 77%|███████▋  | 61/79 [00:01<00:00, 35.29it/s]
 85%|████████▍ | 67/79 [00:01<00:00, 37.38it/s]
 91%|█████████ | 72/79 [00:02<00:00, 39.68it/s]
 97%|█████████▋| 77/79 [00:02<00:00, 37.90it/s]
100%|██████████| 79/79 [00:02<00:00, 35.65it/s]

CommRound: 27/30
Accuracy: 84.70% | Loss: 0.7639
[######################################################------] 90.0%
Elapsed: 4.0m | Avg/Round: 8.8s | Last: 9.0s | Next: 8.8s | Remaining: 0.4m
ETA: 06:03:47
Recent round times: R1: 8.9s -> R2: 8.5s -> R3: 8.6s -> R4: 9.3s -> R5: 9.0s

  0%|          | 0/79 [00:00<?, ?it/s]
  4%|▍         | 3/79 [00:00<00:03, 22.12it/s]
  9%|▉         | 7/79 [00:00<00:02, 31.16it/s]
 14%|█▍        | 11/79 [00:00<00:01, 34.76it/s]
 19%|█▉        | 15/79 [00:00<00:01, 36.60it/s]
 27%|██▋       | 21/79 [00:00<00:01, 36.93it/s]
 32%|███▏      | 25/79 [00:00<00:01, 35.77it/s]
 37%|███▋      | 29/79 [00:00<00:01, 36.21it/s]
 42%|████▏     | 33/79 [00:00<00:01, 36.53it/s]
 47%|████▋     | 37/79 [00:01<00:01, 36.60it/s]
 52%|█████▏    | 41/79 [00:01<00:01, 36.48it/s]
 57%|█████▋    | 45/79 [00:01<00:00, 36.15it/s]
 62%|██████▏   | 49/79 [00:01<00:00, 36.02it/s]
 67%|██████▋   | 53/79 [00:01<00:00, 35.82it/s]
 72%|███████▏  | 57/79 [00:01<00:00, 35.52it/s]
 77%|███████▋  | 61/79 [00:01<00:00, 35.53it/s]
 82%|████████▏ | 65/79 [00:01<00:00, 35.31it/s]
 87%|████████▋ | 69/79 [00:01<00:00, 36.56it/s]
 92%|█████████▏| 73/79 [00:02<00:00, 37.12it/s]
 97%|█████████▋| 77/79 [00:02<00:00, 37.80it/s]
100%|██████████| 79/79 [00:02<00:00, 36.60it/s]

CommRound: 28/30
Accuracy: 84.78% | Loss: 0.7647
[########################################################----] 93.3%
Elapsed: 4.1m | Avg/Round: 8.8s | Last: 8.8s | Next: 8.8s | Remaining: 0.3m
ETA: 06:03:47
Recent round times: R1: 8.5s -> R2: 8.6s -> R3: 9.3s -> R4: 9.0s -> R5: 8.8s

  0%|          | 0/79 [00:00<?, ?it/s]
  3%|▎         | 2/79 [00:00<00:04, 19.13it/s]
  9%|▉         | 7/79 [00:00<00:02, 30.49it/s]
 16%|█▋        | 13/79 [00:00<00:01, 35.87it/s]
 22%|██▏       | 17/79 [00:00<00:01, 37.19it/s]
 27%|██▋       | 21/79 [00:00<00:01, 37.98it/s]
 32%|███▏      | 25/79 [00:00<00:01, 38.43it/s]
 38%|███▊      | 30/79 [00:00<00:01, 41.85it/s]
 44%|████▍     | 35/79 [00:00<00:01, 38.33it/s]
 51%|█████     | 40/79 [00:01<00:00, 41.38it/s]
 57%|█████▋    | 45/79 [00:01<00:00, 38.40it/s]
 62%|██████▏   | 49/79 [00:01<00:00, 38.80it/s]
 68%|██████▊   | 54/79 [00:01<00:00, 41.69it/s]
 75%|███████▍  | 59/79 [00:01<00:00, 38.79it/s]
 80%|███████▉  | 63/79 [00:01<00:00, 39.00it/s]
 85%|████████▍ | 67/79 [00:01<00:00, 38.51it/s]
 90%|████████▉ | 71/79 [00:01<00:00, 38.41it/s]
 95%|█████████▍| 75/79 [00:01<00:00, 38.22it/s]
100%|██████████| 79/79 [00:02<00:00, 38.85it/s]

CommRound: 29/30
Accuracy: 84.86% | Loss: 0.7656
[##########################################################--] 96.7%
Elapsed: 4.2m | Avg/Round: 8.8s | Last: 8.8s | Next: 8.8s | Remaining: 0.1m
ETA: 06:03:47
Recent round times: R1: 8.6s -> R2: 9.3s -> R3: 9.0s -> R4: 8.8s -> R5: 8.8s

  0%|          | 0/79 [00:00<?, ?it/s]
  4%|▍         | 3/79 [00:00<00:03, 21.81it/s]
  9%|▉         | 7/79 [00:00<00:02, 30.79it/s]
 16%|█▋        | 13/79 [00:00<00:01, 35.69it/s]
 22%|██▏       | 17/79 [00:00<00:01, 36.17it/s]
 27%|██▋       | 21/79 [00:00<00:01, 37.03it/s]
 32%|███▏      | 25/79 [00:00<00:01, 37.82it/s]
 38%|███▊      | 30/79 [00:00<00:01, 41.36it/s]
 44%|████▍     | 35/79 [00:00<00:01, 38.01it/s]
 49%|████▉     | 39/79 [00:01<00:01, 38.47it/s]
 54%|█████▍    | 43/79 [00:01<00:00, 38.81it/s]
 61%|██████    | 48/79 [00:01<00:00, 41.84it/s]
 67%|██████▋   | 53/79 [00:01<00:00, 38.58it/s]
 72%|███████▏  | 57/79 [00:01<00:00, 38.78it/s]
 77%|███████▋  | 61/79 [00:01<00:00, 39.09it/s]
 82%|████████▏ | 65/79 [00:01<00:00, 39.07it/s]
 87%|████████▋ | 69/79 [00:01<00:00, 37.53it/s]
 92%|█████████▏| 73/79 [00:01<00:00, 37.69it/s]
 97%|█████████▋| 77/79 [00:02<00:00, 37.77it/s]
100%|██████████| 79/79 [00:02<00:00, 38.33it/s]

CommRound: 30/30
Accuracy: 84.90% | Loss: 0.7665
[############################################################] 100.0%
Elapsed: 4.4m | Avg/Round: 8.8s | Last: 9.1s | Next: 8.8s | Remaining: 0.0m
ETA: 06:03:48
Recent round times: R1: 9.3s -> R2: 9.0s -> R3: 8.8s -> R4: 8.8s -> R5: 9.1s
Total time for experiment: 263.99130368232727 seconds
Device average training time per communication round [s]:
    rpi (sld-rpi-09.ece.utexas.edu): 3.65 seconds
    mc1 (sld-mc1-09.ece.utexas.edu): 2.99 seconds
