Connecting to sld-rpi-09.ece.utexas.edu...
Successfully fetched dev0_pow_temp_log_exp193_run1.csv.
Connecting to sld-rpi-09.ece.utexas.edu...
Successfully fetched dev0_communication_log_exp193_run1.csv.
Connecting to sld-mc1-09.ece.utexas.edu...
Successfully fetched dev1_pow_temp_log_exp193_run1.csv.
Connecting to sld-mc1-09.ece.utexas.edu...
Successfully fetched dev1_communication_log_exp193_run1.csv.

Exp193
Experiment 193: 
	Global test accuracy [%]: 89.73 %
	No round found where all subsequent rounds have accuracy >= 90.00%.
	Average time per communication round [s]: 59.27 seconds
	Total wall clock time [s]: 1,770.94 seconds


Experiment 193:
	RPi avg. energy consumption per round [J]: 52.76 Joules
	MC1 avg. energy consumption per round [J]: 422.94 Joules
	Total avg. energy consumption per communication round [J]: 475.70 Joules
	Avg. amount of communicated data per communication round [MB]: 0.30 MB
	RPi avg. power consumption per round [W]: 5.50 Watts
	MC1 avg. power consumption per round [W]: 7.58 Watts
