
  0%|          | 0/79 [00:00<?, ?it/s]
  1%|▏         | 1/79 [00:00<00:08,  8.73it/s]
  6%|▋         | 5/79 [00:00<00:03, 24.06it/s]
 11%|█▏        | 9/79 [00:00<00:02, 27.90it/s]
 15%|█▌        | 12/79 [00:00<00:02, 27.49it/s]
 20%|██        | 16/79 [00:00<00:02, 29.56it/s]
 25%|██▌       | 20/79 [00:00<00:01, 30.66it/s]
 30%|███       | 24/79 [00:00<00:01, 30.59it/s]
 35%|███▌      | 28/79 [00:00<00:01, 30.79it/s]
 41%|████      | 32/79 [00:01<00:01, 31.12it/s]
 46%|████▌     | 36/79 [00:01<00:01, 30.88it/s]
 51%|█████     | 40/79 [00:01<00:01, 31.15it/s]
 56%|█████▌    | 44/79 [00:01<00:01, 31.03it/s]
 61%|██████    | 48/79 [00:01<00:01, 30.90it/s]
 66%|██████▌   | 52/79 [00:01<00:00, 30.19it/s]
 71%|███████   | 56/79 [00:01<00:00, 25.63it/s]
 75%|███████▍  | 59/79 [00:02<00:00, 22.72it/s]
 80%|███████▉  | 63/79 [00:02<00:00, 25.20it/s]
 85%|████████▍ | 67/79 [00:02<00:00, 26.74it/s]
 90%|████████▉ | 71/79 [00:02<00:00, 28.05it/s]
 95%|█████████▍| 75/79 [00:02<00:00, 28.91it/s]
100%|██████████| 79/79 [00:02<00:00, 28.86it/s]
Initial Accuracy: 10.78%; Initial Loss: 2.3187

  0%|          | 0/79 [00:00<?, ?it/s]
  1%|▏         | 1/79 [00:00<00:10,  7.23it/s]
  5%|▌         | 4/79 [00:00<00:04, 15.20it/s]
  8%|▊         | 6/79 [00:00<00:04, 16.94it/s]
 13%|█▎        | 10/79 [00:00<00:03, 18.85it/s]
 18%|█▊        | 14/79 [00:00<00:03, 18.74it/s]
 23%|██▎       | 18/79 [00:00<00:03, 20.08it/s]
 28%|██▊       | 22/79 [00:01<00:02, 20.88it/s]
 33%|███▎      | 26/79 [00:01<00:02, 20.68it/s]
 37%|███▋      | 29/79 [00:01<00:02, 22.37it/s]
 41%|████      | 32/79 [00:01<00:02, 20.87it/s]
 44%|████▍     | 35/79 [00:01<00:01, 22.69it/s]
 48%|████▊     | 38/79 [00:01<00:01, 21.39it/s]
 53%|█████▎    | 42/79 [00:02<00:01, 21.74it/s]
 57%|█████▋    | 45/79 [00:02<00:01, 22.77it/s]
 61%|██████    | 48/79 [00:02<00:01, 20.26it/s]
 65%|██████▍   | 51/79 [00:02<00:01, 20.46it/s]
 68%|██████▊   | 54/79 [00:02<00:01, 20.29it/s]
 72%|███████▏  | 57/79 [00:02<00:01, 20.03it/s]
 76%|███████▌  | 60/79 [00:02<00:00, 20.34it/s]
 80%|███████▉  | 63/79 [00:03<00:00, 20.90it/s]
 84%|████████▎ | 66/79 [00:03<00:00, 21.25it/s]
 87%|████████▋ | 69/79 [00:03<00:00, 21.73it/s]
 91%|█████████ | 72/79 [00:03<00:00, 21.62it/s]
 95%|█████████▍| 75/79 [00:03<00:00, 22.53it/s]
 99%|█████████▊| 78/79 [00:03<00:00, 22.86it/s]
100%|██████████| 79/79 [00:03<00:00, 20.98it/s]

CommRound: 1/30
Accuracy: 39.36% | Loss: 1.8076
[##----------------------------------------------------------] 3.3%
Elapsed: 0.6m | Avg/Round: 37.5s | Last: 34.7s | Next: 37.5s | Remaining: 18.1m
ETA: 18:33:59
Recent round times: R1: 34.7s

  0%|          | 0/79 [00:00<?, ?it/s]
  4%|▍         | 3/79 [00:00<00:03, 22.35it/s]
 10%|█         | 8/79 [00:00<00:01, 36.20it/s]
 15%|█▌        | 12/79 [00:00<00:01, 37.73it/s]
 22%|██▏       | 17/79 [00:00<00:01, 36.30it/s]
 28%|██▊       | 22/79 [00:00<00:01, 40.50it/s]
 34%|███▍      | 27/79 [00:00<00:01, 38.75it/s]
 41%|████      | 32/79 [00:00<00:01, 41.90it/s]
 47%|████▋     | 37/79 [00:00<00:01, 39.30it/s]
 53%|█████▎    | 42/79 [00:01<00:00, 41.20it/s]
 59%|█████▉    | 47/79 [00:01<00:00, 37.12it/s]
 66%|██████▌   | 52/79 [00:01<00:00, 39.87it/s]
 72%|███████▏  | 57/79 [00:01<00:00, 38.33it/s]
 78%|███████▊  | 62/79 [00:01<00:00, 40.55it/s]
 85%|████████▍ | 67/79 [00:01<00:00, 39.12it/s]
 91%|█████████ | 72/79 [00:01<00:00, 40.83it/s]
 97%|█████████▋| 77/79 [00:01<00:00, 39.27it/s]
100%|██████████| 79/79 [00:02<00:00, 39.37it/s]

CommRound: 2/30
Accuracy: 65.29% | Loss: 0.9339
[####--------------------------------------------------------] 6.7%
Elapsed: 1.4m | Avg/Round: 40.6s | Last: 43.7s | Next: 40.6s | Remaining: 18.9m
ETA: 18:35:33
Recent round times: R1: 34.7s -> R2: 43.7s

  0%|          | 0/79 [00:00<?, ?it/s]
  1%|▏         | 1/79 [00:00<00:08,  9.55it/s]
  6%|▋         | 5/79 [00:00<00:02, 27.06it/s]
 11%|█▏        | 9/79 [00:00<00:02, 31.48it/s]
 16%|█▋        | 13/79 [00:00<00:01, 33.20it/s]
 22%|██▏       | 17/79 [00:00<00:01, 34.44it/s]
 27%|██▋       | 21/79 [00:00<00:01, 31.83it/s]
 32%|███▏      | 25/79 [00:00<00:01, 33.63it/s]
 37%|███▋      | 29/79 [00:00<00:01, 33.93it/s]
 42%|████▏     | 33/79 [00:01<00:01, 35.09it/s]
 47%|████▋     | 37/79 [00:01<00:01, 35.48it/s]
 52%|█████▏    | 41/79 [00:01<00:01, 36.18it/s]
 57%|█████▋    | 45/79 [00:01<00:00, 36.75it/s]
 62%|██████▏   | 49/79 [00:01<00:00, 36.92it/s]
 67%|██████▋   | 53/79 [00:01<00:00, 37.03it/s]
 72%|███████▏  | 57/79 [00:01<00:00, 37.24it/s]
 77%|███████▋  | 61/79 [00:01<00:00, 36.76it/s]
 82%|████████▏ | 65/79 [00:01<00:00, 36.09it/s]
 87%|████████▋ | 69/79 [00:01<00:00, 35.76it/s]
 92%|█████████▏| 73/79 [00:02<00:00, 35.29it/s]
 97%|█████████▋| 77/79 [00:02<00:00, 35.22it/s]
100%|██████████| 79/79 [00:02<00:00, 34.56it/s]

CommRound: 3/30
Accuracy: 75.42% | Loss: 0.7163
[######------------------------------------------------------] 10.0%
Elapsed: 2.1m | Avg/Round: 41.1s | Last: 42.3s | Next: 41.1s | Remaining: 18.5m
ETA: 18:35:50
Recent round times: R1: 34.7s -> R2: 43.7s -> R3: 42.3s

  0%|          | 0/79 [00:00<?, ?it/s]
  1%|▏         | 1/79 [00:00<00:08,  8.76it/s]
  6%|▋         | 5/79 [00:00<00:03, 23.56it/s]
 11%|█▏        | 9/79 [00:00<00:02, 25.77it/s]
 16%|█▋        | 13/79 [00:00<00:02, 28.85it/s]
 22%|██▏       | 17/79 [00:00<00:02, 29.40it/s]
 27%|██▋       | 21/79 [00:00<00:01, 29.51it/s]
 32%|███▏      | 25/79 [00:00<00:01, 30.50it/s]
 37%|███▋      | 29/79 [00:00<00:01, 32.25it/s]
 42%|████▏     | 33/79 [00:01<00:01, 31.90it/s]
 47%|████▋     | 37/79 [00:01<00:01, 30.44it/s]
 52%|█████▏    | 41/79 [00:01<00:01, 30.06it/s]
 57%|█████▋    | 45/79 [00:01<00:01, 30.86it/s]
 62%|██████▏   | 49/79 [00:01<00:00, 32.01it/s]
 67%|██████▋   | 53/79 [00:01<00:00, 33.27it/s]
 72%|███████▏  | 57/79 [00:01<00:00, 34.27it/s]
 77%|███████▋  | 61/79 [00:01<00:00, 35.11it/s]
 82%|████████▏ | 65/79 [00:02<00:00, 35.63it/s]
 87%|████████▋ | 69/79 [00:02<00:00, 35.96it/s]
 92%|█████████▏| 73/79 [00:02<00:00, 36.20it/s]
 97%|█████████▋| 77/79 [00:02<00:00, 36.20it/s]
100%|██████████| 79/79 [00:02<00:00, 32.01it/s]

CommRound: 4/30
Accuracy: 75.00% | Loss: 0.7916
[########----------------------------------------------------] 13.3%
Elapsed: 2.8m | Avg/Round: 42.5s | Last: 46.4s | Next: 42.5s | Remaining: 18.4m
ETA: 18:36:30
Recent round times: R1: 34.7s -> R2: 43.7s -> R3: 42.3s -> R4: 46.4s

  0%|          | 0/79 [00:00<?, ?it/s]
  1%|▏         | 1/79 [00:00<00:08,  9.46it/s]
  6%|▋         | 5/79 [00:00<00:02, 26.83it/s]
 10%|█         | 8/79 [00:00<00:02, 27.66it/s]
 15%|█▌        | 12/79 [00:00<00:02, 29.99it/s]
 19%|█▉        | 15/79 [00:00<00:02, 29.78it/s]
 24%|██▍       | 19/79 [00:00<00:01, 30.21it/s]
 29%|██▉       | 23/79 [00:00<00:01, 30.59it/s]
 34%|███▍      | 27/79 [00:00<00:01, 31.21it/s]
 39%|███▉      | 31/79 [00:01<00:01, 31.53it/s]
 44%|████▍     | 35/79 [00:01<00:01, 31.88it/s]
 49%|████▉     | 39/79 [00:01<00:01, 32.57it/s]
 54%|█████▍    | 43/79 [00:01<00:01, 33.74it/s]
 59%|█████▉    | 47/79 [00:01<00:00, 34.58it/s]
 65%|██████▍   | 51/79 [00:01<00:00, 35.11it/s]
 70%|██████▉   | 55/79 [00:01<00:00, 35.34it/s]
 75%|███████▍  | 59/79 [00:01<00:00, 35.45it/s]
 80%|███████▉  | 63/79 [00:01<00:00, 35.66it/s]
 85%|████████▍ | 67/79 [00:02<00:00, 35.82it/s]
 90%|████████▉ | 71/79 [00:02<00:00, 34.06it/s]
 95%|█████████▍| 75/79 [00:02<00:00, 33.30it/s]
100%|██████████| 79/79 [00:02<00:00, 32.85it/s]

CommRound: 5/30
Accuracy: 80.02% | Loss: 0.6984
[##########--------------------------------------------------] 16.7%
Elapsed: 3.6m | Avg/Round: 43.5s | Last: 47.8s | Next: 43.5s | Remaining: 18.1m
ETA: 18:37:02
Recent round times: R1: 34.7s -> R2: 43.7s -> R3: 42.3s -> R4: 46.4s -> R5: 47.8s

  0%|          | 0/79 [00:00<?, ?it/s]
  1%|▏         | 1/79 [00:00<00:09,  8.02it/s]
  6%|▋         | 5/79 [00:00<00:03, 23.70it/s]
 11%|█▏        | 9/79 [00:00<00:02, 28.51it/s]
 15%|█▌        | 12/79 [00:00<00:02, 29.00it/s]
 19%|█▉        | 15/79 [00:00<00:02, 28.66it/s]
 23%|██▎       | 18/79 [00:00<00:02, 28.75it/s]
 27%|██▋       | 21/79 [00:00<00:01, 29.03it/s]
 30%|███       | 24/79 [00:00<00:01, 28.53it/s]
 35%|███▌      | 28/79 [00:01<00:01, 28.44it/s]
 41%|████      | 32/79 [00:01<00:01, 28.73it/s]
 46%|████▌     | 36/79 [00:01<00:01, 29.03it/s]
 51%|█████     | 40/79 [00:01<00:01, 29.11it/s]
 56%|█████▌    | 44/79 [00:01<00:01, 29.24it/s]
 61%|██████    | 48/79 [00:01<00:01, 29.29it/s]
 66%|██████▌   | 52/79 [00:01<00:00, 28.96it/s]
 71%|███████   | 56/79 [00:01<00:00, 28.86it/s]
 76%|███████▌  | 60/79 [00:02<00:00, 28.84it/s]
 81%|████████  | 64/79 [00:02<00:00, 28.84it/s]
 86%|████████▌ | 68/79 [00:02<00:00, 28.86it/s]
 91%|█████████ | 72/79 [00:02<00:00, 28.93it/s]
 96%|█████████▌| 76/79 [00:02<00:00, 29.07it/s]
100%|██████████| 79/79 [00:02<00:00, 28.83it/s]

CommRound: 6/30
Accuracy: 81.47% | Loss: 0.6064
[############------------------------------------------------] 20.0%
Elapsed: 4.4m | Avg/Round: 43.6s | Last: 44.1s | Next: 43.6s | Remaining: 17.5m
ETA: 18:37:05
Recent round times: R1: 43.7s -> R2: 42.3s -> R3: 46.4s -> R4: 47.8s -> R5: 44.1s

  0%|          | 0/79 [00:00<?, ?it/s]
  3%|▎         | 2/79 [00:00<00:03, 19.52it/s]
  8%|▊         | 6/79 [00:00<00:02, 30.78it/s]
 13%|█▎        | 10/79 [00:00<00:02, 32.75it/s]
 18%|█▊        | 14/79 [00:00<00:01, 34.84it/s]
 23%|██▎       | 18/79 [00:00<00:01, 31.31it/s]
 28%|██▊       | 22/79 [00:00<00:01, 32.75it/s]
 33%|███▎      | 26/79 [00:00<00:01, 33.82it/s]
 38%|███▊      | 30/79 [00:00<00:01, 34.36it/s]
 43%|████▎     | 34/79 [00:01<00:01, 34.94it/s]
 48%|████▊     | 38/79 [00:01<00:01, 34.92it/s]
 53%|█████▎    | 42/79 [00:01<00:01, 35.74it/s]
 58%|█████▊    | 46/79 [00:01<00:00, 35.93it/s]
 63%|██████▎   | 50/79 [00:01<00:00, 36.23it/s]
 68%|██████▊   | 54/79 [00:01<00:00, 36.24it/s]
 73%|███████▎  | 58/79 [00:01<00:00, 36.39it/s]
 78%|███████▊  | 62/79 [00:01<00:00, 36.52it/s]
 84%|████████▎ | 66/79 [00:01<00:00, 36.52it/s]
 89%|████████▊ | 70/79 [00:02<00:00, 36.52it/s]
 94%|█████████▎| 74/79 [00:02<00:00, 35.84it/s]
 99%|█████████▊| 78/79 [00:02<00:00, 36.22it/s]
100%|██████████| 79/79 [00:02<00:00, 35.18it/s]

CommRound: 7/30
Accuracy: 83.09% | Loss: 0.5797
[##############----------------------------------------------] 23.3%
Elapsed: 5.0m | Avg/Round: 43.1s | Last: 40.1s | Next: 43.1s | Remaining: 16.5m
ETA: 18:36:49
Recent round times: R1: 42.3s -> R2: 46.4s -> R3: 47.8s -> R4: 44.1s -> R5: 40.1s

  0%|          | 0/79 [00:00<?, ?it/s]
  1%|▏         | 1/79 [00:00<00:08,  9.28it/s]
  6%|▋         | 5/79 [00:00<00:02, 25.49it/s]
 11%|█▏        | 9/79 [00:00<00:02, 29.72it/s]
 15%|█▌        | 12/79 [00:00<00:02, 28.24it/s]
 20%|██        | 16/79 [00:00<00:02, 30.51it/s]
 25%|██▌       | 20/79 [00:00<00:01, 31.32it/s]
 30%|███       | 24/79 [00:00<00:01, 33.11it/s]
 35%|███▌      | 28/79 [00:00<00:01, 33.09it/s]
 41%|████      | 32/79 [00:01<00:01, 33.01it/s]
 46%|████▌     | 36/79 [00:01<00:01, 33.08it/s]
 51%|█████     | 40/79 [00:01<00:01, 33.34it/s]
 56%|█████▌    | 44/79 [00:01<00:01, 33.54it/s]
 61%|██████    | 48/79 [00:01<00:00, 33.60it/s]
 66%|██████▌   | 52/79 [00:01<00:00, 34.26it/s]
 71%|███████   | 56/79 [00:01<00:00, 35.11it/s]
 76%|███████▌  | 60/79 [00:01<00:00, 36.04it/s]
 81%|████████  | 64/79 [00:01<00:00, 36.38it/s]
 86%|████████▌ | 68/79 [00:02<00:00, 36.54it/s]
 91%|█████████ | 72/79 [00:02<00:00, 36.74it/s]
 96%|█████████▌| 76/79 [00:02<00:00, 36.84it/s]
100%|██████████| 79/79 [00:02<00:00, 33.77it/s]

CommRound: 8/30
Accuracy: 78.76% | Loss: 0.7301
[################--------------------------------------------] 26.7%
Elapsed: 5.7m | Avg/Round: 43.0s | Last: 41.8s | Next: 43.0s | Remaining: 15.8m
ETA: 18:36:44
Recent round times: R1: 46.4s -> R2: 47.8s -> R3: 44.1s -> R4: 40.1s -> R5: 41.8s

  0%|          | 0/79 [00:00<?, ?it/s]
  1%|▏         | 1/79 [00:00<00:08,  8.83it/s]
  6%|▋         | 5/79 [00:00<00:02, 25.43it/s]
 10%|█         | 8/79 [00:00<00:02, 26.63it/s]
 15%|█▌        | 12/79 [00:00<00:02, 28.95it/s]
 20%|██        | 16/79 [00:00<00:02, 30.08it/s]
 25%|██▌       | 20/79 [00:00<00:01, 30.79it/s]
 30%|███       | 24/79 [00:00<00:01, 31.31it/s]
 35%|███▌      | 28/79 [00:00<00:01, 31.80it/s]
 41%|████      | 32/79 [00:01<00:01, 32.06it/s]
 46%|████▌     | 36/79 [00:01<00:01, 32.35it/s]
 51%|█████     | 40/79 [00:01<00:01, 31.96it/s]
 56%|█████▌    | 44/79 [00:01<00:01, 31.85it/s]
 61%|██████    | 48/79 [00:01<00:00, 33.02it/s]
 66%|██████▌   | 52/79 [00:01<00:00, 34.04it/s]
 71%|███████   | 56/79 [00:01<00:00, 34.84it/s]
 76%|███████▌  | 60/79 [00:01<00:00, 34.46it/s]
 81%|████████  | 64/79 [00:02<00:00, 34.15it/s]
 86%|████████▌ | 68/79 [00:02<00:00, 33.87it/s]
 91%|█████████ | 72/79 [00:02<00:00, 33.56it/s]
 96%|█████████▌| 76/79 [00:02<00:00, 34.08it/s]
100%|██████████| 79/79 [00:02<00:00, 32.34it/s]

CommRound: 9/30
Accuracy: 78.92% | Loss: 0.7487
[##################------------------------------------------] 30.0%
Elapsed: 6.5m | Avg/Round: 43.1s | Last: 44.0s | Next: 43.1s | Remaining: 15.1m
ETA: 18:36:48
Recent round times: R1: 47.8s -> R2: 44.1s -> R3: 40.1s -> R4: 41.8s -> R5: 44.0s

  0%|          | 0/79 [00:00<?, ?it/s]
  1%|▏         | 1/79 [00:00<00:10,  7.23it/s]
  5%|▌         | 4/79 [00:00<00:04, 17.07it/s]
 10%|█         | 8/79 [00:00<00:03, 21.16it/s]
 15%|█▌        | 12/79 [00:00<00:02, 22.79it/s]
 20%|██        | 16/79 [00:00<00:02, 23.03it/s]
 25%|██▌       | 20/79 [00:00<00:02, 23.52it/s]
 30%|███       | 24/79 [00:01<00:02, 22.78it/s]
 34%|███▍      | 27/79 [00:01<00:02, 23.73it/s]
 38%|███▊      | 30/79 [00:01<00:02, 19.25it/s]
 42%|████▏     | 33/79 [00:01<00:02, 21.14it/s]
 46%|████▌     | 36/79 [00:01<00:02, 17.87it/s]
 48%|████▊     | 38/79 [00:01<00:02, 18.02it/s]
 53%|█████▎    | 42/79 [00:02<00:01, 19.73it/s]
 58%|█████▊    | 46/79 [00:02<00:01, 21.12it/s]
 63%|██████▎   | 50/79 [00:02<00:01, 23.55it/s]
 68%|██████▊   | 54/79 [00:02<00:00, 25.03it/s]
 73%|███████▎  | 58/79 [00:02<00:00, 26.21it/s]
 78%|███████▊  | 62/79 [00:02<00:00, 28.05it/s]
 84%|████████▎ | 66/79 [00:02<00:00, 29.47it/s]
 89%|████████▊ | 70/79 [00:02<00:00, 30.58it/s]
 94%|█████████▎| 74/79 [00:03<00:00, 31.23it/s]
 99%|█████████▊| 78/79 [00:03<00:00, 30.70it/s]
100%|██████████| 79/79 [00:03<00:00, 24.13it/s]

CommRound: 10/30
Accuracy: 83.72% | Loss: 0.6249
[####################----------------------------------------] 33.3%
Elapsed: 7.1m | Avg/Round: 42.8s | Last: 40.1s | Next: 42.8s | Remaining: 14.3m
ETA: 18:36:39
Recent round times: R1: 44.1s -> R2: 40.1s -> R3: 41.8s -> R4: 44.0s -> R5: 40.1s

  0%|          | 0/79 [00:00<?, ?it/s]
  1%|▏         | 1/79 [00:00<00:09,  8.64it/s]
  4%|▍         | 3/79 [00:00<00:05, 13.99it/s]
  6%|▋         | 5/79 [00:00<00:05, 14.69it/s]
  9%|▉         | 7/79 [00:00<00:04, 14.96it/s]
 11%|█▏        | 9/79 [00:00<00:04, 15.17it/s]
 14%|█▍        | 11/79 [00:00<00:04, 15.22it/s]
 19%|█▉        | 15/79 [00:00<00:03, 21.01it/s]
 23%|██▎       | 18/79 [00:00<00:02, 22.80it/s]
 27%|██▋       | 21/79 [00:01<00:02, 22.50it/s]
 30%|███       | 24/79 [00:01<00:02, 22.11it/s]
 37%|███▋      | 29/79 [00:01<00:01, 27.51it/s]
 42%|████▏     | 33/79 [00:01<00:01, 27.93it/s]
 46%|████▌     | 36/79 [00:01<00:01, 26.46it/s]
 49%|████▉     | 39/79 [00:01<00:02, 19.57it/s]
 53%|█████▎    | 42/79 [00:02<00:01, 20.48it/s]
 57%|█████▋    | 45/79 [00:02<00:01, 17.00it/s]
 59%|█████▉    | 47/79 [00:02<00:01, 16.35it/s]
 62%|██████▏   | 49/79 [00:02<00:02, 11.66it/s]
 70%|██████▉   | 55/79 [00:02<00:01, 17.84it/s]
 73%|███████▎  | 58/79 [00:03<00:01, 17.07it/s]
 77%|███████▋  | 61/79 [00:03<00:01, 16.58it/s]
 80%|███████▉  | 63/79 [00:03<00:00, 16.48it/s]
 82%|████████▏ | 65/79 [00:03<00:00, 16.47it/s]
 86%|████████▌ | 68/79 [00:03<00:00, 19.16it/s]
 90%|████████▉ | 71/79 [00:03<00:00, 19.29it/s]
 94%|█████████▎| 74/79 [00:04<00:00, 17.82it/s]
 96%|█████████▌| 76/79 [00:04<00:00, 16.47it/s]
100%|██████████| 79/79 [00:04<00:00, 18.69it/s]

CommRound: 11/30
Accuracy: 82.95% | Loss: 0.6891
[######################--------------------------------------] 36.7%
Elapsed: 7.9m | Avg/Round: 43.2s | Last: 47.8s | Next: 43.2s | Remaining: 13.7m
ETA: 18:36:53
Recent round times: R1: 40.1s -> R2: 41.8s -> R3: 44.0s -> R4: 40.1s -> R5: 47.8s

  0%|          | 0/79 [00:00<?, ?it/s]
  1%|▏         | 1/79 [00:00<00:13,  5.79it/s]
  4%|▍         | 3/79 [00:00<00:06, 11.87it/s]
  6%|▋         | 5/79 [00:00<00:05, 14.23it/s]
  9%|▉         | 7/79 [00:00<00:04, 15.12it/s]
 11%|█▏        | 9/79 [00:00<00:04, 15.85it/s]
 14%|█▍        | 11/79 [00:00<00:04, 16.21it/s]
 16%|█▋        | 13/79 [00:00<00:03, 16.59it/s]
 19%|█▉        | 15/79 [00:00<00:03, 16.67it/s]
 24%|██▍       | 19/79 [00:01<00:02, 20.91it/s]
 29%|██▉       | 23/79 [00:01<00:02, 25.04it/s]
 34%|███▍      | 27/79 [00:01<00:01, 27.93it/s]
 39%|███▉      | 31/79 [00:01<00:01, 30.19it/s]
 44%|████▍     | 35/79 [00:01<00:01, 27.38it/s]
 49%|████▉     | 39/79 [00:01<00:01, 29.50it/s]
 54%|█████▍    | 43/79 [00:01<00:01, 30.37it/s]
 59%|█████▉    | 47/79 [00:01<00:00, 32.23it/s]
 65%|██████▍   | 51/79 [00:02<00:00, 32.67it/s]
 70%|██████▉   | 55/79 [00:02<00:00, 33.02it/s]
 75%|███████▍  | 59/79 [00:02<00:00, 33.21it/s]
 80%|███████▉  | 63/79 [00:02<00:00, 33.77it/s]
 85%|████████▍ | 67/79 [00:02<00:00, 29.79it/s]
 90%|████████▉ | 71/79 [00:02<00:00, 25.30it/s]
 94%|█████████▎| 74/79 [00:03<00:00, 22.15it/s]
 97%|█████████▋| 77/79 [00:03<00:00, 23.19it/s]
100%|██████████| 79/79 [00:03<00:00, 24.66it/s]

CommRound: 12/30
Accuracy: 85.42% | Loss: 0.6547
[########################------------------------------------] 40.0%
Elapsed: 8.6m | Avg/Round: 42.9s | Last: 38.6s | Next: 42.9s | Remaining: 12.9m
ETA: 18:36:41
Recent round times: R1: 41.8s -> R2: 44.0s -> R3: 40.1s -> R4: 47.8s -> R5: 38.6s

  0%|          | 0/79 [00:00<?, ?it/s]
  1%|▏         | 1/79 [00:00<00:09,  8.27it/s]
  6%|▋         | 5/79 [00:00<00:03, 21.34it/s]
 11%|█▏        | 9/79 [00:00<00:02, 25.93it/s]
 16%|█▋        | 13/79 [00:00<00:02, 28.59it/s]
 22%|██▏       | 17/79 [00:00<00:02, 30.21it/s]
 27%|██▋       | 21/79 [00:00<00:01, 31.57it/s]
 32%|███▏      | 25/79 [00:00<00:01, 32.89it/s]
 37%|███▋      | 29/79 [00:00<00:01, 33.69it/s]
 42%|████▏     | 33/79 [00:01<00:01, 33.97it/s]
 47%|████▋     | 37/79 [00:01<00:01, 34.55it/s]
 52%|█████▏    | 41/79 [00:01<00:01, 35.15it/s]
 57%|█████▋    | 45/79 [00:01<00:00, 35.61it/s]
 62%|██████▏   | 49/79 [00:01<00:00, 35.84it/s]
 67%|██████▋   | 53/79 [00:01<00:00, 35.84it/s]
 72%|███████▏  | 57/79 [00:01<00:00, 35.97it/s]
 77%|███████▋  | 61/79 [00:01<00:00, 35.70it/s]
 82%|████████▏ | 65/79 [00:01<00:00, 35.63it/s]
 87%|████████▋ | 69/79 [00:02<00:00, 35.14it/s]
 92%|█████████▏| 73/79 [00:02<00:00, 34.10it/s]
 97%|█████████▋| 77/79 [00:02<00:00, 33.57it/s]
100%|██████████| 79/79 [00:02<00:00, 33.14it/s]

CommRound: 13/30
Accuracy: 85.47% | Loss: 0.6143
[##########################----------------------------------] 43.3%
Elapsed: 9.3m | Avg/Round: 42.7s | Last: 41.5s | Next: 42.7s | Remaining: 12.1m
ETA: 18:36:38
Recent round times: R1: 44.0s -> R2: 40.1s -> R3: 47.8s -> R4: 38.6s -> R5: 41.5s

  0%|          | 0/79 [00:00<?, ?it/s]
  1%|▏         | 1/79 [00:00<00:09,  8.31it/s]
  6%|▋         | 5/79 [00:00<00:03, 23.17it/s]
 11%|█▏        | 9/79 [00:00<00:02, 26.39it/s]
 16%|█▋        | 13/79 [00:00<00:02, 29.64it/s]
 22%|██▏       | 17/79 [00:00<00:01, 31.60it/s]
 27%|██▋       | 21/79 [00:00<00:01, 32.69it/s]
 32%|███▏      | 25/79 [00:00<00:01, 32.54it/s]
 37%|███▋      | 29/79 [00:00<00:01, 32.76it/s]
 42%|████▏     | 33/79 [00:01<00:01, 33.15it/s]
 47%|████▋     | 37/79 [00:01<00:01, 33.36it/s]
 52%|█████▏    | 41/79 [00:01<00:01, 33.36it/s]
 57%|█████▋    | 45/79 [00:01<00:01, 33.47it/s]
 62%|██████▏   | 49/79 [00:01<00:00, 33.08it/s]
 67%|██████▋   | 53/79 [00:01<00:00, 32.96it/s]
 72%|███████▏  | 57/79 [00:01<00:00, 33.08it/s]
 77%|███████▋  | 61/79 [00:01<00:00, 33.36it/s]
 82%|████████▏ | 65/79 [00:02<00:00, 31.43it/s]
 87%|████████▋ | 69/79 [00:02<00:00, 31.86it/s]
 92%|█████████▏| 73/79 [00:02<00:00, 32.47it/s]
 97%|█████████▋| 77/79 [00:02<00:00, 33.15it/s]
100%|██████████| 79/79 [00:02<00:00, 32.34it/s]

CommRound: 14/30
Accuracy: 88.70% | Loss: 0.4923
[############################--------------------------------] 46.7%
Elapsed: 10.0m | Avg/Round: 43.0s | Last: 45.9s | Next: 43.0s | Remaining: 11.5m
ETA: 18:36:45
Recent round times: R1: 40.1s -> R2: 47.8s -> R3: 38.6s -> R4: 41.5s -> R5: 45.9s

  0%|          | 0/79 [00:00<?, ?it/s]
  1%|▏         | 1/79 [00:00<00:11,  6.58it/s]
  6%|▋         | 5/79 [00:00<00:03, 18.73it/s]
 11%|█▏        | 9/79 [00:00<00:03, 21.76it/s]
 15%|█▌        | 12/79 [00:00<00:04, 14.51it/s]
 19%|█▉        | 15/79 [00:01<00:04, 14.13it/s]
 25%|██▌       | 20/79 [00:01<00:02, 20.88it/s]
 29%|██▉       | 23/79 [00:01<00:03, 17.25it/s]
 35%|███▌      | 28/79 [00:01<00:02, 22.01it/s]
 39%|███▉      | 31/79 [00:01<00:02, 19.97it/s]
 43%|████▎     | 34/79 [00:01<00:02, 18.93it/s]
 47%|████▋     | 37/79 [00:02<00:02, 16.96it/s]
 49%|████▉     | 39/79 [00:02<00:03, 13.00it/s]
 52%|█████▏    | 41/79 [00:02<00:03, 10.70it/s]
 54%|█████▍    | 43/79 [00:02<00:03, 11.93it/s]
 62%|██████▏   | 49/79 [00:02<00:01, 18.08it/s]
 66%|██████▌   | 52/79 [00:03<00:01, 19.36it/s]
 70%|██████▉   | 55/79 [00:03<00:01, 15.31it/s]
 72%|███████▏  | 57/79 [00:03<00:01, 12.21it/s]
 75%|███████▍  | 59/79 [00:03<00:01, 12.96it/s]
 80%|███████▉  | 63/79 [00:04<00:01, 14.89it/s]
 82%|████████▏ | 65/79 [00:04<00:01, 11.94it/s]
 85%|████████▍ | 67/79 [00:04<00:01, 10.14it/s]
 87%|████████▋ | 69/79 [00:04<00:01,  9.97it/s]
 92%|█████████▏| 73/79 [00:04<00:00, 12.62it/s]
 99%|█████████▊| 78/79 [00:05<00:00, 18.52it/s]
100%|██████████| 79/79 [00:05<00:00, 15.46it/s]

CommRound: 15/30
Accuracy: 87.29% | Loss: 0.5825
[##############################------------------------------] 50.0%
Elapsed: 10.8m | Avg/Round: 43.4s | Last: 49.1s | Next: 43.4s | Remaining: 10.8m
ETA: 18:36:57
Recent round times: R1: 47.8s -> R2: 38.6s -> R3: 41.5s -> R4: 45.9s -> R5: 49.1s

  0%|          | 0/79 [00:00<?, ?it/s]
  1%|▏         | 1/79 [00:00<00:11,  6.87it/s]
  6%|▋         | 5/79 [00:00<00:03, 21.73it/s]
 10%|█         | 8/79 [00:00<00:05, 13.81it/s]
 13%|█▎        | 10/79 [00:00<00:04, 15.15it/s]
 19%|█▉        | 15/79 [00:00<00:02, 23.40it/s]
 23%|██▎       | 18/79 [00:00<00:02, 24.21it/s]
 27%|██▋       | 21/79 [00:01<00:02, 22.68it/s]
 30%|███       | 24/79 [00:01<00:02, 23.33it/s]
 34%|███▍      | 27/79 [00:01<00:02, 24.93it/s]
 38%|███▊      | 30/79 [00:01<00:02, 17.18it/s]
 44%|████▍     | 35/79 [00:01<00:01, 22.85it/s]
 48%|████▊     | 38/79 [00:02<00:02, 15.94it/s]
 56%|█████▌    | 44/79 [00:02<00:01, 22.38it/s]
 59%|█████▉    | 47/79 [00:02<00:01, 18.26it/s]
 63%|██████▎   | 50/79 [00:02<00:01, 18.58it/s]
 70%|██████▉   | 55/79 [00:02<00:00, 24.15it/s]
 75%|███████▍  | 59/79 [00:02<00:00, 25.57it/s]
 80%|███████▉  | 63/79 [00:02<00:00, 26.15it/s]
 84%|████████▎ | 66/79 [00:03<00:00, 22.85it/s]
 87%|████████▋ | 69/79 [00:03<00:00, 23.90it/s]
 91%|█████████ | 72/79 [00:03<00:00, 17.08it/s]
 97%|█████████▋| 77/79 [00:03<00:00, 17.71it/s]
100%|██████████| 79/79 [00:04<00:00, 19.11it/s]

CommRound: 16/30
Accuracy: 86.19% | Loss: 0.6528
[################################----------------------------] 53.3%
Elapsed: 11.5m | Avg/Round: 43.0s | Last: 37.5s | Next: 43.0s | Remaining: 10.0m
ETA: 18:36:46
Recent round times: R1: 38.6s -> R2: 41.5s -> R3: 45.9s -> R4: 49.1s -> R5: 37.5s

  0%|          | 0/79 [00:00<?, ?it/s]
  1%|▏         | 1/79 [00:00<00:16,  4.86it/s]
  6%|▋         | 5/79 [00:00<00:04, 17.95it/s]
 10%|█         | 8/79 [00:00<00:05, 13.47it/s]
 16%|█▋        | 13/79 [00:00<00:03, 20.91it/s]
 20%|██        | 16/79 [00:00<00:02, 22.33it/s]
 24%|██▍       | 19/79 [00:00<00:02, 21.66it/s]
 29%|██▉       | 23/79 [00:01<00:02, 21.77it/s]
 33%|███▎      | 26/79 [00:01<00:02, 23.39it/s]
 37%|███▋      | 29/79 [00:01<00:02, 20.10it/s]
 41%|████      | 32/79 [00:01<00:02, 21.87it/s]
 44%|████▍     | 35/79 [00:01<00:02, 19.27it/s]
 49%|████▉     | 39/79 [00:01<00:02, 19.74it/s]
 53%|█████▎    | 42/79 [00:02<00:01, 21.70it/s]
 57%|█████▋    | 45/79 [00:02<00:01, 20.09it/s]
 61%|██████    | 48/79 [00:02<00:01, 21.03it/s]
 65%|██████▍   | 51/79 [00:02<00:01, 20.58it/s]
 68%|██████▊   | 54/79 [00:02<00:01, 20.44it/s]
 72%|███████▏  | 57/79 [00:02<00:01, 19.92it/s]
 76%|███████▌  | 60/79 [00:02<00:00, 20.12it/s]
 80%|███████▉  | 63/79 [00:03<00:00, 19.82it/s]
 84%|████████▎ | 66/79 [00:03<00:00, 20.49it/s]
 87%|████████▋ | 69/79 [00:03<00:00, 20.33it/s]
 91%|█████████ | 72/79 [00:03<00:00, 19.81it/s]
 94%|█████████▎| 74/79 [00:03<00:00, 19.65it/s]
 96%|█████████▌| 76/79 [00:03<00:00, 18.56it/s]
100%|██████████| 79/79 [00:03<00:00, 20.25it/s]

CommRound: 17/30
Accuracy: 86.59% | Loss: 0.6399
[##################################--------------------------] 56.7%
Elapsed: 12.3m | Avg/Round: 43.4s | Last: 49.2s | Next: 43.4s | Remaining: 9.4m
ETA: 18:36:57
Recent round times: R1: 41.5s -> R2: 45.9s -> R3: 49.1s -> R4: 37.5s -> R5: 49.2s

  0%|          | 0/79 [00:00<?, ?it/s]
  1%|▏         | 1/79 [00:00<00:12,  6.28it/s]
  5%|▌         | 4/79 [00:00<00:04, 17.22it/s]
  8%|▊         | 6/79 [00:00<00:04, 17.54it/s]
 13%|█▎        | 10/79 [00:00<00:03, 21.08it/s]
 16%|█▋        | 13/79 [00:00<00:02, 22.17it/s]
 20%|██        | 16/79 [00:01<00:04, 13.87it/s]
 28%|██▊       | 22/79 [00:01<00:02, 20.24it/s]
 32%|███▏      | 25/79 [00:01<00:02, 22.09it/s]
 35%|███▌      | 28/79 [00:01<00:02, 19.11it/s]
 39%|███▉      | 31/79 [00:01<00:02, 20.89it/s]
 43%|████▎     | 34/79 [00:01<00:02, 18.43it/s]
 47%|████▋     | 37/79 [00:02<00:02, 17.79it/s]
 51%|█████     | 40/79 [00:02<00:02, 19.13it/s]
 54%|█████▍    | 43/79 [00:02<00:01, 19.22it/s]
 59%|█████▉    | 47/79 [00:02<00:01, 23.20it/s]
 63%|██████▎   | 50/79 [00:02<00:01, 22.04it/s]
 67%|██████▋   | 53/79 [00:02<00:01, 18.48it/s]
 72%|███████▏  | 57/79 [00:02<00:00, 22.73it/s]
 76%|███████▌  | 60/79 [00:02<00:00, 24.11it/s]
 80%|███████▉  | 63/79 [00:03<00:00, 20.81it/s]
 84%|████████▎ | 66/79 [00:03<00:00, 21.01it/s]
 87%|████████▋ | 69/79 [00:03<00:00, 13.01it/s]
 90%|████████▉ | 71/79 [00:04<00:00, 10.94it/s]
 92%|█████████▏| 73/79 [00:04<00:00,  9.65it/s]
 95%|█████████▍| 75/79 [00:04<00:00,  8.79it/s]
 97%|█████████▋| 77/79 [00:04<00:00,  8.14it/s]
100%|██████████| 79/79 [00:05<00:00, 15.68it/s]

CommRound: 18/30
Accuracy: 87.31% | Loss: 0.6095
[####################################------------------------] 60.0%
Elapsed: 13.1m | Avg/Round: 43.7s | Last: 49.2s | Next: 43.7s | Remaining: 8.7m
ETA: 18:37:07
Recent round times: R1: 45.9s -> R2: 49.1s -> R3: 37.5s -> R4: 49.2s -> R5: 49.2s

  0%|          | 0/79 [00:00<?, ?it/s]
  1%|▏         | 1/79 [00:00<00:17,  4.41it/s]
  4%|▍         | 3/79 [00:00<00:07, 10.04it/s]
 10%|█         | 8/79 [00:00<00:04, 15.78it/s]
 16%|█▋        | 13/79 [00:00<00:02, 22.91it/s]
 20%|██        | 16/79 [00:00<00:03, 20.08it/s]
 24%|██▍       | 19/79 [00:01<00:03, 18.97it/s]
 28%|██▊       | 22/79 [00:01<00:03, 16.47it/s]
 30%|███       | 24/79 [00:01<00:03, 16.36it/s]
 33%|███▎      | 26/79 [00:01<00:03, 13.42it/s]
 35%|███▌      | 28/79 [00:01<00:03, 13.82it/s]
 38%|███▊      | 30/79 [00:01<00:03, 13.75it/s]
 42%|████▏     | 33/79 [00:02<00:03, 15.10it/s]
 46%|████▌     | 36/79 [00:02<00:02, 17.62it/s]
 48%|████▊     | 38/79 [00:02<00:02, 16.06it/s]
 51%|█████     | 40/79 [00:02<00:02, 14.40it/s]
 53%|█████▎    | 42/79 [00:02<00:02, 15.45it/s]
 57%|█████▋    | 45/79 [00:02<00:01, 17.92it/s]
 61%|██████    | 48/79 [00:02<00:01, 20.20it/s]
 65%|██████▍   | 51/79 [00:03<00:01, 20.05it/s]
 68%|██████▊   | 54/79 [00:03<00:01, 20.71it/s]
 72%|███████▏  | 57/79 [00:03<00:01, 15.88it/s]
 75%|███████▍  | 59/79 [00:03<00:01, 14.56it/s]
 81%|████████  | 64/79 [00:03<00:00, 20.05it/s]
 85%|████████▍ | 67/79 [00:04<00:00, 15.15it/s]
 90%|████████▉ | 71/79 [00:04<00:00, 16.66it/s]
 92%|█████████▏| 73/79 [00:04<00:00, 13.65it/s]
 96%|█████████▌| 76/79 [00:04<00:00, 14.79it/s]
 99%|█████████▊| 78/79 [00:05<00:00, 11.15it/s]
100%|██████████| 79/79 [00:05<00:00, 15.50it/s]

CommRound: 19/30
Accuracy: 87.63% | Loss: 0.6082
[######################################----------------------] 63.3%
Elapsed: 13.9m | Avg/Round: 43.9s | Last: 47.6s | Next: 43.9s | Remaining: 8.0m
ETA: 18:37:13
Recent round times: R1: 49.1s -> R2: 37.5s -> R3: 49.2s -> R4: 49.2s -> R5: 47.6s
EARLY_STOP: round=19; best_acc=88.70; current_acc=87.63; threshold=90.00; patience=5; reason=converged_below_target
Total time for experiment: 834.1623265743256 seconds
Device average training time per communication round [s]:
    rpi (sld-rpi-09.ece.utexas.edu): 4.66 seconds
    mc1 (sld-mc1-09.ece.utexas.edu): 39.48 seconds
