
  0%|          | 0/79 [00:00<?, ?it/s]
  4%|▍         | 3/79 [00:00<00:03, 22.80it/s]
 10%|█         | 8/79 [00:00<00:01, 36.41it/s]
 16%|█▋        | 13/79 [00:00<00:01, 36.13it/s]
 23%|██▎       | 18/79 [00:00<00:01, 40.43it/s]
 29%|██▉       | 23/79 [00:00<00:01, 39.51it/s]
 35%|███▌      | 28/79 [00:00<00:01, 42.00it/s]
 42%|████▏     | 33/79 [00:00<00:01, 39.84it/s]
 48%|████▊     | 38/79 [00:00<00:00, 42.45it/s]
 54%|█████▍    | 43/79 [00:01<00:00, 39.69it/s]
 61%|██████    | 48/79 [00:01<00:00, 41.68it/s]
 67%|██████▋   | 53/79 [00:01<00:00, 39.79it/s]
 73%|███████▎  | 58/79 [00:01<00:00, 41.92it/s]
 80%|███████▉  | 63/79 [00:01<00:00, 40.01it/s]
 86%|████████▌ | 68/79 [00:01<00:00, 42.30it/s]
 92%|█████████▏| 73/79 [00:01<00:00, 40.14it/s]
100%|██████████| 79/79 [00:01<00:00, 44.90it/s]
100%|██████████| 79/79 [00:01<00:00, 40.69it/s]
Initial Accuracy: 9.83%; Initial Loss: 2.3113

  0%|          | 0/79 [00:00<?, ?it/s]
  3%|▎         | 2/79 [00:00<00:04, 19.08it/s]
  9%|▉         | 7/79 [00:00<00:02, 32.99it/s]
 15%|█▌        | 12/79 [00:00<00:01, 37.42it/s]
 20%|██        | 16/79 [00:00<00:01, 38.35it/s]
 27%|██▋       | 21/79 [00:00<00:01, 40.65it/s]
 33%|███▎      | 26/79 [00:00<00:01, 40.60it/s]
 39%|███▉      | 31/79 [00:00<00:01, 41.83it/s]
 46%|████▌     | 36/79 [00:00<00:01, 40.62it/s]
 52%|█████▏    | 41/79 [00:01<00:00, 42.80it/s]
 58%|█████▊    | 46/79 [00:01<00:00, 40.33it/s]
 66%|██████▌   | 52/79 [00:01<00:00, 40.93it/s]
 72%|███████▏  | 57/79 [00:01<00:00, 41.26it/s]
 78%|███████▊  | 62/79 [00:01<00:00, 40.65it/s]
 85%|████████▍ | 67/79 [00:01<00:00, 40.13it/s]
 91%|█████████ | 72/79 [00:01<00:00, 38.83it/s]
 99%|█████████▊| 78/79 [00:01<00:00, 40.48it/s]
100%|██████████| 79/79 [00:01<00:00, 39.98it/s]

CommRound: 1/30
Accuracy: 16.62% | Loss: 2.6647
[##----------------------------------------------------------] 3.3%
Elapsed: 0.2m | Avg/Round: 12.6s | Last: 10.7s | Next: 12.6s | Remaining: 6.1m
ETA: 19:09:27
Recent round times: R1: 10.7s

  0%|          | 0/79 [00:00<?, ?it/s]
  1%|▏         | 1/79 [00:00<00:12,  6.40it/s]
 10%|█         | 8/79 [00:00<00:01, 35.94it/s]
 16%|█▋        | 13/79 [00:00<00:01, 37.10it/s]
 23%|██▎       | 18/79 [00:00<00:01, 41.46it/s]
 29%|██▉       | 23/79 [00:00<00:01, 40.11it/s]
 37%|███▋      | 29/79 [00:00<00:01, 41.13it/s]
 44%|████▍     | 35/79 [00:00<00:01, 41.78it/s]
 52%|█████▏    | 41/79 [00:01<00:00, 41.79it/s]
 59%|█████▉    | 47/79 [00:01<00:00, 42.23it/s]
 67%|██████▋   | 53/79 [00:01<00:00, 42.58it/s]
 75%|███████▍  | 59/79 [00:01<00:00, 42.57it/s]
 82%|████████▏ | 65/79 [00:01<00:00, 42.79it/s]
 90%|████████▉ | 71/79 [00:01<00:00, 42.98it/s]
 97%|█████████▋| 77/79 [00:01<00:00, 43.21it/s]
100%|██████████| 79/79 [00:01<00:00, 41.66it/s]

CommRound: 2/30
Accuracy: 19.77% | Loss: 2.8654
[####--------------------------------------------------------] 6.7%
Elapsed: 0.4m | Avg/Round: 11.6s | Last: 10.6s | Next: 11.6s | Remaining: 5.4m
ETA: 19:08:57
Recent round times: R1: 10.7s -> R2: 10.6s

  0%|          | 0/79 [00:00<?, ?it/s]
  1%|▏         | 1/79 [00:00<00:08,  9.32it/s]
  9%|▉         | 7/79 [00:00<00:02, 34.92it/s]
 15%|█▌        | 12/79 [00:00<00:01, 38.43it/s]
 20%|██        | 16/79 [00:00<00:01, 38.57it/s]
 27%|██▋       | 21/79 [00:00<00:01, 40.22it/s]
 33%|███▎      | 26/79 [00:00<00:01, 39.21it/s]
 38%|███▊      | 30/79 [00:00<00:01, 39.23it/s]
 43%|████▎     | 34/79 [00:00<00:01, 39.31it/s]
 49%|████▉     | 39/79 [00:01<00:00, 40.09it/s]
 56%|█████▌    | 44/79 [00:01<00:00, 39.33it/s]
 61%|██████    | 48/79 [00:01<00:00, 37.99it/s]
 66%|██████▌   | 52/79 [00:01<00:00, 37.84it/s]
 73%|███████▎  | 58/79 [00:01<00:00, 39.22it/s]
 78%|███████▊  | 62/79 [00:01<00:00, 39.40it/s]
 86%|████████▌ | 68/79 [00:01<00:00, 40.07it/s]
 92%|█████████▏| 73/79 [00:01<00:00, 42.35it/s]
 99%|█████████▊| 78/79 [00:01<00:00, 40.51it/s]
100%|██████████| 79/79 [00:02<00:00, 39.22it/s]

CommRound: 3/30
Accuracy: 19.77% | Loss: 2.5375
[######------------------------------------------------------] 10.0%
Elapsed: 0.6m | Avg/Round: 11.4s | Last: 10.8s | Next: 11.4s | Remaining: 5.1m
ETA: 19:08:49
Recent round times: R1: 10.7s -> R2: 10.6s -> R3: 10.8s

  0%|          | 0/79 [00:00<?, ?it/s]
  4%|▍         | 3/79 [00:00<00:03, 21.96it/s]
  9%|▉         | 7/79 [00:00<00:02, 29.46it/s]
 14%|█▍        | 11/79 [00:00<00:02, 32.31it/s]
 19%|█▉        | 15/79 [00:00<00:01, 33.46it/s]
 25%|██▌       | 20/79 [00:00<00:01, 38.52it/s]
 32%|███▏      | 25/79 [00:00<00:01, 37.25it/s]
 39%|███▉      | 31/79 [00:00<00:01, 38.91it/s]
 47%|████▋     | 37/79 [00:01<00:01, 40.05it/s]
 54%|█████▍    | 43/79 [00:01<00:00, 40.95it/s]
 62%|██████▏   | 49/79 [00:01<00:00, 41.57it/s]
 70%|██████▉   | 55/79 [00:01<00:00, 41.96it/s]
 77%|███████▋  | 61/79 [00:01<00:00, 42.29it/s]
 85%|████████▍ | 67/79 [00:01<00:00, 42.46it/s]
 92%|█████████▏| 73/79 [00:01<00:00, 42.67it/s]
100%|██████████| 79/79 [00:01<00:00, 40.42it/s]

CommRound: 4/30
Accuracy: 19.91% | Loss: 2.3167
[########----------------------------------------------------] 13.3%
Elapsed: 0.7m | Avg/Round: 11.2s | Last: 10.6s | Next: 11.2s | Remaining: 4.8m
ETA: 19:08:43
Recent round times: R1: 10.7s -> R2: 10.6s -> R3: 10.8s -> R4: 10.6s

  0%|          | 0/79 [00:00<?, ?it/s]
  3%|▎         | 2/79 [00:00<00:03, 19.61it/s]
  9%|▉         | 7/79 [00:00<00:02, 29.16it/s]
 14%|█▍        | 11/79 [00:00<00:02, 31.24it/s]
 19%|█▉        | 15/79 [00:00<00:01, 32.16it/s]
 24%|██▍       | 19/79 [00:00<00:01, 32.81it/s]
 29%|██▉       | 23/79 [00:00<00:01, 33.57it/s]
 34%|███▍      | 27/79 [00:00<00:01, 34.36it/s]
 39%|███▉      | 31/79 [00:00<00:01, 34.38it/s]
 44%|████▍     | 35/79 [00:01<00:01, 34.93it/s]
 49%|████▉     | 39/79 [00:01<00:01, 35.75it/s]
 54%|█████▍    | 43/79 [00:01<00:00, 36.24it/s]
 59%|█████▉    | 47/79 [00:01<00:00, 36.65it/s]
 65%|██████▍   | 51/79 [00:01<00:00, 36.62it/s]
 70%|██████▉   | 55/79 [00:01<00:00, 36.82it/s]
 75%|███████▍  | 59/79 [00:01<00:00, 36.63it/s]
 80%|███████▉  | 63/79 [00:01<00:00, 36.59it/s]
 85%|████████▍ | 67/79 [00:01<00:00, 35.11it/s]
 90%|████████▉ | 71/79 [00:02<00:00, 34.71it/s]
 95%|█████████▍| 75/79 [00:02<00:00, 34.82it/s]
100%|██████████| 79/79 [00:02<00:00, 35.15it/s]

CommRound: 5/30
Accuracy: 20.74% | Loss: 2.1622
[##########--------------------------------------------------] 16.7%
Elapsed: 0.9m | Avg/Round: 11.1s | Last: 11.0s | Next: 11.1s | Remaining: 4.6m
ETA: 19:08:42
Recent round times: R1: 10.7s -> R2: 10.6s -> R3: 10.8s -> R4: 10.6s -> R5: 11.0s

  0%|          | 0/79 [00:00<?, ?it/s]
  3%|▎         | 2/79 [00:00<00:03, 19.35it/s]
  9%|▉         | 7/79 [00:00<00:02, 31.55it/s]
 15%|█▌        | 12/79 [00:00<00:01, 38.91it/s]
 22%|██▏       | 17/79 [00:00<00:01, 37.33it/s]
 29%|██▉       | 23/79 [00:00<00:01, 39.26it/s]
 37%|███▋      | 29/79 [00:00<00:01, 40.30it/s]
 44%|████▍     | 35/79 [00:00<00:01, 40.99it/s]
 52%|█████▏    | 41/79 [00:01<00:00, 41.46it/s]
 59%|█████▉    | 47/79 [00:01<00:00, 41.25it/s]
 66%|██████▌   | 52/79 [00:01<00:00, 43.24it/s]
 72%|███████▏  | 57/79 [00:01<00:00, 40.47it/s]
 78%|███████▊  | 62/79 [00:01<00:00, 40.28it/s]
 85%|████████▍ | 67/79 [00:01<00:00, 37.94it/s]
 92%|█████████▏| 73/79 [00:01<00:00, 39.07it/s]
100%|██████████| 79/79 [00:01<00:00, 43.68it/s]
100%|██████████| 79/79 [00:01<00:00, 40.00it/s]

CommRound: 6/30
Accuracy: 24.46% | Loss: 2.0157
[############------------------------------------------------] 20.0%
Elapsed: 1.1m | Avg/Round: 11.0s | Last: 10.5s | Next: 11.0s | Remaining: 4.4m
ETA: 19:08:39
Recent round times: R1: 10.6s -> R2: 10.8s -> R3: 10.6s -> R4: 11.0s -> R5: 10.5s

  0%|          | 0/79 [00:00<?, ?it/s]
  3%|▎         | 2/79 [00:00<00:03, 19.62it/s]
  9%|▉         | 7/79 [00:00<00:02, 33.09it/s]
 15%|█▌        | 12/79 [00:00<00:01, 37.71it/s]
 20%|██        | 16/79 [00:00<00:01, 38.27it/s]
 27%|██▋       | 21/79 [00:00<00:01, 39.35it/s]
 33%|███▎      | 26/79 [00:00<00:01, 39.59it/s]
 39%|███▉      | 31/79 [00:00<00:01, 39.68it/s]
 46%|████▌     | 36/79 [00:00<00:01, 39.59it/s]
 51%|█████     | 40/79 [00:01<00:00, 39.65it/s]
 57%|█████▋    | 45/79 [00:01<00:00, 40.27it/s]
 63%|██████▎   | 50/79 [00:01<00:00, 39.94it/s]
 68%|██████▊   | 54/79 [00:01<00:00, 39.55it/s]
 73%|███████▎  | 58/79 [00:01<00:00, 39.55it/s]
 80%|███████▉  | 63/79 [00:01<00:00, 40.66it/s]
 86%|████████▌ | 68/79 [00:01<00:00, 39.85it/s]
 92%|█████████▏| 73/79 [00:01<00:00, 40.86it/s]
 99%|█████████▊| 78/79 [00:02<00:00, 38.25it/s]
100%|██████████| 79/79 [00:02<00:00, 39.10it/s]

CommRound: 7/30
Accuracy: 28.99% | Loss: 1.9949
[##############----------------------------------------------] 23.3%
Elapsed: 1.3m | Avg/Round: 11.0s | Last: 10.9s | Next: 11.0s | Remaining: 4.2m
ETA: 19:08:38
Recent round times: R1: 10.8s -> R2: 10.6s -> R3: 11.0s -> R4: 10.5s -> R5: 10.9s

  0%|          | 0/79 [00:00<?, ?it/s]
  3%|▎         | 2/79 [00:00<00:04, 18.34it/s]
  8%|▊         | 6/79 [00:00<00:02, 29.20it/s]
 13%|█▎        | 10/79 [00:00<00:02, 31.52it/s]
 19%|█▉        | 15/79 [00:00<00:01, 37.24it/s]
 24%|██▍       | 19/79 [00:00<00:01, 37.93it/s]
 29%|██▉       | 23/79 [00:00<00:01, 38.56it/s]
 34%|███▍      | 27/79 [00:00<00:01, 38.63it/s]
 39%|███▉      | 31/79 [00:00<00:01, 38.78it/s]
 44%|████▍     | 35/79 [00:00<00:01, 39.04it/s]
 49%|████▉     | 39/79 [00:01<00:01, 39.18it/s]
 54%|█████▍    | 43/79 [00:01<00:00, 38.41it/s]
 59%|█████▉    | 47/79 [00:01<00:00, 37.31it/s]
 65%|██████▍   | 51/79 [00:01<00:00, 36.41it/s]
 70%|██████▉   | 55/79 [00:01<00:00, 36.09it/s]
 75%|███████▍  | 59/79 [00:01<00:00, 35.69it/s]
 80%|███████▉  | 63/79 [00:01<00:00, 35.56it/s]
 85%|████████▍ | 67/79 [00:01<00:00, 35.61it/s]
 90%|████████▉ | 71/79 [00:01<00:00, 35.42it/s]
 95%|█████████▍| 75/79 [00:02<00:00, 34.80it/s]
100%|██████████| 79/79 [00:02<00:00, 36.58it/s]

CommRound: 8/30
Accuracy: 34.22% | Loss: 1.9279
[################--------------------------------------------] 26.7%
Elapsed: 1.5m | Avg/Round: 11.0s | Last: 11.0s | Next: 11.0s | Remaining: 4.0m
ETA: 19:08:38
Recent round times: R1: 10.6s -> R2: 11.0s -> R3: 10.5s -> R4: 10.9s -> R5: 11.0s

  0%|          | 0/79 [00:00<?, ?it/s]
  3%|▎         | 2/79 [00:00<00:04, 18.69it/s]
  9%|▉         | 7/79 [00:00<00:02, 29.05it/s]
 14%|█▍        | 11/79 [00:00<00:02, 31.77it/s]
 19%|█▉        | 15/79 [00:00<00:01, 32.99it/s]
 24%|██▍       | 19/79 [00:00<00:01, 33.60it/s]
 29%|██▉       | 23/79 [00:00<00:01, 34.08it/s]
 34%|███▍      | 27/79 [00:00<00:01, 34.70it/s]
 39%|███▉      | 31/79 [00:00<00:01, 34.47it/s]
 44%|████▍     | 35/79 [00:01<00:01, 34.93it/s]
 49%|████▉     | 39/79 [00:01<00:01, 35.49it/s]
 54%|█████▍    | 43/79 [00:01<00:01, 35.75it/s]
 59%|█████▉    | 47/79 [00:01<00:00, 36.10it/s]
 65%|██████▍   | 51/79 [00:01<00:00, 35.78it/s]
 70%|██████▉   | 55/79 [00:01<00:00, 35.86it/s]
 75%|███████▍  | 59/79 [00:01<00:00, 35.86it/s]
 80%|███████▉  | 63/79 [00:01<00:00, 35.15it/s]
 85%|████████▍ | 67/79 [00:01<00:00, 34.85it/s]
 90%|████████▉ | 71/79 [00:02<00:00, 34.32it/s]
 95%|█████████▍| 75/79 [00:02<00:00, 34.57it/s]
100%|██████████| 79/79 [00:02<00:00, 34.93it/s]

CommRound: 9/30
Accuracy: 35.62% | Loss: 1.8573
[##################------------------------------------------] 30.0%
Elapsed: 1.7m | Avg/Round: 11.0s | Last: 11.0s | Next: 11.0s | Remaining: 3.9m
ETA: 19:08:38
Recent round times: R1: 11.0s -> R2: 10.5s -> R3: 10.9s -> R4: 11.0s -> R5: 11.0s

  0%|          | 0/79 [00:00<?, ?it/s]
  1%|▏         | 1/79 [00:00<00:08,  9.74it/s]
  8%|▊         | 6/79 [00:00<00:02, 30.67it/s]
 13%|█▎        | 10/79 [00:00<00:02, 32.49it/s]
 18%|█▊        | 14/79 [00:00<00:01, 33.47it/s]
 23%|██▎       | 18/79 [00:00<00:01, 34.28it/s]
 28%|██▊       | 22/79 [00:00<00:01, 34.64it/s]
 33%|███▎      | 26/79 [00:00<00:01, 35.11it/s]
 38%|███▊      | 30/79 [00:00<00:01, 35.46it/s]
 43%|████▎     | 34/79 [00:01<00:01, 35.59it/s]
 48%|████▊     | 38/79 [00:01<00:01, 35.62it/s]
 53%|█████▎    | 42/79 [00:01<00:01, 35.85it/s]
 58%|█████▊    | 46/79 [00:01<00:00, 35.96it/s]
 63%|██████▎   | 50/79 [00:01<00:00, 35.88it/s]
 68%|██████▊   | 54/79 [00:01<00:00, 35.85it/s]
 73%|███████▎  | 58/79 [00:01<00:00, 35.71it/s]
 78%|███████▊  | 62/79 [00:01<00:00, 35.53it/s]
 84%|████████▎ | 66/79 [00:01<00:00, 35.57it/s]
 89%|████████▊ | 70/79 [00:02<00:00, 35.41it/s]
 94%|█████████▎| 74/79 [00:02<00:00, 35.26it/s]
 99%|█████████▊| 78/79 [00:02<00:00, 35.53it/s]
100%|██████████| 79/79 [00:02<00:00, 34.92it/s]

CommRound: 10/30
Accuracy: 41.75% | Loss: 1.7486
[####################----------------------------------------] 33.3%
Elapsed: 1.8m | Avg/Round: 11.0s | Last: 11.1s | Next: 11.0s | Remaining: 3.7m
ETA: 19:08:38
Recent round times: R1: 10.5s -> R2: 10.9s -> R3: 11.0s -> R4: 11.0s -> R5: 11.1s

  0%|          | 0/79 [00:00<?, ?it/s]
  1%|▏         | 1/79 [00:00<00:08,  9.72it/s]
  9%|▉         | 7/79 [00:00<00:02, 32.00it/s]
 15%|█▌        | 12/79 [00:00<00:01, 39.08it/s]
 22%|██▏       | 17/79 [00:00<00:01, 37.25it/s]
 29%|██▉       | 23/79 [00:00<00:01, 38.88it/s]
 37%|███▋      | 29/79 [00:00<00:01, 39.91it/s]
 43%|████▎     | 34/79 [00:00<00:01, 42.47it/s]
 49%|████▉     | 39/79 [00:01<00:01, 37.74it/s]
 54%|█████▍    | 43/79 [00:01<00:00, 36.72it/s]
 59%|█████▉    | 47/79 [00:01<00:00, 36.23it/s]
 65%|██████▍   | 51/79 [00:01<00:00, 36.24it/s]
 70%|██████▉   | 55/79 [00:01<00:00, 36.13it/s]
 75%|███████▍  | 59/79 [00:01<00:00, 35.36it/s]
 80%|███████▉  | 63/79 [00:01<00:00, 34.97it/s]
 85%|████████▍ | 67/79 [00:01<00:00, 34.88it/s]
 90%|████████▉ | 71/79 [00:01<00:00, 35.23it/s]
 95%|█████████▍| 75/79 [00:02<00:00, 35.09it/s]
100%|██████████| 79/79 [00:02<00:00, 36.76it/s]

CommRound: 11/30
Accuracy: 46.71% | Loss: 1.6665
[######################--------------------------------------] 36.7%
Elapsed: 2.0m | Avg/Round: 11.0s | Last: 10.8s | Next: 11.0s | Remaining: 3.5m
ETA: 19:08:38
Recent round times: R1: 10.9s -> R2: 11.0s -> R3: 11.0s -> R4: 11.1s -> R5: 10.8s

  0%|          | 0/79 [00:00<?, ?it/s]
  1%|▏         | 1/79 [00:00<00:12,  6.14it/s]
  6%|▋         | 5/79 [00:00<00:03, 21.43it/s]
 11%|█▏        | 9/79 [00:00<00:02, 27.52it/s]
 16%|█▋        | 13/79 [00:00<00:02, 30.70it/s]
 22%|██▏       | 17/79 [00:00<00:01, 32.56it/s]
 27%|██▋       | 21/79 [00:00<00:01, 33.07it/s]
 32%|███▏      | 25/79 [00:00<00:01, 33.98it/s]
 37%|███▋      | 29/79 [00:00<00:01, 34.46it/s]
 42%|████▏     | 33/79 [00:01<00:01, 34.85it/s]
 47%|████▋     | 37/79 [00:01<00:01, 35.04it/s]
 52%|█████▏    | 41/79 [00:01<00:01, 35.28it/s]
 57%|█████▋    | 45/79 [00:01<00:00, 35.41it/s]
 62%|██████▏   | 49/79 [00:01<00:00, 35.41it/s]
 67%|██████▋   | 53/79 [00:01<00:00, 35.34it/s]
 72%|███████▏  | 57/79 [00:01<00:00, 35.38it/s]
 77%|███████▋  | 61/79 [00:01<00:00, 35.40it/s]
 82%|████████▏ | 65/79 [00:01<00:00, 35.53it/s]
 87%|████████▋ | 69/79 [00:02<00:00, 35.67it/s]
 92%|█████████▏| 73/79 [00:02<00:00, 35.57it/s]
 97%|█████████▋| 77/79 [00:02<00:00, 35.66it/s]
100%|██████████| 79/79 [00:02<00:00, 34.16it/s]

CommRound: 12/30
Accuracy: 49.22% | Loss: 1.6102
[########################------------------------------------] 40.0%
Elapsed: 2.2m | Avg/Round: 11.0s | Last: 11.2s | Next: 11.0s | Remaining: 3.3m
ETA: 19:08:38
Recent round times: R1: 11.0s -> R2: 11.0s -> R3: 11.1s -> R4: 10.8s -> R5: 11.2s

  0%|          | 0/79 [00:00<?, ?it/s]
  1%|▏         | 1/79 [00:00<00:07,  9.83it/s]
  9%|▉         | 7/79 [00:00<00:02, 30.24it/s]
 14%|█▍        | 11/79 [00:00<00:02, 31.75it/s]
 19%|█▉        | 15/79 [00:00<00:01, 32.64it/s]
 24%|██▍       | 19/79 [00:00<00:01, 33.32it/s]
 29%|██▉       | 23/79 [00:00<00:01, 33.46it/s]
 34%|███▍      | 27/79 [00:00<00:01, 33.76it/s]
 39%|███▉      | 31/79 [00:00<00:01, 33.24it/s]
 44%|████▍     | 35/79 [00:01<00:01, 33.70it/s]
 49%|████▉     | 39/79 [00:01<00:01, 34.25it/s]
 54%|█████▍    | 43/79 [00:01<00:01, 35.04it/s]
 59%|█████▉    | 47/79 [00:01<00:00, 35.52it/s]
 65%|██████▍   | 51/79 [00:01<00:00, 35.94it/s]
 70%|██████▉   | 55/79 [00:01<00:00, 36.27it/s]
 75%|███████▍  | 59/79 [00:01<00:00, 36.49it/s]
 80%|███████▉  | 63/79 [00:01<00:00, 36.72it/s]
 85%|████████▍ | 67/79 [00:01<00:00, 36.97it/s]
 90%|████████▉ | 71/79 [00:02<00:00, 36.57it/s]
 95%|█████████▍| 75/79 [00:02<00:00, 36.52it/s]
100%|██████████| 79/79 [00:02<00:00, 35.03it/s]

CommRound: 13/30
Accuracy: 50.92% | Loss: 1.5863
[##########################----------------------------------] 43.3%
Elapsed: 2.4m | Avg/Round: 11.0s | Last: 11.0s | Next: 11.0s | Remaining: 3.1m
ETA: 19:08:38
Recent round times: R1: 11.0s -> R2: 11.1s -> R3: 10.8s -> R4: 11.2s -> R5: 11.0s

  0%|          | 0/79 [00:00<?, ?it/s]
  4%|▍         | 3/79 [00:00<00:03, 22.66it/s]
 10%|█         | 8/79 [00:00<00:02, 31.13it/s]
 15%|█▌        | 12/79 [00:00<00:02, 32.59it/s]
 20%|██        | 16/79 [00:00<00:01, 33.30it/s]
 25%|██▌       | 20/79 [00:00<00:01, 34.09it/s]
 30%|███       | 24/79 [00:00<00:01, 34.68it/s]
 35%|███▌      | 28/79 [00:00<00:01, 35.05it/s]
 41%|████      | 32/79 [00:00<00:01, 35.36it/s]
 46%|████▌     | 36/79 [00:01<00:01, 35.69it/s]
 51%|█████     | 40/79 [00:01<00:01, 35.62it/s]
 56%|█████▌    | 44/79 [00:01<00:00, 35.80it/s]
 61%|██████    | 48/79 [00:01<00:00, 35.90it/s]
 66%|██████▌   | 52/79 [00:01<00:00, 35.83it/s]
 71%|███████   | 56/79 [00:01<00:00, 36.03it/s]
 76%|███████▌  | 60/79 [00:01<00:00, 36.19it/s]
 81%|████████  | 64/79 [00:01<00:00, 36.13it/s]
 86%|████████▌ | 68/79 [00:01<00:00, 36.12it/s]
 91%|█████████ | 72/79 [00:02<00:00, 37.08it/s]
 99%|█████████▊| 78/79 [00:02<00:00, 38.44it/s]
100%|██████████| 79/79 [00:02<00:00, 35.78it/s]

CommRound: 14/30
Accuracy: 54.21% | Loss: 1.5268
[############################--------------------------------] 46.7%
Elapsed: 2.6m | Avg/Round: 11.0s | Last: 11.1s | Next: 11.0s | Remaining: 2.9m
ETA: 19:08:38
Recent round times: R1: 11.1s -> R2: 10.8s -> R3: 11.2s -> R4: 11.0s -> R5: 11.1s

  0%|          | 0/79 [00:00<?, ?it/s]
  3%|▎         | 2/79 [00:00<00:03, 19.93it/s]
  9%|▉         | 7/79 [00:00<00:02, 31.47it/s]
 15%|█▌        | 12/79 [00:00<00:01, 37.91it/s]
 20%|██        | 16/79 [00:00<00:02, 23.73it/s]
 27%|██▋       | 21/79 [00:00<00:02, 27.67it/s]
 33%|███▎      | 26/79 [00:00<00:01, 32.77it/s]
 39%|███▉      | 31/79 [00:00<00:01, 33.99it/s]
 46%|████▌     | 36/79 [00:01<00:01, 36.81it/s]
 52%|█████▏    | 41/79 [00:01<00:01, 37.85it/s]
 58%|█████▊    | 46/79 [00:01<00:00, 38.73it/s]
 65%|██████▍   | 51/79 [00:01<00:00, 39.69it/s]
 71%|███████   | 56/79 [00:01<00:00, 39.46it/s]
 77%|███████▋  | 61/79 [00:01<00:00, 40.02it/s]
 84%|████████▎ | 66/79 [00:01<00:00, 41.04it/s]
 90%|████████▉ | 71/79 [00:01<00:00, 40.13it/s]
 96%|█████████▌| 76/79 [00:02<00:00, 42.51it/s]
100%|██████████| 79/79 [00:02<00:00, 37.04it/s]

CommRound: 15/30
Accuracy: 54.81% | Loss: 1.4877
[##############################------------------------------] 50.0%
Elapsed: 2.8m | Avg/Round: 11.0s | Last: 10.9s | Next: 11.0s | Remaining: 2.8m
ETA: 19:08:38
Recent round times: R1: 10.8s -> R2: 11.2s -> R3: 11.0s -> R4: 11.1s -> R5: 10.9s

  0%|          | 0/79 [00:00<?, ?it/s]
  1%|▏         | 1/79 [00:00<00:08,  9.71it/s]
  9%|▉         | 7/79 [00:00<00:02, 32.27it/s]
 14%|█▍        | 11/79 [00:00<00:02, 23.28it/s]
 20%|██        | 16/79 [00:00<00:02, 30.56it/s]
 25%|██▌       | 20/79 [00:00<00:01, 33.20it/s]
 30%|███       | 24/79 [00:00<00:01, 35.08it/s]
 35%|███▌      | 28/79 [00:00<00:01, 36.30it/s]
 41%|████      | 32/79 [00:00<00:01, 36.67it/s]
 46%|████▌     | 36/79 [00:01<00:01, 37.27it/s]
 52%|█████▏    | 41/79 [00:01<00:00, 40.73it/s]
 58%|█████▊    | 46/79 [00:01<00:00, 38.51it/s]
 63%|██████▎   | 50/79 [00:01<00:00, 38.65it/s]
 68%|██████▊   | 54/79 [00:01<00:00, 38.97it/s]
 73%|███████▎  | 58/79 [00:01<00:00, 39.05it/s]
 80%|███████▉  | 63/79 [00:01<00:00, 41.86it/s]
 86%|████████▌ | 68/79 [00:01<00:00, 38.96it/s]
 94%|█████████▎| 74/79 [00:02<00:00, 39.78it/s]
100%|██████████| 79/79 [00:02<00:00, 36.89it/s]

CommRound: 16/30
Accuracy: 55.36% | Loss: 1.4686
[################################----------------------------] 53.3%
Elapsed: 2.9m | Avg/Round: 11.0s | Last: 11.0s | Next: 11.0s | Remaining: 2.6m
ETA: 19:08:38
Recent round times: R1: 11.2s -> R2: 11.0s -> R3: 11.1s -> R4: 10.9s -> R5: 11.0s

  0%|          | 0/79 [00:00<?, ?it/s]
  3%|▎         | 2/79 [00:00<00:03, 19.40it/s]
  9%|▉         | 7/79 [00:00<00:03, 19.24it/s]
 14%|█▍        | 11/79 [00:00<00:02, 25.30it/s]
 19%|█▉        | 15/79 [00:00<00:02, 29.42it/s]
 25%|██▌       | 20/79 [00:00<00:01, 35.00it/s]
 30%|███       | 24/79 [00:00<00:01, 35.75it/s]
 35%|███▌      | 28/79 [00:00<00:01, 36.53it/s]
 42%|████▏     | 33/79 [00:01<00:01, 36.16it/s]
 49%|████▉     | 39/79 [00:01<00:01, 38.22it/s]
 57%|█████▋    | 45/79 [00:01<00:00, 39.68it/s]
 62%|██████▏   | 49/79 [00:01<00:00, 39.40it/s]
 68%|██████▊   | 54/79 [00:01<00:00, 41.90it/s]
 75%|███████▍  | 59/79 [00:01<00:00, 38.92it/s]
 81%|████████  | 64/79 [00:01<00:00, 41.39it/s]
 87%|████████▋ | 69/79 [00:01<00:00, 38.76it/s]
 94%|█████████▎| 74/79 [00:02<00:00, 41.40it/s]
100%|██████████| 79/79 [00:02<00:00, 43.29it/s]
100%|██████████| 79/79 [00:02<00:00, 36.90it/s]

CommRound: 17/30
Accuracy: 55.86% | Loss: 1.4123
[##################################--------------------------] 56.7%
Elapsed: 3.1m | Avg/Round: 11.0s | Last: 11.0s | Next: 11.0s | Remaining: 2.4m
ETA: 19:08:38
Recent round times: R1: 11.0s -> R2: 11.1s -> R3: 10.9s -> R4: 11.0s -> R5: 11.0s

  0%|          | 0/79 [00:00<?, ?it/s]
  1%|▏         | 1/79 [00:00<00:08,  9.34it/s]
  4%|▍         | 3/79 [00:00<00:08,  8.80it/s]
  9%|▉         | 7/79 [00:00<00:03, 18.52it/s]
 14%|█▍        | 11/79 [00:00<00:02, 24.92it/s]
 20%|██        | 16/79 [00:00<00:01, 32.44it/s]
 27%|██▋       | 21/79 [00:00<00:01, 33.40it/s]
 34%|███▍      | 27/79 [00:00<00:01, 36.29it/s]
 41%|████      | 32/79 [00:01<00:01, 39.65it/s]
 47%|████▋     | 37/79 [00:01<00:01, 35.97it/s]
 54%|█████▍    | 43/79 [00:01<00:00, 38.43it/s]
 62%|██████▏   | 49/79 [00:01<00:00, 39.47it/s]
 70%|██████▉   | 55/79 [00:01<00:00, 40.19it/s]
 77%|███████▋  | 61/79 [00:01<00:00, 40.71it/s]
 85%|████████▍ | 67/79 [00:01<00:00, 41.64it/s]
 92%|█████████▏| 73/79 [00:02<00:00, 42.25it/s]
100%|██████████| 79/79 [00:02<00:00, 36.58it/s]

CommRound: 18/30
Accuracy: 58.17% | Loss: 1.3172
[####################################------------------------] 60.0%
Elapsed: 3.3m | Avg/Round: 11.0s | Last: 11.2s | Next: 11.0s | Remaining: 2.2m
ETA: 19:08:38
Recent round times: R1: 11.1s -> R2: 10.9s -> R3: 11.0s -> R4: 11.0s -> R5: 11.2s

  0%|          | 0/79 [00:00<?, ?it/s]
  3%|▎         | 2/79 [00:00<00:03, 19.85it/s]
  9%|▉         | 7/79 [00:00<00:02, 32.83it/s]
 15%|█▌        | 12/79 [00:00<00:01, 39.88it/s]
 20%|██        | 16/79 [00:00<00:01, 39.55it/s]
 27%|██▋       | 21/79 [00:00<00:01, 39.76it/s]
 33%|███▎      | 26/79 [00:00<00:01, 40.48it/s]
 39%|███▉      | 31/79 [00:00<00:01, 41.38it/s]
 46%|████▌     | 36/79 [00:00<00:01, 40.88it/s]
 52%|█████▏    | 41/79 [00:01<00:00, 42.12it/s]
 58%|█████▊    | 46/79 [00:01<00:00, 42.08it/s]
 65%|██████▍   | 51/79 [00:01<00:00, 41.85it/s]
 71%|███████   | 56/79 [00:01<00:00, 42.71it/s]
 77%|███████▋  | 61/79 [00:01<00:00, 41.49it/s]
 84%|████████▎ | 66/79 [00:01<00:00, 43.69it/s]
 90%|████████▉ | 71/79 [00:01<00:00, 41.52it/s]
 97%|█████████▋| 77/79 [00:01<00:00, 42.04it/s]
100%|██████████| 79/79 [00:01<00:00, 41.61it/s]

CommRound: 19/30
Accuracy: 58.98% | Loss: 1.2621
[######################################----------------------] 63.3%
Elapsed: 3.5m | Avg/Round: 11.0s | Last: 10.7s | Next: 11.0s | Remaining: 2.0m
ETA: 19:08:38
Recent round times: R1: 10.9s -> R2: 11.0s -> R3: 11.0s -> R4: 11.2s -> R5: 10.7s

  0%|          | 0/79 [00:00<?, ?it/s]
  3%|▎         | 2/79 [00:00<00:03, 19.32it/s]
  9%|▉         | 7/79 [00:00<00:02, 29.49it/s]
 15%|█▌        | 12/79 [00:00<00:01, 37.54it/s]
 22%|██▏       | 17/79 [00:00<00:01, 36.60it/s]
 29%|██▉       | 23/79 [00:00<00:01, 38.59it/s]
 37%|███▋      | 29/79 [00:00<00:01, 39.63it/s]
 44%|████▍     | 35/79 [00:00<00:01, 40.35it/s]
 51%|█████     | 40/79 [00:01<00:00, 42.74it/s]
 57%|█████▋    | 45/79 [00:01<00:00, 38.50it/s]
 65%|██████▍   | 51/79 [00:01<00:00, 39.85it/s]
 72%|███████▏  | 57/79 [00:01<00:00, 41.02it/s]
 80%|███████▉  | 63/79 [00:01<00:00, 41.74it/s]
 87%|████████▋ | 69/79 [00:01<00:00, 42.09it/s]
 95%|█████████▍| 75/79 [00:01<00:00, 42.32it/s]
100%|██████████| 79/79 [00:01<00:00, 40.58it/s]

CommRound: 20/30
Accuracy: 59.90% | Loss: 1.2324
[########################################--------------------] 66.7%
Elapsed: 3.7m | Avg/Round: 11.0s | Last: 10.6s | Next: 11.0s | Remaining: 1.8m
ETA: 19:08:37
Recent round times: R1: 11.0s -> R2: 11.0s -> R3: 11.2s -> R4: 10.7s -> R5: 10.6s

  0%|          | 0/79 [00:00<?, ?it/s]
  1%|▏         | 1/79 [00:00<00:07,  9.84it/s]
  9%|▉         | 7/79 [00:00<00:02, 33.25it/s]
 14%|█▍        | 11/79 [00:00<00:01, 35.59it/s]
 19%|█▉        | 15/79 [00:00<00:01, 37.07it/s]
 25%|██▌       | 20/79 [00:00<00:01, 41.10it/s]
 32%|███▏      | 25/79 [00:00<00:01, 37.61it/s]
 39%|███▉      | 31/79 [00:00<00:01, 39.32it/s]
 47%|████▋     | 37/79 [00:00<00:01, 40.41it/s]
 54%|█████▍    | 43/79 [00:01<00:00, 41.32it/s]
 62%|██████▏   | 49/79 [00:01<00:00, 41.93it/s]
 68%|██████▊   | 54/79 [00:01<00:00, 43.42it/s]
 75%|███████▍  | 59/79 [00:01<00:00, 41.84it/s]
 81%|████████  | 64/79 [00:01<00:00, 41.56it/s]
 87%|████████▋ | 69/79 [00:01<00:00, 41.76it/s]
 94%|█████████▎| 74/79 [00:01<00:00, 40.64it/s]
100%|██████████| 79/79 [00:01<00:00, 42.86it/s]
100%|██████████| 79/79 [00:01<00:00, 40.02it/s]

CommRound: 21/30
Accuracy: 59.01% | Loss: 1.2424
[##########################################------------------] 70.0%
Elapsed: 3.8m | Avg/Round: 11.0s | Last: 10.7s | Next: 11.0s | Remaining: 1.6m
ETA: 19:08:37
Recent round times: R1: 11.0s -> R2: 11.2s -> R3: 10.7s -> R4: 10.6s -> R5: 10.7s

  0%|          | 0/79 [00:00<?, ?it/s]
  1%|▏         | 1/79 [00:00<00:07,  9.93it/s]
  8%|▊         | 6/79 [00:00<00:02, 33.05it/s]
 13%|█▎        | 10/79 [00:00<00:01, 35.22it/s]
 18%|█▊        | 14/79 [00:00<00:01, 36.58it/s]
 24%|██▍       | 19/79 [00:00<00:01, 40.89it/s]
 30%|███       | 24/79 [00:00<00:01, 38.16it/s]
 37%|███▋      | 29/79 [00:00<00:01, 38.57it/s]
 42%|████▏     | 33/79 [00:00<00:01, 37.80it/s]
 47%|████▋     | 37/79 [00:01<00:01, 37.47it/s]
 52%|█████▏    | 41/79 [00:01<00:01, 37.55it/s]
 57%|█████▋    | 45/79 [00:01<00:00, 37.57it/s]
 65%|██████▍   | 51/79 [00:01<00:00, 39.13it/s]
 72%|███████▏  | 57/79 [00:01<00:00, 39.91it/s]
 80%|███████▉  | 63/79 [00:01<00:00, 40.54it/s]
 87%|████████▋ | 69/79 [00:01<00:00, 40.93it/s]
 95%|█████████▍| 75/79 [00:01<00:00, 41.14it/s]
100%|██████████| 79/79 [00:02<00:00, 39.35it/s]

CommRound: 22/30
Accuracy: 60.79% | Loss: 1.1967
[############################################----------------] 73.3%
Elapsed: 4.0m | Avg/Round: 11.0s | Last: 10.7s | Next: 11.0s | Remaining: 1.5m
ETA: 19:08:36
Recent round times: R1: 11.2s -> R2: 10.7s -> R3: 10.6s -> R4: 10.7s -> R5: 10.7s

  0%|          | 0/79 [00:00<?, ?it/s]
  1%|▏         | 1/79 [00:00<00:07,  9.96it/s]
  9%|▉         | 7/79 [00:00<00:02, 32.78it/s]
 15%|█▌        | 12/79 [00:00<00:01, 38.97it/s]
 22%|██▏       | 17/79 [00:00<00:01, 37.38it/s]
 28%|██▊       | 22/79 [00:00<00:01, 40.98it/s]
 34%|███▍      | 27/79 [00:00<00:01, 38.78it/s]
 41%|████      | 32/79 [00:00<00:01, 41.78it/s]
 47%|████▋     | 37/79 [00:00<00:01, 39.22it/s]
 53%|█████▎    | 42/79 [00:01<00:00, 41.92it/s]
 59%|█████▉    | 47/79 [00:01<00:00, 39.48it/s]
 66%|██████▌   | 52/79 [00:01<00:00, 42.20it/s]
 72%|███████▏  | 57/79 [00:01<00:00, 40.10it/s]
 78%|███████▊  | 62/79 [00:01<00:00, 42.50it/s]
 85%|████████▍ | 67/79 [00:01<00:00, 40.22it/s]
 92%|█████████▏| 73/79 [00:01<00:00, 40.74it/s]
 99%|█████████▊| 78/79 [00:01<00:00, 42.91it/s]
100%|██████████| 79/79 [00:01<00:00, 40.34it/s]

CommRound: 23/30
Accuracy: 62.49% | Loss: 1.1441
[##############################################--------------] 76.7%
Elapsed: 4.2m | Avg/Round: 10.9s | Last: 10.8s | Next: 10.9s | Remaining: 1.3m
ETA: 19:08:36
Recent round times: R1: 10.7s -> R2: 10.6s -> R3: 10.7s -> R4: 10.7s -> R5: 10.8s

  0%|          | 0/79 [00:00<?, ?it/s]
  3%|▎         | 2/79 [00:00<00:04, 18.25it/s]
  9%|▉         | 7/79 [00:00<00:02, 31.97it/s]
 15%|█▌        | 12/79 [00:00<00:01, 39.23it/s]
 22%|██▏       | 17/79 [00:00<00:01, 37.53it/s]
 29%|██▉       | 23/79 [00:00<00:01, 39.12it/s]
 37%|███▋      | 29/79 [00:00<00:01, 40.00it/s]
 43%|████▎     | 34/79 [00:00<00:01, 42.54it/s]
 49%|████▉     | 39/79 [00:01<00:01, 39.85it/s]
 57%|█████▋    | 45/79 [00:01<00:00, 40.76it/s]
 65%|██████▍   | 51/79 [00:01<00:00, 41.27it/s]
 72%|███████▏  | 57/79 [00:01<00:00, 41.35it/s]
 80%|███████▉  | 63/79 [00:01<00:00, 41.72it/s]
 87%|████████▋ | 69/79 [00:01<00:00, 41.77it/s]
 95%|█████████▍| 75/79 [00:01<00:00, 41.87it/s]
100%|██████████| 79/79 [00:01<00:00, 40.84it/s]

CommRound: 24/30
Accuracy: 61.91% | Loss: 1.1610
[################################################------------] 80.0%
Elapsed: 4.4m | Avg/Round: 10.9s | Last: 10.8s | Next: 10.9s | Remaining: 1.1m
ETA: 19:08:36
Recent round times: R1: 10.6s -> R2: 10.7s -> R3: 10.7s -> R4: 10.8s -> R5: 10.8s

  0%|          | 0/79 [00:00<?, ?it/s]
  3%|▎         | 2/79 [00:00<00:04, 19.07it/s]
  9%|▉         | 7/79 [00:00<00:02, 33.00it/s]
 15%|█▌        | 12/79 [00:00<00:01, 37.92it/s]
 20%|██        | 16/79 [00:00<00:01, 38.62it/s]
 27%|██▋       | 21/79 [00:00<00:01, 40.52it/s]
 33%|███▎      | 26/79 [00:00<00:01, 39.60it/s]
 39%|███▉      | 31/79 [00:00<00:01, 42.45it/s]
 46%|████▌     | 36/79 [00:00<00:01, 40.08it/s]
 53%|█████▎    | 42/79 [00:01<00:00, 40.75it/s]
 61%|██████    | 48/79 [00:01<00:00, 41.15it/s]
 67%|██████▋   | 53/79 [00:01<00:00, 43.36it/s]
 73%|███████▎  | 58/79 [00:01<00:00, 40.72it/s]
 80%|███████▉  | 63/79 [00:01<00:00, 40.80it/s]
 86%|████████▌ | 68/79 [00:01<00:00, 39.57it/s]
 94%|█████████▎| 74/79 [00:01<00:00, 40.57it/s]
100%|██████████| 79/79 [00:01<00:00, 40.29it/s]

CommRound: 25/30
Accuracy: 64.45% | Loss: 1.0790
[##################################################----------] 83.3%
Elapsed: 4.6m | Avg/Round: 10.9s | Last: 11.0s | Next: 10.9s | Remaining: 0.9m
ETA: 19:08:36
Recent round times: R1: 10.7s -> R2: 10.7s -> R3: 10.8s -> R4: 10.8s -> R5: 11.0s

  0%|          | 0/79 [00:00<?, ?it/s]
  1%|▏         | 1/79 [00:00<00:08,  9.59it/s]
  9%|▉         | 7/79 [00:00<00:02, 31.43it/s]
 16%|█▋        | 13/79 [00:00<00:01, 37.20it/s]
 23%|██▎       | 18/79 [00:00<00:01, 41.07it/s]
 29%|██▉       | 23/79 [00:00<00:01, 38.94it/s]
 35%|███▌      | 28/79 [00:00<00:01, 40.44it/s]
 42%|████▏     | 33/79 [00:00<00:01, 39.85it/s]
 48%|████▊     | 38/79 [00:01<00:01, 37.40it/s]
 53%|█████▎    | 42/79 [00:01<00:01, 36.80it/s]
 58%|█████▊    | 46/79 [00:01<00:00, 36.55it/s]
 63%|██████▎   | 50/79 [00:01<00:00, 35.76it/s]
 68%|██████▊   | 54/79 [00:01<00:00, 35.52it/s]
 73%|███████▎  | 58/79 [00:01<00:00, 35.39it/s]
 78%|███████▊  | 62/79 [00:01<00:00, 35.24it/s]
 84%|████████▎ | 66/79 [00:01<00:00, 35.12it/s]
 89%|████████▊ | 70/79 [00:01<00:00, 35.00it/s]
 94%|█████████▎| 74/79 [00:02<00:00, 34.93it/s]
 99%|█████████▊| 78/79 [00:02<00:00, 35.12it/s]
100%|██████████| 79/79 [00:02<00:00, 36.27it/s]

CommRound: 26/30
Accuracy: 64.27% | Loss: 1.0915
[####################################################--------] 86.7%
Elapsed: 4.7m | Avg/Round: 10.9s | Last: 11.0s | Next: 10.9s | Remaining: 0.7m
ETA: 19:08:36
Recent round times: R1: 10.7s -> R2: 10.8s -> R3: 10.8s -> R4: 11.0s -> R5: 11.0s

  0%|          | 0/79 [00:00<?, ?it/s]
  4%|▍         | 3/79 [00:00<00:03, 22.54it/s]
  9%|▉         | 7/79 [00:00<00:02, 31.14it/s]
 14%|█▍        | 11/79 [00:00<00:01, 34.58it/s]
 19%|█▉        | 15/79 [00:00<00:02, 22.84it/s]
 24%|██▍       | 19/79 [00:00<00:02, 25.85it/s]
 29%|██▉       | 23/79 [00:00<00:01, 28.28it/s]
 34%|███▍      | 27/79 [00:00<00:01, 30.01it/s]
 39%|███▉      | 31/79 [00:01<00:01, 31.43it/s]
 44%|████▍     | 35/79 [00:01<00:01, 32.51it/s]
 49%|████▉     | 39/79 [00:01<00:01, 33.38it/s]
 54%|█████▍    | 43/79 [00:01<00:01, 34.02it/s]
 59%|█████▉    | 47/79 [00:01<00:00, 34.52it/s]
 65%|██████▍   | 51/79 [00:01<00:00, 35.56it/s]
 71%|███████   | 56/79 [00:01<00:00, 39.55it/s]
 77%|███████▋  | 61/79 [00:01<00:00, 37.96it/s]
 85%|████████▍ | 67/79 [00:02<00:00, 39.18it/s]
 92%|█████████▏| 73/79 [00:02<00:00, 39.88it/s]
100%|██████████| 79/79 [00:02<00:00, 44.49it/s]
100%|██████████| 79/79 [00:02<00:00, 34.75it/s]

CommRound: 27/30
Accuracy: 61.65% | Loss: 1.2177
[######################################################------] 90.0%
Elapsed: 4.9m | Avg/Round: 11.0s | Last: 11.2s | Next: 11.0s | Remaining: 0.5m
ETA: 19:08:36
Recent round times: R1: 10.8s -> R2: 10.8s -> R3: 11.0s -> R4: 11.0s -> R5: 11.2s

  0%|          | 0/79 [00:00<?, ?it/s]
  3%|▎         | 2/79 [00:00<00:03, 19.74it/s]
  9%|▉         | 7/79 [00:00<00:02, 30.65it/s]
 14%|█▍        | 11/79 [00:00<00:03, 22.01it/s]
 18%|█▊        | 14/79 [00:00<00:02, 24.12it/s]
 24%|██▍       | 19/79 [00:00<00:01, 31.13it/s]
 29%|██▉       | 23/79 [00:00<00:01, 33.59it/s]
 34%|███▍      | 27/79 [00:00<00:01, 35.33it/s]
 39%|███▉      | 31/79 [00:00<00:01, 36.55it/s]
 44%|████▍     | 35/79 [00:01<00:01, 37.43it/s]
 51%|█████     | 40/79 [00:01<00:01, 36.55it/s]
 56%|█████▌    | 44/79 [00:01<00:00, 37.43it/s]
 61%|██████    | 48/79 [00:01<00:00, 38.00it/s]
 66%|██████▌   | 52/79 [00:01<00:00, 38.39it/s]
 72%|███████▏  | 57/79 [00:01<00:00, 41.35it/s]
 78%|███████▊  | 62/79 [00:01<00:00, 38.45it/s]
 84%|████████▎ | 66/79 [00:01<00:00, 38.20it/s]
 89%|████████▊ | 70/79 [00:02<00:00, 37.42it/s]
 94%|█████████▎| 74/79 [00:02<00:00, 36.81it/s]
100%|██████████| 79/79 [00:02<00:00, 35.34it/s]

CommRound: 28/30
Accuracy: 64.00% | Loss: 1.1204
[########################################################----] 93.3%
Elapsed: 5.1m | Avg/Round: 11.0s | Last: 11.0s | Next: 11.0s | Remaining: 0.4m
ETA: 19:08:36
Recent round times: R1: 10.8s -> R2: 11.0s -> R3: 11.0s -> R4: 11.2s -> R5: 11.0s

  0%|          | 0/79 [00:00<?, ?it/s]
  4%|▍         | 3/79 [00:00<00:03, 23.02it/s]
  9%|▉         | 7/79 [00:00<00:03, 18.53it/s]
 15%|█▌        | 12/79 [00:00<00:02, 27.91it/s]
 22%|██▏       | 17/79 [00:00<00:02, 30.77it/s]
 28%|██▊       | 22/79 [00:00<00:01, 35.81it/s]
 34%|███▍      | 27/79 [00:00<00:01, 35.40it/s]
 42%|████▏     | 33/79 [00:01<00:01, 37.46it/s]
 48%|████▊     | 38/79 [00:01<00:01, 40.60it/s]
 54%|█████▍    | 43/79 [00:01<00:00, 38.89it/s]
 62%|██████▏   | 49/79 [00:01<00:00, 39.87it/s]
 70%|██████▉   | 55/79 [00:01<00:00, 40.20it/s]
 77%|███████▋  | 61/79 [00:01<00:00, 40.95it/s]
 84%|████████▎ | 66/79 [00:01<00:00, 42.90it/s]
 90%|████████▉ | 71/79 [00:01<00:00, 40.68it/s]
 97%|█████████▋| 77/79 [00:02<00:00, 40.77it/s]
100%|██████████| 79/79 [00:02<00:00, 37.87it/s]

CommRound: 29/30
Accuracy: 65.84% | Loss: 1.0553
[##########################################################--] 96.7%
Elapsed: 5.3m | Avg/Round: 11.0s | Last: 10.9s | Next: 11.0s | Remaining: 0.2m
ETA: 19:08:36
Recent round times: R1: 11.0s -> R2: 11.0s -> R3: 11.2s -> R4: 11.0s -> R5: 10.9s

  0%|          | 0/79 [00:00<?, ?it/s]
  3%|▎         | 2/79 [00:00<00:04, 19.10it/s]
  5%|▌         | 4/79 [00:00<00:07, 10.64it/s]
 13%|█▎        | 10/79 [00:00<00:03, 22.93it/s]
 20%|██        | 16/79 [00:00<00:02, 29.80it/s]
 28%|██▊       | 22/79 [00:00<00:01, 34.21it/s]
 34%|███▍      | 27/79 [00:00<00:01, 37.67it/s]
 41%|████      | 32/79 [00:01<00:01, 38.45it/s]
 47%|████▋     | 37/79 [00:01<00:01, 36.89it/s]
 53%|█████▎    | 42/79 [00:01<00:00, 40.09it/s]
 59%|█████▉    | 47/79 [00:01<00:00, 38.51it/s]
 67%|██████▋   | 53/79 [00:01<00:00, 39.91it/s]
 75%|███████▍  | 59/79 [00:01<00:00, 40.88it/s]
 82%|████████▏ | 65/79 [00:01<00:00, 41.47it/s]
 90%|████████▉ | 71/79 [00:01<00:00, 41.84it/s]
 96%|█████████▌| 76/79 [00:02<00:00, 43.78it/s]
100%|██████████| 79/79 [00:02<00:00, 37.18it/s]

CommRound: 30/30
Accuracy: 67.42% | Loss: 0.9740
[############################################################] 100.0%
Elapsed: 5.5m | Avg/Round: 11.0s | Last: 11.0s | Next: 11.0s | Remaining: 0.0m
ETA: 19:08:36
Recent round times: R1: 11.0s -> R2: 11.2s -> R3: 11.0s -> R4: 10.9s -> R5: 11.0s
Total time for experiment: 328.64776635169983 seconds
Device average training time per communication round [s]:
    rpi (sld-rpi-09.ece.utexas.edu): 5.89 seconds
    mc1 (sld-mc1-09.ece.utexas.edu): 3.62 seconds
