
  0%|          | 0/79 [00:00<?, ?it/s]
  1%|▏         | 1/79 [00:00<00:08,  9.31it/s]
  8%|▊         | 6/79 [00:00<00:02, 27.93it/s]
 14%|█▍        | 11/79 [00:00<00:01, 36.05it/s]
 19%|█▉        | 15/79 [00:00<00:01, 36.89it/s]
 24%|██▍       | 19/79 [00:00<00:01, 37.48it/s]
 29%|██▉       | 23/79 [00:00<00:01, 35.62it/s]
 34%|███▍      | 27/79 [00:00<00:01, 36.92it/s]
 39%|███▉      | 31/79 [00:00<00:01, 37.69it/s]
 46%|████▌     | 36/79 [00:01<00:01, 37.23it/s]
 51%|█████     | 40/79 [00:01<00:01, 36.25it/s]
 56%|█████▌    | 44/79 [00:01<00:00, 35.82it/s]
 61%|██████    | 48/79 [00:01<00:00, 35.30it/s]
 66%|██████▌   | 52/79 [00:01<00:00, 35.02it/s]
 71%|███████   | 56/79 [00:01<00:00, 35.13it/s]
 76%|███████▌  | 60/79 [00:01<00:00, 35.51it/s]
 81%|████████  | 64/79 [00:01<00:00, 35.91it/s]
 86%|████████▌ | 68/79 [00:01<00:00, 35.84it/s]
 91%|█████████ | 72/79 [00:02<00:00, 35.61it/s]
 96%|█████████▌| 76/79 [00:02<00:00, 35.53it/s]
100%|██████████| 79/79 [00:02<00:00, 35.68it/s]
Initial Accuracy: 11.08%; Initial Loss: 2.3067

  0%|          | 0/79 [00:00<?, ?it/s]
  3%|▎         | 2/79 [00:00<00:04, 18.91it/s]
  9%|▉         | 7/79 [00:00<00:02, 29.73it/s]
 14%|█▍        | 11/79 [00:00<00:02, 33.30it/s]
 19%|█▉        | 15/79 [00:00<00:01, 35.31it/s]
 24%|██▍       | 19/79 [00:00<00:01, 36.57it/s]
 29%|██▉       | 23/79 [00:00<00:01, 37.47it/s]
 35%|███▌      | 28/79 [00:00<00:01, 40.42it/s]
 42%|████▏     | 33/79 [00:00<00:01, 38.25it/s]
 48%|████▊     | 38/79 [00:01<00:01, 40.89it/s]
 54%|█████▍    | 43/79 [00:01<00:00, 39.35it/s]
 61%|██████    | 48/79 [00:01<00:00, 40.14it/s]
 67%|██████▋   | 53/79 [00:01<00:00, 40.40it/s]
 73%|███████▎  | 58/79 [00:01<00:00, 39.17it/s]
 78%|███████▊  | 62/79 [00:01<00:00, 39.30it/s]
 84%|████████▎ | 66/79 [00:01<00:00, 39.38it/s]
 89%|████████▊ | 70/79 [00:01<00:00, 39.43it/s]
 94%|█████████▎| 74/79 [00:01<00:00, 39.55it/s]
100%|██████████| 79/79 [00:02<00:00, 42.19it/s]
100%|██████████| 79/79 [00:02<00:00, 38.52it/s]

CommRound: 1/30
Accuracy: 52.55% | Loss: 1.5737
[##----------------------------------------------------------] 3.3%
Elapsed: 0.7m | Avg/Round: 40.0s | Last: 37.7s | Next: 40.0s | Remaining: 19.3m
ETA: 06:33:48
Recent round times: R1: 37.7s

  0%|          | 0/79 [00:00<?, ?it/s]
  3%|▎         | 2/79 [00:00<00:04, 19.18it/s]
  9%|▉         | 7/79 [00:00<00:02, 29.91it/s]
 14%|█▍        | 11/79 [00:00<00:02, 33.35it/s]
 19%|█▉        | 15/79 [00:00<00:01, 35.48it/s]
 24%|██▍       | 19/79 [00:00<00:01, 36.75it/s]
 29%|██▉       | 23/79 [00:00<00:01, 37.52it/s]
 34%|███▍      | 27/79 [00:00<00:01, 38.13it/s]
 39%|███▉      | 31/79 [00:00<00:01, 38.38it/s]
 46%|████▌     | 36/79 [00:00<00:01, 41.12it/s]
 52%|█████▏    | 41/79 [00:01<00:00, 38.26it/s]
 57%|█████▋    | 45/79 [00:01<00:00, 38.36it/s]
 62%|██████▏   | 49/79 [00:01<00:00, 38.45it/s]
 67%|██████▋   | 53/79 [00:01<00:00, 38.61it/s]
 72%|███████▏  | 57/79 [00:01<00:00, 38.84it/s]
 77%|███████▋  | 61/79 [00:01<00:00, 39.07it/s]
 82%|████████▏ | 65/79 [00:01<00:00, 39.17it/s]
 87%|████████▋ | 69/79 [00:01<00:00, 39.14it/s]
 92%|█████████▏| 73/79 [00:01<00:00, 39.24it/s]
 97%|█████████▋| 77/79 [00:02<00:00, 39.32it/s]
100%|██████████| 79/79 [00:02<00:00, 38.40it/s]

CommRound: 2/30
Accuracy: 71.67% | Loss: 0.7654
[####--------------------------------------------------------] 6.7%
Elapsed: 1.4m | Avg/Round: 43.3s | Last: 46.6s | Next: 43.3s | Remaining: 20.2m
ETA: 06:35:28
Recent round times: R1: 37.7s -> R2: 46.6s

  0%|          | 0/79 [00:00<?, ?it/s]
  1%|▏         | 1/79 [00:00<00:08,  8.93it/s]
  8%|▊         | 6/79 [00:00<00:02, 31.68it/s]
 13%|█▎        | 10/79 [00:00<00:01, 34.59it/s]
 18%|█▊        | 14/79 [00:00<00:01, 35.98it/s]
 24%|██▍       | 19/79 [00:00<00:01, 35.43it/s]
 29%|██▉       | 23/79 [00:00<00:01, 36.80it/s]
 34%|███▍      | 27/79 [00:00<00:01, 37.64it/s]
 39%|███▉      | 31/79 [00:00<00:01, 38.23it/s]
 44%|████▍     | 35/79 [00:00<00:01, 38.65it/s]
 49%|████▉     | 39/79 [00:01<00:01, 38.70it/s]
 54%|█████▍    | 43/79 [00:01<00:00, 38.95it/s]
 61%|██████    | 48/79 [00:01<00:00, 41.88it/s]
 67%|██████▋   | 53/79 [00:01<00:00, 38.78it/s]
 72%|███████▏  | 57/79 [00:01<00:00, 39.03it/s]
 77%|███████▋  | 61/79 [00:01<00:00, 39.20it/s]
 82%|████████▏ | 65/79 [00:01<00:00, 39.43it/s]
 87%|████████▋ | 69/79 [00:01<00:00, 39.32it/s]
 94%|█████████▎| 74/79 [00:01<00:00, 42.19it/s]
100%|██████████| 79/79 [00:02<00:00, 43.96it/s]
100%|██████████| 79/79 [00:02<00:00, 38.51it/s]

CommRound: 3/30
Accuracy: 79.87% | Loss: 0.5753
[######------------------------------------------------------] 10.0%
Elapsed: 2.2m | Avg/Round: 44.5s | Last: 46.8s | Next: 44.5s | Remaining: 20.0m
ETA: 06:36:03
Recent round times: R1: 37.7s -> R2: 46.6s -> R3: 46.8s

  0%|          | 0/79 [00:00<?, ?it/s]
  3%|▎         | 2/79 [00:00<00:03, 19.79it/s]
  8%|▊         | 6/79 [00:00<00:02, 28.37it/s]
 14%|█▍        | 11/79 [00:00<00:01, 34.00it/s]
 19%|█▉        | 15/79 [00:00<00:01, 35.54it/s]
 24%|██▍       | 19/79 [00:00<00:01, 36.51it/s]
 29%|██▉       | 23/79 [00:00<00:01, 37.33it/s]
 34%|███▍      | 27/79 [00:00<00:01, 37.82it/s]
 39%|███▉      | 31/79 [00:00<00:01, 38.11it/s]
 46%|████▌     | 36/79 [00:00<00:01, 40.83it/s]
 52%|█████▏    | 41/79 [00:01<00:00, 38.40it/s]
 57%|█████▋    | 45/79 [00:01<00:00, 38.76it/s]
 62%|██████▏   | 49/79 [00:01<00:00, 39.03it/s]
 68%|██████▊   | 54/79 [00:01<00:00, 41.00it/s]
 75%|███████▍  | 59/79 [00:01<00:00, 39.12it/s]
 80%|███████▉  | 63/79 [00:01<00:00, 39.32it/s]
 85%|████████▍ | 67/79 [00:01<00:00, 39.46it/s]
 90%|████████▉ | 71/79 [00:01<00:00, 39.14it/s]
 95%|█████████▍| 75/79 [00:01<00:00, 39.06it/s]
100%|██████████| 79/79 [00:02<00:00, 38.05it/s]

CommRound: 4/30
Accuracy: 83.37% | Loss: 0.5211
[########----------------------------------------------------] 13.3%
Elapsed: 3.0m | Avg/Round: 45.3s | Last: 47.7s | Next: 45.3s | Remaining: 19.6m
ETA: 06:36:27
Recent round times: R1: 37.7s -> R2: 46.6s -> R3: 46.8s -> R4: 47.7s

  0%|          | 0/79 [00:00<?, ?it/s]
  1%|▏         | 1/79 [00:00<00:08,  9.59it/s]
  6%|▋         | 5/79 [00:00<00:02, 26.26it/s]
 11%|█▏        | 9/79 [00:00<00:02, 31.31it/s]
 16%|█▋        | 13/79 [00:00<00:01, 33.70it/s]
 22%|██▏       | 17/79 [00:00<00:01, 34.69it/s]
 27%|██▋       | 21/79 [00:00<00:01, 34.35it/s]
 32%|███▏      | 25/79 [00:00<00:01, 34.00it/s]
 37%|███▋      | 29/79 [00:00<00:01, 33.75it/s]
 42%|████▏     | 33/79 [00:01<00:01, 33.67it/s]
 47%|████▋     | 37/79 [00:01<00:01, 34.16it/s]
 52%|█████▏    | 41/79 [00:01<00:01, 34.50it/s]
 57%|█████▋    | 45/79 [00:01<00:00, 34.41it/s]
 62%|██████▏   | 49/79 [00:01<00:00, 33.92it/s]
 67%|██████▋   | 53/79 [00:01<00:00, 33.81it/s]
 72%|███████▏  | 57/79 [00:01<00:00, 33.96it/s]
 77%|███████▋  | 61/79 [00:01<00:00, 33.62it/s]
 82%|████████▏ | 65/79 [00:01<00:00, 33.68it/s]
 87%|████████▋ | 69/79 [00:02<00:00, 33.30it/s]
 92%|█████████▏| 73/79 [00:02<00:00, 33.79it/s]
 97%|█████████▋| 77/79 [00:02<00:00, 33.47it/s]
100%|██████████| 79/79 [00:02<00:00, 33.12it/s]

CommRound: 5/30
Accuracy: 86.07% | Loss: 0.4548
[##########--------------------------------------------------] 16.7%
Elapsed: 3.9m | Avg/Round: 47.1s | Last: 54.6s | Next: 47.1s | Remaining: 19.6m
ETA: 06:37:23
Recent round times: R1: 37.7s -> R2: 46.6s -> R3: 46.8s -> R4: 47.7s -> R5: 54.6s

  0%|          | 0/79 [00:00<?, ?it/s]
  1%|▏         | 1/79 [00:00<00:08,  9.11it/s]
  8%|▊         | 6/79 [00:00<00:02, 30.20it/s]
 13%|█▎        | 10/79 [00:00<00:02, 32.64it/s]
 18%|█▊        | 14/79 [00:00<00:01, 33.28it/s]
 23%|██▎       | 18/79 [00:00<00:01, 33.58it/s]
 28%|██▊       | 22/79 [00:00<00:01, 34.70it/s]
 33%|███▎      | 26/79 [00:00<00:01, 35.36it/s]
 38%|███▊      | 30/79 [00:00<00:01, 35.47it/s]
 43%|████▎     | 34/79 [00:01<00:01, 35.87it/s]
 48%|████▊     | 38/79 [00:01<00:01, 35.85it/s]
 53%|█████▎    | 42/79 [00:01<00:01, 36.02it/s]
 58%|█████▊    | 46/79 [00:01<00:00, 35.86it/s]
 63%|██████▎   | 50/79 [00:01<00:00, 35.69it/s]
 68%|██████▊   | 54/79 [00:01<00:00, 35.64it/s]
 73%|███████▎  | 58/79 [00:01<00:00, 35.47it/s]
 78%|███████▊  | 62/79 [00:01<00:00, 35.42it/s]
 84%|████████▎ | 66/79 [00:01<00:00, 35.49it/s]
 89%|████████▊ | 70/79 [00:02<00:00, 35.67it/s]
 94%|█████████▎| 74/79 [00:02<00:00, 35.16it/s]
 99%|█████████▊| 78/79 [00:02<00:00, 36.36it/s]
100%|██████████| 79/79 [00:02<00:00, 35.08it/s]

CommRound: 6/30
Accuracy: 87.13% | Loss: 0.4077
[############------------------------------------------------] 20.0%
Elapsed: 4.7m | Avg/Round: 46.9s | Last: 45.8s | Next: 46.9s | Remaining: 18.8m
ETA: 06:37:16
Recent round times: R1: 46.6s -> R2: 46.8s -> R3: 47.7s -> R4: 54.6s -> R5: 45.8s

  0%|          | 0/79 [00:00<?, ?it/s]
  1%|▏         | 1/79 [00:00<00:09,  8.29it/s]
  9%|▉         | 7/79 [00:00<00:02, 29.89it/s]
 14%|█▍        | 11/79 [00:00<00:02, 31.27it/s]
 19%|█▉        | 15/79 [00:00<00:01, 33.77it/s]
 24%|██▍       | 19/79 [00:00<00:01, 34.63it/s]
 29%|██▉       | 23/79 [00:00<00:01, 34.95it/s]
 34%|███▍      | 27/79 [00:00<00:01, 35.03it/s]
 39%|███▉      | 31/79 [00:00<00:01, 35.10it/s]
 44%|████▍     | 35/79 [00:01<00:01, 35.59it/s]
 49%|████▉     | 39/79 [00:01<00:01, 35.94it/s]
 54%|█████▍    | 43/79 [00:01<00:01, 35.96it/s]
 59%|█████▉    | 47/79 [00:01<00:00, 36.07it/s]
 65%|██████▍   | 51/79 [00:01<00:00, 35.63it/s]
 70%|██████▉   | 55/79 [00:01<00:00, 36.67it/s]
 77%|███████▋  | 61/79 [00:01<00:00, 38.87it/s]
 85%|████████▍ | 67/79 [00:01<00:00, 40.20it/s]
 92%|█████████▏| 73/79 [00:02<00:00, 40.61it/s]
 99%|█████████▊| 78/79 [00:02<00:00, 42.53it/s]
100%|██████████| 79/79 [00:02<00:00, 36.98it/s]

CommRound: 7/30
Accuracy: 88.60% | Loss: 0.3603
[##############----------------------------------------------] 23.3%
Elapsed: 5.4m | Avg/Round: 46.5s | Last: 43.7s | Next: 46.5s | Remaining: 17.8m
ETA: 06:37:02
Recent round times: R1: 46.8s -> R2: 47.7s -> R3: 54.6s -> R4: 45.8s -> R5: 43.7s

  0%|          | 0/79 [00:00<?, ?it/s]
  1%|▏         | 1/79 [00:00<00:07,  9.96it/s]
  6%|▋         | 5/79 [00:00<00:02, 26.71it/s]
 11%|█▏        | 9/79 [00:00<00:02, 31.32it/s]
 16%|█▋        | 13/79 [00:00<00:01, 33.62it/s]
 22%|██▏       | 17/79 [00:00<00:01, 34.69it/s]
 27%|██▋       | 21/79 [00:00<00:01, 35.38it/s]
 32%|███▏      | 25/79 [00:00<00:01, 36.36it/s]
 37%|███▋      | 29/79 [00:00<00:01, 37.43it/s]
 42%|████▏     | 33/79 [00:00<00:01, 38.17it/s]
 47%|████▋     | 37/79 [00:01<00:01, 38.65it/s]
 53%|█████▎    | 42/79 [00:01<00:00, 37.61it/s]
 58%|█████▊    | 46/79 [00:01<00:00, 38.04it/s]
 63%|██████▎   | 50/79 [00:01<00:00, 38.14it/s]
 68%|██████▊   | 54/79 [00:01<00:00, 38.23it/s]
 73%|███████▎  | 58/79 [00:01<00:00, 38.35it/s]
 78%|███████▊  | 62/79 [00:01<00:00, 37.90it/s]
 84%|████████▎ | 66/79 [00:01<00:00, 37.96it/s]
 89%|████████▊ | 70/79 [00:01<00:00, 37.54it/s]
 94%|█████████▎| 74/79 [00:02<00:00, 37.81it/s]
 99%|█████████▊| 78/79 [00:02<00:00, 38.39it/s]
100%|██████████| 79/79 [00:02<00:00, 36.84it/s]

CommRound: 8/30
Accuracy: 83.31% | Loss: 0.6315
[################--------------------------------------------] 26.7%
Elapsed: 6.2m | Avg/Round: 46.4s | Last: 45.7s | Next: 46.4s | Remaining: 17.0m
ETA: 06:36:59
Recent round times: R1: 47.7s -> R2: 54.6s -> R3: 45.8s -> R4: 43.7s -> R5: 45.7s

  0%|          | 0/79 [00:00<?, ?it/s]
  1%|▏         | 1/79 [00:00<00:08,  8.72it/s]
  6%|▋         | 5/79 [00:00<00:02, 25.89it/s]
 11%|█▏        | 9/79 [00:00<00:02, 30.67it/s]
 16%|█▋        | 13/79 [00:00<00:01, 33.18it/s]
 22%|██▏       | 17/79 [00:00<00:01, 34.68it/s]
 27%|██▋       | 21/79 [00:00<00:01, 35.64it/s]
 32%|███▏      | 25/79 [00:00<00:01, 36.34it/s]
 37%|███▋      | 29/79 [00:00<00:01, 36.77it/s]
 42%|████▏     | 33/79 [00:00<00:01, 37.06it/s]
 47%|████▋     | 37/79 [00:01<00:01, 37.34it/s]
 52%|█████▏    | 41/79 [00:01<00:01, 37.39it/s]
 57%|█████▋    | 45/79 [00:01<00:00, 37.48it/s]
 62%|██████▏   | 49/79 [00:01<00:00, 37.42it/s]
 67%|██████▋   | 53/79 [00:01<00:00, 37.42it/s]
 72%|███████▏  | 57/79 [00:01<00:00, 37.46it/s]
 77%|███████▋  | 61/79 [00:01<00:00, 37.54it/s]
 82%|████████▏ | 65/79 [00:01<00:00, 37.94it/s]
 89%|████████▊ | 70/79 [00:01<00:00, 40.40it/s]
 95%|█████████▍| 75/79 [00:02<00:00, 39.00it/s]
100%|██████████| 79/79 [00:02<00:00, 36.81it/s]

CommRound: 9/30
Accuracy: 82.64% | Loss: 0.6548
[##################------------------------------------------] 30.0%
Elapsed: 7.0m | Avg/Round: 46.5s | Last: 47.7s | Next: 46.5s | Remaining: 16.3m
ETA: 06:37:04
Recent round times: R1: 54.6s -> R2: 45.8s -> R3: 43.7s -> R4: 45.7s -> R5: 47.7s

  0%|          | 0/79 [00:00<?, ?it/s]
  1%|▏         | 1/79 [00:00<00:07,  9.90it/s]
  8%|▊         | 6/79 [00:00<00:02, 32.12it/s]
 13%|█▎        | 10/79 [00:00<00:01, 34.73it/s]
 18%|█▊        | 14/79 [00:00<00:01, 35.22it/s]
 23%|██▎       | 18/79 [00:00<00:01, 36.67it/s]
 28%|██▊       | 22/79 [00:00<00:01, 37.47it/s]
 33%|███▎      | 26/79 [00:00<00:01, 37.39it/s]
 38%|███▊      | 30/79 [00:00<00:01, 37.02it/s]
 44%|████▍     | 35/79 [00:00<00:01, 36.07it/s]
 49%|████▉     | 39/79 [00:01<00:01, 36.95it/s]
 54%|█████▍    | 43/79 [00:01<00:00, 36.79it/s]
 62%|██████▏   | 49/79 [00:01<00:00, 38.79it/s]
 68%|██████▊   | 54/79 [00:01<00:00, 41.28it/s]
 75%|███████▍  | 59/79 [00:01<00:00, 39.27it/s]
 81%|████████  | 64/79 [00:01<00:00, 41.59it/s]
 87%|████████▋ | 69/79 [00:01<00:00, 39.36it/s]
 94%|█████████▎| 74/79 [00:01<00:00, 41.19it/s]
100%|██████████| 79/79 [00:02<00:00, 42.42it/s]
100%|██████████| 79/79 [00:02<00:00, 38.20it/s]

CommRound: 10/30
Accuracy: 86.79% | Loss: 0.5424
[####################----------------------------------------] 33.3%
Elapsed: 7.8m | Avg/Round: 46.5s | Last: 46.5s | Next: 46.5s | Remaining: 15.5m
ETA: 06:37:04
Recent round times: R1: 45.8s -> R2: 43.7s -> R3: 45.7s -> R4: 47.7s -> R5: 46.5s

  0%|          | 0/79 [00:00<?, ?it/s]
  3%|▎         | 2/79 [00:00<00:04, 19.11it/s]
  9%|▉         | 7/79 [00:00<00:02, 30.85it/s]
 15%|█▌        | 12/79 [00:00<00:01, 35.71it/s]
 20%|██        | 16/79 [00:00<00:01, 36.39it/s]
 25%|██▌       | 20/79 [00:00<00:01, 37.00it/s]
 30%|███       | 24/79 [00:00<00:01, 37.42it/s]
 35%|███▌      | 28/79 [00:00<00:01, 37.72it/s]
 41%|████      | 32/79 [00:00<00:01, 37.91it/s]
 46%|████▌     | 36/79 [00:00<00:01, 38.16it/s]
 51%|█████     | 40/79 [00:01<00:01, 38.36it/s]
 56%|█████▌    | 44/79 [00:01<00:00, 38.53it/s]
 61%|██████    | 48/79 [00:01<00:00, 38.79it/s]
 66%|██████▌   | 52/79 [00:01<00:00, 38.91it/s]
 71%|███████   | 56/79 [00:01<00:00, 38.75it/s]
 76%|███████▌  | 60/79 [00:01<00:00, 39.07it/s]
 81%|████████  | 64/79 [00:01<00:00, 39.08it/s]
 86%|████████▌ | 68/79 [00:01<00:00, 39.14it/s]
 91%|█████████ | 72/79 [00:01<00:00, 39.21it/s]
 96%|█████████▌| 76/79 [00:02<00:00, 39.25it/s]
100%|██████████| 79/79 [00:02<00:00, 38.07it/s]

CommRound: 11/30
Accuracy: 87.74% | Loss: 0.5039
[######################--------------------------------------] 36.7%
Elapsed: 8.6m | Avg/Round: 46.6s | Last: 47.9s | Next: 46.6s | Remaining: 14.8m
ETA: 06:37:08
Recent round times: R1: 43.7s -> R2: 45.7s -> R3: 47.7s -> R4: 46.5s -> R5: 47.9s

  0%|          | 0/79 [00:00<?, ?it/s]
  3%|▎         | 2/79 [00:00<00:04, 18.44it/s]
  9%|▉         | 7/79 [00:00<00:02, 29.72it/s]
 14%|█▍        | 11/79 [00:00<00:02, 33.57it/s]
 19%|█▉        | 15/79 [00:00<00:01, 35.77it/s]
 24%|██▍       | 19/79 [00:00<00:01, 36.96it/s]
 30%|███       | 24/79 [00:00<00:01, 41.05it/s]
 37%|███▋      | 29/79 [00:00<00:01, 39.65it/s]
 43%|████▎     | 34/79 [00:00<00:01, 41.83it/s]
 49%|████▉     | 39/79 [00:01<00:00, 40.37it/s]
 56%|█████▌    | 44/79 [00:01<00:00, 41.67it/s]
 62%|██████▏   | 49/79 [00:01<00:00, 40.34it/s]
 68%|██████▊   | 54/79 [00:01<00:00, 40.32it/s]
 75%|███████▍  | 59/79 [00:01<00:00, 39.05it/s]
 81%|████████  | 64/79 [00:01<00:00, 41.74it/s]
 87%|████████▋ | 69/79 [00:01<00:00, 39.80it/s]
 94%|█████████▎| 74/79 [00:01<00:00, 42.13it/s]
100%|██████████| 79/79 [00:01<00:00, 42.96it/s]
100%|██████████| 79/79 [00:01<00:00, 39.51it/s]

CommRound: 12/30
Accuracy: 88.56% | Loss: 0.4912
[########################------------------------------------] 40.0%
Elapsed: 9.3m | Avg/Round: 46.6s | Last: 46.2s | Next: 46.6s | Remaining: 14.0m
ETA: 06:37:06
Recent round times: R1: 45.7s -> R2: 47.7s -> R3: 46.5s -> R4: 47.9s -> R5: 46.2s

  0%|          | 0/79 [00:00<?, ?it/s]
  3%|▎         | 2/79 [00:00<00:04, 18.16it/s]
  9%|▉         | 7/79 [00:00<00:02, 30.01it/s]
 14%|█▍        | 11/79 [00:00<00:02, 33.69it/s]
 19%|█▉        | 15/79 [00:00<00:01, 35.88it/s]
 24%|██▍       | 19/79 [00:00<00:01, 36.91it/s]
 29%|██▉       | 23/79 [00:00<00:01, 37.47it/s]
 34%|███▍      | 27/79 [00:00<00:01, 37.80it/s]
 39%|███▉      | 31/79 [00:00<00:01, 38.23it/s]
 44%|████▍     | 35/79 [00:00<00:01, 38.29it/s]
 49%|████▉     | 39/79 [00:01<00:01, 38.22it/s]
 54%|█████▍    | 43/79 [00:01<00:00, 38.45it/s]
 59%|█████▉    | 47/79 [00:01<00:00, 38.51it/s]
 65%|██████▍   | 51/79 [00:01<00:00, 38.66it/s]
 70%|██████▉   | 55/79 [00:01<00:00, 38.48it/s]
 76%|███████▌  | 60/79 [00:01<00:00, 38.03it/s]
 81%|████████  | 64/79 [00:01<00:00, 38.40it/s]
 86%|████████▌ | 68/79 [00:01<00:00, 38.44it/s]
 91%|█████████ | 72/79 [00:01<00:00, 38.80it/s]
 96%|█████████▌| 76/79 [00:02<00:00, 38.95it/s]
100%|██████████| 79/79 [00:02<00:00, 37.59it/s]

CommRound: 13/30
Accuracy: 88.34% | Loss: 0.5134
[##########################----------------------------------] 43.3%
Elapsed: 10.1m | Avg/Round: 46.5s | Last: 45.5s | Next: 46.5s | Remaining: 13.2m
ETA: 06:37:04
Recent round times: R1: 47.7s -> R2: 46.5s -> R3: 47.9s -> R4: 46.2s -> R5: 45.5s

  0%|          | 0/79 [00:00<?, ?it/s]
  1%|▏         | 1/79 [00:00<00:08,  8.83it/s]
  9%|▉         | 7/79 [00:00<00:02, 31.53it/s]
 14%|█▍        | 11/79 [00:00<00:01, 34.43it/s]
 19%|█▉        | 15/79 [00:00<00:01, 35.79it/s]
 24%|██▍       | 19/79 [00:00<00:01, 37.03it/s]
 30%|███       | 24/79 [00:00<00:01, 40.83it/s]
 37%|███▋      | 29/79 [00:00<00:01, 38.56it/s]
 43%|████▎     | 34/79 [00:00<00:01, 41.69it/s]
 49%|████▉     | 39/79 [00:01<00:01, 39.07it/s]
 56%|█████▌    | 44/79 [00:01<00:00, 41.75it/s]
 62%|██████▏   | 49/79 [00:01<00:00, 39.31it/s]
 70%|██████▉   | 55/79 [00:01<00:00, 40.00it/s]
 77%|███████▋  | 61/79 [00:01<00:00, 40.48it/s]
 85%|████████▍ | 67/79 [00:01<00:00, 40.87it/s]
 91%|█████████ | 72/79 [00:01<00:00, 42.88it/s]
 97%|█████████▋| 77/79 [00:01<00:00, 40.95it/s]
100%|██████████| 79/79 [00:01<00:00, 39.72it/s]

CommRound: 14/30
Accuracy: 88.29% | Loss: 0.5233
[############################--------------------------------] 46.7%
Elapsed: 10.9m | Avg/Round: 46.8s | Last: 50.2s | Next: 46.8s | Remaining: 12.5m
ETA: 06:37:12
Recent round times: R1: 46.5s -> R2: 47.9s -> R3: 46.2s -> R4: 45.5s -> R5: 50.2s

  0%|          | 0/79 [00:00<?, ?it/s]
  3%|▎         | 2/79 [00:00<00:03, 19.56it/s]
  8%|▊         | 6/79 [00:00<00:02, 30.94it/s]
 13%|█▎        | 10/79 [00:00<00:02, 33.31it/s]
 18%|█▊        | 14/79 [00:00<00:01, 33.40it/s]
 23%|██▎       | 18/79 [00:00<00:01, 34.93it/s]
 28%|██▊       | 22/79 [00:00<00:01, 36.23it/s]
 33%|███▎      | 26/79 [00:00<00:01, 37.20it/s]
 38%|███▊      | 30/79 [00:00<00:01, 36.80it/s]
 43%|████▎     | 34/79 [00:00<00:01, 37.51it/s]
 48%|████▊     | 38/79 [00:01<00:01, 37.84it/s]
 53%|█████▎    | 42/79 [00:01<00:00, 38.34it/s]
 59%|█████▉    | 47/79 [00:01<00:00, 37.19it/s]
 66%|██████▌   | 52/79 [00:01<00:00, 40.00it/s]
 72%|███████▏  | 57/79 [00:01<00:00, 38.97it/s]
 78%|███████▊  | 62/79 [00:01<00:00, 39.50it/s]
 84%|████████▎ | 66/79 [00:01<00:00, 39.02it/s]
 89%|████████▊ | 70/79 [00:01<00:00, 38.83it/s]
 94%|█████████▎| 74/79 [00:01<00:00, 38.92it/s]
 99%|█████████▊| 78/79 [00:02<00:00, 38.85it/s]
100%|██████████| 79/79 [00:02<00:00, 37.55it/s]

CommRound: 15/30
Accuracy: 88.38% | Loss: 0.5246
[##############################------------------------------] 50.0%
Elapsed: 11.7m | Avg/Round: 46.6s | Last: 44.2s | Next: 46.6s | Remaining: 11.7m
ETA: 06:37:07
Recent round times: R1: 47.9s -> R2: 46.2s -> R3: 45.5s -> R4: 50.2s -> R5: 44.2s

  0%|          | 0/79 [00:00<?, ?it/s]
  3%|▎         | 2/79 [00:00<00:04, 19.06it/s]
  9%|▉         | 7/79 [00:00<00:02, 31.94it/s]
 15%|█▌        | 12/79 [00:00<00:01, 38.91it/s]
 22%|██▏       | 17/79 [00:00<00:01, 37.87it/s]
 28%|██▊       | 22/79 [00:00<00:01, 40.77it/s]
 34%|███▍      | 27/79 [00:00<00:01, 39.71it/s]
 41%|████      | 32/79 [00:00<00:01, 39.26it/s]
 46%|████▌     | 36/79 [00:00<00:01, 39.13it/s]
 51%|█████     | 40/79 [00:01<00:00, 39.02it/s]
 56%|█████▌    | 44/79 [00:01<00:00, 39.11it/s]
 61%|██████    | 48/79 [00:01<00:00, 39.20it/s]
 66%|██████▌   | 52/79 [00:01<00:00, 39.11it/s]
 71%|███████   | 56/79 [00:01<00:00, 39.16it/s]
 76%|███████▌  | 60/79 [00:01<00:00, 39.17it/s]
 81%|████████  | 64/79 [00:01<00:00, 39.22it/s]
 86%|████████▌ | 68/79 [00:01<00:00, 38.10it/s]
 91%|█████████ | 72/79 [00:01<00:00, 38.49it/s]
 97%|█████████▋| 77/79 [00:01<00:00, 41.59it/s]
100%|██████████| 79/79 [00:02<00:00, 38.94it/s]

CommRound: 16/30
Accuracy: 88.51% | Loss: 0.5270
[################################----------------------------] 53.3%
Elapsed: 12.4m | Avg/Round: 46.5s | Last: 44.9s | Next: 46.5s | Remaining: 10.9m
ETA: 06:37:04
Recent round times: R1: 46.2s -> R2: 45.5s -> R3: 50.2s -> R4: 44.2s -> R5: 44.9s

  0%|          | 0/79 [00:00<?, ?it/s]
  3%|▎         | 2/79 [00:00<00:04, 18.91it/s]
  9%|▉         | 7/79 [00:00<00:02, 29.92it/s]
 14%|█▍        | 11/79 [00:00<00:02, 33.45it/s]
 19%|█▉        | 15/79 [00:00<00:01, 35.29it/s]
 24%|██▍       | 19/79 [00:00<00:01, 36.42it/s]
 30%|███       | 24/79 [00:00<00:01, 39.96it/s]
 37%|███▋      | 29/79 [00:00<00:01, 37.43it/s]
 42%|████▏     | 33/79 [00:00<00:01, 37.90it/s]
 47%|████▋     | 37/79 [00:01<00:01, 38.24it/s]
 52%|█████▏    | 41/79 [00:01<00:00, 38.36it/s]
 57%|█████▋    | 45/79 [00:01<00:00, 38.62it/s]
 62%|██████▏   | 49/79 [00:01<00:00, 38.80it/s]
 68%|██████▊   | 54/79 [00:01<00:00, 41.38it/s]
 75%|███████▍  | 59/79 [00:01<00:00, 39.62it/s]
 81%|████████  | 64/79 [00:01<00:00, 40.11it/s]
 87%|████████▋ | 69/79 [00:01<00:00, 40.17it/s]
 94%|█████████▎| 74/79 [00:01<00:00, 38.74it/s]
 99%|█████████▊| 78/79 [00:02<00:00, 38.74it/s]
100%|██████████| 79/79 [00:02<00:00, 38.18it/s]

CommRound: 17/30
Accuracy: 88.57% | Loss: 0.5293
[##################################--------------------------] 56.7%
Elapsed: 13.2m | Avg/Round: 46.7s | Last: 49.3s | Next: 46.7s | Remaining: 10.1m
ETA: 06:37:08
Recent round times: R1: 45.5s -> R2: 50.2s -> R3: 44.2s -> R4: 44.9s -> R5: 49.3s

  0%|          | 0/79 [00:00<?, ?it/s]
  1%|▏         | 1/79 [00:00<00:08,  9.41it/s]
  8%|▊         | 6/79 [00:00<00:02, 31.32it/s]
 13%|█▎        | 10/79 [00:00<00:02, 34.07it/s]
 18%|█▊        | 14/79 [00:00<00:01, 35.30it/s]
 23%|██▎       | 18/79 [00:00<00:01, 35.97it/s]
 28%|██▊       | 22/79 [00:00<00:01, 36.13it/s]
 33%|███▎      | 26/79 [00:00<00:01, 36.42it/s]
 38%|███▊      | 30/79 [00:00<00:01, 36.62it/s]
 43%|████▎     | 34/79 [00:00<00:01, 36.36it/s]
 48%|████▊     | 38/79 [00:01<00:01, 36.49it/s]
 53%|█████▎    | 42/79 [00:01<00:00, 37.48it/s]
 58%|█████▊    | 46/79 [00:01<00:00, 37.82it/s]
 63%|██████▎   | 50/79 [00:01<00:00, 37.73it/s]
 68%|██████▊   | 54/79 [00:01<00:00, 37.93it/s]
 75%|███████▍  | 59/79 [00:01<00:00, 37.17it/s]
 80%|███████▉  | 63/79 [00:01<00:00, 37.80it/s]
 86%|████████▌ | 68/79 [00:01<00:00, 38.78it/s]
 91%|█████████ | 72/79 [00:01<00:00, 38.61it/s]
 96%|█████████▌| 76/79 [00:02<00:00, 38.51it/s]
100%|██████████| 79/79 [00:02<00:00, 37.01it/s]

CommRound: 18/30
Accuracy: 88.63% | Loss: 0.5316
[####################################------------------------] 60.0%
Elapsed: 14.0m | Avg/Round: 46.7s | Last: 46.3s | Next: 46.7s | Remaining: 9.3m
ETA: 06:37:08
Recent round times: R1: 50.2s -> R2: 44.2s -> R3: 44.9s -> R4: 49.3s -> R5: 46.3s

  0%|          | 0/79 [00:00<?, ?it/s]
  1%|▏         | 1/79 [00:00<00:08,  9.62it/s]
  8%|▊         | 6/79 [00:00<00:02, 32.24it/s]
 13%|█▎        | 10/79 [00:00<00:01, 35.07it/s]
 18%|█▊        | 14/79 [00:00<00:01, 36.05it/s]
 23%|██▎       | 18/79 [00:00<00:01, 36.61it/s]
 28%|██▊       | 22/79 [00:00<00:01, 37.51it/s]
 33%|███▎      | 26/79 [00:00<00:01, 37.89it/s]
 38%|███▊      | 30/79 [00:00<00:01, 38.30it/s]
 44%|████▍     | 35/79 [00:00<00:01, 37.00it/s]
 49%|████▉     | 39/79 [00:01<00:01, 37.48it/s]
 54%|█████▍    | 43/79 [00:01<00:00, 37.64it/s]
 59%|█████▉    | 47/79 [00:01<00:00, 37.98it/s]
 65%|██████▍   | 51/79 [00:01<00:00, 38.15it/s]
 70%|██████▉   | 55/79 [00:01<00:00, 38.06it/s]
 75%|███████▍  | 59/79 [00:01<00:00, 38.40it/s]
 80%|███████▉  | 63/79 [00:01<00:00, 38.50it/s]
 85%|████████▍ | 67/79 [00:01<00:00, 38.61it/s]
 90%|████████▉ | 71/79 [00:01<00:00, 38.54it/s]
 95%|█████████▍| 75/79 [00:02<00:00, 38.64it/s]
100%|██████████| 79/79 [00:02<00:00, 37.79it/s]

CommRound: 19/30
Accuracy: 88.66% | Loss: 0.5338
[######################################----------------------] 63.3%
Elapsed: 14.7m | Avg/Round: 46.4s | Last: 41.6s | Next: 46.4s | Remaining: 8.5m
ETA: 06:37:00
Recent round times: R1: 44.2s -> R2: 44.9s -> R3: 49.3s -> R4: 46.3s -> R5: 41.6s

  0%|          | 0/79 [00:00<?, ?it/s]
  3%|▎         | 2/79 [00:00<00:04, 18.71it/s]
  9%|▉         | 7/79 [00:00<00:02, 29.26it/s]
 14%|█▍        | 11/79 [00:00<00:02, 32.92it/s]
 19%|█▉        | 15/79 [00:00<00:01, 35.04it/s]
 24%|██▍       | 19/79 [00:00<00:01, 36.21it/s]
 29%|██▉       | 23/79 [00:00<00:01, 37.18it/s]
 34%|███▍      | 27/79 [00:00<00:01, 37.71it/s]
 39%|███▉      | 31/79 [00:00<00:01, 38.09it/s]
 44%|████▍     | 35/79 [00:00<00:01, 38.33it/s]
 49%|████▉     | 39/79 [00:01<00:01, 38.52it/s]
 54%|█████▍    | 43/79 [00:01<00:00, 38.51it/s]
 59%|█████▉    | 47/79 [00:01<00:00, 38.68it/s]
 65%|██████▍   | 51/79 [00:01<00:00, 38.80it/s]
 70%|██████▉   | 55/79 [00:01<00:00, 38.99it/s]
 75%|███████▍  | 59/79 [00:01<00:00, 39.09it/s]
 80%|███████▉  | 63/79 [00:01<00:00, 39.31it/s]
 85%|████████▍ | 67/79 [00:01<00:00, 39.29it/s]
 90%|████████▉ | 71/79 [00:01<00:00, 39.29it/s]
 95%|█████████▍| 75/79 [00:01<00:00, 39.22it/s]
100%|██████████| 79/79 [00:02<00:00, 38.23it/s]

CommRound: 20/30
Accuracy: 88.70% | Loss: 0.5360
[########################################--------------------] 66.7%
Elapsed: 15.5m | Avg/Round: 46.5s | Last: 49.1s | Next: 46.5s | Remaining: 7.8m
ETA: 06:37:04
Recent round times: R1: 44.9s -> R2: 49.3s -> R3: 46.3s -> R4: 41.6s -> R5: 49.1s

  0%|          | 0/79 [00:00<?, ?it/s]
  1%|▏         | 1/79 [00:00<00:08,  9.62it/s]
  8%|▊         | 6/79 [00:00<00:02, 32.17it/s]
 13%|█▎        | 10/79 [00:00<00:01, 35.07it/s]
 18%|█▊        | 14/79 [00:00<00:01, 36.22it/s]
 23%|██▎       | 18/79 [00:00<00:01, 36.99it/s]
 28%|██▊       | 22/79 [00:00<00:01, 37.30it/s]
 33%|███▎      | 26/79 [00:00<00:01, 37.59it/s]
 38%|███▊      | 30/79 [00:00<00:01, 37.79it/s]
 43%|████▎     | 34/79 [00:00<00:01, 38.21it/s]
 48%|████▊     | 38/79 [00:01<00:01, 38.42it/s]
 53%|█████▎    | 42/79 [00:01<00:00, 38.82it/s]
 58%|█████▊    | 46/79 [00:01<00:00, 38.89it/s]
 63%|██████▎   | 50/79 [00:01<00:00, 38.83it/s]
 68%|██████▊   | 54/79 [00:01<00:00, 39.04it/s]
 73%|███████▎  | 58/79 [00:01<00:00, 37.88it/s]
 80%|███████▉  | 63/79 [00:01<00:00, 37.13it/s]
 85%|████████▍ | 67/79 [00:01<00:00, 37.57it/s]
 90%|████████▉ | 71/79 [00:01<00:00, 38.10it/s]
 95%|█████████▍| 75/79 [00:02<00:00, 38.39it/s]
100%|██████████| 79/79 [00:02<00:00, 37.89it/s]

CommRound: 21/30
Accuracy: 88.78% | Loss: 0.5380
[##########################################------------------] 70.0%
Elapsed: 16.4m | Avg/Round: 46.7s | Last: 51.3s | Next: 46.7s | Remaining: 7.0m
ETA: 06:37:11
Recent round times: R1: 49.3s -> R2: 46.3s -> R3: 41.6s -> R4: 49.1s -> R5: 51.3s

  0%|          | 0/79 [00:00<?, ?it/s]
  1%|▏         | 1/79 [00:00<00:07,  9.79it/s]
  6%|▋         | 5/79 [00:00<00:02, 27.39it/s]
 11%|█▏        | 9/79 [00:00<00:02, 32.12it/s]
 16%|█▋        | 13/79 [00:00<00:01, 34.09it/s]
 22%|██▏       | 17/79 [00:00<00:01, 35.26it/s]
 27%|██▋       | 21/79 [00:00<00:01, 35.77it/s]
 32%|███▏      | 25/79 [00:00<00:01, 36.75it/s]
 37%|███▋      | 29/79 [00:00<00:01, 37.57it/s]
 42%|████▏     | 33/79 [00:00<00:01, 38.27it/s]
 47%|████▋     | 37/79 [00:01<00:01, 38.43it/s]
 52%|█████▏    | 41/79 [00:01<00:00, 38.66it/s]
 57%|█████▋    | 45/79 [00:01<00:00, 38.53it/s]
 62%|██████▏   | 49/79 [00:01<00:00, 38.92it/s]
 67%|██████▋   | 53/79 [00:01<00:00, 39.10it/s]
 72%|███████▏  | 57/79 [00:01<00:00, 39.25it/s]
 77%|███████▋  | 61/79 [00:01<00:00, 39.13it/s]
 82%|████████▏ | 65/79 [00:01<00:00, 38.38it/s]
 87%|████████▋ | 69/79 [00:01<00:00, 38.18it/s]
 92%|█████████▏| 73/79 [00:01<00:00, 38.70it/s]
 97%|█████████▋| 77/79 [00:02<00:00, 38.44it/s]
100%|██████████| 79/79 [00:02<00:00, 37.72it/s]

CommRound: 22/30
Accuracy: 88.87% | Loss: 0.5397
[############################################----------------] 73.3%
Elapsed: 17.2m | Avg/Round: 47.0s | Last: 52.0s | Next: 47.0s | Remaining: 6.3m
ETA: 06:37:18
Recent round times: R1: 46.3s -> R2: 41.6s -> R3: 49.1s -> R4: 51.3s -> R5: 52.0s

  0%|          | 0/79 [00:00<?, ?it/s]
  1%|▏         | 1/79 [00:00<00:09,  8.46it/s]
  9%|▉         | 7/79 [00:00<00:02, 33.29it/s]
 15%|█▌        | 12/79 [00:00<00:01, 37.26it/s]
 20%|██        | 16/79 [00:00<00:01, 37.69it/s]
 25%|██▌       | 20/79 [00:00<00:01, 38.24it/s]
 32%|███▏      | 25/79 [00:00<00:01, 40.71it/s]
 38%|███▊      | 30/79 [00:00<00:01, 38.76it/s]
 44%|████▍     | 35/79 [00:00<00:01, 41.72it/s]
 51%|█████     | 40/79 [00:01<00:00, 39.19it/s]
 57%|█████▋    | 45/79 [00:01<00:00, 42.03it/s]
 63%|██████▎   | 50/79 [00:01<00:00, 39.41it/s]
 70%|██████▉   | 55/79 [00:01<00:00, 41.49it/s]
 76%|███████▌  | 60/79 [00:01<00:00, 38.34it/s]
 81%|████████  | 64/79 [00:01<00:00, 38.50it/s]
 86%|████████▌ | 68/79 [00:01<00:00, 38.58it/s]
 91%|█████████ | 72/79 [00:01<00:00, 38.19it/s]
 96%|█████████▌| 76/79 [00:01<00:00, 38.29it/s]
100%|██████████| 79/79 [00:02<00:00, 38.55it/s]

CommRound: 23/30
Accuracy: 88.89% | Loss: 0.5414
[##############################################--------------] 76.7%
Elapsed: 18.0m | Avg/Round: 46.9s | Last: 45.1s | Next: 46.9s | Remaining: 5.5m
ETA: 06:37:16
Recent round times: R1: 41.6s -> R2: 49.1s -> R3: 51.3s -> R4: 52.0s -> R5: 45.1s

  0%|          | 0/79 [00:00<?, ?it/s]
  1%|▏         | 1/79 [00:00<00:09,  8.57it/s]
  9%|▉         | 7/79 [00:00<00:02, 33.15it/s]
 14%|█▍        | 11/79 [00:00<00:01, 35.94it/s]
 19%|█▉        | 15/79 [00:00<00:01, 37.38it/s]
 24%|██▍       | 19/79 [00:00<00:01, 38.12it/s]
 30%|███       | 24/79 [00:00<00:01, 39.84it/s]
 35%|███▌      | 28/79 [00:00<00:01, 39.75it/s]
 41%|████      | 32/79 [00:00<00:01, 39.66it/s]
 47%|████▋     | 37/79 [00:00<00:01, 39.70it/s]
 52%|█████▏    | 41/79 [00:01<00:00, 39.53it/s]
 58%|█████▊    | 46/79 [00:01<00:00, 40.33it/s]
 65%|██████▍   | 51/79 [00:01<00:00, 40.13it/s]
 71%|███████   | 56/79 [00:01<00:00, 39.23it/s]
 76%|███████▌  | 60/79 [00:01<00:00, 38.75it/s]
 81%|████████  | 64/79 [00:01<00:00, 38.81it/s]
 86%|████████▌ | 68/79 [00:01<00:00, 38.61it/s]
 91%|█████████ | 72/79 [00:01<00:00, 38.50it/s]
 96%|█████████▌| 76/79 [00:01<00:00, 38.77it/s]
100%|██████████| 79/79 [00:02<00:00, 38.40it/s]

CommRound: 24/30
Accuracy: 88.93% | Loss: 0.5431
[################################################------------] 80.0%
Elapsed: 18.8m | Avg/Round: 47.0s | Last: 48.6s | Next: 47.0s | Remaining: 4.7m
ETA: 06:37:18
Recent round times: R1: 49.1s -> R2: 51.3s -> R3: 52.0s -> R4: 45.1s -> R5: 48.6s

  0%|          | 0/79 [00:00<?, ?it/s]
  1%|▏         | 1/79 [00:00<00:09,  8.07it/s]
  8%|▊         | 6/79 [00:00<00:02, 29.77it/s]
 13%|█▎        | 10/79 [00:00<00:02, 32.88it/s]
 18%|█▊        | 14/79 [00:00<00:01, 33.27it/s]
 23%|██▎       | 18/79 [00:00<00:01, 33.28it/s]
 28%|██▊       | 22/79 [00:00<00:01, 33.31it/s]
 33%|███▎      | 26/79 [00:00<00:01, 32.97it/s]
 38%|███▊      | 30/79 [00:00<00:01, 33.02it/s]
 43%|████▎     | 34/79 [00:01<00:01, 33.10it/s]
 48%|████▊     | 38/79 [00:01<00:01, 34.28it/s]
 53%|█████▎    | 42/79 [00:01<00:01, 34.32it/s]
 58%|█████▊    | 46/79 [00:01<00:00, 34.94it/s]
 63%|██████▎   | 50/79 [00:01<00:00, 34.45it/s]
 68%|██████▊   | 54/79 [00:01<00:00, 34.74it/s]
 73%|███████▎  | 58/79 [00:01<00:00, 32.74it/s]
 78%|███████▊  | 62/79 [00:01<00:00, 33.51it/s]
 84%|████████▎ | 66/79 [00:01<00:00, 33.99it/s]
 89%|████████▊ | 70/79 [00:02<00:00, 34.21it/s]
 94%|█████████▎| 74/79 [00:02<00:00, 34.42it/s]
 99%|█████████▊| 78/79 [00:02<00:00, 34.62it/s]
100%|██████████| 79/79 [00:02<00:00, 33.51it/s]

CommRound: 25/30
Accuracy: 88.94% | Loss: 0.5447
[##################################################----------] 83.3%
Elapsed: 19.5m | Avg/Round: 46.7s | Last: 40.6s | Next: 46.7s | Remaining: 3.9m
ETA: 06:37:10
Recent round times: R1: 51.3s -> R2: 52.0s -> R3: 45.1s -> R4: 48.6s -> R5: 40.6s

  0%|          | 0/79 [00:00<?, ?it/s]
  3%|▎         | 2/79 [00:00<00:04, 18.84it/s]
  9%|▉         | 7/79 [00:00<00:02, 31.38it/s]
 15%|█▌        | 12/79 [00:00<00:01, 35.27it/s]
 20%|██        | 16/79 [00:00<00:01, 36.18it/s]
 25%|██▌       | 20/79 [00:00<00:01, 36.91it/s]
 30%|███       | 24/79 [00:00<00:01, 37.62it/s]
 35%|███▌      | 28/79 [00:00<00:01, 37.96it/s]
 41%|████      | 32/79 [00:00<00:01, 38.53it/s]
 46%|████▌     | 36/79 [00:00<00:01, 38.83it/s]
 52%|█████▏    | 41/79 [00:01<00:00, 41.87it/s]
 58%|█████▊    | 46/79 [00:01<00:00, 40.08it/s]
 65%|██████▍   | 51/79 [00:01<00:00, 42.83it/s]
 71%|███████   | 56/79 [00:01<00:00, 40.59it/s]
 77%|███████▋  | 61/79 [00:01<00:00, 41.82it/s]
 84%|████████▎ | 66/79 [00:01<00:00, 40.43it/s]
 90%|████████▉ | 71/79 [00:01<00:00, 40.50it/s]
 96%|█████████▌| 76/79 [00:01<00:00, 40.15it/s]
100%|██████████| 79/79 [00:02<00:00, 39.21it/s]

CommRound: 26/30
Accuracy: 88.97% | Loss: 0.5462
[####################################################--------] 86.7%
Elapsed: 20.0m | Avg/Round: 46.2s | Last: 33.6s | Next: 46.2s | Remaining: 3.1m
ETA: 06:36:55
Recent round times: R1: 52.0s -> R2: 45.1s -> R3: 48.6s -> R4: 40.6s -> R5: 33.6s

  0%|          | 0/79 [00:00<?, ?it/s]
  3%|▎         | 2/79 [00:00<00:04, 18.84it/s]
  9%|▉         | 7/79 [00:00<00:02, 30.14it/s]
 14%|█▍        | 11/79 [00:00<00:02, 33.75it/s]
 20%|██        | 16/79 [00:00<00:01, 36.86it/s]
 27%|██▋       | 21/79 [00:00<00:01, 37.89it/s]
 33%|███▎      | 26/79 [00:00<00:01, 39.97it/s]
 38%|███▊      | 30/79 [00:00<00:01, 39.70it/s]
 44%|████▍     | 35/79 [00:00<00:01, 38.35it/s]
 49%|████▉     | 39/79 [00:01<00:01, 38.64it/s]
 54%|█████▍    | 43/79 [00:01<00:00, 37.81it/s]
 59%|█████▉    | 47/79 [00:01<00:00, 36.63it/s]
 65%|██████▍   | 51/79 [00:01<00:00, 36.90it/s]
 71%|███████   | 56/79 [00:01<00:00, 40.19it/s]
 77%|███████▋  | 61/79 [00:01<00:00, 38.80it/s]
 84%|████████▎ | 66/79 [00:01<00:00, 41.29it/s]
 90%|████████▉ | 71/79 [00:01<00:00, 39.44it/s]
 96%|█████████▌| 76/79 [00:01<00:00, 41.72it/s]
100%|██████████| 79/79 [00:02<00:00, 38.70it/s]

CommRound: 27/30
Accuracy: 88.98% | Loss: 0.5477
[######################################################------] 90.0%
Elapsed: 20.7m | Avg/Round: 46.1s | Last: 42.3s | Next: 46.1s | Remaining: 2.3m
ETA: 06:36:51
Recent round times: R1: 45.1s -> R2: 48.6s -> R3: 40.6s -> R4: 33.6s -> R5: 42.3s

  0%|          | 0/79 [00:00<?, ?it/s]
  1%|▏         | 1/79 [00:00<00:08,  9.60it/s]
  6%|▋         | 5/79 [00:00<00:02, 26.27it/s]
 11%|█▏        | 9/79 [00:00<00:02, 30.72it/s]
 16%|█▋        | 13/79 [00:00<00:02, 32.86it/s]
 22%|██▏       | 17/79 [00:00<00:01, 33.61it/s]
 27%|██▋       | 21/79 [00:00<00:01, 34.34it/s]
 32%|███▏      | 25/79 [00:00<00:01, 35.01it/s]
 37%|███▋      | 29/79 [00:00<00:01, 36.41it/s]
 43%|████▎     | 34/79 [00:00<00:01, 39.71it/s]
 49%|████▉     | 39/79 [00:01<00:01, 38.98it/s]
 54%|█████▍    | 43/79 [00:01<00:00, 39.25it/s]
 61%|██████    | 48/79 [00:01<00:00, 41.71it/s]
 67%|██████▋   | 53/79 [00:01<00:00, 39.99it/s]
 73%|███████▎  | 58/79 [00:01<00:00, 40.68it/s]
 80%|███████▉  | 63/79 [00:01<00:00, 40.44it/s]
 86%|████████▌ | 68/79 [00:01<00:00, 38.69it/s]
 91%|█████████ | 72/79 [00:01<00:00, 38.49it/s]
 96%|█████████▌| 76/79 [00:02<00:00, 38.74it/s]
100%|██████████| 79/79 [00:02<00:00, 37.41it/s]

CommRound: 28/30
Accuracy: 89.02% | Loss: 0.5491
[########################################################----] 93.3%
Elapsed: 21.7m | Avg/Round: 46.4s | Last: 55.1s | Next: 46.4s | Remaining: 1.5m
ETA: 06:37:00
Recent round times: R1: 48.6s -> R2: 40.6s -> R3: 33.6s -> R4: 42.3s -> R5: 55.1s

  0%|          | 0/79 [00:00<?, ?it/s]
  1%|▏         | 1/79 [00:00<00:08,  9.41it/s]
  8%|▊         | 6/79 [00:00<00:02, 32.12it/s]
 13%|█▎        | 10/79 [00:00<00:01, 34.64it/s]
 18%|█▊        | 14/79 [00:00<00:01, 36.00it/s]
 23%|██▎       | 18/79 [00:00<00:01, 36.46it/s]
 28%|██▊       | 22/79 [00:00<00:01, 37.00it/s]
 33%|███▎      | 26/79 [00:00<00:01, 37.31it/s]
 38%|███▊      | 30/79 [00:00<00:01, 37.39it/s]
 43%|████▎     | 34/79 [00:00<00:01, 37.87it/s]
 48%|████▊     | 38/79 [00:01<00:01, 38.01it/s]
 53%|█████▎    | 42/79 [00:01<00:00, 37.95it/s]
 59%|█████▉    | 47/79 [00:01<00:00, 37.66it/s]
 66%|██████▌   | 52/79 [00:01<00:00, 40.82it/s]
 72%|███████▏  | 57/79 [00:01<00:00, 39.54it/s]
 78%|███████▊  | 62/79 [00:01<00:00, 42.07it/s]
 85%|████████▍ | 67/79 [00:01<00:00, 40.51it/s]
 91%|█████████ | 72/79 [00:01<00:00, 42.72it/s]
 97%|█████████▋| 77/79 [00:02<00:00, 40.86it/s]
100%|██████████| 79/79 [00:02<00:00, 38.77it/s]

CommRound: 29/30
Accuracy: 89.05% | Loss: 0.5506
[##########################################################--] 96.7%
Elapsed: 22.4m | Avg/Round: 46.3s | Last: 42.5s | Next: 46.3s | Remaining: 0.8m
ETA: 06:36:56
Recent round times: R1: 40.6s -> R2: 33.6s -> R3: 42.3s -> R4: 55.1s -> R5: 42.5s

  0%|          | 0/79 [00:00<?, ?it/s]
  3%|▎         | 2/79 [00:00<00:03, 19.28it/s]
  8%|▊         | 6/79 [00:00<00:02, 30.64it/s]
 13%|█▎        | 10/79 [00:00<00:02, 34.10it/s]
 18%|█▊        | 14/79 [00:00<00:01, 35.82it/s]
 23%|██▎       | 18/79 [00:00<00:01, 37.01it/s]
 28%|██▊       | 22/79 [00:00<00:01, 37.87it/s]
 33%|███▎      | 26/79 [00:00<00:01, 38.01it/s]
 39%|███▉      | 31/79 [00:00<00:01, 40.99it/s]
 46%|████▌     | 36/79 [00:00<00:01, 38.82it/s]
 52%|█████▏    | 41/79 [00:01<00:00, 40.67it/s]
 58%|█████▊    | 46/79 [00:01<00:00, 38.49it/s]
 63%|██████▎   | 50/79 [00:01<00:00, 38.15it/s]
 68%|██████▊   | 54/79 [00:01<00:00, 37.05it/s]
 73%|███████▎  | 58/79 [00:01<00:00, 37.10it/s]
 78%|███████▊  | 62/79 [00:01<00:00, 36.74it/s]
 84%|████████▎ | 66/79 [00:01<00:00, 37.28it/s]
 90%|████████▉ | 71/79 [00:01<00:00, 40.38it/s]
 96%|█████████▌| 76/79 [00:02<00:00, 39.00it/s]
100%|██████████| 79/79 [00:02<00:00, 38.05it/s]

CommRound: 30/30
Accuracy: 89.10% | Loss: 0.5520
[############################################################] 100.0%
Elapsed: 23.3m | Avg/Round: 46.5s | Last: 53.5s | Next: 46.5s | Remaining: 0.0m
ETA: 06:37:04
Recent round times: R1: 33.6s -> R2: 42.3s -> R3: 55.1s -> R4: 42.5s -> R5: 53.5s
Total time for experiment: 1395.2072677612305 seconds
Device average training time per communication round [s]:
    rpi (sld-rpi-09.ece.utexas.edu): 5.22 seconds
    mc1 (sld-mc1-09.ece.utexas.edu): 43.34 seconds
