Connecting to sld-rpi-09.ece.utexas.edu...
Successfully fetched dev0_pow_temp_log_exp116_run1.csv.
Connecting to sld-rpi-09.ece.utexas.edu...
Successfully fetched dev0_communication_log_exp116_run1.csv.
Connecting to sld-mc1-09.ece.utexas.edu...
Successfully fetched dev1_pow_temp_log_exp116_run1.csv.
Connecting to sld-mc1-09.ece.utexas.edu...
Successfully fetched dev1_communication_log_exp116_run1.csv.

Exp116
Experiment 116: 
	Global test accuracy [%]: 88.03 %
	No round found where all subsequent rounds have accuracy >= 90.00%.
	Average time per communication round [s]: 47.35 seconds
	Total wall clock time [s]: 1,249.08 seconds


Experiment 116:
	RPi avg. energy consumption per round [J]: 62.06 Joules
	MC1 avg. energy consumption per round [J]: 289.70 Joules
	Total avg. energy consumption per communication round [J]: 351.76 Joules
	Avg. amount of communicated data per communication round [MB]: 0.08 MB
	RPi avg. power consumption per round [W]: 5.71 Watts
	MC1 avg. power consumption per round [W]: 7.34 Watts
