Connecting to sld-rpi-09.ece.utexas.edu...
Successfully fetched dev0_pow_temp_log_exp203_run1.csv.
Connecting to sld-rpi-09.ece.utexas.edu...
Successfully fetched dev0_communication_log_exp203_run1.csv.
Connecting to sld-mc1-09.ece.utexas.edu...
Successfully fetched dev1_pow_temp_log_exp203_run1.csv.
Connecting to sld-mc1-09.ece.utexas.edu...
Successfully fetched dev1_communication_log_exp203_run1.csv.

Exp203
Experiment 203: 
	Global test accuracy [%]: 89.99 %
	No round found where all subsequent rounds have accuracy >= 90.00%.
	Average time per communication round [s]: 10.48 seconds
	Total wall clock time [s]: 238.75 seconds


Experiment 203:
	RPi avg. energy consumption per round [J]: 38.26 Joules
	MC1 avg. energy consumption per round [J]: 24.19 Joules
	Total avg. energy consumption per communication round [J]: 62.45 Joules
	Avg. amount of communicated data per communication round [MB]: 0.09 MB
	RPi avg. power consumption per round [W]: 5.40 Watts
	MC1 avg. power consumption per round [W]: 6.12 Watts
