
  0%|          | 0/79 [00:00<?, ?it/s]
  4%|▍         | 3/79 [00:00<00:03, 22.36it/s]
 10%|█         | 8/79 [00:00<00:02, 34.87it/s]
 15%|█▌        | 12/79 [00:00<00:01, 36.82it/s]
 22%|██▏       | 17/79 [00:00<00:01, 37.55it/s]
 28%|██▊       | 22/79 [00:00<00:01, 39.36it/s]
 34%|███▍      | 27/79 [00:00<00:01, 39.41it/s]
 41%|████      | 32/79 [00:00<00:01, 40.54it/s]
 47%|████▋     | 37/79 [00:00<00:01, 40.30it/s]
 53%|█████▎    | 42/79 [00:01<00:00, 41.38it/s]
 59%|█████▉    | 47/79 [00:01<00:00, 40.45it/s]
 66%|██████▌   | 52/79 [00:01<00:00, 41.63it/s]
 72%|███████▏  | 57/79 [00:01<00:00, 40.49it/s]
 78%|███████▊  | 62/79 [00:01<00:00, 42.76it/s]
 85%|████████▍ | 67/79 [00:01<00:00, 40.57it/s]
 91%|█████████ | 72/79 [00:01<00:00, 43.01it/s]
 97%|█████████▋| 77/79 [00:01<00:00, 40.73it/s]
100%|██████████| 79/79 [00:01<00:00, 40.58it/s]
Initial Accuracy: 9.54%; Initial Loss: 2.3027

  0%|          | 0/79 [00:00<?, ?it/s]
  3%|▎         | 2/79 [00:00<00:04, 19.15it/s]
  9%|▉         | 7/79 [00:00<00:02, 33.07it/s]
 15%|█▌        | 12/79 [00:00<00:01, 39.32it/s]
 22%|██▏       | 17/79 [00:00<00:01, 38.82it/s]
 28%|██▊       | 22/79 [00:00<00:01, 40.50it/s]
 34%|███▍      | 27/79 [00:00<00:01, 40.73it/s]
 41%|████      | 32/79 [00:00<00:01, 41.15it/s]
 47%|████▋     | 37/79 [00:00<00:00, 42.06it/s]
 53%|█████▎    | 42/79 [00:01<00:00, 41.40it/s]
 59%|█████▉    | 47/79 [00:01<00:00, 42.91it/s]
 66%|██████▌   | 52/79 [00:01<00:00, 41.00it/s]
 72%|███████▏  | 57/79 [00:01<00:00, 40.66it/s]
 78%|███████▊  | 62/79 [00:01<00:00, 41.53it/s]
 85%|████████▍ | 67/79 [00:01<00:00, 41.67it/s]
 91%|█████████ | 72/79 [00:01<00:00, 42.00it/s]
 97%|█████████▋| 77/79 [00:01<00:00, 42.51it/s]
100%|██████████| 79/79 [00:01<00:00, 40.86it/s]

CommRound: 1/30
Accuracy: 46.06% | Loss: 1.6828
[##----------------------------------------------------------] 3.3%
Elapsed: 0.2m | Avg/Round: 11.6s | Last: 9.6s | Next: 11.6s | Remaining: 5.6m
ETA: 18:59:42
Recent round times: R1: 9.6s

  0%|          | 0/79 [00:00<?, ?it/s]
  3%|▎         | 2/79 [00:00<00:04, 18.61it/s]
  9%|▉         | 7/79 [00:00<00:02, 31.76it/s]
 15%|█▌        | 12/79 [00:00<00:01, 35.06it/s]
 22%|██▏       | 17/79 [00:00<00:01, 35.75it/s]
 27%|██▋       | 21/79 [00:00<00:01, 35.86it/s]
 32%|███▏      | 25/79 [00:00<00:01, 36.22it/s]
 38%|███▊      | 30/79 [00:00<00:01, 40.20it/s]
 44%|████▍     | 35/79 [00:00<00:01, 38.02it/s]
 52%|█████▏    | 41/79 [00:01<00:00, 39.09it/s]
 59%|█████▉    | 47/79 [00:01<00:00, 39.86it/s]
 66%|██████▌   | 52/79 [00:01<00:00, 41.46it/s]
 72%|███████▏  | 57/79 [00:01<00:00, 39.98it/s]
 78%|███████▊  | 62/79 [00:01<00:00, 42.33it/s]
 85%|████████▍ | 67/79 [00:01<00:00, 39.39it/s]
 91%|█████████ | 72/79 [00:01<00:00, 41.95it/s]
 97%|█████████▋| 77/79 [00:01<00:00, 39.58it/s]
100%|██████████| 79/79 [00:02<00:00, 39.21it/s]

CommRound: 2/30
Accuracy: 61.72% | Loss: 1.1290
[####--------------------------------------------------------] 6.7%
Elapsed: 0.4m | Avg/Round: 10.8s | Last: 10.0s | Next: 10.8s | Remaining: 5.0m
ETA: 18:59:18
Recent round times: R1: 9.6s -> R2: 10.0s

  0%|          | 0/79 [00:00<?, ?it/s]
  1%|▏         | 1/79 [00:00<00:08,  9.15it/s]
  8%|▊         | 6/79 [00:00<00:02, 32.26it/s]
 13%|█▎        | 10/79 [00:00<00:02, 33.83it/s]
 18%|█▊        | 14/79 [00:00<00:01, 34.66it/s]
 23%|██▎       | 18/79 [00:00<00:01, 35.05it/s]
 28%|██▊       | 22/79 [00:00<00:01, 35.51it/s]
 33%|███▎      | 26/79 [00:00<00:01, 35.73it/s]
 38%|███▊      | 30/79 [00:00<00:01, 35.92it/s]
 43%|████▎     | 34/79 [00:00<00:01, 35.91it/s]
 48%|████▊     | 38/79 [00:01<00:01, 35.93it/s]
 53%|█████▎    | 42/79 [00:01<00:01, 36.08it/s]
 58%|█████▊    | 46/79 [00:01<00:00, 35.69it/s]
 63%|██████▎   | 50/79 [00:01<00:00, 36.36it/s]
 68%|██████▊   | 54/79 [00:01<00:00, 36.61it/s]
 73%|███████▎  | 58/79 [00:01<00:00, 36.56it/s]
 78%|███████▊  | 62/79 [00:01<00:00, 36.67it/s]
 85%|████████▍ | 67/79 [00:01<00:00, 36.38it/s]
 92%|█████████▏| 73/79 [00:02<00:00, 38.37it/s]
 97%|█████████▋| 77/79 [00:02<00:00, 36.17it/s]
100%|██████████| 79/79 [00:02<00:00, 36.16it/s]

CommRound: 3/30
Accuracy: 65.14% | Loss: 0.9578
[######------------------------------------------------------] 10.0%
Elapsed: 0.5m | Avg/Round: 10.5s | Last: 9.8s | Next: 10.5s | Remaining: 4.7m
ETA: 18:59:09
Recent round times: R1: 9.6s -> R2: 10.0s -> R3: 9.8s

  0%|          | 0/79 [00:00<?, ?it/s]
  1%|▏         | 1/79 [00:00<00:08,  9.05it/s]
  8%|▊         | 6/79 [00:00<00:02, 31.23it/s]
 13%|█▎        | 10/79 [00:00<00:02, 32.68it/s]
 18%|█▊        | 14/79 [00:00<00:01, 32.97it/s]
 24%|██▍       | 19/79 [00:00<00:01, 37.08it/s]
 30%|███       | 24/79 [00:00<00:01, 36.97it/s]
 37%|███▋      | 29/79 [00:00<00:01, 40.54it/s]
 43%|████▎     | 34/79 [00:00<00:01, 38.68it/s]
 51%|█████     | 40/79 [00:01<00:00, 39.65it/s]
 57%|█████▋    | 45/79 [00:01<00:00, 41.85it/s]
 63%|██████▎   | 50/79 [00:01<00:00, 40.29it/s]
 70%|██████▉   | 55/79 [00:01<00:00, 40.93it/s]
 76%|███████▌  | 60/79 [00:01<00:00, 41.31it/s]
 82%|████████▏ | 65/79 [00:01<00:00, 41.21it/s]
 89%|████████▊ | 70/79 [00:01<00:00, 42.08it/s]
 95%|█████████▍| 75/79 [00:01<00:00, 41.73it/s]
100%|██████████| 79/79 [00:01<00:00, 39.54it/s]

CommRound: 4/30
Accuracy: 68.52% | Loss: 0.8846
[########----------------------------------------------------] 13.3%
Elapsed: 0.7m | Avg/Round: 10.3s | Last: 9.9s | Next: 10.3s | Remaining: 4.5m
ETA: 18:59:05
Recent round times: R1: 9.6s -> R2: 10.0s -> R3: 9.8s -> R4: 9.9s

  0%|          | 0/79 [00:00<?, ?it/s]
  1%|▏         | 1/79 [00:00<00:08,  9.57it/s]
  6%|▋         | 5/79 [00:00<00:02, 26.49it/s]
 11%|█▏        | 9/79 [00:00<00:02, 30.05it/s]
 16%|█▋        | 13/79 [00:00<00:02, 31.78it/s]
 22%|██▏       | 17/79 [00:00<00:01, 32.70it/s]
 27%|██▋       | 21/79 [00:00<00:01, 33.27it/s]
 32%|███▏      | 25/79 [00:00<00:01, 33.52it/s]
 37%|███▋      | 29/79 [00:00<00:01, 33.78it/s]
 42%|████▏     | 33/79 [00:01<00:01, 33.73it/s]
 47%|████▋     | 37/79 [00:01<00:01, 33.90it/s]
 52%|█████▏    | 41/79 [00:01<00:01, 33.61it/s]
 57%|█████▋    | 45/79 [00:01<00:01, 33.66it/s]
 62%|██████▏   | 49/79 [00:01<00:00, 34.13it/s]
 67%|██████▋   | 53/79 [00:01<00:00, 34.82it/s]
 72%|███████▏  | 57/79 [00:01<00:00, 35.57it/s]
 77%|███████▋  | 61/79 [00:01<00:00, 35.86it/s]
 82%|████████▏ | 65/79 [00:01<00:00, 35.89it/s]
 87%|████████▋ | 69/79 [00:02<00:00, 35.93it/s]
 92%|█████████▏| 73/79 [00:02<00:00, 36.26it/s]
 97%|█████████▋| 77/79 [00:02<00:00, 36.67it/s]
100%|██████████| 79/79 [00:02<00:00, 34.62it/s]

CommRound: 5/30
Accuracy: 75.12% | Loss: 0.7089
[##########--------------------------------------------------] 16.7%
Elapsed: 0.9m | Avg/Round: 10.3s | Last: 10.1s | Next: 10.3s | Remaining: 4.3m
ETA: 18:59:03
Recent round times: R1: 9.6s -> R2: 10.0s -> R3: 9.8s -> R4: 9.9s -> R5: 10.1s

  0%|          | 0/79 [00:00<?, ?it/s]
  1%|▏         | 1/79 [00:00<00:08,  9.54it/s]
  9%|▉         | 7/79 [00:00<00:02, 33.68it/s]
 15%|█▌        | 12/79 [00:00<00:01, 38.23it/s]
 20%|██        | 16/79 [00:00<00:01, 38.82it/s]
 27%|██▋       | 21/79 [00:00<00:01, 39.31it/s]
 33%|███▎      | 26/79 [00:00<00:01, 39.88it/s]
 39%|███▉      | 31/79 [00:00<00:01, 40.70it/s]
 46%|████▌     | 36/79 [00:00<00:01, 40.14it/s]
 52%|█████▏    | 41/79 [00:01<00:00, 41.51it/s]
 58%|█████▊    | 46/79 [00:01<00:00, 36.68it/s]
 63%|██████▎   | 50/79 [00:01<00:00, 37.16it/s]
 70%|██████▉   | 55/79 [00:01<00:00, 39.31it/s]
 76%|███████▌  | 60/79 [00:01<00:00, 38.26it/s]
 82%|████████▏ | 65/79 [00:01<00:00, 39.76it/s]
 89%|████████▊ | 70/79 [00:01<00:00, 39.24it/s]
 95%|█████████▍| 75/79 [00:01<00:00, 39.79it/s]
100%|██████████| 79/79 [00:02<00:00, 38.92it/s]

CommRound: 6/30
Accuracy: 81.69% | Loss: 0.5387
[############------------------------------------------------] 20.0%
Elapsed: 1.0m | Avg/Round: 10.2s | Last: 9.8s | Next: 10.2s | Remaining: 4.1m
ETA: 18:59:01
Recent round times: R1: 10.0s -> R2: 9.8s -> R3: 9.9s -> R4: 10.1s -> R5: 9.8s

  0%|          | 0/79 [00:00<?, ?it/s]
  1%|▏         | 1/79 [00:00<00:08,  9.32it/s]
  9%|▉         | 7/79 [00:00<00:02, 32.13it/s]
 14%|█▍        | 11/79 [00:00<00:01, 35.18it/s]
 19%|█▉        | 15/79 [00:00<00:01, 36.78it/s]
 27%|██▋       | 21/79 [00:00<00:01, 38.85it/s]
 33%|███▎      | 26/79 [00:00<00:01, 42.11it/s]
 39%|███▉      | 31/79 [00:00<00:01, 39.35it/s]
 47%|████▋     | 37/79 [00:00<00:01, 40.02it/s]
 53%|█████▎    | 42/79 [00:01<00:00, 42.44it/s]
 59%|█████▉    | 47/79 [00:01<00:00, 39.68it/s]
 67%|██████▋   | 53/79 [00:01<00:00, 40.14it/s]
 73%|███████▎  | 58/79 [00:01<00:00, 42.45it/s]
 80%|███████▉  | 63/79 [00:01<00:00, 40.02it/s]
 86%|████████▌ | 68/79 [00:01<00:00, 42.16it/s]
 92%|█████████▏| 73/79 [00:01<00:00, 39.70it/s]
100%|██████████| 79/79 [00:01<00:00, 44.47it/s]
100%|██████████| 79/79 [00:01<00:00, 39.95it/s]

CommRound: 7/30
Accuracy: 84.43% | Loss: 0.4620
[##############----------------------------------------------] 23.3%
Elapsed: 1.2m | Avg/Round: 10.2s | Last: 10.0s | Next: 10.2s | Remaining: 3.9m
ETA: 18:59:00
Recent round times: R1: 9.8s -> R2: 9.9s -> R3: 10.1s -> R4: 9.8s -> R5: 10.0s

  0%|          | 0/79 [00:00<?, ?it/s]
  1%|▏         | 1/79 [00:00<00:08,  9.75it/s]
  9%|▉         | 7/79 [00:00<00:02, 34.00it/s]
 15%|█▌        | 12/79 [00:00<00:01, 37.78it/s]
 22%|██▏       | 17/79 [00:00<00:01, 39.12it/s]
 28%|██▊       | 22/79 [00:00<00:01, 40.20it/s]
 34%|███▍      | 27/79 [00:00<00:01, 40.69it/s]
 41%|████      | 32/79 [00:00<00:01, 40.40it/s]
 47%|████▋     | 37/79 [00:00<00:01, 41.63it/s]
 53%|█████▎    | 42/79 [00:01<00:00, 40.14it/s]
 59%|█████▉    | 47/79 [00:01<00:00, 42.43it/s]
 66%|██████▌   | 52/79 [00:01<00:00, 40.15it/s]
 73%|███████▎  | 58/79 [00:01<00:00, 40.96it/s]
 80%|███████▉  | 63/79 [00:01<00:00, 43.23it/s]
 86%|████████▌ | 68/79 [00:01<00:00, 40.47it/s]
 94%|█████████▎| 74/79 [00:01<00:00, 41.27it/s]
100%|██████████| 79/79 [00:01<00:00, 40.49it/s]

CommRound: 8/30
Accuracy: 84.57% | Loss: 0.4519
[################--------------------------------------------] 26.7%
Elapsed: 1.4m | Avg/Round: 10.1s | Last: 9.9s | Next: 10.1s | Remaining: 3.7m
ETA: 18:58:59
Recent round times: R1: 9.9s -> R2: 10.1s -> R3: 9.8s -> R4: 10.0s -> R5: 9.9s

  0%|          | 0/79 [00:00<?, ?it/s]
  3%|▎         | 2/79 [00:00<00:04, 19.22it/s]
  9%|▉         | 7/79 [00:00<00:02, 32.09it/s]
 15%|█▌        | 12/79 [00:00<00:01, 39.53it/s]
 22%|██▏       | 17/79 [00:00<00:01, 37.21it/s]
 28%|██▊       | 22/79 [00:00<00:01, 41.08it/s]
 34%|███▍      | 27/79 [00:00<00:01, 38.42it/s]
 41%|████      | 32/79 [00:00<00:01, 40.06it/s]
 47%|████▋     | 37/79 [00:00<00:01, 39.07it/s]
 52%|█████▏    | 41/79 [00:01<00:00, 38.89it/s]
 57%|█████▋    | 45/79 [00:01<00:00, 38.16it/s]
 62%|██████▏   | 49/79 [00:01<00:00, 37.34it/s]
 67%|██████▋   | 53/79 [00:01<00:00, 36.81it/s]
 72%|███████▏  | 57/79 [00:01<00:00, 36.30it/s]
 77%|███████▋  | 61/79 [00:01<00:00, 36.06it/s]
 82%|████████▏ | 65/79 [00:01<00:00, 36.15it/s]
 87%|████████▋ | 69/79 [00:01<00:00, 35.98it/s]
 92%|█████████▏| 73/79 [00:01<00:00, 35.70it/s]
 97%|█████████▋| 77/79 [00:02<00:00, 35.56it/s]
100%|██████████| 79/79 [00:02<00:00, 36.68it/s]

CommRound: 9/30
Accuracy: 86.05% | Loss: 0.4148
[##################------------------------------------------] 30.0%
Elapsed: 1.5m | Avg/Round: 10.1s | Last: 10.1s | Next: 10.1s | Remaining: 3.5m
ETA: 18:58:59
Recent round times: R1: 10.1s -> R2: 9.8s -> R3: 10.0s -> R4: 9.9s -> R5: 10.1s

  0%|          | 0/79 [00:00<?, ?it/s]
  3%|▎         | 2/79 [00:00<00:03, 19.39it/s]
  9%|▉         | 7/79 [00:00<00:02, 32.23it/s]
 16%|█▋        | 13/79 [00:00<00:01, 36.63it/s]
 22%|██▏       | 17/79 [00:00<00:01, 37.15it/s]
 27%|██▋       | 21/79 [00:00<00:01, 37.83it/s]
 32%|███▏      | 25/79 [00:00<00:01, 38.49it/s]
 37%|███▋      | 29/79 [00:00<00:01, 38.88it/s]
 43%|████▎     | 34/79 [00:00<00:01, 42.23it/s]
 49%|████▉     | 39/79 [00:01<00:01, 38.85it/s]
 57%|█████▋    | 45/79 [00:01<00:00, 39.70it/s]
 65%|██████▍   | 51/79 [00:01<00:00, 40.29it/s]
 72%|███████▏  | 57/79 [00:01<00:00, 40.56it/s]
 80%|███████▉  | 63/79 [00:01<00:00, 39.49it/s]
 86%|████████▌ | 68/79 [00:01<00:00, 41.85it/s]
 92%|█████████▏| 73/79 [00:01<00:00, 38.85it/s]
100%|██████████| 79/79 [00:01<00:00, 43.51it/s]
100%|██████████| 79/79 [00:02<00:00, 39.46it/s]

CommRound: 10/30
Accuracy: 85.57% | Loss: 0.4228
[####################----------------------------------------] 33.3%
Elapsed: 1.7m | Avg/Round: 10.1s | Last: 9.8s | Next: 10.1s | Remaining: 3.4m
ETA: 18:58:58
Recent round times: R1: 9.8s -> R2: 10.0s -> R3: 9.9s -> R4: 10.1s -> R5: 9.8s

  0%|          | 0/79 [00:00<?, ?it/s]
  1%|▏         | 1/79 [00:00<00:07,  9.86it/s]
  9%|▉         | 7/79 [00:00<00:02, 33.01it/s]
 15%|█▌        | 12/79 [00:00<00:01, 39.78it/s]
 22%|██▏       | 17/79 [00:00<00:01, 37.79it/s]
 27%|██▋       | 21/79 [00:00<00:01, 38.08it/s]
 34%|███▍      | 27/79 [00:00<00:01, 39.69it/s]
 42%|████▏     | 33/79 [00:00<00:01, 40.49it/s]
 49%|████▉     | 39/79 [00:01<00:00, 40.95it/s]
 57%|█████▋    | 45/79 [00:01<00:00, 41.23it/s]
 63%|██████▎   | 50/79 [00:01<00:00, 43.32it/s]
 70%|██████▉   | 55/79 [00:01<00:00, 40.55it/s]
 77%|███████▋  | 61/79 [00:01<00:00, 40.92it/s]
 85%|████████▍ | 67/79 [00:01<00:00, 41.27it/s]
 91%|█████████ | 72/79 [00:01<00:00, 43.36it/s]
 97%|█████████▋| 77/79 [00:01<00:00, 40.55it/s]
100%|██████████| 79/79 [00:01<00:00, 40.59it/s]

CommRound: 11/30
Accuracy: 85.99% | Loss: 0.4127
[######################--------------------------------------] 36.7%
Elapsed: 1.8m | Avg/Round: 10.1s | Last: 9.8s | Next: 10.1s | Remaining: 3.2m
ETA: 18:58:57
Recent round times: R1: 10.0s -> R2: 9.9s -> R3: 10.1s -> R4: 9.8s -> R5: 9.8s

  0%|          | 0/79 [00:00<?, ?it/s]
  1%|▏         | 1/79 [00:00<00:08,  9.11it/s]
  9%|▉         | 7/79 [00:00<00:02, 29.15it/s]
 14%|█▍        | 11/79 [00:00<00:02, 31.90it/s]
 19%|█▉        | 15/79 [00:00<00:01, 33.33it/s]
 24%|██▍       | 19/79 [00:00<00:01, 34.11it/s]
 29%|██▉       | 23/79 [00:00<00:01, 34.68it/s]
 34%|███▍      | 27/79 [00:00<00:01, 34.82it/s]
 39%|███▉      | 31/79 [00:00<00:01, 35.28it/s]
 44%|████▍     | 35/79 [00:01<00:01, 35.49it/s]
 49%|████▉     | 39/79 [00:01<00:01, 35.77it/s]
 54%|█████▍    | 43/79 [00:01<00:01, 35.85it/s]
 59%|█████▉    | 47/79 [00:01<00:00, 36.09it/s]
 65%|██████▍   | 51/79 [00:01<00:00, 36.11it/s]
 70%|██████▉   | 55/79 [00:01<00:00, 36.25it/s]
 75%|███████▍  | 59/79 [00:01<00:00, 36.16it/s]
 80%|███████▉  | 63/79 [00:01<00:00, 35.79it/s]
 85%|████████▍ | 67/79 [00:01<00:00, 36.44it/s]
 90%|████████▉ | 71/79 [00:02<00:00, 36.85it/s]
 95%|█████████▍| 75/79 [00:02<00:00, 36.91it/s]
100%|██████████| 79/79 [00:02<00:00, 35.69it/s]

CommRound: 12/30
Accuracy: 86.88% | Loss: 0.3947
[########################------------------------------------] 40.0%
Elapsed: 2.0m | Avg/Round: 10.1s | Last: 10.8s | Next: 10.1s | Remaining: 3.0m
ETA: 18:58:59
Recent round times: R1: 9.9s -> R2: 10.1s -> R3: 9.8s -> R4: 9.8s -> R5: 10.8s

  0%|          | 0/79 [00:00<?, ?it/s]
  1%|▏         | 1/79 [00:00<00:07,  9.88it/s]
  9%|▉         | 7/79 [00:00<00:02, 33.15it/s]
 15%|█▌        | 12/79 [00:00<00:01, 38.93it/s]
 20%|██        | 16/79 [00:00<00:01, 39.30it/s]
 27%|██▋       | 21/79 [00:00<00:01, 38.31it/s]
 33%|███▎      | 26/79 [00:00<00:01, 40.43it/s]
 39%|███▉      | 31/79 [00:00<00:01, 39.08it/s]
 46%|████▌     | 36/79 [00:00<00:01, 41.68it/s]
 52%|█████▏    | 41/79 [00:01<00:00, 39.58it/s]
 59%|█████▉    | 47/79 [00:01<00:00, 40.41it/s]
 67%|██████▋   | 53/79 [00:01<00:00, 40.85it/s]
 75%|███████▍  | 59/79 [00:01<00:00, 41.10it/s]
 82%|████████▏ | 65/79 [00:01<00:00, 41.25it/s]
 90%|████████▉ | 71/79 [00:01<00:00, 41.38it/s]
 97%|█████████▋| 77/79 [00:01<00:00, 41.87it/s]
100%|██████████| 79/79 [00:01<00:00, 40.65it/s]

CommRound: 13/30
Accuracy: 87.71% | Loss: 0.3733
[##########################----------------------------------] 43.3%
Elapsed: 2.2m | Avg/Round: 10.1s | Last: 9.8s | Next: 10.1s | Remaining: 2.9m
ETA: 18:58:58
Recent round times: R1: 10.1s -> R2: 9.8s -> R3: 9.8s -> R4: 10.8s -> R5: 9.8s

  0%|          | 0/79 [00:00<?, ?it/s]
  3%|▎         | 2/79 [00:00<00:04, 18.95it/s]
  9%|▉         | 7/79 [00:00<00:02, 32.63it/s]
 15%|█▌        | 12/79 [00:00<00:01, 37.63it/s]
 22%|██▏       | 17/79 [00:00<00:01, 38.56it/s]
 27%|██▋       | 21/79 [00:00<00:01, 38.82it/s]
 32%|███▏      | 25/79 [00:00<00:01, 39.04it/s]
 37%|███▋      | 29/79 [00:00<00:01, 39.32it/s]
 42%|████▏     | 33/79 [00:00<00:01, 39.43it/s]
 47%|████▋     | 37/79 [00:00<00:01, 39.41it/s]
 52%|█████▏    | 41/79 [00:01<00:00, 39.51it/s]
 57%|█████▋    | 45/79 [00:01<00:00, 39.62it/s]
 62%|██████▏   | 49/79 [00:01<00:00, 39.71it/s]
 67%|██████▋   | 53/79 [00:01<00:00, 39.62it/s]
 73%|███████▎  | 58/79 [00:01<00:00, 42.12it/s]
 80%|███████▉  | 63/79 [00:01<00:00, 39.69it/s]
 86%|████████▌ | 68/79 [00:01<00:00, 42.41it/s]
 92%|█████████▏| 73/79 [00:01<00:00, 40.41it/s]
 99%|█████████▊| 78/79 [00:01<00:00, 42.11it/s]
100%|██████████| 79/79 [00:01<00:00, 39.86it/s]

CommRound: 14/30
Accuracy: 88.47% | Loss: 0.3568
[############################--------------------------------] 46.7%
Elapsed: 2.4m | Avg/Round: 10.1s | Last: 9.8s | Next: 10.1s | Remaining: 2.7m
ETA: 18:58:58
Recent round times: R1: 9.8s -> R2: 9.8s -> R3: 10.8s -> R4: 9.8s -> R5: 9.8s

  0%|          | 0/79 [00:00<?, ?it/s]
  1%|▏         | 1/79 [00:00<00:07,  9.99it/s]
  9%|▉         | 7/79 [00:00<00:02, 33.38it/s]
 15%|█▌        | 12/79 [00:00<00:01, 36.26it/s]
 20%|██        | 16/79 [00:00<00:01, 37.27it/s]
 27%|██▋       | 21/79 [00:00<00:01, 39.43it/s]
 32%|███▏      | 25/79 [00:00<00:01, 39.57it/s]
 38%|███▊      | 30/79 [00:00<00:01, 39.62it/s]
 44%|████▍     | 35/79 [00:00<00:01, 40.21it/s]
 51%|█████     | 40/79 [00:01<00:00, 40.46it/s]
 57%|█████▋    | 45/79 [00:01<00:00, 40.12it/s]
 63%|██████▎   | 50/79 [00:01<00:00, 40.66it/s]
 70%|██████▉   | 55/79 [00:01<00:00, 39.82it/s]
 76%|███████▌  | 60/79 [00:01<00:00, 40.86it/s]
 82%|████████▏ | 65/79 [00:01<00:00, 39.76it/s]
 89%|████████▊ | 70/79 [00:01<00:00, 41.63it/s]
 95%|█████████▍| 75/79 [00:01<00:00, 39.88it/s]
100%|██████████| 79/79 [00:01<00:00, 39.83it/s]

CommRound: 15/30
Accuracy: 88.77% | Loss: 0.3453
[##############################------------------------------] 50.0%
Elapsed: 2.5m | Avg/Round: 10.1s | Last: 9.8s | Next: 10.1s | Remaining: 2.5m
ETA: 18:58:57
Recent round times: R1: 9.8s -> R2: 10.8s -> R3: 9.8s -> R4: 9.8s -> R5: 9.8s

  0%|          | 0/79 [00:00<?, ?it/s]
  1%|▏         | 1/79 [00:00<00:08,  9.69it/s]
  6%|▋         | 5/79 [00:00<00:02, 26.45it/s]
 11%|█▏        | 9/79 [00:00<00:02, 32.34it/s]
 18%|█▊        | 14/79 [00:00<00:01, 39.08it/s]
 24%|██▍       | 19/79 [00:00<00:01, 37.49it/s]
 32%|███▏      | 25/79 [00:00<00:01, 39.12it/s]
 39%|███▉      | 31/79 [00:00<00:01, 40.03it/s]
 44%|████▍     | 35/79 [00:00<00:01, 38.95it/s]
 49%|████▉     | 39/79 [00:01<00:01, 38.27it/s]
 54%|█████▍    | 43/79 [00:01<00:00, 37.65it/s]
 59%|█████▉    | 47/79 [00:01<00:00, 37.16it/s]
 65%|██████▍   | 51/79 [00:01<00:00, 37.63it/s]
 72%|███████▏  | 57/79 [00:01<00:00, 38.55it/s]
 78%|███████▊  | 62/79 [00:01<00:00, 41.48it/s]
 85%|████████▍ | 67/79 [00:01<00:00, 39.04it/s]
 91%|█████████ | 72/79 [00:01<00:00, 41.73it/s]
 97%|█████████▋| 77/79 [00:02<00:00, 39.13it/s]
100%|██████████| 79/79 [00:02<00:00, 38.57it/s]

CommRound: 16/30
Accuracy: 89.45% | Loss: 0.3304
[################################----------------------------] 53.3%
Elapsed: 2.7m | Avg/Round: 10.1s | Last: 10.3s | Next: 10.1s | Remaining: 2.4m
ETA: 18:58:58
Recent round times: R1: 10.8s -> R2: 9.8s -> R3: 9.8s -> R4: 9.8s -> R5: 10.3s

  0%|          | 0/79 [00:00<?, ?it/s]
  1%|▏         | 1/79 [00:00<00:08,  9.11it/s]
  9%|▉         | 7/79 [00:00<00:02, 31.83it/s]
 15%|█▌        | 12/79 [00:00<00:01, 38.46it/s]
 22%|██▏       | 17/79 [00:00<00:01, 36.91it/s]
 27%|██▋       | 21/79 [00:00<00:01, 37.83it/s]
 32%|███▏      | 25/79 [00:00<00:01, 38.42it/s]
 39%|███▉      | 31/79 [00:00<00:01, 39.68it/s]
 47%|████▋     | 37/79 [00:00<00:01, 40.58it/s]
 54%|█████▍    | 43/79 [00:01<00:00, 41.17it/s]
 61%|██████    | 48/79 [00:01<00:00, 43.37it/s]
 67%|██████▋   | 53/79 [00:01<00:00, 40.39it/s]
 73%|███████▎  | 58/79 [00:01<00:00, 42.64it/s]
 80%|███████▉  | 63/79 [00:01<00:00, 40.09it/s]
 86%|████████▌ | 68/79 [00:01<00:00, 42.43it/s]
 92%|█████████▏| 73/79 [00:01<00:00, 39.96it/s]
100%|██████████| 79/79 [00:01<00:00, 44.55it/s]
100%|██████████| 79/79 [00:01<00:00, 40.12it/s]

CommRound: 17/30
Accuracy: 89.62% | Loss: 0.3232
[##################################--------------------------] 56.7%
Elapsed: 2.9m | Avg/Round: 10.1s | Last: 9.9s | Next: 10.1s | Remaining: 2.2m
ETA: 18:58:57
Recent round times: R1: 9.8s -> R2: 9.8s -> R3: 9.8s -> R4: 10.3s -> R5: 9.9s

  0%|          | 0/79 [00:00<?, ?it/s]
  3%|▎         | 2/79 [00:00<00:03, 19.42it/s]
  9%|▉         | 7/79 [00:00<00:02, 30.09it/s]
 14%|█▍        | 11/79 [00:00<00:02, 31.63it/s]
 20%|██        | 16/79 [00:00<00:01, 37.80it/s]
 27%|██▋       | 21/79 [00:00<00:01, 37.09it/s]
 33%|███▎      | 26/79 [00:00<00:01, 39.12it/s]
 38%|███▊      | 30/79 [00:00<00:01, 37.74it/s]
 43%|████▎     | 34/79 [00:00<00:01, 37.42it/s]
 48%|████▊     | 38/79 [00:01<00:01, 37.33it/s]
 53%|█████▎    | 42/79 [00:01<00:00, 37.19it/s]
 61%|██████    | 48/79 [00:01<00:00, 38.78it/s]
 68%|██████▊   | 54/79 [00:01<00:00, 39.72it/s]
 76%|███████▌  | 60/79 [00:01<00:00, 40.38it/s]
 84%|████████▎ | 66/79 [00:01<00:00, 40.75it/s]
 91%|█████████ | 72/79 [00:01<00:00, 41.16it/s]
 99%|█████████▊| 78/79 [00:02<00:00, 41.30it/s]
100%|██████████| 79/79 [00:02<00:00, 38.68it/s]

CommRound: 18/30
Accuracy: 89.79% | Loss: 0.3206
[####################################------------------------] 60.0%
Elapsed: 3.0m | Avg/Round: 10.1s | Last: 9.8s | Next: 10.1s | Remaining: 2.0m
ETA: 18:58:57
Recent round times: R1: 9.8s -> R2: 9.8s -> R3: 10.3s -> R4: 9.9s -> R5: 9.8s

  0%|          | 0/79 [00:00<?, ?it/s]
  1%|▏         | 1/79 [00:00<00:08,  9.53it/s]
  9%|▉         | 7/79 [00:00<00:02, 32.46it/s]
 15%|█▌        | 12/79 [00:00<00:01, 39.61it/s]
 22%|██▏       | 17/79 [00:00<00:01, 37.37it/s]
 29%|██▉       | 23/79 [00:00<00:01, 38.98it/s]
 37%|███▋      | 29/79 [00:00<00:01, 39.80it/s]
 43%|████▎     | 34/79 [00:00<00:01, 42.27it/s]
 49%|████▉     | 39/79 [00:01<00:01, 39.90it/s]
 57%|█████▋    | 45/79 [00:01<00:00, 40.61it/s]
 65%|██████▍   | 51/79 [00:01<00:00, 41.00it/s]
 72%|███████▏  | 57/79 [00:01<00:00, 41.31it/s]
 80%|███████▉  | 63/79 [00:01<00:00, 41.50it/s]
 87%|████████▋ | 69/79 [00:01<00:00, 41.66it/s]
 95%|█████████▍| 75/79 [00:01<00:00, 41.61it/s]
100%|██████████| 79/79 [00:01<00:00, 40.64it/s]

CommRound: 19/30
Accuracy: 89.94% | Loss: 0.3158
[######################################----------------------] 63.3%
Elapsed: 3.2m | Avg/Round: 10.0s | Last: 9.7s | Next: 10.0s | Remaining: 1.8m
ETA: 18:58:56
Recent round times: R1: 9.8s -> R2: 10.3s -> R3: 9.9s -> R4: 9.8s -> R5: 9.7s

  0%|          | 0/79 [00:00<?, ?it/s]
  1%|▏         | 1/79 [00:00<00:08,  9.73it/s]
  9%|▉         | 7/79 [00:00<00:02, 33.38it/s]
 15%|█▌        | 12/79 [00:00<00:01, 38.18it/s]
 20%|██        | 16/79 [00:00<00:01, 38.80it/s]
 27%|██▋       | 21/79 [00:00<00:01, 39.05it/s]
 33%|███▎      | 26/79 [00:00<00:01, 40.81it/s]
 39%|███▉      | 31/79 [00:00<00:01, 40.10it/s]
 46%|████▌     | 36/79 [00:00<00:01, 42.27it/s]
 52%|█████▏    | 41/79 [00:01<00:00, 40.21it/s]
 58%|█████▊    | 46/79 [00:01<00:00, 42.34it/s]
 65%|██████▍   | 51/79 [00:01<00:00, 40.09it/s]
 71%|███████   | 56/79 [00:01<00:00, 42.66it/s]
 77%|███████▋  | 61/79 [00:01<00:00, 40.33it/s]
 85%|████████▍ | 67/79 [00:01<00:00, 41.08it/s]
 91%|█████████ | 72/79 [00:01<00:00, 43.31it/s]
 97%|█████████▋| 77/79 [00:01<00:00, 40.35it/s]
100%|██████████| 79/79 [00:01<00:00, 40.61it/s]

CommRound: 20/30
Accuracy: 90.07% | Loss: 0.3124
[########################################--------------------] 66.7%
Elapsed: 3.3m | Avg/Round: 10.0s | Last: 9.8s | Next: 10.0s | Remaining: 1.7m
ETA: 18:58:56
Recent round times: R1: 10.3s -> R2: 9.9s -> R3: 9.8s -> R4: 9.7s -> R5: 9.8s

  0%|          | 0/79 [00:00<?, ?it/s]
  1%|▏         | 1/79 [00:00<00:07,  9.82it/s]
  9%|▉         | 7/79 [00:00<00:02, 32.92it/s]
 15%|█▌        | 12/79 [00:00<00:01, 38.23it/s]
 20%|██        | 16/79 [00:00<00:01, 38.72it/s]
 25%|██▌       | 20/79 [00:00<00:01, 38.96it/s]
 32%|███▏      | 25/79 [00:00<00:01, 38.32it/s]
 38%|███▊      | 30/79 [00:00<00:01, 39.93it/s]
 44%|████▍     | 35/79 [00:00<00:01, 39.24it/s]
 49%|████▉     | 39/79 [00:01<00:01, 39.43it/s]
 56%|█████▌    | 44/79 [00:01<00:00, 40.68it/s]
 62%|██████▏   | 49/79 [00:01<00:00, 39.83it/s]
 68%|██████▊   | 54/79 [00:01<00:00, 40.48it/s]
 75%|███████▍  | 59/79 [00:01<00:00, 40.26it/s]
 81%|████████  | 64/79 [00:01<00:00, 40.30it/s]
 87%|████████▋ | 69/79 [00:01<00:00, 40.70it/s]
 94%|█████████▎| 74/79 [00:01<00:00, 40.13it/s]
100%|██████████| 79/79 [00:01<00:00, 42.65it/s]
100%|██████████| 79/79 [00:02<00:00, 39.38it/s]

CommRound: 21/30
Accuracy: 90.15% | Loss: 0.3103
[##########################################------------------] 70.0%
Elapsed: 3.5m | Avg/Round: 10.0s | Last: 9.8s | Next: 10.0s | Remaining: 1.5m
ETA: 18:58:56
Recent round times: R1: 9.9s -> R2: 9.8s -> R3: 9.7s -> R4: 9.8s -> R5: 9.8s

  0%|          | 0/79 [00:00<?, ?it/s]
  3%|▎         | 2/79 [00:00<00:04, 19.08it/s]
  8%|▊         | 6/79 [00:00<00:02, 30.80it/s]
 14%|█▍        | 11/79 [00:00<00:01, 34.72it/s]
 19%|█▉        | 15/79 [00:00<00:01, 36.47it/s]
 24%|██▍       | 19/79 [00:00<00:01, 37.54it/s]
 29%|██▉       | 23/79 [00:00<00:01, 38.34it/s]
 35%|███▌      | 28/79 [00:00<00:01, 36.09it/s]
 41%|████      | 32/79 [00:00<00:01, 36.06it/s]
 46%|████▌     | 36/79 [00:01<00:01, 36.03it/s]
 51%|█████     | 40/79 [00:01<00:01, 35.65it/s]
 56%|█████▌    | 44/79 [00:01<00:00, 35.60it/s]
 61%|██████    | 48/79 [00:01<00:00, 35.61it/s]
 66%|██████▌   | 52/79 [00:01<00:00, 35.60it/s]
 71%|███████   | 56/79 [00:01<00:00, 35.53it/s]
 76%|███████▌  | 60/79 [00:01<00:00, 35.66it/s]
 81%|████████  | 64/79 [00:01<00:00, 35.69it/s]
 86%|████████▌ | 68/79 [00:01<00:00, 35.79it/s]
 91%|█████████ | 72/79 [00:02<00:00, 35.81it/s]
 96%|█████████▌| 76/79 [00:02<00:00, 35.60it/s]
100%|██████████| 79/79 [00:02<00:00, 35.77it/s]

CommRound: 22/30
Accuracy: 90.27% | Loss: 0.3077
[############################################----------------] 73.3%
Elapsed: 3.7m | Avg/Round: 10.0s | Last: 10.0s | Next: 10.0s | Remaining: 1.3m
ETA: 18:58:56
Recent round times: R1: 9.8s -> R2: 9.7s -> R3: 9.8s -> R4: 9.8s -> R5: 10.0s

  0%|          | 0/79 [00:00<?, ?it/s]
  1%|▏         | 1/79 [00:00<00:08,  9.51it/s]
  9%|▉         | 7/79 [00:00<00:02, 34.56it/s]
 15%|█▌        | 12/79 [00:00<00:01, 34.03it/s]
 20%|██        | 16/79 [00:00<00:01, 35.18it/s]
 25%|██▌       | 20/79 [00:00<00:01, 35.98it/s]
 30%|███       | 24/79 [00:00<00:01, 35.62it/s]
 35%|███▌      | 28/79 [00:00<00:01, 35.71it/s]
 41%|████      | 32/79 [00:00<00:01, 35.78it/s]
 46%|████▌     | 36/79 [00:01<00:01, 35.94it/s]
 51%|█████     | 40/79 [00:01<00:01, 35.97it/s]
 56%|█████▌    | 44/79 [00:01<00:00, 35.94it/s]
 61%|██████    | 48/79 [00:01<00:00, 36.03it/s]
 66%|██████▌   | 52/79 [00:01<00:00, 36.05it/s]
 71%|███████   | 56/79 [00:01<00:00, 36.06it/s]
 76%|███████▌  | 60/79 [00:01<00:00, 35.70it/s]
 81%|████████  | 64/79 [00:01<00:00, 35.53it/s]
 86%|████████▌ | 68/79 [00:01<00:00, 35.48it/s]
 91%|█████████ | 72/79 [00:02<00:00, 35.55it/s]
 96%|█████████▌| 76/79 [00:02<00:00, 35.15it/s]
100%|██████████| 79/79 [00:02<00:00, 35.28it/s]

CommRound: 23/30
Accuracy: 90.35% | Loss: 0.3055
[##############################################--------------] 76.7%
Elapsed: 3.8m | Avg/Round: 10.0s | Last: 10.2s | Next: 10.0s | Remaining: 1.2m
ETA: 18:58:56
Recent round times: R1: 9.7s -> R2: 9.8s -> R3: 9.8s -> R4: 10.0s -> R5: 10.2s

  0%|          | 0/79 [00:00<?, ?it/s]
  3%|▎         | 2/79 [00:00<00:04, 18.74it/s]
  9%|▉         | 7/79 [00:00<00:02, 31.49it/s]
 15%|█▌        | 12/79 [00:00<00:01, 38.96it/s]
 22%|██▏       | 17/79 [00:00<00:01, 37.39it/s]
 28%|██▊       | 22/79 [00:00<00:01, 41.02it/s]
 34%|███▍      | 27/79 [00:00<00:01, 37.60it/s]
 39%|███▉      | 31/79 [00:00<00:01, 37.10it/s]
 47%|████▋     | 37/79 [00:00<00:01, 39.42it/s]
 54%|█████▍    | 43/79 [00:01<00:00, 40.85it/s]
 62%|██████▏   | 49/79 [00:01<00:00, 41.72it/s]
 68%|██████▊   | 54/79 [00:01<00:00, 43.59it/s]
 75%|███████▍  | 59/79 [00:01<00:00, 41.09it/s]
 81%|████████  | 64/79 [00:01<00:00, 42.83it/s]
 87%|████████▋ | 69/79 [00:01<00:00, 40.60it/s]
 94%|█████████▎| 74/79 [00:01<00:00, 42.50it/s]
100%|██████████| 79/79 [00:01<00:00, 44.43it/s]
100%|██████████| 79/79 [00:01<00:00, 40.29it/s]

CommRound: 24/30
Accuracy: 90.34% | Loss: 0.3044
[################################################------------] 80.0%
Elapsed: 4.0m | Avg/Round: 10.0s | Last: 10.1s | Next: 10.0s | Remaining: 1.0m
ETA: 18:58:56
Recent round times: R1: 9.8s -> R2: 9.8s -> R3: 10.0s -> R4: 10.2s -> R5: 10.1s

  0%|          | 0/79 [00:00<?, ?it/s]
  3%|▎         | 2/79 [00:00<00:04, 18.94it/s]
  9%|▉         | 7/79 [00:00<00:02, 32.04it/s]
 14%|█▍        | 11/79 [00:00<00:01, 34.80it/s]
 20%|██        | 16/79 [00:00<00:01, 38.14it/s]
 25%|██▌       | 20/79 [00:00<00:01, 38.66it/s]
 30%|███       | 24/79 [00:00<00:01, 38.95it/s]
 35%|███▌      | 28/79 [00:00<00:01, 38.98it/s]
 41%|████      | 32/79 [00:00<00:01, 38.94it/s]
 47%|████▋     | 37/79 [00:00<00:01, 41.10it/s]
 53%|█████▎    | 42/79 [00:01<00:00, 39.37it/s]
 59%|█████▉    | 47/79 [00:01<00:00, 42.22it/s]
 66%|██████▌   | 52/79 [00:01<00:00, 39.61it/s]
 72%|███████▏  | 57/79 [00:01<00:00, 42.14it/s]
 78%|███████▊  | 62/79 [00:01<00:00, 39.02it/s]
 85%|████████▍ | 67/79 [00:01<00:00, 36.58it/s]
 91%|█████████ | 72/79 [00:01<00:00, 37.72it/s]
 97%|█████████▋| 77/79 [00:01<00:00, 40.74it/s]
100%|██████████| 79/79 [00:02<00:00, 38.73it/s]

CommRound: 25/30
Accuracy: 90.41% | Loss: 0.3037
[##################################################----------] 83.3%
Elapsed: 4.2m | Avg/Round: 10.0s | Last: 9.9s | Next: 10.0s | Remaining: 0.8m
ETA: 18:58:56
Recent round times: R1: 9.8s -> R2: 10.0s -> R3: 10.2s -> R4: 10.1s -> R5: 9.9s

  0%|          | 0/79 [00:00<?, ?it/s]
  1%|▏         | 1/79 [00:00<00:08,  8.89it/s]
  6%|▋         | 5/79 [00:00<00:02, 25.98it/s]
 13%|█▎        | 10/79 [00:00<00:01, 35.03it/s]
 19%|█▉        | 15/79 [00:00<00:01, 37.20it/s]
 25%|██▌       | 20/79 [00:00<00:01, 39.17it/s]
 32%|███▏      | 25/79 [00:00<00:01, 40.19it/s]
 38%|███▊      | 30/79 [00:00<00:01, 40.04it/s]
 44%|████▍     | 35/79 [00:00<00:01, 40.55it/s]
 51%|█████     | 40/79 [00:01<00:00, 39.98it/s]
 56%|█████▌    | 44/79 [00:01<00:00, 39.95it/s]
 62%|██████▏   | 49/79 [00:01<00:00, 39.23it/s]
 67%|██████▋   | 53/79 [00:01<00:00, 39.36it/s]
 73%|███████▎  | 58/79 [00:01<00:00, 41.39it/s]
 80%|███████▉  | 63/79 [00:01<00:00, 39.34it/s]
 86%|████████▌ | 68/79 [00:01<00:00, 41.25it/s]
 92%|█████████▏| 73/79 [00:01<00:00, 39.50it/s]
 99%|█████████▊| 78/79 [00:02<00:00, 40.72it/s]
100%|██████████| 79/79 [00:02<00:00, 39.13it/s]

CommRound: 26/30
Accuracy: 90.47% | Loss: 0.3037
[####################################################--------] 86.7%
Elapsed: 4.3m | Avg/Round: 10.0s | Last: 10.0s | Next: 10.0s | Remaining: 0.7m
ETA: 18:58:56
Recent round times: R1: 10.0s -> R2: 10.2s -> R3: 10.1s -> R4: 9.9s -> R5: 10.0s

  0%|          | 0/79 [00:00<?, ?it/s]
  1%|▏         | 1/79 [00:00<00:07,  9.92it/s]
  9%|▉         | 7/79 [00:00<00:02, 33.37it/s]
 15%|█▌        | 12/79 [00:00<00:01, 37.86it/s]
 20%|██        | 16/79 [00:00<00:01, 38.36it/s]
 27%|██▋       | 21/79 [00:00<00:01, 38.74it/s]
 33%|███▎      | 26/79 [00:00<00:01, 39.30it/s]
 38%|███▊      | 30/79 [00:00<00:01, 39.38it/s]
 43%|████▎     | 34/79 [00:00<00:01, 39.50it/s]
 48%|████▊     | 38/79 [00:01<00:01, 39.44it/s]
 54%|█████▍    | 43/79 [00:01<00:00, 41.93it/s]
 61%|██████    | 48/79 [00:01<00:00, 39.65it/s]
 67%|██████▋   | 53/79 [00:01<00:00, 42.14it/s]
 73%|███████▎  | 58/79 [00:01<00:00, 39.79it/s]
 81%|████████  | 64/79 [00:01<00:00, 40.46it/s]
 87%|████████▋ | 69/79 [00:01<00:00, 40.53it/s]
 94%|█████████▎| 74/79 [00:01<00:00, 39.94it/s]
100%|██████████| 79/79 [00:01<00:00, 42.33it/s]
100%|██████████| 79/79 [00:02<00:00, 39.45it/s]

CommRound: 27/30
Accuracy: 90.53% | Loss: 0.3028
[######################################################------] 90.0%
Elapsed: 4.5m | Avg/Round: 10.0s | Last: 9.9s | Next: 10.0s | Remaining: 0.5m
ETA: 18:58:56
Recent round times: R1: 10.2s -> R2: 10.1s -> R3: 9.9s -> R4: 10.0s -> R5: 9.9s

  0%|          | 0/79 [00:00<?, ?it/s]
  1%|▏         | 1/79 [00:00<00:08,  9.59it/s]
  9%|▉         | 7/79 [00:00<00:02, 32.62it/s]
 14%|█▍        | 11/79 [00:00<00:01, 34.83it/s]
 19%|█▉        | 15/79 [00:00<00:02, 24.08it/s]
 24%|██▍       | 19/79 [00:00<00:02, 27.78it/s]
 29%|██▉       | 23/79 [00:00<00:01, 30.72it/s]
 34%|███▍      | 27/79 [00:00<00:01, 32.99it/s]
 39%|███▉      | 31/79 [00:01<00:01, 34.69it/s]
 44%|████▍     | 35/79 [00:01<00:01, 35.89it/s]
 51%|█████     | 40/79 [00:01<00:00, 39.61it/s]
 57%|█████▋    | 45/79 [00:01<00:00, 36.84it/s]
 65%|██████▍   | 51/79 [00:01<00:00, 38.40it/s]
 70%|██████▉   | 55/79 [00:01<00:00, 38.63it/s]
 75%|███████▍  | 59/79 [00:01<00:00, 38.31it/s]
 80%|███████▉  | 63/79 [00:01<00:00, 38.35it/s]
 85%|████████▍ | 67/79 [00:01<00:00, 38.46it/s]
 90%|████████▉ | 71/79 [00:02<00:00, 38.46it/s]
 95%|█████████▍| 75/79 [00:02<00:00, 36.80it/s]
100%|██████████| 79/79 [00:02<00:00, 35.51it/s]

CommRound: 28/30
Accuracy: 90.52% | Loss: 0.3023
[########################################################----] 93.3%
Elapsed: 4.7m | Avg/Round: 10.0s | Last: 10.2s | Next: 10.0s | Remaining: 0.3m
ETA: 18:58:56
Recent round times: R1: 10.1s -> R2: 9.9s -> R3: 10.0s -> R4: 9.9s -> R5: 10.2s

  0%|          | 0/79 [00:00<?, ?it/s]
  1%|▏         | 1/79 [00:00<00:07,  9.86it/s]
  8%|▊         | 6/79 [00:00<00:02, 30.74it/s]
 13%|█▎        | 10/79 [00:00<00:02, 32.22it/s]
 18%|█▊        | 14/79 [00:00<00:02, 23.11it/s]
 23%|██▎       | 18/79 [00:00<00:02, 26.71it/s]
 28%|██▊       | 22/79 [00:00<00:01, 29.50it/s]
 33%|███▎      | 26/79 [00:00<00:01, 32.28it/s]
 39%|███▉      | 31/79 [00:00<00:01, 37.14it/s]
 44%|████▍     | 35/79 [00:01<00:01, 37.87it/s]
 49%|████▉     | 39/79 [00:01<00:01, 38.38it/s]
 54%|█████▍    | 43/79 [00:01<00:00, 38.62it/s]
 59%|█████▉    | 47/79 [00:01<00:00, 37.07it/s]
 65%|██████▍   | 51/79 [00:01<00:00, 37.43it/s]
 71%|███████   | 56/79 [00:01<00:00, 36.29it/s]
 78%|███████▊  | 62/79 [00:01<00:00, 38.59it/s]
 86%|████████▌ | 68/79 [00:01<00:00, 39.97it/s]
 94%|█████████▎| 74/79 [00:02<00:00, 40.46it/s]
100%|██████████| 79/79 [00:02<00:00, 42.57it/s]
100%|██████████| 79/79 [00:02<00:00, 35.77it/s]

CommRound: 29/30
Accuracy: 90.44% | Loss: 0.3028
[##########################################################--] 96.7%
Elapsed: 4.8m | Avg/Round: 10.0s | Last: 10.0s | Next: 10.0s | Remaining: 0.2m
ETA: 18:58:56
Recent round times: R1: 9.9s -> R2: 10.0s -> R3: 9.9s -> R4: 10.2s -> R5: 10.0s

  0%|          | 0/79 [00:00<?, ?it/s]
  1%|▏         | 1/79 [00:00<00:07,  9.96it/s]
  9%|▉         | 7/79 [00:00<00:03, 20.44it/s]
 14%|█▍        | 11/79 [00:00<00:02, 26.31it/s]
 20%|██        | 16/79 [00:00<00:01, 33.22it/s]
 27%|██▋       | 21/79 [00:00<00:01, 33.92it/s]
 33%|███▎      | 26/79 [00:00<00:01, 38.28it/s]
 39%|███▉      | 31/79 [00:00<00:01, 37.15it/s]
 47%|████▋     | 37/79 [00:01<00:01, 38.81it/s]
 54%|█████▍    | 43/79 [00:01<00:00, 40.14it/s]
 62%|██████▏   | 49/79 [00:01<00:00, 40.62it/s]
 68%|██████▊   | 54/79 [00:01<00:00, 42.86it/s]
 75%|███████▍  | 59/79 [00:01<00:00, 40.62it/s]
 82%|████████▏ | 65/79 [00:01<00:00, 41.31it/s]
 90%|████████▉ | 71/79 [00:01<00:00, 41.52it/s]
 97%|█████████▋| 77/79 [00:02<00:00, 41.52it/s]
100%|██████████| 79/79 [00:02<00:00, 38.28it/s]

CommRound: 30/30
Accuracy: 90.51% | Loss: 0.3026
[############################################################] 100.0%
Elapsed: 5.0m | Avg/Round: 10.0s | Last: 9.9s | Next: 10.0s | Remaining: 0.0m
ETA: 18:58:56
Recent round times: R1: 10.0s -> R2: 9.9s -> R3: 10.2s -> R4: 10.0s -> R5: 9.9s
Total time for experiment: 300.42401599884033 seconds
Device average training time per communication round [s]:
    rpi (sld-rpi-09.ece.utexas.edu): 5.02 seconds
    mc1 (sld-mc1-09.ece.utexas.edu): 3.00 seconds
