
  0%|          | 0/79 [00:00<?, ?it/s]
  3%|▎         | 2/79 [00:00<00:04, 18.21it/s]
  9%|▉         | 7/79 [00:00<00:02, 28.54it/s]
 14%|█▍        | 11/79 [00:00<00:02, 31.44it/s]
 19%|█▉        | 15/79 [00:00<00:01, 33.51it/s]
 24%|██▍       | 19/79 [00:00<00:01, 34.30it/s]
 29%|██▉       | 23/79 [00:00<00:01, 35.01it/s]
 34%|███▍      | 27/79 [00:00<00:01, 35.89it/s]
 39%|███▉      | 31/79 [00:00<00:01, 36.34it/s]
 44%|████▍     | 35/79 [00:01<00:01, 36.55it/s]
 49%|████▉     | 39/79 [00:01<00:01, 36.86it/s]
 54%|█████▍    | 43/79 [00:01<00:00, 36.80it/s]
 59%|█████▉    | 47/79 [00:01<00:00, 36.97it/s]
 66%|██████▌   | 52/79 [00:01<00:00, 39.78it/s]
 72%|███████▏  | 57/79 [00:01<00:00, 38.67it/s]
 77%|███████▋  | 61/79 [00:01<00:00, 38.96it/s]
 82%|████████▏ | 65/79 [00:01<00:00, 38.94it/s]
 87%|████████▋ | 69/79 [00:01<00:00, 38.17it/s]
 92%|█████████▏| 73/79 [00:02<00:00, 37.94it/s]
 97%|█████████▋| 77/79 [00:02<00:00, 37.99it/s]
100%|██████████| 79/79 [00:02<00:00, 36.59it/s]
Initial Accuracy: 11.08%; Initial Loss: 2.3067

  0%|          | 0/79 [00:00<?, ?it/s]
  3%|▎         | 2/79 [00:00<00:04, 18.80it/s]
  9%|▉         | 7/79 [00:00<00:02, 31.15it/s]
 15%|█▌        | 12/79 [00:00<00:01, 37.92it/s]
 20%|██        | 16/79 [00:00<00:01, 36.73it/s]
 27%|██▋       | 21/79 [00:00<00:01, 38.42it/s]
 33%|███▎      | 26/79 [00:00<00:01, 39.01it/s]
 39%|███▉      | 31/79 [00:00<00:01, 39.67it/s]
 46%|████▌     | 36/79 [00:00<00:01, 39.78it/s]
 52%|█████▏    | 41/79 [00:01<00:00, 39.91it/s]
 57%|█████▋    | 45/79 [00:01<00:00, 39.88it/s]
 62%|██████▏   | 49/79 [00:01<00:00, 39.75it/s]
 67%|██████▋   | 53/79 [00:01<00:00, 39.44it/s]
 72%|███████▏  | 57/79 [00:01<00:00, 39.08it/s]
 77%|███████▋  | 61/79 [00:01<00:00, 38.96it/s]
 84%|████████▎ | 66/79 [00:01<00:00, 39.60it/s]
 89%|████████▊ | 70/79 [00:01<00:00, 39.02it/s]
 94%|█████████▎| 74/79 [00:01<00:00, 38.71it/s]
 99%|█████████▊| 78/79 [00:02<00:00, 38.41it/s]
100%|██████████| 79/79 [00:02<00:00, 38.62it/s]

CommRound: 1/30
Accuracy: 59.74% | Loss: 1.1645
[##----------------------------------------------------------] 3.3%
Elapsed: 0.9m | Avg/Round: 51.4s | Last: 49.2s | Next: 51.4s | Remaining: 24.8m
ETA: 07:03:18
Recent round times: R1: 49.2s

  0%|          | 0/79 [00:00<?, ?it/s]
  3%|▎         | 2/79 [00:00<00:04, 18.75it/s]
  9%|▉         | 7/79 [00:00<00:02, 29.82it/s]
 14%|█▍        | 11/79 [00:00<00:02, 33.35it/s]
 19%|█▉        | 15/79 [00:00<00:01, 35.44it/s]
 24%|██▍       | 19/79 [00:00<00:01, 36.75it/s]
 29%|██▉       | 23/79 [00:00<00:01, 37.61it/s]
 34%|███▍      | 27/79 [00:00<00:01, 38.03it/s]
 41%|████      | 32/79 [00:00<00:01, 40.98it/s]
 47%|████▋     | 37/79 [00:01<00:01, 38.24it/s]
 52%|█████▏    | 41/79 [00:01<00:00, 38.54it/s]
 57%|█████▋    | 45/79 [00:01<00:00, 38.04it/s]
 62%|██████▏   | 49/79 [00:01<00:00, 37.71it/s]
 67%|██████▋   | 53/79 [00:01<00:00, 36.98it/s]
 72%|███████▏  | 57/79 [00:01<00:00, 36.12it/s]
 77%|███████▋  | 61/79 [00:01<00:00, 36.81it/s]
 84%|████████▎ | 66/79 [00:01<00:00, 39.79it/s]
 90%|████████▉ | 71/79 [00:01<00:00, 38.19it/s]
 95%|█████████▍| 75/79 [00:02<00:00, 37.92it/s]
100%|██████████| 79/79 [00:02<00:00, 37.67it/s]

CommRound: 2/30
Accuracy: 79.35% | Loss: 0.6104
[####--------------------------------------------------------] 6.7%
Elapsed: 1.6m | Avg/Round: 49.3s | Last: 47.2s | Next: 49.3s | Remaining: 23.0m
ETA: 07:02:15
Recent round times: R1: 49.2s -> R2: 47.2s

  0%|          | 0/79 [00:00<?, ?it/s]
  3%|▎         | 2/79 [00:00<00:03, 19.30it/s]
  9%|▉         | 7/79 [00:00<00:02, 31.24it/s]
 14%|█▍        | 11/79 [00:00<00:01, 34.60it/s]
 20%|██        | 16/79 [00:00<00:01, 38.00it/s]
 25%|██▌       | 20/79 [00:00<00:01, 37.64it/s]
 30%|███       | 24/79 [00:00<00:01, 37.75it/s]
 35%|███▌      | 28/79 [00:00<00:01, 37.57it/s]
 41%|████      | 32/79 [00:00<00:01, 37.69it/s]
 46%|████▌     | 36/79 [00:00<00:01, 37.52it/s]
 51%|█████     | 40/79 [00:01<00:01, 37.69it/s]
 56%|█████▌    | 44/79 [00:01<00:00, 37.37it/s]
 61%|██████    | 48/79 [00:01<00:00, 37.27it/s]
 66%|██████▌   | 52/79 [00:01<00:00, 37.50it/s]
 71%|███████   | 56/79 [00:01<00:00, 37.56it/s]
 76%|███████▌  | 60/79 [00:01<00:00, 37.63it/s]
 81%|████████  | 64/79 [00:01<00:00, 37.68it/s]
 86%|████████▌ | 68/79 [00:01<00:00, 37.65it/s]
 91%|█████████ | 72/79 [00:01<00:00, 37.78it/s]
 96%|█████████▌| 76/79 [00:02<00:00, 37.73it/s]
100%|██████████| 79/79 [00:02<00:00, 37.28it/s]

CommRound: 3/30
Accuracy: 81.46% | Loss: 0.5431
[######------------------------------------------------------] 10.0%
Elapsed: 2.4m | Avg/Round: 47.1s | Last: 42.7s | Next: 47.1s | Remaining: 21.2m
ETA: 07:01:08
Recent round times: R1: 49.2s -> R2: 47.2s -> R3: 42.7s

  0%|          | 0/79 [00:00<?, ?it/s]
  3%|▎         | 2/79 [00:00<00:04, 18.92it/s]
  9%|▉         | 7/79 [00:00<00:02, 31.11it/s]
 14%|█▍        | 11/79 [00:00<00:01, 34.35it/s]
 19%|█▉        | 15/79 [00:00<00:01, 36.26it/s]
 24%|██▍       | 19/79 [00:00<00:01, 37.33it/s]
 30%|███       | 24/79 [00:00<00:01, 40.63it/s]
 37%|███▋      | 29/79 [00:00<00:01, 37.90it/s]
 42%|████▏     | 33/79 [00:00<00:01, 38.35it/s]
 48%|████▊     | 38/79 [00:01<00:01, 40.96it/s]
 54%|█████▍    | 43/79 [00:01<00:00, 39.03it/s]
 59%|█████▉    | 47/79 [00:01<00:00, 38.92it/s]
 65%|██████▍   | 51/79 [00:01<00:00, 38.83it/s]
 71%|███████   | 56/79 [00:01<00:00, 41.30it/s]
 77%|███████▋  | 61/79 [00:01<00:00, 38.96it/s]
 82%|████████▏ | 65/79 [00:01<00:00, 38.95it/s]
 87%|████████▋ | 69/79 [00:01<00:00, 38.98it/s]
 94%|█████████▎| 74/79 [00:01<00:00, 41.24it/s]
100%|██████████| 79/79 [00:02<00:00, 43.22it/s]
100%|██████████| 79/79 [00:02<00:00, 38.92it/s]

CommRound: 4/30
Accuracy: 87.98% | Loss: 0.3959
[########----------------------------------------------------] 13.3%
Elapsed: 3.1m | Avg/Round: 46.8s | Last: 46.0s | Next: 46.8s | Remaining: 20.3m
ETA: 07:01:00
Recent round times: R1: 49.2s -> R2: 47.2s -> R3: 42.7s -> R4: 46.0s

  0%|          | 0/79 [00:00<?, ?it/s]
  3%|▎         | 2/79 [00:00<00:03, 19.57it/s]
  8%|▊         | 6/79 [00:00<00:02, 30.56it/s]
 13%|█▎        | 10/79 [00:00<00:02, 32.68it/s]
 18%|█▊        | 14/79 [00:00<00:01, 33.47it/s]
 23%|██▎       | 18/79 [00:00<00:01, 34.11it/s]
 28%|██▊       | 22/79 [00:00<00:01, 34.82it/s]
 33%|███▎      | 26/79 [00:00<00:01, 35.12it/s]
 38%|███▊      | 30/79 [00:00<00:01, 35.16it/s]
 43%|████▎     | 34/79 [00:00<00:01, 35.36it/s]
 48%|████▊     | 38/79 [00:01<00:01, 35.46it/s]
 53%|█████▎    | 42/79 [00:01<00:01, 35.29it/s]
 58%|█████▊    | 46/79 [00:01<00:00, 35.23it/s]
 63%|██████▎   | 50/79 [00:01<00:00, 35.20it/s]
 68%|██████▊   | 54/79 [00:01<00:00, 35.28it/s]
 73%|███████▎  | 58/79 [00:01<00:00, 35.46it/s]
 78%|███████▊  | 62/79 [00:01<00:00, 35.39it/s]
 84%|████████▎ | 66/79 [00:01<00:00, 35.77it/s]
 89%|████████▊ | 70/79 [00:02<00:00, 35.92it/s]
 94%|█████████▎| 74/79 [00:02<00:00, 35.96it/s]
 99%|█████████▊| 78/79 [00:02<00:00, 35.92it/s]
100%|██████████| 79/79 [00:02<00:00, 35.16it/s]

CommRound: 5/30
Accuracy: 88.85% | Loss: 0.3691
[##########--------------------------------------------------] 16.7%
Elapsed: 3.9m | Avg/Round: 46.8s | Last: 46.8s | Next: 46.8s | Remaining: 19.5m
ETA: 07:01:00
Recent round times: R1: 49.2s -> R2: 47.2s -> R3: 42.7s -> R4: 46.0s -> R5: 46.8s

  0%|          | 0/79 [00:00<?, ?it/s]
  3%|▎         | 2/79 [00:00<00:04, 18.70it/s]
  8%|▊         | 6/79 [00:00<00:02, 29.82it/s]
 13%|█▎        | 10/79 [00:00<00:02, 32.46it/s]
 18%|█▊        | 14/79 [00:00<00:01, 33.38it/s]
 23%|██▎       | 18/79 [00:00<00:01, 33.42it/s]
 28%|██▊       | 22/79 [00:00<00:01, 33.01it/s]
 33%|███▎      | 26/79 [00:00<00:01, 33.20it/s]
 38%|███▊      | 30/79 [00:00<00:01, 33.41it/s]
 43%|████▎     | 34/79 [00:01<00:01, 33.45it/s]
 48%|████▊     | 38/79 [00:01<00:01, 33.51it/s]
 53%|█████▎    | 42/79 [00:01<00:01, 33.32it/s]
 58%|█████▊    | 46/79 [00:01<00:00, 33.58it/s]
 63%|██████▎   | 50/79 [00:01<00:00, 33.81it/s]
 68%|██████▊   | 54/79 [00:01<00:00, 33.94it/s]
 73%|███████▎  | 58/79 [00:01<00:00, 34.03it/s]
 78%|███████▊  | 62/79 [00:01<00:00, 34.14it/s]
 84%|████████▎ | 66/79 [00:01<00:00, 34.24it/s]
 89%|████████▊ | 70/79 [00:02<00:00, 34.29it/s]
 94%|█████████▎| 74/79 [00:02<00:00, 34.44it/s]
 99%|█████████▊| 78/79 [00:02<00:00, 34.60it/s]
100%|██████████| 79/79 [00:02<00:00, 33.73it/s]

CommRound: 6/30
Accuracy: 87.29% | Loss: 0.4176
[############------------------------------------------------] 20.0%
Elapsed: 4.7m | Avg/Round: 46.9s | Last: 47.1s | Next: 46.9s | Remaining: 18.7m
ETA: 07:01:01
Recent round times: R1: 47.2s -> R2: 42.7s -> R3: 46.0s -> R4: 46.8s -> R5: 47.1s

  0%|          | 0/79 [00:00<?, ?it/s]
  1%|▏         | 1/79 [00:00<00:08,  8.71it/s]
  8%|▊         | 6/79 [00:00<00:02, 26.97it/s]
 13%|█▎        | 10/79 [00:00<00:02, 29.64it/s]
 18%|█▊        | 14/79 [00:00<00:02, 31.01it/s]
 23%|██▎       | 18/79 [00:00<00:01, 31.67it/s]
 28%|██▊       | 22/79 [00:00<00:01, 32.36it/s]
 33%|███▎      | 26/79 [00:00<00:01, 32.78it/s]
 38%|███▊      | 30/79 [00:00<00:01, 33.17it/s]
 43%|████▎     | 34/79 [00:01<00:01, 33.32it/s]
 48%|████▊     | 38/79 [00:01<00:01, 33.52it/s]
 53%|█████▎    | 42/79 [00:01<00:01, 33.60it/s]
 58%|█████▊    | 46/79 [00:01<00:00, 33.72it/s]
 63%|██████▎   | 50/79 [00:01<00:00, 33.67it/s]
 68%|██████▊   | 54/79 [00:01<00:00, 33.73it/s]
 73%|███████▎  | 58/79 [00:01<00:00, 33.60it/s]
 78%|███████▊  | 62/79 [00:01<00:00, 33.62it/s]
 84%|████████▎ | 66/79 [00:02<00:00, 33.20it/s]
 89%|████████▊ | 70/79 [00:02<00:00, 33.53it/s]
 94%|█████████▎| 74/79 [00:02<00:00, 33.82it/s]
 99%|█████████▊| 78/79 [00:02<00:00, 33.85it/s]
100%|██████████| 79/79 [00:02<00:00, 32.86it/s]

CommRound: 7/30
Accuracy: 86.71% | Loss: 0.4563
[##############----------------------------------------------] 23.3%
Elapsed: 5.4m | Avg/Round: 46.3s | Last: 42.9s | Next: 46.3s | Remaining: 17.7m
ETA: 07:00:44
Recent round times: R1: 42.7s -> R2: 46.0s -> R3: 46.8s -> R4: 47.1s -> R5: 42.9s

  0%|          | 0/79 [00:00<?, ?it/s]
  3%|▎         | 2/79 [00:00<00:03, 19.73it/s]
  8%|▊         | 6/79 [00:00<00:02, 31.42it/s]
 13%|█▎        | 10/79 [00:00<00:02, 33.34it/s]
 18%|█▊        | 14/79 [00:00<00:01, 35.53it/s]
 23%|██▎       | 18/79 [00:00<00:01, 36.18it/s]
 29%|██▉       | 23/79 [00:00<00:01, 39.27it/s]
 35%|███▌      | 28/79 [00:00<00:01, 37.72it/s]
 41%|████      | 32/79 [00:00<00:01, 38.33it/s]
 46%|████▌     | 36/79 [00:00<00:01, 38.28it/s]
 51%|█████     | 40/79 [00:01<00:01, 37.97it/s]
 56%|█████▌    | 44/79 [00:01<00:00, 38.10it/s]
 61%|██████    | 48/79 [00:01<00:00, 37.67it/s]
 66%|██████▌   | 52/79 [00:01<00:00, 37.23it/s]
 71%|███████   | 56/79 [00:01<00:00, 36.82it/s]
 76%|███████▌  | 60/79 [00:01<00:00, 36.78it/s]
 81%|████████  | 64/79 [00:01<00:00, 36.42it/s]
 86%|████████▌ | 68/79 [00:01<00:00, 35.90it/s]
 91%|█████████ | 72/79 [00:01<00:00, 35.32it/s]
 96%|█████████▌| 76/79 [00:02<00:00, 34.28it/s]
100%|██████████| 79/79 [00:02<00:00, 36.41it/s]

CommRound: 8/30
Accuracy: 87.12% | Loss: 0.4736
[################--------------------------------------------] 26.7%
Elapsed: 6.3m | Avg/Round: 47.0s | Last: 51.7s | Next: 47.0s | Remaining: 17.2m
ETA: 07:01:05
Recent round times: R1: 46.0s -> R2: 46.8s -> R3: 47.1s -> R4: 42.9s -> R5: 51.7s

  0%|          | 0/79 [00:00<?, ?it/s]
  3%|▎         | 2/79 [00:00<00:03, 19.45it/s]
  9%|▉         | 7/79 [00:00<00:02, 29.72it/s]
 14%|█▍        | 11/79 [00:00<00:02, 33.02it/s]
 19%|█▉        | 15/79 [00:00<00:01, 34.94it/s]
 24%|██▍       | 19/79 [00:00<00:01, 36.20it/s]
 29%|██▉       | 23/79 [00:00<00:01, 36.44it/s]
 35%|███▌      | 28/79 [00:00<00:01, 39.97it/s]
 42%|████▏     | 33/79 [00:00<00:01, 37.89it/s]
 47%|████▋     | 37/79 [00:01<00:01, 37.96it/s]
 52%|█████▏    | 41/79 [00:01<00:01, 37.97it/s]
 57%|█████▋    | 45/79 [00:01<00:00, 37.66it/s]
 62%|██████▏   | 49/79 [00:01<00:00, 37.93it/s]
 68%|██████▊   | 54/79 [00:01<00:00, 40.64it/s]
 75%|███████▍  | 59/79 [00:01<00:00, 38.82it/s]
 80%|███████▉  | 63/79 [00:01<00:00, 39.11it/s]
 86%|████████▌ | 68/79 [00:01<00:00, 41.57it/s]
 92%|█████████▏| 73/79 [00:01<00:00, 39.71it/s]
 99%|█████████▊| 78/79 [00:02<00:00, 41.90it/s]
100%|██████████| 79/79 [00:02<00:00, 38.51it/s]

CommRound: 9/30
Accuracy: 88.21% | Loss: 0.4726
[##################------------------------------------------] 30.0%
Elapsed: 7.1m | Avg/Round: 47.4s | Last: 51.0s | Next: 47.4s | Remaining: 16.6m
ETA: 07:01:18
Recent round times: R1: 46.8s -> R2: 47.1s -> R3: 42.9s -> R4: 51.7s -> R5: 51.0s

  0%|          | 0/79 [00:00<?, ?it/s]
  3%|▎         | 2/79 [00:00<00:03, 19.92it/s]
  9%|▉         | 7/79 [00:00<00:02, 29.99it/s]
 14%|█▍        | 11/79 [00:00<00:02, 33.65it/s]
 19%|█▉        | 15/79 [00:00<00:01, 35.66it/s]
 24%|██▍       | 19/79 [00:00<00:01, 36.75it/s]
 29%|██▉       | 23/79 [00:00<00:01, 37.73it/s]
 34%|███▍      | 27/79 [00:00<00:01, 38.36it/s]
 39%|███▉      | 31/79 [00:00<00:01, 38.47it/s]
 44%|████▍     | 35/79 [00:00<00:01, 38.45it/s]
 49%|████▉     | 39/79 [00:01<00:01, 38.38it/s]
 54%|█████▍    | 43/79 [00:01<00:00, 36.69it/s]
 59%|█████▉    | 47/79 [00:01<00:00, 36.24it/s]
 65%|██████▍   | 51/79 [00:01<00:00, 36.16it/s]
 70%|██████▉   | 55/79 [00:01<00:00, 36.12it/s]
 75%|███████▍  | 59/79 [00:01<00:00, 35.89it/s]
 80%|███████▉  | 63/79 [00:01<00:00, 35.82it/s]
 85%|████████▍ | 67/79 [00:01<00:00, 35.68it/s]
 90%|████████▉ | 71/79 [00:01<00:00, 35.44it/s]
 95%|█████████▍| 75/79 [00:02<00:00, 35.31it/s]
100%|██████████| 79/79 [00:02<00:00, 36.01it/s]
100%|██████████| 79/79 [00:02<00:00, 35.79it/s]

CommRound: 10/30
Accuracy: 87.83% | Loss: 0.5124
[####################----------------------------------------] 33.3%
Elapsed: 7.9m | Avg/Round: 47.5s | Last: 47.8s | Next: 47.5s | Remaining: 15.8m
ETA: 07:01:19
Recent round times: R1: 47.1s -> R2: 42.9s -> R3: 51.7s -> R4: 51.0s -> R5: 47.8s

  0%|          | 0/79 [00:00<?, ?it/s]
  3%|▎         | 2/79 [00:00<00:03, 19.46it/s]
  8%|▊         | 6/79 [00:00<00:02, 31.35it/s]
 13%|█▎        | 10/79 [00:00<00:02, 33.83it/s]
 18%|█▊        | 14/79 [00:00<00:01, 35.00it/s]
 23%|██▎       | 18/79 [00:00<00:01, 35.53it/s]
 28%|██▊       | 22/79 [00:00<00:01, 36.04it/s]
 33%|███▎      | 26/79 [00:00<00:01, 36.43it/s]
 38%|███▊      | 30/79 [00:00<00:01, 36.69it/s]
 43%|████▎     | 34/79 [00:00<00:01, 36.98it/s]
 48%|████▊     | 38/79 [00:01<00:01, 37.10it/s]
 53%|█████▎    | 42/79 [00:01<00:00, 37.35it/s]
 58%|█████▊    | 46/79 [00:01<00:00, 37.29it/s]
 63%|██████▎   | 50/79 [00:01<00:00, 37.53it/s]
 68%|██████▊   | 54/79 [00:01<00:00, 37.79it/s]
 73%|███████▎  | 58/79 [00:01<00:00, 37.55it/s]
 78%|███████▊  | 62/79 [00:01<00:00, 37.30it/s]
 84%|████████▎ | 66/79 [00:01<00:00, 37.38it/s]
 89%|████████▊ | 70/79 [00:01<00:00, 37.59it/s]
 94%|█████████▎| 74/79 [00:02<00:00, 37.67it/s]
 99%|█████████▊| 78/79 [00:02<00:00, 37.67it/s]
100%|██████████| 79/79 [00:02<00:00, 36.83it/s]

CommRound: 11/30
Accuracy: 88.43% | Loss: 0.5062
[######################--------------------------------------] 36.7%
Elapsed: 8.7m | Avg/Round: 47.5s | Last: 48.0s | Next: 47.5s | Remaining: 15.0m
ETA: 07:01:21
Recent round times: R1: 42.9s -> R2: 51.7s -> R3: 51.0s -> R4: 47.8s -> R5: 48.0s

  0%|          | 0/79 [00:00<?, ?it/s]
  1%|▏         | 1/79 [00:00<00:08,  9.15it/s]
  8%|▊         | 6/79 [00:00<00:02, 32.01it/s]
 13%|█▎        | 10/79 [00:00<00:01, 35.26it/s]
 18%|█▊        | 14/79 [00:00<00:01, 36.25it/s]
 23%|██▎       | 18/79 [00:00<00:01, 36.75it/s]
 28%|██▊       | 22/79 [00:00<00:01, 37.13it/s]
 33%|███▎      | 26/79 [00:00<00:01, 37.40it/s]
 38%|███▊      | 30/79 [00:00<00:01, 37.91it/s]
 43%|████▎     | 34/79 [00:00<00:01, 38.17it/s]
 48%|████▊     | 38/79 [00:01<00:01, 38.37it/s]
 53%|█████▎    | 42/79 [00:01<00:00, 38.31it/s]
 58%|█████▊    | 46/79 [00:01<00:00, 38.49it/s]
 63%|██████▎   | 50/79 [00:01<00:00, 38.62it/s]
 68%|██████▊   | 54/79 [00:01<00:00, 38.70it/s]
 73%|███████▎  | 58/79 [00:01<00:00, 38.80it/s]
 78%|███████▊  | 62/79 [00:01<00:00, 38.90it/s]
 84%|████████▎ | 66/79 [00:01<00:00, 38.83it/s]
 89%|████████▊ | 70/79 [00:01<00:00, 38.87it/s]
 94%|█████████▎| 74/79 [00:01<00:00, 38.76it/s]
 99%|█████████▊| 78/79 [00:02<00:00, 38.34it/s]
100%|██████████| 79/79 [00:02<00:00, 37.70it/s]

CommRound: 12/30
Accuracy: 88.50% | Loss: 0.5173
[########################------------------------------------] 40.0%
Elapsed: 9.5m | Avg/Round: 47.4s | Last: 45.9s | Next: 47.4s | Remaining: 14.2m
ETA: 07:01:17
Recent round times: R1: 51.7s -> R2: 51.0s -> R3: 47.8s -> R4: 48.0s -> R5: 45.9s

  0%|          | 0/79 [00:00<?, ?it/s]
  1%|▏         | 1/79 [00:00<00:08,  9.04it/s]
  9%|▉         | 7/79 [00:00<00:02, 31.54it/s]
 14%|█▍        | 11/79 [00:00<00:01, 34.69it/s]
 20%|██        | 16/79 [00:00<00:01, 39.43it/s]
 25%|██▌       | 20/79 [00:00<00:01, 39.47it/s]
 30%|███       | 24/79 [00:00<00:01, 39.62it/s]
 37%|███▋      | 29/79 [00:00<00:01, 38.14it/s]
 43%|████▎     | 34/79 [00:00<00:01, 40.26it/s]
 49%|████▉     | 39/79 [00:01<00:01, 38.83it/s]
 56%|█████▌    | 44/79 [00:01<00:00, 39.31it/s]
 61%|██████    | 48/79 [00:01<00:00, 39.05it/s]
 66%|██████▌   | 52/79 [00:01<00:00, 38.83it/s]
 71%|███████   | 56/79 [00:01<00:00, 38.93it/s]
 76%|███████▌  | 60/79 [00:01<00:00, 38.63it/s]
 82%|████████▏ | 65/79 [00:01<00:00, 40.88it/s]
 89%|████████▊ | 70/79 [00:01<00:00, 38.63it/s]
 94%|█████████▎| 74/79 [00:01<00:00, 38.60it/s]
 99%|█████████▊| 78/79 [00:02<00:00, 38.91it/s]
100%|██████████| 79/79 [00:02<00:00, 38.27it/s]

CommRound: 13/30
Accuracy: 88.54% | Loss: 0.5246
[##########################----------------------------------] 43.3%
Elapsed: 10.2m | Avg/Round: 47.2s | Last: 45.0s | Next: 47.2s | Remaining: 13.4m
ETA: 07:01:11
Recent round times: R1: 51.0s -> R2: 47.8s -> R3: 48.0s -> R4: 45.9s -> R5: 45.0s

  0%|          | 0/79 [00:00<?, ?it/s]
  1%|▏         | 1/79 [00:00<00:08,  8.94it/s]
  8%|▊         | 6/79 [00:00<00:02, 31.87it/s]
 13%|█▎        | 10/79 [00:00<00:01, 34.82it/s]
 18%|█▊        | 14/79 [00:00<00:01, 35.76it/s]
 23%|██▎       | 18/79 [00:00<00:01, 36.32it/s]
 28%|██▊       | 22/79 [00:00<00:01, 37.08it/s]
 34%|███▍      | 27/79 [00:00<00:01, 37.49it/s]
 39%|███▉      | 31/79 [00:00<00:01, 38.05it/s]
 46%|████▌     | 36/79 [00:00<00:01, 39.72it/s]
 51%|█████     | 40/79 [00:01<00:00, 39.69it/s]
 56%|█████▌    | 44/79 [00:01<00:00, 39.45it/s]
 61%|██████    | 48/79 [00:01<00:00, 39.09it/s]
 66%|██████▌   | 52/79 [00:01<00:00, 39.17it/s]
 71%|███████   | 56/79 [00:01<00:00, 38.57it/s]
 77%|███████▋  | 61/79 [00:01<00:00, 37.26it/s]
 82%|████████▏ | 65/79 [00:01<00:00, 37.83it/s]
 87%|████████▋ | 69/79 [00:01<00:00, 38.37it/s]
 94%|█████████▎| 74/79 [00:01<00:00, 41.12it/s]
100%|██████████| 79/79 [00:02<00:00, 42.80it/s]
100%|██████████| 79/79 [00:02<00:00, 38.13it/s]

CommRound: 14/30
Accuracy: 88.59% | Loss: 0.5302
[############################--------------------------------] 46.7%
Elapsed: 11.1m | Avg/Round: 47.5s | Last: 51.0s | Next: 47.5s | Remaining: 12.7m
ETA: 07:01:19
Recent round times: R1: 47.8s -> R2: 48.0s -> R3: 45.9s -> R4: 45.0s -> R5: 51.0s

  0%|          | 0/79 [00:00<?, ?it/s]
  3%|▎         | 2/79 [00:00<00:03, 19.45it/s]
  9%|▉         | 7/79 [00:00<00:02, 29.75it/s]
 15%|█▌        | 12/79 [00:00<00:01, 35.74it/s]
 20%|██        | 16/79 [00:00<00:01, 36.83it/s]
 25%|██▌       | 20/79 [00:00<00:01, 37.49it/s]
 30%|███       | 24/79 [00:00<00:01, 38.19it/s]
 35%|███▌      | 28/79 [00:00<00:01, 37.99it/s]
 42%|████▏     | 33/79 [00:00<00:01, 37.34it/s]
 47%|████▋     | 37/79 [00:01<00:01, 37.72it/s]
 52%|█████▏    | 41/79 [00:01<00:01, 37.98it/s]
 57%|█████▋    | 45/79 [00:01<00:00, 38.38it/s]
 62%|██████▏   | 49/79 [00:01<00:00, 38.50it/s]
 67%|██████▋   | 53/79 [00:01<00:00, 38.58it/s]
 72%|███████▏  | 57/79 [00:01<00:00, 38.68it/s]
 77%|███████▋  | 61/79 [00:01<00:00, 38.87it/s]
 82%|████████▏ | 65/79 [00:01<00:00, 38.85it/s]
 87%|████████▋ | 69/79 [00:01<00:00, 39.00it/s]
 92%|█████████▏| 73/79 [00:01<00:00, 39.12it/s]
 97%|█████████▋| 77/79 [00:02<00:00, 38.48it/s]
100%|██████████| 79/79 [00:02<00:00, 38.17it/s]

CommRound: 15/30
Accuracy: 88.64% | Loss: 0.5352
[##############################------------------------------] 50.0%
Elapsed: 11.8m | Avg/Round: 47.3s | Last: 45.5s | Next: 47.3s | Remaining: 11.8m
ETA: 07:01:15
Recent round times: R1: 48.0s -> R2: 45.9s -> R3: 45.0s -> R4: 51.0s -> R5: 45.5s

  0%|          | 0/79 [00:00<?, ?it/s]
  3%|▎         | 2/79 [00:00<00:03, 19.68it/s]
  9%|▉         | 7/79 [00:00<00:02, 30.08it/s]
 14%|█▍        | 11/79 [00:00<00:02, 33.10it/s]
 19%|█▉        | 15/79 [00:00<00:01, 35.37it/s]
 25%|██▌       | 20/79 [00:00<00:01, 39.86it/s]
 32%|███▏      | 25/79 [00:00<00:01, 38.03it/s]
 38%|███▊      | 30/79 [00:00<00:01, 41.11it/s]
 44%|████▍     | 35/79 [00:00<00:01, 39.14it/s]
 51%|█████     | 40/79 [00:01<00:00, 41.47it/s]
 57%|█████▋    | 45/79 [00:01<00:00, 39.52it/s]
 63%|██████▎   | 50/79 [00:01<00:00, 41.64it/s]
 70%|██████▉   | 55/79 [00:01<00:00, 39.57it/s]
 76%|███████▌  | 60/79 [00:01<00:00, 41.42it/s]
 82%|████████▏ | 65/79 [00:01<00:00, 39.71it/s]
 89%|████████▊ | 70/79 [00:01<00:00, 41.83it/s]
 95%|█████████▍| 75/79 [00:01<00:00, 39.88it/s]
100%|██████████| 79/79 [00:01<00:00, 39.65it/s]

CommRound: 16/30
Accuracy: 88.68% | Loss: 0.5396
[################################----------------------------] 53.3%
Elapsed: 12.5m | Avg/Round: 47.0s | Last: 42.7s | Next: 47.0s | Remaining: 11.0m
ETA: 07:01:07
Recent round times: R1: 45.9s -> R2: 45.0s -> R3: 51.0s -> R4: 45.5s -> R5: 42.7s

  0%|          | 0/79 [00:00<?, ?it/s]
  3%|▎         | 2/79 [00:00<00:03, 19.42it/s]
  8%|▊         | 6/79 [00:00<00:02, 30.74it/s]
 13%|█▎        | 10/79 [00:00<00:01, 34.85it/s]
 18%|█▊        | 14/79 [00:00<00:01, 36.25it/s]
 23%|██▎       | 18/79 [00:00<00:01, 37.41it/s]
 28%|██▊       | 22/79 [00:00<00:01, 37.77it/s]
 33%|███▎      | 26/79 [00:00<00:01, 37.92it/s]
 38%|███▊      | 30/79 [00:00<00:01, 38.05it/s]
 43%|████▎     | 34/79 [00:00<00:01, 38.20it/s]
 48%|████▊     | 38/79 [00:01<00:01, 38.36it/s]
 53%|█████▎    | 42/79 [00:01<00:00, 38.65it/s]
 58%|█████▊    | 46/79 [00:01<00:00, 38.33it/s]
 63%|██████▎   | 50/79 [00:01<00:00, 38.36it/s]
 68%|██████▊   | 54/79 [00:01<00:00, 38.51it/s]
 73%|███████▎  | 58/79 [00:01<00:00, 38.50it/s]
 78%|███████▊  | 62/79 [00:01<00:00, 38.46it/s]
 84%|████████▎ | 66/79 [00:01<00:00, 38.32it/s]
 89%|████████▊ | 70/79 [00:01<00:00, 38.41it/s]
 94%|█████████▎| 74/79 [00:01<00:00, 38.46it/s]
 99%|█████████▊| 78/79 [00:02<00:00, 38.17it/s]
100%|██████████| 79/79 [00:02<00:00, 37.80it/s]

CommRound: 17/30
Accuracy: 88.67% | Loss: 0.5436
[##################################--------------------------] 56.7%
Elapsed: 13.4m | Avg/Round: 47.2s | Last: 49.4s | Next: 47.2s | Remaining: 10.2m
ETA: 07:01:11
Recent round times: R1: 45.0s -> R2: 51.0s -> R3: 45.5s -> R4: 42.7s -> R5: 49.4s

  0%|          | 0/79 [00:00<?, ?it/s]
  3%|▎         | 2/79 [00:00<00:03, 19.70it/s]
  9%|▉         | 7/79 [00:00<00:02, 30.28it/s]
 14%|█▍        | 11/79 [00:00<00:02, 33.71it/s]
 20%|██        | 16/79 [00:00<00:01, 38.72it/s]
 27%|██▋       | 21/79 [00:00<00:01, 38.01it/s]
 33%|███▎      | 26/79 [00:00<00:01, 40.43it/s]
 39%|███▉      | 31/79 [00:00<00:01, 39.86it/s]
 46%|████▌     | 36/79 [00:00<00:01, 40.06it/s]
 52%|█████▏    | 41/79 [00:01<00:00, 40.99it/s]
 58%|█████▊    | 46/79 [00:01<00:00, 39.54it/s]
 63%|██████▎   | 50/79 [00:01<00:00, 39.63it/s]
 70%|██████▉   | 55/79 [00:01<00:00, 40.90it/s]
 76%|███████▌  | 60/79 [00:01<00:00, 39.24it/s]
 81%|████████  | 64/79 [00:01<00:00, 39.00it/s]
 86%|████████▌ | 68/79 [00:01<00:00, 39.20it/s]
 92%|█████████▏| 73/79 [00:01<00:00, 38.63it/s]
 97%|█████████▋| 77/79 [00:01<00:00, 38.51it/s]
100%|██████████| 79/79 [00:02<00:00, 39.04it/s]

CommRound: 18/30
Accuracy: 88.76% | Loss: 0.5472
[####################################------------------------] 60.0%
Elapsed: 14.3m | Avg/Round: 47.7s | Last: 57.2s | Next: 47.7s | Remaining: 9.5m
ETA: 07:01:27
Recent round times: R1: 51.0s -> R2: 45.5s -> R3: 42.7s -> R4: 49.4s -> R5: 57.2s

  0%|          | 0/79 [00:00<?, ?it/s]
  3%|▎         | 2/79 [00:00<00:04, 18.69it/s]
  9%|▉         | 7/79 [00:00<00:02, 31.19it/s]
 14%|█▍        | 11/79 [00:00<00:01, 34.20it/s]
 19%|█▉        | 15/79 [00:00<00:01, 36.23it/s]
 24%|██▍       | 19/79 [00:00<00:01, 37.34it/s]
 29%|██▉       | 23/79 [00:00<00:01, 37.64it/s]
 34%|███▍      | 27/79 [00:00<00:01, 37.44it/s]
 39%|███▉      | 31/79 [00:00<00:01, 37.88it/s]
 44%|████▍     | 35/79 [00:00<00:01, 37.97it/s]
 49%|████▉     | 39/79 [00:01<00:01, 38.02it/s]
 54%|█████▍    | 43/79 [00:01<00:00, 38.16it/s]
 59%|█████▉    | 47/79 [00:01<00:00, 38.17it/s]
 65%|██████▍   | 51/79 [00:01<00:00, 38.26it/s]
 70%|██████▉   | 55/79 [00:01<00:00, 38.37it/s]
 75%|███████▍  | 59/79 [00:01<00:00, 38.45it/s]
 80%|███████▉  | 63/79 [00:01<00:00, 38.50it/s]
 85%|████████▍ | 67/79 [00:01<00:00, 38.71it/s]
 90%|████████▉ | 71/79 [00:01<00:00, 38.91it/s]
 95%|█████████▍| 75/79 [00:02<00:00, 38.46it/s]
100%|██████████| 79/79 [00:02<00:00, 38.05it/s]

CommRound: 19/30
Accuracy: 88.81% | Loss: 0.5504
[######################################----------------------] 63.3%
Elapsed: 15.0m | Avg/Round: 47.3s | Last: 39.5s | Next: 47.3s | Remaining: 8.7m
ETA: 07:01:14
Recent round times: R1: 45.5s -> R2: 42.7s -> R3: 49.4s -> R4: 57.2s -> R5: 39.5s

  0%|          | 0/79 [00:00<?, ?it/s]
  3%|▎         | 2/79 [00:00<00:03, 19.75it/s]
  9%|▉         | 7/79 [00:00<00:02, 30.06it/s]
 14%|█▍        | 11/79 [00:00<00:02, 33.49it/s]
 19%|█▉        | 15/79 [00:00<00:01, 35.28it/s]
 24%|██▍       | 19/79 [00:00<00:01, 36.23it/s]
 29%|██▉       | 23/79 [00:00<00:01, 36.90it/s]
 34%|███▍      | 27/79 [00:00<00:01, 37.51it/s]
 39%|███▉      | 31/79 [00:00<00:01, 37.89it/s]
 44%|████▍     | 35/79 [00:00<00:01, 38.32it/s]
 49%|████▉     | 39/79 [00:01<00:01, 38.63it/s]
 56%|█████▌    | 44/79 [00:01<00:00, 41.59it/s]
 62%|██████▏   | 49/79 [00:01<00:00, 39.28it/s]
 68%|██████▊   | 54/79 [00:01<00:00, 41.84it/s]
 75%|███████▍  | 59/79 [00:01<00:00, 39.61it/s]
 81%|████████  | 64/79 [00:01<00:00, 42.07it/s]
 87%|████████▋ | 69/79 [00:01<00:00, 39.73it/s]
 94%|█████████▎| 74/79 [00:01<00:00, 41.88it/s]
100%|██████████| 79/79 [00:02<00:00, 43.88it/s]
100%|██████████| 79/79 [00:02<00:00, 39.05it/s]

CommRound: 20/30
Accuracy: 88.90% | Loss: 0.5534
[########################################--------------------] 66.7%
Elapsed: 15.7m | Avg/Round: 47.2s | Last: 44.9s | Next: 47.2s | Remaining: 7.9m
ETA: 07:01:11
Recent round times: R1: 42.7s -> R2: 49.4s -> R3: 57.2s -> R4: 39.5s -> R5: 44.9s

  0%|          | 0/79 [00:00<?, ?it/s]
  3%|▎         | 2/79 [00:00<00:04, 19.15it/s]
  9%|▉         | 7/79 [00:00<00:02, 31.26it/s]
 15%|█▌        | 12/79 [00:00<00:01, 36.91it/s]
 20%|██        | 16/79 [00:00<00:01, 37.25it/s]
 25%|██▌       | 20/79 [00:00<00:01, 38.14it/s]
 32%|███▏      | 25/79 [00:00<00:01, 39.27it/s]
 38%|███▊      | 30/79 [00:00<00:01, 39.51it/s]
 44%|████▍     | 35/79 [00:00<00:01, 40.24it/s]
 51%|█████     | 40/79 [00:01<00:00, 40.18it/s]
 57%|█████▋    | 45/79 [00:01<00:00, 40.56it/s]
 63%|██████▎   | 50/79 [00:01<00:00, 40.40it/s]
 70%|██████▉   | 55/79 [00:01<00:00, 40.98it/s]
 76%|███████▌  | 60/79 [00:01<00:00, 40.33it/s]
 82%|████████▏ | 65/79 [00:01<00:00, 41.77it/s]
 89%|████████▊ | 70/79 [00:01<00:00, 40.08it/s]
 95%|█████████▍| 75/79 [00:01<00:00, 41.96it/s]
100%|██████████| 79/79 [00:01<00:00, 39.66it/s]

CommRound: 21/30
Accuracy: 88.95% | Loss: 0.5561
[##########################################------------------] 70.0%
Elapsed: 16.5m | Avg/Round: 47.0s | Last: 44.1s | Next: 47.0s | Remaining: 7.1m
ETA: 07:01:06
Recent round times: R1: 49.4s -> R2: 57.2s -> R3: 39.5s -> R4: 44.9s -> R5: 44.1s

  0%|          | 0/79 [00:00<?, ?it/s]
  1%|▏         | 1/79 [00:00<00:08,  9.68it/s]
  6%|▋         | 5/79 [00:00<00:02, 25.28it/s]
 11%|█▏        | 9/79 [00:00<00:02, 29.39it/s]
 16%|█▋        | 13/79 [00:00<00:02, 31.20it/s]
 22%|██▏       | 17/79 [00:00<00:01, 32.55it/s]
 27%|██▋       | 21/79 [00:00<00:01, 34.73it/s]
 33%|███▎      | 26/79 [00:00<00:01, 39.15it/s]
 39%|███▉      | 31/79 [00:00<00:01, 38.56it/s]
 46%|████▌     | 36/79 [00:01<00:01, 41.67it/s]
 52%|█████▏    | 41/79 [00:01<00:00, 40.36it/s]
 58%|█████▊    | 46/79 [00:01<00:00, 42.20it/s]
 65%|██████▍   | 51/79 [00:01<00:00, 40.94it/s]
 71%|███████   | 56/79 [00:01<00:00, 38.26it/s]
 76%|███████▌  | 60/79 [00:01<00:00, 38.51it/s]
 82%|████████▏ | 65/79 [00:01<00:00, 41.04it/s]
 89%|████████▊ | 70/79 [00:01<00:00, 39.03it/s]
 94%|█████████▎| 74/79 [00:01<00:00, 39.07it/s]
 99%|█████████▊| 78/79 [00:02<00:00, 39.18it/s]
100%|██████████| 79/79 [00:02<00:00, 37.82it/s]

CommRound: 22/30
Accuracy: 88.97% | Loss: 0.5589
[############################################----------------] 73.3%
Elapsed: 17.3m | Avg/Round: 47.2s | Last: 50.1s | Next: 47.2s | Remaining: 6.3m
ETA: 07:01:11
Recent round times: R1: 57.2s -> R2: 39.5s -> R3: 44.9s -> R4: 44.1s -> R5: 50.1s

  0%|          | 0/79 [00:00<?, ?it/s]
  3%|▎         | 2/79 [00:00<00:03, 19.41it/s]
  9%|▉         | 7/79 [00:00<00:02, 30.04it/s]
 14%|█▍        | 11/79 [00:00<00:02, 33.01it/s]
 19%|█▉        | 15/79 [00:00<00:01, 34.96it/s]
 24%|██▍       | 19/79 [00:00<00:01, 35.88it/s]
 29%|██▉       | 23/79 [00:00<00:01, 37.11it/s]
 34%|███▍      | 27/79 [00:00<00:01, 37.66it/s]
 39%|███▉      | 31/79 [00:00<00:01, 37.63it/s]
 46%|████▌     | 36/79 [00:00<00:01, 40.53it/s]
 52%|█████▏    | 41/79 [00:01<00:00, 38.39it/s]
 57%|█████▋    | 45/79 [00:01<00:00, 38.54it/s]
 62%|██████▏   | 49/79 [00:01<00:00, 38.78it/s]
 67%|██████▋   | 53/79 [00:01<00:00, 38.42it/s]
 72%|███████▏  | 57/79 [00:01<00:00, 38.33it/s]
 77%|███████▋  | 61/79 [00:01<00:00, 38.42it/s]
 82%|████████▏ | 65/79 [00:01<00:00, 38.51it/s]
 89%|████████▊ | 70/79 [00:01<00:00, 41.10it/s]
 95%|█████████▍| 75/79 [00:02<00:00, 38.12it/s]
100%|██████████| 79/79 [00:02<00:00, 38.12it/s]

CommRound: 23/30
Accuracy: 88.98% | Loss: 0.5614
[##############################################--------------] 76.7%
Elapsed: 17.9m | Avg/Round: 46.8s | Last: 38.7s | Next: 46.8s | Remaining: 5.5m
ETA: 07:01:00
Recent round times: R1: 39.5s -> R2: 44.9s -> R3: 44.1s -> R4: 50.1s -> R5: 38.7s

  0%|          | 0/79 [00:00<?, ?it/s]
  1%|▏         | 1/79 [00:00<00:08,  9.12it/s]
  9%|▉         | 7/79 [00:00<00:02, 31.52it/s]
 14%|█▍        | 11/79 [00:00<00:01, 34.73it/s]
 19%|█▉        | 15/79 [00:00<00:01, 36.45it/s]
 25%|██▌       | 20/79 [00:00<00:01, 40.95it/s]
 32%|███▏      | 25/79 [00:00<00:01, 38.81it/s]
 38%|███▊      | 30/79 [00:00<00:01, 41.83it/s]
 44%|████▍     | 35/79 [00:00<00:01, 40.57it/s]
 52%|█████▏    | 41/79 [00:01<00:00, 40.97it/s]
 58%|█████▊    | 46/79 [00:01<00:00, 42.86it/s]
 65%|██████▍   | 51/79 [00:01<00:00, 41.49it/s]
 71%|███████   | 56/79 [00:01<00:00, 43.26it/s]
 77%|███████▋  | 61/79 [00:01<00:00, 40.99it/s]
 84%|████████▎ | 66/79 [00:01<00:00, 40.22it/s]
 90%|████████▉ | 71/79 [00:01<00:00, 41.39it/s]
 96%|█████████▌| 76/79 [00:01<00:00, 39.39it/s]
100%|██████████| 79/79 [00:01<00:00, 39.64it/s]

CommRound: 24/30
Accuracy: 89.00% | Loss: 0.5638
[################################################------------] 80.0%
Elapsed: 18.6m | Avg/Round: 46.6s | Last: 41.7s | Next: 46.6s | Remaining: 4.7m
ETA: 07:00:53
Recent round times: R1: 44.9s -> R2: 44.1s -> R3: 50.1s -> R4: 38.7s -> R5: 41.7s

  0%|          | 0/79 [00:00<?, ?it/s]
  1%|▏         | 1/79 [00:00<00:07,  9.81it/s]
  6%|▋         | 5/79 [00:00<00:02, 25.11it/s]
 11%|█▏        | 9/79 [00:00<00:02, 28.25it/s]
 16%|█▋        | 13/79 [00:00<00:02, 30.03it/s]
 22%|██▏       | 17/79 [00:00<00:02, 30.99it/s]
 27%|██▋       | 21/79 [00:00<00:01, 31.68it/s]
 32%|███▏      | 25/79 [00:00<00:01, 32.14it/s]
 37%|███▋      | 29/79 [00:00<00:01, 32.34it/s]
 42%|████▏     | 33/79 [00:01<00:01, 32.87it/s]
 47%|████▋     | 37/79 [00:01<00:01, 33.72it/s]
 52%|█████▏    | 41/79 [00:01<00:01, 34.38it/s]
 57%|█████▋    | 45/79 [00:01<00:00, 34.83it/s]
 62%|██████▏   | 49/79 [00:01<00:00, 35.11it/s]
 67%|██████▋   | 53/79 [00:01<00:00, 34.28it/s]
 72%|███████▏  | 57/79 [00:01<00:00, 34.81it/s]
 77%|███████▋  | 61/79 [00:01<00:00, 35.32it/s]
 82%|████████▏ | 65/79 [00:01<00:00, 35.37it/s]
 87%|████████▋ | 69/79 [00:02<00:00, 35.25it/s]
 92%|█████████▏| 73/79 [00:02<00:00, 35.44it/s]
 97%|█████████▋| 77/79 [00:02<00:00, 35.55it/s]
100%|██████████| 79/79 [00:02<00:00, 33.83it/s]

CommRound: 25/30
Accuracy: 89.00% | Loss: 0.5659
[##################################################----------] 83.3%
Elapsed: 19.5m | Avg/Round: 46.9s | Last: 52.8s | Next: 46.9s | Remaining: 3.9m
ETA: 07:01:01
Recent round times: R1: 44.1s -> R2: 50.1s -> R3: 38.7s -> R4: 41.7s -> R5: 52.8s

  0%|          | 0/79 [00:00<?, ?it/s]
  1%|▏         | 1/79 [00:00<00:07,  9.96it/s]
  9%|▉         | 7/79 [00:00<00:02, 33.04it/s]
 15%|█▌        | 12/79 [00:00<00:01, 37.99it/s]
 22%|██▏       | 17/79 [00:00<00:01, 38.22it/s]
 28%|██▊       | 22/79 [00:00<00:01, 39.77it/s]
 34%|███▍      | 27/79 [00:00<00:01, 40.70it/s]
 41%|████      | 32/79 [00:00<00:01, 41.47it/s]
 47%|████▋     | 37/79 [00:00<00:01, 41.52it/s]
 53%|█████▎    | 42/79 [00:01<00:00, 40.77it/s]
 59%|█████▉    | 47/79 [00:01<00:00, 41.13it/s]
 66%|██████▌   | 52/79 [00:01<00:00, 40.87it/s]
 72%|███████▏  | 57/79 [00:01<00:00, 41.75it/s]
 78%|███████▊  | 62/79 [00:01<00:00, 40.79it/s]
 85%|████████▍ | 67/79 [00:01<00:00, 42.27it/s]
 91%|█████████ | 72/79 [00:01<00:00, 40.60it/s]
 97%|█████████▋| 77/79 [00:01<00:00, 42.07it/s]
100%|██████████| 79/79 [00:01<00:00, 40.31it/s]

CommRound: 26/30
Accuracy: 89.08% | Loss: 0.5679
[####################################################--------] 86.7%
Elapsed: 20.2m | Avg/Round: 46.7s | Last: 42.4s | Next: 46.7s | Remaining: 3.1m
ETA: 07:00:56
Recent round times: R1: 50.1s -> R2: 38.7s -> R3: 41.7s -> R4: 52.8s -> R5: 42.4s

  0%|          | 0/79 [00:00<?, ?it/s]
  3%|▎         | 2/79 [00:00<00:04, 18.70it/s]
  8%|▊         | 6/79 [00:00<00:02, 30.54it/s]
 13%|█▎        | 10/79 [00:00<00:01, 34.72it/s]
 18%|█▊        | 14/79 [00:00<00:01, 36.41it/s]
 23%|██▎       | 18/79 [00:00<00:01, 37.08it/s]
 28%|██▊       | 22/79 [00:00<00:01, 37.67it/s]
 33%|███▎      | 26/79 [00:00<00:01, 37.91it/s]
 38%|███▊      | 30/79 [00:00<00:01, 38.00it/s]
 43%|████▎     | 34/79 [00:00<00:01, 38.05it/s]
 48%|████▊     | 38/79 [00:01<00:01, 38.06it/s]
 53%|█████▎    | 42/79 [00:01<00:00, 38.53it/s]
 59%|█████▉    | 47/79 [00:01<00:00, 38.22it/s]
 65%|██████▍   | 51/79 [00:01<00:00, 38.22it/s]
 70%|██████▉   | 55/79 [00:01<00:00, 38.43it/s]
 75%|███████▍  | 59/79 [00:01<00:00, 38.29it/s]
 80%|███████▉  | 63/79 [00:01<00:00, 38.27it/s]
 85%|████████▍ | 67/79 [00:01<00:00, 38.30it/s]
 90%|████████▉ | 71/79 [00:01<00:00, 38.23it/s]
 95%|█████████▍| 75/79 [00:02<00:00, 38.57it/s]
100%|██████████| 79/79 [00:02<00:00, 38.04it/s]

CommRound: 27/30
Accuracy: 89.07% | Loss: 0.5698
[######################################################------] 90.0%
Elapsed: 21.0m | Avg/Round: 46.7s | Last: 48.5s | Next: 46.7s | Remaining: 2.3m
ETA: 07:00:58
Recent round times: R1: 38.7s -> R2: 41.7s -> R3: 52.8s -> R4: 42.4s -> R5: 48.5s

  0%|          | 0/79 [00:00<?, ?it/s]
  1%|▏         | 1/79 [00:00<00:09,  8.61it/s]
  6%|▋         | 5/79 [00:00<00:03, 23.78it/s]
 11%|█▏        | 9/79 [00:00<00:02, 28.05it/s]
 16%|█▋        | 13/79 [00:00<00:02, 31.18it/s]
 22%|██▏       | 17/79 [00:00<00:01, 33.53it/s]
 27%|██▋       | 21/79 [00:00<00:01, 34.92it/s]
 32%|███▏      | 25/79 [00:00<00:01, 36.38it/s]
 37%|███▋      | 29/79 [00:00<00:01, 37.34it/s]
 43%|████▎     | 34/79 [00:00<00:01, 40.59it/s]
 49%|████▉     | 39/79 [00:01<00:01, 38.61it/s]
 54%|█████▍    | 43/79 [00:01<00:00, 38.65it/s]
 59%|█████▉    | 47/79 [00:01<00:00, 39.00it/s]
 65%|██████▍   | 51/79 [00:01<00:00, 39.08it/s]
 70%|██████▉   | 55/79 [00:01<00:00, 39.17it/s]
 75%|███████▍  | 59/79 [00:01<00:00, 38.93it/s]
 80%|███████▉  | 63/79 [00:01<00:00, 38.86it/s]
 85%|████████▍ | 67/79 [00:01<00:00, 38.78it/s]
 90%|████████▉ | 71/79 [00:01<00:00, 38.93it/s]
 96%|█████████▌| 76/79 [00:02<00:00, 40.73it/s]
100%|██████████| 79/79 [00:02<00:00, 37.17it/s]

CommRound: 28/30
Accuracy: 89.08% | Loss: 0.5716
[########################################################----] 93.3%
Elapsed: 21.9m | Avg/Round: 46.9s | Last: 51.5s | Next: 46.9s | Remaining: 1.6m
ETA: 07:01:03
Recent round times: R1: 41.7s -> R2: 52.8s -> R3: 42.4s -> R4: 48.5s -> R5: 51.5s

  0%|          | 0/79 [00:00<?, ?it/s]
  3%|▎         | 2/79 [00:00<00:04, 19.22it/s]
  8%|▊         | 6/79 [00:00<00:02, 30.45it/s]
 13%|█▎        | 10/79 [00:00<00:02, 32.78it/s]
 18%|█▊        | 14/79 [00:00<00:01, 34.22it/s]
 23%|██▎       | 18/79 [00:00<00:01, 35.19it/s]
 28%|██▊       | 22/79 [00:00<00:01, 36.25it/s]
 34%|███▍      | 27/79 [00:00<00:01, 39.82it/s]
 39%|███▉      | 31/79 [00:00<00:01, 38.96it/s]
 44%|████▍     | 35/79 [00:00<00:01, 39.10it/s]
 49%|████▉     | 39/79 [00:01<00:01, 38.52it/s]
 54%|█████▍    | 43/79 [00:01<00:00, 38.48it/s]
 59%|█████▉    | 47/79 [00:01<00:00, 37.74it/s]
 65%|██████▍   | 51/79 [00:01<00:00, 38.09it/s]
 70%|██████▉   | 55/79 [00:01<00:00, 37.82it/s]
 75%|███████▍  | 59/79 [00:01<00:00, 37.61it/s]
 80%|███████▉  | 63/79 [00:01<00:00, 37.62it/s]
 85%|████████▍ | 67/79 [00:01<00:00, 36.94it/s]
 90%|████████▉ | 71/79 [00:01<00:00, 37.45it/s]
 95%|█████████▍| 75/79 [00:02<00:00, 37.36it/s]
100%|██████████| 79/79 [00:02<00:00, 38.00it/s]
100%|██████████| 79/79 [00:02<00:00, 36.87it/s]

CommRound: 29/30
Accuracy: 89.09% | Loss: 0.5732
[##########################################################--] 96.7%
Elapsed: 22.7m | Avg/Round: 47.0s | Last: 48.5s | Next: 47.0s | Remaining: 0.8m
ETA: 07:01:04
Recent round times: R1: 52.8s -> R2: 42.4s -> R3: 48.5s -> R4: 51.5s -> R5: 48.5s

  0%|          | 0/79 [00:00<?, ?it/s]
  3%|▎         | 2/79 [00:00<00:03, 19.43it/s]
  9%|▉         | 7/79 [00:00<00:02, 30.14it/s]
 14%|█▍        | 11/79 [00:00<00:02, 33.63it/s]
 20%|██        | 16/79 [00:00<00:01, 39.28it/s]
 27%|██▋       | 21/79 [00:00<00:01, 38.55it/s]
 33%|███▎      | 26/79 [00:00<00:01, 39.98it/s]
 39%|███▉      | 31/79 [00:00<00:01, 39.78it/s]
 46%|████▌     | 36/79 [00:00<00:01, 38.50it/s]
 51%|█████     | 40/79 [00:01<00:01, 38.73it/s]
 57%|█████▋    | 45/79 [00:01<00:00, 38.10it/s]
 62%|██████▏   | 49/79 [00:01<00:00, 37.71it/s]
 67%|██████▋   | 53/79 [00:01<00:00, 37.52it/s]
 72%|███████▏  | 57/79 [00:01<00:00, 37.33it/s]
 77%|███████▋  | 61/79 [00:01<00:00, 37.45it/s]
 82%|████████▏ | 65/79 [00:01<00:00, 37.31it/s]
 87%|████████▋ | 69/79 [00:01<00:00, 37.20it/s]
 92%|█████████▏| 73/79 [00:01<00:00, 36.81it/s]
 97%|█████████▋| 77/79 [00:02<00:00, 36.68it/s]
100%|██████████| 79/79 [00:02<00:00, 37.79it/s]

CommRound: 30/30
Accuracy: 89.13% | Loss: 0.5748
[############################################################] 100.0%
Elapsed: 23.4m | Avg/Round: 46.7s | Last: 39.4s | Next: 46.7s | Remaining: 0.0m
ETA: 07:00:57
Recent round times: R1: 42.4s -> R2: 48.5s -> R3: 51.5s -> R4: 48.5s -> R5: 39.4s
Total time for experiment: 1401.5574810504913 seconds
Device average training time per communication round [s]:
    rpi (sld-rpi-09.ece.utexas.edu): 10.37 seconds
    mc1 (sld-mc1-09.ece.utexas.edu): 43.54 seconds
