
  0%|          | 0/79 [00:00<?, ?it/s]
  4%|▍         | 3/79 [00:00<00:03, 22.13it/s]
  9%|▉         | 7/79 [00:00<00:02, 30.84it/s]
 14%|█▍        | 11/79 [00:00<00:01, 34.28it/s]
 19%|█▉        | 15/79 [00:00<00:01, 36.10it/s]
 24%|██▍       | 19/79 [00:00<00:01, 37.13it/s]
 29%|██▉       | 23/79 [00:00<00:01, 36.07it/s]
 34%|███▍      | 27/79 [00:00<00:01, 36.07it/s]
 39%|███▉      | 31/79 [00:00<00:01, 36.25it/s]
 44%|████▍     | 35/79 [00:01<00:01, 30.79it/s]
 52%|█████▏    | 41/79 [00:01<00:01, 32.53it/s]
 59%|█████▉    | 47/79 [00:01<00:00, 38.13it/s]
 65%|██████▍   | 51/79 [00:01<00:00, 37.90it/s]
 70%|██████▉   | 55/79 [00:01<00:00, 38.29it/s]
 75%|███████▍  | 59/79 [00:01<00:00, 37.58it/s]
 80%|███████▉  | 63/79 [00:01<00:00, 37.83it/s]
 85%|████████▍ | 67/79 [00:01<00:00, 38.19it/s]
 90%|████████▉ | 71/79 [00:01<00:00, 38.14it/s]
 95%|█████████▍| 75/79 [00:02<00:00, 37.78it/s]
100%|██████████| 79/79 [00:02<00:00, 36.79it/s]
Initial Accuracy: 10.61%; Initial Loss: 2.2964

  0%|          | 0/79 [00:00<?, ?it/s]
  3%|▎         | 2/79 [00:00<00:03, 19.61it/s]
  9%|▉         | 7/79 [00:00<00:02, 30.60it/s]
 14%|█▍        | 11/79 [00:00<00:02, 33.81it/s]
 19%|█▉        | 15/79 [00:00<00:01, 35.40it/s]
 24%|██▍       | 19/79 [00:00<00:01, 36.59it/s]
 29%|██▉       | 23/79 [00:00<00:01, 37.04it/s]
 35%|███▌      | 28/79 [00:00<00:01, 40.62it/s]
 42%|████▏     | 33/79 [00:00<00:01, 38.19it/s]
 49%|████▉     | 39/79 [00:01<00:01, 39.48it/s]
 56%|█████▌    | 44/79 [00:01<00:00, 41.94it/s]
 62%|██████▏   | 49/79 [00:01<00:00, 40.24it/s]
 68%|██████▊   | 54/79 [00:01<00:00, 42.59it/s]
 75%|███████▍  | 59/79 [00:01<00:00, 39.61it/s]
 81%|████████  | 64/79 [00:01<00:00, 41.65it/s]
 87%|████████▋ | 69/79 [00:01<00:00, 39.17it/s]
 94%|█████████▎| 74/79 [00:01<00:00, 41.33it/s]
100%|██████████| 79/79 [00:02<00:00, 39.42it/s]

CommRound: 1/30
Accuracy: 60.14% | Loss: 1.1290
[##----------------------------------------------------------] 3.3%
Elapsed: 0.4m | Avg/Round: 21.7s | Last: 19.5s | Next: 21.7s | Remaining: 10.5m
ETA: 05:55:57
Recent round times: R1: 19.5s

  0%|          | 0/79 [00:00<?, ?it/s]
  1%|▏         | 1/79 [00:00<00:07,  9.97it/s]
  8%|▊         | 6/79 [00:00<00:02, 32.93it/s]
 13%|█▎        | 10/79 [00:00<00:01, 34.96it/s]
 18%|█▊        | 14/79 [00:00<00:01, 36.05it/s]
 23%|██▎       | 18/79 [00:00<00:01, 37.00it/s]
 28%|██▊       | 22/79 [00:00<00:01, 37.59it/s]
 33%|███▎      | 26/79 [00:00<00:01, 36.97it/s]
 38%|███▊      | 30/79 [00:00<00:01, 36.20it/s]
 43%|████▎     | 34/79 [00:00<00:01, 35.26it/s]
 48%|████▊     | 38/79 [00:01<00:01, 34.65it/s]
 53%|█████▎    | 42/79 [00:01<00:01, 34.53it/s]
 58%|█████▊    | 46/79 [00:01<00:00, 34.38it/s]
 63%|██████▎   | 50/79 [00:01<00:00, 34.50it/s]
 68%|██████▊   | 54/79 [00:01<00:00, 34.29it/s]
 73%|███████▎  | 58/79 [00:01<00:00, 35.62it/s]
 78%|███████▊  | 62/79 [00:01<00:00, 36.77it/s]
 85%|████████▍ | 67/79 [00:01<00:00, 36.04it/s]
 90%|████████▉ | 71/79 [00:02<00:00, 36.92it/s]
 95%|█████████▍| 75/79 [00:02<00:00, 37.32it/s]
100%|██████████| 79/79 [00:02<00:00, 36.14it/s]

CommRound: 2/30
Accuracy: 75.70% | Loss: 0.7180
[####--------------------------------------------------------] 6.7%
Elapsed: 0.7m | Avg/Round: 20.3s | Last: 18.9s | Next: 20.3s | Remaining: 9.5m
ETA: 05:55:16
Recent round times: R1: 19.5s -> R2: 18.9s

  0%|          | 0/79 [00:00<?, ?it/s]
  3%|▎         | 2/79 [00:00<00:04, 19.22it/s]
  9%|▉         | 7/79 [00:00<00:02, 30.13it/s]
 14%|█▍        | 11/79 [00:00<00:02, 33.59it/s]
 19%|█▉        | 15/79 [00:00<00:01, 35.18it/s]
 24%|██▍       | 19/79 [00:00<00:01, 36.51it/s]
 29%|██▉       | 23/79 [00:00<00:01, 37.24it/s]
 34%|███▍      | 27/79 [00:00<00:01, 37.68it/s]
 39%|███▉      | 31/79 [00:00<00:01, 38.33it/s]
 44%|████▍     | 35/79 [00:00<00:01, 38.19it/s]
 51%|█████     | 40/79 [00:01<00:00, 41.01it/s]
 57%|█████▋    | 45/79 [00:01<00:00, 38.67it/s]
 62%|██████▏   | 49/79 [00:01<00:00, 38.85it/s]
 68%|██████▊   | 54/79 [00:01<00:00, 41.10it/s]
 75%|███████▍  | 59/79 [00:01<00:00, 39.11it/s]
 80%|███████▉  | 63/79 [00:01<00:00, 39.31it/s]
 85%|████████▍ | 67/79 [00:01<00:00, 39.25it/s]
 90%|████████▉ | 71/79 [00:01<00:00, 39.28it/s]
 96%|█████████▌| 76/79 [00:01<00:00, 41.00it/s]
100%|██████████| 79/79 [00:02<00:00, 38.42it/s]

CommRound: 3/30
Accuracy: 80.67% | Loss: 0.5953
[######------------------------------------------------------] 10.0%
Elapsed: 0.9m | Avg/Round: 19.0s | Last: 16.4s | Next: 19.0s | Remaining: 8.5m
ETA: 05:54:37
Recent round times: R1: 19.5s -> R2: 18.9s -> R3: 16.4s

  0%|          | 0/79 [00:00<?, ?it/s]
  3%|▎         | 2/79 [00:00<00:03, 19.76it/s]
  8%|▊         | 6/79 [00:00<00:02, 27.39it/s]
 13%|█▎        | 10/79 [00:00<00:02, 31.94it/s]
 18%|█▊        | 14/79 [00:00<00:01, 34.33it/s]
 23%|██▎       | 18/79 [00:00<00:01, 35.85it/s]
 28%|██▊       | 22/79 [00:00<00:01, 36.69it/s]
 33%|███▎      | 26/79 [00:00<00:01, 37.19it/s]
 39%|███▉      | 31/79 [00:00<00:01, 36.90it/s]
 44%|████▍     | 35/79 [00:00<00:01, 37.57it/s]
 51%|█████     | 40/79 [00:01<00:00, 40.17it/s]
 57%|█████▋    | 45/79 [00:01<00:00, 38.21it/s]
 63%|██████▎   | 50/79 [00:01<00:00, 41.01it/s]
 70%|██████▉   | 55/79 [00:01<00:00, 38.29it/s]
 75%|███████▍  | 59/79 [00:01<00:00, 38.65it/s]
 80%|███████▉  | 63/79 [00:01<00:00, 38.90it/s]
 85%|████████▍ | 67/79 [00:01<00:00, 39.19it/s]
 90%|████████▉ | 71/79 [00:01<00:00, 39.08it/s]
 96%|█████████▌| 76/79 [00:02<00:00, 41.53it/s]
100%|██████████| 79/79 [00:02<00:00, 38.06it/s]

CommRound: 4/30
Accuracy: 82.00% | Loss: 0.5736
[########----------------------------------------------------] 13.3%
Elapsed: 1.2m | Avg/Round: 18.5s | Last: 17.2s | Next: 18.5s | Remaining: 8.0m
ETA: 05:54:23
Recent round times: R1: 19.5s -> R2: 18.9s -> R3: 16.4s -> R4: 17.2s

  0%|          | 0/79 [00:00<?, ?it/s]
  1%|▏         | 1/79 [00:00<00:08,  9.61it/s]
  6%|▋         | 5/79 [00:00<00:02, 26.63it/s]
 11%|█▏        | 9/79 [00:00<00:02, 31.10it/s]
 16%|█▋        | 13/79 [00:00<00:02, 32.81it/s]
 22%|██▏       | 17/79 [00:00<00:01, 34.16it/s]
 27%|██▋       | 21/79 [00:00<00:01, 34.80it/s]
 32%|███▏      | 25/79 [00:00<00:01, 35.20it/s]
 37%|███▋      | 29/79 [00:00<00:01, 35.39it/s]
 42%|████▏     | 33/79 [00:00<00:01, 35.85it/s]
 47%|████▋     | 37/79 [00:01<00:01, 35.87it/s]
 52%|█████▏    | 41/79 [00:01<00:01, 36.12it/s]
 57%|█████▋    | 45/79 [00:01<00:00, 36.54it/s]
 62%|██████▏   | 49/79 [00:01<00:00, 36.16it/s]
 67%|██████▋   | 53/79 [00:01<00:00, 36.56it/s]
 72%|███████▏  | 57/79 [00:01<00:00, 35.62it/s]
 77%|███████▋  | 61/79 [00:01<00:00, 36.26it/s]
 82%|████████▏ | 65/79 [00:01<00:00, 36.29it/s]
 87%|████████▋ | 69/79 [00:01<00:00, 36.22it/s]
 92%|█████████▏| 73/79 [00:02<00:00, 36.22it/s]
 97%|█████████▋| 77/79 [00:02<00:00, 37.01it/s]
100%|██████████| 79/79 [00:02<00:00, 35.63it/s]

CommRound: 5/30
Accuracy: 82.77% | Loss: 0.5741
[##########--------------------------------------------------] 16.7%
Elapsed: 1.5m | Avg/Round: 18.4s | Last: 18.1s | Next: 18.4s | Remaining: 7.7m
ETA: 05:54:20
Recent round times: R1: 19.5s -> R2: 18.9s -> R3: 16.4s -> R4: 17.2s -> R5: 18.1s

  0%|          | 0/79 [00:00<?, ?it/s]
  1%|▏         | 1/79 [00:00<00:08,  9.41it/s]
  8%|▊         | 6/79 [00:00<00:02, 32.14it/s]
 13%|█▎        | 10/79 [00:00<00:02, 33.01it/s]
 18%|█▊        | 14/79 [00:00<00:01, 34.73it/s]
 23%|██▎       | 18/79 [00:00<00:01, 35.90it/s]
 28%|██▊       | 22/79 [00:00<00:01, 36.56it/s]
 33%|███▎      | 26/79 [00:00<00:01, 37.24it/s]
 38%|███▊      | 30/79 [00:00<00:01, 37.76it/s]
 43%|████▎     | 34/79 [00:00<00:01, 37.60it/s]
 48%|████▊     | 38/79 [00:01<00:01, 38.05it/s]
 53%|█████▎    | 42/79 [00:01<00:00, 38.34it/s]
 58%|█████▊    | 46/79 [00:01<00:00, 38.30it/s]
 63%|██████▎   | 50/79 [00:01<00:00, 38.49it/s]
 68%|██████▊   | 54/79 [00:01<00:00, 38.75it/s]
 73%|███████▎  | 58/79 [00:01<00:00, 38.60it/s]
 78%|███████▊  | 62/79 [00:01<00:00, 38.47it/s]
 84%|████████▎ | 66/79 [00:01<00:00, 37.62it/s]
 89%|████████▊ | 70/79 [00:01<00:00, 36.24it/s]
 94%|█████████▎| 74/79 [00:02<00:00, 35.12it/s]
 99%|█████████▊| 78/79 [00:02<00:00, 34.76it/s]
100%|██████████| 79/79 [00:02<00:00, 36.34it/s]

CommRound: 6/30
Accuracy: 83.24% | Loss: 0.5795
[############------------------------------------------------] 20.0%
Elapsed: 1.8m | Avg/Round: 18.3s | Last: 17.4s | Next: 18.3s | Remaining: 7.3m
ETA: 05:54:15
Recent round times: R1: 18.9s -> R2: 16.4s -> R3: 17.2s -> R4: 18.1s -> R5: 17.4s

  0%|          | 0/79 [00:00<?, ?it/s]
  3%|▎         | 2/79 [00:00<00:03, 19.34it/s]
  8%|▊         | 6/79 [00:00<00:02, 30.69it/s]
 13%|█▎        | 10/79 [00:00<00:02, 31.56it/s]
 19%|█▉        | 15/79 [00:00<00:01, 34.95it/s]
 24%|██▍       | 19/79 [00:00<00:01, 35.96it/s]
 29%|██▉       | 23/79 [00:00<00:01, 36.59it/s]
 34%|███▍      | 27/79 [00:00<00:01, 36.87it/s]
 39%|███▉      | 31/79 [00:00<00:01, 33.48it/s]
 44%|████▍     | 35/79 [00:01<00:01, 34.96it/s]
 49%|████▉     | 39/79 [00:01<00:01, 35.91it/s]
 56%|█████▌    | 44/79 [00:01<00:00, 39.79it/s]
 62%|██████▏   | 49/79 [00:01<00:00, 38.66it/s]
 68%|██████▊   | 54/79 [00:01<00:00, 41.19it/s]
 75%|███████▍  | 59/79 [00:01<00:00, 39.83it/s]
 81%|████████  | 64/79 [00:01<00:00, 41.80it/s]
 87%|████████▋ | 69/79 [00:01<00:00, 39.29it/s]
 94%|█████████▎| 74/79 [00:01<00:00, 41.04it/s]
100%|██████████| 79/79 [00:02<00:00, 41.39it/s]
100%|██████████| 79/79 [00:02<00:00, 37.71it/s]

CommRound: 7/30
Accuracy: 83.29% | Loss: 0.5986
[##############----------------------------------------------] 23.3%
Elapsed: 2.1m | Avg/Round: 18.2s | Last: 17.5s | Next: 18.2s | Remaining: 7.0m
ETA: 05:54:12
Recent round times: R1: 16.4s -> R2: 17.2s -> R3: 18.1s -> R4: 17.4s -> R5: 17.5s

  0%|          | 0/79 [00:00<?, ?it/s]
  3%|▎         | 2/79 [00:00<00:03, 19.37it/s]
  6%|▋         | 5/79 [00:00<00:02, 24.86it/s]
 11%|█▏        | 9/79 [00:00<00:02, 29.91it/s]
 18%|█▊        | 14/79 [00:00<00:01, 37.12it/s]
 24%|██▍       | 19/79 [00:00<00:01, 36.13it/s]
 30%|███       | 24/79 [00:00<00:01, 39.75it/s]
 37%|███▋      | 29/79 [00:00<00:01, 38.34it/s]
 43%|████▎     | 34/79 [00:00<00:01, 41.47it/s]
 49%|████▉     | 39/79 [00:01<00:01, 39.39it/s]
 56%|█████▌    | 44/79 [00:01<00:00, 41.61it/s]
 62%|██████▏   | 49/79 [00:01<00:00, 38.73it/s]
 67%|██████▋   | 53/79 [00:01<00:00, 39.00it/s]
 72%|███████▏  | 57/79 [00:01<00:00, 39.11it/s]
 77%|███████▋  | 61/79 [00:01<00:00, 39.27it/s]
 82%|████████▏ | 65/79 [00:01<00:00, 39.39it/s]
 89%|████████▊ | 70/79 [00:01<00:00, 41.76it/s]
 95%|█████████▍| 75/79 [00:01<00:00, 39.27it/s]
100%|██████████| 79/79 [00:02<00:00, 38.95it/s]

CommRound: 8/30
Accuracy: 82.83% | Loss: 0.6323
[################--------------------------------------------] 26.7%
Elapsed: 2.4m | Avg/Round: 17.9s | Last: 16.2s | Next: 17.9s | Remaining: 6.6m
ETA: 05:54:04
Recent round times: R1: 17.2s -> R2: 18.1s -> R3: 17.4s -> R4: 17.5s -> R5: 16.2s

  0%|          | 0/79 [00:00<?, ?it/s]
  3%|▎         | 2/79 [00:00<00:03, 19.52it/s]
  8%|▊         | 6/79 [00:00<00:02, 31.44it/s]
 13%|█▎        | 10/79 [00:00<00:01, 34.80it/s]
 18%|█▊        | 14/79 [00:00<00:01, 36.66it/s]
 23%|██▎       | 18/79 [00:00<00:01, 37.80it/s]
 28%|██▊       | 22/79 [00:00<00:01, 38.52it/s]
 34%|███▍      | 27/79 [00:00<00:01, 37.21it/s]
 41%|████      | 32/79 [00:00<00:01, 40.44it/s]
 47%|████▋     | 37/79 [00:00<00:01, 38.36it/s]
 52%|█████▏    | 41/79 [00:01<00:00, 38.79it/s]
 57%|█████▋    | 45/79 [00:01<00:00, 38.92it/s]
 63%|██████▎   | 50/79 [00:01<00:00, 41.73it/s]
 70%|██████▉   | 55/79 [00:01<00:00, 39.65it/s]
 76%|███████▌  | 60/79 [00:01<00:00, 41.02it/s]
 82%|████████▏ | 65/79 [00:01<00:00, 38.78it/s]
 87%|████████▋ | 69/79 [00:01<00:00, 38.70it/s]
 92%|█████████▏| 73/79 [00:01<00:00, 38.58it/s]
 97%|█████████▋| 77/79 [00:02<00:00, 38.59it/s]
100%|██████████| 79/79 [00:02<00:00, 38.72it/s]

CommRound: 9/30
Accuracy: 83.90% | Loss: 0.6119
[##################------------------------------------------] 30.0%
Elapsed: 2.7m | Avg/Round: 17.8s | Last: 16.8s | Next: 17.8s | Remaining: 6.2m
ETA: 05:54:01
Recent round times: R1: 18.1s -> R2: 17.4s -> R3: 17.5s -> R4: 16.2s -> R5: 16.8s

  0%|          | 0/79 [00:00<?, ?it/s]
  1%|▏         | 1/79 [00:00<00:08,  9.74it/s]
  6%|▋         | 5/79 [00:00<00:02, 24.67it/s]
 13%|█▎        | 10/79 [00:00<00:01, 34.82it/s]
 18%|█▊        | 14/79 [00:00<00:01, 36.13it/s]
 23%|██▎       | 18/79 [00:00<00:01, 35.69it/s]
 28%|██▊       | 22/79 [00:00<00:01, 35.80it/s]
 33%|███▎      | 26/79 [00:00<00:01, 35.76it/s]
 38%|███▊      | 30/79 [00:00<00:01, 35.77it/s]
 43%|████▎     | 34/79 [00:00<00:01, 36.02it/s]
 48%|████▊     | 38/79 [00:01<00:01, 36.08it/s]
 53%|█████▎    | 42/79 [00:01<00:01, 35.64it/s]
 58%|█████▊    | 46/79 [00:01<00:00, 35.03it/s]
 63%|██████▎   | 50/79 [00:01<00:00, 34.53it/s]
 68%|██████▊   | 54/79 [00:01<00:00, 33.42it/s]
 75%|███████▍  | 59/79 [00:01<00:00, 37.32it/s]
 80%|███████▉  | 63/79 [00:01<00:00, 36.47it/s]
 85%|████████▍ | 67/79 [00:01<00:00, 37.28it/s]
 90%|████████▉ | 71/79 [00:02<00:00, 37.66it/s]
 95%|█████████▍| 75/79 [00:02<00:00, 37.39it/s]
100%|██████████| 79/79 [00:02<00:00, 37.70it/s]
100%|██████████| 79/79 [00:02<00:00, 35.31it/s]

CommRound: 10/30
Accuracy: 84.55% | Loss: 0.5965
[####################----------------------------------------] 33.3%
Elapsed: 3.0m | Avg/Round: 17.8s | Last: 17.7s | Next: 17.8s | Remaining: 5.9m
ETA: 05:54:01
Recent round times: R1: 17.4s -> R2: 17.5s -> R3: 16.2s -> R4: 16.8s -> R5: 17.7s

  0%|          | 0/79 [00:00<?, ?it/s]
  3%|▎         | 2/79 [00:00<00:03, 19.54it/s]
  9%|▉         | 7/79 [00:00<00:02, 30.33it/s]
 14%|█▍        | 11/79 [00:00<00:01, 34.01it/s]
 19%|█▉        | 15/79 [00:00<00:01, 35.63it/s]
 24%|██▍       | 19/79 [00:00<00:01, 36.91it/s]
 29%|██▉       | 23/79 [00:00<00:01, 37.65it/s]
 34%|███▍      | 27/79 [00:00<00:01, 37.91it/s]
 39%|███▉      | 31/79 [00:00<00:01, 38.32it/s]
 44%|████▍     | 35/79 [00:00<00:01, 38.20it/s]
 49%|████▉     | 39/79 [00:01<00:01, 38.06it/s]
 56%|█████▌    | 44/79 [00:01<00:00, 40.80it/s]
 62%|██████▏   | 49/79 [00:01<00:00, 38.54it/s]
 68%|██████▊   | 54/79 [00:01<00:00, 40.76it/s]
 75%|███████▍  | 59/79 [00:01<00:00, 38.65it/s]
 80%|███████▉  | 63/79 [00:01<00:00, 38.60it/s]
 85%|████████▍ | 67/79 [00:01<00:00, 38.87it/s]
 91%|█████████ | 72/79 [00:01<00:00, 41.49it/s]
 97%|█████████▋| 77/79 [00:02<00:00, 39.78it/s]
100%|██████████| 79/79 [00:02<00:00, 38.48it/s]

CommRound: 11/30
Accuracy: 84.58% | Loss: 0.6039
[######################--------------------------------------] 36.7%
Elapsed: 3.3m | Avg/Round: 17.7s | Last: 17.4s | Next: 17.7s | Remaining: 5.6m
ETA: 05:53:59
Recent round times: R1: 17.5s -> R2: 16.2s -> R3: 16.8s -> R4: 17.7s -> R5: 17.4s

  0%|          | 0/79 [00:00<?, ?it/s]
  3%|▎         | 2/79 [00:00<00:04, 19.07it/s]
  9%|▉         | 7/79 [00:00<00:02, 28.94it/s]
 14%|█▍        | 11/79 [00:00<00:02, 32.67it/s]
 19%|█▉        | 15/79 [00:00<00:01, 34.59it/s]
 24%|██▍       | 19/79 [00:00<00:01, 35.64it/s]
 29%|██▉       | 23/79 [00:00<00:01, 36.61it/s]
 34%|███▍      | 27/79 [00:00<00:01, 37.14it/s]
 39%|███▉      | 31/79 [00:00<00:01, 37.49it/s]
 44%|████▍     | 35/79 [00:00<00:01, 37.85it/s]
 49%|████▉     | 39/79 [00:01<00:01, 38.43it/s]
 54%|█████▍    | 43/79 [00:01<00:00, 38.52it/s]
 59%|█████▉    | 47/79 [00:01<00:00, 38.42it/s]
 65%|██████▍   | 51/79 [00:01<00:00, 38.76it/s]
 70%|██████▉   | 55/79 [00:01<00:00, 38.85it/s]
 75%|███████▍  | 59/79 [00:01<00:00, 38.39it/s]
 80%|███████▉  | 63/79 [00:01<00:00, 38.51it/s]
 85%|████████▍ | 67/79 [00:01<00:00, 38.18it/s]
 90%|████████▉ | 71/79 [00:01<00:00, 37.88it/s]
 95%|█████████▍| 75/79 [00:02<00:00, 37.94it/s]
100%|██████████| 79/79 [00:02<00:00, 37.09it/s]

CommRound: 12/30
Accuracy: 84.30% | Loss: 0.6240
[########################------------------------------------] 40.0%
Elapsed: 3.6m | Avg/Round: 17.8s | Last: 18.3s | Next: 17.8s | Remaining: 5.3m
ETA: 05:54:01
Recent round times: R1: 16.2s -> R2: 16.8s -> R3: 17.7s -> R4: 17.4s -> R5: 18.3s

  0%|          | 0/79 [00:00<?, ?it/s]
  1%|▏         | 1/79 [00:00<00:08,  9.66it/s]
  6%|▋         | 5/79 [00:00<00:02, 27.14it/s]
 11%|█▏        | 9/79 [00:00<00:02, 31.09it/s]
 16%|█▋        | 13/79 [00:00<00:01, 33.75it/s]
 23%|██▎       | 18/79 [00:00<00:01, 38.90it/s]
 29%|██▉       | 23/79 [00:00<00:01, 37.74it/s]
 35%|███▌      | 28/79 [00:00<00:01, 40.93it/s]
 42%|████▏     | 33/79 [00:00<00:01, 39.10it/s]
 48%|████▊     | 38/79 [00:01<00:00, 41.75it/s]
 54%|█████▍    | 43/79 [00:01<00:00, 38.79it/s]
 59%|█████▉    | 47/79 [00:01<00:00, 38.55it/s]
 67%|██████▋   | 53/79 [00:01<00:00, 39.52it/s]
 73%|███████▎  | 58/79 [00:01<00:00, 41.98it/s]
 80%|███████▉  | 63/79 [00:01<00:00, 39.74it/s]
 86%|████████▌ | 68/79 [00:01<00:00, 41.80it/s]
 92%|█████████▏| 73/79 [00:01<00:00, 39.76it/s]
 99%|█████████▊| 78/79 [00:02<00:00, 41.85it/s]
100%|██████████| 79/79 [00:02<00:00, 39.14it/s]

CommRound: 13/30
Accuracy: 84.09% | Loss: 0.6488
[##########################----------------------------------] 43.3%
Elapsed: 3.9m | Avg/Round: 17.9s | Last: 18.8s | Next: 17.9s | Remaining: 5.1m
ETA: 05:54:03
Recent round times: R1: 16.8s -> R2: 17.7s -> R3: 17.4s -> R4: 18.3s -> R5: 18.8s

  0%|          | 0/79 [00:00<?, ?it/s]
  4%|▍         | 3/79 [00:00<00:03, 22.53it/s]
 10%|█         | 8/79 [00:00<00:02, 34.26it/s]
 15%|█▌        | 12/79 [00:00<00:01, 35.72it/s]
 20%|██        | 16/79 [00:00<00:01, 36.72it/s]
 25%|██▌       | 20/79 [00:00<00:01, 37.55it/s]
 30%|███       | 24/79 [00:00<00:01, 38.10it/s]
 35%|███▌      | 28/79 [00:00<00:01, 38.30it/s]
 41%|████      | 32/79 [00:00<00:01, 38.33it/s]
 46%|████▌     | 36/79 [00:00<00:01, 38.43it/s]
 51%|█████     | 40/79 [00:01<00:01, 38.34it/s]
 57%|█████▋    | 45/79 [00:01<00:00, 41.32it/s]
 63%|██████▎   | 50/79 [00:01<00:00, 36.78it/s]
 71%|███████   | 56/79 [00:01<00:00, 39.62it/s]
 77%|███████▋  | 61/79 [00:01<00:00, 38.74it/s]
 82%|████████▏ | 65/79 [00:01<00:00, 38.77it/s]
 87%|████████▋ | 69/79 [00:01<00:00, 38.76it/s]
 92%|█████████▏| 73/79 [00:01<00:00, 38.64it/s]
 97%|█████████▋| 77/79 [00:02<00:00, 38.86it/s]
100%|██████████| 79/79 [00:02<00:00, 37.96it/s]

CommRound: 14/30
Accuracy: 83.95% | Loss: 0.6620
[############################--------------------------------] 46.7%
Elapsed: 4.2m | Avg/Round: 17.9s | Last: 17.8s | Next: 17.9s | Remaining: 4.8m
ETA: 05:54:03
Recent round times: R1: 17.7s -> R2: 17.4s -> R3: 18.3s -> R4: 18.8s -> R5: 17.8s

  0%|          | 0/79 [00:00<?, ?it/s]
  3%|▎         | 2/79 [00:00<00:04, 18.96it/s]
  6%|▋         | 5/79 [00:00<00:03, 23.79it/s]
 11%|█▏        | 9/79 [00:00<00:02, 29.41it/s]
 16%|█▋        | 13/79 [00:00<00:02, 32.65it/s]
 22%|██▏       | 17/79 [00:00<00:01, 34.55it/s]
 27%|██▋       | 21/79 [00:00<00:01, 35.73it/s]
 32%|███▏      | 25/79 [00:00<00:01, 36.41it/s]
 37%|███▋      | 29/79 [00:00<00:01, 37.22it/s]
 42%|████▏     | 33/79 [00:00<00:01, 37.68it/s]
 47%|████▋     | 37/79 [00:01<00:01, 37.97it/s]
 52%|█████▏    | 41/79 [00:01<00:00, 38.02it/s]
 58%|█████▊    | 46/79 [00:01<00:00, 41.25it/s]
 65%|██████▍   | 51/79 [00:01<00:00, 38.95it/s]
 71%|███████   | 56/79 [00:01<00:00, 41.58it/s]
 77%|███████▋  | 61/79 [00:01<00:00, 39.22it/s]
 84%|████████▎ | 66/79 [00:01<00:00, 41.76it/s]
 90%|████████▉ | 71/79 [00:01<00:00, 39.30it/s]
 96%|█████████▌| 76/79 [00:02<00:00, 41.48it/s]
100%|██████████| 79/79 [00:02<00:00, 38.09it/s]

CommRound: 15/30
Accuracy: 83.93% | Loss: 0.6675
[##############################------------------------------] 50.0%
Elapsed: 4.4m | Avg/Round: 17.7s | Last: 15.9s | Next: 17.7s | Remaining: 4.4m
ETA: 05:53:59
Recent round times: R1: 17.4s -> R2: 18.3s -> R3: 18.8s -> R4: 17.8s -> R5: 15.9s

  0%|          | 0/79 [00:00<?, ?it/s]
  3%|▎         | 2/79 [00:00<00:04, 19.20it/s]
  9%|▉         | 7/79 [00:00<00:02, 30.19it/s]
 14%|█▍        | 11/79 [00:00<00:02, 33.73it/s]
 19%|█▉        | 15/79 [00:00<00:01, 35.72it/s]
 24%|██▍       | 19/79 [00:00<00:01, 37.02it/s]
 29%|██▉       | 23/79 [00:00<00:01, 37.57it/s]
 34%|███▍      | 27/79 [00:00<00:01, 38.16it/s]
 39%|███▉      | 31/79 [00:00<00:01, 38.29it/s]
 44%|████▍     | 35/79 [00:00<00:01, 38.41it/s]
 49%|████▉     | 39/79 [00:01<00:01, 38.49it/s]
 54%|█████▍    | 43/79 [00:01<00:00, 38.60it/s]
 59%|█████▉    | 47/79 [00:01<00:00, 38.63it/s]
 66%|██████▌   | 52/79 [00:01<00:00, 41.48it/s]
 72%|███████▏  | 57/79 [00:01<00:00, 38.96it/s]
 78%|███████▊  | 62/79 [00:01<00:00, 41.88it/s]
 85%|████████▍ | 67/79 [00:01<00:00, 39.98it/s]
 92%|█████████▏| 73/79 [00:01<00:00, 38.39it/s]
100%|██████████| 79/79 [00:02<00:00, 38.91it/s]

CommRound: 16/30
Accuracy: 83.95% | Loss: 0.6719
[################################----------------------------] 53.3%
Elapsed: 4.7m | Avg/Round: 17.7s | Last: 17.2s | Next: 17.7s | Remaining: 4.1m
ETA: 05:53:58
Recent round times: R1: 18.3s -> R2: 18.8s -> R3: 17.8s -> R4: 15.9s -> R5: 17.2s

  0%|          | 0/79 [00:00<?, ?it/s]
  3%|▎         | 2/79 [00:00<00:03, 19.64it/s]
  9%|▉         | 7/79 [00:00<00:02, 29.67it/s]
 14%|█▍        | 11/79 [00:00<00:02, 32.57it/s]
 19%|█▉        | 15/79 [00:00<00:01, 35.14it/s]
 24%|██▍       | 19/79 [00:00<00:01, 36.71it/s]
 29%|██▉       | 23/79 [00:00<00:01, 37.75it/s]
 34%|███▍      | 27/79 [00:00<00:01, 38.45it/s]
 39%|███▉      | 31/79 [00:00<00:01, 38.80it/s]
 44%|████▍     | 35/79 [00:00<00:01, 39.02it/s]
 49%|████▉     | 39/79 [00:01<00:01, 39.29it/s]
 56%|█████▌    | 44/79 [00:01<00:00, 42.17it/s]
 62%|██████▏   | 49/79 [00:01<00:00, 39.76it/s]
 68%|██████▊   | 54/79 [00:01<00:00, 42.16it/s]
 75%|███████▍  | 59/79 [00:01<00:00, 39.98it/s]
 81%|████████  | 64/79 [00:01<00:00, 42.00it/s]
 87%|████████▋ | 69/79 [00:01<00:00, 39.27it/s]
 94%|█████████▎| 74/79 [00:01<00:00, 41.55it/s]
100%|██████████| 79/79 [00:02<00:00, 39.27it/s]

CommRound: 17/30
Accuracy: 83.94% | Loss: 0.6755
[##################################--------------------------] 56.7%
Elapsed: 5.0m | Avg/Round: 17.6s | Last: 16.2s | Next: 17.6s | Remaining: 3.8m
ETA: 05:53:55
Recent round times: R1: 18.8s -> R2: 17.8s -> R3: 15.9s -> R4: 17.2s -> R5: 16.2s

  0%|          | 0/79 [00:00<?, ?it/s]
  3%|▎         | 2/79 [00:00<00:03, 19.51it/s]
  8%|▊         | 6/79 [00:00<00:02, 29.92it/s]
 13%|█▎        | 10/79 [00:00<00:02, 33.14it/s]
 18%|█▊        | 14/79 [00:00<00:01, 34.65it/s]
 23%|██▎       | 18/79 [00:00<00:01, 36.14it/s]
 28%|██▊       | 22/79 [00:00<00:01, 36.83it/s]
 33%|███▎      | 26/79 [00:00<00:01, 37.42it/s]
 38%|███▊      | 30/79 [00:00<00:01, 37.71it/s]
 43%|████▎     | 34/79 [00:00<00:01, 38.03it/s]
 48%|████▊     | 38/79 [00:01<00:01, 38.17it/s]
 53%|█████▎    | 42/79 [00:01<00:01, 35.50it/s]
 59%|█████▉    | 47/79 [00:01<00:00, 39.15it/s]
 66%|██████▌   | 52/79 [00:01<00:00, 38.09it/s]
 72%|███████▏  | 57/79 [00:01<00:00, 40.87it/s]
 78%|███████▊  | 62/79 [00:01<00:00, 38.48it/s]
 84%|████████▎ | 66/79 [00:01<00:00, 38.80it/s]
 89%|████████▊ | 70/79 [00:01<00:00, 38.70it/s]
 94%|█████████▎| 74/79 [00:01<00:00, 38.92it/s]
 99%|█████████▊| 78/79 [00:02<00:00, 38.71it/s]
100%|██████████| 79/79 [00:02<00:00, 37.59it/s]

CommRound: 18/30
Accuracy: 84.03% | Loss: 0.6771
[####################################------------------------] 60.0%
Elapsed: 5.3m | Avg/Round: 17.5s | Last: 16.3s | Next: 17.5s | Remaining: 3.5m
ETA: 05:53:53
Recent round times: R1: 17.8s -> R2: 15.9s -> R3: 17.2s -> R4: 16.2s -> R5: 16.3s

  0%|          | 0/79 [00:00<?, ?it/s]
  3%|▎         | 2/79 [00:00<00:04, 18.49it/s]
  8%|▊         | 6/79 [00:00<00:02, 29.07it/s]
 13%|█▎        | 10/79 [00:00<00:02, 31.18it/s]
 18%|█▊        | 14/79 [00:00<00:02, 31.53it/s]
 23%|██▎       | 18/79 [00:00<00:01, 32.53it/s]
 28%|██▊       | 22/79 [00:00<00:01, 33.08it/s]
 33%|███▎      | 26/79 [00:00<00:01, 33.46it/s]
 38%|███▊      | 30/79 [00:00<00:01, 33.68it/s]
 43%|████▎     | 34/79 [00:01<00:01, 35.40it/s]
 48%|████▊     | 38/79 [00:01<00:01, 36.00it/s]
 53%|█████▎    | 42/79 [00:01<00:01, 36.30it/s]
 58%|█████▊    | 46/79 [00:01<00:00, 36.70it/s]
 63%|██████▎   | 50/79 [00:01<00:00, 36.99it/s]
 68%|██████▊   | 54/79 [00:01<00:00, 37.03it/s]
 73%|███████▎  | 58/79 [00:01<00:00, 37.25it/s]
 78%|███████▊  | 62/79 [00:01<00:00, 37.18it/s]
 84%|████████▎ | 66/79 [00:01<00:00, 37.27it/s]
 89%|████████▊ | 70/79 [00:01<00:00, 37.41it/s]
 94%|█████████▎| 74/79 [00:02<00:00, 37.36it/s]
100%|██████████| 79/79 [00:02<00:00, 35.78it/s]

CommRound: 19/30
Accuracy: 84.20% | Loss: 0.6757
[######################################----------------------] 63.3%
Elapsed: 5.5m | Avg/Round: 17.5s | Last: 16.3s | Next: 17.5s | Remaining: 3.2m
ETA: 05:53:51
Recent round times: R1: 15.9s -> R2: 17.2s -> R3: 16.2s -> R4: 16.3s -> R5: 16.3s

  0%|          | 0/79 [00:00<?, ?it/s]
  4%|▍         | 3/79 [00:00<00:03, 21.85it/s]
  9%|▉         | 7/79 [00:00<00:02, 30.45it/s]
 14%|█▍        | 11/79 [00:00<00:02, 33.91it/s]
 19%|█▉        | 15/79 [00:00<00:01, 35.78it/s]
 24%|██▍       | 19/79 [00:00<00:01, 37.00it/s]
 29%|██▉       | 23/79 [00:00<00:01, 37.78it/s]
 34%|███▍      | 27/79 [00:00<00:01, 38.40it/s]
 41%|████      | 32/79 [00:00<00:01, 40.26it/s]
 47%|████▋     | 37/79 [00:01<00:01, 38.89it/s]
 52%|█████▏    | 41/79 [00:01<00:00, 39.02it/s]
 57%|█████▋    | 45/79 [00:01<00:00, 39.27it/s]
 62%|██████▏   | 49/79 [00:01<00:00, 39.41it/s]
 67%|██████▋   | 53/79 [00:01<00:00, 39.42it/s]
 72%|███████▏  | 57/79 [00:01<00:00, 39.58it/s]
 78%|███████▊  | 62/79 [00:01<00:00, 37.82it/s]
 84%|████████▎ | 66/79 [00:01<00:00, 37.92it/s]
 89%|████████▊ | 70/79 [00:01<00:00, 38.22it/s]
 94%|█████████▎| 74/79 [00:01<00:00, 38.43it/s]
 99%|█████████▊| 78/79 [00:02<00:00, 38.45it/s]
100%|██████████| 79/79 [00:02<00:00, 38.01it/s]

CommRound: 20/30
Accuracy: 84.42% | Loss: 0.6731
[########################################--------------------] 66.7%
Elapsed: 5.8m | Avg/Round: 17.5s | Last: 18.0s | Next: 17.5s | Remaining: 2.9m
ETA: 05:53:52
Recent round times: R1: 17.2s -> R2: 16.2s -> R3: 16.3s -> R4: 16.3s -> R5: 18.0s

  0%|          | 0/79 [00:00<?, ?it/s]
  3%|▎         | 2/79 [00:00<00:03, 19.27it/s]
  9%|▉         | 7/79 [00:00<00:02, 29.96it/s]
 14%|█▍        | 11/79 [00:00<00:02, 33.58it/s]
 19%|█▉        | 15/79 [00:00<00:01, 35.75it/s]
 24%|██▍       | 19/79 [00:00<00:01, 37.03it/s]
 30%|███       | 24/79 [00:00<00:01, 40.18it/s]
 37%|███▋      | 29/79 [00:00<00:01, 38.50it/s]
 42%|████▏     | 33/79 [00:00<00:01, 38.83it/s]
 48%|████▊     | 38/79 [00:01<00:01, 39.33it/s]
 53%|█████▎    | 42/79 [00:01<00:00, 39.08it/s]
 58%|█████▊    | 46/79 [00:01<00:00, 38.76it/s]
 63%|██████▎   | 50/79 [00:01<00:00, 38.49it/s]
 68%|██████▊   | 54/79 [00:01<00:00, 38.64it/s]
 73%|███████▎  | 58/79 [00:01<00:00, 38.44it/s]
 78%|███████▊  | 62/79 [00:01<00:00, 38.30it/s]
 84%|████████▎ | 66/79 [00:01<00:00, 38.46it/s]
 89%|████████▊ | 70/79 [00:01<00:00, 38.54it/s]
 94%|█████████▎| 74/79 [00:01<00:00, 38.62it/s]
 99%|█████████▊| 78/79 [00:02<00:00, 38.62it/s]
100%|██████████| 79/79 [00:02<00:00, 37.97it/s]

CommRound: 21/30
Accuracy: 84.59% | Loss: 0.6700
[##########################################------------------] 70.0%
Elapsed: 6.2m | Avg/Round: 17.6s | Last: 19.5s | Next: 17.6s | Remaining: 2.6m
ETA: 05:53:55
Recent round times: R1: 16.2s -> R2: 16.3s -> R3: 16.3s -> R4: 18.0s -> R5: 19.5s

  0%|          | 0/79 [00:00<?, ?it/s]
  3%|▎         | 2/79 [00:00<00:03, 19.53it/s]
  6%|▋         | 5/79 [00:00<00:03, 22.68it/s]
 14%|█▍        | 11/79 [00:00<00:01, 35.17it/s]
 20%|██        | 16/79 [00:00<00:01, 37.04it/s]
 25%|██▌       | 20/79 [00:00<00:01, 37.39it/s]
 30%|███       | 24/79 [00:00<00:01, 37.80it/s]
 35%|███▌      | 28/79 [00:00<00:01, 37.87it/s]
 42%|████▏     | 33/79 [00:00<00:01, 41.07it/s]
 48%|████▊     | 38/79 [00:01<00:01, 39.26it/s]
 54%|█████▍    | 43/79 [00:01<00:00, 41.99it/s]
 61%|██████    | 48/79 [00:01<00:00, 39.45it/s]
 67%|██████▋   | 53/79 [00:01<00:00, 38.80it/s]
 72%|███████▏  | 57/79 [00:01<00:00, 38.17it/s]
 77%|███████▋  | 61/79 [00:01<00:00, 37.36it/s]
 82%|████████▏ | 65/79 [00:01<00:00, 37.92it/s]
 87%|████████▋ | 69/79 [00:01<00:00, 38.15it/s]
 92%|█████████▏| 73/79 [00:01<00:00, 38.10it/s]
 99%|█████████▊| 78/79 [00:02<00:00, 39.88it/s]
100%|██████████| 79/79 [00:02<00:00, 38.12it/s]

CommRound: 22/30
Accuracy: 84.73% | Loss: 0.6674
[############################################----------------] 73.3%
Elapsed: 6.5m | Avg/Round: 17.7s | Last: 19.4s | Next: 17.7s | Remaining: 2.4m
ETA: 05:53:57
Recent round times: R1: 16.3s -> R2: 16.3s -> R3: 18.0s -> R4: 19.5s -> R5: 19.4s

  0%|          | 0/79 [00:00<?, ?it/s]
  4%|▍         | 3/79 [00:00<00:03, 22.70it/s]
  9%|▉         | 7/79 [00:00<00:02, 31.24it/s]
 14%|█▍        | 11/79 [00:00<00:01, 34.11it/s]
 20%|██        | 16/79 [00:00<00:01, 39.58it/s]
 27%|██▋       | 21/79 [00:00<00:01, 37.39it/s]
 33%|███▎      | 26/79 [00:00<00:01, 40.66it/s]
 39%|███▉      | 31/79 [00:00<00:01, 38.25it/s]
 46%|████▌     | 36/79 [00:00<00:01, 41.04it/s]
 52%|█████▏    | 41/79 [00:01<00:00, 38.78it/s]
 58%|█████▊    | 46/79 [00:01<00:00, 41.33it/s]
 65%|██████▍   | 51/79 [00:01<00:00, 38.82it/s]
 71%|███████   | 56/79 [00:01<00:00, 41.56it/s]
 77%|███████▋  | 61/79 [00:01<00:00, 39.46it/s]
 84%|████████▎ | 66/79 [00:01<00:00, 41.63it/s]
 90%|████████▉ | 71/79 [00:01<00:00, 37.37it/s]
 96%|█████████▌| 76/79 [00:01<00:00, 39.88it/s]
100%|██████████| 79/79 [00:02<00:00, 38.96it/s]

CommRound: 23/30
Accuracy: 84.91% | Loss: 0.6657
[##############################################--------------] 76.7%
Elapsed: 6.8m | Avg/Round: 17.7s | Last: 17.9s | Next: 17.7s | Remaining: 2.1m
ETA: 05:53:58
Recent round times: R1: 16.3s -> R2: 18.0s -> R3: 19.5s -> R4: 19.4s -> R5: 17.9s

  0%|          | 0/79 [00:00<?, ?it/s]
  4%|▍         | 3/79 [00:00<00:03, 22.39it/s]
  9%|▉         | 7/79 [00:00<00:02, 30.78it/s]
 14%|█▍        | 11/79 [00:00<00:01, 34.29it/s]
 19%|█▉        | 15/79 [00:00<00:01, 35.92it/s]
 24%|██▍       | 19/79 [00:00<00:01, 37.06it/s]
 30%|███       | 24/79 [00:00<00:01, 36.16it/s]
 35%|███▌      | 28/79 [00:00<00:01, 36.95it/s]
 41%|████      | 32/79 [00:00<00:01, 37.29it/s]
 46%|████▌     | 36/79 [00:01<00:01, 37.44it/s]
 51%|█████     | 40/79 [00:01<00:01, 37.60it/s]
 56%|█████▌    | 44/79 [00:01<00:00, 37.95it/s]
 61%|██████    | 48/79 [00:01<00:00, 38.29it/s]
 66%|██████▌   | 52/79 [00:01<00:00, 38.20it/s]
 71%|███████   | 56/79 [00:01<00:00, 38.41it/s]
 76%|███████▌  | 60/79 [00:01<00:00, 38.46it/s]
 81%|████████  | 64/79 [00:01<00:00, 38.59it/s]
 86%|████████▌ | 68/79 [00:01<00:00, 38.86it/s]
 92%|█████████▏| 73/79 [00:01<00:00, 41.67it/s]
 99%|█████████▊| 78/79 [00:02<00:00, 39.88it/s]
100%|██████████| 79/79 [00:02<00:00, 37.90it/s]

CommRound: 24/30
Accuracy: 84.97% | Loss: 0.6646
[################################################------------] 80.0%
Elapsed: 7.0m | Avg/Round: 17.6s | Last: 15.9s | Next: 17.6s | Remaining: 1.8m
ETA: 05:53:56
Recent round times: R1: 18.0s -> R2: 19.5s -> R3: 19.4s -> R4: 17.9s -> R5: 15.9s

  0%|          | 0/79 [00:00<?, ?it/s]
  4%|▍         | 3/79 [00:00<00:03, 22.09it/s]
  9%|▉         | 7/79 [00:00<00:02, 30.58it/s]
 14%|█▍        | 11/79 [00:00<00:01, 34.24it/s]
 19%|█▉        | 15/79 [00:00<00:01, 36.32it/s]
 24%|██▍       | 19/79 [00:00<00:01, 37.43it/s]
 29%|██▉       | 23/79 [00:00<00:01, 38.09it/s]
 35%|███▌      | 28/79 [00:00<00:01, 40.71it/s]
 42%|████▏     | 33/79 [00:00<00:01, 38.85it/s]
 47%|████▋     | 37/79 [00:00<00:01, 39.08it/s]
 52%|█████▏    | 41/79 [00:01<00:00, 39.15it/s]
 58%|█████▊    | 46/79 [00:01<00:00, 41.47it/s]
 65%|██████▍   | 51/79 [00:01<00:00, 39.19it/s]
 70%|██████▉   | 55/79 [00:01<00:00, 38.95it/s]
 76%|███████▌  | 60/79 [00:01<00:00, 41.28it/s]
 82%|████████▏ | 65/79 [00:01<00:00, 39.13it/s]
 87%|████████▋ | 69/79 [00:01<00:00, 39.33it/s]
 92%|█████████▏| 73/79 [00:01<00:00, 39.25it/s]
 97%|█████████▋| 77/79 [00:02<00:00, 39.15it/s]
100%|██████████| 79/79 [00:02<00:00, 39.04it/s]

CommRound: 25/30
Accuracy: 85.07% | Loss: 0.6643
[##################################################----------] 83.3%
Elapsed: 7.4m | Avg/Round: 17.7s | Last: 19.3s | Next: 17.7s | Remaining: 1.5m
ETA: 05:53:58
Recent round times: R1: 19.5s -> R2: 19.4s -> R3: 17.9s -> R4: 15.9s -> R5: 19.3s

  0%|          | 0/79 [00:00<?, ?it/s]
  3%|▎         | 2/79 [00:00<00:03, 19.97it/s]
  6%|▋         | 5/79 [00:00<00:03, 24.17it/s]
 11%|█▏        | 9/79 [00:00<00:02, 30.53it/s]
 16%|█▋        | 13/79 [00:00<00:01, 33.59it/s]
 23%|██▎       | 18/79 [00:00<00:01, 39.12it/s]
 28%|██▊       | 22/79 [00:00<00:01, 39.31it/s]
 34%|███▍      | 27/79 [00:00<00:01, 37.77it/s]
 41%|████      | 32/79 [00:00<00:01, 41.02it/s]
 47%|████▋     | 37/79 [00:01<00:01, 38.90it/s]
 53%|█████▎    | 42/79 [00:01<00:00, 41.62it/s]
 59%|█████▉    | 47/79 [00:01<00:00, 39.45it/s]
 66%|██████▌   | 52/79 [00:01<00:00, 41.92it/s]
 72%|███████▏  | 57/79 [00:01<00:00, 39.47it/s]
 78%|███████▊  | 62/79 [00:01<00:00, 41.59it/s]
 85%|████████▍ | 67/79 [00:01<00:00, 38.75it/s]
 90%|████████▉ | 71/79 [00:01<00:00, 39.06it/s]
 97%|█████████▋| 77/79 [00:01<00:00, 40.00it/s]
100%|██████████| 79/79 [00:02<00:00, 39.21it/s]

CommRound: 26/30
Accuracy: 85.09% | Loss: 0.6642
[####################################################--------] 86.7%
Elapsed: 7.6m | Avg/Round: 17.6s | Last: 16.3s | Next: 17.6s | Remaining: 1.2m
ETA: 05:53:56
Recent round times: R1: 19.4s -> R2: 17.9s -> R3: 15.9s -> R4: 19.3s -> R5: 16.3s

  0%|          | 0/79 [00:00<?, ?it/s]
  3%|▎         | 2/79 [00:00<00:03, 19.69it/s]
  8%|▊         | 6/79 [00:00<00:02, 31.30it/s]
 13%|█▎        | 10/79 [00:00<00:02, 33.61it/s]
 18%|█▊        | 14/79 [00:00<00:01, 34.65it/s]
 23%|██▎       | 18/79 [00:00<00:01, 35.77it/s]
 28%|██▊       | 22/79 [00:00<00:01, 36.62it/s]
 33%|███▎      | 26/79 [00:00<00:01, 37.15it/s]
 38%|███▊      | 30/79 [00:00<00:01, 37.57it/s]
 43%|████▎     | 34/79 [00:00<00:01, 38.05it/s]
 48%|████▊     | 38/79 [00:01<00:01, 37.73it/s]
 53%|█████▎    | 42/79 [00:01<00:01, 36.33it/s]
 58%|█████▊    | 46/79 [00:01<00:00, 35.51it/s]
 63%|██████▎   | 50/79 [00:01<00:00, 35.16it/s]
 68%|██████▊   | 54/79 [00:01<00:00, 34.85it/s]
 73%|███████▎  | 58/79 [00:01<00:00, 34.57it/s]
 78%|███████▊  | 62/79 [00:01<00:00, 34.63it/s]
 84%|████████▎ | 66/79 [00:01<00:00, 34.28it/s]
 89%|████████▊ | 70/79 [00:01<00:00, 33.90it/s]
 94%|█████████▎| 74/79 [00:02<00:00, 33.46it/s]
100%|██████████| 79/79 [00:02<00:00, 35.36it/s]

CommRound: 27/30
Accuracy: 85.12% | Loss: 0.6645
[######################################################------] 90.0%
Elapsed: 7.9m | Avg/Round: 17.7s | Last: 18.4s | Next: 17.7s | Remaining: 0.9m
ETA: 05:53:57
Recent round times: R1: 17.9s -> R2: 15.9s -> R3: 19.3s -> R4: 16.3s -> R5: 18.4s

  0%|          | 0/79 [00:00<?, ?it/s]
  3%|▎         | 2/79 [00:00<00:03, 19.81it/s]
  8%|▊         | 6/79 [00:00<00:02, 30.50it/s]
 13%|█▎        | 10/79 [00:00<00:02, 32.70it/s]
 18%|█▊        | 14/79 [00:00<00:01, 34.17it/s]
 23%|██▎       | 18/79 [00:00<00:01, 35.21it/s]
 28%|██▊       | 22/79 [00:00<00:01, 35.93it/s]
 33%|███▎      | 26/79 [00:00<00:01, 36.41it/s]
 38%|███▊      | 30/79 [00:00<00:01, 36.78it/s]
 43%|████▎     | 34/79 [00:00<00:01, 36.98it/s]
 48%|████▊     | 38/79 [00:01<00:01, 37.25it/s]
 53%|█████▎    | 42/79 [00:01<00:00, 37.36it/s]
 58%|█████▊    | 46/79 [00:01<00:00, 37.47it/s]
 63%|██████▎   | 50/79 [00:01<00:00, 36.79it/s]
 70%|██████▉   | 55/79 [00:01<00:00, 39.90it/s]
 75%|███████▍  | 59/79 [00:01<00:00, 39.41it/s]
 80%|███████▉  | 63/79 [00:01<00:00, 39.12it/s]
 85%|████████▍ | 67/79 [00:01<00:00, 38.73it/s]
 90%|████████▉ | 71/79 [00:01<00:00, 38.33it/s]
 95%|█████████▍| 75/79 [00:02<00:00, 38.08it/s]
100%|██████████| 79/79 [00:02<00:00, 37.22it/s]

CommRound: 28/30
Accuracy: 85.21% | Loss: 0.6651
[########################################################----] 93.3%
Elapsed: 8.2m | Avg/Round: 17.6s | Last: 16.9s | Next: 17.6s | Remaining: 0.6m
ETA: 05:53:56
Recent round times: R1: 15.9s -> R2: 19.3s -> R3: 16.3s -> R4: 18.4s -> R5: 16.9s

  0%|          | 0/79 [00:00<?, ?it/s]
  3%|▎         | 2/79 [00:00<00:03, 19.40it/s]
  8%|▊         | 6/79 [00:00<00:02, 30.98it/s]
 13%|█▎        | 10/79 [00:00<00:02, 33.29it/s]
 18%|█▊        | 14/79 [00:00<00:01, 33.89it/s]
 23%|██▎       | 18/79 [00:00<00:01, 34.60it/s]
 28%|██▊       | 22/79 [00:00<00:01, 35.02it/s]
 33%|███▎      | 26/79 [00:00<00:01, 35.38it/s]
 38%|███▊      | 30/79 [00:00<00:01, 35.34it/s]
 43%|████▎     | 34/79 [00:00<00:01, 35.42it/s]
 48%|████▊     | 38/79 [00:01<00:01, 35.22it/s]
 53%|█████▎    | 42/79 [00:01<00:01, 36.47it/s]
 58%|█████▊    | 46/79 [00:01<00:00, 37.24it/s]
 65%|██████▍   | 51/79 [00:01<00:00, 36.74it/s]
 71%|███████   | 56/79 [00:01<00:00, 40.32it/s]
 77%|███████▋  | 61/79 [00:01<00:00, 38.87it/s]
 84%|████████▎ | 66/79 [00:01<00:00, 41.68it/s]
 90%|████████▉ | 71/79 [00:01<00:00, 39.64it/s]
 96%|█████████▌| 76/79 [00:02<00:00, 42.08it/s]
100%|██████████| 79/79 [00:02<00:00, 37.55it/s]

CommRound: 29/30
Accuracy: 85.27% | Loss: 0.6657
[##########################################################--] 96.7%
Elapsed: 8.6m | Avg/Round: 17.7s | Last: 19.8s | Next: 17.7s | Remaining: 0.3m
ETA: 05:53:58
Recent round times: R1: 19.3s -> R2: 16.3s -> R3: 18.4s -> R4: 16.9s -> R5: 19.8s

  0%|          | 0/79 [00:00<?, ?it/s]
  3%|▎         | 2/79 [00:00<00:04, 18.94it/s]
  9%|▉         | 7/79 [00:00<00:02, 30.25it/s]
 14%|█▍        | 11/79 [00:00<00:02, 33.81it/s]
 19%|█▉        | 15/79 [00:00<00:01, 35.34it/s]
 24%|██▍       | 19/79 [00:00<00:01, 36.41it/s]
 29%|██▉       | 23/79 [00:00<00:01, 37.25it/s]
 34%|███▍      | 27/79 [00:00<00:01, 37.74it/s]
 41%|████      | 32/79 [00:00<00:01, 37.98it/s]
 46%|████▌     | 36/79 [00:00<00:01, 38.10it/s]
 51%|█████     | 40/79 [00:01<00:01, 37.87it/s]
 56%|█████▌    | 44/79 [00:01<00:00, 37.93it/s]
 61%|██████    | 48/79 [00:01<00:00, 38.16it/s]
 66%|██████▌   | 52/79 [00:01<00:00, 38.23it/s]
 71%|███████   | 56/79 [00:01<00:00, 38.11it/s]
 76%|███████▌  | 60/79 [00:01<00:00, 38.00it/s]
 81%|████████  | 64/79 [00:01<00:00, 38.30it/s]
 86%|████████▌ | 68/79 [00:01<00:00, 38.72it/s]
 91%|█████████ | 72/79 [00:01<00:00, 39.08it/s]
 96%|█████████▌| 76/79 [00:02<00:00, 39.24it/s]
100%|██████████| 79/79 [00:02<00:00, 37.46it/s]

CommRound: 30/30
Accuracy: 85.30% | Loss: 0.6665
[############################################################] 100.0%
Elapsed: 8.9m | Avg/Round: 17.8s | Last: 20.4s | Next: 17.8s | Remaining: 0.0m
ETA: 05:54:01
Recent round times: R1: 16.3s -> R2: 18.4s -> R3: 16.9s -> R4: 19.8s -> R5: 20.4s
Total time for experiment: 533.7263128757477 seconds
Device average training time per communication round [s]:
    rpi (sld-rpi-09.ece.utexas.edu): 11.28 seconds
    mc1 (sld-mc1-09.ece.utexas.edu): 14.00 seconds
