
  0%|          | 0/79 [00:00<?, ?it/s]
  4%|▍         | 3/79 [00:00<00:03, 22.83it/s]
 10%|█         | 8/79 [00:00<00:02, 34.48it/s]
 15%|█▌        | 12/79 [00:00<00:01, 35.13it/s]
 22%|██▏       | 17/79 [00:00<00:01, 37.82it/s]
 28%|██▊       | 22/79 [00:00<00:01, 39.71it/s]
 34%|███▍      | 27/79 [00:00<00:01, 39.92it/s]
 41%|████      | 32/79 [00:00<00:01, 41.69it/s]
 47%|████▋     | 37/79 [00:00<00:01, 39.92it/s]
 53%|█████▎    | 42/79 [00:01<00:00, 42.40it/s]
 59%|█████▉    | 47/79 [00:01<00:00, 38.80it/s]
 67%|██████▋   | 53/79 [00:01<00:00, 39.59it/s]
 73%|███████▎  | 58/79 [00:01<00:00, 42.10it/s]
 80%|███████▉  | 63/79 [00:01<00:00, 39.96it/s]
 87%|████████▋ | 69/79 [00:01<00:00, 40.46it/s]
 95%|█████████▍| 75/79 [00:01<00:00, 41.04it/s]
100%|██████████| 79/79 [00:01<00:00, 40.36it/s]
Initial Accuracy: 9.54%; Initial Loss: 2.3027

  0%|          | 0/79 [00:00<?, ?it/s]
  3%|▎         | 2/79 [00:00<00:03, 19.42it/s]
  9%|▉         | 7/79 [00:00<00:02, 32.89it/s]
 15%|█▌        | 12/79 [00:00<00:01, 37.63it/s]
 22%|██▏       | 17/79 [00:00<00:01, 38.61it/s]
 28%|██▊       | 22/79 [00:00<00:01, 39.71it/s]
 34%|███▍      | 27/79 [00:00<00:01, 40.32it/s]
 41%|████      | 32/79 [00:00<00:01, 41.51it/s]
 47%|████▋     | 37/79 [00:00<00:01, 40.74it/s]
 53%|█████▎    | 42/79 [00:01<00:00, 40.86it/s]
 59%|█████▉    | 47/79 [00:01<00:00, 41.70it/s]
 66%|██████▌   | 52/79 [00:01<00:00, 39.92it/s]
 72%|███████▏  | 57/79 [00:01<00:00, 39.34it/s]
 78%|███████▊  | 62/79 [00:01<00:00, 37.99it/s]
 86%|████████▌ | 68/79 [00:01<00:00, 39.21it/s]
 94%|█████████▎| 74/79 [00:01<00:00, 39.96it/s]
100%|██████████| 79/79 [00:01<00:00, 39.60it/s]

CommRound: 1/30
Accuracy: 46.05% | Loss: 1.6432
[##----------------------------------------------------------] 3.3%
Elapsed: 0.2m | Avg/Round: 11.9s | Last: 9.9s | Next: 11.9s | Remaining: 5.8m
ETA: 18:54:12
Recent round times: R1: 9.9s

  0%|          | 0/79 [00:00<?, ?it/s]
  1%|▏         | 1/79 [00:00<00:32,  2.36it/s]
  9%|▉         | 7/79 [00:00<00:04, 15.60it/s]
 15%|█▌        | 12/79 [00:00<00:02, 24.01it/s]
 22%|██▏       | 17/79 [00:00<00:02, 27.82it/s]
 28%|██▊       | 22/79 [00:00<00:01, 33.12it/s]
 34%|███▍      | 27/79 [00:01<00:01, 33.56it/s]
 41%|████      | 32/79 [00:01<00:01, 34.59it/s]
 46%|████▌     | 36/79 [00:01<00:01, 33.99it/s]
 53%|█████▎    | 42/79 [00:01<00:01, 36.52it/s]
 59%|█████▉    | 47/79 [00:01<00:00, 39.77it/s]
 66%|██████▌   | 52/79 [00:01<00:00, 38.76it/s]
 73%|███████▎  | 58/79 [00:01<00:00, 40.14it/s]
 80%|███████▉  | 63/79 [00:01<00:00, 42.51it/s]
 86%|████████▌ | 68/79 [00:02<00:00, 40.14it/s]
 92%|█████████▏| 73/79 [00:02<00:00, 42.43it/s]
 99%|█████████▊| 78/79 [00:02<00:00, 40.64it/s]
100%|██████████| 79/79 [00:02<00:00, 34.01it/s]

CommRound: 2/30
Accuracy: 62.47% | Loss: 1.0948
[####--------------------------------------------------------] 6.7%
Elapsed: 0.4m | Avg/Round: 11.2s | Last: 10.5s | Next: 11.2s | Remaining: 5.2m
ETA: 18:53:51
Recent round times: R1: 9.9s -> R2: 10.5s

  0%|          | 0/79 [00:00<?, ?it/s]
  1%|▏         | 1/79 [00:00<00:07,  9.75it/s]
  9%|▉         | 7/79 [00:00<00:02, 32.02it/s]
 14%|█▍        | 11/79 [00:00<00:01, 35.15it/s]
 19%|█▉        | 15/79 [00:00<00:01, 36.22it/s]
 24%|██▍       | 19/79 [00:00<00:01, 36.75it/s]
 30%|███       | 24/79 [00:00<00:01, 40.69it/s]
 37%|███▋      | 29/79 [00:00<00:01, 37.74it/s]
 43%|████▎     | 34/79 [00:00<00:01, 41.00it/s]
 49%|████▉     | 39/79 [00:01<00:01, 39.26it/s]
 56%|█████▌    | 44/79 [00:01<00:00, 41.67it/s]
 62%|██████▏   | 49/79 [00:01<00:00, 38.94it/s]
 70%|██████▉   | 55/79 [00:01<00:00, 39.96it/s]
 77%|███████▋  | 61/79 [00:01<00:00, 40.59it/s]
 84%|████████▎ | 66/79 [00:01<00:00, 42.60it/s]
 90%|████████▉ | 71/79 [00:01<00:00, 40.18it/s]
 96%|█████████▌| 76/79 [00:01<00:00, 42.43it/s]
100%|██████████| 79/79 [00:01<00:00, 39.56it/s]

CommRound: 3/30
Accuracy: 69.45% | Loss: 0.8551
[######------------------------------------------------------] 10.0%
Elapsed: 0.5m | Avg/Round: 10.9s | Last: 10.2s | Next: 10.9s | Remaining: 4.9m
ETA: 18:53:41
Recent round times: R1: 9.9s -> R2: 10.5s -> R3: 10.2s

  0%|          | 0/79 [00:00<?, ?it/s]
  1%|▏         | 1/79 [00:00<00:08,  9.43it/s]
  6%|▋         | 5/79 [00:00<00:02, 26.61it/s]
 13%|█▎        | 10/79 [00:00<00:02, 32.63it/s]
 19%|█▉        | 15/79 [00:00<00:01, 36.36it/s]
 25%|██▌       | 20/79 [00:00<00:01, 38.80it/s]
 32%|███▏      | 25/79 [00:00<00:01, 40.64it/s]
 38%|███▊      | 30/79 [00:00<00:01, 41.23it/s]
 44%|████▍     | 35/79 [00:00<00:01, 41.82it/s]
 51%|█████     | 40/79 [00:01<00:00, 41.84it/s]
 57%|█████▋    | 45/79 [00:01<00:00, 41.84it/s]
 63%|██████▎   | 50/79 [00:01<00:00, 40.84it/s]
 70%|██████▉   | 55/79 [00:01<00:00, 42.39it/s]
 76%|███████▌  | 60/79 [00:01<00:00, 40.09it/s]
 82%|████████▏ | 65/79 [00:01<00:00, 42.46it/s]
 89%|████████▊ | 70/79 [00:01<00:00, 40.11it/s]
 96%|█████████▌| 76/79 [00:01<00:00, 40.73it/s]
100%|██████████| 79/79 [00:01<00:00, 39.76it/s]

CommRound: 4/30
Accuracy: 72.60% | Loss: 0.7678
[########----------------------------------------------------] 13.3%
Elapsed: 0.7m | Avg/Round: 10.7s | Last: 10.2s | Next: 10.7s | Remaining: 4.6m
ETA: 18:53:36
Recent round times: R1: 9.9s -> R2: 10.5s -> R3: 10.2s -> R4: 10.2s

  0%|          | 0/79 [00:00<?, ?it/s]
  1%|▏         | 1/79 [00:00<00:08,  9.61it/s]
  9%|▉         | 7/79 [00:00<00:02, 33.32it/s]
 15%|█▌        | 12/79 [00:00<00:01, 37.37it/s]
 22%|██▏       | 17/79 [00:00<00:01, 39.25it/s]
 28%|██▊       | 22/79 [00:00<00:01, 39.24it/s]
 33%|███▎      | 26/79 [00:00<00:01, 39.41it/s]
 41%|████      | 32/79 [00:00<00:01, 40.32it/s]
 48%|████▊     | 38/79 [00:00<00:00, 41.14it/s]
 56%|█████▌    | 44/79 [00:01<00:00, 41.62it/s]
 62%|██████▏   | 49/79 [00:01<00:00, 43.17it/s]
 68%|██████▊   | 54/79 [00:01<00:00, 40.94it/s]
 75%|███████▍  | 59/79 [00:01<00:00, 43.03it/s]
 81%|████████  | 64/79 [00:01<00:00, 40.19it/s]
 87%|████████▋ | 69/79 [00:01<00:00, 42.50it/s]
 94%|█████████▎| 74/79 [00:01<00:00, 38.93it/s]
100%|██████████| 79/79 [00:01<00:00, 40.01it/s]

CommRound: 5/30
Accuracy: 76.55% | Loss: 0.6842
[##########--------------------------------------------------] 16.7%
Elapsed: 0.9m | Avg/Round: 10.5s | Last: 10.0s | Next: 10.5s | Remaining: 4.4m
ETA: 18:53:32
Recent round times: R1: 9.9s -> R2: 10.5s -> R3: 10.2s -> R4: 10.2s -> R5: 10.0s

  0%|          | 0/79 [00:00<?, ?it/s]
  3%|▎         | 2/79 [00:00<00:03, 19.36it/s]
  9%|▉         | 7/79 [00:00<00:02, 31.20it/s]
 15%|█▌        | 12/79 [00:00<00:01, 38.40it/s]
 22%|██▏       | 17/79 [00:00<00:01, 36.85it/s]
 28%|██▊       | 22/79 [00:00<00:01, 40.85it/s]
 34%|███▍      | 27/79 [00:00<00:01, 38.93it/s]
 41%|████      | 32/79 [00:00<00:01, 41.20it/s]
 47%|████▋     | 37/79 [00:00<00:01, 39.41it/s]
 53%|█████▎    | 42/79 [00:01<00:00, 42.10it/s]
 59%|█████▉    | 47/79 [00:01<00:00, 39.37it/s]
 66%|██████▌   | 52/79 [00:01<00:00, 41.90it/s]
 72%|███████▏  | 57/79 [00:01<00:00, 40.21it/s]
 78%|███████▊  | 62/79 [00:01<00:00, 41.84it/s]
 85%|████████▍ | 67/79 [00:01<00:00, 41.21it/s]
 91%|█████████ | 72/79 [00:01<00:00, 41.42it/s]
 97%|█████████▋| 77/79 [00:01<00:00, 40.79it/s]
100%|██████████| 79/79 [00:01<00:00, 40.10it/s]

CommRound: 6/30
Accuracy: 82.82% | Loss: 0.5110
[############------------------------------------------------] 20.0%
Elapsed: 1.1m | Avg/Round: 10.5s | Last: 10.3s | Next: 10.5s | Remaining: 4.2m
ETA: 18:53:30
Recent round times: R1: 10.5s -> R2: 10.2s -> R3: 10.2s -> R4: 10.0s -> R5: 10.3s

  0%|          | 0/79 [00:00<?, ?it/s]
  3%|▎         | 2/79 [00:00<00:03, 19.45it/s]
  9%|▉         | 7/79 [00:00<00:02, 31.09it/s]
 14%|█▍        | 11/79 [00:00<00:01, 34.46it/s]
 20%|██        | 16/79 [00:00<00:01, 37.21it/s]
 27%|██▋       | 21/79 [00:00<00:01, 37.78it/s]
 33%|███▎      | 26/79 [00:00<00:01, 40.37it/s]
 39%|███▉      | 31/79 [00:00<00:01, 38.83it/s]
 44%|████▍     | 35/79 [00:00<00:01, 38.97it/s]
 51%|█████     | 40/79 [00:01<00:00, 41.02it/s]
 57%|█████▋    | 45/79 [00:01<00:00, 39.17it/s]
 63%|██████▎   | 50/79 [00:01<00:00, 41.94it/s]
 70%|██████▉   | 55/79 [00:01<00:00, 39.71it/s]
 77%|███████▋  | 61/79 [00:01<00:00, 40.45it/s]
 84%|████████▎ | 66/79 [00:01<00:00, 42.80it/s]
 90%|████████▉ | 71/79 [00:01<00:00, 39.48it/s]
 96%|█████████▌| 76/79 [00:01<00:00, 41.66it/s]
100%|██████████| 79/79 [00:01<00:00, 39.54it/s]

CommRound: 7/30
Accuracy: 87.14% | Loss: 0.3920
[##############----------------------------------------------] 23.3%
Elapsed: 1.2m | Avg/Round: 10.4s | Last: 10.0s | Next: 10.4s | Remaining: 4.0m
ETA: 18:53:28
Recent round times: R1: 10.2s -> R2: 10.2s -> R3: 10.0s -> R4: 10.3s -> R5: 10.0s

  0%|          | 0/79 [00:00<?, ?it/s]
  1%|▏         | 1/79 [00:00<00:08,  9.60it/s]
  9%|▉         | 7/79 [00:00<00:02, 31.91it/s]
 15%|█▌        | 12/79 [00:00<00:01, 38.61it/s]
 20%|██        | 16/79 [00:00<00:01, 38.96it/s]
 27%|██▋       | 21/79 [00:00<00:01, 37.20it/s]
 32%|███▏      | 25/79 [00:00<00:01, 36.55it/s]
 37%|███▋      | 29/79 [00:00<00:01, 36.70it/s]
 42%|████▏     | 33/79 [00:00<00:01, 36.90it/s]
 47%|████▋     | 37/79 [00:01<00:01, 37.29it/s]
 52%|█████▏    | 41/79 [00:01<00:01, 37.70it/s]
 58%|█████▊    | 46/79 [00:01<00:00, 39.94it/s]
 65%|██████▍   | 51/79 [00:01<00:00, 38.64it/s]
 71%|███████   | 56/79 [00:01<00:00, 41.51it/s]
 77%|███████▋  | 61/79 [00:01<00:00, 39.40it/s]
 84%|████████▎ | 66/79 [00:01<00:00, 42.10it/s]
 90%|████████▉ | 71/79 [00:01<00:00, 39.84it/s]
 97%|█████████▋| 77/79 [00:02<00:00, 39.53it/s]
100%|██████████| 79/79 [00:02<00:00, 38.76it/s]

CommRound: 8/30
Accuracy: 88.66% | Loss: 0.3515
[################--------------------------------------------] 26.7%
Elapsed: 1.4m | Avg/Round: 10.4s | Last: 10.2s | Next: 10.4s | Remaining: 3.8m
ETA: 18:53:27
Recent round times: R1: 10.2s -> R2: 10.0s -> R3: 10.3s -> R4: 10.0s -> R5: 10.2s

  0%|          | 0/79 [00:00<?, ?it/s]
  3%|▎         | 2/79 [00:00<00:03, 19.74it/s]
  9%|▉         | 7/79 [00:00<00:02, 31.35it/s]
 15%|█▌        | 12/79 [00:00<00:01, 38.19it/s]
 20%|██        | 16/79 [00:00<00:01, 38.57it/s]
 25%|██▌       | 20/79 [00:00<00:01, 38.85it/s]
 30%|███       | 24/79 [00:00<00:01, 39.08it/s]
 35%|███▌      | 28/79 [00:00<00:01, 39.30it/s]
 41%|████      | 32/79 [00:00<00:01, 39.25it/s]
 46%|████▌     | 36/79 [00:00<00:01, 38.82it/s]
 52%|█████▏    | 41/79 [00:01<00:00, 38.07it/s]
 58%|█████▊    | 46/79 [00:01<00:00, 40.33it/s]
 65%|██████▍   | 51/79 [00:01<00:00, 38.90it/s]
 71%|███████   | 56/79 [00:01<00:00, 41.60it/s]
 77%|███████▋  | 61/79 [00:01<00:00, 39.51it/s]
 84%|████████▎ | 66/79 [00:01<00:00, 41.26it/s]
 90%|████████▉ | 71/79 [00:01<00:00, 39.71it/s]
 96%|█████████▌| 76/79 [00:01<00:00, 41.54it/s]
100%|██████████| 79/79 [00:01<00:00, 39.57it/s]

CommRound: 9/30
Accuracy: 88.96% | Loss: 0.3406
[##################------------------------------------------] 30.0%
Elapsed: 1.6m | Avg/Round: 10.4s | Last: 10.0s | Next: 10.4s | Remaining: 3.6m
ETA: 18:53:26
Recent round times: R1: 10.0s -> R2: 10.3s -> R3: 10.0s -> R4: 10.2s -> R5: 10.0s

  0%|          | 0/79 [00:00<?, ?it/s]
  3%|▎         | 2/79 [00:00<00:04, 18.82it/s]
  9%|▉         | 7/79 [00:00<00:02, 32.88it/s]
 15%|█▌        | 12/79 [00:00<00:01, 38.85it/s]
 22%|██▏       | 17/79 [00:00<00:01, 38.35it/s]
 28%|██▊       | 22/79 [00:00<00:01, 41.34it/s]
 34%|███▍      | 27/79 [00:00<00:01, 40.13it/s]
 41%|████      | 32/79 [00:00<00:01, 40.98it/s]
 47%|████▋     | 37/79 [00:00<00:01, 40.78it/s]
 53%|█████▎    | 42/79 [00:01<00:00, 41.67it/s]
 59%|█████▉    | 47/79 [00:01<00:00, 41.67it/s]
 66%|██████▌   | 52/79 [00:01<00:00, 41.60it/s]
 72%|███████▏  | 57/79 [00:01<00:00, 41.05it/s]
 78%|███████▊  | 62/79 [00:01<00:00, 41.71it/s]
 85%|████████▍ | 67/79 [00:01<00:00, 40.16it/s]
 91%|█████████ | 72/79 [00:01<00:00, 40.52it/s]
 97%|█████████▋| 77/79 [00:01<00:00, 40.22it/s]
100%|██████████| 79/79 [00:01<00:00, 40.30it/s]

CommRound: 10/30
Accuracy: 90.17% | Loss: 0.3131
[####################----------------------------------------] 33.3%
Elapsed: 1.7m | Avg/Round: 10.3s | Last: 10.2s | Next: 10.3s | Remaining: 3.4m
ETA: 18:53:26
Recent round times: R1: 10.3s -> R2: 10.0s -> R3: 10.2s -> R4: 10.0s -> R5: 10.2s

  0%|          | 0/79 [00:00<?, ?it/s]
  1%|▏         | 1/79 [00:00<00:07,  9.99it/s]
  9%|▉         | 7/79 [00:00<00:02, 33.25it/s]
 15%|█▌        | 12/79 [00:00<00:01, 37.83it/s]
 20%|██        | 16/79 [00:00<00:01, 37.94it/s]
 25%|██▌       | 20/79 [00:00<00:01, 38.45it/s]
 30%|███       | 24/79 [00:00<00:01, 38.85it/s]
 37%|███▋      | 29/79 [00:00<00:01, 41.34it/s]
 43%|████▎     | 34/79 [00:00<00:01, 39.20it/s]
 49%|████▉     | 39/79 [00:01<00:00, 41.95it/s]
 56%|█████▌    | 44/79 [00:01<00:00, 39.59it/s]
 63%|██████▎   | 50/79 [00:01<00:00, 40.16it/s]
 71%|███████   | 56/79 [00:01<00:00, 41.02it/s]
 78%|███████▊  | 62/79 [00:01<00:00, 41.54it/s]
 86%|████████▌ | 68/79 [00:01<00:00, 41.76it/s]
 92%|█████████▏| 73/79 [00:01<00:00, 43.62it/s]
 99%|█████████▊| 78/79 [00:01<00:00, 41.26it/s]
100%|██████████| 79/79 [00:01<00:00, 40.10it/s]

CommRound: 11/30
Accuracy: 90.37% | Loss: 0.3120
[######################--------------------------------------] 36.7%
Elapsed: 1.9m | Avg/Round: 10.3s | Last: 10.2s | Next: 10.3s | Remaining: 3.3m
ETA: 18:53:25
Recent round times: R1: 10.0s -> R2: 10.2s -> R3: 10.0s -> R4: 10.2s -> R5: 10.2s

  0%|          | 0/79 [00:00<?, ?it/s]
  3%|▎         | 2/79 [00:00<00:03, 19.42it/s]
  9%|▉         | 7/79 [00:00<00:02, 32.15it/s]
 15%|█▌        | 12/79 [00:00<00:01, 37.24it/s]
 20%|██        | 16/79 [00:00<00:01, 38.03it/s]
 25%|██▌       | 20/79 [00:00<00:01, 38.43it/s]
 32%|███▏      | 25/79 [00:00<00:01, 40.16it/s]
 38%|███▊      | 30/79 [00:00<00:01, 38.87it/s]
 43%|████▎     | 34/79 [00:00<00:01, 37.97it/s]
 48%|████▊     | 38/79 [00:01<00:01, 38.14it/s]
 53%|█████▎    | 42/79 [00:01<00:00, 37.22it/s]
 58%|█████▊    | 46/79 [00:01<00:00, 36.70it/s]
 63%|██████▎   | 50/79 [00:01<00:00, 36.58it/s]
 68%|██████▊   | 54/79 [00:01<00:00, 36.69it/s]
 73%|███████▎  | 58/79 [00:01<00:00, 36.78it/s]
 78%|███████▊  | 62/79 [00:01<00:00, 36.57it/s]
 84%|████████▎ | 66/79 [00:01<00:00, 36.29it/s]
 89%|████████▊ | 70/79 [00:01<00:00, 36.41it/s]
 94%|█████████▎| 74/79 [00:02<00:00, 36.13it/s]
 99%|█████████▊| 78/79 [00:02<00:00, 37.12it/s]
100%|██████████| 79/79 [00:02<00:00, 37.06it/s]

CommRound: 12/30
Accuracy: 90.94% | Loss: 0.2982
[########################------------------------------------] 40.0%
Elapsed: 2.1m | Avg/Round: 10.3s | Last: 10.4s | Next: 10.3s | Remaining: 3.1m
ETA: 18:53:25
Recent round times: R1: 10.2s -> R2: 10.0s -> R3: 10.2s -> R4: 10.2s -> R5: 10.4s

  0%|          | 0/79 [00:00<?, ?it/s]
  3%|▎         | 2/79 [00:00<00:03, 19.61it/s]
  9%|▉         | 7/79 [00:00<00:02, 31.45it/s]
 16%|█▋        | 13/79 [00:00<00:01, 36.62it/s]
 23%|██▎       | 18/79 [00:00<00:01, 40.85it/s]
 29%|██▉       | 23/79 [00:00<00:01, 38.42it/s]
 37%|███▋      | 29/79 [00:00<00:01, 39.75it/s]
 44%|████▍     | 35/79 [00:00<00:01, 40.50it/s]
 51%|█████     | 40/79 [00:01<00:00, 42.71it/s]
 57%|█████▋    | 45/79 [00:01<00:00, 37.92it/s]
 62%|██████▏   | 49/79 [00:01<00:00, 38.42it/s]
 70%|██████▉   | 55/79 [00:01<00:00, 39.88it/s]
 77%|███████▋  | 61/79 [00:01<00:00, 40.55it/s]
 85%|████████▍ | 67/79 [00:01<00:00, 40.87it/s]
 91%|█████████ | 72/79 [00:01<00:00, 40.63it/s]
 97%|█████████▋| 77/79 [00:01<00:00, 40.60it/s]
100%|██████████| 79/79 [00:02<00:00, 39.02it/s]

CommRound: 13/30
Accuracy: 90.90% | Loss: 0.3022
[##########################----------------------------------] 43.3%
Elapsed: 2.2m | Avg/Round: 10.3s | Last: 10.4s | Next: 10.3s | Remaining: 2.9m
ETA: 18:53:25
Recent round times: R1: 10.0s -> R2: 10.2s -> R3: 10.2s -> R4: 10.4s -> R5: 10.4s

  0%|          | 0/79 [00:00<?, ?it/s]
  3%|▎         | 2/79 [00:00<00:04, 19.25it/s]
  9%|▉         | 7/79 [00:00<00:02, 31.57it/s]
 15%|█▌        | 12/79 [00:00<00:01, 39.03it/s]
 22%|██▏       | 17/79 [00:00<00:01, 37.16it/s]
 29%|██▉       | 23/79 [00:00<00:01, 38.76it/s]
 34%|███▍      | 27/79 [00:00<00:01, 38.41it/s]
 42%|████▏     | 33/79 [00:00<00:01, 39.98it/s]
 49%|████▉     | 39/79 [00:01<00:00, 40.52it/s]
 57%|█████▋    | 45/79 [00:01<00:00, 40.91it/s]
 63%|██████▎   | 50/79 [00:01<00:00, 43.13it/s]
 70%|██████▉   | 55/79 [00:01<00:00, 40.54it/s]
 77%|███████▋  | 61/79 [00:01<00:00, 40.91it/s]
 84%|████████▎ | 66/79 [00:01<00:00, 42.99it/s]
 90%|████████▉ | 71/79 [00:01<00:00, 40.44it/s]
 96%|█████████▌| 76/79 [00:01<00:00, 39.48it/s]
100%|██████████| 79/79 [00:01<00:00, 39.63it/s]

CommRound: 14/30
Accuracy: 90.72% | Loss: 0.3049
[############################--------------------------------] 46.7%
Elapsed: 2.4m | Avg/Round: 10.3s | Last: 10.2s | Next: 10.3s | Remaining: 2.8m
ETA: 18:53:25
Recent round times: R1: 10.2s -> R2: 10.2s -> R3: 10.4s -> R4: 10.4s -> R5: 10.2s

  0%|          | 0/79 [00:00<?, ?it/s]
  3%|▎         | 2/79 [00:00<00:03, 19.55it/s]
  8%|▊         | 6/79 [00:00<00:02, 31.34it/s]
 13%|█▎        | 10/79 [00:00<00:02, 32.84it/s]
 18%|█▊        | 14/79 [00:00<00:01, 33.09it/s]
 23%|██▎       | 18/79 [00:00<00:01, 33.73it/s]
 28%|██▊       | 22/79 [00:00<00:01, 34.36it/s]
 33%|███▎      | 26/79 [00:00<00:01, 34.53it/s]
 38%|███▊      | 30/79 [00:00<00:01, 35.01it/s]
 43%|████▎     | 34/79 [00:01<00:01, 35.36it/s]
 48%|████▊     | 38/79 [00:01<00:01, 35.65it/s]
 53%|█████▎    | 42/79 [00:01<00:01, 35.88it/s]
 58%|█████▊    | 46/79 [00:01<00:00, 35.99it/s]
 63%|██████▎   | 50/79 [00:01<00:00, 35.53it/s]
 68%|██████▊   | 54/79 [00:01<00:00, 35.78it/s]
 75%|███████▍  | 59/79 [00:01<00:00, 35.72it/s]
 82%|████████▏ | 65/79 [00:01<00:00, 37.74it/s]
 90%|████████▉ | 71/79 [00:01<00:00, 38.89it/s]
 95%|█████████▍| 75/79 [00:02<00:00, 38.31it/s]
100%|██████████| 79/79 [00:02<00:00, 36.32it/s]

CommRound: 15/30
Accuracy: 90.84% | Loss: 0.3044
[##############################------------------------------] 50.0%
Elapsed: 2.6m | Avg/Round: 10.3s | Last: 10.5s | Next: 10.3s | Remaining: 2.6m
ETA: 18:53:25
Recent round times: R1: 10.2s -> R2: 10.4s -> R3: 10.4s -> R4: 10.2s -> R5: 10.5s

  0%|          | 0/79 [00:00<?, ?it/s]
  3%|▎         | 2/79 [00:00<00:03, 19.83it/s]
  9%|▉         | 7/79 [00:00<00:02, 30.75it/s]
 14%|█▍        | 11/79 [00:00<00:01, 34.09it/s]
 20%|██        | 16/79 [00:00<00:01, 39.22it/s]
 25%|██▌       | 20/79 [00:00<00:01, 37.78it/s]
 30%|███       | 24/79 [00:00<00:01, 36.59it/s]
 35%|███▌      | 28/79 [00:00<00:01, 35.97it/s]
 41%|████      | 32/79 [00:00<00:01, 35.85it/s]
 46%|████▌     | 36/79 [00:01<00:01, 35.74it/s]
 51%|█████     | 40/79 [00:01<00:01, 35.54it/s]
 56%|█████▌    | 44/79 [00:01<00:00, 35.63it/s]
 61%|██████    | 48/79 [00:01<00:00, 35.69it/s]
 66%|██████▌   | 52/79 [00:01<00:00, 35.75it/s]
 71%|███████   | 56/79 [00:01<00:00, 35.83it/s]
 76%|███████▌  | 60/79 [00:01<00:00, 35.79it/s]
 81%|████████  | 64/79 [00:01<00:00, 35.96it/s]
 86%|████████▌ | 68/79 [00:01<00:00, 35.85it/s]
 91%|█████████ | 72/79 [00:02<00:00, 35.86it/s]
 96%|█████████▌| 76/79 [00:02<00:00, 34.18it/s]
100%|██████████| 79/79 [00:02<00:00, 35.57it/s]

CommRound: 16/30
Accuracy: 90.99% | Loss: 0.2997
[################################----------------------------] 53.3%
Elapsed: 2.8m | Avg/Round: 10.3s | Last: 10.5s | Next: 10.3s | Remaining: 2.4m
ETA: 18:53:26
Recent round times: R1: 10.4s -> R2: 10.4s -> R3: 10.2s -> R4: 10.5s -> R5: 10.5s

  0%|          | 0/79 [00:00<?, ?it/s]
  1%|▏         | 1/79 [00:00<00:08,  9.71it/s]
  9%|▉         | 7/79 [00:00<00:02, 30.18it/s]
 14%|█▍        | 11/79 [00:00<00:02, 32.59it/s]
 19%|█▉        | 15/79 [00:00<00:01, 33.93it/s]
 24%|██▍       | 19/79 [00:00<00:01, 34.88it/s]
 29%|██▉       | 23/79 [00:00<00:01, 35.53it/s]
 34%|███▍      | 27/79 [00:00<00:01, 35.90it/s]
 39%|███▉      | 31/79 [00:00<00:01, 36.30it/s]
 44%|████▍     | 35/79 [00:01<00:01, 36.74it/s]
 49%|████▉     | 39/79 [00:01<00:01, 36.62it/s]
 57%|█████▋    | 45/79 [00:01<00:00, 38.78it/s]
 63%|██████▎   | 50/79 [00:01<00:00, 41.69it/s]
 70%|██████▉   | 55/79 [00:01<00:00, 38.09it/s]
 75%|███████▍  | 59/79 [00:01<00:00, 38.31it/s]
 80%|███████▉  | 63/79 [00:01<00:00, 38.62it/s]
 85%|████████▍ | 67/79 [00:01<00:00, 38.80it/s]
 90%|████████▉ | 71/79 [00:01<00:00, 39.06it/s]
 95%|█████████▍| 75/79 [00:02<00:00, 39.18it/s]
100%|██████████| 79/79 [00:02<00:00, 37.88it/s]
100%|██████████| 79/79 [00:02<00:00, 36.59it/s]

CommRound: 17/30
Accuracy: 91.01% | Loss: 0.2982
[##################################--------------------------] 56.7%
Elapsed: 2.9m | Avg/Round: 10.3s | Last: 10.2s | Next: 10.3s | Remaining: 2.2m
ETA: 18:53:25
Recent round times: R1: 10.4s -> R2: 10.2s -> R3: 10.5s -> R4: 10.5s -> R5: 10.2s

  0%|          | 0/79 [00:00<?, ?it/s]
  3%|▎         | 2/79 [00:00<00:04, 19.22it/s]
  9%|▉         | 7/79 [00:00<00:02, 30.57it/s]
 14%|█▍        | 11/79 [00:00<00:01, 34.20it/s]
 19%|█▉        | 15/79 [00:00<00:01, 36.03it/s]
 24%|██▍       | 19/79 [00:00<00:01, 37.29it/s]
 29%|██▉       | 23/79 [00:00<00:01, 37.40it/s]
 37%|███▋      | 29/79 [00:00<00:01, 38.69it/s]
 42%|████▏     | 33/79 [00:00<00:01, 38.26it/s]
 47%|████▋     | 37/79 [00:01<00:01, 37.56it/s]
 52%|█████▏    | 41/79 [00:01<00:01, 37.01it/s]
 57%|█████▋    | 45/79 [00:01<00:00, 36.62it/s]
 62%|██████▏   | 49/79 [00:01<00:00, 36.38it/s]
 67%|██████▋   | 53/79 [00:01<00:00, 36.16it/s]
 75%|███████▍  | 59/79 [00:01<00:00, 38.28it/s]
 81%|████████  | 64/79 [00:01<00:00, 41.22it/s]
 87%|████████▋ | 69/79 [00:01<00:00, 38.81it/s]
 94%|█████████▎| 74/79 [00:01<00:00, 41.64it/s]
100%|██████████| 79/79 [00:02<00:00, 38.15it/s]

CommRound: 18/30
Accuracy: 91.09% | Loss: 0.2972
[####################################------------------------] 60.0%
Elapsed: 3.1m | Avg/Round: 10.3s | Last: 10.2s | Next: 10.3s | Remaining: 2.1m
ETA: 18:53:25
Recent round times: R1: 10.2s -> R2: 10.5s -> R3: 10.5s -> R4: 10.2s -> R5: 10.2s

  0%|          | 0/79 [00:00<?, ?it/s]
  4%|▍         | 3/79 [00:00<00:03, 22.41it/s]
  9%|▉         | 7/79 [00:00<00:02, 30.39it/s]
 16%|█▋        | 13/79 [00:00<00:01, 36.26it/s]
 24%|██▍       | 19/79 [00:00<00:01, 38.44it/s]
 32%|███▏      | 25/79 [00:00<00:01, 39.57it/s]
 37%|███▋      | 29/79 [00:00<00:01, 39.62it/s]
 44%|████▍     | 35/79 [00:00<00:01, 40.59it/s]
 52%|█████▏    | 41/79 [00:01<00:00, 40.86it/s]
 58%|█████▊    | 46/79 [00:01<00:00, 43.05it/s]
 65%|██████▍   | 51/79 [00:01<00:00, 40.85it/s]
 72%|███████▏  | 57/79 [00:01<00:00, 41.31it/s]
 80%|███████▉  | 63/79 [00:01<00:00, 41.56it/s]
 87%|████████▋ | 69/79 [00:01<00:00, 41.46it/s]
 95%|█████████▍| 75/79 [00:01<00:00, 41.45it/s]
100%|██████████| 79/79 [00:01<00:00, 40.71it/s]

CommRound: 19/30
Accuracy: 91.05% | Loss: 0.2974
[######################################----------------------] 63.3%
Elapsed: 3.3m | Avg/Round: 10.3s | Last: 10.1s | Next: 10.3s | Remaining: 1.9m
ETA: 18:53:25
Recent round times: R1: 10.5s -> R2: 10.5s -> R3: 10.2s -> R4: 10.2s -> R5: 10.1s

  0%|          | 0/79 [00:00<?, ?it/s]
  3%|▎         | 2/79 [00:00<00:04, 19.06it/s]
  9%|▉         | 7/79 [00:00<00:02, 31.32it/s]
 14%|█▍        | 11/79 [00:00<00:01, 34.68it/s]
 19%|█▉        | 15/79 [00:00<00:01, 36.60it/s]
 24%|██▍       | 19/79 [00:00<00:01, 37.75it/s]
 29%|██▉       | 23/79 [00:00<00:01, 38.46it/s]
 35%|███▌      | 28/79 [00:00<00:01, 37.35it/s]
 41%|████      | 32/79 [00:00<00:01, 37.77it/s]
 46%|████▌     | 36/79 [00:00<00:01, 38.27it/s]
 51%|█████     | 40/79 [00:01<00:01, 38.76it/s]
 56%|█████▌    | 44/79 [00:01<00:00, 39.00it/s]
 61%|██████    | 48/79 [00:01<00:00, 39.28it/s]
 66%|██████▌   | 52/79 [00:01<00:00, 39.06it/s]
 72%|███████▏  | 57/79 [00:01<00:00, 42.03it/s]
 78%|███████▊  | 62/79 [00:01<00:00, 38.82it/s]
 84%|████████▎ | 66/79 [00:01<00:00, 39.05it/s]
 89%|████████▊ | 70/79 [00:01<00:00, 39.16it/s]
 94%|█████████▎| 74/79 [00:01<00:00, 39.10it/s]
100%|██████████| 79/79 [00:02<00:00, 42.10it/s]
100%|██████████| 79/79 [00:02<00:00, 38.35it/s]

CommRound: 20/30
Accuracy: 91.12% | Loss: 0.2963
[########################################--------------------] 66.7%
Elapsed: 3.4m | Avg/Round: 10.3s | Last: 10.5s | Next: 10.3s | Remaining: 1.7m
ETA: 18:53:25
Recent round times: R1: 10.5s -> R2: 10.2s -> R3: 10.2s -> R4: 10.1s -> R5: 10.5s

  0%|          | 0/79 [00:00<?, ?it/s]
  3%|▎         | 2/79 [00:00<00:03, 19.78it/s]
  9%|▉         | 7/79 [00:00<00:02, 31.36it/s]
 15%|█▌        | 12/79 [00:00<00:01, 38.81it/s]
 22%|██▏       | 17/79 [00:00<00:01, 36.72it/s]
 27%|██▋       | 21/79 [00:00<00:01, 37.68it/s]
 33%|███▎      | 26/79 [00:00<00:01, 39.59it/s]
 39%|███▉      | 31/79 [00:00<00:01, 38.60it/s]
 46%|████▌     | 36/79 [00:00<00:01, 40.12it/s]
 52%|█████▏    | 41/79 [00:01<00:00, 39.09it/s]
 57%|█████▋    | 45/79 [00:01<00:00, 39.19it/s]
 62%|██████▏   | 49/79 [00:01<00:00, 37.14it/s]
 67%|██████▋   | 53/79 [00:01<00:00, 36.36it/s]
 73%|███████▎  | 58/79 [00:01<00:00, 39.85it/s]
 80%|███████▉  | 63/79 [00:01<00:00, 38.80it/s]
 86%|████████▌ | 68/79 [00:01<00:00, 41.61it/s]
 92%|█████████▏| 73/79 [00:01<00:00, 40.18it/s]
 99%|█████████▊| 78/79 [00:01<00:00, 42.52it/s]
100%|██████████| 79/79 [00:02<00:00, 39.17it/s]

CommRound: 21/30
Accuracy: 91.16% | Loss: 0.2968
[##########################################------------------] 70.0%
Elapsed: 3.6m | Avg/Round: 10.3s | Last: 10.2s | Next: 10.3s | Remaining: 1.5m
ETA: 18:53:25
Recent round times: R1: 10.2s -> R2: 10.2s -> R3: 10.1s -> R4: 10.5s -> R5: 10.2s

  0%|          | 0/79 [00:00<?, ?it/s]
  3%|▎         | 2/79 [00:00<00:04, 18.78it/s]
  9%|▉         | 7/79 [00:00<00:02, 31.84it/s]
 16%|█▋        | 13/79 [00:00<00:01, 36.73it/s]
 24%|██▍       | 19/79 [00:00<00:01, 37.34it/s]
 32%|███▏      | 25/79 [00:00<00:01, 40.14it/s]
 39%|███▉      | 31/79 [00:00<00:01, 40.72it/s]
 47%|████▋     | 37/79 [00:00<00:01, 41.09it/s]
 53%|█████▎    | 42/79 [00:01<00:00, 43.27it/s]
 59%|█████▉    | 47/79 [00:01<00:00, 40.84it/s]
 67%|██████▋   | 53/79 [00:01<00:00, 41.56it/s]
 75%|███████▍  | 59/79 [00:01<00:00, 41.90it/s]
 82%|████████▏ | 65/79 [00:01<00:00, 41.93it/s]
 90%|████████▉ | 71/79 [00:01<00:00, 42.26it/s]
 96%|█████████▌| 76/79 [00:01<00:00, 43.19it/s]
100%|██████████| 79/79 [00:01<00:00, 40.72it/s]

CommRound: 22/30
Accuracy: 91.21% | Loss: 0.2963
[############################################----------------] 73.3%
Elapsed: 3.8m | Avg/Round: 10.3s | Last: 10.1s | Next: 10.3s | Remaining: 1.4m
ETA: 18:53:25
Recent round times: R1: 10.2s -> R2: 10.1s -> R3: 10.5s -> R4: 10.2s -> R5: 10.1s

  0%|          | 0/79 [00:00<?, ?it/s]
  3%|▎         | 2/79 [00:00<00:04, 19.00it/s]
  8%|▊         | 6/79 [00:00<00:02, 29.48it/s]
 13%|█▎        | 10/79 [00:00<00:02, 33.34it/s]
 18%|█▊        | 14/79 [00:00<00:01, 35.58it/s]
 23%|██▎       | 18/79 [00:00<00:01, 36.75it/s]
 29%|██▉       | 23/79 [00:00<00:01, 36.91it/s]
 35%|███▌      | 28/79 [00:00<00:01, 39.96it/s]
 42%|████▏     | 33/79 [00:00<00:01, 39.17it/s]
 48%|████▊     | 38/79 [00:01<00:01, 37.97it/s]
 53%|█████▎    | 42/79 [00:01<00:00, 38.31it/s]
 58%|█████▊    | 46/79 [00:01<00:00, 38.63it/s]
 63%|██████▎   | 50/79 [00:01<00:00, 38.99it/s]
 68%|██████▊   | 54/79 [00:01<00:00, 38.96it/s]
 73%|███████▎  | 58/79 [00:01<00:00, 38.95it/s]
 78%|███████▊  | 62/79 [00:01<00:00, 38.95it/s]
 84%|████████▎ | 66/79 [00:01<00:00, 38.89it/s]
 89%|████████▊ | 70/79 [00:01<00:00, 37.94it/s]
 94%|█████████▎| 74/79 [00:01<00:00, 37.29it/s]
 99%|█████████▊| 78/79 [00:02<00:00, 36.68it/s]
100%|██████████| 79/79 [00:02<00:00, 37.54it/s]

CommRound: 23/30
Accuracy: 91.31% | Loss: 0.2958
[##############################################--------------] 76.7%
Elapsed: 4.0m | Avg/Round: 10.3s | Last: 10.2s | Next: 10.3s | Remaining: 1.2m
ETA: 18:53:24
Recent round times: R1: 10.1s -> R2: 10.5s -> R3: 10.2s -> R4: 10.1s -> R5: 10.2s

  0%|          | 0/79 [00:00<?, ?it/s]
  3%|▎         | 2/79 [00:00<00:04, 18.94it/s]
  9%|▉         | 7/79 [00:00<00:02, 31.00it/s]
 14%|█▍        | 11/79 [00:00<00:01, 34.42it/s]
 19%|█▉        | 15/79 [00:00<00:01, 36.32it/s]
 24%|██▍       | 19/79 [00:00<00:01, 37.56it/s]
 30%|███       | 24/79 [00:00<00:01, 41.30it/s]
 37%|███▋      | 29/79 [00:00<00:01, 38.87it/s]
 43%|████▎     | 34/79 [00:00<00:01, 41.93it/s]
 49%|████▉     | 39/79 [00:01<00:01, 38.80it/s]
 56%|█████▌    | 44/79 [00:01<00:00, 41.57it/s]
 62%|██████▏   | 49/79 [00:01<00:00, 39.00it/s]
 70%|██████▉   | 55/79 [00:01<00:00, 40.50it/s]
 77%|███████▋  | 61/79 [00:01<00:00, 41.31it/s]
 85%|████████▍ | 67/79 [00:01<00:00, 41.95it/s]
 92%|█████████▏| 73/79 [00:01<00:00, 42.38it/s]
100%|██████████| 79/79 [00:01<00:00, 40.53it/s]

CommRound: 24/30
Accuracy: 91.29% | Loss: 0.2955
[################################################------------] 80.0%
Elapsed: 4.1m | Avg/Round: 10.3s | Last: 10.0s | Next: 10.3s | Remaining: 1.0m
ETA: 18:53:24
Recent round times: R1: 10.5s -> R2: 10.2s -> R3: 10.1s -> R4: 10.2s -> R5: 10.0s

  0%|          | 0/79 [00:00<?, ?it/s]
  3%|▎         | 2/79 [00:00<00:04, 17.83it/s]
  9%|▉         | 7/79 [00:00<00:02, 31.41it/s]
 15%|█▌        | 12/79 [00:00<00:01, 38.75it/s]
 22%|██▏       | 17/79 [00:00<00:01, 36.68it/s]
 28%|██▊       | 22/79 [00:00<00:01, 40.74it/s]
 34%|███▍      | 27/79 [00:00<00:01, 38.47it/s]
 41%|████      | 32/79 [00:00<00:01, 41.60it/s]
 47%|████▋     | 37/79 [00:00<00:01, 39.05it/s]
 53%|█████▎    | 42/79 [00:01<00:00, 41.86it/s]
 59%|█████▉    | 47/79 [00:01<00:00, 39.90it/s]
 67%|██████▋   | 53/79 [00:01<00:00, 41.09it/s]
 75%|███████▍  | 59/79 [00:01<00:00, 41.74it/s]
 82%|████████▏ | 65/79 [00:01<00:00, 42.11it/s]
 90%|████████▉ | 71/79 [00:01<00:00, 40.83it/s]
 96%|█████████▌| 76/79 [00:01<00:00, 41.92it/s]
100%|██████████| 79/79 [00:01<00:00, 40.26it/s]

CommRound: 25/30
Accuracy: 91.36% | Loss: 0.2953
[##################################################----------] 83.3%
Elapsed: 4.3m | Avg/Round: 10.3s | Last: 10.2s | Next: 10.3s | Remaining: 0.9m
ETA: 18:53:24
Recent round times: R1: 10.2s -> R2: 10.1s -> R3: 10.2s -> R4: 10.0s -> R5: 10.2s

  0%|          | 0/79 [00:00<?, ?it/s]
  3%|▎         | 2/79 [00:00<00:04, 19.23it/s]
  9%|▉         | 7/79 [00:00<00:02, 30.94it/s]
 14%|█▍        | 11/79 [00:00<00:01, 34.55it/s]
 20%|██        | 16/79 [00:00<00:01, 40.10it/s]
 27%|██▋       | 21/79 [00:00<00:01, 37.61it/s]
 33%|███▎      | 26/79 [00:00<00:01, 41.25it/s]
 39%|███▉      | 31/79 [00:00<00:01, 38.67it/s]
 46%|████▌     | 36/79 [00:00<00:01, 41.62it/s]
 52%|█████▏    | 41/79 [00:01<00:00, 38.98it/s]
 58%|█████▊    | 46/79 [00:01<00:00, 41.59it/s]
 65%|██████▍   | 51/79 [00:01<00:00, 39.18it/s]
 71%|███████   | 56/79 [00:01<00:00, 41.75it/s]
 77%|███████▋  | 61/79 [00:01<00:00, 39.37it/s]
 85%|████████▍ | 67/79 [00:01<00:00, 39.96it/s]
 92%|█████████▏| 73/79 [00:01<00:00, 40.40it/s]
 99%|█████████▊| 78/79 [00:01<00:00, 42.61it/s]
100%|██████████| 79/79 [00:01<00:00, 39.86it/s]

CommRound: 26/30
Accuracy: 91.42% | Loss: 0.2952
[####################################################--------] 86.7%
Elapsed: 4.5m | Avg/Round: 10.3s | Last: 10.2s | Next: 10.3s | Remaining: 0.7m
ETA: 18:53:24
Recent round times: R1: 10.1s -> R2: 10.2s -> R3: 10.0s -> R4: 10.2s -> R5: 10.2s

  0%|          | 0/79 [00:00<?, ?it/s]
  3%|▎         | 2/79 [00:00<00:04, 18.00it/s]
  9%|▉         | 7/79 [00:00<00:02, 31.50it/s]
 15%|█▌        | 12/79 [00:00<00:01, 39.06it/s]
 22%|██▏       | 17/79 [00:00<00:01, 37.23it/s]
 29%|██▉       | 23/79 [00:00<00:01, 38.90it/s]
 37%|███▋      | 29/79 [00:00<00:01, 39.88it/s]
 43%|████▎     | 34/79 [00:00<00:01, 42.40it/s]
 49%|████▉     | 39/79 [00:01<00:01, 40.00it/s]
 57%|█████▋    | 45/79 [00:01<00:00, 40.56it/s]
 65%|██████▍   | 51/79 [00:01<00:00, 40.88it/s]
 72%|███████▏  | 57/79 [00:01<00:00, 41.20it/s]
 80%|███████▉  | 63/79 [00:01<00:00, 41.38it/s]
 87%|████████▋ | 69/79 [00:01<00:00, 41.52it/s]
 95%|█████████▍| 75/79 [00:01<00:00, 41.69it/s]
100%|██████████| 79/79 [00:01<00:00, 40.67it/s]

CommRound: 27/30
Accuracy: 91.49% | Loss: 0.2947
[######################################################------] 90.0%
Elapsed: 4.6m | Avg/Round: 10.3s | Last: 10.3s | Next: 10.3s | Remaining: 0.5m
ETA: 18:53:24
Recent round times: R1: 10.2s -> R2: 10.0s -> R3: 10.2s -> R4: 10.2s -> R5: 10.3s

  0%|          | 0/79 [00:00<?, ?it/s]
  3%|▎         | 2/79 [00:00<00:03, 19.82it/s]
  9%|▉         | 7/79 [00:00<00:02, 31.42it/s]
 15%|█▌        | 12/79 [00:00<00:01, 38.44it/s]
 20%|██        | 16/79 [00:00<00:02, 24.73it/s]
 25%|██▌       | 20/79 [00:00<00:02, 28.33it/s]
 30%|███       | 24/79 [00:00<00:01, 31.35it/s]
 35%|███▌      | 28/79 [00:00<00:01, 33.54it/s]
 41%|████      | 32/79 [00:01<00:01, 35.33it/s]
 48%|████▊     | 38/79 [00:01<00:01, 37.88it/s]
 53%|█████▎    | 42/79 [00:01<00:00, 38.34it/s]
 61%|██████    | 48/79 [00:01<00:00, 39.40it/s]
 68%|██████▊   | 54/79 [00:01<00:00, 40.19it/s]
 75%|███████▍  | 59/79 [00:01<00:00, 42.38it/s]
 81%|████████  | 64/79 [00:01<00:00, 40.08it/s]
 89%|████████▊ | 70/79 [00:01<00:00, 40.87it/s]
 96%|█████████▌| 76/79 [00:02<00:00, 41.13it/s]
100%|██████████| 79/79 [00:02<00:00, 37.12it/s]

CommRound: 28/30
Accuracy: 91.54% | Loss: 0.2946
[########################################################----] 93.3%
Elapsed: 4.8m | Avg/Round: 10.3s | Last: 10.5s | Next: 10.3s | Remaining: 0.3m
ETA: 18:53:24
Recent round times: R1: 10.0s -> R2: 10.2s -> R3: 10.2s -> R4: 10.3s -> R5: 10.5s

  0%|          | 0/79 [00:00<?, ?it/s]
  3%|▎         | 2/79 [00:00<00:04, 19.19it/s]
  9%|▉         | 7/79 [00:00<00:02, 31.63it/s]
 14%|█▍        | 11/79 [00:00<00:02, 22.72it/s]
 19%|█▉        | 15/79 [00:00<00:02, 26.97it/s]
 25%|██▌       | 20/79 [00:00<00:01, 33.40it/s]
 30%|███       | 24/79 [00:00<00:01, 35.20it/s]
 37%|███▋      | 29/79 [00:00<00:01, 34.86it/s]
 42%|████▏     | 33/79 [00:01<00:01, 36.19it/s]
 48%|████▊     | 38/79 [00:01<00:01, 39.79it/s]
 54%|█████▍    | 43/79 [00:01<00:00, 37.92it/s]
 62%|██████▏   | 49/79 [00:01<00:00, 39.61it/s]
 70%|██████▉   | 55/79 [00:01<00:00, 40.88it/s]
 77%|███████▋  | 61/79 [00:01<00:00, 41.46it/s]
 84%|████████▎ | 66/79 [00:01<00:00, 43.01it/s]
 90%|████████▉ | 71/79 [00:01<00:00, 40.42it/s]
 96%|█████████▌| 76/79 [00:02<00:00, 41.85it/s]
100%|██████████| 79/79 [00:02<00:00, 37.42it/s]

CommRound: 29/30
Accuracy: 91.50% | Loss: 0.2950
[##########################################################--] 96.7%
Elapsed: 5.0m | Avg/Round: 10.3s | Last: 10.2s | Next: 10.3s | Remaining: 0.2m
ETA: 18:53:24
Recent round times: R1: 10.2s -> R2: 10.2s -> R3: 10.3s -> R4: 10.5s -> R5: 10.2s

  0%|          | 0/79 [00:00<?, ?it/s]
  1%|▏         | 1/79 [00:00<00:08,  8.75it/s]
  9%|▉         | 7/79 [00:00<00:04, 17.63it/s]
 14%|█▍        | 11/79 [00:00<00:02, 23.70it/s]
 19%|█▉        | 15/79 [00:00<00:02, 27.74it/s]
 27%|██▋       | 21/79 [00:00<00:01, 33.12it/s]
 34%|███▍      | 27/79 [00:00<00:01, 35.97it/s]
 42%|████▏     | 33/79 [00:01<00:01, 37.75it/s]
 49%|████▉     | 39/79 [00:01<00:01, 38.85it/s]
 54%|█████▍    | 43/79 [00:01<00:00, 38.96it/s]
 62%|██████▏   | 49/79 [00:01<00:00, 39.64it/s]
 70%|██████▉   | 55/79 [00:01<00:00, 40.47it/s]
 77%|███████▋  | 61/79 [00:01<00:00, 40.67it/s]
 84%|████████▎ | 66/79 [00:01<00:00, 42.70it/s]
 90%|████████▉ | 71/79 [00:01<00:00, 40.20it/s]
 96%|█████████▌| 76/79 [00:02<00:00, 42.39it/s]
100%|██████████| 79/79 [00:02<00:00, 36.66it/s]

CommRound: 30/30
Accuracy: 91.51% | Loss: 0.2949
[############################################################] 100.0%
Elapsed: 5.1m | Avg/Round: 10.3s | Last: 10.3s | Next: 10.3s | Remaining: 0.0m
ETA: 18:53:24
Recent round times: R1: 10.2s -> R2: 10.3s -> R3: 10.5s -> R4: 10.2s -> R5: 10.3s
Total time for experiment: 308.894558429718 seconds
Device average training time per communication round [s]:
    rpi (sld-rpi-09.ece.utexas.edu): 5.29 seconds
    mc1 (sld-mc1-09.ece.utexas.edu): 3.15 seconds
