
  0%|          | 0/79 [00:00<?, ?it/s]
  4%|▍         | 3/79 [00:00<00:03, 23.24it/s]
  9%|▉         | 7/79 [00:00<00:02, 31.95it/s]
 14%|█▍        | 11/79 [00:00<00:01, 35.02it/s]
 19%|█▉        | 15/79 [00:00<00:01, 36.28it/s]
 24%|██▍       | 19/79 [00:00<00:01, 37.06it/s]
 29%|██▉       | 23/79 [00:00<00:01, 37.32it/s]
 34%|███▍      | 27/79 [00:00<00:01, 37.89it/s]
 39%|███▉      | 31/79 [00:00<00:01, 38.43it/s]
 44%|████▍     | 35/79 [00:00<00:01, 38.48it/s]
 49%|████▉     | 39/79 [00:01<00:01, 38.88it/s]
 54%|█████▍    | 43/79 [00:01<00:00, 39.10it/s]
 59%|█████▉    | 47/79 [00:01<00:00, 38.67it/s]
 65%|██████▍   | 51/79 [00:01<00:00, 38.47it/s]
 70%|██████▉   | 55/79 [00:01<00:00, 38.50it/s]
 76%|███████▌  | 60/79 [00:01<00:00, 41.84it/s]
 82%|████████▏ | 65/79 [00:01<00:00, 38.89it/s]
 90%|████████▉ | 71/79 [00:01<00:00, 40.18it/s]
 97%|█████████▋| 77/79 [00:02<00:00, 40.77it/s]
100%|██████████| 79/79 [00:02<00:00, 39.08it/s]
Initial Accuracy: 9.10%; Initial Loss: 2.3041

  0%|          | 0/79 [00:00<?, ?it/s]
  4%|▍         | 3/79 [00:00<00:03, 21.71it/s]
  9%|▉         | 7/79 [00:00<00:02, 30.27it/s]
 14%|█▍        | 11/79 [00:00<00:01, 34.06it/s]
 19%|█▉        | 15/79 [00:00<00:01, 36.14it/s]
 25%|██▌       | 20/79 [00:00<00:01, 40.67it/s]
 32%|███▏      | 25/79 [00:00<00:01, 37.81it/s]
 39%|███▉      | 31/79 [00:00<00:01, 39.42it/s]
 47%|████▋     | 37/79 [00:01<00:01, 38.10it/s]
 52%|█████▏    | 41/79 [00:01<00:00, 38.12it/s]
 59%|█████▉    | 47/79 [00:01<00:00, 39.61it/s]
 66%|██████▌   | 52/79 [00:01<00:00, 41.99it/s]
 72%|███████▏  | 57/79 [00:01<00:00, 39.24it/s]
 80%|███████▉  | 63/79 [00:01<00:00, 40.59it/s]
 87%|████████▋ | 69/79 [00:01<00:00, 41.56it/s]
 95%|█████████▍| 75/79 [00:01<00:00, 42.25it/s]
100%|██████████| 79/79 [00:01<00:00, 39.94it/s]

CommRound: 1/30
Accuracy: 26.06% | Loss: 2.2393
[##----------------------------------------------------------] 3.3%
Elapsed: 0.5m | Avg/Round: 28.2s | Last: 26.1s | Next: 28.2s | Remaining: 13.6m
ETA: 04:38:05
Recent round times: R1: 26.1s

  0%|          | 0/79 [00:00<?, ?it/s]
  4%|▍         | 3/79 [00:00<00:03, 22.19it/s]
 10%|█         | 8/79 [00:00<00:02, 35.31it/s]
 16%|█▋        | 13/79 [00:00<00:01, 35.57it/s]
 23%|██▎       | 18/79 [00:00<00:01, 39.84it/s]
 29%|██▉       | 23/79 [00:00<00:01, 38.11it/s]
 35%|███▌      | 28/79 [00:00<00:01, 39.94it/s]
 42%|████▏     | 33/79 [00:00<00:01, 39.49it/s]
 48%|████▊     | 38/79 [00:00<00:01, 39.36it/s]
 53%|█████▎    | 42/79 [00:01<00:00, 39.02it/s]
 58%|█████▊    | 46/79 [00:01<00:00, 38.99it/s]
 63%|██████▎   | 50/79 [00:01<00:00, 39.06it/s]
 68%|██████▊   | 54/79 [00:01<00:00, 39.16it/s]
 75%|███████▍  | 59/79 [00:01<00:00, 41.17it/s]
 81%|████████  | 64/79 [00:01<00:00, 38.99it/s]
 86%|████████▌ | 68/79 [00:01<00:00, 38.91it/s]
 91%|█████████ | 72/79 [00:01<00:00, 38.73it/s]
 96%|█████████▌| 76/79 [00:01<00:00, 38.43it/s]
100%|██████████| 79/79 [00:02<00:00, 38.78it/s]

CommRound: 2/30
Accuracy: 44.00% | Loss: 1.8772
[####--------------------------------------------------------] 6.7%
Elapsed: 1.1m | Avg/Round: 31.7s | Last: 35.3s | Next: 31.7s | Remaining: 14.8m
ETA: 04:39:51
Recent round times: R1: 26.1s -> R2: 35.3s

  0%|          | 0/79 [00:00<?, ?it/s]
  4%|▍         | 3/79 [00:00<00:03, 21.89it/s]
  9%|▉         | 7/79 [00:00<00:02, 30.64it/s]
 16%|█▋        | 13/79 [00:00<00:01, 36.95it/s]
 24%|██▍       | 19/79 [00:00<00:01, 39.34it/s]
 32%|███▏      | 25/79 [00:00<00:01, 40.69it/s]
 38%|███▊      | 30/79 [00:00<00:01, 42.90it/s]
 44%|████▍     | 35/79 [00:00<00:01, 41.52it/s]
 51%|█████     | 40/79 [00:01<00:00, 42.17it/s]
 57%|█████▋    | 45/79 [00:01<00:00, 42.06it/s]
 63%|██████▎   | 50/79 [00:01<00:00, 41.68it/s]
 70%|██████▉   | 55/79 [00:01<00:00, 42.85it/s]
 76%|███████▌  | 60/79 [00:01<00:00, 41.02it/s]
 82%|████████▏ | 65/79 [00:01<00:00, 43.24it/s]
 89%|████████▊ | 70/79 [00:01<00:00, 40.96it/s]
 95%|█████████▍| 75/79 [00:01<00:00, 42.83it/s]
100%|██████████| 79/79 [00:01<00:00, 40.76it/s]

CommRound: 3/30
Accuracy: 56.53% | Loss: 1.5202
[######------------------------------------------------------] 10.0%
Elapsed: 1.6m | Avg/Round: 32.6s | Last: 34.4s | Next: 32.6s | Remaining: 14.7m
ETA: 04:40:18
Recent round times: R1: 26.1s -> R2: 35.3s -> R3: 34.4s

  0%|          | 0/79 [00:00<?, ?it/s]
  4%|▍         | 3/79 [00:00<00:03, 22.07it/s]
 10%|█         | 8/79 [00:00<00:01, 35.93it/s]
 16%|█▋        | 13/79 [00:00<00:01, 35.48it/s]
 24%|██▍       | 19/79 [00:00<00:01, 38.26it/s]
 32%|███▏      | 25/79 [00:00<00:01, 39.85it/s]
 38%|███▊      | 30/79 [00:00<00:01, 42.52it/s]
 44%|████▍     | 35/79 [00:00<00:01, 41.11it/s]
 51%|█████     | 40/79 [00:01<00:00, 42.30it/s]
 57%|█████▋    | 45/79 [00:01<00:00, 41.62it/s]
 63%|██████▎   | 50/79 [00:01<00:00, 41.64it/s]
 70%|██████▉   | 55/79 [00:01<00:00, 42.30it/s]
 76%|███████▌  | 60/79 [00:01<00:00, 41.41it/s]
 82%|████████▏ | 65/79 [00:01<00:00, 42.11it/s]
 89%|████████▊ | 70/79 [00:01<00:00, 40.94it/s]
 95%|█████████▍| 75/79 [00:01<00:00, 41.72it/s]
100%|██████████| 79/79 [00:01<00:00, 40.42it/s]

CommRound: 4/30
Accuracy: 61.48% | Loss: 1.3777
[########----------------------------------------------------] 13.3%
Elapsed: 2.1m | Avg/Round: 31.0s | Last: 26.1s | Next: 31.0s | Remaining: 13.4m
ETA: 04:39:29
Recent round times: R1: 26.1s -> R2: 35.3s -> R3: 34.4s -> R4: 26.1s

  0%|          | 0/79 [00:00<?, ?it/s]
  4%|▍         | 3/79 [00:00<00:03, 22.24it/s]
 10%|█         | 8/79 [00:00<00:01, 35.85it/s]
 16%|█▋        | 13/79 [00:00<00:01, 34.87it/s]
 24%|██▍       | 19/79 [00:00<00:01, 38.04it/s]
 32%|███▏      | 25/79 [00:00<00:01, 39.63it/s]
 38%|███▊      | 30/79 [00:00<00:01, 41.71it/s]
 44%|████▍     | 35/79 [00:00<00:01, 40.65it/s]
 51%|█████     | 40/79 [00:01<00:01, 38.21it/s]
 56%|█████▌    | 44/79 [00:01<00:00, 37.55it/s]
 61%|██████    | 48/79 [00:01<00:00, 37.05it/s]
 66%|██████▌   | 52/79 [00:01<00:00, 37.00it/s]
 71%|███████   | 56/79 [00:01<00:00, 36.97it/s]
 76%|███████▌  | 60/79 [00:01<00:00, 36.85it/s]
 81%|████████  | 64/79 [00:01<00:00, 36.75it/s]
 86%|████████▌ | 68/79 [00:01<00:00, 37.10it/s]
 91%|█████████ | 72/79 [00:01<00:00, 37.28it/s]
 96%|█████████▌| 76/79 [00:02<00:00, 37.46it/s]
100%|██████████| 79/79 [00:02<00:00, 37.67it/s]

CommRound: 5/30
Accuracy: 66.64% | Loss: 1.1018
[##########--------------------------------------------------] 16.7%
Elapsed: 2.6m | Avg/Round: 30.7s | Last: 29.3s | Next: 30.7s | Remaining: 12.8m
ETA: 04:39:19
Recent round times: R1: 26.1s -> R2: 35.3s -> R3: 34.4s -> R4: 26.1s -> R5: 29.3s

  0%|          | 0/79 [00:00<?, ?it/s]
  4%|▍         | 3/79 [00:00<00:03, 22.19it/s]
 10%|█         | 8/79 [00:00<00:01, 35.67it/s]
 16%|█▋        | 13/79 [00:00<00:01, 35.63it/s]
 22%|██▏       | 17/79 [00:00<00:01, 36.56it/s]
 27%|██▋       | 21/79 [00:00<00:01, 36.39it/s]
 32%|███▏      | 25/79 [00:00<00:01, 37.30it/s]
 39%|███▉      | 31/79 [00:00<00:01, 38.73it/s]
 47%|████▋     | 37/79 [00:00<00:01, 39.88it/s]
 54%|█████▍    | 43/79 [00:01<00:00, 40.46it/s]
 62%|██████▏   | 49/79 [00:01<00:00, 40.76it/s]
 70%|██████▉   | 55/79 [00:01<00:00, 41.06it/s]
 77%|███████▋  | 61/79 [00:01<00:00, 41.28it/s]
 85%|████████▍ | 67/79 [00:01<00:00, 41.35it/s]
 91%|█████████ | 72/79 [00:01<00:00, 43.04it/s]
 97%|█████████▋| 77/79 [00:01<00:00, 40.70it/s]
100%|██████████| 79/79 [00:01<00:00, 40.03it/s]

CommRound: 6/30
Accuracy: 69.33% | Loss: 1.1667
[############------------------------------------------------] 20.0%
Elapsed: 3.0m | Avg/Round: 30.0s | Last: 26.6s | Next: 30.0s | Remaining: 12.0m
ETA: 04:38:59
Recent round times: R1: 35.3s -> R2: 34.4s -> R3: 26.1s -> R4: 29.3s -> R5: 26.6s

  0%|          | 0/79 [00:00<?, ?it/s]
  3%|▎         | 2/79 [00:00<00:03, 19.87it/s]
  9%|▉         | 7/79 [00:00<00:02, 30.11it/s]
 14%|█▍        | 11/79 [00:00<00:02, 33.73it/s]
 19%|█▉        | 15/79 [00:00<00:01, 35.91it/s]
 25%|██▌       | 20/79 [00:00<00:01, 39.34it/s]
 30%|███       | 24/79 [00:00<00:01, 39.29it/s]
 35%|███▌      | 28/79 [00:00<00:01, 39.23it/s]
 41%|████      | 32/79 [00:00<00:01, 39.21it/s]
 46%|████▌     | 36/79 [00:00<00:01, 39.22it/s]
 51%|█████     | 40/79 [00:01<00:00, 39.30it/s]
 56%|█████▌    | 44/79 [00:01<00:00, 39.28it/s]
 63%|██████▎   | 50/79 [00:01<00:00, 40.53it/s]
 71%|███████   | 56/79 [00:01<00:00, 41.35it/s]
 78%|███████▊  | 62/79 [00:01<00:00, 41.16it/s]
 85%|████████▍ | 67/79 [00:01<00:00, 43.22it/s]
 91%|█████████ | 72/79 [00:01<00:00, 40.53it/s]
 99%|█████████▊| 78/79 [00:01<00:00, 40.96it/s]
100%|██████████| 79/79 [00:02<00:00, 39.48it/s]

CommRound: 7/30
Accuracy: 74.99% | Loss: 0.9297
[##############----------------------------------------------] 23.3%
Elapsed: 3.5m | Avg/Round: 30.3s | Last: 31.8s | Next: 30.3s | Remaining: 11.6m
ETA: 04:39:06
Recent round times: R1: 34.4s -> R2: 26.1s -> R3: 29.3s -> R4: 26.6s -> R5: 31.8s

  0%|          | 0/79 [00:00<?, ?it/s]
  4%|▍         | 3/79 [00:00<00:03, 22.38it/s]
 10%|█         | 8/79 [00:00<00:02, 35.39it/s]
 15%|█▌        | 12/79 [00:00<00:01, 37.29it/s]
 22%|██▏       | 17/79 [00:00<00:01, 37.05it/s]
 28%|██▊       | 22/79 [00:00<00:01, 39.91it/s]
 34%|███▍      | 27/79 [00:00<00:01, 39.03it/s]
 41%|████      | 32/79 [00:00<00:01, 40.69it/s]
 47%|████▋     | 37/79 [00:00<00:01, 40.13it/s]
 53%|█████▎    | 42/79 [00:01<00:00, 40.89it/s]
 59%|█████▉    | 47/79 [00:01<00:00, 40.72it/s]
 66%|██████▌   | 52/79 [00:01<00:00, 40.76it/s]
 72%|███████▏  | 57/79 [00:01<00:00, 40.93it/s]
 78%|███████▊  | 62/79 [00:01<00:00, 40.83it/s]
 85%|████████▍ | 67/79 [00:01<00:00, 40.77it/s]
 91%|█████████ | 72/79 [00:01<00:00, 40.32it/s]
 97%|█████████▋| 77/79 [00:01<00:00, 41.07it/s]
100%|██████████| 79/79 [00:01<00:00, 39.84it/s]

CommRound: 8/30
Accuracy: 75.27% | Loss: 1.0220
[################--------------------------------------------] 26.7%
Elapsed: 4.0m | Avg/Round: 30.0s | Last: 28.2s | Next: 30.0s | Remaining: 11.0m
ETA: 04:38:59
Recent round times: R1: 26.1s -> R2: 29.3s -> R3: 26.6s -> R4: 31.8s -> R5: 28.2s

  0%|          | 0/79 [00:00<?, ?it/s]
  4%|▍         | 3/79 [00:00<00:03, 20.79it/s]
  9%|▉         | 7/79 [00:00<00:02, 28.26it/s]
 14%|█▍        | 11/79 [00:00<00:02, 31.30it/s]
 19%|█▉        | 15/79 [00:00<00:01, 32.42it/s]
 24%|██▍       | 19/79 [00:00<00:01, 33.02it/s]
 29%|██▉       | 23/79 [00:00<00:01, 33.43it/s]
 34%|███▍      | 27/79 [00:00<00:01, 33.74it/s]
 39%|███▉      | 31/79 [00:00<00:01, 33.78it/s]
 44%|████▍     | 35/79 [00:01<00:01, 33.98it/s]
 49%|████▉     | 39/79 [00:01<00:01, 34.64it/s]
 54%|█████▍    | 43/79 [00:01<00:01, 34.97it/s]
 59%|█████▉    | 47/79 [00:01<00:00, 35.69it/s]
 65%|██████▍   | 51/79 [00:01<00:00, 35.64it/s]
 70%|██████▉   | 55/79 [00:01<00:00, 35.36it/s]
 75%|███████▍  | 59/79 [00:01<00:00, 35.16it/s]
 80%|███████▉  | 63/79 [00:01<00:00, 35.31it/s]
 85%|████████▍ | 67/79 [00:01<00:00, 35.71it/s]
 90%|████████▉ | 71/79 [00:02<00:00, 36.03it/s]
 95%|█████████▍| 75/79 [00:02<00:00, 36.31it/s]
100%|██████████| 79/79 [00:02<00:00, 34.96it/s]

CommRound: 9/30
Accuracy: 75.90% | Loss: 0.9927
[##################------------------------------------------] 30.0%
Elapsed: 4.4m | Avg/Round: 29.7s | Last: 27.0s | Next: 29.7s | Remaining: 10.4m
ETA: 04:38:49
Recent round times: R1: 29.3s -> R2: 26.6s -> R3: 31.8s -> R4: 28.2s -> R5: 27.0s

  0%|          | 0/79 [00:00<?, ?it/s]
  4%|▍         | 3/79 [00:00<00:03, 21.00it/s]
  9%|▉         | 7/79 [00:00<00:02, 30.32it/s]
 14%|█▍        | 11/79 [00:00<00:01, 34.33it/s]
 22%|██▏       | 17/79 [00:00<00:01, 38.02it/s]
 29%|██▉       | 23/79 [00:00<00:01, 39.66it/s]
 37%|███▋      | 29/79 [00:00<00:01, 40.49it/s]
 44%|████▍     | 35/79 [00:00<00:01, 41.01it/s]
 51%|█████     | 40/79 [00:01<00:00, 41.96it/s]
 57%|█████▋    | 45/79 [00:01<00:00, 41.53it/s]
 63%|██████▎   | 50/79 [00:01<00:00, 42.82it/s]
 70%|██████▉   | 55/79 [00:01<00:00, 41.43it/s]
 76%|███████▌  | 60/79 [00:01<00:00, 43.22it/s]
 82%|████████▏ | 65/79 [00:01<00:00, 41.05it/s]
 90%|████████▉ | 71/79 [00:01<00:00, 41.31it/s]
 96%|█████████▌| 76/79 [00:01<00:00, 43.46it/s]
100%|██████████| 79/79 [00:01<00:00, 40.85it/s]

CommRound: 10/30
Accuracy: 77.52% | Loss: 0.9016
[####################----------------------------------------] 33.3%
Elapsed: 5.0m | Avg/Round: 29.8s | Last: 31.0s | Next: 29.8s | Remaining: 9.9m
ETA: 04:38:53
Recent round times: R1: 26.6s -> R2: 31.8s -> R3: 28.2s -> R4: 27.0s -> R5: 31.0s

  0%|          | 0/79 [00:00<?, ?it/s]
  3%|▎         | 2/79 [00:00<00:03, 19.75it/s]
  9%|▉         | 7/79 [00:00<00:02, 31.01it/s]
 15%|█▌        | 12/79 [00:00<00:01, 38.60it/s]
 22%|██▏       | 17/79 [00:00<00:01, 37.41it/s]
 28%|██▊       | 22/79 [00:00<00:01, 41.33it/s]
 34%|███▍      | 27/79 [00:00<00:01, 39.00it/s]
 41%|████      | 32/79 [00:00<00:01, 41.88it/s]
 47%|████▋     | 37/79 [00:00<00:01, 39.71it/s]
 54%|█████▍    | 43/79 [00:01<00:00, 40.49it/s]
 62%|██████▏   | 49/79 [00:01<00:00, 40.93it/s]
 70%|██████▉   | 55/79 [00:01<00:00, 41.29it/s]
 77%|███████▋  | 61/79 [00:01<00:00, 41.46it/s]
 85%|████████▍ | 67/79 [00:01<00:00, 41.53it/s]
 92%|█████████▏| 73/79 [00:01<00:00, 41.85it/s]
100%|██████████| 79/79 [00:01<00:00, 45.74it/s]
100%|██████████| 79/79 [00:01<00:00, 40.78it/s]

CommRound: 11/30
Accuracy: 75.01% | Loss: 1.0436
[######################--------------------------------------] 36.7%
Elapsed: 5.4m | Avg/Round: 29.5s | Last: 26.8s | Next: 29.5s | Remaining: 9.3m
ETA: 04:38:44
Recent round times: R1: 31.8s -> R2: 28.2s -> R3: 27.0s -> R4: 31.0s -> R5: 26.8s

  0%|          | 0/79 [00:00<?, ?it/s]
  4%|▍         | 3/79 [00:00<00:03, 22.57it/s]
 10%|█         | 8/79 [00:00<00:01, 35.53it/s]
 16%|█▋        | 13/79 [00:00<00:01, 35.71it/s]
 23%|██▎       | 18/79 [00:00<00:01, 39.50it/s]
 29%|██▉       | 23/79 [00:00<00:01, 38.26it/s]
 34%|███▍      | 27/79 [00:00<00:01, 38.67it/s]
 41%|████      | 32/79 [00:00<00:01, 41.18it/s]
 47%|████▋     | 37/79 [00:00<00:01, 39.26it/s]
 54%|█████▍    | 43/79 [00:01<00:00, 40.06it/s]
 62%|██████▏   | 49/79 [00:01<00:00, 40.55it/s]
 70%|██████▉   | 55/79 [00:01<00:00, 40.96it/s]
 77%|███████▋  | 61/79 [00:01<00:00, 41.27it/s]
 84%|████████▎ | 66/79 [00:01<00:00, 43.10it/s]
 90%|████████▉ | 71/79 [00:01<00:00, 40.79it/s]
 96%|█████████▌| 76/79 [00:01<00:00, 42.57it/s]
100%|██████████| 79/79 [00:01<00:00, 40.28it/s]

CommRound: 12/30
Accuracy: 79.06% | Loss: 0.9080
[########################------------------------------------] 40.0%
Elapsed: 5.9m | Avg/Round: 29.3s | Last: 26.9s | Next: 29.3s | Remaining: 8.8m
ETA: 04:38:38
Recent round times: R1: 28.2s -> R2: 27.0s -> R3: 31.0s -> R4: 26.8s -> R5: 26.9s

  0%|          | 0/79 [00:00<?, ?it/s]
  1%|▏         | 1/79 [00:00<00:08,  8.94it/s]
  9%|▉         | 7/79 [00:00<00:02, 29.77it/s]
 14%|█▍        | 11/79 [00:00<00:02, 33.52it/s]
 19%|█▉        | 15/79 [00:00<00:01, 35.70it/s]
 25%|██▌       | 20/79 [00:00<00:01, 40.34it/s]
 32%|███▏      | 25/79 [00:00<00:01, 37.43it/s]
 39%|███▉      | 31/79 [00:00<00:01, 38.54it/s]
 44%|████▍     | 35/79 [00:00<00:01, 38.00it/s]
 52%|█████▏    | 41/79 [00:01<00:00, 39.38it/s]
 59%|█████▉    | 47/79 [00:01<00:00, 40.18it/s]
 67%|██████▋   | 53/79 [00:01<00:00, 40.69it/s]
 75%|███████▍  | 59/79 [00:01<00:00, 41.03it/s]
 82%|████████▏ | 65/79 [00:01<00:00, 40.99it/s]
 90%|████████▉ | 71/79 [00:01<00:00, 41.25it/s]
 97%|█████████▋| 77/79 [00:01<00:00, 41.26it/s]
100%|██████████| 79/79 [00:02<00:00, 39.45it/s]

CommRound: 13/30
Accuracy: 78.79% | Loss: 0.9926
[##########################----------------------------------] 43.3%
Elapsed: 6.3m | Avg/Round: 29.2s | Last: 27.3s | Next: 29.2s | Remaining: 8.3m
ETA: 04:38:33
Recent round times: R1: 27.0s -> R2: 31.0s -> R3: 26.8s -> R4: 26.9s -> R5: 27.3s

  0%|          | 0/79 [00:00<?, ?it/s]
  3%|▎         | 2/79 [00:00<00:03, 19.83it/s]
  8%|▊         | 6/79 [00:00<00:02, 29.61it/s]
 13%|█▎        | 10/79 [00:00<00:02, 32.36it/s]
 18%|█▊        | 14/79 [00:00<00:01, 33.42it/s]
 23%|██▎       | 18/79 [00:00<00:01, 34.00it/s]
 28%|██▊       | 22/79 [00:00<00:01, 33.25it/s]
 33%|███▎      | 26/79 [00:00<00:01, 33.31it/s]
 38%|███▊      | 30/79 [00:00<00:01, 34.92it/s]
 46%|████▌     | 36/79 [00:01<00:01, 37.35it/s]
 53%|█████▎    | 42/79 [00:01<00:00, 38.82it/s]
 61%|██████    | 48/79 [00:01<00:00, 40.03it/s]
 68%|██████▊   | 54/79 [00:01<00:00, 40.66it/s]
 76%|███████▌  | 60/79 [00:01<00:00, 41.09it/s]
 84%|████████▎ | 66/79 [00:01<00:00, 41.37it/s]
 91%|█████████ | 72/79 [00:01<00:00, 41.31it/s]
 97%|█████████▋| 77/79 [00:02<00:00, 43.29it/s]
100%|██████████| 79/79 [00:02<00:00, 38.14it/s]

CommRound: 14/30
Accuracy: 79.85% | Loss: 0.9471
[############################--------------------------------] 46.7%
Elapsed: 6.9m | Avg/Round: 29.4s | Last: 32.7s | Next: 29.4s | Remaining: 7.8m
ETA: 04:38:41
Recent round times: R1: 31.0s -> R2: 26.8s -> R3: 26.9s -> R4: 27.3s -> R5: 32.7s

  0%|          | 0/79 [00:00<?, ?it/s]
  1%|▏         | 1/79 [00:00<00:08,  8.73it/s]
  6%|▋         | 5/79 [00:00<00:03, 24.58it/s]
 11%|█▏        | 9/79 [00:00<00:02, 29.92it/s]
 16%|█▋        | 13/79 [00:00<00:01, 33.34it/s]
 23%|██▎       | 18/79 [00:00<00:01, 35.69it/s]
 28%|██▊       | 22/79 [00:00<00:01, 35.89it/s]
 33%|███▎      | 26/79 [00:00<00:01, 35.07it/s]
 38%|███▊      | 30/79 [00:00<00:01, 34.41it/s]
 43%|████▎     | 34/79 [00:01<00:01, 35.37it/s]
 51%|█████     | 40/79 [00:01<00:01, 38.13it/s]
 57%|█████▋    | 45/79 [00:01<00:00, 38.21it/s]
 62%|██████▏   | 49/79 [00:01<00:00, 37.48it/s]
 67%|██████▋   | 53/79 [00:01<00:00, 37.12it/s]
 72%|███████▏  | 57/79 [00:01<00:00, 36.62it/s]
 77%|███████▋  | 61/79 [00:01<00:00, 36.42it/s]
 82%|████████▏ | 65/79 [00:01<00:00, 36.44it/s]
 87%|████████▋ | 69/79 [00:01<00:00, 36.18it/s]
 92%|█████████▏| 73/79 [00:02<00:00, 36.97it/s]
 99%|█████████▊| 78/79 [00:02<00:00, 40.53it/s]
100%|██████████| 79/79 [00:02<00:00, 36.15it/s]

CommRound: 15/30
Accuracy: 78.97% | Loss: 1.0421
[##############################------------------------------] 50.0%
Elapsed: 7.3m | Avg/Round: 29.2s | Last: 26.8s | Next: 29.2s | Remaining: 7.3m
ETA: 04:38:36
Recent round times: R1: 26.8s -> R2: 26.9s -> R3: 27.3s -> R4: 32.7s -> R5: 26.8s

  0%|          | 0/79 [00:00<?, ?it/s]
  4%|▍         | 3/79 [00:00<00:03, 21.48it/s]
  9%|▉         | 7/79 [00:00<00:02, 30.70it/s]
 14%|█▍        | 11/79 [00:00<00:02, 33.81it/s]
 19%|█▉        | 15/79 [00:00<00:01, 35.73it/s]
 24%|██▍       | 19/79 [00:00<00:01, 36.67it/s]
 29%|██▉       | 23/79 [00:00<00:01, 37.72it/s]
 35%|███▌      | 28/79 [00:00<00:01, 41.45it/s]
 42%|████▏     | 33/79 [00:00<00:01, 38.39it/s]
 48%|████▊     | 38/79 [00:01<00:00, 41.47it/s]
 54%|█████▍    | 43/79 [00:01<00:00, 38.28it/s]
 59%|█████▉    | 47/79 [00:01<00:00, 37.61it/s]
 65%|██████▍   | 51/79 [00:01<00:00, 37.71it/s]
 70%|██████▉   | 55/79 [00:01<00:00, 38.26it/s]
 75%|███████▍  | 59/79 [00:01<00:00, 38.51it/s]
 81%|████████  | 64/79 [00:01<00:00, 41.58it/s]
 87%|████████▋ | 69/79 [00:01<00:00, 38.50it/s]
 92%|█████████▏| 73/79 [00:01<00:00, 38.63it/s]
 97%|█████████▋| 77/79 [00:02<00:00, 38.76it/s]
100%|██████████| 79/79 [00:02<00:00, 38.44it/s]

CommRound: 16/30
Accuracy: 79.81% | Loss: 1.0037
[################################----------------------------] 53.3%
Elapsed: 7.8m | Avg/Round: 29.1s | Last: 26.8s | Next: 29.1s | Remaining: 6.8m
ETA: 04:38:31
Recent round times: R1: 26.9s -> R2: 27.3s -> R3: 32.7s -> R4: 26.8s -> R5: 26.8s

  0%|          | 0/79 [00:00<?, ?it/s]
  1%|▏         | 1/79 [00:00<00:08,  9.72it/s]
  6%|▋         | 5/79 [00:00<00:02, 25.84it/s]
 11%|█▏        | 9/79 [00:00<00:02, 30.21it/s]
 16%|█▋        | 13/79 [00:00<00:02, 32.35it/s]
 22%|██▏       | 17/79 [00:00<00:01, 33.63it/s]
 27%|██▋       | 21/79 [00:00<00:01, 34.39it/s]
 32%|███▏      | 25/79 [00:00<00:01, 34.72it/s]
 37%|███▋      | 29/79 [00:00<00:01, 33.65it/s]
 44%|████▍     | 35/79 [00:01<00:01, 36.47it/s]
 51%|█████     | 40/79 [00:01<00:00, 39.96it/s]
 57%|█████▋    | 45/79 [00:01<00:00, 37.94it/s]
 65%|██████▍   | 51/79 [00:01<00:00, 38.91it/s]
 71%|███████   | 56/79 [00:01<00:00, 41.61it/s]
 77%|███████▋  | 61/79 [00:01<00:00, 39.18it/s]
 84%|████████▎ | 66/79 [00:01<00:00, 41.86it/s]
 90%|████████▉ | 71/79 [00:01<00:00, 39.63it/s]
 97%|█████████▋| 77/79 [00:02<00:00, 40.26it/s]
100%|██████████| 79/79 [00:02<00:00, 37.71it/s]

CommRound: 17/30
Accuracy: 80.08% | Loss: 1.0046
[##################################--------------------------] 56.7%
Elapsed: 8.2m | Avg/Round: 28.9s | Last: 26.7s | Next: 28.9s | Remaining: 6.3m
ETA: 04:38:27
Recent round times: R1: 27.3s -> R2: 32.7s -> R3: 26.8s -> R4: 26.8s -> R5: 26.7s

  0%|          | 0/79 [00:00<?, ?it/s]
  4%|▍         | 3/79 [00:00<00:03, 22.42it/s]
 10%|█         | 8/79 [00:00<00:02, 34.60it/s]
 15%|█▌        | 12/79 [00:00<00:01, 36.68it/s]
 20%|██        | 16/79 [00:00<00:01, 37.90it/s]
 27%|██▋       | 21/79 [00:00<00:01, 37.37it/s]
 32%|███▏      | 25/79 [00:00<00:01, 38.04it/s]
 38%|███▊      | 30/79 [00:00<00:01, 40.35it/s]
 44%|████▍     | 35/79 [00:00<00:01, 38.89it/s]
 51%|█████     | 40/79 [00:01<00:00, 40.27it/s]
 57%|█████▋    | 45/79 [00:01<00:00, 40.30it/s]
 63%|██████▎   | 50/79 [00:01<00:00, 39.36it/s]
 70%|██████▉   | 55/79 [00:01<00:00, 41.57it/s]
 76%|███████▌  | 60/79 [00:01<00:00, 39.76it/s]
 82%|████████▏ | 65/79 [00:01<00:00, 42.35it/s]
 89%|████████▊ | 70/79 [00:01<00:00, 40.15it/s]
 95%|█████████▍| 75/79 [00:01<00:00, 42.67it/s]
100%|██████████| 79/79 [00:01<00:00, 39.56it/s]

CommRound: 18/30
Accuracy: 80.08% | Loss: 1.0205
[####################################------------------------] 60.0%
Elapsed: 8.7m | Avg/Round: 28.8s | Last: 27.2s | Next: 28.8s | Remaining: 5.8m
ETA: 04:38:24
Recent round times: R1: 32.7s -> R2: 26.8s -> R3: 26.8s -> R4: 26.7s -> R5: 27.2s

  0%|          | 0/79 [00:00<?, ?it/s]
  4%|▍         | 3/79 [00:00<00:03, 22.06it/s]
 10%|█         | 8/79 [00:00<00:02, 35.03it/s]
 15%|█▌        | 12/79 [00:00<00:01, 37.07it/s]
 22%|██▏       | 17/79 [00:00<00:01, 38.28it/s]
 28%|██▊       | 22/79 [00:00<00:01, 39.56it/s]
 34%|███▍      | 27/79 [00:00<00:01, 41.06it/s]
 41%|████      | 32/79 [00:00<00:01, 40.16it/s]
 47%|████▋     | 37/79 [00:00<00:00, 42.30it/s]
 53%|█████▎    | 42/79 [00:01<00:00, 40.32it/s]
 61%|██████    | 48/79 [00:01<00:00, 40.89it/s]
 68%|██████▊   | 54/79 [00:01<00:00, 41.08it/s]
 76%|███████▌  | 60/79 [00:01<00:00, 41.46it/s]
 84%|████████▎ | 66/79 [00:01<00:00, 41.73it/s]
 91%|█████████ | 72/79 [00:01<00:00, 41.37it/s]
 99%|█████████▊| 78/79 [00:01<00:00, 41.43it/s]
100%|██████████| 79/79 [00:01<00:00, 40.39it/s]

CommRound: 19/30
Accuracy: 80.13% | Loss: 1.0281
[######################################----------------------] 63.3%
Elapsed: 9.1m | Avg/Round: 28.9s | Last: 29.3s | Next: 28.9s | Remaining: 5.3m
ETA: 04:38:25
Recent round times: R1: 26.8s -> R2: 26.8s -> R3: 26.7s -> R4: 27.2s -> R5: 29.3s

  0%|          | 0/79 [00:00<?, ?it/s]
  3%|▎         | 2/79 [00:00<00:03, 19.43it/s]
  6%|▋         | 5/79 [00:00<00:02, 25.39it/s]
 11%|█▏        | 9/79 [00:00<00:02, 30.35it/s]
 16%|█▋        | 13/79 [00:00<00:02, 32.59it/s]
 22%|██▏       | 17/79 [00:00<00:01, 33.64it/s]
 27%|██▋       | 21/79 [00:00<00:01, 34.45it/s]
 32%|███▏      | 25/79 [00:00<00:01, 34.98it/s]
 37%|███▋      | 29/79 [00:00<00:01, 35.46it/s]
 42%|████▏     | 33/79 [00:00<00:01, 35.80it/s]
 47%|████▋     | 37/79 [00:01<00:01, 36.06it/s]
 52%|█████▏    | 41/79 [00:01<00:01, 36.26it/s]
 57%|█████▋    | 45/79 [00:01<00:00, 36.35it/s]
 62%|██████▏   | 49/79 [00:01<00:00, 36.38it/s]
 67%|██████▋   | 53/79 [00:01<00:00, 36.21it/s]
 72%|███████▏  | 57/79 [00:01<00:00, 36.84it/s]
 80%|███████▉  | 63/79 [00:01<00:00, 38.92it/s]
 87%|████████▋ | 69/79 [00:01<00:00, 40.27it/s]
 95%|█████████▍| 75/79 [00:02<00:00, 40.87it/s]
100%|██████████| 79/79 [00:02<00:00, 37.19it/s]

CommRound: 20/30
Accuracy: 80.21% | Loss: 1.0357
[########################################--------------------] 66.7%
Elapsed: 9.6m | Avg/Round: 28.8s | Last: 27.1s | Next: 28.8s | Remaining: 4.8m
ETA: 04:38:22
Recent round times: R1: 26.8s -> R2: 26.7s -> R3: 27.2s -> R4: 29.3s -> R5: 27.1s

  0%|          | 0/79 [00:00<?, ?it/s]
  4%|▍         | 3/79 [00:00<00:03, 22.83it/s]
  9%|▉         | 7/79 [00:00<00:02, 31.67it/s]
 14%|█▍        | 11/79 [00:00<00:01, 35.12it/s]
 19%|█▉        | 15/79 [00:00<00:01, 36.95it/s]
 25%|██▌       | 20/79 [00:00<00:01, 40.14it/s]
 32%|███▏      | 25/79 [00:00<00:01, 39.22it/s]
 38%|███▊      | 30/79 [00:00<00:01, 40.58it/s]
 44%|████▍     | 35/79 [00:00<00:01, 40.33it/s]
 51%|█████     | 40/79 [00:01<00:00, 40.76it/s]
 57%|█████▋    | 45/79 [00:01<00:00, 40.91it/s]
 63%|██████▎   | 50/79 [00:01<00:00, 40.51it/s]
 70%|██████▉   | 55/79 [00:01<00:00, 40.53it/s]
 76%|███████▌  | 60/79 [00:01<00:00, 40.43it/s]
 82%|████████▏ | 65/79 [00:01<00:00, 40.24it/s]
 89%|████████▊ | 70/79 [00:01<00:00, 40.60it/s]
 95%|█████████▍| 75/79 [00:01<00:00, 40.20it/s]
100%|██████████| 79/79 [00:01<00:00, 39.80it/s]

CommRound: 21/30
Accuracy: 80.25% | Loss: 1.0421
[##########################################------------------] 70.0%
Elapsed: 10.1m | Avg/Round: 28.9s | Last: 31.4s | Next: 28.9s | Remaining: 4.3m
ETA: 04:38:26
Recent round times: R1: 26.7s -> R2: 27.2s -> R3: 29.3s -> R4: 27.1s -> R5: 31.4s

  0%|          | 0/79 [00:00<?, ?it/s]
  3%|▎         | 2/79 [00:00<00:03, 19.31it/s]
  9%|▉         | 7/79 [00:00<00:02, 31.50it/s]
 15%|█▌        | 12/79 [00:00<00:01, 37.71it/s]
 22%|██▏       | 17/79 [00:00<00:01, 37.42it/s]
 28%|██▊       | 22/79 [00:00<00:01, 40.97it/s]
 34%|███▍      | 27/79 [00:00<00:01, 38.68it/s]
 42%|████▏     | 33/79 [00:00<00:01, 39.54it/s]
 47%|████▋     | 37/79 [00:00<00:01, 39.43it/s]
 54%|█████▍    | 43/79 [00:01<00:00, 40.07it/s]
 62%|██████▏   | 49/79 [00:01<00:00, 40.72it/s]
 70%|██████▉   | 55/79 [00:01<00:00, 41.06it/s]
 77%|███████▋  | 61/79 [00:01<00:00, 41.19it/s]
 85%|████████▍ | 67/79 [00:01<00:00, 41.11it/s]
 92%|█████████▏| 73/79 [00:01<00:00, 41.34it/s]
100%|██████████| 79/79 [00:01<00:00, 45.58it/s]
100%|██████████| 79/79 [00:01<00:00, 40.37it/s]

CommRound: 22/30
Accuracy: 80.27% | Loss: 1.0479
[############################################----------------] 73.3%
Elapsed: 10.6m | Avg/Round: 28.9s | Last: 27.9s | Next: 28.9s | Remaining: 3.8m
ETA: 04:38:25
Recent round times: R1: 27.2s -> R2: 29.3s -> R3: 27.1s -> R4: 31.4s -> R5: 27.9s

  0%|          | 0/79 [00:00<?, ?it/s]
  4%|▍         | 3/79 [00:00<00:03, 21.74it/s]
  9%|▉         | 7/79 [00:00<00:02, 31.01it/s]
 14%|█▍        | 11/79 [00:00<00:02, 33.39it/s]
 19%|█▉        | 15/79 [00:00<00:01, 32.24it/s]
 27%|██▋       | 21/79 [00:00<00:01, 35.97it/s]
 34%|███▍      | 27/79 [00:00<00:01, 38.11it/s]
 41%|████      | 32/79 [00:00<00:01, 41.23it/s]
 47%|████▋     | 37/79 [00:01<00:01, 39.18it/s]
 52%|█████▏    | 41/79 [00:01<00:00, 39.19it/s]
 59%|█████▉    | 47/79 [00:01<00:00, 39.95it/s]
 67%|██████▋   | 53/79 [00:01<00:00, 40.33it/s]
 75%|███████▍  | 59/79 [00:01<00:00, 40.95it/s]
 81%|████████  | 64/79 [00:01<00:00, 42.78it/s]
 87%|████████▋ | 69/79 [00:01<00:00, 40.11it/s]
 94%|█████████▎| 74/79 [00:01<00:00, 42.51it/s]
100%|██████████| 79/79 [00:01<00:00, 44.44it/s]
100%|██████████| 79/79 [00:02<00:00, 39.31it/s]

CommRound: 23/30
Accuracy: 80.24% | Loss: 1.0532
[##############################################--------------] 76.7%
Elapsed: 11.0m | Avg/Round: 28.8s | Last: 26.6s | Next: 28.8s | Remaining: 3.4m
ETA: 04:38:22
Recent round times: R1: 29.3s -> R2: 27.1s -> R3: 31.4s -> R4: 27.9s -> R5: 26.6s

  0%|          | 0/79 [00:00<?, ?it/s]
  4%|▍         | 3/79 [00:00<00:03, 22.60it/s]
 10%|█         | 8/79 [00:00<00:02, 35.44it/s]
 16%|█▋        | 13/79 [00:00<00:01, 36.59it/s]
 23%|██▎       | 18/79 [00:00<00:01, 39.13it/s]
 28%|██▊       | 22/79 [00:00<00:01, 39.33it/s]
 34%|███▍      | 27/79 [00:00<00:01, 40.21it/s]
 41%|████      | 32/79 [00:00<00:01, 39.65it/s]
 47%|████▋     | 37/79 [00:00<00:01, 41.46it/s]
 53%|█████▎    | 42/79 [00:01<00:00, 40.18it/s]
 59%|█████▉    | 47/79 [00:01<00:00, 41.88it/s]
 66%|██████▌   | 52/79 [00:01<00:00, 40.28it/s]
 72%|███████▏  | 57/79 [00:01<00:00, 42.64it/s]
 78%|███████▊  | 62/79 [00:01<00:00, 40.76it/s]
 85%|████████▍ | 67/79 [00:01<00:00, 43.11it/s]
 91%|█████████ | 72/79 [00:01<00:00, 41.17it/s]
 97%|█████████▋| 77/79 [00:01<00:00, 42.75it/s]
100%|██████████| 79/79 [00:01<00:00, 40.42it/s]

CommRound: 24/30
Accuracy: 80.24% | Loss: 1.0581
[################################################------------] 80.0%
Elapsed: 11.5m | Avg/Round: 28.7s | Last: 27.2s | Next: 28.7s | Remaining: 2.9m
ETA: 04:38:20
Recent round times: R1: 27.1s -> R2: 31.4s -> R3: 27.9s -> R4: 26.6s -> R5: 27.2s

  0%|          | 0/79 [00:00<?, ?it/s]
  3%|▎         | 2/79 [00:00<00:03, 19.45it/s]
  9%|▉         | 7/79 [00:00<00:02, 30.91it/s]
 15%|█▌        | 12/79 [00:00<00:01, 38.11it/s]
 20%|██        | 16/79 [00:00<00:01, 38.60it/s]
 27%|██▋       | 21/79 [00:00<00:01, 37.14it/s]
 33%|███▎      | 26/79 [00:00<00:01, 40.80it/s]
 39%|███▉      | 31/79 [00:00<00:01, 38.82it/s]
 47%|████▋     | 37/79 [00:00<00:01, 39.60it/s]
 54%|█████▍    | 43/79 [00:01<00:00, 40.35it/s]
 62%|██████▏   | 49/79 [00:01<00:00, 41.12it/s]
 70%|██████▉   | 55/79 [00:01<00:00, 41.54it/s]
 77%|███████▋  | 61/79 [00:01<00:00, 41.43it/s]
 84%|████████▎ | 66/79 [00:01<00:00, 43.33it/s]
 90%|████████▉ | 71/79 [00:01<00:00, 40.43it/s]
 97%|█████████▋| 77/79 [00:01<00:00, 40.68it/s]
100%|██████████| 79/79 [00:01<00:00, 40.33it/s]

CommRound: 25/30
Accuracy: 80.26% | Loss: 1.0624
[##################################################----------] 83.3%
Elapsed: 11.9m | Avg/Round: 28.6s | Last: 27.1s | Next: 28.6s | Remaining: 2.4m
ETA: 04:38:18
Recent round times: R1: 31.4s -> R2: 27.9s -> R3: 26.6s -> R4: 27.2s -> R5: 27.1s

  0%|          | 0/79 [00:00<?, ?it/s]
  3%|▎         | 2/79 [00:00<00:03, 19.46it/s]
  9%|▉         | 7/79 [00:00<00:02, 31.20it/s]
 15%|█▌        | 12/79 [00:00<00:01, 37.50it/s]
 20%|██        | 16/79 [00:00<00:01, 38.27it/s]
 25%|██▌       | 20/79 [00:00<00:01, 38.52it/s]
 30%|███       | 24/79 [00:00<00:01, 38.65it/s]
 35%|███▌      | 28/79 [00:00<00:01, 38.99it/s]
 41%|████      | 32/79 [00:00<00:01, 39.30it/s]
 47%|████▋     | 37/79 [00:00<00:01, 39.57it/s]
 53%|█████▎    | 42/79 [00:01<00:00, 41.02it/s]
 59%|█████▉    | 47/79 [00:01<00:00, 39.85it/s]
 66%|██████▌   | 52/79 [00:01<00:00, 41.91it/s]
 72%|███████▏  | 57/79 [00:01<00:00, 40.72it/s]
 78%|███████▊  | 62/79 [00:01<00:00, 42.14it/s]
 85%|████████▍ | 67/79 [00:01<00:00, 40.95it/s]
 91%|█████████ | 72/79 [00:01<00:00, 42.12it/s]
 97%|█████████▋| 77/79 [00:01<00:00, 41.14it/s]
100%|██████████| 79/79 [00:01<00:00, 39.99it/s]

CommRound: 26/30
Accuracy: 80.25% | Loss: 1.0665
[####################################################--------] 86.7%
Elapsed: 12.4m | Avg/Round: 28.6s | Last: 26.6s | Next: 28.6s | Remaining: 1.9m
ETA: 04:38:16
Recent round times: R1: 27.9s -> R2: 26.6s -> R3: 27.2s -> R4: 27.1s -> R5: 26.6s

  0%|          | 0/79 [00:00<?, ?it/s]
  3%|▎         | 2/79 [00:00<00:03, 19.81it/s]
  9%|▉         | 7/79 [00:00<00:02, 29.75it/s]
 14%|█▍        | 11/79 [00:00<00:02, 33.64it/s]
 19%|█▉        | 15/79 [00:00<00:01, 35.74it/s]
 24%|██▍       | 19/79 [00:00<00:01, 36.15it/s]
 30%|███       | 24/79 [00:00<00:01, 35.46it/s]
 38%|███▊      | 30/79 [00:00<00:01, 37.55it/s]
 44%|████▍     | 35/79 [00:00<00:01, 40.29it/s]
 51%|█████     | 40/79 [00:01<00:00, 39.00it/s]
 57%|█████▋    | 45/79 [00:01<00:00, 38.72it/s]
 62%|██████▏   | 49/79 [00:01<00:00, 38.09it/s]
 70%|██████▉   | 55/79 [00:01<00:00, 39.55it/s]
 77%|███████▋  | 61/79 [00:01<00:00, 40.62it/s]
 84%|████████▎ | 66/79 [00:01<00:00, 42.48it/s]
 90%|████████▉ | 71/79 [00:01<00:00, 41.51it/s]
 96%|█████████▌| 76/79 [00:01<00:00, 40.53it/s]
100%|██████████| 79/79 [00:02<00:00, 38.67it/s]

CommRound: 27/30
Accuracy: 80.24% | Loss: 1.0702
[######################################################------] 90.0%
Elapsed: 13.0m | Avg/Round: 28.8s | Last: 35.5s | Next: 28.8s | Remaining: 1.4m
ETA: 04:38:23
Recent round times: R1: 26.6s -> R2: 27.2s -> R3: 27.1s -> R4: 26.6s -> R5: 35.5s

  0%|          | 0/79 [00:00<?, ?it/s]
  4%|▍         | 3/79 [00:00<00:03, 22.41it/s]
 10%|█         | 8/79 [00:00<00:02, 34.94it/s]
 16%|█▋        | 13/79 [00:00<00:01, 36.82it/s]
 23%|██▎       | 18/79 [00:00<00:01, 39.16it/s]
 29%|██▉       | 23/79 [00:00<00:01, 40.14it/s]
 35%|███▌      | 28/79 [00:00<00:01, 40.48it/s]
 42%|████▏     | 33/79 [00:00<00:01, 41.72it/s]
 48%|████▊     | 38/79 [00:00<00:00, 41.32it/s]
 54%|█████▍    | 43/79 [00:01<00:00, 41.44it/s]
 61%|██████    | 48/79 [00:01<00:00, 42.49it/s]
 67%|██████▋   | 53/79 [00:01<00:00, 40.73it/s]
 73%|███████▎  | 58/79 [00:01<00:00, 42.57it/s]
 80%|███████▉  | 63/79 [00:01<00:00, 40.53it/s]
 86%|████████▌ | 68/79 [00:01<00:00, 42.61it/s]
 92%|█████████▏| 73/79 [00:01<00:00, 40.44it/s]
100%|██████████| 79/79 [00:01<00:00, 45.45it/s]
100%|██████████| 79/79 [00:01<00:00, 40.91it/s]

CommRound: 28/30
Accuracy: 80.25% | Loss: 1.0735
[########################################################----] 93.3%
Elapsed: 13.4m | Avg/Round: 28.7s | Last: 27.0s | Next: 28.7s | Remaining: 1.0m
ETA: 04:38:21
Recent round times: R1: 27.2s -> R2: 27.1s -> R3: 26.6s -> R4: 35.5s -> R5: 27.0s

  0%|          | 0/79 [00:00<?, ?it/s]
  4%|▍         | 3/79 [00:00<00:03, 22.25it/s]
 11%|█▏        | 9/79 [00:00<00:02, 33.75it/s]
 19%|█▉        | 15/79 [00:00<00:01, 37.13it/s]
 27%|██▋       | 21/79 [00:00<00:01, 38.86it/s]
 34%|███▍      | 27/79 [00:00<00:01, 40.01it/s]
 42%|████▏     | 33/79 [00:00<00:01, 40.50it/s]
 49%|████▉     | 39/79 [00:01<00:00, 41.13it/s]
 57%|█████▋    | 45/79 [00:01<00:00, 41.32it/s]
 65%|██████▍   | 51/79 [00:01<00:00, 41.68it/s]
 72%|███████▏  | 57/79 [00:01<00:00, 41.84it/s]
 80%|███████▉  | 63/79 [00:01<00:00, 41.94it/s]
 87%|████████▋ | 69/79 [00:01<00:00, 41.78it/s]
 95%|█████████▍| 75/79 [00:01<00:00, 41.84it/s]
100%|██████████| 79/79 [00:01<00:00, 41.02it/s]

CommRound: 29/30
Accuracy: 80.22% | Loss: 1.0766
[##########################################################--] 96.7%
Elapsed: 13.9m | Avg/Round: 28.7s | Last: 26.9s | Next: 28.7s | Remaining: 0.5m
ETA: 04:38:19
Recent round times: R1: 27.1s -> R2: 26.6s -> R3: 35.5s -> R4: 27.0s -> R5: 26.9s

  0%|          | 0/79 [00:00<?, ?it/s]
  4%|▍         | 3/79 [00:00<00:03, 21.83it/s]
 10%|█         | 8/79 [00:00<00:01, 36.18it/s]
 16%|█▋        | 13/79 [00:00<00:01, 35.42it/s]
 24%|██▍       | 19/79 [00:00<00:01, 37.89it/s]
 32%|███▏      | 25/79 [00:00<00:01, 39.28it/s]
 39%|███▉      | 31/79 [00:00<00:01, 40.08it/s]
 47%|████▋     | 37/79 [00:00<00:01, 40.38it/s]
 54%|█████▍    | 43/79 [00:01<00:00, 40.50it/s]
 61%|██████    | 48/79 [00:01<00:00, 42.69it/s]
 67%|██████▋   | 53/79 [00:01<00:00, 40.25it/s]
 73%|███████▎  | 58/79 [00:01<00:00, 42.54it/s]
 80%|███████▉  | 63/79 [00:01<00:00, 39.44it/s]
 87%|████████▋ | 69/79 [00:01<00:00, 40.17it/s]
 95%|█████████▍| 75/79 [00:01<00:00, 40.51it/s]
100%|██████████| 79/79 [00:01<00:00, 40.26it/s]

CommRound: 30/30
Accuracy: 80.20% | Loss: 1.0796
[############################################################] 100.0%
Elapsed: 14.3m | Avg/Round: 28.6s | Last: 27.3s | Next: 28.6s | Remaining: 0.0m
ETA: 04:38:18
Recent round times: R1: 26.6s -> R2: 35.5s -> R3: 27.0s -> R4: 26.9s -> R5: 27.3s
Total time for experiment: 859.0801274776459 seconds
Device average training time per communication round [s]:
    rpi (sld-rpi-09.ece.utexas.edu): 18.49 seconds
    mc1 (sld-mc1-09.ece.utexas.edu): 22.93 seconds
