
  0%|          | 0/79 [00:00<?, ?it/s]
  4%|▍         | 3/79 [00:00<00:03, 21.43it/s]
  9%|▉         | 7/79 [00:00<00:02, 29.05it/s]
 14%|█▍        | 11/79 [00:00<00:02, 32.29it/s]
 19%|█▉        | 15/79 [00:00<00:01, 34.05it/s]
 24%|██▍       | 19/79 [00:00<00:01, 34.83it/s]
 29%|██▉       | 23/79 [00:00<00:01, 35.18it/s]
 34%|███▍      | 27/79 [00:00<00:01, 35.60it/s]
 39%|███▉      | 31/79 [00:00<00:01, 36.07it/s]
 44%|████▍     | 35/79 [00:01<00:01, 36.09it/s]
 49%|████▉     | 39/79 [00:01<00:01, 36.52it/s]
 54%|█████▍    | 43/79 [00:01<00:00, 36.01it/s]
 59%|█████▉    | 47/79 [00:01<00:00, 36.11it/s]
 65%|██████▍   | 51/79 [00:01<00:00, 35.71it/s]
 70%|██████▉   | 55/79 [00:01<00:00, 36.18it/s]
 75%|███████▍  | 59/79 [00:01<00:00, 35.92it/s]
 80%|███████▉  | 63/79 [00:01<00:00, 36.20it/s]
 85%|████████▍ | 67/79 [00:01<00:00, 36.89it/s]
 90%|████████▉ | 71/79 [00:02<00:00, 37.43it/s]
 95%|█████████▍| 75/79 [00:02<00:00, 37.32it/s]
100%|██████████| 79/79 [00:02<00:00, 36.22it/s]
Initial Accuracy: 9.23%; Initial Loss: 2.3309

  0%|          | 0/79 [00:00<?, ?it/s]
  1%|▏         | 1/79 [00:00<00:08,  9.32it/s]
  6%|▋         | 5/79 [00:00<00:03, 21.35it/s]
 11%|█▏        | 9/79 [00:00<00:02, 24.74it/s]
 15%|█▌        | 12/79 [00:00<00:03, 21.80it/s]
 19%|█▉        | 15/79 [00:00<00:02, 23.61it/s]
 23%|██▎       | 18/79 [00:00<00:03, 19.95it/s]
 28%|██▊       | 22/79 [00:01<00:02, 20.74it/s]
 32%|███▏      | 25/79 [00:01<00:02, 21.90it/s]
 35%|███▌      | 28/79 [00:01<00:02, 21.20it/s]
 41%|████      | 32/79 [00:01<00:01, 24.94it/s]
 44%|████▍     | 35/79 [00:01<00:01, 25.59it/s]
 48%|████▊     | 38/79 [00:01<00:01, 25.63it/s]
 52%|█████▏    | 41/79 [00:01<00:01, 21.57it/s]
 57%|█████▋    | 45/79 [00:01<00:01, 23.81it/s]
 62%|██████▏   | 49/79 [00:02<00:01, 27.09it/s]
 66%|██████▌   | 52/79 [00:02<00:01, 26.93it/s]
 70%|██████▉   | 55/79 [00:02<00:01, 22.09it/s]
 73%|███████▎  | 58/79 [00:02<00:00, 23.50it/s]
 77%|███████▋  | 61/79 [00:02<00:00, 20.66it/s]
 82%|████████▏ | 65/79 [00:02<00:00, 24.44it/s]
 87%|████████▋ | 69/79 [00:02<00:00, 26.36it/s]
 92%|█████████▏| 73/79 [00:03<00:00, 23.68it/s]
 96%|█████████▌| 76/79 [00:03<00:00, 22.25it/s]
100%|██████████| 79/79 [00:03<00:00, 23.34it/s]

CommRound: 1/30
Accuracy: 54.15% | Loss: 1.4045
[##----------------------------------------------------------] 3.3%
Elapsed: 0.4m | Avg/Round: 22.3s | Last: 20.1s | Next: 22.3s | Remaining: 10.8m
ETA: 19:11:49
Recent round times: R1: 20.1s

  0%|          | 0/79 [00:00<?, ?it/s]
  4%|▍         | 3/79 [00:00<00:03, 21.71it/s]
  9%|▉         | 7/79 [00:00<00:02, 30.71it/s]
 14%|█▍        | 11/79 [00:00<00:01, 34.36it/s]
 19%|█▉        | 15/79 [00:00<00:01, 36.07it/s]
 25%|██▌       | 20/79 [00:00<00:01, 40.80it/s]
 32%|███▏      | 25/79 [00:00<00:01, 38.34it/s]
 39%|███▉      | 31/79 [00:00<00:01, 39.94it/s]
 47%|████▋     | 37/79 [00:00<00:01, 40.98it/s]
 54%|█████▍    | 43/79 [00:01<00:00, 41.65it/s]
 62%|██████▏   | 49/79 [00:01<00:00, 41.88it/s]
 70%|██████▉   | 55/79 [00:01<00:00, 42.22it/s]
 77%|███████▋  | 61/79 [00:01<00:00, 42.49it/s]
 85%|████████▍ | 67/79 [00:01<00:00, 42.24it/s]
 92%|█████████▏| 73/79 [00:01<00:00, 42.29it/s]
100%|██████████| 79/79 [00:01<00:00, 46.33it/s]
100%|██████████| 79/79 [00:01<00:00, 40.88it/s]

CommRound: 2/30
Accuracy: 68.30% | Loss: 0.9333
[####--------------------------------------------------------] 6.7%
Elapsed: 0.7m | Avg/Round: 20.2s | Last: 18.2s | Next: 20.2s | Remaining: 9.4m
ETA: 19:10:47
Recent round times: R1: 20.1s -> R2: 18.2s

  0%|          | 0/79 [00:00<?, ?it/s]
  1%|▏         | 1/79 [00:00<00:08,  9.56it/s]
  8%|▊         | 6/79 [00:00<00:02, 26.37it/s]
 13%|█▎        | 10/79 [00:00<00:02, 30.37it/s]
 18%|█▊        | 14/79 [00:00<00:02, 32.05it/s]
 23%|██▎       | 18/79 [00:00<00:01, 33.22it/s]
 28%|██▊       | 22/79 [00:00<00:01, 34.00it/s]
 33%|███▎      | 26/79 [00:00<00:01, 34.15it/s]
 38%|███▊      | 30/79 [00:00<00:01, 33.87it/s]
 43%|████▎     | 34/79 [00:01<00:01, 33.53it/s]
 48%|████▊     | 38/79 [00:01<00:01, 31.72it/s]
 53%|█████▎    | 42/79 [00:01<00:01, 31.42it/s]
 58%|█████▊    | 46/79 [00:01<00:01, 31.98it/s]
 63%|██████▎   | 50/79 [00:01<00:00, 33.11it/s]
 68%|██████▊   | 54/79 [00:01<00:00, 33.48it/s]
 73%|███████▎  | 58/79 [00:01<00:00, 34.05it/s]
 78%|███████▊  | 62/79 [00:01<00:00, 33.97it/s]
 84%|████████▎ | 66/79 [00:02<00:00, 33.72it/s]
 89%|████████▊ | 70/79 [00:02<00:00, 33.13it/s]
 94%|█████████▎| 74/79 [00:02<00:00, 33.17it/s]
 99%|█████████▊| 78/79 [00:02<00:00, 33.75it/s]
100%|██████████| 79/79 [00:02<00:00, 32.82it/s]

CommRound: 3/30
Accuracy: 72.26% | Loss: 0.8098
[######------------------------------------------------------] 10.0%
Elapsed: 1.0m | Avg/Round: 19.4s | Last: 17.7s | Next: 19.4s | Remaining: 8.7m
ETA: 19:10:21
Recent round times: R1: 20.1s -> R2: 18.2s -> R3: 17.7s

  0%|          | 0/79 [00:00<?, ?it/s]
  4%|▍         | 3/79 [00:00<00:03, 23.13it/s]
 10%|█         | 8/79 [00:00<00:01, 35.86it/s]
 16%|█▋        | 13/79 [00:00<00:01, 37.46it/s]
 23%|██▎       | 18/79 [00:00<00:01, 39.63it/s]
 29%|██▉       | 23/79 [00:00<00:01, 40.89it/s]
 35%|███▌      | 28/79 [00:00<00:01, 40.58it/s]
 42%|████▏     | 33/79 [00:00<00:01, 42.61it/s]
 48%|████▊     | 38/79 [00:00<00:01, 40.80it/s]
 56%|█████▌    | 44/79 [00:01<00:00, 41.37it/s]
 63%|██████▎   | 50/79 [00:01<00:00, 41.74it/s]
 71%|███████   | 56/79 [00:01<00:00, 42.02it/s]
 78%|███████▊  | 62/79 [00:01<00:00, 42.28it/s]
 86%|████████▌ | 68/79 [00:01<00:00, 42.31it/s]
 94%|█████████▎| 74/79 [00:01<00:00, 42.61it/s]
100%|██████████| 79/79 [00:01<00:00, 41.23it/s]

CommRound: 4/30
Accuracy: 74.68% | Loss: 0.7845
[########----------------------------------------------------] 13.3%
Elapsed: 1.3m | Avg/Round: 19.9s | Last: 21.4s | Next: 19.9s | Remaining: 8.6m
ETA: 19:10:36
Recent round times: R1: 20.1s -> R2: 18.2s -> R3: 17.7s -> R4: 21.4s

  0%|          | 0/79 [00:00<?, ?it/s]
  1%|▏         | 1/79 [00:00<00:09,  8.63it/s]
  6%|▋         | 5/79 [00:00<00:03, 22.55it/s]
 11%|█▏        | 9/79 [00:00<00:02, 26.70it/s]
 16%|█▋        | 13/79 [00:00<00:02, 29.78it/s]
 22%|██▏       | 17/79 [00:00<00:01, 31.40it/s]
 27%|██▋       | 21/79 [00:00<00:01, 32.55it/s]
 32%|███▏      | 25/79 [00:00<00:01, 33.30it/s]
 37%|███▋      | 29/79 [00:00<00:01, 33.18it/s]
 42%|████▏     | 33/79 [00:01<00:01, 33.30it/s]
 47%|████▋     | 37/79 [00:01<00:01, 32.66it/s]
 52%|█████▏    | 41/79 [00:01<00:01, 32.30it/s]
 57%|█████▋    | 45/79 [00:01<00:01, 32.19it/s]
 62%|██████▏   | 49/79 [00:01<00:00, 31.99it/s]
 67%|██████▋   | 53/79 [00:01<00:00, 32.47it/s]
 72%|███████▏  | 57/79 [00:01<00:00, 33.82it/s]
 77%|███████▋  | 61/79 [00:01<00:00, 34.89it/s]
 82%|████████▏ | 65/79 [00:02<00:00, 35.66it/s]
 87%|████████▋ | 69/79 [00:02<00:00, 35.98it/s]
 92%|█████████▏| 73/79 [00:02<00:00, 36.36it/s]
 97%|█████████▋| 77/79 [00:02<00:00, 36.68it/s]
100%|██████████| 79/79 [00:02<00:00, 33.09it/s]

CommRound: 5/30
Accuracy: 75.62% | Loss: 0.7892
[##########--------------------------------------------------] 16.7%
Elapsed: 1.7m | Avg/Round: 20.5s | Last: 22.8s | Next: 20.5s | Remaining: 8.5m
ETA: 19:10:53
Recent round times: R1: 20.1s -> R2: 18.2s -> R3: 17.7s -> R4: 21.4s -> R5: 22.8s

  0%|          | 0/79 [00:00<?, ?it/s]
  1%|▏         | 1/79 [00:00<00:08,  9.72it/s]
  6%|▋         | 5/79 [00:00<00:02, 25.02it/s]
 11%|█▏        | 9/79 [00:00<00:02, 29.54it/s]
 16%|█▋        | 13/79 [00:00<00:02, 31.64it/s]
 22%|██▏       | 17/79 [00:00<00:01, 32.68it/s]
 27%|██▋       | 21/79 [00:00<00:01, 32.67it/s]
 32%|███▏      | 25/79 [00:00<00:01, 33.46it/s]
 37%|███▋      | 29/79 [00:00<00:01, 33.77it/s]
 42%|████▏     | 33/79 [00:01<00:01, 34.29it/s]
 47%|████▋     | 37/79 [00:01<00:01, 34.69it/s]
 52%|█████▏    | 41/79 [00:01<00:01, 34.98it/s]
 57%|█████▋    | 45/79 [00:01<00:00, 35.06it/s]
 62%|██████▏   | 49/79 [00:01<00:00, 35.25it/s]
 67%|██████▋   | 53/79 [00:01<00:00, 35.32it/s]
 72%|███████▏  | 57/79 [00:01<00:00, 35.12it/s]
 77%|███████▋  | 61/79 [00:01<00:00, 33.84it/s]
 82%|████████▏ | 65/79 [00:01<00:00, 34.11it/s]
 87%|████████▋ | 69/79 [00:02<00:00, 34.28it/s]
 92%|█████████▏| 73/79 [00:02<00:00, 34.73it/s]
 97%|█████████▋| 77/79 [00:02<00:00, 35.61it/s]
100%|██████████| 79/79 [00:02<00:00, 33.74it/s]

CommRound: 6/30
Accuracy: 79.49% | Loss: 0.6869
[############------------------------------------------------] 20.0%
Elapsed: 2.1m | Avg/Round: 20.5s | Last: 20.9s | Next: 20.5s | Remaining: 8.2m
ETA: 19:10:55
Recent round times: R1: 18.2s -> R2: 17.7s -> R3: 21.4s -> R4: 22.8s -> R5: 20.9s

  0%|          | 0/79 [00:00<?, ?it/s]
  1%|▏         | 1/79 [00:00<00:12,  6.22it/s]
  5%|▌         | 4/79 [00:00<00:05, 12.78it/s]
  9%|▉         | 7/79 [00:00<00:04, 17.92it/s]
 13%|█▎        | 10/79 [00:00<00:03, 20.93it/s]
 16%|█▋        | 13/79 [00:00<00:03, 19.29it/s]
 20%|██        | 16/79 [00:00<00:03, 19.46it/s]
 24%|██▍       | 19/79 [00:00<00:02, 21.41it/s]
 28%|██▊       | 22/79 [00:01<00:02, 22.65it/s]
 32%|███▏      | 25/79 [00:01<00:02, 22.34it/s]
 35%|███▌      | 28/79 [00:01<00:02, 21.19it/s]
 39%|███▉      | 31/79 [00:01<00:02, 20.82it/s]
 43%|████▎     | 34/79 [00:01<00:01, 22.89it/s]
 47%|████▋     | 37/79 [00:01<00:01, 24.05it/s]
 51%|█████     | 40/79 [00:01<00:01, 25.41it/s]
 56%|█████▌    | 44/79 [00:01<00:01, 29.04it/s]
 62%|██████▏   | 49/79 [00:02<00:00, 30.10it/s]
 67%|██████▋   | 53/79 [00:02<00:00, 28.99it/s]
 71%|███████   | 56/79 [00:02<00:00, 27.83it/s]
 75%|███████▍  | 59/79 [00:02<00:00, 26.63it/s]
 78%|███████▊  | 62/79 [00:02<00:00, 25.13it/s]
 82%|████████▏ | 65/79 [00:02<00:00, 24.91it/s]
 86%|████████▌ | 68/79 [00:02<00:00, 25.99it/s]
 90%|████████▉ | 71/79 [00:03<00:00, 25.64it/s]
 95%|█████████▍| 75/79 [00:03<00:00, 28.12it/s]
 99%|█████████▊| 78/79 [00:03<00:00, 27.66it/s]
100%|██████████| 79/79 [00:03<00:00, 24.13it/s]

CommRound: 7/30
Accuracy: 79.96% | Loss: 0.6915
[##############----------------------------------------------] 23.3%
Elapsed: 2.4m | Avg/Round: 20.4s | Last: 19.4s | Next: 20.4s | Remaining: 7.8m
ETA: 19:10:51
Recent round times: R1: 17.7s -> R2: 21.4s -> R3: 22.8s -> R4: 20.9s -> R5: 19.4s

  0%|          | 0/79 [00:00<?, ?it/s]
  1%|▏         | 1/79 [00:00<00:09,  8.10it/s]
  5%|▌         | 4/79 [00:00<00:03, 19.76it/s]
  9%|▉         | 7/79 [00:00<00:03, 18.52it/s]
 13%|█▎        | 10/79 [00:00<00:03, 21.87it/s]
 16%|█▋        | 13/79 [00:00<00:03, 21.13it/s]
 20%|██        | 16/79 [00:00<00:02, 21.51it/s]
 25%|██▌       | 20/79 [00:00<00:02, 21.80it/s]
 30%|███       | 24/79 [00:01<00:02, 25.32it/s]
 34%|███▍      | 27/79 [00:01<00:02, 22.72it/s]
 38%|███▊      | 30/79 [00:01<00:02, 21.11it/s]
 42%|████▏     | 33/79 [00:01<00:02, 21.02it/s]
 46%|████▌     | 36/79 [00:01<00:02, 21.05it/s]
 49%|████▉     | 39/79 [00:01<00:01, 20.85it/s]
 53%|█████▎    | 42/79 [00:02<00:01, 19.96it/s]
 57%|█████▋    | 45/79 [00:02<00:01, 22.02it/s]
 61%|██████    | 48/79 [00:02<00:01, 21.73it/s]
 65%|██████▍   | 51/79 [00:02<00:01, 21.06it/s]
 68%|██████▊   | 54/79 [00:02<00:01, 21.15it/s]
 75%|███████▍  | 59/79 [00:02<00:00, 26.99it/s]
 80%|███████▉  | 63/79 [00:02<00:00, 26.82it/s]
 84%|████████▎ | 66/79 [00:02<00:00, 25.75it/s]
 87%|████████▋ | 69/79 [00:03<00:00, 26.35it/s]
 91%|█████████ | 72/79 [00:03<00:00, 23.32it/s]
 95%|█████████▍| 75/79 [00:03<00:00, 24.78it/s]
100%|██████████| 79/79 [00:03<00:00, 28.56it/s]
100%|██████████| 79/79 [00:03<00:00, 22.99it/s]

CommRound: 8/30
Accuracy: 80.56% | Loss: 0.6852
[################--------------------------------------------] 26.7%
Elapsed: 2.7m | Avg/Round: 20.0s | Last: 17.7s | Next: 20.0s | Remaining: 7.4m
ETA: 19:10:41
Recent round times: R1: 21.4s -> R2: 22.8s -> R3: 20.9s -> R4: 19.4s -> R5: 17.7s

  0%|          | 0/79 [00:00<?, ?it/s]
  3%|▎         | 2/79 [00:00<00:03, 19.48it/s]
  8%|▊         | 6/79 [00:00<00:02, 30.18it/s]
 14%|█▍        | 11/79 [00:00<00:02, 32.12it/s]
 19%|█▉        | 15/79 [00:00<00:01, 34.33it/s]
 24%|██▍       | 19/79 [00:00<00:01, 35.14it/s]
 29%|██▉       | 23/79 [00:00<00:01, 36.27it/s]
 34%|███▍      | 27/79 [00:00<00:01, 37.11it/s]
 39%|███▉      | 31/79 [00:00<00:01, 37.57it/s]
 44%|████▍     | 35/79 [00:00<00:01, 37.20it/s]
 49%|████▉     | 39/79 [00:01<00:01, 37.15it/s]
 54%|█████▍    | 43/79 [00:01<00:01, 32.24it/s]
 61%|██████    | 48/79 [00:01<00:00, 35.29it/s]
 66%|██████▌   | 52/79 [00:01<00:00, 34.22it/s]
 71%|███████   | 56/79 [00:01<00:00, 34.96it/s]
 76%|███████▌  | 60/79 [00:01<00:00, 34.89it/s]
 81%|████████  | 64/79 [00:01<00:00, 35.26it/s]
 86%|████████▌ | 68/79 [00:01<00:00, 35.70it/s]
 91%|█████████ | 72/79 [00:02<00:00, 36.38it/s]
 96%|█████████▌| 76/79 [00:02<00:00, 36.33it/s]
100%|██████████| 79/79 [00:02<00:00, 35.31it/s]

CommRound: 9/30
Accuracy: 80.67% | Loss: 0.7052
[##################------------------------------------------] 30.0%
Elapsed: 3.0m | Avg/Round: 20.3s | Last: 22.5s | Next: 20.3s | Remaining: 7.1m
ETA: 19:10:49
Recent round times: R1: 22.8s -> R2: 20.9s -> R3: 19.4s -> R4: 17.7s -> R5: 22.5s

  0%|          | 0/79 [00:00<?, ?it/s]
  4%|▍         | 3/79 [00:00<00:03, 19.68it/s]
  9%|▉         | 7/79 [00:00<00:02, 29.15it/s]
 14%|█▍        | 11/79 [00:00<00:02, 32.88it/s]
 19%|█▉        | 15/79 [00:00<00:01, 34.96it/s]
 24%|██▍       | 19/79 [00:00<00:01, 36.27it/s]
 29%|██▉       | 23/79 [00:00<00:01, 36.64it/s]
 34%|███▍      | 27/79 [00:00<00:01, 36.54it/s]
 39%|███▉      | 31/79 [00:00<00:01, 37.37it/s]
 44%|████▍     | 35/79 [00:00<00:01, 37.78it/s]
 49%|████▉     | 39/79 [00:01<00:01, 38.00it/s]
 54%|█████▍    | 43/79 [00:01<00:00, 38.18it/s]
 59%|█████▉    | 47/79 [00:01<00:00, 38.11it/s]
 65%|██████▍   | 51/79 [00:01<00:00, 38.18it/s]
 70%|██████▉   | 55/79 [00:01<00:00, 38.34it/s]
 75%|███████▍  | 59/79 [00:01<00:00, 37.69it/s]
 80%|███████▉  | 63/79 [00:01<00:00, 37.76it/s]
 85%|████████▍ | 67/79 [00:01<00:00, 37.71it/s]
 90%|████████▉ | 71/79 [00:01<00:00, 37.39it/s]
 95%|█████████▍| 75/79 [00:02<00:00, 37.61it/s]
100%|██████████| 79/79 [00:02<00:00, 37.14it/s]

CommRound: 10/30
Accuracy: 80.34% | Loss: 0.7282
[####################----------------------------------------] 33.3%
Elapsed: 3.3m | Avg/Round: 19.9s | Last: 16.5s | Next: 19.9s | Remaining: 6.6m
ETA: 19:10:37
Recent round times: R1: 20.9s -> R2: 19.4s -> R3: 17.7s -> R4: 22.5s -> R5: 16.5s

  0%|          | 0/79 [00:00<?, ?it/s]
  4%|▍         | 3/79 [00:00<00:03, 20.99it/s]
  9%|▉         | 7/79 [00:00<00:02, 29.60it/s]
 14%|█▍        | 11/79 [00:00<00:02, 33.11it/s]
 19%|█▉        | 15/79 [00:00<00:01, 35.21it/s]
 24%|██▍       | 19/79 [00:00<00:01, 36.53it/s]
 29%|██▉       | 23/79 [00:00<00:01, 37.41it/s]
 34%|███▍      | 27/79 [00:00<00:01, 37.98it/s]
 39%|███▉      | 31/79 [00:00<00:01, 38.37it/s]
 44%|████▍     | 35/79 [00:00<00:01, 38.37it/s]
 49%|████▉     | 39/79 [00:01<00:01, 38.30it/s]
 54%|█████▍    | 43/79 [00:01<00:00, 38.43it/s]
 59%|█████▉    | 47/79 [00:01<00:00, 38.24it/s]
 65%|██████▍   | 51/79 [00:01<00:00, 38.33it/s]
 70%|██████▉   | 55/79 [00:01<00:00, 38.21it/s]
 75%|███████▍  | 59/79 [00:01<00:00, 38.37it/s]
 80%|███████▉  | 63/79 [00:01<00:00, 38.56it/s]
 85%|████████▍ | 67/79 [00:01<00:00, 38.61it/s]
 90%|████████▉ | 71/79 [00:01<00:00, 38.32it/s]
 95%|█████████▍| 75/79 [00:02<00:00, 38.52it/s]
100%|██████████| 79/79 [00:02<00:00, 37.65it/s]

CommRound: 11/30
Accuracy: 80.33% | Loss: 0.7348
[######################--------------------------------------] 36.7%
Elapsed: 3.7m | Avg/Round: 20.0s | Last: 20.8s | Next: 20.0s | Remaining: 6.3m
ETA: 19:10:39
Recent round times: R1: 19.4s -> R2: 17.7s -> R3: 22.5s -> R4: 16.5s -> R5: 20.8s

  0%|          | 0/79 [00:00<?, ?it/s]
  4%|▍         | 3/79 [00:00<00:03, 20.02it/s]
  9%|▉         | 7/79 [00:00<00:02, 24.65it/s]
 14%|█▍        | 11/79 [00:00<00:02, 29.85it/s]
 19%|█▉        | 15/79 [00:00<00:02, 31.83it/s]
 24%|██▍       | 19/79 [00:00<00:01, 33.16it/s]
 29%|██▉       | 23/79 [00:00<00:01, 34.70it/s]
 34%|███▍      | 27/79 [00:00<00:01, 36.17it/s]
 39%|███▉      | 31/79 [00:00<00:01, 37.17it/s]
 44%|████▍     | 35/79 [00:01<00:01, 37.92it/s]
 49%|████▉     | 39/79 [00:01<00:01, 38.32it/s]
 54%|█████▍    | 43/79 [00:01<00:00, 37.60it/s]
 59%|█████▉    | 47/79 [00:01<00:00, 37.37it/s]
 65%|██████▍   | 51/79 [00:01<00:00, 37.18it/s]
 70%|██████▉   | 55/79 [00:01<00:00, 37.62it/s]
 75%|███████▍  | 59/79 [00:01<00:00, 37.66it/s]
 80%|███████▉  | 63/79 [00:01<00:00, 37.82it/s]
 85%|████████▍ | 67/79 [00:01<00:00, 37.84it/s]
 90%|████████▉ | 71/79 [00:01<00:00, 37.90it/s]
 95%|█████████▍| 75/79 [00:02<00:00, 38.00it/s]
100%|██████████| 79/79 [00:02<00:00, 36.05it/s]

CommRound: 12/30
Accuracy: 80.19% | Loss: 0.7553
[########################------------------------------------] 40.0%
Elapsed: 4.0m | Avg/Round: 19.8s | Last: 17.3s | Next: 19.8s | Remaining: 5.9m
ETA: 19:10:33
Recent round times: R1: 17.7s -> R2: 22.5s -> R3: 16.5s -> R4: 20.8s -> R5: 17.3s

  0%|          | 0/79 [00:00<?, ?it/s]
  4%|▍         | 3/79 [00:00<00:03, 20.73it/s]
  9%|▉         | 7/79 [00:00<00:02, 28.78it/s]
 14%|█▍        | 11/79 [00:00<00:02, 31.45it/s]
 19%|█▉        | 15/79 [00:00<00:01, 33.62it/s]
 24%|██▍       | 19/79 [00:00<00:01, 35.40it/s]
 29%|██▉       | 23/79 [00:00<00:01, 36.18it/s]
 34%|███▍      | 27/79 [00:00<00:01, 36.58it/s]
 39%|███▉      | 31/79 [00:00<00:01, 36.63it/s]
 44%|████▍     | 35/79 [00:01<00:01, 37.09it/s]
 49%|████▉     | 39/79 [00:01<00:01, 37.18it/s]
 54%|█████▍    | 43/79 [00:01<00:00, 37.32it/s]
 59%|█████▉    | 47/79 [00:01<00:00, 37.47it/s]
 65%|██████▍   | 51/79 [00:01<00:00, 37.61it/s]
 70%|██████▉   | 55/79 [00:01<00:00, 37.82it/s]
 75%|███████▍  | 59/79 [00:01<00:00, 37.86it/s]
 80%|███████▉  | 63/79 [00:01<00:00, 37.97it/s]
 85%|████████▍ | 67/79 [00:01<00:00, 38.07it/s]
 90%|████████▉ | 71/79 [00:01<00:00, 37.79it/s]
 95%|█████████▍| 75/79 [00:02<00:00, 37.67it/s]
100%|██████████| 79/79 [00:02<00:00, 36.98it/s]

CommRound: 13/30
Accuracy: 80.18% | Loss: 0.7668
[##########################----------------------------------] 43.3%
Elapsed: 4.3m | Avg/Round: 19.9s | Last: 21.8s | Next: 19.9s | Remaining: 5.7m
ETA: 19:10:37
Recent round times: R1: 22.5s -> R2: 16.5s -> R3: 20.8s -> R4: 17.3s -> R5: 21.8s

  0%|          | 0/79 [00:00<?, ?it/s]
  4%|▍         | 3/79 [00:00<00:03, 21.05it/s]
  9%|▉         | 7/79 [00:00<00:02, 29.31it/s]
 14%|█▍        | 11/79 [00:00<00:02, 32.92it/s]
 19%|█▉        | 15/79 [00:00<00:01, 34.62it/s]
 24%|██▍       | 19/79 [00:00<00:01, 35.76it/s]
 29%|██▉       | 23/79 [00:00<00:01, 36.54it/s]
 34%|███▍      | 27/79 [00:00<00:01, 36.97it/s]
 39%|███▉      | 31/79 [00:00<00:01, 37.54it/s]
 44%|████▍     | 35/79 [00:00<00:01, 37.86it/s]
 49%|████▉     | 39/79 [00:01<00:01, 37.92it/s]
 54%|█████▍    | 43/79 [00:01<00:00, 38.22it/s]
 59%|█████▉    | 47/79 [00:01<00:00, 38.50it/s]
 65%|██████▍   | 51/79 [00:01<00:00, 38.68it/s]
 70%|██████▉   | 55/79 [00:01<00:00, 38.19it/s]
 75%|███████▍  | 59/79 [00:01<00:00, 37.77it/s]
 80%|███████▉  | 63/79 [00:01<00:00, 37.01it/s]
 85%|████████▍ | 67/79 [00:01<00:00, 35.78it/s]
 90%|████████▉ | 71/79 [00:01<00:00, 36.28it/s]
 95%|█████████▍| 75/79 [00:02<00:00, 36.97it/s]
100%|██████████| 79/79 [00:02<00:00, 37.18it/s]
100%|██████████| 79/79 [00:02<00:00, 36.25it/s]

CommRound: 14/30
Accuracy: 80.22% | Loss: 0.7741
[############################--------------------------------] 46.7%
Elapsed: 4.6m | Avg/Round: 19.9s | Last: 19.2s | Next: 19.9s | Remaining: 5.3m
ETA: 19:10:36
Recent round times: R1: 16.5s -> R2: 20.8s -> R3: 17.3s -> R4: 21.8s -> R5: 19.2s
EARLY_STOP: round=14; best_acc=80.67; current_acc=80.22; threshold=90.00; patience=5; reason=converged_below_target
Total time for experiment: 278.4844765663147 seconds
Device average training time per communication round [s]:
    rpi (sld-rpi-09.ece.utexas.edu): 6.10 seconds
    mc1 (sld-mc1-09.ece.utexas.edu): 15.91 seconds
