Connecting to sld-rpi-09.ece.utexas.edu...
Successfully fetched dev0_pow_temp_log_exp216_run1.csv.
Connecting to sld-rpi-09.ece.utexas.edu...
Successfully fetched dev0_communication_log_exp216_run1.csv.
Connecting to sld-mc1-09.ece.utexas.edu...
Successfully fetched dev1_pow_temp_log_exp216_run1.csv.
Connecting to sld-mc1-09.ece.utexas.edu...
Successfully fetched dev1_communication_log_exp216_run1.csv.

Exp216
Experiment 216: 
	Global test accuracy [%]: 46.64 %
	No round found where all subsequent rounds have accuracy >= 90.00%.
	Average time per communication round [s]: 10.47 seconds
	Total wall clock time [s]: 157.87 seconds


Experiment 216:
	RPi avg. energy consumption per round [J]: 38.70 Joules
	MC1 avg. energy consumption per round [J]: 27.87 Joules
	Total avg. energy consumption per communication round [J]: 66.57 Joules
	Avg. amount of communicated data per communication round [MB]: 0.04 MB
	RPi avg. power consumption per round [W]: 5.37 Watts
	MC1 avg. power consumption per round [W]: 6.23 Watts
