
  0%|          | 0/79 [00:00<?, ?it/s]
  4%|▍         | 3/79 [00:00<00:03, 22.73it/s]
 10%|█         | 8/79 [00:00<00:01, 36.89it/s]
 16%|█▋        | 13/79 [00:00<00:01, 35.63it/s]
 23%|██▎       | 18/79 [00:00<00:01, 40.35it/s]
 29%|██▉       | 23/79 [00:00<00:01, 38.53it/s]
 35%|███▌      | 28/79 [00:00<00:01, 41.64it/s]
 42%|████▏     | 33/79 [00:00<00:01, 38.99it/s]
 48%|████▊     | 38/79 [00:00<00:00, 41.75it/s]
 54%|█████▍    | 43/79 [00:01<00:00, 40.50it/s]
 61%|██████    | 48/79 [00:01<00:00, 40.95it/s]
 67%|██████▋   | 53/79 [00:01<00:00, 41.41it/s]
 73%|███████▎  | 58/79 [00:01<00:00, 40.38it/s]
 80%|███████▉  | 63/79 [00:01<00:00, 41.82it/s]
 86%|████████▌ | 68/79 [00:01<00:00, 40.19it/s]
 92%|█████████▏| 73/79 [00:01<00:00, 42.55it/s]
 99%|█████████▊| 78/79 [00:01<00:00, 40.23it/s]
100%|██████████| 79/79 [00:01<00:00, 40.16it/s]
Initial Accuracy: 10.81%; Initial Loss: 2.3021

  0%|          | 0/79 [00:00<?, ?it/s]
  1%|▏         | 1/79 [00:00<00:08,  8.89it/s]
  9%|▉         | 7/79 [00:00<00:02, 32.44it/s]
 14%|█▍        | 11/79 [00:00<00:02, 33.94it/s]
 19%|█▉        | 15/79 [00:00<00:01, 34.78it/s]
 24%|██▍       | 19/79 [00:00<00:01, 35.35it/s]
 29%|██▉       | 23/79 [00:00<00:01, 36.26it/s]
 34%|███▍      | 27/79 [00:00<00:01, 36.76it/s]
 39%|███▉      | 31/79 [00:00<00:01, 37.18it/s]
 44%|████▍     | 35/79 [00:00<00:01, 37.53it/s]
 49%|████▉     | 39/79 [00:01<00:01, 37.63it/s]
 57%|█████▋    | 45/79 [00:01<00:00, 39.14it/s]
 65%|██████▍   | 51/79 [00:01<00:00, 40.19it/s]
 72%|███████▏  | 57/79 [00:01<00:00, 40.79it/s]
 80%|███████▉  | 63/79 [00:01<00:00, 41.29it/s]
 87%|████████▋ | 69/79 [00:01<00:00, 41.44it/s]
 95%|█████████▍| 75/79 [00:01<00:00, 41.76it/s]
100%|██████████| 79/79 [00:02<00:00, 39.10it/s]

CommRound: 1/30
Accuracy: 53.41% | Loss: 1.3519
[##----------------------------------------------------------] 3.3%
Elapsed: 0.2m | Avg/Round: 12.0s | Last: 10.1s | Next: 12.0s | Remaining: 5.8m
ETA: 18:21:43
Recent round times: R1: 10.1s

  0%|          | 0/79 [00:00<?, ?it/s]
  1%|▏         | 1/79 [00:00<00:07,  9.95it/s]
  9%|▉         | 7/79 [00:00<00:02, 33.08it/s]
 15%|█▌        | 12/79 [00:00<00:01, 39.61it/s]
 20%|██        | 16/79 [00:00<00:01, 39.45it/s]
 25%|██▌       | 20/79 [00:00<00:01, 37.77it/s]
 30%|███       | 24/79 [00:00<00:01, 36.98it/s]
 35%|███▌      | 28/79 [00:00<00:01, 36.74it/s]
 41%|████      | 32/79 [00:00<00:01, 36.55it/s]
 46%|████▌     | 36/79 [00:00<00:01, 36.67it/s]
 51%|█████     | 40/79 [00:01<00:01, 36.74it/s]
 56%|█████▌    | 44/79 [00:01<00:00, 37.11it/s]
 61%|██████    | 48/79 [00:01<00:00, 37.51it/s]
 66%|██████▌   | 52/79 [00:01<00:00, 37.90it/s]
 71%|███████   | 56/79 [00:01<00:00, 37.49it/s]
 76%|███████▌  | 60/79 [00:01<00:00, 37.08it/s]
 81%|████████  | 64/79 [00:01<00:00, 36.87it/s]
 86%|████████▌ | 68/79 [00:01<00:00, 36.74it/s]
 94%|█████████▎| 74/79 [00:02<00:00, 38.20it/s]
100%|██████████| 79/79 [00:02<00:00, 41.19it/s]
100%|██████████| 79/79 [00:02<00:00, 37.33it/s]

CommRound: 2/30
Accuracy: 78.53% | Loss: 0.6869
[####--------------------------------------------------------] 6.7%
Elapsed: 0.4m | Avg/Round: 11.1s | Last: 10.2s | Next: 11.1s | Remaining: 5.2m
ETA: 18:21:16
Recent round times: R1: 10.1s -> R2: 10.2s

  0%|          | 0/79 [00:00<?, ?it/s]
  1%|▏         | 1/79 [00:00<00:08,  9.18it/s]
  9%|▉         | 7/79 [00:00<00:02, 34.35it/s]
 15%|█▌        | 12/79 [00:00<00:01, 37.64it/s]
 20%|██        | 16/79 [00:00<00:01, 37.26it/s]
 27%|██▋       | 21/79 [00:00<00:01, 40.76it/s]
 33%|███▎      | 26/79 [00:00<00:01, 39.18it/s]
 39%|███▉      | 31/79 [00:00<00:01, 42.05it/s]
 46%|████▌     | 36/79 [00:00<00:01, 39.65it/s]
 52%|█████▏    | 41/79 [00:01<00:00, 42.36it/s]
 58%|█████▊    | 46/79 [00:01<00:00, 40.02it/s]
 65%|██████▍   | 51/79 [00:01<00:00, 41.86it/s]
 71%|███████   | 56/79 [00:01<00:00, 39.90it/s]
 77%|███████▋  | 61/79 [00:01<00:00, 41.40it/s]
 84%|████████▎ | 66/79 [00:01<00:00, 39.83it/s]
 90%|████████▉ | 71/79 [00:01<00:00, 41.05it/s]
 96%|█████████▌| 76/79 [00:01<00:00, 39.90it/s]
100%|██████████| 79/79 [00:01<00:00, 39.62it/s]

CommRound: 3/30
Accuracy: 86.35% | Loss: 0.4587
[######------------------------------------------------------] 10.0%
Elapsed: 0.5m | Avg/Round: 10.8s | Last: 10.1s | Next: 10.8s | Remaining: 4.9m
ETA: 18:21:05
Recent round times: R1: 10.1s -> R2: 10.2s -> R3: 10.1s

  0%|          | 0/79 [00:00<?, ?it/s]
  1%|▏         | 1/79 [00:00<00:08,  9.50it/s]
  9%|▉         | 7/79 [00:00<00:02, 29.93it/s]
 14%|█▍        | 11/79 [00:00<00:02, 31.90it/s]
 19%|█▉        | 15/79 [00:00<00:01, 32.76it/s]
 24%|██▍       | 19/79 [00:00<00:01, 33.38it/s]
 29%|██▉       | 23/79 [00:00<00:01, 33.77it/s]
 34%|███▍      | 27/79 [00:00<00:01, 34.28it/s]
 39%|███▉      | 31/79 [00:00<00:01, 34.43it/s]
 44%|████▍     | 35/79 [00:01<00:01, 34.87it/s]
 49%|████▉     | 39/79 [00:01<00:01, 35.06it/s]
 54%|█████▍    | 43/79 [00:01<00:01, 34.84it/s]
 59%|█████▉    | 47/79 [00:01<00:00, 34.79it/s]
 65%|██████▍   | 51/79 [00:01<00:00, 35.15it/s]
 70%|██████▉   | 55/79 [00:01<00:00, 35.04it/s]
 75%|███████▍  | 59/79 [00:01<00:00, 35.38it/s]
 80%|███████▉  | 63/79 [00:01<00:00, 35.13it/s]
 85%|████████▍ | 67/79 [00:01<00:00, 35.94it/s]
 90%|████████▉ | 71/79 [00:02<00:00, 36.26it/s]
 95%|█████████▍| 75/79 [00:02<00:00, 36.33it/s]
100%|██████████| 79/79 [00:02<00:00, 35.07it/s]

CommRound: 4/30
Accuracy: 88.08% | Loss: 0.3895
[########----------------------------------------------------] 13.3%
Elapsed: 0.7m | Avg/Round: 10.7s | Last: 10.4s | Next: 10.7s | Remaining: 4.6m
ETA: 18:21:02
Recent round times: R1: 10.1s -> R2: 10.2s -> R3: 10.1s -> R4: 10.4s

  0%|          | 0/79 [00:00<?, ?it/s]
  1%|▏         | 1/79 [00:00<00:08,  9.12it/s]
  9%|▉         | 7/79 [00:00<00:02, 31.74it/s]
 14%|█▍        | 11/79 [00:00<00:02, 31.55it/s]
 19%|█▉        | 15/79 [00:00<00:02, 31.81it/s]
 24%|██▍       | 19/79 [00:00<00:01, 33.11it/s]
 29%|██▉       | 23/79 [00:00<00:01, 34.52it/s]
 34%|███▍      | 27/79 [00:00<00:01, 35.31it/s]
 39%|███▉      | 31/79 [00:00<00:01, 36.36it/s]
 44%|████▍     | 35/79 [00:01<00:01, 37.09it/s]
 49%|████▉     | 39/79 [00:01<00:01, 37.69it/s]
 54%|█████▍    | 43/79 [00:01<00:00, 38.02it/s]
 59%|█████▉    | 47/79 [00:01<00:00, 38.40it/s]
 65%|██████▍   | 51/79 [00:01<00:00, 38.76it/s]
 70%|██████▉   | 55/79 [00:01<00:00, 38.70it/s]
 75%|███████▍  | 59/79 [00:01<00:00, 38.83it/s]
 80%|███████▉  | 63/79 [00:01<00:00, 38.92it/s]
 85%|████████▍ | 67/79 [00:01<00:00, 39.00it/s]
 90%|████████▉ | 71/79 [00:01<00:00, 39.12it/s]
 95%|█████████▍| 75/79 [00:02<00:00, 39.04it/s]
100%|██████████| 79/79 [00:02<00:00, 37.01it/s]

CommRound: 5/30
Accuracy: 88.33% | Loss: 0.4036
[##########--------------------------------------------------] 16.7%
Elapsed: 0.9m | Avg/Round: 10.6s | Last: 10.1s | Next: 10.6s | Remaining: 4.4m
ETA: 18:20:59
Recent round times: R1: 10.1s -> R2: 10.2s -> R3: 10.1s -> R4: 10.4s -> R5: 10.1s

  0%|          | 0/79 [00:00<?, ?it/s]
  1%|▏         | 1/79 [00:00<00:08,  9.19it/s]
  9%|▉         | 7/79 [00:00<00:02, 30.49it/s]
 14%|█▍        | 11/79 [00:00<00:02, 34.00it/s]
 20%|██        | 16/79 [00:00<00:01, 39.41it/s]
 27%|██▋       | 21/79 [00:00<00:01, 37.46it/s]
 33%|███▎      | 26/79 [00:00<00:01, 41.08it/s]
 39%|███▉      | 31/79 [00:00<00:01, 38.90it/s]
 47%|████▋     | 37/79 [00:00<00:01, 40.52it/s]
 53%|█████▎    | 42/79 [00:01<00:00, 42.00it/s]
 59%|█████▉    | 47/79 [00:01<00:00, 40.10it/s]
 66%|██████▌   | 52/79 [00:01<00:00, 41.08it/s]
 72%|███████▏  | 57/79 [00:01<00:00, 39.99it/s]
 78%|███████▊  | 62/79 [00:01<00:00, 40.82it/s]
 85%|████████▍ | 67/79 [00:01<00:00, 39.40it/s]
 91%|█████████ | 72/79 [00:01<00:00, 40.76it/s]
 97%|█████████▋| 77/79 [00:01<00:00, 39.33it/s]
100%|██████████| 79/79 [00:02<00:00, 39.36it/s]

CommRound: 6/30
Accuracy: 87.67% | Loss: 0.4353
[############------------------------------------------------] 20.0%
Elapsed: 1.0m | Avg/Round: 10.5s | Last: 9.9s | Next: 10.5s | Remaining: 4.2m
ETA: 18:20:56
Recent round times: R1: 10.2s -> R2: 10.1s -> R3: 10.4s -> R4: 10.1s -> R5: 9.9s

  0%|          | 0/79 [00:00<?, ?it/s]
  1%|▏         | 1/79 [00:00<00:09,  8.60it/s]
  9%|▉         | 7/79 [00:00<00:02, 32.24it/s]
 14%|█▍        | 11/79 [00:00<00:02, 33.56it/s]
 19%|█▉        | 15/79 [00:00<00:01, 33.78it/s]
 24%|██▍       | 19/79 [00:00<00:01, 34.39it/s]
 32%|███▏      | 25/79 [00:00<00:01, 37.48it/s]
 39%|███▉      | 31/79 [00:00<00:01, 38.86it/s]
 46%|████▌     | 36/79 [00:00<00:01, 41.68it/s]
 52%|█████▏    | 41/79 [00:01<00:01, 35.51it/s]
 58%|█████▊    | 46/79 [00:01<00:00, 38.97it/s]
 65%|██████▍   | 51/79 [00:01<00:00, 37.42it/s]
 72%|███████▏  | 57/79 [00:01<00:00, 38.53it/s]
 80%|███████▉  | 63/79 [00:01<00:00, 39.73it/s]
 87%|████████▋ | 69/79 [00:01<00:00, 40.75it/s]
 95%|█████████▍| 75/79 [00:01<00:00, 41.28it/s]
100%|██████████| 79/79 [00:02<00:00, 38.60it/s]

CommRound: 7/30
Accuracy: 88.71% | Loss: 0.4040
[##############----------------------------------------------] 23.3%
Elapsed: 1.2m | Avg/Round: 10.4s | Last: 10.1s | Next: 10.4s | Remaining: 4.0m
ETA: 18:20:54
Recent round times: R1: 10.1s -> R2: 10.4s -> R3: 10.1s -> R4: 9.9s -> R5: 10.1s

  0%|          | 0/79 [00:00<?, ?it/s]
  1%|▏         | 1/79 [00:00<00:07,  9.93it/s]
  8%|▊         | 6/79 [00:00<00:02, 31.06it/s]
 13%|█▎        | 10/79 [00:00<00:02, 32.25it/s]
 18%|█▊        | 14/79 [00:00<00:01, 33.03it/s]
 23%|██▎       | 18/79 [00:00<00:01, 33.71it/s]
 28%|██▊       | 22/79 [00:00<00:01, 34.18it/s]
 33%|███▎      | 26/79 [00:00<00:01, 35.70it/s]
 38%|███▊      | 30/79 [00:00<00:01, 36.92it/s]
 46%|████▌     | 36/79 [00:01<00:01, 38.85it/s]
 52%|█████▏    | 41/79 [00:01<00:00, 41.75it/s]
 58%|█████▊    | 46/79 [00:01<00:00, 39.17it/s]
 65%|██████▍   | 51/79 [00:01<00:00, 37.81it/s]
 71%|███████   | 56/79 [00:01<00:00, 38.90it/s]
 76%|███████▌  | 60/79 [00:01<00:00, 37.77it/s]
 81%|████████  | 64/79 [00:01<00:00, 36.94it/s]
 86%|████████▌ | 68/79 [00:01<00:00, 36.55it/s]
 91%|█████████ | 72/79 [00:01<00:00, 36.33it/s]
 96%|█████████▌| 76/79 [00:02<00:00, 35.76it/s]
100%|██████████| 79/79 [00:02<00:00, 36.33it/s]

CommRound: 8/30
Accuracy: 89.41% | Loss: 0.3838
[################--------------------------------------------] 26.7%
Elapsed: 1.4m | Avg/Round: 10.4s | Last: 10.4s | Next: 10.4s | Remaining: 3.8m
ETA: 18:20:54
Recent round times: R1: 10.4s -> R2: 10.1s -> R3: 9.9s -> R4: 10.1s -> R5: 10.4s

  0%|          | 0/79 [00:00<?, ?it/s]
  1%|▏         | 1/79 [00:00<00:09,  8.53it/s]
  9%|▉         | 7/79 [00:00<00:02, 33.95it/s]
 15%|█▌        | 12/79 [00:00<00:01, 40.36it/s]
 22%|██▏       | 17/79 [00:00<00:01, 38.96it/s]
 28%|██▊       | 22/79 [00:00<00:01, 40.43it/s]
 34%|███▍      | 27/79 [00:00<00:01, 38.41it/s]
 41%|████      | 32/79 [00:00<00:01, 41.41it/s]
 47%|████▋     | 37/79 [00:00<00:01, 39.70it/s]
 53%|█████▎    | 42/79 [00:01<00:00, 41.76it/s]
 59%|█████▉    | 47/79 [00:01<00:00, 40.73it/s]
 66%|██████▌   | 52/79 [00:01<00:00, 41.08it/s]
 72%|███████▏  | 57/79 [00:01<00:00, 41.38it/s]
 78%|███████▊  | 62/79 [00:01<00:00, 40.12it/s]
 85%|████████▍ | 67/79 [00:01<00:00, 41.92it/s]
 91%|█████████ | 72/79 [00:01<00:00, 39.73it/s]
 99%|█████████▊| 78/79 [00:01<00:00, 40.31it/s]
100%|██████████| 79/79 [00:01<00:00, 39.79it/s]

CommRound: 9/30
Accuracy: 89.31% | Loss: 0.3912
[##################------------------------------------------] 30.0%
Elapsed: 1.6m | Avg/Round: 10.4s | Last: 10.2s | Next: 10.4s | Remaining: 3.6m
ETA: 18:20:53
Recent round times: R1: 10.1s -> R2: 9.9s -> R3: 10.1s -> R4: 10.4s -> R5: 10.2s

  0%|          | 0/79 [00:00<?, ?it/s]
  1%|▏         | 1/79 [00:00<00:10,  7.64it/s]
  9%|▉         | 7/79 [00:00<00:02, 32.24it/s]
 16%|█▋        | 13/79 [00:00<00:01, 36.72it/s]
 24%|██▍       | 19/79 [00:00<00:01, 38.70it/s]
 32%|███▏      | 25/79 [00:00<00:01, 39.86it/s]
 38%|███▊      | 30/79 [00:00<00:01, 42.51it/s]
 44%|████▍     | 35/79 [00:00<00:01, 40.03it/s]
 51%|█████     | 40/79 [00:01<00:00, 42.50it/s]
 57%|█████▋    | 45/79 [00:01<00:00, 39.93it/s]
 65%|██████▍   | 51/79 [00:01<00:00, 40.57it/s]
 72%|███████▏  | 57/79 [00:01<00:00, 41.38it/s]
 80%|███████▉  | 63/79 [00:01<00:00, 41.63it/s]
 87%|████████▋ | 69/79 [00:01<00:00, 40.70it/s]
 94%|█████████▎| 74/79 [00:01<00:00, 41.11it/s]
100%|██████████| 79/79 [00:01<00:00, 39.90it/s]

CommRound: 10/30
Accuracy: 89.34% | Loss: 0.3891
[####################----------------------------------------] 33.3%
Elapsed: 1.7m | Avg/Round: 10.4s | Last: 10.6s | Next: 10.4s | Remaining: 3.5m
ETA: 18:20:54
Recent round times: R1: 9.9s -> R2: 10.1s -> R3: 10.4s -> R4: 10.2s -> R5: 10.6s

  0%|          | 0/79 [00:00<?, ?it/s]
  3%|▎         | 2/79 [00:00<00:04, 19.19it/s]
  9%|▉         | 7/79 [00:00<00:02, 30.46it/s]
 14%|█▍        | 11/79 [00:00<00:02, 32.80it/s]
 22%|██▏       | 17/79 [00:00<00:01, 36.71it/s]
 28%|██▊       | 22/79 [00:00<00:01, 40.56it/s]
 34%|███▍      | 27/79 [00:00<00:01, 38.10it/s]
 41%|████      | 32/79 [00:00<00:01, 41.24it/s]
 47%|████▋     | 37/79 [00:00<00:01, 38.83it/s]
 53%|█████▎    | 42/79 [00:01<00:00, 41.65it/s]
 59%|█████▉    | 47/79 [00:01<00:00, 38.86it/s]
 67%|██████▋   | 53/79 [00:01<00:00, 39.60it/s]
 73%|███████▎  | 58/79 [00:01<00:00, 41.95it/s]
 80%|███████▉  | 63/79 [00:01<00:00, 39.63it/s]
 86%|████████▌ | 68/79 [00:01<00:00, 40.22it/s]
 92%|█████████▏| 73/79 [00:01<00:00, 38.73it/s]
100%|██████████| 79/79 [00:01<00:00, 43.93it/s]
100%|██████████| 79/79 [00:02<00:00, 39.41it/s]

CommRound: 11/30
Accuracy: 89.39% | Loss: 0.3904
[######################--------------------------------------] 36.7%
Elapsed: 1.9m | Avg/Round: 10.4s | Last: 10.3s | Next: 10.4s | Remaining: 3.3m
ETA: 18:20:54
Recent round times: R1: 10.1s -> R2: 10.4s -> R3: 10.2s -> R4: 10.6s -> R5: 10.3s

  0%|          | 0/79 [00:00<?, ?it/s]
  3%|▎         | 2/79 [00:00<00:04, 18.97it/s]
  9%|▉         | 7/79 [00:00<00:02, 31.27it/s]
 15%|█▌        | 12/79 [00:00<00:01, 38.56it/s]
 20%|██        | 16/79 [00:00<00:01, 38.98it/s]
 27%|██▋       | 21/79 [00:00<00:01, 37.39it/s]
 34%|███▍      | 27/79 [00:00<00:01, 38.99it/s]
 42%|████▏     | 33/79 [00:00<00:01, 39.80it/s]
 49%|████▉     | 39/79 [00:01<00:00, 40.39it/s]
 57%|█████▋    | 45/79 [00:01<00:00, 40.70it/s]
 65%|██████▍   | 51/79 [00:01<00:00, 40.94it/s]
 72%|███████▏  | 57/79 [00:01<00:00, 40.92it/s]
 80%|███████▉  | 63/79 [00:01<00:00, 41.16it/s]
 87%|████████▋ | 69/79 [00:01<00:00, 41.29it/s]
 95%|█████████▍| 75/79 [00:01<00:00, 41.28it/s]
100%|██████████| 79/79 [00:01<00:00, 40.42it/s]

CommRound: 12/30
Accuracy: 89.50% | Loss: 0.3907
[########################------------------------------------] 40.0%
Elapsed: 2.1m | Avg/Round: 10.4s | Last: 9.9s | Next: 10.4s | Remaining: 3.1m
ETA: 18:20:52
Recent round times: R1: 10.4s -> R2: 10.2s -> R3: 10.6s -> R4: 10.3s -> R5: 9.9s

  0%|          | 0/79 [00:00<?, ?it/s]
  1%|▏         | 1/79 [00:00<00:08,  8.78it/s]
  9%|▉         | 7/79 [00:00<00:02, 29.68it/s]
 14%|█▍        | 11/79 [00:00<00:02, 32.79it/s]
 19%|█▉        | 15/79 [00:00<00:01, 34.33it/s]
 24%|██▍       | 19/79 [00:00<00:01, 35.25it/s]
 29%|██▉       | 23/79 [00:00<00:01, 35.80it/s]
 34%|███▍      | 27/79 [00:00<00:01, 36.05it/s]
 39%|███▉      | 31/79 [00:00<00:01, 36.33it/s]
 44%|████▍     | 35/79 [00:01<00:01, 36.62it/s]
 49%|████▉     | 39/79 [00:01<00:01, 36.15it/s]
 54%|█████▍    | 43/79 [00:01<00:00, 36.54it/s]
 59%|█████▉    | 47/79 [00:01<00:00, 37.17it/s]
 67%|██████▋   | 53/79 [00:01<00:00, 38.71it/s]
 75%|███████▍  | 59/79 [00:01<00:00, 39.61it/s]
 81%|████████  | 64/79 [00:01<00:00, 41.82it/s]
 87%|████████▋ | 69/79 [00:01<00:00, 39.70it/s]
 95%|█████████▍| 75/79 [00:02<00:00, 40.27it/s]
100%|██████████| 79/79 [00:02<00:00, 37.72it/s]

CommRound: 13/30
Accuracy: 89.57% | Loss: 0.3909
[##########################----------------------------------] 43.3%
Elapsed: 2.3m | Avg/Round: 10.4s | Last: 10.7s | Next: 10.4s | Remaining: 2.9m
ETA: 18:20:53
Recent round times: R1: 10.2s -> R2: 10.6s -> R3: 10.3s -> R4: 9.9s -> R5: 10.7s

  0%|          | 0/79 [00:00<?, ?it/s]
  1%|▏         | 1/79 [00:00<00:08,  9.58it/s]
  9%|▉         | 7/79 [00:00<00:02, 31.95it/s]
 16%|█▋        | 13/79 [00:00<00:01, 36.36it/s]
 22%|██▏       | 17/79 [00:00<00:01, 37.48it/s]
 28%|██▊       | 22/79 [00:00<00:01, 41.31it/s]
 34%|███▍      | 27/79 [00:00<00:01, 38.49it/s]
 41%|████      | 32/79 [00:00<00:01, 39.95it/s]
 47%|████▋     | 37/79 [00:00<00:01, 39.45it/s]
 53%|█████▎    | 42/79 [00:01<00:00, 38.79it/s]
 58%|█████▊    | 46/79 [00:01<00:00, 38.93it/s]
 65%|██████▍   | 51/79 [00:01<00:00, 41.85it/s]
 71%|███████   | 56/79 [00:01<00:00, 39.05it/s]
 76%|███████▌  | 60/79 [00:01<00:00, 37.55it/s]
 81%|████████  | 64/79 [00:01<00:00, 37.75it/s]
 86%|████████▌ | 68/79 [00:01<00:00, 37.58it/s]
 91%|█████████ | 72/79 [00:01<00:00, 37.16it/s]
 96%|█████████▌| 76/79 [00:02<00:00, 36.94it/s]
100%|██████████| 79/79 [00:02<00:00, 37.80it/s]

CommRound: 14/30
Accuracy: 89.72% | Loss: 0.3906
[############################--------------------------------] 46.7%
Elapsed: 2.4m | Avg/Round: 10.4s | Last: 10.4s | Next: 10.4s | Remaining: 2.8m
ETA: 18:20:53
Recent round times: R1: 10.6s -> R2: 10.3s -> R3: 9.9s -> R4: 10.7s -> R5: 10.4s

  0%|          | 0/79 [00:00<?, ?it/s]
  1%|▏         | 1/79 [00:00<00:08,  9.44it/s]
  9%|▉         | 7/79 [00:00<00:02, 27.32it/s]
 16%|█▋        | 13/79 [00:00<00:01, 33.52it/s]
 22%|██▏       | 17/79 [00:00<00:01, 34.33it/s]
 27%|██▋       | 21/79 [00:00<00:01, 35.03it/s]
 32%|███▏      | 25/79 [00:00<00:01, 35.44it/s]
 37%|███▋      | 29/79 [00:00<00:01, 36.01it/s]
 42%|████▏     | 33/79 [00:00<00:01, 36.45it/s]
 47%|████▋     | 37/79 [00:01<00:01, 36.75it/s]
 52%|█████▏    | 41/79 [00:01<00:01, 36.12it/s]
 57%|█████▋    | 45/79 [00:01<00:00, 35.20it/s]
 62%|██████▏   | 49/79 [00:01<00:00, 34.97it/s]
 67%|██████▋   | 53/79 [00:01<00:00, 34.82it/s]
 72%|███████▏  | 57/79 [00:01<00:00, 34.74it/s]
 77%|███████▋  | 61/79 [00:01<00:00, 35.25it/s]
 82%|████████▏ | 65/79 [00:01<00:00, 35.59it/s]
 87%|████████▋ | 69/79 [00:01<00:00, 36.18it/s]
 92%|█████████▏| 73/79 [00:02<00:00, 36.62it/s]
 97%|█████████▋| 77/79 [00:02<00:00, 36.76it/s]
100%|██████████| 79/79 [00:02<00:00, 35.55it/s]

CommRound: 15/30
Accuracy: 89.79% | Loss: 0.3909
[##############################------------------------------] 50.0%
Elapsed: 2.6m | Avg/Round: 10.4s | Last: 10.4s | Next: 10.4s | Remaining: 2.6m
ETA: 18:20:53
Recent round times: R1: 10.3s -> R2: 9.9s -> R3: 10.7s -> R4: 10.4s -> R5: 10.4s

  0%|          | 0/79 [00:00<?, ?it/s]
  3%|▎         | 2/79 [00:00<00:04, 19.16it/s]
  9%|▉         | 7/79 [00:00<00:02, 31.39it/s]
 14%|█▍        | 11/79 [00:00<00:01, 34.31it/s]
 20%|██        | 16/79 [00:00<00:01, 36.84it/s]
 25%|██▌       | 20/79 [00:00<00:01, 37.51it/s]
 30%|███       | 24/79 [00:00<00:01, 37.99it/s]
 35%|███▌      | 28/79 [00:00<00:01, 38.18it/s]
 42%|████▏     | 33/79 [00:00<00:01, 40.45it/s]
 48%|████▊     | 38/79 [00:01<00:01, 38.49it/s]
 54%|█████▍    | 43/79 [00:01<00:00, 41.42it/s]
 61%|██████    | 48/79 [00:01<00:00, 38.69it/s]
 67%|██████▋   | 53/79 [00:01<00:00, 41.38it/s]
 73%|███████▎  | 58/79 [00:01<00:00, 37.41it/s]
 78%|███████▊  | 62/79 [00:01<00:00, 37.21it/s]
 84%|████████▎ | 66/79 [00:01<00:00, 37.08it/s]
 89%|████████▊ | 70/79 [00:01<00:00, 35.53it/s]
 95%|█████████▍| 75/79 [00:01<00:00, 39.04it/s]
100%|██████████| 79/79 [00:02<00:00, 37.67it/s]

CommRound: 16/30
Accuracy: 89.81% | Loss: 0.3913
[################################----------------------------] 53.3%
Elapsed: 2.8m | Avg/Round: 10.4s | Last: 10.1s | Next: 10.4s | Remaining: 2.4m
ETA: 18:20:53
Recent round times: R1: 9.9s -> R2: 10.7s -> R3: 10.4s -> R4: 10.4s -> R5: 10.1s

  0%|          | 0/79 [00:00<?, ?it/s]
  1%|▏         | 1/79 [00:00<00:08,  9.16it/s]
  9%|▉         | 7/79 [00:00<00:02, 30.45it/s]
 14%|█▍        | 11/79 [00:00<00:02, 32.96it/s]
 19%|█▉        | 15/79 [00:00<00:01, 35.28it/s]
 24%|██▍       | 19/79 [00:00<00:01, 35.15it/s]
 29%|██▉       | 23/79 [00:00<00:01, 36.52it/s]
 35%|███▌      | 28/79 [00:00<00:01, 40.34it/s]
 42%|████▏     | 33/79 [00:00<00:01, 37.46it/s]
 47%|████▋     | 37/79 [00:01<00:01, 38.07it/s]
 52%|█████▏    | 41/79 [00:01<00:00, 38.44it/s]
 57%|█████▋    | 45/79 [00:01<00:00, 38.30it/s]
 62%|██████▏   | 49/79 [00:01<00:00, 37.97it/s]
 67%|██████▋   | 53/79 [00:01<00:00, 38.04it/s]
 72%|███████▏  | 57/79 [00:01<00:00, 38.17it/s]
 77%|███████▋  | 61/79 [00:01<00:00, 38.42it/s]
 82%|████████▏ | 65/79 [00:01<00:00, 38.28it/s]
 87%|████████▋ | 69/79 [00:01<00:00, 38.55it/s]
 92%|█████████▏| 73/79 [00:01<00:00, 37.74it/s]
 97%|█████████▋| 77/79 [00:02<00:00, 37.41it/s]
100%|██████████| 79/79 [00:02<00:00, 37.43it/s]

CommRound: 17/30
Accuracy: 89.83% | Loss: 0.3914
[##################################--------------------------] 56.7%
Elapsed: 2.9m | Avg/Round: 10.4s | Last: 10.6s | Next: 10.4s | Remaining: 2.3m
ETA: 18:20:53
Recent round times: R1: 10.7s -> R2: 10.4s -> R3: 10.4s -> R4: 10.1s -> R5: 10.6s

  0%|          | 0/79 [00:00<?, ?it/s]
  1%|▏         | 1/79 [00:00<00:08,  9.63it/s]
  9%|▉         | 7/79 [00:00<00:02, 32.64it/s]
 15%|█▌        | 12/79 [00:00<00:01, 38.28it/s]
 22%|██▏       | 17/79 [00:00<00:01, 37.98it/s]
 28%|██▊       | 22/79 [00:00<00:01, 39.08it/s]
 33%|███▎      | 26/79 [00:00<00:01, 38.98it/s]
 39%|███▉      | 31/79 [00:00<00:01, 40.46it/s]
 46%|████▌     | 36/79 [00:00<00:01, 39.38it/s]
 52%|█████▏    | 41/79 [00:01<00:00, 41.63it/s]
 58%|█████▊    | 46/79 [00:01<00:00, 39.84it/s]
 65%|██████▍   | 51/79 [00:01<00:00, 42.40it/s]
 71%|███████   | 56/79 [00:01<00:00, 39.85it/s]
 77%|███████▋  | 61/79 [00:01<00:00, 41.44it/s]
 84%|████████▎ | 66/79 [00:01<00:00, 37.84it/s]
 89%|████████▊ | 70/79 [00:01<00:00, 37.71it/s]
 94%|█████████▎| 74/79 [00:01<00:00, 37.30it/s]
 99%|█████████▊| 78/79 [00:02<00:00, 37.59it/s]
100%|██████████| 79/79 [00:02<00:00, 38.64it/s]

CommRound: 18/30
Accuracy: 89.84% | Loss: 0.3920
[####################################------------------------] 60.0%
Elapsed: 3.1m | Avg/Round: 10.4s | Last: 10.1s | Next: 10.4s | Remaining: 2.1m
ETA: 18:20:53
Recent round times: R1: 10.4s -> R2: 10.4s -> R3: 10.1s -> R4: 10.6s -> R5: 10.1s

  0%|          | 0/79 [00:00<?, ?it/s]
  3%|▎         | 2/79 [00:00<00:04, 18.20it/s]
  9%|▉         | 7/79 [00:00<00:02, 30.69it/s]
 15%|█▌        | 12/79 [00:00<00:01, 38.51it/s]
 20%|██        | 16/79 [00:00<00:01, 38.96it/s]
 27%|██▋       | 21/79 [00:00<00:01, 37.58it/s]
 34%|███▍      | 27/79 [00:00<00:01, 39.04it/s]
 42%|████▏     | 33/79 [00:00<00:01, 39.99it/s]
 48%|████▊     | 38/79 [00:00<00:00, 42.57it/s]
 54%|█████▍    | 43/79 [00:01<00:00, 39.87it/s]
 62%|██████▏   | 49/79 [00:01<00:00, 40.30it/s]
 70%|██████▉   | 55/79 [00:01<00:00, 40.70it/s]
 77%|███████▋  | 61/79 [00:01<00:00, 41.00it/s]
 84%|████████▎ | 66/79 [00:01<00:00, 43.12it/s]
 90%|████████▉ | 71/79 [00:01<00:00, 40.57it/s]
 97%|█████████▋| 77/79 [00:01<00:00, 40.87it/s]
100%|██████████| 79/79 [00:01<00:00, 40.39it/s]

CommRound: 19/30
Accuracy: 89.85% | Loss: 0.3923
[######################################----------------------] 63.3%
Elapsed: 3.3m | Avg/Round: 10.4s | Last: 10.2s | Next: 10.4s | Remaining: 1.9m
ETA: 18:20:52
Recent round times: R1: 10.4s -> R2: 10.1s -> R3: 10.6s -> R4: 10.1s -> R5: 10.2s

  0%|          | 0/79 [00:00<?, ?it/s]
  1%|▏         | 1/79 [00:00<00:08,  8.76it/s]
  9%|▉         | 7/79 [00:00<00:02, 29.97it/s]
 14%|█▍        | 11/79 [00:00<00:02, 33.55it/s]
 19%|█▉        | 15/79 [00:00<00:01, 35.27it/s]
 24%|██▍       | 19/79 [00:00<00:01, 35.50it/s]
 29%|██▉       | 23/79 [00:00<00:01, 36.26it/s]
 37%|███▋      | 29/79 [00:00<00:01, 38.25it/s]
 43%|████▎     | 34/79 [00:00<00:01, 41.33it/s]
 49%|████▉     | 39/79 [00:01<00:01, 39.32it/s]
 57%|█████▋    | 45/79 [00:01<00:00, 39.98it/s]
 63%|██████▎   | 50/79 [00:01<00:00, 42.48it/s]
 70%|██████▉   | 55/79 [00:01<00:00, 40.05it/s]
 77%|███████▋  | 61/79 [00:01<00:00, 40.51it/s]
 85%|████████▍ | 67/79 [00:01<00:00, 40.93it/s]
 91%|█████████ | 72/79 [00:01<00:00, 43.10it/s]
 97%|█████████▋| 77/79 [00:01<00:00, 40.64it/s]
100%|██████████| 79/79 [00:02<00:00, 39.38it/s]

CommRound: 20/30
Accuracy: 89.89% | Loss: 0.3924
[########################################--------------------] 66.7%
Elapsed: 3.5m | Avg/Round: 10.4s | Last: 10.2s | Next: 10.4s | Remaining: 1.7m
ETA: 18:20:52
Recent round times: R1: 10.1s -> R2: 10.6s -> R3: 10.1s -> R4: 10.2s -> R5: 10.2s

  0%|          | 0/79 [00:00<?, ?it/s]
  1%|▏         | 1/79 [00:00<00:08,  9.41it/s]
  9%|▉         | 7/79 [00:00<00:02, 31.74it/s]
 14%|█▍        | 11/79 [00:00<00:01, 34.29it/s]
 22%|██▏       | 17/79 [00:00<00:01, 37.83it/s]
 29%|██▉       | 23/79 [00:00<00:01, 40.02it/s]
 37%|███▋      | 29/79 [00:00<00:01, 41.15it/s]
 44%|████▍     | 35/79 [00:00<00:01, 41.86it/s]
 51%|█████     | 40/79 [00:01<00:00, 43.21it/s]
 57%|█████▋    | 45/79 [00:01<00:00, 42.09it/s]
 63%|██████▎   | 50/79 [00:01<00:00, 41.28it/s]
 70%|██████▉   | 55/79 [00:01<00:00, 42.17it/s]
 76%|███████▌  | 60/79 [00:01<00:00, 40.50it/s]
 82%|████████▏ | 65/79 [00:01<00:00, 41.75it/s]
 89%|████████▊ | 70/79 [00:01<00:00, 39.73it/s]
 95%|█████████▍| 75/79 [00:01<00:00, 41.90it/s]
100%|██████████| 79/79 [00:01<00:00, 39.93it/s]

CommRound: 21/30
Accuracy: 89.93% | Loss: 0.3932
[##########################################------------------] 70.0%
Elapsed: 3.6m | Avg/Round: 10.3s | Last: 10.1s | Next: 10.3s | Remaining: 1.6m
ETA: 18:20:52
Recent round times: R1: 10.6s -> R2: 10.1s -> R3: 10.2s -> R4: 10.2s -> R5: 10.1s

  0%|          | 0/79 [00:00<?, ?it/s]
  1%|▏         | 1/79 [00:00<00:08,  9.65it/s]
  9%|▉         | 7/79 [00:00<00:02, 32.72it/s]
 15%|█▌        | 12/79 [00:00<00:01, 39.59it/s]
 22%|██▏       | 17/79 [00:00<00:01, 35.54it/s]
 29%|██▉       | 23/79 [00:00<00:01, 39.26it/s]
 35%|███▌      | 28/79 [00:00<00:01, 41.39it/s]
 42%|████▏     | 33/79 [00:00<00:01, 39.55it/s]
 48%|████▊     | 38/79 [00:00<00:00, 41.40it/s]
 54%|█████▍    | 43/79 [00:01<00:00, 39.74it/s]
 61%|██████    | 48/79 [00:01<00:00, 41.55it/s]
 67%|██████▋   | 53/79 [00:01<00:00, 37.49it/s]
 72%|███████▏  | 57/79 [00:01<00:00, 36.86it/s]
 77%|███████▋  | 61/79 [00:01<00:00, 36.16it/s]
 82%|████████▏ | 65/79 [00:01<00:00, 36.06it/s]
 87%|████████▋ | 69/79 [00:01<00:00, 35.72it/s]
 92%|█████████▏| 73/79 [00:01<00:00, 35.69it/s]
 97%|█████████▋| 77/79 [00:02<00:00, 35.74it/s]
100%|██████████| 79/79 [00:02<00:00, 37.73it/s]

CommRound: 22/30
Accuracy: 89.96% | Loss: 0.3932
[############################################----------------] 73.3%
Elapsed: 3.8m | Avg/Round: 10.3s | Last: 10.3s | Next: 10.3s | Remaining: 1.4m
ETA: 18:20:51
Recent round times: R1: 10.1s -> R2: 10.2s -> R3: 10.2s -> R4: 10.1s -> R5: 10.3s

  0%|          | 0/79 [00:00<?, ?it/s]
  1%|▏         | 1/79 [00:00<00:08,  9.62it/s]
  9%|▉         | 7/79 [00:00<00:02, 33.87it/s]
 15%|█▌        | 12/79 [00:00<00:01, 37.72it/s]
 20%|██        | 16/79 [00:00<00:01, 38.10it/s]
 27%|██▋       | 21/79 [00:00<00:01, 39.54it/s]
 33%|███▎      | 26/79 [00:00<00:01, 39.07it/s]
 38%|███▊      | 30/79 [00:00<00:01, 39.21it/s]
 44%|████▍     | 35/79 [00:00<00:01, 41.70it/s]
 51%|█████     | 40/79 [00:01<00:00, 39.39it/s]
 57%|█████▋    | 45/79 [00:01<00:00, 41.35it/s]
 63%|██████▎   | 50/79 [00:01<00:00, 38.99it/s]
 68%|██████▊   | 54/79 [00:01<00:00, 39.00it/s]
 73%|███████▎  | 58/79 [00:01<00:00, 39.21it/s]
 80%|███████▉  | 63/79 [00:01<00:00, 41.87it/s]
 86%|████████▌ | 68/79 [00:01<00:00, 39.17it/s]
 91%|█████████ | 72/79 [00:01<00:00, 38.60it/s]
 96%|█████████▌| 76/79 [00:01<00:00, 37.93it/s]
100%|██████████| 79/79 [00:02<00:00, 38.77it/s]

CommRound: 23/30
Accuracy: 89.98% | Loss: 0.3940
[##############################################--------------] 76.7%
Elapsed: 4.0m | Avg/Round: 10.3s | Last: 10.1s | Next: 10.3s | Remaining: 1.2m
ETA: 18:20:51
Recent round times: R1: 10.2s -> R2: 10.2s -> R3: 10.1s -> R4: 10.3s -> R5: 10.1s

  0%|          | 0/79 [00:00<?, ?it/s]
  1%|▏         | 1/79 [00:00<00:08,  9.06it/s]
  9%|▉         | 7/79 [00:00<00:02, 31.94it/s]
 15%|█▌        | 12/79 [00:00<00:01, 39.19it/s]
 22%|██▏       | 17/79 [00:00<00:01, 37.89it/s]
 28%|██▊       | 22/79 [00:00<00:01, 41.64it/s]
 34%|███▍      | 27/79 [00:00<00:01, 40.13it/s]
 41%|████      | 32/79 [00:00<00:01, 39.02it/s]
 46%|████▌     | 36/79 [00:00<00:01, 38.66it/s]
 51%|█████     | 40/79 [00:01<00:01, 37.40it/s]
 58%|█████▊    | 46/79 [00:01<00:00, 38.84it/s]
 65%|██████▍   | 51/79 [00:01<00:00, 41.59it/s]
 71%|███████   | 56/79 [00:01<00:00, 39.30it/s]
 78%|███████▊  | 62/79 [00:01<00:00, 40.09it/s]
 85%|████████▍ | 67/79 [00:01<00:00, 42.32it/s]
 91%|█████████ | 72/79 [00:01<00:00, 39.93it/s]
 99%|█████████▊| 78/79 [00:01<00:00, 40.57it/s]
100%|██████████| 79/79 [00:02<00:00, 39.28it/s]

CommRound: 24/30
Accuracy: 90.01% | Loss: 0.3942
[################################################------------] 80.0%
Elapsed: 4.1m | Avg/Round: 10.3s | Last: 10.1s | Next: 10.3s | Remaining: 1.0m
ETA: 18:20:51
Recent round times: R1: 10.2s -> R2: 10.1s -> R3: 10.3s -> R4: 10.1s -> R5: 10.1s

  0%|          | 0/79 [00:00<?, ?it/s]
  1%|▏         | 1/79 [00:00<00:08,  8.77it/s]
  8%|▊         | 6/79 [00:00<00:02, 29.42it/s]
 13%|█▎        | 10/79 [00:00<00:02, 33.62it/s]
 19%|█▉        | 15/79 [00:00<00:01, 37.23it/s]
 25%|██▌       | 20/79 [00:00<00:01, 38.73it/s]
 32%|███▏      | 25/79 [00:00<00:01, 39.44it/s]
 38%|███▊      | 30/79 [00:00<00:01, 41.27it/s]
 44%|████▍     | 35/79 [00:00<00:01, 39.68it/s]
 49%|████▉     | 39/79 [00:01<00:01, 39.54it/s]
 57%|█████▋    | 45/79 [00:01<00:00, 40.72it/s]
 65%|██████▍   | 51/79 [00:01<00:00, 40.80it/s]
 71%|███████   | 56/79 [00:01<00:00, 42.62it/s]
 77%|███████▋  | 61/79 [00:01<00:00, 40.30it/s]
 85%|████████▍ | 67/79 [00:01<00:00, 41.00it/s]
 92%|█████████▏| 73/79 [00:01<00:00, 41.53it/s]
 99%|█████████▊| 78/79 [00:01<00:00, 43.48it/s]
100%|██████████| 79/79 [00:01<00:00, 39.85it/s]

CommRound: 25/30
Accuracy: 90.03% | Loss: 0.3946
[##################################################----------] 83.3%
Elapsed: 4.3m | Avg/Round: 10.3s | Last: 10.3s | Next: 10.3s | Remaining: 0.9m
ETA: 18:20:51
Recent round times: R1: 10.1s -> R2: 10.3s -> R3: 10.1s -> R4: 10.1s -> R5: 10.3s

  0%|          | 0/79 [00:00<?, ?it/s]
  1%|▏         | 1/79 [00:00<00:08,  9.05it/s]
  9%|▉         | 7/79 [00:00<00:02, 31.85it/s]
 15%|█▌        | 12/79 [00:00<00:01, 37.43it/s]
 22%|██▏       | 17/79 [00:00<00:01, 37.92it/s]
 28%|██▊       | 22/79 [00:00<00:01, 39.52it/s]
 33%|███▎      | 26/79 [00:00<00:01, 39.44it/s]
 38%|███▊      | 30/79 [00:00<00:01, 39.49it/s]
 44%|████▍     | 35/79 [00:00<00:01, 39.66it/s]
 49%|████▉     | 39/79 [00:01<00:01, 38.68it/s]
 56%|█████▌    | 44/79 [00:01<00:00, 40.06it/s]
 62%|██████▏   | 49/79 [00:01<00:00, 39.80it/s]
 67%|██████▋   | 53/79 [00:01<00:00, 39.18it/s]
 73%|███████▎  | 58/79 [00:01<00:00, 40.48it/s]
 80%|███████▉  | 63/79 [00:01<00:00, 39.72it/s]
 85%|████████▍ | 67/79 [00:01<00:00, 39.41it/s]
 90%|████████▉ | 71/79 [00:01<00:00, 39.55it/s]
 96%|█████████▌| 76/79 [00:01<00:00, 41.15it/s]
100%|██████████| 79/79 [00:02<00:00, 39.03it/s]

CommRound: 26/30
Accuracy: 90.02% | Loss: 0.3955
[####################################################--------] 86.7%
Elapsed: 4.5m | Avg/Round: 10.3s | Last: 10.2s | Next: 10.3s | Remaining: 0.7m
ETA: 18:20:51
Recent round times: R1: 10.3s -> R2: 10.1s -> R3: 10.1s -> R4: 10.3s -> R5: 10.2s

  0%|          | 0/79 [00:00<?, ?it/s]
  1%|▏         | 1/79 [00:00<00:09,  8.57it/s]
  6%|▋         | 5/79 [00:00<00:03, 23.53it/s]
 13%|█▎        | 10/79 [00:00<00:02, 34.35it/s]
 19%|█▉        | 15/79 [00:00<00:01, 34.71it/s]
 25%|██▌       | 20/79 [00:00<00:01, 39.08it/s]
 32%|███▏      | 25/79 [00:00<00:01, 37.40it/s]
 37%|███▋      | 29/79 [00:00<00:01, 37.39it/s]
 42%|████▏     | 33/79 [00:00<00:01, 37.88it/s]
 49%|████▉     | 39/79 [00:01<00:01, 39.39it/s]
 54%|█████▍    | 43/79 [00:01<00:00, 38.32it/s]
 61%|██████    | 48/79 [00:01<00:00, 41.32it/s]
 67%|██████▋   | 53/79 [00:01<00:00, 39.22it/s]
 73%|███████▎  | 58/79 [00:01<00:00, 41.29it/s]
 80%|███████▉  | 63/79 [00:01<00:00, 39.84it/s]
 86%|████████▌ | 68/79 [00:01<00:00, 40.71it/s]
 92%|█████████▏| 73/79 [00:01<00:00, 40.17it/s]
 99%|█████████▊| 78/79 [00:02<00:00, 40.80it/s]
100%|██████████| 79/79 [00:02<00:00, 38.41it/s]

CommRound: 27/30
Accuracy: 90.05% | Loss: 0.3956
[######################################################------] 90.0%
Elapsed: 4.6m | Avg/Round: 10.3s | Last: 10.3s | Next: 10.3s | Remaining: 0.5m
ETA: 18:20:51
Recent round times: R1: 10.1s -> R2: 10.1s -> R3: 10.3s -> R4: 10.2s -> R5: 10.3s

  0%|          | 0/79 [00:00<?, ?it/s]
  3%|▎         | 2/79 [00:00<00:04, 18.78it/s]
  6%|▋         | 5/79 [00:00<00:03, 24.50it/s]
 13%|█▎        | 10/79 [00:00<00:01, 35.39it/s]
 19%|█▉        | 15/79 [00:00<00:02, 22.62it/s]
 27%|██▋       | 21/79 [00:00<00:02, 28.39it/s]
 33%|███▎      | 26/79 [00:00<00:01, 33.36it/s]
 39%|███▉      | 31/79 [00:01<00:01, 33.94it/s]
 46%|████▌     | 36/79 [00:01<00:01, 37.73it/s]
 52%|█████▏    | 41/79 [00:01<00:01, 36.59it/s]
 58%|█████▊    | 46/79 [00:01<00:00, 39.62it/s]
 65%|██████▍   | 51/79 [00:01<00:00, 38.19it/s]
 71%|███████   | 56/79 [00:01<00:00, 40.60it/s]
 77%|███████▋  | 61/79 [00:01<00:00, 38.97it/s]
 84%|████████▎ | 66/79 [00:01<00:00, 40.77it/s]
 90%|████████▉ | 71/79 [00:01<00:00, 39.35it/s]
 96%|█████████▌| 76/79 [00:02<00:00, 40.84it/s]
100%|██████████| 79/79 [00:02<00:00, 36.22it/s]

CommRound: 28/30
Accuracy: 90.08% | Loss: 0.3962
[########################################################----] 93.3%
Elapsed: 4.8m | Avg/Round: 10.3s | Last: 10.3s | Next: 10.3s | Remaining: 0.3m
ETA: 18:20:51
Recent round times: R1: 10.1s -> R2: 10.3s -> R3: 10.2s -> R4: 10.3s -> R5: 10.3s

  0%|          | 0/79 [00:00<?, ?it/s]
  1%|▏         | 1/79 [00:00<00:07,  9.79it/s]
  9%|▉         | 7/79 [00:00<00:02, 28.80it/s]
 14%|█▍        | 11/79 [00:00<00:03, 21.70it/s]
 19%|█▉        | 15/79 [00:00<00:02, 25.63it/s]
 24%|██▍       | 19/79 [00:00<00:02, 28.62it/s]
 29%|██▉       | 23/79 [00:00<00:01, 30.62it/s]
 34%|███▍      | 27/79 [00:00<00:01, 32.06it/s]
 41%|████      | 32/79 [00:01<00:01, 36.73it/s]
 47%|████▋     | 37/79 [00:01<00:01, 36.63it/s]
 54%|█████▍    | 43/79 [00:01<00:00, 38.82it/s]
 62%|██████▏   | 49/79 [00:01<00:00, 40.20it/s]
 70%|██████▉   | 55/79 [00:01<00:00, 40.79it/s]
 77%|███████▋  | 61/79 [00:01<00:00, 41.18it/s]
 84%|████████▎ | 66/79 [00:01<00:00, 43.06it/s]
 90%|████████▉ | 71/79 [00:02<00:00, 40.15it/s]
 96%|█████████▌| 76/79 [00:02<00:00, 42.34it/s]
100%|██████████| 79/79 [00:02<00:00, 36.27it/s]

CommRound: 29/30
Accuracy: 90.08% | Loss: 0.3967
[##########################################################--] 96.7%
Elapsed: 5.0m | Avg/Round: 10.3s | Last: 10.3s | Next: 10.3s | Remaining: 0.2m
ETA: 18:20:51
Recent round times: R1: 10.3s -> R2: 10.2s -> R3: 10.3s -> R4: 10.3s -> R5: 10.3s

  0%|          | 0/79 [00:00<?, ?it/s]
  1%|▏         | 1/79 [00:00<00:09,  8.55it/s]
  9%|▉         | 7/79 [00:00<00:03, 19.87it/s]
 14%|█▍        | 11/79 [00:00<00:02, 25.76it/s]
 20%|██        | 16/79 [00:00<00:01, 32.75it/s]
 27%|██▋       | 21/79 [00:00<00:01, 33.51it/s]
 33%|███▎      | 26/79 [00:00<00:01, 37.79it/s]
 39%|███▉      | 31/79 [00:00<00:01, 37.15it/s]
 46%|████▌     | 36/79 [00:01<00:01, 39.46it/s]
 52%|█████▏    | 41/79 [00:01<00:00, 38.91it/s]
 58%|█████▊    | 46/79 [00:01<00:00, 40.02it/s]
 65%|██████▍   | 51/79 [00:01<00:00, 39.15it/s]
 70%|██████▉   | 55/79 [00:01<00:00, 38.76it/s]
 76%|███████▌  | 60/79 [00:01<00:00, 40.61it/s]
 82%|████████▏ | 65/79 [00:01<00:00, 39.57it/s]
 89%|████████▊ | 70/79 [00:01<00:00, 40.63it/s]
 95%|█████████▍| 75/79 [00:02<00:00, 39.46it/s]
100%|██████████| 79/79 [00:02<00:00, 36.99it/s]

CommRound: 30/30
Accuracy: 90.10% | Loss: 0.3972
[############################################################] 100.0%
Elapsed: 5.2m | Avg/Round: 10.3s | Last: 10.5s | Next: 10.3s | Remaining: 0.0m
ETA: 18:20:51
Recent round times: R1: 10.2s -> R2: 10.3s -> R3: 10.3s -> R4: 10.3s -> R5: 10.5s
Total time for experiment: 309.5667042732239 seconds
Device average training time per communication round [s]:
    rpi (sld-rpi-09.ece.utexas.edu): 5.22 seconds
    mc1 (sld-mc1-09.ece.utexas.edu): 3.14 seconds
