Connecting to sld-rpi-09.ece.utexas.edu...
Successfully fetched dev0_pow_temp_log_exp154_run1.csv.
Connecting to sld-rpi-09.ece.utexas.edu...
Successfully fetched dev0_communication_log_exp154_run1.csv.
Connecting to sld-mc1-09.ece.utexas.edu...
Successfully fetched dev1_pow_temp_log_exp154_run1.csv.
Connecting to sld-mc1-09.ece.utexas.edu...
Successfully fetched dev1_communication_log_exp154_run1.csv.

Exp154
Experiment 154: 
	Global test accuracy [%]: 91.88 %
	Convergence time [#round]: 6 communication rounds
	Total wall clock time to reach 90.00% [s]: 336.65 seconds
	Average time per communication round [s]: 46.48 seconds
	Total wall clock time [s]: 1,675.26 seconds


Experiment 154:
	RPi avg. energy consumption per round [J]: 46.95 Joules
	MC1 avg. energy consumption per round [J]: 394.98 Joules
	Total avg. energy consumption per communication round [J]: 441.93 Joules
	Avg. amount of communicated data per communication round [MB]: 0.24 MB
	RPi avg. power consumption per round [W]: 5.48 Watts
	MC1 avg. power consumption per round [W]: 7.51 Watts
