
  0%|          | 0/79 [00:00<?, ?it/s]
  1%|▏         | 1/79 [00:00<00:11,  6.91it/s]
  6%|▋         | 5/79 [00:00<00:04, 18.09it/s]
 10%|█         | 8/79 [00:00<00:03, 22.30it/s]
 14%|█▍        | 11/79 [00:00<00:03, 21.47it/s]
 18%|█▊        | 14/79 [00:00<00:02, 23.65it/s]
 22%|██▏       | 17/79 [00:00<00:02, 22.67it/s]
 27%|██▋       | 21/79 [00:00<00:02, 23.60it/s]
 32%|███▏      | 25/79 [00:01<00:02, 24.00it/s]
 37%|███▋      | 29/79 [00:01<00:02, 24.41it/s]
 42%|████▏     | 33/79 [00:01<00:01, 24.75it/s]
 47%|████▋     | 37/79 [00:01<00:01, 24.94it/s]
 52%|█████▏    | 41/79 [00:01<00:01, 24.95it/s]
 57%|█████▋    | 45/79 [00:01<00:01, 25.32it/s]
 62%|██████▏   | 49/79 [00:02<00:01, 24.90it/s]
 67%|██████▋   | 53/79 [00:02<00:01, 24.93it/s]
 72%|███████▏  | 57/79 [00:02<00:00, 25.12it/s]
 76%|███████▌  | 60/79 [00:02<00:00, 26.07it/s]
 80%|███████▉  | 63/79 [00:02<00:00, 24.82it/s]
 84%|████████▎ | 66/79 [00:02<00:00, 25.54it/s]
 87%|████████▋ | 69/79 [00:02<00:00, 24.39it/s]
 91%|█████████ | 72/79 [00:02<00:00, 25.14it/s]
 95%|█████████▍| 75/79 [00:03<00:00, 24.22it/s]
 99%|█████████▊| 78/79 [00:03<00:00, 25.46it/s]
100%|██████████| 79/79 [00:03<00:00, 24.39it/s]
Initial Accuracy: 10.09%; Initial Loss: 2.3067

  0%|          | 0/79 [00:00<?, ?it/s]
  3%|▎         | 2/79 [00:00<00:04, 18.54it/s]
  6%|▋         | 5/79 [00:00<00:02, 24.85it/s]
 11%|█▏        | 9/79 [00:00<00:02, 29.68it/s]
 16%|█▋        | 13/79 [00:00<00:02, 31.82it/s]
 22%|██▏       | 17/79 [00:00<00:01, 33.02it/s]
 27%|██▋       | 21/79 [00:00<00:01, 33.67it/s]
 32%|███▏      | 25/79 [00:00<00:01, 33.36it/s]
 37%|███▋      | 29/79 [00:00<00:01, 32.95it/s]
 42%|████▏     | 33/79 [00:01<00:01, 31.01it/s]
 47%|████▋     | 37/79 [00:01<00:01, 29.61it/s]
 51%|█████     | 40/79 [00:01<00:01, 27.69it/s]
 56%|█████▌    | 44/79 [00:01<00:01, 27.32it/s]
 59%|█████▉    | 47/79 [00:01<00:01, 27.62it/s]
 63%|██████▎   | 50/79 [00:01<00:01, 27.19it/s]
 67%|██████▋   | 53/79 [00:01<00:00, 27.53it/s]
 71%|███████   | 56/79 [00:01<00:00, 27.27it/s]
 75%|███████▍  | 59/79 [00:02<00:00, 27.50it/s]
 80%|███████▉  | 63/79 [00:02<00:00, 28.79it/s]
 84%|████████▎ | 66/79 [00:02<00:00, 28.89it/s]
 87%|████████▋ | 69/79 [00:02<00:00, 28.21it/s]
 91%|█████████ | 72/79 [00:02<00:00, 28.41it/s]
 95%|█████████▍| 75/79 [00:02<00:00, 27.63it/s]
100%|██████████| 79/79 [00:02<00:00, 29.18it/s]

CommRound: 1/30
Accuracy: 10.28% | Loss: 2.9506
[##----------------------------------------------------------] 3.3%
Elapsed: 0.2m | Avg/Round: 14.0s | Last: 10.8s | Next: 14.0s | Remaining: 6.8m
ETA: 11:30:47
Recent round times: R1: 10.8s

  0%|          | 0/79 [00:00<?, ?it/s]
  1%|▏         | 1/79 [00:00<00:08,  9.16it/s]
  6%|▋         | 5/79 [00:00<00:03, 24.21it/s]
 11%|█▏        | 9/79 [00:00<00:02, 26.74it/s]
 16%|█▋        | 13/79 [00:00<00:02, 29.68it/s]
 22%|██▏       | 17/79 [00:00<00:01, 31.50it/s]
 27%|██▋       | 21/79 [00:00<00:01, 32.77it/s]
 32%|███▏      | 25/79 [00:00<00:01, 33.58it/s]
 37%|███▋      | 29/79 [00:00<00:01, 34.16it/s]
 42%|████▏     | 33/79 [00:01<00:01, 34.50it/s]
 47%|████▋     | 37/79 [00:01<00:01, 34.79it/s]
 52%|█████▏    | 41/79 [00:01<00:01, 34.56it/s]
 57%|█████▋    | 45/79 [00:01<00:00, 34.08it/s]
 62%|██████▏   | 49/79 [00:01<00:00, 34.67it/s]
 67%|██████▋   | 53/79 [00:01<00:00, 34.68it/s]
 72%|███████▏  | 57/79 [00:01<00:00, 34.75it/s]
 77%|███████▋  | 61/79 [00:01<00:00, 35.05it/s]
 82%|████████▏ | 65/79 [00:01<00:00, 35.21it/s]
 87%|████████▋ | 69/79 [00:02<00:00, 34.57it/s]
 92%|█████████▏| 73/79 [00:02<00:00, 34.79it/s]
 97%|█████████▋| 77/79 [00:02<00:00, 35.07it/s]
100%|██████████| 79/79 [00:02<00:00, 33.66it/s]

CommRound: 2/30
Accuracy: 10.28% | Loss: 2.9763
[####--------------------------------------------------------] 6.7%
Elapsed: 0.4m | Avg/Round: 11.7s | Last: 9.4s | Next: 11.7s | Remaining: 5.5m
ETA: 11:29:37
Recent round times: R1: 10.8s -> R2: 9.4s

  0%|          | 0/79 [00:00<?, ?it/s]
  1%|▏         | 1/79 [00:00<00:07,  9.99it/s]
  6%|▋         | 5/79 [00:00<00:02, 26.19it/s]
 11%|█▏        | 9/79 [00:00<00:02, 30.31it/s]
 16%|█▋        | 13/79 [00:00<00:02, 32.12it/s]
 22%|██▏       | 17/79 [00:00<00:01, 33.18it/s]
 27%|██▋       | 21/79 [00:00<00:01, 31.70it/s]
 32%|███▏      | 25/79 [00:00<00:01, 30.31it/s]
 37%|███▋      | 29/79 [00:00<00:01, 29.79it/s]
 42%|████▏     | 33/79 [00:01<00:01, 29.05it/s]
 47%|████▋     | 37/79 [00:01<00:01, 28.44it/s]
 52%|█████▏    | 41/79 [00:01<00:01, 28.08it/s]
 56%|█████▌    | 44/79 [00:01<00:01, 28.00it/s]
 59%|█████▉    | 47/79 [00:01<00:01, 26.45it/s]
 63%|██████▎   | 50/79 [00:01<00:01, 27.23it/s]
 67%|██████▋   | 53/79 [00:01<00:00, 27.64it/s]
 72%|███████▏  | 57/79 [00:01<00:00, 29.90it/s]
 77%|███████▋  | 61/79 [00:02<00:00, 30.80it/s]
 82%|████████▏ | 65/79 [00:02<00:00, 31.96it/s]
 87%|████████▋ | 69/79 [00:02<00:00, 32.81it/s]
 92%|█████████▏| 73/79 [00:02<00:00, 31.92it/s]
 97%|█████████▋| 77/79 [00:02<00:00, 30.07it/s]
100%|██████████| 79/79 [00:02<00:00, 29.91it/s]

CommRound: 3/30
Accuracy: 10.37% | Loss: 3.0108
[######------------------------------------------------------] 10.0%
Elapsed: 0.6m | Avg/Round: 11.0s | Last: 9.7s | Next: 11.0s | Remaining: 5.0m
ETA: 11:29:17
Recent round times: R1: 10.8s -> R2: 9.4s -> R3: 9.7s

  0%|          | 0/79 [00:00<?, ?it/s]
  1%|▏         | 1/79 [00:00<00:09,  8.38it/s]
  6%|▋         | 5/79 [00:00<00:03, 21.17it/s]
 11%|█▏        | 9/79 [00:00<00:02, 25.33it/s]
 16%|█▋        | 13/79 [00:00<00:02, 26.82it/s]
 22%|██▏       | 17/79 [00:00<00:02, 27.55it/s]
 27%|██▋       | 21/79 [00:00<00:02, 28.14it/s]
 32%|███▏      | 25/79 [00:00<00:01, 28.52it/s]
 37%|███▋      | 29/79 [00:01<00:01, 29.09it/s]
 42%|████▏     | 33/79 [00:01<00:01, 28.33it/s]
 47%|████▋     | 37/79 [00:01<00:01, 27.10it/s]
 52%|█████▏    | 41/79 [00:01<00:01, 27.10it/s]
 57%|█████▋    | 45/79 [00:01<00:01, 27.24it/s]
 62%|██████▏   | 49/79 [00:01<00:01, 27.18it/s]
 67%|██████▋   | 53/79 [00:01<00:00, 27.08it/s]
 72%|███████▏  | 57/79 [00:02<00:00, 26.73it/s]
 77%|███████▋  | 61/79 [00:02<00:00, 27.74it/s]
 82%|████████▏ | 65/79 [00:02<00:00, 30.41it/s]
 87%|████████▋ | 69/79 [00:02<00:00, 31.14it/s]
 92%|█████████▏| 73/79 [00:02<00:00, 31.00it/s]
 97%|█████████▋| 77/79 [00:02<00:00, 30.53it/s]
100%|██████████| 79/79 [00:02<00:00, 28.36it/s]

CommRound: 4/30
Accuracy: 10.75% | Loss: 3.0327
[########----------------------------------------------------] 13.3%
Elapsed: 0.7m | Avg/Round: 10.7s | Last: 9.8s | Next: 10.7s | Remaining: 4.6m
ETA: 11:29:08
Recent round times: R1: 10.8s -> R2: 9.4s -> R3: 9.7s -> R4: 9.8s

  0%|          | 0/79 [00:00<?, ?it/s]
  1%|▏         | 1/79 [00:00<00:08,  8.87it/s]
  6%|▋         | 5/79 [00:00<00:02, 25.15it/s]
 11%|█▏        | 9/79 [00:00<00:02, 29.65it/s]
 16%|█▋        | 13/79 [00:00<00:02, 29.48it/s]
 22%|██▏       | 17/79 [00:00<00:02, 29.17it/s]
 27%|██▋       | 21/79 [00:00<00:02, 28.24it/s]
 32%|███▏      | 25/79 [00:00<00:01, 27.38it/s]
 35%|███▌      | 28/79 [00:01<00:01, 27.84it/s]
 39%|███▉      | 31/79 [00:01<00:01, 26.19it/s]
 44%|████▍     | 35/79 [00:01<00:01, 26.56it/s]
 49%|████▉     | 39/79 [00:01<00:01, 28.46it/s]
 54%|█████▍    | 43/79 [00:01<00:01, 29.76it/s]
 58%|█████▊    | 46/79 [00:01<00:01, 28.28it/s]
 63%|██████▎   | 50/79 [00:01<00:00, 30.27it/s]
 68%|██████▊   | 54/79 [00:01<00:00, 31.83it/s]
 73%|███████▎  | 58/79 [00:01<00:00, 32.87it/s]
 78%|███████▊  | 62/79 [00:02<00:00, 33.35it/s]
 84%|████████▎ | 66/79 [00:02<00:00, 33.37it/s]
 89%|████████▊ | 70/79 [00:02<00:00, 33.75it/s]
 94%|█████████▎| 74/79 [00:02<00:00, 33.18it/s]
 99%|█████████▊| 78/79 [00:02<00:00, 33.04it/s]
100%|██████████| 79/79 [00:02<00:00, 30.08it/s]

CommRound: 5/30
Accuracy: 11.09% | Loss: 3.0480
[##########--------------------------------------------------] 16.7%
Elapsed: 0.9m | Avg/Round: 10.5s | Last: 9.6s | Next: 10.5s | Remaining: 4.4m
ETA: 11:29:01
Recent round times: R1: 10.8s -> R2: 9.4s -> R3: 9.7s -> R4: 9.8s -> R5: 9.6s

  0%|          | 0/79 [00:00<?, ?it/s]
  1%|▏         | 1/79 [00:00<00:08,  9.74it/s]
  6%|▋         | 5/79 [00:00<00:02, 25.96it/s]
 11%|█▏        | 9/79 [00:00<00:02, 30.71it/s]
 16%|█▋        | 13/79 [00:00<00:02, 32.66it/s]
 22%|██▏       | 17/79 [00:00<00:01, 32.91it/s]
 27%|██▋       | 21/79 [00:00<00:01, 31.21it/s]
 32%|███▏      | 25/79 [00:00<00:01, 30.93it/s]
 37%|███▋      | 29/79 [00:00<00:01, 30.54it/s]
 42%|████▏     | 33/79 [00:01<00:01, 30.62it/s]
 47%|████▋     | 37/79 [00:01<00:01, 30.90it/s]
 52%|█████▏    | 41/79 [00:01<00:01, 31.00it/s]
 57%|█████▋    | 45/79 [00:01<00:01, 31.28it/s]
 62%|██████▏   | 49/79 [00:01<00:00, 31.10it/s]
 67%|██████▋   | 53/79 [00:01<00:00, 29.79it/s]
 71%|███████   | 56/79 [00:01<00:00, 28.19it/s]
 76%|███████▌  | 60/79 [00:01<00:00, 29.30it/s]
 81%|████████  | 64/79 [00:02<00:00, 29.92it/s]
 86%|████████▌ | 68/79 [00:02<00:00, 30.31it/s]
 91%|█████████ | 72/79 [00:02<00:00, 30.52it/s]
 96%|█████████▌| 76/79 [00:02<00:00, 30.79it/s]
100%|██████████| 79/79 [00:02<00:00, 30.38it/s]

CommRound: 6/30
Accuracy: 11.68% | Loss: 3.0598
[############------------------------------------------------] 20.0%
Elapsed: 1.0m | Avg/Round: 10.3s | Last: 9.6s | Next: 10.3s | Remaining: 4.1m
ETA: 11:28:57
Recent round times: R1: 9.4s -> R2: 9.7s -> R3: 9.8s -> R4: 9.6s -> R5: 9.6s

  0%|          | 0/79 [00:00<?, ?it/s]
  1%|▏         | 1/79 [00:00<00:08,  9.02it/s]
  6%|▋         | 5/79 [00:00<00:03, 23.22it/s]
 11%|█▏        | 9/79 [00:00<00:02, 28.42it/s]
 16%|█▋        | 13/79 [00:00<00:02, 30.93it/s]
 22%|██▏       | 17/79 [00:00<00:01, 32.27it/s]
 27%|██▋       | 21/79 [00:00<00:01, 33.25it/s]
 32%|███▏      | 25/79 [00:00<00:01, 34.23it/s]
 37%|███▋      | 29/79 [00:00<00:01, 34.83it/s]
 42%|████▏     | 33/79 [00:01<00:01, 35.42it/s]
 47%|████▋     | 37/79 [00:01<00:01, 35.23it/s]
 52%|█████▏    | 41/79 [00:01<00:01, 35.39it/s]
 57%|█████▋    | 45/79 [00:01<00:00, 35.09it/s]
 62%|██████▏   | 49/79 [00:01<00:00, 34.98it/s]
 67%|██████▋   | 53/79 [00:01<00:00, 34.98it/s]
 72%|███████▏  | 57/79 [00:01<00:00, 35.05it/s]
 77%|███████▋  | 61/79 [00:01<00:00, 35.05it/s]
 82%|████████▏ | 65/79 [00:01<00:00, 34.92it/s]
 87%|████████▋ | 69/79 [00:02<00:00, 34.80it/s]
 92%|█████████▏| 73/79 [00:02<00:00, 34.53it/s]
 97%|█████████▋| 77/79 [00:02<00:00, 34.72it/s]
100%|██████████| 79/79 [00:02<00:00, 33.42it/s]

CommRound: 7/30
Accuracy: 12.14% | Loss: 3.0693
[##############----------------------------------------------] 23.3%
Elapsed: 1.2m | Avg/Round: 10.2s | Last: 9.4s | Next: 10.2s | Remaining: 3.9m
ETA: 11:28:53
Recent round times: R1: 9.7s -> R2: 9.8s -> R3: 9.6s -> R4: 9.6s -> R5: 9.4s

  0%|          | 0/79 [00:00<?, ?it/s]
  1%|▏         | 1/79 [00:00<00:08,  9.31it/s]
  6%|▋         | 5/79 [00:00<00:02, 24.93it/s]
 11%|█▏        | 9/79 [00:00<00:02, 28.46it/s]
 16%|█▋        | 13/79 [00:00<00:02, 30.24it/s]
 22%|██▏       | 17/79 [00:00<00:02, 30.67it/s]
 27%|██▋       | 21/79 [00:00<00:02, 27.83it/s]
 32%|███▏      | 25/79 [00:00<00:02, 25.90it/s]
 37%|███▋      | 29/79 [00:01<00:01, 25.02it/s]
 42%|████▏     | 33/79 [00:01<00:01, 24.94it/s]
 47%|████▋     | 37/79 [00:01<00:01, 25.37it/s]
 52%|█████▏    | 41/79 [00:01<00:01, 25.87it/s]
 57%|█████▋    | 45/79 [00:01<00:01, 25.17it/s]
 62%|██████▏   | 49/79 [00:01<00:01, 24.78it/s]
 67%|██████▋   | 53/79 [00:02<00:01, 24.63it/s]
 72%|███████▏  | 57/79 [00:02<00:00, 24.70it/s]
 77%|███████▋  | 61/79 [00:02<00:00, 24.62it/s]
 82%|████████▏ | 65/79 [00:02<00:00, 25.72it/s]
 87%|████████▋ | 69/79 [00:02<00:00, 25.91it/s]
 92%|█████████▏| 73/79 [00:02<00:00, 25.96it/s]
 97%|█████████▋| 77/79 [00:02<00:00, 26.92it/s]
100%|██████████| 79/79 [00:03<00:00, 26.22it/s]

CommRound: 8/30
Accuracy: 12.39% | Loss: 3.0763
[################--------------------------------------------] 26.7%
Elapsed: 1.4m | Avg/Round: 10.2s | Last: 10.1s | Next: 10.2s | Remaining: 3.7m
ETA: 11:28:53
Recent round times: R1: 9.8s -> R2: 9.6s -> R3: 9.6s -> R4: 9.4s -> R5: 10.1s

  0%|          | 0/79 [00:00<?, ?it/s]
  1%|▏         | 1/79 [00:00<00:08,  9.21it/s]
  6%|▋         | 5/79 [00:00<00:02, 25.27it/s]
 11%|█▏        | 9/79 [00:00<00:02, 29.82it/s]
 16%|█▋        | 13/79 [00:00<00:02, 31.88it/s]
 22%|██▏       | 17/79 [00:00<00:01, 33.09it/s]
 27%|██▋       | 21/79 [00:00<00:01, 33.74it/s]
 32%|███▏      | 25/79 [00:00<00:01, 34.11it/s]
 37%|███▋      | 29/79 [00:00<00:01, 32.67it/s]
 42%|████▏     | 33/79 [00:01<00:01, 32.41it/s]
 47%|████▋     | 37/79 [00:01<00:01, 33.18it/s]
 52%|█████▏    | 41/79 [00:01<00:01, 33.74it/s]
 57%|█████▋    | 45/79 [00:01<00:00, 34.60it/s]
 62%|██████▏   | 49/79 [00:01<00:00, 34.92it/s]
 67%|██████▋   | 53/79 [00:01<00:00, 35.09it/s]
 72%|███████▏  | 57/79 [00:01<00:00, 35.17it/s]
 77%|███████▋  | 61/79 [00:01<00:00, 35.07it/s]
 82%|████████▏ | 65/79 [00:01<00:00, 34.77it/s]
 87%|████████▋ | 69/79 [00:02<00:00, 34.64it/s]
 92%|█████████▏| 73/79 [00:02<00:00, 34.49it/s]
 97%|█████████▋| 77/79 [00:02<00:00, 34.05it/s]
100%|██████████| 79/79 [00:02<00:00, 33.07it/s]

CommRound: 9/30
Accuracy: 12.51% | Loss: 3.0813
[##################------------------------------------------] 30.0%
Elapsed: 1.5m | Avg/Round: 10.1s | Last: 9.6s | Next: 10.1s | Remaining: 3.5m
ETA: 11:28:51
Recent round times: R1: 9.6s -> R2: 9.6s -> R3: 9.4s -> R4: 10.1s -> R5: 9.6s

  0%|          | 0/79 [00:00<?, ?it/s]
  1%|▏         | 1/79 [00:00<00:09,  8.41it/s]
  6%|▋         | 5/79 [00:00<00:03, 22.50it/s]
 11%|█▏        | 9/79 [00:00<00:02, 25.85it/s]
 16%|█▋        | 13/79 [00:00<00:02, 27.20it/s]
 22%|██▏       | 17/79 [00:00<00:02, 27.83it/s]
 27%|██▋       | 21/79 [00:00<00:02, 28.29it/s]
 32%|███▏      | 25/79 [00:00<00:01, 28.67it/s]
 37%|███▋      | 29/79 [00:01<00:01, 29.08it/s]
 42%|████▏     | 33/79 [00:01<00:01, 29.03it/s]
 47%|████▋     | 37/79 [00:01<00:01, 30.76it/s]
 52%|█████▏    | 41/79 [00:01<00:01, 31.89it/s]
 57%|█████▋    | 45/79 [00:01<00:01, 32.60it/s]
 62%|██████▏   | 49/79 [00:01<00:00, 30.01it/s]
 67%|██████▋   | 53/79 [00:01<00:00, 27.45it/s]
 72%|███████▏  | 57/79 [00:02<00:00, 26.43it/s]
 77%|███████▋  | 61/79 [00:02<00:00, 27.78it/s]
 82%|████████▏ | 65/79 [00:02<00:00, 29.57it/s]
 87%|████████▋ | 69/79 [00:02<00:00, 30.87it/s]
 92%|█████████▏| 73/79 [00:02<00:00, 31.85it/s]
 97%|█████████▋| 77/79 [00:02<00:00, 32.76it/s]
100%|██████████| 79/79 [00:02<00:00, 29.59it/s]

CommRound: 10/30
Accuracy: 12.60% | Loss: 3.0846
[####################----------------------------------------] 33.3%
Elapsed: 1.7m | Avg/Round: 10.1s | Last: 9.9s | Next: 10.1s | Remaining: 3.4m
ETA: 11:28:50
Recent round times: R1: 9.6s -> R2: 9.4s -> R3: 10.1s -> R4: 9.6s -> R5: 9.9s

  0%|          | 0/79 [00:00<?, ?it/s]
  1%|▏         | 1/79 [00:00<00:09,  8.61it/s]
  6%|▋         | 5/79 [00:00<00:02, 24.89it/s]
 11%|█▏        | 9/79 [00:00<00:02, 29.99it/s]
 16%|█▋        | 13/79 [00:00<00:02, 32.46it/s]
 22%|██▏       | 17/79 [00:00<00:01, 33.37it/s]
 27%|██▋       | 21/79 [00:00<00:01, 33.95it/s]
 32%|███▏      | 25/79 [00:00<00:01, 33.62it/s]
 37%|███▋      | 29/79 [00:00<00:01, 33.79it/s]
 42%|████▏     | 33/79 [00:01<00:01, 33.93it/s]
 47%|████▋     | 37/79 [00:01<00:01, 34.01it/s]
 52%|█████▏    | 41/79 [00:01<00:01, 34.01it/s]
 57%|█████▋    | 45/79 [00:01<00:00, 34.60it/s]
 62%|██████▏   | 49/79 [00:01<00:00, 34.61it/s]
 67%|██████▋   | 53/79 [00:01<00:00, 34.31it/s]
 72%|███████▏  | 57/79 [00:01<00:00, 34.47it/s]
 77%|███████▋  | 61/79 [00:01<00:00, 34.47it/s]
 82%|████████▏ | 65/79 [00:01<00:00, 34.50it/s]
 87%|████████▋ | 69/79 [00:02<00:00, 35.17it/s]
 92%|█████████▏| 73/79 [00:02<00:00, 35.46it/s]
 97%|█████████▋| 77/79 [00:02<00:00, 35.91it/s]
100%|██████████| 79/79 [00:02<00:00, 34.07it/s]

CommRound: 11/30
Accuracy: 12.69% | Loss: 3.0863
[######################--------------------------------------] 36.7%
Elapsed: 1.8m | Avg/Round: 10.0s | Last: 9.3s | Next: 10.0s | Remaining: 3.2m
ETA: 11:28:48
Recent round times: R1: 9.4s -> R2: 10.1s -> R3: 9.6s -> R4: 9.9s -> R5: 9.3s

  0%|          | 0/79 [00:00<?, ?it/s]
  1%|▏         | 1/79 [00:00<00:09,  8.29it/s]
  6%|▋         | 5/79 [00:00<00:03, 23.41it/s]
 10%|█         | 8/79 [00:00<00:02, 23.88it/s]
 15%|█▌        | 12/79 [00:00<00:02, 28.23it/s]
 20%|██        | 16/79 [00:00<00:02, 30.35it/s]
 25%|██▌       | 20/79 [00:00<00:01, 32.06it/s]
 30%|███       | 24/79 [00:00<00:01, 33.33it/s]
 35%|███▌      | 28/79 [00:00<00:01, 33.88it/s]
 41%|████      | 32/79 [00:01<00:01, 34.39it/s]
 46%|████▌     | 36/79 [00:01<00:01, 34.38it/s]
 51%|█████     | 40/79 [00:01<00:01, 34.36it/s]
 56%|█████▌    | 44/79 [00:01<00:01, 34.39it/s]
 61%|██████    | 48/79 [00:01<00:00, 34.47it/s]
 66%|██████▌   | 52/79 [00:01<00:00, 34.62it/s]
 71%|███████   | 56/79 [00:01<00:00, 35.06it/s]
 76%|███████▌  | 60/79 [00:01<00:00, 35.57it/s]
 81%|████████  | 64/79 [00:01<00:00, 35.67it/s]
 86%|████████▌ | 68/79 [00:02<00:00, 35.50it/s]
 91%|█████████ | 72/79 [00:02<00:00, 33.57it/s]
 96%|█████████▌| 76/79 [00:02<00:00, 34.00it/s]
100%|██████████| 79/79 [00:02<00:00, 33.00it/s]

CommRound: 12/30
Accuracy: 12.70% | Loss: 3.0870
[########################------------------------------------] 40.0%
Elapsed: 2.0m | Avg/Round: 10.0s | Last: 9.4s | Next: 10.0s | Remaining: 3.0m
ETA: 11:28:46
Recent round times: R1: 10.1s -> R2: 9.6s -> R3: 9.9s -> R4: 9.3s -> R5: 9.4s

  0%|          | 0/79 [00:00<?, ?it/s]
  1%|▏         | 1/79 [00:00<00:09,  8.52it/s]
  6%|▋         | 5/79 [00:00<00:03, 21.73it/s]
 11%|█▏        | 9/79 [00:00<00:02, 26.59it/s]
 15%|█▌        | 12/79 [00:00<00:02, 26.89it/s]
 20%|██        | 16/79 [00:00<00:02, 28.31it/s]
 25%|██▌       | 20/79 [00:00<00:01, 29.57it/s]
 30%|███       | 24/79 [00:00<00:01, 29.65it/s]
 35%|███▌      | 28/79 [00:01<00:01, 29.76it/s]
 41%|████      | 32/79 [00:01<00:01, 30.38it/s]
 46%|████▌     | 36/79 [00:01<00:01, 30.73it/s]
 51%|█████     | 40/79 [00:01<00:01, 30.95it/s]
 56%|█████▌    | 44/79 [00:01<00:01, 30.48it/s]
 61%|██████    | 48/79 [00:01<00:01, 30.43it/s]
 66%|██████▌   | 52/79 [00:01<00:00, 30.59it/s]
 71%|███████   | 56/79 [00:01<00:00, 30.67it/s]
 76%|███████▌  | 60/79 [00:02<00:00, 30.49it/s]
 81%|████████  | 64/79 [00:02<00:00, 30.26it/s]
 86%|████████▌ | 68/79 [00:02<00:00, 30.41it/s]
 91%|█████████ | 72/79 [00:02<00:00, 30.77it/s]
 96%|█████████▌| 76/79 [00:02<00:00, 31.11it/s]
100%|██████████| 79/79 [00:02<00:00, 29.79it/s]

CommRound: 13/30
Accuracy: 12.71% | Loss: 3.0868
[##########################----------------------------------] 43.3%
Elapsed: 2.2m | Avg/Round: 10.0s | Last: 9.7s | Next: 10.0s | Remaining: 2.8m
ETA: 11:28:46
Recent round times: R1: 9.6s -> R2: 9.9s -> R3: 9.3s -> R4: 9.4s -> R5: 9.7s

  0%|          | 0/79 [00:00<?, ?it/s]
  1%|▏         | 1/79 [00:00<00:09,  7.83it/s]
  6%|▋         | 5/79 [00:00<00:03, 18.73it/s]
 11%|█▏        | 9/79 [00:00<00:03, 21.53it/s]
 16%|█▋        | 13/79 [00:00<00:02, 22.60it/s]
 22%|██▏       | 17/79 [00:00<00:02, 24.13it/s]
 27%|██▋       | 21/79 [00:00<00:02, 25.16it/s]
 32%|███▏      | 25/79 [00:01<00:02, 25.73it/s]
 37%|███▋      | 29/79 [00:01<00:01, 26.36it/s]
 42%|████▏     | 33/79 [00:01<00:01, 26.63it/s]
 47%|████▋     | 37/79 [00:01<00:01, 26.83it/s]
 52%|█████▏    | 41/79 [00:01<00:01, 26.73it/s]
 57%|█████▋    | 45/79 [00:01<00:01, 26.93it/s]
 62%|██████▏   | 49/79 [00:01<00:01, 26.34it/s]
 67%|██████▋   | 53/79 [00:02<00:01, 25.45it/s]
 72%|███████▏  | 57/79 [00:02<00:00, 27.60it/s]
 77%|███████▋  | 61/79 [00:02<00:00, 29.34it/s]
 82%|████████▏ | 65/79 [00:02<00:00, 29.57it/s]
 87%|████████▋ | 69/79 [00:02<00:00, 29.82it/s]
 92%|█████████▏| 73/79 [00:02<00:00, 29.66it/s]
 97%|█████████▋| 77/79 [00:02<00:00, 30.95it/s]
100%|██████████| 79/79 [00:02<00:00, 27.11it/s]

CommRound: 14/30
Accuracy: 12.79% | Loss: 3.0860
[############################--------------------------------] 46.7%
Elapsed: 2.3m | Avg/Round: 10.0s | Last: 9.8s | Next: 10.0s | Remaining: 2.7m
ETA: 11:28:45
Recent round times: R1: 9.9s -> R2: 9.3s -> R3: 9.4s -> R4: 9.7s -> R5: 9.8s

  0%|          | 0/79 [00:00<?, ?it/s]
  1%|▏         | 1/79 [00:00<00:11,  6.99it/s]
  6%|▋         | 5/79 [00:00<00:03, 20.01it/s]
 11%|█▏        | 9/79 [00:00<00:02, 23.94it/s]
 16%|█▋        | 13/79 [00:00<00:02, 26.59it/s]
 22%|██▏       | 17/79 [00:00<00:02, 27.56it/s]
 27%|██▋       | 21/79 [00:00<00:02, 28.81it/s]
 32%|███▏      | 25/79 [00:00<00:01, 29.24it/s]
 37%|███▋      | 29/79 [00:01<00:01, 29.79it/s]
 42%|████▏     | 33/79 [00:01<00:01, 30.09it/s]
 47%|████▋     | 37/79 [00:01<00:01, 30.27it/s]
 52%|█████▏    | 41/79 [00:01<00:01, 29.72it/s]
 56%|█████▌    | 44/79 [00:01<00:01, 27.92it/s]
 61%|██████    | 48/79 [00:01<00:01, 28.34it/s]
 66%|██████▌   | 52/79 [00:01<00:00, 28.30it/s]
 71%|███████   | 56/79 [00:02<00:00, 28.56it/s]
 76%|███████▌  | 60/79 [00:02<00:00, 28.34it/s]
 81%|████████  | 64/79 [00:02<00:00, 28.95it/s]
 86%|████████▌ | 68/79 [00:02<00:00, 29.21it/s]
 91%|█████████ | 72/79 [00:02<00:00, 29.21it/s]
 96%|█████████▌| 76/79 [00:02<00:00, 29.93it/s]
100%|██████████| 79/79 [00:02<00:00, 28.43it/s]

CommRound: 15/30
Accuracy: 12.82% | Loss: 3.0848
[##############################------------------------------] 50.0%
Elapsed: 2.5m | Avg/Round: 9.9s | Last: 9.8s | Next: 9.9s | Remaining: 2.5m
ETA: 11:28:45
Recent round times: R1: 9.3s -> R2: 9.4s -> R3: 9.7s -> R4: 9.8s -> R5: 9.8s

  0%|          | 0/79 [00:00<?, ?it/s]
  1%|▏         | 1/79 [00:00<00:08,  8.97it/s]
  6%|▋         | 5/79 [00:00<00:03, 24.32it/s]
 11%|█▏        | 9/79 [00:00<00:02, 29.04it/s]
 16%|█▋        | 13/79 [00:00<00:02, 31.10it/s]
 22%|██▏       | 17/79 [00:00<00:01, 32.46it/s]
 27%|██▋       | 21/79 [00:00<00:01, 33.64it/s]
 32%|███▏      | 25/79 [00:00<00:01, 34.31it/s]
 37%|███▋      | 29/79 [00:00<00:01, 34.72it/s]
 42%|████▏     | 33/79 [00:01<00:01, 35.00it/s]
 47%|████▋     | 37/79 [00:01<00:01, 35.17it/s]
 52%|█████▏    | 41/79 [00:01<00:01, 35.07it/s]
 57%|█████▋    | 45/79 [00:01<00:00, 35.26it/s]
 62%|██████▏   | 49/79 [00:01<00:00, 35.26it/s]
 67%|██████▋   | 53/79 [00:01<00:00, 35.43it/s]
 72%|███████▏  | 57/79 [00:01<00:00, 35.46it/s]
 77%|███████▋  | 61/79 [00:01<00:00, 35.57it/s]
 82%|████████▏ | 65/79 [00:01<00:00, 35.60it/s]
 87%|████████▋ | 69/79 [00:02<00:00, 35.49it/s]
 92%|█████████▏| 73/79 [00:02<00:00, 34.82it/s]
 97%|█████████▋| 77/79 [00:02<00:00, 35.22it/s]
100%|██████████| 79/79 [00:02<00:00, 34.27it/s]

CommRound: 16/30
Accuracy: 12.89% | Loss: 3.0830
[################################----------------------------] 53.3%
Elapsed: 2.6m | Avg/Round: 9.9s | Last: 9.3s | Next: 9.9s | Remaining: 2.3m
ETA: 11:28:44
Recent round times: R1: 9.4s -> R2: 9.7s -> R3: 9.8s -> R4: 9.8s -> R5: 9.3s

  0%|          | 0/79 [00:00<?, ?it/s]
  1%|▏         | 1/79 [00:00<00:08,  9.14it/s]
  6%|▋         | 5/79 [00:00<00:03, 21.95it/s]
 11%|█▏        | 9/79 [00:00<00:02, 24.50it/s]
 16%|█▋        | 13/79 [00:00<00:02, 25.04it/s]
 22%|██▏       | 17/79 [00:00<00:02, 25.74it/s]
 27%|██▋       | 21/79 [00:00<00:02, 26.11it/s]
 30%|███       | 24/79 [00:00<00:02, 27.04it/s]
 34%|███▍      | 27/79 [00:01<00:02, 24.89it/s]
 38%|███▊      | 30/79 [00:01<00:01, 25.75it/s]
 42%|████▏     | 33/79 [00:01<00:01, 25.58it/s]
 46%|████▌     | 36/79 [00:01<00:01, 26.42it/s]
 49%|████▉     | 39/79 [00:01<00:01, 26.32it/s]
 54%|█████▍    | 43/79 [00:01<00:01, 28.72it/s]
 59%|█████▉    | 47/79 [00:01<00:01, 30.62it/s]
 65%|██████▍   | 51/79 [00:01<00:00, 31.98it/s]
 70%|██████▉   | 55/79 [00:01<00:00, 32.96it/s]
 75%|███████▍  | 59/79 [00:02<00:00, 32.28it/s]
 80%|███████▉  | 63/79 [00:02<00:00, 33.58it/s]
 85%|████████▍ | 67/79 [00:02<00:00, 34.02it/s]
 90%|████████▉ | 71/79 [00:02<00:00, 34.43it/s]
 95%|█████████▍| 75/79 [00:02<00:00, 34.60it/s]
100%|██████████| 79/79 [00:02<00:00, 29.39it/s]

CommRound: 17/30
Accuracy: 12.92% | Loss: 3.0813
[##################################--------------------------] 56.7%
Elapsed: 2.8m | Avg/Round: 9.9s | Last: 9.7s | Next: 9.9s | Remaining: 2.1m
ETA: 11:28:43
Recent round times: R1: 9.7s -> R2: 9.8s -> R3: 9.8s -> R4: 9.3s -> R5: 9.7s

  0%|          | 0/79 [00:00<?, ?it/s]
  1%|▏         | 1/79 [00:00<00:09,  8.44it/s]
  6%|▋         | 5/79 [00:00<00:03, 23.42it/s]
 11%|█▏        | 9/79 [00:00<00:02, 27.56it/s]
 16%|█▋        | 13/79 [00:00<00:02, 30.03it/s]
 22%|██▏       | 17/79 [00:00<00:02, 29.24it/s]
 27%|██▋       | 21/79 [00:00<00:02, 27.88it/s]
 32%|███▏      | 25/79 [00:00<00:01, 27.18it/s]
 37%|███▋      | 29/79 [00:01<00:01, 26.71it/s]
 42%|████▏     | 33/79 [00:01<00:01, 26.41it/s]
 47%|████▋     | 37/79 [00:01<00:01, 26.71it/s]
 52%|█████▏    | 41/79 [00:01<00:01, 26.54it/s]
 57%|█████▋    | 45/79 [00:01<00:01, 27.11it/s]
 62%|██████▏   | 49/79 [00:01<00:01, 27.43it/s]
 67%|██████▋   | 53/79 [00:01<00:00, 27.50it/s]
 72%|███████▏  | 57/79 [00:02<00:00, 27.27it/s]
 77%|███████▋  | 61/79 [00:02<00:00, 26.97it/s]
 82%|████████▏ | 65/79 [00:02<00:00, 27.78it/s]
 87%|████████▋ | 69/79 [00:02<00:00, 29.56it/s]
 92%|█████████▏| 73/79 [00:02<00:00, 31.12it/s]
 97%|█████████▋| 77/79 [00:02<00:00, 32.38it/s]
100%|██████████| 79/79 [00:02<00:00, 28.44it/s]

CommRound: 18/30
Accuracy: 12.95% | Loss: 3.0794
[####################################------------------------] 60.0%
Elapsed: 3.0m | Avg/Round: 9.9s | Last: 9.8s | Next: 9.9s | Remaining: 2.0m
ETA: 11:28:43
Recent round times: R1: 9.8s -> R2: 9.8s -> R3: 9.3s -> R4: 9.7s -> R5: 9.8s

  0%|          | 0/79 [00:00<?, ?it/s]
  1%|▏         | 1/79 [00:00<00:08,  8.99it/s]
  6%|▋         | 5/79 [00:00<00:03, 23.67it/s]
 11%|█▏        | 9/79 [00:00<00:02, 28.19it/s]
 16%|█▋        | 13/79 [00:00<00:02, 30.23it/s]
 22%|██▏       | 17/79 [00:00<00:02, 30.59it/s]
 27%|██▋       | 21/79 [00:00<00:01, 29.93it/s]
 32%|███▏      | 25/79 [00:00<00:01, 29.64it/s]
 37%|███▋      | 29/79 [00:01<00:01, 29.31it/s]
 42%|████▏     | 33/79 [00:01<00:01, 29.28it/s]
 47%|████▋     | 37/79 [00:01<00:01, 29.97it/s]
 52%|█████▏    | 41/79 [00:01<00:01, 31.11it/s]
 57%|█████▋    | 45/79 [00:01<00:01, 30.74it/s]
 62%|██████▏   | 49/79 [00:01<00:00, 30.18it/s]
 67%|██████▋   | 53/79 [00:01<00:00, 30.06it/s]
 72%|███████▏  | 57/79 [00:01<00:00, 30.20it/s]
 77%|███████▋  | 61/79 [00:02<00:00, 30.40it/s]
 82%|████████▏ | 65/79 [00:02<00:00, 30.28it/s]
 87%|████████▋ | 69/79 [00:02<00:00, 30.21it/s]
 92%|█████████▏| 73/79 [00:02<00:00, 30.23it/s]
 97%|█████████▋| 77/79 [00:02<00:00, 30.32it/s]
100%|██████████| 79/79 [00:02<00:00, 30.01it/s]

CommRound: 19/30
Accuracy: 12.98% | Loss: 3.0776
[######################################----------------------] 63.3%
Elapsed: 3.1m | Avg/Round: 9.9s | Last: 9.5s | Next: 9.9s | Remaining: 1.8m
ETA: 11:28:43
Recent round times: R1: 9.8s -> R2: 9.3s -> R3: 9.7s -> R4: 9.8s -> R5: 9.5s

  0%|          | 0/79 [00:00<?, ?it/s]
  1%|▏         | 1/79 [00:00<00:08,  9.37it/s]
  6%|▋         | 5/79 [00:00<00:03, 24.48it/s]
 11%|█▏        | 9/79 [00:00<00:02, 28.23it/s]
 16%|█▋        | 13/79 [00:00<00:02, 30.47it/s]
 22%|██▏       | 17/79 [00:00<00:01, 31.70it/s]
 27%|██▋       | 21/79 [00:00<00:01, 32.39it/s]
 32%|███▏      | 25/79 [00:00<00:01, 33.00it/s]
 37%|███▋      | 29/79 [00:00<00:01, 33.52it/s]
 42%|████▏     | 33/79 [00:01<00:01, 33.93it/s]
 47%|████▋     | 37/79 [00:01<00:01, 32.92it/s]
 52%|█████▏    | 41/79 [00:01<00:01, 33.59it/s]
 57%|█████▋    | 45/79 [00:01<00:00, 34.24it/s]
 62%|██████▏   | 49/79 [00:01<00:00, 34.68it/s]
 67%|██████▋   | 53/79 [00:01<00:00, 34.89it/s]
 72%|███████▏  | 57/79 [00:01<00:00, 35.04it/s]
 77%|███████▋  | 61/79 [00:01<00:00, 35.24it/s]
 82%|████████▏ | 65/79 [00:01<00:00, 35.35it/s]
 87%|████████▋ | 69/79 [00:02<00:00, 35.20it/s]
 92%|█████████▏| 73/79 [00:02<00:00, 35.18it/s]
 97%|█████████▋| 77/79 [00:02<00:00, 33.99it/s]
100%|██████████| 79/79 [00:02<00:00, 33.32it/s]

CommRound: 20/30
Accuracy: 13.03% | Loss: 3.0755
[########################################--------------------] 66.7%
Elapsed: 3.3m | Avg/Round: 9.8s | Last: 9.3s | Next: 9.8s | Remaining: 1.6m
ETA: 11:28:42
Recent round times: R1: 9.3s -> R2: 9.7s -> R3: 9.8s -> R4: 9.5s -> R5: 9.3s

  0%|          | 0/79 [00:00<?, ?it/s]
  1%|▏         | 1/79 [00:00<00:09,  7.95it/s]
  6%|▋         | 5/79 [00:00<00:03, 24.41it/s]
 11%|█▏        | 9/79 [00:00<00:02, 28.04it/s]
 16%|█▋        | 13/79 [00:00<00:02, 28.35it/s]
 22%|██▏       | 17/79 [00:00<00:02, 28.67it/s]
 27%|██▋       | 21/79 [00:00<00:01, 29.21it/s]
 32%|███▏      | 25/79 [00:00<00:01, 29.47it/s]
 37%|███▋      | 29/79 [00:01<00:01, 29.40it/s]
 42%|████▏     | 33/79 [00:01<00:01, 29.46it/s]
 47%|████▋     | 37/79 [00:01<00:01, 29.52it/s]
 52%|█████▏    | 41/79 [00:01<00:01, 29.49it/s]
 57%|█████▋    | 45/79 [00:01<00:01, 29.41it/s]
 62%|██████▏   | 49/79 [00:01<00:01, 29.39it/s]
 67%|██████▋   | 53/79 [00:01<00:00, 29.30it/s]
 72%|███████▏  | 57/79 [00:01<00:00, 29.25it/s]
 77%|███████▋  | 61/79 [00:02<00:00, 29.57it/s]
 82%|████████▏ | 65/79 [00:02<00:00, 30.30it/s]
 87%|████████▋ | 69/79 [00:02<00:00, 29.22it/s]
 92%|█████████▏| 73/79 [00:02<00:00, 30.51it/s]
 97%|█████████▋| 77/79 [00:02<00:00, 31.60it/s]
100%|██████████| 79/79 [00:02<00:00, 29.67it/s]

CommRound: 21/30
Accuracy: 13.09% | Loss: 3.0737
[##########################################------------------] 70.0%
Elapsed: 3.4m | Avg/Round: 9.8s | Last: 9.6s | Next: 9.8s | Remaining: 1.5m
ETA: 11:28:41
Recent round times: R1: 9.7s -> R2: 9.8s -> R3: 9.5s -> R4: 9.3s -> R5: 9.6s

  0%|          | 0/79 [00:00<?, ?it/s]
  1%|▏         | 1/79 [00:00<00:08,  8.89it/s]
  6%|▋         | 5/79 [00:00<00:03, 23.93it/s]
 11%|█▏        | 9/79 [00:00<00:02, 29.26it/s]
 16%|█▋        | 13/79 [00:00<00:02, 31.60it/s]
 22%|██▏       | 17/79 [00:00<00:01, 32.47it/s]
 27%|██▋       | 21/79 [00:00<00:01, 32.88it/s]
 32%|███▏      | 25/79 [00:00<00:01, 33.35it/s]
 37%|███▋      | 29/79 [00:00<00:01, 33.58it/s]
 42%|████▏     | 33/79 [00:01<00:01, 33.89it/s]
 47%|████▋     | 37/79 [00:01<00:01, 34.03it/s]
 52%|█████▏    | 41/79 [00:01<00:01, 34.11it/s]
 57%|█████▋    | 45/79 [00:01<00:00, 34.02it/s]
 62%|██████▏   | 49/79 [00:01<00:01, 28.22it/s]
 66%|██████▌   | 52/79 [00:01<00:00, 28.30it/s]
 70%|██████▉   | 55/79 [00:01<00:00, 24.18it/s]
 75%|███████▍  | 59/79 [00:02<00:00, 25.06it/s]
 78%|███████▊  | 62/79 [00:02<00:00, 25.22it/s]
 82%|████████▏ | 65/79 [00:02<00:00, 25.99it/s]
 86%|████████▌ | 68/79 [00:02<00:00, 23.73it/s]
 91%|█████████ | 72/79 [00:02<00:00, 23.10it/s]
 96%|█████████▌| 76/79 [00:02<00:00, 23.60it/s]
100%|██████████| 79/79 [00:02<00:00, 27.97it/s]

CommRound: 22/30
Accuracy: 13.11% | Loss: 3.0718
[############################################----------------] 73.3%
Elapsed: 3.6m | Avg/Round: 9.8s | Last: 10.1s | Next: 9.8s | Remaining: 1.3m
ETA: 11:28:42
Recent round times: R1: 9.8s -> R2: 9.5s -> R3: 9.3s -> R4: 9.6s -> R5: 10.1s

  0%|          | 0/79 [00:00<?, ?it/s]
  1%|▏         | 1/79 [00:00<00:08,  9.52it/s]
  6%|▋         | 5/79 [00:00<00:02, 25.81it/s]
 11%|█▏        | 9/79 [00:00<00:02, 30.33it/s]
 16%|█▋        | 13/79 [00:00<00:02, 32.86it/s]
 22%|██▏       | 17/79 [00:00<00:01, 34.14it/s]
 27%|██▋       | 21/79 [00:00<00:01, 34.61it/s]
 32%|███▏      | 25/79 [00:00<00:01, 35.27it/s]
 37%|███▋      | 29/79 [00:00<00:01, 31.55it/s]
 42%|████▏     | 33/79 [00:01<00:01, 32.81it/s]
 47%|████▋     | 37/79 [00:01<00:01, 33.78it/s]
 52%|█████▏    | 41/79 [00:01<00:01, 34.22it/s]
 57%|█████▋    | 45/79 [00:01<00:00, 34.26it/s]
 62%|██████▏   | 49/79 [00:01<00:00, 33.93it/s]
 67%|██████▋   | 53/79 [00:01<00:00, 33.93it/s]
 72%|███████▏  | 57/79 [00:01<00:00, 33.74it/s]
 77%|███████▋  | 61/79 [00:01<00:00, 34.10it/s]
 82%|████████▏ | 65/79 [00:01<00:00, 34.59it/s]
 87%|████████▋ | 69/79 [00:02<00:00, 34.65it/s]
 92%|█████████▏| 73/79 [00:02<00:00, 34.46it/s]
 97%|█████████▋| 77/79 [00:02<00:00, 35.22it/s]
100%|██████████| 79/79 [00:02<00:00, 33.31it/s]

CommRound: 23/30
Accuracy: 13.11% | Loss: 3.0697
[##############################################--------------] 76.7%
Elapsed: 3.8m | Avg/Round: 9.8s | Last: 9.4s | Next: 9.8s | Remaining: 1.1m
ETA: 11:28:41
Recent round times: R1: 9.5s -> R2: 9.3s -> R3: 9.6s -> R4: 10.1s -> R5: 9.4s

  0%|          | 0/79 [00:00<?, ?it/s]
  1%|▏         | 1/79 [00:00<00:08,  8.99it/s]
  6%|▋         | 5/79 [00:00<00:02, 25.15it/s]
 11%|█▏        | 9/79 [00:00<00:02, 29.63it/s]
 16%|█▋        | 13/79 [00:00<00:02, 31.76it/s]
 22%|██▏       | 17/79 [00:00<00:01, 32.91it/s]
 27%|██▋       | 21/79 [00:00<00:01, 33.74it/s]
 32%|███▏      | 25/79 [00:00<00:01, 33.79it/s]
 37%|███▋      | 29/79 [00:00<00:01, 34.75it/s]
 42%|████▏     | 33/79 [00:01<00:01, 35.19it/s]
 47%|████▋     | 37/79 [00:01<00:01, 35.35it/s]
 52%|█████▏    | 41/79 [00:01<00:01, 35.25it/s]
 57%|█████▋    | 45/79 [00:01<00:00, 35.27it/s]
 62%|██████▏   | 49/79 [00:01<00:00, 35.32it/s]
 67%|██████▋   | 53/79 [00:01<00:00, 35.41it/s]
 72%|███████▏  | 57/79 [00:01<00:00, 35.16it/s]
 77%|███████▋  | 61/79 [00:01<00:00, 35.04it/s]
 82%|████████▏ | 65/79 [00:01<00:00, 34.88it/s]
 87%|████████▋ | 69/79 [00:02<00:00, 35.02it/s]
 92%|█████████▏| 73/79 [00:02<00:00, 34.74it/s]
 97%|█████████▋| 77/79 [00:02<00:00, 35.02it/s]
100%|██████████| 79/79 [00:02<00:00, 33.75it/s]

CommRound: 24/30
Accuracy: 13.15% | Loss: 3.0679
[################################################------------] 80.0%
Elapsed: 3.9m | Avg/Round: 9.8s | Last: 9.3s | Next: 9.8s | Remaining: 1.0m
ETA: 11:28:41
Recent round times: R1: 9.3s -> R2: 9.6s -> R3: 10.1s -> R4: 9.4s -> R5: 9.3s

  0%|          | 0/79 [00:00<?, ?it/s]
  1%|▏         | 1/79 [00:00<00:07,  9.84it/s]
  6%|▋         | 5/79 [00:00<00:02, 26.61it/s]
 11%|█▏        | 9/79 [00:00<00:02, 30.41it/s]
 16%|█▋        | 13/79 [00:00<00:02, 31.12it/s]
 22%|██▏       | 17/79 [00:00<00:01, 31.78it/s]
 27%|██▋       | 21/79 [00:00<00:01, 32.05it/s]
 32%|███▏      | 25/79 [00:00<00:01, 32.23it/s]
 37%|███▋      | 29/79 [00:00<00:01, 32.38it/s]
 42%|████▏     | 33/79 [00:01<00:01, 32.53it/s]
 47%|████▋     | 37/79 [00:01<00:01, 32.49it/s]
 52%|█████▏    | 41/79 [00:01<00:01, 32.83it/s]
 57%|█████▋    | 45/79 [00:01<00:01, 33.43it/s]
 62%|██████▏   | 49/79 [00:01<00:00, 32.80it/s]
 67%|██████▋   | 53/79 [00:01<00:00, 33.26it/s]
 72%|███████▏  | 57/79 [00:01<00:00, 33.78it/s]
 77%|███████▋  | 61/79 [00:01<00:00, 33.70it/s]
 82%|████████▏ | 65/79 [00:02<00:00, 34.28it/s]
 87%|████████▋ | 69/79 [00:02<00:00, 34.06it/s]
 92%|█████████▏| 73/79 [00:02<00:00, 34.26it/s]
 97%|█████████▋| 77/79 [00:02<00:00, 34.83it/s]
100%|██████████| 79/79 [00:02<00:00, 32.54it/s]

CommRound: 25/30
Accuracy: 13.17% | Loss: 3.0663
[##################################################----------] 83.3%
Elapsed: 4.1m | Avg/Round: 9.8s | Last: 9.4s | Next: 9.8s | Remaining: 0.8m
ETA: 11:28:40
Recent round times: R1: 9.6s -> R2: 10.1s -> R3: 9.4s -> R4: 9.3s -> R5: 9.4s

  0%|          | 0/79 [00:00<?, ?it/s]
  1%|▏         | 1/79 [00:00<00:08,  9.03it/s]
  6%|▋         | 5/79 [00:00<00:03, 24.28it/s]
 11%|█▏        | 9/79 [00:00<00:02, 27.96it/s]
 16%|█▋        | 13/79 [00:00<00:02, 29.94it/s]
 20%|██        | 16/79 [00:00<00:02, 29.61it/s]
 25%|██▌       | 20/79 [00:00<00:01, 30.41it/s]
 30%|███       | 24/79 [00:00<00:01, 31.04it/s]
 35%|███▌      | 28/79 [00:00<00:01, 31.49it/s]
 41%|████      | 32/79 [00:01<00:01, 31.90it/s]
 46%|████▌     | 36/79 [00:01<00:01, 32.21it/s]
 51%|█████     | 40/79 [00:01<00:01, 32.35it/s]
 56%|█████▌    | 44/79 [00:01<00:01, 32.43it/s]
 61%|██████    | 48/79 [00:01<00:00, 32.59it/s]
 66%|██████▌   | 52/79 [00:01<00:00, 32.66it/s]
 71%|███████   | 56/79 [00:01<00:00, 32.69it/s]
 76%|███████▌  | 60/79 [00:01<00:00, 32.90it/s]
 81%|████████  | 64/79 [00:02<00:00, 32.97it/s]
 86%|████████▌ | 68/79 [00:02<00:00, 32.93it/s]
 91%|█████████ | 72/79 [00:02<00:00, 32.93it/s]
 96%|█████████▌| 76/79 [00:02<00:00, 32.68it/s]
100%|██████████| 79/79 [00:02<00:00, 31.68it/s]

CommRound: 26/30
Accuracy: 13.21% | Loss: 3.0643
[####################################################--------] 86.7%
Elapsed: 4.2m | Avg/Round: 9.8s | Last: 9.3s | Next: 9.8s | Remaining: 0.7m
ETA: 11:28:39
Recent round times: R1: 10.1s -> R2: 9.4s -> R3: 9.3s -> R4: 9.4s -> R5: 9.3s

  0%|          | 0/79 [00:00<?, ?it/s]
  1%|▏         | 1/79 [00:00<00:08,  8.88it/s]
  6%|▋         | 5/79 [00:00<00:03, 21.70it/s]
 10%|█         | 8/79 [00:00<00:03, 20.77it/s]
 14%|█▍        | 11/79 [00:00<00:03, 18.97it/s]
 19%|█▉        | 15/79 [00:00<00:02, 23.42it/s]
 23%|██▎       | 18/79 [00:00<00:02, 23.87it/s]
 28%|██▊       | 22/79 [00:00<00:02, 25.61it/s]
 33%|███▎      | 26/79 [00:01<00:02, 25.64it/s]
 37%|███▋      | 29/79 [00:01<00:01, 26.23it/s]
 41%|████      | 32/79 [00:01<00:01, 23.62it/s]
 46%|████▌     | 36/79 [00:01<00:01, 25.91it/s]
 49%|████▉     | 39/79 [00:01<00:01, 25.69it/s]
 53%|█████▎    | 42/79 [00:01<00:01, 25.76it/s]
 58%|█████▊    | 46/79 [00:01<00:01, 25.31it/s]
 63%|██████▎   | 50/79 [00:02<00:01, 25.54it/s]
 68%|██████▊   | 54/79 [00:02<00:00, 27.87it/s]
 73%|███████▎  | 58/79 [00:02<00:00, 29.74it/s]
 78%|███████▊  | 62/79 [00:02<00:00, 31.20it/s]
 84%|████████▎ | 66/79 [00:02<00:00, 32.10it/s]
 89%|████████▊ | 70/79 [00:02<00:00, 32.89it/s]
 94%|█████████▎| 74/79 [00:02<00:00, 33.47it/s]
 99%|█████████▊| 78/79 [00:02<00:00, 34.32it/s]
100%|██████████| 79/79 [00:02<00:00, 27.38it/s]

CommRound: 27/30
Accuracy: 13.22% | Loss: 3.0628
[######################################################------] 90.0%
Elapsed: 4.4m | Avg/Round: 9.8s | Last: 9.8s | Next: 9.8s | Remaining: 0.5m
ETA: 11:28:39
Recent round times: R1: 9.4s -> R2: 9.3s -> R3: 9.4s -> R4: 9.3s -> R5: 9.8s

  0%|          | 0/79 [00:00<?, ?it/s]
  1%|▏         | 1/79 [00:00<00:08,  9.61it/s]
  6%|▋         | 5/79 [00:00<00:02, 25.25it/s]
 11%|█▏        | 9/79 [00:00<00:02, 29.29it/s]
 16%|█▋        | 13/79 [00:00<00:02, 31.89it/s]
 22%|██▏       | 17/79 [00:00<00:01, 33.43it/s]
 27%|██▋       | 21/79 [00:00<00:01, 34.41it/s]
 32%|███▏      | 25/79 [00:00<00:01, 35.22it/s]
 37%|███▋      | 29/79 [00:00<00:01, 34.68it/s]
 42%|████▏     | 33/79 [00:01<00:01, 34.33it/s]
 47%|████▋     | 37/79 [00:01<00:01, 34.00it/s]
 52%|█████▏    | 41/79 [00:01<00:01, 33.77it/s]
 57%|█████▋    | 45/79 [00:01<00:01, 33.93it/s]
 62%|██████▏   | 49/79 [00:01<00:00, 34.63it/s]
 67%|██████▋   | 53/79 [00:01<00:00, 35.11it/s]
 72%|███████▏  | 57/79 [00:01<00:00, 35.39it/s]
 77%|███████▋  | 61/79 [00:01<00:00, 33.88it/s]
 82%|████████▏ | 65/79 [00:01<00:00, 32.79it/s]
 87%|████████▋ | 69/79 [00:02<00:00, 32.18it/s]
 92%|█████████▏| 73/79 [00:02<00:00, 32.08it/s]
 97%|█████████▋| 77/79 [00:02<00:00, 32.11it/s]
100%|██████████| 79/79 [00:02<00:00, 32.98it/s]

CommRound: 28/30
Accuracy: 13.23% | Loss: 3.0610
[########################################################----] 93.3%
Elapsed: 4.5m | Avg/Round: 9.7s | Last: 9.3s | Next: 9.7s | Remaining: 0.3m
ETA: 11:28:39
Recent round times: R1: 9.3s -> R2: 9.4s -> R3: 9.3s -> R4: 9.8s -> R5: 9.3s

  0%|          | 0/79 [00:00<?, ?it/s]
  1%|▏         | 1/79 [00:00<00:08,  9.37it/s]
  6%|▋         | 5/79 [00:00<00:03, 24.31it/s]
 11%|█▏        | 9/79 [00:00<00:02, 28.99it/s]
 16%|█▋        | 13/79 [00:00<00:02, 31.32it/s]
 22%|██▏       | 17/79 [00:00<00:02, 29.62it/s]
 25%|██▌       | 20/79 [00:00<00:02, 25.81it/s]
 29%|██▉       | 23/79 [00:00<00:02, 22.51it/s]
 33%|███▎      | 26/79 [00:01<00:02, 22.70it/s]
 37%|███▋      | 29/79 [00:01<00:02, 22.33it/s]
 42%|████▏     | 33/79 [00:01<00:01, 25.88it/s]
 47%|████▋     | 37/79 [00:01<00:01, 28.64it/s]
 51%|█████     | 40/79 [00:01<00:01, 28.69it/s]
 56%|█████▌    | 44/79 [00:01<00:01, 30.18it/s]
 61%|██████    | 48/79 [00:01<00:00, 31.38it/s]
 66%|██████▌   | 52/79 [00:01<00:00, 31.69it/s]
 71%|███████   | 56/79 [00:02<00:00, 32.13it/s]
 76%|███████▌  | 60/79 [00:02<00:00, 32.25it/s]
 81%|████████  | 64/79 [00:02<00:00, 32.34it/s]
 86%|████████▌ | 68/79 [00:02<00:00, 32.19it/s]
 91%|█████████ | 72/79 [00:02<00:00, 32.21it/s]
 96%|█████████▌| 76/79 [00:02<00:00, 32.15it/s]
100%|██████████| 79/79 [00:02<00:00, 29.14it/s]

CommRound: 29/30
Accuracy: 13.24% | Loss: 3.0596
[##########################################################--] 96.7%
Elapsed: 4.7m | Avg/Round: 9.7s | Last: 9.6s | Next: 9.7s | Remaining: 0.2m
ETA: 11:28:39
Recent round times: R1: 9.4s -> R2: 9.3s -> R3: 9.8s -> R4: 9.3s -> R5: 9.6s

  0%|          | 0/79 [00:00<?, ?it/s]
  1%|▏         | 1/79 [00:00<00:08,  9.57it/s]
  6%|▋         | 5/79 [00:00<00:02, 25.24it/s]
 11%|█▏        | 9/79 [00:00<00:02, 28.02it/s]
 16%|█▋        | 13/79 [00:00<00:02, 30.55it/s]
 22%|██▏       | 17/79 [00:00<00:01, 32.11it/s]
 27%|██▋       | 21/79 [00:00<00:01, 32.97it/s]
 32%|███▏      | 25/79 [00:00<00:01, 33.61it/s]
 37%|███▋      | 29/79 [00:00<00:01, 33.91it/s]
 42%|████▏     | 33/79 [00:01<00:01, 29.75it/s]
 47%|████▋     | 37/79 [00:01<00:01, 26.98it/s]
 52%|█████▏    | 41/79 [00:01<00:01, 25.75it/s]
 57%|█████▋    | 45/79 [00:01<00:01, 24.81it/s]
 61%|██████    | 48/79 [00:01<00:01, 25.89it/s]
 65%|██████▍   | 51/79 [00:01<00:01, 23.96it/s]
 68%|██████▊   | 54/79 [00:01<00:00, 25.06it/s]
 72%|███████▏  | 57/79 [00:02<00:00, 23.98it/s]
 76%|███████▌  | 60/79 [00:02<00:00, 25.12it/s]
 80%|███████▉  | 63/79 [00:02<00:00, 24.17it/s]
 84%|████████▎ | 66/79 [00:02<00:00, 25.49it/s]
 87%|████████▋ | 69/79 [00:02<00:00, 24.55it/s]
 92%|█████████▏| 73/79 [00:02<00:00, 24.59it/s]
 97%|█████████▋| 77/79 [00:02<00:00, 24.70it/s]
100%|██████████| 79/79 [00:02<00:00, 26.66it/s]

CommRound: 30/30
Accuracy: 13.27% | Loss: 3.0576
[############################################################] 100.0%
Elapsed: 4.9m | Avg/Round: 9.7s | Last: 9.9s | Next: 9.7s | Remaining: 0.0m
ETA: 11:28:39
Recent round times: R1: 9.3s -> R2: 9.8s -> R3: 9.3s -> R4: 9.6s -> R5: 9.9s
Total time for experiment: 292.3909430503845 seconds
Device average training time per communication round [s]:
    rpi (sld-rpi-09.ece.utexas.edu): 4.13 seconds
    mc1 (sld-mc1-09.ece.utexas.edu): 1.88 seconds
