Connecting to sld-rpi-09.ece.utexas.edu...
Successfully fetched dev0_pow_temp_log_exp128_run1.csv.
Connecting to sld-rpi-09.ece.utexas.edu...
Successfully fetched dev0_communication_log_exp128_run1.csv.
Connecting to sld-mc1-09.ece.utexas.edu...
Successfully fetched dev1_pow_temp_log_exp128_run1.csv.
Connecting to sld-mc1-09.ece.utexas.edu...
Successfully fetched dev1_communication_log_exp128_run1.csv.

Exp128
Experiment 128: 
	Global test accuracy [%]: 16.75 %
	No round found where all subsequent rounds have accuracy >= 90.00%.
	Average time per communication round [s]: 9.33 seconds
	Total wall clock time [s]: 306.44 seconds


Experiment 128:
	RPi avg. energy consumption per round [J]: 32.02 Joules
	MC1 avg. energy consumption per round [J]: 17.87 Joules
	Total avg. energy consumption per communication round [J]: 49.89 Joules
	Avg. amount of communicated data per communication round [MB]: 0.01 MB
	RPi avg. power consumption per round [W]: 5.25 Watts
	MC1 avg. power consumption per round [W]: 5.61 Watts
