Connecting to sld-rpi-09.ece.utexas.edu...
Successfully fetched dev0_pow_temp_log_exp211_run1.csv.
Connecting to sld-rpi-09.ece.utexas.edu...
Successfully fetched dev0_communication_log_exp211_run1.csv.
Connecting to sld-mc1-09.ece.utexas.edu...
Successfully fetched dev1_pow_temp_log_exp211_run1.csv.
Connecting to sld-mc1-09.ece.utexas.edu...
Successfully fetched dev1_communication_log_exp211_run1.csv.

Exp211
Experiment 211: 
	Global test accuracy [%]: 49.64 %
	No round found where all subsequent rounds have accuracy >= 90.00%.
	Average time per communication round [s]: 10.66 seconds
	Total wall clock time [s]: 188.86 seconds


Experiment 211:
	RPi avg. energy consumption per round [J]: 39.35 Joules
	MC1 avg. energy consumption per round [J]: 28.32 Joules
	Total avg. energy consumption per communication round [J]: 67.66 Joules
	Avg. amount of communicated data per communication round [MB]: 0.03 MB
	RPi avg. power consumption per round [W]: 5.41 Watts
	MC1 avg. power consumption per round [W]: 6.90 Watts
