
  0%|          | 0/79 [00:00<?, ?it/s]
  1%|▏         | 1/79 [00:00<00:08,  9.56it/s]
  6%|▋         | 5/79 [00:00<00:02, 26.33it/s]
 11%|█▏        | 9/79 [00:00<00:02, 30.53it/s]
 16%|█▋        | 13/79 [00:00<00:02, 32.08it/s]
 22%|██▏       | 17/79 [00:00<00:02, 29.13it/s]
 27%|██▋       | 21/79 [00:00<00:02, 28.72it/s]
 32%|███▏      | 25/79 [00:00<00:01, 30.20it/s]
 37%|███▋      | 29/79 [00:00<00:01, 31.05it/s]
 42%|████▏     | 33/79 [00:01<00:01, 32.01it/s]
 47%|████▋     | 37/79 [00:01<00:01, 32.80it/s]
 52%|█████▏    | 41/79 [00:01<00:01, 27.75it/s]
 56%|█████▌    | 44/79 [00:01<00:01, 27.95it/s]
 59%|█████▉    | 47/79 [00:01<00:01, 27.47it/s]
 65%|██████▍   | 51/79 [00:01<00:00, 29.63it/s]
 70%|██████▉   | 55/79 [00:01<00:00, 28.28it/s]
 75%|███████▍  | 59/79 [00:02<00:00, 28.71it/s]
 80%|███████▉  | 63/79 [00:02<00:00, 30.17it/s]
 85%|████████▍ | 67/79 [00:02<00:00, 30.78it/s]
 90%|████████▉ | 71/79 [00:02<00:00, 31.83it/s]
 95%|█████████▍| 75/79 [00:02<00:00, 32.78it/s]
100%|██████████| 79/79 [00:02<00:00, 30.58it/s]
Initial Accuracy: 8.49%; Initial Loss: 2.3240

  0%|          | 0/79 [00:00<?, ?it/s]
  1%|▏         | 1/79 [00:00<00:09,  8.35it/s]
  6%|▋         | 5/79 [00:00<00:03, 23.72it/s]
 11%|█▏        | 9/79 [00:00<00:02, 27.28it/s]
 16%|█▋        | 13/79 [00:00<00:02, 31.41it/s]
 22%|██▏       | 17/79 [00:00<00:01, 34.01it/s]
 27%|██▋       | 21/79 [00:00<00:01, 35.72it/s]
 32%|███▏      | 25/79 [00:00<00:01, 36.34it/s]
 37%|███▋      | 29/79 [00:00<00:01, 36.76it/s]
 42%|████▏     | 33/79 [00:00<00:01, 37.14it/s]
 48%|████▊     | 38/79 [00:01<00:01, 40.43it/s]
 54%|█████▍    | 43/79 [00:01<00:00, 38.51it/s]
 61%|██████    | 48/79 [00:01<00:00, 41.19it/s]
 67%|██████▋   | 53/79 [00:01<00:00, 38.81it/s]
 72%|███████▏  | 57/79 [00:01<00:00, 38.63it/s]
 77%|███████▋  | 61/79 [00:01<00:00, 39.00it/s]
 82%|████████▏ | 65/79 [00:01<00:00, 38.90it/s]
 87%|████████▋ | 69/79 [00:01<00:00, 38.55it/s]
 92%|█████████▏| 73/79 [00:02<00:00, 38.51it/s]
 97%|█████████▋| 77/79 [00:02<00:00, 36.84it/s]
100%|██████████| 79/79 [00:02<00:00, 36.69it/s]

CommRound: 1/30
Accuracy: 51.26% | Loss: 1.5675
[##----------------------------------------------------------] 3.3%
Elapsed: 1.0m | Avg/Round: 57.9s | Last: 55.3s | Next: 57.9s | Remaining: 28.0m
ETA: 05:31:51
Recent round times: R1: 55.3s

  0%|          | 0/79 [00:00<?, ?it/s]
  1%|▏         | 1/79 [00:00<00:10,  7.71it/s]
  9%|▉         | 7/79 [00:00<00:02, 28.34it/s]
 14%|█▍        | 11/79 [00:00<00:02, 31.06it/s]
 19%|█▉        | 15/79 [00:00<00:01, 32.64it/s]
 24%|██▍       | 19/79 [00:00<00:01, 33.39it/s]
 29%|██▉       | 23/79 [00:00<00:01, 34.06it/s]
 34%|███▍      | 27/79 [00:00<00:01, 34.53it/s]
 39%|███▉      | 31/79 [00:00<00:01, 35.13it/s]
 44%|████▍     | 35/79 [00:01<00:01, 35.97it/s]
 49%|████▉     | 39/79 [00:01<00:01, 35.96it/s]
 54%|█████▍    | 43/79 [00:01<00:00, 36.06it/s]
 59%|█████▉    | 47/79 [00:01<00:00, 36.32it/s]
 65%|██████▍   | 51/79 [00:01<00:00, 36.31it/s]
 70%|██████▉   | 55/79 [00:01<00:00, 36.21it/s]
 75%|███████▍  | 59/79 [00:01<00:00, 36.19it/s]
 80%|███████▉  | 63/79 [00:01<00:00, 36.75it/s]
 85%|████████▍ | 67/79 [00:01<00:00, 36.63it/s]
 90%|████████▉ | 71/79 [00:02<00:00, 36.64it/s]
 95%|█████████▍| 75/79 [00:02<00:00, 36.39it/s]
100%|██████████| 79/79 [00:02<00:00, 35.31it/s]

CommRound: 2/30
Accuracy: 68.94% | Loss: 0.8833
[####--------------------------------------------------------] 6.7%
Elapsed: 2.0m | Avg/Round: 60.1s | Last: 62.3s | Next: 60.1s | Remaining: 28.0m
ETA: 05:32:57
Recent round times: R1: 55.3s -> R2: 62.3s

  0%|          | 0/79 [00:00<?, ?it/s]
  1%|▏         | 1/79 [00:00<00:09,  7.81it/s]
  9%|▉         | 7/79 [00:00<00:02, 29.26it/s]
 15%|█▌        | 12/79 [00:00<00:01, 37.08it/s]
 20%|██        | 16/79 [00:00<00:01, 36.74it/s]
 25%|██▌       | 20/79 [00:00<00:01, 33.82it/s]
 32%|███▏      | 25/79 [00:00<00:01, 34.23it/s]
 37%|███▋      | 29/79 [00:00<00:01, 35.60it/s]
 42%|████▏     | 33/79 [00:00<00:01, 36.53it/s]
 47%|████▋     | 37/79 [00:01<00:01, 37.45it/s]
 52%|█████▏    | 41/79 [00:01<00:01, 38.00it/s]
 57%|█████▋    | 45/79 [00:01<00:00, 37.92it/s]
 62%|██████▏   | 49/79 [00:01<00:00, 38.50it/s]
 67%|██████▋   | 53/79 [00:01<00:00, 38.60it/s]
 72%|███████▏  | 57/79 [00:01<00:00, 38.51it/s]
 77%|███████▋  | 61/79 [00:01<00:00, 38.55it/s]
 82%|████████▏ | 65/79 [00:01<00:00, 38.46it/s]
 87%|████████▋ | 69/79 [00:01<00:00, 38.29it/s]
 92%|█████████▏| 73/79 [00:01<00:00, 38.78it/s]
 97%|█████████▋| 77/79 [00:02<00:00, 38.40it/s]
100%|██████████| 79/79 [00:02<00:00, 36.98it/s]

CommRound: 3/30
Accuracy: 74.25% | Loss: 0.7371
[######------------------------------------------------------] 10.0%
Elapsed: 3.0m | Avg/Round: 59.7s | Last: 59.1s | Next: 59.7s | Remaining: 26.9m
ETA: 05:32:48
Recent round times: R1: 55.3s -> R2: 62.3s -> R3: 59.1s

  0%|          | 0/79 [00:00<?, ?it/s]
  1%|▏         | 1/79 [00:00<00:10,  7.65it/s]
  6%|▋         | 5/79 [00:00<00:03, 24.27it/s]
 13%|█▎        | 10/79 [00:00<00:01, 34.62it/s]
 19%|█▉        | 15/79 [00:00<00:01, 34.74it/s]
 25%|██▌       | 20/79 [00:00<00:01, 39.38it/s]
 32%|███▏      | 25/79 [00:00<00:01, 37.91it/s]
 38%|███▊      | 30/79 [00:00<00:01, 41.10it/s]
 44%|████▍     | 35/79 [00:00<00:01, 39.90it/s]
 52%|█████▏    | 41/79 [00:01<00:00, 40.96it/s]
 58%|█████▊    | 46/79 [00:01<00:00, 42.58it/s]
 65%|██████▍   | 51/79 [00:01<00:00, 41.69it/s]
 71%|███████   | 56/79 [00:01<00:00, 40.43it/s]
 77%|███████▋  | 61/79 [00:01<00:00, 42.31it/s]
 84%|████████▎ | 66/79 [00:01<00:00, 39.78it/s]
 90%|████████▉ | 71/79 [00:01<00:00, 42.08it/s]
 96%|█████████▌| 76/79 [00:01<00:00, 39.52it/s]
100%|██████████| 79/79 [00:02<00:00, 38.92it/s]

CommRound: 4/30
Accuracy: 80.15% | Loss: 0.6383
[########----------------------------------------------------] 13.3%
Elapsed: 3.8m | Avg/Round: 56.8s | Last: 48.0s | Next: 56.8s | Remaining: 24.6m
ETA: 05:31:19
Recent round times: R1: 55.3s -> R2: 62.3s -> R3: 59.1s -> R4: 48.0s

  0%|          | 0/79 [00:00<?, ?it/s]
  1%|▏         | 1/79 [00:00<00:12,  6.34it/s]
  8%|▊         | 6/79 [00:00<00:03, 22.52it/s]
 13%|█▎        | 10/79 [00:00<00:02, 27.78it/s]
 18%|█▊        | 14/79 [00:00<00:02, 30.75it/s]
 23%|██▎       | 18/79 [00:00<00:01, 32.52it/s]
 28%|██▊       | 22/79 [00:00<00:01, 34.31it/s]
 33%|███▎      | 26/79 [00:00<00:01, 35.31it/s]
 38%|███▊      | 30/79 [00:00<00:01, 36.22it/s]
 43%|████▎     | 34/79 [00:01<00:01, 36.76it/s]
 48%|████▊     | 38/79 [00:01<00:01, 36.99it/s]
 53%|█████▎    | 42/79 [00:01<00:00, 37.06it/s]
 58%|█████▊    | 46/79 [00:01<00:00, 37.25it/s]
 63%|██████▎   | 50/79 [00:01<00:00, 37.01it/s]
 68%|██████▊   | 54/79 [00:01<00:00, 37.18it/s]
 73%|███████▎  | 58/79 [00:01<00:00, 37.23it/s]
 78%|███████▊  | 62/79 [00:01<00:00, 37.37it/s]
 84%|████████▎ | 66/79 [00:01<00:00, 37.53it/s]
 89%|████████▊ | 70/79 [00:02<00:00, 37.70it/s]
 94%|█████████▎| 74/79 [00:02<00:00, 37.67it/s]
 99%|█████████▊| 78/79 [00:02<00:00, 37.74it/s]
100%|██████████| 79/79 [00:02<00:00, 35.12it/s]

CommRound: 5/30
Accuracy: 86.86% | Loss: 0.4331
[##########--------------------------------------------------] 16.7%
Elapsed: 4.6m | Avg/Round: 54.7s | Last: 46.5s | Next: 54.7s | Remaining: 22.8m
ETA: 05:30:18
Recent round times: R1: 55.3s -> R2: 62.3s -> R3: 59.1s -> R4: 48.0s -> R5: 46.5s

  0%|          | 0/79 [00:00<?, ?it/s]
  1%|▏         | 1/79 [00:00<00:10,  7.27it/s]
  9%|▉         | 7/79 [00:00<00:02, 31.06it/s]
 14%|█▍        | 11/79 [00:00<00:02, 33.95it/s]
 19%|█▉        | 15/79 [00:00<00:01, 36.02it/s]
 25%|██▌       | 20/79 [00:00<00:01, 40.47it/s]
 32%|███▏      | 25/79 [00:00<00:01, 37.88it/s]
 38%|███▊      | 30/79 [00:00<00:01, 40.54it/s]
 44%|████▍     | 35/79 [00:00<00:01, 37.65it/s]
 49%|████▉     | 39/79 [00:01<00:01, 37.00it/s]
 54%|█████▍    | 43/79 [00:01<00:00, 36.32it/s]
 59%|█████▉    | 47/79 [00:01<00:00, 36.89it/s]
 65%|██████▍   | 51/79 [00:01<00:00, 36.22it/s]
 70%|██████▉   | 55/79 [00:01<00:00, 36.99it/s]
 75%|███████▍  | 59/79 [00:01<00:00, 37.18it/s]
 80%|███████▉  | 63/79 [00:01<00:00, 37.15it/s]
 85%|████████▍ | 67/79 [00:01<00:00, 37.25it/s]
 90%|████████▉ | 71/79 [00:01<00:00, 36.83it/s]
 95%|█████████▍| 75/79 [00:02<00:00, 37.70it/s]
100%|██████████| 79/79 [00:02<00:00, 36.95it/s]

CommRound: 6/30
Accuracy: 89.19% | Loss: 0.3780
[############------------------------------------------------] 20.0%
Elapsed: 5.6m | Avg/Round: 55.5s | Last: 59.6s | Next: 55.5s | Remaining: 22.2m
ETA: 05:30:42
Recent round times: R1: 62.3s -> R2: 59.1s -> R3: 48.0s -> R4: 46.5s -> R5: 59.6s

  0%|          | 0/79 [00:00<?, ?it/s]
  1%|▏         | 1/79 [00:00<00:11,  7.04it/s]
  9%|▉         | 7/79 [00:00<00:02, 28.07it/s]
 14%|█▍        | 11/79 [00:00<00:02, 29.59it/s]
 19%|█▉        | 15/79 [00:00<00:02, 30.08it/s]
 25%|██▌       | 20/79 [00:00<00:01, 35.18it/s]
 30%|███       | 24/79 [00:00<00:01, 36.06it/s]
 35%|███▌      | 28/79 [00:00<00:01, 36.23it/s]
 41%|████      | 32/79 [00:00<00:01, 36.33it/s]
 46%|████▌     | 36/79 [00:01<00:01, 36.38it/s]
 51%|█████     | 40/79 [00:01<00:01, 36.50it/s]
 56%|█████▌    | 44/79 [00:01<00:00, 36.59it/s]
 61%|██████    | 48/79 [00:01<00:00, 36.78it/s]
 66%|██████▌   | 52/79 [00:01<00:00, 36.76it/s]
 71%|███████   | 56/79 [00:01<00:00, 35.08it/s]
 76%|███████▌  | 60/79 [00:01<00:00, 35.46it/s]
 81%|████████  | 64/79 [00:01<00:00, 35.76it/s]
 86%|████████▌ | 68/79 [00:01<00:00, 35.39it/s]
 91%|█████████ | 72/79 [00:02<00:00, 35.09it/s]
 96%|█████████▌| 76/79 [00:02<00:00, 35.25it/s]
100%|██████████| 79/79 [00:02<00:00, 34.38it/s]

CommRound: 7/30
Accuracy: 89.45% | Loss: 0.3816
[##############----------------------------------------------] 23.3%
Elapsed: 6.4m | Avg/Round: 55.0s | Last: 51.6s | Next: 55.0s | Remaining: 21.1m
ETA: 05:30:25
Recent round times: R1: 59.1s -> R2: 48.0s -> R3: 46.5s -> R4: 59.6s -> R5: 51.6s

  0%|          | 0/79 [00:00<?, ?it/s]
  1%|▏         | 1/79 [00:00<00:11,  6.72it/s]
  8%|▊         | 6/79 [00:00<00:02, 25.40it/s]
 11%|█▏        | 9/79 [00:00<00:02, 25.77it/s]
 15%|█▌        | 12/79 [00:00<00:02, 26.64it/s]
 20%|██        | 16/79 [00:00<00:02, 27.62it/s]
 25%|██▌       | 20/79 [00:00<00:01, 31.20it/s]
 30%|███       | 24/79 [00:00<00:01, 33.03it/s]
 35%|███▌      | 28/79 [00:00<00:01, 34.34it/s]
 41%|████      | 32/79 [00:01<00:01, 35.28it/s]
 46%|████▌     | 36/79 [00:01<00:01, 35.91it/s]
 51%|█████     | 40/79 [00:01<00:01, 36.47it/s]
 56%|█████▌    | 44/79 [00:01<00:00, 36.63it/s]
 61%|██████    | 48/79 [00:01<00:00, 36.67it/s]
 66%|██████▌   | 52/79 [00:01<00:00, 36.67it/s]
 71%|███████   | 56/79 [00:01<00:00, 36.73it/s]
 76%|███████▌  | 60/79 [00:01<00:00, 36.56it/s]
 81%|████████  | 64/79 [00:01<00:00, 36.73it/s]
 86%|████████▌ | 68/79 [00:02<00:00, 36.65it/s]
 91%|█████████ | 72/79 [00:02<00:00, 36.21it/s]
 96%|█████████▌| 76/79 [00:02<00:00, 36.49it/s]
100%|██████████| 79/79 [00:02<00:00, 33.60it/s]

CommRound: 8/30
Accuracy: 89.33% | Loss: 0.4129
[################--------------------------------------------] 26.7%
Elapsed: 7.5m | Avg/Round: 56.5s | Last: 67.2s | Next: 56.5s | Remaining: 20.7m
ETA: 05:31:11
Recent round times: R1: 48.0s -> R2: 46.5s -> R3: 59.6s -> R4: 51.6s -> R5: 67.2s

  0%|          | 0/79 [00:00<?, ?it/s]
  1%|▏         | 1/79 [00:00<00:11,  6.81it/s]
  9%|▉         | 7/79 [00:00<00:02, 30.76it/s]
 14%|█▍        | 11/79 [00:00<00:02, 33.81it/s]
 19%|█▉        | 15/79 [00:00<00:01, 35.13it/s]
 24%|██▍       | 19/79 [00:00<00:01, 35.82it/s]
 29%|██▉       | 23/79 [00:00<00:01, 36.24it/s]
 34%|███▍      | 27/79 [00:00<00:01, 36.96it/s]
 39%|███▉      | 31/79 [00:00<00:01, 37.78it/s]
 44%|████▍     | 35/79 [00:00<00:01, 38.29it/s]
 49%|████▉     | 39/79 [00:01<00:01, 37.71it/s]
 54%|█████▍    | 43/79 [00:01<00:01, 35.46it/s]
 62%|██████▏   | 49/79 [00:01<00:00, 38.70it/s]
 67%|██████▋   | 53/79 [00:01<00:00, 38.31it/s]
 72%|███████▏  | 57/79 [00:01<00:00, 37.88it/s]
 77%|███████▋  | 61/79 [00:01<00:00, 38.06it/s]
 82%|████████▏ | 65/79 [00:01<00:00, 37.75it/s]
 87%|████████▋ | 69/79 [00:01<00:00, 38.03it/s]
 92%|█████████▏| 73/79 [00:02<00:00, 38.28it/s]
 97%|█████████▋| 77/79 [00:02<00:00, 38.34it/s]
100%|██████████| 79/79 [00:02<00:00, 36.87it/s]

CommRound: 9/30
Accuracy: 90.22% | Loss: 0.3919
[##################------------------------------------------] 30.0%
Elapsed: 8.5m | Avg/Round: 56.9s | Last: 60.3s | Next: 56.9s | Remaining: 19.9m
ETA: 05:31:23
Recent round times: R1: 46.5s -> R2: 59.6s -> R3: 51.6s -> R4: 67.2s -> R5: 60.3s

  0%|          | 0/79 [00:00<?, ?it/s]
  1%|▏         | 1/79 [00:00<00:12,  6.38it/s]
  8%|▊         | 6/79 [00:00<00:03, 23.66it/s]
 13%|█▎        | 10/79 [00:00<00:02, 26.31it/s]
 18%|█▊        | 14/79 [00:00<00:02, 27.25it/s]
 23%|██▎       | 18/79 [00:00<00:02, 27.92it/s]
 28%|██▊       | 22/79 [00:00<00:02, 28.18it/s]
 33%|███▎      | 26/79 [00:01<00:01, 26.63it/s]
 38%|███▊      | 30/79 [00:01<00:01, 28.81it/s]
 43%|████▎     | 34/79 [00:01<00:01, 28.04it/s]
 48%|████▊     | 38/79 [00:01<00:01, 27.67it/s]
 53%|█████▎    | 42/79 [00:01<00:01, 28.00it/s]
 58%|█████▊    | 46/79 [00:01<00:01, 26.43it/s]
 63%|██████▎   | 50/79 [00:01<00:01, 25.60it/s]
 67%|██████▋   | 53/79 [00:02<00:01, 25.25it/s]
 71%|███████   | 56/79 [00:02<00:01, 22.61it/s]
 76%|███████▌  | 60/79 [00:02<00:00, 21.92it/s]
 81%|████████  | 64/79 [00:02<00:00, 24.47it/s]
 86%|████████▌ | 68/79 [00:02<00:00, 26.62it/s]
 91%|█████████ | 72/79 [00:02<00:00, 27.08it/s]
 96%|█████████▌| 76/79 [00:02<00:00, 27.14it/s]
100%|██████████| 79/79 [00:03<00:00, 26.07it/s]

CommRound: 10/30
Accuracy: 91.19% | Loss: 0.3647
[####################----------------------------------------] 33.3%
Elapsed: 9.6m | Avg/Round: 57.4s | Last: 61.5s | Next: 57.4s | Remaining: 19.1m
ETA: 05:31:37
Recent round times: R1: 59.6s -> R2: 51.6s -> R3: 67.2s -> R4: 60.3s -> R5: 61.5s

  0%|          | 0/79 [00:00<?, ?it/s]
  1%|▏         | 1/79 [00:00<00:13,  5.86it/s]
  8%|▊         | 6/79 [00:00<00:02, 24.91it/s]
 11%|█▏        | 9/79 [00:00<00:03, 21.33it/s]
 15%|█▌        | 12/79 [00:00<00:02, 22.67it/s]
 19%|█▉        | 15/79 [00:00<00:02, 21.40it/s]
 23%|██▎       | 18/79 [00:00<00:02, 22.82it/s]
 27%|██▋       | 21/79 [00:00<00:02, 21.97it/s]
 30%|███       | 24/79 [00:01<00:02, 22.14it/s]
 34%|███▍      | 27/79 [00:01<00:02, 22.32it/s]
 38%|███▊      | 30/79 [00:01<00:02, 21.31it/s]
 42%|████▏     | 33/79 [00:01<00:02, 22.40it/s]
 46%|████▌     | 36/79 [00:01<00:02, 20.57it/s]
 49%|████▉     | 39/79 [00:01<00:01, 21.76it/s]
 53%|█████▎    | 42/79 [00:01<00:01, 20.69it/s]
 57%|█████▋    | 45/79 [00:02<00:01, 21.65it/s]
 61%|██████    | 48/79 [00:02<00:01, 20.50it/s]
 65%|██████▍   | 51/79 [00:02<00:01, 22.15it/s]
 68%|██████▊   | 54/79 [00:02<00:01, 20.66it/s]
 72%|███████▏  | 57/79 [00:02<00:00, 22.00it/s]
 76%|███████▌  | 60/79 [00:02<00:00, 20.38it/s]
 80%|███████▉  | 63/79 [00:02<00:00, 21.56it/s]
 84%|████████▎ | 66/79 [00:03<00:00, 19.90it/s]
 87%|████████▋ | 69/79 [00:03<00:00, 21.54it/s]
 91%|█████████ | 72/79 [00:03<00:00, 19.90it/s]
 95%|█████████▍| 75/79 [00:03<00:00, 21.28it/s]
 99%|█████████▊| 78/79 [00:03<00:00, 20.97it/s]
100%|██████████| 79/79 [00:03<00:00, 21.25it/s]

CommRound: 11/30
Accuracy: 90.13% | Loss: 0.4052
[######################--------------------------------------] 36.7%
Elapsed: 10.4m | Avg/Round: 56.6s | Last: 48.8s | Next: 56.6s | Remaining: 17.9m
ETA: 05:31:14
Recent round times: R1: 51.6s -> R2: 67.2s -> R3: 60.3s -> R4: 61.5s -> R5: 48.8s

  0%|          | 0/79 [00:00<?, ?it/s]
  1%|▏         | 1/79 [00:00<00:13,  5.85it/s]
  9%|▉         | 7/79 [00:00<00:02, 24.95it/s]
 14%|█▍        | 11/79 [00:00<00:02, 28.38it/s]
 19%|█▉        | 15/79 [00:00<00:02, 30.03it/s]
 24%|██▍       | 19/79 [00:00<00:01, 30.92it/s]
 29%|██▉       | 23/79 [00:00<00:01, 31.67it/s]
 34%|███▍      | 27/79 [00:00<00:01, 32.08it/s]
 39%|███▉      | 31/79 [00:01<00:01, 32.44it/s]
 44%|████▍     | 35/79 [00:01<00:01, 32.86it/s]
 49%|████▉     | 39/79 [00:01<00:01, 32.56it/s]
 54%|█████▍    | 43/79 [00:01<00:01, 31.27it/s]
 59%|█████▉    | 47/79 [00:01<00:01, 29.43it/s]
 65%|██████▍   | 51/79 [00:01<00:00, 28.95it/s]
 70%|██████▉   | 55/79 [00:01<00:00, 30.15it/s]
 75%|███████▍  | 59/79 [00:01<00:00, 30.94it/s]
 80%|███████▉  | 63/79 [00:02<00:00, 31.52it/s]
 85%|████████▍ | 67/79 [00:02<00:00, 32.25it/s]
 90%|████████▉ | 71/79 [00:02<00:00, 32.35it/s]
 95%|█████████▍| 75/79 [00:02<00:00, 32.60it/s]
100%|██████████| 79/79 [00:02<00:00, 30.88it/s]

CommRound: 12/30
Accuracy: 89.98% | Loss: 0.4168
[########################------------------------------------] 40.0%
Elapsed: 11.2m | Avg/Round: 55.9s | Last: 47.6s | Next: 55.9s | Remaining: 16.8m
ETA: 05:30:51
Recent round times: R1: 67.2s -> R2: 60.3s -> R3: 61.5s -> R4: 48.8s -> R5: 47.6s

  0%|          | 0/79 [00:00<?, ?it/s]
  1%|▏         | 1/79 [00:00<00:19,  3.98it/s]
  4%|▍         | 3/79 [00:00<00:08,  9.22it/s]
  6%|▋         | 5/79 [00:00<00:06, 11.21it/s]
  9%|▉         | 7/79 [00:00<00:05, 12.35it/s]
 11%|█▏        | 9/79 [00:00<00:05, 13.48it/s]
 14%|█▍        | 11/79 [00:00<00:04, 13.70it/s]
 16%|█▋        | 13/79 [00:01<00:04, 13.84it/s]
 19%|█▉        | 15/79 [00:01<00:04, 13.95it/s]
 22%|██▏       | 17/79 [00:01<00:04, 14.02it/s]
 24%|██▍       | 19/79 [00:01<00:04, 13.98it/s]
 27%|██▋       | 21/79 [00:01<00:04, 14.18it/s]
 29%|██▉       | 23/79 [00:01<00:03, 14.64it/s]
 34%|███▍      | 27/79 [00:01<00:02, 19.14it/s]
 39%|███▉      | 31/79 [00:02<00:02, 22.21it/s]
 44%|████▍     | 35/79 [00:02<00:01, 24.07it/s]
 49%|████▉     | 39/79 [00:02<00:01, 25.60it/s]
 54%|█████▍    | 43/79 [00:02<00:01, 26.44it/s]
 59%|█████▉    | 47/79 [00:02<00:01, 27.74it/s]
 65%|██████▍   | 51/79 [00:02<00:01, 27.93it/s]
 70%|██████▉   | 55/79 [00:02<00:00, 28.30it/s]
 75%|███████▍  | 59/79 [00:02<00:00, 28.63it/s]
 78%|███████▊  | 62/79 [00:03<00:00, 28.70it/s]
 84%|████████▎ | 66/79 [00:03<00:00, 28.15it/s]
 87%|████████▋ | 69/79 [00:03<00:00, 27.32it/s]
 91%|█████████ | 72/79 [00:03<00:00, 22.07it/s]
 95%|█████████▍| 75/79 [00:03<00:00, 18.42it/s]
 99%|█████████▊| 78/79 [00:03<00:00, 18.40it/s]
100%|██████████| 79/79 [00:04<00:00, 19.74it/s]

CommRound: 13/30
Accuracy: 90.01% | Loss: 0.4171
[##########################----------------------------------] 43.3%
Elapsed: 12.1m | Avg/Round: 55.9s | Last: 56.0s | Next: 55.9s | Remaining: 15.8m
ETA: 05:30:52
Recent round times: R1: 60.3s -> R2: 61.5s -> R3: 48.8s -> R4: 47.6s -> R5: 56.0s

  0%|          | 0/79 [00:00<?, ?it/s]
  1%|▏         | 1/79 [00:00<00:19,  4.00it/s]
  8%|▊         | 6/79 [00:00<00:03, 18.72it/s]
 11%|█▏        | 9/79 [00:00<00:03, 17.82it/s]
 15%|█▌        | 12/79 [00:00<00:03, 18.72it/s]
 19%|█▉        | 15/79 [00:00<00:04, 15.67it/s]
 22%|██▏       | 17/79 [00:01<00:03, 16.26it/s]
 24%|██▍       | 19/79 [00:01<00:03, 15.82it/s]
 27%|██▋       | 21/79 [00:01<00:03, 15.47it/s]
 29%|██▉       | 23/79 [00:01<00:03, 15.21it/s]
 32%|███▏      | 25/79 [00:01<00:03, 14.49it/s]
 34%|███▍      | 27/79 [00:01<00:03, 14.45it/s]
 37%|███▋      | 29/79 [00:01<00:03, 14.30it/s]
 39%|███▉      | 31/79 [00:02<00:03, 14.39it/s]
 42%|████▏     | 33/79 [00:02<00:03, 13.71it/s]
 44%|████▍     | 35/79 [00:02<00:03, 13.76it/s]
 47%|████▋     | 37/79 [00:02<00:02, 14.13it/s]
 49%|████▉     | 39/79 [00:02<00:02, 13.52it/s]
 52%|█████▏    | 41/79 [00:02<00:02, 14.12it/s]
 54%|█████▍    | 43/79 [00:02<00:02, 14.08it/s]
 57%|█████▋    | 45/79 [00:03<00:02, 14.31it/s]
 59%|█████▉    | 47/79 [00:03<00:02, 14.19it/s]
 62%|██████▏   | 49/79 [00:03<00:02, 13.27it/s]
 65%|██████▍   | 51/79 [00:03<00:02, 13.81it/s]
 67%|██████▋   | 53/79 [00:03<00:01, 13.81it/s]
 70%|██████▉   | 55/79 [00:03<00:01, 13.47it/s]
 72%|███████▏  | 57/79 [00:03<00:01, 13.42it/s]
 75%|███████▍  | 59/79 [00:04<00:01, 13.40it/s]
 77%|███████▋  | 61/79 [00:04<00:01, 13.34it/s]
 80%|███████▉  | 63/79 [00:04<00:01, 13.34it/s]
 82%|████████▏ | 65/79 [00:04<00:01, 13.28it/s]
 85%|████████▍ | 67/79 [00:04<00:00, 13.18it/s]
 87%|████████▋ | 69/79 [00:04<00:00, 13.52it/s]
 90%|████████▉ | 71/79 [00:04<00:00, 14.81it/s]
 92%|█████████▏| 73/79 [00:05<00:00, 14.42it/s]
 95%|█████████▍| 75/79 [00:05<00:00, 15.10it/s]
 99%|█████████▊| 78/79 [00:05<00:00, 15.74it/s]
100%|██████████| 79/79 [00:05<00:00, 14.51it/s]

CommRound: 14/30
Accuracy: 90.07% | Loss: 0.4144
[############################--------------------------------] 46.7%
Elapsed: 13.2m | Avg/Round: 56.7s | Last: 67.1s | Next: 56.7s | Remaining: 15.1m
ETA: 05:31:16
Recent round times: R1: 61.5s -> R2: 48.8s -> R3: 47.6s -> R4: 56.0s -> R5: 67.1s

  0%|          | 0/79 [00:00<?, ?it/s]
  1%|▏         | 1/79 [00:00<00:12,  6.13it/s]
  8%|▊         | 6/79 [00:00<00:02, 25.53it/s]
 11%|█▏        | 9/79 [00:00<00:02, 24.42it/s]
 16%|█▋        | 13/79 [00:00<00:02, 28.51it/s]
 22%|██▏       | 17/79 [00:00<00:02, 28.62it/s]
 27%|██▋       | 21/79 [00:00<00:01, 29.61it/s]
 32%|███▏      | 25/79 [00:00<00:01, 30.21it/s]
 37%|███▋      | 29/79 [00:01<00:01, 31.85it/s]
 42%|████▏     | 33/79 [00:01<00:01, 33.00it/s]
 47%|████▋     | 37/79 [00:01<00:01, 34.13it/s]
 52%|█████▏    | 41/79 [00:01<00:01, 34.20it/s]
 57%|█████▋    | 45/79 [00:01<00:00, 34.37it/s]
 62%|██████▏   | 49/79 [00:01<00:00, 34.80it/s]
 67%|██████▋   | 53/79 [00:01<00:00, 34.93it/s]
 72%|███████▏  | 57/79 [00:01<00:00, 34.99it/s]
 77%|███████▋  | 61/79 [00:01<00:00, 35.20it/s]
 82%|████████▏ | 65/79 [00:02<00:00, 34.88it/s]
 87%|████████▋ | 69/79 [00:02<00:00, 35.38it/s]
 92%|█████████▏| 73/79 [00:02<00:00, 34.21it/s]
 97%|█████████▋| 77/79 [00:02<00:00, 35.13it/s]
100%|██████████| 79/79 [00:02<00:00, 32.73it/s]

CommRound: 15/30
Accuracy: 90.27% | Loss: 0.4090
[##############################------------------------------] 50.0%
Elapsed: 14.3m | Avg/Round: 57.2s | Last: 65.3s | Next: 57.2s | Remaining: 14.3m
ETA: 05:31:33
Recent round times: R1: 48.8s -> R2: 47.6s -> R3: 56.0s -> R4: 67.1s -> R5: 65.3s

  0%|          | 0/79 [00:00<?, ?it/s]
  1%|▏         | 1/79 [00:00<00:10,  7.15it/s]
  6%|▋         | 5/79 [00:00<00:03, 22.31it/s]
 11%|█▏        | 9/79 [00:00<00:02, 25.73it/s]
 16%|█▋        | 13/79 [00:00<00:02, 27.02it/s]
 22%|██▏       | 17/79 [00:00<00:02, 28.08it/s]
 27%|██▋       | 21/79 [00:00<00:02, 27.96it/s]
 32%|███▏      | 25/79 [00:00<00:01, 28.06it/s]
 37%|███▋      | 29/79 [00:01<00:01, 28.14it/s]
 42%|████▏     | 33/79 [00:01<00:01, 28.25it/s]
 47%|████▋     | 37/79 [00:01<00:01, 28.56it/s]
 52%|█████▏    | 41/79 [00:01<00:01, 29.44it/s]
 57%|█████▋    | 45/79 [00:01<00:01, 29.36it/s]
 62%|██████▏   | 49/79 [00:01<00:01, 29.83it/s]
 67%|██████▋   | 53/79 [00:01<00:00, 30.31it/s]
 72%|███████▏  | 57/79 [00:02<00:00, 30.82it/s]
 77%|███████▋  | 61/79 [00:02<00:00, 31.37it/s]
 82%|████████▏ | 65/79 [00:02<00:00, 32.68it/s]
 87%|████████▋ | 69/79 [00:02<00:00, 33.77it/s]
 92%|█████████▏| 73/79 [00:02<00:00, 34.27it/s]
 97%|█████████▋| 77/79 [00:02<00:00, 34.66it/s]
100%|██████████| 79/79 [00:02<00:00, 29.87it/s]

CommRound: 16/30
Accuracy: 90.41% | Loss: 0.4063
[################################----------------------------] 53.3%
Elapsed: 15.3m | Avg/Round: 57.3s | Last: 57.7s | Next: 57.3s | Remaining: 13.4m
ETA: 05:31:34
Recent round times: R1: 47.6s -> R2: 56.0s -> R3: 67.1s -> R4: 65.3s -> R5: 57.7s

  0%|          | 0/79 [00:00<?, ?it/s]
  1%|▏         | 1/79 [00:00<00:11,  7.09it/s]
  6%|▋         | 5/79 [00:00<00:03, 23.59it/s]
 11%|█▏        | 9/79 [00:00<00:02, 27.76it/s]
 16%|█▋        | 13/79 [00:00<00:02, 26.02it/s]
 22%|██▏       | 17/79 [00:00<00:02, 28.33it/s]
 27%|██▋       | 21/79 [00:00<00:01, 29.66it/s]
 32%|███▏      | 25/79 [00:00<00:01, 30.84it/s]
 37%|███▋      | 29/79 [00:01<00:01, 29.01it/s]
 42%|████▏     | 33/79 [00:01<00:01, 28.99it/s]
 47%|████▋     | 37/79 [00:01<00:01, 28.60it/s]
 51%|█████     | 40/79 [00:01<00:01, 28.33it/s]
 54%|█████▍    | 43/79 [00:01<00:01, 25.00it/s]
 59%|█████▉    | 47/79 [00:01<00:01, 27.20it/s]
 65%|██████▍   | 51/79 [00:01<00:01, 26.95it/s]
 68%|██████▊   | 54/79 [00:01<00:00, 27.45it/s]
 72%|███████▏  | 57/79 [00:02<00:00, 27.12it/s]
 77%|███████▋  | 61/79 [00:02<00:00, 29.83it/s]
 82%|████████▏ | 65/79 [00:02<00:00, 31.86it/s]
 87%|████████▋ | 69/79 [00:02<00:00, 32.65it/s]
 92%|█████████▏| 73/79 [00:02<00:00, 34.22it/s]
 97%|█████████▋| 77/79 [00:02<00:00, 35.11it/s]
100%|██████████| 79/79 [00:02<00:00, 29.58it/s]

CommRound: 17/30
Accuracy: 90.45% | Loss: 0.4029
[##################################--------------------------] 56.7%
Elapsed: 16.2m | Avg/Round: 57.1s | Last: 53.5s | Next: 57.1s | Remaining: 12.4m
ETA: 05:31:27
Recent round times: R1: 56.0s -> R2: 67.1s -> R3: 65.3s -> R4: 57.7s -> R5: 53.5s

  0%|          | 0/79 [00:00<?, ?it/s]
  1%|▏         | 1/79 [00:00<00:17,  4.38it/s]
  6%|▋         | 5/79 [00:00<00:05, 14.51it/s]
 11%|█▏        | 9/79 [00:00<00:03, 19.22it/s]
 16%|█▋        | 13/79 [00:00<00:02, 23.00it/s]
 22%|██▏       | 17/79 [00:00<00:02, 24.34it/s]
 25%|██▌       | 20/79 [00:00<00:02, 25.61it/s]
 29%|██▉       | 23/79 [00:01<00:02, 23.24it/s]
 34%|███▍      | 27/79 [00:01<00:02, 25.54it/s]
 38%|███▊      | 30/79 [00:01<00:01, 26.53it/s]
 42%|████▏     | 33/79 [00:01<00:01, 25.20it/s]
 46%|████▌     | 36/79 [00:01<00:01, 26.32it/s]
 49%|████▉     | 39/79 [00:01<00:01, 23.90it/s]
 54%|█████▍    | 43/79 [00:01<00:01, 24.44it/s]
 59%|█████▉    | 47/79 [00:02<00:01, 24.55it/s]
 65%|██████▍   | 51/79 [00:02<00:01, 24.26it/s]
 68%|██████▊   | 54/79 [00:02<00:00, 25.37it/s]
 72%|███████▏  | 57/79 [00:02<00:00, 23.43it/s]
 77%|███████▋  | 61/79 [00:02<00:00, 23.04it/s]
 81%|████████  | 64/79 [00:02<00:00, 24.52it/s]
 85%|████████▍ | 67/79 [00:02<00:00, 23.28it/s]
 90%|████████▉ | 71/79 [00:02<00:00, 25.94it/s]
 95%|█████████▍| 75/79 [00:03<00:00, 27.44it/s]
 99%|█████████▊| 78/79 [00:03<00:00, 27.47it/s]
100%|██████████| 79/79 [00:03<00:00, 24.12it/s]

CommRound: 18/30
Accuracy: 90.52% | Loss: 0.3990
[####################################------------------------] 60.0%
Elapsed: 17.1m | Avg/Round: 57.1s | Last: 58.0s | Next: 57.1s | Remaining: 11.4m
ETA: 05:31:29
Recent round times: R1: 67.1s -> R2: 65.3s -> R3: 57.7s -> R4: 53.5s -> R5: 58.0s

  0%|          | 0/79 [00:00<?, ?it/s]
  1%|▏         | 1/79 [00:00<00:11,  6.79it/s]
  9%|▉         | 7/79 [00:00<00:03, 23.84it/s]
 16%|█▋        | 13/79 [00:00<00:02, 30.83it/s]
 22%|██▏       | 17/79 [00:00<00:01, 32.69it/s]
 27%|██▋       | 21/79 [00:00<00:01, 33.65it/s]
 32%|███▏      | 25/79 [00:00<00:01, 34.33it/s]
 37%|███▋      | 29/79 [00:00<00:01, 34.22it/s]
 42%|████▏     | 33/79 [00:01<00:01, 33.60it/s]
 47%|████▋     | 37/79 [00:01<00:01, 33.39it/s]
 52%|█████▏    | 41/79 [00:01<00:01, 33.62it/s]
 57%|█████▋    | 45/79 [00:01<00:01, 33.72it/s]
 62%|██████▏   | 49/79 [00:01<00:00, 33.35it/s]
 67%|██████▋   | 53/79 [00:01<00:00, 33.24it/s]
 72%|███████▏  | 57/79 [00:01<00:00, 33.38it/s]
 77%|███████▋  | 61/79 [00:01<00:00, 33.48it/s]
 82%|████████▏ | 65/79 [00:01<00:00, 34.24it/s]
 87%|████████▋ | 69/79 [00:02<00:00, 34.99it/s]
 92%|█████████▏| 73/79 [00:02<00:00, 35.43it/s]
 97%|█████████▋| 77/79 [00:02<00:00, 35.86it/s]
100%|██████████| 79/79 [00:02<00:00, 33.45it/s]

CommRound: 19/30
Accuracy: 90.64% | Loss: 0.3967
[######################################----------------------] 63.3%
Elapsed: 18.0m | Avg/Round: 56.9s | Last: 53.3s | Next: 56.9s | Remaining: 10.4m
ETA: 05:31:23
Recent round times: R1: 65.3s -> R2: 57.7s -> R3: 53.5s -> R4: 58.0s -> R5: 53.3s

  0%|          | 0/79 [00:00<?, ?it/s]
  1%|▏         | 1/79 [00:00<00:11,  6.70it/s]
  6%|▋         | 5/79 [00:00<00:03, 21.90it/s]
 11%|█▏        | 9/79 [00:00<00:02, 24.20it/s]
 16%|█▋        | 13/79 [00:00<00:02, 26.04it/s]
 22%|██▏       | 17/79 [00:00<00:02, 27.40it/s]
 27%|██▋       | 21/79 [00:00<00:02, 27.98it/s]
 30%|███       | 24/79 [00:00<00:01, 28.37it/s]
 34%|███▍      | 27/79 [00:01<00:01, 26.63it/s]
 39%|███▉      | 31/79 [00:01<00:01, 28.86it/s]
 44%|████▍     | 35/79 [00:01<00:01, 27.98it/s]
 49%|████▉     | 39/79 [00:01<00:01, 26.06it/s]
 53%|█████▎    | 42/79 [00:01<00:01, 25.54it/s]
 57%|█████▋    | 45/79 [00:01<00:01, 26.06it/s]
 63%|██████▎   | 50/79 [00:01<00:01, 28.41it/s]
 67%|██████▋   | 53/79 [00:01<00:00, 27.64it/s]
 71%|███████   | 56/79 [00:02<00:00, 23.45it/s]
 75%|███████▍  | 59/79 [00:02<00:00, 24.00it/s]
 78%|███████▊  | 62/79 [00:02<00:00, 20.86it/s]
 82%|████████▏ | 65/79 [00:02<00:00, 20.99it/s]
 86%|████████▌ | 68/79 [00:02<00:00, 19.36it/s]
 90%|████████▉ | 71/79 [00:02<00:00, 21.33it/s]
 94%|█████████▎| 74/79 [00:03<00:00, 20.61it/s]
 99%|█████████▊| 78/79 [00:03<00:00, 22.00it/s]
100%|██████████| 79/79 [00:03<00:00, 24.05it/s]

CommRound: 20/30
Accuracy: 90.63% | Loss: 0.3949
[########################################--------------------] 66.7%
Elapsed: 19.2m | Avg/Round: 57.5s | Last: 69.2s | Next: 57.5s | Remaining: 9.6m
ETA: 05:31:41
Recent round times: R1: 57.7s -> R2: 53.5s -> R3: 58.0s -> R4: 53.3s -> R5: 69.2s

  0%|          | 0/79 [00:00<?, ?it/s]
  1%|▏         | 1/79 [00:00<00:12,  6.04it/s]
  6%|▋         | 5/79 [00:00<00:03, 20.90it/s]
 11%|█▏        | 9/79 [00:00<00:02, 25.36it/s]
 16%|█▋        | 13/79 [00:00<00:02, 29.42it/s]
 22%|██▏       | 17/79 [00:00<00:01, 31.89it/s]
 27%|██▋       | 21/79 [00:00<00:01, 33.36it/s]
 32%|███▏      | 25/79 [00:00<00:01, 32.59it/s]
 37%|███▋      | 29/79 [00:00<00:01, 32.46it/s]
 42%|████▏     | 33/79 [00:01<00:01, 32.23it/s]
 47%|████▋     | 37/79 [00:01<00:01, 32.14it/s]
 52%|█████▏    | 41/79 [00:01<00:01, 32.01it/s]
 57%|█████▋    | 45/79 [00:01<00:01, 32.09it/s]
 62%|██████▏   | 49/79 [00:01<00:00, 31.86it/s]
 67%|██████▋   | 53/79 [00:01<00:00, 29.87it/s]
 72%|███████▏  | 57/79 [00:01<00:00, 28.79it/s]
 77%|███████▋  | 61/79 [00:02<00:00, 29.41it/s]
 82%|████████▏ | 65/79 [00:02<00:00, 30.14it/s]
 87%|████████▋ | 69/79 [00:02<00:00, 31.66it/s]
 92%|█████████▏| 73/79 [00:02<00:00, 32.77it/s]
 97%|█████████▋| 77/79 [00:02<00:00, 33.61it/s]
100%|██████████| 79/79 [00:02<00:00, 31.05it/s]

CommRound: 21/30
Accuracy: 90.75% | Loss: 0.3934
[##########################################------------------] 70.0%
Elapsed: 20.2m | Avg/Round: 57.8s | Last: 63.8s | Next: 57.8s | Remaining: 8.7m
ETA: 05:31:50
Recent round times: R1: 53.5s -> R2: 58.0s -> R3: 53.3s -> R4: 69.2s -> R5: 63.8s

  0%|          | 0/79 [00:00<?, ?it/s]
  1%|▏         | 1/79 [00:00<00:13,  5.60it/s]
  8%|▊         | 6/79 [00:00<00:03, 23.44it/s]
 11%|█▏        | 9/79 [00:00<00:03, 21.85it/s]
 15%|█▌        | 12/79 [00:00<00:03, 20.07it/s]
 19%|█▉        | 15/79 [00:00<00:02, 21.88it/s]
 23%|██▎       | 18/79 [00:00<00:03, 18.03it/s]
 28%|██▊       | 22/79 [00:01<00:02, 19.24it/s]
 32%|███▏      | 25/79 [00:01<00:02, 20.96it/s]
 35%|███▌      | 28/79 [00:01<00:02, 19.48it/s]
 41%|████      | 32/79 [00:01<00:02, 19.76it/s]
 46%|████▌     | 36/79 [00:01<00:02, 20.71it/s]
 49%|████▉     | 39/79 [00:01<00:01, 22.38it/s]
 53%|█████▎    | 42/79 [00:02<00:01, 20.75it/s]
 58%|█████▊    | 46/79 [00:02<00:01, 21.82it/s]
 62%|██████▏   | 49/79 [00:02<00:01, 23.34it/s]
 66%|██████▌   | 52/79 [00:02<00:01, 20.32it/s]
 70%|██████▉   | 55/79 [00:02<00:01, 22.13it/s]
 73%|███████▎  | 58/79 [00:02<00:01, 20.94it/s]
 78%|███████▊  | 62/79 [00:02<00:00, 24.62it/s]
 84%|████████▎ | 66/79 [00:03<00:00, 27.40it/s]
 89%|████████▊ | 70/79 [00:03<00:00, 29.56it/s]
 94%|█████████▎| 74/79 [00:03<00:00, 31.12it/s]
 99%|█████████▊| 78/79 [00:03<00:00, 32.33it/s]
100%|██████████| 79/79 [00:03<00:00, 23.17it/s]

CommRound: 22/30
Accuracy: 90.81% | Loss: 0.3919
[############################################----------------] 73.3%
Elapsed: 21.3m | Avg/Round: 58.2s | Last: 65.7s | Next: 58.2s | Remaining: 7.8m
ETA: 05:32:01
Recent round times: R1: 58.0s -> R2: 53.3s -> R3: 69.2s -> R4: 63.8s -> R5: 65.7s

  0%|          | 0/79 [00:00<?, ?it/s]
  1%|▏         | 1/79 [00:00<00:14,  5.50it/s]
  6%|▋         | 5/79 [00:00<00:04, 15.75it/s]
  9%|▉         | 7/79 [00:00<00:04, 15.21it/s]
 11%|█▏        | 9/79 [00:00<00:04, 14.28it/s]
 14%|█▍        | 11/79 [00:00<00:04, 15.26it/s]
 16%|█▋        | 13/79 [00:00<00:04, 14.59it/s]
 19%|█▉        | 15/79 [00:01<00:04, 14.79it/s]
 22%|██▏       | 17/79 [00:01<00:03, 15.68it/s]
 24%|██▍       | 19/79 [00:01<00:03, 15.89it/s]
 29%|██▉       | 23/79 [00:01<00:02, 20.72it/s]
 34%|███▍      | 27/79 [00:01<00:02, 23.96it/s]
 39%|███▉      | 31/79 [00:01<00:01, 25.69it/s]
 43%|████▎     | 34/79 [00:01<00:01, 24.11it/s]
 47%|████▋     | 37/79 [00:02<00:02, 18.73it/s]
 51%|█████     | 40/79 [00:02<00:02, 19.38it/s]
 54%|█████▍    | 43/79 [00:02<00:02, 16.45it/s]
 57%|█████▋    | 45/79 [00:02<00:02, 16.04it/s]
 59%|█████▉    | 47/79 [00:02<00:02, 15.89it/s]
 62%|██████▏   | 49/79 [00:02<00:01, 16.09it/s]
 65%|██████▍   | 51/79 [00:02<00:01, 16.25it/s]
 67%|██████▋   | 53/79 [00:03<00:01, 16.06it/s]
 70%|██████▉   | 55/79 [00:03<00:01, 15.99it/s]
 72%|███████▏  | 57/79 [00:03<00:01, 15.67it/s]
 75%|███████▍  | 59/79 [00:03<00:01, 13.13it/s]
 81%|████████  | 64/79 [00:03<00:00, 19.11it/s]
 84%|████████▎ | 66/79 [00:03<00:00, 19.11it/s]
 87%|████████▋ | 69/79 [00:03<00:00, 20.43it/s]
 91%|█████████ | 72/79 [00:04<00:00, 18.83it/s]
 94%|█████████▎| 74/79 [00:04<00:00, 17.78it/s]
 96%|█████████▌| 76/79 [00:04<00:00, 16.89it/s]
 99%|█████████▊| 78/79 [00:04<00:00, 17.43it/s]
100%|██████████| 79/79 [00:04<00:00, 17.42it/s]

CommRound: 23/30
Accuracy: 90.84% | Loss: 0.3903
[##############################################--------------] 76.7%
Elapsed: 22.3m | Avg/Round: 58.2s | Last: 58.6s | Next: 58.2s | Remaining: 6.8m
ETA: 05:32:01
Recent round times: R1: 53.3s -> R2: 69.2s -> R3: 63.8s -> R4: 65.7s -> R5: 58.6s

  0%|          | 0/79 [00:00<?, ?it/s]
  1%|▏         | 1/79 [00:00<00:12,  6.24it/s]
  8%|▊         | 6/79 [00:00<00:02, 25.62it/s]
 13%|█▎        | 10/79 [00:00<00:02, 30.95it/s]
 18%|█▊        | 14/79 [00:00<00:02, 32.06it/s]
 23%|██▎       | 18/79 [00:00<00:01, 33.41it/s]
 28%|██▊       | 22/79 [00:00<00:01, 34.37it/s]
 33%|███▎      | 26/79 [00:00<00:01, 34.77it/s]
 38%|███▊      | 30/79 [00:00<00:01, 34.75it/s]
 43%|████▎     | 34/79 [00:01<00:01, 35.37it/s]
 48%|████▊     | 38/79 [00:01<00:01, 35.21it/s]
 53%|█████▎    | 42/79 [00:01<00:01, 34.82it/s]
 58%|█████▊    | 46/79 [00:01<00:00, 34.94it/s]
 63%|██████▎   | 50/79 [00:01<00:00, 34.43it/s]
 68%|██████▊   | 54/79 [00:01<00:00, 34.98it/s]
 73%|███████▎  | 58/79 [00:01<00:00, 35.48it/s]
 78%|███████▊  | 62/79 [00:01<00:00, 36.07it/s]
 84%|████████▎ | 66/79 [00:01<00:00, 35.29it/s]
 89%|████████▊ | 70/79 [00:02<00:00, 35.04it/s]
 94%|█████████▎| 74/79 [00:02<00:00, 34.92it/s]
 99%|█████████▊| 78/79 [00:02<00:00, 34.86it/s]
100%|██████████| 79/79 [00:02<00:00, 33.73it/s]

CommRound: 24/30
Accuracy: 90.86% | Loss: 0.3889
[################################################------------] 80.0%
Elapsed: 23.1m | Avg/Round: 57.7s | Last: 47.3s | Next: 57.7s | Remaining: 5.8m
ETA: 05:31:48
Recent round times: R1: 69.2s -> R2: 63.8s -> R3: 65.7s -> R4: 58.6s -> R5: 47.3s

  0%|          | 0/79 [00:00<?, ?it/s]
  1%|▏         | 1/79 [00:00<00:16,  4.75it/s]
  9%|▉         | 7/79 [00:00<00:03, 22.66it/s]
 14%|█▍        | 11/79 [00:00<00:02, 27.02it/s]
 19%|█▉        | 15/79 [00:00<00:02, 28.86it/s]
 24%|██▍       | 19/79 [00:00<00:01, 31.24it/s]
 29%|██▉       | 23/79 [00:00<00:01, 33.34it/s]
 34%|███▍      | 27/79 [00:00<00:01, 34.70it/s]
 39%|███▉      | 31/79 [00:01<00:01, 35.74it/s]
 44%|████▍     | 35/79 [00:01<00:01, 35.31it/s]
 49%|████▉     | 39/79 [00:01<00:01, 35.39it/s]
 54%|█████▍    | 43/79 [00:01<00:01, 35.41it/s]
 59%|█████▉    | 47/79 [00:01<00:00, 35.38it/s]
 65%|██████▍   | 51/79 [00:01<00:00, 34.69it/s]
 70%|██████▉   | 55/79 [00:01<00:00, 33.15it/s]
 75%|███████▍  | 59/79 [00:01<00:00, 33.67it/s]
 80%|███████▉  | 63/79 [00:01<00:00, 34.08it/s]
 85%|████████▍ | 67/79 [00:02<00:00, 30.28it/s]
 90%|████████▉ | 71/79 [00:02<00:00, 28.19it/s]
 94%|█████████▎| 74/79 [00:02<00:00, 24.15it/s]
 99%|█████████▊| 78/79 [00:02<00:00, 26.36it/s]
100%|██████████| 79/79 [00:02<00:00, 30.10it/s]

CommRound: 25/30
Accuracy: 90.88% | Loss: 0.3875
[##################################################----------] 83.3%
Elapsed: 24.1m | Avg/Round: 57.9s | Last: 61.5s | Next: 57.9s | Remaining: 4.8m
ETA: 05:31:52
Recent round times: R1: 63.8s -> R2: 65.7s -> R3: 58.6s -> R4: 47.3s -> R5: 61.5s

  0%|          | 0/79 [00:00<?, ?it/s]
  1%|▏         | 1/79 [00:00<00:11,  6.51it/s]
  6%|▋         | 5/79 [00:00<00:03, 21.25it/s]
 10%|█         | 8/79 [00:00<00:03, 22.80it/s]
 14%|█▍        | 11/79 [00:00<00:03, 20.13it/s]
 18%|█▊        | 14/79 [00:00<00:02, 21.67it/s]
 22%|██▏       | 17/79 [00:00<00:03, 18.10it/s]
 25%|██▌       | 20/79 [00:01<00:02, 20.73it/s]
 29%|██▉       | 23/79 [00:01<00:02, 18.88it/s]
 33%|███▎      | 26/79 [00:01<00:02, 20.84it/s]
 37%|███▋      | 29/79 [00:01<00:02, 18.54it/s]
 41%|████      | 32/79 [00:01<00:02, 20.61it/s]
 44%|████▍     | 35/79 [00:01<00:02, 19.74it/s]
 49%|████▉     | 39/79 [00:01<00:01, 21.03it/s]
 54%|█████▍    | 43/79 [00:02<00:01, 21.62it/s]
 59%|█████▉    | 47/79 [00:02<00:01, 21.92it/s]
 65%|██████▍   | 51/79 [00:02<00:01, 22.08it/s]
 68%|██████▊   | 54/79 [00:02<00:01, 22.92it/s]
 72%|███████▏  | 57/79 [00:02<00:00, 22.15it/s]
 77%|███████▋  | 61/79 [00:02<00:00, 22.12it/s]
 81%|████████  | 64/79 [00:03<00:00, 23.64it/s]
 85%|████████▍ | 67/79 [00:03<00:00, 21.32it/s]
 89%|████████▊ | 70/79 [00:03<00:00, 22.90it/s]
 92%|█████████▏| 73/79 [00:03<00:00, 19.95it/s]
 96%|█████████▌| 76/79 [00:03<00:00, 21.71it/s]
100%|██████████| 79/79 [00:03<00:00, 23.30it/s]
100%|██████████| 79/79 [00:03<00:00, 21.05it/s]

CommRound: 26/30
Accuracy: 90.90% | Loss: 0.3861
[####################################################--------] 86.7%
Elapsed: 25.1m | Avg/Round: 58.0s | Last: 59.6s | Next: 58.0s | Remaining: 3.9m
ETA: 05:31:54
Recent round times: R1: 65.7s -> R2: 58.6s -> R3: 47.3s -> R4: 61.5s -> R5: 59.6s

  0%|          | 0/79 [00:00<?, ?it/s]
  1%|▏         | 1/79 [00:00<00:13,  5.89it/s]
  8%|▊         | 6/79 [00:00<00:02, 25.42it/s]
 13%|█▎        | 10/79 [00:00<00:02, 25.55it/s]
 16%|█▋        | 13/79 [00:00<00:02, 25.02it/s]
 22%|██▏       | 17/79 [00:00<00:02, 27.44it/s]
 27%|██▋       | 21/79 [00:00<00:01, 29.46it/s]
 32%|███▏      | 25/79 [00:00<00:01, 30.45it/s]
 37%|███▋      | 29/79 [00:01<00:01, 30.98it/s]
 42%|████▏     | 33/79 [00:01<00:01, 31.25it/s]
 47%|████▋     | 37/79 [00:01<00:01, 31.66it/s]
 52%|█████▏    | 41/79 [00:01<00:01, 31.57it/s]
 57%|█████▋    | 45/79 [00:01<00:01, 31.82it/s]
 62%|██████▏   | 49/79 [00:01<00:00, 31.49it/s]
 67%|██████▋   | 53/79 [00:01<00:00, 31.64it/s]
 72%|███████▏  | 57/79 [00:01<00:00, 31.74it/s]
 77%|███████▋  | 61/79 [00:02<00:00, 30.94it/s]
 82%|████████▏ | 65/79 [00:02<00:00, 29.97it/s]
 87%|████████▋ | 69/79 [00:02<00:00, 29.84it/s]
 92%|█████████▏| 73/79 [00:02<00:00, 29.13it/s]
 97%|█████████▋| 77/79 [00:02<00:00, 28.88it/s]
100%|██████████| 79/79 [00:02<00:00, 29.61it/s]

CommRound: 27/30
Accuracy: 90.93% | Loss: 0.3846
[######################################################------] 90.0%
Elapsed: 26.0m | Avg/Round: 57.8s | Last: 54.7s | Next: 57.8s | Remaining: 2.9m
ETA: 05:31:51
Recent round times: R1: 58.6s -> R2: 47.3s -> R3: 61.5s -> R4: 59.6s -> R5: 54.7s

  0%|          | 0/79 [00:00<?, ?it/s]
  1%|▏         | 1/79 [00:00<00:13,  5.94it/s]
  6%|▋         | 5/79 [00:00<00:03, 19.62it/s]
 11%|█▏        | 9/79 [00:00<00:03, 22.55it/s]
 16%|█▋        | 13/79 [00:00<00:02, 24.14it/s]
 22%|██▏       | 17/79 [00:00<00:02, 24.85it/s]
 27%|██▋       | 21/79 [00:00<00:02, 24.72it/s]
 32%|███▏      | 25/79 [00:01<00:02, 25.52it/s]
 37%|███▋      | 29/79 [00:01<00:01, 25.55it/s]
 42%|████▏     | 33/79 [00:01<00:01, 25.95it/s]
 47%|████▋     | 37/79 [00:01<00:01, 25.77it/s]
 52%|█████▏    | 41/79 [00:01<00:01, 25.65it/s]
 57%|█████▋    | 45/79 [00:01<00:01, 26.34it/s]
 62%|██████▏   | 49/79 [00:01<00:01, 26.43it/s]
 67%|██████▋   | 53/79 [00:02<00:00, 26.65it/s]
 72%|███████▏  | 57/79 [00:02<00:00, 26.76it/s]
 77%|███████▋  | 61/79 [00:02<00:00, 26.84it/s]
 82%|████████▏ | 65/79 [00:02<00:00, 26.88it/s]
 87%|████████▋ | 69/79 [00:02<00:00, 26.33it/s]
 92%|█████████▏| 73/79 [00:02<00:00, 26.12it/s]
 97%|█████████▋| 77/79 [00:03<00:00, 26.23it/s]
100%|██████████| 79/79 [00:03<00:00, 25.60it/s]

CommRound: 28/30
Accuracy: 90.99% | Loss: 0.3835
[########################################################----] 93.3%
Elapsed: 27.0m | Avg/Round: 57.9s | Last: 59.9s | Next: 57.9s | Remaining: 1.9m
ETA: 05:31:53
Recent round times: R1: 47.3s -> R2: 61.5s -> R3: 59.6s -> R4: 54.7s -> R5: 59.9s

  0%|          | 0/79 [00:00<?, ?it/s]
  1%|▏         | 1/79 [00:00<00:11,  7.03it/s]
  6%|▋         | 5/79 [00:00<00:04, 18.46it/s]
 10%|█         | 8/79 [00:00<00:03, 21.50it/s]
 14%|█▍        | 11/79 [00:00<00:02, 23.09it/s]
 18%|█▊        | 14/79 [00:00<00:04, 16.07it/s]
 22%|██▏       | 17/79 [00:00<00:03, 17.77it/s]
 25%|██▌       | 20/79 [00:01<00:02, 20.13it/s]
 29%|██▉       | 23/79 [00:01<00:02, 21.37it/s]
 33%|███▎      | 26/79 [00:01<00:02, 22.53it/s]
 37%|███▋      | 29/79 [00:01<00:02, 21.88it/s]
 41%|████      | 32/79 [00:01<00:01, 23.65it/s]
 44%|████▍     | 35/79 [00:01<00:01, 22.21it/s]
 49%|████▉     | 39/79 [00:01<00:01, 23.44it/s]
 54%|█████▍    | 43/79 [00:02<00:01, 24.03it/s]
 59%|█████▉    | 47/79 [00:02<00:01, 24.55it/s]
 65%|██████▍   | 51/79 [00:02<00:01, 25.00it/s]
 70%|██████▉   | 55/79 [00:02<00:00, 24.98it/s]
 75%|███████▍  | 59/79 [00:02<00:00, 25.26it/s]
 80%|███████▉  | 63/79 [00:02<00:00, 25.34it/s]
 85%|████████▍ | 67/79 [00:02<00:00, 24.82it/s]
 90%|████████▉ | 71/79 [00:03<00:00, 24.47it/s]
 95%|█████████▍| 75/79 [00:03<00:00, 23.55it/s]
100%|██████████| 79/79 [00:03<00:00, 23.03it/s]

CommRound: 29/30
Accuracy: 91.03% | Loss: 0.3821
[##########################################################--] 96.7%
Elapsed: 27.9m | Avg/Round: 57.8s | Last: 54.2s | Next: 57.8s | Remaining: 1.0m
ETA: 05:31:49
Recent round times: R1: 61.5s -> R2: 59.6s -> R3: 54.7s -> R4: 59.9s -> R5: 54.2s

  0%|          | 0/79 [00:00<?, ?it/s]
  1%|▏         | 1/79 [00:00<00:11,  6.91it/s]
  8%|▊         | 6/79 [00:00<00:02, 26.93it/s]
 11%|█▏        | 9/79 [00:00<00:04, 16.84it/s]
 15%|█▌        | 12/79 [00:00<00:04, 15.82it/s]
 20%|██        | 16/79 [00:00<00:03, 18.91it/s]
 27%|██▋       | 21/79 [00:00<00:02, 25.45it/s]
 32%|███▏      | 25/79 [00:01<00:01, 27.81it/s]
 37%|███▋      | 29/79 [00:01<00:01, 29.75it/s]
 42%|████▏     | 33/79 [00:01<00:01, 31.46it/s]
 47%|████▋     | 37/79 [00:01<00:01, 32.42it/s]
 52%|█████▏    | 41/79 [00:01<00:01, 33.16it/s]
 57%|█████▋    | 45/79 [00:01<00:01, 32.98it/s]
 62%|██████▏   | 49/79 [00:01<00:00, 33.14it/s]
 67%|██████▋   | 53/79 [00:01<00:00, 33.21it/s]
 72%|███████▏  | 57/79 [00:02<00:00, 33.44it/s]
 77%|███████▋  | 61/79 [00:02<00:00, 26.43it/s]
 81%|████████  | 64/79 [00:02<00:00, 24.18it/s]
 87%|████████▋ | 69/79 [00:02<00:00, 29.65it/s]
 92%|█████████▏| 73/79 [00:02<00:00, 30.79it/s]
 97%|█████████▋| 77/79 [00:02<00:00, 30.52it/s]
100%|██████████| 79/79 [00:02<00:00, 27.39it/s]

CommRound: 30/30
Accuracy: 91.06% | Loss: 0.3809
[############################################################] 100.0%
Elapsed: 28.9m | Avg/Round: 57.8s | Last: 56.9s | Next: 57.8s | Remaining: 0.0m
ETA: 05:31:48
Recent round times: R1: 59.6s -> R2: 54.7s -> R3: 59.9s -> R4: 54.2s -> R5: 56.9s
Total time for experiment: 1732.598132133484 seconds
Device average training time per communication round [s]:
    rpi (sld-rpi-09.ece.utexas.edu): 6.70 seconds
    mc1 (sld-mc1-09.ece.utexas.edu): 53.77 seconds
