Connecting to sld-rpi-09.ece.utexas.edu...
Successfully fetched dev0_pow_temp_log_exp163_run1.csv.
Connecting to sld-rpi-09.ece.utexas.edu...
Successfully fetched dev0_communication_log_exp163_run1.csv.
Connecting to sld-mc1-09.ece.utexas.edu...
Successfully fetched dev1_pow_temp_log_exp163_run1.csv.
Connecting to sld-mc1-09.ece.utexas.edu...
Successfully fetched dev1_communication_log_exp163_run1.csv.

Exp163
Experiment 163: 
	Global test accuracy [%]: 88.82 %
	No round found where all subsequent rounds have accuracy >= 90.00%.
	Average time per communication round [s]: 9.87 seconds
	Total wall clock time [s]: 313.40 seconds


Experiment 163:
	RPi avg. energy consumption per round [J]: 37.70 Joules
	MC1 avg. energy consumption per round [J]: 20.91 Joules
	Total avg. energy consumption per communication round [J]: 58.62 Joules
	Avg. amount of communicated data per communication round [MB]: 0.09 MB
	RPi avg. power consumption per round [W]: 5.49 Watts
	MC1 avg. power consumption per round [W]: 5.75 Watts
