
  0%|          | 0/79 [00:00<?, ?it/s]
  4%|▍         | 3/79 [00:00<00:03, 22.66it/s]
 10%|█         | 8/79 [00:00<00:01, 36.31it/s]
 15%|█▌        | 12/79 [00:00<00:01, 37.74it/s]
 20%|██        | 16/79 [00:00<00:01, 38.55it/s]
 27%|██▋       | 21/79 [00:00<00:01, 36.78it/s]
 33%|███▎      | 26/79 [00:00<00:01, 40.45it/s]
 39%|███▉      | 31/79 [00:00<00:01, 37.95it/s]
 44%|████▍     | 35/79 [00:00<00:01, 38.46it/s]
 49%|████▉     | 39/79 [00:01<00:01, 38.78it/s]
 54%|█████▍    | 43/79 [00:01<00:00, 38.91it/s]
 59%|█████▉    | 47/79 [00:01<00:00, 39.11it/s]
 65%|██████▍   | 51/79 [00:01<00:00, 39.32it/s]
 70%|██████▉   | 55/79 [00:01<00:00, 39.39it/s]
 75%|███████▍  | 59/79 [00:01<00:00, 39.48it/s]
 80%|███████▉  | 63/79 [00:01<00:00, 39.39it/s]
 86%|████████▌ | 68/79 [00:01<00:00, 42.23it/s]
 92%|█████████▏| 73/79 [00:01<00:00, 39.82it/s]
100%|██████████| 79/79 [00:01<00:00, 44.98it/s]
100%|██████████| 79/79 [00:01<00:00, 39.55it/s]
Initial Accuracy: 9.83%; Initial Loss: 2.3113

  0%|          | 0/79 [00:00<?, ?it/s]
  4%|▍         | 3/79 [00:00<00:03, 21.26it/s]
  9%|▉         | 7/79 [00:00<00:02, 28.82it/s]
 14%|█▍        | 11/79 [00:00<00:02, 31.77it/s]
 19%|█▉        | 15/79 [00:00<00:01, 33.15it/s]
 24%|██▍       | 19/79 [00:00<00:01, 33.63it/s]
 29%|██▉       | 23/79 [00:00<00:01, 34.37it/s]
 34%|███▍      | 27/79 [00:00<00:01, 34.89it/s]
 39%|███▉      | 31/79 [00:00<00:01, 34.99it/s]
 44%|████▍     | 35/79 [00:01<00:01, 35.26it/s]
 49%|████▉     | 39/79 [00:01<00:01, 35.24it/s]
 54%|█████▍    | 43/79 [00:01<00:01, 35.04it/s]
 59%|█████▉    | 47/79 [00:01<00:00, 35.20it/s]
 65%|██████▍   | 51/79 [00:01<00:00, 35.25it/s]
 70%|██████▉   | 55/79 [00:01<00:00, 35.39it/s]
 75%|███████▍  | 59/79 [00:01<00:00, 35.54it/s]
 80%|███████▉  | 63/79 [00:01<00:00, 35.65it/s]
 85%|████████▍ | 67/79 [00:01<00:00, 35.43it/s]
 90%|████████▉ | 71/79 [00:02<00:00, 35.48it/s]
 95%|█████████▍| 75/79 [00:02<00:00, 35.44it/s]
100%|██████████| 79/79 [00:02<00:00, 35.09it/s]

CommRound: 1/30
Accuracy: 19.56% | Loss: 2.3919
[##----------------------------------------------------------] 3.3%
Elapsed: 0.2m | Avg/Round: 12.8s | Last: 10.8s | Next: 12.8s | Remaining: 6.2m
ETA: 20:19:46
Recent round times: R1: 10.8s

  0%|          | 0/79 [00:00<?, ?it/s]
  1%|▏         | 1/79 [00:00<00:07,  9.94it/s]
  9%|▉         | 7/79 [00:00<00:02, 33.14it/s]
 15%|█▌        | 12/79 [00:00<00:01, 39.88it/s]
 22%|██▏       | 17/79 [00:00<00:01, 37.80it/s]
 28%|██▊       | 22/79 [00:00<00:01, 39.27it/s]
 33%|███▎      | 26/79 [00:00<00:01, 37.66it/s]
 38%|███▊      | 30/79 [00:00<00:01, 36.29it/s]
 43%|████▎     | 34/79 [00:00<00:01, 36.46it/s]
 49%|████▉     | 39/79 [00:01<00:00, 40.22it/s]
 56%|█████▌    | 44/79 [00:01<00:00, 37.99it/s]
 62%|██████▏   | 49/79 [00:01<00:00, 41.09it/s]
 68%|██████▊   | 54/79 [00:01<00:00, 38.94it/s]
 75%|███████▍  | 59/79 [00:01<00:00, 41.64it/s]
 81%|████████  | 64/79 [00:01<00:00, 39.55it/s]
 87%|████████▋ | 69/79 [00:01<00:00, 42.20it/s]
 94%|█████████▎| 74/79 [00:01<00:00, 40.08it/s]
100%|██████████| 79/79 [00:02<00:00, 39.07it/s]

CommRound: 2/30
Accuracy: 19.62% | Loss: 2.2896
[####--------------------------------------------------------] 6.7%
Elapsed: 0.4m | Avg/Round: 11.8s | Last: 10.8s | Next: 11.8s | Remaining: 5.5m
ETA: 20:19:16
Recent round times: R1: 10.8s -> R2: 10.8s

  0%|          | 0/79 [00:00<?, ?it/s]
  4%|▍         | 3/79 [00:00<00:03, 22.53it/s]
 10%|█         | 8/79 [00:00<00:02, 34.64it/s]
 16%|█▋        | 13/79 [00:00<00:01, 33.88it/s]
 22%|██▏       | 17/79 [00:00<00:01, 34.38it/s]
 27%|██▋       | 21/79 [00:00<00:01, 34.73it/s]
 32%|███▏      | 25/79 [00:00<00:01, 34.85it/s]
 37%|███▋      | 29/79 [00:00<00:01, 34.97it/s]
 42%|████▏     | 33/79 [00:00<00:01, 35.20it/s]
 47%|████▋     | 37/79 [00:01<00:01, 35.30it/s]
 52%|█████▏    | 41/79 [00:01<00:01, 35.24it/s]
 57%|█████▋    | 45/79 [00:01<00:00, 35.04it/s]
 62%|██████▏   | 49/79 [00:01<00:00, 34.26it/s]
 70%|██████▉   | 55/79 [00:01<00:00, 36.96it/s]
 77%|███████▋  | 61/79 [00:01<00:00, 38.48it/s]
 84%|████████▎ | 66/79 [00:01<00:00, 41.31it/s]
 90%|████████▉ | 71/79 [00:01<00:00, 39.51it/s]
 95%|█████████▍| 75/79 [00:02<00:00, 39.25it/s]
100%|██████████| 79/79 [00:02<00:00, 37.11it/s]

CommRound: 3/30
Accuracy: 20.43% | Loss: 2.3162
[######------------------------------------------------------] 10.0%
Elapsed: 0.6m | Avg/Round: 11.5s | Last: 10.9s | Next: 11.5s | Remaining: 5.2m
ETA: 20:19:07
Recent round times: R1: 10.8s -> R2: 10.8s -> R3: 10.9s

  0%|          | 0/79 [00:00<?, ?it/s]
  4%|▍         | 3/79 [00:00<00:03, 22.32it/s]
  9%|▉         | 7/79 [00:00<00:02, 30.96it/s]
 14%|█▍        | 11/79 [00:00<00:02, 32.58it/s]
 19%|█▉        | 15/79 [00:00<00:01, 33.56it/s]
 24%|██▍       | 19/79 [00:00<00:01, 34.29it/s]
 29%|██▉       | 23/79 [00:00<00:01, 34.60it/s]
 34%|███▍      | 27/79 [00:00<00:01, 34.80it/s]
 39%|███▉      | 31/79 [00:00<00:01, 34.74it/s]
 44%|████▍     | 35/79 [00:01<00:01, 35.14it/s]
 49%|████▉     | 39/79 [00:01<00:01, 35.02it/s]
 54%|█████▍    | 43/79 [00:01<00:01, 35.10it/s]
 59%|█████▉    | 47/79 [00:01<00:00, 34.96it/s]
 65%|██████▍   | 51/79 [00:01<00:00, 35.34it/s]
 70%|██████▉   | 55/79 [00:01<00:00, 35.48it/s]
 75%|███████▍  | 59/79 [00:01<00:00, 35.32it/s]
 80%|███████▉  | 63/79 [00:01<00:00, 35.95it/s]
 85%|████████▍ | 67/79 [00:01<00:00, 36.99it/s]
 91%|█████████ | 72/79 [00:02<00:00, 40.44it/s]
 97%|█████████▋| 77/79 [00:02<00:00, 37.99it/s]
100%|██████████| 79/79 [00:02<00:00, 36.00it/s]

CommRound: 4/30
Accuracy: 26.65% | Loss: 2.0849
[########----------------------------------------------------] 13.3%
Elapsed: 0.8m | Avg/Round: 11.4s | Last: 11.0s | Next: 11.4s | Remaining: 4.9m
ETA: 20:19:02
Recent round times: R1: 10.8s -> R2: 10.8s -> R3: 10.9s -> R4: 11.0s

  0%|          | 0/79 [00:00<?, ?it/s]
  3%|▎         | 2/79 [00:00<00:03, 19.74it/s]
  8%|▊         | 6/79 [00:00<00:02, 29.44it/s]
 13%|█▎        | 10/79 [00:00<00:02, 31.56it/s]
 18%|█▊        | 14/79 [00:00<00:02, 32.22it/s]
 23%|██▎       | 18/79 [00:00<00:01, 32.79it/s]
 28%|██▊       | 22/79 [00:00<00:01, 32.52it/s]
 33%|███▎      | 26/79 [00:00<00:01, 33.00it/s]
 38%|███▊      | 30/79 [00:00<00:01, 33.81it/s]
 43%|████▎     | 34/79 [00:01<00:01, 34.60it/s]
 48%|████▊     | 38/79 [00:01<00:01, 34.79it/s]
 53%|█████▎    | 42/79 [00:01<00:01, 34.24it/s]
 58%|█████▊    | 46/79 [00:01<00:01, 32.93it/s]
 63%|██████▎   | 50/79 [00:01<00:00, 33.52it/s]
 68%|██████▊   | 54/79 [00:01<00:00, 33.77it/s]
 73%|███████▎  | 58/79 [00:01<00:00, 34.45it/s]
 78%|███████▊  | 62/79 [00:01<00:00, 35.32it/s]
 84%|████████▎ | 66/79 [00:01<00:00, 35.84it/s]
 89%|████████▊ | 70/79 [00:02<00:00, 36.00it/s]
 94%|█████████▎| 74/79 [00:02<00:00, 36.25it/s]
 99%|█████████▊| 78/79 [00:02<00:00, 36.35it/s]
100%|██████████| 79/79 [00:02<00:00, 34.30it/s]

CommRound: 5/30
Accuracy: 32.04% | Loss: 1.9045
[##########--------------------------------------------------] 16.7%
Elapsed: 0.9m | Avg/Round: 11.4s | Last: 11.2s | Next: 11.4s | Remaining: 4.7m
ETA: 20:19:01
Recent round times: R1: 10.8s -> R2: 10.8s -> R3: 10.9s -> R4: 11.0s -> R5: 11.2s

  0%|          | 0/79 [00:00<?, ?it/s]
  3%|▎         | 2/79 [00:00<00:04, 19.10it/s]
  8%|▊         | 6/79 [00:00<00:02, 29.95it/s]
 13%|█▎        | 10/79 [00:00<00:02, 32.44it/s]
 18%|█▊        | 14/79 [00:00<00:01, 33.37it/s]
 23%|██▎       | 18/79 [00:00<00:01, 34.24it/s]
 28%|██▊       | 22/79 [00:00<00:01, 34.95it/s]
 33%|███▎      | 26/79 [00:00<00:01, 35.27it/s]
 38%|███▊      | 30/79 [00:00<00:01, 35.70it/s]
 43%|████▎     | 34/79 [00:00<00:01, 36.02it/s]
 48%|████▊     | 38/79 [00:01<00:01, 35.97it/s]
 53%|█████▎    | 42/79 [00:01<00:01, 36.45it/s]
 59%|█████▉    | 47/79 [00:01<00:00, 40.24it/s]
 66%|██████▌   | 52/79 [00:01<00:00, 37.98it/s]
 71%|███████   | 56/79 [00:01<00:00, 38.38it/s]
 77%|███████▋  | 61/79 [00:01<00:00, 41.58it/s]
 84%|████████▎ | 66/79 [00:01<00:00, 39.38it/s]
 91%|█████████ | 72/79 [00:01<00:00, 40.44it/s]
 99%|█████████▊| 78/79 [00:02<00:00, 41.28it/s]
100%|██████████| 79/79 [00:02<00:00, 37.70it/s]

CommRound: 6/30
Accuracy: 43.58% | Loss: 1.6544
[############------------------------------------------------] 20.0%
Elapsed: 1.1m | Avg/Round: 11.3s | Last: 11.0s | Next: 11.3s | Remaining: 4.5m
ETA: 20:18:59
Recent round times: R1: 10.8s -> R2: 10.9s -> R3: 11.0s -> R4: 11.2s -> R5: 11.0s

  0%|          | 0/79 [00:00<?, ?it/s]
  3%|▎         | 2/79 [00:00<00:03, 19.62it/s]
  8%|▊         | 6/79 [00:00<00:02, 28.32it/s]
 13%|█▎        | 10/79 [00:00<00:02, 31.23it/s]
 18%|█▊        | 14/79 [00:00<00:02, 32.23it/s]
 23%|██▎       | 18/79 [00:00<00:01, 33.25it/s]
 28%|██▊       | 22/79 [00:00<00:01, 33.75it/s]
 33%|███▎      | 26/79 [00:00<00:01, 34.28it/s]
 38%|███▊      | 30/79 [00:00<00:01, 34.30it/s]
 43%|████▎     | 34/79 [00:01<00:01, 34.36it/s]
 48%|████▊     | 38/79 [00:01<00:01, 34.17it/s]
 53%|█████▎    | 42/79 [00:01<00:01, 33.99it/s]
 58%|█████▊    | 46/79 [00:01<00:00, 34.19it/s]
 65%|██████▍   | 51/79 [00:01<00:00, 38.33it/s]
 70%|██████▉   | 55/79 [00:01<00:00, 37.79it/s]
 75%|███████▍  | 59/79 [00:01<00:00, 37.57it/s]
 80%|███████▉  | 63/79 [00:01<00:00, 37.43it/s]
 85%|████████▍ | 67/79 [00:01<00:00, 36.88it/s]
 90%|████████▉ | 71/79 [00:02<00:00, 37.29it/s]
 95%|█████████▍| 75/79 [00:02<00:00, 36.96it/s]
100%|██████████| 79/79 [00:02<00:00, 37.07it/s]
100%|██████████| 79/79 [00:02<00:00, 35.00it/s]

CommRound: 7/30
Accuracy: 45.77% | Loss: 1.6642
[##############----------------------------------------------] 23.3%
Elapsed: 1.3m | Avg/Round: 11.3s | Last: 11.0s | Next: 11.3s | Remaining: 4.3m
ETA: 20:18:58
Recent round times: R1: 10.9s -> R2: 11.0s -> R3: 11.2s -> R4: 11.0s -> R5: 11.0s

  0%|          | 0/79 [00:00<?, ?it/s]
  1%|▏         | 1/79 [00:00<00:08,  8.91it/s]
  9%|▉         | 7/79 [00:00<00:02, 30.65it/s]
 16%|█▋        | 13/79 [00:00<00:01, 36.41it/s]
 23%|██▎       | 18/79 [00:00<00:01, 40.59it/s]
 29%|██▉       | 23/79 [00:00<00:01, 39.18it/s]
 35%|███▌      | 28/79 [00:00<00:01, 40.77it/s]
 42%|████▏     | 33/79 [00:00<00:01, 40.94it/s]
 48%|████▊     | 38/79 [00:00<00:01, 39.86it/s]
 54%|█████▍    | 43/79 [00:01<00:00, 42.05it/s]
 61%|██████    | 48/79 [00:01<00:00, 39.29it/s]
 67%|██████▋   | 53/79 [00:01<00:00, 42.00it/s]
 73%|███████▎  | 58/79 [00:01<00:00, 39.48it/s]
 81%|████████  | 64/79 [00:01<00:00, 40.21it/s]
 87%|████████▋ | 69/79 [00:01<00:00, 42.46it/s]
 94%|█████████▎| 74/79 [00:01<00:00, 40.54it/s]
100%|██████████| 79/79 [00:02<00:00, 40.06it/s]
100%|██████████| 79/79 [00:02<00:00, 39.08it/s]

CommRound: 8/30
Accuracy: 48.09% | Loss: 1.5645
[################--------------------------------------------] 26.7%
Elapsed: 1.5m | Avg/Round: 11.2s | Last: 11.0s | Next: 11.2s | Remaining: 4.1m
ETA: 20:18:57
Recent round times: R1: 11.0s -> R2: 11.2s -> R3: 11.0s -> R4: 11.0s -> R5: 11.0s

  0%|          | 0/79 [00:00<?, ?it/s]
  3%|▎         | 2/79 [00:00<00:04, 19.01it/s]
  9%|▉         | 7/79 [00:00<00:02, 31.34it/s]
 15%|█▌        | 12/79 [00:00<00:01, 36.83it/s]
 20%|██        | 16/79 [00:00<00:01, 37.34it/s]
 25%|██▌       | 20/79 [00:00<00:01, 37.94it/s]
 30%|███       | 24/79 [00:00<00:01, 38.27it/s]
 35%|███▌      | 28/79 [00:00<00:01, 38.63it/s]
 41%|████      | 32/79 [00:00<00:01, 38.93it/s]
 46%|████▌     | 36/79 [00:00<00:01, 38.99it/s]
 51%|█████     | 40/79 [00:01<00:01, 38.74it/s]
 56%|█████▌    | 44/79 [00:01<00:00, 38.99it/s]
 61%|██████    | 48/79 [00:01<00:00, 39.27it/s]
 66%|██████▌   | 52/79 [00:01<00:00, 39.19it/s]
 71%|███████   | 56/79 [00:01<00:00, 39.35it/s]
 76%|███████▌  | 60/79 [00:01<00:00, 39.46it/s]
 81%|████████  | 64/79 [00:01<00:00, 39.53it/s]
 87%|████████▋ | 69/79 [00:01<00:00, 42.49it/s]
 94%|█████████▎| 74/79 [00:01<00:00, 39.44it/s]
100%|██████████| 79/79 [00:02<00:00, 42.18it/s]
100%|██████████| 79/79 [00:02<00:00, 38.75it/s]

CommRound: 9/30
Accuracy: 44.37% | Loss: 1.7715
[##################------------------------------------------] 30.0%
Elapsed: 1.7m | Avg/Round: 11.2s | Last: 10.9s | Next: 11.2s | Remaining: 3.9m
ETA: 20:18:56
Recent round times: R1: 11.2s -> R2: 11.0s -> R3: 11.0s -> R4: 11.0s -> R5: 10.9s

  0%|          | 0/79 [00:00<?, ?it/s]
  3%|▎         | 2/79 [00:00<00:04, 19.08it/s]
  8%|▊         | 6/79 [00:00<00:02, 30.97it/s]
 13%|█▎        | 10/79 [00:00<00:02, 33.33it/s]
 18%|█▊        | 14/79 [00:00<00:01, 35.72it/s]
 24%|██▍       | 19/79 [00:00<00:01, 37.49it/s]
 29%|██▉       | 23/79 [00:00<00:01, 38.04it/s]
 34%|███▍      | 27/79 [00:00<00:01, 38.44it/s]
 39%|███▉      | 31/79 [00:00<00:01, 38.78it/s]
 44%|████▍     | 35/79 [00:00<00:01, 39.07it/s]
 51%|█████     | 40/79 [00:01<00:00, 40.93it/s]
 57%|█████▋    | 45/79 [00:01<00:00, 39.32it/s]
 62%|██████▏   | 49/79 [00:01<00:00, 39.38it/s]
 67%|██████▋   | 53/79 [00:01<00:00, 39.46it/s]
 72%|███████▏  | 57/79 [00:01<00:00, 39.26it/s]
 77%|███████▋  | 61/79 [00:01<00:00, 38.70it/s]
 82%|████████▏ | 65/79 [00:01<00:00, 38.89it/s]
 87%|████████▋ | 69/79 [00:01<00:00, 39.11it/s]
 92%|█████████▏| 73/79 [00:01<00:00, 39.30it/s]
 97%|█████████▋| 77/79 [00:02<00:00, 39.29it/s]
100%|██████████| 79/79 [00:02<00:00, 38.74it/s]

CommRound: 10/30
Accuracy: 49.64% | Loss: 1.5465
[####################----------------------------------------] 33.3%
Elapsed: 1.9m | Avg/Round: 11.2s | Last: 11.0s | Next: 11.2s | Remaining: 3.7m
ETA: 20:18:56
Recent round times: R1: 11.0s -> R2: 11.0s -> R3: 11.0s -> R4: 10.9s -> R5: 11.0s

  0%|          | 0/79 [00:00<?, ?it/s]
  1%|▏         | 1/79 [00:00<00:08,  9.66it/s]
  9%|▉         | 7/79 [00:00<00:02, 32.06it/s]
 14%|█▍        | 11/79 [00:00<00:01, 35.10it/s]
 19%|█▉        | 15/79 [00:00<00:01, 36.75it/s]
 24%|██▍       | 19/79 [00:00<00:01, 37.73it/s]
 29%|██▉       | 23/79 [00:00<00:01, 38.42it/s]
 35%|███▌      | 28/79 [00:00<00:01, 40.51it/s]
 42%|████▏     | 33/79 [00:00<00:01, 38.63it/s]
 47%|████▋     | 37/79 [00:00<00:01, 38.74it/s]
 52%|█████▏    | 41/79 [00:01<00:00, 38.93it/s]
 57%|█████▋    | 45/79 [00:01<00:00, 39.13it/s]
 62%|██████▏   | 49/79 [00:01<00:00, 39.26it/s]
 67%|██████▋   | 53/79 [00:01<00:00, 39.24it/s]
 73%|███████▎  | 58/79 [00:01<00:00, 38.62it/s]
 78%|███████▊  | 62/79 [00:01<00:00, 36.81it/s]
 84%|████████▎ | 66/79 [00:01<00:00, 36.59it/s]
 89%|████████▊ | 70/79 [00:01<00:00, 36.44it/s]
 94%|█████████▎| 74/79 [00:01<00:00, 36.55it/s]
 99%|█████████▊| 78/79 [00:02<00:00, 36.80it/s]
100%|██████████| 79/79 [00:02<00:00, 37.34it/s]

CommRound: 11/30
Accuracy: 51.15% | Loss: 1.4922
[######################--------------------------------------] 36.7%
Elapsed: 2.0m | Avg/Round: 11.2s | Last: 11.0s | Next: 11.2s | Remaining: 3.5m
ETA: 20:18:55
Recent round times: R1: 11.0s -> R2: 11.0s -> R3: 10.9s -> R4: 11.0s -> R5: 11.0s

  0%|          | 0/79 [00:00<?, ?it/s]
  3%|▎         | 2/79 [00:00<00:03, 19.65it/s]
  9%|▉         | 7/79 [00:00<00:02, 31.92it/s]
 15%|█▌        | 12/79 [00:00<00:01, 37.43it/s]
 20%|██        | 16/79 [00:00<00:01, 38.13it/s]
 25%|██▌       | 20/79 [00:00<00:01, 38.69it/s]
 32%|███▏      | 25/79 [00:00<00:01, 39.13it/s]
 38%|███▊      | 30/79 [00:00<00:01, 39.73it/s]
 43%|████▎     | 34/79 [00:00<00:01, 39.32it/s]
 48%|████▊     | 38/79 [00:00<00:01, 39.40it/s]
 53%|█████▎    | 42/79 [00:01<00:00, 39.41it/s]
 58%|█████▊    | 46/79 [00:01<00:00, 39.19it/s]
 63%|██████▎   | 50/79 [00:01<00:00, 39.40it/s]
 70%|██████▉   | 55/79 [00:01<00:00, 42.29it/s]
 76%|███████▌  | 60/79 [00:01<00:00, 39.09it/s]
 81%|████████  | 64/79 [00:01<00:00, 39.23it/s]
 86%|████████▌ | 68/79 [00:01<00:00, 39.16it/s]
 91%|█████████ | 72/79 [00:01<00:00, 39.16it/s]
 97%|█████████▋| 77/79 [00:01<00:00, 42.02it/s]
100%|██████████| 79/79 [00:02<00:00, 39.12it/s]

CommRound: 12/30
Accuracy: 50.05% | Loss: 1.5521
[########################------------------------------------] 40.0%
Elapsed: 2.2m | Avg/Round: 11.1s | Last: 10.9s | Next: 11.1s | Remaining: 3.3m
ETA: 20:18:54
Recent round times: R1: 11.0s -> R2: 10.9s -> R3: 11.0s -> R4: 11.0s -> R5: 10.9s

  0%|          | 0/79 [00:00<?, ?it/s]
  3%|▎         | 2/79 [00:00<00:04, 19.16it/s]
  9%|▉         | 7/79 [00:00<00:02, 30.51it/s]
 14%|█▍        | 11/79 [00:00<00:01, 34.17it/s]
 19%|█▉        | 15/79 [00:00<00:01, 36.03it/s]
 25%|██▌       | 20/79 [00:00<00:01, 37.71it/s]
 30%|███       | 24/79 [00:00<00:01, 37.62it/s]
 35%|███▌      | 28/79 [00:00<00:01, 37.29it/s]
 41%|████      | 32/79 [00:00<00:01, 37.16it/s]
 46%|████▌     | 36/79 [00:01<00:01, 37.20it/s]
 51%|█████     | 40/79 [00:01<00:01, 37.34it/s]
 56%|█████▌    | 44/79 [00:01<00:00, 36.62it/s]
 61%|██████    | 48/79 [00:01<00:00, 36.70it/s]
 66%|██████▌   | 52/79 [00:01<00:00, 36.65it/s]
 71%|███████   | 56/79 [00:01<00:00, 36.75it/s]
 76%|███████▌  | 60/79 [00:01<00:00, 36.84it/s]
 81%|████████  | 64/79 [00:01<00:00, 37.17it/s]
 86%|████████▌ | 68/79 [00:01<00:00, 37.03it/s]
 91%|█████████ | 72/79 [00:01<00:00, 37.18it/s]
 96%|█████████▌| 76/79 [00:02<00:00, 37.24it/s]
100%|██████████| 79/79 [00:02<00:00, 36.72it/s]

CommRound: 13/30
Accuracy: 52.67% | Loss: 1.4370
[##########################----------------------------------] 43.3%
Elapsed: 2.4m | Avg/Round: 11.1s | Last: 10.9s | Next: 11.1s | Remaining: 3.1m
ETA: 20:18:54
Recent round times: R1: 10.9s -> R2: 11.0s -> R3: 11.0s -> R4: 10.9s -> R5: 10.9s

  0%|          | 0/79 [00:00<?, ?it/s]
  3%|▎         | 2/79 [00:00<00:03, 19.68it/s]
  8%|▊         | 6/79 [00:00<00:02, 28.78it/s]
 13%|█▎        | 10/79 [00:00<00:02, 31.12it/s]
 18%|█▊        | 14/79 [00:00<00:01, 32.61it/s]
 23%|██▎       | 18/79 [00:00<00:01, 33.08it/s]
 28%|██▊       | 22/79 [00:00<00:01, 33.63it/s]
 33%|███▎      | 26/79 [00:00<00:01, 34.34it/s]
 38%|███▊      | 30/79 [00:00<00:01, 35.08it/s]
 43%|████▎     | 34/79 [00:01<00:01, 35.62it/s]
 48%|████▊     | 38/79 [00:01<00:01, 35.92it/s]
 53%|█████▎    | 42/79 [00:01<00:01, 35.34it/s]
 58%|█████▊    | 46/79 [00:01<00:00, 34.94it/s]
 63%|██████▎   | 50/79 [00:01<00:00, 34.81it/s]
 68%|██████▊   | 54/79 [00:01<00:00, 34.41it/s]
 73%|███████▎  | 58/79 [00:01<00:00, 34.56it/s]
 78%|███████▊  | 62/79 [00:01<00:00, 34.94it/s]
 84%|████████▎ | 66/79 [00:01<00:00, 34.89it/s]
 89%|████████▊ | 70/79 [00:02<00:00, 35.10it/s]
 94%|█████████▎| 74/79 [00:02<00:00, 35.55it/s]
 99%|█████████▊| 78/79 [00:02<00:00, 36.71it/s]
100%|██████████| 79/79 [00:02<00:00, 34.78it/s]

CommRound: 14/30
Accuracy: 61.85% | Loss: 1.1577
[############################--------------------------------] 46.7%
Elapsed: 2.6m | Avg/Round: 11.1s | Last: 11.2s | Next: 11.1s | Remaining: 3.0m
ETA: 20:18:54
Recent round times: R1: 11.0s -> R2: 11.0s -> R3: 10.9s -> R4: 10.9s -> R5: 11.2s

  0%|          | 0/79 [00:00<?, ?it/s]
  3%|▎         | 2/79 [00:00<00:04, 17.99it/s]
  9%|▉         | 7/79 [00:00<00:02, 31.08it/s]
 14%|█▍        | 11/79 [00:00<00:01, 34.55it/s]
 19%|█▉        | 15/79 [00:00<00:02, 23.81it/s]
 23%|██▎       | 18/79 [00:00<00:02, 22.79it/s]
 29%|██▉       | 23/79 [00:00<00:01, 29.50it/s]
 35%|███▌      | 28/79 [00:00<00:01, 31.19it/s]
 42%|████▏     | 33/79 [00:01<00:01, 35.72it/s]
 48%|████▊     | 38/79 [00:01<00:01, 35.46it/s]
 53%|█████▎    | 42/79 [00:01<00:01, 36.36it/s]
 61%|██████    | 48/79 [00:01<00:00, 38.13it/s]
 67%|██████▋   | 53/79 [00:01<00:00, 40.89it/s]
 73%|███████▎  | 58/79 [00:01<00:00, 38.52it/s]
 80%|███████▉  | 63/79 [00:01<00:00, 41.27it/s]
 86%|████████▌ | 68/79 [00:01<00:00, 39.08it/s]
 92%|█████████▏| 73/79 [00:02<00:00, 41.75it/s]
 99%|█████████▊| 78/79 [00:02<00:00, 39.33it/s]
100%|██████████| 79/79 [00:02<00:00, 35.44it/s]

CommRound: 15/30
Accuracy: 59.65% | Loss: 1.2318
[##############################------------------------------] 50.0%
Elapsed: 2.8m | Avg/Round: 11.1s | Last: 11.1s | Next: 11.1s | Remaining: 2.8m
ETA: 20:18:54
Recent round times: R1: 11.0s -> R2: 10.9s -> R3: 10.9s -> R4: 11.2s -> R5: 11.1s

  0%|          | 0/79 [00:00<?, ?it/s]
  3%|▎         | 2/79 [00:00<00:03, 19.47it/s]
  9%|▉         | 7/79 [00:00<00:02, 29.83it/s]
 14%|█▍        | 11/79 [00:00<00:03, 22.13it/s]
 19%|█▉        | 15/79 [00:00<00:02, 26.84it/s]
 24%|██▍       | 19/79 [00:00<00:01, 30.12it/s]
 30%|███       | 24/79 [00:00<00:01, 35.29it/s]
 37%|███▋      | 29/79 [00:00<00:01, 35.30it/s]
 42%|████▏     | 33/79 [00:01<00:01, 36.55it/s]
 47%|████▋     | 37/79 [00:01<00:01, 37.34it/s]
 53%|█████▎    | 42/79 [00:01<00:00, 39.37it/s]
 59%|█████▉    | 47/79 [00:01<00:00, 38.27it/s]
 66%|██████▌   | 52/79 [00:01<00:00, 39.62it/s]
 72%|███████▏  | 57/79 [00:01<00:00, 37.35it/s]
 77%|███████▋  | 61/79 [00:01<00:00, 36.65it/s]
 82%|████████▏ | 65/79 [00:01<00:00, 36.10it/s]
 87%|████████▋ | 69/79 [00:01<00:00, 35.83it/s]
 92%|█████████▏| 73/79 [00:02<00:00, 35.23it/s]
 97%|█████████▋| 77/79 [00:02<00:00, 36.25it/s]
100%|██████████| 79/79 [00:02<00:00, 35.21it/s]

CommRound: 16/30
Accuracy: 70.47% | Loss: 0.9374
[################################----------------------------] 53.3%
Elapsed: 3.0m | Avg/Round: 11.1s | Last: 11.1s | Next: 11.1s | Remaining: 2.6m
ETA: 20:18:54
Recent round times: R1: 10.9s -> R2: 10.9s -> R3: 11.2s -> R4: 11.1s -> R5: 11.1s

  0%|          | 0/79 [00:00<?, ?it/s]
  1%|▏         | 1/79 [00:00<00:08,  9.40it/s]
  6%|▋         | 5/79 [00:00<00:02, 25.75it/s]
 10%|█         | 8/79 [00:00<00:03, 20.14it/s]
 14%|█▍        | 11/79 [00:00<00:03, 22.49it/s]
 19%|█▉        | 15/79 [00:00<00:02, 26.35it/s]
 24%|██▍       | 19/79 [00:00<00:02, 28.90it/s]
 32%|███▏      | 25/79 [00:00<00:01, 33.76it/s]
 39%|███▉      | 31/79 [00:01<00:01, 36.82it/s]
 47%|████▋     | 37/79 [00:01<00:01, 38.55it/s]
 54%|█████▍    | 43/79 [00:01<00:00, 39.42it/s]
 62%|██████▏   | 49/79 [00:01<00:00, 40.08it/s]
 68%|██████▊   | 54/79 [00:01<00:00, 42.43it/s]
 75%|███████▍  | 59/79 [00:01<00:00, 40.02it/s]
 81%|████████  | 64/79 [00:01<00:00, 42.27it/s]
 87%|████████▋ | 69/79 [00:01<00:00, 39.81it/s]
 94%|█████████▎| 74/79 [00:02<00:00, 42.28it/s]
100%|██████████| 79/79 [00:02<00:00, 44.19it/s]
100%|██████████| 79/79 [00:02<00:00, 36.42it/s]

CommRound: 17/30
Accuracy: 70.99% | Loss: 0.9728
[##################################--------------------------] 56.7%
Elapsed: 3.1m | Avg/Round: 11.1s | Last: 10.9s | Next: 11.1s | Remaining: 2.4m
ETA: 20:18:54
Recent round times: R1: 10.9s -> R2: 11.2s -> R3: 11.1s -> R4: 11.1s -> R5: 10.9s

  0%|          | 0/79 [00:00<?, ?it/s]
  1%|▏         | 1/79 [00:00<00:08,  9.63it/s]
  4%|▍         | 3/79 [00:00<00:06, 11.32it/s]
  9%|▉         | 7/79 [00:00<00:03, 22.01it/s]
 14%|█▍        | 11/79 [00:00<00:02, 28.23it/s]
 20%|██        | 16/79 [00:00<00:01, 34.25it/s]
 27%|██▋       | 21/79 [00:00<00:01, 34.95it/s]
 32%|███▏      | 25/79 [00:00<00:01, 36.32it/s]
 38%|███▊      | 30/79 [00:00<00:01, 39.21it/s]
 43%|████▎     | 34/79 [00:01<00:01, 39.40it/s]
 49%|████▉     | 39/79 [00:01<00:01, 38.64it/s]
 56%|█████▌    | 44/79 [00:01<00:00, 39.94it/s]
 62%|██████▏   | 49/79 [00:01<00:00, 39.95it/s]
 68%|██████▊   | 54/79 [00:01<00:00, 39.85it/s]
 73%|███████▎  | 58/79 [00:01<00:00, 39.28it/s]
 80%|███████▉  | 63/79 [00:01<00:00, 40.71it/s]
 86%|████████▌ | 68/79 [00:01<00:00, 39.08it/s]
 92%|█████████▏| 73/79 [00:01<00:00, 41.67it/s]
 99%|█████████▊| 78/79 [00:02<00:00, 39.64it/s]
100%|██████████| 79/79 [00:02<00:00, 36.70it/s]

CommRound: 18/30
Accuracy: 70.78% | Loss: 0.9582
[####################################------------------------] 60.0%
Elapsed: 3.3m | Avg/Round: 11.1s | Last: 10.9s | Next: 11.1s | Remaining: 2.2m
ETA: 20:18:53
Recent round times: R1: 11.2s -> R2: 11.1s -> R3: 11.1s -> R4: 10.9s -> R5: 10.9s

  0%|          | 0/79 [00:00<?, ?it/s]
  1%|▏         | 1/79 [00:00<00:16,  4.66it/s]
  8%|▊         | 6/79 [00:00<00:03, 22.21it/s]
 13%|█▎        | 10/79 [00:00<00:02, 28.17it/s]
 18%|█▊        | 14/79 [00:00<00:02, 31.66it/s]
 23%|██▎       | 18/79 [00:00<00:01, 33.80it/s]
 28%|██▊       | 22/79 [00:00<00:01, 35.72it/s]
 34%|███▍      | 27/79 [00:00<00:01, 35.49it/s]
 39%|███▉      | 31/79 [00:00<00:01, 35.72it/s]
 44%|████▍     | 35/79 [00:01<00:01, 35.71it/s]
 49%|████▉     | 39/79 [00:01<00:01, 35.81it/s]
 54%|█████▍    | 43/79 [00:01<00:00, 36.05it/s]
 61%|██████    | 48/79 [00:01<00:00, 39.85it/s]
 67%|██████▋   | 53/79 [00:01<00:00, 38.13it/s]
 73%|███████▎  | 58/79 [00:01<00:00, 41.29it/s]
 80%|███████▉  | 63/79 [00:01<00:00, 39.11it/s]
 86%|████████▌ | 68/79 [00:01<00:00, 41.84it/s]
 92%|█████████▏| 73/79 [00:02<00:00, 39.50it/s]
 99%|█████████▊| 78/79 [00:02<00:00, 41.49it/s]
100%|██████████| 79/79 [00:02<00:00, 36.31it/s]

CommRound: 19/30
Accuracy: 73.31% | Loss: 0.8979
[######################################----------------------] 63.3%
Elapsed: 3.5m | Avg/Round: 11.1s | Last: 11.0s | Next: 11.1s | Remaining: 2.0m
ETA: 20:18:53
Recent round times: R1: 11.1s -> R2: 11.1s -> R3: 10.9s -> R4: 10.9s -> R5: 11.0s

  0%|          | 0/79 [00:00<?, ?it/s]
  3%|▎         | 2/79 [00:00<00:03, 19.35it/s]
  9%|▉         | 7/79 [00:00<00:02, 31.69it/s]
 14%|█▍        | 11/79 [00:00<00:01, 35.00it/s]
 19%|█▉        | 15/79 [00:00<00:01, 36.82it/s]
 25%|██▌       | 20/79 [00:00<00:01, 39.60it/s]
 30%|███       | 24/79 [00:00<00:01, 39.05it/s]
 35%|███▌      | 28/79 [00:00<00:01, 39.29it/s]
 41%|████      | 32/79 [00:00<00:01, 39.29it/s]
 46%|████▌     | 36/79 [00:00<00:01, 39.39it/s]
 51%|█████     | 40/79 [00:01<00:00, 39.56it/s]
 56%|█████▌    | 44/79 [00:01<00:00, 39.58it/s]
 61%|██████    | 48/79 [00:01<00:00, 39.57it/s]
 66%|██████▌   | 52/79 [00:01<00:00, 39.59it/s]
 72%|███████▏  | 57/79 [00:01<00:00, 40.81it/s]
 78%|███████▊  | 62/79 [00:01<00:00, 39.34it/s]
 84%|████████▎ | 66/79 [00:01<00:00, 39.49it/s]
 90%|████████▉ | 71/79 [00:01<00:00, 41.80it/s]
 96%|█████████▌| 76/79 [00:01<00:00, 39.48it/s]
100%|██████████| 79/79 [00:02<00:00, 39.08it/s]

CommRound: 20/30
Accuracy: 76.11% | Loss: 0.8247
[########################################--------------------] 66.7%
Elapsed: 3.7m | Avg/Round: 11.1s | Last: 10.9s | Next: 11.1s | Remaining: 1.8m
ETA: 20:18:53
Recent round times: R1: 11.1s -> R2: 10.9s -> R3: 10.9s -> R4: 11.0s -> R5: 10.9s

  0%|          | 0/79 [00:00<?, ?it/s]
  4%|▍         | 3/79 [00:00<00:03, 22.29it/s]
  9%|▉         | 7/79 [00:00<00:02, 31.10it/s]
 15%|█▌        | 12/79 [00:00<00:01, 37.78it/s]
 22%|██▏       | 17/79 [00:00<00:01, 36.83it/s]
 28%|██▊       | 22/79 [00:00<00:01, 39.86it/s]
 34%|███▍      | 27/79 [00:00<00:01, 38.60it/s]
 41%|████      | 32/79 [00:00<00:01, 39.98it/s]
 47%|████▋     | 37/79 [00:00<00:01, 39.49it/s]
 53%|█████▎    | 42/79 [00:01<00:00, 40.10it/s]
 59%|█████▉    | 47/79 [00:01<00:00, 39.97it/s]
 66%|██████▌   | 52/79 [00:01<00:00, 40.18it/s]
 72%|███████▏  | 57/79 [00:01<00:00, 39.88it/s]
 78%|███████▊  | 62/79 [00:01<00:00, 39.72it/s]
 84%|████████▎ | 66/79 [00:01<00:00, 39.55it/s]
 90%|████████▉ | 71/79 [00:01<00:00, 40.62it/s]
 96%|█████████▌| 76/79 [00:01<00:00, 39.37it/s]
100%|██████████| 79/79 [00:02<00:00, 39.11it/s]

CommRound: 21/30
Accuracy: 73.27% | Loss: 0.8795
[##########################################------------------] 70.0%
Elapsed: 3.9m | Avg/Round: 11.1s | Last: 10.8s | Next: 11.1s | Remaining: 1.7m
ETA: 20:18:52
Recent round times: R1: 10.9s -> R2: 10.9s -> R3: 11.0s -> R4: 10.9s -> R5: 10.8s

  0%|          | 0/79 [00:00<?, ?it/s]
  1%|▏         | 1/79 [00:00<00:08,  9.51it/s]
  9%|▉         | 7/79 [00:00<00:02, 32.23it/s]
 15%|█▌        | 12/79 [00:00<00:01, 37.96it/s]
 22%|██▏       | 17/79 [00:00<00:01, 38.00it/s]
 28%|██▊       | 22/79 [00:00<00:01, 40.62it/s]
 34%|███▍      | 27/79 [00:00<00:01, 40.64it/s]
 41%|████      | 32/79 [00:00<00:01, 41.68it/s]
 47%|████▋     | 37/79 [00:00<00:01, 41.68it/s]
 53%|█████▎    | 42/79 [00:01<00:00, 41.50it/s]
 59%|█████▉    | 47/79 [00:01<00:00, 42.07it/s]
 66%|██████▌   | 52/79 [00:01<00:00, 41.60it/s]
 72%|███████▏  | 57/79 [00:01<00:00, 42.37it/s]
 78%|███████▊  | 62/79 [00:01<00:00, 41.65it/s]
 85%|████████▍ | 67/79 [00:01<00:00, 42.19it/s]
 91%|█████████ | 72/79 [00:01<00:00, 41.98it/s]
 97%|█████████▋| 77/79 [00:01<00:00, 41.10it/s]
100%|██████████| 79/79 [00:01<00:00, 40.79it/s]

CommRound: 22/30
Accuracy: 74.69% | Loss: 0.8799
[############################################----------------] 73.3%
Elapsed: 4.1m | Avg/Round: 11.1s | Last: 10.9s | Next: 11.1s | Remaining: 1.5m
ETA: 20:18:52
Recent round times: R1: 10.9s -> R2: 11.0s -> R3: 10.9s -> R4: 10.8s -> R5: 10.9s

  0%|          | 0/79 [00:00<?, ?it/s]
  4%|▍         | 3/79 [00:00<00:03, 22.18it/s]
  9%|▉         | 7/79 [00:00<00:02, 30.76it/s]
 14%|█▍        | 11/79 [00:00<00:01, 34.29it/s]
 19%|█▉        | 15/79 [00:00<00:01, 36.18it/s]
 25%|██▌       | 20/79 [00:00<00:01, 40.70it/s]
 32%|███▏      | 25/79 [00:00<00:01, 38.29it/s]
 38%|███▊      | 30/79 [00:00<00:01, 41.58it/s]
 44%|████▍     | 35/79 [00:00<00:01, 38.97it/s]
 51%|█████     | 40/79 [00:01<00:00, 41.86it/s]
 57%|█████▋    | 45/79 [00:01<00:00, 39.40it/s]
 63%|██████▎   | 50/79 [00:01<00:00, 42.12it/s]
 70%|██████▉   | 55/79 [00:01<00:00, 39.39it/s]
 77%|███████▋  | 61/79 [00:01<00:00, 40.57it/s]
 85%|████████▍ | 67/79 [00:01<00:00, 41.36it/s]
 92%|█████████▏| 73/79 [00:01<00:00, 41.80it/s]
 99%|█████████▊| 78/79 [00:01<00:00, 43.13it/s]
100%|██████████| 79/79 [00:01<00:00, 40.10it/s]

CommRound: 23/30
Accuracy: 75.45% | Loss: 0.8532
[##############################################--------------] 76.7%
Elapsed: 4.2m | Avg/Round: 11.0s | Last: 10.7s | Next: 11.0s | Remaining: 1.3m
ETA: 20:18:52
Recent round times: R1: 11.0s -> R2: 10.9s -> R3: 10.8s -> R4: 10.9s -> R5: 10.7s

  0%|          | 0/79 [00:00<?, ?it/s]
  3%|▎         | 2/79 [00:00<00:03, 19.84it/s]
  9%|▉         | 7/79 [00:00<00:02, 32.59it/s]
 15%|█▌        | 12/79 [00:00<00:01, 37.09it/s]
 20%|██        | 16/79 [00:00<00:01, 37.92it/s]
 27%|██▋       | 21/79 [00:00<00:01, 40.39it/s]
 33%|███▎      | 26/79 [00:00<00:01, 38.67it/s]
 39%|███▉      | 31/79 [00:00<00:01, 41.68it/s]
 46%|████▌     | 36/79 [00:00<00:01, 39.96it/s]
 53%|█████▎    | 42/79 [00:01<00:00, 41.06it/s]
 61%|██████    | 48/79 [00:01<00:00, 41.75it/s]
 68%|██████▊   | 54/79 [00:01<00:00, 41.94it/s]
 76%|███████▌  | 60/79 [00:01<00:00, 42.05it/s]
 84%|████████▎ | 66/79 [00:01<00:00, 41.68it/s]
 90%|████████▉ | 71/79 [00:01<00:00, 43.38it/s]
 96%|█████████▌| 76/79 [00:01<00:00, 40.17it/s]
100%|██████████| 79/79 [00:01<00:00, 40.24it/s]

CommRound: 24/30
Accuracy: 77.26% | Loss: 0.8035
[################################################------------] 80.0%
Elapsed: 4.4m | Avg/Round: 11.0s | Last: 10.7s | Next: 11.0s | Remaining: 1.1m
ETA: 20:18:51
Recent round times: R1: 10.9s -> R2: 10.8s -> R3: 10.9s -> R4: 10.7s -> R5: 10.7s

  0%|          | 0/79 [00:00<?, ?it/s]
  1%|▏         | 1/79 [00:00<00:08,  9.75it/s]
  9%|▉         | 7/79 [00:00<00:02, 33.06it/s]
 15%|█▌        | 12/79 [00:00<00:01, 37.49it/s]
 20%|██        | 16/79 [00:00<00:01, 38.08it/s]
 27%|██▋       | 21/79 [00:00<00:01, 39.17it/s]
 33%|███▎      | 26/79 [00:00<00:01, 39.28it/s]
 39%|███▉      | 31/79 [00:00<00:01, 41.09it/s]
 46%|████▌     | 36/79 [00:00<00:01, 39.85it/s]
 52%|█████▏    | 41/79 [00:01<00:00, 41.97it/s]
 58%|█████▊    | 46/79 [00:01<00:00, 41.03it/s]
 65%|██████▍   | 51/79 [00:01<00:00, 42.08it/s]
 71%|███████   | 56/79 [00:01<00:00, 41.87it/s]
 77%|███████▋  | 61/79 [00:01<00:00, 41.86it/s]
 84%|████████▎ | 66/79 [00:01<00:00, 42.64it/s]
 90%|████████▉ | 71/79 [00:01<00:00, 41.41it/s]
 96%|█████████▌| 76/79 [00:01<00:00, 43.27it/s]
100%|██████████| 79/79 [00:01<00:00, 40.78it/s]

CommRound: 25/30
Accuracy: 75.99% | Loss: 0.8247
[##################################################----------] 83.3%
Elapsed: 4.6m | Avg/Round: 11.0s | Last: 10.7s | Next: 11.0s | Remaining: 0.9m
ETA: 20:18:51
Recent round times: R1: 10.8s -> R2: 10.9s -> R3: 10.7s -> R4: 10.7s -> R5: 10.7s

  0%|          | 0/79 [00:00<?, ?it/s]
  4%|▍         | 3/79 [00:00<00:03, 23.35it/s]
 10%|█         | 8/79 [00:00<00:02, 34.27it/s]
 15%|█▌        | 12/79 [00:00<00:01, 36.47it/s]
 20%|██        | 16/79 [00:00<00:01, 37.42it/s]
 25%|██▌       | 20/79 [00:00<00:01, 38.11it/s]
 32%|███▏      | 25/79 [00:00<00:01, 41.46it/s]
 38%|███▊      | 30/79 [00:00<00:01, 38.89it/s]
 44%|████▍     | 35/79 [00:00<00:01, 41.91it/s]
 51%|█████     | 40/79 [00:01<00:00, 39.36it/s]
 57%|█████▋    | 45/79 [00:01<00:00, 42.17it/s]
 63%|██████▎   | 50/79 [00:01<00:00, 39.50it/s]
 70%|██████▉   | 55/79 [00:01<00:00, 42.21it/s]
 76%|███████▌  | 60/79 [00:01<00:00, 39.72it/s]
 84%|████████▎ | 66/79 [00:01<00:00, 40.23it/s]
 90%|████████▉ | 71/79 [00:01<00:00, 42.65it/s]
 96%|█████████▌| 76/79 [00:01<00:00, 40.15it/s]
100%|██████████| 79/79 [00:01<00:00, 39.90it/s]

CommRound: 26/30
Accuracy: 76.55% | Loss: 0.7826
[####################################################--------] 86.7%
Elapsed: 4.8m | Avg/Round: 11.0s | Last: 10.8s | Next: 11.0s | Remaining: 0.7m
ETA: 20:18:51
Recent round times: R1: 10.9s -> R2: 10.7s -> R3: 10.7s -> R4: 10.7s -> R5: 10.8s

  0%|          | 0/79 [00:00<?, ?it/s]
  4%|▍         | 3/79 [00:00<00:03, 22.43it/s]
  9%|▉         | 7/79 [00:00<00:02, 31.44it/s]
 14%|█▍        | 11/79 [00:00<00:01, 34.78it/s]
 19%|█▉        | 15/79 [00:00<00:01, 36.60it/s]
 25%|██▌       | 20/79 [00:00<00:01, 40.27it/s]
 32%|███▏      | 25/79 [00:00<00:01, 38.52it/s]
 37%|███▋      | 29/79 [00:00<00:01, 37.24it/s]
 42%|████▏     | 33/79 [00:00<00:01, 34.20it/s]
 49%|████▉     | 39/79 [00:01<00:01, 37.23it/s]
 56%|█████▌    | 44/79 [00:01<00:00, 40.42it/s]
 62%|██████▏   | 49/79 [00:01<00:00, 38.73it/s]
 68%|██████▊   | 54/79 [00:01<00:00, 41.48it/s]
 75%|███████▍  | 59/79 [00:01<00:00, 39.29it/s]
 81%|████████  | 64/79 [00:01<00:00, 41.87it/s]
 87%|████████▋ | 69/79 [00:01<00:00, 39.42it/s]
 94%|█████████▎| 74/79 [00:01<00:00, 41.97it/s]
100%|██████████| 79/79 [00:02<00:00, 43.95it/s]
100%|██████████| 79/79 [00:02<00:00, 39.03it/s]

CommRound: 27/30
Accuracy: 77.30% | Loss: 0.7866
[######################################################------] 90.0%
Elapsed: 4.9m | Avg/Round: 11.0s | Last: 10.8s | Next: 11.0s | Remaining: 0.5m
ETA: 20:18:50
Recent round times: R1: 10.7s -> R2: 10.7s -> R3: 10.7s -> R4: 10.8s -> R5: 10.8s

  0%|          | 0/79 [00:00<?, ?it/s]
  3%|▎         | 2/79 [00:00<00:03, 19.75it/s]
  9%|▉         | 7/79 [00:00<00:02, 32.01it/s]
 15%|█▌        | 12/79 [00:00<00:01, 36.42it/s]
 20%|██        | 16/79 [00:00<00:01, 36.12it/s]
 25%|██▌       | 20/79 [00:00<00:01, 35.56it/s]
 30%|███       | 24/79 [00:00<00:01, 35.04it/s]
 35%|███▌      | 28/79 [00:00<00:01, 35.02it/s]
 41%|████      | 32/79 [00:00<00:01, 34.93it/s]
 46%|████▌     | 36/79 [00:01<00:01, 34.38it/s]
 51%|█████     | 40/79 [00:01<00:01, 34.53it/s]
 56%|█████▌    | 44/79 [00:01<00:01, 34.82it/s]
 61%|██████    | 48/79 [00:01<00:00, 34.86it/s]
 66%|██████▌   | 52/79 [00:01<00:00, 34.97it/s]
 71%|███████   | 56/79 [00:01<00:00, 35.26it/s]
 76%|███████▌  | 60/79 [00:01<00:00, 35.83it/s]
 81%|████████  | 64/79 [00:01<00:00, 36.19it/s]
 86%|████████▌ | 68/79 [00:01<00:00, 36.38it/s]
 91%|█████████ | 72/79 [00:02<00:00, 35.64it/s]
 96%|█████████▌| 76/79 [00:02<00:00, 35.15it/s]
100%|██████████| 79/79 [00:02<00:00, 35.19it/s]

CommRound: 28/30
Accuracy: 78.31% | Loss: 0.7657
[########################################################----] 93.3%
Elapsed: 5.1m | Avg/Round: 11.0s | Last: 11.1s | Next: 11.0s | Remaining: 0.4m
ETA: 20:18:50
Recent round times: R1: 10.7s -> R2: 10.7s -> R3: 10.8s -> R4: 10.8s -> R5: 11.1s

  0%|          | 0/79 [00:00<?, ?it/s]
  4%|▍         | 3/79 [00:00<00:03, 22.11it/s]
  9%|▉         | 7/79 [00:00<00:02, 28.76it/s]
 16%|█▋        | 13/79 [00:00<00:01, 35.89it/s]
 22%|██▏       | 17/79 [00:00<00:01, 37.25it/s]
 28%|██▊       | 22/79 [00:00<00:01, 39.75it/s]
 33%|███▎      | 26/79 [00:00<00:01, 39.80it/s]
 38%|███▊      | 30/79 [00:00<00:01, 39.78it/s]
 43%|████▎     | 34/79 [00:00<00:01, 39.76it/s]
 49%|████▉     | 39/79 [00:01<00:01, 39.10it/s]
 56%|█████▌    | 44/79 [00:01<00:00, 41.02it/s]
 62%|██████▏   | 49/79 [00:01<00:00, 39.55it/s]
 67%|██████▋   | 53/79 [00:01<00:00, 39.39it/s]
 72%|███████▏  | 57/79 [00:01<00:00, 39.50it/s]
 78%|███████▊  | 62/79 [00:01<00:00, 40.55it/s]
 85%|████████▍ | 67/79 [00:01<00:00, 39.76it/s]
 91%|█████████ | 72/79 [00:01<00:00, 40.41it/s]
 97%|█████████▋| 77/79 [00:01<00:00, 41.11it/s]
100%|██████████| 79/79 [00:02<00:00, 39.11it/s]

CommRound: 29/30
Accuracy: 77.10% | Loss: 0.7702
[##########################################################--] 96.7%
Elapsed: 5.3m | Avg/Round: 11.0s | Last: 11.0s | Next: 11.0s | Remaining: 0.2m
ETA: 20:18:50
Recent round times: R1: 10.7s -> R2: 10.8s -> R3: 10.8s -> R4: 11.1s -> R5: 11.0s

  0%|          | 0/79 [00:00<?, ?it/s]
  4%|▍         | 3/79 [00:00<00:03, 22.65it/s]
 10%|█         | 8/79 [00:00<00:01, 35.93it/s]
 15%|█▌        | 12/79 [00:00<00:01, 36.72it/s]
 20%|██        | 16/79 [00:00<00:01, 36.33it/s]
 27%|██▋       | 21/79 [00:00<00:01, 35.45it/s]
 32%|███▏      | 25/79 [00:00<00:01, 36.37it/s]
 37%|███▋      | 29/79 [00:00<00:01, 37.38it/s]
 42%|████▏     | 33/79 [00:00<00:01, 38.00it/s]
 47%|████▋     | 37/79 [00:01<00:01, 38.38it/s]
 53%|█████▎    | 42/79 [00:01<00:00, 41.53it/s]
 59%|█████▉    | 47/79 [00:01<00:00, 38.71it/s]
 66%|██████▌   | 52/79 [00:01<00:00, 41.76it/s]
 72%|███████▏  | 57/79 [00:01<00:00, 39.63it/s]
 78%|███████▊  | 62/79 [00:01<00:00, 40.59it/s]
 85%|████████▍ | 67/79 [00:01<00:00, 40.81it/s]
 91%|█████████ | 72/79 [00:01<00:00, 37.36it/s]
 96%|█████████▌| 76/79 [00:01<00:00, 37.79it/s]
100%|██████████| 79/79 [00:02<00:00, 38.32it/s]

CommRound: 30/30
Accuracy: 76.77% | Loss: 0.7920
[############################################################] 100.0%
Elapsed: 5.5m | Avg/Round: 11.0s | Last: 11.1s | Next: 11.0s | Remaining: 0.0m
ETA: 20:18:51
Recent round times: R1: 10.8s -> R2: 10.8s -> R3: 11.1s -> R4: 11.0s -> R5: 11.1s
Total time for experiment: 330.1295347213745 seconds
Device average training time per communication round [s]:
    rpi (sld-rpi-09.ece.utexas.edu): 5.89 seconds
    mc1 (sld-mc1-09.ece.utexas.edu): 3.64 seconds
