
  0%|          | 0/79 [00:00<?, ?it/s]
  3%|▎         | 2/79 [00:00<00:04, 18.83it/s]
  9%|▉         | 7/79 [00:00<00:02, 30.27it/s]
 14%|█▍        | 11/79 [00:00<00:01, 34.07it/s]
 19%|█▉        | 15/79 [00:00<00:01, 36.06it/s]
 24%|██▍       | 19/79 [00:00<00:01, 37.19it/s]
 29%|██▉       | 23/79 [00:00<00:01, 37.70it/s]
 34%|███▍      | 27/79 [00:00<00:01, 38.42it/s]
 39%|███▉      | 31/79 [00:00<00:01, 38.15it/s]
 44%|████▍     | 35/79 [00:00<00:01, 38.30it/s]
 49%|████▉     | 39/79 [00:01<00:01, 38.15it/s]
 54%|█████▍    | 43/79 [00:01<00:00, 37.58it/s]
 59%|█████▉    | 47/79 [00:01<00:00, 37.51it/s]
 65%|██████▍   | 51/79 [00:01<00:00, 37.76it/s]
 70%|██████▉   | 55/79 [00:01<00:00, 37.88it/s]
 75%|███████▍  | 59/79 [00:01<00:00, 37.99it/s]
 81%|████████  | 64/79 [00:01<00:00, 39.42it/s]
 86%|████████▌ | 68/79 [00:01<00:00, 38.95it/s]
 91%|█████████ | 72/79 [00:01<00:00, 38.69it/s]
 96%|█████████▌| 76/79 [00:02<00:00, 38.45it/s]
100%|██████████| 79/79 [00:02<00:00, 37.59it/s]
Initial Accuracy: 8.49%; Initial Loss: 2.3240

  0%|          | 0/79 [00:00<?, ?it/s]
  1%|▏         | 1/79 [00:00<00:09,  7.81it/s]
  9%|▉         | 7/79 [00:00<00:02, 28.82it/s]
 13%|█▎        | 10/79 [00:00<00:02, 29.03it/s]
 18%|█▊        | 14/79 [00:00<00:02, 31.78it/s]
 23%|██▎       | 18/79 [00:00<00:01, 33.45it/s]
 28%|██▊       | 22/79 [00:00<00:01, 30.97it/s]
 33%|███▎      | 26/79 [00:00<00:01, 30.00it/s]
 38%|███▊      | 30/79 [00:00<00:01, 31.07it/s]
 43%|████▎     | 34/79 [00:01<00:01, 32.70it/s]
 48%|████▊     | 38/79 [00:01<00:01, 33.77it/s]
 53%|█████▎    | 42/79 [00:01<00:01, 34.80it/s]
 58%|█████▊    | 46/79 [00:01<00:00, 35.68it/s]
 63%|██████▎   | 50/79 [00:01<00:00, 35.95it/s]
 68%|██████▊   | 54/79 [00:01<00:00, 36.03it/s]
 73%|███████▎  | 58/79 [00:01<00:00, 36.03it/s]
 78%|███████▊  | 62/79 [00:01<00:00, 33.03it/s]
 84%|████████▎ | 66/79 [00:02<00:00, 31.74it/s]
 89%|████████▊ | 70/79 [00:02<00:00, 32.65it/s]
 94%|█████████▎| 74/79 [00:02<00:00, 33.28it/s]
 99%|█████████▊| 78/79 [00:02<00:00, 31.67it/s]
100%|██████████| 79/79 [00:02<00:00, 32.36it/s]

CommRound: 1/30
Accuracy: 55.82% | Loss: 1.3822
[##----------------------------------------------------------] 3.3%
Elapsed: 0.8m | Avg/Round: 45.1s | Last: 42.9s | Next: 45.1s | Remaining: 21.8m
ETA: 10:03:24
Recent round times: R1: 42.9s

  0%|          | 0/79 [00:00<?, ?it/s]
  1%|▏         | 1/79 [00:00<00:10,  7.62it/s]
  9%|▉         | 7/79 [00:00<00:02, 33.34it/s]
 15%|█▌        | 12/79 [00:00<00:01, 36.55it/s]
 20%|██        | 16/79 [00:00<00:01, 37.40it/s]
 25%|██▌       | 20/79 [00:00<00:01, 37.60it/s]
 30%|███       | 24/79 [00:00<00:01, 37.44it/s]
 35%|███▌      | 28/79 [00:00<00:01, 37.44it/s]
 41%|████      | 32/79 [00:00<00:01, 36.74it/s]
 47%|████▋     | 37/79 [00:01<00:01, 40.08it/s]
 53%|█████▎    | 42/79 [00:01<00:01, 32.39it/s]
 58%|█████▊    | 46/79 [00:01<00:01, 32.50it/s]
 63%|██████▎   | 50/79 [00:01<00:01, 28.51it/s]
 71%|███████   | 56/79 [00:01<00:00, 30.12it/s]
 76%|███████▌  | 60/79 [00:01<00:00, 27.63it/s]
 81%|████████  | 64/79 [00:02<00:00, 25.72it/s]
 86%|████████▌ | 68/79 [00:02<00:00, 24.77it/s]
 91%|█████████ | 72/79 [00:02<00:00, 24.02it/s]
 96%|█████████▌| 76/79 [00:02<00:00, 25.57it/s]
100%|██████████| 79/79 [00:02<00:00, 29.89it/s]

CommRound: 2/30
Accuracy: 77.03% | Loss: 0.6762
[####--------------------------------------------------------] 6.7%
Elapsed: 1.6m | Avg/Round: 49.3s | Last: 53.5s | Next: 49.3s | Remaining: 23.0m
ETA: 10:05:30
Recent round times: R1: 42.9s -> R2: 53.5s

  0%|          | 0/79 [00:00<?, ?it/s]
  1%|▏         | 1/79 [00:00<00:08,  9.00it/s]
  9%|▉         | 7/79 [00:00<00:02, 34.73it/s]
 15%|█▌        | 12/79 [00:00<00:01, 37.21it/s]
 20%|██        | 16/79 [00:00<00:01, 37.66it/s]
 27%|██▋       | 21/79 [00:00<00:01, 41.45it/s]
 33%|███▎      | 26/79 [00:00<00:01, 38.86it/s]
 39%|███▉      | 31/79 [00:00<00:01, 41.80it/s]
 46%|████▌     | 36/79 [00:00<00:01, 39.14it/s]
 51%|█████     | 40/79 [00:01<00:00, 39.03it/s]
 56%|█████▌    | 44/79 [00:01<00:00, 39.02it/s]
 61%|██████    | 48/79 [00:01<00:00, 38.68it/s]
 66%|██████▌   | 52/79 [00:01<00:00, 38.56it/s]
 71%|███████   | 56/79 [00:01<00:00, 38.64it/s]
 76%|███████▌  | 60/79 [00:01<00:00, 38.27it/s]
 82%|████████▏ | 65/79 [00:01<00:00, 41.18it/s]
 89%|████████▊ | 70/79 [00:01<00:00, 35.12it/s]
 94%|█████████▎| 74/79 [00:01<00:00, 35.27it/s]
 99%|█████████▊| 78/79 [00:02<00:00, 35.79it/s]
100%|██████████| 79/79 [00:02<00:00, 37.55it/s]

CommRound: 3/30
Accuracy: 86.22% | Loss: 0.4315
[######------------------------------------------------------] 10.0%
Elapsed: 2.6m | Avg/Round: 51.3s | Last: 55.5s | Next: 51.3s | Remaining: 23.1m
ETA: 10:06:32
Recent round times: R1: 42.9s -> R2: 53.5s -> R3: 55.5s

  0%|          | 0/79 [00:00<?, ?it/s]
  1%|▏         | 1/79 [00:00<00:09,  7.80it/s]
  6%|▋         | 5/79 [00:00<00:03, 21.80it/s]
 11%|█▏        | 9/79 [00:00<00:02, 26.02it/s]
 15%|█▌        | 12/79 [00:00<00:02, 24.04it/s]
 20%|██        | 16/79 [00:00<00:02, 23.58it/s]
 24%|██▍       | 19/79 [00:00<00:02, 25.12it/s]
 28%|██▊       | 22/79 [00:00<00:02, 23.33it/s]
 33%|███▎      | 26/79 [00:01<00:02, 25.39it/s]
 38%|███▊      | 30/79 [00:01<00:01, 26.98it/s]
 43%|████▎     | 34/79 [00:01<00:01, 27.94it/s]
 48%|████▊     | 38/79 [00:01<00:01, 28.62it/s]
 53%|█████▎    | 42/79 [00:01<00:01, 29.32it/s]
 58%|█████▊    | 46/79 [00:01<00:01, 28.96it/s]
 63%|██████▎   | 50/79 [00:01<00:01, 26.82it/s]
 68%|██████▊   | 54/79 [00:02<00:00, 27.63it/s]
 73%|███████▎  | 58/79 [00:02<00:00, 29.20it/s]
 78%|███████▊  | 62/79 [00:02<00:00, 28.28it/s]
 86%|████████▌ | 68/79 [00:02<00:00, 32.61it/s]
 91%|█████████ | 72/79 [00:02<00:00, 33.21it/s]
 96%|█████████▌| 76/79 [00:02<00:00, 33.47it/s]
100%|██████████| 79/79 [00:02<00:00, 28.36it/s]

CommRound: 4/30
Accuracy: 86.61% | Loss: 0.4332
[########----------------------------------------------------] 13.3%
Elapsed: 3.5m | Avg/Round: 51.9s | Last: 53.6s | Next: 51.9s | Remaining: 22.5m
ETA: 10:06:49
Recent round times: R1: 42.9s -> R2: 53.5s -> R3: 55.5s -> R4: 53.6s

  0%|          | 0/79 [00:00<?, ?it/s]
  1%|▏         | 1/79 [00:00<00:08,  8.68it/s]
  9%|▉         | 7/79 [00:00<00:02, 31.21it/s]
 14%|█▍        | 11/79 [00:00<00:02, 33.88it/s]
 19%|█▉        | 15/79 [00:00<00:01, 34.42it/s]
 24%|██▍       | 19/79 [00:00<00:01, 35.26it/s]
 29%|██▉       | 23/79 [00:00<00:01, 35.82it/s]
 34%|███▍      | 27/79 [00:00<00:01, 36.85it/s]
 39%|███▉      | 31/79 [00:00<00:01, 37.58it/s]
 44%|████▍     | 35/79 [00:00<00:01, 37.99it/s]
 49%|████▉     | 39/79 [00:01<00:01, 38.22it/s]
 54%|█████▍    | 43/79 [00:01<00:00, 38.41it/s]
 59%|█████▉    | 47/79 [00:01<00:00, 38.50it/s]
 65%|██████▍   | 51/79 [00:01<00:00, 37.76it/s]
 70%|██████▉   | 55/79 [00:01<00:00, 37.32it/s]
 75%|███████▍  | 59/79 [00:01<00:00, 37.03it/s]
 80%|███████▉  | 63/79 [00:01<00:00, 36.84it/s]
 85%|████████▍ | 67/79 [00:01<00:00, 36.69it/s]
 90%|████████▉ | 71/79 [00:01<00:00, 36.62it/s]
 95%|█████████▍| 75/79 [00:02<00:00, 36.62it/s]
100%|██████████| 79/79 [00:02<00:00, 36.27it/s]

CommRound: 5/30
Accuracy: 89.86% | Loss: 0.3428
[##########--------------------------------------------------] 16.7%
Elapsed: 4.4m | Avg/Round: 52.7s | Last: 55.7s | Next: 52.7s | Remaining: 21.9m
ETA: 10:07:12
Recent round times: R1: 42.9s -> R2: 53.5s -> R3: 55.5s -> R4: 53.6s -> R5: 55.7s

  0%|          | 0/79 [00:00<?, ?it/s]
  1%|▏         | 1/79 [00:00<00:10,  7.38it/s]
  8%|▊         | 6/79 [00:00<00:02, 28.94it/s]
 13%|█▎        | 10/79 [00:00<00:02, 33.13it/s]
 18%|█▊        | 14/79 [00:00<00:01, 34.69it/s]
 23%|██▎       | 18/79 [00:00<00:01, 35.38it/s]
 28%|██▊       | 22/79 [00:00<00:01, 36.02it/s]
 33%|███▎      | 26/79 [00:00<00:01, 36.41it/s]
 38%|███▊      | 30/79 [00:00<00:01, 36.61it/s]
 43%|████▎     | 34/79 [00:00<00:01, 36.84it/s]
 48%|████▊     | 38/79 [00:01<00:01, 36.87it/s]
 53%|█████▎    | 42/79 [00:01<00:01, 36.97it/s]
 58%|█████▊    | 46/79 [00:01<00:00, 36.80it/s]
 63%|██████▎   | 50/79 [00:01<00:00, 36.97it/s]
 68%|██████▊   | 54/79 [00:01<00:00, 36.93it/s]
 73%|███████▎  | 58/79 [00:01<00:00, 36.96it/s]
 78%|███████▊  | 62/79 [00:01<00:00, 36.93it/s]
 84%|████████▎ | 66/79 [00:01<00:00, 36.99it/s]
 89%|████████▊ | 70/79 [00:01<00:00, 36.99it/s]
 94%|█████████▎| 74/79 [00:02<00:00, 37.00it/s]
 99%|█████████▊| 78/79 [00:02<00:00, 37.01it/s]
100%|██████████| 79/79 [00:02<00:00, 35.82it/s]

CommRound: 6/30
Accuracy: 88.65% | Loss: 0.3931
[############------------------------------------------------] 20.0%
Elapsed: 5.3m | Avg/Round: 53.1s | Last: 55.3s | Next: 53.1s | Remaining: 21.2m
ETA: 10:07:25
Recent round times: R1: 53.5s -> R2: 55.5s -> R3: 53.6s -> R4: 55.7s -> R5: 55.3s

  0%|          | 0/79 [00:00<?, ?it/s]
  1%|▏         | 1/79 [00:00<00:12,  6.06it/s]
  6%|▋         | 5/79 [00:00<00:03, 21.01it/s]
 11%|█▏        | 9/79 [00:00<00:02, 25.21it/s]
 16%|█▋        | 13/79 [00:00<00:02, 24.47it/s]
 23%|██▎       | 18/79 [00:00<00:02, 29.04it/s]
 28%|██▊       | 22/79 [00:00<00:01, 30.27it/s]
 33%|███▎      | 26/79 [00:00<00:01, 30.77it/s]
 38%|███▊      | 30/79 [00:01<00:01, 32.10it/s]
 43%|████▎     | 34/79 [00:01<00:01, 32.77it/s]
 48%|████▊     | 38/79 [00:01<00:01, 33.43it/s]
 53%|█████▎    | 42/79 [00:01<00:01, 33.17it/s]
 58%|█████▊    | 46/79 [00:01<00:00, 33.49it/s]
 63%|██████▎   | 50/79 [00:01<00:00, 33.65it/s]
 68%|██████▊   | 54/79 [00:01<00:00, 33.86it/s]
 73%|███████▎  | 58/79 [00:01<00:00, 32.01it/s]
 78%|███████▊  | 62/79 [00:02<00:00, 32.83it/s]
 84%|████████▎ | 66/79 [00:02<00:00, 30.53it/s]
 89%|████████▊ | 70/79 [00:02<00:00, 30.52it/s]
 94%|█████████▎| 74/79 [00:02<00:00, 30.07it/s]
 99%|█████████▊| 78/79 [00:02<00:00, 30.00it/s]
100%|██████████| 79/79 [00:02<00:00, 30.31it/s]

CommRound: 7/30
Accuracy: 88.95% | Loss: 0.3916
[##############----------------------------------------------] 23.3%
Elapsed: 6.2m | Avg/Round: 53.2s | Last: 53.8s | Next: 53.2s | Remaining: 20.4m
ETA: 10:07:28
Recent round times: R1: 55.5s -> R2: 53.6s -> R3: 55.7s -> R4: 55.3s -> R5: 53.8s

  0%|          | 0/79 [00:00<?, ?it/s]
  1%|▏         | 1/79 [00:00<00:10,  7.77it/s]
  6%|▋         | 5/79 [00:00<00:04, 16.52it/s]
 11%|█▏        | 9/79 [00:00<00:03, 21.45it/s]
 16%|█▋        | 13/79 [00:00<00:02, 23.68it/s]
 22%|██▏       | 17/79 [00:00<00:02, 25.12it/s]
 25%|██▌       | 20/79 [00:00<00:02, 25.52it/s]
 29%|██▉       | 23/79 [00:00<00:02, 26.46it/s]
 33%|███▎      | 26/79 [00:01<00:02, 24.65it/s]
 38%|███▊      | 30/79 [00:01<00:01, 24.91it/s]
 43%|████▎     | 34/79 [00:01<00:01, 24.75it/s]
 48%|████▊     | 38/79 [00:01<00:01, 24.80it/s]
 53%|█████▎    | 42/79 [00:01<00:01, 25.96it/s]
 58%|█████▊    | 46/79 [00:01<00:01, 26.89it/s]
 63%|██████▎   | 50/79 [00:02<00:01, 27.35it/s]
 68%|██████▊   | 54/79 [00:02<00:00, 27.33it/s]
 73%|███████▎  | 58/79 [00:02<00:00, 27.52it/s]
 78%|███████▊  | 62/79 [00:02<00:00, 27.80it/s]
 84%|████████▎ | 66/79 [00:02<00:00, 27.89it/s]
 89%|████████▊ | 70/79 [00:02<00:00, 28.28it/s]
 94%|█████████▎| 74/79 [00:02<00:00, 29.64it/s]
 99%|█████████▊| 78/79 [00:02<00:00, 30.66it/s]
100%|██████████| 79/79 [00:02<00:00, 26.48it/s]

CommRound: 8/30
Accuracy: 89.51% | Loss: 0.3876
[################--------------------------------------------] 26.7%
Elapsed: 7.1m | Avg/Round: 52.9s | Last: 51.0s | Next: 52.9s | Remaining: 19.4m
ETA: 10:07:20
Recent round times: R1: 53.6s -> R2: 55.7s -> R3: 55.3s -> R4: 53.8s -> R5: 51.0s

  0%|          | 0/79 [00:00<?, ?it/s]
  1%|▏         | 1/79 [00:00<00:09,  8.49it/s]
  8%|▊         | 6/79 [00:00<00:02, 26.58it/s]
 13%|█▎        | 10/79 [00:00<00:02, 30.84it/s]
 19%|█▉        | 15/79 [00:00<00:01, 35.57it/s]
 24%|██▍       | 19/79 [00:00<00:01, 36.14it/s]
 29%|██▉       | 23/79 [00:00<00:01, 36.46it/s]
 34%|███▍      | 27/79 [00:00<00:01, 36.79it/s]
 39%|███▉      | 31/79 [00:00<00:01, 37.09it/s]
 44%|████▍     | 35/79 [00:01<00:01, 36.88it/s]
 49%|████▉     | 39/79 [00:01<00:01, 37.03it/s]
 54%|█████▍    | 43/79 [00:01<00:00, 36.86it/s]
 59%|█████▉    | 47/79 [00:01<00:00, 36.67it/s]
 65%|██████▍   | 51/79 [00:01<00:00, 36.71it/s]
 72%|███████▏  | 57/79 [00:01<00:00, 37.40it/s]
 80%|███████▉  | 63/79 [00:01<00:00, 40.48it/s]
 87%|████████▋ | 69/79 [00:01<00:00, 41.31it/s]
 95%|█████████▍| 75/79 [00:02<00:00, 41.85it/s]
100%|██████████| 79/79 [00:02<00:00, 37.91it/s]

CommRound: 9/30
Accuracy: 89.66% | Loss: 0.3899
[##################------------------------------------------] 30.0%
Elapsed: 7.9m | Avg/Round: 52.7s | Last: 51.0s | Next: 52.7s | Remaining: 18.4m
ETA: 10:07:13
Recent round times: R1: 55.7s -> R2: 55.3s -> R3: 53.8s -> R4: 51.0s -> R5: 51.0s

  0%|          | 0/79 [00:00<?, ?it/s]
  1%|▏         | 1/79 [00:00<00:10,  7.33it/s]
  9%|▉         | 7/79 [00:00<00:02, 27.38it/s]
 14%|█▍        | 11/79 [00:00<00:02, 29.95it/s]
 19%|█▉        | 15/79 [00:00<00:02, 31.41it/s]
 24%|██▍       | 19/79 [00:00<00:01, 32.33it/s]
 29%|██▉       | 23/79 [00:00<00:01, 32.98it/s]
 34%|███▍      | 27/79 [00:00<00:01, 32.98it/s]
 39%|███▉      | 31/79 [00:00<00:01, 33.75it/s]
 44%|████▍     | 35/79 [00:01<00:01, 33.73it/s]
 49%|████▉     | 39/79 [00:01<00:01, 31.97it/s]
 54%|█████▍    | 43/79 [00:01<00:01, 33.87it/s]
 59%|█████▉    | 47/79 [00:01<00:00, 34.07it/s]
 65%|██████▍   | 51/79 [00:01<00:00, 34.18it/s]
 70%|██████▉   | 55/79 [00:01<00:00, 30.23it/s]
 75%|███████▍  | 59/79 [00:01<00:00, 28.88it/s]
 80%|███████▉  | 63/79 [00:02<00:00, 30.10it/s]
 85%|████████▍ | 67/79 [00:02<00:00, 31.37it/s]
 90%|████████▉ | 71/79 [00:02<00:00, 32.22it/s]
 95%|█████████▍| 75/79 [00:02<00:00, 28.61it/s]
 99%|█████████▊| 78/79 [00:02<00:00, 28.00it/s]
100%|██████████| 79/79 [00:02<00:00, 30.72it/s]

CommRound: 10/30
Accuracy: 89.01% | Loss: 0.4246
[####################----------------------------------------] 33.3%
Elapsed: 8.8m | Avg/Round: 52.9s | Last: 55.0s | Next: 52.9s | Remaining: 17.6m
ETA: 10:07:20
Recent round times: R1: 55.3s -> R2: 53.8s -> R3: 51.0s -> R4: 51.0s -> R5: 55.0s
EARLY_STOP: round=10; best_acc=89.86; current_acc=89.01; threshold=90.00; patience=5; reason=converged_below_target
Total time for experiment: 529.3248300552368 seconds
Device average training time per communication round [s]:
    rpi (sld-rpi-09.ece.utexas.edu): 6.22 seconds
    mc1 (sld-mc1-09.ece.utexas.edu): 49.25 seconds
