Connecting to sld-rpi-09.ece.utexas.edu...
Successfully fetched dev0_pow_temp_log_exp215_run1.csv.
Connecting to sld-rpi-09.ece.utexas.edu...
Successfully fetched dev0_communication_log_exp215_run1.csv.
Connecting to sld-mc1-09.ece.utexas.edu...
Successfully fetched dev1_pow_temp_log_exp215_run1.csv.
Connecting to sld-mc1-09.ece.utexas.edu...
Successfully fetched dev1_communication_log_exp215_run1.csv.

Exp215
Experiment 215: 
	Global test accuracy [%]: 47.44 %
	No round found where all subsequent rounds have accuracy >= 90.00%.
	Average time per communication round [s]: 10.92 seconds
	Total wall clock time [s]: 143.60 seconds


Experiment 215:
	RPi avg. energy consumption per round [J]: 42.82 Joules
	MC1 avg. energy consumption per round [J]: 30.94 Joules
	Total avg. energy consumption per communication round [J]: 73.76 Joules
	Avg. amount of communicated data per communication round [MB]: 0.04 MB
	RPi avg. power consumption per round [W]: 5.41 Watts
	MC1 avg. power consumption per round [W]: 6.63 Watts
