
  0%|          | 0/79 [00:00<?, ?it/s]
  4%|▍         | 3/79 [00:00<00:03, 23.46it/s]
 10%|█         | 8/79 [00:00<00:01, 35.96it/s]
 16%|█▋        | 13/79 [00:00<00:01, 36.17it/s]
 23%|██▎       | 18/79 [00:00<00:01, 39.64it/s]
 29%|██▉       | 23/79 [00:00<00:01, 38.82it/s]
 34%|███▍      | 27/79 [00:00<00:01, 38.15it/s]
 39%|███▉      | 31/79 [00:00<00:01, 37.67it/s]
 44%|████▍     | 35/79 [00:00<00:01, 37.36it/s]
 49%|████▉     | 39/79 [00:01<00:01, 37.27it/s]
 54%|█████▍    | 43/79 [00:01<00:00, 37.24it/s]
 59%|█████▉    | 47/79 [00:01<00:00, 37.25it/s]
 65%|██████▍   | 51/79 [00:01<00:00, 37.24it/s]
 70%|██████▉   | 55/79 [00:01<00:00, 37.32it/s]
 75%|███████▍  | 59/79 [00:01<00:00, 37.27it/s]
 80%|███████▉  | 63/79 [00:01<00:00, 37.26it/s]
 85%|████████▍ | 67/79 [00:01<00:00, 37.31it/s]
 90%|████████▉ | 71/79 [00:01<00:00, 37.29it/s]
 95%|█████████▍| 75/79 [00:02<00:00, 37.24it/s]
100%|██████████| 79/79 [00:02<00:00, 37.78it/s]
Initial Accuracy: 6.17%; Initial Loss: 2.4119

  0%|          | 0/79 [00:00<?, ?it/s]
  1%|▏         | 1/79 [00:00<00:17,  4.46it/s]
  4%|▍         | 3/79 [00:00<00:07, 10.09it/s]
  6%|▋         | 5/79 [00:00<00:06, 11.94it/s]
  9%|▉         | 7/79 [00:00<00:05, 13.08it/s]
 11%|█▏        | 9/79 [00:00<00:04, 14.57it/s]
 14%|█▍        | 11/79 [00:00<00:04, 15.08it/s]
 16%|█▋        | 13/79 [00:00<00:04, 15.32it/s]
 19%|█▉        | 15/79 [00:01<00:04, 15.48it/s]
 22%|██▏       | 17/79 [00:01<00:03, 15.70it/s]
 24%|██▍       | 19/79 [00:01<00:03, 15.78it/s]
 27%|██▋       | 21/79 [00:01<00:03, 15.30it/s]
 29%|██▉       | 23/79 [00:01<00:03, 15.19it/s]
 32%|███▏      | 25/79 [00:01<00:03, 15.45it/s]
 37%|███▋      | 29/79 [00:01<00:02, 19.38it/s]
 42%|████▏     | 33/79 [00:02<00:02, 22.95it/s]
 47%|████▋     | 37/79 [00:02<00:01, 25.12it/s]
 51%|█████     | 40/79 [00:02<00:01, 25.85it/s]
 54%|█████▍    | 43/79 [00:02<00:01, 26.88it/s]
 58%|█████▊    | 46/79 [00:02<00:01, 26.81it/s]
 63%|██████▎   | 50/79 [00:02<00:01, 27.92it/s]
 68%|██████▊   | 54/79 [00:02<00:00, 28.71it/s]
 73%|███████▎  | 58/79 [00:02<00:00, 29.37it/s]
 77%|███████▋  | 61/79 [00:03<00:00, 26.58it/s]
 81%|████████  | 64/79 [00:03<00:00, 26.08it/s]
 85%|████████▍ | 67/79 [00:03<00:00, 19.68it/s]
 89%|████████▊ | 70/79 [00:03<00:00, 20.60it/s]
 92%|█████████▏| 73/79 [00:03<00:00, 17.30it/s]
 95%|█████████▍| 75/79 [00:03<00:00, 16.95it/s]
 97%|█████████▋| 77/79 [00:03<00:00, 16.84it/s]
100%|██████████| 79/79 [00:04<00:00, 19.55it/s]

CommRound: 1/30
Accuracy: 46.76% | Loss: 1.6011
[##----------------------------------------------------------] 3.3%
Elapsed: 0.2m | Avg/Round: 13.9s | Last: 11.8s | Next: 13.9s | Remaining: 6.7m
ETA: 03:29:06
Recent round times: R1: 11.8s

  0%|          | 0/79 [00:00<?, ?it/s]
  1%|▏         | 1/79 [00:00<00:15,  4.95it/s]
  8%|▊         | 6/79 [00:00<00:03, 20.30it/s]
 13%|█▎        | 10/79 [00:00<00:02, 24.10it/s]
 16%|█▋        | 13/79 [00:00<00:02, 25.01it/s]
 22%|██▏       | 17/79 [00:00<00:02, 26.82it/s]
 27%|██▋       | 21/79 [00:00<00:02, 28.44it/s]
 30%|███       | 24/79 [00:00<00:01, 28.57it/s]
 34%|███▍      | 27/79 [00:01<00:01, 26.52it/s]
 38%|███▊      | 30/79 [00:01<00:01, 24.94it/s]
 42%|████▏     | 33/79 [00:01<00:02, 18.81it/s]
 46%|████▌     | 36/79 [00:01<00:02, 19.21it/s]
 49%|████▉     | 39/79 [00:01<00:02, 16.32it/s]
 52%|█████▏    | 41/79 [00:01<00:02, 16.72it/s]
 54%|█████▍    | 43/79 [00:02<00:02, 16.84it/s]
 59%|█████▉    | 47/79 [00:02<00:01, 20.83it/s]
 63%|██████▎   | 50/79 [00:02<00:01, 22.89it/s]
 68%|██████▊   | 54/79 [00:02<00:00, 25.17it/s]
 73%|███████▎  | 58/79 [00:02<00:00, 26.19it/s]
 78%|███████▊  | 62/79 [00:02<00:00, 27.15it/s]
 84%|████████▎ | 66/79 [00:02<00:00, 27.49it/s]
 89%|████████▊ | 70/79 [00:03<00:00, 28.11it/s]
 94%|█████████▎| 74/79 [00:03<00:00, 28.71it/s]
 99%|█████████▊| 78/79 [00:03<00:00, 25.67it/s]
100%|██████████| 79/79 [00:03<00:00, 23.51it/s]

CommRound: 2/30
Accuracy: 63.61% | Loss: 1.0156
[####--------------------------------------------------------] 6.7%
Elapsed: 0.4m | Avg/Round: 12.4s | Last: 10.9s | Next: 12.4s | Remaining: 5.8m
ETA: 03:28:20
Recent round times: R1: 11.8s -> R2: 10.9s

  0%|          | 0/79 [00:00<?, ?it/s]
  1%|▏         | 1/79 [00:00<00:10,  7.09it/s]
  6%|▋         | 5/79 [00:00<00:03, 22.01it/s]
 10%|█         | 8/79 [00:00<00:03, 23.64it/s]
 14%|█▍        | 11/79 [00:00<00:03, 21.78it/s]
 19%|█▉        | 15/79 [00:00<00:02, 23.66it/s]
 24%|██▍       | 19/79 [00:00<00:02, 26.01it/s]
 29%|██▉       | 23/79 [00:00<00:02, 27.38it/s]
 34%|███▍      | 27/79 [00:01<00:01, 28.17it/s]
 39%|███▉      | 31/79 [00:01<00:01, 28.43it/s]
 44%|████▍     | 35/79 [00:01<00:01, 27.37it/s]
 49%|████▉     | 39/79 [00:01<00:01, 28.05it/s]
 54%|█████▍    | 43/79 [00:01<00:01, 27.85it/s]
 59%|█████▉    | 47/79 [00:01<00:01, 27.74it/s]
 65%|██████▍   | 51/79 [00:01<00:01, 27.74it/s]
 70%|██████▉   | 55/79 [00:02<00:00, 27.97it/s]
 75%|███████▍  | 59/79 [00:02<00:00, 27.89it/s]
 80%|███████▉  | 63/79 [00:02<00:00, 28.26it/s]
 85%|████████▍ | 67/79 [00:02<00:00, 28.03it/s]
 90%|████████▉ | 71/79 [00:02<00:00, 27.97it/s]
 95%|█████████▍| 75/79 [00:02<00:00, 28.20it/s]
100%|██████████| 79/79 [00:02<00:00, 27.27it/s]

CommRound: 3/30
Accuracy: 75.22% | Loss: 0.7183
[######------------------------------------------------------] 10.0%
Elapsed: 0.6m | Avg/Round: 11.9s | Last: 10.8s | Next: 11.9s | Remaining: 5.3m
ETA: 03:28:03
Recent round times: R1: 11.8s -> R2: 10.9s -> R3: 10.8s

  0%|          | 0/79 [00:00<?, ?it/s]
  1%|▏         | 1/79 [00:00<00:11,  7.09it/s]
  6%|▋         | 5/79 [00:00<00:03, 22.47it/s]
 10%|█         | 8/79 [00:00<00:03, 19.83it/s]
 14%|█▍        | 11/79 [00:00<00:03, 17.99it/s]
 16%|█▋        | 13/79 [00:00<00:03, 16.93it/s]
 19%|█▉        | 15/79 [00:00<00:03, 16.74it/s]
 22%|██▏       | 17/79 [00:01<00:03, 16.20it/s]
 24%|██▍       | 19/79 [00:01<00:03, 15.56it/s]
 27%|██▋       | 21/79 [00:01<00:03, 15.64it/s]
 29%|██▉       | 23/79 [00:01<00:03, 15.70it/s]
 32%|███▏      | 25/79 [00:01<00:03, 15.79it/s]
 34%|███▍      | 27/79 [00:01<00:03, 16.52it/s]
 38%|███▊      | 30/79 [00:01<00:02, 18.35it/s]
 41%|████      | 32/79 [00:01<00:03, 14.81it/s]
 44%|████▍     | 35/79 [00:02<00:02, 16.51it/s]
 47%|████▋     | 37/79 [00:02<00:02, 16.16it/s]
 49%|████▉     | 39/79 [00:02<00:02, 16.04it/s]
 52%|█████▏    | 41/79 [00:02<00:02, 16.75it/s]
 57%|█████▋    | 45/79 [00:02<00:01, 20.94it/s]
 62%|██████▏   | 49/79 [00:02<00:01, 19.90it/s]
 66%|██████▌   | 52/79 [00:02<00:01, 20.47it/s]
 70%|██████▉   | 55/79 [00:03<00:01, 18.55it/s]
 72%|███████▏  | 57/79 [00:03<00:01, 18.31it/s]
 75%|███████▍  | 59/79 [00:03<00:01, 17.48it/s]
 80%|███████▉  | 63/79 [00:03<00:00, 21.34it/s]
 85%|████████▍ | 67/79 [00:03<00:00, 23.51it/s]
 89%|████████▊ | 70/79 [00:03<00:00, 21.52it/s]
 94%|█████████▎| 74/79 [00:03<00:00, 25.47it/s]
 97%|█████████▋| 77/79 [00:04<00:00, 23.69it/s]
100%|██████████| 79/79 [00:04<00:00, 18.93it/s]

CommRound: 4/30
Accuracy: 75.74% | Loss: 0.7202
[########----------------------------------------------------] 13.3%
Elapsed: 0.8m | Avg/Round: 11.9s | Last: 12.1s | Next: 11.9s | Remaining: 5.2m
ETA: 03:28:05
Recent round times: R1: 11.8s -> R2: 10.9s -> R3: 10.8s -> R4: 12.1s

  0%|          | 0/79 [00:00<?, ?it/s]
  1%|▏         | 1/79 [00:00<00:17,  4.35it/s]
  6%|▋         | 5/79 [00:00<00:04, 16.05it/s]
  9%|▉         | 7/79 [00:00<00:04, 16.67it/s]
 11%|█▏        | 9/79 [00:00<00:04, 16.78it/s]
 15%|█▌        | 12/79 [00:00<00:03, 19.25it/s]
 20%|██        | 16/79 [00:00<00:02, 23.60it/s]
 24%|██▍       | 19/79 [00:00<00:02, 24.85it/s]
 29%|██▉       | 23/79 [00:01<00:02, 26.81it/s]
 34%|███▍      | 27/79 [00:01<00:01, 28.07it/s]
 39%|███▉      | 31/79 [00:01<00:01, 27.00it/s]
 44%|████▍     | 35/79 [00:01<00:01, 26.13it/s]
 49%|████▉     | 39/79 [00:01<00:01, 24.26it/s]
 54%|█████▍    | 43/79 [00:01<00:01, 22.03it/s]
 58%|█████▊    | 46/79 [00:02<00:01, 22.49it/s]
 62%|██████▏   | 49/79 [00:02<00:01, 22.17it/s]
 67%|██████▋   | 53/79 [00:02<00:01, 24.11it/s]
 72%|███████▏  | 57/79 [00:02<00:00, 25.88it/s]
 76%|███████▌  | 60/79 [00:02<00:00, 26.06it/s]
 80%|███████▉  | 63/79 [00:02<00:00, 25.17it/s]
 85%|████████▍ | 67/79 [00:02<00:00, 26.31it/s]
 90%|████████▉ | 71/79 [00:02<00:00, 27.61it/s]
 95%|█████████▍| 75/79 [00:03<00:00, 28.39it/s]
100%|██████████| 79/79 [00:03<00:00, 24.51it/s]

CommRound: 5/30
Accuracy: 77.85% | Loss: 0.6771
[##########--------------------------------------------------] 16.7%
Elapsed: 1.0m | Avg/Round: 11.8s | Last: 11.0s | Next: 11.8s | Remaining: 4.9m
ETA: 03:28:00
Recent round times: R1: 11.8s -> R2: 10.9s -> R3: 10.8s -> R4: 12.1s -> R5: 11.0s

  0%|          | 0/79 [00:00<?, ?it/s]
  1%|▏         | 1/79 [00:00<00:09,  7.90it/s]
  4%|▍         | 3/79 [00:00<00:05, 12.76it/s]
  6%|▋         | 5/79 [00:00<00:05, 14.20it/s]
  9%|▉         | 7/79 [00:00<00:05, 13.99it/s]
 11%|█▏        | 9/79 [00:00<00:05, 13.93it/s]
 14%|█▍        | 11/79 [00:00<00:04, 13.97it/s]
 16%|█▋        | 13/79 [00:00<00:04, 14.33it/s]
 19%|█▉        | 15/79 [00:01<00:04, 13.93it/s]
 22%|██▏       | 17/79 [00:01<00:04, 15.07it/s]
 27%|██▋       | 21/79 [00:01<00:02, 21.39it/s]
 34%|███▍      | 27/79 [00:01<00:01, 28.62it/s]
 39%|███▉      | 31/79 [00:01<00:01, 31.45it/s]
 47%|████▋     | 37/79 [00:01<00:01, 35.33it/s]
 53%|█████▎    | 42/79 [00:01<00:00, 38.78it/s]
 59%|█████▉    | 47/79 [00:01<00:00, 37.98it/s]
 66%|██████▌   | 52/79 [00:02<00:00, 40.96it/s]
 72%|███████▏  | 57/79 [00:02<00:00, 39.26it/s]
 78%|███████▊  | 62/79 [00:02<00:00, 41.37it/s]
 85%|████████▍ | 67/79 [00:02<00:00, 39.36it/s]
 92%|█████████▏| 73/79 [00:02<00:00, 40.02it/s]
 99%|█████████▊| 78/79 [00:02<00:00, 42.44it/s]
100%|██████████| 79/79 [00:02<00:00, 29.55it/s]

CommRound: 6/30
Accuracy: 79.81% | Loss: 0.6462
[############------------------------------------------------] 20.0%
Elapsed: 1.2m | Avg/Round: 11.5s | Last: 10.5s | Next: 11.5s | Remaining: 4.6m
ETA: 03:27:54
Recent round times: R1: 10.9s -> R2: 10.8s -> R3: 12.1s -> R4: 11.0s -> R5: 10.5s

  0%|          | 0/79 [00:00<?, ?it/s]
  1%|▏         | 1/79 [00:00<00:10,  7.33it/s]
  6%|▋         | 5/79 [00:00<00:03, 24.04it/s]
 11%|█▏        | 9/79 [00:00<00:02, 28.44it/s]
 15%|█▌        | 12/79 [00:00<00:02, 26.58it/s]
 20%|██        | 16/79 [00:00<00:02, 29.73it/s]
 25%|██▌       | 20/79 [00:00<00:01, 31.42it/s]
 30%|███       | 24/79 [00:00<00:01, 32.67it/s]
 35%|███▌      | 28/79 [00:00<00:01, 33.33it/s]
 41%|████      | 32/79 [00:01<00:01, 33.08it/s]
 46%|████▌     | 36/79 [00:01<00:01, 32.91it/s]
 51%|█████     | 40/79 [00:01<00:01, 33.06it/s]
 56%|█████▌    | 44/79 [00:01<00:01, 33.07it/s]
 61%|██████    | 48/79 [00:01<00:00, 32.79it/s]
 66%|██████▌   | 52/79 [00:01<00:00, 32.66it/s]
 71%|███████   | 56/79 [00:01<00:00, 32.72it/s]
 76%|███████▌  | 60/79 [00:01<00:00, 32.71it/s]
 81%|████████  | 64/79 [00:02<00:00, 32.72it/s]
 86%|████████▌ | 68/79 [00:02<00:00, 32.94it/s]
 91%|█████████ | 72/79 [00:02<00:00, 32.99it/s]
 96%|█████████▌| 76/79 [00:02<00:00, 33.02it/s]
100%|██████████| 79/79 [00:02<00:00, 32.00it/s]

CommRound: 7/30
Accuracy: 84.37% | Loss: 0.5137
[##############----------------------------------------------] 23.3%
Elapsed: 1.3m | Avg/Round: 11.4s | Last: 10.3s | Next: 11.4s | Remaining: 4.4m
ETA: 03:27:48
Recent round times: R1: 10.8s -> R2: 12.1s -> R3: 11.0s -> R4: 10.5s -> R5: 10.3s

  0%|          | 0/79 [00:00<?, ?it/s]
  1%|▏         | 1/79 [00:00<00:10,  7.75it/s]
  6%|▋         | 5/79 [00:00<00:03, 23.98it/s]
 11%|█▏        | 9/79 [00:00<00:02, 28.30it/s]
 16%|█▋        | 13/79 [00:00<00:02, 30.25it/s]
 22%|██▏       | 17/79 [00:00<00:02, 30.78it/s]
 27%|██▋       | 21/79 [00:00<00:01, 31.36it/s]
 32%|███▏      | 25/79 [00:00<00:01, 31.94it/s]
 37%|███▋      | 29/79 [00:00<00:01, 32.38it/s]
 42%|████▏     | 33/79 [00:01<00:01, 32.63it/s]
 47%|████▋     | 37/79 [00:01<00:01, 32.90it/s]
 52%|█████▏    | 41/79 [00:01<00:01, 32.95it/s]
 57%|█████▋    | 45/79 [00:01<00:01, 33.09it/s]
 62%|██████▏   | 49/79 [00:01<00:00, 33.21it/s]
 67%|██████▋   | 53/79 [00:01<00:00, 33.38it/s]
 72%|███████▏  | 57/79 [00:01<00:00, 32.13it/s]
 77%|███████▋  | 61/79 [00:01<00:00, 33.82it/s]
 82%|████████▏ | 65/79 [00:02<00:00, 33.92it/s]
 87%|████████▋ | 69/79 [00:02<00:00, 33.71it/s]
 92%|█████████▏| 73/79 [00:02<00:00, 33.78it/s]
 97%|█████████▋| 77/79 [00:02<00:00, 34.00it/s]
100%|██████████| 79/79 [00:02<00:00, 32.65it/s]

CommRound: 8/30
Accuracy: 85.96% | Loss: 0.4712
[################--------------------------------------------] 26.7%
Elapsed: 1.5m | Avg/Round: 11.2s | Last: 10.3s | Next: 11.2s | Remaining: 4.1m
ETA: 03:27:44
Recent round times: R1: 12.1s -> R2: 11.0s -> R3: 10.5s -> R4: 10.3s -> R5: 10.3s

  0%|          | 0/79 [00:00<?, ?it/s]
  1%|▏         | 1/79 [00:00<00:08,  8.90it/s]
  9%|▉         | 7/79 [00:00<00:02, 29.31it/s]
 14%|█▍        | 11/79 [00:00<00:02, 29.24it/s]
 19%|█▉        | 15/79 [00:00<00:02, 29.52it/s]
 24%|██▍       | 19/79 [00:00<00:01, 31.77it/s]
 29%|██▉       | 23/79 [00:00<00:01, 33.43it/s]
 34%|███▍      | 27/79 [00:00<00:01, 34.42it/s]
 39%|███▉      | 31/79 [00:00<00:01, 35.23it/s]
 44%|████▍     | 35/79 [00:01<00:01, 35.81it/s]
 49%|████▉     | 39/79 [00:01<00:01, 36.06it/s]
 54%|█████▍    | 43/79 [00:01<00:00, 36.09it/s]
 59%|█████▉    | 47/79 [00:01<00:00, 36.39it/s]
 65%|██████▍   | 51/79 [00:01<00:00, 36.59it/s]
 70%|██████▉   | 55/79 [00:01<00:00, 36.92it/s]
 75%|███████▍  | 59/79 [00:01<00:00, 36.77it/s]
 80%|███████▉  | 63/79 [00:01<00:00, 36.57it/s]
 85%|████████▍ | 67/79 [00:01<00:00, 32.70it/s]
 90%|████████▉ | 71/79 [00:02<00:00, 31.92it/s]
 95%|█████████▍| 75/79 [00:02<00:00, 31.51it/s]
100%|██████████| 79/79 [00:02<00:00, 33.68it/s]

CommRound: 9/30
Accuracy: 86.29% | Loss: 0.4563
[##################------------------------------------------] 30.0%
Elapsed: 1.7m | Avg/Round: 11.1s | Last: 10.1s | Next: 11.1s | Remaining: 3.9m
ETA: 03:27:41
Recent round times: R1: 11.0s -> R2: 10.5s -> R3: 10.3s -> R4: 10.3s -> R5: 10.1s

  0%|          | 0/79 [00:00<?, ?it/s]
  1%|▏         | 1/79 [00:00<00:08,  9.05it/s]
  6%|▋         | 5/79 [00:00<00:02, 26.22it/s]
 11%|█▏        | 9/79 [00:00<00:02, 30.98it/s]
 16%|█▋        | 13/79 [00:00<00:01, 33.57it/s]
 22%|██▏       | 17/79 [00:00<00:01, 34.84it/s]
 27%|██▋       | 21/79 [00:00<00:01, 35.13it/s]
 32%|███▏      | 25/79 [00:00<00:01, 34.84it/s]
 38%|███▊      | 30/79 [00:00<00:01, 39.11it/s]
 43%|████▎     | 34/79 [00:00<00:01, 38.56it/s]
 48%|████▊     | 38/79 [00:01<00:01, 38.07it/s]
 53%|█████▎    | 42/79 [00:01<00:00, 37.78it/s]
 58%|█████▊    | 46/79 [00:01<00:00, 37.23it/s]
 63%|██████▎   | 50/79 [00:01<00:00, 37.14it/s]
 68%|██████▊   | 54/79 [00:01<00:00, 37.21it/s]
 73%|███████▎  | 58/79 [00:01<00:00, 37.15it/s]
 78%|███████▊  | 62/79 [00:01<00:00, 37.08it/s]
 84%|████████▎ | 66/79 [00:01<00:00, 37.27it/s]
 89%|████████▊ | 70/79 [00:01<00:00, 37.45it/s]
 94%|█████████▎| 74/79 [00:02<00:00, 37.42it/s]
 99%|█████████▊| 78/79 [00:02<00:00, 37.68it/s]
100%|██████████| 79/79 [00:02<00:00, 36.27it/s]

CommRound: 10/30
Accuracy: 85.17% | Loss: 0.4953
[####################----------------------------------------] 33.3%
Elapsed: 1.8m | Avg/Round: 11.0s | Last: 10.0s | Next: 11.0s | Remaining: 3.7m
ETA: 03:27:37
Recent round times: R1: 10.5s -> R2: 10.3s -> R3: 10.3s -> R4: 10.1s -> R5: 10.0s

  0%|          | 0/79 [00:00<?, ?it/s]
  1%|▏         | 1/79 [00:00<00:09,  8.66it/s]
  8%|▊         | 6/79 [00:00<00:02, 31.25it/s]
 13%|█▎        | 10/79 [00:00<00:02, 31.03it/s]
 19%|█▉        | 15/79 [00:00<00:01, 32.51it/s]
 24%|██▍       | 19/79 [00:00<00:01, 33.71it/s]
 29%|██▉       | 23/79 [00:00<00:01, 34.44it/s]
 34%|███▍      | 27/79 [00:00<00:01, 35.22it/s]
 39%|███▉      | 31/79 [00:00<00:01, 35.69it/s]
 44%|████▍     | 35/79 [00:01<00:01, 35.87it/s]
 49%|████▉     | 39/79 [00:01<00:01, 36.09it/s]
 54%|█████▍    | 43/79 [00:01<00:00, 36.26it/s]
 59%|█████▉    | 47/79 [00:01<00:00, 36.29it/s]
 65%|██████▍   | 51/79 [00:01<00:00, 36.44it/s]
 70%|██████▉   | 55/79 [00:01<00:00, 35.65it/s]
 75%|███████▍  | 59/79 [00:01<00:00, 31.59it/s]
 80%|███████▉  | 63/79 [00:01<00:00, 29.66it/s]
 85%|████████▍ | 67/79 [00:02<00:00, 28.04it/s]
 90%|████████▉ | 71/79 [00:02<00:00, 27.70it/s]
 95%|█████████▍| 75/79 [00:02<00:00, 27.63it/s]
100%|██████████| 79/79 [00:02<00:00, 32.26it/s]

CommRound: 11/30
Accuracy: 85.19% | Loss: 0.4982
[######################--------------------------------------] 36.7%
Elapsed: 2.0m | Avg/Round: 10.9s | Last: 10.3s | Next: 10.9s | Remaining: 3.5m
ETA: 03:27:35
Recent round times: R1: 10.3s -> R2: 10.3s -> R3: 10.1s -> R4: 10.0s -> R5: 10.3s

  0%|          | 0/79 [00:00<?, ?it/s]
  1%|▏         | 1/79 [00:00<00:10,  7.15it/s]
  9%|▉         | 7/79 [00:00<00:02, 27.60it/s]
 14%|█▍        | 11/79 [00:00<00:02, 31.01it/s]
 19%|█▉        | 15/79 [00:00<00:01, 33.03it/s]
 24%|██▍       | 19/79 [00:00<00:01, 34.02it/s]
 29%|██▉       | 23/79 [00:00<00:01, 34.99it/s]
 34%|███▍      | 27/79 [00:00<00:01, 35.54it/s]
 39%|███▉      | 31/79 [00:00<00:01, 35.89it/s]
 44%|████▍     | 35/79 [00:01<00:01, 36.22it/s]
 49%|████▉     | 39/79 [00:01<00:01, 36.38it/s]
 54%|█████▍    | 43/79 [00:01<00:00, 36.48it/s]
 59%|█████▉    | 47/79 [00:01<00:00, 36.46it/s]
 65%|██████▍   | 51/79 [00:01<00:00, 36.61it/s]
 70%|██████▉   | 55/79 [00:01<00:00, 36.55it/s]
 75%|███████▍  | 59/79 [00:01<00:00, 36.72it/s]
 80%|███████▉  | 63/79 [00:01<00:00, 36.71it/s]
 85%|████████▍ | 67/79 [00:01<00:00, 32.72it/s]
 90%|████████▉ | 71/79 [00:02<00:00, 31.08it/s]
 95%|█████████▍| 75/79 [00:02<00:00, 32.53it/s]
100%|██████████| 79/79 [00:02<00:00, 34.30it/s]

CommRound: 12/30
Accuracy: 86.20% | Loss: 0.4610
[########################------------------------------------] 40.0%
Elapsed: 2.2m | Avg/Round: 10.9s | Last: 10.2s | Next: 10.9s | Remaining: 3.3m
ETA: 03:27:33
Recent round times: R1: 10.3s -> R2: 10.1s -> R3: 10.0s -> R4: 10.3s -> R5: 10.2s

  0%|          | 0/79 [00:00<?, ?it/s]
  1%|▏         | 1/79 [00:00<00:09,  8.09it/s]
  9%|▉         | 7/79 [00:00<00:02, 28.61it/s]
 14%|█▍        | 11/79 [00:00<00:02, 32.05it/s]
 19%|█▉        | 15/79 [00:00<00:01, 34.05it/s]
 24%|██▍       | 19/79 [00:00<00:01, 35.47it/s]
 29%|██▉       | 23/79 [00:00<00:01, 36.51it/s]
 34%|███▍      | 27/79 [00:00<00:01, 37.18it/s]
 39%|███▉      | 31/79 [00:00<00:01, 37.56it/s]
 44%|████▍     | 35/79 [00:01<00:01, 37.39it/s]
 49%|████▉     | 39/79 [00:01<00:01, 36.30it/s]
 54%|█████▍    | 43/79 [00:01<00:01, 34.17it/s]
 59%|█████▉    | 47/79 [00:01<00:01, 29.65it/s]
 65%|██████▍   | 51/79 [00:01<00:01, 26.94it/s]
 68%|██████▊   | 54/79 [00:01<00:00, 25.05it/s]
 72%|███████▏  | 57/79 [00:01<00:00, 25.33it/s]
 76%|███████▌  | 60/79 [00:02<00:00, 24.34it/s]
 80%|███████▉  | 63/79 [00:02<00:00, 24.91it/s]
 84%|████████▎ | 66/79 [00:02<00:00, 24.17it/s]
 87%|████████▋ | 69/79 [00:02<00:00, 24.87it/s]
 91%|█████████ | 72/79 [00:02<00:00, 24.45it/s]
 95%|█████████▍| 75/79 [00:02<00:00, 24.50it/s]
 99%|█████████▊| 78/79 [00:02<00:00, 25.11it/s]
100%|██████████| 79/79 [00:02<00:00, 28.72it/s]

CommRound: 13/30
Accuracy: 87.49% | Loss: 0.4284
[##########################----------------------------------] 43.3%
Elapsed: 2.4m | Avg/Round: 10.9s | Last: 10.6s | Next: 10.9s | Remaining: 3.1m
ETA: 03:27:33
Recent round times: R1: 10.1s -> R2: 10.0s -> R3: 10.3s -> R4: 10.2s -> R5: 10.6s

  0%|          | 0/79 [00:00<?, ?it/s]
  1%|▏         | 1/79 [00:00<00:09,  8.32it/s]
  9%|▉         | 7/79 [00:00<00:02, 28.19it/s]
 14%|█▍        | 11/79 [00:00<00:02, 30.53it/s]
 19%|█▉        | 15/79 [00:00<00:02, 31.53it/s]
 24%|██▍       | 19/79 [00:00<00:01, 32.77it/s]
 29%|██▉       | 23/79 [00:00<00:01, 33.25it/s]
 34%|███▍      | 27/79 [00:00<00:01, 35.06it/s]
 39%|███▉      | 31/79 [00:00<00:01, 35.63it/s]
 44%|████▍     | 35/79 [00:01<00:01, 35.90it/s]
 49%|████▉     | 39/79 [00:01<00:01, 36.05it/s]
 54%|█████▍    | 43/79 [00:01<00:00, 36.31it/s]
 59%|█████▉    | 47/79 [00:01<00:00, 36.40it/s]
 65%|██████▍   | 51/79 [00:01<00:00, 36.47it/s]
 70%|██████▉   | 55/79 [00:01<00:00, 34.39it/s]
 75%|███████▍  | 59/79 [00:01<00:00, 31.90it/s]
 80%|███████▉  | 63/79 [00:01<00:00, 30.51it/s]
 85%|████████▍ | 67/79 [00:02<00:00, 30.22it/s]
 90%|████████▉ | 71/79 [00:02<00:00, 29.74it/s]
 95%|█████████▍| 75/79 [00:02<00:00, 29.29it/s]
100%|██████████| 79/79 [00:02<00:00, 32.60it/s]

CommRound: 14/30
Accuracy: 87.73% | Loss: 0.4237
[############################--------------------------------] 46.7%
Elapsed: 2.5m | Avg/Round: 10.8s | Last: 10.3s | Next: 10.8s | Remaining: 2.9m
ETA: 03:27:32
Recent round times: R1: 10.0s -> R2: 10.3s -> R3: 10.2s -> R4: 10.6s -> R5: 10.3s

  0%|          | 0/79 [00:00<?, ?it/s]
  1%|▏         | 1/79 [00:00<00:09,  8.62it/s]
  8%|▊         | 6/79 [00:00<00:02, 31.13it/s]
 13%|█▎        | 10/79 [00:00<00:02, 32.70it/s]
 18%|█▊        | 14/79 [00:00<00:02, 31.65it/s]
 23%|██▎       | 18/79 [00:00<00:02, 29.97it/s]
 28%|██▊       | 22/79 [00:00<00:01, 28.78it/s]
 32%|███▏      | 25/79 [00:00<00:02, 25.79it/s]
 37%|███▋      | 29/79 [00:01<00:01, 25.85it/s]
 42%|████▏     | 33/79 [00:01<00:01, 25.90it/s]
 47%|████▋     | 37/79 [00:01<00:01, 28.13it/s]
 52%|█████▏    | 41/79 [00:01<00:01, 30.23it/s]
 57%|█████▋    | 45/79 [00:01<00:01, 31.98it/s]
 62%|██████▏   | 49/79 [00:01<00:00, 33.24it/s]
 67%|██████▋   | 53/79 [00:01<00:00, 34.20it/s]
 72%|███████▏  | 57/79 [00:01<00:00, 34.76it/s]
 77%|███████▋  | 61/79 [00:01<00:00, 35.25it/s]
 82%|████████▏ | 65/79 [00:02<00:00, 33.56it/s]
 87%|████████▋ | 69/79 [00:02<00:00, 32.39it/s]
 92%|█████████▏| 73/79 [00:02<00:00, 33.06it/s]
 97%|█████████▋| 77/79 [00:02<00:00, 33.53it/s]
100%|██████████| 79/79 [00:02<00:00, 31.41it/s]

CommRound: 15/30
Accuracy: 87.97% | Loss: 0.4141
[##############################------------------------------] 50.0%
Elapsed: 2.7m | Avg/Round: 10.8s | Last: 10.4s | Next: 10.8s | Remaining: 2.7m
ETA: 03:27:31
Recent round times: R1: 10.3s -> R2: 10.2s -> R3: 10.6s -> R4: 10.3s -> R5: 10.4s

  0%|          | 0/79 [00:00<?, ?it/s]
  1%|▏         | 1/79 [00:00<00:11,  7.08it/s]
  8%|▊         | 6/79 [00:00<00:02, 28.54it/s]
 13%|█▎        | 10/79 [00:00<00:02, 31.34it/s]
 18%|█▊        | 14/79 [00:00<00:01, 33.35it/s]
 23%|██▎       | 18/79 [00:00<00:01, 34.39it/s]
 28%|██▊       | 22/79 [00:00<00:01, 35.32it/s]
 33%|███▎      | 26/79 [00:00<00:01, 35.53it/s]
 38%|███▊      | 30/79 [00:00<00:01, 35.51it/s]
 43%|████▎     | 34/79 [00:01<00:01, 35.70it/s]
 48%|████▊     | 38/79 [00:01<00:01, 35.60it/s]
 53%|█████▎    | 42/79 [00:01<00:01, 36.00it/s]
 58%|█████▊    | 46/79 [00:01<00:00, 36.24it/s]
 63%|██████▎   | 50/79 [00:01<00:00, 34.75it/s]
 68%|██████▊   | 54/79 [00:01<00:00, 32.63it/s]
 73%|███████▎  | 58/79 [00:01<00:00, 30.08it/s]
 78%|███████▊  | 62/79 [00:01<00:00, 32.39it/s]
 84%|████████▎ | 66/79 [00:01<00:00, 33.68it/s]
 89%|████████▊ | 70/79 [00:02<00:00, 31.21it/s]
 94%|█████████▎| 74/79 [00:02<00:00, 32.21it/s]
 99%|█████████▊| 78/79 [00:02<00:00, 31.23it/s]
100%|██████████| 79/79 [00:02<00:00, 32.81it/s]

CommRound: 16/30
Accuracy: 88.13% | Loss: 0.4078
[################################----------------------------] 53.3%
Elapsed: 2.9m | Avg/Round: 10.7s | Last: 10.1s | Next: 10.7s | Remaining: 2.5m
ETA: 03:27:29
Recent round times: R1: 10.2s -> R2: 10.6s -> R3: 10.3s -> R4: 10.4s -> R5: 10.1s

  0%|          | 0/79 [00:00<?, ?it/s]
  3%|▎         | 2/79 [00:00<00:03, 19.35it/s]
  9%|▉         | 7/79 [00:00<00:02, 30.02it/s]
 16%|█▋        | 13/79 [00:00<00:01, 35.01it/s]
 22%|██▏       | 17/79 [00:00<00:01, 36.44it/s]
 28%|██▊       | 22/79 [00:00<00:01, 40.53it/s]
 34%|███▍      | 27/79 [00:00<00:01, 37.80it/s]
 41%|████      | 32/79 [00:00<00:01, 40.57it/s]
 47%|████▋     | 37/79 [00:00<00:01, 38.15it/s]
 53%|█████▎    | 42/79 [00:01<00:00, 40.55it/s]
 59%|█████▉    | 47/79 [00:01<00:00, 38.58it/s]
 66%|██████▌   | 52/79 [00:01<00:00, 41.30it/s]
 72%|███████▏  | 57/79 [00:01<00:00, 39.07it/s]
 78%|███████▊  | 62/79 [00:01<00:00, 41.52it/s]
 85%|████████▍ | 67/79 [00:01<00:00, 39.17it/s]
 91%|█████████ | 72/79 [00:01<00:00, 41.54it/s]
 97%|█████████▋| 77/79 [00:01<00:00, 38.94it/s]
100%|██████████| 79/79 [00:02<00:00, 39.17it/s]

CommRound: 17/30
Accuracy: 88.24% | Loss: 0.4036
[##################################--------------------------] 56.7%
Elapsed: 3.0m | Avg/Round: 10.7s | Last: 9.8s | Next: 10.7s | Remaining: 2.3m
ETA: 03:27:28
Recent round times: R1: 10.6s -> R2: 10.3s -> R3: 10.4s -> R4: 10.1s -> R5: 9.8s

  0%|          | 0/79 [00:00<?, ?it/s]
  1%|▏         | 1/79 [00:00<00:08,  8.69it/s]
  8%|▊         | 6/79 [00:00<00:02, 29.96it/s]
 13%|█▎        | 10/79 [00:00<00:02, 28.47it/s]
 18%|█▊        | 14/79 [00:00<00:02, 30.83it/s]
 23%|██▎       | 18/79 [00:00<00:01, 32.41it/s]
 28%|██▊       | 22/79 [00:00<00:01, 33.11it/s]
 33%|███▎      | 26/79 [00:00<00:01, 33.92it/s]
 38%|███▊      | 30/79 [00:00<00:01, 34.36it/s]
 43%|████▎     | 34/79 [00:01<00:01, 34.69it/s]
 48%|████▊     | 38/79 [00:01<00:01, 34.86it/s]
 53%|█████▎    | 42/79 [00:01<00:01, 35.04it/s]
 58%|█████▊    | 46/79 [00:01<00:00, 35.25it/s]
 63%|██████▎   | 50/79 [00:01<00:00, 35.36it/s]
 68%|██████▊   | 54/79 [00:01<00:00, 35.22it/s]
 73%|███████▎  | 58/79 [00:01<00:00, 35.36it/s]
 78%|███████▊  | 62/79 [00:01<00:00, 35.47it/s]
 84%|████████▎ | 66/79 [00:01<00:00, 35.51it/s]
 89%|████████▊ | 70/79 [00:02<00:00, 35.55it/s]
 94%|█████████▎| 74/79 [00:02<00:00, 34.70it/s]
 99%|█████████▊| 78/79 [00:02<00:00, 31.83it/s]
100%|██████████| 79/79 [00:02<00:00, 33.39it/s]

CommRound: 18/30
Accuracy: 88.38% | Loss: 0.4007
[####################################------------------------] 60.0%
Elapsed: 3.2m | Avg/Round: 10.7s | Last: 10.1s | Next: 10.7s | Remaining: 2.1m
ETA: 03:27:27
Recent round times: R1: 10.3s -> R2: 10.4s -> R3: 10.1s -> R4: 9.8s -> R5: 10.1s

  0%|          | 0/79 [00:00<?, ?it/s]
  1%|▏         | 1/79 [00:00<00:09,  8.38it/s]
  6%|▋         | 5/79 [00:00<00:03, 24.01it/s]
 11%|█▏        | 9/79 [00:00<00:02, 26.62it/s]
 15%|█▌        | 12/79 [00:00<00:02, 27.59it/s]
 19%|█▉        | 15/79 [00:00<00:02, 22.92it/s]
 24%|██▍       | 19/79 [00:00<00:02, 22.53it/s]
 29%|██▉       | 23/79 [00:00<00:02, 23.05it/s]
 34%|███▍      | 27/79 [00:01<00:02, 22.81it/s]
 39%|███▉      | 31/79 [00:01<00:02, 22.76it/s]
 44%|████▍     | 35/79 [00:01<00:01, 22.84it/s]
 49%|████▉     | 39/79 [00:01<00:01, 22.72it/s]
 54%|█████▍    | 43/79 [00:01<00:01, 22.83it/s]
 59%|█████▉    | 47/79 [00:02<00:01, 23.02it/s]
 63%|██████▎   | 50/79 [00:02<00:01, 24.33it/s]
 67%|██████▋   | 53/79 [00:02<00:01, 22.82it/s]
 71%|███████   | 56/79 [00:02<00:00, 24.16it/s]
 75%|███████▍  | 59/79 [00:02<00:00, 22.66it/s]
 78%|███████▊  | 62/79 [00:02<00:00, 23.93it/s]
 82%|████████▏ | 65/79 [00:02<00:00, 22.60it/s]
 86%|████████▌ | 68/79 [00:02<00:00, 23.68it/s]
 90%|████████▉ | 71/79 [00:03<00:00, 22.58it/s]
 94%|█████████▎| 74/79 [00:03<00:00, 23.56it/s]
 97%|█████████▋| 77/79 [00:03<00:00, 22.68it/s]
100%|██████████| 79/79 [00:03<00:00, 23.35it/s]

CommRound: 19/30
Accuracy: 88.55% | Loss: 0.3983
[######################################----------------------] 63.3%
Elapsed: 3.4m | Avg/Round: 10.7s | Last: 11.2s | Next: 10.7s | Remaining: 2.0m
ETA: 03:27:28
Recent round times: R1: 10.4s -> R2: 10.1s -> R3: 9.8s -> R4: 10.1s -> R5: 11.2s

  0%|          | 0/79 [00:00<?, ?it/s]
  1%|▏         | 1/79 [00:00<00:08,  8.69it/s]
  6%|▋         | 5/79 [00:00<00:02, 25.66it/s]
 11%|█▏        | 9/79 [00:00<00:02, 28.90it/s]
 16%|█▋        | 13/79 [00:00<00:02, 32.18it/s]
 22%|██▏       | 17/79 [00:00<00:01, 33.34it/s]
 27%|██▋       | 21/79 [00:00<00:01, 34.03it/s]
 32%|███▏      | 25/79 [00:00<00:01, 34.47it/s]
 37%|███▋      | 29/79 [00:00<00:01, 34.88it/s]
 42%|████▏     | 33/79 [00:01<00:01, 35.17it/s]
 47%|████▋     | 37/79 [00:01<00:01, 35.39it/s]
 52%|█████▏    | 41/79 [00:01<00:01, 35.48it/s]
 57%|█████▋    | 45/79 [00:01<00:00, 35.51it/s]
 62%|██████▏   | 49/79 [00:01<00:00, 35.49it/s]
 67%|██████▋   | 53/79 [00:01<00:00, 35.41it/s]
 72%|███████▏  | 57/79 [00:01<00:00, 35.45it/s]
 77%|███████▋  | 61/79 [00:01<00:00, 32.07it/s]
 82%|████████▏ | 65/79 [00:02<00:00, 29.25it/s]
 87%|████████▋ | 69/79 [00:02<00:00, 29.12it/s]
 92%|█████████▏| 73/79 [00:02<00:00, 30.78it/s]
 97%|█████████▋| 77/79 [00:02<00:00, 32.14it/s]
100%|██████████| 79/79 [00:02<00:00, 32.96it/s]

CommRound: 20/30
Accuracy: 88.61% | Loss: 0.3960
[########################################--------------------] 66.7%
Elapsed: 3.6m | Avg/Round: 10.7s | Last: 10.3s | Next: 10.7s | Remaining: 1.8m
ETA: 03:27:27
Recent round times: R1: 10.1s -> R2: 9.8s -> R3: 10.1s -> R4: 11.2s -> R5: 10.3s

  0%|          | 0/79 [00:00<?, ?it/s]
  1%|▏         | 1/79 [00:00<00:09,  8.48it/s]
  6%|▋         | 5/79 [00:00<00:03, 18.99it/s]
 10%|█         | 8/79 [00:00<00:03, 22.84it/s]
 14%|█▍        | 11/79 [00:00<00:03, 21.47it/s]
 19%|█▉        | 15/79 [00:00<00:02, 22.07it/s]
 24%|██▍       | 19/79 [00:00<00:02, 21.99it/s]
 29%|██▉       | 23/79 [00:01<00:02, 23.46it/s]
 34%|███▍      | 27/79 [00:01<00:01, 26.56it/s]
 39%|███▉      | 31/79 [00:01<00:01, 28.87it/s]
 44%|████▍     | 35/79 [00:01<00:01, 30.51it/s]
 49%|████▉     | 39/79 [00:01<00:01, 32.16it/s]
 54%|█████▍    | 43/79 [00:01<00:01, 33.14it/s]
 59%|█████▉    | 47/79 [00:01<00:00, 33.70it/s]
 65%|██████▍   | 51/79 [00:01<00:00, 33.92it/s]
 70%|██████▉   | 55/79 [00:01<00:00, 34.57it/s]
 75%|███████▍  | 59/79 [00:02<00:00, 35.21it/s]
 80%|███████▉  | 63/79 [00:02<00:00, 34.53it/s]
 85%|████████▍ | 67/79 [00:02<00:00, 34.51it/s]
 90%|████████▉ | 71/79 [00:02<00:00, 34.46it/s]
 95%|█████████▍| 75/79 [00:02<00:00, 34.26it/s]
100%|██████████| 79/79 [00:02<00:00, 30.26it/s]

CommRound: 21/30
Accuracy: 88.61% | Loss: 0.3945
[##########################################------------------] 70.0%
Elapsed: 3.7m | Avg/Round: 10.7s | Last: 10.5s | Next: 10.7s | Remaining: 1.6m
ETA: 03:27:27
Recent round times: R1: 9.8s -> R2: 10.1s -> R3: 11.2s -> R4: 10.3s -> R5: 10.5s

  0%|          | 0/79 [00:00<?, ?it/s]
  1%|▏         | 1/79 [00:00<00:09,  8.23it/s]
  8%|▊         | 6/79 [00:00<00:02, 29.75it/s]
 13%|█▎        | 10/79 [00:00<00:02, 32.01it/s]
 18%|█▊        | 14/79 [00:00<00:01, 32.76it/s]
 23%|██▎       | 18/79 [00:00<00:01, 33.57it/s]
 28%|██▊       | 22/79 [00:00<00:01, 33.64it/s]
 33%|███▎      | 26/79 [00:00<00:01, 34.17it/s]
 38%|███▊      | 30/79 [00:00<00:01, 34.54it/s]
 43%|████▎     | 34/79 [00:01<00:01, 34.84it/s]
 48%|████▊     | 38/79 [00:01<00:01, 32.82it/s]
 53%|█████▎    | 42/79 [00:01<00:01, 28.18it/s]
 57%|█████▋    | 45/79 [00:01<00:01, 26.37it/s]
 61%|██████    | 48/79 [00:01<00:01, 25.65it/s]
 65%|██████▍   | 51/79 [00:01<00:01, 24.72it/s]
 68%|██████▊   | 54/79 [00:01<00:00, 25.05it/s]
 72%|███████▏  | 57/79 [00:01<00:00, 25.77it/s]
 76%|███████▌  | 60/79 [00:02<00:00, 25.36it/s]
 81%|████████  | 64/79 [00:02<00:00, 27.19it/s]
 86%|████████▌ | 68/79 [00:02<00:00, 29.55it/s]
 91%|█████████ | 72/79 [00:02<00:00, 31.29it/s]
 96%|█████████▌| 76/79 [00:02<00:00, 32.60it/s]
100%|██████████| 79/79 [00:02<00:00, 29.93it/s]

CommRound: 22/30
Accuracy: 88.67% | Loss: 0.3931
[############################################----------------] 73.3%
Elapsed: 3.9m | Avg/Round: 10.6s | Last: 10.5s | Next: 10.6s | Remaining: 1.4m
ETA: 03:27:27
Recent round times: R1: 10.1s -> R2: 11.2s -> R3: 10.3s -> R4: 10.5s -> R5: 10.5s

  0%|          | 0/79 [00:00<?, ?it/s]
  1%|▏         | 1/79 [00:00<00:09,  8.35it/s]
  6%|▋         | 5/79 [00:00<00:03, 24.36it/s]
 11%|█▏        | 9/79 [00:00<00:02, 29.82it/s]
 16%|█▋        | 13/79 [00:00<00:02, 32.02it/s]
 22%|██▏       | 17/79 [00:00<00:01, 32.92it/s]
 27%|██▋       | 21/79 [00:00<00:01, 33.64it/s]
 32%|███▏      | 25/79 [00:00<00:01, 33.80it/s]
 37%|███▋      | 29/79 [00:00<00:01, 33.72it/s]
 42%|████▏     | 33/79 [00:01<00:01, 33.66it/s]
 47%|████▋     | 37/79 [00:01<00:01, 33.34it/s]
 52%|█████▏    | 41/79 [00:01<00:01, 33.96it/s]
 57%|█████▋    | 45/79 [00:01<00:00, 34.51it/s]
 62%|██████▏   | 49/79 [00:01<00:00, 34.84it/s]
 67%|██████▋   | 53/79 [00:01<00:00, 34.80it/s]
 72%|███████▏  | 57/79 [00:01<00:00, 35.08it/s]
 77%|███████▋  | 61/79 [00:01<00:00, 35.35it/s]
 82%|████████▏ | 65/79 [00:01<00:00, 34.78it/s]
 87%|████████▋ | 69/79 [00:02<00:00, 35.65it/s]
 92%|█████████▏| 73/79 [00:02<00:00, 35.54it/s]
 97%|█████████▋| 77/79 [00:02<00:00, 35.67it/s]
100%|██████████| 79/79 [00:02<00:00, 34.12it/s]

CommRound: 23/30
Accuracy: 88.79% | Loss: 0.3919
[##############################################--------------] 76.7%
Elapsed: 4.1m | Avg/Round: 10.6s | Last: 10.1s | Next: 10.6s | Remaining: 1.2m
ETA: 03:27:26
Recent round times: R1: 11.2s -> R2: 10.3s -> R3: 10.5s -> R4: 10.5s -> R5: 10.1s

  0%|          | 0/79 [00:00<?, ?it/s]
  1%|▏         | 1/79 [00:00<00:10,  7.16it/s]
  6%|▋         | 5/79 [00:00<00:03, 23.70it/s]
 11%|█▏        | 9/79 [00:00<00:02, 28.55it/s]
 16%|█▋        | 13/79 [00:00<00:02, 30.92it/s]
 22%|██▏       | 17/79 [00:00<00:01, 32.34it/s]
 27%|██▋       | 21/79 [00:00<00:01, 29.78it/s]
 32%|███▏      | 25/79 [00:00<00:02, 26.13it/s]
 35%|███▌      | 28/79 [00:01<00:02, 22.59it/s]
 39%|███▉      | 31/79 [00:01<00:02, 22.11it/s]
 43%|████▎     | 34/79 [00:01<00:02, 19.63it/s]
 47%|████▋     | 37/79 [00:01<00:02, 20.02it/s]
 51%|█████     | 40/79 [00:01<00:02, 18.15it/s]
 53%|█████▎    | 42/79 [00:01<00:02, 17.95it/s]
 56%|█████▌    | 44/79 [00:02<00:01, 17.79it/s]
 58%|█████▊    | 46/79 [00:02<00:01, 17.67it/s]
 61%|██████    | 48/79 [00:02<00:01, 17.64it/s]
 63%|██████▎   | 50/79 [00:02<00:01, 17.59it/s]
 68%|██████▊   | 54/79 [00:02<00:01, 22.35it/s]
 73%|███████▎  | 58/79 [00:02<00:00, 25.83it/s]
 78%|███████▊  | 62/79 [00:02<00:00, 28.33it/s]
 84%|████████▎ | 66/79 [00:02<00:00, 30.16it/s]
 89%|████████▊ | 70/79 [00:02<00:00, 31.56it/s]
 94%|█████████▎| 74/79 [00:03<00:00, 32.60it/s]
 99%|█████████▊| 78/79 [00:03<00:00, 33.38it/s]
100%|██████████| 79/79 [00:03<00:00, 24.66it/s]

CommRound: 24/30
Accuracy: 88.88% | Loss: 0.3905
[################################################------------] 80.0%
Elapsed: 4.3m | Avg/Round: 10.6s | Last: 11.0s | Next: 10.6s | Remaining: 1.1m
ETA: 03:27:27
Recent round times: R1: 10.3s -> R2: 10.5s -> R3: 10.5s -> R4: 10.1s -> R5: 11.0s

  0%|          | 0/79 [00:00<?, ?it/s]
  1%|▏         | 1/79 [00:00<00:15,  5.14it/s]
  4%|▍         | 3/79 [00:00<00:06, 11.41it/s]
  6%|▋         | 5/79 [00:00<00:05, 13.29it/s]
  9%|▉         | 7/79 [00:00<00:04, 15.40it/s]
 11%|█▏        | 9/79 [00:00<00:04, 15.64it/s]
 14%|█▍        | 11/79 [00:00<00:04, 16.31it/s]
 18%|█▊        | 14/79 [00:00<00:03, 20.13it/s]
 23%|██▎       | 18/79 [00:00<00:02, 24.30it/s]
 28%|██▊       | 22/79 [00:01<00:02, 24.62it/s]
 32%|███▏      | 25/79 [00:01<00:02, 25.19it/s]
 35%|███▌      | 28/79 [00:01<00:02, 22.05it/s]
 41%|████      | 32/79 [00:01<00:01, 24.74it/s]
 46%|████▌     | 36/79 [00:01<00:01, 28.33it/s]
 51%|█████     | 40/79 [00:01<00:01, 30.38it/s]
 56%|█████▌    | 44/79 [00:01<00:01, 31.57it/s]
 61%|██████    | 48/79 [00:02<00:00, 32.49it/s]
 66%|██████▌   | 52/79 [00:02<00:00, 28.56it/s]
 70%|██████▉   | 55/79 [00:02<00:00, 27.94it/s]
 73%|███████▎  | 58/79 [00:02<00:00, 21.82it/s]
 77%|███████▋  | 61/79 [00:02<00:00, 22.60it/s]
 81%|████████  | 64/79 [00:02<00:00, 19.15it/s]
 85%|████████▍ | 67/79 [00:02<00:00, 20.35it/s]
 89%|████████▊ | 70/79 [00:03<00:00, 22.02it/s]
 94%|█████████▎| 74/79 [00:03<00:00, 24.64it/s]
 99%|█████████▊| 78/79 [00:03<00:00, 27.48it/s]
100%|██████████| 79/79 [00:03<00:00, 23.54it/s]

CommRound: 25/30
Accuracy: 88.91% | Loss: 0.3897
[##################################################----------] 83.3%
Elapsed: 4.4m | Avg/Round: 10.7s | Last: 11.1s | Next: 10.7s | Remaining: 0.9m
ETA: 03:27:27
Recent round times: R1: 10.5s -> R2: 10.5s -> R3: 10.1s -> R4: 11.0s -> R5: 11.1s

  0%|          | 0/79 [00:00<?, ?it/s]
  1%|▏         | 1/79 [00:00<00:11,  7.04it/s]
  9%|▉         | 7/79 [00:00<00:02, 27.17it/s]
 14%|█▍        | 11/79 [00:00<00:02, 30.37it/s]
 19%|█▉        | 15/79 [00:00<00:02, 31.04it/s]
 24%|██▍       | 19/79 [00:00<00:01, 33.17it/s]
 29%|██▉       | 23/79 [00:00<00:01, 33.85it/s]
 34%|███▍      | 27/79 [00:00<00:01, 34.16it/s]
 39%|███▉      | 31/79 [00:00<00:01, 34.46it/s]
 44%|████▍     | 35/79 [00:01<00:01, 34.44it/s]
 49%|████▉     | 39/79 [00:01<00:01, 33.56it/s]
 54%|█████▍    | 43/79 [00:01<00:01, 33.57it/s]
 59%|█████▉    | 47/79 [00:01<00:00, 33.75it/s]
 65%|██████▍   | 51/79 [00:01<00:00, 33.95it/s]
 70%|██████▉   | 55/79 [00:01<00:00, 31.84it/s]
 75%|███████▍  | 59/79 [00:01<00:00, 29.13it/s]
 80%|███████▉  | 63/79 [00:02<00:00, 29.10it/s]
 85%|████████▍ | 67/79 [00:02<00:00, 29.07it/s]
 90%|████████▉ | 71/79 [00:02<00:00, 29.38it/s]
 95%|█████████▍| 75/79 [00:02<00:00, 29.66it/s]
100%|██████████| 79/79 [00:02<00:00, 31.52it/s]

CommRound: 26/30
Accuracy: 88.96% | Loss: 0.3887
[####################################################--------] 86.7%
Elapsed: 4.6m | Avg/Round: 10.7s | Last: 10.5s | Next: 10.7s | Remaining: 0.7m
ETA: 03:27:27
Recent round times: R1: 10.5s -> R2: 10.1s -> R3: 11.0s -> R4: 11.1s -> R5: 10.5s

  0%|          | 0/79 [00:00<?, ?it/s]
  1%|▏         | 1/79 [00:00<00:08,  9.67it/s]
  9%|▉         | 7/79 [00:00<00:02, 34.44it/s]
 15%|█▌        | 12/79 [00:00<00:01, 34.59it/s]
 20%|██        | 16/79 [00:00<00:01, 35.11it/s]
 25%|██▌       | 20/79 [00:00<00:01, 35.61it/s]
 30%|███       | 24/79 [00:00<00:01, 35.75it/s]
 35%|███▌      | 28/79 [00:00<00:01, 35.96it/s]
 41%|████      | 32/79 [00:00<00:01, 35.92it/s]
 46%|████▌     | 36/79 [00:01<00:01, 35.92it/s]
 51%|█████     | 40/79 [00:01<00:01, 35.96it/s]
 56%|█████▌    | 44/79 [00:01<00:00, 35.85it/s]
 61%|██████    | 48/79 [00:01<00:00, 35.97it/s]
 66%|██████▌   | 52/79 [00:01<00:00, 36.02it/s]
 71%|███████   | 56/79 [00:01<00:00, 36.00it/s]
 76%|███████▌  | 60/79 [00:01<00:00, 36.07it/s]
 81%|████████  | 64/79 [00:01<00:00, 35.79it/s]
 86%|████████▌ | 68/79 [00:01<00:00, 35.66it/s]
 91%|█████████ | 72/79 [00:02<00:00, 35.68it/s]
 96%|█████████▌| 76/79 [00:02<00:00, 36.58it/s]
100%|██████████| 79/79 [00:02<00:00, 35.83it/s]

CommRound: 27/30
Accuracy: 88.94% | Loss: 0.3879
[######################################################------] 90.0%
Elapsed: 4.8m | Avg/Round: 10.6s | Last: 10.0s | Next: 10.6s | Remaining: 0.5m
ETA: 03:27:26
Recent round times: R1: 10.1s -> R2: 11.0s -> R3: 11.1s -> R4: 10.5s -> R5: 10.0s

  0%|          | 0/79 [00:00<?, ?it/s]
  1%|▏         | 1/79 [00:00<00:25,  3.10it/s]
 10%|█         | 8/79 [00:00<00:03, 20.71it/s]
 15%|█▌        | 12/79 [00:00<00:03, 19.97it/s]
 20%|██        | 16/79 [00:00<00:02, 22.99it/s]
 24%|██▍       | 19/79 [00:01<00:03, 18.69it/s]
 29%|██▉       | 23/79 [00:01<00:02, 21.62it/s]
 34%|███▍      | 27/79 [00:01<00:02, 23.72it/s]
 38%|███▊      | 30/79 [00:01<00:01, 24.89it/s]
 42%|████▏     | 33/79 [00:01<00:01, 24.36it/s]
 46%|████▌     | 36/79 [00:01<00:01, 22.05it/s]
 49%|████▉     | 39/79 [00:01<00:02, 19.45it/s]
 53%|█████▎    | 42/79 [00:02<00:01, 20.96it/s]
 57%|█████▋    | 45/79 [00:02<00:01, 18.53it/s]
 62%|██████▏   | 49/79 [00:02<00:01, 20.37it/s]
 66%|██████▌   | 52/79 [00:02<00:01, 22.02it/s]
 70%|██████▉   | 55/79 [00:02<00:01, 17.66it/s]
 72%|███████▏  | 57/79 [00:02<00:01, 17.10it/s]
 75%|███████▍  | 59/79 [00:03<00:01, 16.74it/s]
 80%|███████▉  | 63/79 [00:03<00:00, 19.39it/s]
 84%|████████▎ | 66/79 [00:03<00:00, 20.95it/s]
 89%|████████▊ | 70/79 [00:03<00:00, 22.75it/s]
 94%|█████████▎| 74/79 [00:03<00:00, 24.16it/s]
 97%|█████████▋| 77/79 [00:03<00:00, 23.06it/s]
100%|██████████| 79/79 [00:03<00:00, 20.96it/s]

CommRound: 28/30
Accuracy: 88.98% | Loss: 0.3873
[########################################################----] 93.3%
Elapsed: 5.0m | Avg/Round: 10.7s | Last: 11.6s | Next: 10.7s | Remaining: 0.4m
ETA: 03:27:27
Recent round times: R1: 11.0s -> R2: 11.1s -> R3: 10.5s -> R4: 10.0s -> R5: 11.6s

  0%|          | 0/79 [00:00<?, ?it/s]
  1%|▏         | 1/79 [00:00<00:23,  3.39it/s]
  9%|▉         | 7/79 [00:00<00:03, 18.96it/s]
 13%|█▎        | 10/79 [00:00<00:03, 20.75it/s]
 16%|█▋        | 13/79 [00:01<00:05, 11.36it/s]
 22%|██▏       | 17/79 [00:01<00:03, 15.59it/s]
 27%|██▋       | 21/79 [00:01<00:03, 18.95it/s]
 32%|███▏      | 25/79 [00:01<00:02, 21.77it/s]
 37%|███▋      | 29/79 [00:01<00:02, 24.03it/s]
 42%|████▏     | 33/79 [00:01<00:01, 25.87it/s]
 47%|████▋     | 37/79 [00:01<00:01, 27.33it/s]
 52%|█████▏    | 41/79 [00:01<00:01, 28.58it/s]
 57%|█████▋    | 45/79 [00:02<00:01, 25.93it/s]
 61%|██████    | 48/79 [00:02<00:01, 22.02it/s]
 65%|██████▍   | 51/79 [00:02<00:01, 22.02it/s]
 68%|██████▊   | 54/79 [00:02<00:01, 18.71it/s]
 73%|███████▎  | 58/79 [00:02<00:01, 20.66it/s]
 78%|███████▊  | 62/79 [00:02<00:00, 22.27it/s]
 84%|████████▎ | 66/79 [00:03<00:00, 23.50it/s]
 89%|████████▊ | 70/79 [00:03<00:00, 24.33it/s]
 94%|█████████▎| 74/79 [00:03<00:00, 25.00it/s]
 99%|█████████▊| 78/79 [00:03<00:00, 25.50it/s]
100%|██████████| 79/79 [00:03<00:00, 21.79it/s]

CommRound: 29/30
Accuracy: 89.00% | Loss: 0.3866
[##########################################################--] 96.7%
Elapsed: 5.2m | Avg/Round: 10.7s | Last: 11.6s | Next: 10.7s | Remaining: 0.2m
ETA: 03:27:28
Recent round times: R1: 11.1s -> R2: 10.5s -> R3: 10.0s -> R4: 11.6s -> R5: 11.6s

  0%|          | 0/79 [00:00<?, ?it/s]
  1%|▏         | 1/79 [00:00<00:15,  4.95it/s]
  4%|▍         | 3/79 [00:00<00:07,  9.55it/s]
  6%|▋         | 5/79 [00:00<00:06, 10.69it/s]
  9%|▉         | 7/79 [00:00<00:05, 12.95it/s]
 11%|█▏        | 9/79 [00:00<00:07,  9.66it/s]
 16%|█▋        | 13/79 [00:01<00:04, 14.18it/s]
 22%|██▏       | 17/79 [00:01<00:03, 17.16it/s]
 27%|██▋       | 21/79 [00:01<00:03, 19.23it/s]
 32%|███▏      | 25/79 [00:01<00:02, 21.36it/s]
 37%|███▋      | 29/79 [00:01<00:02, 22.81it/s]
 42%|████▏     | 33/79 [00:01<00:01, 23.89it/s]
 47%|████▋     | 37/79 [00:02<00:01, 24.55it/s]
 52%|█████▏    | 41/79 [00:02<00:01, 25.02it/s]
 57%|█████▋    | 45/79 [00:02<00:01, 24.85it/s]
 61%|██████    | 48/79 [00:02<00:01, 24.49it/s]
 65%|██████▍   | 51/79 [00:02<00:01, 19.97it/s]
 68%|██████▊   | 54/79 [00:02<00:01, 21.03it/s]
 72%|███████▏  | 57/79 [00:03<00:01, 17.48it/s]
 75%|███████▍  | 59/79 [00:03<00:01, 17.71it/s]
 77%|███████▋  | 61/79 [00:03<00:00, 18.05it/s]
 80%|███████▉  | 63/79 [00:03<00:00, 17.60it/s]
 82%|████████▏ | 65/79 [00:03<00:00, 15.77it/s]
 85%|████████▍ | 67/79 [00:03<00:00, 15.89it/s]
 87%|████████▋ | 69/79 [00:03<00:00, 15.81it/s]
 92%|█████████▏| 73/79 [00:03<00:00, 20.62it/s]
 97%|█████████▋| 77/79 [00:04<00:00, 23.96it/s]
100%|██████████| 79/79 [00:04<00:00, 19.28it/s]

CommRound: 30/30
Accuracy: 88.98% | Loss: 0.3863
[############################################################] 100.0%
Elapsed: 5.4m | Avg/Round: 10.7s | Last: 11.9s | Next: 10.7s | Remaining: 0.0m
ETA: 03:27:29
Recent round times: R1: 10.5s -> R2: 10.0s -> R3: 11.6s -> R4: 11.6s -> R5: 11.9s
Total time for experiment: 322.14563846588135 seconds
Device average training time per communication round [s]:
    rpi (sld-rpi-09.ece.utexas.edu): 4.88 seconds
    mc1 (sld-mc1-09.ece.utexas.edu): 3.14 seconds
