Connecting to sld-rpi-09.ece.utexas.edu...
Successfully fetched dev0_pow_temp_log_exp233_run1.csv.
Connecting to sld-rpi-09.ece.utexas.edu...
Successfully fetched dev0_communication_log_exp233_run1.csv.
Connecting to sld-mc1-09.ece.utexas.edu...
Successfully fetched dev1_pow_temp_log_exp233_run1.csv.
Connecting to sld-mc1-09.ece.utexas.edu...
Successfully fetched dev1_communication_log_exp233_run1.csv.

Exp233
Experiment 233: 
	Global test accuracy [%]: 58.77 %
	No round found where all subsequent rounds have accuracy >= 90.00%.
	Average time per communication round [s]: 10.46 seconds
	Total wall clock time [s]: 206.44 seconds


Experiment 233:
	RPi avg. energy consumption per round [J]: 37.85 Joules
	MC1 avg. energy consumption per round [J]: 22.59 Joules
	Total avg. energy consumption per communication round [J]: 60.44 Joules
	Avg. amount of communicated data per communication round [MB]: 0.02 MB
	RPi avg. power consumption per round [W]: 5.45 Watts
	MC1 avg. power consumption per round [W]: 5.81 Watts
