Connecting to sld-rpi-09.ece.utexas.edu...
Successfully fetched dev0_pow_temp_log_exp138_run1.csv.
Connecting to sld-rpi-09.ece.utexas.edu...
Successfully fetched dev0_communication_log_exp138_run1.csv.
Connecting to sld-mc1-09.ece.utexas.edu...
Successfully fetched dev1_pow_temp_log_exp138_run1.csv.
Connecting to sld-mc1-09.ece.utexas.edu...
Successfully fetched dev1_communication_log_exp138_run1.csv.

Exp138
Experiment 138: 
	Global test accuracy [%]: 14.14 %
	No round found where all subsequent rounds have accuracy >= 90.00%.
	Average time per communication round [s]: 15.86 seconds
	Total wall clock time [s]: 458.54 seconds


Experiment 138:
	RPi avg. energy consumption per round [J]: 65.58 Joules
	MC1 avg. energy consumption per round [J]: 98.99 Joules
	Total avg. energy consumption per communication round [J]: 164.57 Joules
	Avg. amount of communicated data per communication round [MB]: 0.01 MB
	RPi avg. power consumption per round [W]: 5.53 Watts
	MC1 avg. power consumption per round [W]: 8.34 Watts
