Connecting to sld-rpi-09.ece.utexas.edu...
Successfully fetched dev0_pow_temp_log_exp219_run1.csv.
Connecting to sld-rpi-09.ece.utexas.edu...
Successfully fetched dev0_communication_log_exp219_run1.csv.
Connecting to sld-mc1-09.ece.utexas.edu...
Successfully fetched dev1_pow_temp_log_exp219_run1.csv.
Connecting to sld-mc1-09.ece.utexas.edu...
Successfully fetched dev1_communication_log_exp219_run1.csv.

Exp219
Experiment 219: 
	Global test accuracy [%]: 48.32 %
	No round found where all subsequent rounds have accuracy >= 90.00%.
	Average time per communication round [s]: 9.98 seconds
	Total wall clock time [s]: 307.14 seconds


Experiment 219:
	RPi avg. energy consumption per round [J]: 37.74 Joules
	MC1 avg. energy consumption per round [J]: 37.87 Joules
	Total avg. energy consumption per communication round [J]: 75.61 Joules
	Avg. amount of communicated data per communication round [MB]: 0.01 MB
	RPi avg. power consumption per round [W]: 5.39 Watts
	MC1 avg. power consumption per round [W]: 7.35 Watts
