Connecting to sld-rpi-09.ece.utexas.edu...
Successfully fetched dev0_pow_temp_log_exp122_run1.csv.
Connecting to sld-rpi-09.ece.utexas.edu...
Successfully fetched dev0_communication_log_exp122_run1.csv.
Connecting to sld-mc1-09.ece.utexas.edu...
Successfully fetched dev1_pow_temp_log_exp122_run1.csv.
Connecting to sld-mc1-09.ece.utexas.edu...
Successfully fetched dev1_communication_log_exp122_run1.csv.

Exp122
Experiment 122: 
	Global test accuracy [%]: 78.86 %
	No round found where all subsequent rounds have accuracy >= 90.00%.
	Average time per communication round [s]: 7.33 seconds
	Total wall clock time [s]: 236.58 seconds


Experiment 122:
	RPi avg. energy consumption per round [J]: 20.49 Joules
	MC1 avg. energy consumption per round [J]: 9.08 Joules
	Total avg. energy consumption per communication round [J]: 29.57 Joules
	Avg. amount of communicated data per communication round [MB]: 0.08 MB
	RPi avg. power consumption per round [W]: 4.88 Watts
	MC1 avg. power consumption per round [W]: 4.15 Watts
