
  0%|          | 0/79 [00:00<?, ?it/s]
  1%|▏         | 1/79 [00:00<00:14,  5.51it/s]
  6%|▋         | 5/79 [00:00<00:03, 19.20it/s]
 10%|█         | 8/79 [00:00<00:03, 19.38it/s]
 16%|█▋        | 13/79 [00:00<00:02, 24.79it/s]
 20%|██        | 16/79 [00:00<00:02, 22.87it/s]
 24%|██▍       | 19/79 [00:00<00:02, 21.26it/s]
 28%|██▊       | 22/79 [00:01<00:02, 19.09it/s]
 30%|███       | 24/79 [00:01<00:02, 18.87it/s]
 33%|███▎      | 26/79 [00:01<00:03, 17.62it/s]
 35%|███▌      | 28/79 [00:01<00:03, 16.61it/s]
 41%|████      | 32/79 [00:01<00:02, 19.67it/s]
 46%|████▌     | 36/79 [00:01<00:02, 19.85it/s]
 51%|█████     | 40/79 [00:02<00:02, 19.11it/s]
 54%|█████▍    | 43/79 [00:02<00:01, 20.34it/s]
 58%|█████▊    | 46/79 [00:02<00:01, 21.94it/s]
 63%|██████▎   | 50/79 [00:02<00:01, 22.14it/s]
 68%|██████▊   | 54/79 [00:02<00:01, 24.60it/s]
 73%|███████▎  | 58/79 [00:02<00:00, 27.00it/s]
 77%|███████▋  | 61/79 [00:02<00:00, 23.04it/s]
 84%|████████▎ | 66/79 [00:03<00:00, 26.33it/s]
 87%|████████▋ | 69/79 [00:03<00:00, 21.33it/s]
 91%|█████████ | 72/79 [00:03<00:00, 20.58it/s]
 95%|█████████▍| 75/79 [00:03<00:00, 20.66it/s]
 99%|█████████▊| 78/79 [00:03<00:00, 20.52it/s]
100%|██████████| 79/79 [00:03<00:00, 20.99it/s]
Initial Accuracy: 10.78%; Initial Loss: 2.3187

  0%|          | 0/79 [00:00<?, ?it/s]
  1%|▏         | 1/79 [00:00<00:17,  4.46it/s]
  6%|▋         | 5/79 [00:00<00:04, 16.70it/s]
 11%|█▏        | 9/79 [00:00<00:03, 18.86it/s]
 16%|█▋        | 13/79 [00:00<00:02, 23.50it/s]
 22%|██▏       | 17/79 [00:00<00:02, 24.65it/s]
 25%|██▌       | 20/79 [00:00<00:02, 23.95it/s]
 30%|███       | 24/79 [00:01<00:02, 22.51it/s]
 35%|███▌      | 28/79 [00:01<00:02, 22.98it/s]
 41%|████      | 32/79 [00:01<00:01, 23.85it/s]
 46%|████▌     | 36/79 [00:01<00:01, 24.34it/s]
 51%|█████     | 40/79 [00:01<00:01, 25.34it/s]
 56%|█████▌    | 44/79 [00:01<00:01, 24.63it/s]
 61%|██████    | 48/79 [00:02<00:01, 26.11it/s]
 65%|██████▍   | 51/79 [00:02<00:01, 22.35it/s]
 71%|███████   | 56/79 [00:02<00:00, 26.12it/s]
 76%|███████▌  | 60/79 [00:02<00:00, 25.68it/s]
 80%|███████▉  | 63/79 [00:02<00:00, 25.96it/s]
 84%|████████▎ | 66/79 [00:02<00:00, 22.40it/s]
 87%|████████▋ | 69/79 [00:02<00:00, 22.65it/s]
 91%|█████████ | 72/79 [00:03<00:00, 17.58it/s]
 96%|█████████▌| 76/79 [00:03<00:00, 18.72it/s]
100%|██████████| 79/79 [00:03<00:00, 22.66it/s]

CommRound: 1/30
Accuracy: 39.00% | Loss: 1.8225
[##----------------------------------------------------------] 3.3%
Elapsed: 0.8m | Avg/Round: 47.5s | Last: 43.7s | Next: 47.5s | Remaining: 23.0m
ETA: 18:53:32
Recent round times: R1: 43.7s

  0%|          | 0/79 [00:00<?, ?it/s]
  1%|▏         | 1/79 [00:00<00:13,  5.84it/s]
  6%|▋         | 5/79 [00:00<00:03, 20.61it/s]
 10%|█         | 8/79 [00:00<00:04, 17.72it/s]
 14%|█▍        | 11/79 [00:00<00:05, 12.02it/s]
 16%|█▋        | 13/79 [00:01<00:05, 11.65it/s]
 23%|██▎       | 18/79 [00:01<00:03, 18.49it/s]
 27%|██▋       | 21/79 [00:01<00:04, 13.08it/s]
 29%|██▉       | 23/79 [00:01<00:04, 12.42it/s]
 37%|███▋      | 29/79 [00:01<00:02, 19.09it/s]
 41%|████      | 32/79 [00:02<00:02, 19.14it/s]
 44%|████▍     | 35/79 [00:02<00:02, 19.16it/s]
 48%|████▊     | 38/79 [00:02<00:02, 19.96it/s]
 52%|█████▏    | 41/79 [00:02<00:01, 20.77it/s]
 57%|█████▋    | 45/79 [00:02<00:01, 21.16it/s]
 61%|██████    | 48/79 [00:02<00:01, 22.33it/s]
 65%|██████▍   | 51/79 [00:02<00:01, 20.68it/s]
 68%|██████▊   | 54/79 [00:03<00:01, 22.12it/s]
 72%|███████▏  | 57/79 [00:03<00:01, 17.96it/s]
 78%|███████▊  | 62/79 [00:03<00:00, 23.48it/s]
 82%|████████▏ | 65/79 [00:03<00:00, 16.96it/s]
 89%|████████▊ | 70/79 [00:03<00:00, 22.00it/s]
 92%|█████████▏| 73/79 [00:04<00:00, 18.21it/s]
 96%|█████████▌| 76/79 [00:04<00:00, 18.32it/s]
100%|██████████| 79/79 [00:04<00:00, 18.38it/s]
100%|██████████| 79/79 [00:04<00:00, 17.94it/s]

CommRound: 2/30
Accuracy: 65.56% | Loss: 0.9216
[####--------------------------------------------------------] 6.7%
Elapsed: 1.5m | Avg/Round: 45.8s | Last: 44.1s | Next: 45.8s | Remaining: 21.4m
ETA: 18:52:41
Recent round times: R1: 43.7s -> R2: 44.1s

  0%|          | 0/79 [00:00<?, ?it/s]
  1%|▏         | 1/79 [00:00<00:21,  3.55it/s]
  3%|▎         | 2/79 [00:00<00:14,  5.16it/s]
  4%|▍         | 3/79 [00:00<00:12,  5.86it/s]
  5%|▌         | 4/79 [00:00<00:12,  6.17it/s]
  6%|▋         | 5/79 [00:00<00:11,  6.43it/s]
  8%|▊         | 6/79 [00:00<00:11,  6.63it/s]
  9%|▉         | 7/79 [00:01<00:10,  6.69it/s]
 10%|█         | 8/79 [00:01<00:10,  6.70it/s]
 11%|█▏        | 9/79 [00:01<00:10,  6.74it/s]
 13%|█▎        | 10/79 [00:01<00:10,  6.77it/s]
 14%|█▍        | 11/79 [00:01<00:10,  6.67it/s]
 15%|█▌        | 12/79 [00:01<00:09,  6.75it/s]
 16%|█▋        | 13/79 [00:01<00:08,  7.35it/s]
 19%|█▉        | 15/79 [00:02<00:06, 10.06it/s]
 22%|██▏       | 17/79 [00:02<00:07,  8.61it/s]
 24%|██▍       | 19/79 [00:02<00:05, 10.28it/s]
 27%|██▋       | 21/79 [00:02<00:06,  8.97it/s]
 29%|██▉       | 23/79 [00:03<00:06,  8.13it/s]
 32%|███▏      | 25/79 [00:03<00:05,  9.04it/s]
 37%|███▋      | 29/79 [00:03<00:03, 14.27it/s]
 39%|███▉      | 31/79 [00:03<00:03, 13.81it/s]
 42%|████▏     | 33/79 [00:03<00:04, 11.05it/s]
 47%|████▋     | 37/79 [00:03<00:02, 14.39it/s]
 51%|█████     | 40/79 [00:04<00:02, 15.15it/s]
 56%|█████▌    | 44/79 [00:04<00:01, 19.60it/s]
 59%|█████▉    | 47/79 [00:04<00:01, 21.00it/s]
 63%|██████▎   | 50/79 [00:04<00:01, 22.99it/s]
 67%|██████▋   | 53/79 [00:04<00:01, 22.10it/s]
 71%|███████   | 56/79 [00:04<00:01, 22.45it/s]
 76%|███████▌  | 60/79 [00:04<00:00, 22.32it/s]
 81%|████████  | 64/79 [00:05<00:00, 22.68it/s]
 86%|████████▌ | 68/79 [00:05<00:00, 23.74it/s]
 90%|████████▉ | 71/79 [00:05<00:00, 24.94it/s]
 94%|█████████▎| 74/79 [00:05<00:00, 23.02it/s]
 99%|█████████▊| 78/79 [00:05<00:00, 24.81it/s]
100%|██████████| 79/79 [00:05<00:00, 13.93it/s]

CommRound: 3/30
Accuracy: 75.22% | Loss: 0.7075
[######------------------------------------------------------] 10.0%
Elapsed: 2.3m | Avg/Round: 45.0s | Last: 43.5s | Next: 45.0s | Remaining: 20.3m
ETA: 18:52:18
Recent round times: R1: 43.7s -> R2: 44.1s -> R3: 43.5s

  0%|          | 0/79 [00:00<?, ?it/s]
  1%|▏         | 1/79 [00:00<00:11,  6.99it/s]
  3%|▎         | 2/79 [00:00<00:10,  7.28it/s]
  4%|▍         | 3/79 [00:00<00:10,  7.60it/s]
  9%|▉         | 7/79 [00:00<00:05, 13.16it/s]
 11%|█▏        | 9/79 [00:00<00:06, 11.49it/s]
 15%|█▌        | 12/79 [00:01<00:05, 12.77it/s]
 18%|█▊        | 14/79 [00:01<00:06, 10.34it/s]
 20%|██        | 16/79 [00:01<00:06,  9.06it/s]
 23%|██▎       | 18/79 [00:01<00:06,  9.36it/s]
 24%|██▍       | 19/79 [00:01<00:06,  8.83it/s]
 25%|██▌       | 20/79 [00:02<00:07,  8.39it/s]
 27%|██▋       | 21/79 [00:02<00:07,  8.02it/s]
 28%|██▊       | 22/79 [00:02<00:07,  7.74it/s]
 29%|██▉       | 23/79 [00:02<00:07,  7.58it/s]
 30%|███       | 24/79 [00:02<00:07,  7.62it/s]
 33%|███▎      | 26/79 [00:02<00:05,  9.04it/s]
 34%|███▍      | 27/79 [00:02<00:06,  8.53it/s]
 35%|███▌      | 28/79 [00:03<00:06,  8.05it/s]
 37%|███▋      | 29/79 [00:03<00:06,  7.79it/s]
 38%|███▊      | 30/79 [00:03<00:06,  7.61it/s]
 42%|████▏     | 33/79 [00:03<00:03, 12.11it/s]
 44%|████▍     | 35/79 [00:03<00:03, 11.81it/s]
 47%|████▋     | 37/79 [00:03<00:03, 13.23it/s]
 49%|████▉     | 39/79 [00:04<00:03, 10.51it/s]
 52%|█████▏    | 41/79 [00:04<00:03, 10.29it/s]
 57%|█████▋    | 45/79 [00:04<00:02, 14.11it/s]
 59%|█████▉    | 47/79 [00:04<00:02, 13.65it/s]
 63%|██████▎   | 50/79 [00:04<00:02, 14.36it/s]
 68%|██████▊   | 54/79 [00:04<00:01, 19.28it/s]
 72%|███████▏  | 57/79 [00:05<00:01, 17.18it/s]
 76%|███████▌  | 60/79 [00:05<00:01, 17.58it/s]
 78%|███████▊  | 62/79 [00:05<00:01, 16.06it/s]
 81%|████████  | 64/79 [00:05<00:00, 16.60it/s]
 84%|████████▎ | 66/79 [00:05<00:00, 14.41it/s]
 86%|████████▌ | 68/79 [00:06<00:00, 11.30it/s]
 90%|████████▉ | 71/79 [00:06<00:00, 13.71it/s]
 96%|█████████▌| 76/79 [00:06<00:00, 20.33it/s]
100%|██████████| 79/79 [00:06<00:00, 12.42it/s]

CommRound: 4/30
Accuracy: 77.46% | Loss: 0.7004
[########----------------------------------------------------] 13.3%
Elapsed: 3.2m | Avg/Round: 48.1s | Last: 57.5s | Next: 48.1s | Remaining: 20.9m
ETA: 18:53:51
Recent round times: R1: 43.7s -> R2: 44.1s -> R3: 43.5s -> R4: 57.5s

  0%|          | 0/79 [00:00<?, ?it/s]
  1%|▏         | 1/79 [00:00<00:08,  8.97it/s]
  8%|▊         | 6/79 [00:00<00:02, 28.00it/s]
 13%|█▎        | 10/79 [00:00<00:02, 31.54it/s]
 18%|█▊        | 14/79 [00:00<00:01, 33.09it/s]
 23%|██▎       | 18/79 [00:00<00:01, 33.60it/s]
 28%|██▊       | 22/79 [00:00<00:01, 33.13it/s]
 33%|███▎      | 26/79 [00:00<00:01, 33.41it/s]
 38%|███▊      | 30/79 [00:00<00:01, 34.39it/s]
 43%|████▎     | 34/79 [00:01<00:01, 34.71it/s]
 48%|████▊     | 38/79 [00:01<00:01, 35.21it/s]
 53%|█████▎    | 42/79 [00:01<00:01, 35.78it/s]
 58%|█████▊    | 46/79 [00:01<00:00, 36.49it/s]
 63%|██████▎   | 50/79 [00:01<00:00, 36.94it/s]
 68%|██████▊   | 54/79 [00:01<00:00, 37.17it/s]
 73%|███████▎  | 58/79 [00:01<00:00, 37.38it/s]
 78%|███████▊  | 62/79 [00:01<00:00, 37.46it/s]
 84%|████████▎ | 66/79 [00:01<00:00, 37.43it/s]
 89%|████████▊ | 70/79 [00:02<00:00, 37.32it/s]
 94%|█████████▎| 74/79 [00:02<00:00, 37.00it/s]
 99%|█████████▊| 78/79 [00:02<00:00, 37.18it/s]
100%|██████████| 79/79 [00:02<00:00, 35.36it/s]

CommRound: 5/30
Accuracy: 80.50% | Loss: 0.6395
[##########--------------------------------------------------] 16.7%
Elapsed: 3.8m | Avg/Round: 45.9s | Last: 36.9s | Next: 45.9s | Remaining: 19.1m
ETA: 18:52:44
Recent round times: R1: 43.7s -> R2: 44.1s -> R3: 43.5s -> R4: 57.5s -> R5: 36.9s

  0%|          | 0/79 [00:00<?, ?it/s]
  1%|▏         | 1/79 [00:00<00:09,  8.07it/s]
  8%|▊         | 6/79 [00:00<00:02, 29.75it/s]
 13%|█▎        | 10/79 [00:00<00:02, 32.63it/s]
 18%|█▊        | 14/79 [00:00<00:02, 29.96it/s]
 23%|██▎       | 18/79 [00:00<00:02, 30.12it/s]
 28%|██▊       | 22/79 [00:00<00:01, 30.73it/s]
 33%|███▎      | 26/79 [00:00<00:01, 30.90it/s]
 38%|███▊      | 30/79 [00:01<00:01, 31.01it/s]
 43%|████▎     | 34/79 [00:01<00:01, 30.70it/s]
 48%|████▊     | 38/79 [00:01<00:01, 30.78it/s]
 53%|█████▎    | 42/79 [00:01<00:01, 31.61it/s]
 58%|█████▊    | 46/79 [00:01<00:01, 32.24it/s]
 63%|██████▎   | 50/79 [00:01<00:00, 32.63it/s]
 68%|██████▊   | 54/79 [00:01<00:00, 33.12it/s]
 73%|███████▎  | 58/79 [00:01<00:00, 33.43it/s]
 78%|███████▊  | 62/79 [00:01<00:00, 33.45it/s]
 84%|████████▎ | 66/79 [00:02<00:00, 33.53it/s]
 89%|████████▊ | 70/79 [00:02<00:00, 33.53it/s]
 94%|█████████▎| 74/79 [00:02<00:00, 33.79it/s]
 99%|█████████▊| 78/79 [00:02<00:00, 33.80it/s]
100%|██████████| 79/79 [00:02<00:00, 31.98it/s]

CommRound: 6/30
Accuracy: 82.18% | Loss: 0.5911
[############------------------------------------------------] 20.0%
Elapsed: 4.6m | Avg/Round: 45.9s | Last: 46.1s | Next: 45.9s | Remaining: 18.4m
ETA: 18:52:45
Recent round times: R1: 44.1s -> R2: 43.5s -> R3: 57.5s -> R4: 36.9s -> R5: 46.1s

  0%|          | 0/79 [00:00<?, ?it/s]
  1%|▏         | 1/79 [00:00<00:08,  9.26it/s]
  6%|▋         | 5/79 [00:00<00:02, 24.82it/s]
 11%|█▏        | 9/79 [00:00<00:02, 29.83it/s]
 16%|█▋        | 13/79 [00:00<00:02, 31.77it/s]
 22%|██▏       | 17/79 [00:00<00:01, 33.44it/s]
 27%|██▋       | 21/79 [00:00<00:01, 34.64it/s]
 32%|███▏      | 25/79 [00:00<00:01, 34.93it/s]
 37%|███▋      | 29/79 [00:00<00:01, 34.82it/s]
 42%|████▏     | 33/79 [00:01<00:01, 34.51it/s]
 47%|████▋     | 37/79 [00:01<00:01, 34.44it/s]
 52%|█████▏    | 41/79 [00:01<00:01, 34.71it/s]
 57%|█████▋    | 45/79 [00:01<00:00, 34.81it/s]
 62%|██████▏   | 49/79 [00:01<00:00, 35.21it/s]
 67%|██████▋   | 53/79 [00:01<00:00, 36.11it/s]
 72%|███████▏  | 57/79 [00:01<00:00, 36.71it/s]
 77%|███████▋  | 61/79 [00:01<00:00, 37.18it/s]
 82%|████████▏ | 65/79 [00:01<00:00, 37.51it/s]
 87%|████████▋ | 69/79 [00:01<00:00, 37.39it/s]
 92%|█████████▏| 73/79 [00:02<00:00, 37.71it/s]
 97%|█████████▋| 77/79 [00:02<00:00, 38.03it/s]
100%|██████████| 79/79 [00:02<00:00, 34.95it/s]

CommRound: 7/30
Accuracy: 82.47% | Loss: 0.5788
[##############----------------------------------------------] 23.3%
Elapsed: 5.3m | Avg/Round: 45.4s | Last: 42.3s | Next: 45.4s | Remaining: 17.4m
ETA: 18:52:29
Recent round times: R1: 43.5s -> R2: 57.5s -> R3: 36.9s -> R4: 46.1s -> R5: 42.3s

  0%|          | 0/79 [00:00<?, ?it/s]
  1%|▏         | 1/79 [00:00<00:08,  9.19it/s]
  8%|▊         | 6/79 [00:00<00:02, 31.41it/s]
 13%|█▎        | 10/79 [00:00<00:02, 32.93it/s]
 18%|█▊        | 14/79 [00:00<00:01, 33.85it/s]
 23%|██▎       | 18/79 [00:00<00:01, 34.16it/s]
 28%|██▊       | 22/79 [00:00<00:01, 34.48it/s]
 33%|███▎      | 26/79 [00:00<00:01, 34.31it/s]
 38%|███▊      | 30/79 [00:00<00:01, 34.77it/s]
 43%|████▎     | 34/79 [00:01<00:01, 34.30it/s]
 48%|████▊     | 38/79 [00:01<00:01, 34.61it/s]
 53%|█████▎    | 42/79 [00:01<00:01, 35.07it/s]
 58%|█████▊    | 46/79 [00:01<00:00, 34.81it/s]
 63%|██████▎   | 50/79 [00:01<00:00, 34.68it/s]
 68%|██████▊   | 54/79 [00:01<00:00, 34.24it/s]
 73%|███████▎  | 58/79 [00:01<00:00, 33.99it/s]
 78%|███████▊  | 62/79 [00:01<00:00, 34.52it/s]
 84%|████████▎ | 66/79 [00:01<00:00, 34.98it/s]
 89%|████████▊ | 70/79 [00:02<00:00, 34.92it/s]
 94%|█████████▎| 74/79 [00:02<00:00, 33.28it/s]
100%|██████████| 79/79 [00:02<00:00, 37.47it/s]
100%|██████████| 79/79 [00:02<00:00, 34.25it/s]

CommRound: 8/30
Accuracy: 77.78% | Loss: 0.7325
[################--------------------------------------------] 26.7%
Elapsed: 6.0m | Avg/Round: 45.3s | Last: 44.1s | Next: 45.3s | Remaining: 16.6m
ETA: 18:52:24
Recent round times: R1: 57.5s -> R2: 36.9s -> R3: 46.1s -> R4: 42.3s -> R5: 44.1s

  0%|          | 0/79 [00:00<?, ?it/s]
  1%|▏         | 1/79 [00:00<00:08,  9.23it/s]
  5%|▌         | 4/79 [00:00<00:03, 21.03it/s]
 10%|█         | 8/79 [00:00<00:02, 27.12it/s]
 15%|█▌        | 12/79 [00:00<00:02, 30.31it/s]
 20%|██        | 16/79 [00:00<00:01, 32.33it/s]
 25%|██▌       | 20/79 [00:00<00:01, 33.00it/s]
 30%|███       | 24/79 [00:00<00:01, 34.03it/s]
 35%|███▌      | 28/79 [00:00<00:01, 34.55it/s]
 41%|████      | 32/79 [00:01<00:01, 34.71it/s]
 46%|████▌     | 36/79 [00:01<00:01, 32.48it/s]
 51%|█████     | 40/79 [00:01<00:01, 32.96it/s]
 56%|█████▌    | 44/79 [00:01<00:01, 33.29it/s]
 61%|██████    | 48/79 [00:01<00:00, 33.39it/s]
 66%|██████▌   | 52/79 [00:01<00:00, 33.71it/s]
 71%|███████   | 56/79 [00:01<00:00, 33.96it/s]
 76%|███████▌  | 60/79 [00:01<00:00, 34.20it/s]
 81%|████████  | 64/79 [00:01<00:00, 34.20it/s]
 86%|████████▌ | 68/79 [00:02<00:00, 33.69it/s]
 91%|█████████ | 72/79 [00:02<00:00, 34.34it/s]
 96%|█████████▌| 76/79 [00:02<00:00, 35.16it/s]
100%|██████████| 79/79 [00:02<00:00, 33.05it/s]

CommRound: 9/30
Accuracy: 81.25% | Loss: 0.6457
[##################------------------------------------------] 30.0%
Elapsed: 6.9m | Avg/Round: 45.7s | Last: 49.6s | Next: 45.7s | Remaining: 16.0m
ETA: 18:52:39
Recent round times: R1: 36.9s -> R2: 46.1s -> R3: 42.3s -> R4: 44.1s -> R5: 49.6s

  0%|          | 0/79 [00:00<?, ?it/s]
  1%|▏         | 1/79 [00:00<00:10,  7.70it/s]
  5%|▌         | 4/79 [00:00<00:03, 19.02it/s]
 10%|█         | 8/79 [00:00<00:02, 25.73it/s]
 15%|█▌        | 12/79 [00:00<00:02, 28.86it/s]
 20%|██        | 16/79 [00:00<00:02, 29.76it/s]
 25%|██▌       | 20/79 [00:00<00:01, 31.14it/s]
 30%|███       | 24/79 [00:00<00:01, 32.11it/s]
 35%|███▌      | 28/79 [00:00<00:01, 32.86it/s]
 41%|████      | 32/79 [00:01<00:01, 33.26it/s]
 46%|████▌     | 36/79 [00:01<00:01, 33.59it/s]
 51%|█████     | 40/79 [00:01<00:01, 33.60it/s]
 56%|█████▌    | 44/79 [00:01<00:01, 33.39it/s]
 61%|██████    | 48/79 [00:01<00:00, 33.21it/s]
 66%|██████▌   | 52/79 [00:01<00:00, 33.04it/s]
 71%|███████   | 56/79 [00:01<00:00, 33.34it/s]
 76%|███████▌  | 60/79 [00:01<00:00, 33.14it/s]
 81%|████████  | 64/79 [00:02<00:00, 32.99it/s]
 86%|████████▌ | 68/79 [00:02<00:00, 33.20it/s]
 91%|█████████ | 72/79 [00:02<00:00, 33.21it/s]
 96%|█████████▌| 76/79 [00:02<00:00, 33.68it/s]
100%|██████████| 79/79 [00:02<00:00, 32.12it/s]

CommRound: 10/30
Accuracy: 82.45% | Loss: 0.6305
[####################----------------------------------------] 33.3%
Elapsed: 7.7m | Avg/Round: 46.2s | Last: 50.8s | Next: 46.2s | Remaining: 15.4m
ETA: 18:52:54
Recent round times: R1: 46.1s -> R2: 42.3s -> R3: 44.1s -> R4: 49.6s -> R5: 50.8s

  0%|          | 0/79 [00:00<?, ?it/s]
  1%|▏         | 1/79 [00:00<00:19,  4.01it/s]
  6%|▋         | 5/79 [00:00<00:04, 16.33it/s]
 10%|█         | 8/79 [00:00<00:07,  9.01it/s]
 13%|█▎        | 10/79 [00:01<00:08,  8.23it/s]
 15%|█▌        | 12/79 [00:01<00:06,  9.92it/s]
 20%|██        | 16/79 [00:01<00:04, 15.11it/s]
 24%|██▍       | 19/79 [00:01<00:04, 12.59it/s]
 32%|███▏      | 25/79 [00:01<00:02, 18.46it/s]
 37%|███▋      | 29/79 [00:01<00:02, 21.03it/s]
 42%|████▏     | 33/79 [00:02<00:02, 21.73it/s]
 47%|████▋     | 37/79 [00:02<00:01, 22.83it/s]
 51%|█████     | 40/79 [00:02<00:01, 23.44it/s]
 57%|█████▋    | 45/79 [00:02<00:01, 27.99it/s]
 62%|██████▏   | 49/79 [00:02<00:01, 28.32it/s]
 66%|██████▌   | 52/79 [00:02<00:01, 22.82it/s]
 72%|███████▏  | 57/79 [00:03<00:00, 25.17it/s]
 76%|███████▌  | 60/79 [00:03<00:00, 21.95it/s]
 80%|███████▉  | 63/79 [00:03<00:01, 14.22it/s]
 82%|████████▏ | 65/79 [00:03<00:01, 12.03it/s]
 89%|████████▊ | 70/79 [00:04<00:00, 17.34it/s]
 92%|█████████▏| 73/79 [00:04<00:00, 18.86it/s]
 96%|█████████▌| 76/79 [00:04<00:00, 14.96it/s]
100%|██████████| 79/79 [00:04<00:00, 14.53it/s]
100%|██████████| 79/79 [00:04<00:00, 16.72it/s]

CommRound: 11/30
Accuracy: 85.46% | Loss: 0.5305
[######################--------------------------------------] 36.7%
Elapsed: 8.4m | Avg/Round: 46.1s | Last: 44.5s | Next: 46.1s | Remaining: 14.6m
ETA: 18:52:50
Recent round times: R1: 42.3s -> R2: 44.1s -> R3: 49.6s -> R4: 50.8s -> R5: 44.5s

  0%|          | 0/79 [00:00<?, ?it/s]
  1%|▏         | 1/79 [00:00<00:20,  3.73it/s]
  3%|▎         | 2/79 [00:00<00:13,  5.69it/s]
  9%|▉         | 7/79 [00:00<00:03, 18.41it/s]
 13%|█▎        | 10/79 [00:00<00:03, 17.66it/s]
 15%|█▌        | 12/79 [00:00<00:04, 15.72it/s]
 20%|██        | 16/79 [00:01<00:03, 17.50it/s]
 23%|██▎       | 18/79 [00:01<00:03, 17.69it/s]
 28%|██▊       | 22/79 [00:01<00:02, 21.06it/s]
 33%|███▎      | 26/79 [00:01<00:02, 23.16it/s]
 38%|███▊      | 30/79 [00:01<00:02, 24.20it/s]
 43%|████▎     | 34/79 [00:01<00:01, 23.53it/s]
 47%|████▋     | 37/79 [00:01<00:01, 22.28it/s]
 54%|█████▍    | 43/79 [00:02<00:01, 29.62it/s]
 59%|█████▉    | 47/79 [00:02<00:01, 24.11it/s]
 63%|██████▎   | 50/79 [00:02<00:01, 20.87it/s]
 68%|██████▊   | 54/79 [00:02<00:01, 19.02it/s]
 76%|███████▌  | 60/79 [00:02<00:00, 24.43it/s]
 80%|███████▉  | 63/79 [00:03<00:00, 21.72it/s]
 85%|████████▍ | 67/79 [00:03<00:00, 24.55it/s]
 89%|████████▊ | 70/79 [00:03<00:00, 23.10it/s]
 92%|█████████▏| 73/79 [00:03<00:00, 24.35it/s]
 96%|█████████▌| 76/79 [00:03<00:00, 24.04it/s]
100%|██████████| 79/79 [00:03<00:00, 23.15it/s]
100%|██████████| 79/79 [00:03<00:00, 21.15it/s]

CommRound: 12/30
Accuracy: 86.69% | Loss: 0.4918
[########################------------------------------------] 40.0%
Elapsed: 9.2m | Avg/Round: 46.1s | Last: 46.1s | Next: 46.1s | Remaining: 13.8m
ETA: 18:52:50
Recent round times: R1: 44.1s -> R2: 49.6s -> R3: 50.8s -> R4: 44.5s -> R5: 46.1s

  0%|          | 0/79 [00:00<?, ?it/s]
  1%|▏         | 1/79 [00:00<00:15,  4.88it/s]
  5%|▌         | 4/79 [00:00<00:04, 15.15it/s]
  8%|▊         | 6/79 [00:00<00:04, 15.54it/s]
 10%|█         | 8/79 [00:00<00:04, 16.48it/s]
 13%|█▎        | 10/79 [00:00<00:03, 17.34it/s]
 15%|█▌        | 12/79 [00:00<00:03, 17.98it/s]
 18%|█▊        | 14/79 [00:00<00:04, 14.48it/s]
 24%|██▍       | 19/79 [00:01<00:02, 22.04it/s]
 28%|██▊       | 22/79 [00:01<00:02, 20.83it/s]
 32%|███▏      | 25/79 [00:01<00:02, 18.50it/s]
 34%|███▍      | 27/79 [00:01<00:03, 17.25it/s]
 37%|███▋      | 29/79 [00:01<00:02, 17.68it/s]
 41%|████      | 32/79 [00:01<00:02, 19.84it/s]
 44%|████▍     | 35/79 [00:02<00:03, 13.50it/s]
 47%|████▋     | 37/79 [00:02<00:03, 11.72it/s]
 49%|████▉     | 39/79 [00:02<00:03, 12.06it/s]
 52%|█████▏    | 41/79 [00:02<00:03, 10.70it/s]
 57%|█████▋    | 45/79 [00:03<00:02, 13.29it/s]
 59%|█████▉    | 47/79 [00:03<00:02, 13.29it/s]
 63%|██████▎   | 50/79 [00:03<00:01, 14.82it/s]
 66%|██████▌   | 52/79 [00:03<00:02, 11.70it/s]
 70%|██████▉   | 55/79 [00:03<00:01, 12.95it/s]
 77%|███████▋  | 61/79 [00:03<00:00, 19.26it/s]
 81%|████████  | 64/79 [00:04<00:01, 13.65it/s]
 84%|████████▎ | 66/79 [00:04<00:00, 14.21it/s]
 86%|████████▌ | 68/79 [00:04<00:00, 14.43it/s]
 91%|█████████ | 72/79 [00:04<00:00, 18.94it/s]
 95%|█████████▍| 75/79 [00:04<00:00, 18.97it/s]
 99%|█████████▊| 78/79 [00:05<00:00, 12.28it/s]
100%|██████████| 79/79 [00:05<00:00, 14.72it/s]

CommRound: 13/30
Accuracy: 87.88% | Loss: 0.4494
[##########################----------------------------------] 43.3%
Elapsed: 9.9m | Avg/Round: 45.8s | Last: 41.8s | Next: 45.8s | Remaining: 13.0m
ETA: 18:52:40
Recent round times: R1: 49.6s -> R2: 50.8s -> R3: 44.5s -> R4: 46.1s -> R5: 41.8s

  0%|          | 0/79 [00:00<?, ?it/s]
  1%|▏         | 1/79 [00:00<00:09,  8.22it/s]
  6%|▋         | 5/79 [00:00<00:02, 25.30it/s]
 11%|█▏        | 9/79 [00:00<00:02, 29.32it/s]
 16%|█▋        | 13/79 [00:00<00:02, 30.62it/s]
 22%|██▏       | 17/79 [00:00<00:02, 30.79it/s]
 27%|██▋       | 21/79 [00:00<00:01, 31.30it/s]
 32%|███▏      | 25/79 [00:00<00:02, 22.73it/s]
 35%|███▌      | 28/79 [00:01<00:02, 19.07it/s]
 39%|███▉      | 31/79 [00:01<00:02, 19.23it/s]
 47%|████▋     | 37/79 [00:01<00:01, 24.47it/s]
 52%|█████▏    | 41/79 [00:01<00:01, 25.57it/s]
 56%|█████▌    | 44/79 [00:01<00:01, 25.77it/s]
 61%|██████    | 48/79 [00:01<00:01, 28.87it/s]
 66%|██████▌   | 52/79 [00:02<00:00, 28.88it/s]
 71%|███████   | 56/79 [00:02<00:00, 30.29it/s]
 76%|███████▌  | 60/79 [00:02<00:01, 15.56it/s]
 80%|███████▉  | 63/79 [00:03<00:01, 13.04it/s]
 82%|████████▏ | 65/79 [00:03<00:01, 12.43it/s]
 85%|████████▍ | 67/79 [00:03<00:00, 12.46it/s]
 92%|█████████▏| 73/79 [00:03<00:00, 19.98it/s]
 96%|█████████▌| 76/79 [00:03<00:00, 20.85it/s]
100%|██████████| 79/79 [00:03<00:00, 21.50it/s]

CommRound: 14/30
Accuracy: 87.98% | Loss: 0.4428
[############################--------------------------------] 46.7%
Elapsed: 10.7m | Avg/Round: 46.0s | Last: 49.1s | Next: 46.0s | Remaining: 12.3m
ETA: 18:52:47
Recent round times: R1: 50.8s -> R2: 44.5s -> R3: 46.1s -> R4: 41.8s -> R5: 49.1s

  0%|          | 0/79 [00:00<?, ?it/s]
  1%|▏         | 1/79 [00:00<00:08,  9.42it/s]
  8%|▊         | 6/79 [00:00<00:02, 30.02it/s]
 13%|█▎        | 10/79 [00:00<00:02, 33.22it/s]
 18%|█▊        | 14/79 [00:00<00:02, 31.46it/s]
 23%|██▎       | 18/79 [00:00<00:01, 32.82it/s]
 28%|██▊       | 22/79 [00:00<00:01, 33.81it/s]
 33%|███▎      | 26/79 [00:00<00:01, 29.43it/s]
 39%|███▉      | 31/79 [00:00<00:01, 33.67it/s]
 44%|████▍     | 35/79 [00:01<00:01, 34.60it/s]
 49%|████▉     | 39/79 [00:01<00:01, 34.96it/s]
 54%|█████▍    | 43/79 [00:01<00:01, 35.48it/s]
 59%|█████▉    | 47/79 [00:01<00:00, 35.93it/s]
 65%|██████▍   | 51/79 [00:01<00:00, 35.77it/s]
 70%|██████▉   | 55/79 [00:01<00:00, 36.00it/s]
 75%|███████▍  | 59/79 [00:01<00:00, 36.26it/s]
 80%|███████▉  | 63/79 [00:01<00:00, 35.99it/s]
 85%|████████▍ | 67/79 [00:01<00:00, 35.83it/s]
 90%|████████▉ | 71/79 [00:02<00:00, 36.19it/s]
 95%|█████████▍| 75/79 [00:02<00:00, 36.15it/s]
100%|██████████| 79/79 [00:02<00:00, 34.84it/s]

CommRound: 15/30
Accuracy: 87.72% | Loss: 0.4557
[##############################------------------------------] 50.0%
Elapsed: 11.4m | Avg/Round: 45.6s | Last: 40.2s | Next: 45.6s | Remaining: 11.4m
ETA: 18:52:35
Recent round times: R1: 44.5s -> R2: 46.1s -> R3: 41.8s -> R4: 49.1s -> R5: 40.2s

  0%|          | 0/79 [00:00<?, ?it/s]
  1%|▏         | 1/79 [00:00<00:08,  9.00it/s]
  5%|▌         | 4/79 [00:00<00:03, 20.08it/s]
  9%|▉         | 7/79 [00:00<00:03, 22.40it/s]
 13%|█▎        | 10/79 [00:00<00:02, 24.72it/s]
 16%|█▋        | 13/79 [00:00<00:02, 23.89it/s]
 22%|██▏       | 17/79 [00:00<00:02, 26.56it/s]
 27%|██▋       | 21/79 [00:00<00:01, 29.72it/s]
 32%|███▏      | 25/79 [00:00<00:01, 32.03it/s]
 37%|███▋      | 29/79 [00:01<00:01, 33.70it/s]
 42%|████▏     | 33/79 [00:01<00:01, 34.82it/s]
 47%|████▋     | 37/79 [00:01<00:01, 35.48it/s]
 52%|█████▏    | 41/79 [00:01<00:01, 35.48it/s]
 57%|█████▋    | 45/79 [00:01<00:00, 35.89it/s]
 62%|██████▏   | 49/79 [00:01<00:00, 36.32it/s]
 67%|██████▋   | 53/79 [00:01<00:00, 36.12it/s]
 72%|███████▏  | 57/79 [00:01<00:00, 36.88it/s]
 77%|███████▋  | 61/79 [00:01<00:00, 36.87it/s]
 82%|████████▏ | 65/79 [00:01<00:00, 36.93it/s]
 87%|████████▋ | 69/79 [00:02<00:00, 36.00it/s]
 92%|█████████▏| 73/79 [00:02<00:00, 33.63it/s]
 97%|█████████▋| 77/79 [00:02<00:00, 33.74it/s]
100%|██████████| 79/79 [00:02<00:00, 33.00it/s]

CommRound: 16/30
Accuracy: 87.67% | Loss: 0.4573
[################################----------------------------] 53.3%
Elapsed: 12.2m | Avg/Round: 45.7s | Last: 47.5s | Next: 45.7s | Remaining: 10.7m
ETA: 18:52:39
Recent round times: R1: 46.1s -> R2: 41.8s -> R3: 49.1s -> R4: 40.2s -> R5: 47.5s

  0%|          | 0/79 [00:00<?, ?it/s]
  1%|▏         | 1/79 [00:00<00:09,  8.57it/s]
  6%|▋         | 5/79 [00:00<00:03, 23.29it/s]
 11%|█▏        | 9/79 [00:00<00:02, 26.26it/s]
 16%|█▋        | 13/79 [00:00<00:02, 28.18it/s]
 22%|██▏       | 17/79 [00:00<00:02, 28.49it/s]
 27%|██▋       | 21/79 [00:00<00:02, 27.16it/s]
 32%|███▏      | 25/79 [00:00<00:02, 26.26it/s]
 37%|███▋      | 29/79 [00:01<00:02, 24.97it/s]
 42%|████▏     | 33/79 [00:01<00:01, 24.82it/s]
 47%|████▋     | 37/79 [00:01<00:01, 24.07it/s]
 52%|█████▏    | 41/79 [00:01<00:01, 23.08it/s]
 57%|█████▋    | 45/79 [00:01<00:01, 25.73it/s]
 62%|██████▏   | 49/79 [00:01<00:01, 27.61it/s]
 67%|██████▋   | 53/79 [00:02<00:00, 29.04it/s]
 72%|███████▏  | 57/79 [00:02<00:00, 30.10it/s]
 77%|███████▋  | 61/79 [00:02<00:00, 31.09it/s]
 82%|████████▏ | 65/79 [00:02<00:00, 31.84it/s]
 87%|████████▋ | 69/79 [00:02<00:00, 30.75it/s]
 92%|█████████▏| 73/79 [00:02<00:00, 31.93it/s]
 97%|█████████▋| 77/79 [00:02<00:00, 33.27it/s]
100%|██████████| 79/79 [00:02<00:00, 28.51it/s]

CommRound: 17/30
Accuracy: 87.70% | Loss: 0.4548
[##################################--------------------------] 56.7%
Elapsed: 12.9m | Avg/Round: 45.6s | Last: 42.9s | Next: 45.6s | Remaining: 9.9m
ETA: 18:52:34
Recent round times: R1: 41.8s -> R2: 49.1s -> R3: 40.2s -> R4: 47.5s -> R5: 42.9s

  0%|          | 0/79 [00:00<?, ?it/s]
  1%|▏         | 1/79 [00:00<00:09,  8.35it/s]
  8%|▊         | 6/79 [00:00<00:02, 28.36it/s]
 11%|█▏        | 9/79 [00:00<00:02, 26.49it/s]
 16%|█▋        | 13/79 [00:00<00:02, 29.76it/s]
 20%|██        | 16/79 [00:00<00:02, 29.66it/s]
 25%|██▌       | 20/79 [00:00<00:01, 30.68it/s]
 30%|███       | 24/79 [00:00<00:01, 32.71it/s]
 35%|███▌      | 28/79 [00:00<00:01, 33.51it/s]
 41%|████      | 32/79 [00:01<00:01, 34.06it/s]
 46%|████▌     | 36/79 [00:01<00:01, 34.60it/s]
 51%|█████     | 40/79 [00:01<00:01, 35.11it/s]
 56%|█████▌    | 44/79 [00:01<00:01, 30.29it/s]
 62%|██████▏   | 49/79 [00:01<00:00, 33.62it/s]
 67%|██████▋   | 53/79 [00:01<00:00, 33.80it/s]
 72%|███████▏  | 57/79 [00:01<00:00, 33.05it/s]
 77%|███████▋  | 61/79 [00:01<00:00, 33.35it/s]
 82%|████████▏ | 65/79 [00:02<00:00, 33.75it/s]
 87%|████████▋ | 69/79 [00:02<00:00, 33.92it/s]
 92%|█████████▏| 73/79 [00:02<00:00, 34.06it/s]
 97%|█████████▋| 77/79 [00:02<00:00, 33.56it/s]
100%|██████████| 79/79 [00:02<00:00, 32.31it/s]

CommRound: 18/30
Accuracy: 87.89% | Loss: 0.4482
[####################################------------------------] 60.0%
Elapsed: 13.7m | Avg/Round: 45.7s | Last: 48.5s | Next: 45.7s | Remaining: 9.1m
ETA: 18:52:39
Recent round times: R1: 49.1s -> R2: 40.2s -> R3: 47.5s -> R4: 42.9s -> R5: 48.5s

  0%|          | 0/79 [00:00<?, ?it/s]
  1%|▏         | 1/79 [00:00<00:14,  5.24it/s]
  6%|▋         | 5/79 [00:00<00:04, 16.49it/s]
 10%|█         | 8/79 [00:00<00:03, 20.03it/s]
 14%|█▍        | 11/79 [00:00<00:03, 19.50it/s]
 18%|█▊        | 14/79 [00:00<00:04, 15.09it/s]
 20%|██        | 16/79 [00:01<00:05, 11.59it/s]
 23%|██▎       | 18/79 [00:01<00:06,  9.83it/s]
 25%|██▌       | 20/79 [00:01<00:06,  8.75it/s]
 27%|██▋       | 21/79 [00:01<00:06,  8.33it/s]
 28%|██▊       | 22/79 [00:02<00:07,  8.05it/s]
 29%|██▉       | 23/79 [00:02<00:07,  7.76it/s]
 30%|███       | 24/79 [00:02<00:07,  7.55it/s]
 32%|███▏      | 25/79 [00:02<00:07,  7.37it/s]
 34%|███▍      | 27/79 [00:02<00:05,  9.83it/s]
 39%|███▉      | 31/79 [00:02<00:03, 13.11it/s]
 42%|████▏     | 33/79 [00:02<00:03, 12.71it/s]
 47%|████▋     | 37/79 [00:03<00:02, 16.70it/s]
 52%|█████▏    | 41/79 [00:03<00:01, 19.87it/s]
 56%|█████▌    | 44/79 [00:03<00:02, 13.68it/s]
 62%|██████▏   | 49/79 [00:03<00:01, 18.73it/s]
 66%|██████▌   | 52/79 [00:04<00:01, 15.98it/s]
 68%|██████▊   | 54/79 [00:04<00:01, 13.11it/s]
 75%|███████▍  | 59/79 [00:04<00:01, 18.30it/s]
 78%|███████▊  | 62/79 [00:04<00:00, 19.94it/s]
 82%|████████▏ | 65/79 [00:04<00:00, 18.53it/s]
 86%|████████▌ | 68/79 [00:04<00:00, 16.50it/s]
 90%|████████▉ | 71/79 [00:05<00:00, 17.57it/s]
 92%|█████████▏| 73/79 [00:05<00:00, 13.96it/s]
 99%|█████████▊| 78/79 [00:05<00:00, 19.78it/s]
100%|██████████| 79/79 [00:05<00:00, 14.14it/s]

CommRound: 19/30
Accuracy: 88.05% | Loss: 0.4410
[######################################----------------------] 63.3%
Elapsed: 14.6m | Avg/Round: 46.0s | Last: 50.8s | Next: 46.0s | Remaining: 8.4m
ETA: 18:52:47
Recent round times: R1: 40.2s -> R2: 47.5s -> R3: 42.9s -> R4: 48.5s -> R5: 50.8s

  0%|          | 0/79 [00:00<?, ?it/s]
  1%|▏         | 1/79 [00:00<00:11,  6.67it/s]
  4%|▍         | 3/79 [00:00<00:09,  8.35it/s]
  6%|▋         | 5/79 [00:00<00:07,  9.60it/s]
  9%|▉         | 7/79 [00:00<00:06, 10.61it/s]
 11%|█▏        | 9/79 [00:00<00:07,  9.14it/s]
 16%|█▋        | 13/79 [00:01<00:04, 15.18it/s]
 19%|█▉        | 15/79 [00:01<00:04, 14.87it/s]
 24%|██▍       | 19/79 [00:01<00:03, 19.43it/s]
 29%|██▉       | 23/79 [00:01<00:02, 21.29it/s]
 33%|███▎      | 26/79 [00:01<00:02, 23.09it/s]
 37%|███▋      | 29/79 [00:01<00:02, 17.51it/s]
 43%|████▎     | 34/79 [00:01<00:01, 23.74it/s]
 47%|████▋     | 37/79 [00:02<00:01, 24.80it/s]
 51%|█████     | 40/79 [00:02<00:01, 22.13it/s]
 56%|█████▌    | 44/79 [00:02<00:01, 23.20it/s]
 59%|█████▉    | 47/79 [00:02<00:01, 22.39it/s]
 66%|██████▌   | 52/79 [00:02<00:01, 24.96it/s]
 71%|███████   | 56/79 [00:02<00:00, 26.24it/s]
 76%|███████▌  | 60/79 [00:03<00:00, 26.44it/s]
 81%|████████  | 64/79 [00:03<00:00, 25.98it/s]
 86%|████████▌ | 68/79 [00:03<00:00, 24.40it/s]
 91%|█████████ | 72/79 [00:03<00:00, 26.14it/s]
 96%|█████████▌| 76/79 [00:03<00:00, 22.91it/s]
100%|██████████| 79/79 [00:03<00:00, 20.84it/s]

CommRound: 20/30
Accuracy: 88.20% | Loss: 0.4341
[########################################--------------------] 66.7%
Elapsed: 15.3m | Avg/Round: 46.0s | Last: 45.3s | Next: 46.0s | Remaining: 7.7m
ETA: 18:52:46
Recent round times: R1: 47.5s -> R2: 42.9s -> R3: 48.5s -> R4: 50.8s -> R5: 45.3s

  0%|          | 0/79 [00:00<?, ?it/s]
  1%|▏         | 1/79 [00:00<00:08,  8.70it/s]
  8%|▊         | 6/79 [00:00<00:02, 25.59it/s]
 13%|█▎        | 10/79 [00:00<00:02, 28.74it/s]
 18%|█▊        | 14/79 [00:00<00:02, 30.51it/s]
 23%|██▎       | 18/79 [00:00<00:01, 32.89it/s]
 28%|██▊       | 22/79 [00:00<00:01, 34.46it/s]
 33%|███▎      | 26/79 [00:00<00:01, 35.38it/s]
 38%|███▊      | 30/79 [00:00<00:01, 36.22it/s]
 43%|████▎     | 34/79 [00:01<00:01, 36.72it/s]
 48%|████▊     | 38/79 [00:01<00:01, 37.19it/s]
 53%|█████▎    | 42/79 [00:01<00:00, 37.56it/s]
 58%|█████▊    | 46/79 [00:01<00:00, 37.73it/s]
 63%|██████▎   | 50/79 [00:01<00:00, 37.92it/s]
 68%|██████▊   | 54/79 [00:01<00:00, 38.26it/s]
 73%|███████▎  | 58/79 [00:01<00:00, 38.41it/s]
 78%|███████▊  | 62/79 [00:01<00:00, 36.48it/s]
 84%|████████▎ | 66/79 [00:01<00:00, 35.04it/s]
 89%|████████▊ | 70/79 [00:02<00:00, 35.06it/s]
 94%|█████████▎| 74/79 [00:02<00:00, 35.51it/s]
 99%|█████████▊| 78/79 [00:02<00:00, 36.30it/s]
100%|██████████| 79/79 [00:02<00:00, 35.22it/s]

CommRound: 21/30
Accuracy: 88.26% | Loss: 0.4281
[##########################################------------------] 70.0%
Elapsed: 16.1m | Avg/Round: 45.9s | Last: 45.3s | Next: 45.9s | Remaining: 6.9m
ETA: 18:52:45
Recent round times: R1: 42.9s -> R2: 48.5s -> R3: 50.8s -> R4: 45.3s -> R5: 45.3s

  0%|          | 0/79 [00:00<?, ?it/s]
  1%|▏         | 1/79 [00:00<00:07,  9.96it/s]
  8%|▊         | 6/79 [00:00<00:02, 27.35it/s]
 13%|█▎        | 10/79 [00:00<00:02, 31.73it/s]
 18%|█▊        | 14/79 [00:00<00:01, 34.01it/s]
 23%|██▎       | 18/79 [00:00<00:01, 35.40it/s]
 28%|██▊       | 22/79 [00:00<00:01, 36.35it/s]
 33%|███▎      | 26/79 [00:00<00:01, 37.15it/s]
 38%|███▊      | 30/79 [00:00<00:01, 37.68it/s]
 43%|████▎     | 34/79 [00:00<00:01, 37.05it/s]
 48%|████▊     | 38/79 [00:01<00:01, 37.49it/s]
 53%|█████▎    | 42/79 [00:01<00:00, 37.76it/s]
 58%|█████▊    | 46/79 [00:01<00:00, 37.85it/s]
 63%|██████▎   | 50/79 [00:01<00:00, 37.79it/s]
 68%|██████▊   | 54/79 [00:01<00:00, 37.58it/s]
 73%|███████▎  | 58/79 [00:01<00:00, 37.90it/s]
 78%|███████▊  | 62/79 [00:01<00:00, 36.77it/s]
 84%|████████▎ | 66/79 [00:01<00:00, 37.06it/s]
 89%|████████▊ | 70/79 [00:01<00:00, 37.67it/s]
 94%|█████████▎| 74/79 [00:02<00:00, 37.80it/s]
 99%|█████████▊| 78/79 [00:02<00:00, 38.15it/s]
100%|██████████| 79/79 [00:02<00:00, 36.63it/s]

CommRound: 22/30
Accuracy: 88.35% | Loss: 0.4238
[############################################----------------] 73.3%
Elapsed: 16.8m | Avg/Round: 45.8s | Last: 43.0s | Next: 45.8s | Remaining: 6.1m
ETA: 18:52:41
Recent round times: R1: 48.5s -> R2: 50.8s -> R3: 45.3s -> R4: 45.3s -> R5: 43.0s

  0%|          | 0/79 [00:00<?, ?it/s]
  1%|▏         | 1/79 [00:00<00:08,  9.65it/s]
  9%|▉         | 7/79 [00:00<00:02, 31.57it/s]
 16%|█▋        | 13/79 [00:00<00:01, 36.48it/s]
 24%|██▍       | 19/79 [00:00<00:01, 38.53it/s]
 32%|███▏      | 25/79 [00:00<00:01, 39.78it/s]
 39%|███▉      | 31/79 [00:00<00:01, 40.42it/s]
 47%|████▋     | 37/79 [00:00<00:01, 40.83it/s]
 54%|█████▍    | 43/79 [00:01<00:00, 41.10it/s]
 62%|██████▏   | 49/79 [00:01<00:00, 41.37it/s]
 70%|██████▉   | 55/79 [00:01<00:00, 41.64it/s]
 76%|███████▌  | 60/79 [00:01<00:00, 43.05it/s]
 82%|████████▏ | 65/79 [00:01<00:00, 39.29it/s]
 87%|████████▋ | 69/79 [00:01<00:00, 38.83it/s]
 92%|█████████▏| 73/79 [00:01<00:00, 38.92it/s]
100%|██████████| 79/79 [00:01<00:00, 40.00it/s]

CommRound: 23/30
Accuracy: 88.42% | Loss: 0.4202
[##############################################--------------] 76.7%
Elapsed: 17.6m | Avg/Round: 45.9s | Last: 47.3s | Next: 45.9s | Remaining: 5.4m
ETA: 18:52:43
Recent round times: R1: 50.8s -> R2: 45.3s -> R3: 45.3s -> R4: 43.0s -> R5: 47.3s

  0%|          | 0/79 [00:00<?, ?it/s]
  1%|▏         | 1/79 [00:00<00:08,  9.68it/s]
  9%|▉         | 7/79 [00:00<00:02, 31.92it/s]
 15%|█▌        | 12/79 [00:00<00:01, 38.82it/s]
 22%|██▏       | 17/79 [00:00<00:01, 37.29it/s]
 28%|██▊       | 22/79 [00:00<00:01, 40.50it/s]
 34%|███▍      | 27/79 [00:00<00:01, 38.38it/s]
 41%|████      | 32/79 [00:00<00:01, 41.04it/s]
 47%|████▋     | 37/79 [00:00<00:01, 39.21it/s]
 53%|█████▎    | 42/79 [00:01<00:00, 41.20it/s]
 59%|█████▉    | 47/79 [00:01<00:00, 39.36it/s]
 65%|██████▍   | 51/79 [00:01<00:00, 38.47it/s]
 70%|██████▉   | 55/79 [00:01<00:00, 27.59it/s]
 75%|███████▍  | 59/79 [00:01<00:00, 29.33it/s]
 80%|███████▉  | 63/79 [00:01<00:00, 28.01it/s]
 85%|████████▍ | 67/79 [00:02<00:00, 24.02it/s]
 94%|█████████▎| 74/79 [00:02<00:00, 31.04it/s]
 99%|█████████▊| 78/79 [00:02<00:00, 23.04it/s]
100%|██████████| 79/79 [00:02<00:00, 30.08it/s]

CommRound: 24/30
Accuracy: 88.45% | Loss: 0.4161
[################################################------------] 80.0%
Elapsed: 18.2m | Avg/Round: 45.5s | Last: 36.2s | Next: 45.5s | Remaining: 4.5m
ETA: 18:52:31
Recent round times: R1: 45.3s -> R2: 45.3s -> R3: 43.0s -> R4: 47.3s -> R5: 36.2s

  0%|          | 0/79 [00:00<?, ?it/s]
  1%|▏         | 1/79 [00:00<00:08,  9.62it/s]
  6%|▋         | 5/79 [00:00<00:02, 27.16it/s]
 11%|█▏        | 9/79 [00:00<00:02, 31.68it/s]
 16%|█▋        | 13/79 [00:00<00:01, 34.03it/s]
 22%|██▏       | 17/79 [00:00<00:01, 35.19it/s]
 27%|██▋       | 21/79 [00:00<00:01, 35.93it/s]
 32%|███▏      | 25/79 [00:00<00:01, 36.58it/s]
 37%|███▋      | 29/79 [00:00<00:01, 36.44it/s]
 42%|████▏     | 33/79 [00:00<00:01, 36.06it/s]
 47%|████▋     | 37/79 [00:01<00:01, 36.26it/s]
 52%|█████▏    | 41/79 [00:01<00:01, 36.62it/s]
 57%|█████▋    | 45/79 [00:01<00:00, 36.27it/s]
 62%|██████▏   | 49/79 [00:01<00:00, 36.08it/s]
 67%|██████▋   | 53/79 [00:01<00:00, 35.84it/s]
 72%|███████▏  | 57/79 [00:01<00:00, 35.71it/s]
 77%|███████▋  | 61/79 [00:01<00:00, 36.06it/s]
 82%|████████▏ | 65/79 [00:01<00:00, 36.65it/s]
 87%|████████▋ | 69/79 [00:01<00:00, 36.30it/s]
 92%|█████████▏| 73/79 [00:02<00:00, 36.42it/s]
 97%|█████████▋| 77/79 [00:02<00:00, 36.91it/s]
100%|██████████| 79/79 [00:02<00:00, 35.98it/s]

CommRound: 25/30
Accuracy: 88.46% | Loss: 0.4130
[##################################################----------] 83.3%
Elapsed: 19.0m | Avg/Round: 45.7s | Last: 51.5s | Next: 45.7s | Remaining: 3.8m
ETA: 18:52:38
Recent round times: R1: 45.3s -> R2: 43.0s -> R3: 47.3s -> R4: 36.2s -> R5: 51.5s

  0%|          | 0/79 [00:00<?, ?it/s]
  1%|▏         | 1/79 [00:00<00:15,  4.93it/s]
  9%|▉         | 7/79 [00:00<00:04, 17.56it/s]
 16%|█▋        | 13/79 [00:00<00:02, 27.70it/s]
 24%|██▍       | 19/79 [00:00<00:01, 32.87it/s]
 29%|██▉       | 23/79 [00:00<00:01, 34.33it/s]
 37%|███▋      | 29/79 [00:00<00:01, 37.00it/s]
 43%|████▎     | 34/79 [00:01<00:01, 40.27it/s]
 49%|████▉     | 39/79 [00:01<00:01, 38.73it/s]
 56%|█████▌    | 44/79 [00:01<00:00, 40.93it/s]
 62%|██████▏   | 49/79 [00:01<00:00, 39.14it/s]
 68%|██████▊   | 54/79 [00:01<00:00, 40.94it/s]
 75%|███████▍  | 59/79 [00:01<00:00, 38.99it/s]
 81%|████████  | 64/79 [00:01<00:00, 41.22it/s]
 87%|████████▋ | 69/79 [00:01<00:00, 39.41it/s]
 94%|█████████▎| 74/79 [00:02<00:00, 41.09it/s]
100%|██████████| 79/79 [00:02<00:00, 43.16it/s]
100%|██████████| 79/79 [00:02<00:00, 36.57it/s]

CommRound: 26/30
Accuracy: 88.50% | Loss: 0.4103
[####################################################--------] 86.7%
Elapsed: 19.7m | Avg/Round: 45.5s | Last: 39.3s | Next: 45.5s | Remaining: 3.0m
ETA: 18:52:30
Recent round times: R1: 43.0s -> R2: 47.3s -> R3: 36.2s -> R4: 51.5s -> R5: 39.3s

  0%|          | 0/79 [00:00<?, ?it/s]
  1%|▏         | 1/79 [00:00<00:08,  9.60it/s]
  6%|▋         | 5/79 [00:00<00:03, 20.84it/s]
 13%|█▎        | 10/79 [00:00<00:02, 31.85it/s]
 18%|█▊        | 14/79 [00:00<00:01, 34.34it/s]
 23%|██▎       | 18/79 [00:00<00:01, 35.39it/s]
 28%|██▊       | 22/79 [00:00<00:01, 35.05it/s]
 33%|███▎      | 26/79 [00:00<00:01, 35.78it/s]
 38%|███▊      | 30/79 [00:00<00:01, 35.74it/s]
 43%|████▎     | 34/79 [00:01<00:01, 33.83it/s]
 48%|████▊     | 38/79 [00:01<00:01, 35.24it/s]
 53%|█████▎    | 42/79 [00:01<00:01, 36.17it/s]
 58%|█████▊    | 46/79 [00:01<00:00, 36.68it/s]
 63%|██████▎   | 50/79 [00:01<00:00, 37.19it/s]
 68%|██████▊   | 54/79 [00:01<00:00, 37.96it/s]
 73%|███████▎  | 58/79 [00:01<00:00, 37.81it/s]
 78%|███████▊  | 62/79 [00:01<00:00, 37.99it/s]
 85%|████████▍ | 67/79 [00:01<00:00, 36.33it/s]
 90%|████████▉ | 71/79 [00:02<00:00, 36.89it/s]
 95%|█████████▍| 75/79 [00:02<00:00, 37.29it/s]
100%|██████████| 79/79 [00:02<00:00, 35.98it/s]

CommRound: 27/30
Accuracy: 88.53% | Loss: 0.4078
[######################################################------] 90.0%
Elapsed: 20.4m | Avg/Round: 45.4s | Last: 44.1s | Next: 45.4s | Remaining: 2.3m
ETA: 18:52:29
Recent round times: R1: 47.3s -> R2: 36.2s -> R3: 51.5s -> R4: 39.3s -> R5: 44.1s

  0%|          | 0/79 [00:00<?, ?it/s]
  1%|▏         | 1/79 [00:00<00:07,  9.84it/s]
  9%|▉         | 7/79 [00:00<00:02, 32.13it/s]
 14%|█▍        | 11/79 [00:00<00:01, 34.76it/s]
 20%|██        | 16/79 [00:00<00:01, 35.56it/s]
 25%|██▌       | 20/79 [00:00<00:01, 36.59it/s]
 30%|███       | 24/79 [00:00<00:01, 37.28it/s]
 35%|███▌      | 28/79 [00:00<00:01, 37.87it/s]
 41%|████      | 32/79 [00:00<00:01, 38.42it/s]
 47%|████▋     | 37/79 [00:00<00:01, 41.61it/s]
 53%|█████▎    | 42/79 [00:01<00:00, 38.74it/s]
 59%|█████▉    | 47/79 [00:01<00:00, 41.67it/s]
 66%|██████▌   | 52/79 [00:01<00:00, 38.64it/s]
 71%|███████   | 56/79 [00:01<00:00, 38.93it/s]
 77%|███████▋  | 61/79 [00:01<00:00, 41.65it/s]
 84%|████████▎ | 66/79 [00:01<00:00, 38.94it/s]
 90%|████████▉ | 71/79 [00:01<00:00, 41.75it/s]
 96%|█████████▌| 76/79 [00:01<00:00, 39.17it/s]
100%|██████████| 79/79 [00:02<00:00, 38.58it/s]

CommRound: 28/30
Accuracy: 88.62% | Loss: 0.4055
[########################################################----] 93.3%
Elapsed: 21.1m | Avg/Round: 45.3s | Last: 42.1s | Next: 45.3s | Remaining: 1.5m
ETA: 18:52:25
Recent round times: R1: 36.2s -> R2: 51.5s -> R3: 39.3s -> R4: 44.1s -> R5: 42.1s

  0%|          | 0/79 [00:00<?, ?it/s]
  1%|▏         | 1/79 [00:00<00:08,  9.58it/s]
  8%|▊         | 6/79 [00:00<00:02, 30.30it/s]
 13%|█▎        | 10/79 [00:00<00:02, 31.77it/s]
 18%|█▊        | 14/79 [00:00<00:02, 32.42it/s]
 23%|██▎       | 18/79 [00:00<00:01, 33.07it/s]
 28%|██▊       | 22/79 [00:00<00:01, 33.57it/s]
 33%|███▎      | 26/79 [00:00<00:01, 33.81it/s]
 38%|███▊      | 30/79 [00:00<00:01, 33.83it/s]
 43%|████▎     | 34/79 [00:01<00:01, 34.15it/s]
 48%|████▊     | 38/79 [00:01<00:01, 34.33it/s]
 53%|█████▎    | 42/79 [00:01<00:01, 34.36it/s]
 58%|█████▊    | 46/79 [00:01<00:00, 34.50it/s]
 63%|██████▎   | 50/79 [00:01<00:01, 24.58it/s]
 67%|██████▋   | 53/79 [00:01<00:01, 23.60it/s]
 73%|███████▎  | 58/79 [00:01<00:00, 28.47it/s]
 78%|███████▊  | 62/79 [00:02<00:00, 24.35it/s]
 82%|████████▏ | 65/79 [00:02<00:00, 24.35it/s]
 89%|████████▊ | 70/79 [00:02<00:00, 29.51it/s]
 94%|█████████▎| 74/79 [00:02<00:00, 27.77it/s]
 99%|█████████▊| 78/79 [00:02<00:00, 24.67it/s]
100%|██████████| 79/79 [00:02<00:00, 28.66it/s]

CommRound: 29/30
Accuracy: 88.70% | Loss: 0.4037
[##########################################################--] 96.7%
Elapsed: 21.9m | Avg/Round: 45.3s | Last: 45.0s | Next: 45.3s | Remaining: 0.8m
ETA: 18:52:25
Recent round times: R1: 51.5s -> R2: 39.3s -> R3: 44.1s -> R4: 42.1s -> R5: 45.0s

  0%|          | 0/79 [00:00<?, ?it/s]
  1%|▏         | 1/79 [00:00<00:09,  7.91it/s]
  9%|▉         | 7/79 [00:00<00:02, 28.91it/s]
 14%|█▍        | 11/79 [00:00<00:02, 32.47it/s]
 19%|█▉        | 15/79 [00:00<00:01, 34.39it/s]
 24%|██▍       | 19/79 [00:00<00:01, 36.10it/s]
 30%|███       | 24/79 [00:00<00:01, 40.28it/s]
 37%|███▋      | 29/79 [00:00<00:01, 37.77it/s]
 43%|████▎     | 34/79 [00:00<00:01, 40.79it/s]
 49%|████▉     | 39/79 [00:01<00:01, 38.44it/s]
 54%|█████▍    | 43/79 [00:01<00:00, 38.47it/s]
 59%|█████▉    | 47/79 [00:01<00:00, 38.09it/s]
 65%|██████▍   | 51/79 [00:01<00:00, 38.20it/s]
 70%|██████▉   | 55/79 [00:01<00:00, 38.02it/s]
 75%|███████▍  | 59/79 [00:01<00:00, 38.10it/s]
 80%|███████▉  | 63/79 [00:01<00:00, 38.19it/s]
 85%|████████▍ | 67/79 [00:01<00:00, 38.20it/s]
 90%|████████▉ | 71/79 [00:01<00:00, 38.42it/s]
 95%|█████████▍| 75/79 [00:02<00:00, 34.72it/s]
100%|██████████| 79/79 [00:02<00:00, 37.52it/s]

CommRound: 30/30
Accuracy: 88.70% | Loss: 0.4017
[############################################################] 100.0%
Elapsed: 22.5m | Avg/Round: 45.1s | Last: 39.3s | Next: 45.1s | Remaining: 0.0m
ETA: 18:52:19
Recent round times: R1: 39.3s -> R2: 44.1s -> R3: 42.1s -> R4: 45.0s -> R5: 39.3s
Total time for experiment: 1352.2327363491058 seconds
Device average training time per communication round [s]:
    rpi (sld-rpi-09.ece.utexas.edu): 4.66 seconds
    mc1 (sld-mc1-09.ece.utexas.edu): 40.82 seconds
