Connecting to sld-rpi-09.ece.utexas.edu...
Successfully fetched dev0_pow_temp_log_exp134_run1.csv.
Connecting to sld-rpi-09.ece.utexas.edu...
Successfully fetched dev0_communication_log_exp134_run1.csv.
Connecting to sld-mc1-09.ece.utexas.edu...
Successfully fetched dev1_pow_temp_log_exp134_run1.csv.
Connecting to sld-mc1-09.ece.utexas.edu...
Successfully fetched dev1_communication_log_exp134_run1.csv.

Exp134
Experiment 134: 
	Global test accuracy [%]: 13.43 %
	No round found where all subsequent rounds have accuracy >= 90.00%.
	Average time per communication round [s]: 15.26 seconds
	Total wall clock time [s]: 465.51 seconds


Experiment 134:
	RPi avg. energy consumption per round [J]: 62.38 Joules
	MC1 avg. energy consumption per round [J]: 94.42 Joules
	Total avg. energy consumption per communication round [J]: 156.80 Joules
	Avg. amount of communicated data per communication round [MB]: 0.01 MB
	RPi avg. power consumption per round [W]: 5.66 Watts
	MC1 avg. power consumption per round [W]: 8.07 Watts
