
  0%|          | 0/79 [00:00<?, ?it/s]
  4%|▍         | 3/79 [00:00<00:03, 23.46it/s]
 10%|█         | 8/79 [00:00<00:01, 37.26it/s]
 16%|█▋        | 13/79 [00:00<00:01, 36.96it/s]
 23%|██▎       | 18/79 [00:00<00:01, 38.95it/s]
 28%|██▊       | 22/79 [00:00<00:01, 38.99it/s]
 33%|███▎      | 26/79 [00:00<00:01, 38.95it/s]
 39%|███▉      | 31/79 [00:00<00:01, 41.55it/s]
 46%|████▌     | 36/79 [00:00<00:01, 38.90it/s]
 51%|█████     | 40/79 [00:01<00:01, 38.77it/s]
 57%|█████▋    | 45/79 [00:01<00:00, 41.38it/s]
 63%|██████▎   | 50/79 [00:01<00:00, 38.52it/s]
 68%|██████▊   | 54/79 [00:01<00:00, 37.45it/s]
 75%|███████▍  | 59/79 [00:01<00:00, 40.68it/s]
 81%|████████  | 64/79 [00:01<00:00, 39.79it/s]
 87%|████████▋ | 69/79 [00:01<00:00, 40.09it/s]
 94%|█████████▎| 74/79 [00:01<00:00, 41.24it/s]
100%|██████████| 79/79 [00:01<00:00, 43.08it/s]
100%|██████████| 79/79 [00:01<00:00, 39.60it/s]
Initial Accuracy: 9.40%; Initial Loss: 2.3333

  0%|          | 0/79 [00:00<?, ?it/s]
  1%|▏         | 1/79 [00:00<00:10,  7.14it/s]
  6%|▋         | 5/79 [00:00<00:03, 23.25it/s]
 11%|█▏        | 9/79 [00:00<00:02, 26.78it/s]
 16%|█▋        | 13/79 [00:00<00:02, 28.14it/s]
 22%|██▏       | 17/79 [00:00<00:02, 28.81it/s]
 27%|██▋       | 21/79 [00:00<00:01, 29.23it/s]
 32%|███▏      | 25/79 [00:00<00:01, 29.73it/s]
 37%|███▋      | 29/79 [00:01<00:01, 29.97it/s]
 42%|████▏     | 33/79 [00:01<00:01, 30.06it/s]
 47%|████▋     | 37/79 [00:01<00:01, 29.83it/s]
 51%|█████     | 40/79 [00:01<00:01, 28.24it/s]
 56%|█████▌    | 44/79 [00:01<00:01, 25.94it/s]
 61%|██████    | 48/79 [00:01<00:01, 26.77it/s]
 66%|██████▌   | 52/79 [00:01<00:00, 28.33it/s]
 71%|███████   | 56/79 [00:01<00:00, 29.29it/s]
 76%|███████▌  | 60/79 [00:02<00:00, 30.00it/s]
 81%|████████  | 64/79 [00:02<00:00, 30.34it/s]
 86%|████████▌ | 68/79 [00:02<00:00, 30.63it/s]
 91%|█████████ | 72/79 [00:02<00:00, 30.88it/s]
 96%|█████████▌| 76/79 [00:02<00:00, 30.99it/s]
100%|██████████| 79/79 [00:02<00:00, 28.99it/s]

CommRound: 1/30
Accuracy: 51.21% | Loss: 2.3726
[##----------------------------------------------------------] 3.3%
Elapsed: 1.0m | Avg/Round: 57.0s | Last: 55.0s | Next: 57.0s | Remaining: 27.6m
ETA: 08:38:32
Recent round times: R1: 55.0s

  0%|          | 0/79 [00:00<?, ?it/s]
  1%|▏         | 1/79 [00:00<00:09,  8.28it/s]
  6%|▋         | 5/79 [00:00<00:03, 22.64it/s]
 11%|█▏        | 9/79 [00:00<00:02, 25.65it/s]
 16%|█▋        | 13/79 [00:00<00:02, 27.07it/s]
 22%|██▏       | 17/79 [00:00<00:02, 28.03it/s]
 27%|██▋       | 21/79 [00:00<00:02, 28.70it/s]
 32%|███▏      | 25/79 [00:00<00:01, 29.07it/s]
 37%|███▋      | 29/79 [00:01<00:01, 29.22it/s]
 42%|████▏     | 33/79 [00:01<00:01, 29.92it/s]
 47%|████▋     | 37/79 [00:01<00:01, 31.70it/s]
 52%|█████▏    | 41/79 [00:01<00:01, 33.01it/s]
 57%|█████▋    | 45/79 [00:01<00:01, 33.76it/s]
 62%|██████▏   | 49/79 [00:01<00:00, 34.48it/s]
 67%|██████▋   | 53/79 [00:01<00:00, 34.98it/s]
 72%|███████▏  | 57/79 [00:01<00:00, 35.15it/s]
 77%|███████▋  | 61/79 [00:01<00:00, 35.60it/s]
 82%|████████▏ | 65/79 [00:02<00:00, 35.71it/s]
 87%|████████▋ | 69/79 [00:02<00:00, 35.42it/s]
 92%|█████████▏| 73/79 [00:02<00:00, 35.56it/s]
 97%|█████████▋| 77/79 [00:02<00:00, 36.02it/s]
100%|██████████| 79/79 [00:02<00:00, 32.45it/s]

CommRound: 2/30
Accuracy: 65.43% | Loss: 1.9676
[####--------------------------------------------------------] 6.7%
Elapsed: 1.9m | Avg/Round: 58.1s | Last: 59.2s | Next: 58.1s | Remaining: 27.1m
ETA: 08:39:05
Recent round times: R1: 55.0s -> R2: 59.2s

  0%|          | 0/79 [00:00<?, ?it/s]
  1%|▏         | 1/79 [00:00<00:10,  7.63it/s]
  8%|▊         | 6/79 [00:00<00:02, 26.14it/s]
 13%|█▎        | 10/79 [00:00<00:02, 29.11it/s]
 18%|█▊        | 14/79 [00:00<00:02, 31.54it/s]
 23%|██▎       | 18/79 [00:00<00:01, 32.13it/s]
 28%|██▊       | 22/79 [00:00<00:01, 31.98it/s]
 34%|███▍      | 27/79 [00:00<00:01, 33.97it/s]
 39%|███▉      | 31/79 [00:00<00:01, 34.59it/s]
 44%|████▍     | 35/79 [00:01<00:01, 35.12it/s]
 49%|████▉     | 39/79 [00:01<00:01, 35.43it/s]
 54%|█████▍    | 43/79 [00:01<00:01, 35.85it/s]
 59%|█████▉    | 47/79 [00:01<00:00, 36.22it/s]
 65%|██████▍   | 51/79 [00:01<00:00, 36.47it/s]
 70%|██████▉   | 55/79 [00:01<00:00, 36.60it/s]
 75%|███████▍  | 59/79 [00:01<00:00, 36.69it/s]
 80%|███████▉  | 63/79 [00:01<00:00, 36.60it/s]
 85%|████████▍ | 67/79 [00:01<00:00, 36.64it/s]
 90%|████████▉ | 71/79 [00:02<00:00, 36.36it/s]
 95%|█████████▍| 75/79 [00:02<00:00, 36.05it/s]
100%|██████████| 79/79 [00:02<00:00, 35.92it/s]
100%|██████████| 79/79 [00:02<00:00, 34.11it/s]

CommRound: 3/30
Accuracy: 83.28% | Loss: 0.6317
[######------------------------------------------------------] 10.0%
Elapsed: 2.8m | Avg/Round: 57.0s | Last: 54.6s | Next: 57.0s | Remaining: 25.6m
ETA: 08:38:30
Recent round times: R1: 55.0s -> R2: 59.2s -> R3: 54.6s

  0%|          | 0/79 [00:00<?, ?it/s]
  1%|▏         | 1/79 [00:00<00:13,  5.91it/s]
  6%|▋         | 5/79 [00:00<00:04, 14.87it/s]
  9%|▉         | 7/79 [00:00<00:04, 15.92it/s]
 11%|█▏        | 9/79 [00:00<00:04, 16.90it/s]
 15%|█▌        | 12/79 [00:00<00:03, 20.51it/s]
 19%|█▉        | 15/79 [00:00<00:03, 21.20it/s]
 23%|██▎       | 18/79 [00:00<00:02, 22.77it/s]
 28%|██▊       | 22/79 [00:01<00:02, 26.42it/s]
 33%|███▎      | 26/79 [00:01<00:01, 28.30it/s]
 38%|███▊      | 30/79 [00:01<00:01, 30.36it/s]
 43%|████▎     | 34/79 [00:01<00:01, 31.73it/s]
 48%|████▊     | 38/79 [00:01<00:01, 32.69it/s]
 53%|█████▎    | 42/79 [00:01<00:01, 33.08it/s]
 58%|█████▊    | 46/79 [00:01<00:00, 33.25it/s]
 63%|██████▎   | 50/79 [00:01<00:00, 33.44it/s]
 68%|██████▊   | 54/79 [00:01<00:00, 33.31it/s]
 73%|███████▎  | 58/79 [00:02<00:00, 33.30it/s]
 78%|███████▊  | 62/79 [00:02<00:00, 32.96it/s]
 84%|████████▎ | 66/79 [00:02<00:00, 33.06it/s]
 89%|████████▊ | 70/79 [00:02<00:00, 33.20it/s]
 94%|█████████▎| 74/79 [00:02<00:00, 33.35it/s]
 99%|█████████▊| 78/79 [00:02<00:00, 33.54it/s]
100%|██████████| 79/79 [00:02<00:00, 28.91it/s]

CommRound: 4/30
Accuracy: 86.67% | Loss: 0.5043
[########----------------------------------------------------] 13.3%
Elapsed: 3.9m | Avg/Round: 58.2s | Last: 61.8s | Next: 58.2s | Remaining: 25.2m
ETA: 08:39:06
Recent round times: R1: 55.0s -> R2: 59.2s -> R3: 54.6s -> R4: 61.8s

  0%|          | 0/79 [00:00<?, ?it/s]
  1%|▏         | 1/79 [00:00<00:09,  8.27it/s]
  6%|▋         | 5/79 [00:00<00:02, 24.78it/s]
 11%|█▏        | 9/79 [00:00<00:02, 28.66it/s]
 16%|█▋        | 13/79 [00:00<00:02, 30.47it/s]
 22%|██▏       | 17/79 [00:00<00:01, 31.50it/s]
 27%|██▋       | 21/79 [00:00<00:01, 32.12it/s]
 32%|███▏      | 25/79 [00:00<00:01, 32.72it/s]
 37%|███▋      | 29/79 [00:00<00:01, 33.19it/s]
 42%|████▏     | 33/79 [00:01<00:01, 33.48it/s]
 47%|████▋     | 37/79 [00:01<00:01, 33.73it/s]
 52%|█████▏    | 41/79 [00:01<00:01, 33.81it/s]
 57%|█████▋    | 45/79 [00:01<00:01, 33.46it/s]
 62%|██████▏   | 49/79 [00:01<00:00, 33.81it/s]
 67%|██████▋   | 53/79 [00:01<00:00, 33.98it/s]
 72%|███████▏  | 57/79 [00:01<00:00, 33.87it/s]
 77%|███████▋  | 61/79 [00:01<00:00, 32.25it/s]
 82%|████████▏ | 65/79 [00:02<00:00, 32.81it/s]
 87%|████████▋ | 69/79 [00:02<00:00, 32.89it/s]
 92%|█████████▏| 73/79 [00:02<00:00, 33.33it/s]
 97%|█████████▋| 77/79 [00:02<00:00, 33.61it/s]
100%|██████████| 79/79 [00:02<00:00, 32.46it/s]

CommRound: 5/30
Accuracy: 87.43% | Loss: 0.4891
[##########--------------------------------------------------] 16.7%
Elapsed: 4.7m | Avg/Round: 56.7s | Last: 50.8s | Next: 56.7s | Remaining: 23.6m
ETA: 08:38:21
Recent round times: R1: 55.0s -> R2: 59.2s -> R3: 54.6s -> R4: 61.8s -> R5: 50.8s

  0%|          | 0/79 [00:00<?, ?it/s]
  1%|▏         | 1/79 [00:00<00:13,  5.93it/s]
  6%|▋         | 5/79 [00:00<00:03, 18.99it/s]
 11%|█▏        | 9/79 [00:00<00:02, 23.48it/s]
 16%|█▋        | 13/79 [00:00<00:02, 26.00it/s]
 22%|██▏       | 17/79 [00:00<00:02, 24.10it/s]
 27%|██▋       | 21/79 [00:00<00:02, 25.50it/s]
 30%|███       | 24/79 [00:01<00:02, 24.99it/s]
 34%|███▍      | 27/79 [00:01<00:02, 23.93it/s]
 39%|███▉      | 31/79 [00:01<00:01, 25.83it/s]
 43%|████▎     | 34/79 [00:01<00:01, 25.06it/s]
 47%|████▋     | 37/79 [00:01<00:02, 18.44it/s]
 51%|█████     | 40/79 [00:01<00:01, 20.13it/s]
 54%|█████▍    | 43/79 [00:02<00:02, 17.85it/s]
 59%|█████▉    | 47/79 [00:02<00:01, 18.73it/s]
 63%|██████▎   | 50/79 [00:02<00:01, 19.49it/s]
 67%|██████▋   | 53/79 [00:02<00:01, 16.89it/s]
 70%|██████▉   | 55/79 [00:02<00:01, 16.32it/s]
 75%|███████▍  | 59/79 [00:02<00:01, 17.93it/s]
 77%|███████▋  | 61/79 [00:03<00:01, 17.49it/s]
 80%|███████▉  | 63/79 [00:03<00:00, 17.05it/s]
 82%|████████▏ | 65/79 [00:03<00:00, 16.85it/s]
 85%|████████▍ | 67/79 [00:03<00:00, 16.77it/s]
 87%|████████▋ | 69/79 [00:03<00:00, 16.41it/s]
 90%|████████▉ | 71/79 [00:03<00:00, 16.21it/s]
 92%|█████████▏| 73/79 [00:03<00:00, 16.06it/s]
 95%|█████████▍| 75/79 [00:03<00:00, 15.98it/s]
100%|██████████| 79/79 [00:04<00:00, 19.60it/s]

CommRound: 6/30
Accuracy: 87.01% | Loss: 0.5266
[############------------------------------------------------] 20.0%
Elapsed: 5.7m | Avg/Round: 57.1s | Last: 58.9s | Next: 57.1s | Remaining: 22.8m
ETA: 08:38:32
Recent round times: R1: 59.2s -> R2: 54.6s -> R3: 61.8s -> R4: 50.8s -> R5: 58.9s

  0%|          | 0/79 [00:00<?, ?it/s]
  1%|▏         | 1/79 [00:00<00:17,  4.42it/s]
  4%|▍         | 3/79 [00:00<00:07, 10.21it/s]
  6%|▋         | 5/79 [00:00<00:06, 11.89it/s]
 11%|█▏        | 9/79 [00:00<00:03, 18.94it/s]
 15%|█▌        | 12/79 [00:00<00:03, 21.34it/s]
 20%|██        | 16/79 [00:00<00:02, 24.68it/s]
 25%|██▌       | 20/79 [00:00<00:02, 26.50it/s]
 29%|██▉       | 23/79 [00:01<00:02, 27.15it/s]
 34%|███▍      | 27/79 [00:01<00:01, 28.68it/s]
 39%|███▉      | 31/79 [00:01<00:01, 28.39it/s]
 44%|████▍     | 35/79 [00:01<00:01, 29.39it/s]
 49%|████▉     | 39/79 [00:01<00:01, 27.40it/s]
 53%|█████▎    | 42/79 [00:01<00:01, 25.92it/s]
 57%|█████▋    | 45/79 [00:02<00:01, 20.13it/s]
 61%|██████    | 48/79 [00:02<00:01, 20.63it/s]
 65%|██████▍   | 51/79 [00:02<00:01, 17.28it/s]
 67%|██████▋   | 53/79 [00:02<00:01, 16.84it/s]
 70%|██████▉   | 55/79 [00:02<00:01, 17.13it/s]
 72%|███████▏  | 57/79 [00:02<00:01, 17.06it/s]
 75%|███████▍  | 59/79 [00:02<00:01, 15.91it/s]
 78%|███████▊  | 62/79 [00:03<00:00, 18.95it/s]
 82%|████████▏ | 65/79 [00:03<00:00, 15.81it/s]
 87%|████████▋ | 69/79 [00:03<00:00, 19.93it/s]
 92%|█████████▏| 73/79 [00:03<00:00, 22.74it/s]
 96%|█████████▌| 76/79 [00:03<00:00, 23.81it/s]
100%|██████████| 79/79 [00:03<00:00, 22.45it/s]
100%|██████████| 79/79 [00:03<00:00, 20.81it/s]

CommRound: 7/30
Accuracy: 88.77% | Loss: 0.4619
[##############----------------------------------------------] 23.3%
Elapsed: 6.7m | Avg/Round: 57.5s | Last: 60.0s | Next: 57.5s | Remaining: 22.0m
ETA: 08:38:45
Recent round times: R1: 54.6s -> R2: 61.8s -> R3: 50.8s -> R4: 58.9s -> R5: 60.0s

  0%|          | 0/79 [00:00<?, ?it/s]
  1%|▏         | 1/79 [00:00<00:10,  7.76it/s]
  9%|▉         | 7/79 [00:00<00:02, 28.01it/s]
 14%|█▍        | 11/79 [00:00<00:02, 30.86it/s]
 19%|█▉        | 15/79 [00:00<00:01, 32.35it/s]
 24%|██▍       | 19/79 [00:00<00:01, 33.38it/s]
 29%|██▉       | 23/79 [00:00<00:01, 33.93it/s]
 34%|███▍      | 27/79 [00:00<00:01, 34.38it/s]
 39%|███▉      | 31/79 [00:00<00:01, 34.71it/s]
 44%|████▍     | 35/79 [00:01<00:01, 34.97it/s]
 49%|████▉     | 39/79 [00:01<00:01, 31.92it/s]
 54%|█████▍    | 43/79 [00:01<00:01, 30.56it/s]
 59%|█████▉    | 47/79 [00:01<00:01, 29.97it/s]
 65%|██████▍   | 51/79 [00:01<00:00, 30.39it/s]
 70%|██████▉   | 55/79 [00:01<00:00, 32.10it/s]
 75%|███████▍  | 59/79 [00:01<00:00, 33.13it/s]
 80%|███████▉  | 63/79 [00:01<00:00, 33.94it/s]
 85%|████████▍ | 67/79 [00:02<00:00, 34.71it/s]
 90%|████████▉ | 71/79 [00:02<00:00, 34.81it/s]
 95%|█████████▍| 75/79 [00:02<00:00, 35.48it/s]
100%|██████████| 79/79 [00:02<00:00, 33.18it/s]

CommRound: 8/30
Accuracy: 88.86% | Loss: 0.4679
[################--------------------------------------------] 26.7%
Elapsed: 7.7m | Avg/Round: 57.7s | Last: 58.9s | Next: 57.7s | Remaining: 21.1m
ETA: 08:38:50
Recent round times: R1: 61.8s -> R2: 50.8s -> R3: 58.9s -> R4: 60.0s -> R5: 58.9s

  0%|          | 0/79 [00:00<?, ?it/s]
  1%|▏         | 1/79 [00:00<00:09,  8.19it/s]
  8%|▊         | 6/79 [00:00<00:02, 27.23it/s]
 13%|█▎        | 10/79 [00:00<00:02, 29.75it/s]
 18%|█▊        | 14/79 [00:00<00:02, 32.08it/s]
 23%|██▎       | 18/79 [00:00<00:01, 33.31it/s]
 28%|██▊       | 22/79 [00:00<00:01, 34.66it/s]
 33%|███▎      | 26/79 [00:00<00:01, 35.40it/s]
 38%|███▊      | 30/79 [00:00<00:01, 35.73it/s]
 43%|████▎     | 34/79 [00:01<00:01, 36.09it/s]
 48%|████▊     | 38/79 [00:01<00:01, 36.21it/s]
 53%|█████▎    | 42/79 [00:01<00:01, 35.70it/s]
 58%|█████▊    | 46/79 [00:01<00:00, 35.59it/s]
 63%|██████▎   | 50/79 [00:01<00:00, 35.50it/s]
 68%|██████▊   | 54/79 [00:01<00:00, 35.41it/s]
 73%|███████▎  | 58/79 [00:01<00:00, 35.60it/s]
 78%|███████▊  | 62/79 [00:01<00:00, 34.33it/s]
 84%|████████▎ | 66/79 [00:01<00:00, 30.99it/s]
 89%|████████▊ | 70/79 [00:02<00:00, 29.72it/s]
 94%|█████████▎| 74/79 [00:02<00:00, 28.78it/s]
 97%|█████████▋| 77/79 [00:02<00:00, 27.23it/s]
100%|██████████| 79/79 [00:02<00:00, 32.37it/s]

CommRound: 9/30
Accuracy: 89.10% | Loss: 0.4664
[##################------------------------------------------] 30.0%
Elapsed: 8.6m | Avg/Round: 57.2s | Last: 53.2s | Next: 57.2s | Remaining: 20.0m
ETA: 08:38:35
Recent round times: R1: 50.8s -> R2: 58.9s -> R3: 60.0s -> R4: 58.9s -> R5: 53.2s

  0%|          | 0/79 [00:00<?, ?it/s]
  1%|▏         | 1/79 [00:00<00:11,  6.62it/s]
  6%|▋         | 5/79 [00:00<00:03, 21.18it/s]
 11%|█▏        | 9/79 [00:00<00:02, 26.01it/s]
 16%|█▋        | 13/79 [00:00<00:02, 28.92it/s]
 22%|██▏       | 17/79 [00:00<00:02, 29.93it/s]
 27%|██▋       | 21/79 [00:00<00:01, 30.42it/s]
 32%|███▏      | 25/79 [00:00<00:01, 32.84it/s]
 37%|███▋      | 29/79 [00:00<00:01, 34.47it/s]
 42%|████▏     | 33/79 [00:01<00:01, 35.55it/s]
 47%|████▋     | 37/79 [00:01<00:01, 36.36it/s]
 52%|█████▏    | 41/79 [00:01<00:01, 35.94it/s]
 58%|█████▊    | 46/79 [00:01<00:00, 39.56it/s]
 63%|██████▎   | 50/79 [00:01<00:00, 39.02it/s]
 68%|██████▊   | 54/79 [00:01<00:00, 38.73it/s]
 73%|███████▎  | 58/79 [00:01<00:00, 37.62it/s]
 78%|███████▊  | 62/79 [00:01<00:00, 36.53it/s]
 84%|████████▎ | 66/79 [00:01<00:00, 35.82it/s]
 89%|████████▊ | 70/79 [00:02<00:00, 36.00it/s]
 94%|█████████▎| 74/79 [00:02<00:00, 35.82it/s]
 99%|█████████▊| 78/79 [00:02<00:00, 36.58it/s]
100%|██████████| 79/79 [00:02<00:00, 34.26it/s]

CommRound: 10/30
Accuracy: 89.34% | Loss: 0.4685
[####################----------------------------------------] 33.3%
Elapsed: 9.6m | Avg/Round: 57.4s | Last: 60.1s | Next: 57.4s | Remaining: 19.1m
ETA: 08:38:44
Recent round times: R1: 58.9s -> R2: 60.0s -> R3: 58.9s -> R4: 53.2s -> R5: 60.1s

  0%|          | 0/79 [00:00<?, ?it/s]
  1%|▏         | 1/79 [00:00<00:09,  8.20it/s]
  6%|▋         | 5/79 [00:00<00:03, 21.67it/s]
 11%|█▏        | 9/79 [00:00<00:02, 23.67it/s]
 16%|█▋        | 13/79 [00:00<00:02, 24.59it/s]
 20%|██        | 16/79 [00:00<00:02, 25.97it/s]
 24%|██▍       | 19/79 [00:00<00:02, 24.20it/s]
 29%|██▉       | 23/79 [00:00<00:02, 24.82it/s]
 34%|███▍      | 27/79 [00:01<00:02, 25.12it/s]
 39%|███▉      | 31/79 [00:01<00:01, 26.09it/s]
 44%|████▍     | 35/79 [00:01<00:01, 28.36it/s]
 49%|████▉     | 39/79 [00:01<00:01, 30.54it/s]
 54%|█████▍    | 43/79 [00:01<00:01, 32.26it/s]
 59%|█████▉    | 47/79 [00:01<00:01, 31.54it/s]
 65%|██████▍   | 51/79 [00:01<00:00, 33.41it/s]
 70%|██████▉   | 55/79 [00:01<00:00, 32.62it/s]
 75%|███████▍  | 59/79 [00:02<00:00, 32.41it/s]
 80%|███████▉  | 63/79 [00:02<00:00, 31.56it/s]
 85%|████████▍ | 67/79 [00:02<00:00, 30.55it/s]
 90%|████████▉ | 71/79 [00:02<00:00, 29.03it/s]
 94%|█████████▎| 74/79 [00:02<00:00, 26.63it/s]
 99%|█████████▊| 78/79 [00:02<00:00, 28.79it/s]
100%|██████████| 79/79 [00:02<00:00, 28.32it/s]

CommRound: 11/30
Accuracy: 89.36% | Loss: 0.4709
[######################--------------------------------------] 36.7%
Elapsed: 10.5m | Avg/Round: 57.5s | Last: 57.7s | Next: 57.5s | Remaining: 18.2m
ETA: 08:38:45
Recent round times: R1: 60.0s -> R2: 58.9s -> R3: 53.2s -> R4: 60.1s -> R5: 57.7s

  0%|          | 0/79 [00:00<?, ?it/s]
  1%|▏         | 1/79 [00:00<00:10,  7.77it/s]
  9%|▉         | 7/79 [00:00<00:02, 29.39it/s]
 14%|█▍        | 11/79 [00:00<00:02, 32.44it/s]
 19%|█▉        | 15/79 [00:00<00:01, 34.30it/s]
 24%|██▍       | 19/79 [00:00<00:01, 35.39it/s]
 29%|██▉       | 23/79 [00:00<00:01, 36.16it/s]
 34%|███▍      | 27/79 [00:00<00:01, 36.60it/s]
 39%|███▉      | 31/79 [00:00<00:01, 36.85it/s]
 44%|████▍     | 35/79 [00:01<00:01, 36.33it/s]
 51%|█████     | 40/79 [00:01<00:01, 36.82it/s]
 56%|█████▌    | 44/79 [00:01<00:00, 36.86it/s]
 61%|██████    | 48/79 [00:01<00:00, 36.89it/s]
 66%|██████▌   | 52/79 [00:01<00:00, 36.97it/s]
 71%|███████   | 56/79 [00:01<00:00, 36.12it/s]
 76%|███████▌  | 60/79 [00:01<00:00, 37.04it/s]
 81%|████████  | 64/79 [00:01<00:00, 36.68it/s]
 86%|████████▌ | 68/79 [00:01<00:00, 35.88it/s]
 91%|█████████ | 72/79 [00:02<00:00, 37.02it/s]
 96%|█████████▌| 76/79 [00:02<00:00, 37.03it/s]
100%|██████████| 79/79 [00:02<00:00, 35.76it/s]

CommRound: 12/30
Accuracy: 89.40% | Loss: 0.4732
[########################------------------------------------] 40.0%
Elapsed: 11.5m | Avg/Round: 57.4s | Last: 56.7s | Next: 57.4s | Remaining: 17.2m
ETA: 08:38:43
Recent round times: R1: 58.9s -> R2: 53.2s -> R3: 60.1s -> R4: 57.7s -> R5: 56.7s

  0%|          | 0/79 [00:00<?, ?it/s]
  1%|▏         | 1/79 [00:00<00:10,  7.57it/s]
  9%|▉         | 7/79 [00:00<00:02, 26.59it/s]
 14%|█▍        | 11/79 [00:00<00:02, 26.54it/s]
 19%|█▉        | 15/79 [00:00<00:02, 26.81it/s]
 24%|██▍       | 19/79 [00:00<00:02, 29.43it/s]
 29%|██▉       | 23/79 [00:00<00:01, 31.34it/s]
 34%|███▍      | 27/79 [00:00<00:01, 32.54it/s]
 39%|███▉      | 31/79 [00:01<00:01, 33.41it/s]
 44%|████▍     | 35/79 [00:01<00:01, 34.07it/s]
 49%|████▉     | 39/79 [00:01<00:01, 34.43it/s]
 54%|█████▍    | 43/79 [00:01<00:01, 34.86it/s]
 59%|█████▉    | 47/79 [00:01<00:00, 35.10it/s]
 65%|██████▍   | 51/79 [00:01<00:00, 35.84it/s]
 70%|██████▉   | 55/79 [00:01<00:00, 36.57it/s]
 75%|███████▍  | 59/79 [00:01<00:00, 37.09it/s]
 80%|███████▉  | 63/79 [00:01<00:00, 37.32it/s]
 85%|████████▍ | 67/79 [00:02<00:00, 37.08it/s]
 90%|████████▉ | 71/79 [00:02<00:00, 36.72it/s]
 95%|█████████▍| 75/79 [00:02<00:00, 36.75it/s]
100%|██████████| 79/79 [00:02<00:00, 33.64it/s]

CommRound: 13/30
Accuracy: 89.52% | Loss: 0.4753
[##########################----------------------------------] 43.3%
Elapsed: 12.5m | Avg/Round: 57.9s | Last: 63.2s | Next: 57.9s | Remaining: 16.4m
ETA: 08:38:56
Recent round times: R1: 53.2s -> R2: 60.1s -> R3: 57.7s -> R4: 56.7s -> R5: 63.2s

  0%|          | 0/79 [00:00<?, ?it/s]
  1%|▏         | 1/79 [00:00<00:10,  7.09it/s]
  6%|▋         | 5/79 [00:00<00:03, 20.53it/s]
 11%|█▏        | 9/79 [00:00<00:02, 23.57it/s]
 16%|█▋        | 13/79 [00:00<00:02, 26.38it/s]
 22%|██▏       | 17/79 [00:00<00:02, 29.81it/s]
 27%|██▋       | 21/79 [00:00<00:01, 31.84it/s]
 32%|███▏      | 25/79 [00:00<00:01, 33.29it/s]
 37%|███▋      | 29/79 [00:00<00:01, 34.15it/s]
 42%|████▏     | 33/79 [00:01<00:01, 34.79it/s]
 47%|████▋     | 37/79 [00:01<00:01, 34.96it/s]
 52%|█████▏    | 41/79 [00:01<00:01, 35.28it/s]
 57%|█████▋    | 45/79 [00:01<00:00, 35.60it/s]
 62%|██████▏   | 49/79 [00:01<00:00, 35.99it/s]
 67%|██████▋   | 53/79 [00:01<00:00, 36.05it/s]
 72%|███████▏  | 57/79 [00:01<00:00, 36.11it/s]
 77%|███████▋  | 61/79 [00:01<00:00, 36.30it/s]
 82%|████████▏ | 65/79 [00:01<00:00, 36.50it/s]
 87%|████████▋ | 69/79 [00:02<00:00, 36.37it/s]
 92%|█████████▏| 73/79 [00:02<00:00, 36.51it/s]
 97%|█████████▋| 77/79 [00:02<00:00, 36.53it/s]
100%|██████████| 79/79 [00:02<00:00, 33.85it/s]

CommRound: 14/30
Accuracy: 89.58% | Loss: 0.4773
[############################--------------------------------] 46.7%
Elapsed: 13.4m | Avg/Round: 57.3s | Last: 49.6s | Next: 57.3s | Remaining: 15.3m
ETA: 08:38:39
Recent round times: R1: 60.1s -> R2: 57.7s -> R3: 56.7s -> R4: 63.2s -> R5: 49.6s

  0%|          | 0/79 [00:00<?, ?it/s]
  1%|▏         | 1/79 [00:00<00:09,  7.87it/s]
  8%|▊         | 6/79 [00:00<00:02, 28.46it/s]
 13%|█▎        | 10/79 [00:00<00:02, 30.30it/s]
 18%|█▊        | 14/79 [00:00<00:02, 31.43it/s]
 23%|██▎       | 18/79 [00:00<00:01, 31.93it/s]
 28%|██▊       | 22/79 [00:00<00:01, 32.50it/s]
 33%|███▎      | 26/79 [00:00<00:01, 33.01it/s]
 38%|███▊      | 30/79 [00:00<00:01, 33.26it/s]
 43%|████▎     | 34/79 [00:01<00:01, 33.56it/s]
 48%|████▊     | 38/79 [00:01<00:01, 33.80it/s]
 53%|█████▎    | 42/79 [00:01<00:01, 34.09it/s]
 58%|█████▊    | 46/79 [00:01<00:00, 34.15it/s]
 63%|██████▎   | 50/79 [00:01<00:00, 34.29it/s]
 68%|██████▊   | 54/79 [00:01<00:00, 34.22it/s]
 73%|███████▎  | 58/79 [00:01<00:00, 34.25it/s]
 78%|███████▊  | 62/79 [00:01<00:00, 34.23it/s]
 84%|████████▎ | 66/79 [00:02<00:00, 34.10it/s]
 89%|████████▊ | 70/79 [00:02<00:00, 33.63it/s]
 94%|█████████▎| 74/79 [00:02<00:00, 33.93it/s]
 99%|█████████▊| 78/79 [00:02<00:00, 34.21it/s]
100%|██████████| 79/79 [00:02<00:00, 33.12it/s]

CommRound: 15/30
Accuracy: 89.61% | Loss: 0.4791
[##############################------------------------------] 50.0%
Elapsed: 14.4m | Avg/Round: 57.5s | Last: 60.3s | Next: 57.5s | Remaining: 14.4m
ETA: 08:38:45
Recent round times: R1: 57.7s -> R2: 56.7s -> R3: 63.2s -> R4: 49.6s -> R5: 60.3s

  0%|          | 0/79 [00:00<?, ?it/s]
  1%|▏         | 1/79 [00:00<00:12,  6.42it/s]
  6%|▋         | 5/79 [00:00<00:03, 22.42it/s]
 10%|█         | 8/79 [00:00<00:02, 25.02it/s]
 14%|█▍        | 11/79 [00:00<00:03, 22.36it/s]
 19%|█▉        | 15/79 [00:00<00:02, 25.44it/s]
 24%|██▍       | 19/79 [00:00<00:02, 28.12it/s]
 29%|██▉       | 23/79 [00:00<00:01, 29.83it/s]
 34%|███▍      | 27/79 [00:01<00:01, 30.95it/s]
 39%|███▉      | 31/79 [00:01<00:01, 27.41it/s]
 44%|████▍     | 35/79 [00:01<00:01, 27.21it/s]
 49%|████▉     | 39/79 [00:01<00:01, 26.82it/s]
 54%|█████▍    | 43/79 [00:01<00:01, 27.29it/s]
 59%|█████▉    | 47/79 [00:01<00:01, 29.68it/s]
 65%|██████▍   | 51/79 [00:01<00:00, 31.40it/s]
 70%|██████▉   | 55/79 [00:01<00:00, 32.72it/s]
 75%|███████▍  | 59/79 [00:02<00:00, 33.89it/s]
 80%|███████▉  | 63/79 [00:02<00:00, 31.01it/s]
 85%|████████▍ | 67/79 [00:02<00:00, 29.90it/s]
 90%|████████▉ | 71/79 [00:02<00:00, 27.61it/s]
 95%|█████████▍| 75/79 [00:02<00:00, 26.09it/s]
100%|██████████| 79/79 [00:02<00:00, 27.94it/s]

CommRound: 16/30
Accuracy: 89.65% | Loss: 0.4809
[################################----------------------------] 53.3%
Elapsed: 15.2m | Avg/Round: 57.1s | Last: 51.6s | Next: 57.1s | Remaining: 13.3m
ETA: 08:38:33
Recent round times: R1: 56.7s -> R2: 63.2s -> R3: 49.6s -> R4: 60.3s -> R5: 51.6s

  0%|          | 0/79 [00:00<?, ?it/s]
  1%|▏         | 1/79 [00:00<00:11,  6.80it/s]
  6%|▋         | 5/79 [00:00<00:03, 22.21it/s]
 11%|█▏        | 9/79 [00:00<00:02, 27.44it/s]
 16%|█▋        | 13/79 [00:00<00:02, 30.01it/s]
 22%|██▏       | 17/79 [00:00<00:01, 31.43it/s]
 27%|██▋       | 21/79 [00:00<00:01, 32.34it/s]
 32%|███▏      | 25/79 [00:00<00:01, 30.97it/s]
 37%|███▋      | 29/79 [00:00<00:01, 31.91it/s]
 42%|████▏     | 33/79 [00:01<00:01, 32.63it/s]
 47%|████▋     | 37/79 [00:01<00:01, 33.21it/s]
 52%|█████▏    | 41/79 [00:01<00:01, 33.66it/s]
 57%|█████▋    | 45/79 [00:01<00:01, 33.77it/s]
 62%|██████▏   | 49/79 [00:01<00:00, 33.97it/s]
 67%|██████▋   | 53/79 [00:01<00:00, 31.71it/s]
 72%|███████▏  | 57/79 [00:01<00:00, 29.61it/s]
 77%|███████▋  | 61/79 [00:02<00:00, 28.36it/s]
 82%|████████▏ | 65/79 [00:02<00:00, 28.80it/s]
 87%|████████▋ | 69/79 [00:02<00:00, 27.52it/s]
 92%|█████████▏| 73/79 [00:02<00:00, 27.61it/s]
 97%|█████████▋| 77/79 [00:02<00:00, 28.66it/s]
100%|██████████| 79/79 [00:02<00:00, 30.20it/s]

CommRound: 17/30
Accuracy: 89.66% | Loss: 0.4826
[##################################--------------------------] 56.7%
Elapsed: 16.3m | Avg/Round: 57.5s | Last: 63.5s | Next: 57.5s | Remaining: 12.5m
ETA: 08:38:45
Recent round times: R1: 63.2s -> R2: 49.6s -> R3: 60.3s -> R4: 51.6s -> R5: 63.5s

  0%|          | 0/79 [00:00<?, ?it/s]
  1%|▏         | 1/79 [00:00<00:11,  6.77it/s]
  9%|▉         | 7/79 [00:00<00:02, 27.77it/s]
 14%|█▍        | 11/79 [00:00<00:02, 30.40it/s]
 19%|█▉        | 15/79 [00:00<00:01, 32.11it/s]
 24%|██▍       | 19/79 [00:00<00:01, 33.23it/s]
 29%|██▉       | 23/79 [00:00<00:01, 33.05it/s]
 34%|███▍      | 27/79 [00:00<00:01, 32.76it/s]
 39%|███▉      | 31/79 [00:00<00:01, 33.11it/s]
 44%|████▍     | 35/79 [00:01<00:01, 33.30it/s]
 49%|████▉     | 39/79 [00:01<00:01, 33.42it/s]
 54%|█████▍    | 43/79 [00:01<00:01, 31.06it/s]
 59%|█████▉    | 47/79 [00:01<00:01, 28.55it/s]
 63%|██████▎   | 50/79 [00:01<00:01, 26.24it/s]
 68%|██████▊   | 54/79 [00:01<00:00, 26.35it/s]
 73%|███████▎  | 58/79 [00:01<00:00, 26.32it/s]
 77%|███████▋  | 61/79 [00:02<00:00, 26.98it/s]
 81%|████████  | 64/79 [00:02<00:00, 26.19it/s]
 85%|████████▍ | 67/79 [00:02<00:00, 25.96it/s]
 89%|████████▊ | 70/79 [00:02<00:00, 26.76it/s]
 92%|█████████▏| 73/79 [00:02<00:00, 26.66it/s]
 96%|█████████▌| 76/79 [00:02<00:00, 27.10it/s]
100%|██████████| 79/79 [00:02<00:00, 28.53it/s]

CommRound: 18/30
Accuracy: 89.68% | Loss: 0.4843
[####################################------------------------] 60.0%
Elapsed: 17.2m | Avg/Round: 57.3s | Last: 54.3s | Next: 57.3s | Remaining: 11.5m
ETA: 08:38:39
Recent round times: R1: 49.6s -> R2: 60.3s -> R3: 51.6s -> R4: 63.5s -> R5: 54.3s

  0%|          | 0/79 [00:00<?, ?it/s]
  1%|▏         | 1/79 [00:00<00:13,  5.96it/s]
  6%|▋         | 5/79 [00:00<00:03, 18.64it/s]
 11%|█▏        | 9/79 [00:00<00:03, 22.87it/s]
 16%|█▋        | 13/79 [00:00<00:02, 26.47it/s]
 22%|██▏       | 17/79 [00:00<00:02, 28.75it/s]
 25%|██▌       | 20/79 [00:00<00:02, 28.31it/s]
 30%|███       | 24/79 [00:00<00:01, 28.88it/s]
 35%|███▌      | 28/79 [00:01<00:01, 29.26it/s]
 41%|████      | 32/79 [00:01<00:01, 29.55it/s]
 46%|████▌     | 36/79 [00:01<00:01, 29.74it/s]
 51%|█████     | 40/79 [00:01<00:01, 29.73it/s]
 56%|█████▌    | 44/79 [00:01<00:01, 30.64it/s]
 61%|██████    | 48/79 [00:01<00:00, 32.12it/s]
 66%|██████▌   | 52/79 [00:01<00:00, 33.50it/s]
 71%|███████   | 56/79 [00:01<00:00, 34.05it/s]
 76%|███████▌  | 60/79 [00:02<00:00, 34.30it/s]
 81%|████████  | 64/79 [00:02<00:00, 33.18it/s]
 86%|████████▌ | 68/79 [00:02<00:00, 34.31it/s]
 91%|█████████ | 72/79 [00:02<00:00, 34.39it/s]
 96%|█████████▌| 76/79 [00:02<00:00, 34.53it/s]
100%|██████████| 79/79 [00:02<00:00, 30.57it/s]

CommRound: 19/30
Accuracy: 89.72% | Loss: 0.4855
[######################################----------------------] 63.3%
Elapsed: 18.0m | Avg/Round: 56.9s | Last: 50.5s | Next: 56.9s | Remaining: 10.4m
ETA: 08:38:29
Recent round times: R1: 60.3s -> R2: 51.6s -> R3: 63.5s -> R4: 54.3s -> R5: 50.5s

  0%|          | 0/79 [00:00<?, ?it/s]
  1%|▏         | 1/79 [00:00<00:13,  5.77it/s]
  6%|▋         | 5/79 [00:00<00:03, 20.29it/s]
 10%|█         | 8/79 [00:00<00:03, 23.32it/s]
 14%|█▍        | 11/79 [00:00<00:02, 23.19it/s]
 18%|█▊        | 14/79 [00:00<00:02, 23.94it/s]
 22%|██▏       | 17/79 [00:00<00:02, 24.60it/s]
 25%|██▌       | 20/79 [00:00<00:02, 24.24it/s]
 30%|███       | 24/79 [00:01<00:02, 25.28it/s]
 34%|███▍      | 27/79 [00:01<00:02, 24.67it/s]
 38%|███▊      | 30/79 [00:01<00:01, 24.91it/s]
 42%|████▏     | 33/79 [00:01<00:01, 23.32it/s]
 46%|████▌     | 36/79 [00:01<00:01, 24.49it/s]
 49%|████▉     | 39/79 [00:01<00:01, 23.58it/s]
 53%|█████▎    | 42/79 [00:01<00:01, 23.34it/s]
 57%|█████▋    | 45/79 [00:01<00:01, 24.95it/s]
 62%|██████▏   | 49/79 [00:02<00:01, 27.68it/s]
 67%|██████▋   | 53/79 [00:02<00:00, 29.23it/s]
 72%|███████▏  | 57/79 [00:02<00:00, 27.80it/s]
 77%|███████▋  | 61/79 [00:02<00:00, 26.48it/s]
 82%|████████▏ | 65/79 [00:02<00:00, 25.64it/s]
 87%|████████▋ | 69/79 [00:02<00:00, 25.16it/s]
 92%|█████████▏| 73/79 [00:02<00:00, 24.89it/s]
 97%|█████████▋| 77/79 [00:03<00:00, 24.55it/s]
100%|██████████| 79/79 [00:03<00:00, 24.92it/s]

CommRound: 20/30
Accuracy: 89.77% | Loss: 0.4868
[########################################--------------------] 66.7%
Elapsed: 19.0m | Avg/Round: 56.9s | Last: 56.6s | Next: 56.9s | Remaining: 9.5m
ETA: 08:38:28
Recent round times: R1: 51.6s -> R2: 63.5s -> R3: 54.3s -> R4: 50.5s -> R5: 56.6s

  0%|          | 0/79 [00:00<?, ?it/s]
  1%|▏         | 1/79 [00:00<00:09,  7.83it/s]
  6%|▋         | 5/79 [00:00<00:03, 23.91it/s]
 11%|█▏        | 9/79 [00:00<00:02, 28.62it/s]
 16%|█▋        | 13/79 [00:00<00:02, 30.70it/s]
 22%|██▏       | 17/79 [00:00<00:01, 32.18it/s]
 27%|██▋       | 21/79 [00:00<00:01, 32.71it/s]
 32%|███▏      | 25/79 [00:00<00:01, 33.30it/s]
 37%|███▋      | 29/79 [00:00<00:01, 33.64it/s]
 42%|████▏     | 33/79 [00:01<00:01, 33.85it/s]
 47%|████▋     | 37/79 [00:01<00:01, 34.00it/s]
 52%|█████▏    | 41/79 [00:01<00:01, 34.19it/s]
 57%|█████▋    | 45/79 [00:01<00:01, 33.91it/s]
 62%|██████▏   | 49/79 [00:01<00:00, 34.38it/s]
 67%|██████▋   | 53/79 [00:01<00:00, 34.48it/s]
 72%|███████▏  | 57/79 [00:01<00:00, 32.61it/s]
 77%|███████▋  | 61/79 [00:01<00:00, 31.05it/s]
 82%|████████▏ | 65/79 [00:02<00:00, 30.07it/s]
 87%|████████▋ | 69/79 [00:02<00:00, 30.89it/s]
 92%|█████████▏| 73/79 [00:02<00:00, 29.73it/s]
 97%|█████████▋| 77/79 [00:02<00:00, 29.04it/s]
100%|██████████| 79/79 [00:02<00:00, 31.63it/s]

CommRound: 21/30
Accuracy: 89.76% | Loss: 0.4881
[##########################################------------------] 70.0%
Elapsed: 19.9m | Avg/Round: 56.8s | Last: 54.3s | Next: 56.8s | Remaining: 8.5m
ETA: 08:38:24
Recent round times: R1: 63.5s -> R2: 54.3s -> R3: 50.5s -> R4: 56.6s -> R5: 54.3s

  0%|          | 0/79 [00:00<?, ?it/s]
  1%|▏         | 1/79 [00:00<00:12,  6.32it/s]
  6%|▋         | 5/79 [00:00<00:03, 21.58it/s]
 11%|█▏        | 9/79 [00:00<00:02, 26.99it/s]
 16%|█▋        | 13/79 [00:00<00:02, 29.63it/s]
 22%|██▏       | 17/79 [00:00<00:01, 31.14it/s]
 27%|██▋       | 21/79 [00:00<00:01, 32.20it/s]
 32%|███▏      | 25/79 [00:00<00:01, 32.96it/s]
 37%|███▋      | 29/79 [00:00<00:01, 33.55it/s]
 42%|████▏     | 33/79 [00:01<00:01, 33.98it/s]
 47%|████▋     | 37/79 [00:01<00:01, 34.24it/s]
 52%|█████▏    | 41/79 [00:01<00:01, 33.87it/s]
 57%|█████▋    | 45/79 [00:01<00:01, 33.94it/s]
 62%|██████▏   | 49/79 [00:01<00:00, 33.95it/s]
 67%|██████▋   | 53/79 [00:01<00:00, 33.89it/s]
 72%|███████▏  | 57/79 [00:01<00:00, 33.96it/s]
 77%|███████▋  | 61/79 [00:01<00:00, 33.93it/s]
 82%|████████▏ | 65/79 [00:02<00:00, 33.90it/s]
 87%|████████▋ | 69/79 [00:02<00:00, 33.64it/s]
 92%|█████████▏| 73/79 [00:02<00:00, 33.71it/s]
 97%|█████████▋| 77/79 [00:02<00:00, 33.83it/s]
100%|██████████| 79/79 [00:02<00:00, 32.53it/s]

CommRound: 22/30
Accuracy: 89.76% | Loss: 0.4893
[############################################----------------] 73.3%
Elapsed: 20.9m | Avg/Round: 57.1s | Last: 63.8s | Next: 57.1s | Remaining: 7.6m
ETA: 08:38:34
Recent round times: R1: 54.3s -> R2: 50.5s -> R3: 56.6s -> R4: 54.3s -> R5: 63.8s

  0%|          | 0/79 [00:00<?, ?it/s]
  1%|▏         | 1/79 [00:00<00:15,  4.92it/s]
  6%|▋         | 5/79 [00:00<00:04, 17.76it/s]
 11%|█▏        | 9/79 [00:00<00:03, 22.34it/s]
 15%|█▌        | 12/79 [00:00<00:03, 20.97it/s]
 19%|█▉        | 15/79 [00:00<00:03, 18.42it/s]
 24%|██▍       | 19/79 [00:00<00:02, 21.31it/s]
 29%|██▉       | 23/79 [00:01<00:02, 23.09it/s]
 34%|███▍      | 27/79 [00:01<00:02, 24.80it/s]
 38%|███▊      | 30/79 [00:01<00:01, 25.39it/s]
 42%|████▏     | 33/79 [00:01<00:02, 20.46it/s]
 46%|████▌     | 36/79 [00:01<00:02, 20.85it/s]
 49%|████▉     | 39/79 [00:01<00:02, 17.61it/s]
 52%|█████▏    | 41/79 [00:02<00:02, 16.95it/s]
 54%|█████▍    | 43/79 [00:02<00:02, 16.36it/s]
 57%|█████▋    | 45/79 [00:02<00:02, 16.22it/s]
 59%|█████▉    | 47/79 [00:02<00:01, 16.84it/s]
 62%|██████▏   | 49/79 [00:02<00:01, 16.56it/s]
 65%|██████▍   | 51/79 [00:02<00:01, 16.64it/s]
 67%|██████▋   | 53/79 [00:02<00:01, 16.73it/s]
 70%|██████▉   | 55/79 [00:02<00:01, 17.00it/s]
 72%|███████▏  | 57/79 [00:03<00:01, 16.46it/s]
 75%|███████▍  | 59/79 [00:03<00:01, 16.05it/s]
 77%|███████▋  | 61/79 [00:03<00:01, 16.24it/s]
 80%|███████▉  | 63/79 [00:03<00:00, 16.14it/s]
 82%|████████▏ | 65/79 [00:03<00:00, 15.90it/s]
 85%|████████▍ | 67/79 [00:03<00:00, 15.82it/s]
 87%|████████▋ | 69/79 [00:03<00:00, 16.05it/s]
 90%|████████▉ | 71/79 [00:03<00:00, 15.83it/s]
 92%|█████████▏| 73/79 [00:04<00:00, 16.04it/s]
 96%|█████████▌| 76/79 [00:04<00:00, 19.32it/s]
100%|██████████| 79/79 [00:04<00:00, 18.38it/s]

CommRound: 23/30
Accuracy: 89.81% | Loss: 0.4905
[##############################################--------------] 76.7%
Elapsed: 22.0m | Avg/Round: 57.5s | Last: 65.8s | Next: 57.5s | Remaining: 6.7m
ETA: 08:38:45
Recent round times: R1: 50.5s -> R2: 56.6s -> R3: 54.3s -> R4: 63.8s -> R5: 65.8s

  0%|          | 0/79 [00:00<?, ?it/s]
  1%|▏         | 1/79 [00:00<00:12,  6.10it/s]
  6%|▋         | 5/79 [00:00<00:03, 19.93it/s]
 11%|█▏        | 9/79 [00:00<00:02, 23.80it/s]
 16%|█▋        | 13/79 [00:00<00:02, 25.71it/s]
 22%|██▏       | 17/79 [00:00<00:02, 26.85it/s]
 27%|██▋       | 21/79 [00:00<00:02, 27.75it/s]
 32%|███▏      | 25/79 [00:00<00:01, 27.96it/s]
 37%|███▋      | 29/79 [00:01<00:01, 27.52it/s]
 42%|████▏     | 33/79 [00:01<00:01, 27.97it/s]
 47%|████▋     | 37/79 [00:01<00:01, 27.80it/s]
 52%|█████▏    | 41/79 [00:01<00:01, 27.73it/s]
 57%|█████▋    | 45/79 [00:01<00:01, 28.10it/s]
 62%|██████▏   | 49/79 [00:01<00:01, 28.07it/s]
 67%|██████▋   | 53/79 [00:01<00:00, 27.83it/s]
 71%|███████   | 56/79 [00:02<00:00, 28.30it/s]
 75%|███████▍  | 59/79 [00:02<00:00, 23.76it/s]
 78%|███████▊  | 62/79 [00:02<00:00, 20.59it/s]
 82%|████████▏ | 65/79 [00:02<00:00, 18.96it/s]
 86%|████████▌ | 68/79 [00:02<00:00, 17.55it/s]
 89%|████████▊ | 70/79 [00:02<00:00, 17.55it/s]
 91%|█████████ | 72/79 [00:03<00:00, 17.64it/s]
 94%|█████████▎| 74/79 [00:03<00:00, 17.31it/s]
 96%|█████████▌| 76/79 [00:03<00:00, 17.07it/s]
100%|██████████| 79/79 [00:03<00:00, 23.05it/s]

CommRound: 24/30
Accuracy: 89.85% | Loss: 0.4917
[################################################------------] 80.0%
Elapsed: 22.9m | Avg/Round: 57.2s | Last: 51.6s | Next: 57.2s | Remaining: 5.7m
ETA: 08:38:38
Recent round times: R1: 56.6s -> R2: 54.3s -> R3: 63.8s -> R4: 65.8s -> R5: 51.6s

  0%|          | 0/79 [00:00<?, ?it/s]
  1%|▏         | 1/79 [00:00<00:10,  7.31it/s]
  6%|▋         | 5/79 [00:00<00:03, 20.45it/s]
 11%|█▏        | 9/79 [00:00<00:02, 23.71it/s]
 16%|█▋        | 13/79 [00:00<00:02, 25.98it/s]
 22%|██▏       | 17/79 [00:00<00:02, 27.30it/s]
 27%|██▋       | 21/79 [00:00<00:02, 28.22it/s]
 30%|███       | 24/79 [00:00<00:02, 25.76it/s]
 34%|███▍      | 27/79 [00:01<00:02, 18.98it/s]
 38%|███▊      | 30/79 [00:01<00:02, 19.56it/s]
 42%|████▏     | 33/79 [00:01<00:02, 20.36it/s]
 47%|████▋     | 37/79 [00:01<00:01, 23.32it/s]
 52%|█████▏    | 41/79 [00:01<00:01, 25.24it/s]
 57%|█████▋    | 45/79 [00:01<00:01, 26.61it/s]
 62%|██████▏   | 49/79 [00:02<00:01, 27.72it/s]
 67%|██████▋   | 53/79 [00:02<00:01, 25.81it/s]
 71%|███████   | 56/79 [00:02<00:00, 25.74it/s]
 75%|███████▍  | 59/79 [00:02<00:00, 21.45it/s]
 80%|███████▉  | 63/79 [00:02<00:00, 23.58it/s]
 85%|████████▍ | 67/79 [00:02<00:00, 25.33it/s]
 90%|████████▉ | 71/79 [00:02<00:00, 26.55it/s]
 94%|█████████▎| 74/79 [00:03<00:00, 26.37it/s]
 97%|█████████▋| 77/79 [00:03<00:00, 22.61it/s]
100%|██████████| 79/79 [00:03<00:00, 24.17it/s]

CommRound: 25/30
Accuracy: 89.87% | Loss: 0.4927
[##################################################----------] 83.3%
Elapsed: 23.9m | Avg/Round: 57.4s | Last: 60.9s | Next: 57.4s | Remaining: 4.8m
ETA: 08:38:42
Recent round times: R1: 54.3s -> R2: 63.8s -> R3: 65.8s -> R4: 51.6s -> R5: 60.9s

  0%|          | 0/79 [00:00<?, ?it/s]
  1%|▏         | 1/79 [00:00<00:18,  4.12it/s]
  8%|▊         | 6/79 [00:00<00:03, 18.73it/s]
 11%|█▏        | 9/79 [00:00<00:03, 20.46it/s]
 16%|█▋        | 13/79 [00:00<00:02, 23.47it/s]
 22%|██▏       | 17/79 [00:00<00:02, 24.44it/s]
 27%|██▋       | 21/79 [00:00<00:02, 25.73it/s]
 32%|███▏      | 25/79 [00:01<00:02, 24.64it/s]
 37%|███▋      | 29/79 [00:01<00:01, 26.40it/s]
 41%|████      | 32/79 [00:01<00:01, 26.54it/s]
 44%|████▍     | 35/79 [00:01<00:01, 26.61it/s]
 48%|████▊     | 38/79 [00:01<00:01, 25.44it/s]
 52%|█████▏    | 41/79 [00:01<00:01, 21.80it/s]
 57%|█████▋    | 45/79 [00:01<00:01, 23.30it/s]
 62%|██████▏   | 49/79 [00:02<00:01, 25.74it/s]
 67%|██████▋   | 53/79 [00:02<00:00, 27.19it/s]
 72%|███████▏  | 57/79 [00:02<00:00, 26.70it/s]
 76%|███████▌  | 60/79 [00:02<00:00, 26.27it/s]
 80%|███████▉  | 63/79 [00:02<00:00, 26.15it/s]
 84%|████████▎ | 66/79 [00:02<00:00, 25.90it/s]
 87%|████████▋ | 69/79 [00:02<00:00, 22.74it/s]
 92%|█████████▏| 73/79 [00:03<00:00, 23.63it/s]
 97%|█████████▋| 77/79 [00:03<00:00, 25.34it/s]
100%|██████████| 79/79 [00:03<00:00, 24.67it/s]

CommRound: 26/30
Accuracy: 89.92% | Loss: 0.4937
[####################################################--------] 86.7%
Elapsed: 24.9m | Avg/Round: 57.4s | Last: 58.3s | Next: 57.4s | Remaining: 3.8m
ETA: 08:38:43
Recent round times: R1: 63.8s -> R2: 65.8s -> R3: 51.6s -> R4: 60.9s -> R5: 58.3s

  0%|          | 0/79 [00:00<?, ?it/s]
  1%|▏         | 1/79 [00:00<00:16,  4.77it/s]
  6%|▋         | 5/79 [00:00<00:04, 16.28it/s]
 11%|█▏        | 9/79 [00:00<00:03, 22.45it/s]
 16%|█▋        | 13/79 [00:00<00:02, 25.99it/s]
 22%|██▏       | 17/79 [00:00<00:02, 27.68it/s]
 27%|██▋       | 21/79 [00:00<00:01, 29.78it/s]
 32%|███▏      | 25/79 [00:00<00:01, 29.66it/s]
 37%|███▋      | 29/79 [00:01<00:01, 30.22it/s]
 42%|████▏     | 33/79 [00:01<00:01, 30.45it/s]
 47%|████▋     | 37/79 [00:01<00:01, 30.41it/s]
 52%|█████▏    | 41/79 [00:01<00:01, 26.97it/s]
 56%|█████▌    | 44/79 [00:01<00:01, 21.44it/s]
 59%|█████▉    | 47/79 [00:01<00:01, 22.59it/s]
 63%|██████▎   | 50/79 [00:02<00:01, 21.18it/s]
 68%|██████▊   | 54/79 [00:02<00:01, 21.70it/s]
 73%|███████▎  | 58/79 [00:02<00:00, 23.54it/s]
 78%|███████▊  | 62/79 [00:02<00:00, 25.14it/s]
 84%|████████▎ | 66/79 [00:02<00:00, 26.85it/s]
 89%|████████▊ | 70/79 [00:02<00:00, 28.29it/s]
 94%|█████████▎| 74/79 [00:02<00:00, 29.04it/s]
 99%|█████████▊| 78/79 [00:03<00:00, 29.69it/s]
100%|██████████| 79/79 [00:03<00:00, 25.95it/s]

CommRound: 27/30
Accuracy: 89.95% | Loss: 0.4946
[######################################################------] 90.0%
Elapsed: 25.9m | Avg/Round: 57.6s | Last: 61.3s | Next: 57.6s | Remaining: 2.9m
ETA: 08:38:48
Recent round times: R1: 65.8s -> R2: 51.6s -> R3: 60.9s -> R4: 58.3s -> R5: 61.3s

  0%|          | 0/79 [00:00<?, ?it/s]
  1%|▏         | 1/79 [00:00<00:12,  6.08it/s]
  6%|▋         | 5/79 [00:00<00:04, 18.09it/s]
  9%|▉         | 7/79 [00:00<00:03, 18.42it/s]
 11%|█▏        | 9/79 [00:00<00:03, 18.35it/s]
 14%|█▍        | 11/79 [00:00<00:03, 17.62it/s]
 16%|█▋        | 13/79 [00:00<00:03, 17.84it/s]
 19%|█▉        | 15/79 [00:00<00:03, 18.17it/s]
 22%|██▏       | 17/79 [00:00<00:03, 17.79it/s]
 24%|██▍       | 19/79 [00:01<00:03, 17.99it/s]
 29%|██▉       | 23/79 [00:01<00:02, 22.26it/s]
 34%|███▍      | 27/79 [00:01<00:02, 23.32it/s]
 38%|███▊      | 30/79 [00:01<00:02, 23.53it/s]
 42%|████▏     | 33/79 [00:01<00:02, 21.82it/s]
 47%|████▋     | 37/79 [00:01<00:01, 24.56it/s]
 52%|█████▏    | 41/79 [00:01<00:01, 25.27it/s]
 57%|█████▋    | 45/79 [00:02<00:01, 27.27it/s]
 61%|██████    | 48/79 [00:02<00:01, 27.41it/s]
 65%|██████▍   | 51/79 [00:02<00:01, 24.07it/s]
 68%|██████▊   | 54/79 [00:02<00:00, 25.21it/s]
 72%|███████▏  | 57/79 [00:02<00:01, 20.63it/s]
 76%|███████▌  | 60/79 [00:02<00:00, 21.12it/s]
 82%|████████▏ | 65/79 [00:02<00:00, 25.72it/s]
 86%|████████▌ | 68/79 [00:03<00:00, 24.62it/s]
 90%|████████▉ | 71/79 [00:03<00:00, 24.00it/s]
 94%|█████████▎| 74/79 [00:03<00:00, 21.16it/s]
 97%|█████████▋| 77/79 [00:03<00:00, 21.34it/s]
100%|██████████| 79/79 [00:03<00:00, 22.01it/s]

CommRound: 28/30
Accuracy: 90.01% | Loss: 0.4955
[########################################################----] 93.3%
Elapsed: 27.0m | Avg/Round: 57.8s | Last: 65.0s | Next: 57.8s | Remaining: 1.9m
ETA: 08:38:56
Recent round times: R1: 51.6s -> R2: 60.9s -> R3: 58.3s -> R4: 61.3s -> R5: 65.0s

  0%|          | 0/79 [00:00<?, ?it/s]
  1%|▏         | 1/79 [00:00<00:10,  7.47it/s]
  6%|▋         | 5/79 [00:00<00:03, 22.65it/s]
 10%|█         | 8/79 [00:00<00:02, 25.13it/s]
 14%|█▍        | 11/79 [00:00<00:02, 23.96it/s]
 18%|█▊        | 14/79 [00:00<00:04, 13.54it/s]
 22%|██▏       | 17/79 [00:01<00:04, 15.12it/s]
 27%|██▋       | 21/79 [00:01<00:03, 17.53it/s]
 32%|███▏      | 25/79 [00:01<00:02, 20.86it/s]
 37%|███▋      | 29/79 [00:01<00:02, 23.77it/s]
 42%|████▏     | 33/79 [00:01<00:01, 25.80it/s]
 47%|████▋     | 37/79 [00:01<00:01, 27.55it/s]
 52%|█████▏    | 41/79 [00:01<00:01, 28.26it/s]
 57%|█████▋    | 45/79 [00:01<00:01, 28.43it/s]
 61%|██████    | 48/79 [00:02<00:01, 28.76it/s]
 65%|██████▍   | 51/79 [00:02<00:01, 24.79it/s]
 70%|██████▉   | 55/79 [00:02<00:00, 26.66it/s]
 75%|███████▍  | 59/79 [00:02<00:00, 27.93it/s]
 80%|███████▉  | 63/79 [00:02<00:00, 28.84it/s]
 85%|████████▍ | 67/79 [00:02<00:00, 29.60it/s]
 90%|████████▉ | 71/79 [00:02<00:00, 30.03it/s]
 95%|█████████▍| 75/79 [00:03<00:00, 29.08it/s]
100%|██████████| 79/79 [00:03<00:00, 25.03it/s]

CommRound: 29/30
Accuracy: 90.03% | Loss: 0.4963
[##########################################################--] 96.7%
Elapsed: 27.9m | Avg/Round: 57.7s | Last: 52.6s | Next: 57.7s | Remaining: 1.0m
ETA: 08:38:50
Recent round times: R1: 60.9s -> R2: 58.3s -> R3: 61.3s -> R4: 65.0s -> R5: 52.6s

  0%|          | 0/79 [00:00<?, ?it/s]
  1%|▏         | 1/79 [00:00<00:11,  6.78it/s]
  6%|▋         | 5/79 [00:00<00:03, 22.12it/s]
 11%|█▏        | 9/79 [00:00<00:04, 14.38it/s]
 16%|█▋        | 13/79 [00:00<00:03, 18.81it/s]
 22%|██▏       | 17/79 [00:00<00:02, 21.67it/s]
 27%|██▋       | 21/79 [00:01<00:02, 21.10it/s]
 30%|███       | 24/79 [00:01<00:02, 21.28it/s]
 34%|███▍      | 27/79 [00:01<00:02, 18.76it/s]
 38%|███▊      | 30/79 [00:01<00:02, 20.38it/s]
 42%|████▏     | 33/79 [00:01<00:02, 18.13it/s]
 46%|████▌     | 36/79 [00:01<00:02, 20.40it/s]
 49%|████▉     | 39/79 [00:02<00:02, 18.84it/s]
 54%|█████▍    | 43/79 [00:02<00:01, 20.61it/s]
 58%|█████▊    | 46/79 [00:02<00:01, 20.99it/s]
 62%|██████▏   | 49/79 [00:02<00:01, 19.78it/s]
 66%|██████▌   | 52/79 [00:02<00:01, 20.40it/s]
 70%|██████▉   | 55/79 [00:02<00:01, 22.39it/s]
 75%|███████▍  | 59/79 [00:02<00:00, 24.84it/s]
 80%|███████▉  | 63/79 [00:03<00:00, 26.69it/s]
 85%|████████▍ | 67/79 [00:03<00:00, 27.68it/s]
 89%|████████▊ | 70/79 [00:03<00:00, 28.23it/s]
 94%|█████████▎| 74/79 [00:03<00:00, 26.73it/s]
 99%|█████████▊| 78/79 [00:03<00:00, 26.51it/s]
100%|██████████| 79/79 [00:03<00:00, 21.93it/s]

CommRound: 30/30
Accuracy: 90.09% | Loss: 0.4972
[############################################################] 100.0%
Elapsed: 28.8m | Avg/Round: 57.6s | Last: 56.1s | Next: 57.6s | Remaining: 0.0m
ETA: 08:38:49
Recent round times: R1: 58.3s -> R2: 61.3s -> R3: 65.0s -> R4: 52.6s -> R5: 56.1s
Total time for experiment: 1728.0146832466125 seconds
Device average training time per communication round [s]:
    rpi (sld-rpi-09.ece.utexas.edu): 6.84 seconds
    mc1 (sld-mc1-09.ece.utexas.edu): 53.59 seconds
