
  0%|          | 0/79 [00:00<?, ?it/s]
  1%|▏         | 1/79 [00:00<00:07,  9.92it/s]
  6%|▋         | 5/79 [00:00<00:02, 26.87it/s]
 11%|█▏        | 9/79 [00:00<00:02, 31.15it/s]
 16%|█▋        | 13/79 [00:00<00:01, 33.26it/s]
 22%|██▏       | 17/79 [00:00<00:01, 34.38it/s]
 27%|██▋       | 21/79 [00:00<00:01, 35.22it/s]
 32%|███▏      | 25/79 [00:00<00:01, 35.77it/s]
 37%|███▋      | 29/79 [00:00<00:01, 36.10it/s]
 42%|████▏     | 33/79 [00:00<00:01, 36.31it/s]
 47%|████▋     | 37/79 [00:01<00:01, 36.49it/s]
 52%|█████▏    | 41/79 [00:01<00:01, 36.61it/s]
 57%|█████▋    | 45/79 [00:01<00:00, 36.68it/s]
 62%|██████▏   | 49/79 [00:01<00:00, 36.77it/s]
 67%|██████▋   | 53/79 [00:01<00:00, 36.71it/s]
 72%|███████▏  | 57/79 [00:01<00:00, 37.06it/s]
 77%|███████▋  | 61/79 [00:01<00:00, 36.95it/s]
 82%|████████▏ | 65/79 [00:01<00:00, 37.07it/s]
 87%|████████▋ | 69/79 [00:01<00:00, 36.94it/s]
 92%|█████████▏| 73/79 [00:02<00:00, 36.86it/s]
 97%|█████████▋| 77/79 [00:02<00:00, 36.69it/s]
100%|██████████| 79/79 [00:02<00:00, 36.08it/s]
Initial Accuracy: 9.48%; Initial Loss: 2.3109

  0%|          | 0/79 [00:00<?, ?it/s]
  1%|▏         | 1/79 [00:00<00:11,  6.75it/s]
  6%|▋         | 5/79 [00:00<00:04, 17.39it/s]
 10%|█         | 8/79 [00:00<00:03, 21.71it/s]
 14%|█▍        | 11/79 [00:00<00:03, 20.15it/s]
 18%|█▊        | 14/79 [00:00<00:02, 22.86it/s]
 22%|██▏       | 17/79 [00:00<00:02, 20.91it/s]
 25%|██▌       | 20/79 [00:00<00:02, 22.87it/s]
 29%|██▉       | 23/79 [00:01<00:02, 21.07it/s]
 33%|███▎      | 26/79 [00:01<00:02, 22.72it/s]
 37%|███▋      | 29/79 [00:01<00:02, 21.49it/s]
 41%|████      | 32/79 [00:01<00:02, 23.36it/s]
 44%|████▍     | 35/79 [00:01<00:02, 21.87it/s]
 48%|████▊     | 38/79 [00:01<00:01, 23.71it/s]
 52%|█████▏    | 41/79 [00:01<00:01, 22.04it/s]
 56%|█████▌    | 44/79 [00:02<00:01, 23.87it/s]
 59%|█████▉    | 47/79 [00:02<00:01, 22.40it/s]
 65%|██████▍   | 51/79 [00:02<00:01, 24.00it/s]
 70%|██████▉   | 55/79 [00:02<00:01, 23.65it/s]
 75%|███████▍  | 59/79 [00:02<00:00, 23.36it/s]
 80%|███████▉  | 63/79 [00:02<00:00, 26.09it/s]
 84%|████████▎ | 66/79 [00:02<00:00, 26.92it/s]
 89%|████████▊ | 70/79 [00:02<00:00, 29.37it/s]
 94%|█████████▎| 74/79 [00:03<00:00, 30.95it/s]
 99%|█████████▊| 78/79 [00:03<00:00, 32.28it/s]
100%|██████████| 79/79 [00:03<00:00, 24.46it/s]

CommRound: 1/30
Accuracy: 57.06% | Loss: 1.2757
[##----------------------------------------------------------] 3.3%
Elapsed: 0.2m | Avg/Round: 12.4s | Last: 10.2s | Next: 12.4s | Remaining: 6.0m
ETA: 06:09:49
Recent round times: R1: 10.2s

  0%|          | 0/79 [00:00<?, ?it/s]
  1%|▏         | 1/79 [00:00<00:09,  8.01it/s]
  6%|▋         | 5/79 [00:00<00:02, 24.72it/s]
 11%|█▏        | 9/79 [00:00<00:02, 29.61it/s]
 16%|█▋        | 13/79 [00:00<00:02, 31.82it/s]
 22%|██▏       | 17/79 [00:00<00:01, 33.30it/s]
 27%|██▋       | 21/79 [00:00<00:01, 34.27it/s]
 32%|███▏      | 25/79 [00:00<00:01, 35.02it/s]
 37%|███▋      | 29/79 [00:00<00:01, 35.47it/s]
 42%|████▏     | 33/79 [00:01<00:01, 35.68it/s]
 47%|████▋     | 37/79 [00:01<00:01, 35.96it/s]
 52%|█████▏    | 41/79 [00:01<00:01, 36.13it/s]
 57%|█████▋    | 45/79 [00:01<00:00, 36.28it/s]
 62%|██████▏   | 49/79 [00:01<00:00, 36.43it/s]
 67%|██████▋   | 53/79 [00:01<00:00, 36.47it/s]
 72%|███████▏  | 57/79 [00:01<00:00, 36.37it/s]
 77%|███████▋  | 61/79 [00:01<00:00, 36.57it/s]
 82%|████████▏ | 65/79 [00:01<00:00, 36.38it/s]
 87%|████████▋ | 69/79 [00:01<00:00, 36.31it/s]
 92%|█████████▏| 73/79 [00:02<00:00, 34.69it/s]
 97%|█████████▋| 77/79 [00:02<00:00, 30.82it/s]
100%|██████████| 79/79 [00:02<00:00, 34.21it/s]

CommRound: 2/30
Accuracy: 69.97% | Loss: 0.8310
[####--------------------------------------------------------] 6.7%
Elapsed: 0.4m | Avg/Round: 11.0s | Last: 9.5s | Next: 11.0s | Remaining: 5.1m
ETA: 06:09:05
Recent round times: R1: 10.2s -> R2: 9.5s

  0%|          | 0/79 [00:00<?, ?it/s]
  1%|▏         | 1/79 [00:00<00:11,  7.07it/s]
  6%|▋         | 5/79 [00:00<00:04, 16.60it/s]
  9%|▉         | 7/79 [00:00<00:04, 17.61it/s]
 13%|█▎        | 10/79 [00:00<00:03, 21.58it/s]
 16%|█▋        | 13/79 [00:00<00:03, 18.75it/s]
 19%|█▉        | 15/79 [00:00<00:03, 19.06it/s]
 22%|██▏       | 17/79 [00:00<00:03, 19.30it/s]
 25%|██▌       | 20/79 [00:01<00:02, 20.89it/s]
 29%|██▉       | 23/79 [00:01<00:02, 19.37it/s]
 32%|███▏      | 25/79 [00:01<00:02, 19.44it/s]
 35%|███▌      | 28/79 [00:01<00:02, 20.27it/s]
 39%|███▉      | 31/79 [00:01<00:02, 19.62it/s]
 42%|████▏     | 33/79 [00:01<00:02, 19.62it/s]
 46%|████▌     | 36/79 [00:01<00:02, 19.91it/s]
 49%|████▉     | 39/79 [00:02<00:02, 19.92it/s]
 53%|█████▎    | 42/79 [00:02<00:01, 19.52it/s]
 56%|█████▌    | 44/79 [00:02<00:01, 19.48it/s]
 58%|█████▊    | 46/79 [00:02<00:01, 19.42it/s]
 62%|██████▏   | 49/79 [00:02<00:01, 21.53it/s]
 67%|██████▋   | 53/79 [00:02<00:01, 25.51it/s]
 72%|███████▏  | 57/79 [00:02<00:00, 28.51it/s]
 77%|███████▋  | 61/79 [00:02<00:00, 30.63it/s]
 82%|████████▏ | 65/79 [00:02<00:00, 32.19it/s]
 87%|████████▋ | 69/79 [00:03<00:00, 33.20it/s]
 92%|█████████▏| 73/79 [00:03<00:00, 33.68it/s]
 97%|█████████▋| 77/79 [00:03<00:00, 27.92it/s]
100%|██████████| 79/79 [00:03<00:00, 22.98it/s]

CommRound: 3/30
Accuracy: 77.74% | Loss: 0.6692
[######------------------------------------------------------] 10.0%
Elapsed: 0.5m | Avg/Round: 10.9s | Last: 10.8s | Next: 10.9s | Remaining: 4.9m
ETA: 06:09:03
Recent round times: R1: 10.2s -> R2: 9.5s -> R3: 10.8s

  0%|          | 0/79 [00:00<?, ?it/s]
  1%|▏         | 1/79 [00:00<00:08,  9.14it/s]
  6%|▋         | 5/79 [00:00<00:02, 26.11it/s]
 11%|█▏        | 9/79 [00:00<00:02, 30.10it/s]
 16%|█▋        | 13/79 [00:00<00:02, 31.69it/s]
 22%|██▏       | 17/79 [00:00<00:01, 32.57it/s]
 27%|██▋       | 21/79 [00:00<00:01, 33.16it/s]
 32%|███▏      | 25/79 [00:00<00:01, 33.60it/s]
 37%|███▋      | 29/79 [00:00<00:01, 33.84it/s]
 42%|████▏     | 33/79 [00:01<00:01, 34.12it/s]
 47%|████▋     | 37/79 [00:01<00:01, 34.30it/s]
 52%|█████▏    | 41/79 [00:01<00:01, 34.31it/s]
 57%|█████▋    | 45/79 [00:01<00:00, 34.49it/s]
 62%|██████▏   | 49/79 [00:01<00:00, 34.78it/s]
 67%|██████▋   | 53/79 [00:01<00:00, 35.18it/s]
 72%|███████▏  | 57/79 [00:01<00:00, 35.15it/s]
 77%|███████▋  | 61/79 [00:01<00:00, 29.03it/s]
 82%|████████▏ | 65/79 [00:02<00:00, 26.73it/s]
 86%|████████▌ | 68/79 [00:02<00:00, 24.48it/s]
 90%|████████▉ | 71/79 [00:02<00:00, 25.13it/s]
 94%|█████████▎| 74/79 [00:02<00:00, 24.12it/s]
 97%|█████████▋| 77/79 [00:02<00:00, 24.16it/s]
100%|██████████| 79/79 [00:02<00:00, 29.73it/s]

CommRound: 4/30
Accuracy: 80.32% | Loss: 0.6038
[########----------------------------------------------------] 13.3%
Elapsed: 0.7m | Avg/Round: 10.6s | Last: 9.7s | Next: 10.6s | Remaining: 4.6m
ETA: 06:08:54
Recent round times: R1: 10.2s -> R2: 9.5s -> R3: 10.8s -> R4: 9.7s

  0%|          | 0/79 [00:00<?, ?it/s]
  1%|▏         | 1/79 [00:00<00:10,  7.33it/s]
  6%|▋         | 5/79 [00:00<00:03, 20.23it/s]
 10%|█         | 8/79 [00:00<00:03, 21.25it/s]
 14%|█▍        | 11/79 [00:00<00:02, 23.65it/s]
 18%|█▊        | 14/79 [00:00<00:03, 21.66it/s]
 23%|██▎       | 18/79 [00:00<00:02, 22.59it/s]
 27%|██▋       | 21/79 [00:00<00:02, 24.27it/s]
 30%|███       | 24/79 [00:01<00:02, 22.89it/s]
 35%|███▌      | 28/79 [00:01<00:02, 23.53it/s]
 41%|████      | 32/79 [00:01<00:01, 23.82it/s]
 46%|████▌     | 36/79 [00:01<00:01, 23.57it/s]
 49%|████▉     | 39/79 [00:01<00:01, 23.68it/s]
 53%|█████▎    | 42/79 [00:01<00:01, 21.44it/s]
 57%|█████▋    | 45/79 [00:02<00:01, 21.51it/s]
 61%|██████    | 48/79 [00:02<00:01, 22.06it/s]
 66%|██████▌   | 52/79 [00:02<00:01, 23.05it/s]
 71%|███████   | 56/79 [00:02<00:00, 23.71it/s]
 76%|███████▌  | 60/79 [00:02<00:00, 24.11it/s]
 81%|████████  | 64/79 [00:02<00:00, 24.13it/s]
 86%|████████▌ | 68/79 [00:02<00:00, 23.99it/s]
 91%|█████████ | 72/79 [00:03<00:00, 24.27it/s]
 96%|█████████▌| 76/79 [00:03<00:00, 23.80it/s]
100%|██████████| 79/79 [00:03<00:00, 23.39it/s]

CommRound: 5/30
Accuracy: 83.12% | Loss: 0.5635
[##########--------------------------------------------------] 16.7%
Elapsed: 0.9m | Avg/Round: 10.6s | Last: 10.6s | Next: 10.6s | Remaining: 4.4m
ETA: 06:08:54
Recent round times: R1: 10.2s -> R2: 9.5s -> R3: 10.8s -> R4: 9.7s -> R5: 10.6s

  0%|          | 0/79 [00:00<?, ?it/s]
  1%|▏         | 1/79 [00:00<00:07,  9.97it/s]
  5%|▌         | 4/79 [00:00<00:03, 21.55it/s]
 10%|█         | 8/79 [00:00<00:03, 22.13it/s]
 15%|█▌        | 12/79 [00:00<00:02, 22.54it/s]
 20%|██        | 16/79 [00:00<00:02, 22.76it/s]
 25%|██▌       | 20/79 [00:00<00:02, 26.78it/s]
 30%|███       | 24/79 [00:00<00:01, 29.40it/s]
 35%|███▌      | 28/79 [00:01<00:01, 31.34it/s]
 41%|████      | 32/79 [00:01<00:01, 31.88it/s]
 46%|████▌     | 36/79 [00:01<00:01, 32.18it/s]
 51%|█████     | 40/79 [00:01<00:01, 32.72it/s]
 56%|█████▌    | 44/79 [00:01<00:01, 32.60it/s]
 61%|██████    | 48/79 [00:01<00:00, 32.65it/s]
 66%|██████▌   | 52/79 [00:01<00:00, 32.80it/s]
 71%|███████   | 56/79 [00:01<00:00, 33.51it/s]
 76%|███████▌  | 60/79 [00:02<00:00, 33.96it/s]
 81%|████████  | 64/79 [00:02<00:00, 32.65it/s]
 86%|████████▌ | 68/79 [00:02<00:00, 30.85it/s]
 91%|█████████ | 72/79 [00:02<00:00, 30.14it/s]
 96%|█████████▌| 76/79 [00:02<00:00, 28.86it/s]
100%|██████████| 79/79 [00:02<00:00, 29.79it/s]

CommRound: 6/30
Accuracy: 83.38% | Loss: 0.5831
[############------------------------------------------------] 20.0%
Elapsed: 1.1m | Avg/Round: 10.5s | Last: 10.1s | Next: 10.5s | Remaining: 4.2m
ETA: 06:08:52
Recent round times: R1: 9.5s -> R2: 10.8s -> R3: 9.7s -> R4: 10.6s -> R5: 10.1s

  0%|          | 0/79 [00:00<?, ?it/s]
  1%|▏         | 1/79 [00:00<00:08,  8.88it/s]
  8%|▊         | 6/79 [00:00<00:02, 25.90it/s]
 13%|█▎        | 10/79 [00:00<00:02, 27.77it/s]
 18%|█▊        | 14/79 [00:00<00:02, 28.64it/s]
 23%|██▎       | 18/79 [00:00<00:01, 30.56it/s]
 28%|██▊       | 22/79 [00:00<00:01, 32.14it/s]
 33%|███▎      | 26/79 [00:00<00:01, 33.38it/s]
 38%|███▊      | 30/79 [00:00<00:01, 34.24it/s]
 43%|████▎     | 34/79 [00:01<00:01, 31.12it/s]
 48%|████▊     | 38/79 [00:01<00:01, 26.88it/s]
 53%|█████▎    | 42/79 [00:01<00:01, 24.54it/s]
 57%|█████▋    | 45/79 [00:01<00:01, 25.66it/s]
 61%|██████    | 48/79 [00:01<00:01, 22.02it/s]
 66%|██████▌   | 52/79 [00:01<00:01, 24.07it/s]
 71%|███████   | 56/79 [00:02<00:00, 26.93it/s]
 76%|███████▌  | 60/79 [00:02<00:00, 29.12it/s]
 81%|████████  | 64/79 [00:02<00:00, 30.86it/s]
 86%|████████▌ | 68/79 [00:02<00:00, 30.33it/s]
 91%|█████████ | 72/79 [00:02<00:00, 28.73it/s]
 96%|█████████▌| 76/79 [00:02<00:00, 27.65it/s]
100%|██████████| 79/79 [00:02<00:00, 28.20it/s]

CommRound: 7/30
Accuracy: 85.90% | Loss: 0.5111
[##############----------------------------------------------] 23.3%
Elapsed: 1.2m | Avg/Round: 10.4s | Last: 9.9s | Next: 10.4s | Remaining: 4.0m
ETA: 06:08:49
Recent round times: R1: 10.8s -> R2: 9.7s -> R3: 10.6s -> R4: 10.1s -> R5: 9.9s

  0%|          | 0/79 [00:00<?, ?it/s]
  1%|▏         | 1/79 [00:00<00:08,  9.11it/s]
  6%|▋         | 5/79 [00:00<00:02, 25.77it/s]
 11%|█▏        | 9/79 [00:00<00:02, 29.98it/s]
 15%|█▌        | 12/79 [00:00<00:02, 29.30it/s]
 20%|██        | 16/79 [00:00<00:02, 30.23it/s]
 25%|██▌       | 20/79 [00:00<00:01, 30.72it/s]
 30%|███       | 24/79 [00:00<00:01, 31.17it/s]
 35%|███▌      | 28/79 [00:00<00:01, 31.54it/s]
 41%|████      | 32/79 [00:01<00:01, 31.57it/s]
 46%|████▌     | 36/79 [00:01<00:01, 32.83it/s]
 51%|█████     | 40/79 [00:01<00:01, 32.72it/s]
 56%|█████▌    | 44/79 [00:01<00:01, 29.67it/s]
 61%|██████    | 48/79 [00:01<00:01, 26.66it/s]
 66%|██████▌   | 52/79 [00:01<00:01, 26.38it/s]
 71%|███████   | 56/79 [00:01<00:00, 28.74it/s]
 76%|███████▌  | 60/79 [00:02<00:00, 30.57it/s]
 81%|████████  | 64/79 [00:02<00:00, 32.00it/s]
 86%|████████▌ | 68/79 [00:02<00:00, 33.15it/s]
 91%|█████████ | 72/79 [00:02<00:00, 33.23it/s]
 96%|█████████▌| 76/79 [00:02<00:00, 33.97it/s]
100%|██████████| 79/79 [00:02<00:00, 30.98it/s]

CommRound: 8/30
Accuracy: 82.04% | Loss: 0.6594
[################--------------------------------------------] 26.7%
Elapsed: 1.4m | Avg/Round: 10.3s | Last: 9.7s | Next: 10.3s | Remaining: 3.8m
ETA: 06:08:46
Recent round times: R1: 9.7s -> R2: 10.6s -> R3: 10.1s -> R4: 9.9s -> R5: 9.7s

  0%|          | 0/79 [00:00<?, ?it/s]
  1%|▏         | 1/79 [00:00<00:08,  9.08it/s]
  8%|▊         | 6/79 [00:00<00:02, 30.24it/s]
 13%|█▎        | 10/79 [00:00<00:02, 32.56it/s]
 18%|█▊        | 14/79 [00:00<00:01, 33.84it/s]
 23%|██▎       | 18/79 [00:00<00:01, 34.58it/s]
 28%|██▊       | 22/79 [00:00<00:01, 35.01it/s]
 33%|███▎      | 26/79 [00:00<00:01, 35.23it/s]
 38%|███▊      | 30/79 [00:00<00:01, 35.20it/s]
 43%|████▎     | 34/79 [00:01<00:01, 35.45it/s]
 48%|████▊     | 38/79 [00:01<00:01, 35.14it/s]
 53%|█████▎    | 42/79 [00:01<00:01, 34.62it/s]
 58%|█████▊    | 46/79 [00:01<00:00, 34.40it/s]
 63%|██████▎   | 50/79 [00:01<00:00, 34.61it/s]
 68%|██████▊   | 54/79 [00:01<00:00, 34.98it/s]
 73%|███████▎  | 58/79 [00:01<00:00, 35.14it/s]
 78%|███████▊  | 62/79 [00:01<00:00, 35.39it/s]
 84%|████████▎ | 66/79 [00:01<00:00, 35.19it/s]
 89%|████████▊ | 70/79 [00:02<00:00, 35.49it/s]
 94%|█████████▎| 74/79 [00:02<00:00, 34.78it/s]
 99%|█████████▊| 78/79 [00:02<00:00, 34.92it/s]
100%|██████████| 79/79 [00:02<00:00, 34.52it/s]

CommRound: 9/30
Accuracy: 85.26% | Loss: 0.5425
[##################------------------------------------------] 30.0%
Elapsed: 1.5m | Avg/Round: 10.2s | Last: 9.5s | Next: 10.2s | Remaining: 3.6m
ETA: 06:08:44
Recent round times: R1: 10.6s -> R2: 10.1s -> R3: 9.9s -> R4: 9.7s -> R5: 9.5s

  0%|          | 0/79 [00:00<?, ?it/s]
  1%|▏         | 1/79 [00:00<00:11,  6.77it/s]
  6%|▋         | 5/79 [00:00<00:04, 16.67it/s]
 10%|█         | 8/79 [00:00<00:03, 21.10it/s]
 14%|█▍        | 11/79 [00:00<00:03, 18.34it/s]
 18%|█▊        | 14/79 [00:00<00:03, 21.37it/s]
 22%|██▏       | 17/79 [00:00<00:03, 20.01it/s]
 27%|██▋       | 21/79 [00:01<00:02, 21.58it/s]
 32%|███▏      | 25/79 [00:01<00:02, 22.37it/s]
 37%|███▋      | 29/79 [00:01<00:02, 22.94it/s]
 42%|████▏     | 33/79 [00:01<00:01, 23.53it/s]
 47%|████▋     | 37/79 [00:01<00:01, 24.41it/s]
 52%|█████▏    | 41/79 [00:01<00:01, 24.54it/s]
 57%|█████▋    | 45/79 [00:02<00:01, 24.91it/s]
 62%|██████▏   | 49/79 [00:02<00:01, 25.31it/s]
 67%|██████▋   | 53/79 [00:02<00:01, 25.77it/s]
 72%|███████▏  | 57/79 [00:02<00:00, 26.25it/s]
 77%|███████▋  | 61/79 [00:02<00:00, 26.07it/s]
 82%|████████▏ | 65/79 [00:02<00:00, 25.44it/s]
 87%|████████▋ | 69/79 [00:02<00:00, 26.10it/s]
 92%|█████████▏| 73/79 [00:03<00:00, 26.71it/s]
 97%|█████████▋| 77/79 [00:03<00:00, 26.16it/s]
100%|██████████| 79/79 [00:03<00:00, 24.24it/s]

CommRound: 10/30
Accuracy: 85.92% | Loss: 0.5250
[####################----------------------------------------] 33.3%
Elapsed: 1.7m | Avg/Round: 10.3s | Last: 10.5s | Next: 10.3s | Remaining: 3.4m
ETA: 06:08:44
Recent round times: R1: 10.1s -> R2: 9.9s -> R3: 9.7s -> R4: 9.5s -> R5: 10.5s

  0%|          | 0/79 [00:00<?, ?it/s]
  1%|▏         | 1/79 [00:00<00:09,  8.27it/s]
  6%|▋         | 5/79 [00:00<00:02, 25.23it/s]
 11%|█▏        | 9/79 [00:00<00:02, 30.45it/s]
 16%|█▋        | 13/79 [00:00<00:02, 32.96it/s]
 22%|██▏       | 17/79 [00:00<00:01, 34.52it/s]
 27%|██▋       | 21/79 [00:00<00:01, 35.44it/s]
 32%|███▏      | 25/79 [00:00<00:01, 35.99it/s]
 37%|███▋      | 29/79 [00:00<00:01, 36.42it/s]
 42%|████▏     | 33/79 [00:00<00:01, 36.68it/s]
 47%|████▋     | 37/79 [00:01<00:01, 36.73it/s]
 52%|█████▏    | 41/79 [00:01<00:01, 36.74it/s]
 57%|█████▋    | 45/79 [00:01<00:00, 36.74it/s]
 62%|██████▏   | 49/79 [00:01<00:00, 36.64it/s]
 67%|██████▋   | 53/79 [00:01<00:00, 34.93it/s]
 72%|███████▏  | 57/79 [00:01<00:00, 32.69it/s]
 77%|███████▋  | 61/79 [00:01<00:00, 31.12it/s]
 82%|████████▏ | 65/79 [00:01<00:00, 30.08it/s]
 87%|████████▋ | 69/79 [00:02<00:00, 29.13it/s]
 91%|█████████ | 72/79 [00:02<00:00, 29.22it/s]
 96%|█████████▌| 76/79 [00:02<00:00, 30.96it/s]
100%|██████████| 79/79 [00:02<00:00, 32.90it/s]

CommRound: 11/30
Accuracy: 87.05% | Loss: 0.4948
[######################--------------------------------------] 36.7%
Elapsed: 1.9m | Avg/Round: 10.2s | Last: 9.6s | Next: 10.2s | Remaining: 3.2m
ETA: 06:08:43
Recent round times: R1: 9.9s -> R2: 9.7s -> R3: 9.5s -> R4: 10.5s -> R5: 9.6s

  0%|          | 0/79 [00:00<?, ?it/s]
  1%|▏         | 1/79 [00:00<00:07,  9.92it/s]
  6%|▋         | 5/79 [00:00<00:02, 26.89it/s]
 11%|█▏        | 9/79 [00:00<00:02, 31.32it/s]
 16%|█▋        | 13/79 [00:00<00:01, 33.19it/s]
 22%|██▏       | 17/79 [00:00<00:01, 34.11it/s]
 27%|██▋       | 21/79 [00:00<00:01, 33.38it/s]
 32%|███▏      | 25/79 [00:00<00:01, 30.40it/s]
 37%|███▋      | 29/79 [00:01<00:01, 27.02it/s]
 41%|████      | 32/79 [00:01<00:01, 23.83it/s]
 46%|████▌     | 36/79 [00:01<00:01, 23.38it/s]
 51%|█████     | 40/79 [00:01<00:01, 23.49it/s]
 56%|█████▌    | 44/79 [00:01<00:01, 23.16it/s]
 61%|██████    | 48/79 [00:01<00:01, 22.59it/s]
 66%|██████▌   | 52/79 [00:02<00:01, 24.74it/s]
 71%|███████   | 56/79 [00:02<00:00, 25.34it/s]
 76%|███████▌  | 60/79 [00:02<00:00, 25.30it/s]
 81%|████████  | 64/79 [00:02<00:00, 25.25it/s]
 86%|████████▌ | 68/79 [00:02<00:00, 26.31it/s]
 91%|█████████ | 72/79 [00:02<00:00, 27.14it/s]
 96%|█████████▌| 76/79 [00:02<00:00, 28.35it/s]
100%|██████████| 79/79 [00:02<00:00, 26.79it/s]

CommRound: 12/30
Accuracy: 87.59% | Loss: 0.4765
[########################------------------------------------] 40.0%
Elapsed: 2.0m | Avg/Round: 10.2s | Last: 10.0s | Next: 10.2s | Remaining: 3.1m
ETA: 06:08:42
Recent round times: R1: 9.7s -> R2: 9.5s -> R3: 10.5s -> R4: 9.6s -> R5: 10.0s

  0%|          | 0/79 [00:00<?, ?it/s]
  1%|▏         | 1/79 [00:00<00:09,  8.14it/s]
  6%|▋         | 5/79 [00:00<00:02, 24.91it/s]
 11%|█▏        | 9/79 [00:00<00:02, 30.00it/s]
 16%|█▋        | 13/79 [00:00<00:02, 32.11it/s]
 22%|██▏       | 17/79 [00:00<00:01, 33.64it/s]
 27%|██▋       | 21/79 [00:00<00:01, 34.61it/s]
 32%|███▏      | 25/79 [00:00<00:01, 35.16it/s]
 37%|███▋      | 29/79 [00:00<00:01, 35.62it/s]
 42%|████▏     | 33/79 [00:00<00:01, 35.99it/s]
 47%|████▋     | 37/79 [00:01<00:01, 36.16it/s]
 52%|█████▏    | 41/79 [00:01<00:01, 36.45it/s]
 57%|█████▋    | 45/79 [00:01<00:00, 36.66it/s]
 62%|██████▏   | 49/79 [00:01<00:00, 36.71it/s]
 67%|██████▋   | 53/79 [00:01<00:00, 36.73it/s]
 72%|███████▏  | 57/79 [00:01<00:00, 36.76it/s]
 77%|███████▋  | 61/79 [00:01<00:00, 36.79it/s]
 82%|████████▏ | 65/79 [00:01<00:00, 36.80it/s]
 87%|████████▋ | 69/79 [00:01<00:00, 36.90it/s]
 92%|█████████▏| 73/79 [00:02<00:00, 36.60it/s]
 97%|█████████▋| 77/79 [00:02<00:00, 36.80it/s]
100%|██████████| 79/79 [00:02<00:00, 35.63it/s]

CommRound: 13/30
Accuracy: 87.78% | Loss: 0.4720
[##########################----------------------------------] 43.3%
Elapsed: 2.2m | Avg/Round: 10.1s | Last: 9.2s | Next: 10.1s | Remaining: 2.9m
ETA: 06:08:40
Recent round times: R1: 9.5s -> R2: 10.5s -> R3: 9.6s -> R4: 10.0s -> R5: 9.2s

  0%|          | 0/79 [00:00<?, ?it/s]
  1%|▏         | 1/79 [00:00<00:09,  7.86it/s]
  8%|▊         | 6/79 [00:00<00:02, 27.29it/s]
 13%|█▎        | 10/79 [00:00<00:02, 31.17it/s]
 18%|█▊        | 14/79 [00:00<00:01, 33.58it/s]
 23%|██▎       | 18/79 [00:00<00:01, 34.50it/s]
 28%|██▊       | 22/79 [00:00<00:01, 34.80it/s]
 33%|███▎      | 26/79 [00:00<00:01, 35.42it/s]
 38%|███▊      | 30/79 [00:00<00:01, 35.25it/s]
 43%|████▎     | 34/79 [00:01<00:01, 35.70it/s]
 48%|████▊     | 38/79 [00:01<00:01, 36.05it/s]
 53%|█████▎    | 42/79 [00:01<00:01, 36.29it/s]
 58%|█████▊    | 46/79 [00:01<00:00, 36.43it/s]
 63%|██████▎   | 50/79 [00:01<00:00, 36.53it/s]
 68%|██████▊   | 54/79 [00:01<00:00, 36.51it/s]
 73%|███████▎  | 58/79 [00:01<00:00, 36.47it/s]
 78%|███████▊  | 62/79 [00:01<00:00, 36.52it/s]
 84%|████████▎ | 66/79 [00:01<00:00, 36.60it/s]
 89%|████████▊ | 70/79 [00:02<00:00, 33.50it/s]
 94%|█████████▎| 74/79 [00:02<00:00, 30.87it/s]
 99%|█████████▊| 78/79 [00:02<00:00, 30.93it/s]
100%|██████████| 79/79 [00:02<00:00, 33.78it/s]

CommRound: 14/30
Accuracy: 87.92% | Loss: 0.4724
[############################--------------------------------] 46.7%
Elapsed: 2.4m | Avg/Round: 10.1s | Last: 9.7s | Next: 10.1s | Remaining: 2.7m
ETA: 06:08:39
Recent round times: R1: 10.5s -> R2: 9.6s -> R3: 10.0s -> R4: 9.2s -> R5: 9.7s

  0%|          | 0/79 [00:00<?, ?it/s]
  1%|▏         | 1/79 [00:00<00:08,  8.83it/s]
  6%|▋         | 5/79 [00:00<00:03, 24.43it/s]
 10%|█         | 8/79 [00:00<00:02, 24.50it/s]
 15%|█▌        | 12/79 [00:00<00:02, 25.65it/s]
 20%|██        | 16/79 [00:00<00:02, 26.00it/s]
 25%|██▌       | 20/79 [00:00<00:02, 26.33it/s]
 30%|███       | 24/79 [00:00<00:02, 26.73it/s]
 35%|███▌      | 28/79 [00:01<00:01, 27.24it/s]
 41%|████      | 32/79 [00:01<00:01, 27.99it/s]
 46%|████▌     | 36/79 [00:01<00:01, 27.97it/s]
 51%|█████     | 40/79 [00:01<00:01, 28.74it/s]
 56%|█████▌    | 44/79 [00:01<00:01, 28.84it/s]
 61%|██████    | 48/79 [00:01<00:01, 28.97it/s]
 66%|██████▌   | 52/79 [00:01<00:00, 29.23it/s]
 71%|███████   | 56/79 [00:02<00:00, 28.89it/s]
 76%|███████▌  | 60/79 [00:02<00:00, 29.29it/s]
 81%|████████  | 64/79 [00:02<00:00, 31.06it/s]
 86%|████████▌ | 68/79 [00:02<00:00, 32.72it/s]
 91%|█████████ | 72/79 [00:02<00:00, 34.01it/s]
 96%|█████████▌| 76/79 [00:02<00:00, 34.87it/s]
100%|██████████| 79/79 [00:02<00:00, 29.51it/s]

CommRound: 15/30
Accuracy: 88.04% | Loss: 0.4736
[##############################------------------------------] 50.0%
Elapsed: 2.5m | Avg/Round: 10.1s | Last: 9.7s | Next: 10.1s | Remaining: 2.5m
ETA: 06:08:38
Recent round times: R1: 9.6s -> R2: 10.0s -> R3: 9.2s -> R4: 9.7s -> R5: 9.7s

  0%|          | 0/79 [00:00<?, ?it/s]
  1%|▏         | 1/79 [00:00<00:08,  9.48it/s]
  6%|▋         | 5/79 [00:00<00:03, 22.30it/s]
 11%|█▏        | 9/79 [00:00<00:02, 28.15it/s]
 16%|█▋        | 13/79 [00:00<00:02, 30.96it/s]
 22%|██▏       | 17/79 [00:00<00:01, 32.72it/s]
 27%|██▋       | 21/79 [00:00<00:01, 33.85it/s]
 32%|███▏      | 25/79 [00:00<00:01, 34.66it/s]
 37%|███▋      | 29/79 [00:00<00:01, 35.22it/s]
 42%|████▏     | 33/79 [00:01<00:01, 35.65it/s]
 47%|████▋     | 37/79 [00:01<00:01, 35.82it/s]
 52%|█████▏    | 41/79 [00:01<00:01, 36.10it/s]
 57%|█████▋    | 45/79 [00:01<00:00, 36.20it/s]
 62%|██████▏   | 49/79 [00:01<00:00, 31.99it/s]
 67%|██████▋   | 53/79 [00:01<00:00, 29.36it/s]
 72%|███████▏  | 57/79 [00:01<00:00, 27.79it/s]
 76%|███████▌  | 60/79 [00:01<00:00, 25.63it/s]
 80%|███████▉  | 63/79 [00:02<00:00, 26.07it/s]
 84%|████████▎ | 66/79 [00:02<00:00, 24.87it/s]
 87%|████████▋ | 69/79 [00:02<00:00, 25.98it/s]
 91%|█████████ | 72/79 [00:02<00:00, 24.67it/s]
 95%|█████████▍| 75/79 [00:02<00:00, 25.81it/s]
 99%|█████████▊| 78/79 [00:02<00:00, 25.27it/s]
100%|██████████| 79/79 [00:02<00:00, 29.20it/s]

CommRound: 16/30
Accuracy: 88.13% | Loss: 0.4755
[################################----------------------------] 53.3%
Elapsed: 2.7m | Avg/Round: 10.0s | Last: 9.9s | Next: 10.0s | Remaining: 2.3m
ETA: 06:08:38
Recent round times: R1: 10.0s -> R2: 9.2s -> R3: 9.7s -> R4: 9.7s -> R5: 9.9s

  0%|          | 0/79 [00:00<?, ?it/s]
  1%|▏         | 1/79 [00:00<00:08,  9.37it/s]
  6%|▋         | 5/79 [00:00<00:04, 18.25it/s]
 11%|█▏        | 9/79 [00:00<00:03, 21.31it/s]
 15%|█▌        | 12/79 [00:00<00:02, 23.22it/s]
 19%|█▉        | 15/79 [00:00<00:02, 24.78it/s]
 24%|██▍       | 19/79 [00:00<00:02, 28.00it/s]
 29%|██▉       | 23/79 [00:00<00:01, 30.48it/s]
 34%|███▍      | 27/79 [00:01<00:01, 32.41it/s]
 39%|███▉      | 31/79 [00:01<00:01, 33.44it/s]
 44%|████▍     | 35/79 [00:01<00:01, 34.25it/s]
 49%|████▉     | 39/79 [00:01<00:01, 34.82it/s]
 54%|█████▍    | 43/79 [00:01<00:01, 35.31it/s]
 59%|█████▉    | 47/79 [00:01<00:00, 35.74it/s]
 65%|██████▍   | 51/79 [00:01<00:00, 36.08it/s]
 70%|██████▉   | 55/79 [00:01<00:00, 36.37it/s]
 75%|███████▍  | 59/79 [00:01<00:00, 36.47it/s]
 80%|███████▉  | 63/79 [00:01<00:00, 36.65it/s]
 85%|████████▍ | 67/79 [00:02<00:00, 35.99it/s]
 90%|████████▉ | 71/79 [00:02<00:00, 36.05it/s]
 95%|█████████▍| 75/79 [00:02<00:00, 36.32it/s]
100%|██████████| 79/79 [00:02<00:00, 32.81it/s]

CommRound: 17/30
Accuracy: 88.18% | Loss: 0.4771
[##################################--------------------------] 56.7%
Elapsed: 2.8m | Avg/Round: 10.0s | Last: 9.5s | Next: 10.0s | Remaining: 2.2m
ETA: 06:08:37
Recent round times: R1: 9.2s -> R2: 9.7s -> R3: 9.7s -> R4: 9.9s -> R5: 9.5s

  0%|          | 0/79 [00:00<?, ?it/s]
  1%|▏         | 1/79 [00:00<00:09,  8.45it/s]
  6%|▋         | 5/79 [00:00<00:03, 20.78it/s]
 11%|█▏        | 9/79 [00:00<00:02, 24.16it/s]
 16%|█▋        | 13/79 [00:00<00:02, 24.62it/s]
 22%|██▏       | 17/79 [00:00<00:02, 25.79it/s]
 27%|██▋       | 21/79 [00:00<00:02, 26.41it/s]
 32%|███▏      | 25/79 [00:00<00:02, 26.99it/s]
 37%|███▋      | 29/79 [00:01<00:01, 27.77it/s]
 42%|████▏     | 33/79 [00:01<00:01, 28.26it/s]
 47%|████▋     | 37/79 [00:01<00:01, 28.56it/s]
 52%|█████▏    | 41/79 [00:01<00:01, 28.75it/s]
 57%|█████▋    | 45/79 [00:01<00:01, 28.44it/s]
 62%|██████▏   | 49/79 [00:01<00:01, 27.98it/s]
 67%|██████▋   | 53/79 [00:01<00:00, 27.14it/s]
 72%|███████▏  | 57/79 [00:02<00:00, 27.02it/s]
 77%|███████▋  | 61/79 [00:02<00:00, 28.30it/s]
 81%|████████  | 64/79 [00:02<00:00, 28.29it/s]
 85%|████████▍ | 67/79 [00:02<00:00, 28.33it/s]
 89%|████████▊ | 70/79 [00:02<00:00, 27.77it/s]
 92%|█████████▏| 73/79 [00:02<00:00, 27.52it/s]
 96%|█████████▌| 76/79 [00:02<00:00, 27.01it/s]
100%|██████████| 79/79 [00:02<00:00, 27.31it/s]

CommRound: 18/30
Accuracy: 88.19% | Loss: 0.4788
[####################################------------------------] 60.0%
Elapsed: 3.0m | Avg/Round: 10.0s | Last: 10.2s | Next: 10.0s | Remaining: 2.0m
ETA: 06:08:37
Recent round times: R1: 9.7s -> R2: 9.7s -> R3: 9.9s -> R4: 9.5s -> R5: 10.2s

  0%|          | 0/79 [00:00<?, ?it/s]
  1%|▏         | 1/79 [00:00<00:08,  9.58it/s]
  6%|▋         | 5/79 [00:00<00:02, 26.63it/s]
 11%|█▏        | 9/79 [00:00<00:02, 30.89it/s]
 16%|█▋        | 13/79 [00:00<00:01, 33.06it/s]
 22%|██▏       | 17/79 [00:00<00:01, 34.50it/s]
 27%|██▋       | 21/79 [00:00<00:01, 35.04it/s]
 32%|███▏      | 25/79 [00:00<00:01, 35.63it/s]
 37%|███▋      | 29/79 [00:00<00:01, 35.78it/s]
 42%|████▏     | 33/79 [00:00<00:01, 35.52it/s]
 47%|████▋     | 37/79 [00:01<00:01, 35.95it/s]
 52%|█████▏    | 41/79 [00:01<00:01, 35.34it/s]
 57%|█████▋    | 45/79 [00:01<00:00, 34.04it/s]
 62%|██████▏   | 49/79 [00:01<00:00, 34.68it/s]
 67%|██████▋   | 53/79 [00:01<00:00, 35.17it/s]
 72%|███████▏  | 57/79 [00:01<00:00, 35.48it/s]
 77%|███████▋  | 61/79 [00:01<00:00, 35.79it/s]
 82%|████████▏ | 65/79 [00:01<00:00, 36.00it/s]
 87%|████████▋ | 69/79 [00:02<00:00, 33.18it/s]
 92%|█████████▏| 73/79 [00:02<00:00, 33.59it/s]
 97%|█████████▋| 77/79 [00:02<00:00, 34.57it/s]
100%|██████████| 79/79 [00:02<00:00, 34.03it/s]

CommRound: 19/30
Accuracy: 88.23% | Loss: 0.4812
[######################################----------------------] 63.3%
Elapsed: 3.2m | Avg/Round: 10.0s | Last: 9.7s | Next: 10.0s | Remaining: 1.8m
ETA: 06:08:37
Recent round times: R1: 9.7s -> R2: 9.9s -> R3: 9.5s -> R4: 10.2s -> R5: 9.7s

  0%|          | 0/79 [00:00<?, ?it/s]
  1%|▏         | 1/79 [00:00<00:08,  9.15it/s]
  8%|▊         | 6/79 [00:00<00:02, 30.95it/s]
 13%|█▎        | 10/79 [00:00<00:02, 31.60it/s]
 18%|█▊        | 14/79 [00:00<00:02, 27.27it/s]
 22%|██▏       | 17/79 [00:00<00:02, 25.15it/s]
 25%|██▌       | 20/79 [00:00<00:02, 26.22it/s]
 29%|██▉       | 23/79 [00:00<00:02, 26.36it/s]
 34%|███▍      | 27/79 [00:00<00:01, 29.24it/s]
 39%|███▉      | 31/79 [00:01<00:01, 31.42it/s]
 44%|████▍     | 35/79 [00:01<00:01, 33.01it/s]
 49%|████▉     | 39/79 [00:01<00:01, 33.95it/s]
 54%|█████▍    | 43/79 [00:01<00:01, 34.83it/s]
 59%|█████▉    | 47/79 [00:01<00:01, 30.82it/s]
 65%|██████▍   | 51/79 [00:01<00:00, 29.38it/s]
 70%|██████▉   | 55/79 [00:01<00:00, 28.51it/s]
 75%|███████▍  | 59/79 [00:01<00:00, 30.29it/s]
 80%|███████▉  | 63/79 [00:02<00:00, 30.69it/s]
 85%|████████▍ | 67/79 [00:02<00:00, 32.61it/s]
 90%|████████▉ | 71/79 [00:02<00:00, 33.86it/s]
 95%|█████████▍| 75/79 [00:02<00:00, 34.28it/s]
100%|██████████| 79/79 [00:02<00:00, 30.91it/s]

CommRound: 20/30
Accuracy: 88.26% | Loss: 0.4832
[########################################--------------------] 66.7%
Elapsed: 3.3m | Avg/Round: 10.0s | Last: 9.8s | Next: 10.0s | Remaining: 1.7m
ETA: 06:08:36
Recent round times: R1: 9.9s -> R2: 9.5s -> R3: 10.2s -> R4: 9.7s -> R5: 9.8s

  0%|          | 0/79 [00:00<?, ?it/s]
  1%|▏         | 1/79 [00:00<00:09,  8.41it/s]
  8%|▊         | 6/79 [00:00<00:02, 30.68it/s]
 13%|█▎        | 10/79 [00:00<00:02, 33.63it/s]
 18%|█▊        | 14/79 [00:00<00:01, 34.73it/s]
 23%|██▎       | 18/79 [00:00<00:01, 35.71it/s]
 28%|██▊       | 22/79 [00:00<00:01, 36.38it/s]
 33%|███▎      | 26/79 [00:00<00:01, 36.70it/s]
 38%|███▊      | 30/79 [00:00<00:01, 36.91it/s]
 43%|████▎     | 34/79 [00:00<00:01, 37.03it/s]
 48%|████▊     | 38/79 [00:01<00:01, 37.12it/s]
 53%|█████▎    | 42/79 [00:01<00:00, 37.16it/s]
 58%|█████▊    | 46/79 [00:01<00:00, 37.08it/s]
 63%|██████▎   | 50/79 [00:01<00:00, 37.08it/s]
 68%|██████▊   | 54/79 [00:01<00:00, 37.08it/s]
 73%|███████▎  | 58/79 [00:01<00:00, 36.84it/s]
 78%|███████▊  | 62/79 [00:01<00:00, 36.59it/s]
 84%|████████▎ | 66/79 [00:01<00:00, 36.80it/s]
 89%|████████▊ | 70/79 [00:01<00:00, 36.86it/s]
 94%|█████████▎| 74/79 [00:02<00:00, 36.94it/s]
 99%|█████████▊| 78/79 [00:02<00:00, 36.85it/s]
100%|██████████| 79/79 [00:02<00:00, 36.12it/s]

CommRound: 21/30
Accuracy: 88.30% | Loss: 0.4850
[##########################################------------------] 70.0%
Elapsed: 3.5m | Avg/Round: 10.0s | Last: 9.1s | Next: 10.0s | Remaining: 1.5m
ETA: 06:08:35
Recent round times: R1: 9.5s -> R2: 10.2s -> R3: 9.7s -> R4: 9.8s -> R5: 9.1s

  0%|          | 0/79 [00:00<?, ?it/s]
  1%|▏         | 1/79 [00:00<00:08,  9.50it/s]
  6%|▋         | 5/79 [00:00<00:02, 26.91it/s]
 11%|█▏        | 9/79 [00:00<00:02, 31.51it/s]
 16%|█▋        | 13/79 [00:00<00:01, 33.17it/s]
 22%|██▏       | 17/79 [00:00<00:01, 34.50it/s]
 27%|██▋       | 21/79 [00:00<00:01, 34.95it/s]
 32%|███▏      | 25/79 [00:00<00:01, 35.54it/s]
 37%|███▋      | 29/79 [00:00<00:01, 35.78it/s]
 42%|████▏     | 33/79 [00:00<00:01, 36.08it/s]
 47%|████▋     | 37/79 [00:01<00:01, 36.39it/s]
 52%|█████▏    | 41/79 [00:01<00:01, 36.12it/s]
 57%|█████▋    | 45/79 [00:01<00:00, 36.35it/s]
 62%|██████▏   | 49/79 [00:01<00:00, 36.45it/s]
 67%|██████▋   | 53/79 [00:01<00:00, 36.48it/s]
 72%|███████▏  | 57/79 [00:01<00:00, 36.65it/s]
 77%|███████▋  | 61/79 [00:01<00:00, 36.69it/s]
 82%|████████▏ | 65/79 [00:01<00:00, 36.79it/s]
 87%|████████▋ | 69/79 [00:01<00:00, 36.78it/s]
 92%|█████████▏| 73/79 [00:02<00:00, 36.76it/s]
 97%|█████████▋| 77/79 [00:02<00:00, 36.95it/s]
100%|██████████| 79/79 [00:02<00:00, 35.87it/s]

CommRound: 22/30
Accuracy: 88.32% | Loss: 0.4868
[############################################----------------] 73.3%
Elapsed: 3.6m | Avg/Round: 9.9s | Last: 9.1s | Next: 9.9s | Remaining: 1.3m
ETA: 06:08:34
Recent round times: R1: 10.2s -> R2: 9.7s -> R3: 9.8s -> R4: 9.1s -> R5: 9.1s

  0%|          | 0/79 [00:00<?, ?it/s]
  3%|▎         | 2/79 [00:00<00:03, 19.37it/s]
  8%|▊         | 6/79 [00:00<00:02, 29.79it/s]
 13%|█▎        | 10/79 [00:00<00:02, 32.64it/s]
 18%|█▊        | 14/79 [00:00<00:01, 33.91it/s]
 23%|██▎       | 18/79 [00:00<00:01, 34.74it/s]
 28%|██▊       | 22/79 [00:00<00:01, 35.29it/s]
 33%|███▎      | 26/79 [00:00<00:01, 35.67it/s]
 38%|███▊      | 30/79 [00:00<00:01, 35.99it/s]
 43%|████▎     | 34/79 [00:00<00:01, 36.21it/s]
 48%|████▊     | 38/79 [00:01<00:01, 36.44it/s]
 53%|█████▎    | 42/79 [00:01<00:01, 36.61it/s]
 58%|█████▊    | 46/79 [00:01<00:00, 36.51it/s]
 63%|██████▎   | 50/79 [00:01<00:00, 34.92it/s]
 68%|██████▊   | 54/79 [00:01<00:00, 34.41it/s]
 73%|███████▎  | 58/79 [00:01<00:00, 35.13it/s]
 78%|███████▊  | 62/79 [00:01<00:00, 35.52it/s]
 84%|████████▎ | 66/79 [00:01<00:00, 35.91it/s]
 89%|████████▊ | 70/79 [00:01<00:00, 35.99it/s]
 94%|█████████▎| 74/79 [00:02<00:00, 35.91it/s]
 99%|█████████▊| 78/79 [00:02<00:00, 35.70it/s]
100%|██████████| 79/79 [00:02<00:00, 35.29it/s]

CommRound: 23/30
Accuracy: 88.34% | Loss: 0.4885
[##############################################--------------] 76.7%
Elapsed: 3.8m | Avg/Round: 9.9s | Last: 9.3s | Next: 9.9s | Remaining: 1.2m
ETA: 06:08:33
Recent round times: R1: 9.7s -> R2: 9.8s -> R3: 9.1s -> R4: 9.1s -> R5: 9.3s

  0%|          | 0/79 [00:00<?, ?it/s]
  1%|▏         | 1/79 [00:00<00:08,  9.67it/s]
  6%|▋         | 5/79 [00:00<00:02, 27.20it/s]
 11%|█▏        | 9/79 [00:00<00:02, 31.55it/s]
 16%|█▋        | 13/79 [00:00<00:01, 33.62it/s]
 22%|██▏       | 17/79 [00:00<00:01, 34.83it/s]
 27%|██▋       | 21/79 [00:00<00:01, 35.64it/s]
 32%|███▏      | 25/79 [00:00<00:01, 36.12it/s]
 37%|███▋      | 29/79 [00:00<00:01, 36.53it/s]
 42%|████▏     | 33/79 [00:00<00:01, 36.62it/s]
 47%|████▋     | 37/79 [00:01<00:01, 36.66it/s]
 52%|█████▏    | 41/79 [00:01<00:01, 36.61it/s]
 57%|█████▋    | 45/79 [00:01<00:00, 36.70it/s]
 62%|██████▏   | 49/79 [00:01<00:00, 36.77it/s]
 67%|██████▋   | 53/79 [00:01<00:00, 36.79it/s]
 72%|███████▏  | 57/79 [00:01<00:00, 36.78it/s]
 77%|███████▋  | 61/79 [00:01<00:00, 36.90it/s]
 82%|████████▏ | 65/79 [00:01<00:00, 36.82it/s]
 87%|████████▋ | 69/79 [00:01<00:00, 36.00it/s]
 92%|█████████▏| 73/79 [00:02<00:00, 35.63it/s]
 97%|█████████▋| 77/79 [00:02<00:00, 35.05it/s]
100%|██████████| 79/79 [00:02<00:00, 34.98it/s]

CommRound: 24/30
Accuracy: 88.35% | Loss: 0.4904
[################################################------------] 80.0%
Elapsed: 3.9m | Avg/Round: 9.9s | Last: 9.3s | Next: 9.9s | Remaining: 1.0m
ETA: 06:08:32
Recent round times: R1: 9.8s -> R2: 9.1s -> R3: 9.1s -> R4: 9.3s -> R5: 9.3s

  0%|          | 0/79 [00:00<?, ?it/s]
  1%|▏         | 1/79 [00:00<00:10,  7.79it/s]
  6%|▋         | 5/79 [00:00<00:03, 21.07it/s]
 10%|█         | 8/79 [00:00<00:02, 24.17it/s]
 14%|█▍        | 11/79 [00:00<00:02, 25.00it/s]
 18%|█▊        | 14/79 [00:00<00:02, 26.08it/s]
 22%|██▏       | 17/79 [00:00<00:02, 26.19it/s]
 27%|██▋       | 21/79 [00:00<00:02, 26.28it/s]
 32%|███▏      | 25/79 [00:01<00:02, 26.40it/s]
 37%|███▋      | 29/79 [00:01<00:01, 26.71it/s]
 42%|████▏     | 33/79 [00:01<00:01, 26.79it/s]
 47%|████▋     | 37/79 [00:01<00:01, 26.90it/s]
 52%|█████▏    | 41/79 [00:01<00:01, 27.06it/s]
 57%|█████▋    | 45/79 [00:01<00:01, 29.39it/s]
 62%|██████▏   | 49/79 [00:01<00:01, 29.51it/s]
 67%|██████▋   | 53/79 [00:01<00:00, 28.41it/s]
 72%|███████▏  | 57/79 [00:02<00:00, 27.77it/s]
 77%|███████▋  | 61/79 [00:02<00:00, 27.29it/s]
 82%|████████▏ | 65/79 [00:02<00:00, 27.48it/s]
 87%|████████▋ | 69/79 [00:02<00:00, 27.51it/s]
 92%|█████████▏| 73/79 [00:02<00:00, 28.71it/s]
 97%|█████████▋| 77/79 [00:02<00:00, 28.59it/s]
100%|██████████| 79/79 [00:02<00:00, 27.49it/s]

CommRound: 25/30
Accuracy: 88.35% | Loss: 0.4921
[##################################################----------] 83.3%
Elapsed: 4.1m | Avg/Round: 9.9s | Last: 9.9s | Next: 9.9s | Remaining: 0.8m
ETA: 06:08:33
Recent round times: R1: 9.1s -> R2: 9.1s -> R3: 9.3s -> R4: 9.3s -> R5: 9.9s

  0%|          | 0/79 [00:00<?, ?it/s]
  1%|▏         | 1/79 [00:00<00:08,  9.69it/s]
  6%|▋         | 5/79 [00:00<00:02, 26.51it/s]
 11%|█▏        | 9/79 [00:00<00:02, 31.40it/s]
 16%|█▋        | 13/79 [00:00<00:01, 33.39it/s]
 22%|██▏       | 17/79 [00:00<00:01, 34.41it/s]
 27%|██▋       | 21/79 [00:00<00:01, 35.24it/s]
 32%|███▏      | 25/79 [00:00<00:01, 35.63it/s]
 37%|███▋      | 29/79 [00:00<00:01, 36.05it/s]
 42%|████▏     | 33/79 [00:00<00:01, 36.39it/s]
 47%|████▋     | 37/79 [00:01<00:01, 36.64it/s]
 52%|█████▏    | 41/79 [00:01<00:01, 36.90it/s]
 57%|█████▋    | 45/79 [00:01<00:00, 37.03it/s]
 62%|██████▏   | 49/79 [00:01<00:00, 36.93it/s]
 67%|██████▋   | 53/79 [00:01<00:00, 36.79it/s]
 72%|███████▏  | 57/79 [00:01<00:00, 36.68it/s]
 77%|███████▋  | 61/79 [00:01<00:00, 36.87it/s]
 82%|████████▏ | 65/79 [00:01<00:00, 36.92it/s]
 87%|████████▋ | 69/79 [00:01<00:00, 36.98it/s]
 92%|█████████▏| 73/79 [00:02<00:00, 37.08it/s]
 97%|█████████▋| 77/79 [00:02<00:00, 36.65it/s]
100%|██████████| 79/79 [00:02<00:00, 35.38it/s]

CommRound: 26/30
Accuracy: 88.37% | Loss: 0.4938
[####################################################--------] 86.7%
Elapsed: 4.3m | Avg/Round: 9.9s | Last: 9.5s | Next: 9.9s | Remaining: 0.7m
ETA: 06:08:32
Recent round times: R1: 9.1s -> R2: 9.3s -> R3: 9.3s -> R4: 9.9s -> R5: 9.5s

  0%|          | 0/79 [00:00<?, ?it/s]
  1%|▏         | 1/79 [00:00<00:07,  9.88it/s]
  6%|▋         | 5/79 [00:00<00:03, 21.93it/s]
 11%|█▏        | 9/79 [00:00<00:02, 23.57it/s]
 15%|█▌        | 12/79 [00:00<00:02, 25.38it/s]
 19%|█▉        | 15/79 [00:00<00:02, 23.16it/s]
 23%|██▎       | 18/79 [00:00<00:02, 24.87it/s]
 27%|██▋       | 21/79 [00:00<00:02, 23.87it/s]
 32%|███▏      | 25/79 [00:01<00:02, 24.50it/s]
 37%|███▋      | 29/79 [00:01<00:02, 24.86it/s]
 42%|████▏     | 33/79 [00:01<00:01, 25.54it/s]
 46%|████▌     | 36/79 [00:01<00:01, 26.54it/s]
 49%|████▉     | 39/79 [00:01<00:01, 25.35it/s]
 53%|█████▎    | 42/79 [00:01<00:01, 26.21it/s]
 57%|█████▋    | 45/79 [00:01<00:01, 25.16it/s]
 62%|██████▏   | 49/79 [00:01<00:01, 27.23it/s]
 67%|██████▋   | 53/79 [00:02<00:00, 29.72it/s]
 72%|███████▏  | 57/79 [00:02<00:00, 31.29it/s]
 77%|███████▋  | 61/79 [00:02<00:00, 32.73it/s]
 82%|████████▏ | 65/79 [00:02<00:00, 34.23it/s]
 87%|████████▋ | 69/79 [00:02<00:00, 35.28it/s]
 92%|█████████▏| 73/79 [00:02<00:00, 35.90it/s]
 97%|█████████▋| 77/79 [00:02<00:00, 35.82it/s]
100%|██████████| 79/79 [00:02<00:00, 28.51it/s]

CommRound: 27/30
Accuracy: 88.37% | Loss: 0.4954
[######################################################------] 90.0%
Elapsed: 4.4m | Avg/Round: 9.9s | Last: 9.8s | Next: 9.9s | Remaining: 0.5m
ETA: 06:08:32
Recent round times: R1: 9.3s -> R2: 9.3s -> R3: 9.9s -> R4: 9.5s -> R5: 9.8s

  0%|          | 0/79 [00:00<?, ?it/s]
  1%|▏         | 1/79 [00:00<00:10,  7.10it/s]
  6%|▋         | 5/79 [00:00<00:03, 19.37it/s]
 11%|█▏        | 9/79 [00:00<00:03, 22.51it/s]
 16%|█▋        | 13/79 [00:00<00:02, 24.29it/s]
 22%|██▏       | 17/79 [00:00<00:02, 24.92it/s]
 27%|██▋       | 21/79 [00:00<00:02, 25.48it/s]
 32%|███▏      | 25/79 [00:01<00:02, 26.03it/s]
 37%|███▋      | 29/79 [00:01<00:01, 25.93it/s]
 42%|████▏     | 33/79 [00:01<00:01, 25.95it/s]
 47%|████▋     | 37/79 [00:01<00:01, 26.05it/s]
 52%|█████▏    | 41/79 [00:01<00:01, 26.00it/s]
 57%|█████▋    | 45/79 [00:01<00:01, 26.06it/s]
 62%|██████▏   | 49/79 [00:01<00:01, 27.48it/s]
 67%|██████▋   | 53/79 [00:02<00:00, 29.44it/s]
 72%|███████▏  | 57/79 [00:02<00:00, 28.52it/s]
 77%|███████▋  | 61/79 [00:02<00:00, 27.41it/s]
 82%|████████▏ | 65/79 [00:02<00:00, 26.85it/s]
 87%|████████▋ | 69/79 [00:02<00:00, 26.54it/s]
 92%|█████████▏| 73/79 [00:02<00:00, 26.33it/s]
 97%|█████████▋| 77/79 [00:02<00:00, 27.96it/s]
100%|██████████| 79/79 [00:02<00:00, 26.60it/s]

CommRound: 28/30
Accuracy: 88.33% | Loss: 0.4970
[########################################################----] 93.3%
Elapsed: 4.6m | Avg/Round: 9.9s | Last: 10.1s | Next: 9.9s | Remaining: 0.3m
ETA: 06:08:32
Recent round times: R1: 9.3s -> R2: 9.9s -> R3: 9.5s -> R4: 9.8s -> R5: 10.1s

  0%|          | 0/79 [00:00<?, ?it/s]
  1%|▏         | 1/79 [00:00<00:09,  7.97it/s]
  6%|▋         | 5/79 [00:00<00:02, 24.82it/s]
 11%|█▏        | 9/79 [00:00<00:02, 30.23it/s]
 16%|█▋        | 13/79 [00:00<00:03, 18.31it/s]
 20%|██        | 16/79 [00:00<00:03, 20.20it/s]
 25%|██▌       | 20/79 [00:00<00:02, 24.11it/s]
 30%|███       | 24/79 [00:01<00:02, 27.24it/s]
 35%|███▌      | 28/79 [00:01<00:01, 29.78it/s]
 41%|████      | 32/79 [00:01<00:01, 31.70it/s]
 46%|████▌     | 36/79 [00:01<00:01, 32.96it/s]
 51%|█████     | 40/79 [00:01<00:01, 34.00it/s]
 56%|█████▌    | 44/79 [00:01<00:01, 34.85it/s]
 61%|██████    | 48/79 [00:01<00:00, 35.45it/s]
 66%|██████▌   | 52/79 [00:01<00:00, 35.83it/s]
 71%|███████   | 56/79 [00:01<00:00, 36.10it/s]
 76%|███████▌  | 60/79 [00:01<00:00, 36.28it/s]
 81%|████████  | 64/79 [00:02<00:00, 36.10it/s]
 86%|████████▌ | 68/79 [00:02<00:00, 36.24it/s]
 91%|█████████ | 72/79 [00:02<00:00, 36.36it/s]
 96%|█████████▌| 76/79 [00:02<00:00, 36.38it/s]
100%|██████████| 79/79 [00:02<00:00, 31.48it/s]

CommRound: 29/30
Accuracy: 88.34% | Loss: 0.4984
[##########################################################--] 96.7%
Elapsed: 4.8m | Avg/Round: 9.9s | Last: 9.9s | Next: 9.9s | Remaining: 0.2m
ETA: 06:08:32
Recent round times: R1: 9.9s -> R2: 9.5s -> R3: 9.8s -> R4: 10.1s -> R5: 9.9s
EARLY_STOP: round=29; best_acc=88.37; current_acc=88.34; threshold=90.00; patience=5; reason=converged_below_target
Total time for experiment: 285.90710711479187 seconds
Device average training time per communication round [s]:
    rpi (sld-rpi-09.ece.utexas.edu): 4.24 seconds
    mc1 (sld-mc1-09.ece.utexas.edu): 2.29 seconds
