Connecting to sld-rpi-09.ece.utexas.edu...
Successfully fetched dev0_pow_temp_log_exp221_run1.csv.
Connecting to sld-rpi-09.ece.utexas.edu...
Successfully fetched dev0_communication_log_exp221_run1.csv.
Connecting to sld-mc1-09.ece.utexas.edu...
Successfully fetched dev1_pow_temp_log_exp221_run1.csv.
Connecting to sld-mc1-09.ece.utexas.edu...
Successfully fetched dev1_communication_log_exp221_run1.csv.

Exp221
Experiment 221: 
	Global test accuracy [%]: 53.85 %
	No round found where all subsequent rounds have accuracy >= 90.00%.
	Average time per communication round [s]: 10.34 seconds
	Total wall clock time [s]: 299.03 seconds


Experiment 221:
	RPi avg. energy consumption per round [J]: 37.36 Joules
	MC1 avg. energy consumption per round [J]: 25.29 Joules
	Total avg. energy consumption per communication round [J]: 62.65 Joules
	Avg. amount of communicated data per communication round [MB]: 0.02 MB
	RPi avg. power consumption per round [W]: 5.34 Watts
	MC1 avg. power consumption per round [W]: 6.38 Watts
