
  0%|          | 0/79 [00:00<?, ?it/s]
  1%|▏         | 1/79 [00:00<00:13,  5.70it/s]
  5%|▌         | 4/79 [00:00<00:04, 15.17it/s]
  8%|▊         | 6/79 [00:00<00:04, 16.47it/s]
 13%|█▎        | 10/79 [00:00<00:03, 21.15it/s]
 18%|█▊        | 14/79 [00:00<00:03, 21.46it/s]
 22%|██▏       | 17/79 [00:00<00:02, 22.24it/s]
 25%|██▌       | 20/79 [00:01<00:03, 18.00it/s]
 30%|███       | 24/79 [00:01<00:02, 20.95it/s]
 35%|███▌      | 28/79 [00:01<00:02, 23.50it/s]
 39%|███▉      | 31/79 [00:01<00:01, 24.82it/s]
 44%|████▍     | 35/79 [00:01<00:01, 26.37it/s]
 49%|████▉     | 39/79 [00:01<00:01, 27.02it/s]
 54%|█████▍    | 43/79 [00:01<00:01, 27.67it/s]
 59%|█████▉    | 47/79 [00:02<00:01, 27.85it/s]
 65%|██████▍   | 51/79 [00:02<00:00, 28.08it/s]
 70%|██████▉   | 55/79 [00:02<00:00, 28.03it/s]
 75%|███████▍  | 59/79 [00:02<00:00, 28.26it/s]
 80%|███████▉  | 63/79 [00:02<00:00, 28.33it/s]
 85%|████████▍ | 67/79 [00:02<00:00, 28.26it/s]
 90%|████████▉ | 71/79 [00:02<00:00, 28.19it/s]
 95%|█████████▍| 75/79 [00:03<00:00, 28.36it/s]
100%|██████████| 79/79 [00:03<00:00, 25.41it/s]
Initial Accuracy: 8.49%; Initial Loss: 2.3240

  0%|          | 0/79 [00:00<?, ?it/s]
  1%|▏         | 1/79 [00:00<00:13,  5.85it/s]
  6%|▋         | 5/79 [00:00<00:03, 19.56it/s]
 11%|█▏        | 9/79 [00:00<00:03, 23.30it/s]
 16%|█▋        | 13/79 [00:00<00:02, 25.95it/s]
 22%|██▏       | 17/79 [00:00<00:02, 27.29it/s]
 27%|██▋       | 21/79 [00:00<00:02, 27.59it/s]
 32%|███▏      | 25/79 [00:00<00:01, 29.17it/s]
 37%|███▋      | 29/79 [00:01<00:01, 29.81it/s]
 42%|████▏     | 33/79 [00:01<00:01, 30.12it/s]
 47%|████▋     | 37/79 [00:01<00:01, 30.40it/s]
 52%|█████▏    | 41/79 [00:01<00:01, 30.42it/s]
 57%|█████▋    | 45/79 [00:01<00:01, 30.71it/s]
 62%|██████▏   | 49/79 [00:01<00:00, 30.77it/s]
 67%|██████▋   | 53/79 [00:01<00:00, 31.24it/s]
 72%|███████▏  | 57/79 [00:01<00:00, 31.41it/s]
 77%|███████▋  | 61/79 [00:02<00:00, 31.54it/s]
 82%|████████▏ | 65/79 [00:02<00:00, 31.67it/s]
 87%|████████▋ | 69/79 [00:02<00:00, 31.28it/s]
 92%|█████████▏| 73/79 [00:02<00:00, 31.33it/s]
 97%|█████████▋| 77/79 [00:02<00:00, 31.50it/s]
100%|██████████| 79/79 [00:02<00:00, 29.70it/s]

CommRound: 1/30
Accuracy: 60.53% | Loss: 1.5776
[##----------------------------------------------------------] 3.3%
Elapsed: 1.0m | Avg/Round: 62.8s | Last: 59.6s | Next: 62.8s | Remaining: 30.3m
ETA: 10:49:36
Recent round times: R1: 59.6s

  0%|          | 0/79 [00:00<?, ?it/s]
  1%|▏         | 1/79 [00:00<00:15,  5.05it/s]
  6%|▋         | 5/79 [00:00<00:03, 19.53it/s]
 10%|█         | 8/79 [00:00<00:03, 22.54it/s]
 14%|█▍        | 11/79 [00:00<00:03, 20.01it/s]
 18%|█▊        | 14/79 [00:00<00:03, 18.71it/s]
 22%|██▏       | 17/79 [00:00<00:03, 20.23it/s]
 25%|██▌       | 20/79 [00:01<00:03, 17.42it/s]
 28%|██▊       | 22/79 [00:01<00:03, 17.95it/s]
 30%|███       | 24/79 [00:01<00:03, 17.71it/s]
 35%|███▌      | 28/79 [00:01<00:02, 19.58it/s]
 38%|███▊      | 30/79 [00:01<00:02, 19.44it/s]
 43%|████▎     | 34/79 [00:01<00:02, 21.25it/s]
 47%|████▋     | 37/79 [00:01<00:01, 23.13it/s]
 51%|█████     | 40/79 [00:02<00:01, 19.53it/s]
 54%|█████▍    | 43/79 [00:02<00:01, 20.45it/s]
 58%|█████▊    | 46/79 [00:02<00:01, 18.11it/s]
 62%|██████▏   | 49/79 [00:02<00:01, 19.66it/s]
 66%|██████▌   | 52/79 [00:02<00:01, 19.45it/s]
 70%|██████▉   | 55/79 [00:02<00:01, 18.64it/s]
 72%|███████▏  | 57/79 [00:02<00:01, 18.41it/s]
 75%|███████▍  | 59/79 [00:03<00:01, 18.42it/s]
 77%|███████▋  | 61/79 [00:03<00:00, 18.13it/s]
 80%|███████▉  | 63/79 [00:03<00:00, 17.63it/s]
 82%|████████▏ | 65/79 [00:03<00:00, 17.31it/s]
 85%|████████▍ | 67/79 [00:03<00:00, 17.36it/s]
 87%|████████▋ | 69/79 [00:03<00:00, 16.84it/s]
 91%|█████████ | 72/79 [00:03<00:00, 17.96it/s]
 94%|█████████▎| 74/79 [00:03<00:00, 18.17it/s]
 96%|█████████▌| 76/79 [00:04<00:00, 18.25it/s]
100%|██████████| 79/79 [00:04<00:00, 18.89it/s]

CommRound: 2/30
Accuracy: 81.95% | Loss: 0.6623
[####--------------------------------------------------------] 6.7%
Elapsed: 1.9m | Avg/Round: 55.6s | Last: 48.4s | Next: 55.6s | Remaining: 25.9m
ETA: 10:46:01
Recent round times: R1: 59.6s -> R2: 48.4s

  0%|          | 0/79 [00:00<?, ?it/s]
  1%|▏         | 1/79 [00:00<00:14,  5.24it/s]
  6%|▋         | 5/79 [00:00<00:04, 15.26it/s]
 11%|█▏        | 9/79 [00:00<00:03, 20.94it/s]
 16%|█▋        | 13/79 [00:00<00:02, 24.20it/s]
 22%|██▏       | 17/79 [00:00<00:02, 26.24it/s]
 27%|██▋       | 21/79 [00:00<00:02, 27.48it/s]
 32%|███▏      | 25/79 [00:01<00:01, 28.40it/s]
 37%|███▋      | 29/79 [00:01<00:01, 28.57it/s]
 42%|████▏     | 33/79 [00:01<00:01, 28.50it/s]
 47%|████▋     | 37/79 [00:01<00:01, 28.51it/s]
 52%|█████▏    | 41/79 [00:01<00:01, 28.34it/s]
 57%|█████▋    | 45/79 [00:01<00:01, 28.79it/s]
 61%|██████    | 48/79 [00:01<00:01, 27.84it/s]
 65%|██████▍   | 51/79 [00:02<00:01, 23.19it/s]
 70%|██████▉   | 55/79 [00:02<00:00, 25.26it/s]
 75%|███████▍  | 59/79 [00:02<00:01, 19.44it/s]
 82%|████████▏ | 65/79 [00:02<00:00, 24.86it/s]
 86%|████████▌ | 68/79 [00:02<00:00, 23.44it/s]
 91%|█████████ | 72/79 [00:02<00:00, 25.17it/s]
 96%|█████████▌| 76/79 [00:03<00:00, 26.67it/s]
100%|██████████| 79/79 [00:03<00:00, 25.34it/s]

CommRound: 3/30
Accuracy: 88.39% | Loss: 0.4488
[######------------------------------------------------------] 10.0%
Elapsed: 2.9m | Avg/Round: 57.6s | Last: 61.5s | Next: 57.6s | Remaining: 25.9m
ETA: 10:47:00
Recent round times: R1: 59.6s -> R2: 48.4s -> R3: 61.5s

  0%|          | 0/79 [00:00<?, ?it/s]
  1%|▏         | 1/79 [00:00<00:10,  7.32it/s]
  6%|▋         | 5/79 [00:00<00:04, 17.46it/s]
  9%|▉         | 7/79 [00:00<00:04, 15.37it/s]
 13%|█▎        | 10/79 [00:00<00:03, 18.57it/s]
 15%|█▌        | 12/79 [00:00<00:04, 16.68it/s]
 18%|█▊        | 14/79 [00:00<00:03, 16.89it/s]
 22%|██▏       | 17/79 [00:00<00:03, 19.49it/s]
 25%|██▌       | 20/79 [00:01<00:02, 20.92it/s]
 29%|██▉       | 23/79 [00:01<00:02, 21.38it/s]
 34%|███▍      | 27/79 [00:01<00:02, 20.68it/s]
 38%|███▊      | 30/79 [00:01<00:02, 21.53it/s]
 42%|████▏     | 33/79 [00:01<00:02, 18.95it/s]
 46%|████▌     | 36/79 [00:01<00:02, 21.14it/s]
 49%|████▉     | 39/79 [00:02<00:02, 19.30it/s]
 53%|█████▎    | 42/79 [00:02<00:01, 20.98it/s]
 57%|█████▋    | 45/79 [00:02<00:01, 18.46it/s]
 59%|█████▉    | 47/79 [00:02<00:01, 18.46it/s]
 62%|██████▏   | 49/79 [00:02<00:01, 18.45it/s]
 65%|██████▍   | 51/79 [00:02<00:01, 18.32it/s]
 67%|██████▋   | 53/79 [00:02<00:01, 18.11it/s]
 70%|██████▉   | 55/79 [00:02<00:01, 17.66it/s]
 72%|███████▏  | 57/79 [00:03<00:01, 17.94it/s]
 75%|███████▍  | 59/79 [00:03<00:01, 17.73it/s]
 77%|███████▋  | 61/79 [00:03<00:01, 17.64it/s]
 80%|███████▉  | 63/79 [00:03<00:00, 17.34it/s]
 82%|████████▏ | 65/79 [00:03<00:00, 17.27it/s]
 85%|████████▍ | 67/79 [00:03<00:00, 17.39it/s]
 87%|████████▋ | 69/79 [00:03<00:00, 17.36it/s]
 90%|████████▉ | 71/79 [00:03<00:00, 17.83it/s]
 95%|█████████▍| 75/79 [00:03<00:00, 20.89it/s]
 99%|█████████▊| 78/79 [00:04<00:00, 20.90it/s]
100%|██████████| 79/79 [00:04<00:00, 18.92it/s]

CommRound: 4/30
Accuracy: 89.96% | Loss: 0.3805
[########----------------------------------------------------] 13.3%
Elapsed: 3.9m | Avg/Round: 58.4s | Last: 61.0s | Next: 58.4s | Remaining: 25.3m
ETA: 10:47:25
Recent round times: R1: 59.6s -> R2: 48.4s -> R3: 61.5s -> R4: 61.0s

  0%|          | 0/79 [00:00<?, ?it/s]
  1%|▏         | 1/79 [00:00<00:11,  6.83it/s]
  6%|▋         | 5/79 [00:00<00:03, 22.57it/s]
 11%|█▏        | 9/79 [00:00<00:02, 25.43it/s]
 16%|█▋        | 13/79 [00:00<00:02, 28.95it/s]
 22%|██▏       | 17/79 [00:00<00:02, 30.30it/s]
 27%|██▋       | 21/79 [00:00<00:01, 31.17it/s]
 32%|███▏      | 25/79 [00:00<00:01, 31.71it/s]
 37%|███▋      | 29/79 [00:01<00:01, 31.52it/s]
 42%|████▏     | 33/79 [00:01<00:01, 32.55it/s]
 47%|████▋     | 37/79 [00:01<00:01, 32.77it/s]
 52%|█████▏    | 41/79 [00:01<00:01, 33.06it/s]
 57%|█████▋    | 45/79 [00:01<00:01, 33.24it/s]
 62%|██████▏   | 49/79 [00:01<00:00, 32.92it/s]
 67%|██████▋   | 53/79 [00:01<00:00, 33.02it/s]
 72%|███████▏  | 57/79 [00:01<00:00, 33.35it/s]
 77%|███████▋  | 61/79 [00:01<00:00, 33.83it/s]
 82%|████████▏ | 65/79 [00:02<00:00, 34.13it/s]
 87%|████████▋ | 69/79 [00:02<00:00, 33.25it/s]
 92%|█████████▏| 73/79 [00:02<00:00, 33.34it/s]
 97%|█████████▋| 77/79 [00:02<00:00, 33.87it/s]
100%|██████████| 79/79 [00:02<00:00, 32.17it/s]

CommRound: 5/30
Accuracy: 89.89% | Loss: 0.3877
[##########--------------------------------------------------] 16.7%
Elapsed: 4.9m | Avg/Round: 58.7s | Last: 59.8s | Next: 58.7s | Remaining: 24.4m
ETA: 10:47:33
Recent round times: R1: 59.6s -> R2: 48.4s -> R3: 61.5s -> R4: 61.0s -> R5: 59.8s

  0%|          | 0/79 [00:00<?, ?it/s]
  1%|▏         | 1/79 [00:00<00:13,  5.86it/s]
  6%|▋         | 5/79 [00:00<00:03, 19.07it/s]
 11%|█▏        | 9/79 [00:00<00:03, 21.32it/s]
 15%|█▌        | 12/79 [00:00<00:02, 23.49it/s]
 19%|█▉        | 15/79 [00:00<00:02, 23.51it/s]
 24%|██▍       | 19/79 [00:00<00:02, 23.89it/s]
 29%|██▉       | 23/79 [00:00<00:02, 25.84it/s]
 34%|███▍      | 27/79 [00:01<00:01, 26.77it/s]
 38%|███▊      | 30/79 [00:01<00:01, 27.47it/s]
 43%|████▎     | 34/79 [00:01<00:01, 27.28it/s]
 48%|████▊     | 38/79 [00:01<00:01, 27.42it/s]
 53%|█████▎    | 42/79 [00:01<00:01, 26.69it/s]
 58%|█████▊    | 46/79 [00:01<00:01, 26.52it/s]
 63%|██████▎   | 50/79 [00:01<00:01, 26.67it/s]
 68%|██████▊   | 54/79 [00:02<00:00, 25.71it/s]
 73%|███████▎  | 58/79 [00:02<00:00, 26.32it/s]
 78%|███████▊  | 62/79 [00:02<00:00, 26.60it/s]
 84%|████████▎ | 66/79 [00:02<00:00, 26.83it/s]
 89%|████████▊ | 70/79 [00:02<00:00, 27.19it/s]
 94%|█████████▎| 74/79 [00:02<00:00, 27.62it/s]
 99%|█████████▊| 78/79 [00:02<00:00, 29.41it/s]
100%|██████████| 79/79 [00:03<00:00, 26.24it/s]

CommRound: 6/30
Accuracy: 89.33% | Loss: 0.4145
[############------------------------------------------------] 20.0%
Elapsed: 5.9m | Avg/Round: 58.7s | Last: 58.7s | Next: 58.7s | Remaining: 23.5m
ETA: 10:47:33
Recent round times: R1: 48.4s -> R2: 61.5s -> R3: 61.0s -> R4: 59.8s -> R5: 58.7s

  0%|          | 0/79 [00:00<?, ?it/s]
  1%|▏         | 1/79 [00:00<00:14,  5.23it/s]
  8%|▊         | 6/79 [00:00<00:03, 23.34it/s]
 11%|█▏        | 9/79 [00:00<00:03, 20.22it/s]
 15%|█▌        | 12/79 [00:00<00:03, 20.61it/s]
 19%|█▉        | 15/79 [00:00<00:02, 21.99it/s]
 23%|██▎       | 18/79 [00:00<00:02, 23.00it/s]
 28%|██▊       | 22/79 [00:00<00:02, 26.36it/s]
 32%|███▏      | 25/79 [00:01<00:01, 27.16it/s]
 37%|███▋      | 29/79 [00:01<00:01, 29.09it/s]
 42%|████▏     | 33/79 [00:01<00:01, 30.34it/s]
 47%|████▋     | 37/79 [00:01<00:01, 30.08it/s]
 52%|█████▏    | 41/79 [00:01<00:01, 31.94it/s]
 57%|█████▋    | 45/79 [00:01<00:01, 31.47it/s]
 62%|██████▏   | 49/79 [00:01<00:00, 30.42it/s]
 67%|██████▋   | 53/79 [00:01<00:00, 29.48it/s]
 72%|███████▏  | 57/79 [00:02<00:00, 27.94it/s]
 78%|███████▊  | 62/79 [00:02<00:00, 32.59it/s]
 84%|████████▎ | 66/79 [00:02<00:00, 29.82it/s]
 89%|████████▊ | 70/79 [00:02<00:00, 29.95it/s]
 94%|█████████▎| 74/79 [00:02<00:00, 30.49it/s]
 99%|█████████▊| 78/79 [00:02<00:00, 31.64it/s]
100%|██████████| 79/79 [00:02<00:00, 28.00it/s]

CommRound: 7/30
Accuracy: 89.48% | Loss: 0.4156
[##############----------------------------------------------] 23.3%
Elapsed: 6.7m | Avg/Round: 57.9s | Last: 52.9s | Next: 57.9s | Remaining: 22.2m
ETA: 10:47:08
Recent round times: R1: 61.5s -> R2: 61.0s -> R3: 59.8s -> R4: 58.7s -> R5: 52.9s

  0%|          | 0/79 [00:00<?, ?it/s]
  1%|▏         | 1/79 [00:00<00:15,  5.13it/s]
  6%|▋         | 5/79 [00:00<00:03, 19.69it/s]
 11%|█▏        | 9/79 [00:00<00:02, 24.33it/s]
 16%|█▋        | 13/79 [00:00<00:02, 25.58it/s]
 20%|██        | 16/79 [00:00<00:02, 23.54it/s]
 24%|██▍       | 19/79 [00:00<00:03, 19.90it/s]
 28%|██▊       | 22/79 [00:01<00:02, 19.58it/s]
 32%|███▏      | 25/79 [00:01<00:02, 18.93it/s]
 34%|███▍      | 27/79 [00:01<00:02, 18.56it/s]
 37%|███▋      | 29/79 [00:01<00:02, 18.32it/s]
 39%|███▉      | 31/79 [00:01<00:02, 18.24it/s]
 44%|████▍     | 35/79 [00:01<00:01, 22.57it/s]
 49%|████▉     | 39/79 [00:01<00:01, 25.66it/s]
 54%|█████▍    | 43/79 [00:01<00:01, 27.87it/s]
 59%|█████▉    | 47/79 [00:02<00:01, 29.46it/s]
 65%|██████▍   | 51/79 [00:02<00:00, 30.30it/s]
 70%|██████▉   | 55/79 [00:02<00:00, 31.32it/s]
 75%|███████▍  | 59/79 [00:02<00:00, 31.96it/s]
 80%|███████▉  | 63/79 [00:02<00:00, 32.41it/s]
 85%|████████▍ | 67/79 [00:02<00:00, 27.61it/s]
 89%|████████▊ | 70/79 [00:02<00:00, 24.26it/s]
 92%|█████████▏| 73/79 [00:03<00:00, 24.31it/s]
 96%|█████████▌| 76/79 [00:03<00:00, 21.73it/s]
100%|██████████| 79/79 [00:03<00:00, 23.63it/s]

CommRound: 8/30
Accuracy: 89.55% | Loss: 0.4171
[################--------------------------------------------] 26.7%
Elapsed: 7.7m | Avg/Round: 57.5s | Last: 54.7s | Next: 57.5s | Remaining: 21.1m
ETA: 10:46:57
Recent round times: R1: 61.0s -> R2: 59.8s -> R3: 58.7s -> R4: 52.9s -> R5: 54.7s

  0%|          | 0/79 [00:00<?, ?it/s]
  1%|▏         | 1/79 [00:00<00:20,  3.76it/s]
  4%|▍         | 3/79 [00:00<00:08,  9.15it/s]
  6%|▋         | 5/79 [00:00<00:06, 11.97it/s]
  9%|▉         | 7/79 [00:00<00:05, 12.86it/s]
 11%|█▏        | 9/79 [00:00<00:05, 13.61it/s]
 14%|█▍        | 11/79 [00:00<00:04, 14.20it/s]
 16%|█▋        | 13/79 [00:01<00:04, 14.23it/s]
 19%|█▉        | 15/79 [00:01<00:04, 14.10it/s]
 22%|██▏       | 17/79 [00:01<00:04, 14.34it/s]
 24%|██▍       | 19/79 [00:01<00:04, 14.95it/s]
 27%|██▋       | 21/79 [00:01<00:03, 15.62it/s]
 29%|██▉       | 23/79 [00:01<00:03, 15.61it/s]
 32%|███▏      | 25/79 [00:01<00:03, 14.92it/s]
 34%|███▍      | 27/79 [00:01<00:03, 14.98it/s]
 37%|███▋      | 29/79 [00:02<00:03, 15.00it/s]
 39%|███▉      | 31/79 [00:02<00:03, 15.01it/s]
 42%|████▏     | 33/79 [00:02<00:03, 15.00it/s]
 44%|████▍     | 35/79 [00:02<00:02, 15.07it/s]
 47%|████▋     | 37/79 [00:02<00:02, 15.24it/s]
 49%|████▉     | 39/79 [00:02<00:02, 15.30it/s]
 52%|█████▏    | 41/79 [00:02<00:02, 14.18it/s]
 54%|█████▍    | 43/79 [00:03<00:02, 15.21it/s]
 57%|█████▋    | 45/79 [00:03<00:02, 15.79it/s]
 59%|█████▉    | 47/79 [00:03<00:02, 15.07it/s]
 62%|██████▏   | 49/79 [00:03<00:01, 15.44it/s]
 65%|██████▍   | 51/79 [00:03<00:01, 15.24it/s]
 67%|██████▋   | 53/79 [00:03<00:01, 15.11it/s]
 70%|██████▉   | 55/79 [00:03<00:01, 14.93it/s]
 72%|███████▏  | 57/79 [00:03<00:01, 14.42it/s]
 75%|███████▍  | 59/79 [00:04<00:01, 14.49it/s]
 77%|███████▋  | 61/79 [00:04<00:01, 13.74it/s]
 80%|███████▉  | 63/79 [00:04<00:01, 14.37it/s]
 82%|████████▏ | 65/79 [00:04<00:00, 14.44it/s]
 85%|████████▍ | 67/79 [00:04<00:00, 15.36it/s]
 87%|████████▋ | 69/79 [00:04<00:00, 16.44it/s]
 90%|████████▉ | 71/79 [00:04<00:00, 17.18it/s]
 92%|█████████▏| 73/79 [00:04<00:00, 17.69it/s]
 95%|█████████▍| 75/79 [00:05<00:00, 18.10it/s]
 97%|█████████▋| 77/79 [00:05<00:00, 18.07it/s]
100%|██████████| 79/79 [00:05<00:00, 15.14it/s]

CommRound: 9/30
Accuracy: 89.83% | Loss: 0.4118
[##################------------------------------------------] 30.0%
Elapsed: 8.6m | Avg/Round: 57.2s | Last: 54.7s | Next: 57.2s | Remaining: 20.0m
ETA: 10:46:47
Recent round times: R1: 59.8s -> R2: 58.7s -> R3: 52.9s -> R4: 54.7s -> R5: 54.7s
EARLY_STOP: round=9; best_acc=89.96; current_acc=89.83; threshold=90.00; patience=5; reason=converged_below_target
Total time for experiment: 514.3793518543243 seconds
Device average training time per communication round [s]:
    rpi (sld-rpi-09.ece.utexas.edu): 6.69 seconds
    mc1 (sld-mc1-09.ece.utexas.edu): 52.31 seconds
