
  0%|          | 0/79 [00:00<?, ?it/s]
  1%|▏         | 1/79 [00:00<00:14,  5.44it/s]
  4%|▍         | 3/79 [00:00<00:07, 10.71it/s]
  6%|▋         | 5/79 [00:00<00:05, 12.56it/s]
  9%|▉         | 7/79 [00:00<00:05, 13.55it/s]
 11%|█▏        | 9/79 [00:00<00:04, 14.76it/s]
 14%|█▍        | 11/79 [00:00<00:04, 14.87it/s]
 16%|█▋        | 13/79 [00:00<00:04, 14.96it/s]
 19%|█▉        | 15/79 [00:01<00:04, 15.29it/s]
 22%|██▏       | 17/79 [00:01<00:03, 15.99it/s]
 24%|██▍       | 19/79 [00:01<00:03, 16.43it/s]
 27%|██▋       | 21/79 [00:01<00:03, 16.75it/s]
 29%|██▉       | 23/79 [00:01<00:03, 17.03it/s]
 34%|███▍      | 27/79 [00:01<00:02, 21.99it/s]
 39%|███▉      | 31/79 [00:01<00:01, 25.43it/s]
 44%|████▍     | 35/79 [00:01<00:01, 27.54it/s]
 49%|████▉     | 39/79 [00:02<00:01, 29.02it/s]
 53%|█████▎    | 42/79 [00:02<00:01, 28.56it/s]
 58%|█████▊    | 46/79 [00:02<00:01, 29.86it/s]
 62%|██████▏   | 49/79 [00:02<00:01, 29.54it/s]
 67%|██████▋   | 53/79 [00:02<00:00, 29.78it/s]
 71%|███████   | 56/79 [00:02<00:00, 28.32it/s]
 75%|███████▍  | 59/79 [00:02<00:00, 22.17it/s]
 78%|███████▊  | 62/79 [00:02<00:00, 22.38it/s]
 82%|████████▏ | 65/79 [00:03<00:00, 17.56it/s]
 86%|████████▌ | 68/79 [00:03<00:00, 18.50it/s]
 90%|████████▉ | 71/79 [00:03<00:00, 15.76it/s]
 92%|█████████▏| 73/79 [00:03<00:00, 15.70it/s]
 95%|█████████▍| 75/79 [00:03<00:00, 15.47it/s]
100%|██████████| 79/79 [00:03<00:00, 20.32it/s]
100%|██████████| 79/79 [00:04<00:00, 19.74it/s]
Initial Accuracy: 9.48%; Initial Loss: 2.3109

  0%|          | 0/79 [00:00<?, ?it/s]
  1%|▏         | 1/79 [00:00<00:16,  4.66it/s]
  5%|▌         | 4/79 [00:00<00:05, 14.10it/s]
  8%|▊         | 6/79 [00:00<00:04, 15.54it/s]
 10%|█         | 8/79 [00:00<00:04, 15.66it/s]
 13%|█▎        | 10/79 [00:00<00:04, 15.47it/s]
 15%|█▌        | 12/79 [00:00<00:04, 15.42it/s]
 18%|█▊        | 14/79 [00:00<00:04, 15.46it/s]
 20%|██        | 16/79 [00:01<00:03, 15.87it/s]
 23%|██▎       | 18/79 [00:01<00:03, 15.65it/s]
 25%|██▌       | 20/79 [00:01<00:03, 15.75it/s]
 28%|██▊       | 22/79 [00:01<00:03, 16.27it/s]
 32%|███▏      | 25/79 [00:01<00:02, 18.20it/s]
 37%|███▋      | 29/79 [00:01<00:02, 19.08it/s]
 39%|███▉      | 31/79 [00:01<00:02, 18.55it/s]
 42%|████▏     | 33/79 [00:02<00:02, 17.97it/s]
 44%|████▍     | 35/79 [00:02<00:02, 17.35it/s]
 47%|████▋     | 37/79 [00:02<00:02, 17.16it/s]
 49%|████▉     | 39/79 [00:02<00:02, 17.13it/s]
 52%|█████▏    | 41/79 [00:02<00:02, 17.51it/s]
 54%|█████▍    | 43/79 [00:02<00:02, 16.88it/s]
 57%|█████▋    | 45/79 [00:02<00:01, 17.34it/s]
 59%|█████▉    | 47/79 [00:02<00:01, 16.79it/s]
 62%|██████▏   | 49/79 [00:02<00:01, 16.64it/s]
 65%|██████▍   | 51/79 [00:03<00:01, 16.85it/s]
 67%|██████▋   | 53/79 [00:03<00:01, 17.08it/s]
 70%|██████▉   | 55/79 [00:03<00:01, 16.53it/s]
 72%|███████▏  | 57/79 [00:03<00:01, 16.18it/s]
 75%|███████▍  | 59/79 [00:03<00:01, 16.37it/s]
 77%|███████▋  | 61/79 [00:03<00:01, 16.09it/s]
 80%|███████▉  | 63/79 [00:03<00:00, 16.46it/s]
 82%|████████▏ | 65/79 [00:03<00:00, 16.32it/s]
 85%|████████▍ | 67/79 [00:04<00:00, 16.11it/s]
 87%|████████▋ | 69/79 [00:04<00:00, 16.70it/s]
 90%|████████▉ | 71/79 [00:04<00:00, 16.47it/s]
 92%|█████████▏| 73/79 [00:04<00:00, 16.30it/s]
 95%|█████████▍| 75/79 [00:04<00:00, 16.54it/s]
100%|██████████| 79/79 [00:04<00:00, 16.90it/s]

CommRound: 1/30
Accuracy: 59.49% | Loss: 1.3692
[##----------------------------------------------------------] 3.3%
Elapsed: 0.3m | Avg/Round: 16.1s | Last: 12.0s | Next: 16.1s | Remaining: 7.8m
ETA: 06:22:42
Recent round times: R1: 12.0s

  0%|          | 0/79 [00:00<?, ?it/s]
  1%|▏         | 1/79 [00:00<00:12,  6.39it/s]
  6%|▋         | 5/79 [00:00<00:03, 21.97it/s]
 11%|█▏        | 9/79 [00:00<00:02, 27.18it/s]
 16%|█▋        | 13/79 [00:00<00:02, 29.55it/s]
 22%|██▏       | 17/79 [00:00<00:02, 27.67it/s]
 27%|██▋       | 21/79 [00:00<00:01, 29.09it/s]
 32%|███▏      | 25/79 [00:00<00:01, 30.49it/s]
 37%|███▋      | 29/79 [00:01<00:01, 31.25it/s]
 42%|████▏     | 33/79 [00:01<00:01, 31.22it/s]
 47%|████▋     | 37/79 [00:01<00:01, 32.39it/s]
 52%|█████▏    | 41/79 [00:01<00:01, 32.95it/s]
 57%|█████▋    | 45/79 [00:01<00:01, 29.43it/s]
 62%|██████▏   | 49/79 [00:01<00:01, 29.97it/s]
 67%|██████▋   | 53/79 [00:01<00:00, 30.46it/s]
 72%|███████▏  | 57/79 [00:01<00:00, 30.81it/s]
 77%|███████▋  | 61/79 [00:02<00:00, 31.08it/s]
 82%|████████▏ | 65/79 [00:02<00:00, 30.56it/s]
 87%|████████▋ | 69/79 [00:02<00:00, 30.94it/s]
 92%|█████████▏| 73/79 [00:02<00:00, 31.41it/s]
 97%|█████████▋| 77/79 [00:02<00:00, 31.72it/s]
100%|██████████| 79/79 [00:02<00:00, 29.80it/s]

CommRound: 2/30
Accuracy: 70.22% | Loss: 0.9037
[####--------------------------------------------------------] 6.7%
Elapsed: 0.4m | Avg/Round: 13.1s | Last: 10.1s | Next: 13.1s | Remaining: 6.1m
ETA: 06:21:13
Recent round times: R1: 12.0s -> R2: 10.1s

  0%|          | 0/79 [00:00<?, ?it/s]
  1%|▏         | 1/79 [00:00<00:15,  4.92it/s]
  6%|▋         | 5/79 [00:00<00:03, 19.02it/s]
 11%|█▏        | 9/79 [00:00<00:02, 24.64it/s]
 15%|█▌        | 12/79 [00:00<00:02, 25.48it/s]
 20%|██        | 16/79 [00:00<00:02, 26.30it/s]
 24%|██▍       | 19/79 [00:00<00:02, 24.96it/s]
 28%|██▊       | 22/79 [00:00<00:02, 21.96it/s]
 32%|███▏      | 25/79 [00:01<00:02, 22.79it/s]
 35%|███▌      | 28/79 [00:01<00:02, 20.60it/s]
 39%|███▉      | 31/79 [00:01<00:02, 21.28it/s]
 43%|████▎     | 34/79 [00:01<00:02, 20.18it/s]
 48%|████▊     | 38/79 [00:01<00:01, 23.29it/s]
 53%|█████▎    | 42/79 [00:01<00:01, 25.90it/s]
 58%|█████▊    | 46/79 [00:01<00:01, 27.71it/s]
 63%|██████▎   | 50/79 [00:02<00:00, 29.03it/s]
 68%|██████▊   | 54/79 [00:02<00:00, 28.15it/s]
 73%|███████▎  | 58/79 [00:02<00:00, 24.21it/s]
 77%|███████▋  | 61/79 [00:02<00:00, 23.76it/s]
 81%|████████  | 64/79 [00:02<00:00, 21.10it/s]
 86%|████████▌ | 68/79 [00:02<00:00, 24.25it/s]
 91%|█████████ | 72/79 [00:03<00:00, 26.91it/s]
 96%|█████████▌| 76/79 [00:03<00:00, 28.82it/s]
100%|██████████| 79/79 [00:03<00:00, 24.65it/s]

CommRound: 3/30
Accuracy: 74.68% | Loss: 0.7726
[######------------------------------------------------------] 10.0%
Elapsed: 0.6m | Avg/Round: 12.3s | Last: 10.6s | Next: 12.3s | Remaining: 5.5m
ETA: 06:20:48
Recent round times: R1: 12.0s -> R2: 10.1s -> R3: 10.6s

  0%|          | 0/79 [00:00<?, ?it/s]
  1%|▏         | 1/79 [00:00<00:09,  8.20it/s]
  4%|▍         | 3/79 [00:00<00:05, 13.52it/s]
  8%|▊         | 6/79 [00:00<00:03, 20.25it/s]
 11%|█▏        | 9/79 [00:00<00:04, 15.85it/s]
 14%|█▍        | 11/79 [00:00<00:04, 16.69it/s]
 16%|█▋        | 13/79 [00:00<00:03, 16.61it/s]
 19%|█▉        | 15/79 [00:00<00:03, 16.87it/s]
 22%|██▏       | 17/79 [00:01<00:03, 17.27it/s]
 25%|██▌       | 20/79 [00:01<00:02, 20.18it/s]
 29%|██▉       | 23/79 [00:01<00:03, 17.96it/s]
 32%|███▏      | 25/79 [00:01<00:02, 18.27it/s]
 34%|███▍      | 27/79 [00:01<00:02, 18.45it/s]
 39%|███▉      | 31/79 [00:01<00:02, 21.39it/s]
 44%|████▍     | 35/79 [00:01<00:01, 24.34it/s]
 49%|████▉     | 39/79 [00:01<00:01, 26.42it/s]
 54%|█████▍    | 43/79 [00:02<00:01, 28.03it/s]
 59%|█████▉    | 47/79 [00:02<00:01, 26.46it/s]
 63%|██████▎   | 50/79 [00:02<00:01, 26.38it/s]
 67%|██████▋   | 53/79 [00:02<00:01, 21.42it/s]
 71%|███████   | 56/79 [00:02<00:01, 22.68it/s]
 75%|███████▍  | 59/79 [00:02<00:00, 21.18it/s]
 78%|███████▊  | 62/79 [00:02<00:00, 22.19it/s]
 82%|████████▏ | 65/79 [00:03<00:00, 18.33it/s]
 86%|████████▌ | 68/79 [00:03<00:00, 20.01it/s]
 90%|████████▉ | 71/79 [00:03<00:00, 17.60it/s]
 92%|█████████▏| 73/79 [00:03<00:00, 17.62it/s]
 95%|█████████▍| 75/79 [00:03<00:00, 18.13it/s]
100%|██████████| 79/79 [00:03<00:00, 23.18it/s]
100%|██████████| 79/79 [00:03<00:00, 20.42it/s]

CommRound: 4/30
Accuracy: 80.36% | Loss: 0.6164
[########----------------------------------------------------] 13.3%
Elapsed: 0.8m | Avg/Round: 12.0s | Last: 11.1s | Next: 12.0s | Remaining: 5.2m
ETA: 06:20:39
Recent round times: R1: 12.0s -> R2: 10.1s -> R3: 10.6s -> R4: 11.1s

  0%|          | 0/79 [00:00<?, ?it/s]
  1%|▏         | 1/79 [00:00<00:16,  4.69it/s]
  6%|▋         | 5/79 [00:00<00:04, 18.14it/s]
 11%|█▏        | 9/79 [00:00<00:02, 24.02it/s]
 16%|█▋        | 13/79 [00:00<00:02, 27.14it/s]
 20%|██        | 16/79 [00:00<00:02, 26.94it/s]
 25%|██▌       | 20/79 [00:00<00:02, 28.84it/s]
 30%|███       | 24/79 [00:00<00:02, 26.65it/s]
 34%|███▍      | 27/79 [00:01<00:01, 27.20it/s]
 38%|███▊      | 30/79 [00:01<00:02, 23.94it/s]
 42%|████▏     | 33/79 [00:01<00:01, 25.17it/s]
 46%|████▌     | 36/79 [00:01<00:01, 21.88it/s]
 49%|████▉     | 39/79 [00:01<00:01, 23.53it/s]
 53%|█████▎    | 42/79 [00:01<00:01, 23.86it/s]
 58%|█████▊    | 46/79 [00:01<00:01, 26.84it/s]
 63%|██████▎   | 50/79 [00:02<00:01, 26.60it/s]
 68%|██████▊   | 54/79 [00:02<00:00, 28.38it/s]
 73%|███████▎  | 58/79 [00:02<00:00, 29.66it/s]
 78%|███████▊  | 62/79 [00:02<00:00, 30.67it/s]
 84%|████████▎ | 66/79 [00:02<00:00, 31.51it/s]
 89%|████████▊ | 70/79 [00:02<00:00, 30.71it/s]
 94%|█████████▎| 74/79 [00:02<00:00, 32.50it/s]
 99%|█████████▊| 78/79 [00:02<00:00, 32.60it/s]
100%|██████████| 79/79 [00:02<00:00, 27.20it/s]

CommRound: 5/30
Accuracy: 81.93% | Loss: 0.5797
[##########--------------------------------------------------] 16.7%
Elapsed: 1.0m | Avg/Round: 11.6s | Last: 10.2s | Next: 11.6s | Remaining: 4.8m
ETA: 06:20:28
Recent round times: R1: 12.0s -> R2: 10.1s -> R3: 10.6s -> R4: 11.1s -> R5: 10.2s

  0%|          | 0/79 [00:00<?, ?it/s]
  1%|▏         | 1/79 [00:00<00:11,  6.86it/s]
  5%|▌         | 4/79 [00:00<00:04, 17.87it/s]
  9%|▉         | 7/79 [00:00<00:03, 21.81it/s]
 14%|█▍        | 11/79 [00:00<00:02, 26.02it/s]
 18%|█▊        | 14/79 [00:00<00:02, 26.29it/s]
 23%|██▎       | 18/79 [00:00<00:02, 27.10it/s]
 28%|██▊       | 22/79 [00:00<00:02, 28.00it/s]
 33%|███▎      | 26/79 [00:01<00:01, 28.77it/s]
 37%|███▋      | 29/79 [00:01<00:01, 27.95it/s]
 41%|████      | 32/79 [00:01<00:02, 21.12it/s]
 46%|████▌     | 36/79 [00:01<00:02, 20.23it/s]
 49%|████▉     | 39/79 [00:01<00:01, 21.42it/s]
 53%|█████▎    | 42/79 [00:01<00:01, 22.13it/s]
 58%|█████▊    | 46/79 [00:02<00:01, 20.68it/s]
 62%|██████▏   | 49/79 [00:02<00:01, 21.44it/s]
 66%|██████▌   | 52/79 [00:02<00:01, 18.08it/s]
 68%|██████▊   | 54/79 [00:02<00:01, 17.86it/s]
 71%|███████   | 56/79 [00:02<00:01, 17.94it/s]
 73%|███████▎  | 58/79 [00:02<00:01, 17.98it/s]
 78%|███████▊  | 62/79 [00:02<00:00, 21.08it/s]
 84%|████████▎ | 66/79 [00:02<00:00, 24.14it/s]
 89%|████████▊ | 70/79 [00:03<00:00, 26.85it/s]
 94%|█████████▎| 74/79 [00:03<00:00, 28.89it/s]
 99%|█████████▊| 78/79 [00:03<00:00, 29.75it/s]
100%|██████████| 79/79 [00:03<00:00, 23.37it/s]

CommRound: 6/30
Accuracy: 83.42% | Loss: 0.5642
[############------------------------------------------------] 20.0%
Elapsed: 1.1m | Avg/Round: 11.4s | Last: 10.5s | Next: 11.4s | Remaining: 4.6m
ETA: 06:20:23
Recent round times: R1: 10.1s -> R2: 10.6s -> R3: 11.1s -> R4: 10.2s -> R5: 10.5s

  0%|          | 0/79 [00:00<?, ?it/s]
  1%|▏         | 1/79 [00:00<00:15,  5.01it/s]
  6%|▋         | 5/79 [00:00<00:03, 18.93it/s]
 10%|█         | 8/79 [00:00<00:03, 22.96it/s]
 14%|█▍        | 11/79 [00:00<00:04, 16.62it/s]
 22%|██▏       | 17/79 [00:00<00:02, 24.31it/s]
 27%|██▋       | 21/79 [00:00<00:02, 26.71it/s]
 32%|███▏      | 25/79 [00:01<00:01, 28.48it/s]
 37%|███▋      | 29/79 [00:01<00:01, 29.73it/s]
 42%|████▏     | 33/79 [00:01<00:01, 30.58it/s]
 47%|████▋     | 37/79 [00:01<00:01, 30.73it/s]
 52%|█████▏    | 41/79 [00:01<00:01, 31.08it/s]
 57%|█████▋    | 45/79 [00:01<00:01, 31.22it/s]
 62%|██████▏   | 49/79 [00:01<00:00, 31.57it/s]
 67%|██████▋   | 53/79 [00:01<00:00, 31.91it/s]
 72%|███████▏  | 57/79 [00:02<00:00, 32.16it/s]
 77%|███████▋  | 61/79 [00:02<00:00, 31.99it/s]
 82%|████████▏ | 65/79 [00:02<00:00, 32.27it/s]
 87%|████████▋ | 69/79 [00:02<00:00, 32.36it/s]
 92%|█████████▏| 73/79 [00:02<00:00, 32.53it/s]
 97%|█████████▋| 77/79 [00:02<00:00, 32.66it/s]
100%|██████████| 79/79 [00:02<00:00, 29.04it/s]

CommRound: 7/30
Accuracy: 84.92% | Loss: 0.5426
[##############----------------------------------------------] 23.3%
Elapsed: 1.3m | Avg/Round: 11.2s | Last: 10.1s | Next: 11.2s | Remaining: 4.3m
ETA: 06:20:17
Recent round times: R1: 10.6s -> R2: 11.1s -> R3: 10.2s -> R4: 10.5s -> R5: 10.1s

  0%|          | 0/79 [00:00<?, ?it/s]
  1%|▏         | 1/79 [00:00<00:13,  5.75it/s]
  6%|▋         | 5/79 [00:00<00:05, 14.51it/s]
 11%|█▏        | 9/79 [00:00<00:03, 18.15it/s]
 14%|█▍        | 11/79 [00:00<00:03, 17.86it/s]
 16%|█▋        | 13/79 [00:00<00:03, 17.60it/s]
 19%|█▉        | 15/79 [00:00<00:03, 17.63it/s]
 22%|██▏       | 17/79 [00:00<00:03, 18.25it/s]
 24%|██▍       | 19/79 [00:01<00:03, 17.81it/s]
 27%|██▋       | 21/79 [00:01<00:03, 17.67it/s]
 29%|██▉       | 23/79 [00:01<00:03, 17.80it/s]
 32%|███▏      | 25/79 [00:01<00:02, 18.22it/s]
 34%|███▍      | 27/79 [00:01<00:02, 18.62it/s]
 37%|███▋      | 29/79 [00:01<00:02, 17.91it/s]
 39%|███▉      | 31/79 [00:01<00:02, 17.57it/s]
 42%|████▏     | 33/79 [00:01<00:02, 17.40it/s]
 44%|████▍     | 35/79 [00:02<00:02, 17.52it/s]
 47%|████▋     | 37/79 [00:02<00:02, 17.64it/s]
 49%|████▉     | 39/79 [00:02<00:02, 17.46it/s]
 52%|█████▏    | 41/79 [00:02<00:02, 17.40it/s]
 54%|█████▍    | 43/79 [00:02<00:02, 17.34it/s]
 57%|█████▋    | 45/79 [00:02<00:01, 17.16it/s]
 59%|█████▉    | 47/79 [00:02<00:01, 17.43it/s]
 62%|██████▏   | 49/79 [00:02<00:01, 17.39it/s]
 65%|██████▍   | 51/79 [00:02<00:01, 17.37it/s]
 67%|██████▋   | 53/79 [00:03<00:01, 17.97it/s]
 70%|██████▉   | 55/79 [00:03<00:01, 17.86it/s]
 72%|███████▏  | 57/79 [00:03<00:01, 17.80it/s]
 75%|███████▍  | 59/79 [00:03<00:01, 18.20it/s]
 77%|███████▋  | 61/79 [00:03<00:01, 17.99it/s]
 80%|███████▉  | 63/79 [00:03<00:00, 17.72it/s]
 82%|████████▏ | 65/79 [00:03<00:00, 17.94it/s]
 85%|████████▍ | 67/79 [00:03<00:00, 18.19it/s]
 87%|████████▋ | 69/79 [00:03<00:00, 18.09it/s]
 90%|████████▉ | 71/79 [00:04<00:00, 17.29it/s]
 95%|█████████▍| 75/79 [00:04<00:00, 19.11it/s]
100%|██████████| 79/79 [00:04<00:00, 18.18it/s]

CommRound: 8/30
Accuracy: 83.91% | Loss: 0.5533
[################--------------------------------------------] 26.7%
Elapsed: 1.5m | Avg/Round: 11.3s | Last: 11.8s | Next: 11.3s | Remaining: 4.1m
ETA: 06:20:19
Recent round times: R1: 11.1s -> R2: 10.2s -> R3: 10.5s -> R4: 10.1s -> R5: 11.8s

  0%|          | 0/79 [00:00<?, ?it/s]
  1%|▏         | 1/79 [00:00<00:11,  6.75it/s]
  6%|▋         | 5/79 [00:00<00:03, 23.06it/s]
 11%|█▏        | 9/79 [00:00<00:02, 28.06it/s]
 16%|█▋        | 13/79 [00:00<00:02, 30.10it/s]
 22%|██▏       | 17/79 [00:00<00:01, 31.01it/s]
 27%|██▋       | 21/79 [00:00<00:01, 30.95it/s]
 32%|███▏      | 25/79 [00:00<00:01, 31.89it/s]
 37%|███▋      | 29/79 [00:00<00:01, 31.55it/s]
 42%|████▏     | 33/79 [00:01<00:01, 31.48it/s]
 47%|████▋     | 37/79 [00:01<00:01, 33.18it/s]
 52%|█████▏    | 41/79 [00:01<00:01, 31.19it/s]
 59%|█████▉    | 47/79 [00:01<00:00, 33.59it/s]
 65%|██████▍   | 51/79 [00:01<00:00, 29.82it/s]
 70%|██████▉   | 55/79 [00:01<00:00, 25.07it/s]
 73%|███████▎  | 58/79 [00:02<00:00, 25.16it/s]
 77%|███████▋  | 61/79 [00:02<00:00, 20.56it/s]
 81%|████████  | 64/79 [00:02<00:00, 21.75it/s]
 85%|████████▍ | 67/79 [00:02<00:00, 18.53it/s]
 90%|████████▉ | 71/79 [00:02<00:00, 18.79it/s]
 94%|█████████▎| 74/79 [00:02<00:00, 20.32it/s]
 97%|█████████▋| 77/79 [00:03<00:00, 18.99it/s]
100%|██████████| 79/79 [00:03<00:00, 25.13it/s]

CommRound: 9/30
Accuracy: 80.57% | Loss: 0.6846
[##################------------------------------------------] 30.0%
Elapsed: 1.7m | Avg/Round: 11.2s | Last: 10.4s | Next: 11.2s | Remaining: 3.9m
ETA: 06:20:16
Recent round times: R1: 10.2s -> R2: 10.5s -> R3: 10.1s -> R4: 11.8s -> R5: 10.4s

  0%|          | 0/79 [00:00<?, ?it/s]
  1%|▏         | 1/79 [00:00<00:11,  7.06it/s]
  6%|▋         | 5/79 [00:00<00:04, 18.27it/s]
 11%|█▏        | 9/79 [00:00<00:03, 18.53it/s]
 16%|█▋        | 13/79 [00:00<00:02, 22.18it/s]
 22%|██▏       | 17/79 [00:00<00:02, 24.96it/s]
 27%|██▋       | 21/79 [00:00<00:02, 26.83it/s]
 32%|███▏      | 25/79 [00:01<00:01, 28.41it/s]
 35%|███▌      | 28/79 [00:01<00:01, 28.72it/s]
 42%|████▏     | 33/79 [00:01<00:01, 30.06it/s]
 47%|████▋     | 37/79 [00:01<00:01, 30.76it/s]
 52%|█████▏    | 41/79 [00:01<00:01, 31.49it/s]
 57%|█████▋    | 45/79 [00:01<00:01, 32.10it/s]
 62%|██████▏   | 49/79 [00:01<00:00, 31.66it/s]
 67%|██████▋   | 53/79 [00:01<00:00, 32.56it/s]
 72%|███████▏  | 57/79 [00:02<00:00, 32.46it/s]
 77%|███████▋  | 61/79 [00:02<00:00, 32.61it/s]
 82%|████████▏ | 65/79 [00:02<00:00, 32.57it/s]
 87%|████████▋ | 69/79 [00:02<00:00, 32.48it/s]
 92%|█████████▏| 73/79 [00:02<00:00, 32.17it/s]
 97%|█████████▋| 77/79 [00:02<00:00, 32.58it/s]
100%|██████████| 79/79 [00:02<00:00, 29.64it/s]

CommRound: 10/30
Accuracy: 83.94% | Loss: 0.5786
[####################----------------------------------------] 33.3%
Elapsed: 1.8m | Avg/Round: 11.1s | Last: 10.1s | Next: 11.1s | Remaining: 3.7m
ETA: 06:20:13
Recent round times: R1: 10.5s -> R2: 10.1s -> R3: 11.8s -> R4: 10.4s -> R5: 10.1s

  0%|          | 0/79 [00:00<?, ?it/s]
  1%|▏         | 1/79 [00:00<00:19,  3.90it/s]
  8%|▊         | 6/79 [00:00<00:03, 19.42it/s]
 11%|█▏        | 9/79 [00:00<00:03, 20.41it/s]
 15%|█▌        | 12/79 [00:00<00:03, 17.83it/s]
 19%|█▉        | 15/79 [00:00<00:03, 20.40it/s]
 23%|██▎       | 18/79 [00:00<00:02, 22.46it/s]
 28%|██▊       | 22/79 [00:01<00:02, 25.14it/s]
 32%|███▏      | 25/79 [00:01<00:02, 26.11it/s]
 37%|███▋      | 29/79 [00:01<00:01, 27.27it/s]
 42%|████▏     | 33/79 [00:01<00:01, 26.85it/s]
 46%|████▌     | 36/79 [00:01<00:01, 24.53it/s]
 49%|████▉     | 39/79 [00:01<00:02, 19.95it/s]
 53%|█████▎    | 42/79 [00:01<00:01, 20.62it/s]
 57%|█████▋    | 45/79 [00:02<00:01, 17.97it/s]
 59%|█████▉    | 47/79 [00:02<00:01, 17.86it/s]
 65%|██████▍   | 51/79 [00:02<00:01, 20.99it/s]
 70%|██████▉   | 55/79 [00:02<00:01, 23.13it/s]
 75%|███████▍  | 59/79 [00:02<00:00, 24.25it/s]
 78%|███████▊  | 62/79 [00:02<00:00, 24.36it/s]
 82%|████████▏ | 65/79 [00:02<00:00, 23.49it/s]
 87%|████████▋ | 69/79 [00:03<00:00, 25.17it/s]
 92%|█████████▏| 73/79 [00:03<00:00, 26.17it/s]
 97%|█████████▋| 77/79 [00:03<00:00, 27.26it/s]
100%|██████████| 79/79 [00:03<00:00, 23.03it/s]

CommRound: 11/30
Accuracy: 83.38% | Loss: 0.6057
[######################--------------------------------------] 36.7%
Elapsed: 2.0m | Avg/Round: 11.1s | Last: 10.9s | Next: 11.1s | Remaining: 3.5m
ETA: 06:20:12
Recent round times: R1: 10.1s -> R2: 11.8s -> R3: 10.4s -> R4: 10.1s -> R5: 10.9s

  0%|          | 0/79 [00:00<?, ?it/s]
  1%|▏         | 1/79 [00:00<00:10,  7.56it/s]
  6%|▋         | 5/79 [00:00<00:03, 24.15it/s]
 10%|█         | 8/79 [00:00<00:02, 25.53it/s]
 15%|█▌        | 12/79 [00:00<00:02, 28.04it/s]
 20%|██        | 16/79 [00:00<00:02, 30.05it/s]
 25%|██▌       | 20/79 [00:00<00:01, 31.47it/s]
 30%|███       | 24/79 [00:00<00:01, 32.26it/s]
 35%|███▌      | 28/79 [00:00<00:01, 29.37it/s]
 41%|████      | 32/79 [00:01<00:01, 30.12it/s]
 46%|████▌     | 36/79 [00:01<00:01, 30.80it/s]
 51%|█████     | 40/79 [00:01<00:01, 31.65it/s]
 56%|█████▌    | 44/79 [00:01<00:01, 31.70it/s]
 61%|██████    | 48/79 [00:01<00:00, 31.86it/s]
 66%|██████▌   | 52/79 [00:01<00:01, 24.89it/s]
 70%|██████▉   | 55/79 [00:01<00:00, 25.29it/s]
 73%|███████▎  | 58/79 [00:02<00:00, 22.46it/s]
 77%|███████▋  | 61/79 [00:02<00:00, 23.43it/s]
 82%|████████▏ | 65/79 [00:02<00:00, 26.01it/s]
 87%|████████▋ | 69/79 [00:02<00:00, 27.91it/s]
 92%|█████████▏| 73/79 [00:02<00:00, 29.34it/s]
 97%|█████████▋| 77/79 [00:02<00:00, 30.45it/s]
100%|██████████| 79/79 [00:02<00:00, 28.49it/s]

CommRound: 12/30
Accuracy: 85.43% | Loss: 0.5472
[########################------------------------------------] 40.0%
Elapsed: 2.2m | Avg/Round: 11.0s | Last: 10.2s | Next: 11.0s | Remaining: 3.3m
ETA: 06:20:10
Recent round times: R1: 11.8s -> R2: 10.4s -> R3: 10.1s -> R4: 10.9s -> R5: 10.2s

  0%|          | 0/79 [00:00<?, ?it/s]
  1%|▏         | 1/79 [00:00<00:15,  5.10it/s]
  6%|▋         | 5/79 [00:00<00:05, 13.70it/s]
  9%|▉         | 7/79 [00:00<00:04, 14.78it/s]
 11%|█▏        | 9/79 [00:00<00:04, 15.41it/s]
 14%|█▍        | 11/79 [00:00<00:04, 16.49it/s]
 16%|█▋        | 13/79 [00:00<00:04, 14.83it/s]
 22%|██▏       | 17/79 [00:01<00:03, 17.27it/s]
 24%|██▍       | 19/79 [00:01<00:03, 15.65it/s]
 29%|██▉       | 23/79 [00:01<00:02, 20.91it/s]
 34%|███▍      | 27/79 [00:01<00:02, 20.79it/s]
 39%|███▉      | 31/79 [00:01<00:02, 24.00it/s]
 44%|████▍     | 35/79 [00:01<00:01, 26.73it/s]
 49%|████▉     | 39/79 [00:01<00:01, 24.27it/s]
 54%|█████▍    | 43/79 [00:02<00:01, 24.70it/s]
 59%|█████▉    | 47/79 [00:02<00:01, 24.86it/s]
 65%|██████▍   | 51/79 [00:02<00:01, 26.43it/s]
 70%|██████▉   | 55/79 [00:02<00:00, 28.41it/s]
 75%|███████▍  | 59/79 [00:02<00:00, 29.53it/s]
 80%|███████▉  | 63/79 [00:02<00:00, 30.57it/s]
 85%|████████▍ | 67/79 [00:02<00:00, 27.84it/s]
 89%|████████▊ | 70/79 [00:03<00:00, 27.65it/s]
 92%|█████████▏| 73/79 [00:03<00:00, 21.93it/s]
 96%|█████████▌| 76/79 [00:03<00:00, 21.93it/s]
100%|██████████| 79/79 [00:03<00:00, 22.22it/s]
100%|██████████| 79/79 [00:03<00:00, 22.06it/s]

CommRound: 13/30
Accuracy: 87.05% | Loss: 0.4976
[##########################----------------------------------] 43.3%
Elapsed: 2.4m | Avg/Round: 11.0s | Last: 10.9s | Next: 11.0s | Remaining: 3.1m
ETA: 06:20:10
Recent round times: R1: 10.4s -> R2: 10.1s -> R3: 10.9s -> R4: 10.2s -> R5: 10.9s

  0%|          | 0/79 [00:00<?, ?it/s]
  1%|▏         | 1/79 [00:00<00:10,  7.22it/s]
  6%|▋         | 5/79 [00:00<00:03, 18.73it/s]
  9%|▉         | 7/79 [00:00<00:04, 17.46it/s]
 11%|█▏        | 9/79 [00:00<00:04, 17.13it/s]
 16%|█▋        | 13/79 [00:00<00:02, 22.70it/s]
 20%|██        | 16/79 [00:00<00:02, 22.64it/s]
 25%|██▌       | 20/79 [00:00<00:02, 24.74it/s]
 30%|███       | 24/79 [00:01<00:02, 26.56it/s]
 35%|███▌      | 28/79 [00:01<00:01, 27.11it/s]
 41%|████      | 32/79 [00:01<00:01, 28.56it/s]
 46%|████▌     | 36/79 [00:01<00:01, 30.22it/s]
 51%|█████     | 40/79 [00:01<00:01, 31.59it/s]
 56%|█████▌    | 44/79 [00:01<00:01, 32.36it/s]
 61%|██████    | 48/79 [00:01<00:01, 29.65it/s]
 66%|██████▌   | 52/79 [00:01<00:00, 29.09it/s]
 71%|███████   | 56/79 [00:02<00:00, 31.40it/s]
 76%|███████▌  | 60/79 [00:02<00:00, 28.97it/s]
 80%|███████▉  | 63/79 [00:02<00:00, 27.80it/s]
 84%|████████▎ | 66/79 [00:02<00:00, 20.98it/s]
 87%|████████▋ | 69/79 [00:02<00:00, 21.83it/s]
 91%|█████████ | 72/79 [00:02<00:00, 21.28it/s]
 96%|█████████▌| 76/79 [00:02<00:00, 25.13it/s]
100%|██████████| 79/79 [00:03<00:00, 25.67it/s]

CommRound: 14/30
Accuracy: 87.57% | Loss: 0.4781
[############################--------------------------------] 46.7%
Elapsed: 2.6m | Avg/Round: 11.0s | Last: 10.5s | Next: 11.0s | Remaining: 2.9m
ETA: 06:20:09
Recent round times: R1: 10.1s -> R2: 10.9s -> R3: 10.2s -> R4: 10.9s -> R5: 10.5s

  0%|          | 0/79 [00:00<?, ?it/s]
  1%|▏         | 1/79 [00:00<00:10,  7.22it/s]
  6%|▋         | 5/79 [00:00<00:03, 22.77it/s]
 11%|█▏        | 9/79 [00:00<00:02, 27.15it/s]
 16%|█▋        | 13/79 [00:00<00:02, 30.48it/s]
 22%|██▏       | 17/79 [00:00<00:01, 31.34it/s]
 27%|██▋       | 21/79 [00:00<00:01, 31.79it/s]
 32%|███▏      | 25/79 [00:00<00:01, 32.18it/s]
 37%|███▋      | 29/79 [00:00<00:01, 32.22it/s]
 42%|████▏     | 33/79 [00:01<00:01, 32.12it/s]
 47%|████▋     | 37/79 [00:01<00:01, 32.28it/s]
 52%|█████▏    | 41/79 [00:01<00:01, 32.42it/s]
 57%|█████▋    | 45/79 [00:01<00:01, 32.48it/s]
 62%|██████▏   | 49/79 [00:01<00:01, 28.31it/s]
 67%|██████▋   | 53/79 [00:01<00:00, 28.78it/s]
 71%|███████   | 56/79 [00:01<00:00, 28.77it/s]
 76%|███████▌  | 60/79 [00:02<00:00, 27.90it/s]
 81%|████████  | 64/79 [00:02<00:00, 28.51it/s]
 86%|████████▌ | 68/79 [00:02<00:00, 29.33it/s]
 91%|█████████ | 72/79 [00:02<00:00, 29.46it/s]
 96%|█████████▌| 76/79 [00:02<00:00, 29.24it/s]
100%|██████████| 79/79 [00:02<00:00, 29.52it/s]

CommRound: 15/30
Accuracy: 87.89% | Loss: 0.4709
[##############################------------------------------] 50.0%
Elapsed: 2.7m | Avg/Round: 10.9s | Last: 10.1s | Next: 10.9s | Remaining: 2.7m
ETA: 06:20:07
Recent round times: R1: 10.9s -> R2: 10.2s -> R3: 10.9s -> R4: 10.5s -> R5: 10.1s

  0%|          | 0/79 [00:00<?, ?it/s]
  1%|▏         | 1/79 [00:00<00:10,  7.54it/s]
  6%|▋         | 5/79 [00:00<00:03, 24.03it/s]
 11%|█▏        | 9/79 [00:00<00:02, 27.77it/s]
 15%|█▌        | 12/79 [00:00<00:02, 27.83it/s]
 20%|██        | 16/79 [00:00<00:02, 27.34it/s]
 25%|██▌       | 20/79 [00:00<00:02, 27.98it/s]
 30%|███       | 24/79 [00:00<00:01, 28.54it/s]
 35%|███▌      | 28/79 [00:01<00:01, 28.78it/s]
 41%|████      | 32/79 [00:01<00:01, 29.01it/s]
 46%|████▌     | 36/79 [00:01<00:01, 28.16it/s]
 51%|█████     | 40/79 [00:01<00:01, 23.93it/s]
 54%|█████▍    | 43/79 [00:01<00:01, 23.32it/s]
 58%|█████▊    | 46/79 [00:01<00:01, 18.78it/s]
 62%|██████▏   | 49/79 [00:02<00:01, 19.75it/s]
 66%|██████▌   | 52/79 [00:02<00:01, 16.61it/s]
 71%|███████   | 56/79 [00:02<00:01, 19.51it/s]
 75%|███████▍  | 59/79 [00:02<00:01, 19.69it/s]
 78%|███████▊  | 62/79 [00:02<00:00, 17.22it/s]
 81%|████████  | 64/79 [00:02<00:00, 17.29it/s]
 84%|████████▎ | 66/79 [00:03<00:00, 14.36it/s]
 89%|████████▊ | 70/79 [00:03<00:00, 18.35it/s]
 94%|█████████▎| 74/79 [00:03<00:00, 19.37it/s]
 99%|█████████▊| 78/79 [00:03<00:00, 21.12it/s]
100%|██████████| 79/79 [00:03<00:00, 21.61it/s]

CommRound: 16/30
Accuracy: 88.03% | Loss: 0.4689
[################################----------------------------] 53.3%
Elapsed: 2.9m | Avg/Round: 10.9s | Last: 11.0s | Next: 10.9s | Remaining: 2.5m
ETA: 06:20:08
Recent round times: R1: 10.2s -> R2: 10.9s -> R3: 10.5s -> R4: 10.1s -> R5: 11.0s

  0%|          | 0/79 [00:00<?, ?it/s]
  1%|▏         | 1/79 [00:00<00:10,  7.41it/s]
  6%|▋         | 5/79 [00:00<00:04, 16.93it/s]
  9%|▉         | 7/79 [00:00<00:04, 16.73it/s]
 11%|█▏        | 9/79 [00:00<00:04, 16.32it/s]
 14%|█▍        | 11/79 [00:00<00:03, 17.15it/s]
 16%|█▋        | 13/79 [00:00<00:03, 17.89it/s]
 19%|█▉        | 15/79 [00:00<00:03, 18.28it/s]
 22%|██▏       | 17/79 [00:00<00:03, 17.76it/s]
 24%|██▍       | 19/79 [00:01<00:03, 17.21it/s]
 27%|██▋       | 21/79 [00:01<00:03, 17.96it/s]
 29%|██▉       | 23/79 [00:01<00:03, 17.98it/s]
 32%|███▏      | 25/79 [00:01<00:03, 17.43it/s]
 37%|███▋      | 29/79 [00:01<00:02, 19.97it/s]
 42%|████▏     | 33/79 [00:01<00:01, 23.31it/s]
 47%|████▋     | 37/79 [00:01<00:01, 25.00it/s]
 52%|█████▏    | 41/79 [00:02<00:01, 26.66it/s]
 56%|█████▌    | 44/79 [00:02<00:01, 26.22it/s]
 59%|█████▉    | 47/79 [00:02<00:01, 22.90it/s]
 65%|██████▍   | 51/79 [00:02<00:01, 24.80it/s]
 70%|██████▉   | 55/79 [00:02<00:00, 27.48it/s]
 75%|███████▍  | 59/79 [00:02<00:00, 29.64it/s]
 80%|███████▉  | 63/79 [00:02<00:00, 30.95it/s]
 85%|████████▍ | 67/79 [00:02<00:00, 32.18it/s]
 90%|████████▉ | 71/79 [00:03<00:00, 33.10it/s]
 95%|█████████▍| 75/79 [00:03<00:00, 31.80it/s]
100%|██████████| 79/79 [00:03<00:00, 24.24it/s]

CommRound: 17/30
Accuracy: 88.12% | Loss: 0.4693
[##################################--------------------------] 56.7%
Elapsed: 3.1m | Avg/Round: 10.9s | Last: 10.8s | Next: 10.9s | Remaining: 2.4m
ETA: 06:20:07
Recent round times: R1: 10.9s -> R2: 10.5s -> R3: 10.1s -> R4: 11.0s -> R5: 10.8s

  0%|          | 0/79 [00:00<?, ?it/s]
  1%|▏         | 1/79 [00:00<00:10,  7.38it/s]
  6%|▋         | 5/79 [00:00<00:03, 23.35it/s]
 10%|█         | 8/79 [00:00<00:02, 23.96it/s]
 15%|█▌        | 12/79 [00:00<00:02, 25.41it/s]
 20%|██        | 16/79 [00:00<00:02, 28.69it/s]
 25%|██▌       | 20/79 [00:00<00:01, 30.71it/s]
 30%|███       | 24/79 [00:00<00:02, 24.44it/s]
 34%|███▍      | 27/79 [00:01<00:02, 25.64it/s]
 38%|███▊      | 30/79 [00:01<00:01, 25.66it/s]
 43%|████▎     | 34/79 [00:01<00:01, 27.50it/s]
 48%|████▊     | 38/79 [00:01<00:01, 28.30it/s]
 53%|█████▎    | 42/79 [00:01<00:01, 29.56it/s]
 58%|█████▊    | 46/79 [00:01<00:01, 29.83it/s]
 63%|██████▎   | 50/79 [00:01<00:01, 28.07it/s]
 67%|██████▋   | 53/79 [00:01<00:00, 26.65it/s]
 71%|███████   | 56/79 [00:02<00:01, 20.09it/s]
 75%|███████▍  | 59/79 [00:02<00:00, 20.53it/s]
 78%|███████▊  | 62/79 [00:02<00:00, 18.23it/s]
 84%|████████▎ | 66/79 [00:02<00:00, 21.46it/s]
 89%|████████▊ | 70/79 [00:02<00:00, 21.49it/s]
 92%|█████████▏| 73/79 [00:03<00:00, 21.99it/s]
 96%|█████████▌| 76/79 [00:03<00:00, 18.69it/s]
100%|██████████| 79/79 [00:03<00:00, 23.67it/s]

CommRound: 18/30
Accuracy: 88.17% | Loss: 0.4710
[####################################------------------------] 60.0%
Elapsed: 3.3m | Avg/Round: 10.9s | Last: 10.9s | Next: 10.9s | Remaining: 2.2m
ETA: 06:20:07
Recent round times: R1: 10.5s -> R2: 10.1s -> R3: 11.0s -> R4: 10.8s -> R5: 10.9s

  0%|          | 0/79 [00:00<?, ?it/s]
  1%|▏         | 1/79 [00:00<00:12,  6.33it/s]
  8%|▊         | 6/79 [00:00<00:04, 17.94it/s]
 10%|█         | 8/79 [00:00<00:03, 18.21it/s]
 13%|█▎        | 10/79 [00:00<00:03, 17.67it/s]
 15%|█▌        | 12/79 [00:00<00:03, 17.33it/s]
 18%|█▊        | 14/79 [00:00<00:03, 17.02it/s]
 20%|██        | 16/79 [00:00<00:03, 17.10it/s]
 23%|██▎       | 18/79 [00:01<00:03, 17.24it/s]
 27%|██▋       | 21/79 [00:01<00:02, 20.69it/s]
 30%|███       | 24/79 [00:01<00:02, 19.61it/s]
 34%|███▍      | 27/79 [00:01<00:02, 21.40it/s]
 38%|███▊      | 30/79 [00:01<00:02, 18.61it/s]
 43%|████▎     | 34/79 [00:01<00:02, 22.34it/s]
 48%|████▊     | 38/79 [00:01<00:01, 25.22it/s]
 53%|█████▎    | 42/79 [00:02<00:01, 27.45it/s]
 58%|█████▊    | 46/79 [00:02<00:01, 28.32it/s]
 63%|██████▎   | 50/79 [00:02<00:01, 27.81it/s]
 68%|██████▊   | 54/79 [00:02<00:00, 27.98it/s]
 73%|███████▎  | 58/79 [00:02<00:00, 29.15it/s]
 78%|███████▊  | 62/79 [00:02<00:00, 30.23it/s]
 84%|████████▎ | 66/79 [00:02<00:00, 30.97it/s]
 89%|████████▊ | 70/79 [00:02<00:00, 31.58it/s]
 94%|█████████▎| 74/79 [00:03<00:00, 32.03it/s]
 99%|█████████▊| 78/79 [00:03<00:00, 32.36it/s]
100%|██████████| 79/79 [00:03<00:00, 24.76it/s]

CommRound: 19/30
Accuracy: 88.22% | Loss: 0.4729
[######################################----------------------] 63.3%
Elapsed: 3.5m | Avg/Round: 11.0s | Last: 13.0s | Next: 11.0s | Remaining: 2.0m
ETA: 06:20:11
Recent round times: R1: 10.1s -> R2: 11.0s -> R3: 10.8s -> R4: 10.9s -> R5: 13.0s

  0%|          | 0/79 [00:00<?, ?it/s]
  1%|▏         | 1/79 [00:00<00:10,  7.68it/s]
  6%|▋         | 5/79 [00:00<00:03, 23.27it/s]
 11%|█▏        | 9/79 [00:00<00:02, 27.65it/s]
 16%|█▋        | 13/79 [00:00<00:02, 29.36it/s]
 22%|██▏       | 17/79 [00:00<00:02, 30.59it/s]
 27%|██▋       | 21/79 [00:00<00:01, 30.80it/s]
 32%|███▏      | 25/79 [00:00<00:01, 31.84it/s]
 37%|███▋      | 29/79 [00:00<00:01, 32.03it/s]
 42%|████▏     | 33/79 [00:01<00:01, 31.43it/s]
 47%|████▋     | 37/79 [00:01<00:01, 28.51it/s]
 52%|█████▏    | 41/79 [00:01<00:01, 29.62it/s]
 57%|█████▋    | 45/79 [00:01<00:01, 30.69it/s]
 62%|██████▏   | 49/79 [00:01<00:01, 25.80it/s]
 67%|██████▋   | 53/79 [00:01<00:00, 27.45it/s]
 72%|███████▏  | 57/79 [00:01<00:00, 29.01it/s]
 77%|███████▋  | 61/79 [00:02<00:00, 30.12it/s]
 82%|████████▏ | 65/79 [00:02<00:00, 29.58it/s]
 87%|████████▋ | 69/79 [00:02<00:00, 30.68it/s]
 92%|█████████▏| 73/79 [00:02<00:00, 31.39it/s]
 97%|█████████▋| 77/79 [00:02<00:00, 31.96it/s]
100%|██████████| 79/79 [00:02<00:00, 29.72it/s]

CommRound: 20/30
Accuracy: 88.30% | Loss: 0.4746
[########################################--------------------] 66.7%
Elapsed: 3.7m | Avg/Round: 11.0s | Last: 9.9s | Next: 11.0s | Remaining: 1.8m
ETA: 06:20:09
Recent round times: R1: 11.0s -> R2: 10.8s -> R3: 10.9s -> R4: 13.0s -> R5: 9.9s

  0%|          | 0/79 [00:00<?, ?it/s]
  1%|▏         | 1/79 [00:00<00:12,  6.08it/s]
  6%|▋         | 5/79 [00:00<00:03, 21.75it/s]
 11%|█▏        | 9/79 [00:00<00:02, 26.90it/s]
 16%|█▋        | 13/79 [00:00<00:02, 29.32it/s]
 22%|██▏       | 17/79 [00:00<00:02, 30.70it/s]
 27%|██▋       | 21/79 [00:00<00:01, 31.58it/s]
 32%|███▏      | 25/79 [00:00<00:01, 31.98it/s]
 37%|███▋      | 29/79 [00:00<00:01, 32.22it/s]
 42%|████▏     | 33/79 [00:01<00:01, 32.42it/s]
 47%|████▋     | 37/79 [00:01<00:01, 31.57it/s]
 52%|█████▏    | 41/79 [00:01<00:01, 32.54it/s]
 57%|█████▋    | 45/79 [00:01<00:01, 32.63it/s]
 62%|██████▏   | 49/79 [00:01<00:00, 32.42it/s]
 67%|██████▋   | 53/79 [00:01<00:00, 30.83it/s]
 72%|███████▏  | 57/79 [00:01<00:00, 26.97it/s]
 76%|███████▌  | 60/79 [00:02<00:00, 25.43it/s]
 80%|███████▉  | 63/79 [00:02<00:00, 24.95it/s]
 85%|████████▍ | 67/79 [00:02<00:00, 26.45it/s]
 89%|████████▊ | 70/79 [00:02<00:00, 26.72it/s]
 92%|█████████▏| 73/79 [00:02<00:00, 23.38it/s]
 96%|█████████▌| 76/79 [00:02<00:00, 23.86it/s]
100%|██████████| 79/79 [00:02<00:00, 27.95it/s]

CommRound: 21/30
Accuracy: 88.33% | Loss: 0.4760
[##########################################------------------] 70.0%
Elapsed: 3.8m | Avg/Round: 10.9s | Last: 10.3s | Next: 10.9s | Remaining: 1.6m
ETA: 06:20:08
Recent round times: R1: 10.8s -> R2: 10.9s -> R3: 13.0s -> R4: 9.9s -> R5: 10.3s

  0%|          | 0/79 [00:00<?, ?it/s]
  1%|▏         | 1/79 [00:00<00:10,  7.12it/s]
  6%|▋         | 5/79 [00:00<00:04, 17.38it/s]
 11%|█▏        | 9/79 [00:00<00:02, 24.45it/s]
 15%|█▌        | 12/79 [00:00<00:02, 25.07it/s]
 19%|█▉        | 15/79 [00:00<00:03, 18.77it/s]
 23%|██▎       | 18/79 [00:00<00:03, 20.17it/s]
 27%|██▋       | 21/79 [00:01<00:03, 19.25it/s]
 32%|███▏      | 25/79 [00:01<00:02, 22.93it/s]
 37%|███▋      | 29/79 [00:01<00:01, 25.80it/s]
 42%|████▏     | 33/79 [00:01<00:01, 27.97it/s]
 47%|████▋     | 37/79 [00:01<00:01, 29.34it/s]
 52%|█████▏    | 41/79 [00:01<00:01, 30.27it/s]
 57%|█████▋    | 45/79 [00:01<00:01, 31.27it/s]
 62%|██████▏   | 49/79 [00:01<00:01, 27.22it/s]
 66%|██████▌   | 52/79 [00:02<00:01, 26.86it/s]
 70%|██████▉   | 55/79 [00:02<00:01, 21.33it/s]
 73%|███████▎  | 58/79 [00:02<00:00, 22.24it/s]
 77%|███████▋  | 61/79 [00:02<00:00, 18.38it/s]
 82%|████████▏ | 65/79 [00:02<00:00, 19.78it/s]
 87%|████████▋ | 69/79 [00:02<00:00, 22.80it/s]
 92%|█████████▏| 73/79 [00:03<00:00, 25.29it/s]
 97%|█████████▋| 77/79 [00:03<00:00, 27.37it/s]
100%|██████████| 79/79 [00:03<00:00, 24.30it/s]

CommRound: 22/30
Accuracy: 88.31% | Loss: 0.4782
[############################################----------------] 73.3%
Elapsed: 4.0m | Avg/Round: 10.9s | Last: 10.6s | Next: 10.9s | Remaining: 1.5m
ETA: 06:20:08
Recent round times: R1: 10.9s -> R2: 13.0s -> R3: 9.9s -> R4: 10.3s -> R5: 10.6s

  0%|          | 0/79 [00:00<?, ?it/s]
  1%|▏         | 1/79 [00:00<00:10,  7.27it/s]
  6%|▋         | 5/79 [00:00<00:03, 23.25it/s]
 11%|█▏        | 9/79 [00:00<00:03, 21.95it/s]
 16%|█▋        | 13/79 [00:00<00:02, 26.75it/s]
 20%|██        | 16/79 [00:00<00:02, 25.73it/s]
 24%|██▍       | 19/79 [00:00<00:02, 21.49it/s]
 28%|██▊       | 22/79 [00:00<00:02, 22.61it/s]
 32%|███▏      | 25/79 [00:01<00:02, 19.43it/s]
 35%|███▌      | 28/79 [00:01<00:02, 21.22it/s]
 39%|███▉      | 31/79 [00:01<00:02, 18.20it/s]
 43%|████▎     | 34/79 [00:01<00:02, 20.23it/s]
 47%|████▋     | 37/79 [00:01<00:02, 19.36it/s]
 51%|█████     | 40/79 [00:01<00:01, 21.56it/s]
 54%|█████▍    | 43/79 [00:02<00:01, 20.34it/s]
 58%|█████▊    | 46/79 [00:02<00:01, 21.72it/s]
 62%|██████▏   | 49/79 [00:02<00:01, 19.63it/s]
 66%|██████▌   | 52/79 [00:02<00:01, 20.89it/s]
 70%|██████▉   | 55/79 [00:02<00:01, 19.10it/s]
 73%|███████▎  | 58/79 [00:02<00:01, 20.99it/s]
 77%|███████▋  | 61/79 [00:02<00:00, 18.49it/s]
 80%|███████▉  | 63/79 [00:03<00:00, 18.44it/s]
 84%|████████▎ | 66/79 [00:03<00:00, 20.63it/s]
 87%|████████▋ | 69/79 [00:03<00:00, 19.32it/s]
 91%|█████████ | 72/79 [00:03<00:00, 21.16it/s]
 95%|█████████▍| 75/79 [00:03<00:00, 20.59it/s]
 99%|█████████▊| 78/79 [00:03<00:00, 21.82it/s]
100%|██████████| 79/79 [00:03<00:00, 20.83it/s]

CommRound: 23/30
Accuracy: 88.34% | Loss: 0.4800
[##############################################--------------] 76.7%
Elapsed: 4.2m | Avg/Round: 10.9s | Last: 11.3s | Next: 10.9s | Remaining: 1.3m
ETA: 06:20:08
Recent round times: R1: 13.0s -> R2: 9.9s -> R3: 10.3s -> R4: 10.6s -> R5: 11.3s

  0%|          | 0/79 [00:00<?, ?it/s]
  1%|▏         | 1/79 [00:00<00:10,  7.65it/s]
  6%|▋         | 5/79 [00:00<00:03, 19.08it/s]
 11%|█▏        | 9/79 [00:00<00:03, 21.25it/s]
 15%|█▌        | 12/79 [00:00<00:03, 21.59it/s]
 19%|█▉        | 15/79 [00:00<00:02, 21.51it/s]
 23%|██▎       | 18/79 [00:00<00:03, 19.30it/s]
 25%|██▌       | 20/79 [00:01<00:03, 18.58it/s]
 28%|██▊       | 22/79 [00:01<00:03, 18.28it/s]
 30%|███       | 24/79 [00:01<00:03, 17.98it/s]
 33%|███▎      | 26/79 [00:01<00:02, 17.88it/s]
 35%|███▌      | 28/79 [00:01<00:02, 17.66it/s]
 38%|███▊      | 30/79 [00:01<00:02, 17.51it/s]
 41%|████      | 32/79 [00:01<00:02, 17.60it/s]
 44%|████▍     | 35/79 [00:01<00:02, 18.54it/s]
 47%|████▋     | 37/79 [00:01<00:02, 18.32it/s]
 49%|████▉     | 39/79 [00:02<00:02, 18.28it/s]
 54%|█████▍    | 43/79 [00:02<00:01, 20.76it/s]
 59%|█████▉    | 47/79 [00:02<00:01, 22.86it/s]
 65%|██████▍   | 51/79 [00:02<00:01, 25.83it/s]
 70%|██████▉   | 55/79 [00:02<00:00, 28.14it/s]
 75%|███████▍  | 59/79 [00:02<00:00, 29.98it/s]
 80%|███████▉  | 63/79 [00:02<00:00, 31.30it/s]
 85%|████████▍ | 67/79 [00:02<00:00, 32.36it/s]
 90%|████████▉ | 71/79 [00:03<00:00, 33.00it/s]
 95%|█████████▍| 75/79 [00:03<00:00, 33.27it/s]
100%|██████████| 79/79 [00:03<00:00, 23.86it/s]

CommRound: 24/30
Accuracy: 88.34% | Loss: 0.4817
[################################################------------] 80.0%
Elapsed: 4.4m | Avg/Round: 10.9s | Last: 10.8s | Next: 10.9s | Remaining: 1.1m
ETA: 06:20:08
Recent round times: R1: 9.9s -> R2: 10.3s -> R3: 10.6s -> R4: 11.3s -> R5: 10.8s

  0%|          | 0/79 [00:00<?, ?it/s]
  1%|▏         | 1/79 [00:00<00:10,  7.38it/s]
  6%|▋         | 5/79 [00:00<00:03, 22.97it/s]
 10%|█         | 8/79 [00:00<00:03, 22.08it/s]
 14%|█▍        | 11/79 [00:00<00:02, 24.27it/s]
 18%|█▊        | 14/79 [00:00<00:03, 18.13it/s]
 22%|██▏       | 17/79 [00:00<00:03, 20.25it/s]
 25%|██▌       | 20/79 [00:00<00:02, 21.62it/s]
 30%|███       | 24/79 [00:01<00:02, 24.76it/s]
 35%|███▌      | 28/79 [00:01<00:01, 27.13it/s]
 41%|████      | 32/79 [00:01<00:01, 27.90it/s]
 46%|████▌     | 36/79 [00:01<00:01, 29.96it/s]
 51%|█████     | 40/79 [00:01<00:01, 27.17it/s]
 56%|█████▌    | 44/79 [00:01<00:01, 28.18it/s]
 61%|██████    | 48/79 [00:01<00:01, 29.41it/s]
 66%|██████▌   | 52/79 [00:02<00:00, 30.94it/s]
 71%|███████   | 56/79 [00:02<00:00, 32.00it/s]
 76%|███████▌  | 60/79 [00:02<00:00, 31.57it/s]
 81%|████████  | 64/79 [00:02<00:00, 30.23it/s]
 86%|████████▌ | 68/79 [00:02<00:00, 26.36it/s]
 90%|████████▉ | 71/79 [00:02<00:00, 25.86it/s]
 94%|█████████▎| 74/79 [00:02<00:00, 20.47it/s]
 97%|█████████▋| 77/79 [00:03<00:00, 21.35it/s]
100%|██████████| 79/79 [00:03<00:00, 24.91it/s]

CommRound: 25/30
Accuracy: 88.35% | Loss: 0.4833
[##################################################----------] 83.3%
Elapsed: 4.5m | Avg/Round: 10.9s | Last: 10.7s | Next: 10.9s | Remaining: 0.9m
ETA: 06:20:08
Recent round times: R1: 10.3s -> R2: 10.6s -> R3: 11.3s -> R4: 10.8s -> R5: 10.7s

  0%|          | 0/79 [00:00<?, ?it/s]
  1%|▏         | 1/79 [00:00<00:16,  4.81it/s]
  6%|▋         | 5/79 [00:00<00:04, 17.24it/s]
 10%|█         | 8/79 [00:00<00:03, 21.04it/s]
 14%|█▍        | 11/79 [00:00<00:03, 22.03it/s]
 18%|█▊        | 14/79 [00:00<00:03, 17.74it/s]
 20%|██        | 16/79 [00:00<00:03, 17.00it/s]
 23%|██▎       | 18/79 [00:01<00:03, 17.53it/s]
 25%|██▌       | 20/79 [00:01<00:03, 17.80it/s]
 28%|██▊       | 22/79 [00:01<00:03, 18.26it/s]
 30%|███       | 24/79 [00:01<00:03, 18.23it/s]
 33%|███▎      | 26/79 [00:01<00:02, 18.22it/s]
 35%|███▌      | 28/79 [00:01<00:02, 17.98it/s]
 38%|███▊      | 30/79 [00:01<00:02, 18.04it/s]
 41%|████      | 32/79 [00:01<00:02, 17.94it/s]
 43%|████▎     | 34/79 [00:01<00:02, 18.11it/s]
 46%|████▌     | 36/79 [00:02<00:02, 17.79it/s]
 48%|████▊     | 38/79 [00:02<00:02, 17.46it/s]
 51%|█████     | 40/79 [00:02<00:02, 17.27it/s]
 53%|█████▎    | 42/79 [00:02<00:02, 17.40it/s]
 56%|█████▌    | 44/79 [00:02<00:02, 16.66it/s]
 58%|█████▊    | 46/79 [00:02<00:01, 17.34it/s]
 61%|██████    | 48/79 [00:02<00:01, 17.92it/s]
 63%|██████▎   | 50/79 [00:02<00:01, 18.00it/s]
 66%|██████▌   | 52/79 [00:02<00:01, 18.20it/s]
 68%|██████▊   | 54/79 [00:03<00:01, 18.11it/s]
 71%|███████   | 56/79 [00:03<00:01, 18.12it/s]
 73%|███████▎  | 58/79 [00:03<00:01, 17.92it/s]
 76%|███████▌  | 60/79 [00:03<00:01, 17.90it/s]
 78%|███████▊  | 62/79 [00:03<00:00, 18.15it/s]
 81%|████████  | 64/79 [00:03<00:00, 17.95it/s]
 84%|████████▎ | 66/79 [00:03<00:00, 17.69it/s]
 86%|████████▌ | 68/79 [00:03<00:00, 17.57it/s]
 89%|████████▊ | 70/79 [00:03<00:00, 17.85it/s]
 91%|█████████ | 72/79 [00:04<00:00, 18.04it/s]
 94%|█████████▎| 74/79 [00:04<00:00, 17.50it/s]
 99%|█████████▊| 78/79 [00:04<00:00, 22.13it/s]
100%|██████████| 79/79 [00:04<00:00, 18.27it/s]

CommRound: 26/30
Accuracy: 88.38% | Loss: 0.4849
[####################################################--------] 86.7%
Elapsed: 4.7m | Avg/Round: 10.9s | Last: 11.7s | Next: 10.9s | Remaining: 0.7m
ETA: 06:20:09
Recent round times: R1: 10.6s -> R2: 11.3s -> R3: 10.8s -> R4: 10.7s -> R5: 11.7s

  0%|          | 0/79 [00:00<?, ?it/s]
  1%|▏         | 1/79 [00:00<00:15,  5.10it/s]
  6%|▋         | 5/79 [00:00<00:03, 19.11it/s]
 11%|█▏        | 9/79 [00:00<00:02, 24.93it/s]
 16%|█▋        | 13/79 [00:00<00:02, 28.17it/s]
 22%|██▏       | 17/79 [00:00<00:02, 29.78it/s]
 27%|██▋       | 21/79 [00:00<00:01, 30.70it/s]
 32%|███▏      | 25/79 [00:00<00:01, 31.01it/s]
 37%|███▋      | 29/79 [00:01<00:01, 32.01it/s]
 42%|████▏     | 33/79 [00:01<00:01, 31.13it/s]
 47%|████▋     | 37/79 [00:01<00:01, 29.96it/s]
 52%|█████▏    | 41/79 [00:01<00:01, 31.16it/s]
 57%|█████▋    | 45/79 [00:01<00:01, 32.21it/s]
 62%|██████▏   | 49/79 [00:01<00:00, 31.50it/s]
 67%|██████▋   | 53/79 [00:01<00:00, 31.72it/s]
 72%|███████▏  | 57/79 [00:01<00:00, 31.84it/s]
 77%|███████▋  | 61/79 [00:02<00:00, 31.75it/s]
 82%|████████▏ | 65/79 [00:02<00:00, 31.60it/s]
 87%|████████▋ | 69/79 [00:02<00:00, 31.75it/s]
 92%|█████████▏| 73/79 [00:02<00:00, 32.12it/s]
 97%|█████████▋| 77/79 [00:02<00:00, 32.43it/s]
100%|██████████| 79/79 [00:02<00:00, 30.24it/s]

CommRound: 27/30
Accuracy: 88.42% | Loss: 0.4864
[######################################################------] 90.0%
Elapsed: 4.9m | Avg/Round: 10.9s | Last: 9.8s | Next: 10.9s | Remaining: 0.5m
ETA: 06:20:07
Recent round times: R1: 11.3s -> R2: 10.8s -> R3: 10.7s -> R4: 11.7s -> R5: 9.8s

  0%|          | 0/79 [00:00<?, ?it/s]
  1%|▏         | 1/79 [00:00<00:09,  7.81it/s]
  6%|▋         | 5/79 [00:00<00:03, 24.38it/s]
 10%|█         | 8/79 [00:00<00:02, 24.02it/s]
 14%|█▍        | 11/79 [00:00<00:03, 18.72it/s]
 18%|█▊        | 14/79 [00:00<00:03, 20.89it/s]
 22%|██▏       | 17/79 [00:00<00:03, 18.54it/s]
 25%|██▌       | 20/79 [00:00<00:02, 20.52it/s]
 29%|██▉       | 23/79 [00:01<00:02, 19.09it/s]
 33%|███▎      | 26/79 [00:01<00:02, 21.27it/s]
 37%|███▋      | 29/79 [00:01<00:02, 19.32it/s]
 41%|████      | 32/79 [00:01<00:02, 20.02it/s]
 44%|████▍     | 35/79 [00:01<00:02, 21.55it/s]
 49%|████▉     | 39/79 [00:01<00:01, 23.66it/s]
 54%|█████▍    | 43/79 [00:01<00:01, 25.42it/s]
 59%|█████▉    | 47/79 [00:02<00:01, 26.60it/s]
 65%|██████▍   | 51/79 [00:02<00:01, 27.16it/s]
 70%|██████▉   | 55/79 [00:02<00:00, 28.11it/s]
 75%|███████▍  | 59/79 [00:02<00:00, 28.67it/s]
 78%|███████▊  | 62/79 [00:02<00:00, 26.72it/s]
 82%|████████▏ | 65/79 [00:02<00:00, 22.38it/s]
 87%|████████▋ | 69/79 [00:03<00:00, 21.07it/s]
 91%|█████████ | 72/79 [00:03<00:00, 21.08it/s]
 95%|█████████▍| 75/79 [00:03<00:00, 20.40it/s]
100%|██████████| 79/79 [00:03<00:00, 22.60it/s]

CommRound: 28/30
Accuracy: 88.40% | Loss: 0.4879
[########################################################----] 93.3%
Elapsed: 5.1m | Avg/Round: 10.9s | Last: 10.7s | Next: 10.9s | Remaining: 0.4m
ETA: 06:20:07
Recent round times: R1: 10.8s -> R2: 10.7s -> R3: 11.7s -> R4: 9.8s -> R5: 10.7s

  0%|          | 0/79 [00:00<?, ?it/s]
  1%|▏         | 1/79 [00:00<00:16,  4.74it/s]
  6%|▋         | 5/79 [00:00<00:05, 13.99it/s]
  9%|▉         | 7/79 [00:00<00:04, 15.11it/s]
 11%|█▏        | 9/79 [00:00<00:04, 16.02it/s]
 14%|█▍        | 11/79 [00:00<00:04, 16.63it/s]
 16%|█▋        | 13/79 [00:00<00:05, 12.07it/s]
 22%|██▏       | 17/79 [00:01<00:03, 17.55it/s]
 27%|██▋       | 21/79 [00:01<00:02, 21.81it/s]
 30%|███       | 24/79 [00:01<00:02, 21.79it/s]
 34%|███▍      | 27/79 [00:01<00:02, 19.85it/s]
 38%|███▊      | 30/79 [00:01<00:02, 19.99it/s]
 43%|████▎     | 34/79 [00:01<00:01, 23.25it/s]
 47%|████▋     | 37/79 [00:01<00:01, 23.79it/s]
 52%|█████▏    | 41/79 [00:02<00:01, 26.07it/s]
 57%|█████▋    | 45/79 [00:02<00:01, 27.01it/s]
 62%|██████▏   | 49/79 [00:02<00:01, 28.67it/s]
 67%|██████▋   | 53/79 [00:02<00:00, 29.69it/s]
 72%|███████▏  | 57/79 [00:02<00:00, 31.06it/s]
 77%|███████▋  | 61/79 [00:02<00:00, 31.98it/s]
 82%|████████▏ | 65/79 [00:02<00:00, 32.63it/s]
 87%|████████▋ | 69/79 [00:02<00:00, 33.15it/s]
 92%|█████████▏| 73/79 [00:03<00:00, 29.42it/s]
 97%|█████████▋| 77/79 [00:03<00:00, 24.75it/s]
100%|██████████| 79/79 [00:03<00:00, 23.47it/s]

CommRound: 29/30
Accuracy: 88.40% | Loss: 0.4895
[##########################################################--] 96.7%
Elapsed: 5.3m | Avg/Round: 10.9s | Last: 10.6s | Next: 10.9s | Remaining: 0.2m
ETA: 06:20:07
Recent round times: R1: 10.7s -> R2: 11.7s -> R3: 9.8s -> R4: 10.7s -> R5: 10.6s

  0%|          | 0/79 [00:00<?, ?it/s]
  1%|▏         | 1/79 [00:00<00:12,  6.37it/s]
  6%|▋         | 5/79 [00:00<00:04, 14.98it/s]
  9%|▉         | 7/79 [00:00<00:04, 15.32it/s]
 11%|█▏        | 9/79 [00:00<00:06, 11.22it/s]
 15%|█▌        | 12/79 [00:00<00:04, 15.12it/s]
 18%|█▊        | 14/79 [00:00<00:04, 15.14it/s]
 22%|██▏       | 17/79 [00:01<00:03, 16.63it/s]
 25%|██▌       | 20/79 [00:01<00:03, 17.98it/s]
 28%|██▊       | 22/79 [00:01<00:03, 17.72it/s]
 30%|███       | 24/79 [00:01<00:03, 17.07it/s]
 33%|███▎      | 26/79 [00:01<00:03, 17.36it/s]
 35%|███▌      | 28/79 [00:01<00:02, 17.09it/s]
 38%|███▊      | 30/79 [00:01<00:02, 16.97it/s]
 41%|████      | 32/79 [00:01<00:02, 17.60it/s]
 43%|████▎     | 34/79 [00:02<00:02, 18.02it/s]
 46%|████▌     | 36/79 [00:02<00:02, 17.42it/s]
 48%|████▊     | 38/79 [00:02<00:02, 17.19it/s]
 51%|█████     | 40/79 [00:02<00:02, 16.53it/s]
 56%|█████▌    | 44/79 [00:02<00:01, 22.20it/s]
 61%|██████    | 48/79 [00:02<00:01, 25.59it/s]
 66%|██████▌   | 52/79 [00:02<00:01, 26.14it/s]
 70%|██████▉   | 55/79 [00:03<00:01, 22.92it/s]
 73%|███████▎  | 58/79 [00:03<00:00, 22.96it/s]
 77%|███████▋  | 61/79 [00:03<00:00, 19.00it/s]
 81%|████████  | 64/79 [00:03<00:00, 20.27it/s]
 85%|████████▍ | 67/79 [00:03<00:00, 16.13it/s]
 87%|████████▋ | 69/79 [00:03<00:00, 16.28it/s]
 92%|█████████▏| 73/79 [00:04<00:00, 18.91it/s]
 96%|█████████▌| 76/79 [00:04<00:00, 20.25it/s]
100%|██████████| 79/79 [00:04<00:00, 21.02it/s]
100%|██████████| 79/79 [00:04<00:00, 18.26it/s]

CommRound: 30/30
Accuracy: 88.42% | Loss: 0.4910
[############################################################] 100.0%
Elapsed: 5.5m | Avg/Round: 10.9s | Last: 11.9s | Next: 10.9s | Remaining: 0.0m
ETA: 06:20:08
Recent round times: R1: 11.7s -> R2: 9.8s -> R3: 10.7s -> R4: 10.6s -> R5: 11.9s
Total time for experiment: 327.59258675575256 seconds
Device average training time per communication round [s]:
    rpi (sld-rpi-09.ece.utexas.edu): 4.53 seconds
    mc1 (sld-mc1-09.ece.utexas.edu): 2.52 seconds
