
  0%|          | 0/79 [00:00<?, ?it/s]
  4%|▍         | 3/79 [00:00<00:03, 22.99it/s]
  9%|▉         | 7/79 [00:00<00:02, 31.78it/s]
 15%|█▌        | 12/79 [00:00<00:01, 39.28it/s]
 22%|██▏       | 17/79 [00:00<00:01, 37.84it/s]
 29%|██▉       | 23/79 [00:00<00:01, 39.94it/s]
 37%|███▋      | 29/79 [00:00<00:01, 41.10it/s]
 44%|████▍     | 35/79 [00:00<00:01, 41.78it/s]
 52%|█████▏    | 41/79 [00:01<00:00, 42.25it/s]
 59%|█████▉    | 47/79 [00:01<00:00, 42.03it/s]
 67%|██████▋   | 53/79 [00:01<00:00, 42.27it/s]
 75%|███████▍  | 59/79 [00:01<00:00, 42.52it/s]
 82%|████████▏ | 65/79 [00:01<00:00, 42.61it/s]
 90%|████████▉ | 71/79 [00:01<00:00, 42.84it/s]
 97%|█████████▋| 77/79 [00:01<00:00, 42.83it/s]
100%|██████████| 79/79 [00:01<00:00, 41.87it/s]
Initial Accuracy: 10.78%; Initial Loss: 2.3187

  0%|          | 0/79 [00:00<?, ?it/s]
  4%|▍         | 3/79 [00:00<00:03, 22.98it/s]
 10%|█         | 8/79 [00:00<00:01, 36.38it/s]
 16%|█▋        | 13/79 [00:00<00:01, 36.23it/s]
 24%|██▍       | 19/79 [00:00<00:01, 39.02it/s]
 30%|███       | 24/79 [00:00<00:01, 41.88it/s]
 37%|███▋      | 29/79 [00:00<00:01, 40.98it/s]
 43%|████▎     | 34/79 [00:00<00:01, 42.07it/s]
 49%|████▉     | 39/79 [00:00<00:00, 42.12it/s]
 56%|█████▌    | 44/79 [00:01<00:00, 42.92it/s]
 62%|██████▏   | 49/79 [00:01<00:00, 42.31it/s]
 68%|██████▊   | 54/79 [00:01<00:00, 42.63it/s]
 75%|███████▍  | 59/79 [00:01<00:00, 38.18it/s]
 80%|███████▉  | 63/79 [00:01<00:00, 37.74it/s]
 85%|████████▍ | 67/79 [00:01<00:00, 37.40it/s]
 90%|████████▉ | 71/79 [00:01<00:00, 37.13it/s]
 95%|█████████▍| 75/79 [00:01<00:00, 36.92it/s]
100%|██████████| 79/79 [00:01<00:00, 39.60it/s]

CommRound: 1/30
Accuracy: 47.59% | Loss: 1.5818
[##----------------------------------------------------------] 3.3%
Elapsed: 0.8m | Avg/Round: 45.5s | Last: 43.6s | Next: 45.5s | Remaining: 22.0m
ETA: 08:56:57
Recent round times: R1: 43.6s

  0%|          | 0/79 [00:00<?, ?it/s]
  4%|▍         | 3/79 [00:00<00:03, 23.60it/s]
 10%|█         | 8/79 [00:00<00:01, 35.75it/s]
 16%|█▋        | 13/79 [00:00<00:01, 36.54it/s]
 23%|██▎       | 18/79 [00:00<00:01, 39.41it/s]
 29%|██▉       | 23/79 [00:00<00:01, 38.72it/s]
 35%|███▌      | 28/79 [00:00<00:01, 40.82it/s]
 42%|████▏     | 33/79 [00:00<00:01, 40.79it/s]
 48%|████▊     | 38/79 [00:00<00:00, 41.05it/s]
 54%|█████▍    | 43/79 [00:01<00:00, 42.11it/s]
 61%|██████    | 48/79 [00:01<00:00, 40.97it/s]
 67%|██████▋   | 53/79 [00:01<00:00, 43.09it/s]
 73%|███████▎  | 58/79 [00:01<00:00, 40.95it/s]
 80%|███████▉  | 63/79 [00:01<00:00, 43.11it/s]
 86%|████████▌ | 68/79 [00:01<00:00, 40.96it/s]
 92%|█████████▏| 73/79 [00:01<00:00, 42.69it/s]
 99%|█████████▊| 78/79 [00:01<00:00, 40.73it/s]
100%|██████████| 79/79 [00:01<00:00, 40.60it/s]

CommRound: 2/30
Accuracy: 68.33% | Loss: 0.8932
[####--------------------------------------------------------] 6.7%
Elapsed: 1.5m | Avg/Round: 44.6s | Last: 43.7s | Next: 44.6s | Remaining: 20.8m
ETA: 08:56:30
Recent round times: R1: 43.6s -> R2: 43.7s

  0%|          | 0/79 [00:00<?, ?it/s]
  4%|▍         | 3/79 [00:00<00:03, 23.90it/s]
 10%|█         | 8/79 [00:00<00:01, 36.07it/s]
 16%|█▋        | 13/79 [00:00<00:01, 37.55it/s]
 23%|██▎       | 18/79 [00:00<00:01, 39.01it/s]
 28%|██▊       | 22/79 [00:00<00:01, 39.32it/s]
 34%|███▍      | 27/79 [00:00<00:01, 41.78it/s]
 41%|████      | 32/79 [00:00<00:01, 39.91it/s]
 48%|████▊     | 38/79 [00:00<00:01, 40.53it/s]
 56%|█████▌    | 44/79 [00:01<00:00, 41.14it/s]
 63%|██████▎   | 50/79 [00:01<00:00, 41.47it/s]
 71%|███████   | 56/79 [00:01<00:00, 41.76it/s]
 78%|███████▊  | 62/79 [00:01<00:00, 42.00it/s]
 86%|████████▌ | 68/79 [00:01<00:00, 42.55it/s]
 94%|█████████▎| 74/79 [00:01<00:00, 42.82it/s]
100%|██████████| 79/79 [00:01<00:00, 41.14it/s]

CommRound: 3/30
Accuracy: 75.33% | Loss: 0.7579
[######------------------------------------------------------] 10.0%
Elapsed: 2.1m | Avg/Round: 41.6s | Last: 35.6s | Next: 41.6s | Remaining: 18.7m
ETA: 08:55:00
Recent round times: R1: 43.6s -> R2: 43.7s -> R3: 35.6s

  0%|          | 0/79 [00:00<?, ?it/s]
  4%|▍         | 3/79 [00:00<00:03, 21.93it/s]
 10%|█         | 8/79 [00:00<00:01, 35.90it/s]
 16%|█▋        | 13/79 [00:00<00:01, 35.19it/s]
 24%|██▍       | 19/79 [00:00<00:01, 37.71it/s]
 32%|███▏      | 25/79 [00:00<00:01, 39.18it/s]
 39%|███▉      | 31/79 [00:00<00:01, 40.01it/s]
 47%|████▋     | 37/79 [00:00<00:01, 40.58it/s]
 54%|█████▍    | 43/79 [00:01<00:00, 40.96it/s]
 62%|██████▏   | 49/79 [00:01<00:00, 41.15it/s]
 70%|██████▉   | 55/79 [00:01<00:00, 41.27it/s]
 77%|███████▋  | 61/79 [00:01<00:00, 41.31it/s]
 84%|████████▎ | 66/79 [00:01<00:00, 43.26it/s]
 90%|████████▉ | 71/79 [00:01<00:00, 40.52it/s]
 97%|█████████▋| 77/79 [00:01<00:00, 41.35it/s]
100%|██████████| 79/79 [00:01<00:00, 40.67it/s]

CommRound: 4/30
Accuracy: 77.43% | Loss: 0.7600
[########----------------------------------------------------] 13.3%
Elapsed: 2.8m | Avg/Round: 42.6s | Last: 45.7s | Next: 42.6s | Remaining: 18.5m
ETA: 08:55:31
Recent round times: R1: 43.6s -> R2: 43.7s -> R3: 35.6s -> R4: 45.7s

  0%|          | 0/79 [00:00<?, ?it/s]
  4%|▍         | 3/79 [00:00<00:03, 23.20it/s]
  9%|▉         | 7/79 [00:00<00:02, 31.88it/s]
 14%|█▍        | 11/79 [00:00<00:01, 35.26it/s]
 19%|█▉        | 15/79 [00:00<00:01, 36.93it/s]
 25%|██▌       | 20/79 [00:00<00:01, 39.70it/s]
 32%|███▏      | 25/79 [00:00<00:01, 39.98it/s]
 38%|███▊      | 30/79 [00:00<00:01, 39.11it/s]
 43%|████▎     | 34/79 [00:00<00:01, 38.21it/s]
 48%|████▊     | 38/79 [00:01<00:01, 37.59it/s]
 53%|█████▎    | 42/79 [00:01<00:00, 37.07it/s]
 58%|█████▊    | 46/79 [00:01<00:00, 36.90it/s]
 63%|██████▎   | 50/79 [00:01<00:00, 36.83it/s]
 68%|██████▊   | 54/79 [00:01<00:00, 36.59it/s]
 73%|███████▎  | 58/79 [00:01<00:00, 36.51it/s]
 78%|███████▊  | 62/79 [00:01<00:00, 36.34it/s]
 84%|████████▎ | 66/79 [00:01<00:00, 36.11it/s]
 89%|████████▊ | 70/79 [00:01<00:00, 36.03it/s]
 96%|█████████▌| 76/79 [00:02<00:00, 38.08it/s]
100%|██████████| 79/79 [00:02<00:00, 37.33it/s]

CommRound: 5/30
Accuracy: 77.88% | Loss: 0.7863
[##########--------------------------------------------------] 16.7%
Elapsed: 3.6m | Avg/Round: 43.5s | Last: 46.9s | Next: 43.5s | Remaining: 18.1m
ETA: 08:55:57
Recent round times: R1: 43.6s -> R2: 43.7s -> R3: 35.6s -> R4: 45.7s -> R5: 46.9s

  0%|          | 0/79 [00:00<?, ?it/s]
  4%|▍         | 3/79 [00:00<00:03, 22.29it/s]
 11%|█▏        | 9/79 [00:00<00:02, 33.72it/s]
 18%|█▊        | 14/79 [00:00<00:01, 39.53it/s]
 24%|██▍       | 19/79 [00:00<00:01, 35.61it/s]
 29%|██▉       | 23/79 [00:00<00:01, 36.04it/s]
 34%|███▍      | 27/79 [00:00<00:01, 36.39it/s]
 39%|███▉      | 31/79 [00:00<00:01, 36.72it/s]
 44%|████▍     | 35/79 [00:00<00:01, 36.86it/s]
 49%|████▉     | 39/79 [00:01<00:01, 36.91it/s]
 54%|█████▍    | 43/79 [00:01<00:00, 36.84it/s]
 59%|█████▉    | 47/79 [00:01<00:00, 37.05it/s]
 65%|██████▍   | 51/79 [00:01<00:00, 37.00it/s]
 70%|██████▉   | 55/79 [00:01<00:00, 37.11it/s]
 75%|███████▍  | 59/79 [00:01<00:00, 37.09it/s]
 80%|███████▉  | 63/79 [00:01<00:00, 37.00it/s]
 85%|████████▍ | 67/79 [00:01<00:00, 37.05it/s]
 90%|████████▉ | 71/79 [00:01<00:00, 37.08it/s]
 97%|█████████▋| 77/79 [00:02<00:00, 37.62it/s]
100%|██████████| 79/79 [00:02<00:00, 37.29it/s]

CommRound: 6/30
Accuracy: 83.78% | Loss: 0.5041
[############------------------------------------------------] 20.0%
Elapsed: 4.4m | Avg/Round: 43.6s | Last: 44.5s | Next: 43.6s | Remaining: 17.5m
ETA: 08:56:02
Recent round times: R1: 43.7s -> R2: 35.6s -> R3: 45.7s -> R4: 46.9s -> R5: 44.5s

  0%|          | 0/79 [00:00<?, ?it/s]
  3%|▎         | 2/79 [00:00<00:03, 19.75it/s]
  9%|▉         | 7/79 [00:00<00:02, 31.57it/s]
 14%|█▍        | 11/79 [00:00<00:01, 34.57it/s]
 19%|█▉        | 15/79 [00:00<00:01, 36.15it/s]
 25%|██▌       | 20/79 [00:00<00:01, 40.73it/s]
 32%|███▏      | 25/79 [00:00<00:01, 38.93it/s]
 39%|███▉      | 31/79 [00:00<00:01, 40.10it/s]
 46%|████▌     | 36/79 [00:00<00:01, 42.74it/s]
 52%|█████▏    | 41/79 [00:01<00:00, 40.26it/s]
 58%|█████▊    | 46/79 [00:01<00:00, 42.67it/s]
 65%|██████▍   | 51/79 [00:01<00:00, 40.45it/s]
 71%|███████   | 56/79 [00:01<00:00, 42.05it/s]
 77%|███████▋  | 61/79 [00:01<00:00, 40.83it/s]
 84%|████████▎ | 66/79 [00:01<00:00, 41.38it/s]
 90%|████████▉ | 71/79 [00:01<00:00, 41.68it/s]
 96%|█████████▌| 76/79 [00:01<00:00, 40.01it/s]
100%|██████████| 79/79 [00:01<00:00, 39.94it/s]

CommRound: 7/30
Accuracy: 81.60% | Loss: 0.7613
[##############----------------------------------------------] 23.3%
Elapsed: 5.0m | Avg/Round: 43.0s | Last: 39.0s | Next: 43.0s | Remaining: 16.5m
ETA: 08:55:42
Recent round times: R1: 35.6s -> R2: 45.7s -> R3: 46.9s -> R4: 44.5s -> R5: 39.0s

  0%|          | 0/79 [00:00<?, ?it/s]
  4%|▍         | 3/79 [00:00<00:03, 22.48it/s]
 10%|█         | 8/79 [00:00<00:01, 36.51it/s]
 16%|█▋        | 13/79 [00:00<00:01, 35.60it/s]
 24%|██▍       | 19/79 [00:00<00:01, 38.16it/s]
 32%|███▏      | 25/79 [00:00<00:01, 39.63it/s]
 39%|███▉      | 31/79 [00:00<00:01, 40.70it/s]
 47%|████▋     | 37/79 [00:00<00:01, 41.03it/s]
 54%|█████▍    | 43/79 [00:01<00:00, 41.54it/s]
 62%|██████▏   | 49/79 [00:01<00:00, 41.93it/s]
 68%|██████▊   | 54/79 [00:01<00:00, 43.70it/s]
 75%|███████▍  | 59/79 [00:01<00:00, 41.48it/s]
 82%|████████▏ | 65/79 [00:01<00:00, 41.90it/s]
 90%|████████▉ | 71/79 [00:01<00:00, 41.97it/s]
 97%|█████████▋| 77/79 [00:01<00:00, 42.33it/s]
100%|██████████| 79/79 [00:01<00:00, 41.39it/s]

CommRound: 8/30
Accuracy: 86.01% | Loss: 0.5361
[################--------------------------------------------] 26.7%
Elapsed: 5.6m | Avg/Round: 41.7s | Last: 32.8s | Next: 41.7s | Remaining: 15.3m
ETA: 08:55:04
Recent round times: R1: 45.7s -> R2: 46.9s -> R3: 44.5s -> R4: 39.0s -> R5: 32.8s

  0%|          | 0/79 [00:00<?, ?it/s]
  4%|▍         | 3/79 [00:00<00:03, 22.93it/s]
 10%|█         | 8/79 [00:00<00:01, 36.84it/s]
 16%|█▋        | 13/79 [00:00<00:01, 36.11it/s]
 24%|██▍       | 19/79 [00:00<00:01, 38.53it/s]
 30%|███       | 24/79 [00:00<00:01, 41.56it/s]
 37%|███▋      | 29/79 [00:00<00:01, 39.41it/s]
 44%|████▍     | 35/79 [00:00<00:01, 40.48it/s]
 51%|█████     | 40/79 [00:01<00:00, 42.73it/s]
 57%|█████▋    | 45/79 [00:01<00:00, 40.46it/s]
 63%|██████▎   | 50/79 [00:01<00:00, 42.68it/s]
 70%|██████▉   | 55/79 [00:01<00:00, 40.49it/s]
 76%|███████▌  | 60/79 [00:01<00:00, 41.78it/s]
 82%|████████▏ | 65/79 [00:01<00:00, 40.70it/s]
 89%|████████▊ | 70/79 [00:01<00:00, 40.63it/s]
 95%|█████████▍| 75/79 [00:01<00:00, 41.10it/s]
100%|██████████| 79/79 [00:01<00:00, 40.52it/s]

CommRound: 9/30
Accuracy: 84.79% | Loss: 0.6497
[##################------------------------------------------] 30.0%
Elapsed: 6.1m | Avg/Round: 40.9s | Last: 34.8s | Next: 40.9s | Remaining: 14.3m
ETA: 08:54:41
Recent round times: R1: 46.9s -> R2: 44.5s -> R3: 39.0s -> R4: 32.8s -> R5: 34.8s

  0%|          | 0/79 [00:00<?, ?it/s]
  4%|▍         | 3/79 [00:00<00:03, 22.52it/s]
 10%|█         | 8/79 [00:00<00:01, 36.66it/s]
 16%|█▋        | 13/79 [00:00<00:01, 35.46it/s]
 24%|██▍       | 19/79 [00:00<00:01, 38.04it/s]
 32%|███▏      | 25/79 [00:00<00:01, 39.39it/s]
 39%|███▉      | 31/79 [00:00<00:01, 40.33it/s]
 47%|████▋     | 37/79 [00:00<00:01, 40.81it/s]
 54%|█████▍    | 43/79 [00:01<00:00, 41.22it/s]
 62%|██████▏   | 49/79 [00:01<00:00, 41.50it/s]
 70%|██████▉   | 55/79 [00:01<00:00, 41.64it/s]
 77%|███████▋  | 61/79 [00:01<00:00, 41.73it/s]
 85%|████████▍ | 67/79 [00:01<00:00, 41.77it/s]
 92%|█████████▏| 73/79 [00:01<00:00, 41.66it/s]
 99%|█████████▊| 78/79 [00:01<00:00, 43.46it/s]
100%|██████████| 79/79 [00:01<00:00, 40.88it/s]

CommRound: 10/30
Accuracy: 84.79% | Loss: 0.6760
[####################----------------------------------------] 33.3%
Elapsed: 6.8m | Avg/Round: 41.0s | Last: 41.2s | Next: 41.0s | Remaining: 13.7m
ETA: 08:54:42
Recent round times: R1: 44.5s -> R2: 39.0s -> R3: 32.8s -> R4: 34.8s -> R5: 41.2s

  0%|          | 0/79 [00:00<?, ?it/s]
  4%|▍         | 3/79 [00:00<00:03, 23.49it/s]
 10%|█         | 8/79 [00:00<00:01, 37.36it/s]
 16%|█▋        | 13/79 [00:00<00:01, 36.78it/s]
 23%|██▎       | 18/79 [00:00<00:01, 40.72it/s]
 29%|██▉       | 23/79 [00:00<00:01, 39.74it/s]
 35%|███▌      | 28/79 [00:00<00:01, 41.73it/s]
 42%|████▏     | 33/79 [00:00<00:01, 40.90it/s]
 48%|████▊     | 38/79 [00:00<00:00, 42.53it/s]
 54%|█████▍    | 43/79 [00:01<00:00, 41.56it/s]
 61%|██████    | 48/79 [00:01<00:00, 42.71it/s]
 67%|██████▋   | 53/79 [00:01<00:00, 41.93it/s]
 73%|███████▎  | 58/79 [00:01<00:00, 42.52it/s]
 80%|███████▉  | 63/79 [00:01<00:00, 42.31it/s]
 86%|████████▌ | 68/79 [00:01<00:00, 42.33it/s]
 92%|█████████▏| 73/79 [00:01<00:00, 42.62it/s]
 99%|█████████▊| 78/79 [00:01<00:00, 42.35it/s]
100%|██████████| 79/79 [00:01<00:00, 41.47it/s]

CommRound: 11/30
Accuracy: 85.94% | Loss: 0.6428
[######################--------------------------------------] 36.7%
Elapsed: 7.4m | Avg/Round: 40.6s | Last: 36.9s | Next: 40.6s | Remaining: 12.9m
ETA: 08:54:30
Recent round times: R1: 39.0s -> R2: 32.8s -> R3: 34.8s -> R4: 41.2s -> R5: 36.9s

  0%|          | 0/79 [00:00<?, ?it/s]
  4%|▍         | 3/79 [00:00<00:03, 22.55it/s]
 11%|█▏        | 9/79 [00:00<00:02, 33.90it/s]
 19%|█▉        | 15/79 [00:00<00:01, 37.42it/s]
 27%|██▋       | 21/79 [00:00<00:01, 39.23it/s]
 34%|███▍      | 27/79 [00:00<00:01, 40.23it/s]
 42%|████▏     | 33/79 [00:00<00:01, 40.79it/s]
 49%|████▉     | 39/79 [00:00<00:00, 41.29it/s]
 57%|█████▋    | 45/79 [00:01<00:00, 41.49it/s]
 65%|██████▍   | 51/79 [00:01<00:00, 41.68it/s]
 72%|███████▏  | 57/79 [00:01<00:00, 41.79it/s]
 80%|███████▉  | 63/79 [00:01<00:00, 41.82it/s]
 87%|████████▋ | 69/79 [00:01<00:00, 41.75it/s]
 95%|█████████▍| 75/79 [00:01<00:00, 41.77it/s]
100%|██████████| 79/79 [00:01<00:00, 41.12it/s]

CommRound: 12/30
Accuracy: 85.95% | Loss: 0.6652
[########################------------------------------------] 40.0%
Elapsed: 8.2m | Avg/Round: 41.1s | Last: 46.9s | Next: 41.1s | Remaining: 12.3m
ETA: 08:54:46
Recent round times: R1: 32.8s -> R2: 34.8s -> R3: 41.2s -> R4: 36.9s -> R5: 46.9s

  0%|          | 0/79 [00:00<?, ?it/s]
  3%|▎         | 2/79 [00:00<00:03, 19.98it/s]
  9%|▉         | 7/79 [00:00<00:02, 31.26it/s]
 14%|█▍        | 11/79 [00:00<00:01, 34.66it/s]
 19%|█▉        | 15/79 [00:00<00:01, 36.53it/s]
 25%|██▌       | 20/79 [00:00<00:01, 36.68it/s]
 30%|███       | 24/79 [00:00<00:01, 37.01it/s]
 35%|███▌      | 28/79 [00:00<00:01, 37.19it/s]
 41%|████      | 32/79 [00:00<00:01, 37.36it/s]
 46%|████▌     | 36/79 [00:00<00:01, 37.49it/s]
 51%|█████     | 40/79 [00:01<00:01, 37.54it/s]
 56%|█████▌    | 44/79 [00:01<00:00, 37.49it/s]
 61%|██████    | 48/79 [00:01<00:00, 37.56it/s]
 66%|██████▌   | 52/79 [00:01<00:00, 37.51it/s]
 71%|███████   | 56/79 [00:01<00:00, 37.70it/s]
 76%|███████▌  | 60/79 [00:01<00:00, 37.78it/s]
 81%|████████  | 64/79 [00:01<00:00, 37.85it/s]
 86%|████████▌ | 68/79 [00:01<00:00, 37.87it/s]
 91%|█████████ | 72/79 [00:01<00:00, 37.92it/s]
 96%|█████████▌| 76/79 [00:02<00:00, 37.83it/s]
100%|██████████| 79/79 [00:02<00:00, 37.18it/s]

CommRound: 13/30
Accuracy: 86.22% | Loss: 0.6690
[##########################----------------------------------] 43.3%
Elapsed: 8.9m | Avg/Round: 40.8s | Last: 37.6s | Next: 40.8s | Remaining: 11.6m
ETA: 08:54:38
Recent round times: R1: 34.8s -> R2: 41.2s -> R3: 36.9s -> R4: 46.9s -> R5: 37.6s

  0%|          | 0/79 [00:00<?, ?it/s]
  4%|▍         | 3/79 [00:00<00:03, 22.28it/s]
 11%|█▏        | 9/79 [00:00<00:02, 34.27it/s]
 19%|█▉        | 15/79 [00:00<00:01, 37.91it/s]
 25%|██▌       | 20/79 [00:00<00:01, 41.52it/s]
 32%|███▏      | 25/79 [00:00<00:01, 37.86it/s]
 37%|███▋      | 29/79 [00:00<00:01, 37.89it/s]
 42%|████▏     | 33/79 [00:00<00:01, 37.85it/s]
 47%|████▋     | 37/79 [00:00<00:01, 37.91it/s]
 52%|█████▏    | 41/79 [00:01<00:01, 37.89it/s]
 57%|█████▋    | 45/79 [00:01<00:00, 37.84it/s]
 62%|██████▏   | 49/79 [00:01<00:00, 37.82it/s]
 67%|██████▋   | 53/79 [00:01<00:00, 37.75it/s]
 72%|███████▏  | 57/79 [00:01<00:00, 37.61it/s]
 77%|███████▋  | 61/79 [00:01<00:00, 37.47it/s]
 84%|████████▎ | 66/79 [00:01<00:00, 40.75it/s]
 90%|████████▉ | 71/79 [00:01<00:00, 38.64it/s]
 97%|█████████▋| 77/79 [00:02<00:00, 40.02it/s]
100%|██████████| 79/79 [00:02<00:00, 38.81it/s]

CommRound: 14/30
Accuracy: 85.94% | Loss: 0.6888
[############################--------------------------------] 46.7%
Elapsed: 9.6m | Avg/Round: 41.3s | Last: 47.8s | Next: 41.3s | Remaining: 11.0m
ETA: 08:54:53
Recent round times: R1: 41.2s -> R2: 36.9s -> R3: 46.9s -> R4: 37.6s -> R5: 47.8s

  0%|          | 0/79 [00:00<?, ?it/s]
  4%|▍         | 3/79 [00:00<00:03, 23.15it/s]
 10%|█         | 8/79 [00:00<00:02, 35.18it/s]
 16%|█▋        | 13/79 [00:00<00:01, 37.18it/s]
 23%|██▎       | 18/79 [00:00<00:01, 38.38it/s]
 29%|██▉       | 23/79 [00:00<00:01, 40.91it/s]
 35%|███▌      | 28/79 [00:00<00:01, 39.29it/s]
 43%|████▎     | 34/79 [00:00<00:01, 40.05it/s]
 51%|█████     | 40/79 [00:01<00:00, 40.49it/s]
 58%|█████▊    | 46/79 [00:01<00:00, 40.95it/s]
 66%|██████▌   | 52/79 [00:01<00:00, 41.20it/s]
 73%|███████▎  | 58/79 [00:01<00:00, 41.06it/s]
 80%|███████▉  | 63/79 [00:01<00:00, 43.14it/s]
 86%|████████▌ | 68/79 [00:01<00:00, 41.18it/s]
 94%|█████████▎| 74/79 [00:01<00:00, 41.94it/s]
100%|██████████| 79/79 [00:01<00:00, 40.74it/s]

CommRound: 15/30
Accuracy: 85.87% | Loss: 0.7131
[##############################------------------------------] 50.0%
Elapsed: 10.3m | Avg/Round: 41.3s | Last: 40.9s | Next: 41.3s | Remaining: 10.3m
ETA: 08:54:52
Recent round times: R1: 36.9s -> R2: 46.9s -> R3: 37.6s -> R4: 47.8s -> R5: 40.9s

  0%|          | 0/79 [00:00<?, ?it/s]
  4%|▍         | 3/79 [00:00<00:03, 22.79it/s]
 10%|█         | 8/79 [00:00<00:01, 36.91it/s]
 15%|█▌        | 12/79 [00:00<00:01, 38.10it/s]
 20%|██        | 16/79 [00:00<00:01, 38.53it/s]
 27%|██▋       | 21/79 [00:00<00:01, 37.14it/s]
 34%|███▍      | 27/79 [00:00<00:01, 39.23it/s]
 42%|████▏     | 33/79 [00:00<00:01, 40.28it/s]
 48%|████▊     | 38/79 [00:00<00:00, 42.81it/s]
 54%|█████▍    | 43/79 [00:01<00:00, 40.80it/s]
 61%|██████    | 48/79 [00:01<00:00, 41.84it/s]
 67%|██████▋   | 53/79 [00:01<00:00, 41.15it/s]
 73%|███████▎  | 58/79 [00:01<00:00, 40.94it/s]
 80%|███████▉  | 63/79 [00:01<00:00, 41.62it/s]
 86%|████████▌ | 68/79 [00:01<00:00, 40.25it/s]
 92%|█████████▏| 73/79 [00:01<00:00, 42.46it/s]
 99%|█████████▊| 78/79 [00:01<00:00, 38.69it/s]
100%|██████████| 79/79 [00:01<00:00, 39.89it/s]

CommRound: 16/30
Accuracy: 86.19% | Loss: 0.6929
[################################----------------------------] 53.3%
Elapsed: 11.0m | Avg/Round: 41.2s | Last: 39.9s | Next: 41.2s | Remaining: 9.6m
ETA: 08:54:49
Recent round times: R1: 46.9s -> R2: 37.6s -> R3: 47.8s -> R4: 40.9s -> R5: 39.9s

  0%|          | 0/79 [00:00<?, ?it/s]
  4%|▍         | 3/79 [00:00<00:03, 22.58it/s]
 11%|█▏        | 9/79 [00:00<00:02, 34.03it/s]
 19%|█▉        | 15/79 [00:00<00:01, 37.43it/s]
 27%|██▋       | 21/79 [00:00<00:01, 39.25it/s]
 33%|███▎      | 26/79 [00:00<00:01, 42.27it/s]
 39%|███▉      | 31/79 [00:00<00:01, 40.01it/s]
 47%|████▋     | 37/79 [00:00<00:01, 41.05it/s]
 54%|█████▍    | 43/79 [00:01<00:00, 41.83it/s]
 62%|██████▏   | 49/79 [00:01<00:00, 42.42it/s]
 70%|██████▉   | 55/79 [00:01<00:00, 42.77it/s]
 77%|███████▋  | 61/79 [00:01<00:00, 42.98it/s]
 85%|████████▍ | 67/79 [00:01<00:00, 43.11it/s]
 92%|█████████▏| 73/79 [00:01<00:00, 43.22it/s]
 99%|█████████▊| 78/79 [00:01<00:00, 44.15it/s]
100%|██████████| 79/79 [00:01<00:00, 41.66it/s]

CommRound: 17/30
Accuracy: 86.81% | Loss: 0.6655
[##################################--------------------------] 56.7%
Elapsed: 11.7m | Avg/Round: 41.2s | Last: 40.9s | Next: 41.2s | Remaining: 8.9m
ETA: 08:54:49
Recent round times: R1: 37.6s -> R2: 47.8s -> R3: 40.9s -> R4: 39.9s -> R5: 40.9s

  0%|          | 0/79 [00:00<?, ?it/s]
  4%|▍         | 3/79 [00:00<00:03, 20.91it/s]
  9%|▉         | 7/79 [00:00<00:02, 29.09it/s]
 14%|█▍        | 11/79 [00:00<00:02, 32.26it/s]
 19%|█▉        | 15/79 [00:00<00:01, 33.83it/s]
 24%|██▍       | 19/79 [00:00<00:01, 34.71it/s]
 29%|██▉       | 23/79 [00:00<00:01, 35.85it/s]
 37%|███▋      | 29/79 [00:00<00:01, 38.16it/s]
 44%|████▍     | 35/79 [00:00<00:01, 39.88it/s]
 52%|█████▏    | 41/79 [00:01<00:00, 40.97it/s]
 59%|█████▉    | 47/79 [00:01<00:00, 41.68it/s]
 67%|██████▋   | 53/79 [00:01<00:00, 42.04it/s]
 75%|███████▍  | 59/79 [00:01<00:00, 42.16it/s]
 82%|████████▏ | 65/79 [00:01<00:00, 41.80it/s]
 89%|████████▊ | 70/79 [00:01<00:00, 43.28it/s]
 95%|█████████▍| 75/79 [00:01<00:00, 41.60it/s]
100%|██████████| 79/79 [00:02<00:00, 39.31it/s]

CommRound: 18/30
Accuracy: 87.40% | Loss: 0.6459
[####################################------------------------] 60.0%
Elapsed: 12.5m | Avg/Round: 41.6s | Last: 48.3s | Next: 41.6s | Remaining: 8.3m
ETA: 08:55:00
Recent round times: R1: 47.8s -> R2: 40.9s -> R3: 39.9s -> R4: 40.9s -> R5: 48.3s

  0%|          | 0/79 [00:00<?, ?it/s]
  4%|▍         | 3/79 [00:00<00:03, 22.41it/s]
  9%|▉         | 7/79 [00:00<00:02, 31.25it/s]
 15%|█▌        | 12/79 [00:00<00:01, 39.15it/s]
 22%|██▏       | 17/79 [00:00<00:01, 37.02it/s]
 29%|██▉       | 23/79 [00:00<00:01, 38.65it/s]
 35%|███▌      | 28/79 [00:00<00:01, 41.58it/s]
 42%|████▏     | 33/79 [00:00<00:01, 39.17it/s]
 49%|████▉     | 39/79 [00:01<00:01, 39.84it/s]
 57%|█████▋    | 45/79 [00:01<00:00, 40.35it/s]
 65%|██████▍   | 51/79 [00:01<00:00, 40.65it/s]
 72%|███████▏  | 57/79 [00:01<00:00, 40.99it/s]
 80%|███████▉  | 63/79 [00:01<00:00, 41.56it/s]
 87%|████████▋ | 69/79 [00:01<00:00, 41.78it/s]
 95%|█████████▍| 75/79 [00:01<00:00, 41.93it/s]
100%|██████████| 79/79 [00:01<00:00, 40.69it/s]

CommRound: 19/30
Accuracy: 87.85% | Loss: 0.6304
[######################################----------------------] 63.3%
Elapsed: 13.2m | Avg/Round: 41.7s | Last: 43.6s | Next: 41.7s | Remaining: 7.6m
ETA: 08:55:04
Recent round times: R1: 40.9s -> R2: 39.9s -> R3: 40.9s -> R4: 48.3s -> R5: 43.6s

  0%|          | 0/79 [00:00<?, ?it/s]
  4%|▍         | 3/79 [00:00<00:03, 23.99it/s]
 10%|█         | 8/79 [00:00<00:02, 34.06it/s]
 15%|█▌        | 12/79 [00:00<00:01, 34.32it/s]
 20%|██        | 16/79 [00:00<00:01, 35.08it/s]
 25%|██▌       | 20/79 [00:00<00:01, 35.54it/s]
 30%|███       | 24/79 [00:00<00:01, 35.82it/s]
 35%|███▌      | 28/79 [00:00<00:01, 36.10it/s]
 41%|████      | 32/79 [00:00<00:01, 36.23it/s]
 46%|████▌     | 36/79 [00:01<00:01, 36.39it/s]
 51%|█████     | 40/79 [00:01<00:01, 36.43it/s]
 56%|█████▌    | 44/79 [00:01<00:00, 36.37it/s]
 61%|██████    | 48/79 [00:01<00:00, 36.29it/s]
 66%|██████▌   | 52/79 [00:01<00:00, 36.37it/s]
 71%|███████   | 56/79 [00:01<00:00, 36.41it/s]
 76%|███████▌  | 60/79 [00:01<00:00, 36.46it/s]
 81%|████████  | 64/79 [00:01<00:00, 36.52it/s]
 86%|████████▌ | 68/79 [00:01<00:00, 36.46it/s]
 91%|█████████ | 72/79 [00:02<00:00, 36.60it/s]
 97%|█████████▋| 77/79 [00:02<00:00, 40.38it/s]
100%|██████████| 79/79 [00:02<00:00, 36.55it/s]

CommRound: 20/30
Accuracy: 87.83% | Loss: 0.6387
[########################################--------------------] 66.7%
Elapsed: 13.8m | Avg/Round: 41.4s | Last: 36.2s | Next: 41.4s | Remaining: 6.9m
ETA: 08:54:55
Recent round times: R1: 39.9s -> R2: 40.9s -> R3: 48.3s -> R4: 43.6s -> R5: 36.2s

  0%|          | 0/79 [00:00<?, ?it/s]
  4%|▍         | 3/79 [00:00<00:03, 22.16it/s]
 10%|█         | 8/79 [00:00<00:01, 35.68it/s]
 15%|█▌        | 12/79 [00:00<00:01, 35.09it/s]
 20%|██        | 16/79 [00:00<00:01, 36.75it/s]
 27%|██▋       | 21/79 [00:00<00:01, 37.03it/s]
 33%|███▎      | 26/79 [00:00<00:01, 40.15it/s]
 39%|███▉      | 31/79 [00:00<00:01, 40.33it/s]
 46%|████▌     | 36/79 [00:00<00:01, 40.80it/s]
 52%|█████▏    | 41/79 [00:01<00:00, 41.56it/s]
 58%|█████▊    | 46/79 [00:01<00:00, 40.91it/s]
 65%|██████▍   | 51/79 [00:01<00:00, 42.94it/s]
 71%|███████   | 56/79 [00:01<00:00, 40.84it/s]
 78%|███████▊  | 62/79 [00:01<00:00, 41.12it/s]
 86%|████████▌ | 68/79 [00:01<00:00, 41.59it/s]
 94%|█████████▎| 74/79 [00:01<00:00, 41.66it/s]
100%|██████████| 79/79 [00:01<00:00, 40.37it/s]

CommRound: 21/30
Accuracy: 87.91% | Loss: 0.6417
[##########################################------------------] 70.0%
Elapsed: 14.5m | Avg/Round: 41.5s | Last: 43.2s | Next: 41.5s | Remaining: 6.2m
ETA: 08:54:58
Recent round times: R1: 40.9s -> R2: 48.3s -> R3: 43.6s -> R4: 36.2s -> R5: 43.2s

  0%|          | 0/79 [00:00<?, ?it/s]
  4%|▍         | 3/79 [00:00<00:03, 23.00it/s]
 10%|█         | 8/79 [00:00<00:01, 36.87it/s]
 16%|█▋        | 13/79 [00:00<00:01, 35.89it/s]
 24%|██▍       | 19/79 [00:00<00:01, 38.30it/s]
 32%|███▏      | 25/79 [00:00<00:01, 39.85it/s]
 38%|███▊      | 30/79 [00:00<00:01, 42.47it/s]
 44%|████▍     | 35/79 [00:00<00:01, 40.00it/s]
 51%|█████     | 40/79 [00:01<00:00, 41.36it/s]
 57%|█████▋    | 45/79 [00:01<00:00, 40.34it/s]
 63%|██████▎   | 50/79 [00:01<00:00, 42.60it/s]
 70%|██████▉   | 55/79 [00:01<00:00, 40.31it/s]
 76%|███████▌  | 60/79 [00:01<00:00, 42.64it/s]
 82%|████████▏ | 65/79 [00:01<00:00, 40.62it/s]
 89%|████████▊ | 70/79 [00:01<00:00, 41.92it/s]
 95%|█████████▍| 75/79 [00:01<00:00, 41.32it/s]
100%|██████████| 79/79 [00:01<00:00, 40.54it/s]

CommRound: 22/30
Accuracy: 87.86% | Loss: 0.6483
[############################################----------------] 73.3%
Elapsed: 15.2m | Avg/Round: 41.3s | Last: 38.0s | Next: 41.3s | Remaining: 5.5m
ETA: 08:54:53
Recent round times: R1: 48.3s -> R2: 43.6s -> R3: 36.2s -> R4: 43.2s -> R5: 38.0s

  0%|          | 0/79 [00:00<?, ?it/s]
  4%|▍         | 3/79 [00:00<00:03, 22.60it/s]
 10%|█         | 8/79 [00:00<00:01, 36.62it/s]
 16%|█▋        | 13/79 [00:00<00:01, 35.60it/s]
 23%|██▎       | 18/79 [00:00<00:01, 40.24it/s]
 29%|██▉       | 23/79 [00:00<00:01, 38.51it/s]
 37%|███▋      | 29/79 [00:00<00:01, 39.98it/s]
 44%|████▍     | 35/79 [00:00<00:01, 40.62it/s]
 52%|█████▏    | 41/79 [00:01<00:00, 41.13it/s]
 58%|█████▊    | 46/79 [00:01<00:00, 43.31it/s]
 65%|██████▍   | 51/79 [00:01<00:00, 40.88it/s]
 72%|███████▏  | 57/79 [00:01<00:00, 41.44it/s]
 78%|███████▊  | 62/79 [00:01<00:00, 43.48it/s]
 85%|████████▍ | 67/79 [00:01<00:00, 41.63it/s]
 91%|█████████ | 72/79 [00:01<00:00, 42.72it/s]
 97%|█████████▋| 77/79 [00:01<00:00, 41.93it/s]
100%|██████████| 79/79 [00:01<00:00, 41.09it/s]

CommRound: 23/30
Accuracy: 87.91% | Loss: 0.6533
[##############################################--------------] 76.7%
Elapsed: 15.9m | Avg/Round: 41.4s | Last: 42.2s | Next: 41.4s | Remaining: 4.8m
ETA: 08:54:54
Recent round times: R1: 43.6s -> R2: 36.2s -> R3: 43.2s -> R4: 38.0s -> R5: 42.2s

  0%|          | 0/79 [00:00<?, ?it/s]
  4%|▍         | 3/79 [00:00<00:03, 22.09it/s]
  9%|▉         | 7/79 [00:00<00:02, 31.20it/s]
 14%|█▍        | 11/79 [00:00<00:01, 34.62it/s]
 20%|██        | 16/79 [00:00<00:01, 39.02it/s]
 27%|██▋       | 21/79 [00:00<00:01, 38.05it/s]
 33%|███▎      | 26/79 [00:00<00:01, 40.49it/s]
 39%|███▉      | 31/79 [00:00<00:01, 39.25it/s]
 46%|████▌     | 36/79 [00:00<00:01, 40.99it/s]
 52%|█████▏    | 41/79 [00:01<00:00, 39.89it/s]
 58%|█████▊    | 46/79 [00:01<00:00, 40.85it/s]
 65%|██████▍   | 51/79 [00:01<00:00, 39.44it/s]
 70%|██████▉   | 55/79 [00:01<00:00, 39.35it/s]
 76%|███████▌  | 60/79 [00:01<00:00, 41.88it/s]
 82%|████████▏ | 65/79 [00:01<00:00, 39.49it/s]
 90%|████████▉ | 71/79 [00:01<00:00, 40.35it/s]
 96%|█████████▌| 76/79 [00:01<00:00, 41.95it/s]
100%|██████████| 79/79 [00:01<00:00, 39.58it/s]

CommRound: 24/30
Accuracy: 87.95% | Loss: 0.6583
[################################################------------] 80.0%
Elapsed: 16.6m | Avg/Round: 41.6s | Last: 45.9s | Next: 41.6s | Remaining: 4.2m
ETA: 08:55:00
Recent round times: R1: 36.2s -> R2: 43.2s -> R3: 38.0s -> R4: 42.2s -> R5: 45.9s

  0%|          | 0/79 [00:00<?, ?it/s]
  4%|▍         | 3/79 [00:00<00:03, 21.96it/s]
 10%|█         | 8/79 [00:00<00:01, 35.66it/s]
 16%|█▋        | 13/79 [00:00<00:01, 35.80it/s]
 22%|██▏       | 17/79 [00:00<00:01, 36.87it/s]
 27%|██▋       | 21/79 [00:00<00:01, 37.08it/s]
 32%|███▏      | 25/79 [00:00<00:01, 37.30it/s]
 37%|███▋      | 29/79 [00:00<00:01, 37.59it/s]
 42%|████▏     | 33/79 [00:00<00:01, 37.60it/s]
 47%|████▋     | 37/79 [00:01<00:01, 37.12it/s]
 52%|█████▏    | 41/79 [00:01<00:01, 36.96it/s]
 57%|█████▋    | 45/79 [00:01<00:00, 36.93it/s]
 62%|██████▏   | 49/79 [00:01<00:00, 36.98it/s]
 67%|██████▋   | 53/79 [00:01<00:00, 36.93it/s]
 72%|███████▏  | 57/79 [00:01<00:00, 37.06it/s]
 77%|███████▋  | 61/79 [00:01<00:00, 37.12it/s]
 82%|████████▏ | 65/79 [00:01<00:00, 37.22it/s]
 87%|████████▋ | 69/79 [00:01<00:00, 37.30it/s]
 92%|█████████▏| 73/79 [00:01<00:00, 37.29it/s]
 97%|█████████▋| 77/79 [00:02<00:00, 37.26it/s]
100%|██████████| 79/79 [00:02<00:00, 37.36it/s]

CommRound: 25/30
Accuracy: 87.93% | Loss: 0.6628
[##################################################----------] 83.3%
Elapsed: 17.3m | Avg/Round: 41.4s | Last: 38.3s | Next: 41.4s | Remaining: 3.5m
ETA: 08:54:56
Recent round times: R1: 43.2s -> R2: 38.0s -> R3: 42.2s -> R4: 45.9s -> R5: 38.3s

  0%|          | 0/79 [00:00<?, ?it/s]
  4%|▍         | 3/79 [00:00<00:03, 22.58it/s]
 10%|█         | 8/79 [00:00<00:02, 34.48it/s]
 15%|█▌        | 12/79 [00:00<00:01, 36.58it/s]
 20%|██        | 16/79 [00:00<00:01, 37.83it/s]
 25%|██▌       | 20/79 [00:00<00:01, 38.56it/s]
 32%|███▏      | 25/79 [00:00<00:01, 38.50it/s]
 38%|███▊      | 30/79 [00:00<00:01, 40.30it/s]
 44%|████▍     | 35/79 [00:00<00:01, 39.61it/s]
 51%|█████     | 40/79 [00:01<00:00, 40.62it/s]
 57%|█████▋    | 45/79 [00:01<00:00, 39.41it/s]
 63%|██████▎   | 50/79 [00:01<00:00, 41.19it/s]
 70%|██████▉   | 55/79 [00:01<00:00, 39.86it/s]
 76%|███████▌  | 60/79 [00:01<00:00, 41.40it/s]
 82%|████████▏ | 65/79 [00:01<00:00, 40.87it/s]
 89%|████████▊ | 70/79 [00:01<00:00, 41.11it/s]
 95%|█████████▍| 75/79 [00:01<00:00, 41.54it/s]
100%|██████████| 79/79 [00:01<00:00, 39.76it/s]

CommRound: 26/30
Accuracy: 87.94% | Loss: 0.6670
[####################################################--------] 86.7%
Elapsed: 17.8m | Avg/Round: 41.2s | Last: 34.0s | Next: 41.2s | Remaining: 2.7m
ETA: 08:54:47
Recent round times: R1: 38.0s -> R2: 42.2s -> R3: 45.9s -> R4: 38.3s -> R5: 34.0s

  0%|          | 0/79 [00:00<?, ?it/s]
  4%|▍         | 3/79 [00:00<00:03, 22.72it/s]
  9%|▉         | 7/79 [00:00<00:02, 31.23it/s]
 14%|█▍        | 11/79 [00:00<00:01, 34.62it/s]
 20%|██        | 16/79 [00:00<00:01, 40.03it/s]
 27%|██▋       | 21/79 [00:00<00:01, 37.34it/s]
 33%|███▎      | 26/79 [00:00<00:01, 40.83it/s]
 39%|███▉      | 31/79 [00:00<00:01, 38.25it/s]
 44%|████▍     | 35/79 [00:00<00:01, 38.63it/s]
 49%|████▉     | 39/79 [00:01<00:01, 38.81it/s]
 57%|█████▋    | 45/79 [00:01<00:00, 39.62it/s]
 62%|██████▏   | 49/79 [00:01<00:00, 39.61it/s]
 68%|██████▊   | 54/79 [00:01<00:00, 42.19it/s]
 75%|███████▍  | 59/79 [00:01<00:00, 39.97it/s]
 82%|████████▏ | 65/79 [00:01<00:00, 40.89it/s]
 90%|████████▉ | 71/79 [00:01<00:00, 41.68it/s]
 97%|█████████▋| 77/79 [00:01<00:00, 42.51it/s]
100%|██████████| 79/79 [00:01<00:00, 40.29it/s]

CommRound: 27/30
Accuracy: 87.94% | Loss: 0.6709
[######################################################------] 90.0%
Elapsed: 18.6m | Avg/Round: 41.4s | Last: 47.3s | Next: 41.4s | Remaining: 2.1m
ETA: 08:54:54
Recent round times: R1: 42.2s -> R2: 45.9s -> R3: 38.3s -> R4: 34.0s -> R5: 47.3s

  0%|          | 0/79 [00:00<?, ?it/s]
  4%|▍         | 3/79 [00:00<00:03, 23.45it/s]
  9%|▉         | 7/79 [00:00<00:02, 31.61it/s]
 14%|█▍        | 11/79 [00:00<00:01, 35.15it/s]
 19%|█▉        | 15/79 [00:00<00:01, 36.82it/s]
 25%|██▌       | 20/79 [00:00<00:01, 41.26it/s]
 32%|███▏      | 25/79 [00:00<00:01, 38.53it/s]
 39%|███▉      | 31/79 [00:00<00:01, 39.92it/s]
 47%|████▋     | 37/79 [00:00<00:01, 40.84it/s]
 54%|█████▍    | 43/79 [00:01<00:00, 41.48it/s]
 61%|██████    | 48/79 [00:01<00:00, 43.33it/s]
 67%|██████▋   | 53/79 [00:01<00:00, 41.47it/s]
 73%|███████▎  | 58/79 [00:01<00:00, 43.22it/s]
 80%|███████▉  | 63/79 [00:01<00:00, 41.93it/s]
 86%|████████▌ | 68/79 [00:01<00:00, 42.45it/s]
 92%|█████████▏| 73/79 [00:01<00:00, 42.79it/s]
 99%|█████████▊| 78/79 [00:01<00:00, 41.54it/s]
100%|██████████| 79/79 [00:01<00:00, 40.66it/s]

CommRound: 28/30
Accuracy: 87.97% | Loss: 0.6746
[########################################################----] 93.3%
Elapsed: 19.4m | Avg/Round: 41.5s | Last: 44.3s | Next: 41.5s | Remaining: 1.4m
ETA: 08:54:57
Recent round times: R1: 45.9s -> R2: 38.3s -> R3: 34.0s -> R4: 47.3s -> R5: 44.3s

  0%|          | 0/79 [00:00<?, ?it/s]
  4%|▍         | 3/79 [00:00<00:03, 23.53it/s]
 10%|█         | 8/79 [00:00<00:01, 37.30it/s]
 16%|█▋        | 13/79 [00:00<00:01, 36.06it/s]
 24%|██▍       | 19/79 [00:00<00:01, 38.30it/s]
 32%|███▏      | 25/79 [00:00<00:01, 39.73it/s]
 39%|███▉      | 31/79 [00:00<00:01, 40.53it/s]
 47%|████▋     | 37/79 [00:00<00:01, 40.91it/s]
 54%|█████▍    | 43/79 [00:01<00:00, 41.08it/s]
 62%|██████▏   | 49/79 [00:01<00:00, 41.25it/s]
 70%|██████▉   | 55/79 [00:01<00:00, 41.42it/s]
 77%|███████▋  | 61/79 [00:01<00:00, 41.53it/s]
 85%|████████▍ | 67/79 [00:01<00:00, 41.67it/s]
 92%|█████████▏| 73/79 [00:01<00:00, 41.66it/s]
100%|██████████| 79/79 [00:01<00:00, 45.49it/s]
100%|██████████| 79/79 [00:01<00:00, 41.05it/s]

CommRound: 29/30
Accuracy: 87.96% | Loss: 0.6781
[##########################################################--] 96.7%
Elapsed: 20.0m | Avg/Round: 41.4s | Last: 40.0s | Next: 41.4s | Remaining: 0.7m
ETA: 08:54:56
Recent round times: R1: 38.3s -> R2: 34.0s -> R3: 47.3s -> R4: 44.3s -> R5: 40.0s

  0%|          | 0/79 [00:00<?, ?it/s]
  4%|▍         | 3/79 [00:00<00:03, 22.58it/s]
  9%|▉         | 7/79 [00:00<00:02, 31.20it/s]
 16%|█▋        | 13/79 [00:00<00:01, 37.22it/s]
 23%|██▎       | 18/79 [00:00<00:01, 40.54it/s]
 29%|██▉       | 23/79 [00:00<00:01, 40.32it/s]
 35%|███▌      | 28/79 [00:00<00:01, 40.58it/s]
 42%|████▏     | 33/79 [00:00<00:01, 41.88it/s]
 48%|████▊     | 38/79 [00:00<00:01, 40.34it/s]
 54%|█████▍    | 43/79 [00:01<00:00, 42.90it/s]
 61%|██████    | 48/79 [00:01<00:00, 40.30it/s]
 68%|██████▊   | 54/79 [00:01<00:00, 40.67it/s]
 76%|███████▌  | 60/79 [00:01<00:00, 41.02it/s]
 84%|████████▎ | 66/79 [00:01<00:00, 41.27it/s]
 91%|█████████ | 72/79 [00:01<00:00, 41.42it/s]
 99%|█████████▊| 78/79 [00:01<00:00, 41.69it/s]
100%|██████████| 79/79 [00:01<00:00, 40.59it/s]

CommRound: 30/30
Accuracy: 88.03% | Loss: 0.6813
[############################################################] 100.0%
Elapsed: 20.8m | Avg/Round: 41.6s | Last: 47.4s | Next: 41.6s | Remaining: 0.0m
ETA: 08:55:02
Recent round times: R1: 34.0s -> R2: 47.3s -> R3: 44.3s -> R4: 40.0s -> R5: 47.4s
Total time for experiment: 1249.078705072403 seconds
Device average training time per communication round [s]:
    rpi (sld-rpi-09.ece.utexas.edu): 8.77 seconds
    mc1 (sld-mc1-09.ece.utexas.edu): 38.62 seconds
