Connecting to sld-rpi-09.ece.utexas.edu...
Successfully fetched dev0_pow_temp_log_exp100_run1.csv.
Connecting to sld-rpi-09.ece.utexas.edu...
Successfully fetched dev0_communication_log_exp100_run1.csv.
Connecting to sld-mc1-09.ece.utexas.edu...
Successfully fetched dev1_pow_temp_log_exp100_run1.csv.
Connecting to sld-mc1-09.ece.utexas.edu...
Successfully fetched dev1_communication_log_exp100_run1.csv.

Exp100
Experiment 100: 
	Global test accuracy [%]: 79.17 %
	No round found where all subsequent rounds have accuracy >= 90.00%.
	Average time per communication round [s]: 21.12 seconds
	Total wall clock time [s]: 149.82 seconds


Experiment 100:
	RPi avg. energy consumption per round [J]: 79.65 Joules
	MC1 avg. energy consumption per round [J]: 181.08 Joules
	Total avg. energy consumption per communication round [J]: 260.73 Joules
	Avg. amount of communicated data per communication round [MB]: 4.85 MB
	RPi avg. power consumption per round [W]: 5.56 Watts
	MC1 avg. power consumption per round [W]: 7.32 Watts
