Connecting to sld-rpi-09.ece.utexas.edu...
Successfully fetched dev0_pow_temp_log_exp195_run1.csv.
Connecting to sld-rpi-09.ece.utexas.edu...
Successfully fetched dev0_communication_log_exp195_run1.csv.
Connecting to sld-mc1-09.ece.utexas.edu...
Successfully fetched dev1_pow_temp_log_exp195_run1.csv.
Connecting to sld-mc1-09.ece.utexas.edu...
Successfully fetched dev1_communication_log_exp195_run1.csv.

Exp195
Experiment 195: 
	Global test accuracy [%]: 89.97 %
	No round found where all subsequent rounds have accuracy >= 90.00%.
	Average time per communication round [s]: 44.87 seconds
	Total wall clock time [s]: 1,642.30 seconds


Experiment 195:
	RPi avg. energy consumption per round [J]: 47.15 Joules
	MC1 avg. energy consumption per round [J]: 388.46 Joules
	Total avg. energy consumption per communication round [J]: 435.61 Joules
	Avg. amount of communicated data per communication round [MB]: 0.24 MB
	RPi avg. power consumption per round [W]: 5.53 Watts
	MC1 avg. power consumption per round [W]: 7.51 Watts
