
  0%|          | 0/79 [00:00<?, ?it/s]
  4%|▍         | 3/79 [00:00<00:03, 21.77it/s]
 10%|█         | 8/79 [00:00<00:02, 34.83it/s]
 15%|█▌        | 12/79 [00:00<00:01, 36.84it/s]
 22%|██▏       | 17/79 [00:00<00:01, 36.36it/s]
 28%|██▊       | 22/79 [00:00<00:01, 39.72it/s]
 34%|███▍      | 27/79 [00:00<00:01, 38.20it/s]
 41%|████      | 32/79 [00:00<00:01, 40.96it/s]
 47%|████▋     | 37/79 [00:00<00:01, 39.28it/s]
 53%|█████▎    | 42/79 [00:01<00:00, 40.49it/s]
 59%|█████▉    | 47/79 [00:01<00:00, 39.90it/s]
 66%|██████▌   | 52/79 [00:01<00:00, 41.17it/s]
 72%|███████▏  | 57/79 [00:01<00:00, 40.36it/s]
 78%|███████▊  | 62/79 [00:01<00:00, 41.04it/s]
 85%|████████▍ | 67/79 [00:01<00:00, 40.01it/s]
 91%|█████████ | 72/79 [00:01<00:00, 39.08it/s]
 96%|█████████▌| 76/79 [00:01<00:00, 38.85it/s]
100%|██████████| 79/79 [00:02<00:00, 39.18it/s]
Initial Accuracy: 14.65%; Initial Loss: 2.3487

  0%|          | 0/79 [00:00<?, ?it/s]
  4%|▍         | 3/79 [00:00<00:03, 21.89it/s]
  9%|▉         | 7/79 [00:00<00:02, 29.16it/s]
 14%|█▍        | 11/79 [00:00<00:02, 33.48it/s]
 19%|█▉        | 15/79 [00:00<00:01, 35.03it/s]
 24%|██▍       | 19/79 [00:00<00:01, 36.17it/s]
 29%|██▉       | 23/79 [00:00<00:01, 36.84it/s]
 34%|███▍      | 27/79 [00:00<00:01, 37.24it/s]
 39%|███▉      | 31/79 [00:00<00:01, 37.53it/s]
 44%|████▍     | 35/79 [00:00<00:01, 37.80it/s]
 49%|████▉     | 39/79 [00:01<00:01, 37.92it/s]
 54%|█████▍    | 43/79 [00:01<00:00, 37.95it/s]
 59%|█████▉    | 47/79 [00:01<00:00, 38.00it/s]
 65%|██████▍   | 51/79 [00:01<00:00, 38.08it/s]
 70%|██████▉   | 55/79 [00:01<00:00, 38.05it/s]
 75%|███████▍  | 59/79 [00:01<00:00, 38.28it/s]
 80%|███████▉  | 63/79 [00:01<00:00, 38.19it/s]
 85%|████████▍ | 67/79 [00:01<00:00, 38.41it/s]
 90%|████████▉ | 71/79 [00:01<00:00, 38.50it/s]
 95%|█████████▍| 75/79 [00:02<00:00, 38.81it/s]
100%|██████████| 79/79 [00:02<00:00, 37.54it/s]

CommRound: 1/30
Accuracy: 68.04% | Loss: 0.9278
[##----------------------------------------------------------] 3.3%
Elapsed: 0.8m | Avg/Round: 46.2s | Last: 44.1s | Next: 46.2s | Remaining: 22.3m
ETA: 05:45:41
Recent round times: R1: 44.1s

  0%|          | 0/79 [00:00<?, ?it/s]
  1%|▏         | 1/79 [00:00<00:07,  9.83it/s]
  8%|▊         | 6/79 [00:00<00:02, 32.26it/s]
 13%|█▎        | 10/79 [00:00<00:01, 34.73it/s]
 18%|█▊        | 14/79 [00:00<00:01, 36.42it/s]
 23%|██▎       | 18/79 [00:00<00:01, 36.69it/s]
 28%|██▊       | 22/79 [00:00<00:01, 37.01it/s]
 33%|███▎      | 26/79 [00:00<00:01, 37.61it/s]
 38%|███▊      | 30/79 [00:00<00:01, 37.77it/s]
 43%|████▎     | 34/79 [00:00<00:01, 37.59it/s]
 48%|████▊     | 38/79 [00:01<00:01, 37.15it/s]
 53%|█████▎    | 42/79 [00:01<00:00, 37.38it/s]
 59%|█████▉    | 47/79 [00:01<00:00, 36.82it/s]
 66%|██████▌   | 52/79 [00:01<00:00, 39.58it/s]
 71%|███████   | 56/79 [00:01<00:00, 39.18it/s]
 76%|███████▌  | 60/79 [00:01<00:00, 38.88it/s]
 81%|████████  | 64/79 [00:01<00:00, 38.48it/s]
 86%|████████▌ | 68/79 [00:01<00:00, 38.20it/s]
 91%|█████████ | 72/79 [00:01<00:00, 38.19it/s]
 96%|█████████▌| 76/79 [00:02<00:00, 38.44it/s]
100%|██████████| 79/79 [00:02<00:00, 37.38it/s]

CommRound: 2/30
Accuracy: 77.97% | Loss: 0.6997
[####--------------------------------------------------------] 6.7%
Elapsed: 1.5m | Avg/Round: 45.0s | Last: 43.9s | Next: 45.0s | Remaining: 21.0m
ETA: 05:45:07
Recent round times: R1: 44.1s -> R2: 43.9s

  0%|          | 0/79 [00:00<?, ?it/s]
  3%|▎         | 2/79 [00:00<00:03, 19.46it/s]
  8%|▊         | 6/79 [00:00<00:02, 31.37it/s]
 13%|█▎        | 10/79 [00:00<00:02, 33.65it/s]
 18%|█▊        | 14/79 [00:00<00:01, 34.91it/s]
 23%|██▎       | 18/79 [00:00<00:01, 36.15it/s]
 28%|██▊       | 22/79 [00:00<00:01, 36.87it/s]
 33%|███▎      | 26/79 [00:00<00:01, 37.42it/s]
 38%|███▊      | 30/79 [00:00<00:01, 37.92it/s]
 43%|████▎     | 34/79 [00:00<00:01, 38.02it/s]
 48%|████▊     | 38/79 [00:01<00:01, 37.89it/s]
 53%|█████▎    | 42/79 [00:01<00:00, 37.59it/s]
 58%|█████▊    | 46/79 [00:01<00:00, 37.35it/s]
 63%|██████▎   | 50/79 [00:01<00:00, 37.82it/s]
 68%|██████▊   | 54/79 [00:01<00:00, 37.65it/s]
 73%|███████▎  | 58/79 [00:01<00:00, 37.58it/s]
 78%|███████▊  | 62/79 [00:01<00:00, 37.12it/s]
 84%|████████▎ | 66/79 [00:01<00:00, 37.91it/s]
 89%|████████▊ | 70/79 [00:01<00:00, 38.08it/s]
 94%|█████████▎| 74/79 [00:02<00:00, 38.11it/s]
 99%|█████████▊| 78/79 [00:02<00:00, 38.34it/s]
100%|██████████| 79/79 [00:02<00:00, 37.08it/s]

CommRound: 3/30
Accuracy: 81.41% | Loss: 0.6181
[######------------------------------------------------------] 10.0%
Elapsed: 2.3m | Avg/Round: 45.4s | Last: 46.1s | Next: 45.4s | Remaining: 20.4m
ETA: 05:45:18
Recent round times: R1: 44.1s -> R2: 43.9s -> R3: 46.1s

  0%|          | 0/79 [00:00<?, ?it/s]
  3%|▎         | 2/79 [00:00<00:03, 19.28it/s]
  9%|▉         | 7/79 [00:00<00:02, 30.63it/s]
 14%|█▍        | 11/79 [00:00<00:02, 31.43it/s]
 19%|█▉        | 15/79 [00:00<00:01, 32.45it/s]
 24%|██▍       | 19/79 [00:00<00:01, 32.48it/s]
 29%|██▉       | 23/79 [00:00<00:01, 32.67it/s]
 34%|███▍      | 27/79 [00:00<00:01, 33.25it/s]
 39%|███▉      | 31/79 [00:00<00:01, 33.54it/s]
 44%|████▍     | 35/79 [00:01<00:01, 33.56it/s]
 49%|████▉     | 39/79 [00:01<00:01, 33.74it/s]
 54%|█████▍    | 43/79 [00:01<00:01, 33.98it/s]
 59%|█████▉    | 47/79 [00:01<00:00, 34.03it/s]
 65%|██████▍   | 51/79 [00:01<00:00, 34.01it/s]
 70%|██████▉   | 55/79 [00:01<00:00, 33.94it/s]
 75%|███████▍  | 59/79 [00:01<00:00, 33.98it/s]
 80%|███████▉  | 63/79 [00:01<00:00, 33.93it/s]
 85%|████████▍ | 67/79 [00:02<00:00, 33.86it/s]
 90%|████████▉ | 71/79 [00:02<00:00, 34.54it/s]
 95%|█████████▍| 75/79 [00:02<00:00, 35.80it/s]
100%|██████████| 79/79 [00:02<00:00, 34.20it/s]

CommRound: 4/30
Accuracy: 81.83% | Loss: 0.6304
[########----------------------------------------------------] 13.3%
Elapsed: 3.0m | Avg/Round: 45.5s | Last: 45.9s | Next: 45.5s | Remaining: 19.7m
ETA: 05:45:22
Recent round times: R1: 44.1s -> R2: 43.9s -> R3: 46.1s -> R4: 45.9s

  0%|          | 0/79 [00:00<?, ?it/s]
  1%|▏         | 1/79 [00:00<00:08,  9.09it/s]
  6%|▋         | 5/79 [00:00<00:02, 25.91it/s]
 13%|█▎        | 10/79 [00:00<00:01, 35.51it/s]
 18%|█▊        | 14/79 [00:00<00:01, 37.21it/s]
 23%|██▎       | 18/79 [00:00<00:01, 36.96it/s]
 28%|██▊       | 22/79 [00:00<00:01, 36.92it/s]
 33%|███▎      | 26/79 [00:00<00:01, 37.60it/s]
 38%|███▊      | 30/79 [00:00<00:01, 37.61it/s]
 43%|████▎     | 34/79 [00:00<00:01, 37.55it/s]
 48%|████▊     | 38/79 [00:01<00:01, 37.70it/s]
 53%|█████▎    | 42/79 [00:01<00:00, 37.71it/s]
 58%|█████▊    | 46/79 [00:01<00:00, 37.25it/s]
 63%|██████▎   | 50/79 [00:01<00:00, 38.01it/s]
 68%|██████▊   | 54/79 [00:01<00:00, 37.84it/s]
 73%|███████▎  | 58/79 [00:01<00:00, 37.76it/s]
 78%|███████▊  | 62/79 [00:01<00:00, 37.78it/s]
 84%|████████▎ | 66/79 [00:01<00:00, 37.80it/s]
 89%|████████▊ | 70/79 [00:01<00:00, 37.97it/s]
 94%|█████████▎| 74/79 [00:02<00:00, 37.84it/s]
 99%|█████████▊| 78/79 [00:02<00:00, 37.86it/s]
100%|██████████| 79/79 [00:02<00:00, 36.96it/s]

CommRound: 5/30
Accuracy: 81.33% | Loss: 0.6864
[##########--------------------------------------------------] 16.7%
Elapsed: 3.7m | Avg/Round: 45.0s | Last: 42.7s | Next: 45.0s | Remaining: 18.7m
ETA: 05:45:05
Recent round times: R1: 44.1s -> R2: 43.9s -> R3: 46.1s -> R4: 45.9s -> R5: 42.7s

  0%|          | 0/79 [00:00<?, ?it/s]
  3%|▎         | 2/79 [00:00<00:04, 18.98it/s]
  8%|▊         | 6/79 [00:00<00:02, 30.87it/s]
 14%|█▍        | 11/79 [00:00<00:01, 34.78it/s]
 19%|█▉        | 15/79 [00:00<00:01, 35.47it/s]
 24%|██▍       | 19/79 [00:00<00:01, 36.08it/s]
 29%|██▉       | 23/79 [00:00<00:01, 36.56it/s]
 34%|███▍      | 27/79 [00:00<00:01, 37.14it/s]
 39%|███▉      | 31/79 [00:00<00:01, 37.41it/s]
 44%|████▍     | 35/79 [00:00<00:01, 37.63it/s]
 49%|████▉     | 39/79 [00:01<00:01, 38.18it/s]
 54%|█████▍    | 43/79 [00:01<00:00, 38.53it/s]
 59%|█████▉    | 47/79 [00:01<00:00, 38.61it/s]
 65%|██████▍   | 51/79 [00:01<00:00, 37.95it/s]
 70%|██████▉   | 55/79 [00:01<00:00, 37.75it/s]
 75%|███████▍  | 59/79 [00:01<00:00, 37.45it/s]
 80%|███████▉  | 63/79 [00:01<00:00, 37.62it/s]
 85%|████████▍ | 67/79 [00:01<00:00, 37.29it/s]
 90%|████████▉ | 71/79 [00:01<00:00, 37.49it/s]
 95%|█████████▍| 75/79 [00:02<00:00, 37.42it/s]
100%|██████████| 79/79 [00:02<00:00, 37.36it/s]

CommRound: 6/30
Accuracy: 83.46% | Loss: 0.6038
[############------------------------------------------------] 20.0%
Elapsed: 4.5m | Avg/Round: 44.7s | Last: 43.2s | Next: 44.7s | Remaining: 17.9m
ETA: 05:44:56
Recent round times: R1: 43.9s -> R2: 46.1s -> R3: 45.9s -> R4: 42.7s -> R5: 43.2s

  0%|          | 0/79 [00:00<?, ?it/s]
  3%|▎         | 2/79 [00:00<00:04, 18.69it/s]
  8%|▊         | 6/79 [00:00<00:02, 29.21it/s]
 13%|█▎        | 10/79 [00:00<00:02, 31.89it/s]
 18%|█▊        | 14/79 [00:00<00:01, 33.52it/s]
 23%|██▎       | 18/79 [00:00<00:01, 34.47it/s]
 28%|██▊       | 22/79 [00:00<00:01, 35.13it/s]
 33%|███▎      | 26/79 [00:00<00:01, 35.66it/s]
 38%|███▊      | 30/79 [00:00<00:01, 36.02it/s]
 43%|████▎     | 34/79 [00:00<00:01, 36.16it/s]
 48%|████▊     | 38/79 [00:01<00:01, 36.44it/s]
 53%|█████▎    | 42/79 [00:01<00:01, 36.58it/s]
 58%|█████▊    | 46/79 [00:01<00:00, 36.54it/s]
 63%|██████▎   | 50/79 [00:01<00:00, 35.90it/s]
 68%|██████▊   | 54/79 [00:01<00:00, 35.39it/s]
 73%|███████▎  | 58/79 [00:01<00:00, 34.92it/s]
 78%|███████▊  | 62/79 [00:01<00:00, 34.63it/s]
 84%|████████▎ | 66/79 [00:01<00:00, 33.64it/s]
 89%|████████▊ | 70/79 [00:02<00:00, 34.42it/s]
 94%|█████████▎| 74/79 [00:02<00:00, 34.27it/s]
 99%|█████████▊| 78/79 [00:02<00:00, 34.25it/s]
100%|██████████| 79/79 [00:02<00:00, 34.64it/s]

CommRound: 7/30
Accuracy: 84.17% | Loss: 0.5895
[##############----------------------------------------------] 23.3%
Elapsed: 5.2m | Avg/Round: 44.9s | Last: 46.3s | Next: 44.9s | Remaining: 17.2m
ETA: 05:45:03
Recent round times: R1: 46.1s -> R2: 45.9s -> R3: 42.7s -> R4: 43.2s -> R5: 46.3s

  0%|          | 0/79 [00:00<?, ?it/s]
  3%|▎         | 2/79 [00:00<00:03, 19.46it/s]
  8%|▊         | 6/79 [00:00<00:02, 28.38it/s]
 13%|█▎        | 10/79 [00:00<00:02, 32.46it/s]
 18%|█▊        | 14/79 [00:00<00:01, 35.08it/s]
 23%|██▎       | 18/79 [00:00<00:01, 36.69it/s]
 29%|██▉       | 23/79 [00:00<00:01, 36.97it/s]
 35%|███▌      | 28/79 [00:00<00:01, 38.69it/s]
 42%|████▏     | 33/79 [00:00<00:01, 38.21it/s]
 47%|████▋     | 37/79 [00:01<00:01, 38.51it/s]
 52%|█████▏    | 41/79 [00:01<00:00, 38.76it/s]
 57%|█████▋    | 45/79 [00:01<00:00, 38.90it/s]
 63%|██████▎   | 50/79 [00:01<00:00, 41.17it/s]
 70%|██████▉   | 55/79 [00:01<00:00, 38.83it/s]
 75%|███████▍  | 59/79 [00:01<00:00, 38.87it/s]
 80%|███████▉  | 63/79 [00:01<00:00, 38.99it/s]
 85%|████████▍ | 67/79 [00:01<00:00, 38.73it/s]
 90%|████████▉ | 71/79 [00:01<00:00, 38.73it/s]
 95%|█████████▍| 75/79 [00:01<00:00, 38.52it/s]
100%|██████████| 79/79 [00:02<00:00, 38.15it/s]

CommRound: 8/30
Accuracy: 85.45% | Loss: 0.5471
[################--------------------------------------------] 26.7%
Elapsed: 5.9m | Avg/Round: 44.5s | Last: 41.7s | Next: 44.5s | Remaining: 16.3m
ETA: 05:44:51
Recent round times: R1: 45.9s -> R2: 42.7s -> R3: 43.2s -> R4: 46.3s -> R5: 41.7s

  0%|          | 0/79 [00:00<?, ?it/s]
  4%|▍         | 3/79 [00:00<00:03, 22.41it/s]
 10%|█         | 8/79 [00:00<00:01, 35.80it/s]
 16%|█▋        | 13/79 [00:00<00:01, 35.70it/s]
 22%|██▏       | 17/79 [00:00<00:01, 36.47it/s]
 27%|██▋       | 21/79 [00:00<00:01, 37.11it/s]
 32%|███▏      | 25/79 [00:00<00:01, 37.28it/s]
 37%|███▋      | 29/79 [00:00<00:01, 37.47it/s]
 42%|████▏     | 33/79 [00:00<00:01, 37.50it/s]
 47%|████▋     | 37/79 [00:01<00:01, 37.65it/s]
 52%|█████▏    | 41/79 [00:01<00:01, 37.50it/s]
 57%|█████▋    | 45/79 [00:01<00:00, 37.46it/s]
 62%|██████▏   | 49/79 [00:01<00:00, 37.43it/s]
 67%|██████▋   | 53/79 [00:01<00:00, 37.23it/s]
 72%|███████▏  | 57/79 [00:01<00:00, 37.12it/s]
 77%|███████▋  | 61/79 [00:01<00:00, 36.87it/s]
 82%|████████▏ | 65/79 [00:01<00:00, 36.11it/s]
 87%|████████▋ | 69/79 [00:01<00:00, 35.47it/s]
 92%|█████████▏| 73/79 [00:02<00:00, 34.98it/s]
 97%|█████████▋| 77/79 [00:02<00:00, 34.41it/s]
100%|██████████| 79/79 [00:02<00:00, 35.81it/s]

CommRound: 9/30
Accuracy: 86.10% | Loss: 0.5335
[##################------------------------------------------] 30.0%
Elapsed: 6.6m | Avg/Round: 44.2s | Last: 42.2s | Next: 44.2s | Remaining: 15.5m
ETA: 05:44:43
Recent round times: R1: 42.7s -> R2: 43.2s -> R3: 46.3s -> R4: 41.7s -> R5: 42.2s

  0%|          | 0/79 [00:00<?, ?it/s]
  3%|▎         | 2/79 [00:00<00:04, 18.67it/s]
  9%|▉         | 7/79 [00:00<00:02, 29.38it/s]
 14%|█▍        | 11/79 [00:00<00:02, 32.49it/s]
 19%|█▉        | 15/79 [00:00<00:01, 34.50it/s]
 24%|██▍       | 19/79 [00:00<00:01, 35.61it/s]
 29%|██▉       | 23/79 [00:00<00:01, 36.40it/s]
 34%|███▍      | 27/79 [00:00<00:01, 37.23it/s]
 39%|███▉      | 31/79 [00:00<00:01, 37.61it/s]
 44%|████▍     | 35/79 [00:00<00:01, 37.65it/s]
 49%|████▉     | 39/79 [00:01<00:01, 37.67it/s]
 54%|█████▍    | 43/79 [00:01<00:01, 35.25it/s]
 59%|█████▉    | 47/79 [00:01<00:00, 35.78it/s]
 65%|██████▍   | 51/79 [00:01<00:00, 36.38it/s]
 70%|██████▉   | 55/79 [00:01<00:00, 36.71it/s]
 75%|███████▍  | 59/79 [00:01<00:00, 36.95it/s]
 80%|███████▉  | 63/79 [00:01<00:00, 37.26it/s]
 85%|████████▍ | 67/79 [00:01<00:00, 37.44it/s]
 90%|████████▉ | 71/79 [00:01<00:00, 37.78it/s]
 95%|█████████▍| 75/79 [00:02<00:00, 37.43it/s]
100%|██████████| 79/79 [00:02<00:00, 36.58it/s]

CommRound: 10/30
Accuracy: 85.11% | Loss: 0.5854
[####################----------------------------------------] 33.3%
Elapsed: 7.4m | Avg/Round: 44.5s | Last: 46.5s | Next: 44.5s | Remaining: 14.8m
ETA: 05:44:50
Recent round times: R1: 43.2s -> R2: 46.3s -> R3: 41.7s -> R4: 42.2s -> R5: 46.5s

  0%|          | 0/79 [00:00<?, ?it/s]
  1%|▏         | 1/79 [00:00<00:09,  8.31it/s]
  8%|▊         | 6/79 [00:00<00:02, 30.07it/s]
 13%|█▎        | 10/79 [00:00<00:02, 33.77it/s]
 18%|█▊        | 14/79 [00:00<00:01, 34.54it/s]
 24%|██▍       | 19/79 [00:00<00:01, 34.30it/s]
 29%|██▉       | 23/79 [00:00<00:01, 35.67it/s]
 34%|███▍      | 27/79 [00:00<00:01, 36.88it/s]
 39%|███▉      | 31/79 [00:00<00:01, 37.62it/s]
 44%|████▍     | 35/79 [00:00<00:01, 38.32it/s]
 51%|█████     | 40/79 [00:01<00:00, 41.47it/s]
 57%|█████▋    | 45/79 [00:01<00:00, 38.54it/s]
 62%|██████▏   | 49/79 [00:01<00:00, 38.79it/s]
 67%|██████▋   | 53/79 [00:01<00:00, 39.05it/s]
 73%|███████▎  | 58/79 [00:01<00:00, 41.87it/s]
 80%|███████▉  | 63/79 [00:01<00:00, 38.95it/s]
 85%|████████▍ | 67/79 [00:01<00:00, 38.98it/s]
 90%|████████▉ | 71/79 [00:01<00:00, 38.98it/s]
 95%|█████████▍| 75/79 [00:02<00:00, 38.62it/s]
100%|██████████| 79/79 [00:02<00:00, 37.82it/s]

CommRound: 11/30
Accuracy: 85.31% | Loss: 0.5867
[######################--------------------------------------] 36.7%
Elapsed: 8.2m | Avg/Round: 44.5s | Last: 44.4s | Next: 44.5s | Remaining: 14.1m
ETA: 05:44:50
Recent round times: R1: 46.3s -> R2: 41.7s -> R3: 42.2s -> R4: 46.5s -> R5: 44.4s

  0%|          | 0/79 [00:00<?, ?it/s]
  3%|▎         | 2/79 [00:00<00:03, 19.53it/s]
  8%|▊         | 6/79 [00:00<00:02, 31.24it/s]
 13%|█▎        | 10/79 [00:00<00:02, 34.39it/s]
 18%|█▊        | 14/79 [00:00<00:01, 35.66it/s]
 23%|██▎       | 18/79 [00:00<00:01, 36.58it/s]
 28%|██▊       | 22/79 [00:00<00:01, 36.93it/s]
 33%|███▎      | 26/79 [00:00<00:01, 37.38it/s]
 38%|███▊      | 30/79 [00:00<00:01, 37.69it/s]
 43%|████▎     | 34/79 [00:00<00:01, 37.74it/s]
 48%|████▊     | 38/79 [00:01<00:01, 37.80it/s]
 53%|█████▎    | 42/79 [00:01<00:00, 37.85it/s]
 58%|█████▊    | 46/79 [00:01<00:00, 38.01it/s]
 63%|██████▎   | 50/79 [00:01<00:00, 37.92it/s]
 68%|██████▊   | 54/79 [00:01<00:00, 38.01it/s]
 73%|███████▎  | 58/79 [00:01<00:00, 38.13it/s]
 78%|███████▊  | 62/79 [00:01<00:00, 38.19it/s]
 84%|████████▎ | 66/79 [00:01<00:00, 38.05it/s]
 89%|████████▊ | 70/79 [00:01<00:00, 37.89it/s]
 94%|█████████▎| 74/79 [00:01<00:00, 37.71it/s]
 99%|█████████▊| 78/79 [00:02<00:00, 37.22it/s]
100%|██████████| 79/79 [00:02<00:00, 37.17it/s]

CommRound: 12/30
Accuracy: 85.41% | Loss: 0.5877
[########################------------------------------------] 40.0%
Elapsed: 8.9m | Avg/Round: 44.4s | Last: 44.2s | Next: 44.4s | Remaining: 13.3m
ETA: 05:44:49
Recent round times: R1: 41.7s -> R2: 42.2s -> R3: 46.5s -> R4: 44.4s -> R5: 44.2s

  0%|          | 0/79 [00:00<?, ?it/s]
  3%|▎         | 2/79 [00:00<00:04, 18.94it/s]
  8%|▊         | 6/79 [00:00<00:02, 27.33it/s]
 13%|█▎        | 10/79 [00:00<00:02, 29.75it/s]
 18%|█▊        | 14/79 [00:00<00:02, 31.20it/s]
 23%|██▎       | 18/79 [00:00<00:01, 31.65it/s]
 28%|██▊       | 22/79 [00:00<00:01, 33.31it/s]
 34%|███▍      | 27/79 [00:00<00:01, 37.69it/s]
 39%|███▉      | 31/79 [00:00<00:01, 38.11it/s]
 44%|████▍     | 35/79 [00:01<00:01, 38.56it/s]
 51%|█████     | 40/79 [00:01<00:01, 37.20it/s]
 56%|█████▌    | 44/79 [00:01<00:00, 37.96it/s]
 62%|██████▏   | 49/79 [00:01<00:00, 40.73it/s]
 68%|██████▊   | 54/79 [00:01<00:00, 38.53it/s]
 73%|███████▎  | 58/79 [00:01<00:00, 38.68it/s]
 78%|███████▊  | 62/79 [00:01<00:00, 38.56it/s]
 84%|████████▎ | 66/79 [00:01<00:00, 38.93it/s]
 90%|████████▉ | 71/79 [00:01<00:00, 40.73it/s]
 96%|█████████▌| 76/79 [00:02<00:00, 39.27it/s]
100%|██████████| 79/79 [00:02<00:00, 37.04it/s]

CommRound: 13/30
Accuracy: 85.51% | Loss: 0.5887
[##########################----------------------------------] 43.3%
Elapsed: 9.6m | Avg/Round: 44.5s | Last: 45.3s | Next: 44.5s | Remaining: 12.6m
ETA: 05:44:51
Recent round times: R1: 42.2s -> R2: 46.5s -> R3: 44.4s -> R4: 44.2s -> R5: 45.3s

  0%|          | 0/79 [00:00<?, ?it/s]
  3%|▎         | 2/79 [00:00<00:04, 18.41it/s]
  9%|▉         | 7/79 [00:00<00:02, 29.15it/s]
 14%|█▍        | 11/79 [00:00<00:02, 32.14it/s]
 19%|█▉        | 15/79 [00:00<00:01, 33.70it/s]
 24%|██▍       | 19/79 [00:00<00:01, 35.09it/s]
 29%|██▉       | 23/79 [00:00<00:01, 36.04it/s]
 34%|███▍      | 27/79 [00:00<00:01, 36.57it/s]
 39%|███▉      | 31/79 [00:00<00:01, 36.93it/s]
 44%|████▍     | 35/79 [00:01<00:01, 37.22it/s]
 49%|████▉     | 39/79 [00:01<00:01, 37.30it/s]
 54%|█████▍    | 43/79 [00:01<00:00, 37.23it/s]
 59%|█████▉    | 47/79 [00:01<00:00, 37.41it/s]
 65%|██████▍   | 51/79 [00:01<00:00, 37.39it/s]
 70%|██████▉   | 55/79 [00:01<00:00, 37.44it/s]
 75%|███████▍  | 59/79 [00:01<00:00, 37.65it/s]
 80%|███████▉  | 63/79 [00:01<00:00, 37.62it/s]
 85%|████████▍ | 67/79 [00:01<00:00, 37.50it/s]
 90%|████████▉ | 71/79 [00:01<00:00, 37.38it/s]
 95%|█████████▍| 75/79 [00:02<00:00, 37.22it/s]
100%|██████████| 79/79 [00:02<00:00, 36.80it/s]

CommRound: 14/30
Accuracy: 85.61% | Loss: 0.5897
[############################--------------------------------] 46.7%
Elapsed: 10.3m | Avg/Round: 44.3s | Last: 42.1s | Next: 44.3s | Remaining: 11.8m
ETA: 05:44:46
Recent round times: R1: 46.5s -> R2: 44.4s -> R3: 44.2s -> R4: 45.3s -> R5: 42.1s

  0%|          | 0/79 [00:00<?, ?it/s]
  4%|▍         | 3/79 [00:00<00:03, 22.14it/s]
  9%|▉         | 7/79 [00:00<00:02, 30.33it/s]
 14%|█▍        | 11/79 [00:00<00:02, 33.59it/s]
 19%|█▉        | 15/79 [00:00<00:01, 35.17it/s]
 24%|██▍       | 19/79 [00:00<00:01, 36.24it/s]
 29%|██▉       | 23/79 [00:00<00:01, 36.76it/s]
 34%|███▍      | 27/79 [00:00<00:01, 37.59it/s]
 39%|███▉      | 31/79 [00:00<00:01, 38.00it/s]
 46%|████▌     | 36/79 [00:00<00:01, 41.33it/s]
 52%|█████▏    | 41/79 [00:01<00:00, 38.70it/s]
 58%|█████▊    | 46/79 [00:01<00:00, 40.88it/s]
 65%|██████▍   | 51/79 [00:01<00:00, 38.86it/s]
 70%|██████▉   | 55/79 [00:01<00:00, 38.93it/s]
 75%|███████▍  | 59/79 [00:01<00:00, 39.04it/s]
 80%|███████▉  | 63/79 [00:01<00:00, 39.19it/s]
 85%|████████▍ | 67/79 [00:01<00:00, 38.90it/s]
 91%|█████████ | 72/79 [00:01<00:00, 37.41it/s]
 96%|█████████▌| 76/79 [00:02<00:00, 37.26it/s]
100%|██████████| 79/79 [00:02<00:00, 37.53it/s]

CommRound: 15/30
Accuracy: 85.67% | Loss: 0.5916
[##############################------------------------------] 50.0%
Elapsed: 11.1m | Avg/Round: 44.2s | Last: 42.8s | Next: 44.2s | Remaining: 11.1m
ETA: 05:44:43
Recent round times: R1: 44.4s -> R2: 44.2s -> R3: 45.3s -> R4: 42.1s -> R5: 42.8s

  0%|          | 0/79 [00:00<?, ?it/s]
  1%|▏         | 1/79 [00:00<00:07, 10.00it/s]
  6%|▋         | 5/79 [00:00<00:02, 27.40it/s]
 11%|█▏        | 9/79 [00:00<00:02, 32.61it/s]
 16%|█▋        | 13/79 [00:00<00:01, 35.33it/s]
 23%|██▎       | 18/79 [00:00<00:01, 34.96it/s]
 28%|██▊       | 22/79 [00:00<00:01, 35.37it/s]
 33%|███▎      | 26/79 [00:00<00:01, 35.59it/s]
 38%|███▊      | 30/79 [00:00<00:01, 36.38it/s]
 43%|████▎     | 34/79 [00:00<00:01, 37.36it/s]
 48%|████▊     | 38/79 [00:01<00:01, 38.00it/s]
 53%|█████▎    | 42/79 [00:01<00:00, 38.52it/s]
 59%|█████▉    | 47/79 [00:01<00:00, 39.45it/s]
 65%|██████▍   | 51/79 [00:01<00:00, 38.68it/s]
 70%|██████▉   | 55/79 [00:01<00:00, 38.14it/s]
 75%|███████▍  | 59/79 [00:01<00:00, 37.90it/s]
 80%|███████▉  | 63/79 [00:01<00:00, 37.90it/s]
 85%|████████▍ | 67/79 [00:01<00:00, 38.19it/s]
 90%|████████▉ | 71/79 [00:01<00:00, 37.97it/s]
 95%|█████████▍| 75/79 [00:02<00:00, 37.74it/s]
100%|██████████| 79/79 [00:02<00:00, 36.91it/s]

CommRound: 16/30
Accuracy: 85.76% | Loss: 0.5941
[################################----------------------------] 53.3%
Elapsed: 11.8m | Avg/Round: 44.4s | Last: 46.7s | Next: 44.4s | Remaining: 10.4m
ETA: 05:44:48
Recent round times: R1: 44.2s -> R2: 45.3s -> R3: 42.1s -> R4: 42.8s -> R5: 46.7s

  0%|          | 0/79 [00:00<?, ?it/s]
  3%|▎         | 2/79 [00:00<00:04, 19.11it/s]
  9%|▉         | 7/79 [00:00<00:02, 30.51it/s]
 14%|█▍        | 11/79 [00:00<00:01, 34.26it/s]
 19%|█▉        | 15/79 [00:00<00:01, 36.03it/s]
 24%|██▍       | 19/79 [00:00<00:01, 36.97it/s]
 29%|██▉       | 23/79 [00:00<00:01, 37.39it/s]
 34%|███▍      | 27/79 [00:00<00:01, 37.58it/s]
 39%|███▉      | 31/79 [00:00<00:01, 37.82it/s]
 44%|████▍     | 35/79 [00:00<00:01, 38.01it/s]
 49%|████▉     | 39/79 [00:01<00:01, 38.18it/s]
 54%|█████▍    | 43/79 [00:01<00:00, 38.18it/s]
 59%|█████▉    | 47/79 [00:01<00:00, 38.18it/s]
 65%|██████▍   | 51/79 [00:01<00:00, 38.21it/s]
 70%|██████▉   | 55/79 [00:01<00:00, 38.11it/s]
 75%|███████▍  | 59/79 [00:01<00:00, 38.02it/s]
 80%|███████▉  | 63/79 [00:01<00:00, 38.00it/s]
 85%|████████▍ | 67/79 [00:01<00:00, 37.93it/s]
 90%|████████▉ | 71/79 [00:01<00:00, 38.18it/s]
 95%|█████████▍| 75/79 [00:02<00:00, 38.28it/s]
100%|██████████| 79/79 [00:02<00:00, 37.76it/s]

CommRound: 17/30
Accuracy: 85.81% | Loss: 0.5969
[##################################--------------------------] 56.7%
Elapsed: 12.5m | Avg/Round: 44.2s | Last: 41.8s | Next: 44.2s | Remaining: 9.6m
ETA: 05:44:43
Recent round times: R1: 45.3s -> R2: 42.1s -> R3: 42.8s -> R4: 46.7s -> R5: 41.8s

  0%|          | 0/79 [00:00<?, ?it/s]
  3%|▎         | 2/79 [00:00<00:03, 19.58it/s]
  6%|▋         | 5/79 [00:00<00:03, 21.50it/s]
 11%|█▏        | 9/79 [00:00<00:02, 27.63it/s]
 16%|█▋        | 13/79 [00:00<00:02, 30.99it/s]
 23%|██▎       | 18/79 [00:00<00:01, 36.62it/s]
 28%|██▊       | 22/79 [00:00<00:01, 37.10it/s]
 33%|███▎      | 26/79 [00:00<00:01, 36.83it/s]
 39%|███▉      | 31/79 [00:00<00:01, 36.32it/s]
 44%|████▍     | 35/79 [00:01<00:01, 36.46it/s]
 49%|████▉     | 39/79 [00:01<00:01, 36.81it/s]
 54%|█████▍    | 43/79 [00:01<00:00, 36.75it/s]
 59%|█████▉    | 47/79 [00:01<00:00, 36.64it/s]
 65%|██████▍   | 51/79 [00:01<00:00, 36.62it/s]
 70%|██████▉   | 55/79 [00:01<00:00, 36.47it/s]
 75%|███████▍  | 59/79 [00:01<00:00, 36.93it/s]
 80%|███████▉  | 63/79 [00:01<00:00, 36.85it/s]
 85%|████████▍ | 67/79 [00:01<00:00, 36.49it/s]
 90%|████████▉ | 71/79 [00:02<00:00, 36.20it/s]
 95%|█████████▍| 75/79 [00:02<00:00, 35.82it/s]
100%|██████████| 79/79 [00:02<00:00, 35.68it/s]

CommRound: 18/30
Accuracy: 85.85% | Loss: 0.5998
[####################################------------------------] 60.0%
Elapsed: 13.2m | Avg/Round: 44.1s | Last: 42.5s | Next: 44.1s | Remaining: 8.8m
ETA: 05:44:40
Recent round times: R1: 42.1s -> R2: 42.8s -> R3: 46.7s -> R4: 41.8s -> R5: 42.5s

  0%|          | 0/79 [00:00<?, ?it/s]
  1%|▏         | 1/79 [00:00<00:09,  8.23it/s]
  8%|▊         | 6/79 [00:00<00:02, 29.60it/s]
 13%|█▎        | 10/79 [00:00<00:02, 31.45it/s]
 18%|█▊        | 14/79 [00:00<00:01, 33.52it/s]
 23%|██▎       | 18/79 [00:00<00:01, 34.61it/s]
 28%|██▊       | 22/79 [00:00<00:01, 35.72it/s]
 33%|███▎      | 26/79 [00:00<00:01, 34.76it/s]
 38%|███▊      | 30/79 [00:00<00:01, 35.51it/s]
 43%|████▎     | 34/79 [00:01<00:01, 35.32it/s]
 48%|████▊     | 38/79 [00:01<00:01, 34.75it/s]
 53%|█████▎    | 42/79 [00:01<00:01, 36.00it/s]
 58%|█████▊    | 46/79 [00:01<00:00, 36.22it/s]
 63%|██████▎   | 50/79 [00:01<00:00, 36.97it/s]
 68%|██████▊   | 54/79 [00:01<00:00, 36.59it/s]
 73%|███████▎  | 58/79 [00:01<00:00, 37.00it/s]
 78%|███████▊  | 62/79 [00:01<00:00, 37.43it/s]
 84%|████████▎ | 66/79 [00:01<00:00, 37.71it/s]
 89%|████████▊ | 70/79 [00:01<00:00, 37.88it/s]
 94%|█████████▎| 74/79 [00:02<00:00, 38.48it/s]
 99%|█████████▊| 78/79 [00:02<00:00, 38.48it/s]
100%|██████████| 79/79 [00:02<00:00, 35.85it/s]

CommRound: 19/30
Accuracy: 85.89% | Loss: 0.6027
[######################################----------------------] 63.3%
Elapsed: 13.9m | Avg/Round: 44.0s | Last: 42.1s | Next: 44.0s | Remaining: 8.1m
ETA: 05:44:37
Recent round times: R1: 42.8s -> R2: 46.7s -> R3: 41.8s -> R4: 42.5s -> R5: 42.1s

  0%|          | 0/79 [00:00<?, ?it/s]
  1%|▏         | 1/79 [00:00<00:07,  9.90it/s]
  6%|▋         | 5/79 [00:00<00:03, 24.48it/s]
 13%|█▎        | 10/79 [00:00<00:01, 34.65it/s]
 18%|█▊        | 14/79 [00:00<00:01, 36.11it/s]
 23%|██▎       | 18/79 [00:00<00:01, 36.87it/s]
 28%|██▊       | 22/79 [00:00<00:01, 37.53it/s]
 33%|███▎      | 26/79 [00:00<00:01, 37.87it/s]
 38%|███▊      | 30/79 [00:00<00:01, 37.78it/s]
 43%|████▎     | 34/79 [00:00<00:01, 38.04it/s]
 48%|████▊     | 38/79 [00:01<00:01, 38.12it/s]
 53%|█████▎    | 42/79 [00:01<00:00, 38.31it/s]
 58%|█████▊    | 46/79 [00:01<00:00, 38.26it/s]
 63%|██████▎   | 50/79 [00:01<00:00, 38.29it/s]
 68%|██████▊   | 54/79 [00:01<00:00, 38.32it/s]
 73%|███████▎  | 58/79 [00:01<00:00, 37.91it/s]
 78%|███████▊  | 62/79 [00:01<00:00, 38.47it/s]
 84%|████████▎ | 66/79 [00:01<00:00, 38.56it/s]
 89%|████████▊ | 70/79 [00:01<00:00, 38.79it/s]
 94%|█████████▎| 74/79 [00:01<00:00, 38.94it/s]
 99%|█████████▊| 78/79 [00:02<00:00, 38.94it/s]
100%|██████████| 79/79 [00:02<00:00, 37.45it/s]

CommRound: 20/30
Accuracy: 85.95% | Loss: 0.6055
[########################################--------------------] 66.7%
Elapsed: 14.7m | Avg/Round: 44.1s | Last: 45.5s | Next: 44.1s | Remaining: 7.4m
ETA: 05:44:39
Recent round times: R1: 46.7s -> R2: 41.8s -> R3: 42.5s -> R4: 42.1s -> R5: 45.5s

  0%|          | 0/79 [00:00<?, ?it/s]
  4%|▍         | 3/79 [00:00<00:03, 22.54it/s]
 10%|█         | 8/79 [00:00<00:02, 34.76it/s]
 15%|█▌        | 12/79 [00:00<00:01, 36.11it/s]
 22%|██▏       | 17/79 [00:00<00:01, 36.59it/s]
 28%|██▊       | 22/79 [00:00<00:01, 39.18it/s]
 33%|███▎      | 26/79 [00:00<00:01, 39.29it/s]
 38%|███▊      | 30/79 [00:00<00:01, 39.37it/s]
 43%|████▎     | 34/79 [00:00<00:01, 39.34it/s]
 48%|████▊     | 38/79 [00:01<00:01, 39.53it/s]
 54%|█████▍    | 43/79 [00:01<00:00, 39.26it/s]
 59%|█████▉    | 47/79 [00:01<00:00, 38.89it/s]
 65%|██████▍   | 51/79 [00:01<00:00, 35.79it/s]
 71%|███████   | 56/79 [00:01<00:00, 39.47it/s]
 77%|███████▋  | 61/79 [00:01<00:00, 38.40it/s]
 84%|████████▎ | 66/79 [00:01<00:00, 40.87it/s]
 90%|████████▉ | 71/79 [00:01<00:00, 38.68it/s]
 95%|█████████▍| 75/79 [00:01<00:00, 37.77it/s]
100%|██████████| 79/79 [00:02<00:00, 38.39it/s]

CommRound: 21/30
Accuracy: 85.95% | Loss: 0.6083
[##########################################------------------] 70.0%
Elapsed: 15.5m | Avg/Round: 44.2s | Last: 46.6s | Next: 44.2s | Remaining: 6.6m
ETA: 05:44:43
Recent round times: R1: 41.8s -> R2: 42.5s -> R3: 42.1s -> R4: 45.5s -> R5: 46.6s

  0%|          | 0/79 [00:00<?, ?it/s]
  3%|▎         | 2/79 [00:00<00:04, 18.56it/s]
  8%|▊         | 6/79 [00:00<00:02, 30.58it/s]
 13%|█▎        | 10/79 [00:00<00:02, 33.43it/s]
 18%|█▊        | 14/79 [00:00<00:01, 34.85it/s]
 23%|██▎       | 18/79 [00:00<00:01, 35.28it/s]
 28%|██▊       | 22/79 [00:00<00:01, 35.89it/s]
 33%|███▎      | 26/79 [00:00<00:01, 36.24it/s]
 38%|███▊      | 30/79 [00:00<00:01, 36.45it/s]
 43%|████▎     | 34/79 [00:00<00:01, 36.98it/s]
 48%|████▊     | 38/79 [00:01<00:01, 36.90it/s]
 53%|█████▎    | 42/79 [00:01<00:00, 37.29it/s]
 58%|█████▊    | 46/79 [00:01<00:00, 37.22it/s]
 63%|██████▎   | 50/79 [00:01<00:00, 37.35it/s]
 68%|██████▊   | 54/79 [00:01<00:00, 37.35it/s]
 73%|███████▎  | 58/79 [00:01<00:00, 37.26it/s]
 78%|███████▊  | 62/79 [00:01<00:00, 37.39it/s]
 84%|████████▎ | 66/79 [00:01<00:00, 37.37it/s]
 89%|████████▊ | 70/79 [00:01<00:00, 37.47it/s]
 94%|█████████▎| 74/79 [00:02<00:00, 36.96it/s]
 99%|█████████▊| 78/79 [00:02<00:00, 36.70it/s]
100%|██████████| 79/79 [00:02<00:00, 36.34it/s]

CommRound: 22/30
Accuracy: 85.98% | Loss: 0.6109
[############################################----------------] 73.3%
Elapsed: 16.2m | Avg/Round: 44.1s | Last: 42.2s | Next: 44.1s | Remaining: 5.9m
ETA: 05:44:40
Recent round times: R1: 42.5s -> R2: 42.1s -> R3: 45.5s -> R4: 46.6s -> R5: 42.2s

  0%|          | 0/79 [00:00<?, ?it/s]
  1%|▏         | 1/79 [00:00<00:08,  9.20it/s]
  6%|▋         | 5/79 [00:00<00:02, 24.91it/s]
 11%|█▏        | 9/79 [00:00<00:02, 31.10it/s]
 19%|█▉        | 15/79 [00:00<00:01, 36.03it/s]
 25%|██▌       | 20/79 [00:00<00:01, 40.07it/s]
 32%|███▏      | 25/79 [00:00<00:01, 38.99it/s]
 38%|███▊      | 30/79 [00:00<00:01, 39.37it/s]
 43%|████▎     | 34/79 [00:00<00:01, 39.25it/s]
 48%|████▊     | 38/79 [00:01<00:01, 38.91it/s]
 53%|█████▎    | 42/79 [00:01<00:00, 39.08it/s]
 58%|█████▊    | 46/79 [00:01<00:00, 39.02it/s]
 63%|██████▎   | 50/79 [00:01<00:00, 39.04it/s]
 68%|██████▊   | 54/79 [00:01<00:00, 39.07it/s]
 73%|███████▎  | 58/79 [00:01<00:00, 39.04it/s]
 78%|███████▊  | 62/79 [00:01<00:00, 39.09it/s]
 84%|████████▎ | 66/79 [00:01<00:00, 38.78it/s]
 89%|████████▊ | 70/79 [00:01<00:00, 38.33it/s]
 94%|█████████▎| 74/79 [00:01<00:00, 37.93it/s]
 99%|█████████▊| 78/79 [00:02<00:00, 37.75it/s]
100%|██████████| 79/79 [00:02<00:00, 37.63it/s]

CommRound: 23/30
Accuracy: 85.98% | Loss: 0.6135
[##############################################--------------] 76.7%
Elapsed: 16.9m | Avg/Round: 44.1s | Last: 42.3s | Next: 44.1s | Remaining: 5.1m
ETA: 05:44:38
Recent round times: R1: 42.1s -> R2: 45.5s -> R3: 46.6s -> R4: 42.2s -> R5: 42.3s

  0%|          | 0/79 [00:00<?, ?it/s]
  3%|▎         | 2/79 [00:00<00:03, 19.28it/s]
  6%|▋         | 5/79 [00:00<00:03, 24.07it/s]
 11%|█▏        | 9/79 [00:00<00:02, 28.50it/s]
 16%|█▋        | 13/79 [00:00<00:02, 30.23it/s]
 22%|██▏       | 17/79 [00:00<00:01, 31.11it/s]
 27%|██▋       | 21/79 [00:00<00:01, 31.89it/s]
 32%|███▏      | 25/79 [00:00<00:01, 32.56it/s]
 37%|███▋      | 29/79 [00:00<00:01, 32.88it/s]
 42%|████▏     | 33/79 [00:01<00:01, 33.03it/s]
 47%|████▋     | 37/79 [00:01<00:01, 33.09it/s]
 52%|█████▏    | 41/79 [00:01<00:01, 33.01it/s]
 57%|█████▋    | 45/79 [00:01<00:01, 33.28it/s]
 62%|██████▏   | 49/79 [00:01<00:00, 33.33it/s]
 67%|██████▋   | 53/79 [00:01<00:00, 33.41it/s]
 72%|███████▏  | 57/79 [00:01<00:00, 33.01it/s]
 77%|███████▋  | 61/79 [00:01<00:00, 33.48it/s]
 82%|████████▏ | 65/79 [00:02<00:00, 33.47it/s]
 87%|████████▋ | 69/79 [00:02<00:00, 33.30it/s]
 92%|█████████▏| 73/79 [00:02<00:00, 33.37it/s]
 97%|█████████▋| 77/79 [00:02<00:00, 33.43it/s]
100%|██████████| 79/79 [00:02<00:00, 32.89it/s]

CommRound: 24/30
Accuracy: 85.98% | Loss: 0.6159
[################################################------------] 80.0%
Elapsed: 17.6m | Avg/Round: 44.1s | Last: 45.1s | Next: 44.1s | Remaining: 4.4m
ETA: 05:44:39
Recent round times: R1: 45.5s -> R2: 46.6s -> R3: 42.2s -> R4: 42.3s -> R5: 45.1s

  0%|          | 0/79 [00:00<?, ?it/s]
  3%|▎         | 2/79 [00:00<00:03, 19.44it/s]
  9%|▉         | 7/79 [00:00<00:02, 29.32it/s]
 14%|█▍        | 11/79 [00:00<00:02, 32.46it/s]
 19%|█▉        | 15/79 [00:00<00:01, 34.03it/s]
 24%|██▍       | 19/79 [00:00<00:01, 35.26it/s]
 29%|██▉       | 23/79 [00:00<00:01, 36.23it/s]
 35%|███▌      | 28/79 [00:00<00:01, 39.80it/s]
 42%|████▏     | 33/79 [00:00<00:01, 37.96it/s]
 47%|████▋     | 37/79 [00:01<00:01, 38.51it/s]
 53%|█████▎    | 42/79 [00:01<00:00, 41.25it/s]
 59%|█████▉    | 47/79 [00:01<00:00, 38.80it/s]
 65%|██████▍   | 51/79 [00:01<00:00, 38.46it/s]
 70%|██████▉   | 55/79 [00:01<00:00, 38.27it/s]
 75%|███████▍  | 59/79 [00:01<00:00, 37.81it/s]
 80%|███████▉  | 63/79 [00:01<00:00, 38.21it/s]
 85%|████████▍ | 67/79 [00:01<00:00, 38.55it/s]
 90%|████████▉ | 71/79 [00:01<00:00, 38.79it/s]
 95%|█████████▍| 75/79 [00:02<00:00, 38.77it/s]
100%|██████████| 79/79 [00:02<00:00, 37.96it/s]

CommRound: 25/30
Accuracy: 86.02% | Loss: 0.6182
[##################################################----------] 83.3%
Elapsed: 18.3m | Avg/Round: 44.0s | Last: 41.6s | Next: 44.0s | Remaining: 3.7m
ETA: 05:44:36
Recent round times: R1: 46.6s -> R2: 42.2s -> R3: 42.3s -> R4: 45.1s -> R5: 41.6s

  0%|          | 0/79 [00:00<?, ?it/s]
  3%|▎         | 2/79 [00:00<00:04, 19.02it/s]
  8%|▊         | 6/79 [00:00<00:02, 30.76it/s]
 13%|█▎        | 10/79 [00:00<00:02, 34.20it/s]
 18%|█▊        | 14/79 [00:00<00:01, 35.87it/s]
 23%|██▎       | 18/79 [00:00<00:01, 36.25it/s]
 28%|██▊       | 22/79 [00:00<00:01, 37.34it/s]
 34%|███▍      | 27/79 [00:00<00:01, 36.58it/s]
 41%|████      | 32/79 [00:00<00:01, 39.61it/s]
 46%|████▌     | 36/79 [00:00<00:01, 39.16it/s]
 51%|█████     | 40/79 [00:01<00:01, 38.86it/s]
 56%|█████▌    | 44/79 [00:01<00:00, 38.51it/s]
 61%|██████    | 48/79 [00:01<00:00, 38.38it/s]
 66%|██████▌   | 52/79 [00:01<00:00, 38.42it/s]
 71%|███████   | 56/79 [00:01<00:00, 38.62it/s]
 76%|███████▌  | 60/79 [00:01<00:00, 38.69it/s]
 81%|████████  | 64/79 [00:01<00:00, 38.89it/s]
 86%|████████▌ | 68/79 [00:01<00:00, 38.97it/s]
 91%|█████████ | 72/79 [00:01<00:00, 39.02it/s]
 96%|█████████▌| 76/79 [00:02<00:00, 38.93it/s]
100%|██████████| 79/79 [00:02<00:00, 37.90it/s]

CommRound: 26/30
Accuracy: 86.03% | Loss: 0.6204
[####################################################--------] 86.7%
Elapsed: 19.0m | Avg/Round: 43.9s | Last: 41.8s | Next: 43.9s | Remaining: 2.9m
ETA: 05:44:33
Recent round times: R1: 42.2s -> R2: 42.3s -> R3: 45.1s -> R4: 41.6s -> R5: 41.8s

  0%|          | 0/79 [00:00<?, ?it/s]
  3%|▎         | 2/79 [00:00<00:04, 18.85it/s]
  8%|▊         | 6/79 [00:00<00:02, 30.59it/s]
 13%|█▎        | 10/79 [00:00<00:02, 32.99it/s]
 18%|█▊        | 14/79 [00:00<00:01, 34.47it/s]
 23%|██▎       | 18/79 [00:00<00:01, 35.40it/s]
 28%|██▊       | 22/79 [00:00<00:01, 35.75it/s]
 33%|███▎      | 26/79 [00:00<00:01, 35.97it/s]
 38%|███▊      | 30/79 [00:00<00:01, 36.13it/s]
 43%|████▎     | 34/79 [00:00<00:01, 36.46it/s]
 48%|████▊     | 38/79 [00:01<00:01, 36.92it/s]
 53%|█████▎    | 42/79 [00:01<00:01, 36.51it/s]
 58%|█████▊    | 46/79 [00:01<00:00, 37.04it/s]
 63%|██████▎   | 50/79 [00:01<00:00, 36.96it/s]
 68%|██████▊   | 54/79 [00:01<00:00, 36.81it/s]
 73%|███████▎  | 58/79 [00:01<00:00, 37.56it/s]
 78%|███████▊  | 62/79 [00:01<00:00, 36.73it/s]
 84%|████████▎ | 66/79 [00:01<00:00, 36.84it/s]
 89%|████████▊ | 70/79 [00:01<00:00, 37.14it/s]
 94%|█████████▎| 74/79 [00:02<00:00, 37.05it/s]
 99%|█████████▊| 78/79 [00:02<00:00, 37.52it/s]
100%|██████████| 79/79 [00:02<00:00, 36.30it/s]

CommRound: 27/30
Accuracy: 86.03% | Loss: 0.6225
[######################################################------] 90.0%
Elapsed: 19.8m | Avg/Round: 43.9s | Last: 43.8s | Next: 43.9s | Remaining: 2.2m
ETA: 05:44:33
Recent round times: R1: 42.3s -> R2: 45.1s -> R3: 41.6s -> R4: 41.8s -> R5: 43.8s

  0%|          | 0/79 [00:00<?, ?it/s]
  3%|▎         | 2/79 [00:00<00:04, 18.18it/s]
  9%|▉         | 7/79 [00:00<00:02, 29.92it/s]
 14%|█▍        | 11/79 [00:00<00:02, 33.77it/s]
 19%|█▉        | 15/79 [00:00<00:01, 35.87it/s]
 24%|██▍       | 19/79 [00:00<00:01, 36.45it/s]
 29%|██▉       | 23/79 [00:00<00:01, 37.53it/s]
 34%|███▍      | 27/79 [00:00<00:01, 37.17it/s]
 39%|███▉      | 31/79 [00:00<00:01, 37.56it/s]
 44%|████▍     | 35/79 [00:00<00:01, 36.98it/s]
 49%|████▉     | 39/79 [00:01<00:01, 37.43it/s]
 54%|█████▍    | 43/79 [00:01<00:00, 37.54it/s]
 59%|█████▉    | 47/79 [00:01<00:00, 37.24it/s]
 65%|██████▍   | 51/79 [00:01<00:00, 37.11it/s]
 70%|██████▉   | 55/79 [00:01<00:00, 36.90it/s]
 75%|███████▍  | 59/79 [00:01<00:00, 36.54it/s]
 80%|███████▉  | 63/79 [00:01<00:00, 36.42it/s]
 85%|████████▍ | 67/79 [00:01<00:00, 36.68it/s]
 90%|████████▉ | 71/79 [00:01<00:00, 37.14it/s]
 95%|█████████▍| 75/79 [00:02<00:00, 36.77it/s]
100%|██████████| 79/79 [00:02<00:00, 37.11it/s]
100%|██████████| 79/79 [00:02<00:00, 36.16it/s]

CommRound: 28/30
Accuracy: 86.04% | Loss: 0.6245
[########################################################----] 93.3%
Elapsed: 20.5m | Avg/Round: 43.9s | Last: 44.5s | Next: 43.9s | Remaining: 1.5m
ETA: 05:44:34
Recent round times: R1: 45.1s -> R2: 41.6s -> R3: 41.8s -> R4: 43.8s -> R5: 44.5s

  0%|          | 0/79 [00:00<?, ?it/s]
  1%|▏         | 1/79 [00:00<00:08,  9.45it/s]
  6%|▋         | 5/79 [00:00<00:02, 26.75it/s]
 13%|█▎        | 10/79 [00:00<00:01, 35.74it/s]
 18%|█▊        | 14/79 [00:00<00:01, 36.80it/s]
 23%|██▎       | 18/79 [00:00<00:01, 36.60it/s]
 28%|██▊       | 22/79 [00:00<00:01, 36.91it/s]
 33%|███▎      | 26/79 [00:00<00:01, 36.62it/s]
 38%|███▊      | 30/79 [00:00<00:01, 37.11it/s]
 43%|████▎     | 34/79 [00:00<00:01, 36.98it/s]
 48%|████▊     | 38/79 [00:01<00:01, 36.38it/s]
 53%|█████▎    | 42/79 [00:01<00:00, 37.16it/s]
 58%|█████▊    | 46/79 [00:01<00:00, 37.31it/s]
 63%|██████▎   | 50/79 [00:01<00:00, 36.66it/s]
 68%|██████▊   | 54/79 [00:01<00:00, 37.21it/s]
 73%|███████▎  | 58/79 [00:01<00:00, 36.52it/s]
 78%|███████▊  | 62/79 [00:01<00:00, 37.21it/s]
 84%|████████▎ | 66/79 [00:01<00:00, 37.15it/s]
 89%|████████▊ | 70/79 [00:01<00:00, 36.92it/s]
 94%|█████████▎| 74/79 [00:02<00:00, 36.53it/s]
 99%|█████████▊| 78/79 [00:02<00:00, 36.25it/s]
100%|██████████| 79/79 [00:02<00:00, 36.20it/s]

CommRound: 29/30
Accuracy: 86.05% | Loss: 0.6264
[##########################################################--] 96.7%
Elapsed: 21.2m | Avg/Round: 43.9s | Last: 42.7s | Next: 43.9s | Remaining: 0.7m
ETA: 05:44:33
Recent round times: R1: 41.6s -> R2: 41.8s -> R3: 43.8s -> R4: 44.5s -> R5: 42.7s

  0%|          | 0/79 [00:00<?, ?it/s]
  3%|▎         | 2/79 [00:00<00:04, 18.37it/s]
  6%|▋         | 5/79 [00:00<00:03, 24.66it/s]
 11%|█▏        | 9/79 [00:00<00:02, 30.81it/s]
 16%|█▋        | 13/79 [00:00<00:01, 33.13it/s]
 22%|██▏       | 17/79 [00:00<00:01, 33.73it/s]
 27%|██▋       | 21/79 [00:00<00:01, 33.70it/s]
 32%|███▏      | 25/79 [00:00<00:01, 34.72it/s]
 37%|███▋      | 29/79 [00:00<00:01, 35.31it/s]
 42%|████▏     | 33/79 [00:00<00:01, 35.52it/s]
 47%|████▋     | 37/79 [00:01<00:01, 36.48it/s]
 52%|█████▏    | 41/79 [00:01<00:01, 36.28it/s]
 57%|█████▋    | 45/79 [00:01<00:00, 36.02it/s]
 62%|██████▏   | 49/79 [00:01<00:00, 35.62it/s]
 67%|██████▋   | 53/79 [00:01<00:00, 35.94it/s]
 72%|███████▏  | 57/79 [00:01<00:00, 36.01it/s]
 77%|███████▋  | 61/79 [00:01<00:00, 36.31it/s]
 82%|████████▏ | 65/79 [00:01<00:00, 36.39it/s]
 87%|████████▋ | 69/79 [00:01<00:00, 36.28it/s]
 92%|█████████▏| 73/79 [00:02<00:00, 35.75it/s]
 97%|█████████▋| 77/79 [00:02<00:00, 35.51it/s]
100%|██████████| 79/79 [00:02<00:00, 35.29it/s]

CommRound: 30/30
Accuracy: 86.06% | Loss: 0.6281
[############################################################] 100.0%
Elapsed: 22.0m | Avg/Round: 44.0s | Last: 45.9s | Next: 44.0s | Remaining: 0.0m
ETA: 05:44:35
Recent round times: R1: 41.8s -> R2: 43.8s -> R3: 44.5s -> R4: 42.7s -> R5: 45.9s
Total time for experiment: 1318.7656300067902 seconds
Device average training time per communication round [s]:
    rpi (sld-rpi-09.ece.utexas.edu): 36.51 seconds
    mc1 (sld-mc1-09.ece.utexas.edu): 39.93 seconds
