Connecting to sld-rpi-09.ece.utexas.edu...
Successfully fetched dev0_pow_temp_log_exp231_run1.csv.
Connecting to sld-rpi-09.ece.utexas.edu...
Successfully fetched dev0_communication_log_exp231_run1.csv.
Connecting to sld-mc1-09.ece.utexas.edu...
Successfully fetched dev1_pow_temp_log_exp231_run1.csv.
Connecting to sld-mc1-09.ece.utexas.edu...
Successfully fetched dev1_communication_log_exp231_run1.csv.

Exp231
Experiment 231: 
	Global test accuracy [%]: 65.72 %
	No round found where all subsequent rounds have accuracy >= 90.00%.
	Average time per communication round [s]: 10.01 seconds
	Total wall clock time [s]: 296.92 seconds


Experiment 231:
	RPi avg. energy consumption per round [J]: 37.31 Joules
	MC1 avg. energy consumption per round [J]: 21.16 Joules
	Total avg. energy consumption per communication round [J]: 58.47 Joules
	Avg. amount of communicated data per communication round [MB]: 0.01 MB
	RPi avg. power consumption per round [W]: 5.35 Watts
	MC1 avg. power consumption per round [W]: 5.84 Watts
