
  0%|          | 0/79 [00:00<?, ?it/s]
  1%|▏         | 1/79 [00:00<00:08,  8.75it/s]
  6%|▋         | 5/79 [00:00<00:03, 24.38it/s]
 11%|█▏        | 9/79 [00:00<00:02, 28.36it/s]
 16%|█▋        | 13/79 [00:00<00:02, 30.20it/s]
 22%|██▏       | 17/79 [00:00<00:01, 31.24it/s]
 27%|██▋       | 21/79 [00:00<00:01, 31.88it/s]
 32%|███▏      | 25/79 [00:00<00:01, 32.08it/s]
 37%|███▋      | 29/79 [00:00<00:01, 31.52it/s]
 42%|████▏     | 33/79 [00:01<00:01, 31.12it/s]
 47%|████▋     | 37/79 [00:01<00:01, 30.14it/s]
 52%|█████▏    | 41/79 [00:01<00:01, 30.58it/s]
 57%|█████▋    | 45/79 [00:01<00:01, 31.31it/s]
 62%|██████▏   | 49/79 [00:01<00:00, 32.20it/s]
 67%|██████▋   | 53/79 [00:01<00:00, 32.90it/s]
 72%|███████▏  | 57/79 [00:01<00:00, 31.92it/s]
 77%|███████▋  | 61/79 [00:01<00:00, 31.52it/s]
 82%|████████▏ | 65/79 [00:02<00:00, 31.46it/s]
 87%|████████▋ | 69/79 [00:02<00:00, 32.26it/s]
 92%|█████████▏| 73/79 [00:02<00:00, 32.27it/s]
 97%|█████████▋| 77/79 [00:02<00:00, 31.57it/s]
100%|██████████| 79/79 [00:02<00:00, 31.13it/s]
Initial Accuracy: 9.75%; Initial Loss: 2.3015

  0%|          | 0/79 [00:00<?, ?it/s]
  1%|▏         | 1/79 [00:00<00:15,  5.07it/s]
  6%|▋         | 5/79 [00:00<00:04, 17.38it/s]
 11%|█▏        | 9/79 [00:00<00:03, 20.22it/s]
 15%|█▌        | 12/79 [00:00<00:02, 22.66it/s]
 19%|█▉        | 15/79 [00:00<00:03, 18.23it/s]
 23%|██▎       | 18/79 [00:00<00:03, 19.57it/s]
 27%|██▋       | 21/79 [00:01<00:03, 17.50it/s]
 29%|██▉       | 23/79 [00:01<00:03, 17.69it/s]
 32%|███▏      | 25/79 [00:01<00:02, 18.02it/s]
 34%|███▍      | 27/79 [00:01<00:02, 17.97it/s]
 38%|███▊      | 30/79 [00:01<00:02, 20.24it/s]
 42%|████▏     | 33/79 [00:01<00:02, 18.43it/s]
 44%|████▍     | 35/79 [00:01<00:02, 18.36it/s]
 47%|████▋     | 37/79 [00:02<00:02, 18.74it/s]
 51%|█████     | 40/79 [00:02<00:01, 20.67it/s]
 54%|█████▍    | 43/79 [00:02<00:01, 19.30it/s]
 57%|█████▋    | 45/79 [00:02<00:01, 19.00it/s]
 59%|█████▉    | 47/79 [00:02<00:01, 18.80it/s]
 62%|██████▏   | 49/79 [00:02<00:01, 18.62it/s]
 65%|██████▍   | 51/79 [00:02<00:01, 18.95it/s]
 67%|██████▋   | 53/79 [00:02<00:01, 18.68it/s]
 70%|██████▉   | 55/79 [00:02<00:01, 18.98it/s]
 72%|███████▏  | 57/79 [00:03<00:01, 19.08it/s]
 75%|███████▍  | 59/79 [00:03<00:01, 18.62it/s]
 77%|███████▋  | 61/79 [00:03<00:00, 18.42it/s]
 80%|███████▉  | 63/79 [00:03<00:00, 18.53it/s]
 82%|████████▏ | 65/79 [00:03<00:00, 18.40it/s]
 85%|████████▍ | 67/79 [00:03<00:00, 18.15it/s]
 87%|████████▋ | 69/79 [00:03<00:00, 18.10it/s]
 90%|████████▉ | 71/79 [00:03<00:00, 18.18it/s]
 92%|█████████▏| 73/79 [00:03<00:00, 18.39it/s]
 95%|█████████▍| 75/79 [00:04<00:00, 18.22it/s]
100%|██████████| 79/79 [00:04<00:00, 24.33it/s]
100%|██████████| 79/79 [00:04<00:00, 18.94it/s]

CommRound: 1/30
Accuracy: 49.69% | Loss: 1.4788
[##----------------------------------------------------------] 3.3%
Elapsed: 0.3m | Avg/Round: 15.1s | Last: 12.5s | Next: 15.1s | Remaining: 7.3m
ETA: 03:35:37
Recent round times: R1: 12.5s

  0%|          | 0/79 [00:00<?, ?it/s]
  1%|▏         | 1/79 [00:00<00:10,  7.17it/s]
  4%|▍         | 3/79 [00:00<00:05, 13.17it/s]
  6%|▋         | 5/79 [00:00<00:04, 15.18it/s]
  9%|▉         | 7/79 [00:00<00:04, 15.97it/s]
 14%|█▍        | 11/79 [00:00<00:03, 21.71it/s]
 18%|█▊        | 14/79 [00:00<00:02, 21.77it/s]
 22%|██▏       | 17/79 [00:00<00:03, 18.39it/s]
 24%|██▍       | 19/79 [00:01<00:03, 18.28it/s]
 27%|██▋       | 21/79 [00:01<00:03, 17.67it/s]
 29%|██▉       | 23/79 [00:01<00:03, 17.91it/s]
 32%|███▏      | 25/79 [00:01<00:02, 18.30it/s]
 34%|███▍      | 27/79 [00:01<00:02, 17.35it/s]
 38%|███▊      | 30/79 [00:01<00:02, 20.15it/s]
 42%|████▏     | 33/79 [00:01<00:02, 22.51it/s]
 47%|████▋     | 37/79 [00:01<00:01, 25.44it/s]
 52%|█████▏    | 41/79 [00:02<00:01, 26.87it/s]
 57%|█████▋    | 45/79 [00:02<00:01, 28.37it/s]
 62%|██████▏   | 49/79 [00:02<00:01, 28.61it/s]
 66%|██████▌   | 52/79 [00:02<00:00, 27.55it/s]
 70%|██████▉   | 55/79 [00:02<00:00, 24.21it/s]
 73%|███████▎  | 58/79 [00:02<00:00, 23.87it/s]
 77%|███████▋  | 61/79 [00:02<00:00, 18.46it/s]
 82%|████████▏ | 65/79 [00:03<00:00, 20.83it/s]
 87%|████████▋ | 69/79 [00:03<00:00, 20.85it/s]
 92%|█████████▏| 73/79 [00:03<00:00, 23.56it/s]
 97%|█████████▋| 77/79 [00:03<00:00, 25.87it/s]
100%|██████████| 79/79 [00:03<00:00, 22.20it/s]

CommRound: 2/30
Accuracy: 75.14% | Loss: 0.7491
[####--------------------------------------------------------] 6.7%
Elapsed: 0.5m | Avg/Round: 13.5s | Last: 12.0s | Next: 13.5s | Remaining: 6.3m
ETA: 03:34:50
Recent round times: R1: 12.5s -> R2: 12.0s

  0%|          | 0/79 [00:00<?, ?it/s]
  1%|▏         | 1/79 [00:00<00:16,  4.67it/s]
  6%|▋         | 5/79 [00:00<00:05, 14.43it/s]
  9%|▉         | 7/79 [00:00<00:04, 14.74it/s]
 11%|█▏        | 9/79 [00:00<00:04, 15.41it/s]
 14%|█▍        | 11/79 [00:00<00:04, 15.84it/s]
 16%|█▋        | 13/79 [00:00<00:04, 15.87it/s]
 19%|█▉        | 15/79 [00:01<00:04, 15.12it/s]
 22%|██▏       | 17/79 [00:01<00:03, 15.59it/s]
 24%|██▍       | 19/79 [00:01<00:03, 15.51it/s]
 27%|██▋       | 21/79 [00:01<00:03, 15.67it/s]
 29%|██▉       | 23/79 [00:01<00:03, 15.51it/s]
 32%|███▏      | 25/79 [00:01<00:03, 15.88it/s]
 34%|███▍      | 27/79 [00:01<00:03, 15.99it/s]
 39%|███▉      | 31/79 [00:01<00:02, 17.64it/s]
 42%|████▏     | 33/79 [00:02<00:02, 17.50it/s]
 47%|████▋     | 37/79 [00:02<00:01, 21.58it/s]
 51%|█████     | 40/79 [00:02<00:01, 23.34it/s]
 54%|█████▍    | 43/79 [00:02<00:01, 18.31it/s]
 58%|█████▊    | 46/79 [00:02<00:01, 20.07it/s]
 62%|██████▏   | 49/79 [00:02<00:01, 16.97it/s]
 65%|██████▍   | 51/79 [00:03<00:01, 16.73it/s]
 67%|██████▋   | 53/79 [00:03<00:01, 16.53it/s]
 71%|███████   | 56/79 [00:03<00:01, 18.71it/s]
 73%|███████▎  | 58/79 [00:03<00:01, 18.36it/s]
 76%|███████▌  | 60/79 [00:03<00:01, 18.02it/s]
 78%|███████▊  | 62/79 [00:03<00:00, 17.89it/s]
 81%|████████  | 64/79 [00:03<00:00, 17.38it/s]
 84%|████████▎ | 66/79 [00:03<00:00, 17.54it/s]
 86%|████████▌ | 68/79 [00:04<00:00, 16.96it/s]
 89%|████████▊ | 70/79 [00:04<00:00, 16.58it/s]
 91%|█████████ | 72/79 [00:04<00:00, 16.72it/s]
 94%|█████████▎| 74/79 [00:04<00:00, 16.60it/s]
 96%|█████████▌| 76/79 [00:04<00:00, 16.93it/s]
100%|██████████| 79/79 [00:04<00:00, 20.37it/s]
100%|██████████| 79/79 [00:04<00:00, 17.16it/s]

CommRound: 3/30
Accuracy: 80.41% | Loss: 0.5959
[######------------------------------------------------------] 10.0%
Elapsed: 0.7m | Avg/Round: 13.3s | Last: 13.0s | Next: 13.3s | Remaining: 6.0m
ETA: 03:34:45
Recent round times: R1: 12.5s -> R2: 12.0s -> R3: 13.0s

  0%|          | 0/79 [00:00<?, ?it/s]
  1%|▏         | 1/79 [00:00<00:15,  5.11it/s]
  6%|▋         | 5/79 [00:00<00:05, 14.14it/s]
  9%|▉         | 7/79 [00:00<00:04, 15.39it/s]
 11%|█▏        | 9/79 [00:00<00:04, 16.71it/s]
 14%|█▍        | 11/79 [00:00<00:03, 17.28it/s]
 16%|█▋        | 13/79 [00:00<00:03, 17.96it/s]
 20%|██        | 16/79 [00:00<00:03, 20.53it/s]
 24%|██▍       | 19/79 [00:01<00:02, 20.84it/s]
 28%|██▊       | 22/79 [00:01<00:02, 20.50it/s]
 32%|███▏      | 25/79 [00:01<00:02, 21.50it/s]
 35%|███▌      | 28/79 [00:01<00:02, 20.09it/s]
 39%|███▉      | 31/79 [00:01<00:02, 20.35it/s]
 43%|████▎     | 34/79 [00:01<00:02, 19.59it/s]
 47%|████▋     | 37/79 [00:01<00:02, 19.81it/s]
 49%|████▉     | 39/79 [00:02<00:02, 19.42it/s]
 52%|█████▏    | 41/79 [00:02<00:01, 19.10it/s]
 56%|█████▌    | 44/79 [00:02<00:01, 19.22it/s]
 59%|█████▉    | 47/79 [00:02<00:01, 19.58it/s]
 62%|██████▏   | 49/79 [00:02<00:01, 19.44it/s]
 66%|██████▌   | 52/79 [00:02<00:01, 20.43it/s]
 70%|██████▉   | 55/79 [00:02<00:01, 20.88it/s]
 73%|███████▎  | 58/79 [00:03<00:01, 20.60it/s]
 77%|███████▋  | 61/79 [00:03<00:00, 20.07it/s]
 81%|████████  | 64/79 [00:03<00:00, 19.74it/s]
 84%|████████▎ | 66/79 [00:03<00:00, 19.71it/s]
 86%|████████▌ | 68/79 [00:03<00:00, 19.62it/s]
 89%|████████▊ | 70/79 [00:03<00:00, 19.40it/s]
 91%|█████████ | 72/79 [00:03<00:00, 19.30it/s]
 94%|█████████▎| 74/79 [00:03<00:00, 19.09it/s]
 97%|█████████▋| 77/79 [00:03<00:00, 20.12it/s]
100%|██████████| 79/79 [00:04<00:00, 19.52it/s]

CommRound: 4/30
Accuracy: 80.23% | Loss: 0.6220
[########----------------------------------------------------] 13.3%
Elapsed: 0.9m | Avg/Round: 13.1s | Last: 12.5s | Next: 13.1s | Remaining: 5.7m
ETA: 03:34:39
Recent round times: R1: 12.5s -> R2: 12.0s -> R3: 13.0s -> R4: 12.5s

  0%|          | 0/79 [00:00<?, ?it/s]
  1%|▏         | 1/79 [00:00<00:09,  8.02it/s]
  6%|▋         | 5/79 [00:00<00:03, 23.96it/s]
 11%|█▏        | 9/79 [00:00<00:02, 27.62it/s]
 15%|█▌        | 12/79 [00:00<00:02, 24.68it/s]
 19%|█▉        | 15/79 [00:00<00:02, 21.54it/s]
 23%|██▎       | 18/79 [00:00<00:02, 20.85it/s]
 27%|██▋       | 21/79 [00:01<00:03, 19.31it/s]
 29%|██▉       | 23/79 [00:01<00:02, 19.01it/s]
 33%|███▎      | 26/79 [00:01<00:02, 18.94it/s]
 35%|███▌      | 28/79 [00:01<00:02, 18.75it/s]
 38%|███▊      | 30/79 [00:01<00:02, 18.64it/s]
 41%|████      | 32/79 [00:01<00:02, 18.38it/s]
 43%|████▎     | 34/79 [00:01<00:02, 18.29it/s]
 46%|████▌     | 36/79 [00:01<00:02, 15.60it/s]
 51%|█████     | 40/79 [00:02<00:01, 20.65it/s]
 54%|█████▍    | 43/79 [00:02<00:01, 22.37it/s]
 58%|█████▊    | 46/79 [00:02<00:01, 19.25it/s]
 62%|██████▏   | 49/79 [00:02<00:01, 21.24it/s]
 66%|██████▌   | 52/79 [00:02<00:01, 18.96it/s]
 70%|██████▉   | 55/79 [00:02<00:01, 20.62it/s]
 73%|███████▎  | 58/79 [00:02<00:01, 18.00it/s]
 76%|███████▌  | 60/79 [00:03<00:01, 13.50it/s]
 82%|████████▏ | 65/79 [00:03<00:00, 19.43it/s]
 86%|████████▌ | 68/79 [00:03<00:00, 20.93it/s]
 90%|████████▉ | 71/79 [00:03<00:00, 19.03it/s]
 95%|█████████▍| 75/79 [00:03<00:00, 19.27it/s]
100%|██████████| 79/79 [00:03<00:00, 19.79it/s]

CommRound: 5/30
Accuracy: 81.79% | Loss: 0.6035
[##########--------------------------------------------------] 16.7%
Elapsed: 1.1m | Avg/Round: 13.0s | Last: 12.6s | Next: 13.0s | Remaining: 5.4m
ETA: 03:34:36
Recent round times: R1: 12.5s -> R2: 12.0s -> R3: 13.0s -> R4: 12.5s -> R5: 12.6s

  0%|          | 0/79 [00:00<?, ?it/s]
  1%|▏         | 1/79 [00:00<00:10,  7.58it/s]
  6%|▋         | 5/79 [00:00<00:03, 23.50it/s]
 10%|█         | 8/79 [00:00<00:03, 22.67it/s]
 15%|█▌        | 12/79 [00:00<00:02, 25.53it/s]
 20%|██        | 16/79 [00:00<00:02, 27.76it/s]
 25%|██▌       | 20/79 [00:00<00:02, 29.21it/s]
 30%|███       | 24/79 [00:00<00:01, 30.27it/s]
 35%|███▌      | 28/79 [00:01<00:01, 31.23it/s]
 41%|████      | 32/79 [00:01<00:01, 31.42it/s]
 46%|████▌     | 36/79 [00:01<00:01, 31.61it/s]
 51%|█████     | 40/79 [00:01<00:01, 31.64it/s]
 56%|█████▌    | 44/79 [00:01<00:01, 33.37it/s]
 62%|██████▏   | 49/79 [00:01<00:00, 35.47it/s]
 68%|██████▊   | 54/79 [00:01<00:00, 37.25it/s]
 75%|███████▍  | 59/79 [00:01<00:00, 37.52it/s]
 80%|███████▉  | 63/79 [00:01<00:00, 37.94it/s]
 85%|████████▍ | 67/79 [00:02<00:00, 38.41it/s]
 90%|████████▉ | 71/79 [00:02<00:00, 38.71it/s]
 95%|█████████▍| 75/79 [00:02<00:00, 39.02it/s]
100%|██████████| 79/79 [00:02<00:00, 33.74it/s]

CommRound: 6/30
Accuracy: 87.00% | Loss: 0.4356
[############------------------------------------------------] 20.0%
Elapsed: 1.3m | Avg/Round: 12.7s | Last: 10.7s | Next: 12.7s | Remaining: 5.1m
ETA: 03:34:24
Recent round times: R1: 12.0s -> R2: 13.0s -> R3: 12.5s -> R4: 12.6s -> R5: 10.7s

  0%|          | 0/79 [00:00<?, ?it/s]
  1%|▏         | 1/79 [00:00<00:09,  8.19it/s]
  8%|▊         | 6/79 [00:00<00:02, 27.96it/s]
 13%|█▎        | 10/79 [00:00<00:02, 28.98it/s]
 18%|█▊        | 14/79 [00:00<00:02, 28.99it/s]
 23%|██▎       | 18/79 [00:00<00:02, 29.91it/s]
 28%|██▊       | 22/79 [00:00<00:01, 30.02it/s]
 33%|███▎      | 26/79 [00:00<00:01, 31.15it/s]
 38%|███▊      | 30/79 [00:01<00:01, 30.42it/s]
 43%|████▎     | 34/79 [00:01<00:01, 29.64it/s]
 48%|████▊     | 38/79 [00:01<00:01, 29.32it/s]
 53%|█████▎    | 42/79 [00:01<00:01, 31.58it/s]
 58%|█████▊    | 46/79 [00:01<00:01, 32.95it/s]
 63%|██████▎   | 50/79 [00:01<00:00, 33.66it/s]
 68%|██████▊   | 54/79 [00:01<00:00, 33.45it/s]
 73%|███████▎  | 58/79 [00:01<00:00, 34.90it/s]
 78%|███████▊  | 62/79 [00:01<00:00, 33.73it/s]
 84%|████████▎ | 66/79 [00:02<00:00, 31.94it/s]
 89%|████████▊ | 70/79 [00:02<00:00, 30.63it/s]
 94%|█████████▎| 74/79 [00:02<00:00, 30.10it/s]
 99%|█████████▊| 78/79 [00:02<00:00, 31.68it/s]
100%|██████████| 79/79 [00:02<00:00, 31.07it/s]

CommRound: 7/30
Accuracy: 87.62% | Loss: 0.4256
[##############----------------------------------------------] 23.3%
Elapsed: 1.4m | Avg/Round: 12.4s | Last: 10.9s | Next: 12.4s | Remaining: 4.8m
ETA: 03:34:17
Recent round times: R1: 13.0s -> R2: 12.5s -> R3: 12.6s -> R4: 10.7s -> R5: 10.9s

  0%|          | 0/79 [00:00<?, ?it/s]
  1%|▏         | 1/79 [00:00<00:09,  8.16it/s]
  6%|▋         | 5/79 [00:00<00:03, 23.42it/s]
 11%|█▏        | 9/79 [00:00<00:02, 26.58it/s]
 16%|█▋        | 13/79 [00:00<00:02, 28.23it/s]
 22%|██▏       | 17/79 [00:00<00:02, 28.54it/s]
 27%|██▋       | 21/79 [00:00<00:01, 29.38it/s]
 32%|███▏      | 25/79 [00:00<00:01, 29.95it/s]
 37%|███▋      | 29/79 [00:01<00:01, 30.11it/s]
 42%|████▏     | 33/79 [00:01<00:01, 32.40it/s]
 47%|████▋     | 37/79 [00:01<00:01, 33.99it/s]
 52%|█████▏    | 41/79 [00:01<00:01, 32.97it/s]
 57%|█████▋    | 45/79 [00:01<00:01, 32.14it/s]
 62%|██████▏   | 49/79 [00:01<00:00, 31.78it/s]
 67%|██████▋   | 53/79 [00:01<00:00, 31.48it/s]
 72%|███████▏  | 57/79 [00:01<00:00, 31.32it/s]
 77%|███████▋  | 61/79 [00:02<00:00, 31.30it/s]
 82%|████████▏ | 65/79 [00:02<00:00, 30.98it/s]
 87%|████████▋ | 69/79 [00:02<00:00, 31.15it/s]
 92%|█████████▏| 73/79 [00:02<00:00, 31.33it/s]
 97%|█████████▋| 77/79 [00:02<00:00, 31.67it/s]
100%|██████████| 79/79 [00:02<00:00, 31.07it/s]

CommRound: 8/30
Accuracy: 89.44% | Loss: 0.3707
[################--------------------------------------------] 26.7%
Elapsed: 1.6m | Avg/Round: 12.2s | Last: 10.8s | Next: 12.2s | Remaining: 4.5m
ETA: 03:34:11
Recent round times: R1: 12.5s -> R2: 12.6s -> R3: 10.7s -> R4: 10.9s -> R5: 10.8s

  0%|          | 0/79 [00:00<?, ?it/s]
  1%|▏         | 1/79 [00:00<00:09,  8.62it/s]
  6%|▋         | 5/79 [00:00<00:03, 24.04it/s]
 11%|█▏        | 9/79 [00:00<00:02, 27.41it/s]
 16%|█▋        | 13/79 [00:00<00:02, 29.87it/s]
 22%|██▏       | 17/79 [00:00<00:01, 32.42it/s]
 27%|██▋       | 21/79 [00:00<00:01, 34.23it/s]
 32%|███▏      | 25/79 [00:00<00:01, 34.86it/s]
 37%|███▋      | 29/79 [00:00<00:01, 33.21it/s]
 42%|████▏     | 33/79 [00:01<00:01, 32.19it/s]
 47%|████▋     | 37/79 [00:01<00:01, 32.04it/s]
 52%|█████▏    | 41/79 [00:01<00:01, 32.01it/s]
 57%|█████▋    | 45/79 [00:01<00:01, 32.16it/s]
 62%|██████▏   | 49/79 [00:01<00:00, 30.60it/s]
 67%|██████▋   | 53/79 [00:01<00:00, 32.28it/s]
 72%|███████▏  | 57/79 [00:01<00:00, 33.61it/s]
 77%|███████▋  | 61/79 [00:01<00:00, 34.60it/s]
 82%|████████▏ | 65/79 [00:02<00:00, 35.42it/s]
 87%|████████▋ | 69/79 [00:02<00:00, 35.74it/s]
 92%|█████████▏| 73/79 [00:02<00:00, 36.15it/s]
 97%|█████████▋| 77/79 [00:02<00:00, 36.48it/s]
100%|██████████| 79/79 [00:02<00:00, 33.39it/s]

CommRound: 9/30
Accuracy: 89.45% | Loss: 0.3621
[##################------------------------------------------] 30.0%
Elapsed: 1.8m | Avg/Round: 12.1s | Last: 10.9s | Next: 12.1s | Remaining: 4.2m
ETA: 03:34:06
Recent round times: R1: 12.6s -> R2: 10.7s -> R3: 10.9s -> R4: 10.8s -> R5: 10.9s

  0%|          | 0/79 [00:00<?, ?it/s]
  1%|▏         | 1/79 [00:00<00:09,  8.04it/s]
  6%|▋         | 5/79 [00:00<00:03, 23.72it/s]
 11%|█▏        | 9/79 [00:00<00:02, 26.41it/s]
 16%|█▋        | 13/79 [00:00<00:02, 27.68it/s]
 22%|██▏       | 17/79 [00:00<00:02, 28.40it/s]
 27%|██▋       | 21/79 [00:00<00:02, 28.50it/s]
 32%|███▏      | 25/79 [00:00<00:01, 30.85it/s]
 37%|███▋      | 29/79 [00:01<00:01, 32.50it/s]
 42%|████▏     | 33/79 [00:01<00:01, 33.73it/s]
 47%|████▋     | 37/79 [00:01<00:01, 32.86it/s]
 52%|█████▏    | 41/79 [00:01<00:01, 32.20it/s]
 57%|█████▋    | 45/79 [00:01<00:01, 32.91it/s]
 62%|██████▏   | 49/79 [00:01<00:00, 33.82it/s]
 67%|██████▋   | 53/79 [00:01<00:00, 34.51it/s]
 72%|███████▏  | 57/79 [00:01<00:00, 33.72it/s]
 77%|███████▋  | 61/79 [00:01<00:00, 32.31it/s]
 82%|████████▏ | 65/79 [00:02<00:00, 30.68it/s]
 87%|████████▋ | 69/79 [00:02<00:00, 30.25it/s]
 92%|█████████▏| 73/79 [00:02<00:00, 28.72it/s]
 96%|█████████▌| 76/79 [00:02<00:00, 27.83it/s]
100%|██████████| 79/79 [00:02<00:00, 30.34it/s]

CommRound: 10/30
Accuracy: 90.63% | Loss: 0.3351
[####################----------------------------------------] 33.3%
Elapsed: 2.0m | Avg/Round: 12.0s | Last: 11.1s | Next: 12.0s | Remaining: 4.0m
ETA: 03:34:03
Recent round times: R1: 10.7s -> R2: 10.9s -> R3: 10.8s -> R4: 10.9s -> R5: 11.1s

  0%|          | 0/79 [00:00<?, ?it/s]
  1%|▏         | 1/79 [00:00<00:11,  6.88it/s]
  6%|▋         | 5/79 [00:00<00:03, 19.54it/s]
 11%|█▏        | 9/79 [00:00<00:03, 22.61it/s]
 16%|█▋        | 13/79 [00:00<00:02, 24.12it/s]
 22%|██▏       | 17/79 [00:00<00:02, 25.14it/s]
 27%|██▋       | 21/79 [00:00<00:02, 25.56it/s]
 32%|███▏      | 25/79 [00:01<00:02, 26.53it/s]
 37%|███▋      | 29/79 [00:01<00:01, 27.29it/s]
 42%|████▏     | 33/79 [00:01<00:01, 28.06it/s]
 47%|████▋     | 37/79 [00:01<00:01, 28.81it/s]
 52%|█████▏    | 41/79 [00:01<00:01, 28.98it/s]
 57%|█████▋    | 45/79 [00:01<00:01, 30.84it/s]
 62%|██████▏   | 49/79 [00:01<00:00, 32.51it/s]
 67%|██████▋   | 53/79 [00:01<00:00, 33.62it/s]
 72%|███████▏  | 57/79 [00:02<00:00, 34.52it/s]
 77%|███████▋  | 61/79 [00:02<00:00, 35.22it/s]
 82%|████████▏ | 65/79 [00:02<00:00, 35.66it/s]
 87%|████████▋ | 69/79 [00:02<00:00, 35.12it/s]
 92%|█████████▏| 73/79 [00:02<00:00, 36.31it/s]
 97%|█████████▋| 77/79 [00:02<00:00, 36.81it/s]
100%|██████████| 79/79 [00:02<00:00, 30.71it/s]

CommRound: 11/30
Accuracy: 90.96% | Loss: 0.3252
[######################--------------------------------------] 36.7%
Elapsed: 2.2m | Avg/Round: 11.9s | Last: 10.9s | Next: 11.9s | Remaining: 3.8m
ETA: 03:34:00
Recent round times: R1: 10.9s -> R2: 10.8s -> R3: 10.9s -> R4: 11.1s -> R5: 10.9s

  0%|          | 0/79 [00:00<?, ?it/s]
  1%|▏         | 1/79 [00:00<00:09,  7.83it/s]
  6%|▋         | 5/79 [00:00<00:03, 22.94it/s]
 11%|█▏        | 9/79 [00:00<00:02, 28.66it/s]
 16%|█▋        | 13/79 [00:00<00:02, 32.11it/s]
 22%|██▏       | 17/79 [00:00<00:01, 34.06it/s]
 27%|██▋       | 21/79 [00:00<00:01, 35.34it/s]
 32%|███▏      | 25/79 [00:00<00:01, 36.01it/s]
 37%|███▋      | 29/79 [00:00<00:01, 36.42it/s]
 42%|████▏     | 33/79 [00:00<00:01, 36.49it/s]
 47%|████▋     | 37/79 [00:01<00:01, 36.97it/s]
 52%|█████▏    | 41/79 [00:01<00:01, 37.21it/s]
 57%|█████▋    | 45/79 [00:01<00:00, 37.42it/s]
 62%|██████▏   | 49/79 [00:01<00:00, 37.34it/s]
 67%|██████▋   | 53/79 [00:01<00:00, 37.45it/s]
 72%|███████▏  | 57/79 [00:01<00:00, 36.76it/s]
 77%|███████▋  | 61/79 [00:01<00:00, 36.95it/s]
 82%|████████▏ | 65/79 [00:01<00:00, 37.23it/s]
 87%|████████▋ | 69/79 [00:01<00:00, 37.10it/s]
 92%|█████████▏| 73/79 [00:02<00:00, 37.26it/s]
 97%|█████████▋| 77/79 [00:02<00:00, 37.04it/s]
100%|██████████| 79/79 [00:02<00:00, 35.51it/s]

CommRound: 12/30
Accuracy: 90.99% | Loss: 0.3251
[########################------------------------------------] 40.0%
Elapsed: 2.4m | Avg/Round: 11.8s | Last: 10.6s | Next: 11.8s | Remaining: 3.5m
ETA: 03:33:57
Recent round times: R1: 10.8s -> R2: 10.9s -> R3: 11.1s -> R4: 10.9s -> R5: 10.6s

  0%|          | 0/79 [00:00<?, ?it/s]
  1%|▏         | 1/79 [00:00<00:11,  6.51it/s]
  9%|▉         | 7/79 [00:00<00:02, 27.24it/s]
 14%|█▍        | 11/79 [00:00<00:02, 28.12it/s]
 19%|█▉        | 15/79 [00:00<00:02, 29.88it/s]
 24%|██▍       | 19/79 [00:00<00:01, 30.50it/s]
 29%|██▉       | 23/79 [00:00<00:01, 30.81it/s]
 34%|███▍      | 27/79 [00:00<00:01, 31.08it/s]
 39%|███▉      | 31/79 [00:01<00:01, 31.08it/s]
 44%|████▍     | 35/79 [00:01<00:01, 31.04it/s]
 49%|████▉     | 39/79 [00:01<00:01, 31.18it/s]
 54%|█████▍    | 43/79 [00:01<00:01, 30.98it/s]
 59%|█████▉    | 47/79 [00:01<00:01, 30.99it/s]
 65%|██████▍   | 51/79 [00:01<00:00, 30.53it/s]
 70%|██████▉   | 55/79 [00:01<00:00, 30.54it/s]
 75%|███████▍  | 59/79 [00:01<00:00, 30.37it/s]
 80%|███████▉  | 63/79 [00:02<00:00, 30.21it/s]
 85%|████████▍ | 67/79 [00:02<00:00, 30.09it/s]
 90%|████████▉ | 71/79 [00:02<00:00, 30.38it/s]
 95%|█████████▍| 75/79 [00:02<00:00, 30.50it/s]
100%|██████████| 79/79 [00:02<00:00, 30.53it/s]

CommRound: 13/30
Accuracy: 91.05% | Loss: 0.3253
[##########################----------------------------------] 43.3%
Elapsed: 2.5m | Avg/Round: 11.7s | Last: 11.0s | Next: 11.7s | Remaining: 3.3m
ETA: 03:33:56
Recent round times: R1: 10.9s -> R2: 11.1s -> R3: 10.9s -> R4: 10.6s -> R5: 11.0s

  0%|          | 0/79 [00:00<?, ?it/s]
  1%|▏         | 1/79 [00:00<00:11,  6.52it/s]
  6%|▋         | 5/79 [00:00<00:03, 22.24it/s]
 11%|█▏        | 9/79 [00:00<00:02, 28.76it/s]
 16%|█▋        | 13/79 [00:00<00:02, 32.01it/s]
 22%|██▏       | 17/79 [00:00<00:01, 33.76it/s]
 27%|██▋       | 21/79 [00:00<00:01, 34.56it/s]
 32%|███▏      | 25/79 [00:00<00:01, 35.59it/s]
 37%|███▋      | 29/79 [00:00<00:01, 36.08it/s]
 42%|████▏     | 33/79 [00:01<00:01, 36.57it/s]
 47%|████▋     | 37/79 [00:01<00:01, 36.73it/s]
 52%|█████▏    | 41/79 [00:01<00:01, 36.75it/s]
 57%|█████▋    | 45/79 [00:01<00:00, 36.84it/s]
 62%|██████▏   | 49/79 [00:01<00:00, 36.69it/s]
 67%|██████▋   | 53/79 [00:01<00:00, 36.71it/s]
 72%|███████▏  | 57/79 [00:01<00:00, 34.95it/s]
 77%|███████▋  | 61/79 [00:01<00:00, 33.53it/s]
 82%|████████▏ | 65/79 [00:01<00:00, 33.06it/s]
 87%|████████▋ | 69/79 [00:02<00:00, 32.64it/s]
 92%|█████████▏| 73/79 [00:02<00:00, 31.90it/s]
 97%|█████████▋| 77/79 [00:02<00:00, 32.14it/s]
100%|██████████| 79/79 [00:02<00:00, 33.64it/s]

CommRound: 14/30
Accuracy: 91.03% | Loss: 0.3260
[############################--------------------------------] 46.7%
Elapsed: 2.7m | Avg/Round: 11.6s | Last: 10.7s | Next: 11.6s | Remaining: 3.1m
ETA: 03:33:54
Recent round times: R1: 11.1s -> R2: 10.9s -> R3: 10.6s -> R4: 11.0s -> R5: 10.7s

  0%|          | 0/79 [00:00<?, ?it/s]
  1%|▏         | 1/79 [00:00<00:10,  7.45it/s]
  6%|▋         | 5/79 [00:00<00:03, 23.79it/s]
 11%|█▏        | 9/79 [00:00<00:02, 26.26it/s]
 16%|█▋        | 13/79 [00:00<00:02, 28.51it/s]
 22%|██▏       | 17/79 [00:00<00:02, 29.34it/s]
 27%|██▋       | 21/79 [00:00<00:01, 30.07it/s]
 32%|███▏      | 25/79 [00:00<00:01, 30.64it/s]
 37%|███▋      | 29/79 [00:01<00:01, 31.01it/s]
 42%|████▏     | 33/79 [00:01<00:01, 31.22it/s]
 47%|████▋     | 37/79 [00:01<00:01, 31.40it/s]
 52%|█████▏    | 41/79 [00:01<00:01, 31.24it/s]
 57%|█████▋    | 45/79 [00:01<00:01, 31.39it/s]
 62%|██████▏   | 49/79 [00:01<00:00, 31.05it/s]
 67%|██████▋   | 53/79 [00:01<00:00, 30.53it/s]
 72%|███████▏  | 57/79 [00:01<00:00, 30.59it/s]
 77%|███████▋  | 61/79 [00:02<00:00, 30.70it/s]
 82%|████████▏ | 65/79 [00:02<00:00, 30.68it/s]
 87%|████████▋ | 69/79 [00:02<00:00, 30.43it/s]
 92%|█████████▏| 73/79 [00:02<00:00, 30.43it/s]
 97%|█████████▋| 77/79 [00:02<00:00, 29.32it/s]
100%|██████████| 79/79 [00:02<00:00, 30.16it/s]

CommRound: 15/30
Accuracy: 90.99% | Loss: 0.3274
[##############################------------------------------] 50.0%
Elapsed: 2.9m | Avg/Round: 11.6s | Last: 11.1s | Next: 11.6s | Remaining: 2.9m
ETA: 03:33:52
Recent round times: R1: 10.9s -> R2: 10.6s -> R3: 11.0s -> R4: 10.7s -> R5: 11.1s

  0%|          | 0/79 [00:00<?, ?it/s]
  1%|▏         | 1/79 [00:00<00:11,  7.07it/s]
  6%|▋         | 5/79 [00:00<00:03, 19.86it/s]
 11%|█▏        | 9/79 [00:00<00:03, 22.68it/s]
 16%|█▋        | 13/79 [00:00<00:02, 25.73it/s]
 20%|██        | 16/79 [00:00<00:03, 16.05it/s]
 25%|██▌       | 20/79 [00:01<00:02, 20.36it/s]
 30%|███       | 24/79 [00:01<00:02, 24.05it/s]
 35%|███▌      | 28/79 [00:01<00:01, 27.21it/s]
 41%|████      | 32/79 [00:01<00:01, 29.62it/s]
 46%|████▌     | 36/79 [00:01<00:01, 31.52it/s]
 51%|█████     | 40/79 [00:01<00:01, 32.82it/s]
 56%|█████▌    | 44/79 [00:01<00:01, 33.44it/s]
 61%|██████    | 48/79 [00:01<00:00, 34.26it/s]
 66%|██████▌   | 52/79 [00:01<00:00, 34.90it/s]
 71%|███████   | 56/79 [00:02<00:00, 35.28it/s]
 76%|███████▌  | 60/79 [00:02<00:00, 35.89it/s]
 81%|████████  | 64/79 [00:02<00:00, 35.89it/s]
 86%|████████▌ | 68/79 [00:02<00:00, 36.67it/s]
 91%|█████████ | 72/79 [00:02<00:00, 35.86it/s]
 96%|█████████▌| 76/79 [00:02<00:00, 35.19it/s]
100%|██████████| 79/79 [00:02<00:00, 29.99it/s]

CommRound: 16/30
Accuracy: 91.04% | Loss: 0.3284
[################################----------------------------] 53.3%
Elapsed: 3.1m | Avg/Round: 11.6s | Last: 11.0s | Next: 11.6s | Remaining: 2.7m
ETA: 03:33:51
Recent round times: R1: 10.6s -> R2: 11.0s -> R3: 10.7s -> R4: 11.1s -> R5: 11.0s

  0%|          | 0/79 [00:00<?, ?it/s]
  1%|▏         | 1/79 [00:00<00:10,  7.16it/s]
  6%|▋         | 5/79 [00:00<00:03, 22.70it/s]
 11%|█▏        | 9/79 [00:00<00:02, 24.13it/s]
 15%|█▌        | 12/79 [00:00<00:03, 17.17it/s]
 19%|█▉        | 15/79 [00:00<00:03, 18.48it/s]
 24%|██▍       | 19/79 [00:00<00:02, 21.19it/s]
 29%|██▉       | 23/79 [00:01<00:02, 23.07it/s]
 34%|███▍      | 27/79 [00:01<00:02, 24.59it/s]
 39%|███▉      | 31/79 [00:01<00:01, 25.44it/s]
 44%|████▍     | 35/79 [00:01<00:01, 25.58it/s]
 49%|████▉     | 39/79 [00:01<00:01, 26.09it/s]
 54%|█████▍    | 43/79 [00:01<00:01, 25.80it/s]
 59%|█████▉    | 47/79 [00:01<00:01, 26.19it/s]
 65%|██████▍   | 51/79 [00:02<00:01, 27.08it/s]
 70%|██████▉   | 55/79 [00:02<00:00, 27.64it/s]
 75%|███████▍  | 59/79 [00:02<00:00, 28.22it/s]
 80%|███████▉  | 63/79 [00:02<00:00, 28.36it/s]
 85%|████████▍ | 67/79 [00:02<00:00, 28.61it/s]
 90%|████████▉ | 71/79 [00:02<00:00, 27.76it/s]
 95%|█████████▍| 75/79 [00:02<00:00, 27.04it/s]
100%|██████████| 79/79 [00:03<00:00, 25.45it/s]

CommRound: 17/30
Accuracy: 91.08% | Loss: 0.3293
[##################################--------------------------] 56.7%
Elapsed: 3.3m | Avg/Round: 11.6s | Last: 11.5s | Next: 11.6s | Remaining: 2.5m
ETA: 03:33:51
Recent round times: R1: 11.0s -> R2: 10.7s -> R3: 11.1s -> R4: 11.0s -> R5: 11.5s

  0%|          | 0/79 [00:00<?, ?it/s]
  1%|▏         | 1/79 [00:00<00:11,  6.90it/s]
  6%|▋         | 5/79 [00:00<00:03, 22.20it/s]
 10%|█         | 8/79 [00:00<00:05, 13.06it/s]
 14%|█▍        | 11/79 [00:00<00:04, 15.90it/s]
 19%|█▉        | 15/79 [00:00<00:03, 19.77it/s]
 24%|██▍       | 19/79 [00:00<00:02, 22.44it/s]
 29%|██▉       | 23/79 [00:01<00:02, 23.93it/s]
 34%|███▍      | 27/79 [00:01<00:01, 26.17it/s]
 39%|███▉      | 31/79 [00:01<00:01, 27.45it/s]
 44%|████▍     | 35/79 [00:01<00:01, 28.26it/s]
 49%|████▉     | 39/79 [00:01<00:01, 28.23it/s]
 54%|█████▍    | 43/79 [00:01<00:01, 28.64it/s]
 59%|█████▉    | 47/79 [00:01<00:01, 28.73it/s]
 65%|██████▍   | 51/79 [00:02<00:00, 29.91it/s]
 70%|██████▉   | 55/79 [00:02<00:00, 29.52it/s]
 75%|███████▍  | 59/79 [00:02<00:00, 30.46it/s]
 80%|███████▉  | 63/79 [00:02<00:00, 32.16it/s]
 85%|████████▍ | 67/79 [00:02<00:00, 33.40it/s]
 90%|████████▉ | 71/79 [00:02<00:00, 34.38it/s]
 95%|█████████▍| 75/79 [00:02<00:00, 34.53it/s]
100%|██████████| 79/79 [00:02<00:00, 27.65it/s]

CommRound: 18/30
Accuracy: 91.12% | Loss: 0.3301
[####################################------------------------] 60.0%
Elapsed: 3.5m | Avg/Round: 11.5s | Last: 11.1s | Next: 11.5s | Remaining: 2.3m
ETA: 03:33:50
Recent round times: R1: 10.7s -> R2: 11.1s -> R3: 11.0s -> R4: 11.5s -> R5: 11.1s

  0%|          | 0/79 [00:00<?, ?it/s]
  1%|▏         | 1/79 [00:00<00:11,  6.68it/s]
  6%|▋         | 5/79 [00:00<00:03, 22.42it/s]
 10%|█         | 8/79 [00:00<00:02, 25.24it/s]
 14%|█▍        | 11/79 [00:00<00:02, 24.55it/s]
 19%|█▉        | 15/79 [00:00<00:02, 27.04it/s]
 24%|██▍       | 19/79 [00:00<00:02, 28.44it/s]
 29%|██▉       | 23/79 [00:00<00:01, 29.02it/s]
 34%|███▍      | 27/79 [00:01<00:01, 29.49it/s]
 39%|███▉      | 31/79 [00:01<00:01, 29.97it/s]
 44%|████▍     | 35/79 [00:01<00:01, 30.18it/s]
 49%|████▉     | 39/79 [00:01<00:01, 30.33it/s]
 54%|█████▍    | 43/79 [00:01<00:01, 30.34it/s]
 59%|█████▉    | 47/79 [00:01<00:01, 30.24it/s]
 65%|██████▍   | 51/79 [00:01<00:00, 30.40it/s]
 70%|██████▉   | 55/79 [00:01<00:00, 30.61it/s]
 75%|███████▍  | 59/79 [00:02<00:00, 30.45it/s]
 80%|███████▉  | 63/79 [00:02<00:00, 30.61it/s]
 85%|████████▍ | 67/79 [00:02<00:00, 30.50it/s]
 90%|████████▉ | 71/79 [00:02<00:00, 30.69it/s]
 95%|█████████▍| 75/79 [00:02<00:00, 30.67it/s]
100%|██████████| 79/79 [00:02<00:00, 29.76it/s]

CommRound: 19/30
Accuracy: 91.10% | Loss: 0.3307
[######################################----------------------] 63.3%
Elapsed: 3.6m | Avg/Round: 11.5s | Last: 11.0s | Next: 11.5s | Remaining: 2.1m
ETA: 03:33:50
Recent round times: R1: 11.1s -> R2: 11.0s -> R3: 11.5s -> R4: 11.1s -> R5: 11.0s

  0%|          | 0/79 [00:00<?, ?it/s]
  1%|▏         | 1/79 [00:00<00:09,  7.93it/s]
  6%|▋         | 5/79 [00:00<00:03, 24.18it/s]
 11%|█▏        | 9/79 [00:00<00:02, 29.86it/s]
 16%|█▋        | 13/79 [00:00<00:02, 32.85it/s]
 22%|██▏       | 17/79 [00:00<00:01, 34.46it/s]
 27%|██▋       | 21/79 [00:00<00:01, 35.57it/s]
 32%|███▏      | 25/79 [00:00<00:01, 36.07it/s]
 37%|███▋      | 29/79 [00:00<00:01, 36.04it/s]
 42%|████▏     | 33/79 [00:00<00:01, 35.92it/s]
 47%|████▋     | 37/79 [00:01<00:01, 36.06it/s]
 52%|█████▏    | 41/79 [00:01<00:01, 36.07it/s]
 57%|█████▋    | 45/79 [00:01<00:00, 35.29it/s]
 62%|██████▏   | 49/79 [00:01<00:00, 33.73it/s]
 67%|██████▋   | 53/79 [00:01<00:00, 32.49it/s]
 72%|███████▏  | 57/79 [00:01<00:00, 32.12it/s]
 77%|███████▋  | 61/79 [00:01<00:00, 31.81it/s]
 82%|████████▏ | 65/79 [00:01<00:00, 31.67it/s]
 87%|████████▋ | 69/79 [00:02<00:00, 31.28it/s]
 92%|█████████▏| 73/79 [00:02<00:00, 30.73it/s]
 97%|█████████▋| 77/79 [00:02<00:00, 30.97it/s]
100%|██████████| 79/79 [00:02<00:00, 32.69it/s]

CommRound: 20/30
Accuracy: 91.11% | Loss: 0.3312
[########################################--------------------] 66.7%
Elapsed: 3.8m | Avg/Round: 11.5s | Last: 10.8s | Next: 11.5s | Remaining: 1.9m
ETA: 03:33:49
Recent round times: R1: 11.0s -> R2: 11.5s -> R3: 11.1s -> R4: 11.0s -> R5: 10.8s

  0%|          | 0/79 [00:00<?, ?it/s]
  1%|▏         | 1/79 [00:00<00:09,  8.60it/s]
  8%|▊         | 6/79 [00:00<00:02, 27.34it/s]
 13%|█▎        | 10/79 [00:00<00:02, 31.04it/s]
 18%|█▊        | 14/79 [00:00<00:01, 32.57it/s]
 23%|██▎       | 18/79 [00:00<00:01, 34.14it/s]
 28%|██▊       | 22/79 [00:00<00:01, 34.99it/s]
 33%|███▎      | 26/79 [00:00<00:01, 35.45it/s]
 38%|███▊      | 30/79 [00:00<00:01, 35.90it/s]
 43%|████▎     | 34/79 [00:01<00:01, 36.15it/s]
 48%|████▊     | 38/79 [00:01<00:01, 36.35it/s]
 53%|█████▎    | 42/79 [00:01<00:01, 36.64it/s]
 58%|█████▊    | 46/79 [00:01<00:00, 36.45it/s]
 63%|██████▎   | 50/79 [00:01<00:00, 36.27it/s]
 68%|██████▊   | 54/79 [00:01<00:00, 36.19it/s]
 73%|███████▎  | 58/79 [00:01<00:00, 35.92it/s]
 78%|███████▊  | 62/79 [00:01<00:00, 36.24it/s]
 84%|████████▎ | 66/79 [00:01<00:00, 35.86it/s]
 89%|████████▊ | 70/79 [00:02<00:00, 35.76it/s]
 94%|█████████▎| 74/79 [00:02<00:00, 35.07it/s]
 99%|█████████▊| 78/79 [00:02<00:00, 35.41it/s]
100%|██████████| 79/79 [00:02<00:00, 34.93it/s]

CommRound: 21/30
Accuracy: 91.11% | Loss: 0.3317
[##########################################------------------] 70.0%
Elapsed: 4.0m | Avg/Round: 11.4s | Last: 10.6s | Next: 11.4s | Remaining: 1.7m
ETA: 03:33:47
Recent round times: R1: 11.5s -> R2: 11.1s -> R3: 11.0s -> R4: 10.8s -> R5: 10.6s

  0%|          | 0/79 [00:00<?, ?it/s]
  1%|▏         | 1/79 [00:00<00:10,  7.14it/s]
  6%|▋         | 5/79 [00:00<00:03, 20.20it/s]
 11%|█▏        | 9/79 [00:00<00:02, 23.83it/s]
 16%|█▋        | 13/79 [00:00<00:02, 25.26it/s]
 22%|██▏       | 17/79 [00:00<00:02, 25.70it/s]
 27%|██▋       | 21/79 [00:00<00:02, 27.87it/s]
 32%|███▏      | 25/79 [00:00<00:01, 29.35it/s]
 37%|███▋      | 29/79 [00:01<00:01, 30.53it/s]
 42%|████▏     | 33/79 [00:01<00:01, 31.49it/s]
 47%|████▋     | 37/79 [00:01<00:01, 32.43it/s]
 52%|█████▏    | 41/79 [00:01<00:01, 33.00it/s]
 57%|█████▋    | 45/79 [00:01<00:01, 33.36it/s]
 62%|██████▏   | 49/79 [00:01<00:00, 32.85it/s]
 67%|██████▋   | 53/79 [00:01<00:00, 33.37it/s]
 72%|███████▏  | 57/79 [00:01<00:00, 33.86it/s]
 77%|███████▋  | 61/79 [00:02<00:00, 34.06it/s]
 82%|████████▏ | 65/79 [00:02<00:00, 34.31it/s]
 87%|████████▋ | 69/79 [00:02<00:00, 33.70it/s]
 92%|█████████▏| 73/79 [00:02<00:00, 33.68it/s]
 97%|█████████▋| 77/79 [00:02<00:00, 33.49it/s]
100%|██████████| 79/79 [00:02<00:00, 30.75it/s]

CommRound: 22/30
Accuracy: 91.12% | Loss: 0.3324
[############################################----------------] 73.3%
Elapsed: 4.2m | Avg/Round: 11.4s | Last: 11.0s | Next: 11.4s | Remaining: 1.5m
ETA: 03:33:47
Recent round times: R1: 11.1s -> R2: 11.0s -> R3: 10.8s -> R4: 10.6s -> R5: 11.0s

  0%|          | 0/79 [00:00<?, ?it/s]
  1%|▏         | 1/79 [00:00<00:11,  6.78it/s]
  6%|▋         | 5/79 [00:00<00:03, 20.70it/s]
 11%|█▏        | 9/79 [00:00<00:02, 23.60it/s]
 16%|█▋        | 13/79 [00:00<00:02, 24.78it/s]
 22%|██▏       | 17/79 [00:00<00:02, 24.88it/s]
 27%|██▋       | 21/79 [00:00<00:02, 25.63it/s]
 32%|███▏      | 25/79 [00:01<00:02, 26.16it/s]
 37%|███▋      | 29/79 [00:01<00:01, 26.82it/s]
 42%|████▏     | 33/79 [00:01<00:01, 27.35it/s]
 47%|████▋     | 37/79 [00:01<00:01, 28.03it/s]
 52%|█████▏    | 41/79 [00:01<00:01, 27.48it/s]
 57%|█████▋    | 45/79 [00:01<00:01, 27.78it/s]
 62%|██████▏   | 49/79 [00:01<00:01, 27.65it/s]
 67%|██████▋   | 53/79 [00:02<00:00, 27.67it/s]
 72%|███████▏  | 57/79 [00:02<00:00, 27.42it/s]
 77%|███████▋  | 61/79 [00:02<00:00, 27.20it/s]
 82%|████████▏ | 65/79 [00:02<00:00, 27.13it/s]
 87%|████████▋ | 69/79 [00:02<00:00, 26.94it/s]
 92%|█████████▏| 73/79 [00:02<00:00, 27.30it/s]
 97%|█████████▋| 77/79 [00:02<00:00, 28.30it/s]
100%|██████████| 79/79 [00:02<00:00, 27.06it/s]

CommRound: 23/30
Accuracy: 91.12% | Loss: 0.3330
[##############################################--------------] 76.7%
Elapsed: 4.4m | Avg/Round: 11.4s | Last: 11.4s | Next: 11.4s | Remaining: 1.3m
ETA: 03:33:47
Recent round times: R1: 11.0s -> R2: 10.8s -> R3: 10.6s -> R4: 11.0s -> R5: 11.4s

  0%|          | 0/79 [00:00<?, ?it/s]
  1%|▏         | 1/79 [00:00<00:10,  7.42it/s]
  8%|▊         | 6/79 [00:00<00:02, 27.93it/s]
 13%|█▎        | 10/79 [00:00<00:02, 31.19it/s]
 18%|█▊        | 14/79 [00:00<00:01, 32.67it/s]
 23%|██▎       | 18/79 [00:00<00:01, 33.82it/s]
 28%|██▊       | 22/79 [00:00<00:01, 34.76it/s]
 33%|███▎      | 26/79 [00:00<00:01, 34.11it/s]
 38%|███▊      | 30/79 [00:00<00:01, 33.95it/s]
 43%|████▎     | 34/79 [00:01<00:01, 35.05it/s]
 48%|████▊     | 38/79 [00:01<00:01, 34.96it/s]
 53%|█████▎    | 42/79 [00:01<00:01, 34.98it/s]
 58%|█████▊    | 46/79 [00:01<00:00, 35.29it/s]
 63%|██████▎   | 50/79 [00:01<00:00, 35.61it/s]
 68%|██████▊   | 54/79 [00:01<00:00, 34.85it/s]
 73%|███████▎  | 58/79 [00:01<00:00, 34.96it/s]
 78%|███████▊  | 62/79 [00:01<00:00, 35.19it/s]
 84%|████████▎ | 66/79 [00:01<00:00, 35.31it/s]
 89%|████████▊ | 70/79 [00:02<00:00, 35.50it/s]
 94%|█████████▎| 74/79 [00:02<00:00, 35.04it/s]
 99%|█████████▊| 78/79 [00:02<00:00, 35.36it/s]
100%|██████████| 79/79 [00:02<00:00, 34.21it/s]

CommRound: 24/30
Accuracy: 91.14% | Loss: 0.3336
[################################################------------] 80.0%
Elapsed: 4.6m | Avg/Round: 11.4s | Last: 10.8s | Next: 11.4s | Remaining: 1.1m
ETA: 03:33:46
Recent round times: R1: 10.8s -> R2: 10.6s -> R3: 11.0s -> R4: 11.4s -> R5: 10.8s

  0%|          | 0/79 [00:00<?, ?it/s]
  1%|▏         | 1/79 [00:00<00:12,  6.19it/s]
  8%|▊         | 6/79 [00:00<00:02, 26.45it/s]
 13%|█▎        | 10/79 [00:00<00:02, 26.83it/s]
 18%|█▊        | 14/79 [00:00<00:02, 27.60it/s]
 23%|██▎       | 18/79 [00:00<00:02, 29.41it/s]
 28%|██▊       | 22/79 [00:00<00:01, 31.55it/s]
 33%|███▎      | 26/79 [00:00<00:01, 30.02it/s]
 38%|███▊      | 30/79 [00:01<00:01, 28.59it/s]
 43%|████▎     | 34/79 [00:01<00:01, 29.96it/s]
 48%|████▊     | 38/79 [00:01<00:01, 29.86it/s]
 53%|█████▎    | 42/79 [00:01<00:01, 29.74it/s]
 58%|█████▊    | 46/79 [00:01<00:01, 29.54it/s]
 63%|██████▎   | 50/79 [00:01<00:00, 31.70it/s]
 68%|██████▊   | 54/79 [00:01<00:00, 33.14it/s]
 73%|███████▎  | 58/79 [00:01<00:00, 34.22it/s]
 78%|███████▊  | 62/79 [00:02<00:00, 32.26it/s]
 84%|████████▎ | 66/79 [00:02<00:00, 30.93it/s]
 89%|████████▊ | 70/79 [00:02<00:00, 30.47it/s]
 94%|█████████▎| 74/79 [00:02<00:00, 30.10it/s]
 99%|█████████▊| 78/79 [00:02<00:00, 30.47it/s]
100%|██████████| 79/79 [00:02<00:00, 29.98it/s]

CommRound: 25/30
Accuracy: 91.14% | Loss: 0.3341
[##################################################----------] 83.3%
Elapsed: 4.7m | Avg/Round: 11.4s | Last: 11.3s | Next: 11.4s | Remaining: 0.9m
ETA: 03:33:46
Recent round times: R1: 10.6s -> R2: 11.0s -> R3: 11.4s -> R4: 10.8s -> R5: 11.3s

  0%|          | 0/79 [00:00<?, ?it/s]
  1%|▏         | 1/79 [00:00<00:09,  8.14it/s]
  9%|▉         | 7/79 [00:00<00:02, 28.45it/s]
 14%|█▍        | 11/79 [00:00<00:02, 31.02it/s]
 19%|█▉        | 15/79 [00:00<00:01, 32.06it/s]
 24%|██▍       | 19/79 [00:00<00:01, 32.50it/s]
 29%|██▉       | 23/79 [00:00<00:01, 31.14it/s]
 34%|███▍      | 27/79 [00:00<00:01, 30.01it/s]
 39%|███▉      | 31/79 [00:01<00:01, 31.59it/s]
 44%|████▍     | 35/79 [00:01<00:01, 32.52it/s]
 49%|████▉     | 39/79 [00:01<00:01, 33.51it/s]
 54%|█████▍    | 43/79 [00:01<00:01, 34.21it/s]
 59%|█████▉    | 47/79 [00:01<00:00, 34.76it/s]
 65%|██████▍   | 51/79 [00:01<00:00, 31.51it/s]
 70%|██████▉   | 55/79 [00:01<00:00, 32.78it/s]
 75%|███████▍  | 59/79 [00:01<00:00, 31.98it/s]
 80%|███████▉  | 63/79 [00:02<00:00, 31.23it/s]
 85%|████████▍ | 67/79 [00:02<00:00, 30.80it/s]
 90%|████████▉ | 71/79 [00:02<00:00, 29.62it/s]
 95%|█████████▍| 75/79 [00:02<00:00, 30.63it/s]
100%|██████████| 79/79 [00:02<00:00, 31.80it/s]

CommRound: 26/30
Accuracy: 91.17% | Loss: 0.3347
[####################################################--------] 86.7%
Elapsed: 4.9m | Avg/Round: 11.4s | Last: 11.9s | Next: 11.4s | Remaining: 0.8m
ETA: 03:33:46
Recent round times: R1: 11.0s -> R2: 11.4s -> R3: 10.8s -> R4: 11.3s -> R5: 11.9s

  0%|          | 0/79 [00:00<?, ?it/s]
  1%|▏         | 1/79 [00:00<00:09,  8.10it/s]
  8%|▊         | 6/79 [00:00<00:03, 24.22it/s]
 13%|█▎        | 10/79 [00:00<00:02, 25.03it/s]
 18%|█▊        | 14/79 [00:00<00:02, 25.25it/s]
 23%|██▎       | 18/79 [00:00<00:02, 25.45it/s]
 28%|██▊       | 22/79 [00:00<00:02, 25.97it/s]
 33%|███▎      | 26/79 [00:01<00:01, 26.64it/s]
 38%|███▊      | 30/79 [00:01<00:01, 26.91it/s]
 43%|████▎     | 34/79 [00:01<00:01, 27.23it/s]
 48%|████▊     | 38/79 [00:01<00:01, 27.46it/s]
 52%|█████▏    | 41/79 [00:01<00:01, 27.66it/s]
 57%|█████▋    | 45/79 [00:01<00:01, 30.12it/s]
 62%|██████▏   | 49/79 [00:01<00:00, 31.85it/s]
 67%|██████▋   | 53/79 [00:01<00:00, 33.30it/s]
 72%|███████▏  | 57/79 [00:02<00:00, 34.14it/s]
 77%|███████▋  | 61/79 [00:02<00:00, 34.65it/s]
 82%|████████▏ | 65/79 [00:02<00:00, 34.58it/s]
 87%|████████▋ | 69/79 [00:02<00:00, 35.27it/s]
 92%|█████████▏| 73/79 [00:02<00:00, 35.54it/s]
 97%|█████████▋| 77/79 [00:02<00:00, 35.86it/s]
100%|██████████| 79/79 [00:02<00:00, 30.18it/s]

CommRound: 27/30
Accuracy: 91.22% | Loss: 0.3352
[######################################################------] 90.0%
Elapsed: 5.1m | Avg/Round: 11.4s | Last: 11.0s | Next: 11.4s | Remaining: 0.6m
ETA: 03:33:46
Recent round times: R1: 11.4s -> R2: 10.8s -> R3: 11.3s -> R4: 11.9s -> R5: 11.0s

  0%|          | 0/79 [00:00<?, ?it/s]
  1%|▏         | 1/79 [00:00<00:09,  8.52it/s]
  8%|▊         | 6/79 [00:00<00:02, 30.73it/s]
 13%|█▎        | 10/79 [00:00<00:02, 32.74it/s]
 18%|█▊        | 14/79 [00:00<00:01, 33.02it/s]
 23%|██▎       | 18/79 [00:00<00:02, 23.47it/s]
 28%|██▊       | 22/79 [00:00<00:02, 24.82it/s]
 33%|███▎      | 26/79 [00:00<00:02, 25.55it/s]
 38%|███▊      | 30/79 [00:01<00:01, 26.23it/s]
 43%|████▎     | 34/79 [00:01<00:01, 27.99it/s]
 48%|████▊     | 38/79 [00:01<00:01, 29.95it/s]
 53%|█████▎    | 42/79 [00:01<00:01, 31.42it/s]
 58%|█████▊    | 46/79 [00:01<00:01, 32.70it/s]
 63%|██████▎   | 50/79 [00:01<00:00, 33.82it/s]
 68%|██████▊   | 54/79 [00:01<00:00, 34.40it/s]
 73%|███████▎  | 58/79 [00:01<00:00, 34.78it/s]
 78%|███████▊  | 62/79 [00:02<00:00, 34.93it/s]
 84%|████████▎ | 66/79 [00:02<00:00, 35.04it/s]
 89%|████████▊ | 70/79 [00:02<00:00, 35.45it/s]
 94%|█████████▎| 74/79 [00:02<00:00, 35.57it/s]
 99%|█████████▊| 78/79 [00:02<00:00, 36.22it/s]
100%|██████████| 79/79 [00:02<00:00, 31.44it/s]

CommRound: 28/30
Accuracy: 91.23% | Loss: 0.3357
[########################################################----] 93.3%
Elapsed: 5.3m | Avg/Round: 11.4s | Last: 10.8s | Next: 11.4s | Remaining: 0.4m
ETA: 03:33:45
Recent round times: R1: 10.8s -> R2: 11.3s -> R3: 11.9s -> R4: 11.0s -> R5: 10.8s

  0%|          | 0/79 [00:00<?, ?it/s]
  1%|▏         | 1/79 [00:00<00:09,  8.19it/s]
  9%|▉         | 7/79 [00:00<00:02, 27.55it/s]
 14%|█▍        | 11/79 [00:00<00:04, 14.17it/s]
 19%|█▉        | 15/79 [00:00<00:03, 16.94it/s]
 24%|██▍       | 19/79 [00:01<00:03, 19.86it/s]
 29%|██▉       | 23/79 [00:01<00:02, 22.45it/s]
 34%|███▍      | 27/79 [00:01<00:02, 23.96it/s]
 39%|███▉      | 31/79 [00:01<00:01, 25.11it/s]
 44%|████▍     | 35/79 [00:01<00:01, 26.22it/s]
 49%|████▉     | 39/79 [00:01<00:01, 27.64it/s]
 54%|█████▍    | 43/79 [00:01<00:01, 27.97it/s]
 59%|█████▉    | 47/79 [00:01<00:01, 28.24it/s]
 65%|██████▍   | 51/79 [00:02<00:00, 28.22it/s]
 68%|██████▊   | 54/79 [00:02<00:00, 27.98it/s]
 72%|███████▏  | 57/79 [00:02<00:00, 28.44it/s]
 76%|███████▌  | 60/79 [00:02<00:00, 28.74it/s]
 81%|████████  | 64/79 [00:02<00:00, 28.79it/s]
 86%|████████▌ | 68/79 [00:02<00:00, 28.18it/s]
 91%|█████████ | 72/79 [00:02<00:00, 28.51it/s]
 96%|█████████▌| 76/79 [00:03<00:00, 28.92it/s]
100%|██████████| 79/79 [00:03<00:00, 25.59it/s]

CommRound: 29/30
Accuracy: 91.24% | Loss: 0.3360
[##########################################################--] 96.7%
Elapsed: 5.5m | Avg/Round: 11.4s | Last: 11.4s | Next: 11.4s | Remaining: 0.2m
ETA: 03:33:45
Recent round times: R1: 11.3s -> R2: 11.9s -> R3: 11.0s -> R4: 10.8s -> R5: 11.4s

  0%|          | 0/79 [00:00<?, ?it/s]
  1%|▏         | 1/79 [00:00<00:10,  7.44it/s]
  9%|▉         | 7/79 [00:00<00:04, 16.06it/s]
 14%|█▍        | 11/79 [00:00<00:03, 21.31it/s]
 19%|█▉        | 15/79 [00:00<00:02, 23.89it/s]
 24%|██▍       | 19/79 [00:00<00:02, 27.01it/s]
 29%|██▉       | 23/79 [00:00<00:02, 27.70it/s]
 34%|███▍      | 27/79 [00:01<00:01, 30.01it/s]
 39%|███▉      | 31/79 [00:01<00:01, 31.83it/s]
 44%|████▍     | 35/79 [00:01<00:01, 33.13it/s]
 49%|████▉     | 39/79 [00:01<00:01, 34.02it/s]
 54%|█████▍    | 43/79 [00:01<00:01, 35.06it/s]
 59%|█████▉    | 47/79 [00:01<00:00, 35.07it/s]
 65%|██████▍   | 51/79 [00:01<00:00, 35.15it/s]
 70%|██████▉   | 55/79 [00:01<00:00, 32.71it/s]
 75%|███████▍  | 59/79 [00:02<00:00, 31.05it/s]
 80%|███████▉  | 63/79 [00:02<00:00, 30.04it/s]
 85%|████████▍ | 67/79 [00:02<00:00, 30.22it/s]
 90%|████████▉ | 71/79 [00:02<00:00, 30.00it/s]
 95%|█████████▍| 75/79 [00:02<00:00, 29.43it/s]
100%|██████████| 79/79 [00:02<00:00, 29.64it/s]

CommRound: 30/30
Accuracy: 91.23% | Loss: 0.3364
[############################################################] 100.0%
Elapsed: 5.7m | Avg/Round: 11.4s | Last: 11.0s | Next: 11.4s | Remaining: 0.0m
ETA: 03:33:45
Recent round times: R1: 11.9s -> R2: 11.0s -> R3: 10.8s -> R4: 11.4s -> R5: 11.0s
Total time for experiment: 340.5917398929596 seconds
Device average training time per communication round [s]:
    rpi (sld-rpi-09.ece.utexas.edu): 5.38 seconds
    mc1 (sld-mc1-09.ece.utexas.edu): 3.47 seconds
