
  0%|          | 0/79 [00:00<?, ?it/s]
  1%|▏         | 1/79 [00:00<00:12,  6.16it/s]
  6%|▋         | 5/79 [00:00<00:03, 19.14it/s]
 10%|█         | 8/79 [00:00<00:03, 20.94it/s]
 14%|█▍        | 11/79 [00:00<00:03, 18.30it/s]
 18%|█▊        | 14/79 [00:00<00:03, 20.31it/s]
 22%|██▏       | 17/79 [00:00<00:02, 21.55it/s]
 25%|██▌       | 20/79 [00:01<00:02, 21.05it/s]
 29%|██▉       | 23/79 [00:01<00:02, 21.48it/s]
 33%|███▎      | 26/79 [00:01<00:02, 20.83it/s]
 37%|███▋      | 29/79 [00:01<00:02, 21.42it/s]
 41%|████      | 32/79 [00:01<00:02, 19.95it/s]
 46%|████▌     | 36/79 [00:01<00:02, 21.47it/s]
 51%|█████     | 40/79 [00:01<00:01, 24.28it/s]
 56%|█████▌    | 44/79 [00:02<00:01, 26.33it/s]
 61%|██████    | 48/79 [00:02<00:01, 27.87it/s]
 66%|██████▌   | 52/79 [00:02<00:00, 29.10it/s]
 71%|███████   | 56/79 [00:02<00:00, 30.64it/s]
 76%|███████▌  | 60/79 [00:02<00:00, 31.75it/s]
 81%|████████  | 64/79 [00:02<00:00, 32.67it/s]
 86%|████████▌ | 68/79 [00:02<00:00, 32.84it/s]
 91%|█████████ | 72/79 [00:02<00:00, 33.23it/s]
 96%|█████████▌| 76/79 [00:02<00:00, 34.12it/s]
100%|██████████| 79/79 [00:03<00:00, 26.08it/s]
Initial Accuracy: 10.09%; Initial Loss: 2.3067

  0%|          | 0/79 [00:00<?, ?it/s]
  1%|▏         | 1/79 [00:00<00:09,  8.08it/s]
  6%|▋         | 5/79 [00:00<00:03, 24.01it/s]
 11%|█▏        | 9/79 [00:00<00:02, 28.52it/s]
 16%|█▋        | 13/79 [00:00<00:02, 30.47it/s]
 22%|██▏       | 17/79 [00:00<00:02, 30.89it/s]
 27%|██▋       | 21/79 [00:00<00:01, 31.99it/s]
 32%|███▏      | 25/79 [00:00<00:01, 32.57it/s]
 37%|███▋      | 29/79 [00:00<00:01, 32.31it/s]
 42%|████▏     | 33/79 [00:01<00:01, 32.06it/s]
 47%|████▋     | 37/79 [00:01<00:01, 31.84it/s]
 52%|█████▏    | 41/79 [00:01<00:01, 32.03it/s]
 57%|█████▋    | 45/79 [00:01<00:01, 32.01it/s]
 62%|██████▏   | 49/79 [00:01<00:00, 30.55it/s]
 67%|██████▋   | 53/79 [00:01<00:00, 32.62it/s]
 72%|███████▏  | 57/79 [00:01<00:00, 32.19it/s]
 77%|███████▋  | 61/79 [00:01<00:00, 31.98it/s]
 82%|████████▏ | 65/79 [00:02<00:00, 32.31it/s]
 87%|████████▋ | 69/79 [00:02<00:00, 32.22it/s]
 92%|█████████▏| 73/79 [00:02<00:00, 32.06it/s]
 97%|█████████▋| 77/79 [00:02<00:00, 31.93it/s]
100%|██████████| 79/79 [00:02<00:00, 31.36it/s]

CommRound: 1/30
Accuracy: 10.28% | Loss: 2.9615
[##----------------------------------------------------------] 3.3%
Elapsed: 0.2m | Avg/Round: 12.6s | Last: 9.5s | Next: 12.6s | Remaining: 6.1m
ETA: 11:35:30
Recent round times: R1: 9.5s

  0%|          | 0/79 [00:00<?, ?it/s]
  1%|▏         | 1/79 [00:00<00:09,  8.30it/s]
  6%|▋         | 5/79 [00:00<00:03, 19.08it/s]
 11%|█▏        | 9/79 [00:00<00:03, 21.47it/s]
 16%|█▋        | 13/79 [00:00<00:02, 22.10it/s]
 22%|██▏       | 17/79 [00:00<00:02, 22.25it/s]
 25%|██▌       | 20/79 [00:00<00:02, 24.03it/s]
 29%|██▉       | 23/79 [00:01<00:02, 21.01it/s]
 34%|███▍      | 27/79 [00:01<00:02, 21.36it/s]
 38%|███▊      | 30/79 [00:01<00:02, 22.98it/s]
 42%|████▏     | 33/79 [00:01<00:02, 20.31it/s]
 47%|████▋     | 37/79 [00:01<00:01, 23.18it/s]
 52%|█████▏    | 41/79 [00:01<00:01, 25.88it/s]
 57%|█████▋    | 45/79 [00:01<00:01, 28.66it/s]
 62%|██████▏   | 49/79 [00:02<00:01, 28.23it/s]
 67%|██████▋   | 53/79 [00:02<00:00, 30.19it/s]
 72%|███████▏  | 57/79 [00:02<00:00, 29.56it/s]
 77%|███████▋  | 61/79 [00:02<00:00, 29.31it/s]
 82%|████████▏ | 65/79 [00:02<00:00, 30.39it/s]
 87%|████████▋ | 69/79 [00:02<00:00, 32.00it/s]
 92%|█████████▏| 73/79 [00:02<00:00, 33.17it/s]
 97%|█████████▋| 77/79 [00:02<00:00, 33.84it/s]
100%|██████████| 79/79 [00:02<00:00, 26.88it/s]

CommRound: 2/30
Accuracy: 10.76% | Loss: 2.9965
[####--------------------------------------------------------] 6.7%
Elapsed: 0.4m | Avg/Round: 11.2s | Last: 9.8s | Next: 11.2s | Remaining: 5.2m
ETA: 11:34:48
Recent round times: R1: 9.5s -> R2: 9.8s

  0%|          | 0/79 [00:00<?, ?it/s]
  1%|▏         | 1/79 [00:00<00:10,  7.68it/s]
  6%|▋         | 5/79 [00:00<00:03, 22.98it/s]
 11%|█▏        | 9/79 [00:00<00:02, 29.65it/s]
 16%|█▋        | 13/79 [00:00<00:02, 31.47it/s]
 22%|██▏       | 17/79 [00:00<00:01, 31.85it/s]
 27%|██▋       | 21/79 [00:00<00:01, 32.95it/s]
 32%|███▏      | 25/79 [00:00<00:01, 33.47it/s]
 37%|███▋      | 29/79 [00:00<00:01, 32.72it/s]
 42%|████▏     | 33/79 [00:01<00:01, 33.05it/s]
 47%|████▋     | 37/79 [00:01<00:01, 33.10it/s]
 52%|█████▏    | 41/79 [00:01<00:01, 33.16it/s]
 57%|█████▋    | 45/79 [00:01<00:01, 33.54it/s]
 62%|██████▏   | 49/79 [00:01<00:00, 33.33it/s]
 67%|██████▋   | 53/79 [00:01<00:00, 33.60it/s]
 72%|███████▏  | 57/79 [00:01<00:00, 34.20it/s]
 77%|███████▋  | 61/79 [00:01<00:00, 34.78it/s]
 82%|████████▏ | 65/79 [00:01<00:00, 35.10it/s]
 87%|████████▋ | 69/79 [00:02<00:00, 35.50it/s]
 92%|█████████▏| 73/79 [00:02<00:00, 35.51it/s]
 97%|█████████▋| 77/79 [00:02<00:00, 36.10it/s]
100%|██████████| 79/79 [00:02<00:00, 33.47it/s]

CommRound: 3/30
Accuracy: 11.68% | Loss: 3.0255
[######------------------------------------------------------] 10.0%
Elapsed: 0.5m | Avg/Round: 10.7s | Last: 9.6s | Next: 10.7s | Remaining: 4.8m
ETA: 11:34:32
Recent round times: R1: 9.5s -> R2: 9.8s -> R3: 9.6s

  0%|          | 0/79 [00:00<?, ?it/s]
  1%|▏         | 1/79 [00:00<00:09,  8.01it/s]
  9%|▉         | 7/79 [00:00<00:02, 28.52it/s]
 14%|█▍        | 11/79 [00:00<00:02, 31.81it/s]
 19%|█▉        | 15/79 [00:00<00:01, 33.65it/s]
 24%|██▍       | 19/79 [00:00<00:01, 34.74it/s]
 29%|██▉       | 23/79 [00:00<00:01, 35.59it/s]
 34%|███▍      | 27/79 [00:00<00:01, 35.98it/s]
 39%|███▉      | 31/79 [00:00<00:01, 35.89it/s]
 44%|████▍     | 35/79 [00:01<00:01, 35.39it/s]
 49%|████▉     | 39/79 [00:01<00:01, 35.34it/s]
 54%|█████▍    | 43/79 [00:01<00:01, 35.58it/s]
 59%|█████▉    | 47/79 [00:01<00:00, 35.34it/s]
 65%|██████▍   | 51/79 [00:01<00:00, 35.59it/s]
 70%|██████▉   | 55/79 [00:01<00:00, 34.94it/s]
 75%|███████▍  | 59/79 [00:01<00:00, 34.47it/s]
 80%|███████▉  | 63/79 [00:01<00:00, 33.51it/s]
 85%|████████▍ | 67/79 [00:01<00:00, 32.90it/s]
 90%|████████▉ | 71/79 [00:02<00:00, 33.15it/s]
 95%|█████████▍| 75/79 [00:02<00:00, 32.63it/s]
100%|██████████| 79/79 [00:02<00:00, 32.20it/s]
100%|██████████| 79/79 [00:02<00:00, 33.27it/s]

CommRound: 4/30
Accuracy: 12.50% | Loss: 3.0443
[########----------------------------------------------------] 13.3%
Elapsed: 0.7m | Avg/Round: 10.3s | Last: 9.4s | Next: 10.3s | Remaining: 4.5m
ETA: 11:34:23
Recent round times: R1: 9.5s -> R2: 9.8s -> R3: 9.6s -> R4: 9.4s

  0%|          | 0/79 [00:00<?, ?it/s]
  1%|▏         | 1/79 [00:00<00:10,  7.20it/s]
  8%|▊         | 6/79 [00:00<00:02, 27.03it/s]
 14%|█▍        | 11/79 [00:00<00:02, 30.97it/s]
 19%|█▉        | 15/79 [00:00<00:01, 32.27it/s]
 24%|██▍       | 19/79 [00:00<00:01, 33.07it/s]
 29%|██▉       | 23/79 [00:00<00:01, 32.60it/s]
 34%|███▍      | 27/79 [00:00<00:01, 34.60it/s]
 39%|███▉      | 31/79 [00:00<00:01, 34.75it/s]
 44%|████▍     | 35/79 [00:01<00:01, 34.83it/s]
 49%|████▉     | 39/79 [00:01<00:01, 35.10it/s]
 54%|█████▍    | 43/79 [00:01<00:01, 35.63it/s]
 59%|█████▉    | 47/79 [00:01<00:00, 35.96it/s]
 65%|██████▍   | 51/79 [00:01<00:00, 36.13it/s]
 70%|██████▉   | 55/79 [00:01<00:00, 35.77it/s]
 75%|███████▍  | 59/79 [00:01<00:00, 34.26it/s]
 80%|███████▉  | 63/79 [00:01<00:00, 34.26it/s]
 85%|████████▍ | 67/79 [00:02<00:00, 32.18it/s]
 90%|████████▉ | 71/79 [00:02<00:00, 31.31it/s]
 95%|█████████▍| 75/79 [00:02<00:00, 31.29it/s]
100%|██████████| 79/79 [00:02<00:00, 33.15it/s]

CommRound: 5/30
Accuracy: 12.69% | Loss: 3.0583
[##########--------------------------------------------------] 16.7%
Elapsed: 0.8m | Avg/Round: 10.1s | Last: 9.3s | Next: 10.1s | Remaining: 4.2m
ETA: 11:34:17
Recent round times: R1: 9.5s -> R2: 9.8s -> R3: 9.6s -> R4: 9.4s -> R5: 9.3s

  0%|          | 0/79 [00:00<?, ?it/s]
  1%|▏         | 1/79 [00:00<00:09,  8.54it/s]
  6%|▋         | 5/79 [00:00<00:03, 24.13it/s]
 11%|█▏        | 9/79 [00:00<00:02, 28.08it/s]
 16%|█▋        | 13/79 [00:00<00:02, 30.64it/s]
 22%|██▏       | 17/79 [00:00<00:01, 31.94it/s]
 27%|██▋       | 21/79 [00:00<00:01, 31.55it/s]
 32%|███▏      | 25/79 [00:00<00:01, 28.60it/s]
 35%|███▌      | 28/79 [00:01<00:01, 26.38it/s]
 39%|███▉      | 31/79 [00:01<00:01, 27.01it/s]
 43%|████▎     | 34/79 [00:01<00:01, 24.54it/s]
 48%|████▊     | 38/79 [00:01<00:01, 24.65it/s]
 52%|█████▏    | 41/79 [00:01<00:01, 25.16it/s]
 56%|█████▌    | 44/79 [00:01<00:01, 22.60it/s]
 59%|█████▉    | 47/79 [00:01<00:01, 23.83it/s]
 63%|██████▎   | 50/79 [00:01<00:01, 21.87it/s]
 67%|██████▋   | 53/79 [00:02<00:01, 22.96it/s]
 71%|███████   | 56/79 [00:02<00:01, 21.45it/s]
 75%|███████▍  | 59/79 [00:02<00:00, 22.20it/s]
 78%|███████▊  | 62/79 [00:02<00:00, 21.26it/s]
 82%|████████▏ | 65/79 [00:02<00:00, 22.56it/s]
 86%|████████▌ | 68/79 [00:02<00:00, 20.98it/s]
 90%|████████▉ | 71/79 [00:02<00:00, 22.60it/s]
 94%|█████████▎| 74/79 [00:03<00:00, 20.57it/s]
 97%|█████████▋| 77/79 [00:03<00:00, 22.19it/s]
100%|██████████| 79/79 [00:03<00:00, 23.88it/s]

CommRound: 6/30
Accuracy: 12.97% | Loss: 3.0683
[############------------------------------------------------] 20.0%
Elapsed: 1.0m | Avg/Round: 10.2s | Last: 10.4s | Next: 10.2s | Remaining: 4.1m
ETA: 11:34:18
Recent round times: R1: 9.8s -> R2: 9.6s -> R3: 9.4s -> R4: 9.3s -> R5: 10.4s

  0%|          | 0/79 [00:00<?, ?it/s]
  1%|▏         | 1/79 [00:00<00:11,  6.78it/s]
  9%|▉         | 7/79 [00:00<00:02, 26.96it/s]
 14%|█▍        | 11/79 [00:00<00:02, 30.16it/s]
 19%|█▉        | 15/79 [00:00<00:02, 31.31it/s]
 24%|██▍       | 19/79 [00:00<00:01, 33.05it/s]
 29%|██▉       | 23/79 [00:00<00:01, 34.07it/s]
 34%|███▍      | 27/79 [00:00<00:01, 34.64it/s]
 39%|███▉      | 31/79 [00:00<00:01, 35.01it/s]
 44%|████▍     | 35/79 [00:01<00:01, 34.27it/s]
 49%|████▉     | 39/79 [00:01<00:01, 33.44it/s]
 54%|█████▍    | 43/79 [00:01<00:01, 32.71it/s]
 59%|█████▉    | 47/79 [00:01<00:00, 33.80it/s]
 65%|██████▍   | 51/79 [00:01<00:00, 32.00it/s]
 70%|██████▉   | 55/79 [00:01<00:00, 29.32it/s]
 75%|███████▍  | 59/79 [00:01<00:00, 30.97it/s]
 80%|███████▉  | 63/79 [00:01<00:00, 31.98it/s]
 85%|████████▍ | 67/79 [00:02<00:00, 32.94it/s]
 90%|████████▉ | 71/79 [00:02<00:00, 33.69it/s]
 95%|█████████▍| 75/79 [00:02<00:00, 34.32it/s]
100%|██████████| 79/79 [00:02<00:00, 32.79it/s]

CommRound: 7/30
Accuracy: 13.09% | Loss: 3.0742
[##############----------------------------------------------] 23.3%
Elapsed: 1.2m | Avg/Round: 10.1s | Last: 9.5s | Next: 10.1s | Remaining: 3.9m
ETA: 11:34:15
Recent round times: R1: 9.6s -> R2: 9.4s -> R3: 9.3s -> R4: 10.4s -> R5: 9.5s

  0%|          | 0/79 [00:00<?, ?it/s]
  1%|▏         | 1/79 [00:00<00:09,  8.23it/s]
  9%|▉         | 7/79 [00:00<00:02, 30.25it/s]
 14%|█▍        | 11/79 [00:00<00:02, 32.94it/s]
 19%|█▉        | 15/79 [00:00<00:01, 34.59it/s]
 24%|██▍       | 19/79 [00:00<00:01, 36.02it/s]
 29%|██▉       | 23/79 [00:00<00:01, 36.89it/s]
 34%|███▍      | 27/79 [00:00<00:01, 34.55it/s]
 39%|███▉      | 31/79 [00:00<00:01, 35.86it/s]
 44%|████▍     | 35/79 [00:01<00:01, 35.72it/s]
 49%|████▉     | 39/79 [00:01<00:01, 35.22it/s]
 54%|█████▍    | 43/79 [00:01<00:01, 35.82it/s]
 59%|█████▉    | 47/79 [00:01<00:00, 36.69it/s]
 65%|██████▍   | 51/79 [00:01<00:00, 37.58it/s]
 70%|██████▉   | 55/79 [00:01<00:00, 37.68it/s]
 75%|███████▍  | 59/79 [00:01<00:00, 37.50it/s]
 80%|███████▉  | 63/79 [00:01<00:00, 37.83it/s]
 85%|████████▍ | 67/79 [00:01<00:00, 37.20it/s]
 90%|████████▉ | 71/79 [00:01<00:00, 37.34it/s]
 95%|█████████▍| 75/79 [00:02<00:00, 36.64it/s]
100%|██████████| 79/79 [00:02<00:00, 36.00it/s]

CommRound: 8/30
Accuracy: 13.19% | Loss: 3.0770
[################--------------------------------------------] 26.7%
Elapsed: 1.3m | Avg/Round: 10.0s | Last: 9.0s | Next: 10.0s | Remaining: 3.6m
ETA: 11:34:11
Recent round times: R1: 9.4s -> R2: 9.3s -> R3: 10.4s -> R4: 9.5s -> R5: 9.0s

  0%|          | 0/79 [00:00<?, ?it/s]
  1%|▏         | 1/79 [00:00<00:11,  6.61it/s]
  8%|▊         | 6/79 [00:00<00:03, 21.15it/s]
 13%|█▎        | 10/79 [00:00<00:02, 25.56it/s]
 18%|█▊        | 14/79 [00:00<00:02, 28.00it/s]
 23%|██▎       | 18/79 [00:00<00:02, 26.20it/s]
 27%|██▋       | 21/79 [00:00<00:02, 26.38it/s]
 30%|███       | 24/79 [00:00<00:02, 25.58it/s]
 35%|███▌      | 28/79 [00:01<00:01, 27.26it/s]
 41%|████      | 32/79 [00:01<00:01, 28.59it/s]
 46%|████▌     | 36/79 [00:01<00:01, 28.92it/s]
 51%|█████     | 40/79 [00:01<00:01, 30.01it/s]
 56%|█████▌    | 44/79 [00:01<00:01, 30.18it/s]
 61%|██████    | 48/79 [00:01<00:01, 29.52it/s]
 66%|██████▌   | 52/79 [00:01<00:00, 29.05it/s]
 71%|███████   | 56/79 [00:02<00:00, 29.81it/s]
 76%|███████▌  | 60/79 [00:02<00:00, 30.97it/s]
 81%|████████  | 64/79 [00:02<00:00, 31.43it/s]
 86%|████████▌ | 68/79 [00:02<00:00, 32.08it/s]
 91%|█████████ | 72/79 [00:02<00:00, 32.24it/s]
 96%|█████████▌| 76/79 [00:02<00:00, 32.21it/s]
100%|██████████| 79/79 [00:02<00:00, 28.90it/s]

CommRound: 9/30
Accuracy: 13.22% | Loss: 3.0779
[##################------------------------------------------] 30.0%
Elapsed: 1.5m | Avg/Round: 9.9s | Last: 9.8s | Next: 9.9s | Remaining: 3.5m
ETA: 11:34:10
Recent round times: R1: 9.3s -> R2: 10.4s -> R3: 9.5s -> R4: 9.0s -> R5: 9.8s

  0%|          | 0/79 [00:00<?, ?it/s]
  1%|▏         | 1/79 [00:00<00:11,  6.93it/s]
  6%|▋         | 5/79 [00:00<00:03, 19.81it/s]
 11%|█▏        | 9/79 [00:00<00:02, 24.27it/s]
 16%|█▋        | 13/79 [00:00<00:02, 26.73it/s]
 22%|██▏       | 17/79 [00:00<00:02, 27.96it/s]
 27%|██▋       | 21/79 [00:00<00:01, 29.24it/s]
 32%|███▏      | 25/79 [00:00<00:01, 29.85it/s]
 37%|███▋      | 29/79 [00:01<00:01, 30.42it/s]
 42%|████▏     | 33/79 [00:01<00:01, 30.81it/s]
 47%|████▋     | 37/79 [00:01<00:01, 31.35it/s]
 52%|█████▏    | 41/79 [00:01<00:01, 32.02it/s]
 57%|█████▋    | 45/79 [00:01<00:01, 31.57it/s]
 62%|██████▏   | 49/79 [00:01<00:00, 31.86it/s]
 67%|██████▋   | 53/79 [00:01<00:00, 31.63it/s]
 72%|███████▏  | 57/79 [00:01<00:00, 31.46it/s]
 77%|███████▋  | 61/79 [00:02<00:00, 31.70it/s]
 82%|████████▏ | 65/79 [00:02<00:00, 31.17it/s]
 87%|████████▋ | 69/79 [00:02<00:00, 31.16it/s]
 92%|█████████▏| 73/79 [00:02<00:00, 31.62it/s]
 97%|█████████▋| 77/79 [00:02<00:00, 31.83it/s]
100%|██████████| 79/79 [00:02<00:00, 30.28it/s]

CommRound: 10/30
Accuracy: 13.23% | Loss: 3.0771
[####################----------------------------------------] 33.3%
Elapsed: 1.7m | Avg/Round: 9.9s | Last: 9.6s | Next: 9.9s | Remaining: 3.3m
ETA: 11:34:09
Recent round times: R1: 10.4s -> R2: 9.5s -> R3: 9.0s -> R4: 9.8s -> R5: 9.6s

  0%|          | 0/79 [00:00<?, ?it/s]
  1%|▏         | 1/79 [00:00<00:08,  8.73it/s]
  8%|▊         | 6/79 [00:00<00:02, 27.41it/s]
 13%|█▎        | 10/79 [00:00<00:02, 28.08it/s]
 18%|█▊        | 14/79 [00:00<00:02, 28.82it/s]
 23%|██▎       | 18/79 [00:00<00:02, 28.97it/s]
 28%|██▊       | 22/79 [00:00<00:01, 29.60it/s]
 33%|███▎      | 26/79 [00:00<00:01, 29.81it/s]
 38%|███▊      | 30/79 [00:01<00:01, 29.96it/s]
 43%|████▎     | 34/79 [00:01<00:01, 30.77it/s]
 48%|████▊     | 38/79 [00:01<00:01, 31.71it/s]
 53%|█████▎    | 42/79 [00:01<00:01, 32.79it/s]
 58%|█████▊    | 46/79 [00:01<00:01, 31.32it/s]
 63%|██████▎   | 50/79 [00:01<00:00, 32.12it/s]
 68%|██████▊   | 54/79 [00:01<00:00, 32.40it/s]
 73%|███████▎  | 58/79 [00:01<00:00, 32.60it/s]
 78%|███████▊  | 62/79 [00:02<00:00, 32.59it/s]
 84%|████████▎ | 66/79 [00:02<00:00, 32.71it/s]
 89%|████████▊ | 70/79 [00:02<00:00, 33.64it/s]
 94%|█████████▎| 74/79 [00:02<00:00, 33.89it/s]
 99%|█████████▊| 78/79 [00:02<00:00, 33.75it/s]
100%|██████████| 79/79 [00:02<00:00, 31.54it/s]

CommRound: 11/30
Accuracy: 13.24% | Loss: 3.0749
[######################--------------------------------------] 36.7%
Elapsed: 1.8m | Avg/Round: 9.9s | Last: 9.7s | Next: 9.9s | Remaining: 3.1m
ETA: 11:34:09
Recent round times: R1: 9.5s -> R2: 9.0s -> R3: 9.8s -> R4: 9.6s -> R5: 9.7s

  0%|          | 0/79 [00:00<?, ?it/s]
  1%|▏         | 1/79 [00:00<00:09,  8.31it/s]
  8%|▊         | 6/79 [00:00<00:03, 23.98it/s]
 13%|█▎        | 10/79 [00:00<00:02, 25.66it/s]
 18%|█▊        | 14/79 [00:00<00:02, 26.57it/s]
 23%|██▎       | 18/79 [00:00<00:02, 26.97it/s]
 28%|██▊       | 22/79 [00:00<00:02, 27.45it/s]
 33%|███▎      | 26/79 [00:00<00:01, 28.60it/s]
 38%|███▊      | 30/79 [00:01<00:01, 29.53it/s]
 43%|████▎     | 34/79 [00:01<00:01, 30.14it/s]
 48%|████▊     | 38/79 [00:01<00:01, 30.57it/s]
 53%|█████▎    | 42/79 [00:01<00:01, 30.08it/s]
 58%|█████▊    | 46/79 [00:01<00:01, 29.54it/s]
 63%|██████▎   | 50/79 [00:01<00:00, 29.32it/s]
 68%|██████▊   | 54/79 [00:01<00:00, 29.02it/s]
 73%|███████▎  | 58/79 [00:02<00:00, 27.69it/s]
 77%|███████▋  | 61/79 [00:02<00:00, 27.50it/s]
 81%|████████  | 64/79 [00:02<00:00, 26.54it/s]
 86%|████████▌ | 68/79 [00:02<00:00, 28.27it/s]
 91%|█████████ | 72/79 [00:02<00:00, 29.32it/s]
 96%|█████████▌| 76/79 [00:02<00:00, 30.13it/s]
100%|██████████| 79/79 [00:02<00:00, 28.49it/s]

CommRound: 12/30
Accuracy: 13.25% | Loss: 3.0728
[########################------------------------------------] 40.0%
Elapsed: 2.0m | Avg/Round: 9.9s | Last: 9.7s | Next: 9.9s | Remaining: 3.0m
ETA: 11:34:08
Recent round times: R1: 9.0s -> R2: 9.8s -> R3: 9.6s -> R4: 9.7s -> R5: 9.7s

  0%|          | 0/79 [00:00<?, ?it/s]
  1%|▏         | 1/79 [00:00<00:10,  7.33it/s]
  6%|▋         | 5/79 [00:00<00:03, 23.14it/s]
 11%|█▏        | 9/79 [00:00<00:02, 27.44it/s]
 16%|█▋        | 13/79 [00:00<00:02, 28.64it/s]
 22%|██▏       | 17/79 [00:00<00:02, 30.20it/s]
 27%|██▋       | 21/79 [00:00<00:01, 30.62it/s]
 32%|███▏      | 25/79 [00:00<00:01, 31.28it/s]
 37%|███▋      | 29/79 [00:00<00:01, 31.41it/s]
 42%|████▏     | 33/79 [00:01<00:01, 31.01it/s]
 47%|████▋     | 37/79 [00:01<00:01, 31.09it/s]
 52%|█████▏    | 41/79 [00:01<00:01, 29.29it/s]
 59%|█████▉    | 47/79 [00:01<00:00, 32.26it/s]
 65%|██████▍   | 51/79 [00:01<00:00, 32.22it/s]
 70%|██████▉   | 55/79 [00:01<00:00, 29.60it/s]
 75%|███████▍  | 59/79 [00:01<00:00, 30.78it/s]
 80%|███████▉  | 63/79 [00:02<00:00, 31.34it/s]
 85%|████████▍ | 67/79 [00:02<00:00, 32.49it/s]
 90%|████████▉ | 71/79 [00:02<00:00, 33.60it/s]
 95%|█████████▍| 75/79 [00:02<00:00, 34.24it/s]
100%|██████████| 79/79 [00:02<00:00, 31.05it/s]

CommRound: 13/30
Accuracy: 13.26% | Loss: 3.0700
[##########################----------------------------------] 43.3%
Elapsed: 2.1m | Avg/Round: 9.8s | Last: 9.6s | Next: 9.8s | Remaining: 2.8m
ETA: 11:34:08
Recent round times: R1: 9.8s -> R2: 9.6s -> R3: 9.7s -> R4: 9.7s -> R5: 9.6s

  0%|          | 0/79 [00:00<?, ?it/s]
  1%|▏         | 1/79 [00:00<00:10,  7.18it/s]
  8%|▊         | 6/79 [00:00<00:03, 22.92it/s]
 13%|█▎        | 10/79 [00:00<00:02, 27.12it/s]
 18%|█▊        | 14/79 [00:00<00:02, 29.43it/s]
 23%|██▎       | 18/79 [00:00<00:01, 30.81it/s]
 28%|██▊       | 22/79 [00:00<00:01, 29.63it/s]
 32%|███▏      | 25/79 [00:00<00:01, 27.94it/s]
 37%|███▋      | 29/79 [00:01<00:01, 29.47it/s]
 42%|████▏     | 33/79 [00:01<00:01, 31.64it/s]
 47%|████▋     | 37/79 [00:01<00:01, 32.93it/s]
 52%|█████▏    | 41/79 [00:01<00:01, 33.82it/s]
 57%|█████▋    | 45/79 [00:01<00:00, 34.29it/s]
 62%|██████▏   | 49/79 [00:01<00:00, 34.30it/s]
 67%|██████▋   | 53/79 [00:01<00:00, 34.77it/s]
 72%|███████▏  | 57/79 [00:01<00:00, 34.91it/s]
 77%|███████▋  | 61/79 [00:01<00:00, 35.00it/s]
 82%|████████▏ | 65/79 [00:02<00:00, 33.46it/s]
 87%|████████▋ | 69/79 [00:02<00:00, 33.19it/s]
 92%|█████████▏| 73/79 [00:02<00:00, 28.81it/s]
 96%|█████████▌| 76/79 [00:02<00:00, 23.92it/s]
100%|██████████| 79/79 [00:02<00:00, 29.61it/s]

CommRound: 14/30
Accuracy: 13.28% | Loss: 3.0673
[############################--------------------------------] 46.7%
Elapsed: 2.3m | Avg/Round: 9.8s | Last: 9.7s | Next: 9.8s | Remaining: 2.6m
ETA: 11:34:07
Recent round times: R1: 9.6s -> R2: 9.7s -> R3: 9.7s -> R4: 9.6s -> R5: 9.7s

  0%|          | 0/79 [00:00<?, ?it/s]
  1%|▏         | 1/79 [00:00<00:12,  6.36it/s]
  8%|▊         | 6/79 [00:00<00:02, 26.51it/s]
 13%|█▎        | 10/79 [00:00<00:02, 28.51it/s]
 18%|█▊        | 14/79 [00:00<00:02, 28.58it/s]
 22%|██▏       | 17/79 [00:00<00:02, 27.65it/s]
 27%|██▋       | 21/79 [00:00<00:01, 29.22it/s]
 32%|███▏      | 25/79 [00:00<00:01, 30.19it/s]
 37%|███▋      | 29/79 [00:01<00:01, 30.68it/s]
 42%|████▏     | 33/79 [00:01<00:01, 31.65it/s]
 47%|████▋     | 37/79 [00:01<00:01, 31.27it/s]
 52%|█████▏    | 41/79 [00:01<00:01, 31.47it/s]
 57%|█████▋    | 45/79 [00:01<00:01, 31.32it/s]
 62%|██████▏   | 49/79 [00:01<00:00, 31.27it/s]
 67%|██████▋   | 53/79 [00:01<00:00, 31.08it/s]
 72%|███████▏  | 57/79 [00:01<00:00, 31.06it/s]
 77%|███████▋  | 61/79 [00:02<00:00, 30.52it/s]
 82%|████████▏ | 65/79 [00:02<00:00, 30.89it/s]
 87%|████████▋ | 69/79 [00:02<00:00, 30.20it/s]
 92%|█████████▏| 73/79 [00:02<00:00, 30.17it/s]
 97%|█████████▋| 77/79 [00:02<00:00, 30.54it/s]
100%|██████████| 79/79 [00:02<00:00, 30.18it/s]

CommRound: 15/30
Accuracy: 13.27% | Loss: 3.0647
[##############################------------------------------] 50.0%
Elapsed: 2.5m | Avg/Round: 9.8s | Last: 9.6s | Next: 9.8s | Remaining: 2.5m
ETA: 11:34:07
Recent round times: R1: 9.7s -> R2: 9.7s -> R3: 9.6s -> R4: 9.7s -> R5: 9.6s

  0%|          | 0/79 [00:00<?, ?it/s]
  1%|▏         | 1/79 [00:00<00:10,  7.25it/s]
  6%|▋         | 5/79 [00:00<00:03, 23.68it/s]
 11%|█▏        | 9/79 [00:00<00:02, 27.79it/s]
 15%|█▌        | 12/79 [00:00<00:02, 27.35it/s]
 20%|██        | 16/79 [00:00<00:02, 29.03it/s]
 25%|██▌       | 20/79 [00:00<00:01, 30.24it/s]
 30%|███       | 24/79 [00:00<00:01, 32.75it/s]
 35%|███▌      | 28/79 [00:00<00:01, 32.60it/s]
 41%|████      | 32/79 [00:01<00:01, 32.82it/s]
 46%|████▌     | 36/79 [00:01<00:01, 33.43it/s]
 51%|█████     | 40/79 [00:01<00:01, 32.74it/s]
 56%|█████▌    | 44/79 [00:01<00:01, 32.86it/s]
 61%|██████    | 48/79 [00:01<00:00, 33.46it/s]
 66%|██████▌   | 52/79 [00:01<00:00, 33.19it/s]
 71%|███████   | 56/79 [00:01<00:00, 33.66it/s]
 76%|███████▌  | 60/79 [00:01<00:00, 34.49it/s]
 81%|████████  | 64/79 [00:02<00:00, 35.30it/s]
 86%|████████▌ | 68/79 [00:02<00:00, 35.28it/s]
 91%|█████████ | 72/79 [00:02<00:00, 35.05it/s]
 96%|█████████▌| 76/79 [00:02<00:00, 33.87it/s]
100%|██████████| 79/79 [00:02<00:00, 32.17it/s]

CommRound: 16/30
Accuracy: 13.28% | Loss: 3.0618
[################################----------------------------] 53.3%
Elapsed: 2.6m | Avg/Round: 9.8s | Last: 9.3s | Next: 9.8s | Remaining: 2.3m
ETA: 11:34:06
Recent round times: R1: 9.7s -> R2: 9.6s -> R3: 9.7s -> R4: 9.6s -> R5: 9.3s

  0%|          | 0/79 [00:00<?, ?it/s]
  1%|▏         | 1/79 [00:00<00:11,  6.76it/s]
  6%|▋         | 5/79 [00:00<00:03, 22.99it/s]
 11%|█▏        | 9/79 [00:00<00:02, 25.66it/s]
 16%|█▋        | 13/79 [00:00<00:02, 29.92it/s]
 22%|██▏       | 17/79 [00:00<00:01, 31.10it/s]
 27%|██▋       | 21/79 [00:00<00:01, 31.67it/s]
 32%|███▏      | 25/79 [00:00<00:01, 31.73it/s]
 37%|███▋      | 29/79 [00:00<00:01, 31.83it/s]
 42%|████▏     | 33/79 [00:01<00:01, 32.22it/s]
 47%|████▋     | 37/79 [00:01<00:01, 31.98it/s]
 52%|█████▏    | 41/79 [00:01<00:01, 32.33it/s]
 57%|█████▋    | 45/79 [00:01<00:01, 32.60it/s]
 62%|██████▏   | 49/79 [00:01<00:00, 32.58it/s]
 67%|██████▋   | 53/79 [00:01<00:00, 32.06it/s]
 72%|███████▏  | 57/79 [00:01<00:00, 31.16it/s]
 77%|███████▋  | 61/79 [00:01<00:00, 33.17it/s]
 82%|████████▏ | 65/79 [00:02<00:00, 31.49it/s]
 87%|████████▋ | 69/79 [00:02<00:00, 32.44it/s]
 92%|█████████▏| 73/79 [00:02<00:00, 32.54it/s]
 97%|█████████▋| 77/79 [00:02<00:00, 32.87it/s]
100%|██████████| 79/79 [00:02<00:00, 30.94it/s]

CommRound: 17/30
Accuracy: 13.28% | Loss: 3.0596
[##################################--------------------------] 56.7%
Elapsed: 2.8m | Avg/Round: 9.8s | Last: 9.4s | Next: 9.8s | Remaining: 2.1m
ETA: 11:34:05
Recent round times: R1: 9.6s -> R2: 9.7s -> R3: 9.6s -> R4: 9.3s -> R5: 9.4s

  0%|          | 0/79 [00:00<?, ?it/s]
  1%|▏         | 1/79 [00:00<00:11,  6.87it/s]
  6%|▋         | 5/79 [00:00<00:03, 21.05it/s]
 11%|█▏        | 9/79 [00:00<00:02, 24.48it/s]
 16%|█▋        | 13/79 [00:00<00:02, 25.71it/s]
 22%|██▏       | 17/79 [00:00<00:02, 27.04it/s]
 27%|██▋       | 21/79 [00:00<00:02, 28.40it/s]
 32%|███▏      | 25/79 [00:00<00:01, 27.06it/s]
 37%|███▋      | 29/79 [00:01<00:01, 29.96it/s]
 42%|████▏     | 33/79 [00:01<00:01, 30.80it/s]
 47%|████▋     | 37/79 [00:01<00:01, 31.22it/s]
 52%|█████▏    | 41/79 [00:01<00:01, 29.65it/s]
 57%|█████▋    | 45/79 [00:01<00:01, 29.54it/s]
 62%|██████▏   | 49/79 [00:01<00:01, 29.08it/s]
 67%|██████▋   | 53/79 [00:01<00:00, 29.90it/s]
 72%|███████▏  | 57/79 [00:02<00:00, 29.71it/s]
 77%|███████▋  | 61/79 [00:02<00:00, 30.33it/s]
 82%|████████▏ | 65/79 [00:02<00:00, 31.21it/s]
 87%|████████▋ | 69/79 [00:02<00:00, 31.86it/s]
 92%|█████████▏| 73/79 [00:02<00:00, 32.31it/s]
 97%|█████████▋| 77/79 [00:02<00:00, 33.19it/s]
100%|██████████| 79/79 [00:02<00:00, 29.93it/s]

CommRound: 18/30
Accuracy: 13.30% | Loss: 3.0567
[####################################------------------------] 60.0%
Elapsed: 2.9m | Avg/Round: 9.8s | Last: 9.7s | Next: 9.8s | Remaining: 2.0m
ETA: 11:34:05
Recent round times: R1: 9.7s -> R2: 9.6s -> R3: 9.3s -> R4: 9.4s -> R5: 9.7s

  0%|          | 0/79 [00:00<?, ?it/s]
  1%|▏         | 1/79 [00:00<00:11,  6.74it/s]
  6%|▋         | 5/79 [00:00<00:03, 22.58it/s]
 11%|█▏        | 9/79 [00:00<00:02, 23.80it/s]
 16%|█▋        | 13/79 [00:00<00:02, 27.69it/s]
 22%|██▏       | 17/79 [00:00<00:02, 27.47it/s]
 27%|██▋       | 21/79 [00:00<00:02, 28.53it/s]
 32%|███▏      | 25/79 [00:00<00:01, 29.33it/s]
 37%|███▋      | 29/79 [00:01<00:01, 30.22it/s]
 42%|████▏     | 33/79 [00:01<00:01, 30.52it/s]
 47%|████▋     | 37/79 [00:01<00:01, 31.20it/s]
 52%|█████▏    | 41/79 [00:01<00:01, 31.45it/s]
 57%|█████▋    | 45/79 [00:01<00:01, 31.98it/s]
 62%|██████▏   | 49/79 [00:01<00:00, 30.58it/s]
 67%|██████▋   | 53/79 [00:01<00:00, 30.15it/s]
 72%|███████▏  | 57/79 [00:01<00:00, 30.35it/s]
 77%|███████▋  | 61/79 [00:02<00:00, 30.43it/s]
 82%|████████▏ | 65/79 [00:02<00:00, 30.82it/s]
 87%|████████▋ | 69/79 [00:02<00:00, 30.95it/s]
 92%|█████████▏| 73/79 [00:02<00:00, 32.24it/s]
 97%|█████████▋| 77/79 [00:02<00:00, 32.57it/s]
100%|██████████| 79/79 [00:02<00:00, 30.28it/s]

CommRound: 19/30
Accuracy: 13.31% | Loss: 3.0549
[######################################----------------------] 63.3%
Elapsed: 3.1m | Avg/Round: 9.8s | Last: 9.6s | Next: 9.8s | Remaining: 1.8m
ETA: 11:34:05
Recent round times: R1: 9.6s -> R2: 9.3s -> R3: 9.4s -> R4: 9.7s -> R5: 9.6s

  0%|          | 0/79 [00:00<?, ?it/s]
  1%|▏         | 1/79 [00:00<00:11,  6.68it/s]
  6%|▋         | 5/79 [00:00<00:04, 18.10it/s]
 11%|█▏        | 9/79 [00:00<00:03, 22.11it/s]
 16%|█▋        | 13/79 [00:00<00:02, 24.10it/s]
 22%|██▏       | 17/79 [00:00<00:02, 26.32it/s]
 27%|██▋       | 21/79 [00:00<00:02, 28.30it/s]
 32%|███▏      | 25/79 [00:00<00:01, 28.77it/s]
 37%|███▋      | 29/79 [00:01<00:01, 28.79it/s]
 42%|████▏     | 33/79 [00:01<00:01, 30.88it/s]
 47%|████▋     | 37/79 [00:01<00:01, 31.34it/s]
 52%|█████▏    | 41/79 [00:01<00:01, 31.42it/s]
 57%|█████▋    | 45/79 [00:01<00:01, 30.81it/s]
 62%|██████▏   | 49/79 [00:01<00:00, 31.49it/s]
 67%|██████▋   | 53/79 [00:01<00:00, 31.76it/s]
 72%|███████▏  | 57/79 [00:01<00:00, 32.14it/s]
 77%|███████▋  | 61/79 [00:02<00:00, 31.98it/s]
 82%|████████▏ | 65/79 [00:02<00:00, 31.90it/s]
 87%|████████▋ | 69/79 [00:02<00:00, 31.62it/s]
 92%|█████████▏| 73/79 [00:02<00:00, 30.95it/s]
 97%|█████████▋| 77/79 [00:02<00:00, 31.09it/s]
100%|██████████| 79/79 [00:02<00:00, 29.71it/s]

CommRound: 20/30
Accuracy: 13.32% | Loss: 3.0518
[########################################--------------------] 66.7%
Elapsed: 3.2m | Avg/Round: 9.7s | Last: 9.7s | Next: 9.7s | Remaining: 1.6m
ETA: 11:34:05
Recent round times: R1: 9.3s -> R2: 9.4s -> R3: 9.7s -> R4: 9.6s -> R5: 9.7s

  0%|          | 0/79 [00:00<?, ?it/s]
  1%|▏         | 1/79 [00:00<00:11,  6.57it/s]
  5%|▌         | 4/79 [00:00<00:06, 11.18it/s]
  8%|▊         | 6/79 [00:00<00:05, 13.02it/s]
 15%|█▌        | 12/79 [00:00<00:02, 25.98it/s]
 20%|██        | 16/79 [00:00<00:02, 27.34it/s]
 25%|██▌       | 20/79 [00:00<00:02, 28.76it/s]
 30%|███       | 24/79 [00:00<00:01, 29.40it/s]
 35%|███▌      | 28/79 [00:01<00:01, 26.49it/s]
 41%|████      | 32/79 [00:01<00:01, 26.88it/s]
 46%|████▌     | 36/79 [00:01<00:01, 28.40it/s]
 49%|████▉     | 39/79 [00:01<00:01, 26.39it/s]
 53%|█████▎    | 42/79 [00:01<00:01, 19.42it/s]
 57%|█████▋    | 45/79 [00:01<00:01, 20.66it/s]
 61%|██████    | 48/79 [00:02<00:01, 19.27it/s]
 66%|██████▌   | 52/79 [00:02<00:01, 22.27it/s]
 71%|███████   | 56/79 [00:02<00:00, 24.83it/s]
 75%|███████▍  | 59/79 [00:02<00:00, 25.05it/s]
 81%|████████  | 64/79 [00:02<00:00, 28.82it/s]
 86%|████████▌ | 68/79 [00:02<00:00, 29.97it/s]
 91%|█████████ | 72/79 [00:02<00:00, 30.18it/s]
 96%|█████████▌| 76/79 [00:03<00:00, 29.89it/s]
100%|██████████| 79/79 [00:03<00:00, 25.24it/s]

CommRound: 21/30
Accuracy: 13.33% | Loss: 3.0501
[##########################################------------------] 70.0%
Elapsed: 3.4m | Avg/Round: 9.8s | Last: 10.3s | Next: 9.8s | Remaining: 1.5m
ETA: 11:34:06
Recent round times: R1: 9.4s -> R2: 9.7s -> R3: 9.6s -> R4: 9.7s -> R5: 10.3s

  0%|          | 0/79 [00:00<?, ?it/s]
  1%|▏         | 1/79 [00:00<00:10,  7.26it/s]
  8%|▊         | 6/79 [00:00<00:02, 28.34it/s]
 13%|█▎        | 10/79 [00:00<00:02, 30.08it/s]
 18%|█▊        | 14/79 [00:00<00:02, 31.14it/s]
 23%|██▎       | 18/79 [00:00<00:01, 31.99it/s]
 28%|██▊       | 22/79 [00:00<00:01, 30.18it/s]
 33%|███▎      | 26/79 [00:00<00:01, 27.59it/s]
 38%|███▊      | 30/79 [00:01<00:01, 29.16it/s]
 43%|████▎     | 34/79 [00:01<00:01, 30.20it/s]
 48%|████▊     | 38/79 [00:01<00:01, 31.62it/s]
 53%|█████▎    | 42/79 [00:01<00:01, 31.76it/s]
 58%|█████▊    | 46/79 [00:01<00:01, 31.63it/s]
 63%|██████▎   | 50/79 [00:01<00:00, 30.28it/s]
 68%|██████▊   | 54/79 [00:01<00:00, 30.50it/s]
 73%|███████▎  | 58/79 [00:01<00:00, 30.05it/s]
 78%|███████▊  | 62/79 [00:02<00:00, 30.13it/s]
 84%|████████▎ | 66/79 [00:02<00:00, 30.17it/s]
 89%|████████▊ | 70/79 [00:02<00:00, 30.26it/s]
 94%|█████████▎| 74/79 [00:02<00:00, 30.33it/s]
 99%|█████████▊| 78/79 [00:02<00:00, 31.31it/s]
100%|██████████| 79/79 [00:02<00:00, 30.11it/s]

CommRound: 22/30
Accuracy: 13.33% | Loss: 3.0468
[############################################----------------] 73.3%
Elapsed: 3.6m | Avg/Round: 9.8s | Last: 9.5s | Next: 9.8s | Remaining: 1.3m
ETA: 11:34:05
Recent round times: R1: 9.7s -> R2: 9.6s -> R3: 9.7s -> R4: 10.3s -> R5: 9.5s

  0%|          | 0/79 [00:00<?, ?it/s]
  1%|▏         | 1/79 [00:00<00:11,  6.96it/s]
  8%|▊         | 6/79 [00:00<00:02, 25.35it/s]
 11%|█▏        | 9/79 [00:00<00:02, 26.71it/s]
 16%|█▋        | 13/79 [00:00<00:02, 28.54it/s]
 22%|██▏       | 17/79 [00:00<00:02, 30.92it/s]
 27%|██▋       | 21/79 [00:00<00:01, 29.38it/s]
 30%|███       | 24/79 [00:00<00:01, 28.50it/s]
 35%|███▌      | 28/79 [00:01<00:01, 29.06it/s]
 41%|████      | 32/79 [00:01<00:01, 29.28it/s]
 46%|████▌     | 36/79 [00:01<00:01, 25.13it/s]
 51%|█████     | 40/79 [00:01<00:01, 26.73it/s]
 56%|█████▌    | 44/79 [00:01<00:01, 26.98it/s]
 61%|██████    | 48/79 [00:01<00:01, 27.13it/s]
 66%|██████▌   | 52/79 [00:01<00:00, 27.87it/s]
 71%|███████   | 56/79 [00:02<00:00, 29.34it/s]
 76%|███████▌  | 60/79 [00:02<00:00, 31.34it/s]
 81%|████████  | 64/79 [00:02<00:00, 32.00it/s]
 86%|████████▌ | 68/79 [00:02<00:00, 31.42it/s]
 91%|█████████ | 72/79 [00:02<00:00, 32.96it/s]
 96%|█████████▌| 76/79 [00:02<00:00, 32.40it/s]
100%|██████████| 79/79 [00:02<00:00, 28.90it/s]

CommRound: 23/30
Accuracy: 13.35% | Loss: 3.0452
[##############################################--------------] 76.7%
Elapsed: 3.7m | Avg/Round: 9.8s | Last: 9.8s | Next: 9.8s | Remaining: 1.1m
ETA: 11:34:05
Recent round times: R1: 9.6s -> R2: 9.7s -> R3: 10.3s -> R4: 9.5s -> R5: 9.8s

  0%|          | 0/79 [00:00<?, ?it/s]
  1%|▏         | 1/79 [00:00<00:10,  7.67it/s]
  8%|▊         | 6/79 [00:00<00:02, 25.61it/s]
 13%|█▎        | 10/79 [00:00<00:02, 27.78it/s]
 18%|█▊        | 14/79 [00:00<00:02, 28.66it/s]
 23%|██▎       | 18/79 [00:00<00:02, 29.05it/s]
 28%|██▊       | 22/79 [00:00<00:02, 28.29it/s]
 33%|███▎      | 26/79 [00:00<00:01, 29.42it/s]
 38%|███▊      | 30/79 [00:01<00:01, 29.47it/s]
 43%|████▎     | 34/79 [00:01<00:01, 29.57it/s]
 48%|████▊     | 38/79 [00:01<00:01, 30.98it/s]
 53%|█████▎    | 42/79 [00:01<00:01, 30.78it/s]
 58%|█████▊    | 46/79 [00:01<00:01, 31.66it/s]
 63%|██████▎   | 50/79 [00:01<00:00, 31.78it/s]
 68%|██████▊   | 54/79 [00:01<00:00, 33.04it/s]
 73%|███████▎  | 58/79 [00:01<00:00, 33.35it/s]
 78%|███████▊  | 62/79 [00:02<00:00, 32.89it/s]
 84%|████████▎ | 66/79 [00:02<00:00, 30.75it/s]
 89%|████████▊ | 70/79 [00:02<00:00, 30.68it/s]
 94%|█████████▎| 74/79 [00:02<00:00, 30.87it/s]
 99%|█████████▊| 78/79 [00:02<00:00, 32.58it/s]
100%|██████████| 79/79 [00:02<00:00, 30.52it/s]

CommRound: 24/30
Accuracy: 13.42% | Loss: 3.0424
[################################################------------] 80.0%
Elapsed: 3.9m | Avg/Round: 9.8s | Last: 9.7s | Next: 9.8s | Remaining: 1.0m
ETA: 11:34:05
Recent round times: R1: 9.7s -> R2: 10.3s -> R3: 9.5s -> R4: 9.8s -> R5: 9.7s

  0%|          | 0/79 [00:00<?, ?it/s]
  1%|▏         | 1/79 [00:00<00:09,  8.19it/s]
  8%|▊         | 6/79 [00:00<00:02, 29.79it/s]
 13%|█▎        | 10/79 [00:00<00:02, 31.74it/s]
 18%|█▊        | 14/79 [00:00<00:02, 30.85it/s]
 23%|██▎       | 18/79 [00:00<00:02, 29.07it/s]
 27%|██▋       | 21/79 [00:00<00:02, 26.54it/s]
 30%|███       | 24/79 [00:00<00:02, 25.83it/s]
 35%|███▌      | 28/79 [00:01<00:01, 28.25it/s]
 41%|████      | 32/79 [00:01<00:01, 30.06it/s]
 46%|████▌     | 36/79 [00:01<00:01, 31.47it/s]
 51%|█████     | 40/79 [00:01<00:01, 32.61it/s]
 56%|█████▌    | 44/79 [00:01<00:01, 33.27it/s]
 61%|██████    | 48/79 [00:01<00:00, 33.67it/s]
 66%|██████▌   | 52/79 [00:01<00:00, 31.12it/s]
 71%|███████   | 56/79 [00:01<00:00, 30.64it/s]
 76%|███████▌  | 60/79 [00:01<00:00, 30.79it/s]
 81%|████████  | 64/79 [00:02<00:00, 30.91it/s]
 86%|████████▌ | 68/79 [00:02<00:00, 31.03it/s]
 91%|█████████ | 72/79 [00:02<00:00, 30.62it/s]
 96%|█████████▌| 76/79 [00:02<00:00, 31.19it/s]
100%|██████████| 79/79 [00:02<00:00, 30.43it/s]

CommRound: 25/30
Accuracy: 13.45% | Loss: 3.0397
[##################################################----------] 83.3%
Elapsed: 4.1m | Avg/Round: 9.8s | Last: 9.5s | Next: 9.8s | Remaining: 0.8m
ETA: 11:34:05
Recent round times: R1: 10.3s -> R2: 9.5s -> R3: 9.8s -> R4: 9.7s -> R5: 9.5s

  0%|          | 0/79 [00:00<?, ?it/s]
  1%|▏         | 1/79 [00:00<00:11,  6.79it/s]
  6%|▋         | 5/79 [00:00<00:03, 21.06it/s]
 11%|█▏        | 9/79 [00:00<00:02, 27.07it/s]
 16%|█▋        | 13/79 [00:00<00:02, 28.25it/s]
 22%|██▏       | 17/79 [00:00<00:02, 28.71it/s]
 27%|██▋       | 21/79 [00:00<00:01, 29.27it/s]
 32%|███▏      | 25/79 [00:00<00:01, 29.91it/s]
 37%|███▋      | 29/79 [00:01<00:01, 30.39it/s]
 42%|████▏     | 33/79 [00:01<00:01, 29.61it/s]
 47%|████▋     | 37/79 [00:01<00:01, 29.44it/s]
 52%|█████▏    | 41/79 [00:01<00:01, 30.30it/s]
 57%|█████▋    | 45/79 [00:01<00:01, 30.48it/s]
 62%|██████▏   | 49/79 [00:01<00:00, 30.70it/s]
 67%|██████▋   | 53/79 [00:01<00:00, 30.73it/s]
 72%|███████▏  | 57/79 [00:01<00:00, 30.86it/s]
 77%|███████▋  | 61/79 [00:02<00:00, 31.21it/s]
 82%|████████▏ | 65/79 [00:02<00:00, 31.11it/s]
 87%|████████▋ | 69/79 [00:02<00:00, 30.56it/s]
 92%|█████████▏| 73/79 [00:02<00:00, 30.15it/s]
 97%|█████████▋| 77/79 [00:02<00:00, 30.24it/s]
100%|██████████| 79/79 [00:02<00:00, 29.82it/s]

CommRound: 26/30
Accuracy: 13.47% | Loss: 3.0378
[####################################################--------] 86.7%
Elapsed: 4.2m | Avg/Round: 9.7s | Last: 9.7s | Next: 9.7s | Remaining: 0.6m
ETA: 11:34:05
Recent round times: R1: 9.5s -> R2: 9.8s -> R3: 9.7s -> R4: 9.5s -> R5: 9.7s

  0%|          | 0/79 [00:00<?, ?it/s]
  1%|▏         | 1/79 [00:00<00:09,  8.18it/s]
  8%|▊         | 6/79 [00:00<00:02, 27.12it/s]
 11%|█▏        | 9/79 [00:00<00:02, 27.48it/s]
 16%|█▋        | 13/79 [00:00<00:02, 30.04it/s]
 22%|██▏       | 17/79 [00:00<00:01, 32.60it/s]
 27%|██▋       | 21/79 [00:00<00:01, 33.88it/s]
 32%|███▏      | 25/79 [00:00<00:01, 34.74it/s]
 37%|███▋      | 29/79 [00:00<00:01, 35.36it/s]
 42%|████▏     | 33/79 [00:01<00:01, 35.75it/s]
 47%|████▋     | 37/79 [00:01<00:01, 35.61it/s]
 52%|█████▏    | 41/79 [00:01<00:01, 35.55it/s]
 57%|█████▋    | 45/79 [00:01<00:00, 35.78it/s]
 62%|██████▏   | 49/79 [00:01<00:00, 35.12it/s]
 67%|██████▋   | 53/79 [00:01<00:00, 35.73it/s]
 72%|███████▏  | 57/79 [00:01<00:00, 34.54it/s]
 77%|███████▋  | 61/79 [00:01<00:00, 34.87it/s]
 82%|████████▏ | 65/79 [00:01<00:00, 34.22it/s]
 87%|████████▋ | 69/79 [00:02<00:00, 34.71it/s]
 92%|█████████▏| 73/79 [00:02<00:00, 34.53it/s]
 97%|█████████▋| 77/79 [00:02<00:00, 34.68it/s]
100%|██████████| 79/79 [00:02<00:00, 33.22it/s]

CommRound: 27/30
Accuracy: 13.47% | Loss: 3.0360
[######################################################------] 90.0%
Elapsed: 4.4m | Avg/Round: 9.7s | Last: 9.3s | Next: 9.7s | Remaining: 0.5m
ETA: 11:34:04
Recent round times: R1: 9.8s -> R2: 9.7s -> R3: 9.5s -> R4: 9.7s -> R5: 9.3s

  0%|          | 0/79 [00:00<?, ?it/s]
  1%|▏         | 1/79 [00:00<00:10,  7.38it/s]
  6%|▋         | 5/79 [00:00<00:03, 22.84it/s]
 11%|█▏        | 9/79 [00:00<00:02, 27.10it/s]
 15%|█▌        | 12/79 [00:00<00:02, 28.04it/s]
 20%|██        | 16/79 [00:00<00:02, 26.73it/s]
 25%|██▌       | 20/79 [00:00<00:02, 28.51it/s]
 29%|██▉       | 23/79 [00:00<00:01, 28.27it/s]
 33%|███▎      | 26/79 [00:00<00:01, 28.60it/s]
 38%|███▊      | 30/79 [00:01<00:01, 28.90it/s]
 43%|████▎     | 34/79 [00:01<00:01, 29.74it/s]
 48%|████▊     | 38/79 [00:01<00:01, 31.05it/s]
 53%|█████▎    | 42/79 [00:01<00:01, 30.50it/s]
 58%|█████▊    | 46/79 [00:01<00:01, 30.61it/s]
 63%|██████▎   | 50/79 [00:01<00:00, 30.69it/s]
 68%|██████▊   | 54/79 [00:01<00:00, 30.55it/s]
 73%|███████▎  | 58/79 [00:02<00:00, 30.84it/s]
 78%|███████▊  | 62/79 [00:02<00:00, 30.85it/s]
 84%|████████▎ | 66/79 [00:02<00:00, 29.96it/s]
 89%|████████▊ | 70/79 [00:02<00:00, 30.69it/s]
 94%|█████████▎| 74/79 [00:02<00:00, 31.03it/s]
 99%|█████████▊| 78/79 [00:02<00:00, 32.14it/s]
100%|██████████| 79/79 [00:02<00:00, 29.71it/s]

CommRound: 28/30
Accuracy: 13.54% | Loss: 3.0318
[########################################################----] 93.3%
Elapsed: 4.5m | Avg/Round: 9.7s | Last: 9.9s | Next: 9.7s | Remaining: 0.3m
ETA: 11:34:04
Recent round times: R1: 9.7s -> R2: 9.5s -> R3: 9.7s -> R4: 9.3s -> R5: 9.9s

  0%|          | 0/79 [00:00<?, ?it/s]
  1%|▏         | 1/79 [00:00<00:12,  6.46it/s]
  6%|▋         | 5/79 [00:00<00:03, 20.49it/s]
 11%|█▏        | 9/79 [00:00<00:02, 24.44it/s]
 16%|█▋        | 13/79 [00:00<00:02, 26.74it/s]
 22%|██▏       | 17/79 [00:00<00:02, 29.04it/s]
 27%|██▋       | 21/79 [00:00<00:01, 29.88it/s]
 32%|███▏      | 25/79 [00:00<00:01, 30.27it/s]
 37%|███▋      | 29/79 [00:01<00:01, 30.70it/s]
 42%|████▏     | 33/79 [00:01<00:01, 30.17it/s]
 47%|████▋     | 37/79 [00:01<00:01, 31.61it/s]
 52%|█████▏    | 41/79 [00:01<00:01, 31.63it/s]
 57%|█████▋    | 45/79 [00:01<00:01, 31.47it/s]
 62%|██████▏   | 49/79 [00:01<00:00, 31.46it/s]
 67%|██████▋   | 53/79 [00:01<00:00, 31.35it/s]
 72%|███████▏  | 57/79 [00:01<00:00, 31.44it/s]
 77%|███████▋  | 61/79 [00:02<00:00, 31.47it/s]
 82%|████████▏ | 65/79 [00:02<00:00, 31.63it/s]
 87%|████████▋ | 69/79 [00:02<00:00, 31.39it/s]
 92%|█████████▏| 73/79 [00:02<00:00, 31.15it/s]
 97%|█████████▋| 77/79 [00:02<00:00, 31.61it/s]
100%|██████████| 79/79 [00:02<00:00, 30.18it/s]

CommRound: 29/30
Accuracy: 13.51% | Loss: 3.0310
[##########################################################--] 96.7%
Elapsed: 4.7m | Avg/Round: 9.7s | Last: 9.5s | Next: 9.7s | Remaining: 0.2m
ETA: 11:34:04
Recent round times: R1: 9.5s -> R2: 9.7s -> R3: 9.3s -> R4: 9.9s -> R5: 9.5s

  0%|          | 0/79 [00:00<?, ?it/s]
  1%|▏         | 1/79 [00:00<00:12,  6.17it/s]
  6%|▋         | 5/79 [00:00<00:03, 20.54it/s]
 11%|█▏        | 9/79 [00:00<00:02, 24.54it/s]
 16%|█▋        | 13/79 [00:00<00:02, 26.57it/s]
 22%|██▏       | 17/79 [00:00<00:02, 27.06it/s]
 27%|██▋       | 21/79 [00:00<00:02, 28.95it/s]
 32%|███▏      | 25/79 [00:00<00:01, 29.87it/s]
 37%|███▋      | 29/79 [00:01<00:01, 30.25it/s]
 42%|████▏     | 33/79 [00:01<00:01, 30.02it/s]
 47%|████▋     | 37/79 [00:01<00:01, 30.32it/s]
 52%|█████▏    | 41/79 [00:01<00:01, 30.43it/s]
 57%|█████▋    | 45/79 [00:01<00:01, 30.02it/s]
 62%|██████▏   | 49/79 [00:01<00:00, 30.30it/s]
 67%|██████▋   | 53/79 [00:01<00:00, 30.85it/s]
 72%|███████▏  | 57/79 [00:01<00:00, 30.87it/s]
 77%|███████▋  | 61/79 [00:02<00:00, 31.48it/s]
 82%|████████▏ | 65/79 [00:02<00:00, 30.98it/s]
 87%|████████▋ | 69/79 [00:02<00:00, 30.69it/s]
 92%|█████████▏| 73/79 [00:02<00:00, 30.83it/s]
 97%|█████████▋| 77/79 [00:02<00:00, 31.77it/s]
100%|██████████| 79/79 [00:02<00:00, 29.71it/s]

CommRound: 30/30
Accuracy: 13.54% | Loss: 3.0292
[############################################################] 100.0%
Elapsed: 4.9m | Avg/Round: 9.7s | Last: 9.7s | Next: 9.7s | Remaining: 0.0m
ETA: 11:34:04
Recent round times: R1: 9.7s -> R2: 9.3s -> R3: 9.9s -> R4: 9.5s -> R5: 9.7s
Total time for experiment: 291.89992451667786 seconds
Device average training time per communication round [s]:
    rpi (sld-rpi-09.ece.utexas.edu): 4.12 seconds
    mc1 (sld-mc1-09.ece.utexas.edu): 3.67 seconds
