
  0%|          | 0/79 [00:00<?, ?it/s]
  1%|▏         | 1/79 [00:00<00:13,  5.92it/s]
  6%|▋         | 5/79 [00:00<00:03, 20.36it/s]
 10%|█         | 8/79 [00:00<00:04, 16.25it/s]
 15%|█▌        | 12/79 [00:00<00:03, 21.18it/s]
 20%|██        | 16/79 [00:00<00:02, 24.58it/s]
 25%|██▌       | 20/79 [00:00<00:02, 26.88it/s]
 29%|██▉       | 23/79 [00:01<00:02, 25.30it/s]
 34%|███▍      | 27/79 [00:01<00:01, 26.21it/s]
 38%|███▊      | 30/79 [00:01<00:01, 24.69it/s]
 42%|████▏     | 33/79 [00:01<00:02, 18.41it/s]
 46%|████▌     | 36/79 [00:01<00:02, 19.74it/s]
 49%|████▉     | 39/79 [00:01<00:02, 18.84it/s]
 54%|█████▍    | 43/79 [00:02<00:01, 21.41it/s]
 59%|█████▉    | 47/79 [00:02<00:01, 23.60it/s]
 65%|██████▍   | 51/79 [00:02<00:01, 23.05it/s]
 72%|███████▏  | 57/79 [00:02<00:00, 28.96it/s]
 77%|███████▋  | 61/79 [00:02<00:00, 29.95it/s]
 82%|████████▏ | 65/79 [00:02<00:00, 30.62it/s]
 87%|████████▋ | 69/79 [00:02<00:00, 30.34it/s]
 92%|█████████▏| 73/79 [00:02<00:00, 31.64it/s]
 97%|█████████▋| 77/79 [00:03<00:00, 30.95it/s]
100%|██████████| 79/79 [00:03<00:00, 25.29it/s]
Initial Accuracy: 16.37%; Initial Loss: 2.3025

  0%|          | 0/79 [00:00<?, ?it/s]
  1%|▏         | 1/79 [00:00<00:14,  5.27it/s]
  5%|▌         | 4/79 [00:00<00:04, 15.55it/s]
  8%|▊         | 6/79 [00:00<00:04, 16.16it/s]
 11%|█▏        | 9/79 [00:00<00:03, 19.17it/s]
 16%|█▋        | 13/79 [00:00<00:02, 23.96it/s]
 20%|██        | 16/79 [00:00<00:02, 23.27it/s]
 24%|██▍       | 19/79 [00:00<00:02, 23.42it/s]
 29%|██▉       | 23/79 [00:01<00:02, 24.50it/s]
 34%|███▍      | 27/79 [00:01<00:02, 25.33it/s]
 39%|███▉      | 31/79 [00:01<00:01, 25.60it/s]
 44%|████▍     | 35/79 [00:01<00:01, 23.83it/s]
 48%|████▊     | 38/79 [00:01<00:01, 23.56it/s]
 52%|█████▏    | 41/79 [00:01<00:02, 17.51it/s]
 54%|█████▍    | 43/79 [00:02<00:02, 16.56it/s]
 57%|█████▋    | 45/79 [00:02<00:02, 16.43it/s]
 59%|█████▉    | 47/79 [00:02<00:01, 16.35it/s]
 62%|██████▏   | 49/79 [00:02<00:01, 15.39it/s]
 65%|██████▍   | 51/79 [00:02<00:01, 14.81it/s]
 67%|██████▋   | 53/79 [00:02<00:01, 14.58it/s]
 70%|██████▉   | 55/79 [00:02<00:01, 14.22it/s]
 72%|███████▏  | 57/79 [00:03<00:01, 15.47it/s]
 77%|███████▋  | 61/79 [00:03<00:00, 19.27it/s]
 80%|███████▉  | 63/79 [00:03<00:00, 17.78it/s]
 82%|████████▏ | 65/79 [00:03<00:00, 16.40it/s]
 85%|████████▍ | 67/79 [00:03<00:00, 14.99it/s]
 90%|████████▉ | 71/79 [00:03<00:00, 17.51it/s]
 95%|█████████▍| 75/79 [00:03<00:00, 22.09it/s]
100%|██████████| 79/79 [00:04<00:00, 19.43it/s]

CommRound: 1/30
Accuracy: 39.69% | Loss: 1.8327
[##----------------------------------------------------------] 3.3%
Elapsed: 0.2m | Avg/Round: 14.4s | Last: 11.3s | Next: 14.4s | Remaining: 7.0m
ETA: 03:54:18
Recent round times: R1: 11.3s

  0%|          | 0/79 [00:00<?, ?it/s]
  1%|▏         | 1/79 [00:00<00:11,  6.93it/s]
  6%|▋         | 5/79 [00:00<00:03, 21.63it/s]
 10%|█         | 8/79 [00:00<00:03, 21.41it/s]
 15%|█▌        | 12/79 [00:00<00:02, 25.26it/s]
 20%|██        | 16/79 [00:00<00:02, 27.29it/s]
 25%|██▌       | 20/79 [00:00<00:02, 28.71it/s]
 30%|███       | 24/79 [00:00<00:01, 29.49it/s]
 34%|███▍      | 27/79 [00:01<00:01, 27.49it/s]
 39%|███▉      | 31/79 [00:01<00:01, 27.82it/s]
 44%|████▍     | 35/79 [00:01<00:01, 29.06it/s]
 49%|████▉     | 39/79 [00:01<00:01, 29.91it/s]
 54%|█████▍    | 43/79 [00:01<00:01, 27.95it/s]
 59%|█████▉    | 47/79 [00:01<00:01, 27.79it/s]
 65%|██████▍   | 51/79 [00:01<00:00, 28.85it/s]
 70%|██████▉   | 55/79 [00:01<00:00, 29.49it/s]
 75%|███████▍  | 59/79 [00:02<00:00, 29.80it/s]
 80%|███████▉  | 63/79 [00:02<00:00, 29.88it/s]
 85%|████████▍ | 67/79 [00:02<00:00, 30.46it/s]
 90%|████████▉ | 71/79 [00:02<00:00, 31.20it/s]
 95%|█████████▍| 75/79 [00:02<00:00, 30.77it/s]
100%|██████████| 79/79 [00:02<00:00, 29.05it/s]
100%|██████████| 79/79 [00:02<00:00, 28.03it/s]

CommRound: 2/30
Accuracy: 71.83% | Loss: 0.7998
[####--------------------------------------------------------] 6.7%
Elapsed: 0.4m | Avg/Round: 12.2s | Last: 10.0s | Next: 12.2s | Remaining: 5.7m
ETA: 03:53:12
Recent round times: R1: 11.3s -> R2: 10.0s

  0%|          | 0/79 [00:00<?, ?it/s]
  1%|▏         | 1/79 [00:00<00:09,  7.84it/s]
  5%|▌         | 4/79 [00:00<00:03, 19.33it/s]
 10%|█         | 8/79 [00:00<00:03, 19.20it/s]
 15%|█▌        | 12/79 [00:00<00:02, 22.89it/s]
 20%|██        | 16/79 [00:00<00:02, 25.19it/s]
 25%|██▌       | 20/79 [00:00<00:02, 27.21it/s]
 29%|██▉       | 23/79 [00:00<00:02, 27.83it/s]
 34%|███▍      | 27/79 [00:01<00:01, 27.67it/s]
 41%|████      | 32/79 [00:01<00:01, 29.70it/s]
 46%|████▌     | 36/79 [00:01<00:01, 30.11it/s]
 51%|█████     | 40/79 [00:01<00:01, 30.67it/s]
 56%|█████▌    | 44/79 [00:01<00:01, 30.99it/s]
 61%|██████    | 48/79 [00:01<00:01, 25.54it/s]
 65%|██████▍   | 51/79 [00:01<00:01, 23.74it/s]
 68%|██████▊   | 54/79 [00:02<00:01, 19.42it/s]
 72%|███████▏  | 57/79 [00:02<00:01, 18.58it/s]
 75%|███████▍  | 59/79 [00:02<00:01, 17.61it/s]
 77%|███████▋  | 61/79 [00:02<00:01, 16.78it/s]
 80%|███████▉  | 63/79 [00:02<00:00, 16.96it/s]
 84%|████████▎ | 66/79 [00:02<00:00, 19.17it/s]
 89%|████████▊ | 70/79 [00:03<00:00, 21.87it/s]
 94%|█████████▎| 74/79 [00:03<00:00, 23.90it/s]
 99%|█████████▊| 78/79 [00:03<00:00, 25.71it/s]
100%|██████████| 79/79 [00:03<00:00, 23.57it/s]

CommRound: 3/30
Accuracy: 78.69% | Loss: 0.6386
[######------------------------------------------------------] 10.0%
Elapsed: 0.6m | Avg/Round: 11.6s | Last: 10.4s | Next: 11.6s | Remaining: 5.2m
ETA: 03:52:54
Recent round times: R1: 11.3s -> R2: 10.0s -> R3: 10.4s

  0%|          | 0/79 [00:00<?, ?it/s]
  1%|▏         | 1/79 [00:00<00:15,  5.00it/s]
  4%|▍         | 3/79 [00:00<00:07,  9.70it/s]
  6%|▋         | 5/79 [00:00<00:06, 11.38it/s]
  9%|▉         | 7/79 [00:00<00:05, 12.23it/s]
 11%|█▏        | 9/79 [00:00<00:05, 12.88it/s]
 14%|█▍        | 11/79 [00:00<00:05, 13.23it/s]
 16%|█▋        | 13/79 [00:01<00:04, 13.37it/s]
 19%|█▉        | 15/79 [00:01<00:04, 13.61it/s]
 22%|██▏       | 17/79 [00:01<00:04, 13.87it/s]
 24%|██▍       | 19/79 [00:01<00:04, 14.73it/s]
 27%|██▋       | 21/79 [00:01<00:03, 14.56it/s]
 29%|██▉       | 23/79 [00:01<00:03, 15.54it/s]
 32%|███▏      | 25/79 [00:01<00:03, 15.98it/s]
 34%|███▍      | 27/79 [00:01<00:03, 16.03it/s]
 37%|███▋      | 29/79 [00:02<00:03, 16.06it/s]
 42%|████▏     | 33/79 [00:02<00:02, 19.85it/s]
 47%|████▋     | 37/79 [00:02<00:02, 19.99it/s]
 49%|████▉     | 39/79 [00:02<00:02, 18.58it/s]
 52%|█████▏    | 41/79 [00:02<00:02, 17.41it/s]
 54%|█████▍    | 43/79 [00:02<00:02, 17.97it/s]
 57%|█████▋    | 45/79 [00:02<00:02, 16.99it/s]
 59%|█████▉    | 47/79 [00:03<00:01, 16.46it/s]
 62%|██████▏   | 49/79 [00:03<00:01, 16.24it/s]
 67%|██████▋   | 53/79 [00:03<00:01, 17.66it/s]
 70%|██████▉   | 55/79 [00:03<00:01, 17.47it/s]
 75%|███████▍  | 59/79 [00:03<00:01, 19.23it/s]
 78%|███████▊  | 62/79 [00:03<00:00, 20.67it/s]
 82%|████████▏ | 65/79 [00:03<00:00, 19.04it/s]
 85%|████████▍ | 67/79 [00:04<00:00, 18.83it/s]
 87%|████████▋ | 69/79 [00:04<00:00, 18.05it/s]
 92%|█████████▏| 73/79 [00:04<00:00, 21.46it/s]
 97%|█████████▋| 77/79 [00:04<00:00, 24.45it/s]
100%|██████████| 79/79 [00:04<00:00, 17.43it/s]

CommRound: 4/30
Accuracy: 83.16% | Loss: 0.5277
[########----------------------------------------------------] 13.3%
Elapsed: 0.8m | Avg/Round: 11.7s | Last: 11.8s | Next: 11.7s | Remaining: 5.1m
ETA: 03:52:55
Recent round times: R1: 11.3s -> R2: 10.0s -> R3: 10.4s -> R4: 11.8s

  0%|          | 0/79 [00:00<?, ?it/s]
  1%|▏         | 1/79 [00:00<00:14,  5.21it/s]
  8%|▊         | 6/79 [00:00<00:03, 23.62it/s]
 11%|█▏        | 9/79 [00:00<00:02, 24.58it/s]
 15%|█▌        | 12/79 [00:00<00:02, 24.94it/s]
 20%|██        | 16/79 [00:00<00:02, 25.34it/s]
 25%|██▌       | 20/79 [00:00<00:02, 26.07it/s]
 30%|███       | 24/79 [00:00<00:02, 26.49it/s]
 35%|███▌      | 28/79 [00:01<00:01, 26.60it/s]
 41%|████      | 32/79 [00:01<00:01, 26.88it/s]
 46%|████▌     | 36/79 [00:01<00:01, 27.03it/s]
 51%|█████     | 40/79 [00:01<00:01, 27.14it/s]
 56%|█████▌    | 44/79 [00:01<00:01, 24.69it/s]
 59%|█████▉    | 47/79 [00:01<00:01, 22.94it/s]
 63%|██████▎   | 50/79 [00:02<00:01, 17.58it/s]
 66%|██████▌   | 52/79 [00:02<00:01, 16.56it/s]
 68%|██████▊   | 54/79 [00:02<00:01, 15.74it/s]
 71%|███████   | 56/79 [00:02<00:01, 15.13it/s]
 73%|███████▎  | 58/79 [00:02<00:01, 14.45it/s]
 76%|███████▌  | 60/79 [00:02<00:01, 14.43it/s]
 78%|███████▊  | 62/79 [00:03<00:01, 14.16it/s]
 81%|████████  | 64/79 [00:03<00:01, 14.94it/s]
 84%|████████▎ | 66/79 [00:03<00:00, 15.51it/s]
 86%|████████▌ | 68/79 [00:03<00:00, 15.63it/s]
 89%|████████▊ | 70/79 [00:03<00:00, 16.63it/s]
 94%|█████████▎| 74/79 [00:03<00:00, 20.45it/s]
 99%|█████████▊| 78/79 [00:03<00:00, 22.92it/s]
100%|██████████| 79/79 [00:03<00:00, 20.46it/s]

CommRound: 5/30
Accuracy: 83.20% | Loss: 0.5459
[##########--------------------------------------------------] 16.7%
Elapsed: 1.0m | Avg/Round: 11.5s | Last: 11.0s | Next: 11.5s | Remaining: 4.8m
ETA: 03:52:51
Recent round times: R1: 11.3s -> R2: 10.0s -> R3: 10.4s -> R4: 11.8s -> R5: 11.0s

  0%|          | 0/79 [00:00<?, ?it/s]
  1%|▏         | 1/79 [00:00<00:11,  6.63it/s]
  6%|▋         | 5/79 [00:00<00:03, 19.74it/s]
 11%|█▏        | 9/79 [00:00<00:03, 18.07it/s]
 14%|█▍        | 11/79 [00:00<00:04, 16.52it/s]
 19%|█▉        | 15/79 [00:00<00:03, 20.91it/s]
 24%|██▍       | 19/79 [00:00<00:02, 24.01it/s]
 29%|██▉       | 23/79 [00:01<00:02, 26.33it/s]
 34%|███▍      | 27/79 [00:01<00:01, 28.11it/s]
 39%|███▉      | 31/79 [00:01<00:01, 29.23it/s]
 44%|████▍     | 35/79 [00:01<00:01, 30.20it/s]
 49%|████▉     | 39/79 [00:01<00:01, 30.44it/s]
 54%|█████▍    | 43/79 [00:01<00:01, 30.84it/s]
 59%|█████▉    | 47/79 [00:01<00:01, 30.65it/s]
 65%|██████▍   | 51/79 [00:01<00:00, 31.07it/s]
 70%|██████▉   | 55/79 [00:02<00:00, 30.43it/s]
 75%|███████▍  | 59/79 [00:02<00:00, 22.93it/s]
 78%|███████▊  | 62/79 [00:02<00:00, 22.07it/s]
 82%|████████▏ | 65/79 [00:02<00:00, 18.42it/s]
 86%|████████▌ | 68/79 [00:02<00:00, 19.81it/s]
 90%|████████▉ | 71/79 [00:03<00:00, 16.46it/s]
 92%|█████████▏| 73/79 [00:03<00:00, 15.96it/s]
 95%|█████████▍| 75/79 [00:03<00:00, 15.91it/s]
 97%|█████████▋| 77/79 [00:03<00:00, 16.55it/s]
100%|██████████| 79/79 [00:03<00:00, 22.36it/s]

CommRound: 6/30
Accuracy: 87.09% | Loss: 0.4338
[############------------------------------------------------] 20.0%
Elapsed: 1.1m | Avg/Round: 11.4s | Last: 10.7s | Next: 11.4s | Remaining: 4.6m
ETA: 03:52:47
Recent round times: R1: 10.0s -> R2: 10.4s -> R3: 11.8s -> R4: 11.0s -> R5: 10.7s

  0%|          | 0/79 [00:00<?, ?it/s]
  1%|▏         | 1/79 [00:00<00:13,  5.98it/s]
  6%|▋         | 5/79 [00:00<00:03, 21.02it/s]
 11%|█▏        | 9/79 [00:00<00:02, 25.78it/s]
 16%|█▋        | 13/79 [00:00<00:02, 27.10it/s]
 22%|██▏       | 17/79 [00:00<00:02, 26.90it/s]
 27%|██▋       | 21/79 [00:00<00:02, 27.95it/s]
 32%|███▏      | 25/79 [00:00<00:01, 28.62it/s]
 35%|███▌      | 28/79 [00:01<00:01, 28.60it/s]
 41%|████      | 32/79 [00:01<00:01, 29.68it/s]
 46%|████▌     | 36/79 [00:01<00:01, 30.16it/s]
 51%|█████     | 40/79 [00:01<00:01, 30.64it/s]
 56%|█████▌    | 44/79 [00:01<00:01, 31.12it/s]
 61%|██████    | 48/79 [00:01<00:00, 31.46it/s]
 66%|██████▌   | 52/79 [00:01<00:00, 31.14it/s]
 71%|███████   | 56/79 [00:01<00:00, 31.73it/s]
 76%|███████▌  | 60/79 [00:02<00:00, 28.27it/s]
 80%|███████▉  | 63/79 [00:02<00:00, 28.12it/s]
 85%|████████▍ | 67/79 [00:02<00:00, 29.24it/s]
 90%|████████▉ | 71/79 [00:02<00:00, 30.08it/s]
 95%|█████████▍| 75/79 [00:02<00:00, 30.66it/s]
100%|██████████| 79/79 [00:02<00:00, 29.15it/s]

CommRound: 7/30
Accuracy: 85.75% | Loss: 0.4734
[##############----------------------------------------------] 23.3%
Elapsed: 1.3m | Avg/Round: 11.2s | Last: 9.8s | Next: 11.2s | Remaining: 4.3m
ETA: 03:52:40
Recent round times: R1: 10.4s -> R2: 11.8s -> R3: 11.0s -> R4: 10.7s -> R5: 9.8s

  0%|          | 0/79 [00:00<?, ?it/s]
  1%|▏         | 1/79 [00:00<00:13,  5.63it/s]
  6%|▋         | 5/79 [00:00<00:03, 19.23it/s]
 11%|█▏        | 9/79 [00:00<00:02, 25.70it/s]
 15%|█▌        | 12/79 [00:00<00:02, 26.01it/s]
 20%|██        | 16/79 [00:00<00:02, 28.40it/s]
 25%|██▌       | 20/79 [00:00<00:01, 29.53it/s]
 30%|███       | 24/79 [00:00<00:01, 31.40it/s]
 35%|███▌      | 28/79 [00:01<00:01, 32.20it/s]
 41%|████      | 32/79 [00:01<00:01, 31.57it/s]
 46%|████▌     | 36/79 [00:01<00:01, 30.66it/s]
 51%|█████     | 40/79 [00:01<00:01, 32.22it/s]
 56%|█████▌    | 44/79 [00:01<00:01, 32.77it/s]
 61%|██████    | 48/79 [00:01<00:00, 32.92it/s]
 66%|██████▌   | 52/79 [00:01<00:00, 33.16it/s]
 71%|███████   | 56/79 [00:01<00:00, 33.25it/s]
 76%|███████▌  | 60/79 [00:01<00:00, 33.11it/s]
 81%|████████  | 64/79 [00:02<00:00, 33.47it/s]
 86%|████████▌ | 68/79 [00:02<00:00, 33.20it/s]
 91%|█████████ | 72/79 [00:02<00:00, 32.71it/s]
 96%|█████████▌| 76/79 [00:02<00:00, 33.19it/s]
100%|██████████| 79/79 [00:02<00:00, 30.97it/s]

CommRound: 8/30
Accuracy: 85.73% | Loss: 0.5107
[################--------------------------------------------] 26.7%
Elapsed: 1.5m | Avg/Round: 11.0s | Last: 9.9s | Next: 11.0s | Remaining: 4.0m
ETA: 03:52:35
Recent round times: R1: 11.8s -> R2: 11.0s -> R3: 10.7s -> R4: 9.8s -> R5: 9.9s

  0%|          | 0/79 [00:00<?, ?it/s]
  1%|▏         | 1/79 [00:00<00:15,  4.96it/s]
  8%|▊         | 6/79 [00:00<00:03, 23.35it/s]
 13%|█▎        | 10/79 [00:00<00:02, 27.21it/s]
 18%|█▊        | 14/79 [00:00<00:02, 29.32it/s]
 23%|██▎       | 18/79 [00:00<00:02, 29.74it/s]
 28%|██▊       | 22/79 [00:00<00:01, 31.32it/s]
 33%|███▎      | 26/79 [00:00<00:01, 31.17it/s]
 38%|███▊      | 30/79 [00:01<00:01, 27.90it/s]
 42%|████▏     | 33/79 [00:01<00:01, 27.63it/s]
 47%|████▋     | 37/79 [00:01<00:01, 29.66it/s]
 52%|█████▏    | 41/79 [00:01<00:01, 29.63it/s]
 57%|█████▋    | 45/79 [00:01<00:01, 27.15it/s]
 61%|██████    | 48/79 [00:01<00:01, 26.92it/s]
 65%|██████▍   | 51/79 [00:01<00:01, 22.36it/s]
 68%|██████▊   | 54/79 [00:02<00:01, 23.54it/s]
 72%|███████▏  | 57/79 [00:02<00:01, 19.68it/s]
 76%|███████▌  | 60/79 [00:02<00:00, 21.18it/s]
 80%|███████▉  | 63/79 [00:02<00:00, 18.35it/s]
 84%|████████▎ | 66/79 [00:02<00:00, 20.19it/s]
 87%|████████▋ | 69/79 [00:02<00:00, 17.52it/s]
 92%|█████████▏| 73/79 [00:03<00:00, 18.41it/s]
 97%|█████████▋| 77/79 [00:03<00:00, 19.45it/s]
100%|██████████| 79/79 [00:03<00:00, 23.57it/s]

CommRound: 9/30
Accuracy: 88.39% | Loss: 0.4029
[##################------------------------------------------] 30.0%
Elapsed: 1.6m | Avg/Round: 11.0s | Last: 10.7s | Next: 11.0s | Remaining: 3.8m
ETA: 03:52:34
Recent round times: R1: 11.0s -> R2: 10.7s -> R3: 9.8s -> R4: 9.9s -> R5: 10.7s

  0%|          | 0/79 [00:00<?, ?it/s]
  1%|▏         | 1/79 [00:00<00:09,  8.20it/s]
  6%|▋         | 5/79 [00:00<00:02, 24.73it/s]
 11%|█▏        | 9/79 [00:00<00:02, 28.54it/s]
 16%|█▋        | 13/79 [00:00<00:02, 29.80it/s]
 22%|██▏       | 17/79 [00:00<00:02, 30.98it/s]
 27%|██▋       | 21/79 [00:00<00:01, 31.08it/s]
 32%|███▏      | 25/79 [00:00<00:01, 31.85it/s]
 37%|███▋      | 29/79 [00:00<00:01, 32.53it/s]
 42%|████▏     | 33/79 [00:01<00:01, 33.18it/s]
 47%|████▋     | 37/79 [00:01<00:01, 30.93it/s]
 52%|█████▏    | 41/79 [00:01<00:01, 26.52it/s]
 56%|█████▌    | 44/79 [00:01<00:01, 26.94it/s]
 59%|█████▉    | 47/79 [00:01<00:01, 24.51it/s]
 65%|██████▍   | 51/79 [00:01<00:01, 27.22it/s]
 70%|██████▉   | 55/79 [00:01<00:00, 29.17it/s]
 75%|███████▍  | 59/79 [00:02<00:00, 29.01it/s]
 78%|███████▊  | 62/79 [00:02<00:00, 27.88it/s]
 84%|████████▎ | 66/79 [00:02<00:00, 26.77it/s]
 87%|████████▋ | 69/79 [00:02<00:00, 27.24it/s]
 91%|█████████ | 72/79 [00:02<00:00, 23.23it/s]
 96%|█████████▌| 76/79 [00:02<00:00, 23.76it/s]
100%|██████████| 79/79 [00:02<00:00, 27.54it/s]

CommRound: 10/30
Accuracy: 89.23% | Loss: 0.3955
[####################----------------------------------------] 33.3%
Elapsed: 1.8m | Avg/Round: 10.9s | Last: 10.1s | Next: 10.9s | Remaining: 3.6m
ETA: 03:52:32
Recent round times: R1: 10.7s -> R2: 9.8s -> R3: 9.9s -> R4: 10.7s -> R5: 10.1s

  0%|          | 0/79 [00:00<?, ?it/s]
  1%|▏         | 1/79 [00:00<00:14,  5.51it/s]
  6%|▋         | 5/79 [00:00<00:03, 18.89it/s]
 10%|█         | 8/79 [00:00<00:03, 22.39it/s]
 15%|█▌        | 12/79 [00:00<00:02, 26.65it/s]
 20%|██        | 16/79 [00:00<00:02, 29.18it/s]
 25%|██▌       | 20/79 [00:00<00:01, 30.89it/s]
 30%|███       | 24/79 [00:00<00:01, 31.49it/s]
 35%|███▌      | 28/79 [00:01<00:01, 32.34it/s]
 41%|████      | 32/79 [00:01<00:01, 32.64it/s]
 46%|████▌     | 36/79 [00:01<00:01, 30.44it/s]
 52%|█████▏    | 41/79 [00:01<00:01, 33.08it/s]
 57%|█████▋    | 45/79 [00:01<00:01, 33.09it/s]
 62%|██████▏   | 49/79 [00:01<00:00, 33.17it/s]
 67%|██████▋   | 53/79 [00:01<00:00, 33.31it/s]
 72%|███████▏  | 57/79 [00:01<00:00, 33.32it/s]
 77%|███████▋  | 61/79 [00:02<00:00, 32.86it/s]
 82%|████████▏ | 65/79 [00:02<00:00, 33.19it/s]
 87%|████████▋ | 69/79 [00:02<00:00, 32.36it/s]
 92%|█████████▏| 73/79 [00:02<00:00, 33.30it/s]
 97%|█████████▋| 77/79 [00:02<00:00, 33.62it/s]
100%|██████████| 79/79 [00:02<00:00, 31.39it/s]

CommRound: 11/30
Accuracy: 88.92% | Loss: 0.3961
[######################--------------------------------------] 36.7%
Elapsed: 2.0m | Avg/Round: 10.8s | Last: 9.7s | Next: 10.8s | Remaining: 3.4m
ETA: 03:52:28
Recent round times: R1: 9.8s -> R2: 9.9s -> R3: 10.7s -> R4: 10.1s -> R5: 9.7s

  0%|          | 0/79 [00:00<?, ?it/s]
  1%|▏         | 1/79 [00:00<00:14,  5.26it/s]
  8%|▊         | 6/79 [00:00<00:03, 23.95it/s]
 13%|█▎        | 10/79 [00:00<00:02, 27.97it/s]
 18%|█▊        | 14/79 [00:00<00:02, 30.19it/s]
 23%|██▎       | 18/79 [00:00<00:01, 31.50it/s]
 28%|██▊       | 22/79 [00:00<00:01, 32.40it/s]
 33%|███▎      | 26/79 [00:00<00:01, 33.19it/s]
 38%|███▊      | 30/79 [00:00<00:01, 33.69it/s]
 43%|████▎     | 34/79 [00:01<00:01, 33.87it/s]
 48%|████▊     | 38/79 [00:01<00:01, 33.75it/s]
 53%|█████▎    | 42/79 [00:01<00:01, 33.97it/s]
 58%|█████▊    | 46/79 [00:01<00:00, 34.03it/s]
 63%|██████▎   | 50/79 [00:01<00:00, 33.97it/s]
 68%|██████▊   | 54/79 [00:01<00:00, 34.03it/s]
 73%|███████▎  | 58/79 [00:01<00:00, 34.28it/s]
 78%|███████▊  | 62/79 [00:01<00:00, 34.37it/s]
 84%|████████▎ | 66/79 [00:02<00:00, 34.21it/s]
 89%|████████▊ | 70/79 [00:02<00:00, 32.89it/s]
 94%|█████████▎| 74/79 [00:02<00:00, 31.09it/s]
 99%|█████████▊| 78/79 [00:02<00:00, 31.90it/s]
100%|██████████| 79/79 [00:02<00:00, 31.93it/s]

CommRound: 12/30
Accuracy: 88.77% | Loss: 0.3999
[########################------------------------------------] 40.0%
Elapsed: 2.1m | Avg/Round: 10.7s | Last: 9.8s | Next: 10.7s | Remaining: 3.2m
ETA: 03:52:26
Recent round times: R1: 9.9s -> R2: 10.7s -> R3: 10.1s -> R4: 9.7s -> R5: 9.8s

  0%|          | 0/79 [00:00<?, ?it/s]
  1%|▏         | 1/79 [00:00<00:12,  6.04it/s]
  6%|▋         | 5/79 [00:00<00:03, 19.52it/s]
 11%|█▏        | 9/79 [00:00<00:03, 23.26it/s]
 16%|█▋        | 13/79 [00:00<00:02, 23.90it/s]
 22%|██▏       | 17/79 [00:00<00:02, 24.96it/s]
 25%|██▌       | 20/79 [00:00<00:02, 26.15it/s]
 29%|██▉       | 23/79 [00:00<00:02, 24.23it/s]
 34%|███▍      | 27/79 [00:01<00:01, 27.24it/s]
 39%|███▉      | 31/79 [00:01<00:01, 29.39it/s]
 44%|████▍     | 35/79 [00:01<00:01, 30.97it/s]
 49%|████▉     | 39/79 [00:01<00:01, 32.23it/s]
 54%|█████▍    | 43/79 [00:01<00:01, 31.47it/s]
 59%|█████▉    | 47/79 [00:01<00:01, 29.73it/s]
 65%|██████▍   | 51/79 [00:01<00:01, 27.19it/s]
 68%|██████▊   | 54/79 [00:02<00:01, 23.82it/s]
 73%|███████▎  | 58/79 [00:02<00:00, 25.65it/s]
 78%|███████▊  | 62/79 [00:02<00:00, 23.46it/s]
 85%|████████▍ | 67/79 [00:02<00:00, 28.63it/s]
 90%|████████▉ | 71/79 [00:02<00:00, 26.62it/s]
 95%|█████████▍| 75/79 [00:02<00:00, 29.10it/s]
100%|██████████| 79/79 [00:02<00:00, 27.16it/s]

CommRound: 13/30
Accuracy: 88.01% | Loss: 0.4317
[##########################----------------------------------] 43.3%
Elapsed: 2.3m | Avg/Round: 10.6s | Last: 10.0s | Next: 10.6s | Remaining: 3.0m
ETA: 03:52:25
Recent round times: R1: 10.7s -> R2: 10.1s -> R3: 9.7s -> R4: 9.8s -> R5: 10.0s

  0%|          | 0/79 [00:00<?, ?it/s]
  1%|▏         | 1/79 [00:00<00:10,  7.58it/s]
  6%|▋         | 5/79 [00:00<00:03, 20.15it/s]
 11%|█▏        | 9/79 [00:00<00:02, 25.12it/s]
 16%|█▋        | 13/79 [00:00<00:02, 28.18it/s]
 22%|██▏       | 17/79 [00:00<00:02, 29.98it/s]
 27%|██▋       | 21/79 [00:00<00:01, 31.42it/s]
 32%|███▏      | 25/79 [00:00<00:01, 32.07it/s]
 37%|███▋      | 29/79 [00:01<00:02, 24.66it/s]
 41%|████      | 32/79 [00:01<00:01, 23.66it/s]
 44%|████▍     | 35/79 [00:01<00:02, 20.44it/s]
 48%|████▊     | 38/79 [00:01<00:01, 21.11it/s]
 52%|█████▏    | 41/79 [00:01<00:01, 19.06it/s]
 56%|█████▌    | 44/79 [00:01<00:01, 20.98it/s]
 59%|█████▉    | 47/79 [00:02<00:01, 19.91it/s]
 63%|██████▎   | 50/79 [00:02<00:01, 22.10it/s]
 67%|██████▋   | 53/79 [00:02<00:01, 22.84it/s]
 72%|███████▏  | 57/79 [00:02<00:00, 24.30it/s]
 77%|███████▋  | 61/79 [00:02<00:00, 26.69it/s]
 82%|████████▏ | 65/79 [00:02<00:00, 28.73it/s]
 87%|████████▋ | 69/79 [00:02<00:00, 30.21it/s]
 92%|█████████▏| 73/79 [00:02<00:00, 31.51it/s]
 97%|█████████▋| 77/79 [00:03<00:00, 32.26it/s]
100%|██████████| 79/79 [00:03<00:00, 25.75it/s]

CommRound: 14/30
Accuracy: 88.67% | Loss: 0.4106
[############################--------------------------------] 46.7%
Elapsed: 2.5m | Avg/Round: 10.6s | Last: 10.2s | Next: 10.6s | Remaining: 2.8m
ETA: 03:52:24
Recent round times: R1: 10.1s -> R2: 9.7s -> R3: 9.8s -> R4: 10.0s -> R5: 10.2s

  0%|          | 0/79 [00:00<?, ?it/s]
  1%|▏         | 1/79 [00:00<00:10,  7.38it/s]
  8%|▊         | 6/79 [00:00<00:02, 29.00it/s]
 13%|█▎        | 10/79 [00:00<00:02, 28.95it/s]
 18%|█▊        | 14/79 [00:00<00:02, 30.86it/s]
 23%|██▎       | 18/79 [00:00<00:01, 32.04it/s]
 28%|██▊       | 22/79 [00:00<00:01, 32.78it/s]
 33%|███▎      | 26/79 [00:00<00:01, 33.25it/s]
 38%|███▊      | 30/79 [00:00<00:01, 33.56it/s]
 43%|████▎     | 34/79 [00:01<00:01, 33.75it/s]
 48%|████▊     | 38/79 [00:01<00:01, 30.29it/s]
 53%|█████▎    | 42/79 [00:01<00:01, 31.43it/s]
 58%|█████▊    | 46/79 [00:01<00:01, 32.27it/s]
 63%|██████▎   | 50/79 [00:01<00:00, 32.54it/s]
 68%|██████▊   | 54/79 [00:01<00:00, 32.77it/s]
 73%|███████▎  | 58/79 [00:01<00:00, 32.10it/s]
 78%|███████▊  | 62/79 [00:01<00:00, 31.94it/s]
 84%|████████▎ | 66/79 [00:02<00:00, 32.19it/s]
 89%|████████▊ | 70/79 [00:02<00:00, 32.69it/s]
 94%|█████████▎| 74/79 [00:02<00:00, 32.67it/s]
 99%|█████████▊| 78/79 [00:02<00:00, 33.02it/s]
100%|██████████| 79/79 [00:02<00:00, 31.91it/s]

CommRound: 15/30
Accuracy: 88.91% | Loss: 0.3993
[##############################------------------------------] 50.0%
Elapsed: 2.6m | Avg/Round: 10.6s | Last: 9.8s | Next: 10.6s | Remaining: 2.6m
ETA: 03:52:22
Recent round times: R1: 9.7s -> R2: 9.8s -> R3: 10.0s -> R4: 10.2s -> R5: 9.8s
EARLY_STOP: round=15; best_acc=89.23; current_acc=88.91; threshold=90.00; patience=5; reason=converged_below_target
Total time for experiment: 158.508061170578 seconds
Device average training time per communication round [s]:
    rpi (sld-rpi-09.ece.utexas.edu): 4.28 seconds
    mc1 (sld-mc1-09.ece.utexas.edu): 2.17 seconds
