Connecting to sld-rpi-09.ece.utexas.edu...
Successfully fetched dev0_pow_temp_log_exp212_run1.csv.
Connecting to sld-rpi-09.ece.utexas.edu...
Successfully fetched dev0_communication_log_exp212_run1.csv.
Connecting to sld-mc1-09.ece.utexas.edu...
Successfully fetched dev1_pow_temp_log_exp212_run1.csv.
Connecting to sld-mc1-09.ece.utexas.edu...
Successfully fetched dev1_communication_log_exp212_run1.csv.

Exp212
Experiment 212: 
	Global test accuracy [%]: 67.42 %
	No round found where all subsequent rounds have accuracy >= 90.00%.
	Average time per communication round [s]: 11.0 seconds
	Total wall clock time [s]: 328.65 seconds


Experiment 212:
	RPi avg. energy consumption per round [J]: 42.63 Joules
	MC1 avg. energy consumption per round [J]: 30.03 Joules
	Total avg. energy consumption per communication round [J]: 72.67 Joules
	Avg. amount of communicated data per communication round [MB]: 0.03 MB
	RPi avg. power consumption per round [W]: 5.33 Watts
	MC1 avg. power consumption per round [W]: 6.54 Watts
