
  0%|          | 0/79 [00:00<?, ?it/s]
  4%|▍         | 3/79 [00:00<00:03, 22.52it/s]
 10%|█         | 8/79 [00:00<00:01, 36.15it/s]
 15%|█▌        | 12/79 [00:00<00:01, 37.74it/s]
 22%|██▏       | 17/79 [00:00<00:01, 36.29it/s]
 29%|██▉       | 23/79 [00:00<00:01, 38.32it/s]
 35%|███▌      | 28/79 [00:00<00:01, 41.41it/s]
 42%|████▏     | 33/79 [00:00<00:01, 39.17it/s]
 48%|████▊     | 38/79 [00:00<00:00, 41.91it/s]
 54%|█████▍    | 43/79 [00:01<00:00, 39.53it/s]
 61%|██████    | 48/79 [00:01<00:00, 42.02it/s]
 67%|██████▋   | 53/79 [00:01<00:00, 39.49it/s]
 73%|███████▎  | 58/79 [00:01<00:00, 42.02it/s]
 80%|███████▉  | 63/79 [00:01<00:00, 39.84it/s]
 86%|████████▌ | 68/79 [00:01<00:00, 41.96it/s]
 92%|█████████▏| 73/79 [00:01<00:00, 39.71it/s]
 99%|█████████▊| 78/79 [00:01<00:00, 37.44it/s]
100%|██████████| 79/79 [00:02<00:00, 39.20it/s]
Initial Accuracy: 8.92%; Initial Loss: 2.3117

  0%|          | 0/79 [00:00<?, ?it/s]
  4%|▍         | 3/79 [00:00<00:03, 22.74it/s]
 10%|█         | 8/79 [00:00<00:01, 36.86it/s]
 16%|█▋        | 13/79 [00:00<00:01, 36.11it/s]
 24%|██▍       | 19/79 [00:00<00:01, 38.49it/s]
 32%|███▏      | 25/79 [00:00<00:01, 39.94it/s]
 39%|███▉      | 31/79 [00:00<00:01, 40.61it/s]
 47%|████▋     | 37/79 [00:00<00:01, 41.22it/s]
 54%|█████▍    | 43/79 [00:01<00:00, 41.45it/s]
 62%|██████▏   | 49/79 [00:01<00:00, 41.66it/s]
 70%|██████▉   | 55/79 [00:01<00:00, 41.95it/s]
 77%|███████▋  | 61/79 [00:01<00:00, 42.02it/s]
 85%|████████▍ | 67/79 [00:01<00:00, 42.16it/s]
 92%|█████████▏| 73/79 [00:01<00:00, 42.31it/s]
100%|██████████| 79/79 [00:01<00:00, 46.38it/s]
100%|██████████| 79/79 [00:01<00:00, 41.37it/s]

CommRound: 1/30
Accuracy: 16.82% | Loss: 2.7558
[##----------------------------------------------------------] 3.3%
Elapsed: 0.2m | Avg/Round: 11.9s | Last: 9.9s | Next: 11.9s | Remaining: 5.8m
ETA: 19:51:26
Recent round times: R1: 9.9s

  0%|          | 0/79 [00:00<?, ?it/s]
  4%|▍         | 3/79 [00:00<00:03, 22.02it/s]
  9%|▉         | 7/79 [00:00<00:02, 30.79it/s]
 15%|█▌        | 12/79 [00:00<00:01, 38.01it/s]
 22%|██▏       | 17/79 [00:00<00:01, 36.45it/s]
 27%|██▋       | 21/79 [00:00<00:01, 37.45it/s]
 32%|███▏      | 25/79 [00:00<00:01, 38.12it/s]
 37%|███▋      | 29/79 [00:00<00:01, 38.62it/s]
 44%|████▍     | 35/79 [00:00<00:01, 39.83it/s]
 51%|█████     | 40/79 [00:01<00:00, 42.57it/s]
 57%|█████▋    | 45/79 [00:01<00:00, 39.61it/s]
 65%|██████▍   | 51/79 [00:01<00:00, 40.44it/s]
 72%|███████▏  | 57/79 [00:01<00:00, 40.97it/s]
 78%|███████▊  | 62/79 [00:01<00:00, 43.07it/s]
 85%|████████▍ | 67/79 [00:01<00:00, 40.64it/s]
 92%|█████████▏| 73/79 [00:01<00:00, 41.03it/s]
100%|██████████| 79/79 [00:01<00:00, 45.63it/s]
100%|██████████| 79/79 [00:01<00:00, 40.20it/s]

CommRound: 2/30
Accuracy: 19.15% | Loss: 2.7748
[####--------------------------------------------------------] 6.7%
Elapsed: 0.4m | Avg/Round: 11.2s | Last: 10.4s | Next: 11.2s | Remaining: 5.2m
ETA: 19:51:03
Recent round times: R1: 9.9s -> R2: 10.4s

  0%|          | 0/79 [00:00<?, ?it/s]
  3%|▎         | 2/79 [00:00<00:04, 19.18it/s]
  9%|▉         | 7/79 [00:00<00:02, 29.27it/s]
 14%|█▍        | 11/79 [00:00<00:02, 32.79it/s]
 19%|█▉        | 15/79 [00:00<00:01, 34.50it/s]
 24%|██▍       | 19/79 [00:00<00:01, 35.66it/s]
 29%|██▉       | 23/79 [00:00<00:01, 36.18it/s]
 34%|███▍      | 27/79 [00:00<00:01, 36.72it/s]
 39%|███▉      | 31/79 [00:00<00:01, 36.96it/s]
 44%|████▍     | 35/79 [00:00<00:01, 36.94it/s]
 49%|████▉     | 39/79 [00:01<00:01, 36.91it/s]
 54%|█████▍    | 43/79 [00:01<00:00, 36.86it/s]
 59%|█████▉    | 47/79 [00:01<00:00, 36.99it/s]
 65%|██████▍   | 51/79 [00:01<00:00, 37.55it/s]
 72%|███████▏  | 57/79 [00:01<00:00, 38.91it/s]
 78%|███████▊  | 62/79 [00:01<00:00, 41.80it/s]
 85%|████████▍ | 67/79 [00:01<00:00, 39.31it/s]
 91%|█████████ | 72/79 [00:01<00:00, 42.09it/s]
 97%|█████████▋| 77/79 [00:02<00:00, 39.43it/s]
100%|██████████| 79/79 [00:02<00:00, 38.03it/s]

CommRound: 3/30
Accuracy: 19.83% | Loss: 2.7736
[######------------------------------------------------------] 10.0%
Elapsed: 0.5m | Avg/Round: 10.8s | Last: 10.1s | Next: 10.8s | Remaining: 4.9m
ETA: 19:50:52
Recent round times: R1: 9.9s -> R2: 10.4s -> R3: 10.1s

  0%|          | 0/79 [00:00<?, ?it/s]
  1%|▏         | 1/79 [00:00<00:08,  9.58it/s]
  9%|▉         | 7/79 [00:00<00:02, 31.92it/s]
 15%|█▌        | 12/79 [00:00<00:01, 38.84it/s]
 20%|██        | 16/79 [00:00<00:01, 39.01it/s]
 27%|██▋       | 21/79 [00:00<00:01, 37.30it/s]
 33%|███▎      | 26/79 [00:00<00:01, 40.85it/s]
 39%|███▉      | 31/79 [00:00<00:01, 38.54it/s]
 46%|████▌     | 36/79 [00:00<00:01, 41.41it/s]
 52%|█████▏    | 41/79 [00:01<00:00, 38.90it/s]
 58%|█████▊    | 46/79 [00:01<00:00, 41.34it/s]
 65%|██████▍   | 51/79 [00:01<00:00, 39.70it/s]
 71%|███████   | 56/79 [00:01<00:00, 40.93it/s]
 77%|███████▋  | 61/79 [00:01<00:00, 39.59it/s]
 84%|████████▎ | 66/79 [00:01<00:00, 40.79it/s]
 90%|████████▉ | 71/79 [00:01<00:00, 36.94it/s]
 95%|█████████▍| 75/79 [00:01<00:00, 36.65it/s]
100%|██████████| 79/79 [00:02<00:00, 38.63it/s]

CommRound: 4/30
Accuracy: 19.69% | Loss: 2.7810
[########----------------------------------------------------] 13.3%
Elapsed: 0.7m | Avg/Round: 10.6s | Last: 10.0s | Next: 10.6s | Remaining: 4.6m
ETA: 19:50:46
Recent round times: R1: 9.9s -> R2: 10.4s -> R3: 10.1s -> R4: 10.0s

  0%|          | 0/79 [00:00<?, ?it/s]
  4%|▍         | 3/79 [00:00<00:03, 22.68it/s]
  9%|▉         | 7/79 [00:00<00:02, 31.13it/s]
 14%|█▍        | 11/79 [00:00<00:02, 33.10it/s]
 19%|█▉        | 15/79 [00:00<00:01, 33.79it/s]
 24%|██▍       | 19/79 [00:00<00:01, 34.36it/s]
 29%|██▉       | 23/79 [00:00<00:01, 34.75it/s]
 34%|███▍      | 27/79 [00:00<00:01, 34.90it/s]
 39%|███▉      | 31/79 [00:00<00:01, 35.00it/s]
 44%|████▍     | 35/79 [00:01<00:01, 35.17it/s]
 49%|████▉     | 39/79 [00:01<00:01, 35.46it/s]
 54%|█████▍    | 43/79 [00:01<00:01, 35.69it/s]
 59%|█████▉    | 47/79 [00:01<00:00, 35.73it/s]
 65%|██████▍   | 51/79 [00:01<00:00, 35.99it/s]
 70%|██████▉   | 55/79 [00:01<00:00, 36.03it/s]
 75%|███████▍  | 59/79 [00:01<00:00, 36.02it/s]
 80%|███████▉  | 63/79 [00:01<00:00, 35.87it/s]
 85%|████████▍ | 67/79 [00:01<00:00, 35.89it/s]
 90%|████████▉ | 71/79 [00:02<00:00, 35.76it/s]
 95%|█████████▍| 75/79 [00:02<00:00, 34.53it/s]
100%|██████████| 79/79 [00:02<00:00, 35.41it/s]

CommRound: 5/30
Accuracy: 19.87% | Loss: 2.6102
[##########--------------------------------------------------] 16.7%
Elapsed: 0.9m | Avg/Round: 10.6s | Last: 10.4s | Next: 10.6s | Remaining: 4.4m
ETA: 19:50:45
Recent round times: R1: 9.9s -> R2: 10.4s -> R3: 10.1s -> R4: 10.0s -> R5: 10.4s

  0%|          | 0/79 [00:00<?, ?it/s]
  4%|▍         | 3/79 [00:00<00:03, 21.78it/s]
  9%|▉         | 7/79 [00:00<00:02, 30.58it/s]
 15%|█▌        | 12/79 [00:00<00:01, 38.30it/s]
 22%|██▏       | 17/79 [00:00<00:01, 37.02it/s]
 27%|██▋       | 21/79 [00:00<00:01, 37.96it/s]
 33%|███▎      | 26/79 [00:00<00:01, 41.60it/s]
 39%|███▉      | 31/79 [00:00<00:01, 38.01it/s]
 44%|████▍     | 35/79 [00:00<00:01, 37.61it/s]
 49%|████▉     | 39/79 [00:01<00:01, 37.52it/s]
 54%|█████▍    | 43/79 [00:01<00:00, 37.65it/s]
 59%|█████▉    | 47/79 [00:01<00:00, 38.06it/s]
 65%|██████▍   | 51/79 [00:01<00:00, 38.04it/s]
 71%|███████   | 56/79 [00:01<00:00, 41.20it/s]
 77%|███████▋  | 61/79 [00:01<00:00, 38.47it/s]
 82%|████████▏ | 65/79 [00:01<00:00, 38.46it/s]
 87%|████████▋ | 69/79 [00:01<00:00, 38.72it/s]
 92%|█████████▏| 73/79 [00:01<00:00, 38.12it/s]
100%|██████████| 79/79 [00:02<00:00, 38.64it/s]

CommRound: 6/30
Accuracy: 19.95% | Loss: 2.5158
[############------------------------------------------------] 20.0%
Elapsed: 1.1m | Avg/Round: 10.5s | Last: 10.2s | Next: 10.5s | Remaining: 4.2m
ETA: 19:50:43
Recent round times: R1: 10.4s -> R2: 10.1s -> R3: 10.0s -> R4: 10.4s -> R5: 10.2s

  0%|          | 0/79 [00:00<?, ?it/s]
  1%|▏         | 1/79 [00:00<00:08,  9.67it/s]
  8%|▊         | 6/79 [00:00<00:02, 32.53it/s]
 13%|█▎        | 10/79 [00:00<00:02, 34.48it/s]
 18%|█▊        | 14/79 [00:00<00:01, 35.33it/s]
 23%|██▎       | 18/79 [00:00<00:01, 35.57it/s]
 28%|██▊       | 22/79 [00:00<00:01, 35.94it/s]
 33%|███▎      | 26/79 [00:00<00:01, 35.65it/s]
 38%|███▊      | 30/79 [00:00<00:01, 36.10it/s]
 44%|████▍     | 35/79 [00:01<00:01, 35.37it/s]
 49%|████▉     | 39/79 [00:01<00:01, 36.55it/s]
 57%|█████▋    | 45/79 [00:01<00:00, 38.35it/s]
 65%|██████▍   | 51/79 [00:01<00:00, 39.77it/s]
 72%|███████▏  | 57/79 [00:01<00:00, 40.71it/s]
 78%|███████▊  | 62/79 [00:01<00:00, 42.18it/s]
 85%|████████▍ | 67/79 [00:01<00:00, 40.90it/s]
 91%|█████████ | 72/79 [00:01<00:00, 41.37it/s]
 97%|█████████▋| 77/79 [00:02<00:00, 40.64it/s]
100%|██████████| 79/79 [00:02<00:00, 38.39it/s]

CommRound: 7/30
Accuracy: 21.04% | Loss: 2.3786
[##############----------------------------------------------] 23.3%
Elapsed: 1.2m | Avg/Round: 10.5s | Last: 10.5s | Next: 10.5s | Remaining: 4.0m
ETA: 19:50:43
Recent round times: R1: 10.1s -> R2: 10.0s -> R3: 10.4s -> R4: 10.2s -> R5: 10.5s

  0%|          | 0/79 [00:00<?, ?it/s]
  3%|▎         | 2/79 [00:00<00:04, 19.00it/s]
  9%|▉         | 7/79 [00:00<00:02, 30.06it/s]
 14%|█▍        | 11/79 [00:00<00:02, 33.59it/s]
 20%|██        | 16/79 [00:00<00:01, 39.17it/s]
 25%|██▌       | 20/79 [00:00<00:01, 39.24it/s]
 32%|███▏      | 25/79 [00:00<00:01, 36.82it/s]
 38%|███▊      | 30/79 [00:00<00:01, 40.45it/s]
 44%|████▍     | 35/79 [00:00<00:01, 38.36it/s]
 49%|████▉     | 39/79 [00:01<00:01, 38.25it/s]
 54%|█████▍    | 43/79 [00:01<00:00, 38.70it/s]
 59%|█████▉    | 47/79 [00:01<00:00, 36.59it/s]
 65%|██████▍   | 51/79 [00:01<00:00, 37.35it/s]
 71%|███████   | 56/79 [00:01<00:00, 40.78it/s]
 77%|███████▋  | 61/79 [00:01<00:00, 38.14it/s]
 82%|████████▏ | 65/79 [00:01<00:00, 38.36it/s]
 87%|████████▋ | 69/79 [00:01<00:00, 38.60it/s]
 92%|█████████▏| 73/79 [00:01<00:00, 38.26it/s]
 97%|█████████▋| 77/79 [00:02<00:00, 38.56it/s]
100%|██████████| 79/79 [00:02<00:00, 38.18it/s]

CommRound: 8/30
Accuracy: 21.75% | Loss: 2.3308
[################--------------------------------------------] 26.7%
Elapsed: 1.4m | Avg/Round: 10.5s | Last: 10.3s | Next: 10.5s | Remaining: 3.8m
ETA: 19:50:42
Recent round times: R1: 10.0s -> R2: 10.4s -> R3: 10.2s -> R4: 10.5s -> R5: 10.3s

  0%|          | 0/79 [00:00<?, ?it/s]
  3%|▎         | 2/79 [00:00<00:04, 18.64it/s]
  9%|▉         | 7/79 [00:00<00:02, 31.15it/s]
 15%|█▌        | 12/79 [00:00<00:01, 38.70it/s]
 20%|██        | 16/79 [00:00<00:01, 38.96it/s]
 27%|██▋       | 21/79 [00:00<00:01, 36.72it/s]
 32%|███▏      | 25/79 [00:00<00:01, 37.40it/s]
 37%|███▋      | 29/79 [00:00<00:01, 37.98it/s]
 42%|████▏     | 33/79 [00:00<00:01, 38.19it/s]
 47%|████▋     | 37/79 [00:00<00:01, 38.53it/s]
 52%|█████▏    | 41/79 [00:01<00:00, 38.85it/s]
 57%|█████▋    | 45/79 [00:01<00:00, 39.10it/s]
 62%|██████▏   | 49/79 [00:01<00:00, 38.97it/s]
 67%|██████▋   | 53/79 [00:01<00:00, 39.20it/s]
 72%|███████▏  | 57/79 [00:01<00:00, 39.14it/s]
 77%|███████▋  | 61/79 [00:01<00:00, 39.30it/s]
 84%|████████▎ | 66/79 [00:01<00:00, 42.31it/s]
 90%|████████▉ | 71/79 [00:01<00:00, 39.94it/s]
 97%|█████████▋| 77/79 [00:01<00:00, 40.90it/s]
100%|██████████| 79/79 [00:02<00:00, 39.32it/s]

CommRound: 9/30
Accuracy: 23.85% | Loss: 2.1869
[##################------------------------------------------] 30.0%
Elapsed: 1.6m | Avg/Round: 10.4s | Last: 10.1s | Next: 10.4s | Remaining: 3.7m
ETA: 19:50:41
Recent round times: R1: 10.4s -> R2: 10.2s -> R3: 10.5s -> R4: 10.3s -> R5: 10.1s

  0%|          | 0/79 [00:00<?, ?it/s]
  1%|▏         | 1/79 [00:00<00:09,  8.42it/s]
  9%|▉         | 7/79 [00:00<00:02, 30.35it/s]
 14%|█▍        | 11/79 [00:00<00:02, 33.15it/s]
 19%|█▉        | 15/79 [00:00<00:01, 35.07it/s]
 24%|██▍       | 19/79 [00:00<00:01, 36.31it/s]
 29%|██▉       | 23/79 [00:00<00:01, 37.07it/s]
 34%|███▍      | 27/79 [00:00<00:01, 37.62it/s]
 41%|████      | 32/79 [00:00<00:01, 41.27it/s]
 47%|████▋     | 37/79 [00:01<00:01, 38.69it/s]
 52%|█████▏    | 41/79 [00:01<00:00, 38.81it/s]
 57%|█████▋    | 45/79 [00:01<00:00, 38.77it/s]
 63%|██████▎   | 50/79 [00:01<00:00, 41.88it/s]
 70%|██████▉   | 55/79 [00:01<00:00, 39.23it/s]
 75%|███████▍  | 59/79 [00:01<00:00, 39.04it/s]
 80%|███████▉  | 63/79 [00:01<00:00, 39.10it/s]
 86%|████████▌ | 68/79 [00:01<00:00, 41.95it/s]
 92%|█████████▏| 73/79 [00:01<00:00, 39.48it/s]
 99%|█████████▊| 78/79 [00:02<00:00, 42.19it/s]
100%|██████████| 79/79 [00:02<00:00, 38.67it/s]

CommRound: 10/30
Accuracy: 26.06% | Loss: 2.0961
[####################----------------------------------------] 33.3%
Elapsed: 1.7m | Avg/Round: 10.4s | Last: 10.2s | Next: 10.4s | Remaining: 3.5m
ETA: 19:50:40
Recent round times: R1: 10.2s -> R2: 10.5s -> R3: 10.3s -> R4: 10.1s -> R5: 10.2s

  0%|          | 0/79 [00:00<?, ?it/s]
  3%|▎         | 2/79 [00:00<00:04, 19.15it/s]
  9%|▉         | 7/79 [00:00<00:02, 32.71it/s]
 15%|█▌        | 12/79 [00:00<00:01, 37.57it/s]
 20%|██        | 16/79 [00:00<00:01, 38.20it/s]
 27%|██▋       | 21/79 [00:00<00:01, 39.36it/s]
 32%|███▏      | 25/79 [00:00<00:01, 39.42it/s]
 37%|███▋      | 29/79 [00:00<00:01, 38.06it/s]
 42%|████▏     | 33/79 [00:00<00:01, 38.61it/s]
 47%|████▋     | 37/79 [00:00<00:01, 38.73it/s]
 52%|█████▏    | 41/79 [00:01<00:00, 38.80it/s]
 57%|█████▋    | 45/79 [00:01<00:00, 36.95it/s]
 62%|██████▏   | 49/79 [00:01<00:00, 37.50it/s]
 68%|██████▊   | 54/79 [00:01<00:00, 36.81it/s]
 76%|███████▌  | 60/79 [00:01<00:00, 38.65it/s]
 82%|████████▏ | 65/79 [00:01<00:00, 40.80it/s]
 89%|████████▊ | 70/79 [00:01<00:00, 39.90it/s]
 95%|█████████▍| 75/79 [00:01<00:00, 40.90it/s]
100%|██████████| 79/79 [00:02<00:00, 38.78it/s]

CommRound: 11/30
Accuracy: 29.00% | Loss: 2.0266
[######################--------------------------------------] 36.7%
Elapsed: 1.9m | Avg/Round: 10.4s | Last: 10.2s | Next: 10.4s | Remaining: 3.3m
ETA: 19:50:40
Recent round times: R1: 10.5s -> R2: 10.3s -> R3: 10.1s -> R4: 10.2s -> R5: 10.2s

  0%|          | 0/79 [00:00<?, ?it/s]
  3%|▎         | 2/79 [00:00<00:03, 19.73it/s]
  8%|▊         | 6/79 [00:00<00:02, 30.60it/s]
 13%|█▎        | 10/79 [00:00<00:02, 32.63it/s]
 18%|█▊        | 14/79 [00:00<00:01, 33.55it/s]
 23%|██▎       | 18/79 [00:00<00:01, 34.26it/s]
 28%|██▊       | 22/79 [00:00<00:01, 34.99it/s]
 33%|███▎      | 26/79 [00:00<00:01, 35.71it/s]
 38%|███▊      | 30/79 [00:00<00:01, 36.26it/s]
 43%|████▎     | 34/79 [00:00<00:01, 36.67it/s]
 48%|████▊     | 38/79 [00:01<00:01, 36.87it/s]
 53%|█████▎    | 42/79 [00:01<00:01, 36.94it/s]
 58%|█████▊    | 46/79 [00:01<00:00, 36.87it/s]
 63%|██████▎   | 50/79 [00:01<00:00, 36.27it/s]
 68%|██████▊   | 54/79 [00:01<00:00, 35.48it/s]
 73%|███████▎  | 58/79 [00:01<00:00, 35.14it/s]
 78%|███████▊  | 62/79 [00:01<00:00, 34.94it/s]
 84%|████████▎ | 66/79 [00:01<00:00, 34.91it/s]
 89%|████████▊ | 70/79 [00:01<00:00, 34.80it/s]
 94%|█████████▎| 74/79 [00:02<00:00, 34.56it/s]
 99%|█████████▊| 78/79 [00:02<00:00, 34.39it/s]
100%|██████████| 79/79 [00:02<00:00, 35.10it/s]

CommRound: 12/30
Accuracy: 32.22% | Loss: 1.9318
[########################------------------------------------] 40.0%
Elapsed: 2.1m | Avg/Round: 10.4s | Last: 10.5s | Next: 10.4s | Remaining: 3.1m
ETA: 19:50:40
Recent round times: R1: 10.3s -> R2: 10.1s -> R3: 10.2s -> R4: 10.2s -> R5: 10.5s

  0%|          | 0/79 [00:00<?, ?it/s]
  1%|▏         | 1/79 [00:00<00:07,  9.81it/s]
  6%|▋         | 5/79 [00:00<00:02, 26.72it/s]
 11%|█▏        | 9/79 [00:00<00:02, 30.24it/s]
 16%|█▋        | 13/79 [00:00<00:02, 31.60it/s]
 22%|██▏       | 17/79 [00:00<00:01, 32.52it/s]
 27%|██▋       | 21/79 [00:00<00:01, 33.10it/s]
 32%|███▏      | 25/79 [00:00<00:01, 33.48it/s]
 37%|███▋      | 29/79 [00:00<00:01, 33.43it/s]
 42%|████▏     | 33/79 [00:01<00:01, 34.26it/s]
 47%|████▋     | 37/79 [00:01<00:01, 34.99it/s]
 52%|█████▏    | 41/79 [00:01<00:01, 35.33it/s]
 57%|█████▋    | 45/79 [00:01<00:00, 35.58it/s]
 62%|██████▏   | 49/79 [00:01<00:00, 35.84it/s]
 67%|██████▋   | 53/79 [00:01<00:00, 36.13it/s]
 72%|███████▏  | 57/79 [00:01<00:00, 36.51it/s]
 77%|███████▋  | 61/79 [00:01<00:00, 36.74it/s]
 82%|████████▏ | 65/79 [00:01<00:00, 36.21it/s]
 87%|████████▋ | 69/79 [00:02<00:00, 35.85it/s]
 92%|█████████▏| 73/79 [00:02<00:00, 35.47it/s]
 97%|█████████▋| 77/79 [00:02<00:00, 35.47it/s]
100%|██████████| 79/79 [00:02<00:00, 34.88it/s]

CommRound: 13/30
Accuracy: 33.86% | Loss: 1.8701
[##########################----------------------------------] 43.3%
Elapsed: 2.3m | Avg/Round: 10.4s | Last: 10.4s | Next: 10.4s | Remaining: 2.9m
ETA: 19:50:40
Recent round times: R1: 10.1s -> R2: 10.2s -> R3: 10.2s -> R4: 10.5s -> R5: 10.4s

  0%|          | 0/79 [00:00<?, ?it/s]
  3%|▎         | 2/79 [00:00<00:03, 19.64it/s]
  9%|▉         | 7/79 [00:00<00:02, 32.08it/s]
 15%|█▌        | 12/79 [00:00<00:01, 37.38it/s]
 22%|██▏       | 17/79 [00:00<00:01, 37.26it/s]
 28%|██▊       | 22/79 [00:00<00:01, 39.52it/s]
 34%|███▍      | 27/79 [00:00<00:01, 38.69it/s]
 41%|████      | 32/79 [00:00<00:01, 40.63it/s]
 47%|████▋     | 37/79 [00:00<00:01, 37.22it/s]
 52%|█████▏    | 41/79 [00:01<00:01, 37.42it/s]
 58%|█████▊    | 46/79 [00:01<00:00, 40.53it/s]
 65%|██████▍   | 51/79 [00:01<00:00, 38.71it/s]
 72%|███████▏  | 57/79 [00:01<00:00, 39.59it/s]
 80%|███████▉  | 63/79 [00:01<00:00, 40.08it/s]
 86%|████████▌ | 68/79 [00:01<00:00, 42.24it/s]
 92%|█████████▏| 73/79 [00:01<00:00, 39.86it/s]
100%|██████████| 79/79 [00:01<00:00, 44.73it/s]
100%|██████████| 79/79 [00:01<00:00, 39.60it/s]

CommRound: 14/30
Accuracy: 37.11% | Loss: 1.7881
[############################--------------------------------] 46.7%
Elapsed: 2.4m | Avg/Round: 10.4s | Last: 10.1s | Next: 10.4s | Remaining: 2.8m
ETA: 19:50:39
Recent round times: R1: 10.2s -> R2: 10.2s -> R3: 10.5s -> R4: 10.4s -> R5: 10.1s

  0%|          | 0/79 [00:00<?, ?it/s]
  4%|▍         | 3/79 [00:00<00:03, 22.28it/s]
  9%|▉         | 7/79 [00:00<00:02, 31.18it/s]
 15%|█▌        | 12/79 [00:00<00:01, 38.69it/s]
 20%|██        | 16/79 [00:00<00:01, 39.13it/s]
 25%|██▌       | 20/79 [00:00<00:01, 39.32it/s]
 30%|███       | 24/79 [00:00<00:01, 39.52it/s]
 35%|███▌      | 28/79 [00:00<00:01, 39.62it/s]
 41%|████      | 32/79 [00:00<00:01, 39.72it/s]
 47%|████▋     | 37/79 [00:00<00:01, 37.81it/s]
 53%|█████▎    | 42/79 [00:01<00:00, 41.11it/s]
 59%|█████▉    | 47/79 [00:01<00:00, 38.81it/s]
 67%|██████▋   | 53/79 [00:01<00:00, 38.93it/s]
 75%|███████▍  | 59/79 [00:01<00:00, 39.98it/s]
 81%|████████  | 64/79 [00:01<00:00, 42.20it/s]
 87%|████████▋ | 69/79 [00:01<00:00, 39.96it/s]
 94%|█████████▎| 74/79 [00:01<00:00, 42.39it/s]
100%|██████████| 79/79 [00:01<00:00, 44.36it/s]
100%|██████████| 79/79 [00:01<00:00, 39.83it/s]

CommRound: 15/30
Accuracy: 39.00% | Loss: 1.7826
[##############################------------------------------] 50.0%
Elapsed: 2.6m | Avg/Round: 10.4s | Last: 10.1s | Next: 10.4s | Remaining: 2.6m
ETA: 19:50:39
Recent round times: R1: 10.2s -> R2: 10.5s -> R3: 10.4s -> R4: 10.1s -> R5: 10.1s

  0%|          | 0/79 [00:00<?, ?it/s]
  4%|▍         | 3/79 [00:00<00:03, 22.68it/s]
 10%|█         | 8/79 [00:00<00:01, 35.72it/s]
 15%|█▌        | 12/79 [00:00<00:01, 37.15it/s]
 20%|██        | 16/79 [00:00<00:01, 37.52it/s]
 25%|██▌       | 20/79 [00:00<00:01, 38.12it/s]
 30%|███       | 24/79 [00:00<00:01, 38.36it/s]
 35%|███▌      | 28/79 [00:00<00:01, 38.17it/s]
 41%|████      | 32/79 [00:00<00:01, 38.38it/s]
 46%|████▌     | 36/79 [00:00<00:01, 38.60it/s]
 51%|█████     | 40/79 [00:01<00:01, 38.66it/s]
 56%|█████▌    | 44/79 [00:01<00:00, 39.03it/s]
 61%|██████    | 48/79 [00:01<00:00, 39.05it/s]
 66%|██████▌   | 52/79 [00:01<00:00, 38.99it/s]
 71%|███████   | 56/79 [00:01<00:00, 39.11it/s]
 76%|███████▌  | 60/79 [00:01<00:00, 39.09it/s]
 82%|████████▏ | 65/79 [00:01<00:00, 38.67it/s]
 89%|████████▊ | 70/79 [00:01<00:00, 39.93it/s]
 95%|█████████▍| 75/79 [00:01<00:00, 40.73it/s]
100%|██████████| 79/79 [00:02<00:00, 38.82it/s]

CommRound: 16/30
Accuracy: 42.39% | Loss: 1.7582
[################################----------------------------] 53.3%
Elapsed: 2.8m | Avg/Round: 10.3s | Last: 10.1s | Next: 10.3s | Remaining: 2.4m
ETA: 19:50:38
Recent round times: R1: 10.5s -> R2: 10.4s -> R3: 10.1s -> R4: 10.1s -> R5: 10.1s

  0%|          | 0/79 [00:00<?, ?it/s]
  4%|▍         | 3/79 [00:00<00:03, 22.43it/s]
  9%|▉         | 7/79 [00:00<00:02, 31.07it/s]
 14%|█▍        | 11/79 [00:00<00:01, 34.50it/s]
 19%|█▉        | 15/79 [00:00<00:01, 36.36it/s]
 24%|██▍       | 19/79 [00:00<00:01, 37.54it/s]
 30%|███       | 24/79 [00:00<00:01, 41.22it/s]
 37%|███▋      | 29/79 [00:00<00:01, 38.48it/s]
 44%|████▍     | 35/79 [00:00<00:01, 39.58it/s]
 51%|█████     | 40/79 [00:01<00:00, 42.05it/s]
 57%|█████▋    | 45/79 [00:01<00:00, 39.50it/s]
 63%|██████▎   | 50/79 [00:01<00:00, 41.92it/s]
 70%|██████▉   | 55/79 [00:01<00:00, 38.85it/s]
 75%|███████▍  | 59/79 [00:01<00:00, 38.33it/s]
 82%|████████▏ | 65/79 [00:01<00:00, 39.83it/s]
 90%|████████▉ | 71/79 [00:01<00:00, 40.87it/s]
 96%|█████████▌| 76/79 [00:01<00:00, 42.98it/s]
100%|██████████| 79/79 [00:01<00:00, 39.71it/s]

CommRound: 17/30
Accuracy: 43.97% | Loss: 1.7452
[##################################--------------------------] 56.7%
Elapsed: 2.9m | Avg/Round: 10.3s | Last: 10.3s | Next: 10.3s | Remaining: 2.2m
ETA: 19:50:38
Recent round times: R1: 10.4s -> R2: 10.1s -> R3: 10.1s -> R4: 10.1s -> R5: 10.3s

  0%|          | 0/79 [00:00<?, ?it/s]
  1%|▏         | 1/79 [00:00<00:07,  9.96it/s]
  9%|▉         | 7/79 [00:00<00:02, 30.83it/s]
 14%|█▍        | 11/79 [00:00<00:01, 34.03it/s]
 19%|█▉        | 15/79 [00:00<00:01, 35.67it/s]
 24%|██▍       | 19/79 [00:00<00:01, 34.15it/s]
 32%|███▏      | 25/79 [00:00<00:01, 36.92it/s]
 37%|███▋      | 29/79 [00:00<00:01, 37.65it/s]
 43%|████▎     | 34/79 [00:00<00:01, 38.23it/s]
 48%|████▊     | 38/79 [00:01<00:01, 37.75it/s]
 53%|█████▎    | 42/79 [00:01<00:00, 37.52it/s]
 58%|█████▊    | 46/79 [00:01<00:00, 37.28it/s]
 63%|██████▎   | 50/79 [00:01<00:00, 36.93it/s]
 68%|██████▊   | 54/79 [00:01<00:00, 36.72it/s]
 73%|███████▎  | 58/79 [00:01<00:00, 36.61it/s]
 78%|███████▊  | 62/79 [00:01<00:00, 36.50it/s]
 84%|████████▎ | 66/79 [00:01<00:00, 36.16it/s]
 89%|████████▊ | 70/79 [00:01<00:00, 35.91it/s]
 94%|█████████▎| 74/79 [00:02<00:00, 35.63it/s]
 99%|█████████▊| 78/79 [00:02<00:00, 35.37it/s]
100%|██████████| 79/79 [00:02<00:00, 35.99it/s]

CommRound: 18/30
Accuracy: 49.24% | Loss: 1.6498
[####################################------------------------] 60.0%
Elapsed: 3.1m | Avg/Round: 10.3s | Last: 10.0s | Next: 10.3s | Remaining: 2.1m
ETA: 19:50:37
Recent round times: R1: 10.1s -> R2: 10.1s -> R3: 10.1s -> R4: 10.3s -> R5: 10.0s

  0%|          | 0/79 [00:00<?, ?it/s]
  3%|▎         | 2/79 [00:00<00:03, 19.83it/s]
  9%|▉         | 7/79 [00:00<00:02, 31.10it/s]
 15%|█▌        | 12/79 [00:00<00:01, 37.77it/s]
 22%|██▏       | 17/79 [00:00<00:01, 36.79it/s]
 28%|██▊       | 22/79 [00:00<00:01, 40.30it/s]
 34%|███▍      | 27/79 [00:00<00:01, 38.81it/s]
 41%|████      | 32/79 [00:00<00:01, 41.35it/s]
 47%|████▋     | 37/79 [00:00<00:01, 39.61it/s]
 53%|█████▎    | 42/79 [00:01<00:00, 42.02it/s]
 59%|█████▉    | 47/79 [00:01<00:00, 39.81it/s]
 66%|██████▌   | 52/79 [00:01<00:00, 42.44it/s]
 72%|███████▏  | 57/79 [00:01<00:00, 40.02it/s]
 80%|███████▉  | 63/79 [00:01<00:00, 40.71it/s]
 87%|████████▋ | 69/79 [00:01<00:00, 41.01it/s]
 95%|█████████▍| 75/79 [00:01<00:00, 41.24it/s]
100%|██████████| 79/79 [00:01<00:00, 40.47it/s]

CommRound: 19/30
Accuracy: 51.72% | Loss: 1.5981
[######################################----------------------] 63.3%
Elapsed: 3.3m | Avg/Round: 10.3s | Last: 10.1s | Next: 10.3s | Remaining: 1.9m
ETA: 19:50:37
Recent round times: R1: 10.1s -> R2: 10.1s -> R3: 10.3s -> R4: 10.0s -> R5: 10.1s

  0%|          | 0/79 [00:00<?, ?it/s]
  4%|▍         | 3/79 [00:00<00:03, 22.89it/s]
  9%|▉         | 7/79 [00:00<00:02, 31.45it/s]
 14%|█▍        | 11/79 [00:00<00:01, 34.79it/s]
 20%|██        | 16/79 [00:00<00:01, 34.81it/s]
 25%|██▌       | 20/79 [00:00<00:01, 36.41it/s]
 30%|███       | 24/79 [00:00<00:01, 36.26it/s]
 37%|███▋      | 29/79 [00:00<00:01, 40.28it/s]
 43%|████▎     | 34/79 [00:00<00:01, 38.17it/s]
 49%|████▉     | 39/79 [00:01<00:00, 41.20it/s]
 56%|█████▌    | 44/79 [00:01<00:00, 37.16it/s]
 61%|██████    | 48/79 [00:01<00:00, 37.48it/s]
 66%|██████▌   | 52/79 [00:01<00:00, 37.16it/s]
 71%|███████   | 56/79 [00:01<00:00, 37.73it/s]
 77%|███████▋  | 61/79 [00:01<00:00, 40.84it/s]
 84%|████████▎ | 66/79 [00:01<00:00, 38.40it/s]
 90%|████████▉ | 71/79 [00:01<00:00, 41.40it/s]
 96%|█████████▌| 76/79 [00:02<00:00, 38.51it/s]
100%|██████████| 79/79 [00:02<00:00, 37.98it/s]

CommRound: 20/30
Accuracy: 52.08% | Loss: 1.6055
[########################################--------------------] 66.7%
Elapsed: 3.4m | Avg/Round: 10.3s | Last: 10.2s | Next: 10.3s | Remaining: 1.7m
ETA: 19:50:37
Recent round times: R1: 10.1s -> R2: 10.3s -> R3: 10.0s -> R4: 10.1s -> R5: 10.2s

  0%|          | 0/79 [00:00<?, ?it/s]
  3%|▎         | 2/79 [00:00<00:03, 19.58it/s]
  8%|▊         | 6/79 [00:00<00:02, 30.81it/s]
 13%|█▎        | 10/79 [00:00<00:01, 34.51it/s]
 18%|█▊        | 14/79 [00:00<00:01, 36.41it/s]
 23%|██▎       | 18/79 [00:00<00:01, 37.54it/s]
 28%|██▊       | 22/79 [00:00<00:01, 38.16it/s]
 33%|███▎      | 26/79 [00:00<00:01, 38.67it/s]
 39%|███▉      | 31/79 [00:00<00:01, 37.14it/s]
 44%|████▍     | 35/79 [00:00<00:01, 37.12it/s]
 49%|████▉     | 39/79 [00:01<00:01, 37.68it/s]
 54%|█████▍    | 43/79 [00:01<00:00, 38.23it/s]
 59%|█████▉    | 47/79 [00:01<00:00, 38.75it/s]
 65%|██████▍   | 51/79 [00:01<00:00, 39.03it/s]
 70%|██████▉   | 55/79 [00:01<00:00, 38.15it/s]
 75%|███████▍  | 59/79 [00:01<00:00, 37.64it/s]
 80%|███████▉  | 63/79 [00:01<00:00, 37.56it/s]
 85%|████████▍ | 67/79 [00:01<00:00, 37.49it/s]
 90%|████████▉ | 71/79 [00:01<00:00, 37.37it/s]
 95%|█████████▍| 75/79 [00:02<00:00, 36.92it/s]
100%|██████████| 79/79 [00:02<00:00, 36.29it/s]
100%|██████████| 79/79 [00:02<00:00, 36.72it/s]

CommRound: 21/30
Accuracy: 52.91% | Loss: 1.5589
[##########################################------------------] 70.0%
Elapsed: 3.6m | Avg/Round: 10.3s | Last: 10.5s | Next: 10.3s | Remaining: 1.5m
ETA: 19:50:37
Recent round times: R1: 10.3s -> R2: 10.0s -> R3: 10.1s -> R4: 10.2s -> R5: 10.5s

  0%|          | 0/79 [00:00<?, ?it/s]
  4%|▍         | 3/79 [00:00<00:03, 22.31it/s]
  9%|▉         | 7/79 [00:00<00:02, 30.01it/s]
 15%|█▌        | 12/79 [00:00<00:02, 33.30it/s]
 22%|██▏       | 17/79 [00:00<00:01, 37.73it/s]
 27%|██▋       | 21/79 [00:00<00:01, 37.91it/s]
 33%|███▎      | 26/79 [00:00<00:01, 37.67it/s]
 39%|███▉      | 31/79 [00:00<00:01, 40.28it/s]
 46%|████▌     | 36/79 [00:00<00:01, 39.12it/s]
 52%|█████▏    | 41/79 [00:01<00:00, 41.84it/s]
 58%|█████▊    | 46/79 [00:01<00:00, 40.01it/s]
 66%|██████▌   | 52/79 [00:01<00:00, 40.61it/s]
 72%|███████▏  | 57/79 [00:01<00:00, 42.82it/s]
 78%|███████▊  | 62/79 [00:01<00:00, 40.52it/s]
 86%|████████▌ | 68/79 [00:01<00:00, 40.90it/s]
 94%|█████████▎| 74/79 [00:01<00:00, 41.18it/s]
100%|██████████| 79/79 [00:01<00:00, 39.69it/s]

CommRound: 22/30
Accuracy: 52.48% | Loss: 1.5330
[############################################----------------] 73.3%
Elapsed: 3.8m | Avg/Round: 10.3s | Last: 10.2s | Next: 10.3s | Remaining: 1.4m
ETA: 19:50:37
Recent round times: R1: 10.0s -> R2: 10.1s -> R3: 10.2s -> R4: 10.5s -> R5: 10.2s

  0%|          | 0/79 [00:00<?, ?it/s]
  3%|▎         | 2/79 [00:00<00:04, 19.10it/s]
  9%|▉         | 7/79 [00:00<00:02, 30.75it/s]
 15%|█▌        | 12/79 [00:00<00:01, 37.22it/s]
 20%|██        | 16/79 [00:00<00:01, 38.05it/s]
 27%|██▋       | 21/79 [00:00<00:01, 37.09it/s]
 33%|███▎      | 26/79 [00:00<00:01, 40.03it/s]
 39%|███▉      | 31/79 [00:00<00:01, 38.61it/s]
 44%|████▍     | 35/79 [00:00<00:01, 38.88it/s]
 51%|█████     | 40/79 [00:01<00:00, 41.04it/s]
 57%|█████▋    | 45/79 [00:01<00:00, 39.58it/s]
 63%|██████▎   | 50/79 [00:01<00:00, 41.05it/s]
 70%|██████▉   | 55/79 [00:01<00:00, 39.49it/s]
 76%|███████▌  | 60/79 [00:01<00:00, 40.87it/s]
 82%|████████▏ | 65/79 [00:01<00:00, 39.41it/s]
 87%|████████▋ | 69/79 [00:01<00:00, 39.48it/s]
 94%|█████████▎| 74/79 [00:01<00:00, 41.79it/s]
100%|██████████| 79/79 [00:01<00:00, 39.56it/s]

CommRound: 23/30
Accuracy: 53.35% | Loss: 1.4979
[##############################################--------------] 76.7%
Elapsed: 4.0m | Avg/Round: 10.3s | Last: 10.2s | Next: 10.3s | Remaining: 1.2m
ETA: 19:50:37
Recent round times: R1: 10.1s -> R2: 10.2s -> R3: 10.5s -> R4: 10.2s -> R5: 10.2s

  0%|          | 0/79 [00:00<?, ?it/s]
  3%|▎         | 2/79 [00:00<00:03, 19.43it/s]
  6%|▋         | 5/79 [00:00<00:03, 22.49it/s]
 11%|█▏        | 9/79 [00:00<00:02, 29.75it/s]
 16%|█▋        | 13/79 [00:00<00:02, 32.91it/s]
 22%|██▏       | 17/79 [00:00<00:01, 34.75it/s]
 27%|██▋       | 21/79 [00:00<00:01, 36.42it/s]
 33%|███▎      | 26/79 [00:00<00:01, 40.41it/s]
 39%|███▉      | 31/79 [00:00<00:01, 37.98it/s]
 44%|████▍     | 35/79 [00:00<00:01, 38.21it/s]
 49%|████▉     | 39/79 [00:01<00:01, 38.17it/s]
 54%|█████▍    | 43/79 [00:01<00:00, 38.48it/s]
 59%|█████▉    | 47/79 [00:01<00:00, 38.63it/s]
 65%|██████▍   | 51/79 [00:01<00:00, 38.59it/s]
 70%|██████▉   | 55/79 [00:01<00:00, 38.65it/s]
 75%|███████▍  | 59/79 [00:01<00:00, 38.98it/s]
 81%|████████  | 64/79 [00:01<00:00, 42.01it/s]
 87%|████████▋ | 69/79 [00:01<00:00, 39.12it/s]
 92%|█████████▏| 73/79 [00:01<00:00, 39.32it/s]
 99%|█████████▊| 78/79 [00:02<00:00, 42.09it/s]
100%|██████████| 79/79 [00:02<00:00, 38.07it/s]

CommRound: 24/30
Accuracy: 53.85% | Loss: 1.5002
[################################################------------] 80.0%
Elapsed: 4.1m | Avg/Round: 10.3s | Last: 10.3s | Next: 10.3s | Remaining: 1.0m
ETA: 19:50:37
Recent round times: R1: 10.2s -> R2: 10.5s -> R3: 10.2s -> R4: 10.2s -> R5: 10.3s

  0%|          | 0/79 [00:00<?, ?it/s]
  3%|▎         | 2/79 [00:00<00:03, 19.53it/s]
  9%|▉         | 7/79 [00:00<00:02, 32.10it/s]
 15%|█▌        | 12/79 [00:00<00:01, 38.00it/s]
 22%|██▏       | 17/79 [00:00<00:01, 37.45it/s]
 27%|██▋       | 21/79 [00:00<00:01, 38.13it/s]
 32%|███▏      | 25/79 [00:00<00:01, 38.63it/s]
 37%|███▋      | 29/79 [00:00<00:01, 38.83it/s]
 44%|████▍     | 35/79 [00:00<00:01, 39.80it/s]
 52%|█████▏    | 41/79 [00:01<00:00, 40.31it/s]
 58%|█████▊    | 46/79 [00:01<00:00, 42.01it/s]
 65%|██████▍   | 51/79 [00:01<00:00, 39.34it/s]
 72%|███████▏  | 57/79 [00:01<00:00, 40.19it/s]
 80%|███████▉  | 63/79 [00:01<00:00, 40.51it/s]
 87%|████████▋ | 69/79 [00:01<00:00, 40.81it/s]
 94%|█████████▎| 74/79 [00:01<00:00, 42.95it/s]
100%|██████████| 79/79 [00:01<00:00, 44.53it/s]
100%|██████████| 79/79 [00:01<00:00, 40.01it/s]

CommRound: 25/30
Accuracy: 48.30% | Loss: 1.6372
[##################################################----------] 83.3%
Elapsed: 4.3m | Avg/Round: 10.3s | Last: 10.2s | Next: 10.3s | Remaining: 0.9m
ETA: 19:50:37
Recent round times: R1: 10.5s -> R2: 10.2s -> R3: 10.2s -> R4: 10.3s -> R5: 10.2s

  0%|          | 0/79 [00:00<?, ?it/s]
  3%|▎         | 2/79 [00:00<00:03, 19.55it/s]
  9%|▉         | 7/79 [00:00<00:02, 30.71it/s]
 14%|█▍        | 11/79 [00:00<00:01, 34.07it/s]
 20%|██        | 16/79 [00:00<00:01, 39.66it/s]
 27%|██▋       | 21/79 [00:00<00:01, 37.29it/s]
 33%|███▎      | 26/79 [00:00<00:01, 40.81it/s]
 39%|███▉      | 31/79 [00:00<00:01, 37.52it/s]
 47%|████▋     | 37/79 [00:00<00:01, 39.06it/s]
 53%|█████▎    | 42/79 [00:01<00:00, 41.78it/s]
 59%|█████▉    | 47/79 [00:01<00:00, 39.22it/s]
 66%|██████▌   | 52/79 [00:01<00:00, 41.77it/s]
 72%|███████▏  | 57/79 [00:01<00:00, 39.49it/s]
 78%|███████▊  | 62/79 [00:01<00:00, 42.08it/s]
 85%|████████▍ | 67/79 [00:01<00:00, 39.46it/s]
 91%|█████████ | 72/79 [00:01<00:00, 41.96it/s]
 97%|█████████▋| 77/79 [00:01<00:00, 39.58it/s]
100%|██████████| 79/79 [00:01<00:00, 39.69it/s]

CommRound: 26/30
Accuracy: 53.13% | Loss: 1.5041
[####################################################--------] 86.7%
Elapsed: 4.5m | Avg/Round: 10.3s | Last: 10.3s | Next: 10.3s | Remaining: 0.7m
ETA: 19:50:37
Recent round times: R1: 10.2s -> R2: 10.2s -> R3: 10.3s -> R4: 10.2s -> R5: 10.3s

  0%|          | 0/79 [00:00<?, ?it/s]
  1%|▏         | 1/79 [00:00<00:07,  9.77it/s]
  9%|▉         | 7/79 [00:00<00:02, 31.62it/s]
 14%|█▍        | 11/79 [00:00<00:02, 32.55it/s]
 19%|█▉        | 15/79 [00:00<00:01, 34.14it/s]
 24%|██▍       | 19/79 [00:00<00:01, 35.58it/s]
 30%|███       | 24/79 [00:00<00:01, 40.04it/s]
 37%|███▋      | 29/79 [00:00<00:01, 37.88it/s]
 43%|████▎     | 34/79 [00:00<00:01, 41.25it/s]
 49%|████▉     | 39/79 [00:01<00:01, 39.10it/s]
 57%|█████▋    | 45/79 [00:01<00:00, 40.06it/s]
 63%|██████▎   | 50/79 [00:01<00:00, 41.65it/s]
 70%|██████▉   | 55/79 [00:01<00:00, 38.00it/s]
 77%|███████▋  | 61/79 [00:01<00:00, 38.94it/s]
 84%|████████▎ | 66/79 [00:01<00:00, 41.33it/s]
 90%|████████▉ | 71/79 [00:01<00:00, 39.08it/s]
 96%|█████████▌| 76/79 [00:01<00:00, 41.25it/s]
100%|██████████| 79/79 [00:02<00:00, 38.91it/s]

CommRound: 27/30
Accuracy: 51.12% | Loss: 1.5811
[######################################################------] 90.0%
Elapsed: 4.6m | Avg/Round: 10.3s | Last: 10.2s | Next: 10.3s | Remaining: 0.5m
ETA: 19:50:37
Recent round times: R1: 10.2s -> R2: 10.3s -> R3: 10.2s -> R4: 10.3s -> R5: 10.2s

  0%|          | 0/79 [00:00<?, ?it/s]
  1%|▏         | 1/79 [00:00<00:08,  9.02it/s]
  6%|▋         | 5/79 [00:00<00:02, 26.33it/s]
 11%|█▏        | 9/79 [00:00<00:02, 31.61it/s]
 16%|█▋        | 13/79 [00:00<00:01, 33.75it/s]
 22%|██▏       | 17/79 [00:00<00:02, 25.07it/s]
 28%|██▊       | 22/79 [00:00<00:01, 28.65it/s]
 35%|███▌      | 28/79 [00:00<00:01, 33.20it/s]
 43%|████▎     | 34/79 [00:01<00:01, 36.36it/s]
 49%|████▉     | 39/79 [00:01<00:01, 39.59it/s]
 56%|█████▌    | 44/79 [00:01<00:00, 38.39it/s]
 63%|██████▎   | 50/79 [00:01<00:00, 39.61it/s]
 71%|███████   | 56/79 [00:01<00:00, 40.36it/s]
 78%|███████▊  | 62/79 [00:01<00:00, 40.74it/s]
 86%|████████▌ | 68/79 [00:01<00:00, 40.97it/s]
 92%|█████████▏| 73/79 [00:01<00:00, 43.08it/s]
 99%|█████████▊| 78/79 [00:02<00:00, 40.19it/s]
100%|██████████| 79/79 [00:02<00:00, 36.84it/s]

CommRound: 28/30
Accuracy: 46.34% | Loss: 1.7891
[########################################################----] 93.3%
Elapsed: 4.8m | Avg/Round: 10.3s | Last: 10.5s | Next: 10.3s | Remaining: 0.3m
ETA: 19:50:37
Recent round times: R1: 10.3s -> R2: 10.2s -> R3: 10.3s -> R4: 10.2s -> R5: 10.5s

  0%|          | 0/79 [00:00<?, ?it/s]
  3%|▎         | 2/79 [00:00<00:03, 19.82it/s]
  9%|▉         | 7/79 [00:00<00:02, 31.08it/s]
 14%|█▍        | 11/79 [00:00<00:03, 18.86it/s]
 20%|██        | 16/79 [00:00<00:02, 26.36it/s]
 27%|██▋       | 21/79 [00:00<00:01, 29.09it/s]
 33%|███▎      | 26/79 [00:00<00:01, 34.16it/s]
 39%|███▉      | 31/79 [00:01<00:01, 34.37it/s]
 44%|████▍     | 35/79 [00:01<00:01, 35.67it/s]
 51%|█████     | 40/79 [00:01<00:01, 36.01it/s]
 56%|█████▌    | 44/79 [00:01<00:00, 36.13it/s]
 61%|██████    | 48/79 [00:01<00:00, 35.67it/s]
 66%|██████▌   | 52/79 [00:01<00:00, 36.78it/s]
 73%|███████▎  | 58/79 [00:01<00:00, 38.47it/s]
 81%|████████  | 64/79 [00:01<00:00, 40.21it/s]
 89%|████████▊ | 70/79 [00:02<00:00, 41.30it/s]
 95%|█████████▍| 75/79 [00:02<00:00, 42.66it/s]
100%|██████████| 79/79 [00:02<00:00, 35.53it/s]

CommRound: 29/30
Accuracy: 48.85% | Loss: 1.7284
[##########################################################--] 96.7%
Elapsed: 5.0m | Avg/Round: 10.3s | Last: 10.4s | Next: 10.3s | Remaining: 0.2m
ETA: 19:50:37
Recent round times: R1: 10.2s -> R2: 10.3s -> R3: 10.2s -> R4: 10.5s -> R5: 10.4s
EARLY_STOP: round=29; best_acc=53.85; current_acc=48.85; threshold=90.00; patience=5; reason=converged_below_target
Total time for experiment: 299.0327310562134 seconds
Device average training time per communication round [s]:
    rpi (sld-rpi-09.ece.utexas.edu): 5.31 seconds
    mc1 (sld-mc1-09.ece.utexas.edu): 3.06 seconds
