
  0%|          | 0/79 [00:00<?, ?it/s]
  1%|▏         | 1/79 [00:00<00:14,  5.55it/s]
  6%|▋         | 5/79 [00:00<00:03, 20.68it/s]
 11%|█▏        | 9/79 [00:00<00:03, 22.07it/s]
 16%|█▋        | 13/79 [00:00<00:02, 22.55it/s]
 22%|██▏       | 17/79 [00:00<00:02, 22.74it/s]
 27%|██▋       | 21/79 [00:00<00:02, 23.20it/s]
 32%|███▏      | 25/79 [00:01<00:02, 23.13it/s]
 37%|███▋      | 29/79 [00:01<00:02, 23.24it/s]
 42%|████▏     | 33/79 [00:01<00:01, 23.54it/s]
 47%|████▋     | 37/79 [00:01<00:01, 23.58it/s]
 52%|█████▏    | 41/79 [00:01<00:01, 23.72it/s]
 57%|█████▋    | 45/79 [00:01<00:01, 23.79it/s]
 62%|██████▏   | 49/79 [00:02<00:01, 23.29it/s]
 67%|██████▋   | 53/79 [00:02<00:01, 23.16it/s]
 72%|███████▏  | 57/79 [00:02<00:00, 23.10it/s]
 77%|███████▋  | 61/79 [00:02<00:00, 23.63it/s]
 82%|████████▏ | 65/79 [00:02<00:00, 24.11it/s]
 87%|████████▋ | 69/79 [00:02<00:00, 24.49it/s]
 92%|█████████▏| 73/79 [00:03<00:00, 24.78it/s]
 97%|█████████▋| 77/79 [00:03<00:00, 25.09it/s]
100%|██████████| 79/79 [00:03<00:00, 23.79it/s]
Initial Accuracy: 8.28%; Initial Loss: 2.3107

  0%|          | 0/79 [00:00<?, ?it/s]
  1%|▏         | 1/79 [00:00<00:10,  7.33it/s]
  6%|▋         | 5/79 [00:00<00:03, 19.63it/s]
  9%|▉         | 7/79 [00:00<00:03, 18.93it/s]
 11%|█▏        | 9/79 [00:00<00:03, 18.99it/s]
 14%|█▍        | 11/79 [00:00<00:03, 18.95it/s]
 16%|█▋        | 13/79 [00:00<00:03, 18.80it/s]
 19%|█▉        | 15/79 [00:00<00:03, 18.94it/s]
 22%|██▏       | 17/79 [00:00<00:03, 19.23it/s]
 24%|██▍       | 19/79 [00:01<00:03, 19.44it/s]
 27%|██▋       | 21/79 [00:01<00:02, 19.37it/s]
 30%|███       | 24/79 [00:01<00:02, 21.82it/s]
 34%|███▍      | 27/79 [00:01<00:02, 18.99it/s]
 37%|███▋      | 29/79 [00:01<00:02, 18.95it/s]
 42%|████▏     | 33/79 [00:01<00:02, 22.53it/s]
 47%|████▋     | 37/79 [00:01<00:01, 25.94it/s]
 52%|█████▏    | 41/79 [00:01<00:01, 28.50it/s]
 57%|█████▋    | 45/79 [00:02<00:01, 30.36it/s]
 62%|██████▏   | 49/79 [00:02<00:00, 31.44it/s]
 67%|██████▋   | 53/79 [00:02<00:00, 32.56it/s]
 72%|███████▏  | 57/79 [00:02<00:00, 32.98it/s]
 77%|███████▋  | 61/79 [00:02<00:00, 32.96it/s]
 82%|████████▏ | 65/79 [00:02<00:00, 33.44it/s]
 87%|████████▋ | 69/79 [00:02<00:00, 33.24it/s]
 92%|█████████▏| 73/79 [00:02<00:00, 33.82it/s]
 97%|█████████▋| 77/79 [00:02<00:00, 34.35it/s]
100%|██████████| 79/79 [00:02<00:00, 26.57it/s]

CommRound: 1/30
Accuracy: 62.12% | Loss: 1.2529
[##----------------------------------------------------------] 3.3%
Elapsed: 0.3m | Avg/Round: 18.4s | Last: 15.0s | Next: 18.4s | Remaining: 8.9m
ETA: 05:55:47
Recent round times: R1: 15.0s

  0%|          | 0/79 [00:00<?, ?it/s]
  1%|▏         | 1/79 [00:00<00:11,  6.62it/s]
  6%|▋         | 5/79 [00:00<00:04, 18.45it/s]
 11%|█▏        | 9/79 [00:00<00:03, 22.00it/s]
 15%|█▌        | 12/79 [00:00<00:02, 23.17it/s]
 19%|█▉        | 15/79 [00:00<00:02, 25.07it/s]
 23%|██▎       | 18/79 [00:00<00:02, 26.09it/s]
 28%|██▊       | 22/79 [00:00<00:02, 27.65it/s]
 33%|███▎      | 26/79 [00:01<00:01, 28.77it/s]
 38%|███▊      | 30/79 [00:01<00:01, 29.48it/s]
 43%|████▎     | 34/79 [00:01<00:01, 29.82it/s]
 48%|████▊     | 38/79 [00:01<00:01, 29.77it/s]
 53%|█████▎    | 42/79 [00:01<00:01, 30.17it/s]
 58%|█████▊    | 46/79 [00:01<00:01, 30.64it/s]
 63%|██████▎   | 50/79 [00:01<00:00, 31.34it/s]
 68%|██████▊   | 54/79 [00:01<00:00, 31.48it/s]
 73%|███████▎  | 58/79 [00:02<00:00, 31.83it/s]
 78%|███████▊  | 62/79 [00:02<00:00, 32.33it/s]
 84%|████████▎ | 66/79 [00:02<00:00, 31.06it/s]
 89%|████████▊ | 70/79 [00:02<00:00, 30.38it/s]
 94%|█████████▎| 74/79 [00:02<00:00, 30.53it/s]
 99%|█████████▊| 78/79 [00:02<00:00, 28.88it/s]
100%|██████████| 79/79 [00:02<00:00, 28.37it/s]

CommRound: 2/30
Accuracy: 76.24% | Loss: 0.6843
[####--------------------------------------------------------] 6.7%
Elapsed: 0.6m | Avg/Round: 16.6s | Last: 14.8s | Next: 16.6s | Remaining: 7.7m
ETA: 05:54:53
Recent round times: R1: 15.0s -> R2: 14.8s

  0%|          | 0/79 [00:00<?, ?it/s]
  1%|▏         | 1/79 [00:00<00:13,  5.68it/s]
  6%|▋         | 5/79 [00:00<00:03, 20.38it/s]
 11%|█▏        | 9/79 [00:00<00:03, 21.59it/s]
 15%|█▌        | 12/79 [00:00<00:03, 20.23it/s]
 19%|█▉        | 15/79 [00:00<00:03, 18.38it/s]
 22%|██▏       | 17/79 [00:00<00:03, 18.33it/s]
 27%|██▋       | 21/79 [00:01<00:02, 21.31it/s]
 32%|███▏      | 25/79 [00:01<00:02, 24.31it/s]
 35%|███▌      | 28/79 [00:01<00:02, 25.44it/s]
 39%|███▉      | 31/79 [00:01<00:01, 26.49it/s]
 43%|████▎     | 34/79 [00:01<00:01, 26.98it/s]
 48%|████▊     | 38/79 [00:01<00:01, 27.45it/s]
 52%|█████▏    | 41/79 [00:01<00:01, 26.68it/s]
 56%|█████▌    | 44/79 [00:01<00:01, 23.44it/s]
 59%|█████▉    | 47/79 [00:02<00:01, 19.57it/s]
 63%|██████▎   | 50/79 [00:02<00:01, 19.95it/s]
 67%|██████▋   | 53/79 [00:02<00:01, 16.67it/s]
 70%|██████▉   | 55/79 [00:02<00:01, 16.17it/s]
 72%|███████▏  | 57/79 [00:02<00:01, 15.87it/s]
 75%|███████▍  | 59/79 [00:02<00:01, 16.08it/s]
 80%|███████▉  | 63/79 [00:03<00:00, 18.09it/s]
 84%|████████▎ | 66/79 [00:03<00:00, 20.49it/s]
 87%|████████▋ | 69/79 [00:03<00:00, 17.71it/s]
 90%|████████▉ | 71/79 [00:03<00:00, 17.20it/s]
 92%|█████████▏| 73/79 [00:03<00:00, 17.07it/s]
 95%|█████████▍| 75/79 [00:03<00:00, 16.74it/s]
 97%|█████████▋| 77/79 [00:03<00:00, 16.29it/s]
100%|██████████| 79/79 [00:03<00:00, 19.78it/s]

CommRound: 3/30
Accuracy: 83.61% | Loss: 0.4994
[######------------------------------------------------------] 10.0%
Elapsed: 0.8m | Avg/Round: 16.4s | Last: 16.1s | Next: 16.4s | Remaining: 7.4m
ETA: 05:54:48
Recent round times: R1: 15.0s -> R2: 14.8s -> R3: 16.1s

  0%|          | 0/79 [00:00<?, ?it/s]
  1%|▏         | 1/79 [00:00<00:14,  5.34it/s]
  6%|▋         | 5/79 [00:00<00:04, 17.92it/s]
 10%|█         | 8/79 [00:00<00:04, 17.16it/s]
 13%|█▎        | 10/79 [00:00<00:03, 17.65it/s]
 15%|█▌        | 12/79 [00:00<00:03, 17.80it/s]
 19%|█▉        | 15/79 [00:00<00:03, 21.09it/s]
 23%|██▎       | 18/79 [00:00<00:02, 23.32it/s]
 28%|██▊       | 22/79 [00:01<00:02, 25.44it/s]
 33%|███▎      | 26/79 [00:01<00:02, 26.38it/s]
 37%|███▋      | 29/79 [00:01<00:01, 25.02it/s]
 41%|████      | 32/79 [00:01<00:02, 19.92it/s]
 44%|████▍     | 35/79 [00:01<00:02, 20.67it/s]
 48%|████▊     | 38/79 [00:01<00:02, 17.01it/s]
 51%|█████     | 40/79 [00:02<00:02, 16.78it/s]
 53%|█████▎    | 42/79 [00:02<00:02, 16.52it/s]
 56%|█████▌    | 44/79 [00:02<00:02, 16.33it/s]
 58%|█████▊    | 46/79 [00:02<00:02, 16.17it/s]
 61%|██████    | 48/79 [00:02<00:01, 16.13it/s]
 63%|██████▎   | 50/79 [00:02<00:01, 16.19it/s]
 66%|██████▌   | 52/79 [00:02<00:01, 16.16it/s]
 68%|██████▊   | 54/79 [00:02<00:01, 16.03it/s]
 71%|███████   | 56/79 [00:03<00:01, 15.10it/s]
 73%|███████▎  | 58/79 [00:03<00:01, 15.84it/s]
 76%|███████▌  | 60/79 [00:03<00:01, 16.07it/s]
 78%|███████▊  | 62/79 [00:03<00:01, 16.26it/s]
 81%|████████  | 64/79 [00:03<00:00, 16.97it/s]
 85%|████████▍ | 67/79 [00:03<00:00, 17.83it/s]
 87%|████████▋ | 69/79 [00:03<00:00, 17.28it/s]
 90%|████████▉ | 71/79 [00:03<00:00, 17.60it/s]
 92%|█████████▏| 73/79 [00:04<00:00, 18.10it/s]
 95%|█████████▍| 75/79 [00:04<00:00, 17.66it/s]
 97%|█████████▋| 77/79 [00:04<00:00, 16.74it/s]
100%|██████████| 79/79 [00:04<00:00, 17.93it/s]

CommRound: 4/30
Accuracy: 86.54% | Loss: 0.4307
[########----------------------------------------------------] 13.3%
Elapsed: 1.1m | Avg/Round: 16.4s | Last: 16.4s | Next: 16.4s | Remaining: 7.1m
ETA: 05:54:49
Recent round times: R1: 15.0s -> R2: 14.8s -> R3: 16.1s -> R4: 16.4s

  0%|          | 0/79 [00:00<?, ?it/s]
  1%|▏         | 1/79 [00:00<00:16,  4.82it/s]
  6%|▋         | 5/79 [00:00<00:04, 16.85it/s]
  9%|▉         | 7/79 [00:00<00:04, 16.22it/s]
 11%|█▏        | 9/79 [00:00<00:04, 15.33it/s]
 14%|█▍        | 11/79 [00:00<00:04, 15.09it/s]
 19%|█▉        | 15/79 [00:00<00:03, 18.51it/s]
 24%|██▍       | 19/79 [00:01<00:03, 19.60it/s]
 29%|██▉       | 23/79 [00:01<00:02, 19.76it/s]
 32%|███▏      | 25/79 [00:01<00:02, 19.10it/s]
 34%|███▍      | 27/79 [00:01<00:02, 18.31it/s]
 37%|███▋      | 29/79 [00:01<00:02, 17.18it/s]
 39%|███▉      | 31/79 [00:01<00:02, 16.41it/s]
 42%|████▏     | 33/79 [00:01<00:02, 15.85it/s]
 44%|████▍     | 35/79 [00:02<00:02, 15.09it/s]
 47%|████▋     | 37/79 [00:02<00:02, 14.84it/s]
 49%|████▉     | 39/79 [00:02<00:02, 14.43it/s]
 52%|█████▏    | 41/79 [00:02<00:02, 14.25it/s]
 54%|█████▍    | 43/79 [00:02<00:02, 14.23it/s]
 57%|█████▋    | 45/79 [00:02<00:02, 14.26it/s]
 59%|█████▉    | 47/79 [00:02<00:02, 13.78it/s]
 62%|██████▏   | 49/79 [00:03<00:02, 14.05it/s]
 65%|██████▍   | 51/79 [00:03<00:01, 14.18it/s]
 67%|██████▋   | 53/79 [00:03<00:01, 14.16it/s]
 70%|██████▉   | 55/79 [00:03<00:01, 13.86it/s]
 72%|███████▏  | 57/79 [00:03<00:01, 14.29it/s]
 77%|███████▋  | 61/79 [00:03<00:00, 18.09it/s]
 82%|████████▏ | 65/79 [00:03<00:00, 21.14it/s]
 87%|████████▋ | 69/79 [00:04<00:00, 23.55it/s]
 92%|█████████▏| 73/79 [00:04<00:00, 25.41it/s]
 97%|█████████▋| 77/79 [00:04<00:00, 26.44it/s]
100%|██████████| 79/79 [00:04<00:00, 17.85it/s]

CommRound: 5/30
Accuracy: 85.40% | Loss: 0.4589
[##########--------------------------------------------------] 16.7%
Elapsed: 1.4m | Avg/Round: 16.4s | Last: 16.5s | Next: 16.4s | Remaining: 6.8m
ETA: 05:54:49
Recent round times: R1: 15.0s -> R2: 14.8s -> R3: 16.1s -> R4: 16.4s -> R5: 16.5s

  0%|          | 0/79 [00:00<?, ?it/s]
  1%|▏         | 1/79 [00:00<00:14,  5.50it/s]
  6%|▋         | 5/79 [00:00<00:04, 15.98it/s]
 11%|█▏        | 9/79 [00:00<00:03, 21.42it/s]
 16%|█▋        | 13/79 [00:00<00:02, 24.17it/s]
 22%|██▏       | 17/79 [00:00<00:02, 26.38it/s]
 25%|██▌       | 20/79 [00:00<00:02, 26.01it/s]
 29%|██▉       | 23/79 [00:01<00:02, 19.42it/s]
 34%|███▍      | 27/79 [00:01<00:02, 22.04it/s]
 39%|███▉      | 31/79 [00:01<00:01, 24.32it/s]
 44%|████▍     | 35/79 [00:01<00:01, 26.18it/s]
 48%|████▊     | 38/79 [00:01<00:01, 26.94it/s]
 52%|█████▏    | 41/79 [00:01<00:01, 22.25it/s]
 56%|█████▌    | 44/79 [00:01<00:01, 21.65it/s]
 59%|█████▉    | 47/79 [00:02<00:01, 17.36it/s]
 62%|██████▏   | 49/79 [00:02<00:01, 16.80it/s]
 65%|██████▍   | 51/79 [00:02<00:01, 16.35it/s]
 67%|██████▋   | 53/79 [00:02<00:01, 16.74it/s]
 70%|██████▉   | 55/79 [00:02<00:01, 16.91it/s]
 72%|███████▏  | 57/79 [00:02<00:01, 17.27it/s]
 75%|███████▍  | 59/79 [00:02<00:01, 16.64it/s]
 77%|███████▋  | 61/79 [00:03<00:01, 16.40it/s]
 80%|███████▉  | 63/79 [00:03<00:00, 16.63it/s]
 82%|████████▏ | 65/79 [00:03<00:00, 16.61it/s]
 85%|████████▍ | 67/79 [00:03<00:00, 17.09it/s]
 87%|████████▋ | 69/79 [00:03<00:00, 17.48it/s]
 90%|████████▉ | 71/79 [00:03<00:00, 17.89it/s]
 92%|█████████▏| 73/79 [00:03<00:00, 18.30it/s]
 95%|█████████▍| 75/79 [00:03<00:00, 18.61it/s]
 97%|█████████▋| 77/79 [00:03<00:00, 18.95it/s]
100%|██████████| 79/79 [00:04<00:00, 19.74it/s]

CommRound: 6/30
Accuracy: 87.98% | Loss: 0.4110
[############------------------------------------------------] 20.0%
Elapsed: 1.6m | Avg/Round: 16.4s | Last: 16.0s | Next: 16.4s | Remaining: 6.5m
ETA: 05:54:47
Recent round times: R1: 14.8s -> R2: 16.1s -> R3: 16.4s -> R4: 16.5s -> R5: 16.0s

  0%|          | 0/79 [00:00<?, ?it/s]
  1%|▏         | 1/79 [00:00<00:13,  5.86it/s]
  6%|▋         | 5/79 [00:00<00:03, 21.16it/s]
 11%|█▏        | 9/79 [00:00<00:02, 25.40it/s]
 16%|█▋        | 13/79 [00:00<00:02, 27.43it/s]
 20%|██        | 16/79 [00:00<00:02, 24.89it/s]
 24%|██▍       | 19/79 [00:00<00:02, 24.58it/s]
 28%|██▊       | 22/79 [00:00<00:02, 23.30it/s]
 33%|███▎      | 26/79 [00:01<00:02, 24.17it/s]
 37%|███▋      | 29/79 [00:01<00:02, 23.01it/s]
 41%|████      | 32/79 [00:01<00:02, 19.16it/s]
 44%|████▍     | 35/79 [00:01<00:02, 20.62it/s]
 48%|████▊     | 38/79 [00:01<00:02, 20.32it/s]
 53%|█████▎    | 42/79 [00:01<00:01, 22.22it/s]
 58%|█████▊    | 46/79 [00:02<00:01, 23.26it/s]
 63%|██████▎   | 50/79 [00:02<00:01, 22.83it/s]
 68%|██████▊   | 54/79 [00:02<00:01, 23.56it/s]
 72%|███████▏  | 57/79 [00:02<00:00, 23.55it/s]
 76%|███████▌  | 60/79 [00:02<00:00, 19.30it/s]
 81%|████████  | 64/79 [00:02<00:00, 20.65it/s]
 86%|████████▌ | 68/79 [00:03<00:00, 22.12it/s]
 91%|█████████ | 72/79 [00:03<00:00, 23.31it/s]
 96%|█████████▌| 76/79 [00:03<00:00, 23.75it/s]
100%|██████████| 79/79 [00:03<00:00, 22.55it/s]

CommRound: 7/30
Accuracy: 88.02% | Loss: 0.4262
[##############----------------------------------------------] 23.3%
Elapsed: 1.9m | Avg/Round: 16.2s | Last: 15.5s | Next: 16.2s | Remaining: 6.2m
ETA: 05:54:44
Recent round times: R1: 16.1s -> R2: 16.4s -> R3: 16.5s -> R4: 16.0s -> R5: 15.5s

  0%|          | 0/79 [00:00<?, ?it/s]
  1%|▏         | 1/79 [00:00<00:09,  8.40it/s]
  9%|▉         | 7/79 [00:00<00:02, 31.27it/s]
 14%|█▍        | 11/79 [00:00<00:02, 33.69it/s]
 19%|█▉        | 15/79 [00:00<00:01, 35.57it/s]
 24%|██▍       | 19/79 [00:00<00:01, 36.69it/s]
 29%|██▉       | 23/79 [00:00<00:01, 35.39it/s]
 35%|███▌      | 28/79 [00:00<00:01, 38.82it/s]
 41%|████      | 32/79 [00:00<00:01, 39.11it/s]
 46%|████▌     | 36/79 [00:00<00:01, 39.21it/s]
 51%|█████     | 40/79 [00:01<00:00, 39.19it/s]
 56%|█████▌    | 44/79 [00:01<00:00, 39.37it/s]
 61%|██████    | 48/79 [00:01<00:00, 39.49it/s]
 66%|██████▌   | 52/79 [00:01<00:00, 39.58it/s]
 71%|███████   | 56/79 [00:01<00:00, 39.35it/s]
 76%|███████▌  | 60/79 [00:01<00:00, 39.31it/s]
 81%|████████  | 64/79 [00:01<00:00, 38.70it/s]
 86%|████████▌ | 68/79 [00:01<00:00, 37.18it/s]
 91%|█████████ | 72/79 [00:01<00:00, 36.51it/s]
 96%|█████████▌| 76/79 [00:02<00:00, 35.62it/s]
100%|██████████| 79/79 [00:02<00:00, 36.88it/s]

CommRound: 8/30
Accuracy: 88.51% | Loss: 0.4282
[################--------------------------------------------] 26.7%
Elapsed: 2.1m | Avg/Round: 16.0s | Last: 14.0s | Next: 16.0s | Remaining: 5.9m
ETA: 05:54:35
Recent round times: R1: 16.4s -> R2: 16.5s -> R3: 16.0s -> R4: 15.5s -> R5: 14.0s

  0%|          | 0/79 [00:00<?, ?it/s]
  1%|▏         | 1/79 [00:00<00:10,  7.58it/s]
  6%|▋         | 5/79 [00:00<00:03, 22.17it/s]
 11%|█▏        | 9/79 [00:00<00:02, 24.86it/s]
 16%|█▋        | 13/79 [00:00<00:02, 27.95it/s]
 22%|██▏       | 17/79 [00:00<00:02, 30.20it/s]
 27%|██▋       | 21/79 [00:00<00:01, 31.64it/s]
 32%|███▏      | 25/79 [00:00<00:01, 32.45it/s]
 37%|███▋      | 29/79 [00:00<00:01, 33.30it/s]
 42%|████▏     | 33/79 [00:01<00:01, 33.89it/s]
 47%|████▋     | 37/79 [00:01<00:01, 34.26it/s]
 52%|█████▏    | 41/79 [00:01<00:01, 34.61it/s]
 57%|█████▋    | 45/79 [00:01<00:00, 34.83it/s]
 62%|██████▏   | 49/79 [00:01<00:00, 35.24it/s]
 67%|██████▋   | 53/79 [00:01<00:00, 35.08it/s]
 72%|███████▏  | 57/79 [00:01<00:00, 33.69it/s]
 78%|███████▊  | 62/79 [00:01<00:00, 37.47it/s]
 84%|████████▎ | 66/79 [00:02<00:00, 36.97it/s]
 89%|████████▊ | 70/79 [00:02<00:00, 35.93it/s]
 94%|█████████▎| 74/79 [00:02<00:00, 35.86it/s]
 99%|█████████▊| 78/79 [00:02<00:00, 35.75it/s]
100%|██████████| 79/79 [00:02<00:00, 33.20it/s]

CommRound: 9/30
Accuracy: 87.67% | Loss: 0.4602
[##################------------------------------------------] 30.0%
Elapsed: 2.4m | Avg/Round: 15.8s | Last: 14.3s | Next: 15.8s | Remaining: 5.5m
ETA: 05:54:30
Recent round times: R1: 16.5s -> R2: 16.0s -> R3: 15.5s -> R4: 14.0s -> R5: 14.3s

  0%|          | 0/79 [00:00<?, ?it/s]
  1%|▏         | 1/79 [00:00<00:12,  6.10it/s]
  9%|▉         | 7/79 [00:00<00:02, 28.15it/s]
 14%|█▍        | 11/79 [00:00<00:02, 29.40it/s]
 19%|█▉        | 15/79 [00:00<00:02, 29.56it/s]
 24%|██▍       | 19/79 [00:00<00:02, 29.76it/s]
 29%|██▉       | 23/79 [00:00<00:01, 29.73it/s]
 34%|███▍      | 27/79 [00:00<00:01, 28.46it/s]
 39%|███▉      | 31/79 [00:01<00:01, 29.76it/s]
 44%|████▍     | 35/79 [00:01<00:01, 30.09it/s]
 49%|████▉     | 39/79 [00:01<00:01, 30.30it/s]
 54%|█████▍    | 43/79 [00:01<00:01, 30.40it/s]
 59%|█████▉    | 47/79 [00:01<00:01, 30.07it/s]
 65%|██████▍   | 51/79 [00:01<00:00, 30.02it/s]
 70%|██████▉   | 55/79 [00:01<00:00, 29.76it/s]
 75%|███████▍  | 59/79 [00:02<00:00, 29.85it/s]
 80%|███████▉  | 63/79 [00:02<00:00, 29.82it/s]
 85%|████████▍ | 67/79 [00:02<00:00, 29.99it/s]
 90%|████████▉ | 71/79 [00:02<00:00, 30.33it/s]
 95%|█████████▍| 75/79 [00:02<00:00, 30.36it/s]
100%|██████████| 79/79 [00:02<00:00, 29.89it/s]

CommRound: 10/30
Accuracy: 88.55% | Loss: 0.4364
[####################----------------------------------------] 33.3%
Elapsed: 2.6m | Avg/Round: 15.7s | Last: 14.6s | Next: 15.7s | Remaining: 5.2m
ETA: 05:54:26
Recent round times: R1: 16.0s -> R2: 15.5s -> R3: 14.0s -> R4: 14.3s -> R5: 14.6s

  0%|          | 0/79 [00:00<?, ?it/s]
  1%|▏         | 1/79 [00:00<00:10,  7.42it/s]
  6%|▋         | 5/79 [00:00<00:03, 23.90it/s]
 11%|█▏        | 9/79 [00:00<00:02, 30.13it/s]
 16%|█▋        | 13/79 [00:00<00:02, 32.35it/s]
 22%|██▏       | 17/79 [00:00<00:01, 33.62it/s]
 27%|██▋       | 21/79 [00:00<00:01, 34.71it/s]
 32%|███▏      | 25/79 [00:00<00:01, 35.87it/s]
 37%|███▋      | 29/79 [00:00<00:01, 36.58it/s]
 42%|████▏     | 33/79 [00:00<00:01, 37.08it/s]
 47%|████▋     | 37/79 [00:01<00:01, 37.45it/s]
 52%|█████▏    | 41/79 [00:01<00:01, 37.58it/s]
 57%|█████▋    | 45/79 [00:01<00:00, 37.54it/s]
 62%|██████▏   | 49/79 [00:01<00:00, 36.71it/s]
 67%|██████▋   | 53/79 [00:01<00:00, 35.60it/s]
 72%|███████▏  | 57/79 [00:01<00:00, 35.52it/s]
 77%|███████▋  | 61/79 [00:01<00:00, 34.87it/s]
 82%|████████▏ | 65/79 [00:01<00:00, 35.37it/s]
 87%|████████▋ | 69/79 [00:01<00:00, 35.22it/s]
 92%|█████████▏| 73/79 [00:02<00:00, 34.94it/s]
 97%|█████████▋| 77/79 [00:02<00:00, 35.08it/s]
100%|██████████| 79/79 [00:02<00:00, 34.54it/s]

CommRound: 11/30
Accuracy: 88.93% | Loss: 0.4312
[######################--------------------------------------] 36.7%
Elapsed: 2.8m | Avg/Round: 15.5s | Last: 14.1s | Next: 15.5s | Remaining: 4.9m
ETA: 05:54:22
Recent round times: R1: 15.5s -> R2: 14.0s -> R3: 14.3s -> R4: 14.6s -> R5: 14.1s

  0%|          | 0/79 [00:00<?, ?it/s]
  1%|▏         | 1/79 [00:00<00:12,  6.48it/s]
  6%|▋         | 5/79 [00:00<00:03, 22.37it/s]
 11%|█▏        | 9/79 [00:00<00:02, 27.13it/s]
 16%|█▋        | 13/79 [00:00<00:02, 30.52it/s]
 22%|██▏       | 17/79 [00:00<00:01, 32.63it/s]
 27%|██▋       | 21/79 [00:00<00:01, 34.19it/s]
 32%|███▏      | 25/79 [00:00<00:01, 35.01it/s]
 37%|███▋      | 29/79 [00:00<00:01, 35.37it/s]
 42%|████▏     | 33/79 [00:01<00:01, 32.14it/s]
 47%|████▋     | 37/79 [00:01<00:01, 30.37it/s]
 52%|█████▏    | 41/79 [00:01<00:01, 30.21it/s]
 57%|█████▋    | 45/79 [00:01<00:01, 29.60it/s]
 61%|██████    | 48/79 [00:01<00:01, 28.78it/s]
 66%|██████▌   | 52/79 [00:01<00:00, 30.67it/s]
 71%|███████   | 56/79 [00:01<00:00, 32.06it/s]
 76%|███████▌  | 60/79 [00:01<00:00, 32.97it/s]
 81%|████████  | 64/79 [00:02<00:00, 31.00it/s]
 86%|████████▌ | 68/79 [00:02<00:00, 28.03it/s]
 91%|█████████ | 72/79 [00:02<00:00, 26.40it/s]
 96%|█████████▌| 76/79 [00:02<00:00, 28.27it/s]
100%|██████████| 79/79 [00:02<00:00, 29.80it/s]

CommRound: 12/30
Accuracy: 89.19% | Loss: 0.4291
[########################------------------------------------] 40.0%
Elapsed: 3.1m | Avg/Round: 15.4s | Last: 14.6s | Next: 15.4s | Remaining: 4.6m
ETA: 05:54:19
Recent round times: R1: 14.0s -> R2: 14.3s -> R3: 14.6s -> R4: 14.1s -> R5: 14.6s

  0%|          | 0/79 [00:00<?, ?it/s]
  1%|▏         | 1/79 [00:00<00:10,  7.17it/s]
  8%|▊         | 6/79 [00:00<00:02, 28.63it/s]
 13%|█▎        | 10/79 [00:00<00:02, 31.31it/s]
 18%|█▊        | 14/79 [00:00<00:01, 32.85it/s]
 23%|██▎       | 18/79 [00:00<00:01, 32.48it/s]
 28%|██▊       | 22/79 [00:00<00:01, 33.40it/s]
 33%|███▎      | 26/79 [00:00<00:01, 33.42it/s]
 38%|███▊      | 30/79 [00:00<00:01, 34.11it/s]
 43%|████▎     | 34/79 [00:01<00:01, 35.03it/s]
 48%|████▊     | 38/79 [00:01<00:01, 34.55it/s]
 53%|█████▎    | 42/79 [00:01<00:01, 34.42it/s]
 58%|█████▊    | 46/79 [00:01<00:00, 34.42it/s]
 63%|██████▎   | 50/79 [00:01<00:00, 34.38it/s]
 68%|██████▊   | 54/79 [00:01<00:00, 33.95it/s]
 73%|███████▎  | 58/79 [00:01<00:00, 33.99it/s]
 78%|███████▊  | 62/79 [00:01<00:00, 33.36it/s]
 84%|████████▎ | 66/79 [00:02<00:00, 32.30it/s]
 89%|████████▊ | 70/79 [00:02<00:00, 29.35it/s]
 92%|█████████▏| 73/79 [00:02<00:00, 25.51it/s]
 97%|█████████▋| 77/79 [00:02<00:00, 26.56it/s]
100%|██████████| 79/79 [00:02<00:00, 31.32it/s]

CommRound: 13/30
Accuracy: 89.30% | Loss: 0.4301
[##########################----------------------------------] 43.3%
Elapsed: 3.3m | Avg/Round: 15.3s | Last: 14.2s | Next: 15.3s | Remaining: 4.3m
ETA: 05:54:17
Recent round times: R1: 14.3s -> R2: 14.6s -> R3: 14.1s -> R4: 14.6s -> R5: 14.2s

  0%|          | 0/79 [00:00<?, ?it/s]
  1%|▏         | 1/79 [00:00<00:13,  5.87it/s]
  9%|▉         | 7/79 [00:00<00:02, 25.80it/s]
 14%|█▍        | 11/79 [00:00<00:02, 29.91it/s]
 19%|█▉        | 15/79 [00:00<00:02, 31.19it/s]
 24%|██▍       | 19/79 [00:00<00:01, 33.50it/s]
 29%|██▉       | 23/79 [00:00<00:01, 34.64it/s]
 34%|███▍      | 27/79 [00:00<00:01, 35.46it/s]
 39%|███▉      | 31/79 [00:00<00:01, 36.52it/s]
 44%|████▍     | 35/79 [00:01<00:01, 36.67it/s]
 49%|████▉     | 39/79 [00:01<00:01, 36.98it/s]
 54%|█████▍    | 43/79 [00:01<00:00, 37.10it/s]
 59%|█████▉    | 47/79 [00:01<00:00, 36.83it/s]
 65%|██████▍   | 51/79 [00:01<00:00, 37.00it/s]
 70%|██████▉   | 55/79 [00:01<00:00, 36.18it/s]
 75%|███████▍  | 59/79 [00:01<00:00, 34.72it/s]
 80%|███████▉  | 63/79 [00:01<00:00, 33.63it/s]
 85%|████████▍ | 67/79 [00:01<00:00, 33.05it/s]
 90%|████████▉ | 71/79 [00:02<00:00, 32.45it/s]
 95%|█████████▍| 75/79 [00:02<00:00, 32.22it/s]
100%|██████████| 79/79 [00:02<00:00, 33.56it/s]

CommRound: 14/30
Accuracy: 89.32% | Loss: 0.4310
[############################--------------------------------] 46.7%
Elapsed: 3.6m | Avg/Round: 15.3s | Last: 14.1s | Next: 15.3s | Remaining: 4.1m
ETA: 05:54:14
Recent round times: R1: 14.6s -> R2: 14.1s -> R3: 14.6s -> R4: 14.2s -> R5: 14.1s

  0%|          | 0/79 [00:00<?, ?it/s]
  1%|▏         | 1/79 [00:00<00:14,  5.34it/s]
  6%|▋         | 5/79 [00:00<00:03, 19.16it/s]
 11%|█▏        | 9/79 [00:00<00:03, 21.66it/s]
 15%|█▌        | 12/79 [00:00<00:02, 23.81it/s]
 19%|█▉        | 15/79 [00:00<00:03, 21.30it/s]
 23%|██▎       | 18/79 [00:00<00:02, 22.84it/s]
 27%|██▋       | 21/79 [00:01<00:02, 20.77it/s]
 30%|███       | 24/79 [00:01<00:02, 22.53it/s]
 34%|███▍      | 27/79 [00:01<00:02, 20.70it/s]
 38%|███▊      | 30/79 [00:01<00:02, 22.48it/s]
 42%|████▏     | 33/79 [00:01<00:02, 20.98it/s]
 46%|████▌     | 36/79 [00:01<00:01, 22.53it/s]
 49%|████▉     | 39/79 [00:01<00:01, 21.92it/s]
 53%|█████▎    | 42/79 [00:01<00:01, 23.39it/s]
 57%|█████▋    | 45/79 [00:02<00:01, 22.55it/s]
 61%|██████    | 48/79 [00:02<00:01, 23.19it/s]
 65%|██████▍   | 51/79 [00:02<00:01, 21.79it/s]
 68%|██████▊   | 54/79 [00:02<00:01, 22.06it/s]
 72%|███████▏  | 57/79 [00:02<00:01, 21.72it/s]
 76%|███████▌  | 60/79 [00:02<00:00, 23.25it/s]
 80%|███████▉  | 63/79 [00:02<00:00, 22.84it/s]
 84%|████████▎ | 66/79 [00:02<00:00, 24.21it/s]
 87%|████████▋ | 69/79 [00:03<00:00, 23.48it/s]
 91%|█████████ | 72/79 [00:03<00:00, 24.13it/s]
 95%|█████████▍| 75/79 [00:03<00:00, 24.08it/s]
 99%|█████████▊| 78/79 [00:03<00:00, 25.29it/s]
100%|██████████| 79/79 [00:03<00:00, 22.58it/s]

CommRound: 15/30
Accuracy: 89.41% | Loss: 0.4320
[##############################------------------------------] 50.0%
Elapsed: 3.8m | Avg/Round: 15.3s | Last: 15.3s | Next: 15.3s | Remaining: 3.8m
ETA: 05:54:14
Recent round times: R1: 14.1s -> R2: 14.6s -> R3: 14.2s -> R4: 14.1s -> R5: 15.3s

  0%|          | 0/79 [00:00<?, ?it/s]
  1%|▏         | 1/79 [00:00<00:14,  5.48it/s]
  6%|▋         | 5/79 [00:00<00:03, 19.54it/s]
 10%|█         | 8/79 [00:00<00:03, 22.87it/s]
 14%|█▍        | 11/79 [00:00<00:02, 23.23it/s]
 19%|█▉        | 15/79 [00:00<00:02, 26.98it/s]
 24%|██▍       | 19/79 [00:00<00:02, 29.38it/s]
 29%|██▉       | 23/79 [00:00<00:01, 31.96it/s]
 34%|███▍      | 27/79 [00:00<00:01, 33.31it/s]
 39%|███▉      | 31/79 [00:01<00:01, 33.70it/s]
 44%|████▍     | 35/79 [00:01<00:01, 33.43it/s]
 49%|████▉     | 39/79 [00:01<00:01, 33.63it/s]
 54%|█████▍    | 43/79 [00:01<00:01, 33.70it/s]
 59%|█████▉    | 47/79 [00:01<00:00, 33.78it/s]
 65%|██████▍   | 51/79 [00:01<00:00, 33.72it/s]
 70%|██████▉   | 55/79 [00:01<00:00, 32.91it/s]
 75%|███████▍  | 59/79 [00:01<00:00, 32.80it/s]
 80%|███████▉  | 63/79 [00:02<00:00, 33.31it/s]
 85%|████████▍ | 67/79 [00:02<00:00, 31.93it/s]
 90%|████████▉ | 71/79 [00:02<00:00, 28.66it/s]
 94%|█████████▎| 74/79 [00:02<00:00, 24.97it/s]
 99%|█████████▊| 78/79 [00:02<00:00, 25.06it/s]
100%|██████████| 79/79 [00:02<00:00, 29.04it/s]

CommRound: 16/30
Accuracy: 89.47% | Loss: 0.4332
[################################----------------------------] 53.3%
Elapsed: 4.1m | Avg/Round: 15.2s | Last: 14.6s | Next: 15.2s | Remaining: 3.6m
ETA: 05:54:13
Recent round times: R1: 14.6s -> R2: 14.2s -> R3: 14.1s -> R4: 15.3s -> R5: 14.6s

  0%|          | 0/79 [00:00<?, ?it/s]
  1%|▏         | 1/79 [00:00<00:10,  7.31it/s]
  6%|▋         | 5/79 [00:00<00:03, 23.99it/s]
 11%|█▏        | 9/79 [00:00<00:02, 28.22it/s]
 16%|█▋        | 13/79 [00:00<00:02, 30.31it/s]
 22%|██▏       | 17/79 [00:00<00:01, 31.69it/s]
 27%|██▋       | 21/79 [00:00<00:01, 32.43it/s]
 32%|███▏      | 25/79 [00:00<00:01, 33.02it/s]
 37%|███▋      | 29/79 [00:00<00:01, 33.43it/s]
 42%|████▏     | 33/79 [00:01<00:01, 33.70it/s]
 47%|████▋     | 37/79 [00:01<00:01, 33.85it/s]
 52%|█████▏    | 41/79 [00:01<00:01, 33.99it/s]
 57%|█████▋    | 45/79 [00:01<00:00, 34.02it/s]
 62%|██████▏   | 49/79 [00:01<00:00, 34.02it/s]
 67%|██████▋   | 53/79 [00:01<00:00, 32.25it/s]
 72%|███████▏  | 57/79 [00:01<00:00, 29.39it/s]
 77%|███████▋  | 61/79 [00:02<00:00, 27.48it/s]
 82%|████████▏ | 65/79 [00:02<00:00, 27.60it/s]
 87%|████████▋ | 69/79 [00:02<00:00, 29.19it/s]
 92%|█████████▏| 73/79 [00:02<00:00, 30.38it/s]
 97%|█████████▋| 77/79 [00:02<00:00, 31.51it/s]
100%|██████████| 79/79 [00:02<00:00, 31.15it/s]

CommRound: 17/30
Accuracy: 89.53% | Loss: 0.4345
[##################################--------------------------] 56.7%
Elapsed: 4.3m | Avg/Round: 15.2s | Last: 14.4s | Next: 15.2s | Remaining: 3.3m
ETA: 05:54:11
Recent round times: R1: 14.2s -> R2: 14.1s -> R3: 15.3s -> R4: 14.6s -> R5: 14.4s

  0%|          | 0/79 [00:00<?, ?it/s]
  1%|▏         | 1/79 [00:00<00:11,  7.08it/s]
  8%|▊         | 6/79 [00:00<00:03, 24.19it/s]
 13%|█▎        | 10/79 [00:00<00:02, 28.05it/s]
 18%|█▊        | 14/79 [00:00<00:02, 30.31it/s]
 23%|██▎       | 18/79 [00:00<00:01, 31.91it/s]
 28%|██▊       | 22/79 [00:00<00:01, 33.16it/s]
 33%|███▎      | 26/79 [00:00<00:01, 33.36it/s]
 38%|███▊      | 30/79 [00:00<00:01, 34.39it/s]
 43%|████▎     | 34/79 [00:01<00:01, 34.39it/s]
 48%|████▊     | 38/79 [00:01<00:01, 32.10it/s]
 53%|█████▎    | 42/79 [00:01<00:01, 28.71it/s]
 57%|█████▋    | 45/79 [00:01<00:01, 24.79it/s]
 62%|██████▏   | 49/79 [00:01<00:01, 26.26it/s]
 67%|██████▋   | 53/79 [00:01<00:00, 27.56it/s]
 72%|███████▏  | 57/79 [00:01<00:00, 28.93it/s]
 77%|███████▋  | 61/79 [00:02<00:00, 30.09it/s]
 82%|████████▏ | 65/79 [00:02<00:00, 31.41it/s]
 87%|████████▋ | 69/79 [00:02<00:00, 32.12it/s]
 92%|█████████▏| 73/79 [00:02<00:00, 32.88it/s]
 97%|█████████▋| 77/79 [00:02<00:00, 33.36it/s]
100%|██████████| 79/79 [00:02<00:00, 30.57it/s]

CommRound: 18/30
Accuracy: 89.52% | Loss: 0.4358
[####################################------------------------] 60.0%
Elapsed: 4.5m | Avg/Round: 15.1s | Last: 14.5s | Next: 15.1s | Remaining: 3.0m
ETA: 05:54:10
Recent round times: R1: 14.1s -> R2: 15.3s -> R3: 14.6s -> R4: 14.4s -> R5: 14.5s

  0%|          | 0/79 [00:00<?, ?it/s]
  1%|▏         | 1/79 [00:00<00:12,  6.19it/s]
  8%|▊         | 6/79 [00:00<00:02, 26.45it/s]
 13%|█▎        | 10/79 [00:00<00:02, 26.01it/s]
 18%|█▊        | 14/79 [00:00<00:02, 29.72it/s]
 23%|██▎       | 18/79 [00:00<00:01, 31.07it/s]
 28%|██▊       | 22/79 [00:00<00:01, 32.00it/s]
 33%|███▎      | 26/79 [00:00<00:01, 32.43it/s]
 38%|███▊      | 30/79 [00:01<00:01, 32.78it/s]
 43%|████▎     | 34/79 [00:01<00:01, 33.57it/s]
 48%|████▊     | 38/79 [00:01<00:01, 34.43it/s]
 53%|█████▎    | 42/79 [00:01<00:01, 34.65it/s]
 58%|█████▊    | 46/79 [00:01<00:00, 34.70it/s]
 63%|██████▎   | 50/79 [00:01<00:00, 34.77it/s]
 68%|██████▊   | 54/79 [00:01<00:00, 30.32it/s]
 73%|███████▎  | 58/79 [00:01<00:00, 27.96it/s]
 78%|███████▊  | 62/79 [00:02<00:00, 26.76it/s]
 84%|████████▎ | 66/79 [00:02<00:00, 26.19it/s]
 89%|████████▊ | 70/79 [00:02<00:00, 25.90it/s]
 94%|█████████▎| 74/79 [00:02<00:00, 25.58it/s]
 99%|█████████▊| 78/79 [00:02<00:00, 27.62it/s]
100%|██████████| 79/79 [00:02<00:00, 29.18it/s]

CommRound: 19/30
Accuracy: 89.55% | Loss: 0.4369
[######################################----------------------] 63.3%
Elapsed: 4.8m | Avg/Round: 15.1s | Last: 14.4s | Next: 15.1s | Remaining: 2.8m
ETA: 05:54:09
Recent round times: R1: 15.3s -> R2: 14.6s -> R3: 14.4s -> R4: 14.5s -> R5: 14.4s

  0%|          | 0/79 [00:00<?, ?it/s]
  1%|▏         | 1/79 [00:00<00:11,  7.08it/s]
  8%|▊         | 6/79 [00:00<00:02, 25.20it/s]
 13%|█▎        | 10/79 [00:00<00:02, 29.35it/s]
 18%|█▊        | 14/79 [00:00<00:02, 31.66it/s]
 23%|██▎       | 18/79 [00:00<00:01, 32.74it/s]
 28%|██▊       | 22/79 [00:00<00:01, 33.05it/s]
 33%|███▎      | 26/79 [00:00<00:01, 33.89it/s]
 38%|███▊      | 30/79 [00:00<00:01, 34.36it/s]
 43%|████▎     | 34/79 [00:01<00:01, 34.85it/s]
 48%|████▊     | 38/79 [00:01<00:01, 34.45it/s]
 53%|█████▎    | 42/79 [00:01<00:01, 34.19it/s]
 58%|█████▊    | 46/79 [00:01<00:01, 32.80it/s]
 63%|██████▎   | 50/79 [00:01<00:00, 31.28it/s]
 68%|██████▊   | 54/79 [00:01<00:00, 31.86it/s]
 73%|███████▎  | 58/79 [00:01<00:00, 32.65it/s]
 78%|███████▊  | 62/79 [00:01<00:00, 30.08it/s]
 84%|████████▎ | 66/79 [00:02<00:00, 25.90it/s]
 87%|████████▋ | 69/79 [00:02<00:00, 22.22it/s]
 92%|█████████▏| 73/79 [00:02<00:00, 22.12it/s]
 96%|█████████▌| 76/79 [00:02<00:00, 23.30it/s]
100%|██████████| 79/79 [00:02<00:00, 28.43it/s]

CommRound: 20/30
Accuracy: 89.59% | Loss: 0.4379
[########################################--------------------] 66.7%
Elapsed: 5.0m | Avg/Round: 15.1s | Last: 14.7s | Next: 15.1s | Remaining: 2.5m
ETA: 05:54:09
Recent round times: R1: 14.6s -> R2: 14.4s -> R3: 14.5s -> R4: 14.4s -> R5: 14.7s

  0%|          | 0/79 [00:00<?, ?it/s]
  1%|▏         | 1/79 [00:00<00:11,  6.85it/s]
  8%|▊         | 6/79 [00:00<00:02, 28.16it/s]
 13%|█▎        | 10/79 [00:00<00:02, 30.62it/s]
 18%|█▊        | 14/79 [00:00<00:02, 31.77it/s]
 23%|██▎       | 18/79 [00:00<00:02, 29.89it/s]
 28%|██▊       | 22/79 [00:00<00:02, 25.61it/s]
 32%|███▏      | 25/79 [00:01<00:02, 22.24it/s]
 37%|███▋      | 29/79 [00:01<00:02, 22.13it/s]
 41%|████      | 32/79 [00:01<00:01, 23.68it/s]
 44%|████▍     | 35/79 [00:01<00:02, 21.51it/s]
 49%|████▉     | 39/79 [00:01<00:01, 22.36it/s]
 54%|█████▍    | 43/79 [00:01<00:01, 23.56it/s]
 59%|█████▉    | 47/79 [00:01<00:01, 24.43it/s]
 65%|██████▍   | 51/79 [00:02<00:01, 25.02it/s]
 70%|██████▉   | 55/79 [00:02<00:00, 25.02it/s]
 75%|███████▍  | 59/79 [00:02<00:00, 25.32it/s]
 80%|███████▉  | 63/79 [00:02<00:00, 25.42it/s]
 85%|████████▍ | 67/79 [00:02<00:00, 25.27it/s]
 90%|████████▉ | 71/79 [00:02<00:00, 26.53it/s]
 95%|█████████▍| 75/79 [00:02<00:00, 27.03it/s]
100%|██████████| 79/79 [00:03<00:00, 25.51it/s]

CommRound: 21/30
Accuracy: 89.63% | Loss: 0.4389
[##########################################------------------] 70.0%
Elapsed: 5.3m | Avg/Round: 15.1s | Last: 15.0s | Next: 15.1s | Remaining: 2.3m
ETA: 05:54:08
Recent round times: R1: 14.4s -> R2: 14.5s -> R3: 14.4s -> R4: 14.7s -> R5: 15.0s

  0%|          | 0/79 [00:00<?, ?it/s]
  1%|▏         | 1/79 [00:00<00:12,  6.13it/s]
  6%|▋         | 5/79 [00:00<00:03, 21.52it/s]
 11%|█▏        | 9/79 [00:00<00:02, 27.01it/s]
 16%|█▋        | 13/79 [00:00<00:02, 29.77it/s]
 22%|██▏       | 17/79 [00:00<00:02, 29.57it/s]
 27%|██▋       | 21/79 [00:00<00:01, 29.56it/s]
 32%|███▏      | 25/79 [00:00<00:01, 29.92it/s]
 37%|███▋      | 29/79 [00:01<00:01, 30.15it/s]
 42%|████▏     | 33/79 [00:01<00:01, 30.34it/s]
 47%|████▋     | 37/79 [00:01<00:01, 30.46it/s]
 52%|█████▏    | 41/79 [00:01<00:01, 30.55it/s]
 57%|█████▋    | 45/79 [00:01<00:01, 30.59it/s]
 62%|██████▏   | 49/79 [00:01<00:00, 30.36it/s]
 67%|██████▋   | 53/79 [00:01<00:00, 30.46it/s]
 72%|███████▏  | 57/79 [00:01<00:00, 30.63it/s]
 77%|███████▋  | 61/79 [00:02<00:00, 30.62it/s]
 82%|████████▏ | 65/79 [00:02<00:00, 30.66it/s]
 87%|████████▋ | 69/79 [00:02<00:00, 28.48it/s]
 92%|█████████▏| 73/79 [00:02<00:00, 29.34it/s]
 97%|█████████▋| 77/79 [00:02<00:00, 28.54it/s]
100%|██████████| 79/79 [00:02<00:00, 29.38it/s]

CommRound: 22/30
Accuracy: 89.70% | Loss: 0.4400
[############################################----------------] 73.3%
Elapsed: 5.5m | Avg/Round: 15.1s | Last: 14.8s | Next: 15.1s | Remaining: 2.0m
ETA: 05:54:08
Recent round times: R1: 14.5s -> R2: 14.4s -> R3: 14.7s -> R4: 15.0s -> R5: 14.8s

  0%|          | 0/79 [00:00<?, ?it/s]
  1%|▏         | 1/79 [00:00<00:14,  5.46it/s]
  6%|▋         | 5/79 [00:00<00:04, 17.69it/s]
 11%|█▏        | 9/79 [00:00<00:03, 20.67it/s]
 16%|█▋        | 13/79 [00:00<00:02, 22.09it/s]
 22%|██▏       | 17/79 [00:00<00:02, 22.07it/s]
 27%|██▋       | 21/79 [00:00<00:02, 23.08it/s]
 32%|███▏      | 25/79 [00:01<00:02, 22.95it/s]
 37%|███▋      | 29/79 [00:01<00:01, 25.23it/s]
 43%|████▎     | 34/79 [00:01<00:01, 30.52it/s]
 48%|████▊     | 38/79 [00:01<00:01, 32.82it/s]
 53%|█████▎    | 42/79 [00:01<00:01, 34.46it/s]
 59%|█████▉    | 47/79 [00:01<00:00, 34.21it/s]
 65%|██████▍   | 51/79 [00:01<00:00, 35.57it/s]
 70%|██████▉   | 55/79 [00:01<00:00, 36.57it/s]
 75%|███████▍  | 59/79 [00:02<00:00, 37.25it/s]
 80%|███████▉  | 63/79 [00:02<00:00, 37.37it/s]
 85%|████████▍ | 67/79 [00:02<00:00, 37.45it/s]
 90%|████████▉ | 71/79 [00:02<00:00, 37.99it/s]
 95%|█████████▍| 75/79 [00:02<00:00, 38.41it/s]
100%|██████████| 79/79 [00:02<00:00, 30.52it/s]

CommRound: 23/30
Accuracy: 89.72% | Loss: 0.4410
[##############################################--------------] 76.7%
Elapsed: 5.8m | Avg/Round: 15.0s | Last: 14.5s | Next: 15.0s | Remaining: 1.8m
ETA: 05:54:07
Recent round times: R1: 14.4s -> R2: 14.7s -> R3: 15.0s -> R4: 14.8s -> R5: 14.5s

  0%|          | 0/79 [00:00<?, ?it/s]
  1%|▏         | 1/79 [00:00<00:17,  4.43it/s]
  6%|▋         | 5/79 [00:00<00:04, 15.31it/s]
 11%|█▏        | 9/79 [00:00<00:03, 21.15it/s]
 16%|█▋        | 13/79 [00:00<00:02, 24.56it/s]
 22%|██▏       | 17/79 [00:00<00:02, 26.66it/s]
 25%|██▌       | 20/79 [00:00<00:02, 23.90it/s]
 29%|██▉       | 23/79 [00:01<00:02, 24.78it/s]
 33%|███▎      | 26/79 [00:01<00:02, 24.61it/s]
 38%|███▊      | 30/79 [00:01<00:01, 25.86it/s]
 42%|████▏     | 33/79 [00:01<00:01, 24.10it/s]
 46%|████▌     | 36/79 [00:01<00:02, 21.17it/s]
 51%|█████     | 40/79 [00:01<00:01, 23.58it/s]
 56%|█████▌    | 44/79 [00:01<00:01, 25.47it/s]
 61%|██████    | 48/79 [00:02<00:01, 26.83it/s]
 66%|██████▌   | 52/79 [00:02<00:01, 26.55it/s]
 71%|███████   | 56/79 [00:02<00:00, 27.98it/s]
 76%|███████▌  | 60/79 [00:02<00:00, 28.58it/s]
 81%|████████  | 64/79 [00:02<00:00, 29.07it/s]
 86%|████████▌ | 68/79 [00:02<00:00, 29.45it/s]
 90%|████████▉ | 71/79 [00:02<00:00, 27.40it/s]
 94%|█████████▎| 74/79 [00:03<00:00, 20.49it/s]
 99%|█████████▊| 78/79 [00:03<00:00, 23.04it/s]
100%|██████████| 79/79 [00:03<00:00, 24.25it/s]

CommRound: 24/30
Accuracy: 89.76% | Loss: 0.4420
[################################################------------] 80.0%
Elapsed: 6.0m | Avg/Round: 15.0s | Last: 15.2s | Next: 15.0s | Remaining: 1.5m
ETA: 05:54:07
Recent round times: R1: 14.7s -> R2: 15.0s -> R3: 14.8s -> R4: 14.5s -> R5: 15.2s

  0%|          | 0/79 [00:00<?, ?it/s]
  1%|▏         | 1/79 [00:00<00:20,  3.82it/s]
  6%|▋         | 5/79 [00:00<00:06, 11.68it/s]
  9%|▉         | 7/79 [00:00<00:05, 12.80it/s]
 11%|█▏        | 9/79 [00:00<00:05, 13.51it/s]
 14%|█▍        | 11/79 [00:00<00:04, 14.07it/s]
 19%|█▉        | 15/79 [00:01<00:03, 16.61it/s]
 22%|██▏       | 17/79 [00:01<00:03, 16.40it/s]
 24%|██▍       | 19/79 [00:01<00:03, 16.00it/s]
 27%|██▋       | 21/79 [00:01<00:03, 15.76it/s]
 30%|███       | 24/79 [00:01<00:03, 17.43it/s]
 34%|███▍      | 27/79 [00:01<00:02, 20.02it/s]
 39%|███▉      | 31/79 [00:01<00:02, 23.28it/s]
 43%|████▎     | 34/79 [00:01<00:01, 24.82it/s]
 47%|████▋     | 37/79 [00:02<00:01, 25.55it/s]
 52%|█████▏    | 41/79 [00:02<00:01, 26.00it/s]
 57%|█████▋    | 45/79 [00:02<00:01, 26.66it/s]
 61%|██████    | 48/79 [00:02<00:01, 25.56it/s]
 65%|██████▍   | 51/79 [00:02<00:01, 24.56it/s]
 70%|██████▉   | 55/79 [00:02<00:00, 25.75it/s]
 75%|███████▍  | 59/79 [00:02<00:00, 26.54it/s]
 80%|███████▉  | 63/79 [00:03<00:00, 27.80it/s]
 84%|████████▎ | 66/79 [00:03<00:00, 23.39it/s]
 89%|████████▊ | 70/79 [00:03<00:00, 25.10it/s]
 94%|█████████▎| 74/79 [00:03<00:00, 26.96it/s]
 97%|█████████▋| 77/79 [00:03<00:00, 25.47it/s]
100%|██████████| 79/79 [00:03<00:00, 21.52it/s]

CommRound: 25/30
Accuracy: 89.77% | Loss: 0.4431
[##################################################----------] 83.3%
Elapsed: 6.3m | Avg/Round: 15.1s | Last: 15.5s | Next: 15.1s | Remaining: 1.3m
ETA: 05:54:08
Recent round times: R1: 15.0s -> R2: 14.8s -> R3: 14.5s -> R4: 15.2s -> R5: 15.5s

  0%|          | 0/79 [00:00<?, ?it/s]
  1%|▏         | 1/79 [00:00<00:14,  5.40it/s]
  6%|▋         | 5/79 [00:00<00:03, 20.30it/s]
 11%|█▏        | 9/79 [00:00<00:02, 24.14it/s]
 16%|█▋        | 13/79 [00:00<00:02, 26.39it/s]
 22%|██▏       | 17/79 [00:00<00:02, 27.81it/s]
 27%|██▋       | 21/79 [00:00<00:02, 28.68it/s]
 32%|███▏      | 25/79 [00:00<00:01, 29.23it/s]
 37%|███▋      | 29/79 [00:01<00:01, 29.57it/s]
 42%|████▏     | 33/79 [00:01<00:01, 29.75it/s]
 47%|████▋     | 37/79 [00:01<00:01, 29.87it/s]
 52%|█████▏    | 41/79 [00:01<00:01, 29.90it/s]
 57%|█████▋    | 45/79 [00:01<00:01, 27.70it/s]
 61%|██████    | 48/79 [00:01<00:01, 25.50it/s]
 65%|██████▍   | 51/79 [00:01<00:01, 23.73it/s]
 68%|██████▊   | 54/79 [00:02<00:01, 22.27it/s]
 72%|███████▏  | 57/79 [00:02<00:01, 19.74it/s]
 76%|███████▌  | 60/79 [00:02<00:01, 18.91it/s]
 78%|███████▊  | 62/79 [00:02<00:00, 18.52it/s]
 81%|████████  | 64/79 [00:02<00:00, 17.84it/s]
 84%|████████▎ | 66/79 [00:02<00:00, 17.48it/s]
 86%|████████▌ | 68/79 [00:02<00:00, 16.87it/s]
 89%|████████▊ | 70/79 [00:03<00:00, 16.72it/s]
 91%|█████████ | 72/79 [00:03<00:00, 16.89it/s]
 94%|█████████▎| 74/79 [00:03<00:00, 16.21it/s]
 96%|█████████▌| 76/79 [00:03<00:00, 15.88it/s]
100%|██████████| 79/79 [00:03<00:00, 22.00it/s]

CommRound: 26/30
Accuracy: 89.78% | Loss: 0.4440
[####################################################--------] 86.7%
Elapsed: 6.5m | Avg/Round: 15.1s | Last: 15.4s | Next: 15.1s | Remaining: 1.0m
ETA: 05:54:08
Recent round times: R1: 14.8s -> R2: 14.5s -> R3: 15.2s -> R4: 15.5s -> R5: 15.4s

  0%|          | 0/79 [00:00<?, ?it/s]
  1%|▏         | 1/79 [00:00<00:16,  4.75it/s]
  5%|▌         | 4/79 [00:00<00:05, 14.02it/s]
 10%|█         | 8/79 [00:00<00:03, 20.89it/s]
 15%|█▌        | 12/79 [00:00<00:02, 24.39it/s]
 19%|█▉        | 15/79 [00:00<00:02, 25.30it/s]
 24%|██▍       | 19/79 [00:00<00:02, 27.09it/s]
 29%|██▉       | 23/79 [00:00<00:02, 27.96it/s]
 34%|███▍      | 27/79 [00:01<00:01, 28.50it/s]
 39%|███▉      | 31/79 [00:01<00:01, 26.63it/s]
 44%|████▍     | 35/79 [00:01<00:01, 25.92it/s]
 48%|████▊     | 38/79 [00:01<00:01, 25.16it/s]
 52%|█████▏    | 41/79 [00:01<00:01, 20.54it/s]
 56%|█████▌    | 44/79 [00:01<00:01, 20.97it/s]
 59%|█████▉    | 47/79 [00:02<00:01, 17.91it/s]
 62%|██████▏   | 49/79 [00:02<00:01, 17.16it/s]
 65%|██████▍   | 51/79 [00:02<00:01, 16.65it/s]
 67%|██████▋   | 53/79 [00:02<00:01, 17.28it/s]
 70%|██████▉   | 55/79 [00:02<00:01, 17.82it/s]
 72%|███████▏  | 57/79 [00:02<00:01, 17.93it/s]
 77%|███████▋  | 61/79 [00:02<00:00, 18.00it/s]
 80%|███████▉  | 63/79 [00:03<00:00, 16.40it/s]
 85%|████████▍ | 67/79 [00:03<00:00, 20.87it/s]
 90%|████████▉ | 71/79 [00:03<00:00, 23.42it/s]
 95%|█████████▍| 75/79 [00:03<00:00, 22.66it/s]
100%|██████████| 79/79 [00:03<00:00, 26.16it/s]
100%|██████████| 79/79 [00:03<00:00, 21.44it/s]

CommRound: 27/30
Accuracy: 89.81% | Loss: 0.4450
[######################################################------] 90.0%
Elapsed: 6.8m | Avg/Round: 15.1s | Last: 15.6s | Next: 15.1s | Remaining: 0.8m
ETA: 05:54:09
Recent round times: R1: 14.5s -> R2: 15.2s -> R3: 15.5s -> R4: 15.4s -> R5: 15.6s

  0%|          | 0/79 [00:00<?, ?it/s]
  1%|▏         | 1/79 [00:00<00:16,  4.66it/s]
  8%|▊         | 6/79 [00:00<00:03, 19.47it/s]
 11%|█▏        | 9/79 [00:00<00:03, 21.81it/s]
 15%|█▌        | 12/79 [00:00<00:03, 17.85it/s]
 19%|█▉        | 15/79 [00:01<00:04, 12.91it/s]
 22%|██▏       | 17/79 [00:01<00:04, 13.84it/s]
 24%|██▍       | 19/79 [00:01<00:04, 14.90it/s]
 27%|██▋       | 21/79 [00:01<00:03, 15.46it/s]
 32%|███▏      | 25/79 [00:01<00:03, 17.09it/s]
 34%|███▍      | 27/79 [00:01<00:03, 16.89it/s]
 38%|███▊      | 30/79 [00:01<00:02, 19.78it/s]
 42%|████▏     | 33/79 [00:01<00:02, 20.07it/s]
 47%|████▋     | 37/79 [00:02<00:01, 23.49it/s]
 52%|█████▏    | 41/79 [00:02<00:01, 25.67it/s]
 57%|█████▋    | 45/79 [00:02<00:01, 27.11it/s]
 62%|██████▏   | 49/79 [00:02<00:01, 25.95it/s]
 66%|██████▌   | 52/79 [00:02<00:01, 26.34it/s]
 70%|██████▉   | 55/79 [00:02<00:01, 23.04it/s]
 73%|███████▎  | 58/79 [00:02<00:00, 23.85it/s]
 77%|███████▋  | 61/79 [00:03<00:00, 19.42it/s]
 81%|████████  | 64/79 [00:03<00:00, 20.98it/s]
 85%|████████▍ | 67/79 [00:03<00:00, 18.46it/s]
 89%|████████▊ | 70/79 [00:03<00:00, 20.34it/s]
 92%|█████████▏| 73/79 [00:03<00:00, 18.61it/s]
 96%|█████████▌| 76/79 [00:03<00:00, 20.12it/s]
100%|██████████| 79/79 [00:03<00:00, 22.07it/s]
100%|██████████| 79/79 [00:04<00:00, 19.64it/s]

CommRound: 28/30
Accuracy: 89.84% | Loss: 0.4459
[########################################################----] 93.3%
Elapsed: 7.1m | Avg/Round: 15.1s | Last: 15.9s | Next: 15.1s | Remaining: 0.5m
ETA: 05:54:10
Recent round times: R1: 15.2s -> R2: 15.5s -> R3: 15.4s -> R4: 15.6s -> R5: 15.9s

  0%|          | 0/79 [00:00<?, ?it/s]
  1%|▏         | 1/79 [00:00<00:12,  6.24it/s]
  6%|▋         | 5/79 [00:00<00:03, 20.62it/s]
 10%|█         | 8/79 [00:00<00:03, 20.43it/s]
 14%|█▍        | 11/79 [00:00<00:04, 14.48it/s]
 18%|█▊        | 14/79 [00:00<00:04, 15.91it/s]
 20%|██        | 16/79 [00:00<00:03, 16.16it/s]
 23%|██▎       | 18/79 [00:01<00:03, 16.69it/s]
 25%|██▌       | 20/79 [00:01<00:03, 17.06it/s]
 28%|██▊       | 22/79 [00:01<00:03, 17.11it/s]
 30%|███       | 24/79 [00:01<00:03, 17.76it/s]
 33%|███▎      | 26/79 [00:01<00:03, 17.65it/s]
 35%|███▌      | 28/79 [00:01<00:02, 17.17it/s]
 38%|███▊      | 30/79 [00:01<00:03, 15.94it/s]
 43%|████▎     | 34/79 [00:01<00:02, 18.85it/s]
 46%|████▌     | 36/79 [00:02<00:02, 18.58it/s]
 49%|████▉     | 39/79 [00:02<00:01, 21.31it/s]
 53%|█████▎    | 42/79 [00:02<00:02, 18.36it/s]
 57%|█████▋    | 45/79 [00:02<00:01, 20.92it/s]
 61%|██████    | 48/79 [00:02<00:01, 17.74it/s]
 63%|██████▎   | 50/79 [00:02<00:01, 17.82it/s]
 66%|██████▌   | 52/79 [00:02<00:01, 17.53it/s]
 68%|██████▊   | 54/79 [00:03<00:01, 17.23it/s]
 71%|███████   | 56/79 [00:03<00:01, 17.02it/s]
 73%|███████▎  | 58/79 [00:03<00:01, 17.10it/s]
 76%|███████▌  | 60/79 [00:03<00:01, 17.18it/s]
 78%|███████▊  | 62/79 [00:03<00:00, 17.12it/s]
 81%|████████  | 64/79 [00:03<00:00, 17.20it/s]
 86%|████████▌ | 68/79 [00:03<00:00, 19.83it/s]
 90%|████████▉ | 71/79 [00:03<00:00, 22.05it/s]
 94%|█████████▎| 74/79 [00:04<00:00, 20.46it/s]
 97%|█████████▋| 77/79 [00:04<00:00, 20.84it/s]
100%|██████████| 79/79 [00:04<00:00, 18.21it/s]

CommRound: 29/30
Accuracy: 89.83% | Loss: 0.4468
[##########################################################--] 96.7%
Elapsed: 7.3m | Avg/Round: 15.2s | Last: 16.3s | Next: 15.2s | Remaining: 0.3m
ETA: 05:54:11
Recent round times: R1: 15.5s -> R2: 15.4s -> R3: 15.6s -> R4: 15.9s -> R5: 16.3s

  0%|          | 0/79 [00:00<?, ?it/s]
  1%|▏         | 1/79 [00:00<00:13,  5.76it/s]
  6%|▋         | 5/79 [00:00<00:03, 18.52it/s]
 10%|█         | 8/79 [00:00<00:06, 10.98it/s]
 14%|█▍        | 11/79 [00:00<00:04, 14.22it/s]
 16%|█▋        | 13/79 [00:00<00:04, 15.27it/s]
 22%|██▏       | 17/79 [00:01<00:03, 17.93it/s]
 25%|██▌       | 20/79 [00:01<00:02, 20.20it/s]
 29%|██▉       | 23/79 [00:01<00:02, 22.17it/s]
 34%|███▍      | 27/79 [00:01<00:02, 25.16it/s]
 39%|███▉      | 31/79 [00:01<00:01, 27.34it/s]
 44%|████▍     | 35/79 [00:01<00:01, 28.40it/s]
 49%|████▉     | 39/79 [00:01<00:01, 29.51it/s]
 54%|█████▍    | 43/79 [00:01<00:01, 29.94it/s]
 59%|█████▉    | 47/79 [00:02<00:01, 30.46it/s]
 65%|██████▍   | 51/79 [00:02<00:00, 30.93it/s]
 70%|██████▉   | 55/79 [00:02<00:00, 31.09it/s]
 75%|███████▍  | 59/79 [00:02<00:00, 31.19it/s]
 80%|███████▉  | 63/79 [00:02<00:00, 31.29it/s]
 85%|████████▍ | 67/79 [00:02<00:00, 31.66it/s]
 90%|████████▉ | 71/79 [00:02<00:00, 31.35it/s]
 95%|█████████▍| 75/79 [00:03<00:00, 27.70it/s]
100%|██████████| 79/79 [00:03<00:00, 25.18it/s]

CommRound: 30/30
Accuracy: 89.81% | Loss: 0.4477
[############################################################] 100.0%
Elapsed: 7.6m | Avg/Round: 15.2s | Last: 15.1s | Next: 15.2s | Remaining: 0.0m
ETA: 05:54:11
Recent round times: R1: 15.4s -> R2: 15.6s -> R3: 15.9s -> R4: 16.3s -> R5: 15.1s
Total time for experiment: 454.54805874824524 seconds
Device average training time per communication round [s]:
    rpi (sld-rpi-09.ece.utexas.edu): 6.62 seconds
    mc1 (sld-mc1-09.ece.utexas.edu): 10.92 seconds
