
  0%|          | 0/79 [00:00<?, ?it/s]
  1%|▏         | 1/79 [00:00<00:09,  8.26it/s]
  6%|▋         | 5/79 [00:00<00:03, 23.21it/s]
 10%|█         | 8/79 [00:00<00:02, 23.92it/s]
 14%|█▍        | 11/79 [00:00<00:02, 25.29it/s]
 18%|█▊        | 14/79 [00:00<00:03, 19.84it/s]
 22%|██▏       | 17/79 [00:00<00:02, 21.99it/s]
 25%|██▌       | 20/79 [00:00<00:02, 20.21it/s]
 30%|███       | 24/79 [00:01<00:02, 23.46it/s]
 34%|███▍      | 27/79 [00:01<00:02, 23.67it/s]
 38%|███▊      | 30/79 [00:01<00:01, 25.03it/s]
 42%|████▏     | 33/79 [00:01<00:01, 23.59it/s]
 47%|████▋     | 37/79 [00:01<00:01, 26.98it/s]
 51%|█████     | 40/79 [00:01<00:01, 25.38it/s]
 54%|█████▍    | 43/79 [00:01<00:01, 24.61it/s]
 58%|█████▊    | 46/79 [00:01<00:01, 25.50it/s]
 62%|██████▏   | 49/79 [00:02<00:01, 24.37it/s]
 67%|██████▋   | 53/79 [00:02<00:00, 26.12it/s]
 71%|███████   | 56/79 [00:02<00:00, 26.24it/s]
 76%|███████▌  | 60/79 [00:02<00:00, 28.30it/s]
 81%|████████  | 64/79 [00:02<00:00, 29.86it/s]
 86%|████████▌ | 68/79 [00:02<00:00, 32.46it/s]
 91%|█████████ | 72/79 [00:02<00:00, 33.76it/s]
 96%|█████████▌| 76/79 [00:02<00:00, 34.91it/s]
100%|██████████| 79/79 [00:02<00:00, 26.77it/s]
Initial Accuracy: 9.48%; Initial Loss: 2.3109

  0%|          | 0/79 [00:00<?, ?it/s]
  1%|▏         | 1/79 [00:00<00:13,  5.70it/s]
  8%|▊         | 6/79 [00:00<00:03, 21.32it/s]
 11%|█▏        | 9/79 [00:00<00:02, 23.72it/s]
 15%|█▌        | 12/79 [00:00<00:02, 22.90it/s]
 19%|█▉        | 15/79 [00:00<00:02, 23.26it/s]
 23%|██▎       | 18/79 [00:00<00:03, 18.47it/s]
 27%|██▋       | 21/79 [00:01<00:03, 19.03it/s]
 30%|███       | 24/79 [00:01<00:03, 14.20it/s]
 35%|███▌      | 28/79 [00:01<00:03, 15.69it/s]
 38%|███▊      | 30/79 [00:01<00:03, 15.29it/s]
 41%|████      | 32/79 [00:01<00:03, 15.54it/s]
 43%|████▎     | 34/79 [00:02<00:03, 14.93it/s]
 46%|████▌     | 36/79 [00:02<00:02, 14.59it/s]
 48%|████▊     | 38/79 [00:02<00:02, 15.42it/s]
 51%|█████     | 40/79 [00:02<00:02, 15.28it/s]
 53%|█████▎    | 42/79 [00:02<00:02, 14.63it/s]
 56%|█████▌    | 44/79 [00:02<00:02, 15.17it/s]
 58%|█████▊    | 46/79 [00:02<00:02, 14.18it/s]
 63%|██████▎   | 50/79 [00:02<00:01, 19.20it/s]
 70%|██████▉   | 55/79 [00:03<00:00, 24.88it/s]
 73%|███████▎  | 58/79 [00:03<00:00, 22.95it/s]
 77%|███████▋  | 61/79 [00:03<00:00, 19.35it/s]
 82%|████████▏ | 65/79 [00:03<00:00, 22.06it/s]
 87%|████████▋ | 69/79 [00:03<00:00, 24.21it/s]
 92%|█████████▏| 73/79 [00:03<00:00, 25.93it/s]
 97%|█████████▋| 77/79 [00:03<00:00, 29.04it/s]
100%|██████████| 79/79 [00:04<00:00, 19.65it/s]

CommRound: 1/30
Accuracy: 40.01% | Loss: 1.9582
[##----------------------------------------------------------] 3.3%
Elapsed: 0.2m | Avg/Round: 14.0s | Last: 11.0s | Next: 14.0s | Remaining: 6.8m
ETA: 19:03:50
Recent round times: R1: 11.0s

  0%|          | 0/79 [00:00<?, ?it/s]
  1%|▏         | 1/79 [00:00<00:10,  7.68it/s]
  8%|▊         | 6/79 [00:00<00:03, 24.10it/s]
 13%|█▎        | 10/79 [00:00<00:02, 27.85it/s]
 18%|█▊        | 14/79 [00:00<00:02, 30.36it/s]
 23%|██▎       | 18/79 [00:00<00:01, 32.03it/s]
 28%|██▊       | 22/79 [00:00<00:01, 28.59it/s]
 32%|███▏      | 25/79 [00:01<00:02, 21.42it/s]
 39%|███▉      | 31/79 [00:01<00:01, 26.27it/s]
 44%|████▍     | 35/79 [00:01<00:01, 28.38it/s]
 49%|████▉     | 39/79 [00:01<00:01, 25.52it/s]
 56%|█████▌    | 44/79 [00:01<00:01, 29.76it/s]
 61%|██████    | 48/79 [00:01<00:01, 30.83it/s]
 66%|██████▌   | 52/79 [00:01<00:00, 31.75it/s]
 71%|███████   | 56/79 [00:01<00:00, 32.52it/s]
 76%|███████▌  | 60/79 [00:02<00:00, 32.93it/s]
 81%|████████  | 64/79 [00:02<00:00, 33.24it/s]
 86%|████████▌ | 68/79 [00:02<00:00, 33.58it/s]
 91%|█████████ | 72/79 [00:02<00:00, 33.58it/s]
 96%|█████████▌| 76/79 [00:02<00:00, 34.09it/s]
100%|██████████| 79/79 [00:02<00:00, 30.15it/s]

CommRound: 2/30
Accuracy: 57.77% | Loss: 1.3201
[####--------------------------------------------------------] 6.7%
Elapsed: 0.4m | Avg/Round: 11.8s | Last: 9.6s | Next: 11.8s | Remaining: 5.5m
ETA: 19:02:45
Recent round times: R1: 11.0s -> R2: 9.6s

  0%|          | 0/79 [00:00<?, ?it/s]
  1%|▏         | 1/79 [00:00<00:11,  6.80it/s]
  6%|▋         | 5/79 [00:00<00:04, 17.65it/s]
  9%|▉         | 7/79 [00:00<00:04, 17.30it/s]
 13%|█▎        | 10/79 [00:00<00:03, 19.77it/s]
 16%|█▋        | 13/79 [00:00<00:03, 21.46it/s]
 22%|██▏       | 17/79 [00:00<00:02, 24.39it/s]
 27%|██▋       | 21/79 [00:00<00:02, 27.38it/s]
 32%|███▏      | 25/79 [00:01<00:01, 29.39it/s]
 35%|███▌      | 28/79 [00:01<00:01, 28.07it/s]
 39%|███▉      | 31/79 [00:01<00:02, 20.83it/s]
 43%|████▎     | 34/79 [00:01<00:02, 20.34it/s]
 47%|████▋     | 37/79 [00:01<00:02, 18.31it/s]
 49%|████▉     | 39/79 [00:01<00:02, 17.56it/s]
 52%|█████▏    | 41/79 [00:02<00:02, 17.55it/s]
 57%|█████▋    | 45/79 [00:02<00:01, 18.79it/s]
 62%|██████▏   | 49/79 [00:02<00:01, 20.73it/s]
 66%|██████▌   | 52/79 [00:02<00:01, 21.48it/s]
 70%|██████▉   | 55/79 [00:02<00:01, 22.20it/s]
 73%|███████▎  | 58/79 [00:02<00:01, 18.51it/s]
 76%|███████▌  | 60/79 [00:03<00:01, 14.51it/s]
 84%|████████▎ | 66/79 [00:03<00:00, 22.53it/s]
 89%|████████▊ | 70/79 [00:03<00:00, 23.10it/s]
 92%|█████████▏| 73/79 [00:03<00:00, 21.42it/s]
100%|██████████| 79/79 [00:03<00:00, 21.80it/s]

CommRound: 3/30
Accuracy: 63.01% | Loss: 1.1400
[######------------------------------------------------------] 10.0%
Elapsed: 0.6m | Avg/Round: 11.4s | Last: 10.7s | Next: 11.4s | Remaining: 5.1m
ETA: 19:02:34
Recent round times: R1: 11.0s -> R2: 9.6s -> R3: 10.7s

  0%|          | 0/79 [00:00<?, ?it/s]
  1%|▏         | 1/79 [00:00<00:17,  4.57it/s]
  4%|▍         | 3/79 [00:00<00:07,  9.93it/s]
 11%|█▏        | 9/79 [00:00<00:03, 19.34it/s]
 14%|█▍        | 11/79 [00:00<00:03, 18.34it/s]
 18%|█▊        | 14/79 [00:00<00:03, 20.95it/s]
 22%|██▏       | 17/79 [00:00<00:02, 21.11it/s]
 25%|██▌       | 20/79 [00:01<00:02, 20.24it/s]
 33%|███▎      | 26/79 [00:01<00:01, 28.36it/s]
 37%|███▋      | 29/79 [00:01<00:02, 23.93it/s]
 41%|████      | 32/79 [00:01<00:02, 19.25it/s]
 44%|████▍     | 35/79 [00:01<00:02, 19.52it/s]
 48%|████▊     | 38/79 [00:01<00:02, 17.65it/s]
 56%|█████▌    | 44/79 [00:02<00:01, 21.92it/s]
 61%|██████    | 48/79 [00:02<00:01, 22.08it/s]
 66%|██████▌   | 52/79 [00:02<00:01, 24.03it/s]
 71%|███████   | 56/79 [00:02<00:00, 26.91it/s]
 75%|███████▍  | 59/79 [00:02<00:00, 26.73it/s]
 78%|███████▊  | 62/79 [00:02<00:00, 24.62it/s]
 82%|████████▏ | 65/79 [00:02<00:00, 24.69it/s]
 87%|████████▋ | 69/79 [00:03<00:00, 27.13it/s]
 91%|█████████ | 72/79 [00:03<00:00, 18.39it/s]
 95%|█████████▍| 75/79 [00:03<00:00, 15.77it/s]
100%|██████████| 79/79 [00:03<00:00, 21.26it/s]

CommRound: 4/30
Accuracy: 68.93% | Loss: 0.9624
[########----------------------------------------------------] 13.3%
Elapsed: 0.7m | Avg/Round: 11.2s | Last: 10.7s | Next: 11.2s | Remaining: 4.9m
ETA: 19:02:28
Recent round times: R1: 11.0s -> R2: 9.6s -> R3: 10.7s -> R4: 10.7s

  0%|          | 0/79 [00:00<?, ?it/s]
  1%|▏         | 1/79 [00:00<00:17,  4.48it/s]
  6%|▋         | 5/79 [00:00<00:05, 14.30it/s]
  9%|▉         | 7/79 [00:00<00:06, 10.87it/s]
 11%|█▏        | 9/79 [00:00<00:07,  9.60it/s]
 16%|█▋        | 13/79 [00:01<00:04, 15.45it/s]
 22%|██▏       | 17/79 [00:01<00:03, 20.39it/s]
 27%|██▋       | 21/79 [00:01<00:02, 24.39it/s]
 32%|███▏      | 25/79 [00:01<00:01, 27.85it/s]
 37%|███▋      | 29/79 [00:01<00:01, 30.43it/s]
 42%|████▏     | 33/79 [00:01<00:01, 32.57it/s]
 47%|████▋     | 37/79 [00:01<00:01, 34.04it/s]
 52%|█████▏    | 41/79 [00:01<00:01, 35.22it/s]
 57%|█████▋    | 45/79 [00:01<00:00, 35.79it/s]
 62%|██████▏   | 49/79 [00:01<00:00, 36.56it/s]
 67%|██████▋   | 53/79 [00:02<00:00, 37.07it/s]
 72%|███████▏  | 57/79 [00:02<00:00, 37.43it/s]
 78%|███████▊  | 62/79 [00:02<00:00, 40.98it/s]
 85%|████████▍ | 67/79 [00:02<00:00, 38.26it/s]
 91%|█████████ | 72/79 [00:02<00:00, 41.19it/s]
 97%|█████████▋| 77/79 [00:02<00:00, 38.46it/s]
100%|██████████| 79/79 [00:02<00:00, 29.33it/s]

CommRound: 5/30
Accuracy: 76.45% | Loss: 0.7530
[##########--------------------------------------------------] 16.7%
Elapsed: 0.9m | Avg/Round: 10.9s | Last: 9.7s | Next: 10.9s | Remaining: 4.6m
ETA: 19:02:19
Recent round times: R1: 11.0s -> R2: 9.6s -> R3: 10.7s -> R4: 10.7s -> R5: 9.7s

  0%|          | 0/79 [00:00<?, ?it/s]
  1%|▏         | 1/79 [00:00<00:08,  9.37it/s]
  6%|▋         | 5/79 [00:00<00:02, 26.62it/s]
 11%|█▏        | 9/79 [00:00<00:02, 32.10it/s]
 16%|█▋        | 13/79 [00:00<00:01, 34.44it/s]
 22%|██▏       | 17/79 [00:00<00:01, 34.38it/s]
 27%|██▋       | 21/79 [00:00<00:01, 34.24it/s]
 32%|███▏      | 25/79 [00:00<00:01, 33.97it/s]
 37%|███▋      | 29/79 [00:00<00:01, 34.06it/s]
 42%|████▏     | 33/79 [00:01<00:01, 33.86it/s]
 47%|████▋     | 37/79 [00:01<00:01, 33.62it/s]
 52%|█████▏    | 41/79 [00:01<00:01, 33.63it/s]
 57%|█████▋    | 45/79 [00:01<00:01, 33.71it/s]
 62%|██████▏   | 49/79 [00:01<00:00, 34.61it/s]
 67%|██████▋   | 53/79 [00:01<00:00, 34.52it/s]
 73%|███████▎  | 58/79 [00:01<00:00, 33.95it/s]
 78%|███████▊  | 62/79 [00:01<00:00, 34.84it/s]
 84%|████████▎ | 66/79 [00:01<00:00, 35.60it/s]
 89%|████████▊ | 70/79 [00:02<00:00, 35.73it/s]
 94%|█████████▎| 74/79 [00:02<00:00, 35.21it/s]
 99%|█████████▊| 78/79 [00:02<00:00, 34.92it/s]
100%|██████████| 79/79 [00:02<00:00, 34.09it/s]

CommRound: 6/30
Accuracy: 82.37% | Loss: 0.5611
[############------------------------------------------------] 20.0%
Elapsed: 1.1m | Avg/Round: 10.6s | Last: 9.2s | Next: 10.6s | Remaining: 4.3m
ETA: 19:02:10
Recent round times: R1: 9.6s -> R2: 10.7s -> R3: 10.7s -> R4: 9.7s -> R5: 9.2s

  0%|          | 0/79 [00:00<?, ?it/s]
  1%|▏         | 1/79 [00:00<00:08,  8.93it/s]
  6%|▋         | 5/79 [00:00<00:02, 25.61it/s]
 11%|█▏        | 9/79 [00:00<00:02, 29.21it/s]
 16%|█▋        | 13/79 [00:00<00:02, 30.99it/s]
 22%|██▏       | 17/79 [00:00<00:01, 31.67it/s]
 27%|██▋       | 21/79 [00:00<00:01, 32.49it/s]
 32%|███▏      | 25/79 [00:00<00:01, 33.01it/s]
 37%|███▋      | 29/79 [00:00<00:01, 33.38it/s]
 42%|████▏     | 33/79 [00:01<00:01, 33.54it/s]
 47%|████▋     | 37/79 [00:01<00:01, 33.31it/s]
 52%|█████▏    | 41/79 [00:01<00:01, 33.49it/s]
 57%|█████▋    | 45/79 [00:01<00:00, 34.44it/s]
 62%|██████▏   | 49/79 [00:01<00:00, 35.51it/s]
 67%|██████▋   | 53/79 [00:01<00:00, 36.17it/s]
 72%|███████▏  | 57/79 [00:01<00:00, 36.39it/s]
 77%|███████▋  | 61/79 [00:01<00:00, 36.36it/s]
 82%|████████▏ | 65/79 [00:01<00:00, 36.22it/s]
 87%|████████▋ | 69/79 [00:02<00:00, 36.77it/s]
 92%|█████████▏| 73/79 [00:02<00:00, 36.65it/s]
 97%|█████████▋| 77/79 [00:02<00:00, 36.46it/s]
100%|██████████| 79/79 [00:02<00:00, 34.57it/s]

CommRound: 7/30
Accuracy: 82.77% | Loss: 0.5594
[##############----------------------------------------------] 23.3%
Elapsed: 1.2m | Avg/Round: 10.4s | Last: 9.2s | Next: 10.4s | Remaining: 4.0m
ETA: 19:02:04
Recent round times: R1: 10.7s -> R2: 10.7s -> R3: 9.7s -> R4: 9.2s -> R5: 9.2s

  0%|          | 0/79 [00:00<?, ?it/s]
  1%|▏         | 1/79 [00:00<00:08,  9.47it/s]
  8%|▊         | 6/79 [00:00<00:02, 27.36it/s]
 13%|█▎        | 10/79 [00:00<00:02, 31.02it/s]
 18%|█▊        | 14/79 [00:00<00:01, 32.99it/s]
 23%|██▎       | 18/79 [00:00<00:01, 34.53it/s]
 28%|██▊       | 22/79 [00:00<00:01, 35.72it/s]
 33%|███▎      | 26/79 [00:00<00:01, 36.82it/s]
 38%|███▊      | 30/79 [00:00<00:01, 37.36it/s]
 43%|████▎     | 34/79 [00:00<00:01, 37.08it/s]
 48%|████▊     | 38/79 [00:01<00:01, 36.95it/s]
 53%|█████▎    | 42/79 [00:01<00:01, 36.91it/s]
 58%|█████▊    | 46/79 [00:01<00:00, 37.10it/s]
 63%|██████▎   | 50/79 [00:01<00:00, 36.77it/s]
 68%|██████▊   | 54/79 [00:01<00:00, 36.75it/s]
 73%|███████▎  | 58/79 [00:01<00:00, 37.14it/s]
 78%|███████▊  | 62/79 [00:01<00:00, 37.23it/s]
 84%|████████▎ | 66/79 [00:01<00:00, 37.19it/s]
 89%|████████▊ | 70/79 [00:01<00:00, 37.60it/s]
 94%|█████████▎| 74/79 [00:02<00:00, 37.90it/s]
 99%|█████████▊| 78/79 [00:02<00:00, 37.99it/s]
100%|██████████| 79/79 [00:02<00:00, 36.24it/s]

CommRound: 8/30
Accuracy: 82.69% | Loss: 0.5744
[################--------------------------------------------] 26.7%
Elapsed: 1.4m | Avg/Round: 10.3s | Last: 9.7s | Next: 10.3s | Remaining: 3.8m
ETA: 19:02:01
Recent round times: R1: 10.7s -> R2: 9.7s -> R3: 9.2s -> R4: 9.2s -> R5: 9.7s

  0%|          | 0/79 [00:00<?, ?it/s]
  1%|▏         | 1/79 [00:00<00:07,  9.89it/s]
  9%|▉         | 7/79 [00:00<00:02, 31.15it/s]
 14%|█▍        | 11/79 [00:00<00:01, 34.12it/s]
 19%|█▉        | 15/79 [00:00<00:01, 35.58it/s]
 24%|██▍       | 19/79 [00:00<00:01, 36.76it/s]
 29%|██▉       | 23/79 [00:00<00:01, 37.65it/s]
 34%|███▍      | 27/79 [00:00<00:01, 37.49it/s]
 39%|███▉      | 31/79 [00:00<00:01, 37.34it/s]
 44%|████▍     | 35/79 [00:00<00:01, 37.56it/s]
 49%|████▉     | 39/79 [00:01<00:01, 37.73it/s]
 54%|█████▍    | 43/79 [00:01<00:00, 38.06it/s]
 59%|█████▉    | 47/79 [00:01<00:00, 37.90it/s]
 65%|██████▍   | 51/79 [00:01<00:00, 37.83it/s]
 70%|██████▉   | 55/79 [00:01<00:00, 37.84it/s]
 75%|███████▍  | 59/79 [00:01<00:00, 37.73it/s]
 80%|███████▉  | 63/79 [00:01<00:00, 37.64it/s]
 85%|████████▍ | 67/79 [00:01<00:00, 37.58it/s]
 90%|████████▉ | 71/79 [00:01<00:00, 37.65it/s]
 95%|█████████▍| 75/79 [00:02<00:00, 37.67it/s]
100%|██████████| 79/79 [00:02<00:00, 36.70it/s]

CommRound: 9/30
Accuracy: 81.13% | Loss: 0.6603
[##################------------------------------------------] 30.0%
Elapsed: 1.5m | Avg/Round: 10.2s | Last: 9.1s | Next: 10.2s | Remaining: 3.6m
ETA: 19:01:57
Recent round times: R1: 9.7s -> R2: 9.2s -> R3: 9.2s -> R4: 9.7s -> R5: 9.1s

  0%|          | 0/79 [00:00<?, ?it/s]
  3%|▎         | 2/79 [00:00<00:03, 19.77it/s]
  9%|▉         | 7/79 [00:00<00:02, 31.61it/s]
 14%|█▍        | 11/79 [00:00<00:01, 34.38it/s]
 19%|█▉        | 15/79 [00:00<00:01, 35.97it/s]
 24%|██▍       | 19/79 [00:00<00:01, 37.04it/s]
 29%|██▉       | 23/79 [00:00<00:01, 37.57it/s]
 34%|███▍      | 27/79 [00:00<00:01, 37.99it/s]
 39%|███▉      | 31/79 [00:00<00:01, 38.43it/s]
 44%|████▍     | 35/79 [00:00<00:01, 38.62it/s]
 51%|█████     | 40/79 [00:01<00:00, 41.88it/s]
 57%|█████▋    | 45/79 [00:01<00:00, 37.27it/s]
 62%|██████▏   | 49/79 [00:01<00:00, 37.61it/s]
 67%|██████▋   | 53/79 [00:01<00:00, 37.63it/s]
 72%|███████▏  | 57/79 [00:01<00:00, 37.52it/s]
 77%|███████▋  | 61/79 [00:01<00:00, 37.62it/s]
 82%|████████▏ | 65/79 [00:01<00:00, 37.64it/s]
 87%|████████▋ | 69/79 [00:01<00:00, 37.72it/s]
 92%|█████████▏| 73/79 [00:01<00:00, 37.81it/s]
 97%|█████████▋| 77/79 [00:02<00:00, 37.40it/s]
100%|██████████| 79/79 [00:02<00:00, 36.99it/s]

CommRound: 10/30
Accuracy: 80.73% | Loss: 0.6715
[####################----------------------------------------] 33.3%
Elapsed: 1.7m | Avg/Round: 10.1s | Last: 9.0s | Next: 10.1s | Remaining: 3.4m
ETA: 19:01:53
Recent round times: R1: 9.2s -> R2: 9.2s -> R3: 9.7s -> R4: 9.1s -> R5: 9.0s

  0%|          | 0/79 [00:00<?, ?it/s]
  1%|▏         | 1/79 [00:00<00:07,  9.76it/s]
  6%|▋         | 5/79 [00:00<00:02, 25.60it/s]
 11%|█▏        | 9/79 [00:00<00:02, 31.12it/s]
 16%|█▋        | 13/79 [00:00<00:01, 33.45it/s]
 22%|██▏       | 17/79 [00:00<00:01, 34.91it/s]
 27%|██▋       | 21/79 [00:00<00:01, 35.96it/s]
 32%|███▏      | 25/79 [00:00<00:01, 36.58it/s]
 37%|███▋      | 29/79 [00:00<00:01, 37.02it/s]
 42%|████▏     | 33/79 [00:00<00:01, 37.30it/s]
 47%|████▋     | 37/79 [00:01<00:01, 37.46it/s]
 52%|█████▏    | 41/79 [00:01<00:01, 37.83it/s]
 57%|█████▋    | 45/79 [00:01<00:00, 37.66it/s]
 63%|██████▎   | 50/79 [00:01<00:00, 41.02it/s]
 70%|██████▉   | 55/79 [00:01<00:00, 37.63it/s]
 75%|███████▍  | 59/79 [00:01<00:00, 37.64it/s]
 80%|███████▉  | 63/79 [00:01<00:00, 37.57it/s]
 85%|████████▍ | 67/79 [00:01<00:00, 37.31it/s]
 90%|████████▉ | 71/79 [00:01<00:00, 37.23it/s]
 95%|█████████▍| 75/79 [00:02<00:00, 36.51it/s]
100%|██████████| 79/79 [00:02<00:00, 36.69it/s]

CommRound: 11/30
Accuracy: 82.25% | Loss: 0.6123
[######################--------------------------------------] 36.7%
Elapsed: 1.8m | Avg/Round: 10.0s | Last: 9.4s | Next: 10.0s | Remaining: 3.2m
ETA: 19:01:51
Recent round times: R1: 9.2s -> R2: 9.7s -> R3: 9.1s -> R4: 9.0s -> R5: 9.4s

  0%|          | 0/79 [00:00<?, ?it/s]
  1%|▏         | 1/79 [00:00<00:08,  9.73it/s]
  8%|▊         | 6/79 [00:00<00:02, 25.28it/s]
 13%|█▎        | 10/79 [00:00<00:02, 27.91it/s]
 18%|█▊        | 14/79 [00:00<00:02, 29.12it/s]
 23%|██▎       | 18/79 [00:00<00:02, 30.25it/s]
 28%|██▊       | 22/79 [00:00<00:01, 30.84it/s]
 33%|███▎      | 26/79 [00:00<00:01, 31.13it/s]
 38%|███▊      | 30/79 [00:01<00:01, 31.13it/s]
 43%|████▎     | 34/79 [00:01<00:01, 31.18it/s]
 48%|████▊     | 38/79 [00:01<00:01, 31.08it/s]
 53%|█████▎    | 42/79 [00:01<00:01, 31.06it/s]
 58%|█████▊    | 46/79 [00:01<00:01, 31.09it/s]
 63%|██████▎   | 50/79 [00:01<00:00, 31.11it/s]
 68%|██████▊   | 54/79 [00:01<00:00, 31.46it/s]
 73%|███████▎  | 58/79 [00:01<00:00, 31.20it/s]
 78%|███████▊  | 62/79 [00:02<00:00, 31.00it/s]
 84%|████████▎ | 66/79 [00:02<00:00, 31.47it/s]
 89%|████████▊ | 70/79 [00:02<00:00, 32.87it/s]
 94%|█████████▎| 74/79 [00:02<00:00, 34.25it/s]
 99%|█████████▊| 78/79 [00:02<00:00, 35.02it/s]
100%|██████████| 79/79 [00:02<00:00, 31.39it/s]

CommRound: 12/30
Accuracy: 84.04% | Loss: 0.5604
[########################------------------------------------] 40.0%
Elapsed: 2.0m | Avg/Round: 10.0s | Last: 9.5s | Next: 10.0s | Remaining: 3.0m
ETA: 19:01:50
Recent round times: R1: 9.7s -> R2: 9.1s -> R3: 9.0s -> R4: 9.4s -> R5: 9.5s

  0%|          | 0/79 [00:00<?, ?it/s]
  1%|▏         | 1/79 [00:00<00:08,  8.91it/s]
  6%|▋         | 5/79 [00:00<00:02, 25.21it/s]
 11%|█▏        | 9/79 [00:00<00:02, 29.13it/s]
 16%|█▋        | 13/79 [00:00<00:02, 31.04it/s]
 22%|██▏       | 17/79 [00:00<00:02, 30.17it/s]
 27%|██▋       | 21/79 [00:00<00:01, 29.84it/s]
 32%|███▏      | 25/79 [00:00<00:01, 32.00it/s]
 37%|███▋      | 29/79 [00:00<00:01, 33.41it/s]
 42%|████▏     | 33/79 [00:01<00:01, 35.20it/s]
 47%|████▋     | 37/79 [00:01<00:01, 35.94it/s]
 52%|█████▏    | 41/79 [00:01<00:01, 36.84it/s]
 57%|█████▋    | 45/79 [00:01<00:00, 37.27it/s]
 62%|██████▏   | 49/79 [00:01<00:00, 37.61it/s]
 67%|██████▋   | 53/79 [00:01<00:00, 37.90it/s]
 72%|███████▏  | 57/79 [00:01<00:00, 38.20it/s]
 77%|███████▋  | 61/79 [00:01<00:00, 38.40it/s]
 82%|████████▏ | 65/79 [00:01<00:00, 38.53it/s]
 87%|████████▋ | 69/79 [00:01<00:00, 38.32it/s]
 92%|█████████▏| 73/79 [00:02<00:00, 37.22it/s]
 97%|█████████▋| 77/79 [00:02<00:00, 37.15it/s]
100%|██████████| 79/79 [00:02<00:00, 35.40it/s]

CommRound: 13/30
Accuracy: 85.66% | Loss: 0.5035
[##########################----------------------------------] 43.3%
Elapsed: 2.2m | Avg/Round: 9.9s | Last: 9.2s | Next: 9.9s | Remaining: 2.8m
ETA: 19:01:48
Recent round times: R1: 9.1s -> R2: 9.0s -> R3: 9.4s -> R4: 9.5s -> R5: 9.2s

  0%|          | 0/79 [00:00<?, ?it/s]
  3%|▎         | 2/79 [00:00<00:04, 18.79it/s]
  9%|▉         | 7/79 [00:00<00:02, 31.08it/s]
 16%|█▋        | 13/79 [00:00<00:01, 35.99it/s]
 23%|██▎       | 18/79 [00:00<00:01, 40.38it/s]
 29%|██▉       | 23/79 [00:00<00:01, 36.60it/s]
 35%|███▌      | 28/79 [00:00<00:01, 40.21it/s]
 42%|████▏     | 33/79 [00:00<00:01, 37.03it/s]
 47%|████▋     | 37/79 [00:01<00:01, 37.13it/s]
 52%|█████▏    | 41/79 [00:01<00:01, 37.16it/s]
 57%|█████▋    | 45/79 [00:01<00:00, 37.12it/s]
 62%|██████▏   | 49/79 [00:01<00:00, 37.02it/s]
 67%|██████▋   | 53/79 [00:01<00:00, 36.86it/s]
 72%|███████▏  | 57/79 [00:01<00:00, 36.84it/s]
 77%|███████▋  | 61/79 [00:01<00:00, 36.88it/s]
 82%|████████▏ | 65/79 [00:01<00:00, 36.91it/s]
 87%|████████▋ | 69/79 [00:01<00:00, 36.93it/s]
 92%|█████████▏| 73/79 [00:01<00:00, 36.94it/s]
 97%|█████████▋| 77/79 [00:02<00:00, 36.25it/s]
100%|██████████| 79/79 [00:02<00:00, 37.21it/s]

CommRound: 14/30
Accuracy: 86.10% | Loss: 0.4816
[############################--------------------------------] 46.7%
Elapsed: 2.3m | Avg/Round: 9.9s | Last: 9.0s | Next: 9.9s | Remaining: 2.6m
ETA: 19:01:47
Recent round times: R1: 9.0s -> R2: 9.4s -> R3: 9.5s -> R4: 9.2s -> R5: 9.0s

  0%|          | 0/79 [00:00<?, ?it/s]
  1%|▏         | 1/79 [00:00<00:13,  5.72it/s]
  9%|▉         | 7/79 [00:00<00:02, 28.15it/s]
 14%|█▍        | 11/79 [00:00<00:02, 31.05it/s]
 19%|█▉        | 15/79 [00:00<00:02, 29.31it/s]
 24%|██▍       | 19/79 [00:00<00:01, 31.30it/s]
 29%|██▉       | 23/79 [00:00<00:01, 32.22it/s]
 34%|███▍      | 27/79 [00:00<00:01, 31.96it/s]
 39%|███▉      | 31/79 [00:01<00:01, 31.94it/s]
 44%|████▍     | 35/79 [00:01<00:01, 32.44it/s]
 49%|████▉     | 39/79 [00:01<00:01, 33.07it/s]
 54%|█████▍    | 43/79 [00:01<00:01, 33.95it/s]
 59%|█████▉    | 47/79 [00:01<00:00, 34.17it/s]
 65%|██████▍   | 51/79 [00:01<00:00, 33.58it/s]
 70%|██████▉   | 55/79 [00:01<00:00, 29.39it/s]
 75%|███████▍  | 59/79 [00:01<00:00, 30.98it/s]
 80%|███████▉  | 63/79 [00:02<00:00, 28.40it/s]
 86%|████████▌ | 68/79 [00:02<00:00, 31.51it/s]
 91%|█████████ | 72/79 [00:02<00:00, 32.28it/s]
 96%|█████████▌| 76/79 [00:02<00:00, 33.06it/s]
100%|██████████| 79/79 [00:02<00:00, 31.56it/s]

CommRound: 15/30
Accuracy: 86.32% | Loss: 0.4737
[##############################------------------------------] 50.0%
Elapsed: 2.5m | Avg/Round: 9.8s | Last: 9.5s | Next: 9.8s | Remaining: 2.5m
ETA: 19:01:46
Recent round times: R1: 9.4s -> R2: 9.5s -> R3: 9.2s -> R4: 9.0s -> R5: 9.5s

  0%|          | 0/79 [00:00<?, ?it/s]
  1%|▏         | 1/79 [00:00<00:12,  6.31it/s]
  4%|▍         | 3/79 [00:00<00:06, 11.51it/s]
 10%|█         | 8/79 [00:00<00:02, 26.07it/s]
 14%|█▍        | 11/79 [00:00<00:03, 20.83it/s]
 18%|█▊        | 14/79 [00:00<00:02, 23.27it/s]
 22%|██▏       | 17/79 [00:00<00:02, 21.21it/s]
 27%|██▋       | 21/79 [00:00<00:02, 23.99it/s]
 30%|███       | 24/79 [00:01<00:02, 22.45it/s]
 37%|███▋      | 29/79 [00:01<00:01, 28.30it/s]
 42%|████▏     | 33/79 [00:01<00:01, 29.29it/s]
 47%|████▋     | 37/79 [00:01<00:01, 30.37it/s]
 52%|█████▏    | 41/79 [00:01<00:01, 31.11it/s]
 57%|█████▋    | 45/79 [00:01<00:01, 31.80it/s]
 62%|██████▏   | 49/79 [00:01<00:00, 32.40it/s]
 67%|██████▋   | 53/79 [00:01<00:00, 32.59it/s]
 72%|███████▏  | 57/79 [00:02<00:00, 31.20it/s]
 77%|███████▋  | 61/79 [00:02<00:00, 31.73it/s]
 82%|████████▏ | 65/79 [00:02<00:00, 30.86it/s]
 87%|████████▋ | 69/79 [00:02<00:00, 27.13it/s]
 92%|█████████▏| 73/79 [00:02<00:00, 26.24it/s]
100%|██████████| 79/79 [00:02<00:00, 27.87it/s]

CommRound: 16/30
Accuracy: 86.18% | Loss: 0.4765
[################################----------------------------] 53.3%
Elapsed: 2.6m | Avg/Round: 9.8s | Last: 9.9s | Next: 9.8s | Remaining: 2.3m
ETA: 19:01:46
Recent round times: R1: 9.5s -> R2: 9.2s -> R3: 9.0s -> R4: 9.5s -> R5: 9.9s

  0%|          | 0/79 [00:00<?, ?it/s]
  1%|▏         | 1/79 [00:00<00:08,  9.01it/s]
  6%|▋         | 5/79 [00:00<00:04, 16.64it/s]
  9%|▉         | 7/79 [00:00<00:04, 17.75it/s]
 11%|█▏        | 9/79 [00:00<00:03, 17.76it/s]
 14%|█▍        | 11/79 [00:00<00:03, 17.85it/s]
 19%|█▉        | 15/79 [00:00<00:02, 23.79it/s]
 24%|██▍       | 19/79 [00:00<00:02, 27.83it/s]
 29%|██▉       | 23/79 [00:00<00:01, 30.30it/s]
 34%|███▍      | 27/79 [00:01<00:01, 31.68it/s]
 39%|███▉      | 31/79 [00:01<00:01, 30.42it/s]
 44%|████▍     | 35/79 [00:01<00:01, 30.87it/s]
 49%|████▉     | 39/79 [00:01<00:01, 32.02it/s]
 54%|█████▍    | 43/79 [00:01<00:01, 33.11it/s]
 59%|█████▉    | 47/79 [00:01<00:00, 33.78it/s]
 65%|██████▍   | 51/79 [00:01<00:00, 34.03it/s]
 70%|██████▉   | 55/79 [00:01<00:00, 34.38it/s]
 75%|███████▍  | 59/79 [00:02<00:00, 34.68it/s]
 80%|███████▉  | 63/79 [00:02<00:00, 34.61it/s]
 85%|████████▍ | 67/79 [00:02<00:00, 34.38it/s]
 90%|████████▉ | 71/79 [00:02<00:00, 33.98it/s]
 95%|█████████▍| 75/79 [00:02<00:00, 34.07it/s]
100%|██████████| 79/79 [00:02<00:00, 35.08it/s]
100%|██████████| 79/79 [00:02<00:00, 30.08it/s]

CommRound: 17/30
Accuracy: 86.15% | Loss: 0.4809
[##################################--------------------------] 56.7%
Elapsed: 2.8m | Avg/Round: 9.8s | Last: 9.5s | Next: 9.8s | Remaining: 2.1m
ETA: 19:01:45
Recent round times: R1: 9.2s -> R2: 9.0s -> R3: 9.5s -> R4: 9.9s -> R5: 9.5s

  0%|          | 0/79 [00:00<?, ?it/s]
  1%|▏         | 1/79 [00:00<00:08,  8.99it/s]
  6%|▋         | 5/79 [00:00<00:03, 22.44it/s]
 11%|█▏        | 9/79 [00:00<00:02, 28.29it/s]
 16%|█▋        | 13/79 [00:00<00:02, 31.08it/s]
 22%|██▏       | 17/79 [00:00<00:01, 32.43it/s]
 27%|██▋       | 21/79 [00:00<00:01, 32.56it/s]
 32%|███▏      | 25/79 [00:00<00:01, 34.62it/s]
 37%|███▋      | 29/79 [00:00<00:01, 34.83it/s]
 42%|████▏     | 33/79 [00:01<00:01, 34.74it/s]
 48%|████▊     | 38/79 [00:01<00:01, 33.88it/s]
 53%|█████▎    | 42/79 [00:01<00:01, 33.70it/s]
 58%|█████▊    | 46/79 [00:01<00:00, 33.60it/s]
 63%|██████▎   | 50/79 [00:01<00:00, 33.75it/s]
 68%|██████▊   | 54/79 [00:01<00:00, 32.12it/s]
 73%|███████▎  | 58/79 [00:01<00:00, 30.40it/s]
 78%|███████▊  | 62/79 [00:01<00:00, 30.38it/s]
 84%|████████▎ | 66/79 [00:02<00:00, 31.08it/s]
 89%|████████▊ | 70/79 [00:02<00:00, 32.33it/s]
 94%|█████████▎| 74/79 [00:02<00:00, 33.47it/s]
 99%|█████████▊| 78/79 [00:02<00:00, 34.35it/s]
100%|██████████| 79/79 [00:02<00:00, 32.43it/s]

CommRound: 18/30
Accuracy: 85.89% | Loss: 0.4931
[####################################------------------------] 60.0%
Elapsed: 2.9m | Avg/Round: 9.8s | Last: 9.5s | Next: 9.8s | Remaining: 2.0m
ETA: 19:01:45
Recent round times: R1: 9.0s -> R2: 9.5s -> R3: 9.9s -> R4: 9.5s -> R5: 9.5s

  0%|          | 0/79 [00:00<?, ?it/s]
  1%|▏         | 1/79 [00:00<00:09,  8.22it/s]
  6%|▋         | 5/79 [00:00<00:02, 24.75it/s]
 11%|█▏        | 9/79 [00:00<00:02, 30.72it/s]
 16%|█▋        | 13/79 [00:00<00:01, 33.77it/s]
 22%|██▏       | 17/79 [00:00<00:01, 35.74it/s]
 27%|██▋       | 21/79 [00:00<00:01, 36.89it/s]
 33%|███▎      | 26/79 [00:00<00:01, 40.80it/s]
 39%|███▉      | 31/79 [00:00<00:01, 37.89it/s]
 46%|████▌     | 36/79 [00:00<00:01, 41.12it/s]
 52%|█████▏    | 41/79 [00:01<00:00, 38.21it/s]
 57%|█████▋    | 45/79 [00:01<00:00, 38.63it/s]
 62%|██████▏   | 49/79 [00:01<00:00, 38.93it/s]
 68%|██████▊   | 54/79 [00:01<00:00, 41.81it/s]
 75%|███████▍  | 59/79 [00:01<00:00, 38.72it/s]
 82%|████████▏ | 65/79 [00:01<00:00, 39.51it/s]
 90%|████████▉ | 71/79 [00:01<00:00, 40.08it/s]
 96%|█████████▌| 76/79 [00:01<00:00, 42.19it/s]
100%|██████████| 79/79 [00:02<00:00, 38.40it/s]

CommRound: 19/30
Accuracy: 85.79% | Loss: 0.4950
[######################################----------------------] 63.3%
Elapsed: 3.1m | Avg/Round: 9.8s | Last: 9.0s | Next: 9.8s | Remaining: 1.8m
ETA: 19:01:43
Recent round times: R1: 9.5s -> R2: 9.9s -> R3: 9.5s -> R4: 9.5s -> R5: 9.0s

  0%|          | 0/79 [00:00<?, ?it/s]
  1%|▏         | 1/79 [00:00<00:08,  9.21it/s]
  8%|▊         | 6/79 [00:00<00:02, 28.77it/s]
 13%|█▎        | 10/79 [00:00<00:02, 31.93it/s]
 18%|█▊        | 14/79 [00:00<00:01, 34.79it/s]
 23%|██▎       | 18/79 [00:00<00:01, 36.54it/s]
 28%|██▊       | 22/79 [00:00<00:01, 37.63it/s]
 33%|███▎      | 26/79 [00:00<00:01, 38.29it/s]
 38%|███▊      | 30/79 [00:00<00:01, 38.51it/s]
 43%|████▎     | 34/79 [00:00<00:01, 38.50it/s]
 48%|████▊     | 38/79 [00:01<00:01, 38.43it/s]
 53%|█████▎    | 42/79 [00:01<00:00, 38.34it/s]
 58%|█████▊    | 46/79 [00:01<00:00, 38.08it/s]
 63%|██████▎   | 50/79 [00:01<00:00, 38.13it/s]
 68%|██████▊   | 54/79 [00:01<00:00, 38.32it/s]
 73%|███████▎  | 58/79 [00:01<00:00, 38.10it/s]
 78%|███████▊  | 62/79 [00:01<00:00, 37.31it/s]
 84%|████████▎ | 66/79 [00:01<00:00, 36.83it/s]
 89%|████████▊ | 70/79 [00:01<00:00, 36.76it/s]
 94%|█████████▎| 74/79 [00:02<00:00, 37.58it/s]
 99%|█████████▊| 78/79 [00:02<00:00, 37.30it/s]
100%|██████████| 79/79 [00:02<00:00, 36.83it/s]

CommRound: 20/30
Accuracy: 85.94% | Loss: 0.4915
[########################################--------------------] 66.7%
Elapsed: 3.2m | Avg/Round: 9.7s | Last: 9.1s | Next: 9.7s | Remaining: 1.6m
ETA: 19:01:42
Recent round times: R1: 9.9s -> R2: 9.5s -> R3: 9.5s -> R4: 9.0s -> R5: 9.1s
EARLY_STOP: round=20; best_acc=86.32; current_acc=85.94; threshold=90.00; patience=5; reason=converged_below_target
Total time for experiment: 194.4496021270752 seconds
Device average training time per communication round [s]:
    rpi (sld-rpi-09.ece.utexas.edu): 4.06 seconds
    mc1 (sld-mc1-09.ece.utexas.edu): 2.21 seconds
