
  0%|          | 0/79 [00:00<?, ?it/s]
  1%|▏         | 1/79 [00:00<00:21,  3.71it/s]
  9%|▉         | 7/79 [00:00<00:03, 22.28it/s]
 14%|█▍        | 11/79 [00:00<00:02, 26.31it/s]
 19%|█▉        | 15/79 [00:00<00:02, 28.75it/s]
 24%|██▍       | 19/79 [00:00<00:01, 30.16it/s]
 29%|██▉       | 23/79 [00:00<00:01, 31.16it/s]
 34%|███▍      | 27/79 [00:00<00:01, 31.62it/s]
 39%|███▉      | 31/79 [00:01<00:01, 32.41it/s]
 44%|████▍     | 35/79 [00:01<00:01, 30.87it/s]
 49%|████▉     | 39/79 [00:01<00:01, 31.28it/s]
 54%|█████▍    | 43/79 [00:01<00:01, 32.52it/s]
 59%|█████▉    | 47/79 [00:01<00:00, 32.76it/s]
 65%|██████▍   | 51/79 [00:01<00:00, 33.83it/s]
 70%|██████▉   | 55/79 [00:01<00:00, 33.94it/s]
 75%|███████▍  | 59/79 [00:01<00:00, 34.57it/s]
 80%|███████▉  | 63/79 [00:02<00:00, 32.53it/s]
 85%|████████▍ | 67/79 [00:02<00:00, 31.98it/s]
 90%|████████▉ | 71/79 [00:02<00:00, 33.27it/s]
 95%|█████████▍| 75/79 [00:02<00:00, 34.08it/s]
100%|██████████| 79/79 [00:02<00:00, 35.36it/s]
100%|██████████| 79/79 [00:02<00:00, 30.96it/s]
Initial Accuracy: 9.74%; Initial Loss: 2.3088

  0%|          | 0/79 [00:00<?, ?it/s]
  1%|▏         | 1/79 [00:00<00:10,  7.62it/s]
  5%|▌         | 4/79 [00:00<00:03, 19.21it/s]
  9%|▉         | 7/79 [00:00<00:03, 19.65it/s]
 13%|█▎        | 10/79 [00:00<00:03, 22.84it/s]
 16%|█▋        | 13/79 [00:00<00:03, 18.24it/s]
 22%|██▏       | 17/79 [00:00<00:02, 22.45it/s]
 27%|██▋       | 21/79 [00:00<00:02, 25.28it/s]
 32%|███▏      | 25/79 [00:01<00:01, 27.26it/s]
 37%|███▋      | 29/79 [00:01<00:01, 28.58it/s]
 41%|████      | 32/79 [00:01<00:01, 26.82it/s]
 46%|████▌     | 36/79 [00:01<00:01, 29.21it/s]
 49%|████▉     | 39/79 [00:01<00:01, 26.64it/s]
 53%|█████▎    | 42/79 [00:01<00:01, 24.17it/s]
 57%|█████▋    | 45/79 [00:01<00:01, 22.43it/s]
 61%|██████    | 48/79 [00:02<00:01, 23.68it/s]
 65%|██████▍   | 51/79 [00:02<00:01, 22.61it/s]
 68%|██████▊   | 54/79 [00:02<00:01, 23.78it/s]
 72%|███████▏  | 57/79 [00:02<00:00, 23.47it/s]
 77%|███████▋  | 61/79 [00:02<00:00, 24.28it/s]
 82%|████████▏ | 65/79 [00:02<00:00, 25.53it/s]
 87%|████████▋ | 69/79 [00:02<00:00, 26.54it/s]
 92%|█████████▏| 73/79 [00:02<00:00, 27.76it/s]
 96%|█████████▌| 76/79 [00:03<00:00, 27.78it/s]
100%|██████████| 79/79 [00:03<00:00, 24.94it/s]

CommRound: 1/30
Accuracy: 10.28% | Loss: 2.4987
[##----------------------------------------------------------] 3.3%
Elapsed: 0.3m | Avg/Round: 17.4s | Last: 14.9s | Next: 17.4s | Remaining: 8.4m
ETA: 11:43:22
Recent round times: R1: 14.9s

  0%|          | 0/79 [00:00<?, ?it/s]
  1%|▏         | 1/79 [00:00<00:08,  8.80it/s]
  6%|▋         | 5/79 [00:00<00:03, 22.72it/s]
 11%|█▏        | 9/79 [00:00<00:02, 26.05it/s]
 16%|█▋        | 13/79 [00:00<00:02, 28.76it/s]
 22%|██▏       | 17/79 [00:00<00:02, 28.93it/s]
 27%|██▋       | 21/79 [00:00<00:01, 29.02it/s]
 32%|███▏      | 25/79 [00:00<00:01, 30.29it/s]
 37%|███▋      | 29/79 [00:01<00:01, 30.14it/s]
 42%|████▏     | 33/79 [00:01<00:01, 30.99it/s]
 47%|████▋     | 37/79 [00:01<00:01, 31.52it/s]
 52%|█████▏    | 41/79 [00:01<00:01, 31.47it/s]
 57%|█████▋    | 45/79 [00:01<00:01, 32.56it/s]
 62%|██████▏   | 49/79 [00:01<00:00, 32.91it/s]
 67%|██████▋   | 53/79 [00:01<00:00, 31.37it/s]
 73%|███████▎  | 58/79 [00:01<00:00, 29.00it/s]
 77%|███████▋  | 61/79 [00:02<00:00, 29.19it/s]
 81%|████████  | 64/79 [00:02<00:00, 26.64it/s]
 86%|████████▌ | 68/79 [00:02<00:00, 28.38it/s]
 91%|█████████ | 72/79 [00:02<00:00, 29.97it/s]
 96%|█████████▌| 76/79 [00:02<00:00, 31.41it/s]
100%|██████████| 79/79 [00:02<00:00, 29.82it/s]

CommRound: 2/30
Accuracy: 10.28% | Loss: 2.6771
[####--------------------------------------------------------] 6.7%
Elapsed: 0.5m | Avg/Round: 15.8s | Last: 14.3s | Next: 15.8s | Remaining: 7.4m
ETA: 11:42:34
Recent round times: R1: 14.9s -> R2: 14.3s

  0%|          | 0/79 [00:00<?, ?it/s]
  1%|▏         | 1/79 [00:00<00:08,  8.74it/s]
  6%|▋         | 5/79 [00:00<00:02, 24.98it/s]
 11%|█▏        | 9/79 [00:00<00:02, 31.01it/s]
 16%|█▋        | 13/79 [00:00<00:01, 33.06it/s]
 22%|██▏       | 17/79 [00:00<00:01, 31.68it/s]
 27%|██▋       | 21/79 [00:00<00:01, 32.07it/s]
 32%|███▏      | 25/79 [00:00<00:01, 32.62it/s]
 37%|███▋      | 29/79 [00:00<00:01, 31.28it/s]
 42%|████▏     | 33/79 [00:01<00:01, 31.00it/s]
 47%|████▋     | 37/79 [00:01<00:01, 31.54it/s]
 52%|█████▏    | 41/79 [00:01<00:01, 31.91it/s]
 57%|█████▋    | 45/79 [00:01<00:01, 32.85it/s]
 62%|██████▏   | 49/79 [00:01<00:00, 32.29it/s]
 67%|██████▋   | 53/79 [00:01<00:00, 29.48it/s]
 72%|███████▏  | 57/79 [00:01<00:00, 24.61it/s]
 76%|███████▌  | 60/79 [00:02<00:00, 22.15it/s]
 80%|███████▉  | 63/79 [00:02<00:00, 21.59it/s]
 84%|████████▎ | 66/79 [00:02<00:00, 22.25it/s]
 87%|████████▋ | 69/79 [00:02<00:00, 21.66it/s]
 91%|█████████ | 72/79 [00:02<00:00, 20.18it/s]
 95%|█████████▍| 75/79 [00:02<00:00, 18.24it/s]
 97%|█████████▋| 77/79 [00:03<00:00, 17.82it/s]
100%|██████████| 79/79 [00:03<00:00, 25.39it/s]

CommRound: 3/30
Accuracy: 10.28% | Loss: 2.7685
[######------------------------------------------------------] 10.0%
Elapsed: 0.8m | Avg/Round: 15.5s | Last: 14.8s | Next: 15.5s | Remaining: 7.0m
ETA: 11:42:24
Recent round times: R1: 14.9s -> R2: 14.3s -> R3: 14.8s

  0%|          | 0/79 [00:00<?, ?it/s]
  1%|▏         | 1/79 [00:00<00:08,  9.15it/s]
  5%|▌         | 4/79 [00:00<00:03, 20.51it/s]
  9%|▉         | 7/79 [00:00<00:03, 23.04it/s]
 14%|█▍        | 11/79 [00:00<00:02, 26.57it/s]
 19%|█▉        | 15/79 [00:00<00:02, 29.13it/s]
 24%|██▍       | 19/79 [00:00<00:02, 29.14it/s]
 29%|██▉       | 23/79 [00:00<00:01, 29.61it/s]
 34%|███▍      | 27/79 [00:00<00:01, 29.37it/s]
 39%|███▉      | 31/79 [00:01<00:01, 29.46it/s]
 44%|████▍     | 35/79 [00:01<00:01, 29.59it/s]
 49%|████▉     | 39/79 [00:01<00:01, 29.77it/s]
 54%|█████▍    | 43/79 [00:01<00:01, 29.39it/s]
 59%|█████▉    | 47/79 [00:01<00:01, 29.01it/s]
 65%|██████▍   | 51/79 [00:01<00:00, 28.89it/s]
 70%|██████▉   | 55/79 [00:01<00:00, 29.62it/s]
 75%|███████▍  | 59/79 [00:02<00:00, 29.84it/s]
 78%|███████▊  | 62/79 [00:02<00:00, 29.37it/s]
 82%|████████▏ | 65/79 [00:02<00:00, 28.60it/s]
 87%|████████▋ | 69/79 [00:02<00:00, 28.78it/s]
 92%|█████████▏| 73/79 [00:02<00:00, 28.93it/s]
 97%|█████████▋| 77/79 [00:02<00:00, 29.16it/s]
100%|██████████| 79/79 [00:02<00:00, 28.83it/s]

CommRound: 4/30
Accuracy: 10.28% | Loss: 2.8179
[########----------------------------------------------------] 13.3%
Elapsed: 1.0m | Avg/Round: 15.2s | Last: 14.5s | Next: 15.2s | Remaining: 6.6m
ETA: 11:42:16
Recent round times: R1: 14.9s -> R2: 14.3s -> R3: 14.8s -> R4: 14.5s

  0%|          | 0/79 [00:00<?, ?it/s]
  1%|▏         | 1/79 [00:00<00:10,  7.58it/s]
  6%|▋         | 5/79 [00:00<00:03, 19.58it/s]
  9%|▉         | 7/79 [00:00<00:03, 18.85it/s]
 13%|█▎        | 10/79 [00:00<00:03, 22.54it/s]
 16%|█▋        | 13/79 [00:00<00:03, 20.02it/s]
 20%|██        | 16/79 [00:00<00:02, 21.64it/s]
 24%|██▍       | 19/79 [00:00<00:03, 19.71it/s]
 28%|██▊       | 22/79 [00:01<00:02, 21.74it/s]
 32%|███▏      | 25/79 [00:01<00:02, 19.85it/s]
 35%|███▌      | 28/79 [00:01<00:02, 20.09it/s]
 39%|███▉      | 31/79 [00:01<00:02, 18.73it/s]
 42%|████▏     | 33/79 [00:01<00:02, 18.48it/s]
 44%|████▍     | 35/79 [00:01<00:02, 18.33it/s]
 47%|████▋     | 37/79 [00:01<00:02, 18.74it/s]
 49%|████▉     | 39/79 [00:02<00:02, 18.76it/s]
 53%|█████▎    | 42/79 [00:02<00:01, 21.68it/s]
 57%|█████▋    | 45/79 [00:02<00:01, 23.87it/s]
 61%|██████    | 48/79 [00:02<00:01, 24.60it/s]
 66%|██████▌   | 52/79 [00:02<00:01, 25.18it/s]
 71%|███████   | 56/79 [00:02<00:00, 25.61it/s]
 76%|███████▌  | 60/79 [00:02<00:00, 26.23it/s]
 81%|████████  | 64/79 [00:02<00:00, 26.75it/s]
 86%|████████▌ | 68/79 [00:03<00:00, 27.12it/s]
 91%|█████████ | 72/79 [00:03<00:00, 28.02it/s]
 96%|█████████▌| 76/79 [00:03<00:00, 28.87it/s]
100%|██████████| 79/79 [00:03<00:00, 23.17it/s]

CommRound: 5/30
Accuracy: 10.28% | Loss: 2.8477
[##########--------------------------------------------------] 16.7%
Elapsed: 1.3m | Avg/Round: 15.2s | Last: 15.2s | Next: 15.2s | Remaining: 6.4m
ETA: 11:42:16
Recent round times: R1: 14.9s -> R2: 14.3s -> R3: 14.8s -> R4: 14.5s -> R5: 15.2s

  0%|          | 0/79 [00:00<?, ?it/s]
  1%|▏         | 1/79 [00:00<00:08,  8.78it/s]
  6%|▋         | 5/79 [00:00<00:02, 25.75it/s]
 10%|█         | 8/79 [00:00<00:02, 24.12it/s]
 15%|█▌        | 12/79 [00:00<00:02, 26.22it/s]
 20%|██        | 16/79 [00:00<00:02, 25.95it/s]
 25%|██▌       | 20/79 [00:00<00:02, 26.51it/s]
 30%|███       | 24/79 [00:00<00:02, 26.47it/s]
 35%|███▌      | 28/79 [00:01<00:01, 26.47it/s]
 39%|███▉      | 31/79 [00:01<00:01, 27.12it/s]
 43%|████▎     | 34/79 [00:01<00:01, 25.69it/s]
 48%|████▊     | 38/79 [00:01<00:01, 26.06it/s]
 52%|█████▏    | 41/79 [00:01<00:01, 24.28it/s]
 56%|█████▌    | 44/79 [00:01<00:01, 21.25it/s]
 59%|█████▉    | 47/79 [00:01<00:01, 22.37it/s]
 63%|██████▎   | 50/79 [00:02<00:01, 21.24it/s]
 68%|██████▊   | 54/79 [00:02<00:01, 24.03it/s]
 73%|███████▎  | 58/79 [00:02<00:00, 26.10it/s]
 78%|███████▊  | 62/79 [00:02<00:00, 28.13it/s]
 84%|████████▎ | 66/79 [00:02<00:00, 28.63it/s]
 89%|████████▊ | 70/79 [00:02<00:00, 28.49it/s]
 94%|█████████▎| 74/79 [00:02<00:00, 27.29it/s]
 99%|█████████▊| 78/79 [00:03<00:00, 29.44it/s]
100%|██████████| 79/79 [00:03<00:00, 26.03it/s]

CommRound: 6/30
Accuracy: 10.28% | Loss: 2.8678
[############------------------------------------------------] 20.0%
Elapsed: 1.5m | Avg/Round: 15.2s | Last: 14.8s | Next: 15.2s | Remaining: 6.1m
ETA: 11:42:14
Recent round times: R1: 14.3s -> R2: 14.8s -> R3: 14.5s -> R4: 15.2s -> R5: 14.8s

  0%|          | 0/79 [00:00<?, ?it/s]
  1%|▏         | 1/79 [00:00<00:10,  7.33it/s]
  8%|▊         | 6/79 [00:00<00:02, 29.02it/s]
 13%|█▎        | 10/79 [00:00<00:02, 31.28it/s]
 18%|█▊        | 14/79 [00:00<00:02, 30.27it/s]
 23%|██▎       | 18/79 [00:00<00:01, 30.69it/s]
 28%|██▊       | 22/79 [00:00<00:01, 32.12it/s]
 33%|███▎      | 26/79 [00:00<00:01, 32.91it/s]
 38%|███▊      | 30/79 [00:00<00:01, 33.02it/s]
 44%|████▍     | 35/79 [00:01<00:01, 33.23it/s]
 49%|████▉     | 39/79 [00:01<00:01, 34.61it/s]
 54%|█████▍    | 43/79 [00:01<00:01, 33.24it/s]
 59%|█████▉    | 47/79 [00:01<00:01, 28.85it/s]
 65%|██████▍   | 51/79 [00:01<00:01, 27.83it/s]
 71%|███████   | 56/79 [00:01<00:00, 29.35it/s]
 76%|███████▌  | 60/79 [00:01<00:00, 30.88it/s]
 81%|████████  | 64/79 [00:02<00:00, 30.97it/s]
 86%|████████▌ | 68/79 [00:02<00:00, 31.36it/s]
 91%|█████████ | 72/79 [00:02<00:00, 31.97it/s]
 96%|█████████▌| 76/79 [00:02<00:00, 31.16it/s]
100%|██████████| 79/79 [00:02<00:00, 30.92it/s]

CommRound: 7/30
Accuracy: 10.28% | Loss: 2.8829
[##############----------------------------------------------] 23.3%
Elapsed: 1.8m | Avg/Round: 15.0s | Last: 14.3s | Next: 15.0s | Remaining: 5.8m
ETA: 11:42:10
Recent round times: R1: 14.8s -> R2: 14.5s -> R3: 15.2s -> R4: 14.8s -> R5: 14.3s

  0%|          | 0/79 [00:00<?, ?it/s]
  1%|▏         | 1/79 [00:00<00:08,  9.18it/s]
  6%|▋         | 5/79 [00:00<00:03, 23.36it/s]
 11%|█▏        | 9/79 [00:00<00:02, 25.05it/s]
 16%|█▋        | 13/79 [00:00<00:02, 28.06it/s]
 22%|██▏       | 17/79 [00:00<00:02, 30.42it/s]
 27%|██▋       | 21/79 [00:00<00:01, 31.42it/s]
 32%|███▏      | 25/79 [00:00<00:01, 33.43it/s]
 37%|███▋      | 29/79 [00:00<00:01, 33.83it/s]
 42%|████▏     | 33/79 [00:01<00:01, 34.41it/s]
 47%|████▋     | 37/79 [00:01<00:01, 34.82it/s]
 52%|█████▏    | 41/79 [00:01<00:01, 34.84it/s]
 57%|█████▋    | 45/79 [00:01<00:00, 35.06it/s]
 62%|██████▏   | 49/79 [00:01<00:00, 35.21it/s]
 67%|██████▋   | 53/79 [00:01<00:00, 35.12it/s]
 72%|███████▏  | 57/79 [00:01<00:00, 34.92it/s]
 77%|███████▋  | 61/79 [00:01<00:00, 31.99it/s]
 82%|████████▏ | 65/79 [00:02<00:00, 31.78it/s]
 87%|████████▋ | 69/79 [00:02<00:00, 31.06it/s]
 92%|█████████▏| 73/79 [00:02<00:00, 26.68it/s]
 96%|█████████▌| 76/79 [00:02<00:00, 25.13it/s]
100%|██████████| 79/79 [00:02<00:00, 30.35it/s]

CommRound: 8/30
Accuracy: 10.28% | Loss: 2.8951
[################--------------------------------------------] 26.7%
Elapsed: 2.0m | Avg/Round: 15.0s | Last: 14.4s | Next: 15.0s | Remaining: 5.5m
ETA: 11:42:08
Recent round times: R1: 14.5s -> R2: 15.2s -> R3: 14.8s -> R4: 14.3s -> R5: 14.4s

  0%|          | 0/79 [00:00<?, ?it/s]
  1%|▏         | 1/79 [00:00<00:09,  8.06it/s]
  6%|▋         | 5/79 [00:00<00:03, 21.29it/s]
 11%|█▏        | 9/79 [00:00<00:02, 25.68it/s]
 16%|█▋        | 13/79 [00:00<00:02, 27.82it/s]
 22%|██▏       | 17/79 [00:00<00:02, 28.19it/s]
 27%|██▋       | 21/79 [00:00<00:01, 29.20it/s]
 32%|███▏      | 25/79 [00:00<00:01, 29.07it/s]
 37%|███▋      | 29/79 [00:01<00:01, 29.29it/s]
 42%|████▏     | 33/79 [00:01<00:01, 29.75it/s]
 47%|████▋     | 37/79 [00:01<00:01, 29.69it/s]
 52%|█████▏    | 41/79 [00:01<00:01, 29.92it/s]
 57%|█████▋    | 45/79 [00:01<00:01, 30.13it/s]
 62%|██████▏   | 49/79 [00:01<00:00, 30.24it/s]
 67%|██████▋   | 53/79 [00:01<00:00, 30.32it/s]
 72%|███████▏  | 57/79 [00:01<00:00, 30.58it/s]
 77%|███████▋  | 61/79 [00:02<00:00, 29.46it/s]
 82%|████████▏ | 65/79 [00:02<00:00, 28.47it/s]
 86%|████████▌ | 68/79 [00:02<00:00, 28.29it/s]
 90%|████████▉ | 71/79 [00:02<00:00, 25.74it/s]
 94%|█████████▎| 74/79 [00:02<00:00, 24.37it/s]
 97%|█████████▋| 77/79 [00:02<00:00, 21.82it/s]
100%|██████████| 79/79 [00:02<00:00, 27.13it/s]

CommRound: 9/30
Accuracy: 10.28% | Loss: 2.9054
[##################------------------------------------------] 30.0%
Elapsed: 2.2m | Avg/Round: 14.9s | Last: 14.8s | Next: 14.9s | Remaining: 5.2m
ETA: 11:42:07
Recent round times: R1: 15.2s -> R2: 14.8s -> R3: 14.3s -> R4: 14.4s -> R5: 14.8s

  0%|          | 0/79 [00:00<?, ?it/s]
  1%|▏         | 1/79 [00:00<00:09,  8.04it/s]
  5%|▌         | 4/79 [00:00<00:03, 19.24it/s]
  9%|▉         | 7/79 [00:00<00:03, 23.71it/s]
 14%|█▍        | 11/79 [00:00<00:02, 27.84it/s]
 19%|█▉        | 15/79 [00:00<00:02, 29.93it/s]
 24%|██▍       | 19/79 [00:00<00:01, 30.94it/s]
 29%|██▉       | 23/79 [00:00<00:01, 32.00it/s]
 34%|███▍      | 27/79 [00:00<00:01, 32.62it/s]
 39%|███▉      | 31/79 [00:01<00:01, 31.74it/s]
 44%|████▍     | 35/79 [00:01<00:01, 29.92it/s]
 49%|████▉     | 39/79 [00:01<00:01, 28.93it/s]
 53%|█████▎    | 42/79 [00:01<00:01, 26.62it/s]
 58%|█████▊    | 46/79 [00:01<00:01, 28.01it/s]
 63%|██████▎   | 50/79 [00:01<00:00, 29.96it/s]
 68%|██████▊   | 54/79 [00:01<00:00, 30.37it/s]
 73%|███████▎  | 58/79 [00:01<00:00, 30.36it/s]
 78%|███████▊  | 62/79 [00:02<00:00, 30.67it/s]
 84%|████████▎ | 66/79 [00:02<00:00, 31.79it/s]
 89%|████████▊ | 70/79 [00:02<00:00, 31.88it/s]
 94%|█████████▎| 74/79 [00:02<00:00, 32.47it/s]
 99%|█████████▊| 78/79 [00:02<00:00, 31.83it/s]
100%|██████████| 79/79 [00:02<00:00, 29.91it/s]

CommRound: 10/30
Accuracy: 10.28% | Loss: 2.9143
[####################----------------------------------------] 33.3%
Elapsed: 2.5m | Avg/Round: 14.9s | Last: 14.5s | Next: 14.9s | Remaining: 5.0m
ETA: 11:42:06
Recent round times: R1: 14.8s -> R2: 14.3s -> R3: 14.4s -> R4: 14.8s -> R5: 14.5s

  0%|          | 0/79 [00:00<?, ?it/s]
  1%|▏         | 1/79 [00:00<00:08,  8.70it/s]
  6%|▋         | 5/79 [00:00<00:03, 23.07it/s]
 11%|█▏        | 9/79 [00:00<00:02, 28.72it/s]
 16%|█▋        | 13/79 [00:00<00:02, 30.48it/s]
 22%|██▏       | 17/79 [00:00<00:01, 31.69it/s]
 27%|██▋       | 21/79 [00:00<00:01, 32.60it/s]
 32%|███▏      | 25/79 [00:00<00:01, 32.71it/s]
 37%|███▋      | 29/79 [00:00<00:01, 33.10it/s]
 42%|████▏     | 33/79 [00:01<00:01, 32.03it/s]
 47%|████▋     | 37/79 [00:01<00:01, 32.72it/s]
 52%|█████▏    | 41/79 [00:01<00:01, 32.06it/s]
 57%|█████▋    | 45/79 [00:01<00:01, 30.42it/s]
 62%|██████▏   | 49/79 [00:01<00:01, 29.67it/s]
 66%|██████▌   | 52/79 [00:01<00:00, 28.26it/s]
 71%|███████   | 56/79 [00:01<00:00, 28.12it/s]
 75%|███████▍  | 59/79 [00:01<00:00, 28.47it/s]
 78%|███████▊  | 62/79 [00:02<00:00, 27.53it/s]
 84%|████████▎ | 66/79 [00:02<00:00, 28.98it/s]
 89%|████████▊ | 70/79 [00:02<00:00, 29.92it/s]
 94%|█████████▎| 74/79 [00:02<00:00, 30.58it/s]
 99%|█████████▊| 78/79 [00:02<00:00, 31.36it/s]
100%|██████████| 79/79 [00:02<00:00, 30.16it/s]

CommRound: 11/30
Accuracy: 10.47% | Loss: 2.9224
[######################--------------------------------------] 36.7%
Elapsed: 2.7m | Avg/Round: 14.8s | Last: 14.3s | Next: 14.8s | Remaining: 4.7m
ETA: 11:42:04
Recent round times: R1: 14.3s -> R2: 14.4s -> R3: 14.8s -> R4: 14.5s -> R5: 14.3s

  0%|          | 0/79 [00:00<?, ?it/s]
  1%|▏         | 1/79 [00:00<00:09,  8.13it/s]
  6%|▋         | 5/79 [00:00<00:03, 21.02it/s]
 11%|█▏        | 9/79 [00:00<00:02, 25.13it/s]
 16%|█▋        | 13/79 [00:00<00:02, 28.30it/s]
 20%|██        | 16/79 [00:00<00:02, 28.33it/s]
 24%|██▍       | 19/79 [00:00<00:02, 27.66it/s]
 29%|██▉       | 23/79 [00:00<00:01, 28.43it/s]
 34%|███▍      | 27/79 [00:00<00:01, 29.39it/s]
 39%|███▉      | 31/79 [00:01<00:01, 29.62it/s]
 44%|████▍     | 35/79 [00:01<00:01, 30.70it/s]
 49%|████▉     | 39/79 [00:01<00:01, 32.08it/s]
 54%|█████▍    | 43/79 [00:01<00:01, 33.05it/s]
 59%|█████▉    | 47/79 [00:01<00:00, 33.65it/s]
 65%|██████▍   | 51/79 [00:01<00:00, 34.13it/s]
 70%|██████▉   | 55/79 [00:01<00:00, 34.39it/s]
 75%|███████▍  | 59/79 [00:01<00:00, 32.25it/s]
 80%|███████▉  | 63/79 [00:02<00:00, 31.59it/s]
 85%|████████▍ | 67/79 [00:02<00:00, 31.50it/s]
 90%|████████▉ | 71/79 [00:02<00:00, 32.26it/s]
 95%|█████████▍| 75/79 [00:02<00:00, 32.49it/s]
100%|██████████| 79/79 [00:02<00:00, 31.19it/s]

CommRound: 12/30
Accuracy: 11.02% | Loss: 2.9296
[########################------------------------------------] 40.0%
Elapsed: 3.0m | Avg/Round: 14.8s | Last: 14.4s | Next: 14.8s | Remaining: 4.4m
ETA: 11:42:03
Recent round times: R1: 14.4s -> R2: 14.8s -> R3: 14.5s -> R4: 14.3s -> R5: 14.4s

  0%|          | 0/79 [00:00<?, ?it/s]
  1%|▏         | 1/79 [00:00<00:10,  7.32it/s]
  6%|▋         | 5/79 [00:00<00:03, 22.91it/s]
 11%|█▏        | 9/79 [00:00<00:02, 26.60it/s]
 16%|█▋        | 13/79 [00:00<00:02, 28.54it/s]
 22%|██▏       | 17/79 [00:00<00:02, 29.62it/s]
 27%|██▋       | 21/79 [00:00<00:01, 31.58it/s]
 32%|███▏      | 25/79 [00:00<00:01, 31.20it/s]
 37%|███▋      | 29/79 [00:00<00:01, 31.47it/s]
 42%|████▏     | 33/79 [00:01<00:01, 31.60it/s]
 47%|████▋     | 37/79 [00:01<00:01, 31.60it/s]
 52%|█████▏    | 41/79 [00:01<00:01, 30.47it/s]
 57%|█████▋    | 45/79 [00:01<00:01, 30.71it/s]
 62%|██████▏   | 49/79 [00:01<00:00, 31.29it/s]
 67%|██████▋   | 53/79 [00:01<00:00, 31.79it/s]
 72%|███████▏  | 57/79 [00:01<00:00, 32.10it/s]
 77%|███████▋  | 61/79 [00:02<00:00, 31.73it/s]
 82%|████████▏ | 65/79 [00:02<00:00, 31.79it/s]
 87%|████████▋ | 69/79 [00:02<00:00, 31.82it/s]
 92%|█████████▏| 73/79 [00:02<00:00, 31.52it/s]
 97%|█████████▋| 77/79 [00:02<00:00, 31.77it/s]
100%|██████████| 79/79 [00:02<00:00, 30.62it/s]

CommRound: 13/30
Accuracy: 12.26% | Loss: 2.9357
[##########################----------------------------------] 43.3%
Elapsed: 3.2m | Avg/Round: 14.8s | Last: 14.3s | Next: 14.8s | Remaining: 4.2m
ETA: 11:42:02
Recent round times: R1: 14.8s -> R2: 14.5s -> R3: 14.3s -> R4: 14.4s -> R5: 14.3s

  0%|          | 0/79 [00:00<?, ?it/s]
  1%|▏         | 1/79 [00:00<00:13,  5.83it/s]
  8%|▊         | 6/79 [00:00<00:03, 22.60it/s]
 11%|█▏        | 9/79 [00:00<00:02, 24.09it/s]
 15%|█▌        | 12/79 [00:00<00:02, 23.56it/s]
 20%|██        | 16/79 [00:00<00:02, 25.87it/s]
 25%|██▌       | 20/79 [00:00<00:02, 27.16it/s]
 29%|██▉       | 23/79 [00:00<00:02, 26.70it/s]
 33%|███▎      | 26/79 [00:01<00:02, 25.30it/s]
 38%|███▊      | 30/79 [00:01<00:01, 26.75it/s]
 43%|████▎     | 34/79 [00:01<00:01, 28.20it/s]
 48%|████▊     | 38/79 [00:01<00:01, 28.20it/s]
 53%|█████▎    | 42/79 [00:01<00:01, 28.95it/s]
 58%|█████▊    | 46/79 [00:01<00:01, 29.11it/s]
 63%|██████▎   | 50/79 [00:01<00:01, 28.97it/s]
 68%|██████▊   | 54/79 [00:02<00:00, 28.55it/s]
 73%|███████▎  | 58/79 [00:02<00:00, 29.13it/s]
 78%|███████▊  | 62/79 [00:02<00:00, 28.43it/s]
 84%|████████▎ | 66/79 [00:02<00:00, 28.71it/s]
 89%|████████▊ | 70/79 [00:02<00:00, 28.70it/s]
 94%|█████████▎| 74/79 [00:02<00:00, 28.62it/s]
 99%|█████████▊| 78/79 [00:02<00:00, 30.47it/s]
100%|██████████| 79/79 [00:02<00:00, 27.69it/s]

CommRound: 14/30
Accuracy: 13.01% | Loss: 2.9398
[############################--------------------------------] 46.7%
Elapsed: 3.4m | Avg/Round: 14.8s | Last: 14.8s | Next: 14.8s | Remaining: 3.9m
ETA: 11:42:02
Recent round times: R1: 14.5s -> R2: 14.3s -> R3: 14.4s -> R4: 14.3s -> R5: 14.8s

  0%|          | 0/79 [00:00<?, ?it/s]
  1%|▏         | 1/79 [00:00<00:08,  9.32it/s]
  6%|▋         | 5/79 [00:00<00:03, 23.29it/s]
 11%|█▏        | 9/79 [00:00<00:02, 27.10it/s]
 16%|█▋        | 13/79 [00:00<00:02, 28.97it/s]
 22%|██▏       | 17/79 [00:00<00:02, 29.99it/s]
 27%|██▋       | 21/79 [00:00<00:01, 30.78it/s]
 32%|███▏      | 25/79 [00:00<00:01, 30.99it/s]
 37%|███▋      | 29/79 [00:00<00:01, 32.16it/s]
 42%|████▏     | 33/79 [00:01<00:01, 31.78it/s]
 47%|████▋     | 37/79 [00:01<00:01, 31.09it/s]
 52%|█████▏    | 41/79 [00:01<00:01, 30.57it/s]
 57%|█████▋    | 45/79 [00:01<00:01, 30.20it/s]
 62%|██████▏   | 49/79 [00:01<00:01, 29.85it/s]
 66%|██████▌   | 52/79 [00:01<00:00, 27.71it/s]
 70%|██████▉   | 55/79 [00:01<00:00, 25.25it/s]
 73%|███████▎  | 58/79 [00:02<00:00, 24.49it/s]
 78%|███████▊  | 62/79 [00:02<00:00, 26.03it/s]
 84%|████████▎ | 66/79 [00:02<00:00, 27.53it/s]
 89%|████████▊ | 70/79 [00:02<00:00, 28.69it/s]
 94%|█████████▎| 74/79 [00:02<00:00, 28.37it/s]
 99%|█████████▊| 78/79 [00:02<00:00, 29.04it/s]
100%|██████████| 79/79 [00:02<00:00, 28.66it/s]

CommRound: 15/30
Accuracy: 13.40% | Loss: 2.9425
[##############################------------------------------] 50.0%
Elapsed: 3.7m | Avg/Round: 14.8s | Last: 15.2s | Next: 14.8s | Remaining: 3.7m
ETA: 11:42:03
Recent round times: R1: 14.3s -> R2: 14.4s -> R3: 14.3s -> R4: 14.8s -> R5: 15.2s

  0%|          | 0/79 [00:00<?, ?it/s]
  1%|▏         | 1/79 [00:00<00:10,  7.18it/s]
  6%|▋         | 5/79 [00:00<00:03, 19.18it/s]
 11%|█▏        | 9/79 [00:00<00:02, 24.17it/s]
 16%|█▋        | 13/79 [00:00<00:02, 27.53it/s]
 22%|██▏       | 17/79 [00:00<00:02, 28.92it/s]
 27%|██▋       | 21/79 [00:00<00:02, 28.47it/s]
 32%|███▏      | 25/79 [00:00<00:01, 28.74it/s]
 37%|███▋      | 29/79 [00:01<00:01, 29.07it/s]
 41%|████      | 32/79 [00:01<00:01, 29.11it/s]
 44%|████▍     | 35/79 [00:01<00:01, 28.89it/s]
 48%|████▊     | 38/79 [00:01<00:01, 28.95it/s]
 53%|█████▎    | 42/79 [00:01<00:01, 28.04it/s]
 57%|█████▋    | 45/79 [00:01<00:01, 28.48it/s]
 61%|██████    | 48/79 [00:01<00:01, 26.12it/s]
 66%|██████▌   | 52/79 [00:01<00:01, 26.34it/s]
 70%|██████▉   | 55/79 [00:02<00:00, 27.23it/s]
 73%|███████▎  | 58/79 [00:02<00:00, 25.32it/s]
 78%|███████▊  | 62/79 [00:02<00:00, 26.31it/s]
 84%|████████▎ | 66/79 [00:02<00:00, 27.47it/s]
 89%|████████▊ | 70/79 [00:02<00:00, 28.33it/s]
 94%|█████████▎| 74/79 [00:02<00:00, 28.46it/s]
 99%|█████████▊| 78/79 [00:02<00:00, 29.32it/s]
100%|██████████| 79/79 [00:02<00:00, 27.51it/s]

CommRound: 16/30
Accuracy: 13.41% | Loss: 2.9461
[################################----------------------------] 53.3%
Elapsed: 3.9m | Avg/Round: 14.8s | Last: 14.7s | Next: 14.8s | Remaining: 3.5m
ETA: 11:42:03
Recent round times: R1: 14.4s -> R2: 14.3s -> R3: 14.8s -> R4: 15.2s -> R5: 14.7s

  0%|          | 0/79 [00:00<?, ?it/s]
  1%|▏         | 1/79 [00:00<00:08,  8.70it/s]
  6%|▋         | 5/79 [00:00<00:03, 24.27it/s]
 10%|█         | 8/79 [00:00<00:02, 24.17it/s]
 15%|█▌        | 12/79 [00:00<00:02, 25.11it/s]
 20%|██        | 16/79 [00:00<00:02, 26.51it/s]
 25%|██▌       | 20/79 [00:00<00:02, 26.52it/s]
 30%|███       | 24/79 [00:00<00:02, 27.20it/s]
 34%|███▍      | 27/79 [00:01<00:02, 25.98it/s]
 38%|███▊      | 30/79 [00:01<00:02, 19.95it/s]
 42%|████▏     | 33/79 [00:01<00:02, 21.81it/s]
 46%|████▌     | 36/79 [00:01<00:01, 21.85it/s]
 51%|█████     | 40/79 [00:01<00:01, 23.07it/s]
 56%|█████▌    | 44/79 [00:01<00:01, 23.93it/s]
 59%|█████▉    | 47/79 [00:01<00:01, 25.16it/s]
 63%|██████▎   | 50/79 [00:02<00:01, 23.97it/s]
 67%|██████▋   | 53/79 [00:02<00:01, 24.96it/s]
 71%|███████   | 56/79 [00:02<00:00, 23.92it/s]
 76%|███████▌  | 60/79 [00:02<00:00, 25.56it/s]
 81%|████████  | 64/79 [00:02<00:00, 26.49it/s]
 86%|████████▌ | 68/79 [00:02<00:00, 26.95it/s]
 91%|█████████ | 72/79 [00:02<00:00, 27.18it/s]
 96%|█████████▌| 76/79 [00:03<00:00, 27.83it/s]
100%|██████████| 79/79 [00:03<00:00, 25.08it/s]

CommRound: 17/30
Accuracy: 13.39% | Loss: 2.9519
[##################################--------------------------] 56.7%
Elapsed: 4.2m | Avg/Round: 14.8s | Last: 15.1s | Next: 14.8s | Remaining: 3.2m
ETA: 11:42:03
Recent round times: R1: 14.3s -> R2: 14.8s -> R3: 15.2s -> R4: 14.7s -> R5: 15.1s

  0%|          | 0/79 [00:00<?, ?it/s]
  1%|▏         | 1/79 [00:00<00:09,  8.19it/s]
  8%|▊         | 6/79 [00:00<00:02, 27.66it/s]
 13%|█▎        | 10/79 [00:00<00:02, 30.05it/s]
 18%|█▊        | 14/79 [00:00<00:02, 31.40it/s]
 23%|██▎       | 18/79 [00:00<00:02, 30.25it/s]
 28%|██▊       | 22/79 [00:00<00:01, 31.02it/s]
 33%|███▎      | 26/79 [00:00<00:01, 31.41it/s]
 38%|███▊      | 30/79 [00:01<00:01, 31.15it/s]
 43%|████▎     | 34/79 [00:01<00:01, 31.71it/s]
 48%|████▊     | 38/79 [00:01<00:01, 32.45it/s]
 53%|█████▎    | 42/79 [00:01<00:01, 32.40it/s]
 58%|█████▊    | 46/79 [00:01<00:01, 31.30it/s]
 63%|██████▎   | 50/79 [00:01<00:00, 29.56it/s]
 67%|██████▋   | 53/79 [00:01<00:01, 22.89it/s]
 71%|███████   | 56/79 [00:02<00:01, 22.08it/s]
 75%|███████▍  | 59/79 [00:02<00:01, 18.99it/s]
 78%|███████▊  | 62/79 [00:02<00:00, 19.64it/s]
 82%|████████▏ | 65/79 [00:02<00:00, 16.95it/s]
 85%|████████▍ | 67/79 [00:02<00:00, 16.98it/s]
 87%|████████▋ | 69/79 [00:02<00:00, 16.86it/s]
 90%|████████▉ | 71/79 [00:02<00:00, 16.90it/s]
 92%|█████████▏| 73/79 [00:03<00:00, 16.96it/s]
 95%|█████████▍| 75/79 [00:03<00:00, 16.74it/s]
 99%|█████████▊| 78/79 [00:03<00:00, 19.43it/s]
100%|██████████| 79/79 [00:03<00:00, 23.53it/s]

CommRound: 18/30
Accuracy: 13.38% | Loss: 2.9586
[####################################------------------------] 60.0%
Elapsed: 4.5m | Avg/Round: 14.8s | Last: 15.3s | Next: 14.8s | Remaining: 3.0m
ETA: 11:42:04
Recent round times: R1: 14.8s -> R2: 15.2s -> R3: 14.7s -> R4: 15.1s -> R5: 15.3s

  0%|          | 0/79 [00:00<?, ?it/s]
  1%|▏         | 1/79 [00:00<00:09,  8.43it/s]
  5%|▌         | 4/79 [00:00<00:03, 18.92it/s]
 10%|█         | 8/79 [00:00<00:03, 23.33it/s]
 15%|█▌        | 12/79 [00:00<00:02, 26.41it/s]
 19%|█▉        | 15/79 [00:00<00:02, 24.54it/s]
 24%|██▍       | 19/79 [00:00<00:02, 26.66it/s]
 29%|██▉       | 23/79 [00:00<00:02, 27.77it/s]
 34%|███▍      | 27/79 [00:01<00:01, 28.01it/s]
 39%|███▉      | 31/79 [00:01<00:01, 28.27it/s]
 44%|████▍     | 35/79 [00:01<00:01, 28.23it/s]
 48%|████▊     | 38/79 [00:01<00:01, 28.58it/s]
 52%|█████▏    | 41/79 [00:01<00:01, 28.61it/s]
 56%|█████▌    | 44/79 [00:01<00:01, 27.15it/s]
 61%|██████    | 48/79 [00:01<00:01, 28.09it/s]
 66%|██████▌   | 52/79 [00:01<00:00, 29.31it/s]
 70%|██████▉   | 55/79 [00:02<00:00, 27.78it/s]
 75%|███████▍  | 59/79 [00:02<00:00, 27.75it/s]
 80%|███████▉  | 63/79 [00:02<00:00, 28.51it/s]
 85%|████████▍ | 67/79 [00:02<00:00, 29.04it/s]
 90%|████████▉ | 71/79 [00:02<00:00, 28.91it/s]
 95%|█████████▍| 75/79 [00:02<00:00, 28.86it/s]
100%|██████████| 79/79 [00:02<00:00, 27.83it/s]

CommRound: 19/30
Accuracy: 13.30% | Loss: 2.9657
[######################################----------------------] 63.3%
Elapsed: 4.7m | Avg/Round: 14.8s | Last: 14.8s | Next: 14.8s | Remaining: 2.7m
ETA: 11:42:04
Recent round times: R1: 15.2s -> R2: 14.7s -> R3: 15.1s -> R4: 15.3s -> R5: 14.8s

  0%|          | 0/79 [00:00<?, ?it/s]
  1%|▏         | 1/79 [00:00<00:09,  8.19it/s]
  6%|▋         | 5/79 [00:00<00:03, 19.77it/s]
 11%|█▏        | 9/79 [00:00<00:02, 23.51it/s]
 16%|█▋        | 13/79 [00:00<00:02, 24.72it/s]
 22%|██▏       | 17/79 [00:00<00:02, 26.51it/s]
 27%|██▋       | 21/79 [00:00<00:02, 26.67it/s]
 30%|███       | 24/79 [00:00<00:02, 26.74it/s]
 35%|███▌      | 28/79 [00:01<00:01, 29.86it/s]
 41%|████      | 32/79 [00:01<00:02, 23.15it/s]
 48%|████▊     | 38/79 [00:01<00:01, 29.61it/s]
 53%|█████▎    | 42/79 [00:01<00:01, 30.84it/s]
 58%|█████▊    | 46/79 [00:01<00:01, 31.26it/s]
 63%|██████▎   | 50/79 [00:01<00:00, 29.20it/s]
 68%|██████▊   | 54/79 [00:01<00:00, 28.47it/s]
 72%|███████▏  | 57/79 [00:02<00:00, 26.89it/s]
 77%|███████▋  | 61/79 [00:02<00:00, 27.64it/s]
 82%|████████▏ | 65/79 [00:02<00:00, 27.81it/s]
 87%|████████▋ | 69/79 [00:02<00:00, 27.98it/s]
 92%|█████████▏| 73/79 [00:02<00:00, 28.78it/s]
 97%|█████████▋| 77/79 [00:02<00:00, 29.54it/s]
100%|██████████| 79/79 [00:02<00:00, 27.96it/s]

CommRound: 20/30
Accuracy: 13.16% | Loss: 2.9733
[########################################--------------------] 66.7%
Elapsed: 4.9m | Avg/Round: 14.8s | Last: 14.9s | Next: 14.8s | Remaining: 2.5m
ETA: 11:42:04
Recent round times: R1: 14.7s -> R2: 15.1s -> R3: 15.3s -> R4: 14.8s -> R5: 14.9s

  0%|          | 0/79 [00:00<?, ?it/s]
  1%|▏         | 1/79 [00:00<00:10,  7.63it/s]
  6%|▋         | 5/79 [00:00<00:03, 22.11it/s]
 11%|█▏        | 9/79 [00:00<00:02, 26.03it/s]
 16%|█▋        | 13/79 [00:00<00:02, 28.05it/s]
 22%|██▏       | 17/79 [00:00<00:02, 30.37it/s]
 27%|██▋       | 21/79 [00:00<00:01, 31.79it/s]
 32%|███▏      | 25/79 [00:00<00:01, 32.98it/s]
 37%|███▋      | 29/79 [00:00<00:01, 33.99it/s]
 42%|████▏     | 33/79 [00:01<00:01, 34.47it/s]
 47%|████▋     | 37/79 [00:01<00:01, 34.12it/s]
 52%|█████▏    | 41/79 [00:01<00:01, 33.88it/s]
 57%|█████▋    | 45/79 [00:01<00:01, 33.57it/s]
 62%|██████▏   | 49/79 [00:01<00:00, 33.84it/s]
 67%|██████▋   | 53/79 [00:01<00:00, 32.55it/s]
 72%|███████▏  | 57/79 [00:01<00:00, 31.86it/s]
 77%|███████▋  | 61/79 [00:01<00:00, 31.44it/s]
 82%|████████▏ | 65/79 [00:02<00:00, 29.41it/s]
 86%|████████▌ | 68/79 [00:02<00:00, 27.84it/s]
 91%|█████████ | 72/79 [00:02<00:00, 29.08it/s]
 96%|█████████▌| 76/79 [00:02<00:00, 30.28it/s]
100%|██████████| 79/79 [00:02<00:00, 31.02it/s]

CommRound: 21/30
Accuracy: 13.01% | Loss: 2.9816
[##########################################------------------] 70.0%
Elapsed: 5.2m | Avg/Round: 14.8s | Last: 14.6s | Next: 14.8s | Remaining: 2.2m
ETA: 11:42:04
Recent round times: R1: 15.1s -> R2: 15.3s -> R3: 14.8s -> R4: 14.9s -> R5: 14.6s

  0%|          | 0/79 [00:00<?, ?it/s]
  1%|▏         | 1/79 [00:00<00:10,  7.78it/s]
  6%|▋         | 5/79 [00:00<00:03, 22.65it/s]
 10%|█         | 8/79 [00:00<00:03, 22.55it/s]
 15%|█▌        | 12/79 [00:00<00:02, 24.41it/s]
 19%|█▉        | 15/79 [00:00<00:02, 25.91it/s]
 23%|██▎       | 18/79 [00:00<00:02, 22.44it/s]
 28%|██▊       | 22/79 [00:00<00:02, 26.60it/s]
 33%|███▎      | 26/79 [00:01<00:01, 29.28it/s]
 38%|███▊      | 30/79 [00:01<00:01, 30.87it/s]
 43%|████▎     | 34/79 [00:01<00:01, 31.80it/s]
 48%|████▊     | 38/79 [00:01<00:01, 32.96it/s]
 53%|█████▎    | 42/79 [00:01<00:01, 33.38it/s]
 58%|█████▊    | 46/79 [00:01<00:00, 33.49it/s]
 63%|██████▎   | 50/79 [00:01<00:00, 33.97it/s]
 68%|██████▊   | 54/79 [00:01<00:00, 34.01it/s]
 73%|███████▎  | 58/79 [00:01<00:00, 33.66it/s]
 78%|███████▊  | 62/79 [00:02<00:00, 33.81it/s]
 84%|████████▎ | 66/79 [00:02<00:00, 32.25it/s]
 89%|████████▊ | 70/79 [00:02<00:00, 31.40it/s]
 94%|█████████▎| 74/79 [00:02<00:00, 30.75it/s]
 99%|█████████▊| 78/79 [00:02<00:00, 31.21it/s]
100%|██████████| 79/79 [00:02<00:00, 30.08it/s]

CommRound: 22/30
Accuracy: 12.72% | Loss: 2.9910
[############################################----------------] 73.3%
Elapsed: 5.4m | Avg/Round: 14.8s | Last: 14.5s | Next: 14.8s | Remaining: 2.0m
ETA: 11:42:03
Recent round times: R1: 15.3s -> R2: 14.8s -> R3: 14.9s -> R4: 14.6s -> R5: 14.5s

  0%|          | 0/79 [00:00<?, ?it/s]
  3%|▎         | 2/79 [00:00<00:04, 18.77it/s]
  8%|▊         | 6/79 [00:00<00:02, 29.14it/s]
 11%|█▏        | 9/79 [00:00<00:04, 15.96it/s]
 15%|█▌        | 12/79 [00:00<00:04, 15.57it/s]
 22%|██▏       | 17/79 [00:00<00:02, 22.49it/s]
 27%|██▋       | 21/79 [00:00<00:02, 23.76it/s]
 32%|███▏      | 25/79 [00:01<00:01, 27.24it/s]
 37%|███▋      | 29/79 [00:01<00:01, 29.56it/s]
 42%|████▏     | 33/79 [00:01<00:01, 31.16it/s]
 47%|████▋     | 37/79 [00:01<00:01, 31.27it/s]
 52%|█████▏    | 41/79 [00:01<00:01, 32.72it/s]
 57%|█████▋    | 45/79 [00:01<00:01, 30.73it/s]
 62%|██████▏   | 49/79 [00:02<00:01, 19.05it/s]
 67%|██████▋   | 53/79 [00:02<00:01, 20.75it/s]
 71%|███████   | 56/79 [00:02<00:01, 21.69it/s]
 75%|███████▍  | 59/79 [00:02<00:01, 11.52it/s]
 77%|███████▋  | 61/79 [00:03<00:01, 11.89it/s]
 81%|████████  | 64/79 [00:03<00:01, 13.64it/s]
 85%|████████▍ | 67/79 [00:03<00:00, 15.42it/s]
 87%|████████▋ | 69/79 [00:03<00:00, 15.60it/s]
 92%|█████████▏| 73/79 [00:03<00:00, 17.47it/s]
 95%|█████████▍| 75/79 [00:03<00:00, 13.45it/s]
100%|██████████| 79/79 [00:04<00:00, 17.71it/s]
100%|██████████| 79/79 [00:04<00:00, 19.26it/s]

CommRound: 23/30
Accuracy: 12.68% | Loss: 2.9992
[##############################################--------------] 76.7%
Elapsed: 5.7m | Avg/Round: 14.9s | Last: 16.4s | Next: 14.9s | Remaining: 1.7m
ETA: 11:42:05
Recent round times: R1: 14.8s -> R2: 14.9s -> R3: 14.6s -> R4: 14.5s -> R5: 16.4s

  0%|          | 0/79 [00:00<?, ?it/s]
  1%|▏         | 1/79 [00:00<00:12,  6.28it/s]
  5%|▌         | 4/79 [00:00<00:04, 15.81it/s]
  8%|▊         | 6/79 [00:00<00:04, 15.88it/s]
 10%|█         | 8/79 [00:00<00:04, 16.36it/s]
 13%|█▎        | 10/79 [00:00<00:04, 17.01it/s]
 15%|█▌        | 12/79 [00:00<00:03, 17.59it/s]
 18%|█▊        | 14/79 [00:00<00:03, 16.47it/s]
 22%|██▏       | 17/79 [00:00<00:03, 19.61it/s]
 25%|██▌       | 20/79 [00:01<00:02, 20.09it/s]
 29%|██▉       | 23/79 [00:01<00:03, 18.11it/s]
 32%|███▏      | 25/79 [00:01<00:02, 18.09it/s]
 34%|███▍      | 27/79 [00:01<00:02, 18.31it/s]
 37%|███▋      | 29/79 [00:01<00:02, 18.72it/s]
 39%|███▉      | 31/79 [00:01<00:02, 17.37it/s]
 42%|████▏     | 33/79 [00:01<00:03, 14.91it/s]
 44%|████▍     | 35/79 [00:02<00:02, 14.89it/s]
 49%|████▉     | 39/79 [00:02<00:02, 16.93it/s]
 54%|█████▍    | 43/79 [00:02<00:01, 21.88it/s]
 59%|█████▉    | 47/79 [00:02<00:01, 23.45it/s]
 63%|██████▎   | 50/79 [00:02<00:01, 23.92it/s]
 67%|██████▋   | 53/79 [00:02<00:01, 22.59it/s]
 71%|███████   | 56/79 [00:02<00:00, 24.24it/s]
 75%|███████▍  | 59/79 [00:03<00:00, 23.14it/s]
 78%|███████▊  | 62/79 [00:03<00:00, 22.03it/s]
 82%|████████▏ | 65/79 [00:03<00:00, 22.93it/s]
 86%|████████▌ | 68/79 [00:03<00:00, 23.28it/s]
 90%|████████▉ | 71/79 [00:03<00:00, 19.82it/s]
 94%|█████████▎| 74/79 [00:03<00:00, 18.82it/s]
100%|██████████| 79/79 [00:03<00:00, 20.02it/s]

CommRound: 24/30
Accuracy: 12.55% | Loss: 3.0067
[################################################------------] 80.0%
Elapsed: 6.0m | Avg/Round: 14.9s | Last: 16.4s | Next: 14.9s | Remaining: 1.5m
ETA: 11:42:07
Recent round times: R1: 14.9s -> R2: 14.6s -> R3: 14.5s -> R4: 16.4s -> R5: 16.4s

  0%|          | 0/79 [00:00<?, ?it/s]
  1%|▏         | 1/79 [00:00<00:11,  6.81it/s]
  5%|▌         | 4/79 [00:00<00:04, 18.24it/s]
  9%|▉         | 7/79 [00:00<00:03, 19.89it/s]
 13%|█▎        | 10/79 [00:00<00:03, 22.39it/s]
 16%|█▋        | 13/79 [00:00<00:04, 16.16it/s]
 19%|█▉        | 15/79 [00:00<00:04, 15.43it/s]
 22%|██▏       | 17/79 [00:01<00:04, 15.33it/s]
 24%|██▍       | 19/79 [00:01<00:04, 14.46it/s]
 27%|██▋       | 21/79 [00:01<00:04, 14.17it/s]
 29%|██▉       | 23/79 [00:01<00:04, 13.98it/s]
 33%|███▎      | 26/79 [00:01<00:03, 16.79it/s]
 35%|███▌      | 28/79 [00:01<00:02, 17.08it/s]
 38%|███▊      | 30/79 [00:01<00:03, 16.15it/s]
 41%|████      | 32/79 [00:02<00:03, 15.08it/s]
 44%|████▍     | 35/79 [00:02<00:02, 16.50it/s]
 49%|████▉     | 39/79 [00:02<00:02, 19.25it/s]
 54%|█████▍    | 43/79 [00:02<00:01, 22.61it/s]
 58%|█████▊    | 46/79 [00:02<00:01, 23.09it/s]
 62%|██████▏   | 49/79 [00:02<00:01, 17.61it/s]
 65%|██████▍   | 51/79 [00:02<00:01, 17.43it/s]
 67%|██████▋   | 53/79 [00:03<00:01, 17.39it/s]
 71%|███████   | 56/79 [00:03<00:01, 19.86it/s]
 76%|███████▌  | 60/79 [00:03<00:00, 21.53it/s]
 80%|███████▉  | 63/79 [00:03<00:00, 20.12it/s]
 84%|████████▎ | 66/79 [00:03<00:00, 18.84it/s]
 87%|████████▋ | 69/79 [00:03<00:00, 20.81it/s]
 91%|█████████ | 72/79 [00:03<00:00, 20.55it/s]
 95%|█████████▍| 75/79 [00:04<00:00, 19.55it/s]
 99%|█████████▊| 78/79 [00:04<00:00, 20.27it/s]
100%|██████████| 79/79 [00:04<00:00, 18.30it/s]

CommRound: 25/30
Accuracy: 12.54% | Loss: 3.0131
[##################################################----------] 83.3%
Elapsed: 6.3m | Avg/Round: 15.0s | Last: 16.9s | Next: 15.0s | Remaining: 1.3m
ETA: 11:42:10
Recent round times: R1: 14.6s -> R2: 14.5s -> R3: 16.4s -> R4: 16.4s -> R5: 16.9s

  0%|          | 0/79 [00:00<?, ?it/s]
  1%|▏         | 1/79 [00:00<00:13,  5.61it/s]
  4%|▍         | 3/79 [00:00<00:07, 10.75it/s]
  6%|▋         | 5/79 [00:00<00:05, 13.97it/s]
 11%|█▏        | 9/79 [00:00<00:03, 19.58it/s]
 14%|█▍        | 11/79 [00:00<00:03, 18.86it/s]
 16%|█▋        | 13/79 [00:00<00:04, 15.88it/s]
 19%|█▉        | 15/79 [00:01<00:04, 14.79it/s]
 22%|██▏       | 17/79 [00:01<00:05, 11.86it/s]
 27%|██▋       | 21/79 [00:01<00:03, 16.16it/s]
 29%|██▉       | 23/79 [00:01<00:03, 16.22it/s]
 33%|███▎      | 26/79 [00:01<00:02, 18.90it/s]
 37%|███▋      | 29/79 [00:01<00:02, 19.07it/s]
 42%|████▏     | 33/79 [00:01<00:02, 22.15it/s]
 47%|████▋     | 37/79 [00:02<00:01, 22.97it/s]
 51%|█████     | 40/79 [00:02<00:01, 23.21it/s]
 54%|█████▍    | 43/79 [00:02<00:01, 20.34it/s]
 58%|█████▊    | 46/79 [00:02<00:01, 18.57it/s]
 61%|██████    | 48/79 [00:02<00:01, 17.98it/s]
 63%|██████▎   | 50/79 [00:02<00:01, 18.24it/s]
 66%|██████▌   | 52/79 [00:02<00:01, 17.96it/s]
 68%|██████▊   | 54/79 [00:03<00:01, 17.87it/s]
 72%|███████▏  | 57/79 [00:03<00:01, 20.39it/s]
 76%|███████▌  | 60/79 [00:03<00:01, 17.83it/s]
 78%|███████▊  | 62/79 [00:03<00:00, 17.12it/s]
 82%|████████▏ | 65/79 [00:03<00:00, 19.36it/s]
 86%|████████▌ | 68/79 [00:03<00:00, 18.63it/s]
 90%|████████▉ | 71/79 [00:03<00:00, 17.11it/s]
 92%|█████████▏| 73/79 [00:04<00:00, 17.69it/s]
 95%|█████████▍| 75/79 [00:04<00:00, 17.44it/s]
 99%|█████████▊| 78/79 [00:04<00:00, 19.43it/s]
100%|██████████| 79/79 [00:04<00:00, 18.07it/s]

CommRound: 26/30
Accuracy: 12.50% | Loss: 3.0173
[####################################################--------] 86.7%
Elapsed: 6.5m | Avg/Round: 15.1s | Last: 16.8s | Next: 15.1s | Remaining: 1.0m
ETA: 11:42:12
Recent round times: R1: 14.5s -> R2: 16.4s -> R3: 16.4s -> R4: 16.9s -> R5: 16.8s

  0%|          | 0/79 [00:00<?, ?it/s]
  1%|▏         | 1/79 [00:00<00:13,  5.98it/s]
  6%|▋         | 5/79 [00:00<00:03, 18.52it/s]
 11%|█▏        | 9/79 [00:00<00:03, 21.92it/s]
 15%|█▌        | 12/79 [00:00<00:02, 22.64it/s]
 19%|█▉        | 15/79 [00:00<00:02, 23.04it/s]
 23%|██▎       | 18/79 [00:00<00:02, 24.71it/s]
 27%|██▋       | 21/79 [00:00<00:02, 25.16it/s]
 30%|███       | 24/79 [00:01<00:03, 18.21it/s]
 34%|███▍      | 27/79 [00:01<00:04, 12.76it/s]
 38%|███▊      | 30/79 [00:01<00:03, 13.76it/s]
 41%|████      | 32/79 [00:01<00:03, 13.61it/s]
 44%|████▍     | 35/79 [00:02<00:02, 15.85it/s]
 49%|████▉     | 39/79 [00:02<00:02, 15.48it/s]
 52%|█████▏    | 41/79 [00:02<00:02, 15.81it/s]
 57%|█████▋    | 45/79 [00:02<00:01, 19.69it/s]
 62%|██████▏   | 49/79 [00:02<00:01, 20.79it/s]
 66%|██████▌   | 52/79 [00:02<00:01, 21.85it/s]
 70%|██████▉   | 55/79 [00:02<00:01, 23.23it/s]
 75%|███████▍  | 59/79 [00:03<00:00, 24.34it/s]
 80%|███████▉  | 63/79 [00:03<00:00, 25.72it/s]
 84%|████████▎ | 66/79 [00:03<00:00, 26.72it/s]
 87%|████████▋ | 69/79 [00:03<00:00, 25.87it/s]
 91%|█████████ | 72/79 [00:03<00:00, 24.56it/s]
 95%|█████████▍| 75/79 [00:03<00:00, 23.43it/s]
100%|██████████| 79/79 [00:03<00:00, 26.75it/s]
100%|██████████| 79/79 [00:03<00:00, 20.39it/s]

CommRound: 27/30
Accuracy: 12.49% | Loss: 3.0206
[######################################################------] 90.0%
Elapsed: 6.8m | Avg/Round: 15.1s | Last: 15.9s | Next: 15.1s | Remaining: 0.8m
ETA: 11:42:13
Recent round times: R1: 16.4s -> R2: 16.4s -> R3: 16.9s -> R4: 16.8s -> R5: 15.9s

  0%|          | 0/79 [00:00<?, ?it/s]
  1%|▏         | 1/79 [00:00<00:15,  5.12it/s]
  6%|▋         | 5/79 [00:00<00:04, 17.24it/s]
 10%|█         | 8/79 [00:00<00:03, 21.50it/s]
 14%|█▍        | 11/79 [00:00<00:02, 22.84it/s]
 18%|█▊        | 14/79 [00:00<00:02, 24.27it/s]
 22%|██▏       | 17/79 [00:00<00:02, 24.20it/s]
 25%|██▌       | 20/79 [00:00<00:02, 25.78it/s]
 29%|██▉       | 23/79 [00:01<00:02, 25.88it/s]
 33%|███▎      | 26/79 [00:01<00:02, 22.72it/s]
 38%|███▊      | 30/79 [00:01<00:01, 24.78it/s]
 42%|████▏     | 33/79 [00:01<00:01, 23.62it/s]
 46%|████▌     | 36/79 [00:01<00:02, 19.69it/s]
 51%|█████     | 40/79 [00:01<00:01, 21.48it/s]
 54%|█████▍    | 43/79 [00:01<00:01, 23.28it/s]
 58%|█████▊    | 46/79 [00:02<00:01, 22.05it/s]
 62%|██████▏   | 49/79 [00:02<00:01, 21.29it/s]
 66%|██████▌   | 52/79 [00:02<00:01, 17.02it/s]
 71%|███████   | 56/79 [00:02<00:01, 20.08it/s]
 76%|███████▌  | 60/79 [00:02<00:00, 22.89it/s]
 80%|███████▉  | 63/79 [00:02<00:00, 23.32it/s]
 84%|████████▎ | 66/79 [00:02<00:00, 24.65it/s]
 87%|████████▋ | 69/79 [00:03<00:00, 25.30it/s]
 91%|█████████ | 72/79 [00:03<00:00, 25.90it/s]
 96%|█████████▌| 76/79 [00:03<00:00, 26.62it/s]
100%|██████████| 79/79 [00:03<00:00, 23.01it/s]

CommRound: 28/30
Accuracy: 12.47% | Loss: 3.0227
[########################################################----] 93.3%
Elapsed: 7.1m | Avg/Round: 15.1s | Last: 15.6s | Next: 15.1s | Remaining: 0.5m
ETA: 11:42:13
Recent round times: R1: 16.4s -> R2: 16.9s -> R3: 16.8s -> R4: 15.9s -> R5: 15.6s

  0%|          | 0/79 [00:00<?, ?it/s]
  1%|▏         | 1/79 [00:00<00:14,  5.49it/s]
  4%|▍         | 3/79 [00:00<00:06, 11.06it/s]
  9%|▉         | 7/79 [00:00<00:03, 20.55it/s]
 13%|█▎        | 10/79 [00:00<00:03, 21.05it/s]
 16%|█▋        | 13/79 [00:00<00:03, 20.81it/s]
 22%|██▏       | 17/79 [00:00<00:02, 23.38it/s]
 25%|██▌       | 20/79 [00:00<00:02, 24.08it/s]
 29%|██▉       | 23/79 [00:01<00:02, 23.99it/s]
 33%|███▎      | 26/79 [00:01<00:02, 22.89it/s]
 37%|███▋      | 29/79 [00:01<00:02, 19.84it/s]
 41%|████      | 32/79 [00:01<00:02, 17.97it/s]
 43%|████▎     | 34/79 [00:01<00:02, 16.81it/s]
 46%|████▌     | 36/79 [00:01<00:02, 15.90it/s]
 48%|████▊     | 38/79 [00:02<00:02, 15.62it/s]
 51%|█████     | 40/79 [00:02<00:02, 16.28it/s]
 53%|█████▎    | 42/79 [00:02<00:02, 15.56it/s]
 56%|█████▌    | 44/79 [00:02<00:02, 15.77it/s]
 59%|█████▉    | 47/79 [00:02<00:01, 18.31it/s]
 62%|██████▏   | 49/79 [00:02<00:01, 17.81it/s]
 65%|██████▍   | 51/79 [00:02<00:01, 16.01it/s]
 67%|██████▋   | 53/79 [00:02<00:01, 15.55it/s]
 70%|██████▉   | 55/79 [00:03<00:01, 15.10it/s]
 72%|███████▏  | 57/79 [00:03<00:01, 15.12it/s]
 75%|███████▍  | 59/79 [00:03<00:01, 14.80it/s]
 77%|███████▋  | 61/79 [00:03<00:01, 15.59it/s]
 80%|███████▉  | 63/79 [00:03<00:01, 11.72it/s]
 85%|████████▍ | 67/79 [00:03<00:00, 14.55it/s]
 87%|████████▋ | 69/79 [00:04<00:00, 13.42it/s]
 91%|█████████ | 72/79 [00:04<00:00, 16.00it/s]
 94%|█████████▎| 74/79 [00:04<00:00, 15.96it/s]
 96%|█████████▌| 76/79 [00:04<00:00, 15.06it/s]
100%|██████████| 79/79 [00:04<00:00, 16.93it/s]

CommRound: 29/30
Accuracy: 12.49% | Loss: 3.0242
[##########################################################--] 96.7%
Elapsed: 7.3m | Avg/Round: 15.2s | Last: 16.8s | Next: 15.2s | Remaining: 0.3m
ETA: 11:42:15
Recent round times: R1: 16.9s -> R2: 16.8s -> R3: 15.9s -> R4: 15.6s -> R5: 16.8s

  0%|          | 0/79 [00:00<?, ?it/s]
  1%|▏         | 1/79 [00:00<00:20,  3.84it/s]
  4%|▍         | 3/79 [00:00<00:08,  8.73it/s]
  8%|▊         | 6/79 [00:00<00:04, 15.27it/s]
 11%|█▏        | 9/79 [00:00<00:03, 18.93it/s]
 15%|█▌        | 12/79 [00:00<00:03, 19.39it/s]
 19%|█▉        | 15/79 [00:00<00:03, 19.72it/s]
 23%|██▎       | 18/79 [00:01<00:02, 20.36it/s]
 27%|██▋       | 21/79 [00:01<00:03, 18.68it/s]
 29%|██▉       | 23/79 [00:01<00:03, 17.68it/s]
 33%|███▎      | 26/79 [00:01<00:02, 19.24it/s]
 35%|███▌      | 28/79 [00:01<00:02, 18.25it/s]
 39%|███▉      | 31/79 [00:01<00:02, 19.82it/s]
 44%|████▍     | 35/79 [00:01<00:01, 23.41it/s]
 48%|████▊     | 38/79 [00:02<00:01, 23.04it/s]
 52%|█████▏    | 41/79 [00:02<00:01, 19.31it/s]
 56%|█████▌    | 44/79 [00:02<00:01, 19.82it/s]
 59%|█████▉    | 47/79 [00:02<00:01, 18.49it/s]
 62%|██████▏   | 49/79 [00:02<00:01, 16.57it/s]
 65%|██████▍   | 51/79 [00:02<00:01, 15.65it/s]
 67%|██████▋   | 53/79 [00:02<00:01, 15.63it/s]
 70%|██████▉   | 55/79 [00:03<00:01, 15.10it/s]
 72%|███████▏  | 57/79 [00:03<00:01, 14.84it/s]
 75%|███████▍  | 59/79 [00:03<00:01, 14.26it/s]
 77%|███████▋  | 61/79 [00:03<00:01, 14.05it/s]
 80%|███████▉  | 63/79 [00:03<00:01, 14.06it/s]
 82%|████████▏ | 65/79 [00:03<00:01, 13.97it/s]
 85%|████████▍ | 67/79 [00:03<00:00, 14.31it/s]
 87%|████████▋ | 69/79 [00:04<00:00, 13.75it/s]
 90%|████████▉ | 71/79 [00:04<00:00, 14.01it/s]
 92%|█████████▏| 73/79 [00:04<00:00, 13.12it/s]
 95%|█████████▍| 75/79 [00:04<00:00, 13.23it/s]
 97%|█████████▋| 77/79 [00:04<00:00, 13.38it/s]
100%|██████████| 79/79 [00:04<00:00, 16.32it/s]

CommRound: 30/30
Accuracy: 12.49% | Loss: 3.0252
[############################################################] 100.0%
Elapsed: 7.6m | Avg/Round: 15.3s | Last: 16.8s | Next: 15.3s | Remaining: 0.0m
ETA: 11:42:16
Recent round times: R1: 16.8s -> R2: 15.9s -> R3: 15.6s -> R4: 16.8s -> R5: 16.8s
Total time for experiment: 457.5747332572937 seconds
Device average training time per communication round [s]:
    rpi (sld-rpi-09.ece.utexas.edu): 8.91 seconds
    mc1 (sld-mc1-09.ece.utexas.edu): 10.70 seconds
