
  0%|          | 0/79 [00:00<?, ?it/s]
  1%|▏         | 1/79 [00:00<00:10,  7.48it/s]
  6%|▋         | 5/79 [00:00<00:03, 22.01it/s]
 11%|█▏        | 9/79 [00:00<00:02, 25.80it/s]
 16%|█▋        | 13/79 [00:00<00:02, 27.38it/s]
 22%|██▏       | 17/79 [00:00<00:02, 28.73it/s]
 27%|██▋       | 21/79 [00:00<00:01, 29.40it/s]
 32%|███▏      | 25/79 [00:00<00:01, 29.59it/s]
 35%|███▌      | 28/79 [00:01<00:01, 28.96it/s]
 39%|███▉      | 31/79 [00:01<00:01, 27.16it/s]
 44%|████▍     | 35/79 [00:01<00:01, 28.11it/s]
 49%|████▉     | 39/79 [00:01<00:01, 28.79it/s]
 54%|█████▍    | 43/79 [00:01<00:01, 29.77it/s]
 58%|█████▊    | 46/79 [00:01<00:01, 28.11it/s]
 62%|██████▏   | 49/79 [00:01<00:01, 19.01it/s]
 66%|██████▌   | 52/79 [00:02<00:01, 19.31it/s]
 70%|██████▉   | 55/79 [00:02<00:01, 20.58it/s]
 75%|███████▍  | 59/79 [00:02<00:00, 23.46it/s]
 80%|███████▉  | 63/79 [00:02<00:00, 25.62it/s]
 85%|████████▍ | 67/79 [00:02<00:00, 26.60it/s]
 90%|████████▉ | 71/79 [00:02<00:00, 26.37it/s]
 95%|█████████▍| 75/79 [00:02<00:00, 26.54it/s]
100%|██████████| 79/79 [00:03<00:00, 26.02it/s]
Initial Accuracy: 9.74%; Initial Loss: 2.3088

  0%|          | 0/79 [00:00<?, ?it/s]
  1%|▏         | 1/79 [00:00<00:12,  6.43it/s]
  5%|▌         | 4/79 [00:00<00:04, 17.05it/s]
  9%|▉         | 7/79 [00:00<00:03, 20.72it/s]
 13%|█▎        | 10/79 [00:00<00:03, 20.87it/s]
 16%|█▋        | 13/79 [00:00<00:02, 22.27it/s]
 20%|██        | 16/79 [00:00<00:02, 21.33it/s]
 25%|██▌       | 20/79 [00:00<00:02, 22.71it/s]
 30%|███       | 24/79 [00:01<00:02, 23.44it/s]
 35%|███▌      | 28/79 [00:01<00:02, 24.26it/s]
 41%|████      | 32/79 [00:01<00:02, 23.16it/s]
 44%|████▍     | 35/79 [00:01<00:01, 24.24it/s]
 48%|████▊     | 38/79 [00:01<00:01, 20.77it/s]
 53%|█████▎    | 42/79 [00:01<00:01, 22.32it/s]
 58%|█████▊    | 46/79 [00:02<00:01, 25.15it/s]
 63%|██████▎   | 50/79 [00:02<00:01, 25.84it/s]
 67%|██████▋   | 53/79 [00:02<00:01, 25.39it/s]
 71%|███████   | 56/79 [00:02<00:00, 23.58it/s]
 75%|███████▍  | 59/79 [00:02<00:00, 24.00it/s]
 78%|███████▊  | 62/79 [00:02<00:00, 24.61it/s]
 82%|████████▏ | 65/79 [00:02<00:00, 23.27it/s]
 87%|████████▋ | 69/79 [00:02<00:00, 24.56it/s]
 91%|█████████ | 72/79 [00:03<00:00, 25.80it/s]
 95%|█████████▍| 75/79 [00:03<00:00, 22.64it/s]
100%|██████████| 79/79 [00:03<00:00, 23.57it/s]

CommRound: 1/30
Accuracy: 10.28% | Loss: 2.4988
[##----------------------------------------------------------] 3.3%
Elapsed: 0.3m | Avg/Round: 18.3s | Last: 15.2s | Next: 18.3s | Remaining: 8.8m
ETA: 11:52:01
Recent round times: R1: 15.2s

  0%|          | 0/79 [00:00<?, ?it/s]
  1%|▏         | 1/79 [00:00<00:13,  5.87it/s]
  6%|▋         | 5/79 [00:00<00:04, 17.25it/s]
 11%|█▏        | 9/79 [00:00<00:03, 21.95it/s]
 16%|█▋        | 13/79 [00:00<00:02, 25.17it/s]
 22%|██▏       | 17/79 [00:00<00:02, 24.64it/s]
 27%|██▋       | 21/79 [00:00<00:02, 26.23it/s]
 32%|███▏      | 25/79 [00:01<00:01, 28.02it/s]
 37%|███▋      | 29/79 [00:01<00:01, 28.93it/s]
 42%|████▏     | 33/79 [00:01<00:01, 29.05it/s]
 46%|████▌     | 36/79 [00:01<00:01, 27.70it/s]
 49%|████▉     | 39/79 [00:01<00:01, 27.76it/s]
 53%|█████▎    | 42/79 [00:01<00:01, 25.98it/s]
 57%|█████▋    | 45/79 [00:01<00:01, 26.71it/s]
 61%|██████    | 48/79 [00:01<00:01, 24.85it/s]
 66%|██████▌   | 52/79 [00:02<00:01, 24.58it/s]
 70%|██████▉   | 55/79 [00:02<00:00, 25.80it/s]
 73%|███████▎  | 58/79 [00:02<00:00, 23.76it/s]
 78%|███████▊  | 62/79 [00:02<00:00, 25.53it/s]
 84%|████████▎ | 66/79 [00:02<00:00, 26.94it/s]
 89%|████████▊ | 70/79 [00:02<00:00, 28.14it/s]
 94%|█████████▎| 74/79 [00:02<00:00, 28.28it/s]
 97%|█████████▋| 77/79 [00:02<00:00, 28.06it/s]
100%|██████████| 79/79 [00:03<00:00, 25.90it/s]

CommRound: 2/30
Accuracy: 10.28% | Loss: 2.6771
[####--------------------------------------------------------] 6.7%
Elapsed: 0.6m | Avg/Round: 16.6s | Last: 15.0s | Next: 16.6s | Remaining: 7.8m
ETA: 11:51:12
Recent round times: R1: 15.2s -> R2: 15.0s

  0%|          | 0/79 [00:00<?, ?it/s]
  1%|▏         | 1/79 [00:00<00:12,  6.34it/s]
  6%|▋         | 5/79 [00:00<00:03, 18.66it/s]
 11%|█▏        | 9/79 [00:00<00:02, 23.72it/s]
 16%|█▋        | 13/79 [00:00<00:02, 25.30it/s]
 22%|██▏       | 17/79 [00:00<00:02, 24.41it/s]
 25%|██▌       | 20/79 [00:00<00:02, 22.21it/s]
 29%|██▉       | 23/79 [00:01<00:03, 16.98it/s]
 33%|███▎      | 26/79 [00:01<00:02, 19.16it/s]
 37%|███▋      | 29/79 [00:01<00:02, 20.59it/s]
 42%|████▏     | 33/79 [00:01<00:02, 20.24it/s]
 47%|████▋     | 37/79 [00:01<00:01, 21.33it/s]
 52%|█████▏    | 41/79 [00:01<00:01, 22.89it/s]
 57%|█████▋    | 45/79 [00:02<00:01, 23.08it/s]
 62%|██████▏   | 49/79 [00:02<00:01, 25.86it/s]
 67%|██████▋   | 53/79 [00:02<00:00, 27.63it/s]
 72%|███████▏  | 57/79 [00:02<00:00, 27.86it/s]
 77%|███████▋  | 61/79 [00:02<00:00, 29.90it/s]
 82%|████████▏ | 65/79 [00:02<00:00, 30.42it/s]
 87%|████████▋ | 69/79 [00:02<00:00, 30.62it/s]
 92%|█████████▏| 73/79 [00:02<00:00, 31.74it/s]
 97%|█████████▋| 77/79 [00:03<00:00, 29.38it/s]
100%|██████████| 79/79 [00:03<00:00, 24.94it/s]

CommRound: 3/30
Accuracy: 10.28% | Loss: 2.7684
[######------------------------------------------------------] 10.0%
Elapsed: 0.8m | Avg/Round: 16.0s | Last: 14.8s | Next: 16.0s | Remaining: 7.2m
ETA: 11:50:54
Recent round times: R1: 15.2s -> R2: 15.0s -> R3: 14.8s

  0%|          | 0/79 [00:00<?, ?it/s]
  1%|▏         | 1/79 [00:00<00:13,  5.88it/s]
  6%|▋         | 5/79 [00:00<00:03, 21.41it/s]
 10%|█         | 8/79 [00:00<00:03, 20.33it/s]
 14%|█▍        | 11/79 [00:00<00:03, 21.21it/s]
 19%|█▉        | 15/79 [00:00<00:02, 23.23it/s]
 23%|██▎       | 18/79 [00:00<00:02, 25.00it/s]
 27%|██▋       | 21/79 [00:00<00:02, 25.62it/s]
 32%|███▏      | 25/79 [00:01<00:01, 27.89it/s]
 37%|███▋      | 29/79 [00:01<00:01, 29.31it/s]
 42%|████▏     | 33/79 [00:01<00:01, 30.37it/s]
 47%|████▋     | 37/79 [00:01<00:01, 30.17it/s]
 52%|█████▏    | 41/79 [00:01<00:01, 30.11it/s]
 57%|█████▋    | 45/79 [00:01<00:01, 30.27it/s]
 62%|██████▏   | 49/79 [00:01<00:00, 31.26it/s]
 67%|██████▋   | 53/79 [00:01<00:00, 31.88it/s]
 72%|███████▏  | 57/79 [00:02<00:00, 31.90it/s]
 77%|███████▋  | 61/79 [00:02<00:00, 32.71it/s]
 82%|████████▏ | 65/79 [00:02<00:00, 31.84it/s]
 87%|████████▋ | 69/79 [00:02<00:00, 32.33it/s]
 92%|█████████▏| 73/79 [00:02<00:00, 32.55it/s]
 97%|█████████▋| 77/79 [00:02<00:00, 32.85it/s]
100%|██████████| 79/79 [00:02<00:00, 28.89it/s]

CommRound: 4/30
Accuracy: 10.28% | Loss: 2.8178
[########----------------------------------------------------] 13.3%
Elapsed: 1.0m | Avg/Round: 15.7s | Last: 14.6s | Next: 15.7s | Remaining: 6.8m
ETA: 11:50:43
Recent round times: R1: 15.2s -> R2: 15.0s -> R3: 14.8s -> R4: 14.6s

  0%|          | 0/79 [00:00<?, ?it/s]
  1%|▏         | 1/79 [00:00<00:16,  4.63it/s]
  5%|▌         | 4/79 [00:00<00:05, 14.62it/s]
 11%|█▏        | 9/79 [00:00<00:02, 24.21it/s]
 15%|█▌        | 12/79 [00:00<00:02, 24.70it/s]
 19%|█▉        | 15/79 [00:00<00:02, 25.43it/s]
 23%|██▎       | 18/79 [00:00<00:02, 26.72it/s]
 28%|██▊       | 22/79 [00:00<00:01, 29.14it/s]
 33%|███▎      | 26/79 [00:01<00:01, 30.54it/s]
 38%|███▊      | 30/79 [00:01<00:01, 31.23it/s]
 43%|████▎     | 34/79 [00:01<00:01, 31.83it/s]
 48%|████▊     | 38/79 [00:01<00:01, 32.13it/s]
 53%|█████▎    | 42/79 [00:01<00:01, 32.35it/s]
 58%|█████▊    | 46/79 [00:01<00:01, 32.25it/s]
 63%|██████▎   | 50/79 [00:01<00:00, 30.45it/s]
 68%|██████▊   | 54/79 [00:01<00:00, 30.60it/s]
 73%|███████▎  | 58/79 [00:02<00:00, 27.91it/s]
 77%|███████▋  | 61/79 [00:02<00:00, 28.20it/s]
 81%|████████  | 64/79 [00:02<00:00, 26.57it/s]
 85%|████████▍ | 67/79 [00:02<00:00, 25.72it/s]
 89%|████████▊ | 70/79 [00:02<00:00, 26.28it/s]
 92%|█████████▏| 73/79 [00:02<00:00, 25.99it/s]
 96%|█████████▌| 76/79 [00:02<00:00, 26.78it/s]
100%|██████████| 79/79 [00:02<00:00, 27.32it/s]

CommRound: 5/30
Accuracy: 10.28% | Loss: 2.8475
[##########--------------------------------------------------] 16.7%
Elapsed: 1.3m | Avg/Round: 15.5s | Last: 14.9s | Next: 15.5s | Remaining: 6.5m
ETA: 11:50:39
Recent round times: R1: 15.2s -> R2: 15.0s -> R3: 14.8s -> R4: 14.6s -> R5: 14.9s

  0%|          | 0/79 [00:00<?, ?it/s]
  1%|▏         | 1/79 [00:00<00:15,  5.18it/s]
  5%|▌         | 4/79 [00:00<00:06, 11.32it/s]
 10%|█         | 8/79 [00:00<00:03, 19.73it/s]
 14%|█▍        | 11/79 [00:00<00:03, 20.79it/s]
 18%|█▊        | 14/79 [00:00<00:02, 22.74it/s]
 22%|██▏       | 17/79 [00:00<00:02, 24.61it/s]
 25%|██▌       | 20/79 [00:00<00:02, 24.39it/s]
 29%|██▉       | 23/79 [00:01<00:02, 22.65it/s]
 34%|███▍      | 27/79 [00:01<00:02, 25.55it/s]
 38%|███▊      | 30/79 [00:01<00:02, 19.14it/s]
 43%|████▎     | 34/79 [00:01<00:02, 22.43it/s]
 48%|████▊     | 38/79 [00:01<00:01, 25.20it/s]
 53%|█████▎    | 42/79 [00:01<00:01, 24.87it/s]
 57%|█████▋    | 45/79 [00:02<00:01, 23.01it/s]
 62%|██████▏   | 49/79 [00:02<00:01, 26.17it/s]
 66%|██████▌   | 52/79 [00:02<00:01, 25.48it/s]
 70%|██████▉   | 55/79 [00:02<00:00, 26.45it/s]
 73%|███████▎  | 58/79 [00:02<00:00, 26.23it/s]
 77%|███████▋  | 61/79 [00:02<00:00, 24.50it/s]
 81%|████████  | 64/79 [00:02<00:00, 24.93it/s]
 85%|████████▍ | 67/79 [00:02<00:00, 24.15it/s]
 89%|████████▊ | 70/79 [00:03<00:00, 23.52it/s]
 92%|█████████▏| 73/79 [00:03<00:00, 19.42it/s]
 96%|█████████▌| 76/79 [00:03<00:00, 21.41it/s]
100%|██████████| 79/79 [00:03<00:00, 22.97it/s]

CommRound: 6/30
Accuracy: 10.28% | Loss: 2.8676
[############------------------------------------------------] 20.0%
Elapsed: 1.5m | Avg/Round: 15.5s | Last: 15.2s | Next: 15.5s | Remaining: 6.2m
ETA: 11:50:37
Recent round times: R1: 15.0s -> R2: 14.8s -> R3: 14.6s -> R4: 14.9s -> R5: 15.2s

  0%|          | 0/79 [00:00<?, ?it/s]
  1%|▏         | 1/79 [00:00<00:11,  6.69it/s]
  5%|▌         | 4/79 [00:00<00:04, 17.14it/s]
  8%|▊         | 6/79 [00:00<00:05, 13.88it/s]
 11%|█▏        | 9/79 [00:00<00:03, 17.99it/s]
 16%|█▋        | 13/79 [00:00<00:02, 23.53it/s]
 20%|██        | 16/79 [00:00<00:03, 18.60it/s]
 24%|██▍       | 19/79 [00:01<00:02, 20.44it/s]
 28%|██▊       | 22/79 [00:01<00:02, 22.41it/s]
 32%|███▏      | 25/79 [00:01<00:02, 24.11it/s]
 35%|███▌      | 28/79 [00:01<00:02, 24.23it/s]
 39%|███▉      | 31/79 [00:01<00:01, 25.11it/s]
 43%|████▎     | 34/79 [00:01<00:01, 26.24it/s]
 48%|████▊     | 38/79 [00:01<00:01, 29.60it/s]
 53%|█████▎    | 42/79 [00:01<00:01, 29.88it/s]
 58%|█████▊    | 46/79 [00:01<00:01, 29.49it/s]
 62%|██████▏   | 49/79 [00:02<00:01, 24.96it/s]
 67%|██████▋   | 53/79 [00:02<00:00, 26.54it/s]
 71%|███████   | 56/79 [00:02<00:00, 24.56it/s]
 75%|███████▍  | 59/79 [00:02<00:00, 23.19it/s]
 78%|███████▊  | 62/79 [00:02<00:00, 22.58it/s]
 84%|████████▎ | 66/79 [00:02<00:00, 25.94it/s]
 89%|████████▊ | 70/79 [00:02<00:00, 27.47it/s]
 94%|█████████▎| 74/79 [00:03<00:00, 28.57it/s]
 97%|█████████▋| 77/79 [00:03<00:00, 28.27it/s]
100%|██████████| 79/79 [00:03<00:00, 24.54it/s]

CommRound: 7/30
Accuracy: 10.28% | Loss: 2.8826
[##############----------------------------------------------] 23.3%
Elapsed: 1.8m | Avg/Round: 15.4s | Last: 15.1s | Next: 15.4s | Remaining: 5.9m
ETA: 11:50:35
Recent round times: R1: 14.8s -> R2: 14.6s -> R3: 14.9s -> R4: 15.2s -> R5: 15.1s

  0%|          | 0/79 [00:00<?, ?it/s]
  1%|▏         | 1/79 [00:00<00:09,  8.13it/s]
  5%|▌         | 4/79 [00:00<00:03, 19.40it/s]
  9%|▉         | 7/79 [00:00<00:03, 22.98it/s]
 13%|█▎        | 10/79 [00:00<00:02, 24.46it/s]
 16%|█▋        | 13/79 [00:00<00:02, 22.43it/s]
 20%|██        | 16/79 [00:00<00:02, 22.76it/s]
 24%|██▍       | 19/79 [00:00<00:02, 23.33it/s]
 28%|██▊       | 22/79 [00:00<00:02, 23.21it/s]
 32%|███▏      | 25/79 [00:01<00:02, 22.62it/s]
 35%|███▌      | 28/79 [00:01<00:02, 23.90it/s]
 39%|███▉      | 31/79 [00:01<00:02, 22.82it/s]
 43%|████▎     | 34/79 [00:01<00:01, 24.45it/s]
 47%|████▋     | 37/79 [00:01<00:01, 23.37it/s]
 51%|█████     | 40/79 [00:01<00:01, 24.92it/s]
 54%|█████▍    | 43/79 [00:01<00:01, 23.68it/s]
 58%|█████▊    | 46/79 [00:01<00:01, 25.19it/s]
 62%|██████▏   | 49/79 [00:02<00:01, 23.74it/s]
 66%|██████▌   | 52/79 [00:02<00:01, 24.41it/s]
 70%|██████▉   | 55/79 [00:02<00:00, 24.33it/s]
 73%|███████▎  | 58/79 [00:02<00:00, 21.87it/s]
 78%|███████▊  | 62/79 [00:02<00:00, 23.34it/s]
 82%|████████▏ | 65/79 [00:02<00:00, 21.15it/s]
 89%|████████▊ | 70/79 [00:02<00:00, 25.47it/s]
 94%|█████████▎| 74/79 [00:03<00:00, 27.09it/s]
 99%|█████████▊| 78/79 [00:03<00:00, 27.55it/s]
100%|██████████| 79/79 [00:03<00:00, 24.09it/s]

CommRound: 8/30
Accuracy: 10.28% | Loss: 2.8948
[################--------------------------------------------] 26.7%
Elapsed: 2.0m | Avg/Round: 15.4s | Last: 15.1s | Next: 15.4s | Remaining: 5.6m
ETA: 11:50:34
Recent round times: R1: 14.6s -> R2: 14.9s -> R3: 15.2s -> R4: 15.1s -> R5: 15.1s

  0%|          | 0/79 [00:00<?, ?it/s]
  1%|▏         | 1/79 [00:00<00:12,  6.42it/s]
  6%|▋         | 5/79 [00:00<00:03, 20.51it/s]
 10%|█         | 8/79 [00:00<00:03, 23.65it/s]
 16%|█▋        | 13/79 [00:00<00:02, 27.82it/s]
 22%|██▏       | 17/79 [00:00<00:02, 29.86it/s]
 27%|██▋       | 21/79 [00:00<00:01, 30.79it/s]
 32%|███▏      | 25/79 [00:00<00:01, 30.68it/s]
 37%|███▋      | 29/79 [00:01<00:01, 29.86it/s]
 42%|████▏     | 33/79 [00:01<00:01, 29.47it/s]
 47%|████▋     | 37/79 [00:01<00:01, 26.54it/s]
 51%|█████     | 40/79 [00:01<00:01, 27.18it/s]
 54%|█████▍    | 43/79 [00:01<00:01, 22.96it/s]
 59%|█████▉    | 47/79 [00:01<00:01, 24.00it/s]
 65%|██████▍   | 51/79 [00:01<00:01, 25.94it/s]
 70%|██████▉   | 55/79 [00:02<00:00, 26.19it/s]
 73%|███████▎  | 58/79 [00:02<00:00, 26.53it/s]
 77%|███████▋  | 61/79 [00:02<00:00, 23.71it/s]
 82%|████████▏ | 65/79 [00:02<00:00, 23.34it/s]
 87%|████████▋ | 69/79 [00:02<00:00, 23.09it/s]
 91%|█████████ | 72/79 [00:02<00:00, 23.81it/s]
 96%|█████████▌| 76/79 [00:02<00:00, 27.25it/s]
100%|██████████| 79/79 [00:03<00:00, 25.99it/s]

CommRound: 9/30
Accuracy: 10.28% | Loss: 2.9049
[##################------------------------------------------] 30.0%
Elapsed: 2.3m | Avg/Round: 15.3s | Last: 15.0s | Next: 15.3s | Remaining: 5.4m
ETA: 11:50:33
Recent round times: R1: 14.9s -> R2: 15.2s -> R3: 15.1s -> R4: 15.1s -> R5: 15.0s

  0%|          | 0/79 [00:00<?, ?it/s]
  1%|▏         | 1/79 [00:00<00:09,  7.86it/s]
  6%|▋         | 5/79 [00:00<00:04, 17.73it/s]
 10%|█         | 8/79 [00:00<00:03, 20.79it/s]
 14%|█▍        | 11/79 [00:00<00:03, 18.79it/s]
 18%|█▊        | 14/79 [00:00<00:03, 20.88it/s]
 22%|██▏       | 17/79 [00:00<00:02, 20.90it/s]
 25%|██▌       | 20/79 [00:00<00:02, 22.96it/s]
 29%|██▉       | 23/79 [00:01<00:02, 22.12it/s]
 34%|███▍      | 27/79 [00:01<00:02, 23.68it/s]
 38%|███▊      | 30/79 [00:01<00:02, 24.46it/s]
 42%|████▏     | 33/79 [00:01<00:01, 24.73it/s]
 47%|████▋     | 37/79 [00:01<00:01, 27.17it/s]
 52%|█████▏    | 41/79 [00:01<00:01, 27.35it/s]
 57%|█████▋    | 45/79 [00:01<00:01, 27.92it/s]
 62%|██████▏   | 49/79 [00:02<00:01, 28.53it/s]
 66%|██████▌   | 52/79 [00:02<00:00, 27.18it/s]
 70%|██████▉   | 55/79 [00:02<00:00, 27.86it/s]
 73%|███████▎  | 58/79 [00:02<00:00, 28.08it/s]
 77%|███████▋  | 61/79 [00:02<00:00, 26.55it/s]
 82%|████████▏ | 65/79 [00:02<00:00, 26.65it/s]
 87%|████████▋ | 69/79 [00:02<00:00, 26.46it/s]
 92%|█████████▏| 73/79 [00:02<00:00, 27.59it/s]
 97%|█████████▋| 77/79 [00:03<00:00, 27.58it/s]
100%|██████████| 79/79 [00:03<00:00, 25.34it/s]

CommRound: 10/30
Accuracy: 10.28% | Loss: 2.9138
[####################----------------------------------------] 33.3%
Elapsed: 2.6m | Avg/Round: 15.3s | Last: 15.0s | Next: 15.3s | Remaining: 5.1m
ETA: 11:50:32
Recent round times: R1: 15.2s -> R2: 15.1s -> R3: 15.1s -> R4: 15.0s -> R5: 15.0s

  0%|          | 0/79 [00:00<?, ?it/s]
  1%|▏         | 1/79 [00:00<00:14,  5.28it/s]
  4%|▍         | 3/79 [00:00<00:06, 11.44it/s]
  6%|▋         | 5/79 [00:00<00:05, 13.83it/s]
  9%|▉         | 7/79 [00:00<00:04, 15.51it/s]
 11%|█▏        | 9/79 [00:00<00:04, 16.87it/s]
 15%|█▌        | 12/79 [00:00<00:03, 20.92it/s]
 19%|█▉        | 15/79 [00:00<00:03, 18.08it/s]
 22%|██▏       | 17/79 [00:01<00:03, 18.18it/s]
 24%|██▍       | 19/79 [00:01<00:03, 18.17it/s]
 28%|██▊       | 22/79 [00:01<00:02, 19.96it/s]
 32%|███▏      | 25/79 [00:01<00:02, 19.89it/s]
 35%|███▌      | 28/79 [00:01<00:02, 21.21it/s]
 39%|███▉      | 31/79 [00:01<00:02, 22.26it/s]
 43%|████▎     | 34/79 [00:01<00:01, 22.54it/s]
 47%|████▋     | 37/79 [00:01<00:01, 22.49it/s]
 51%|█████     | 40/79 [00:02<00:01, 23.02it/s]
 54%|█████▍    | 43/79 [00:02<00:01, 23.97it/s]
 58%|█████▊    | 46/79 [00:02<00:01, 23.30it/s]
 62%|██████▏   | 49/79 [00:02<00:01, 22.16it/s]
 66%|██████▌   | 52/79 [00:02<00:01, 21.81it/s]
 71%|███████   | 56/79 [00:02<00:00, 24.12it/s]
 75%|███████▍  | 59/79 [00:02<00:00, 24.29it/s]
 80%|███████▉  | 63/79 [00:02<00:00, 26.38it/s]
 84%|████████▎ | 66/79 [00:03<00:00, 27.12it/s]
 87%|████████▋ | 69/79 [00:03<00:00, 26.01it/s]
 91%|█████████ | 72/79 [00:03<00:00, 27.01it/s]
 95%|█████████▍| 75/79 [00:03<00:00, 25.15it/s]
 99%|█████████▊| 78/79 [00:03<00:00, 25.61it/s]
100%|██████████| 79/79 [00:03<00:00, 21.99it/s]

CommRound: 11/30
Accuracy: 10.31% | Loss: 2.9217
[######################--------------------------------------] 36.7%
Elapsed: 2.8m | Avg/Round: 15.3s | Last: 15.8s | Next: 15.3s | Remaining: 4.9m
ETA: 11:50:33
Recent round times: R1: 15.1s -> R2: 15.1s -> R3: 15.0s -> R4: 15.0s -> R5: 15.8s

  0%|          | 0/79 [00:00<?, ?it/s]
  1%|▏         | 1/79 [00:00<00:12,  6.08it/s]
  5%|▌         | 4/79 [00:00<00:04, 15.99it/s]
  9%|▉         | 7/79 [00:00<00:03, 19.81it/s]
 14%|█▍        | 11/79 [00:00<00:03, 21.59it/s]
 19%|█▉        | 15/79 [00:00<00:02, 24.51it/s]
 24%|██▍       | 19/79 [00:00<00:02, 26.46it/s]
 29%|██▉       | 23/79 [00:00<00:02, 27.90it/s]
 33%|███▎      | 26/79 [00:01<00:02, 26.19it/s]
 37%|███▋      | 29/79 [00:01<00:01, 26.98it/s]
 41%|████      | 32/79 [00:01<00:01, 24.40it/s]
 46%|████▌     | 36/79 [00:01<00:01, 25.80it/s]
 51%|█████     | 40/79 [00:01<00:01, 25.52it/s]
 54%|█████▍    | 43/79 [00:01<00:01, 26.44it/s]
 58%|█████▊    | 46/79 [00:01<00:01, 23.17it/s]
 62%|██████▏   | 49/79 [00:02<00:01, 23.91it/s]
 66%|██████▌   | 52/79 [00:02<00:01, 22.16it/s]
 71%|███████   | 56/79 [00:02<00:00, 24.61it/s]
 75%|███████▍  | 59/79 [00:02<00:00, 25.69it/s]
 78%|███████▊  | 62/79 [00:02<00:00, 24.06it/s]
 82%|████████▏ | 65/79 [00:02<00:00, 24.41it/s]
 86%|████████▌ | 68/79 [00:02<00:00, 25.80it/s]
 91%|█████████ | 72/79 [00:02<00:00, 25.24it/s]
 95%|█████████▍| 75/79 [00:03<00:00, 22.90it/s]
 99%|█████████▊| 78/79 [00:03<00:00, 23.47it/s]
100%|██████████| 79/79 [00:03<00:00, 24.09it/s]

CommRound: 12/30
Accuracy: 10.79% | Loss: 2.9290
[########################------------------------------------] 40.0%
Elapsed: 3.1m | Avg/Round: 15.3s | Last: 15.3s | Next: 15.3s | Remaining: 4.6m
ETA: 11:50:33
Recent round times: R1: 15.1s -> R2: 15.0s -> R3: 15.0s -> R4: 15.8s -> R5: 15.3s

  0%|          | 0/79 [00:00<?, ?it/s]
  1%|▏         | 1/79 [00:00<00:11,  6.66it/s]
  5%|▌         | 4/79 [00:00<00:06, 11.48it/s]
  9%|▉         | 7/79 [00:00<00:04, 16.03it/s]
 15%|█▌        | 12/79 [00:00<00:03, 20.92it/s]
 22%|██▏       | 17/79 [00:00<00:02, 27.99it/s]
 27%|██▋       | 21/79 [00:01<00:02, 21.73it/s]
 33%|███▎      | 26/79 [00:01<00:01, 26.67it/s]
 38%|███▊      | 30/79 [00:01<00:02, 22.41it/s]
 42%|████▏     | 33/79 [00:01<00:01, 23.80it/s]
 46%|████▌     | 36/79 [00:01<00:01, 22.63it/s]
 52%|█████▏    | 41/79 [00:01<00:01, 26.77it/s]
 56%|█████▌    | 44/79 [00:01<00:01, 25.53it/s]
 59%|█████▉    | 47/79 [00:02<00:01, 20.36it/s]
 66%|██████▌   | 52/79 [00:02<00:01, 25.65it/s]
 70%|██████▉   | 55/79 [00:02<00:00, 26.06it/s]
 73%|███████▎  | 58/79 [00:02<00:00, 24.25it/s]
 78%|███████▊  | 62/79 [00:02<00:00, 24.30it/s]
 82%|████████▏ | 65/79 [00:02<00:00, 24.66it/s]
 86%|████████▌ | 68/79 [00:02<00:00, 23.93it/s]
 91%|█████████ | 72/79 [00:03<00:00, 25.33it/s]
 96%|█████████▌| 76/79 [00:03<00:00, 26.33it/s]
100%|██████████| 79/79 [00:03<00:00, 23.74it/s]

CommRound: 13/30
Accuracy: 11.75% | Loss: 2.9354
[##########################----------------------------------] 43.3%
Elapsed: 3.3m | Avg/Round: 15.3s | Last: 15.3s | Next: 15.3s | Remaining: 4.3m
ETA: 11:50:33
Recent round times: R1: 15.0s -> R2: 15.0s -> R3: 15.8s -> R4: 15.3s -> R5: 15.3s

  0%|          | 0/79 [00:00<?, ?it/s]
  1%|▏         | 1/79 [00:00<00:10,  7.53it/s]
  6%|▋         | 5/79 [00:00<00:04, 17.48it/s]
  9%|▉         | 7/79 [00:00<00:04, 15.37it/s]
 14%|█▍        | 11/79 [00:00<00:03, 22.45it/s]
 18%|█▊        | 14/79 [00:00<00:02, 23.42it/s]
 22%|██▏       | 17/79 [00:00<00:02, 21.13it/s]
 25%|██▌       | 20/79 [00:01<00:02, 20.00it/s]
 29%|██▉       | 23/79 [00:01<00:02, 22.36it/s]
 33%|███▎      | 26/79 [00:01<00:02, 22.57it/s]
 37%|███▋      | 29/79 [00:01<00:02, 23.69it/s]
 41%|████      | 32/79 [00:01<00:02, 22.79it/s]
 44%|████▍     | 35/79 [00:01<00:01, 22.11it/s]
 48%|████▊     | 38/79 [00:01<00:01, 23.46it/s]
 52%|█████▏    | 41/79 [00:01<00:01, 21.21it/s]
 56%|█████▌    | 44/79 [00:02<00:01, 22.46it/s]
 59%|█████▉    | 47/79 [00:02<00:01, 20.92it/s]
 63%|██████▎   | 50/79 [00:02<00:01, 22.90it/s]
 67%|██████▋   | 53/79 [00:02<00:01, 23.03it/s]
 72%|███████▏  | 57/79 [00:02<00:00, 24.93it/s]
 77%|███████▋  | 61/79 [00:02<00:00, 26.26it/s]
 82%|████████▏ | 65/79 [00:02<00:00, 27.19it/s]
 87%|████████▋ | 69/79 [00:02<00:00, 27.54it/s]
 91%|█████████ | 72/79 [00:03<00:00, 27.55it/s]
 95%|█████████▍| 75/79 [00:03<00:00, 26.78it/s]
100%|██████████| 79/79 [00:03<00:00, 30.07it/s]
100%|██████████| 79/79 [00:03<00:00, 23.52it/s]

CommRound: 14/30
Accuracy: 12.69% | Loss: 2.9402
[############################--------------------------------] 46.7%
Elapsed: 3.6m | Avg/Round: 15.3s | Last: 15.4s | Next: 15.3s | Remaining: 4.1m
ETA: 11:50:33
Recent round times: R1: 15.0s -> R2: 15.8s -> R3: 15.3s -> R4: 15.3s -> R5: 15.4s

  0%|          | 0/79 [00:00<?, ?it/s]
  1%|▏         | 1/79 [00:00<00:09,  7.85it/s]
  5%|▌         | 4/79 [00:00<00:03, 19.44it/s]
  9%|▉         | 7/79 [00:00<00:04, 17.45it/s]
 13%|█▎        | 10/79 [00:00<00:03, 20.53it/s]
 16%|█▋        | 13/79 [00:00<00:03, 21.39it/s]
 20%|██        | 16/79 [00:00<00:03, 19.99it/s]
 24%|██▍       | 19/79 [00:00<00:02, 20.62it/s]
 28%|██▊       | 22/79 [00:01<00:02, 19.78it/s]
 32%|███▏      | 25/79 [00:01<00:02, 21.26it/s]
 35%|███▌      | 28/79 [00:01<00:02, 19.26it/s]
 39%|███▉      | 31/79 [00:01<00:02, 21.63it/s]
 43%|████▎     | 34/79 [00:01<00:02, 19.88it/s]
 47%|████▋     | 37/79 [00:01<00:01, 21.26it/s]
 51%|█████     | 40/79 [00:02<00:01, 19.58it/s]
 54%|█████▍    | 43/79 [00:02<00:01, 20.76it/s]
 58%|█████▊    | 46/79 [00:02<00:01, 19.17it/s]
 62%|██████▏   | 49/79 [00:02<00:01, 20.68it/s]
 66%|██████▌   | 52/79 [00:02<00:01, 19.90it/s]
 70%|██████▉   | 55/79 [00:02<00:01, 21.08it/s]
 73%|███████▎  | 58/79 [00:02<00:01, 19.80it/s]
 77%|███████▋  | 61/79 [00:03<00:00, 21.52it/s]
 81%|████████  | 64/79 [00:03<00:00, 19.91it/s]
 86%|████████▌ | 68/79 [00:03<00:00, 21.60it/s]
 90%|████████▉ | 71/79 [00:03<00:00, 22.48it/s]
 94%|█████████▎| 74/79 [00:03<00:00, 19.96it/s]
 99%|█████████▊| 78/79 [00:03<00:00, 22.39it/s]
100%|██████████| 79/79 [00:03<00:00, 20.65it/s]

CommRound: 15/30
Accuracy: 13.24% | Loss: 2.9430
[##############################------------------------------] 50.0%
Elapsed: 3.8m | Avg/Round: 15.4s | Last: 16.0s | Next: 15.4s | Remaining: 3.8m
ETA: 11:50:34
Recent round times: R1: 15.8s -> R2: 15.3s -> R3: 15.3s -> R4: 15.4s -> R5: 16.0s

  0%|          | 0/79 [00:00<?, ?it/s]
  1%|▏         | 1/79 [00:00<00:12,  6.17it/s]
  6%|▋         | 5/79 [00:00<00:04, 18.40it/s]
 11%|█▏        | 9/79 [00:00<00:03, 23.31it/s]
 16%|█▋        | 13/79 [00:00<00:02, 25.81it/s]
 22%|██▏       | 17/79 [00:00<00:02, 26.96it/s]
 27%|██▋       | 21/79 [00:00<00:02, 28.96it/s]
 32%|███▏      | 25/79 [00:00<00:01, 28.92it/s]
 37%|███▋      | 29/79 [00:01<00:01, 28.42it/s]
 41%|████      | 32/79 [00:01<00:01, 28.07it/s]
 46%|████▌     | 36/79 [00:01<00:01, 30.02it/s]
 51%|█████     | 40/79 [00:01<00:01, 27.86it/s]
 54%|█████▍    | 43/79 [00:01<00:01, 26.63it/s]
 58%|█████▊    | 46/79 [00:01<00:01, 27.17it/s]
 62%|██████▏   | 49/79 [00:01<00:01, 23.64it/s]
 66%|██████▌   | 52/79 [00:02<00:01, 24.34it/s]
 70%|██████▉   | 55/79 [00:02<00:01, 22.51it/s]
 75%|███████▍  | 59/79 [00:02<00:00, 24.22it/s]
 80%|███████▉  | 63/79 [00:02<00:00, 26.29it/s]
 84%|████████▎ | 66/79 [00:02<00:00, 27.00it/s]
 87%|████████▋ | 69/79 [00:02<00:00, 26.23it/s]
 92%|█████████▏| 73/79 [00:02<00:00, 26.80it/s]
 97%|█████████▋| 77/79 [00:02<00:00, 26.35it/s]
100%|██████████| 79/79 [00:03<00:00, 26.05it/s]

CommRound: 16/30
Accuracy: 13.38% | Loss: 2.9456
[################################----------------------------] 53.3%
Elapsed: 4.1m | Avg/Round: 15.4s | Last: 14.9s | Next: 15.4s | Remaining: 3.6m
ETA: 11:50:34
Recent round times: R1: 15.3s -> R2: 15.3s -> R3: 15.4s -> R4: 16.0s -> R5: 14.9s

  0%|          | 0/79 [00:00<?, ?it/s]
  1%|▏         | 1/79 [00:00<00:12,  6.45it/s]
  6%|▋         | 5/79 [00:00<00:03, 19.57it/s]
 10%|█         | 8/79 [00:00<00:03, 23.07it/s]
 14%|█▍        | 11/79 [00:00<00:02, 25.14it/s]
 18%|█▊        | 14/79 [00:00<00:02, 26.12it/s]
 23%|██▎       | 18/79 [00:00<00:02, 26.90it/s]
 28%|██▊       | 22/79 [00:00<00:02, 27.42it/s]
 32%|███▏      | 25/79 [00:00<00:01, 28.08it/s]
 35%|███▌      | 28/79 [00:01<00:02, 25.06it/s]
 41%|████      | 32/79 [00:01<00:01, 23.62it/s]
 44%|████▍     | 35/79 [00:01<00:01, 22.92it/s]
 51%|█████     | 40/79 [00:01<00:01, 27.90it/s]
 54%|█████▍    | 43/79 [00:01<00:01, 24.69it/s]
 58%|█████▊    | 46/79 [00:01<00:01, 25.40it/s]
 62%|██████▏   | 49/79 [00:02<00:01, 22.84it/s]
 67%|██████▋   | 53/79 [00:02<00:01, 23.93it/s]
 71%|███████   | 56/79 [00:02<00:00, 25.01it/s]
 75%|███████▍  | 59/79 [00:02<00:00, 25.03it/s]
 80%|███████▉  | 63/79 [00:02<00:00, 25.44it/s]
 84%|████████▎ | 66/79 [00:02<00:00, 26.50it/s]
 87%|████████▋ | 69/79 [00:02<00:00, 25.45it/s]
 92%|█████████▏| 73/79 [00:02<00:00, 25.81it/s]
 96%|█████████▌| 76/79 [00:03<00:00, 26.18it/s]
100%|██████████| 79/79 [00:03<00:00, 25.03it/s]

CommRound: 17/30
Accuracy: 13.43% | Loss: 2.9498
[##################################--------------------------] 56.7%
Elapsed: 4.4m | Avg/Round: 15.4s | Last: 15.3s | Next: 15.4s | Remaining: 3.3m
ETA: 11:50:33
Recent round times: R1: 15.3s -> R2: 15.4s -> R3: 16.0s -> R4: 14.9s -> R5: 15.3s

  0%|          | 0/79 [00:00<?, ?it/s]
  1%|▏         | 1/79 [00:00<00:09,  8.14it/s]
  5%|▌         | 4/79 [00:00<00:03, 18.96it/s]
  8%|▊         | 6/79 [00:00<00:04, 17.52it/s]
 13%|█▎        | 10/79 [00:00<00:02, 23.61it/s]
 18%|█▊        | 14/79 [00:00<00:02, 25.67it/s]
 23%|██▎       | 18/79 [00:00<00:02, 26.38it/s]
 28%|██▊       | 22/79 [00:00<00:02, 27.09it/s]
 33%|███▎      | 26/79 [00:01<00:01, 26.93it/s]
 38%|███▊      | 30/79 [00:01<00:01, 27.30it/s]
 43%|████▎     | 34/79 [00:01<00:01, 27.12it/s]
 48%|████▊     | 38/79 [00:01<00:01, 26.73it/s]
 52%|█████▏    | 41/79 [00:01<00:01, 26.90it/s]
 56%|█████▌    | 44/79 [00:01<00:01, 26.49it/s]
 61%|██████    | 48/79 [00:01<00:01, 27.13it/s]
 66%|██████▌   | 52/79 [00:02<00:01, 26.83it/s]
 70%|██████▉   | 55/79 [00:02<00:01, 23.56it/s]
 75%|███████▍  | 59/79 [00:02<00:00, 27.09it/s]
 78%|███████▊  | 62/79 [00:02<00:00, 23.20it/s]
 84%|████████▎ | 66/79 [00:02<00:00, 23.47it/s]
 89%|████████▊ | 70/79 [00:02<00:00, 24.74it/s]
 94%|█████████▎| 74/79 [00:02<00:00, 24.52it/s]
 99%|█████████▊| 78/79 [00:03<00:00, 25.51it/s]
100%|██████████| 79/79 [00:03<00:00, 25.28it/s]

CommRound: 18/30
Accuracy: 13.39% | Loss: 2.9557
[####################################------------------------] 60.0%
Elapsed: 4.6m | Avg/Round: 15.3s | Last: 15.1s | Next: 15.3s | Remaining: 3.1m
ETA: 11:50:33
Recent round times: R1: 15.4s -> R2: 16.0s -> R3: 14.9s -> R4: 15.3s -> R5: 15.1s

  0%|          | 0/79 [00:00<?, ?it/s]
  1%|▏         | 1/79 [00:00<00:20,  3.86it/s]
  9%|▉         | 7/79 [00:00<00:03, 22.88it/s]
 14%|█▍        | 11/79 [00:00<00:03, 20.86it/s]
 18%|█▊        | 14/79 [00:00<00:03, 21.59it/s]
 22%|██▏       | 17/79 [00:00<00:03, 20.25it/s]
 25%|██▌       | 20/79 [00:01<00:02, 21.46it/s]
 29%|██▉       | 23/79 [00:01<00:02, 21.81it/s]
 33%|███▎      | 26/79 [00:01<00:02, 22.51it/s]
 37%|███▋      | 29/79 [00:01<00:02, 23.78it/s]
 41%|████      | 32/79 [00:01<00:01, 24.98it/s]
 44%|████▍     | 35/79 [00:01<00:02, 18.54it/s]
 49%|████▉     | 39/79 [00:01<00:01, 23.03it/s]
 54%|█████▍    | 43/79 [00:01<00:01, 25.75it/s]
 58%|█████▊    | 46/79 [00:02<00:01, 25.72it/s]
 62%|██████▏   | 49/79 [00:02<00:01, 24.71it/s]
 67%|██████▋   | 53/79 [00:02<00:00, 26.52it/s]
 72%|███████▏  | 57/79 [00:02<00:00, 26.92it/s]
 76%|███████▌  | 60/79 [00:02<00:00, 23.72it/s]
 82%|████████▏ | 65/79 [00:02<00:00, 27.77it/s]
 86%|████████▌ | 68/79 [00:02<00:00, 25.68it/s]
 90%|████████▉ | 71/79 [00:03<00:00, 24.09it/s]
 95%|█████████▍| 75/79 [00:03<00:00, 26.74it/s]
 99%|█████████▊| 78/79 [00:03<00:00, 25.20it/s]
100%|██████████| 79/79 [00:03<00:00, 23.53it/s]

CommRound: 19/30
Accuracy: 13.39% | Loss: 2.9624
[######################################----------------------] 63.3%
Elapsed: 4.9m | Avg/Round: 15.4s | Last: 15.6s | Next: 15.4s | Remaining: 2.8m
ETA: 11:50:33
Recent round times: R1: 16.0s -> R2: 14.9s -> R3: 15.3s -> R4: 15.1s -> R5: 15.6s

  0%|          | 0/79 [00:00<?, ?it/s]
  1%|▏         | 1/79 [00:00<00:12,  6.18it/s]
  6%|▋         | 5/79 [00:00<00:04, 18.04it/s]
 11%|█▏        | 9/79 [00:00<00:03, 22.18it/s]
 15%|█▌        | 12/79 [00:00<00:02, 23.60it/s]
 19%|█▉        | 15/79 [00:00<00:02, 24.35it/s]
 24%|██▍       | 19/79 [00:00<00:02, 25.39it/s]
 29%|██▉       | 23/79 [00:00<00:02, 25.87it/s]
 34%|███▍      | 27/79 [00:01<00:01, 26.06it/s]
 39%|███▉      | 31/79 [00:01<00:01, 26.46it/s]
 44%|████▍     | 35/79 [00:01<00:01, 27.17it/s]
 49%|████▉     | 39/79 [00:01<00:01, 28.37it/s]
 54%|█████▍    | 43/79 [00:01<00:01, 28.34it/s]
 59%|█████▉    | 47/79 [00:01<00:01, 27.95it/s]
 65%|██████▍   | 51/79 [00:01<00:01, 27.17it/s]
 70%|██████▉   | 55/79 [00:02<00:00, 26.00it/s]
 75%|███████▍  | 59/79 [00:02<00:00, 27.06it/s]
 80%|███████▉  | 63/79 [00:02<00:00, 27.90it/s]
 85%|████████▍ | 67/79 [00:02<00:00, 28.58it/s]
 90%|████████▉ | 71/79 [00:02<00:00, 28.52it/s]
 94%|█████████▎| 74/79 [00:02<00:00, 27.84it/s]
 97%|█████████▋| 77/79 [00:02<00:00, 25.71it/s]
100%|██████████| 79/79 [00:03<00:00, 26.12it/s]

CommRound: 20/30
Accuracy: 13.20% | Loss: 2.9692
[########################################--------------------] 66.7%
Elapsed: 5.1m | Avg/Round: 15.3s | Last: 15.0s | Next: 15.3s | Remaining: 2.6m
ETA: 11:50:33
Recent round times: R1: 14.9s -> R2: 15.3s -> R3: 15.1s -> R4: 15.6s -> R5: 15.0s

  0%|          | 0/79 [00:00<?, ?it/s]
  1%|▏         | 1/79 [00:00<00:14,  5.44it/s]
  6%|▋         | 5/79 [00:00<00:04, 17.56it/s]
 10%|█         | 8/79 [00:00<00:03, 21.66it/s]
 15%|█▌        | 12/79 [00:00<00:02, 23.46it/s]
 19%|█▉        | 15/79 [00:00<00:02, 23.39it/s]
 24%|██▍       | 19/79 [00:00<00:02, 25.47it/s]
 29%|██▉       | 23/79 [00:01<00:02, 25.58it/s]
 34%|███▍      | 27/79 [00:01<00:01, 27.48it/s]
 39%|███▉      | 31/79 [00:01<00:01, 28.48it/s]
 44%|████▍     | 35/79 [00:01<00:01, 28.76it/s]
 49%|████▉     | 39/79 [00:01<00:01, 29.22it/s]
 54%|█████▍    | 43/79 [00:01<00:01, 29.57it/s]
 59%|█████▉    | 47/79 [00:01<00:01, 31.57it/s]
 65%|██████▍   | 51/79 [00:01<00:00, 30.36it/s]
 70%|██████▉   | 55/79 [00:02<00:00, 24.20it/s]
 77%|███████▋  | 61/79 [00:02<00:00, 31.62it/s]
 82%|████████▏ | 65/79 [00:02<00:00, 31.91it/s]
 87%|████████▋ | 69/79 [00:02<00:00, 32.44it/s]
 92%|█████████▏| 73/79 [00:02<00:00, 28.16it/s]
 97%|█████████▋| 77/79 [00:02<00:00, 27.28it/s]
100%|██████████| 79/79 [00:02<00:00, 27.09it/s]

CommRound: 21/30
Accuracy: 13.10% | Loss: 2.9766
[##########################################------------------] 70.0%
Elapsed: 5.4m | Avg/Round: 15.3s | Last: 14.8s | Next: 15.3s | Remaining: 2.3m
ETA: 11:50:32
Recent round times: R1: 15.3s -> R2: 15.1s -> R3: 15.6s -> R4: 15.0s -> R5: 14.8s

  0%|          | 0/79 [00:00<?, ?it/s]
  1%|▏         | 1/79 [00:00<00:14,  5.41it/s]
  9%|▉         | 7/79 [00:00<00:03, 23.59it/s]
 13%|█▎        | 10/79 [00:00<00:03, 20.93it/s]
 20%|██        | 16/79 [00:00<00:02, 28.46it/s]
 24%|██▍       | 19/79 [00:00<00:02, 27.80it/s]
 28%|██▊       | 22/79 [00:00<00:02, 25.47it/s]
 32%|███▏      | 25/79 [00:01<00:02, 25.53it/s]
 35%|███▌      | 28/79 [00:01<00:02, 23.18it/s]
 39%|███▉      | 31/79 [00:01<00:02, 23.59it/s]
 43%|████▎     | 34/79 [00:01<00:01, 23.23it/s]
 47%|████▋     | 37/79 [00:01<00:01, 24.87it/s]
 51%|█████     | 40/79 [00:01<00:01, 23.41it/s]
 54%|█████▍    | 43/79 [00:01<00:01, 21.57it/s]
 59%|█████▉    | 47/79 [00:01<00:01, 24.58it/s]
 63%|██████▎   | 50/79 [00:02<00:01, 25.88it/s]
 67%|██████▋   | 53/79 [00:02<00:01, 24.15it/s]
 72%|███████▏  | 57/79 [00:02<00:00, 25.79it/s]
 76%|███████▌  | 60/79 [00:02<00:01, 18.69it/s]
 81%|████████  | 64/79 [00:02<00:00, 22.32it/s]
 86%|████████▌ | 68/79 [00:02<00:00, 25.54it/s]
 90%|████████▉ | 71/79 [00:02<00:00, 25.48it/s]
 94%|█████████▎| 74/79 [00:03<00:00, 26.25it/s]
 97%|█████████▋| 77/79 [00:03<00:00, 24.30it/s]
100%|██████████| 79/79 [00:03<00:00, 24.06it/s]

CommRound: 22/30
Accuracy: 12.89% | Loss: 2.9846
[############################################----------------] 73.3%
Elapsed: 5.6m | Avg/Round: 15.3s | Last: 15.4s | Next: 15.3s | Remaining: 2.0m
ETA: 11:50:32
Recent round times: R1: 15.1s -> R2: 15.6s -> R3: 15.0s -> R4: 14.8s -> R5: 15.4s

  0%|          | 0/79 [00:00<?, ?it/s]
  1%|▏         | 1/79 [00:00<00:15,  5.02it/s]
  6%|▋         | 5/79 [00:00<00:04, 16.09it/s]
 10%|█         | 8/79 [00:00<00:03, 19.97it/s]
 14%|█▍        | 11/79 [00:00<00:03, 21.33it/s]
 19%|█▉        | 15/79 [00:00<00:02, 23.52it/s]
 24%|██▍       | 19/79 [00:00<00:02, 23.58it/s]
 29%|██▉       | 23/79 [00:01<00:02, 25.54it/s]
 34%|███▍      | 27/79 [00:01<00:01, 27.38it/s]
 39%|███▉      | 31/79 [00:01<00:01, 28.91it/s]
 44%|████▍     | 35/79 [00:01<00:01, 30.13it/s]
 49%|████▉     | 39/79 [00:01<00:01, 31.46it/s]
 54%|█████▍    | 43/79 [00:01<00:01, 31.92it/s]
 59%|█████▉    | 47/79 [00:01<00:00, 32.09it/s]
 65%|██████▍   | 51/79 [00:01<00:00, 32.29it/s]
 70%|██████▉   | 55/79 [00:02<00:00, 32.88it/s]
 75%|███████▍  | 59/79 [00:02<00:00, 30.16it/s]
 80%|███████▉  | 63/79 [00:02<00:00, 30.86it/s]
 85%|████████▍ | 67/79 [00:02<00:00, 29.64it/s]
 90%|████████▉ | 71/79 [00:02<00:00, 26.40it/s]
 95%|█████████▍| 75/79 [00:02<00:00, 28.73it/s]
 99%|█████████▊| 78/79 [00:02<00:00, 28.22it/s]
100%|██████████| 79/79 [00:02<00:00, 27.46it/s]

CommRound: 23/30
Accuracy: 12.71% | Loss: 2.9935
[##############################################--------------] 76.7%
Elapsed: 5.9m | Avg/Round: 15.3s | Last: 14.9s | Next: 15.3s | Remaining: 1.8m
ETA: 11:50:32
Recent round times: R1: 15.6s -> R2: 15.0s -> R3: 14.8s -> R4: 15.4s -> R5: 14.9s

  0%|          | 0/79 [00:00<?, ?it/s]
  1%|▏         | 1/79 [00:00<00:12,  6.20it/s]
  5%|▌         | 4/79 [00:00<00:04, 17.19it/s]
  9%|▉         | 7/79 [00:00<00:03, 18.16it/s]
 11%|█▏        | 9/79 [00:00<00:04, 16.76it/s]
 15%|█▌        | 12/79 [00:00<00:03, 19.73it/s]
 19%|█▉        | 15/79 [00:00<00:03, 20.32it/s]
 23%|██▎       | 18/79 [00:00<00:03, 19.68it/s]
 28%|██▊       | 22/79 [00:01<00:02, 23.11it/s]
 33%|███▎      | 26/79 [00:01<00:02, 25.99it/s]
 37%|███▋      | 29/79 [00:01<00:02, 24.73it/s]
 41%|████      | 32/79 [00:01<00:02, 18.95it/s]
 44%|████▍     | 35/79 [00:01<00:02, 19.63it/s]
 48%|████▊     | 38/79 [00:01<00:02, 20.06it/s]
 54%|█████▍    | 43/79 [00:02<00:01, 24.55it/s]
 58%|█████▊    | 46/79 [00:02<00:01, 25.22it/s]
 62%|██████▏   | 49/79 [00:02<00:01, 15.63it/s]
 66%|██████▌   | 52/79 [00:02<00:01, 14.45it/s]
 68%|██████▊   | 54/79 [00:03<00:02, 11.79it/s]
 71%|███████   | 56/79 [00:03<00:01, 12.74it/s]
 75%|███████▍  | 59/79 [00:03<00:01, 15.48it/s]
 77%|███████▋  | 61/79 [00:03<00:01, 14.54it/s]
 81%|████████  | 64/79 [00:03<00:01, 14.63it/s]
 84%|████████▎ | 66/79 [00:03<00:00, 15.58it/s]
 87%|████████▋ | 69/79 [00:03<00:00, 17.78it/s]
 91%|█████████ | 72/79 [00:03<00:00, 20.27it/s]
 95%|█████████▍| 75/79 [00:04<00:00, 18.56it/s]
100%|██████████| 79/79 [00:04<00:00, 18.43it/s]

CommRound: 24/30
Accuracy: 12.69% | Loss: 3.0010
[################################################------------] 80.0%
Elapsed: 6.1m | Avg/Round: 15.3s | Last: 16.4s | Next: 15.3s | Remaining: 1.5m
ETA: 11:50:33
Recent round times: R1: 15.0s -> R2: 14.8s -> R3: 15.4s -> R4: 14.9s -> R5: 16.4s

  0%|          | 0/79 [00:00<?, ?it/s]
  1%|▏         | 1/79 [00:00<00:15,  5.17it/s]
  5%|▌         | 4/79 [00:00<00:06, 10.98it/s]
  8%|▊         | 6/79 [00:00<00:06, 12.12it/s]
 11%|█▏        | 9/79 [00:00<00:05, 12.33it/s]
 14%|█▍        | 11/79 [00:00<00:05, 11.89it/s]
 20%|██        | 16/79 [00:01<00:03, 18.74it/s]
 24%|██▍       | 19/79 [00:01<00:03, 18.05it/s]
 29%|██▉       | 23/79 [00:01<00:02, 21.65it/s]
 33%|███▎      | 26/79 [00:01<00:02, 22.68it/s]
 37%|███▋      | 29/79 [00:01<00:02, 23.36it/s]
 41%|████      | 32/79 [00:01<00:02, 21.96it/s]
 46%|████▌     | 36/79 [00:01<00:01, 23.30it/s]
 49%|████▉     | 39/79 [00:02<00:01, 24.73it/s]
 53%|█████▎    | 42/79 [00:02<00:01, 23.75it/s]
 57%|█████▋    | 45/79 [00:02<00:01, 24.07it/s]
 61%|██████    | 48/79 [00:02<00:01, 22.76it/s]
 65%|██████▍   | 51/79 [00:02<00:01, 23.83it/s]
 68%|██████▊   | 54/79 [00:02<00:01, 20.40it/s]
 73%|███████▎  | 58/79 [00:02<00:00, 22.18it/s]
 77%|███████▋  | 61/79 [00:03<00:00, 22.39it/s]
 81%|████████  | 64/79 [00:03<00:00, 22.33it/s]
 85%|████████▍ | 67/79 [00:03<00:00, 20.09it/s]
 91%|█████████ | 72/79 [00:03<00:00, 24.68it/s]
 95%|█████████▍| 75/79 [00:03<00:00, 24.12it/s]
 99%|█████████▊| 78/79 [00:03<00:00, 24.05it/s]
100%|██████████| 79/79 [00:03<00:00, 20.79it/s]

CommRound: 25/30
Accuracy: 12.53% | Loss: 3.0074
[##################################################----------] 83.3%
Elapsed: 6.4m | Avg/Round: 15.4s | Last: 15.8s | Next: 15.4s | Remaining: 1.3m
ETA: 11:50:34
Recent round times: R1: 14.8s -> R2: 15.4s -> R3: 14.9s -> R4: 16.4s -> R5: 15.8s

  0%|          | 0/79 [00:00<?, ?it/s]
  1%|▏         | 1/79 [00:00<00:14,  5.47it/s]
  6%|▋         | 5/79 [00:00<00:04, 15.39it/s]
 11%|█▏        | 9/79 [00:00<00:03, 19.19it/s]
 15%|█▌        | 12/79 [00:00<00:03, 22.07it/s]
 19%|█▉        | 15/79 [00:00<00:02, 23.89it/s]
 23%|██▎       | 18/79 [00:00<00:02, 20.89it/s]
 28%|██▊       | 22/79 [00:01<00:02, 23.62it/s]
 32%|███▏      | 25/79 [00:01<00:02, 19.43it/s]
 37%|███▋      | 29/79 [00:01<00:02, 22.82it/s]
 41%|████      | 32/79 [00:01<00:02, 20.88it/s]
 46%|████▌     | 36/79 [00:01<00:02, 18.99it/s]
 49%|████▉     | 39/79 [00:02<00:02, 16.32it/s]
 52%|█████▏    | 41/79 [00:02<00:02, 15.30it/s]
 54%|█████▍    | 43/79 [00:02<00:02, 15.89it/s]
 59%|█████▉    | 47/79 [00:02<00:01, 16.77it/s]
 63%|██████▎   | 50/79 [00:02<00:01, 17.01it/s]
 68%|██████▊   | 54/79 [00:02<00:01, 21.07it/s]
 72%|███████▏  | 57/79 [00:02<00:00, 22.65it/s]
 76%|███████▌  | 60/79 [00:03<00:00, 22.08it/s]
 80%|███████▉  | 63/79 [00:03<00:00, 21.88it/s]
 84%|████████▎ | 66/79 [00:03<00:00, 21.53it/s]
 87%|████████▋ | 69/79 [00:03<00:00, 15.59it/s]
 91%|█████████ | 72/79 [00:03<00:00, 17.63it/s]
 96%|█████████▌| 76/79 [00:03<00:00, 21.31it/s]
100%|██████████| 79/79 [00:04<00:00, 19.64it/s]

CommRound: 26/30
Accuracy: 12.53% | Loss: 3.0131
[####################################################--------] 86.7%
Elapsed: 6.7m | Avg/Round: 15.4s | Last: 16.0s | Next: 15.4s | Remaining: 1.0m
ETA: 11:50:34
Recent round times: R1: 15.4s -> R2: 14.9s -> R3: 16.4s -> R4: 15.8s -> R5: 16.0s

  0%|          | 0/79 [00:00<?, ?it/s]
  1%|▏         | 1/79 [00:00<00:10,  7.75it/s]
  4%|▍         | 3/79 [00:00<00:09,  7.82it/s]
  8%|▊         | 6/79 [00:00<00:07, 10.29it/s]
 10%|█         | 8/79 [00:00<00:09,  7.84it/s]
 15%|█▌        | 12/79 [00:01<00:05, 12.72it/s]
 19%|█▉        | 15/79 [00:01<00:04, 15.88it/s]
 23%|██▎       | 18/79 [00:01<00:03, 18.81it/s]
 27%|██▋       | 21/79 [00:01<00:04, 12.28it/s]
 29%|██▉       | 23/79 [00:02<00:05,  9.59it/s]
 32%|███▏      | 25/79 [00:02<00:05, 10.20it/s]
 34%|███▍      | 27/79 [00:02<00:05, 10.02it/s]
 37%|███▋      | 29/79 [00:02<00:05,  8.43it/s]
 39%|███▉      | 31/79 [00:02<00:05,  8.79it/s]
 43%|████▎     | 34/79 [00:03<00:03, 11.79it/s]
 46%|████▌     | 36/79 [00:03<00:03, 10.95it/s]
 51%|█████     | 40/79 [00:03<00:02, 15.36it/s]
 56%|█████▌    | 44/79 [00:03<00:01, 18.79it/s]
 59%|█████▉    | 47/79 [00:03<00:01, 18.76it/s]
 63%|██████▎   | 50/79 [00:04<00:02, 14.35it/s]
 66%|██████▌   | 52/79 [00:04<00:01, 15.14it/s]
 70%|██████▉   | 55/79 [00:04<00:01, 17.51it/s]
 75%|███████▍  | 59/79 [00:04<00:00, 21.93it/s]
 78%|███████▊  | 62/79 [00:04<00:00, 18.97it/s]
 82%|████████▏ | 65/79 [00:04<00:00, 17.98it/s]
 87%|████████▋ | 69/79 [00:04<00:00, 21.55it/s]
 92%|█████████▏| 73/79 [00:05<00:00, 23.85it/s]
 96%|█████████▌| 76/79 [00:05<00:00, 22.24it/s]
100%|██████████| 79/79 [00:05<00:00, 15.18it/s]
100%|██████████| 79/79 [00:05<00:00, 14.13it/s]

CommRound: 27/30
Accuracy: 12.54% | Loss: 3.0168
[######################################################------] 90.0%
Elapsed: 7.0m | Avg/Round: 15.5s | Last: 17.6s | Next: 15.5s | Remaining: 0.8m
ETA: 11:50:37
Recent round times: R1: 14.9s -> R2: 16.4s -> R3: 15.8s -> R4: 16.0s -> R5: 17.6s

  0%|          | 0/79 [00:00<?, ?it/s]
  1%|▏         | 1/79 [00:00<00:23,  3.30it/s]
  5%|▌         | 4/79 [00:00<00:06, 11.31it/s]
 10%|█         | 8/79 [00:00<00:05, 13.16it/s]
 16%|█▋        | 13/79 [00:00<00:03, 20.40it/s]
 20%|██        | 16/79 [00:00<00:02, 21.18it/s]
 24%|██▍       | 19/79 [00:01<00:02, 22.44it/s]
 28%|██▊       | 22/79 [00:01<00:02, 22.54it/s]
 32%|███▏      | 25/79 [00:01<00:02, 21.79it/s]
 35%|███▌      | 28/79 [00:01<00:02, 21.52it/s]
 41%|████      | 32/79 [00:01<00:02, 20.81it/s]
 46%|████▌     | 36/79 [00:01<00:01, 22.10it/s]
 49%|████▉     | 39/79 [00:01<00:01, 23.29it/s]
 53%|█████▎    | 42/79 [00:02<00:01, 22.05it/s]
 57%|█████▋    | 45/79 [00:02<00:01, 22.27it/s]
 61%|██████    | 48/79 [00:02<00:01, 22.79it/s]
 65%|██████▍   | 51/79 [00:02<00:01, 21.04it/s]
 68%|██████▊   | 54/79 [00:02<00:01, 21.27it/s]
 72%|███████▏  | 57/79 [00:02<00:01, 21.32it/s]
 76%|███████▌  | 60/79 [00:02<00:00, 20.40it/s]
 80%|███████▉  | 63/79 [00:03<00:00, 21.74it/s]
 84%|████████▎ | 66/79 [00:03<00:00, 19.39it/s]
 87%|████████▋ | 69/79 [00:03<00:00, 19.78it/s]
 91%|█████████ | 72/79 [00:03<00:00, 18.62it/s]
 96%|█████████▌| 76/79 [00:03<00:00, 18.11it/s]
100%|██████████| 79/79 [00:03<00:00, 20.12it/s]

CommRound: 28/30
Accuracy: 12.52% | Loss: 3.0194
[########################################################----] 93.3%
Elapsed: 7.2m | Avg/Round: 15.5s | Last: 15.9s | Next: 15.5s | Remaining: 0.5m
ETA: 11:50:37
Recent round times: R1: 16.4s -> R2: 15.8s -> R3: 16.0s -> R4: 17.6s -> R5: 15.9s

  0%|          | 0/79 [00:00<?, ?it/s]
  1%|▏         | 1/79 [00:00<00:19,  4.05it/s]
  6%|▋         | 5/79 [00:00<00:04, 16.68it/s]
 10%|█         | 8/79 [00:00<00:04, 17.04it/s]
 14%|█▍        | 11/79 [00:00<00:03, 18.90it/s]
 18%|█▊        | 14/79 [00:00<00:03, 16.37it/s]
 20%|██        | 16/79 [00:01<00:03, 16.52it/s]
 23%|██▎       | 18/79 [00:01<00:03, 16.81it/s]
 25%|██▌       | 20/79 [00:01<00:03, 17.00it/s]
 28%|██▊       | 22/79 [00:01<00:03, 17.40it/s]
 30%|███       | 24/79 [00:01<00:03, 15.64it/s]
 35%|███▌      | 28/79 [00:01<00:03, 15.67it/s]
 39%|███▉      | 31/79 [00:01<00:02, 18.33it/s]
 44%|████▍     | 35/79 [00:01<00:02, 21.82it/s]
 49%|████▉     | 39/79 [00:02<00:01, 23.53it/s]
 53%|█████▎    | 42/79 [00:02<00:01, 24.54it/s]
 57%|█████▋    | 45/79 [00:02<00:01, 20.44it/s]
 61%|██████    | 48/79 [00:02<00:01, 21.29it/s]
 65%|██████▍   | 51/79 [00:02<00:01, 19.67it/s]
 68%|██████▊   | 54/79 [00:03<00:01, 16.02it/s]
 73%|███████▎  | 58/79 [00:03<00:01, 19.54it/s]
 78%|███████▊  | 62/79 [00:03<00:00, 19.59it/s]
 84%|████████▎ | 66/79 [00:03<00:00, 20.06it/s]
 87%|████████▋ | 69/79 [00:03<00:00, 20.73it/s]
 91%|█████████ | 72/79 [00:03<00:00, 19.78it/s]
 95%|█████████▍| 75/79 [00:03<00:00, 20.23it/s]
 99%|█████████▊| 78/79 [00:04<00:00, 21.20it/s]
100%|██████████| 79/79 [00:04<00:00, 19.09it/s]

CommRound: 29/30
Accuracy: 12.50% | Loss: 3.0213
[##########################################################--] 96.7%
Elapsed: 7.5m | Avg/Round: 15.5s | Last: 16.3s | Next: 15.5s | Remaining: 0.3m
ETA: 11:50:38
Recent round times: R1: 15.8s -> R2: 16.0s -> R3: 17.6s -> R4: 15.9s -> R5: 16.3s

  0%|          | 0/79 [00:00<?, ?it/s]
  1%|▏         | 1/79 [00:00<00:11,  7.04it/s]
  5%|▌         | 4/79 [00:00<00:04, 17.70it/s]
  9%|▉         | 7/79 [00:00<00:03, 22.14it/s]
 14%|█▍        | 11/79 [00:00<00:02, 23.77it/s]
 18%|█▊        | 14/79 [00:00<00:02, 23.37it/s]
 22%|██▏       | 17/79 [00:00<00:02, 21.77it/s]
 25%|██▌       | 20/79 [00:00<00:03, 19.44it/s]
 29%|██▉       | 23/79 [00:01<00:03, 18.52it/s]
 33%|███▎      | 26/79 [00:01<00:02, 18.93it/s]
 35%|███▌      | 28/79 [00:01<00:02, 18.25it/s]
 38%|███▊      | 30/79 [00:01<00:02, 17.18it/s]
 43%|████▎     | 34/79 [00:01<00:02, 21.26it/s]
 47%|████▋     | 37/79 [00:01<00:01, 23.02it/s]
 51%|█████     | 40/79 [00:01<00:01, 22.72it/s]
 54%|█████▍    | 43/79 [00:02<00:01, 24.24it/s]
 58%|█████▊    | 46/79 [00:02<00:01, 23.11it/s]
 62%|██████▏   | 49/79 [00:02<00:01, 23.14it/s]
 66%|██████▌   | 52/79 [00:02<00:01, 22.83it/s]
 70%|██████▉   | 55/79 [00:02<00:01, 23.63it/s]
 73%|███████▎  | 58/79 [00:02<00:00, 21.39it/s]
 78%|███████▊  | 62/79 [00:02<00:00, 22.34it/s]
 82%|████████▏ | 65/79 [00:03<00:00, 23.05it/s]
 86%|████████▌ | 68/79 [00:03<00:00, 20.64it/s]
 90%|████████▉ | 71/79 [00:03<00:00, 20.93it/s]
 94%|█████████▎| 74/79 [00:03<00:00, 22.22it/s]
 97%|█████████▋| 77/79 [00:03<00:00, 21.78it/s]
100%|██████████| 79/79 [00:03<00:00, 21.45it/s]

CommRound: 30/30
Accuracy: 12.49% | Loss: 3.0223
[############################################################] 100.0%
Elapsed: 7.8m | Avg/Round: 15.5s | Last: 15.7s | Next: 15.5s | Remaining: 0.0m
ETA: 11:50:38
Recent round times: R1: 16.0s -> R2: 17.6s -> R3: 15.9s -> R4: 16.3s -> R5: 15.7s
Total time for experiment: 465.51253294944763 seconds
Device average training time per communication round [s]:
    rpi (sld-rpi-09.ece.utexas.edu): 8.96 seconds
    mc1 (sld-mc1-09.ece.utexas.edu): 10.77 seconds
