Connecting to sld-rpi-09.ece.utexas.edu...
Successfully fetched dev0_pow_temp_log_exp147_run1.csv.
Connecting to sld-rpi-09.ece.utexas.edu...
Successfully fetched dev0_communication_log_exp147_run1.csv.
Connecting to sld-mc1-09.ece.utexas.edu...
Successfully fetched dev1_pow_temp_log_exp147_run1.csv.
Connecting to sld-mc1-09.ece.utexas.edu...
Successfully fetched dev1_communication_log_exp147_run1.csv.

Exp147
Experiment 147: 
	Global test accuracy [%]: 88.53 %
	No round found where all subsequent rounds have accuracy >= 90.00%.
	Average time per communication round [s]: 9.1 seconds
	Total wall clock time [s]: 205.97 seconds


Experiment 147:
	RPi avg. energy consumption per round [J]: 31.36 Joules
	MC1 avg. energy consumption per round [J]: 15.67 Joules
	Total avg. energy consumption per communication round [J]: 47.04 Joules
	Avg. amount of communicated data per communication round [MB]: 0.04 MB
	RPi avg. power consumption per round [W]: 5.23 Watts
	MC1 avg. power consumption per round [W]: 5.77 Watts
