Connecting to sld-rpi-09.ece.utexas.edu...
Successfully fetched dev0_pow_temp_log_exp105_run1.csv.
Connecting to sld-rpi-09.ece.utexas.edu...
Successfully fetched dev0_communication_log_exp105_run1.csv.
Connecting to sld-mc1-09.ece.utexas.edu...
Successfully fetched dev1_pow_temp_log_exp105_run1.csv.
Connecting to sld-mc1-09.ece.utexas.edu...
Successfully fetched dev1_communication_log_exp105_run1.csv.

Exp105
Experiment 105: 
	Global test accuracy [%]: 85.3 %
	No round found where all subsequent rounds have accuracy >= 90.00%.
	Average time per communication round [s]: 20.39 seconds
	Total wall clock time [s]: 157.76 seconds


Experiment 105:
	RPi avg. energy consumption per round [J]: 73.34 Joules
	MC1 avg. energy consumption per round [J]: 109.47 Joules
	Total avg. energy consumption per communication round [J]: 182.81 Joules
	Avg. amount of communicated data per communication round [MB]: 0.29 MB
	RPi avg. power consumption per round [W]: 5.49 Watts
	MC1 avg. power consumption per round [W]: 7.30 Watts
