
  0%|          | 0/79 [00:00<?, ?it/s]
  3%|▎         | 2/79 [00:00<00:04, 19.19it/s]
  6%|▋         | 5/79 [00:00<00:03, 22.63it/s]
 10%|█         | 8/79 [00:00<00:02, 24.68it/s]
 14%|█▍        | 11/79 [00:00<00:02, 26.62it/s]
 18%|█▊        | 14/79 [00:00<00:02, 27.47it/s]
 22%|██▏       | 17/79 [00:00<00:02, 27.74it/s]
 27%|██▋       | 21/79 [00:00<00:02, 28.61it/s]
 32%|███▏      | 25/79 [00:00<00:01, 28.99it/s]
 35%|███▌      | 28/79 [00:01<00:01, 29.26it/s]
 41%|████      | 32/79 [00:01<00:01, 29.39it/s]
 44%|████▍     | 35/79 [00:01<00:01, 29.55it/s]
 48%|████▊     | 38/79 [00:01<00:01, 29.27it/s]
 53%|█████▎    | 42/79 [00:01<00:01, 30.46it/s]
 58%|█████▊    | 46/79 [00:01<00:01, 31.25it/s]
 63%|██████▎   | 50/79 [00:01<00:00, 31.60it/s]
 68%|██████▊   | 54/79 [00:01<00:00, 28.52it/s]
 73%|███████▎  | 58/79 [00:02<00:00, 27.43it/s]
 78%|███████▊  | 62/79 [00:02<00:00, 28.40it/s]
 84%|████████▎ | 66/79 [00:02<00:00, 27.92it/s]
 89%|████████▊ | 70/79 [00:02<00:00, 26.56it/s]
 94%|█████████▎| 74/79 [00:02<00:00, 26.98it/s]
 99%|█████████▊| 78/79 [00:02<00:00, 28.39it/s]
100%|██████████| 79/79 [00:02<00:00, 28.43it/s]
Initial Accuracy: 9.48%; Initial Loss: 2.3109

  0%|          | 0/79 [00:00<?, ?it/s]
  1%|▏         | 1/79 [00:00<00:10,  7.75it/s]
  9%|▉         | 7/79 [00:00<00:02, 28.53it/s]
 14%|█▍        | 11/79 [00:00<00:02, 32.35it/s]
 19%|█▉        | 15/79 [00:00<00:01, 33.98it/s]
 24%|██▍       | 19/79 [00:00<00:01, 35.62it/s]
 29%|██▉       | 23/79 [00:00<00:01, 36.91it/s]
 35%|███▌      | 28/79 [00:00<00:01, 40.49it/s]
 42%|████▏     | 33/79 [00:00<00:01, 38.14it/s]
 47%|████▋     | 37/79 [00:01<00:01, 38.64it/s]
 53%|█████▎    | 42/79 [00:01<00:00, 38.41it/s]
 58%|█████▊    | 46/79 [00:01<00:00, 38.04it/s]
 63%|██████▎   | 50/79 [00:01<00:00, 37.84it/s]
 68%|██████▊   | 54/79 [00:01<00:00, 37.78it/s]
 73%|███████▎  | 58/79 [00:01<00:00, 37.78it/s]
 78%|███████▊  | 62/79 [00:01<00:00, 37.70it/s]
 84%|████████▎ | 66/79 [00:01<00:00, 37.66it/s]
 89%|████████▊ | 70/79 [00:01<00:00, 37.67it/s]
 94%|█████████▎| 74/79 [00:02<00:00, 37.59it/s]
 99%|█████████▊| 78/79 [00:02<00:00, 37.19it/s]
100%|██████████| 79/79 [00:02<00:00, 36.72it/s]

CommRound: 1/30
Accuracy: 39.80% | Loss: 1.9536
[##----------------------------------------------------------] 3.3%
Elapsed: 0.2m | Avg/Round: 11.5s | Last: 8.7s | Next: 11.5s | Remaining: 5.6m
ETA: 06:05:22
Recent round times: R1: 8.7s

  0%|          | 0/79 [00:00<?, ?it/s]
  1%|▏         | 1/79 [00:00<00:08,  9.62it/s]
  6%|▋         | 5/79 [00:00<00:03, 23.55it/s]
 11%|█▏        | 9/79 [00:00<00:02, 25.27it/s]
 16%|█▋        | 13/79 [00:00<00:02, 26.30it/s]
 22%|██▏       | 17/79 [00:00<00:02, 27.21it/s]
 27%|██▋       | 21/79 [00:00<00:02, 28.14it/s]
 30%|███       | 24/79 [00:00<00:01, 28.15it/s]
 34%|███▍      | 27/79 [00:01<00:01, 28.34it/s]
 38%|███▊      | 30/79 [00:01<00:01, 28.54it/s]
 43%|████▎     | 34/79 [00:01<00:01, 28.86it/s]
 48%|████▊     | 38/79 [00:01<00:01, 29.09it/s]
 53%|█████▎    | 42/79 [00:01<00:01, 29.29it/s]
 58%|█████▊    | 46/79 [00:01<00:01, 29.25it/s]
 63%|██████▎   | 50/79 [00:01<00:00, 29.20it/s]
 68%|██████▊   | 54/79 [00:01<00:00, 29.13it/s]
 73%|███████▎  | 58/79 [00:02<00:00, 29.19it/s]
 78%|███████▊  | 62/79 [00:02<00:00, 28.81it/s]
 84%|████████▎ | 66/79 [00:02<00:00, 28.68it/s]
 89%|████████▊ | 70/79 [00:02<00:00, 28.76it/s]
 94%|█████████▎| 74/79 [00:02<00:00, 29.57it/s]
 99%|█████████▊| 78/79 [00:02<00:00, 31.60it/s]
100%|██████████| 79/79 [00:02<00:00, 28.84it/s]

CommRound: 2/30
Accuracy: 58.28% | Loss: 1.3003
[####--------------------------------------------------------] 6.7%
Elapsed: 0.4m | Avg/Round: 10.6s | Last: 9.6s | Next: 10.6s | Remaining: 4.9m
ETA: 06:04:52
Recent round times: R1: 8.7s -> R2: 9.6s

  0%|          | 0/79 [00:00<?, ?it/s]
  1%|▏         | 1/79 [00:00<00:08,  9.52it/s]
  8%|▊         | 6/79 [00:00<00:02, 31.82it/s]
 13%|█▎        | 10/79 [00:00<00:02, 34.06it/s]
 18%|█▊        | 14/79 [00:00<00:01, 35.52it/s]
 23%|██▎       | 18/79 [00:00<00:01, 36.39it/s]
 28%|██▊       | 22/79 [00:00<00:01, 37.06it/s]
 33%|███▎      | 26/79 [00:00<00:01, 37.51it/s]
 38%|███▊      | 30/79 [00:00<00:01, 37.79it/s]
 43%|████▎     | 34/79 [00:00<00:01, 38.13it/s]
 48%|████▊     | 38/79 [00:01<00:01, 37.81it/s]
 53%|█████▎    | 42/79 [00:01<00:01, 33.37it/s]
 58%|█████▊    | 46/79 [00:01<00:01, 31.02it/s]
 63%|██████▎   | 50/79 [00:01<00:00, 30.19it/s]
 68%|██████▊   | 54/79 [00:01<00:00, 29.29it/s]
 72%|███████▏  | 57/79 [00:01<00:00, 27.47it/s]
 77%|███████▋  | 61/79 [00:01<00:00, 28.00it/s]
 82%|████████▏ | 65/79 [00:02<00:00, 28.33it/s]
 87%|████████▋ | 69/79 [00:02<00:00, 30.25it/s]
 92%|█████████▏| 73/79 [00:02<00:00, 32.23it/s]
 97%|█████████▋| 77/79 [00:02<00:00, 33.81it/s]
100%|██████████| 79/79 [00:02<00:00, 32.85it/s]

CommRound: 3/30
Accuracy: 62.09% | Loss: 1.1441
[######------------------------------------------------------] 10.0%
Elapsed: 0.5m | Avg/Round: 10.2s | Last: 9.5s | Next: 10.2s | Remaining: 4.6m
ETA: 06:04:41
Recent round times: R1: 8.7s -> R2: 9.6s -> R3: 9.5s

  0%|          | 0/79 [00:00<?, ?it/s]
  1%|▏         | 1/79 [00:00<00:09,  7.97it/s]
  6%|▋         | 5/79 [00:00<00:03, 21.75it/s]
 11%|█▏        | 9/79 [00:00<00:02, 28.08it/s]
 16%|█▋        | 13/79 [00:00<00:02, 31.83it/s]
 22%|██▏       | 17/79 [00:00<00:01, 31.69it/s]
 27%|██▋       | 21/79 [00:00<00:01, 30.99it/s]
 32%|███▏      | 25/79 [00:00<00:01, 30.44it/s]
 37%|███▋      | 29/79 [00:00<00:01, 31.00it/s]
 42%|████▏     | 33/79 [00:01<00:01, 32.37it/s]
 47%|████▋     | 37/79 [00:01<00:01, 33.17it/s]
 52%|█████▏    | 41/79 [00:01<00:01, 33.84it/s]
 57%|█████▋    | 45/79 [00:01<00:00, 34.33it/s]
 62%|██████▏   | 49/79 [00:01<00:00, 34.62it/s]
 67%|██████▋   | 53/79 [00:01<00:00, 34.70it/s]
 72%|███████▏  | 57/79 [00:01<00:00, 35.52it/s]
 77%|███████▋  | 61/79 [00:01<00:00, 35.84it/s]
 82%|████████▏ | 65/79 [00:01<00:00, 35.97it/s]
 87%|████████▋ | 69/79 [00:02<00:00, 34.97it/s]
 92%|█████████▏| 73/79 [00:02<00:00, 33.27it/s]
 97%|█████████▋| 77/79 [00:02<00:00, 33.46it/s]
100%|██████████| 79/79 [00:02<00:00, 32.48it/s]

CommRound: 4/30
Accuracy: 68.88% | Loss: 0.9443
[########----------------------------------------------------] 13.3%
Elapsed: 0.7m | Avg/Round: 10.0s | Last: 9.4s | Next: 10.0s | Remaining: 4.3m
ETA: 06:04:35
Recent round times: R1: 8.7s -> R2: 9.6s -> R3: 9.5s -> R4: 9.4s

  0%|          | 0/79 [00:00<?, ?it/s]
  1%|▏         | 1/79 [00:00<00:07,  9.81it/s]
  8%|▊         | 6/79 [00:00<00:02, 28.73it/s]
 13%|█▎        | 10/79 [00:00<00:02, 30.11it/s]
 18%|█▊        | 14/79 [00:00<00:02, 31.03it/s]
 23%|██▎       | 18/79 [00:00<00:01, 31.35it/s]
 28%|██▊       | 22/79 [00:00<00:01, 29.27it/s]
 33%|███▎      | 26/79 [00:00<00:01, 27.46it/s]
 38%|███▊      | 30/79 [00:01<00:01, 26.32it/s]
 43%|████▎     | 34/79 [00:01<00:01, 25.70it/s]
 48%|████▊     | 38/79 [00:01<00:01, 28.79it/s]
 53%|█████▎    | 42/79 [00:01<00:01, 31.21it/s]
 58%|█████▊    | 46/79 [00:01<00:00, 33.19it/s]
 63%|██████▎   | 50/79 [00:01<00:00, 34.67it/s]
 68%|██████▊   | 54/79 [00:01<00:00, 35.68it/s]
 73%|███████▎  | 58/79 [00:01<00:00, 36.60it/s]
 78%|███████▊  | 62/79 [00:01<00:00, 37.24it/s]
 84%|████████▎ | 66/79 [00:02<00:00, 37.29it/s]
 89%|████████▊ | 70/79 [00:02<00:00, 37.74it/s]
 94%|█████████▎| 74/79 [00:02<00:00, 38.00it/s]
 99%|█████████▊| 78/79 [00:02<00:00, 38.29it/s]
100%|██████████| 79/79 [00:02<00:00, 32.79it/s]

CommRound: 5/30
Accuracy: 77.75% | Loss: 0.6936
[##########--------------------------------------------------] 16.7%
Elapsed: 0.8m | Avg/Round: 9.9s | Last: 9.5s | Next: 9.9s | Remaining: 4.1m
ETA: 06:04:32
Recent round times: R1: 8.7s -> R2: 9.6s -> R3: 9.5s -> R4: 9.4s -> R5: 9.5s

  0%|          | 0/79 [00:00<?, ?it/s]
  1%|▏         | 1/79 [00:00<00:08,  9.48it/s]
  8%|▊         | 6/79 [00:00<00:02, 31.83it/s]
 13%|█▎        | 10/79 [00:00<00:02, 34.30it/s]
 18%|█▊        | 14/79 [00:00<00:01, 33.08it/s]
 23%|██▎       | 18/79 [00:00<00:01, 34.16it/s]
 28%|██▊       | 22/79 [00:00<00:01, 35.63it/s]
 33%|███▎      | 26/79 [00:00<00:01, 36.50it/s]
 38%|███▊      | 30/79 [00:00<00:01, 37.19it/s]
 43%|████▎     | 34/79 [00:00<00:01, 37.00it/s]
 48%|████▊     | 38/79 [00:01<00:01, 36.89it/s]
 53%|█████▎    | 42/79 [00:01<00:01, 36.96it/s]
 58%|█████▊    | 46/79 [00:01<00:00, 36.68it/s]
 63%|██████▎   | 50/79 [00:01<00:00, 36.93it/s]
 68%|██████▊   | 54/79 [00:01<00:00, 37.04it/s]
 73%|███████▎  | 58/79 [00:01<00:00, 37.00it/s]
 78%|███████▊  | 62/79 [00:01<00:00, 37.36it/s]
 84%|████████▎ | 66/79 [00:01<00:00, 37.66it/s]
 89%|████████▊ | 70/79 [00:01<00:00, 37.13it/s]
 94%|█████████▎| 74/79 [00:02<00:00, 36.82it/s]
 99%|█████████▊| 78/79 [00:02<00:00, 36.33it/s]
100%|██████████| 79/79 [00:02<00:00, 36.07it/s]

CommRound: 6/30
Accuracy: 81.99% | Loss: 0.5567
[############------------------------------------------------] 20.0%
Elapsed: 1.0m | Avg/Round: 9.8s | Last: 9.2s | Next: 9.8s | Remaining: 3.9m
ETA: 06:04:29
Recent round times: R1: 9.6s -> R2: 9.5s -> R3: 9.4s -> R4: 9.5s -> R5: 9.2s

  0%|          | 0/79 [00:00<?, ?it/s]
  1%|▏         | 1/79 [00:00<00:07,  9.93it/s]
  6%|▋         | 5/79 [00:00<00:02, 26.70it/s]
 10%|█         | 8/79 [00:00<00:02, 24.84it/s]
 15%|█▌        | 12/79 [00:00<00:02, 24.62it/s]
 20%|██        | 16/79 [00:00<00:02, 24.60it/s]
 25%|██▌       | 20/79 [00:00<00:02, 24.54it/s]
 30%|███       | 24/79 [00:00<00:02, 24.55it/s]
 35%|███▌      | 28/79 [00:01<00:02, 24.57it/s]
 41%|████      | 32/79 [00:01<00:01, 24.62it/s]
 46%|████▌     | 36/79 [00:01<00:01, 24.61it/s]
 51%|█████     | 40/79 [00:01<00:01, 24.79it/s]
 56%|█████▌    | 44/79 [00:01<00:01, 25.60it/s]
 61%|██████    | 48/79 [00:01<00:01, 25.12it/s]
 66%|██████▌   | 52/79 [00:02<00:01, 24.90it/s]
 71%|███████   | 56/79 [00:02<00:00, 24.89it/s]
 76%|███████▌  | 60/79 [00:02<00:00, 26.81it/s]
 81%|████████  | 64/79 [00:02<00:00, 28.38it/s]
 86%|████████▌ | 68/79 [00:02<00:00, 29.55it/s]
 91%|█████████ | 72/79 [00:02<00:00, 30.54it/s]
 96%|█████████▌| 76/79 [00:02<00:00, 31.36it/s]
100%|██████████| 79/79 [00:02<00:00, 26.73it/s]

CommRound: 7/30
Accuracy: 83.42% | Loss: 0.5289
[##############----------------------------------------------] 23.3%
Elapsed: 1.1m | Avg/Round: 9.8s | Last: 10.0s | Next: 9.8s | Remaining: 3.8m
ETA: 06:04:30
Recent round times: R1: 9.5s -> R2: 9.4s -> R3: 9.5s -> R4: 9.2s -> R5: 10.0s

  0%|          | 0/79 [00:00<?, ?it/s]
  1%|▏         | 1/79 [00:00<00:08,  9.66it/s]
  6%|▋         | 5/79 [00:00<00:03, 22.21it/s]
 11%|█▏        | 9/79 [00:00<00:02, 24.11it/s]
 16%|█▋        | 13/79 [00:00<00:02, 24.77it/s]
 22%|██▏       | 17/79 [00:00<00:02, 25.02it/s]
 27%|██▋       | 21/79 [00:00<00:02, 27.62it/s]
 32%|███▏      | 25/79 [00:00<00:01, 30.47it/s]
 37%|███▋      | 29/79 [00:01<00:01, 32.74it/s]
 42%|████▏     | 33/79 [00:01<00:01, 34.70it/s]
 47%|████▋     | 37/79 [00:01<00:01, 36.18it/s]
 52%|█████▏    | 41/79 [00:01<00:01, 36.97it/s]
 57%|█████▋    | 45/79 [00:01<00:00, 37.21it/s]
 62%|██████▏   | 49/79 [00:01<00:00, 37.21it/s]
 67%|██████▋   | 53/79 [00:01<00:00, 36.95it/s]
 72%|███████▏  | 57/79 [00:01<00:00, 36.46it/s]
 77%|███████▋  | 61/79 [00:01<00:00, 36.46it/s]
 82%|████████▏ | 65/79 [00:01<00:00, 36.28it/s]
 87%|████████▋ | 69/79 [00:02<00:00, 35.66it/s]
 92%|█████████▏| 73/79 [00:02<00:00, 35.57it/s]
 97%|█████████▋| 77/79 [00:02<00:00, 35.89it/s]
100%|██████████| 79/79 [00:02<00:00, 32.88it/s]

CommRound: 8/30
Accuracy: 83.12% | Loss: 0.5407
[################--------------------------------------------] 26.7%
Elapsed: 1.3m | Avg/Round: 9.8s | Last: 9.4s | Next: 9.8s | Remaining: 3.6m
ETA: 06:04:28
Recent round times: R1: 9.4s -> R2: 9.5s -> R3: 9.2s -> R4: 10.0s -> R5: 9.4s

  0%|          | 0/79 [00:00<?, ?it/s]
  1%|▏         | 1/79 [00:00<00:08,  9.70it/s]
  8%|▊         | 6/79 [00:00<00:02, 31.33it/s]
 13%|█▎        | 10/79 [00:00<00:02, 33.35it/s]
 18%|█▊        | 14/79 [00:00<00:01, 34.41it/s]
 23%|██▎       | 18/79 [00:00<00:01, 35.23it/s]
 28%|██▊       | 22/79 [00:00<00:01, 35.64it/s]
 33%|███▎      | 26/79 [00:00<00:01, 35.96it/s]
 38%|███▊      | 30/79 [00:00<00:01, 36.13it/s]
 43%|████▎     | 34/79 [00:00<00:01, 36.30it/s]
 48%|████▊     | 38/79 [00:01<00:01, 36.42it/s]
 53%|█████▎    | 42/79 [00:01<00:01, 36.52it/s]
 58%|█████▊    | 46/79 [00:01<00:00, 36.77it/s]
 63%|██████▎   | 50/79 [00:01<00:00, 36.80it/s]
 68%|██████▊   | 54/79 [00:01<00:00, 36.89it/s]
 73%|███████▎  | 58/79 [00:01<00:00, 36.91it/s]
 78%|███████▊  | 62/79 [00:01<00:00, 36.98it/s]
 84%|████████▎ | 66/79 [00:01<00:00, 36.99it/s]
 89%|████████▊ | 70/79 [00:01<00:00, 37.03it/s]
 94%|█████████▎| 74/79 [00:02<00:00, 37.06it/s]
 99%|█████████▊| 78/79 [00:02<00:00, 36.35it/s]
100%|██████████| 79/79 [00:02<00:00, 35.96it/s]

CommRound: 9/30
Accuracy: 81.17% | Loss: 0.6173
[##################------------------------------------------] 30.0%
Elapsed: 1.5m | Avg/Round: 9.7s | Last: 9.2s | Next: 9.7s | Remaining: 3.4m
ETA: 06:04:26
Recent round times: R1: 9.5s -> R2: 9.2s -> R3: 10.0s -> R4: 9.4s -> R5: 9.2s

  0%|          | 0/79 [00:00<?, ?it/s]
  1%|▏         | 1/79 [00:00<00:08,  9.74it/s]
  8%|▊         | 6/79 [00:00<00:02, 32.07it/s]
 13%|█▎        | 10/79 [00:00<00:02, 33.54it/s]
 18%|█▊        | 14/79 [00:00<00:01, 33.87it/s]
 23%|██▎       | 18/79 [00:00<00:01, 34.41it/s]
 28%|██▊       | 22/79 [00:00<00:01, 34.47it/s]
 33%|███▎      | 26/79 [00:00<00:01, 34.90it/s]
 38%|███▊      | 30/79 [00:00<00:01, 35.19it/s]
 43%|████▎     | 34/79 [00:01<00:01, 35.48it/s]
 48%|████▊     | 38/79 [00:01<00:01, 35.94it/s]
 53%|█████▎    | 42/79 [00:01<00:01, 36.13it/s]
 58%|█████▊    | 46/79 [00:01<00:00, 36.25it/s]
 63%|██████▎   | 50/79 [00:01<00:00, 36.50it/s]
 68%|██████▊   | 54/79 [00:01<00:00, 36.72it/s]
 73%|███████▎  | 58/79 [00:01<00:00, 37.01it/s]
 78%|███████▊  | 62/79 [00:01<00:00, 37.55it/s]
 84%|████████▎ | 66/79 [00:01<00:00, 37.01it/s]
 89%|████████▊ | 70/79 [00:01<00:00, 37.08it/s]
 94%|█████████▎| 74/79 [00:02<00:00, 36.68it/s]
 99%|█████████▊| 78/79 [00:02<00:00, 36.81it/s]
100%|██████████| 79/79 [00:02<00:00, 35.74it/s]

CommRound: 10/30
Accuracy: 81.84% | Loss: 0.6018
[####################----------------------------------------] 33.3%
Elapsed: 1.6m | Avg/Round: 9.6s | Last: 9.0s | Next: 9.6s | Remaining: 3.2m
ETA: 06:04:24
Recent round times: R1: 9.2s -> R2: 10.0s -> R3: 9.4s -> R4: 9.2s -> R5: 9.0s

  0%|          | 0/79 [00:00<?, ?it/s]
  1%|▏         | 1/79 [00:00<00:07,  9.95it/s]
  8%|▊         | 6/79 [00:00<00:02, 31.74it/s]
 13%|█▎        | 10/79 [00:00<00:02, 33.94it/s]
 18%|█▊        | 14/79 [00:00<00:01, 35.10it/s]
 23%|██▎       | 18/79 [00:00<00:01, 35.77it/s]
 28%|██▊       | 22/79 [00:00<00:01, 36.27it/s]
 33%|███▎      | 26/79 [00:00<00:01, 36.61it/s]
 38%|███▊      | 30/79 [00:00<00:01, 37.10it/s]
 43%|████▎     | 34/79 [00:00<00:01, 37.16it/s]
 48%|████▊     | 38/79 [00:01<00:01, 37.09it/s]
 53%|█████▎    | 42/79 [00:01<00:00, 37.08it/s]
 58%|█████▊    | 46/79 [00:01<00:00, 36.99it/s]
 63%|██████▎   | 50/79 [00:01<00:00, 37.00it/s]
 68%|██████▊   | 54/79 [00:01<00:00, 36.81it/s]
 73%|███████▎  | 58/79 [00:01<00:00, 37.05it/s]
 78%|███████▊  | 62/79 [00:01<00:00, 37.30it/s]
 85%|████████▍ | 67/79 [00:01<00:00, 40.69it/s]
 91%|█████████ | 72/79 [00:01<00:00, 37.95it/s]
 97%|█████████▋| 77/79 [00:02<00:00, 40.93it/s]
100%|██████████| 79/79 [00:02<00:00, 36.90it/s]

CommRound: 11/30
Accuracy: 82.97% | Loss: 0.5682
[######################--------------------------------------] 36.7%
Elapsed: 1.8m | Avg/Round: 9.6s | Last: 9.1s | Next: 9.6s | Remaining: 3.0m
ETA: 06:04:23
Recent round times: R1: 10.0s -> R2: 9.4s -> R3: 9.2s -> R4: 9.0s -> R5: 9.1s

  0%|          | 0/79 [00:00<?, ?it/s]
  1%|▏         | 1/79 [00:00<00:08,  9.03it/s]
  8%|▊         | 6/79 [00:00<00:02, 31.29it/s]
 13%|█▎        | 10/79 [00:00<00:02, 33.89it/s]
 18%|█▊        | 14/79 [00:00<00:01, 34.97it/s]
 23%|██▎       | 18/79 [00:00<00:01, 32.13it/s]
 28%|██▊       | 22/79 [00:00<00:01, 31.14it/s]
 33%|███▎      | 26/79 [00:00<00:01, 30.02it/s]
 38%|███▊      | 30/79 [00:00<00:01, 29.13it/s]
 42%|████▏     | 33/79 [00:01<00:01, 28.27it/s]
 46%|████▌     | 36/79 [00:01<00:01, 28.68it/s]
 49%|████▉     | 39/79 [00:01<00:01, 27.51it/s]
 53%|█████▎    | 42/79 [00:01<00:01, 28.00it/s]
 57%|█████▋    | 45/79 [00:01<00:01, 27.50it/s]
 62%|██████▏   | 49/79 [00:01<00:01, 27.73it/s]
 67%|██████▋   | 53/79 [00:01<00:00, 28.02it/s]
 72%|███████▏  | 57/79 [00:01<00:00, 27.89it/s]
 77%|███████▋  | 61/79 [00:02<00:00, 27.71it/s]
 82%|████████▏ | 65/79 [00:02<00:00, 27.90it/s]
 87%|████████▋ | 69/79 [00:02<00:00, 27.88it/s]
 92%|█████████▏| 73/79 [00:02<00:00, 28.47it/s]
 97%|█████████▋| 77/79 [00:02<00:00, 28.87it/s]
100%|██████████| 79/79 [00:02<00:00, 29.03it/s]

CommRound: 12/30
Accuracy: 84.04% | Loss: 0.5376
[########################------------------------------------] 40.0%
Elapsed: 1.9m | Avg/Round: 9.6s | Last: 9.4s | Next: 9.6s | Remaining: 2.9m
ETA: 06:04:23
Recent round times: R1: 9.4s -> R2: 9.2s -> R3: 9.0s -> R4: 9.1s -> R5: 9.4s

  0%|          | 0/79 [00:00<?, ?it/s]
  1%|▏         | 1/79 [00:00<00:09,  8.65it/s]
  6%|▋         | 5/79 [00:00<00:03, 23.04it/s]
 11%|█▏        | 9/79 [00:00<00:02, 25.93it/s]
 16%|█▋        | 13/79 [00:00<00:02, 27.46it/s]
 22%|██▏       | 17/79 [00:00<00:02, 28.38it/s]
 27%|██▋       | 21/79 [00:00<00:02, 28.90it/s]
 32%|███▏      | 25/79 [00:00<00:01, 30.35it/s]
 37%|███▋      | 29/79 [00:01<00:01, 32.21it/s]
 42%|████▏     | 33/79 [00:01<00:01, 33.56it/s]
 47%|████▋     | 37/79 [00:01<00:01, 34.15it/s]
 52%|█████▏    | 41/79 [00:01<00:01, 34.46it/s]
 57%|█████▋    | 45/79 [00:01<00:00, 35.13it/s]
 62%|██████▏   | 49/79 [00:01<00:00, 35.61it/s]
 67%|██████▋   | 53/79 [00:01<00:00, 35.81it/s]
 72%|███████▏  | 57/79 [00:01<00:00, 34.75it/s]
 77%|███████▋  | 61/79 [00:01<00:00, 32.95it/s]
 82%|████████▏ | 65/79 [00:02<00:00, 31.99it/s]
 87%|████████▋ | 69/79 [00:02<00:00, 31.68it/s]
 92%|█████████▏| 73/79 [00:02<00:00, 33.03it/s]
 97%|█████████▋| 77/79 [00:02<00:00, 34.34it/s]
100%|██████████| 79/79 [00:02<00:00, 32.54it/s]

CommRound: 13/30
Accuracy: 85.18% | Loss: 0.5010
[##########################----------------------------------] 43.3%
Elapsed: 2.1m | Avg/Round: 9.5s | Last: 9.2s | Next: 9.5s | Remaining: 2.7m
ETA: 06:04:22
Recent round times: R1: 9.2s -> R2: 9.0s -> R3: 9.1s -> R4: 9.4s -> R5: 9.2s

  0%|          | 0/79 [00:00<?, ?it/s]
  1%|▏         | 1/79 [00:00<00:07,  9.76it/s]
  8%|▊         | 6/79 [00:00<00:02, 33.18it/s]
 13%|█▎        | 10/79 [00:00<00:02, 32.57it/s]
 18%|█▊        | 14/79 [00:00<00:01, 33.80it/s]
 23%|██▎       | 18/79 [00:00<00:01, 34.68it/s]
 28%|██▊       | 22/79 [00:00<00:01, 34.97it/s]
 33%|███▎      | 26/79 [00:00<00:01, 35.20it/s]
 38%|███▊      | 30/79 [00:00<00:01, 36.00it/s]
 43%|████▎     | 34/79 [00:00<00:01, 36.25it/s]
 48%|████▊     | 38/79 [00:01<00:01, 36.71it/s]
 53%|█████▎    | 42/79 [00:01<00:00, 37.16it/s]
 58%|█████▊    | 46/79 [00:01<00:00, 37.11it/s]
 63%|██████▎   | 50/79 [00:01<00:00, 37.06it/s]
 68%|██████▊   | 54/79 [00:01<00:00, 36.96it/s]
 73%|███████▎  | 58/79 [00:01<00:00, 36.93it/s]
 78%|███████▊  | 62/79 [00:01<00:00, 36.84it/s]
 84%|████████▎ | 66/79 [00:01<00:00, 36.99it/s]
 89%|████████▊ | 70/79 [00:01<00:00, 37.05it/s]
 94%|█████████▎| 74/79 [00:02<00:00, 37.02it/s]
 99%|█████████▊| 78/79 [00:02<00:00, 36.69it/s]
100%|██████████| 79/79 [00:02<00:00, 36.00it/s]

CommRound: 14/30
Accuracy: 85.93% | Loss: 0.4765
[############################--------------------------------] 46.7%
Elapsed: 2.2m | Avg/Round: 9.5s | Last: 9.2s | Next: 9.5s | Remaining: 2.5m
ETA: 06:04:21
Recent round times: R1: 9.0s -> R2: 9.1s -> R3: 9.4s -> R4: 9.2s -> R5: 9.2s

  0%|          | 0/79 [00:00<?, ?it/s]
  3%|▎         | 2/79 [00:00<00:04, 19.07it/s]
  8%|▊         | 6/79 [00:00<00:02, 31.11it/s]
 13%|█▎        | 10/79 [00:00<00:02, 33.67it/s]
 18%|█▊        | 14/79 [00:00<00:01, 34.75it/s]
 23%|██▎       | 18/79 [00:00<00:01, 35.63it/s]
 28%|██▊       | 22/79 [00:00<00:01, 36.19it/s]
 33%|███▎      | 26/79 [00:00<00:01, 36.51it/s]
 38%|███▊      | 30/79 [00:00<00:01, 36.71it/s]
 43%|████▎     | 34/79 [00:00<00:01, 36.88it/s]
 48%|████▊     | 38/79 [00:01<00:01, 37.04it/s]
 53%|█████▎    | 42/79 [00:01<00:00, 37.15it/s]
 58%|█████▊    | 46/79 [00:01<00:00, 37.32it/s]
 63%|██████▎   | 50/79 [00:01<00:00, 37.38it/s]
 68%|██████▊   | 54/79 [00:01<00:00, 37.41it/s]
 73%|███████▎  | 58/79 [00:01<00:00, 37.49it/s]
 78%|███████▊  | 62/79 [00:01<00:00, 37.53it/s]
 84%|████████▎ | 66/79 [00:01<00:00, 37.57it/s]
 89%|████████▊ | 70/79 [00:01<00:00, 37.53it/s]
 94%|█████████▎| 74/79 [00:02<00:00, 37.56it/s]
 99%|█████████▊| 78/79 [00:02<00:00, 37.08it/s]
100%|██████████| 79/79 [00:02<00:00, 36.60it/s]

CommRound: 15/30
Accuracy: 85.97% | Loss: 0.4732
[##############################------------------------------] 50.0%
Elapsed: 2.4m | Avg/Round: 9.5s | Last: 9.1s | Next: 9.5s | Remaining: 2.4m
ETA: 06:04:20
Recent round times: R1: 9.1s -> R2: 9.4s -> R3: 9.2s -> R4: 9.2s -> R5: 9.1s

  0%|          | 0/79 [00:00<?, ?it/s]
  1%|▏         | 1/79 [00:00<00:08,  9.17it/s]
  8%|▊         | 6/79 [00:00<00:02, 31.16it/s]
 13%|█▎        | 10/79 [00:00<00:02, 33.45it/s]
 18%|█▊        | 14/79 [00:00<00:01, 34.51it/s]
 23%|██▎       | 18/79 [00:00<00:01, 35.27it/s]
 28%|██▊       | 22/79 [00:00<00:01, 35.75it/s]
 33%|███▎      | 26/79 [00:00<00:01, 36.05it/s]
 38%|███▊      | 30/79 [00:00<00:01, 36.33it/s]
 43%|████▎     | 34/79 [00:00<00:01, 36.58it/s]
 48%|████▊     | 38/79 [00:01<00:01, 36.79it/s]
 53%|█████▎    | 42/79 [00:01<00:00, 37.01it/s]
 58%|█████▊    | 46/79 [00:01<00:00, 37.17it/s]
 63%|██████▎   | 50/79 [00:01<00:00, 37.27it/s]
 68%|██████▊   | 54/79 [00:01<00:00, 37.38it/s]
 73%|███████▎  | 58/79 [00:01<00:00, 37.44it/s]
 78%|███████▊  | 62/79 [00:01<00:00, 37.44it/s]
 84%|████████▎ | 66/79 [00:01<00:00, 37.48it/s]
 89%|████████▊ | 70/79 [00:01<00:00, 37.53it/s]
 94%|█████████▎| 74/79 [00:02<00:00, 37.59it/s]
 99%|█████████▊| 78/79 [00:02<00:00, 37.47it/s]
100%|██████████| 79/79 [00:02<00:00, 36.41it/s]

CommRound: 16/30
Accuracy: 86.15% | Loss: 0.4687
[################################----------------------------] 53.3%
Elapsed: 2.5m | Avg/Round: 9.5s | Last: 9.1s | Next: 9.5s | Remaining: 2.2m
ETA: 06:04:20
Recent round times: R1: 9.4s -> R2: 9.2s -> R3: 9.2s -> R4: 9.1s -> R5: 9.1s

  0%|          | 0/79 [00:00<?, ?it/s]
  1%|▏         | 1/79 [00:00<00:08,  9.65it/s]
  8%|▊         | 6/79 [00:00<00:02, 27.13it/s]
 13%|█▎        | 10/79 [00:00<00:02, 30.95it/s]
 18%|█▊        | 14/79 [00:00<00:01, 32.92it/s]
 23%|██▎       | 18/79 [00:00<00:01, 33.63it/s]
 28%|██▊       | 22/79 [00:00<00:01, 34.58it/s]
 33%|███▎      | 26/79 [00:00<00:01, 35.28it/s]
 38%|███▊      | 30/79 [00:00<00:01, 35.58it/s]
 43%|████▎     | 34/79 [00:01<00:01, 34.29it/s]
 48%|████▊     | 38/79 [00:01<00:01, 32.50it/s]
 53%|█████▎    | 42/79 [00:01<00:01, 33.94it/s]
 58%|█████▊    | 46/79 [00:01<00:00, 34.57it/s]
 63%|██████▎   | 50/79 [00:01<00:00, 35.54it/s]
 68%|██████▊   | 54/79 [00:01<00:00, 36.27it/s]
 73%|███████▎  | 58/79 [00:01<00:00, 36.80it/s]
 78%|███████▊  | 62/79 [00:01<00:00, 37.23it/s]
 84%|████████▎ | 66/79 [00:01<00:00, 37.39it/s]
 89%|████████▊ | 70/79 [00:02<00:00, 37.60it/s]
 94%|█████████▎| 74/79 [00:02<00:00, 37.17it/s]
 99%|█████████▊| 78/79 [00:02<00:00, 37.46it/s]
100%|██████████| 79/79 [00:02<00:00, 35.08it/s]

CommRound: 17/30
Accuracy: 86.22% | Loss: 0.4650
[##################################--------------------------] 56.7%
Elapsed: 2.7m | Avg/Round: 9.5s | Last: 9.2s | Next: 9.5s | Remaining: 2.0m
ETA: 06:04:19
Recent round times: R1: 9.2s -> R2: 9.2s -> R3: 9.1s -> R4: 9.1s -> R5: 9.2s

  0%|          | 0/79 [00:00<?, ?it/s]
  1%|▏         | 1/79 [00:00<00:10,  7.67it/s]
  6%|▋         | 5/79 [00:00<00:03, 22.73it/s]
 11%|█▏        | 9/79 [00:00<00:02, 26.17it/s]
 16%|█▋        | 13/79 [00:00<00:02, 27.98it/s]
 22%|██▏       | 17/79 [00:00<00:02, 28.88it/s]
 27%|██▋       | 21/79 [00:00<00:01, 29.71it/s]
 32%|███▏      | 25/79 [00:00<00:01, 30.41it/s]
 37%|███▋      | 29/79 [00:01<00:01, 30.58it/s]
 42%|████▏     | 33/79 [00:01<00:01, 30.88it/s]
 47%|████▋     | 37/79 [00:01<00:01, 31.17it/s]
 52%|█████▏    | 41/79 [00:01<00:01, 31.39it/s]
 57%|█████▋    | 45/79 [00:01<00:01, 31.64it/s]
 62%|██████▏   | 49/79 [00:01<00:00, 31.98it/s]
 67%|██████▋   | 53/79 [00:01<00:00, 32.23it/s]
 72%|███████▏  | 57/79 [00:01<00:00, 32.07it/s]
 77%|███████▋  | 61/79 [00:02<00:00, 31.97it/s]
 82%|████████▏ | 65/79 [00:02<00:00, 31.69it/s]
 87%|████████▋ | 69/79 [00:02<00:00, 31.84it/s]
 92%|█████████▏| 73/79 [00:02<00:00, 31.98it/s]
 97%|█████████▋| 77/79 [00:02<00:00, 32.66it/s]
100%|██████████| 79/79 [00:02<00:00, 31.11it/s]

CommRound: 18/30
Accuracy: 86.15% | Loss: 0.4659
[####################################------------------------] 60.0%
Elapsed: 2.8m | Avg/Round: 9.5s | Last: 9.7s | Next: 9.5s | Remaining: 1.9m
ETA: 06:04:20
Recent round times: R1: 9.2s -> R2: 9.1s -> R3: 9.1s -> R4: 9.2s -> R5: 9.7s

  0%|          | 0/79 [00:00<?, ?it/s]
  3%|▎         | 2/79 [00:00<00:03, 19.43it/s]
  8%|▊         | 6/79 [00:00<00:02, 30.54it/s]
 13%|█▎        | 10/79 [00:00<00:02, 32.84it/s]
 18%|█▊        | 14/79 [00:00<00:01, 34.49it/s]
 23%|██▎       | 18/79 [00:00<00:01, 35.51it/s]
 28%|██▊       | 22/79 [00:00<00:01, 35.75it/s]
 33%|███▎      | 26/79 [00:00<00:01, 36.28it/s]
 38%|███▊      | 30/79 [00:00<00:01, 37.11it/s]
 43%|████▎     | 34/79 [00:00<00:01, 37.30it/s]
 48%|████▊     | 38/79 [00:01<00:01, 37.26it/s]
 53%|█████▎    | 42/79 [00:01<00:00, 37.31it/s]
 58%|█████▊    | 46/79 [00:01<00:00, 37.30it/s]
 63%|██████▎   | 50/79 [00:01<00:00, 37.37it/s]
 68%|██████▊   | 54/79 [00:01<00:00, 37.63it/s]
 73%|███████▎  | 58/79 [00:01<00:00, 37.87it/s]
 78%|███████▊  | 62/79 [00:01<00:00, 37.78it/s]
 84%|████████▎ | 66/79 [00:01<00:00, 37.77it/s]
 89%|████████▊ | 70/79 [00:01<00:00, 37.62it/s]
 94%|█████████▎| 74/79 [00:02<00:00, 37.53it/s]
 99%|█████████▊| 78/79 [00:02<00:00, 37.38it/s]
100%|██████████| 79/79 [00:02<00:00, 36.71it/s]

CommRound: 19/30
Accuracy: 86.19% | Loss: 0.4640
[######################################----------------------] 63.3%
Elapsed: 3.0m | Avg/Round: 9.4s | Last: 8.9s | Next: 9.4s | Remaining: 1.7m
ETA: 06:04:19
Recent round times: R1: 9.1s -> R2: 9.1s -> R3: 9.2s -> R4: 9.7s -> R5: 8.9s

  0%|          | 0/79 [00:00<?, ?it/s]
  1%|▏         | 1/79 [00:00<00:07,  9.96it/s]
  8%|▊         | 6/79 [00:00<00:02, 32.03it/s]
 13%|█▎        | 10/79 [00:00<00:02, 34.08it/s]
 18%|█▊        | 14/79 [00:00<00:01, 35.04it/s]
 23%|██▎       | 18/79 [00:00<00:01, 35.76it/s]
 28%|██▊       | 22/79 [00:00<00:01, 36.16it/s]
 33%|███▎      | 26/79 [00:00<00:01, 36.63it/s]
 38%|███▊      | 30/79 [00:00<00:01, 36.95it/s]
 43%|████▎     | 34/79 [00:00<00:01, 37.16it/s]
 48%|████▊     | 38/79 [00:01<00:01, 37.29it/s]
 53%|█████▎    | 42/79 [00:01<00:00, 37.42it/s]
 58%|█████▊    | 46/79 [00:01<00:00, 37.50it/s]
 63%|██████▎   | 50/79 [00:01<00:00, 37.50it/s]
 68%|██████▊   | 54/79 [00:01<00:00, 37.49it/s]
 73%|███████▎  | 58/79 [00:01<00:00, 37.47it/s]
 78%|███████▊  | 62/79 [00:01<00:00, 37.49it/s]
 84%|████████▎ | 66/79 [00:01<00:00, 37.59it/s]
 89%|████████▊ | 70/79 [00:01<00:00, 37.59it/s]
 94%|█████████▎| 74/79 [00:02<00:00, 37.69it/s]
 99%|█████████▊| 78/79 [00:02<00:00, 37.51it/s]
100%|██████████| 79/79 [00:02<00:00, 36.72it/s]

CommRound: 20/30
Accuracy: 86.14% | Loss: 0.4643
[########################################--------------------] 66.7%
Elapsed: 3.1m | Avg/Round: 9.4s | Last: 9.1s | Next: 9.4s | Remaining: 1.6m
ETA: 06:04:18
Recent round times: R1: 9.1s -> R2: 9.2s -> R3: 9.7s -> R4: 8.9s -> R5: 9.1s

  0%|          | 0/79 [00:00<?, ?it/s]
  1%|▏         | 1/79 [00:00<00:09,  8.29it/s]
  6%|▋         | 5/79 [00:00<00:03, 21.61it/s]
 11%|█▏        | 9/79 [00:00<00:02, 24.93it/s]
 16%|█▋        | 13/79 [00:00<00:02, 26.94it/s]
 22%|██▏       | 17/79 [00:00<00:02, 27.52it/s]
 27%|██▋       | 21/79 [00:00<00:02, 28.22it/s]
 32%|███▏      | 25/79 [00:00<00:01, 28.79it/s]
 37%|███▋      | 29/79 [00:01<00:01, 29.36it/s]
 42%|████▏     | 33/79 [00:01<00:01, 29.30it/s]
 47%|████▋     | 37/79 [00:01<00:01, 29.09it/s]
 52%|█████▏    | 41/79 [00:01<00:01, 29.58it/s]
 57%|█████▋    | 45/79 [00:01<00:01, 29.25it/s]
 62%|██████▏   | 49/79 [00:01<00:01, 29.68it/s]
 67%|██████▋   | 53/79 [00:01<00:00, 29.75it/s]
 72%|███████▏  | 57/79 [00:02<00:00, 29.74it/s]
 77%|███████▋  | 61/79 [00:02<00:00, 29.84it/s]
 82%|████████▏ | 65/79 [00:02<00:00, 30.17it/s]
 87%|████████▋ | 69/79 [00:02<00:00, 30.36it/s]
 92%|█████████▏| 73/79 [00:02<00:00, 30.44it/s]
 97%|█████████▋| 77/79 [00:02<00:00, 29.83it/s]
100%|██████████| 79/79 [00:02<00:00, 29.24it/s]

CommRound: 21/30
Accuracy: 86.22% | Loss: 0.4612
[##########################################------------------] 70.0%
Elapsed: 3.3m | Avg/Round: 9.4s | Last: 9.6s | Next: 9.4s | Remaining: 1.4m
ETA: 06:04:18
Recent round times: R1: 9.2s -> R2: 9.7s -> R3: 8.9s -> R4: 9.1s -> R5: 9.6s

  0%|          | 0/79 [00:00<?, ?it/s]
  1%|▏         | 1/79 [00:00<00:08,  9.64it/s]
  6%|▋         | 5/79 [00:00<00:03, 24.59it/s]
 11%|█▏        | 9/79 [00:00<00:02, 27.99it/s]
 16%|█▋        | 13/79 [00:00<00:02, 29.89it/s]
 22%|██▏       | 17/79 [00:00<00:02, 30.46it/s]
 27%|██▋       | 21/79 [00:00<00:01, 31.29it/s]
 32%|███▏      | 25/79 [00:00<00:01, 31.35it/s]
 37%|███▋      | 29/79 [00:00<00:01, 31.35it/s]
 42%|████▏     | 33/79 [00:01<00:01, 31.36it/s]
 47%|████▋     | 37/79 [00:01<00:01, 30.99it/s]
 52%|█████▏    | 41/79 [00:01<00:01, 31.04it/s]
 57%|█████▋    | 45/79 [00:01<00:01, 31.02it/s]
 62%|██████▏   | 49/79 [00:01<00:00, 30.97it/s]
 67%|██████▋   | 53/79 [00:01<00:00, 30.94it/s]
 72%|███████▏  | 57/79 [00:01<00:00, 30.84it/s]
 77%|███████▋  | 61/79 [00:02<00:00, 30.40it/s]
 82%|████████▏ | 65/79 [00:02<00:00, 30.36it/s]
 87%|████████▋ | 69/79 [00:02<00:00, 30.72it/s]
 92%|█████████▏| 73/79 [00:02<00:00, 30.74it/s]
 97%|█████████▋| 77/79 [00:02<00:00, 30.60it/s]
100%|██████████| 79/79 [00:02<00:00, 30.66it/s]

CommRound: 22/30
Accuracy: 86.25% | Loss: 0.4602
[############################################----------------] 73.3%
Elapsed: 3.5m | Avg/Round: 9.4s | Last: 9.6s | Next: 9.4s | Remaining: 1.3m
ETA: 06:04:19
Recent round times: R1: 9.7s -> R2: 8.9s -> R3: 9.1s -> R4: 9.6s -> R5: 9.6s
EARLY_STOP: round=22; best_acc=86.25; current_acc=86.25; threshold=90.00; patience=5; reason=converged_below_target
Total time for experiment: 207.74368906021118 seconds
Device average training time per communication round [s]:
    rpi (sld-rpi-09.ece.utexas.edu): 4.10 seconds
    mc1 (sld-mc1-09.ece.utexas.edu): 2.11 seconds
