
  0%|          | 0/79 [00:00<?, ?it/s]
  4%|▍         | 3/79 [00:00<00:03, 24.65it/s]
 10%|█         | 8/79 [00:00<00:01, 36.68it/s]
 16%|█▋        | 13/79 [00:00<00:01, 38.06it/s]
 23%|██▎       | 18/79 [00:00<00:01, 39.38it/s]
 29%|██▉       | 23/79 [00:00<00:01, 41.06it/s]
 35%|███▌      | 28/79 [00:00<00:01, 40.09it/s]
 42%|████▏     | 33/79 [00:00<00:01, 41.17it/s]
 48%|████▊     | 38/79 [00:00<00:01, 40.37it/s]
 54%|█████▍    | 43/79 [00:01<00:00, 40.78it/s]
 61%|██████    | 48/79 [00:01<00:00, 40.32it/s]
 67%|██████▋   | 53/79 [00:01<00:00, 40.16it/s]
 73%|███████▎  | 58/79 [00:01<00:00, 38.34it/s]
 81%|████████  | 64/79 [00:01<00:00, 39.49it/s]
 89%|████████▊ | 70/79 [00:01<00:00, 40.23it/s]
 96%|█████████▌| 76/79 [00:01<00:00, 40.80it/s]
100%|██████████| 79/79 [00:01<00:00, 40.03it/s]
Initial Accuracy: 10.31%; Initial Loss: 2.3061

  0%|          | 0/79 [00:00<?, ?it/s]
  4%|▍         | 3/79 [00:00<00:03, 23.19it/s]
 10%|█         | 8/79 [00:00<00:01, 37.10it/s]
 16%|█▋        | 13/79 [00:00<00:01, 36.05it/s]
 24%|██▍       | 19/79 [00:00<00:01, 38.61it/s]
 32%|███▏      | 25/79 [00:00<00:01, 40.12it/s]
 39%|███▉      | 31/79 [00:00<00:01, 40.93it/s]
 47%|████▋     | 37/79 [00:00<00:01, 41.39it/s]
 54%|█████▍    | 43/79 [00:01<00:00, 41.59it/s]
 62%|██████▏   | 49/79 [00:01<00:00, 41.91it/s]
 70%|██████▉   | 55/79 [00:01<00:00, 42.03it/s]
 77%|███████▋  | 61/79 [00:01<00:00, 42.27it/s]
 85%|████████▍ | 67/79 [00:01<00:00, 42.22it/s]
 92%|█████████▏| 73/79 [00:01<00:00, 42.20it/s]
100%|██████████| 79/79 [00:01<00:00, 46.18it/s]
100%|██████████| 79/79 [00:01<00:00, 41.49it/s]

CommRound: 1/30
Accuracy: 32.91% | Loss: 1.9956
[##----------------------------------------------------------] 3.3%
Elapsed: 0.2m | Avg/Round: 10.9s | Last: 8.9s | Next: 10.9s | Remaining: 5.3m
ETA: 18:37:04
Recent round times: R1: 8.9s

  0%|          | 0/79 [00:00<?, ?it/s]
  4%|▍         | 3/79 [00:00<00:03, 23.39it/s]
  9%|▉         | 7/79 [00:00<00:02, 31.60it/s]
 15%|█▌        | 12/79 [00:00<00:01, 37.51it/s]
 22%|██▏       | 17/79 [00:00<00:01, 37.44it/s]
 28%|██▊       | 22/79 [00:00<00:01, 39.52it/s]
 33%|███▎      | 26/79 [00:00<00:01, 39.59it/s]
 39%|███▉      | 31/79 [00:00<00:01, 39.57it/s]
 46%|████▌     | 36/79 [00:00<00:01, 42.05it/s]
 52%|█████▏    | 41/79 [00:01<00:00, 40.25it/s]
 59%|█████▉    | 47/79 [00:01<00:00, 40.87it/s]
 67%|██████▋   | 53/79 [00:01<00:00, 41.42it/s]
 75%|███████▍  | 59/79 [00:01<00:00, 40.56it/s]
 81%|████████  | 64/79 [00:01<00:00, 41.06it/s]
 87%|████████▋ | 69/79 [00:01<00:00, 37.02it/s]
 92%|█████████▏| 73/79 [00:01<00:00, 36.59it/s]
 97%|█████████▋| 77/79 [00:02<00:00, 36.34it/s]
100%|██████████| 79/79 [00:02<00:00, 38.93it/s]

CommRound: 2/30
Accuracy: 59.03% | Loss: 1.2407
[####--------------------------------------------------------] 6.7%
Elapsed: 0.4m | Avg/Round: 11.0s | Last: 11.0s | Next: 11.0s | Remaining: 5.1m
ETA: 18:37:06
Recent round times: R1: 8.9s -> R2: 11.0s

  0%|          | 0/79 [00:00<?, ?it/s]
  4%|▍         | 3/79 [00:00<00:03, 24.02it/s]
 10%|█         | 8/79 [00:00<00:01, 36.24it/s]
 16%|█▋        | 13/79 [00:00<00:01, 36.93it/s]
 22%|██▏       | 17/79 [00:00<00:01, 37.96it/s]
 28%|██▊       | 22/79 [00:00<00:01, 39.91it/s]
 34%|███▍      | 27/79 [00:00<00:01, 37.48it/s]
 39%|███▉      | 31/79 [00:00<00:01, 36.93it/s]
 44%|████▍     | 35/79 [00:00<00:01, 36.01it/s]
 49%|████▉     | 39/79 [00:01<00:01, 35.11it/s]
 54%|█████▍    | 43/79 [00:01<00:01, 35.31it/s]
 59%|█████▉    | 47/79 [00:01<00:00, 35.56it/s]
 65%|██████▍   | 51/79 [00:01<00:00, 35.64it/s]
 70%|██████▉   | 55/79 [00:01<00:00, 36.22it/s]
 75%|███████▍  | 59/79 [00:01<00:00, 36.67it/s]
 80%|███████▉  | 63/79 [00:01<00:00, 36.93it/s]
 85%|████████▍ | 67/79 [00:01<00:00, 36.92it/s]
 90%|████████▉ | 71/79 [00:01<00:00, 37.01it/s]
 95%|█████████▍| 75/79 [00:02<00:00, 37.18it/s]
100%|██████████| 79/79 [00:02<00:00, 37.17it/s]

CommRound: 3/30
Accuracy: 69.01% | Loss: 0.9016
[######------------------------------------------------------] 10.0%
Elapsed: 0.5m | Avg/Round: 10.5s | Last: 9.6s | Next: 10.5s | Remaining: 4.7m
ETA: 18:36:52
Recent round times: R1: 8.9s -> R2: 11.0s -> R3: 9.6s

  0%|          | 0/79 [00:00<?, ?it/s]
  4%|▍         | 3/79 [00:00<00:03, 23.36it/s]
 10%|█         | 8/79 [00:00<00:01, 36.12it/s]
 15%|█▌        | 12/79 [00:00<00:01, 37.65it/s]
 22%|██▏       | 17/79 [00:00<00:01, 37.09it/s]
 28%|██▊       | 22/79 [00:00<00:01, 40.22it/s]
 34%|███▍      | 27/79 [00:00<00:01, 40.17it/s]
 41%|████      | 32/79 [00:00<00:01, 40.82it/s]
 47%|████▋     | 37/79 [00:00<00:01, 37.37it/s]
 52%|█████▏    | 41/79 [00:01<00:01, 37.07it/s]
 57%|█████▋    | 45/79 [00:01<00:00, 36.87it/s]
 62%|██████▏   | 49/79 [00:01<00:00, 36.79it/s]
 67%|██████▋   | 53/79 [00:01<00:00, 36.64it/s]
 72%|███████▏  | 57/79 [00:01<00:00, 36.64it/s]
 77%|███████▋  | 61/79 [00:01<00:00, 36.60it/s]
 82%|████████▏ | 65/79 [00:01<00:00, 36.68it/s]
 87%|████████▋ | 69/79 [00:01<00:00, 36.86it/s]
 92%|█████████▏| 73/79 [00:01<00:00, 36.86it/s]
 97%|█████████▋| 77/79 [00:02<00:00, 36.29it/s]
100%|██████████| 79/79 [00:02<00:00, 37.61it/s]

CommRound: 4/30
Accuracy: 76.80% | Loss: 0.6700
[########----------------------------------------------------] 13.3%
Elapsed: 0.7m | Avg/Round: 10.3s | Last: 9.6s | Next: 10.3s | Remaining: 4.4m
ETA: 18:36:45
Recent round times: R1: 8.9s -> R2: 11.0s -> R3: 9.6s -> R4: 9.6s

  0%|          | 0/79 [00:00<?, ?it/s]
  3%|▎         | 2/79 [00:00<00:03, 19.71it/s]
  6%|▋         | 5/79 [00:00<00:02, 25.29it/s]
 11%|█▏        | 9/79 [00:00<00:02, 30.39it/s]
 16%|█▋        | 13/79 [00:00<00:02, 32.62it/s]
 22%|██▏       | 17/79 [00:00<00:01, 33.56it/s]
 27%|██▋       | 21/79 [00:00<00:01, 34.74it/s]
 32%|███▏      | 25/79 [00:00<00:01, 35.46it/s]
 37%|███▋      | 29/79 [00:00<00:01, 36.00it/s]
 42%|████▏     | 33/79 [00:00<00:01, 36.27it/s]
 47%|████▋     | 37/79 [00:01<00:01, 36.43it/s]
 52%|█████▏    | 41/79 [00:01<00:01, 36.46it/s]
 57%|█████▋    | 45/79 [00:01<00:00, 36.62it/s]
 62%|██████▏   | 49/79 [00:01<00:00, 36.68it/s]
 67%|██████▋   | 53/79 [00:01<00:00, 36.55it/s]
 72%|███████▏  | 57/79 [00:01<00:00, 36.67it/s]
 77%|███████▋  | 61/79 [00:01<00:00, 36.95it/s]
 82%|████████▏ | 65/79 [00:01<00:00, 36.95it/s]
 87%|████████▋ | 69/79 [00:01<00:00, 36.91it/s]
 92%|█████████▏| 73/79 [00:02<00:00, 36.75it/s]
 97%|█████████▋| 77/79 [00:02<00:00, 36.85it/s]
100%|██████████| 79/79 [00:02<00:00, 35.92it/s]

CommRound: 5/30
Accuracy: 81.24% | Loss: 0.5600
[##########--------------------------------------------------] 16.7%
Elapsed: 0.9m | Avg/Round: 10.2s | Last: 10.0s | Next: 10.2s | Remaining: 4.3m
ETA: 18:36:43
Recent round times: R1: 8.9s -> R2: 11.0s -> R3: 9.6s -> R4: 9.6s -> R5: 10.0s

  0%|          | 0/79 [00:00<?, ?it/s]
  4%|▍         | 3/79 [00:00<00:03, 23.65it/s]
 10%|█         | 8/79 [00:00<00:01, 36.32it/s]
 16%|█▋        | 13/79 [00:00<00:01, 36.08it/s]
 23%|██▎       | 18/79 [00:00<00:01, 39.27it/s]
 29%|██▉       | 23/79 [00:00<00:01, 38.60it/s]
 35%|███▌      | 28/79 [00:00<00:01, 40.22it/s]
 42%|████▏     | 33/79 [00:00<00:01, 39.85it/s]
 48%|████▊     | 38/79 [00:00<00:01, 40.53it/s]
 54%|█████▍    | 43/79 [00:01<00:00, 40.41it/s]
 61%|██████    | 48/79 [00:01<00:00, 40.38it/s]
 67%|██████▋   | 53/79 [00:01<00:00, 40.84it/s]
 73%|███████▎  | 58/79 [00:01<00:00, 40.32it/s]
 80%|███████▉  | 63/79 [00:01<00:00, 41.33it/s]
 86%|████████▌ | 68/79 [00:01<00:00, 40.07it/s]
 92%|█████████▏| 73/79 [00:01<00:00, 41.81it/s]
 99%|█████████▊| 78/79 [00:01<00:00, 39.92it/s]
100%|██████████| 79/79 [00:01<00:00, 39.82it/s]

CommRound: 6/30
Accuracy: 81.41% | Loss: 0.5565
[############------------------------------------------------] 20.0%
Elapsed: 1.0m | Avg/Round: 10.1s | Last: 9.4s | Next: 10.1s | Remaining: 4.0m
ETA: 18:36:39
Recent round times: R1: 11.0s -> R2: 9.6s -> R3: 9.6s -> R4: 10.0s -> R5: 9.4s

  0%|          | 0/79 [00:00<?, ?it/s]
  4%|▍         | 3/79 [00:00<00:03, 23.06it/s]
 10%|█         | 8/79 [00:00<00:02, 33.27it/s]
 15%|█▌        | 12/79 [00:00<00:01, 33.67it/s]
 20%|██        | 16/79 [00:00<00:01, 33.31it/s]
 25%|██▌       | 20/79 [00:00<00:01, 33.98it/s]
 30%|███       | 24/79 [00:00<00:01, 34.25it/s]
 35%|███▌      | 28/79 [00:00<00:01, 34.27it/s]
 41%|████      | 32/79 [00:00<00:01, 32.83it/s]
 46%|████▌     | 36/79 [00:01<00:01, 33.87it/s]
 51%|█████     | 40/79 [00:01<00:01, 34.71it/s]
 56%|█████▌    | 44/79 [00:01<00:00, 35.22it/s]
 61%|██████    | 48/79 [00:01<00:00, 35.65it/s]
 66%|██████▌   | 52/79 [00:01<00:00, 35.93it/s]
 71%|███████   | 56/79 [00:01<00:00, 36.03it/s]
 76%|███████▌  | 60/79 [00:01<00:00, 36.30it/s]
 81%|████████  | 64/79 [00:01<00:00, 37.01it/s]
 86%|████████▌ | 68/79 [00:01<00:00, 36.97it/s]
 91%|█████████ | 72/79 [00:02<00:00, 37.28it/s]
 96%|█████████▌| 76/79 [00:02<00:00, 37.22it/s]
100%|██████████| 79/79 [00:02<00:00, 35.49it/s]

CommRound: 7/30
Accuracy: 78.94% | Loss: 0.6456
[##############----------------------------------------------] 23.3%
Elapsed: 1.2m | Avg/Round: 10.0s | Last: 9.7s | Next: 10.0s | Remaining: 3.8m
ETA: 18:36:38
Recent round times: R1: 9.6s -> R2: 9.6s -> R3: 10.0s -> R4: 9.4s -> R5: 9.7s

  0%|          | 0/79 [00:00<?, ?it/s]
  4%|▍         | 3/79 [00:00<00:03, 23.41it/s]
 10%|█         | 8/79 [00:00<00:01, 35.97it/s]
 16%|█▋        | 13/79 [00:00<00:01, 36.04it/s]
 23%|██▎       | 18/79 [00:00<00:01, 40.29it/s]
 29%|██▉       | 23/79 [00:00<00:01, 38.44it/s]
 37%|███▋      | 29/79 [00:00<00:01, 39.78it/s]
 44%|████▍     | 35/79 [00:00<00:01, 40.48it/s]
 52%|█████▏    | 41/79 [00:01<00:00, 41.39it/s]
 59%|█████▉    | 47/79 [00:01<00:00, 41.38it/s]
 67%|██████▋   | 53/79 [00:01<00:00, 41.86it/s]
 75%|███████▍  | 59/79 [00:01<00:00, 41.73it/s]
 82%|████████▏ | 65/79 [00:01<00:00, 41.83it/s]
 90%|████████▉ | 71/79 [00:01<00:00, 42.05it/s]
 96%|█████████▌| 76/79 [00:01<00:00, 43.73it/s]
100%|██████████| 79/79 [00:01<00:00, 41.10it/s]

CommRound: 8/30
Accuracy: 83.17% | Loss: 0.5258
[################--------------------------------------------] 26.7%
Elapsed: 1.3m | Avg/Round: 10.0s | Last: 9.5s | Next: 10.0s | Remaining: 3.6m
ETA: 18:36:36
Recent round times: R1: 9.6s -> R2: 10.0s -> R3: 9.4s -> R4: 9.7s -> R5: 9.5s

  0%|          | 0/79 [00:00<?, ?it/s]
  4%|▍         | 3/79 [00:00<00:03, 23.52it/s]
  9%|▉         | 7/79 [00:00<00:02, 31.93it/s]
 15%|█▌        | 12/79 [00:00<00:01, 34.68it/s]
 20%|██        | 16/79 [00:00<00:01, 35.57it/s]
 25%|██▌       | 20/79 [00:00<00:01, 37.00it/s]
 32%|███▏      | 25/79 [00:00<00:01, 41.00it/s]
 38%|███▊      | 30/79 [00:00<00:01, 38.74it/s]
 46%|████▌     | 36/79 [00:00<00:01, 39.91it/s]
 53%|█████▎    | 42/79 [00:01<00:00, 40.65it/s]
 61%|██████    | 48/79 [00:01<00:00, 41.12it/s]
 68%|██████▊   | 54/79 [00:01<00:00, 41.33it/s]
 76%|███████▌  | 60/79 [00:01<00:00, 41.49it/s]
 84%|████████▎ | 66/79 [00:01<00:00, 41.58it/s]
 91%|█████████ | 72/79 [00:01<00:00, 41.53it/s]
 97%|█████████▋| 77/79 [00:01<00:00, 43.45it/s]
100%|██████████| 79/79 [00:01<00:00, 39.93it/s]

CommRound: 9/30
Accuracy: 77.01% | Loss: 0.7509
[##################------------------------------------------] 30.0%
Elapsed: 1.5m | Avg/Round: 9.9s | Last: 9.5s | Next: 9.9s | Remaining: 3.5m
ETA: 18:36:34
Recent round times: R1: 10.0s -> R2: 9.4s -> R3: 9.7s -> R4: 9.5s -> R5: 9.5s

  0%|          | 0/79 [00:00<?, ?it/s]
  4%|▍         | 3/79 [00:00<00:03, 21.68it/s]
  9%|▉         | 7/79 [00:00<00:02, 28.16it/s]
 14%|█▍        | 11/79 [00:00<00:02, 31.33it/s]
 19%|█▉        | 15/79 [00:00<00:01, 33.82it/s]
 27%|██▋       | 21/79 [00:00<00:01, 36.90it/s]
 34%|███▍      | 27/79 [00:00<00:01, 38.82it/s]
 41%|████      | 32/79 [00:00<00:01, 39.88it/s]
 46%|████▌     | 36/79 [00:00<00:01, 39.84it/s]
 52%|█████▏    | 41/79 [00:01<00:00, 39.90it/s]
 58%|█████▊    | 46/79 [00:01<00:00, 39.90it/s]
 65%|██████▍   | 51/79 [00:01<00:00, 40.37it/s]
 71%|███████   | 56/79 [00:01<00:00, 39.50it/s]
 76%|███████▌  | 60/79 [00:01<00:00, 38.59it/s]
 81%|████████  | 64/79 [00:01<00:00, 38.10it/s]
 86%|████████▌ | 68/79 [00:01<00:00, 37.82it/s]
 91%|█████████ | 72/79 [00:01<00:00, 37.58it/s]
 96%|█████████▌| 76/79 [00:02<00:00, 37.46it/s]
100%|██████████| 79/79 [00:02<00:00, 37.73it/s]

CommRound: 10/30
Accuracy: 85.46% | Loss: 0.4741
[####################----------------------------------------] 33.3%
Elapsed: 1.6m | Avg/Round: 9.9s | Last: 9.4s | Next: 9.9s | Remaining: 3.3m
ETA: 18:36:33
Recent round times: R1: 9.4s -> R2: 9.7s -> R3: 9.5s -> R4: 9.5s -> R5: 9.4s

  0%|          | 0/79 [00:00<?, ?it/s]
  4%|▍         | 3/79 [00:00<00:03, 23.24it/s]
 11%|█▏        | 9/79 [00:00<00:02, 34.12it/s]
 18%|█▊        | 14/79 [00:00<00:01, 40.03it/s]
 24%|██▍       | 19/79 [00:00<00:01, 37.79it/s]
 32%|███▏      | 25/79 [00:00<00:01, 39.25it/s]
 39%|███▉      | 31/79 [00:00<00:01, 40.16it/s]
 47%|████▋     | 37/79 [00:00<00:01, 40.81it/s]
 54%|█████▍    | 43/79 [00:01<00:00, 41.30it/s]
 62%|██████▏   | 49/79 [00:01<00:00, 41.57it/s]
 70%|██████▉   | 55/79 [00:01<00:00, 41.97it/s]
 77%|███████▋  | 61/79 [00:01<00:00, 42.23it/s]
 85%|████████▍ | 67/79 [00:01<00:00, 42.41it/s]
 92%|█████████▏| 73/79 [00:01<00:00, 42.86it/s]
100%|██████████| 79/79 [00:01<00:00, 41.51it/s]

CommRound: 11/30
Accuracy: 74.23% | Loss: 0.9150
[######################--------------------------------------] 36.7%
Elapsed: 1.8m | Avg/Round: 9.8s | Last: 9.3s | Next: 9.8s | Remaining: 3.1m
ETA: 18:36:31
Recent round times: R1: 9.7s -> R2: 9.5s -> R3: 9.5s -> R4: 9.4s -> R5: 9.3s

  0%|          | 0/79 [00:00<?, ?it/s]
  1%|▏         | 1/79 [00:00<00:08,  9.59it/s]
  8%|▊         | 6/79 [00:00<00:02, 30.79it/s]
 13%|█▎        | 10/79 [00:00<00:02, 32.71it/s]
 20%|██        | 16/79 [00:00<00:01, 36.94it/s]
 28%|██▊       | 22/79 [00:00<00:01, 38.81it/s]
 35%|███▌      | 28/79 [00:00<00:01, 39.79it/s]
 43%|████▎     | 34/79 [00:00<00:01, 40.46it/s]
 51%|█████     | 40/79 [00:01<00:00, 40.99it/s]
 58%|█████▊    | 46/79 [00:01<00:00, 40.97it/s]
 66%|██████▌   | 52/79 [00:01<00:00, 41.20it/s]
 73%|███████▎  | 58/79 [00:01<00:00, 41.18it/s]
 81%|████████  | 64/79 [00:01<00:00, 41.16it/s]
 89%|████████▊ | 70/79 [00:01<00:00, 41.50it/s]
 96%|█████████▌| 76/79 [00:01<00:00, 41.81it/s]
100%|██████████| 79/79 [00:01<00:00, 40.00it/s]

CommRound: 12/30
Accuracy: 78.67% | Loss: 0.7625
[########################------------------------------------] 40.0%
Elapsed: 2.0m | Avg/Round: 9.8s | Last: 9.4s | Next: 9.8s | Remaining: 2.9m
ETA: 18:36:30
Recent round times: R1: 9.5s -> R2: 9.5s -> R3: 9.4s -> R4: 9.3s -> R5: 9.4s

  0%|          | 0/79 [00:00<?, ?it/s]
  4%|▍         | 3/79 [00:00<00:03, 23.10it/s]
 10%|█         | 8/79 [00:00<00:01, 36.56it/s]
 16%|█▋        | 13/79 [00:00<00:01, 35.54it/s]
 23%|██▎       | 18/79 [00:00<00:01, 40.10it/s]
 29%|██▉       | 23/79 [00:00<00:01, 38.04it/s]
 37%|███▋      | 29/79 [00:00<00:01, 39.37it/s]
 43%|████▎     | 34/79 [00:00<00:01, 41.85it/s]
 49%|████▉     | 39/79 [00:01<00:01, 39.70it/s]
 57%|█████▋    | 45/79 [00:01<00:00, 40.41it/s]
 65%|██████▍   | 51/79 [00:01<00:00, 40.95it/s]
 72%|███████▏  | 57/79 [00:01<00:00, 41.03it/s]
 80%|███████▉  | 63/79 [00:01<00:00, 41.32it/s]
 87%|████████▋ | 69/79 [00:01<00:00, 41.41it/s]
 95%|█████████▍| 75/79 [00:01<00:00, 41.45it/s]
100%|██████████| 79/79 [00:01<00:00, 40.69it/s]

CommRound: 13/30
Accuracy: 67.36% | Loss: 1.2953
[##########################----------------------------------] 43.3%
Elapsed: 2.1m | Avg/Round: 9.7s | Last: 9.3s | Next: 9.7s | Remaining: 2.8m
ETA: 18:36:29
Recent round times: R1: 9.5s -> R2: 9.4s -> R3: 9.3s -> R4: 9.4s -> R5: 9.3s

  0%|          | 0/79 [00:00<?, ?it/s]
  4%|▍         | 3/79 [00:00<00:03, 23.73it/s]
 10%|█         | 8/79 [00:00<00:01, 36.23it/s]
 15%|█▌        | 12/79 [00:00<00:01, 37.65it/s]
 20%|██        | 16/79 [00:00<00:01, 38.51it/s]
 27%|██▋       | 21/79 [00:00<00:01, 41.04it/s]
 33%|███▎      | 26/79 [00:00<00:01, 39.22it/s]
 39%|███▉      | 31/79 [00:00<00:01, 38.74it/s]
 44%|████▍     | 35/79 [00:00<00:01, 37.73it/s]
 49%|████▉     | 39/79 [00:01<00:01, 37.35it/s]
 54%|█████▍    | 43/79 [00:01<00:00, 37.14it/s]
 59%|█████▉    | 47/79 [00:01<00:00, 37.03it/s]
 65%|██████▍   | 51/79 [00:01<00:00, 36.91it/s]
 70%|██████▉   | 55/79 [00:01<00:00, 36.89it/s]
 75%|███████▍  | 59/79 [00:01<00:00, 36.90it/s]
 80%|███████▉  | 63/79 [00:01<00:00, 37.04it/s]
 85%|████████▍ | 67/79 [00:01<00:00, 36.96it/s]
 90%|████████▉ | 71/79 [00:01<00:00, 36.89it/s]
 95%|█████████▍| 75/79 [00:02<00:00, 36.82it/s]
100%|██████████| 79/79 [00:02<00:00, 37.73it/s]

CommRound: 14/30
Accuracy: 74.54% | Loss: 0.9583
[############################--------------------------------] 46.7%
Elapsed: 2.3m | Avg/Round: 9.7s | Last: 9.7s | Next: 9.7s | Remaining: 2.6m
ETA: 18:36:29
Recent round times: R1: 9.4s -> R2: 9.3s -> R3: 9.4s -> R4: 9.3s -> R5: 9.7s

  0%|          | 0/79 [00:00<?, ?it/s]
  4%|▍         | 3/79 [00:00<00:03, 23.30it/s]
 10%|█         | 8/79 [00:00<00:01, 36.15it/s]
 16%|█▋        | 13/79 [00:00<00:01, 35.67it/s]
 22%|██▏       | 17/79 [00:00<00:01, 36.99it/s]
 28%|██▊       | 22/79 [00:00<00:01, 40.99it/s]
 34%|███▍      | 27/79 [00:00<00:01, 38.88it/s]
 41%|████      | 32/79 [00:00<00:01, 41.53it/s]
 47%|████▋     | 37/79 [00:00<00:01, 39.41it/s]
 53%|█████▎    | 42/79 [00:01<00:00, 41.64it/s]
 59%|█████▉    | 47/79 [00:01<00:00, 39.78it/s]
 66%|██████▌   | 52/79 [00:01<00:00, 41.88it/s]
 72%|███████▏  | 57/79 [00:01<00:00, 39.93it/s]
 78%|███████▊  | 62/79 [00:01<00:00, 41.96it/s]
 85%|████████▍ | 67/79 [00:01<00:00, 39.88it/s]
 91%|█████████ | 72/79 [00:01<00:00, 41.59it/s]
 97%|█████████▋| 77/79 [00:01<00:00, 39.93it/s]
100%|██████████| 79/79 [00:01<00:00, 40.17it/s]

CommRound: 15/30
Accuracy: 75.35% | Loss: 0.9217
[##############################------------------------------] 50.0%
Elapsed: 2.4m | Avg/Round: 9.7s | Last: 9.4s | Next: 9.7s | Remaining: 2.4m
ETA: 18:36:28
Recent round times: R1: 9.3s -> R2: 9.4s -> R3: 9.3s -> R4: 9.7s -> R5: 9.4s
EARLY_STOP: round=15; best_acc=85.46; current_acc=75.35; threshold=90.00; patience=5; reason=converged_below_target
Total time for experiment: 145.61995601654053 seconds
Device average training time per communication round [s]:
    rpi (sld-rpi-09.ece.utexas.edu): 4.69 seconds
    mc1 (sld-mc1-09.ece.utexas.edu): 2.51 seconds
