
  0%|          | 0/79 [00:00<?, ?it/s]
  4%|▍         | 3/79 [00:00<00:03, 23.26it/s]
 10%|█         | 8/79 [00:00<00:01, 37.25it/s]
 16%|█▋        | 13/79 [00:00<00:01, 35.95it/s]
 24%|██▍       | 19/79 [00:00<00:01, 38.59it/s]
 32%|███▏      | 25/79 [00:00<00:01, 39.96it/s]
 39%|███▉      | 31/79 [00:00<00:01, 40.28it/s]
 46%|████▌     | 36/79 [00:00<00:01, 42.67it/s]
 52%|█████▏    | 41/79 [00:01<00:00, 40.11it/s]
 58%|█████▊    | 46/79 [00:01<00:00, 40.42it/s]
 65%|██████▍   | 51/79 [00:01<00:00, 38.44it/s]
 71%|███████   | 56/79 [00:01<00:00, 41.18it/s]
 77%|███████▋  | 61/79 [00:01<00:00, 39.24it/s]
 85%|████████▍ | 67/79 [00:01<00:00, 39.90it/s]
 91%|█████████ | 72/79 [00:01<00:00, 41.96it/s]
 97%|█████████▋| 77/79 [00:01<00:00, 39.78it/s]
100%|██████████| 79/79 [00:01<00:00, 40.13it/s]
Initial Accuracy: 10.81%; Initial Loss: 2.3021

  0%|          | 0/79 [00:00<?, ?it/s]
  4%|▍         | 3/79 [00:00<00:03, 22.14it/s]
  9%|▉         | 7/79 [00:00<00:02, 30.55it/s]
 14%|█▍        | 11/79 [00:00<00:02, 33.77it/s]
 19%|█▉        | 15/79 [00:00<00:01, 35.75it/s]
 24%|██▍       | 19/79 [00:00<00:01, 36.71it/s]
 29%|██▉       | 23/79 [00:00<00:01, 37.42it/s]
 34%|███▍      | 27/79 [00:00<00:01, 37.69it/s]
 39%|███▉      | 31/79 [00:00<00:01, 38.35it/s]
 47%|████▋     | 37/79 [00:01<00:01, 39.70it/s]
 52%|█████▏    | 41/79 [00:01<00:00, 39.59it/s]
 57%|█████▋    | 45/79 [00:01<00:00, 39.30it/s]
 62%|██████▏   | 49/79 [00:01<00:00, 39.41it/s]
 67%|██████▋   | 53/79 [00:01<00:00, 39.10it/s]
 72%|███████▏  | 57/79 [00:01<00:00, 38.21it/s]
 77%|███████▋  | 61/79 [00:01<00:00, 37.52it/s]
 82%|████████▏ | 65/79 [00:01<00:00, 37.74it/s]
 89%|████████▊ | 70/79 [00:01<00:00, 37.24it/s]
 96%|█████████▌| 76/79 [00:02<00:00, 38.89it/s]
100%|██████████| 79/79 [00:02<00:00, 37.90it/s]

CommRound: 1/30
Accuracy: 62.78% | Loss: 1.1704
[##----------------------------------------------------------] 3.3%
Elapsed: 0.2m | Avg/Round: 12.2s | Last: 10.2s | Next: 12.2s | Remaining: 5.9m
ETA: 18:27:29
Recent round times: R1: 10.2s

  0%|          | 0/79 [00:00<?, ?it/s]
  3%|▎         | 2/79 [00:00<00:04, 19.00it/s]
  9%|▉         | 7/79 [00:00<00:02, 30.87it/s]
 15%|█▌        | 12/79 [00:00<00:01, 38.50it/s]
 22%|██▏       | 17/79 [00:00<00:01, 36.66it/s]
 28%|██▊       | 22/79 [00:00<00:01, 40.80it/s]
 34%|███▍      | 27/79 [00:00<00:01, 38.78it/s]
 41%|████      | 32/79 [00:00<00:01, 41.88it/s]
 47%|████▋     | 37/79 [00:00<00:01, 39.40it/s]
 54%|█████▍    | 43/79 [00:01<00:00, 40.00it/s]
 61%|██████    | 48/79 [00:01<00:00, 42.18it/s]
 67%|██████▋   | 53/79 [00:01<00:00, 39.88it/s]
 73%|███████▎  | 58/79 [00:01<00:00, 42.35it/s]
 80%|███████▉  | 63/79 [00:01<00:00, 39.85it/s]
 86%|████████▌ | 68/79 [00:01<00:00, 42.42it/s]
 92%|█████████▏| 73/79 [00:01<00:00, 39.07it/s]
100%|██████████| 79/79 [00:01<00:00, 40.15it/s]

CommRound: 2/30
Accuracy: 84.04% | Loss: 0.5136
[####--------------------------------------------------------] 6.7%
Elapsed: 0.4m | Avg/Round: 11.0s | Last: 9.9s | Next: 11.0s | Remaining: 5.2m
ETA: 18:26:53
Recent round times: R1: 10.2s -> R2: 9.9s

  0%|          | 0/79 [00:00<?, ?it/s]
  3%|▎         | 2/79 [00:00<00:03, 19.85it/s]
  6%|▋         | 5/79 [00:00<00:02, 25.28it/s]
 11%|█▏        | 9/79 [00:00<00:02, 30.82it/s]
 16%|█▋        | 13/79 [00:00<00:01, 33.59it/s]
 22%|██▏       | 17/79 [00:00<00:01, 34.96it/s]
 29%|██▉       | 23/79 [00:00<00:01, 37.54it/s]
 34%|███▍      | 27/79 [00:00<00:01, 38.07it/s]
 42%|████▏     | 33/79 [00:00<00:01, 39.24it/s]
 49%|████▉     | 39/79 [00:01<00:00, 40.16it/s]
 57%|█████▋    | 45/79 [00:01<00:00, 41.03it/s]
 65%|██████▍   | 51/79 [00:01<00:00, 41.41it/s]
 72%|███████▏  | 57/79 [00:01<00:00, 41.82it/s]
 78%|███████▊  | 62/79 [00:01<00:00, 41.41it/s]
 85%|████████▍ | 67/79 [00:01<00:00, 41.53it/s]
 91%|█████████ | 72/79 [00:01<00:00, 37.65it/s]
 96%|█████████▌| 76/79 [00:02<00:00, 37.13it/s]
100%|██████████| 79/79 [00:02<00:00, 38.09it/s]

CommRound: 3/30
Accuracy: 84.69% | Loss: 0.5252
[######------------------------------------------------------] 10.0%
Elapsed: 0.5m | Avg/Round: 10.7s | Last: 10.1s | Next: 10.7s | Remaining: 4.8m
ETA: 18:26:44
Recent round times: R1: 10.2s -> R2: 9.9s -> R3: 10.1s

  0%|          | 0/79 [00:00<?, ?it/s]
  3%|▎         | 2/79 [00:00<00:03, 19.53it/s]
  9%|▉         | 7/79 [00:00<00:02, 31.96it/s]
 15%|█▌        | 12/79 [00:00<00:01, 37.85it/s]
 20%|██        | 16/79 [00:00<00:01, 38.41it/s]
 25%|██▌       | 20/79 [00:00<00:01, 38.90it/s]
 32%|███▏      | 25/79 [00:00<00:01, 39.14it/s]
 38%|███▊      | 30/79 [00:00<00:01, 39.86it/s]
 44%|████▍     | 35/79 [00:00<00:01, 40.22it/s]
 51%|█████     | 40/79 [00:01<00:00, 40.11it/s]
 57%|█████▋    | 45/79 [00:01<00:00, 40.80it/s]
 63%|██████▎   | 50/79 [00:01<00:00, 39.66it/s]
 70%|██████▉   | 55/79 [00:01<00:00, 41.08it/s]
 76%|███████▌  | 60/79 [00:01<00:00, 39.90it/s]
 82%|████████▏ | 65/79 [00:01<00:00, 41.49it/s]
 89%|████████▊ | 70/79 [00:01<00:00, 40.08it/s]
 95%|█████████▍| 75/79 [00:01<00:00, 41.77it/s]
100%|██████████| 79/79 [00:01<00:00, 39.70it/s]

CommRound: 4/30
Accuracy: 88.37% | Loss: 0.4149
[########----------------------------------------------------] 13.3%
Elapsed: 0.7m | Avg/Round: 10.6s | Last: 10.3s | Next: 10.6s | Remaining: 4.6m
ETA: 18:26:41
Recent round times: R1: 10.2s -> R2: 9.9s -> R3: 10.1s -> R4: 10.3s

  0%|          | 0/79 [00:00<?, ?it/s]
  3%|▎         | 2/79 [00:00<00:03, 19.69it/s]
  9%|▉         | 7/79 [00:00<00:02, 29.21it/s]
 14%|█▍        | 11/79 [00:00<00:02, 31.37it/s]
 19%|█▉        | 15/79 [00:00<00:01, 32.27it/s]
 24%|██▍       | 19/79 [00:00<00:01, 33.00it/s]
 29%|██▉       | 23/79 [00:00<00:01, 33.49it/s]
 34%|███▍      | 27/79 [00:00<00:01, 33.77it/s]
 39%|███▉      | 31/79 [00:00<00:01, 33.79it/s]
 44%|████▍     | 35/79 [00:01<00:01, 34.42it/s]
 49%|████▉     | 39/79 [00:01<00:01, 34.93it/s]
 54%|█████▍    | 43/79 [00:01<00:01, 35.49it/s]
 59%|█████▉    | 47/79 [00:01<00:00, 35.66it/s]
 65%|██████▍   | 51/79 [00:01<00:00, 36.04it/s]
 70%|██████▉   | 55/79 [00:01<00:00, 36.26it/s]
 75%|███████▍  | 59/79 [00:01<00:00, 36.45it/s]
 80%|███████▉  | 63/79 [00:01<00:00, 36.54it/s]
 85%|████████▍ | 67/79 [00:01<00:00, 36.54it/s]
 90%|████████▉ | 71/79 [00:02<00:00, 36.14it/s]
 95%|█████████▍| 75/79 [00:02<00:00, 36.39it/s]
100%|██████████| 79/79 [00:02<00:00, 35.27it/s]

CommRound: 5/30
Accuracy: 86.98% | Loss: 0.4760
[##########--------------------------------------------------] 16.7%
Elapsed: 0.9m | Avg/Round: 10.6s | Last: 10.6s | Next: 10.6s | Remaining: 4.4m
ETA: 18:26:41
Recent round times: R1: 10.2s -> R2: 9.9s -> R3: 10.1s -> R4: 10.3s -> R5: 10.6s

  0%|          | 0/79 [00:00<?, ?it/s]
  1%|▏         | 1/79 [00:00<00:08,  9.66it/s]
  9%|▉         | 7/79 [00:00<00:02, 30.83it/s]
 14%|█▍        | 11/79 [00:00<00:02, 33.88it/s]
 19%|█▉        | 15/79 [00:00<00:01, 36.00it/s]
 27%|██▋       | 21/79 [00:00<00:01, 38.30it/s]
 34%|███▍      | 27/79 [00:00<00:01, 39.60it/s]
 42%|████▏     | 33/79 [00:00<00:01, 40.35it/s]
 48%|████▊     | 38/79 [00:00<00:00, 42.15it/s]
 54%|█████▍    | 43/79 [00:01<00:00, 40.49it/s]
 61%|██████    | 48/79 [00:01<00:00, 41.23it/s]
 67%|██████▋   | 53/79 [00:01<00:00, 40.73it/s]
 73%|███████▎  | 58/79 [00:01<00:00, 40.70it/s]
 80%|███████▉  | 63/79 [00:01<00:00, 39.99it/s]
 86%|████████▌ | 68/79 [00:01<00:00, 40.33it/s]
 92%|█████████▏| 73/79 [00:01<00:00, 39.06it/s]
 97%|█████████▋| 77/79 [00:01<00:00, 39.10it/s]
100%|██████████| 79/79 [00:02<00:00, 39.20it/s]

CommRound: 6/30
Accuracy: 88.76% | Loss: 0.4370
[############------------------------------------------------] 20.0%
Elapsed: 1.1m | Avg/Round: 10.5s | Last: 10.2s | Next: 10.5s | Remaining: 4.2m
ETA: 18:26:38
Recent round times: R1: 9.9s -> R2: 10.1s -> R3: 10.3s -> R4: 10.6s -> R5: 10.2s

  0%|          | 0/79 [00:00<?, ?it/s]
  3%|▎         | 2/79 [00:00<00:04, 19.03it/s]
  9%|▉         | 7/79 [00:00<00:02, 30.40it/s]
 14%|█▍        | 11/79 [00:00<00:02, 31.88it/s]
 19%|█▉        | 15/79 [00:00<00:01, 33.38it/s]
 24%|██▍       | 19/79 [00:00<00:01, 35.18it/s]
 29%|██▉       | 23/79 [00:00<00:01, 35.97it/s]
 34%|███▍      | 27/79 [00:00<00:01, 36.87it/s]
 39%|███▉      | 31/79 [00:00<00:01, 37.69it/s]
 44%|████▍     | 35/79 [00:00<00:01, 38.10it/s]
 49%|████▉     | 39/79 [00:01<00:01, 38.19it/s]
 54%|█████▍    | 43/79 [00:01<00:00, 37.23it/s]
 59%|█████▉    | 47/79 [00:01<00:00, 36.64it/s]
 65%|██████▍   | 51/79 [00:01<00:00, 37.45it/s]
 70%|██████▉   | 55/79 [00:01<00:00, 38.02it/s]
 76%|███████▌  | 60/79 [00:01<00:00, 36.67it/s]
 81%|████████  | 64/79 [00:01<00:00, 37.55it/s]
 87%|████████▋ | 69/79 [00:01<00:00, 40.93it/s]
 94%|█████████▎| 74/79 [00:02<00:00, 38.44it/s]
100%|██████████| 79/79 [00:02<00:00, 41.38it/s]
100%|██████████| 79/79 [00:02<00:00, 37.08it/s]

CommRound: 7/30
Accuracy: 89.14% | Loss: 0.4113
[##############----------------------------------------------] 23.3%
Elapsed: 1.2m | Avg/Round: 10.5s | Last: 10.4s | Next: 10.5s | Remaining: 4.0m
ETA: 18:26:38
Recent round times: R1: 10.1s -> R2: 10.3s -> R3: 10.6s -> R4: 10.2s -> R5: 10.4s

  0%|          | 0/79 [00:00<?, ?it/s]
  3%|▎         | 2/79 [00:00<00:03, 19.99it/s]
  9%|▉         | 7/79 [00:00<00:02, 30.40it/s]
 14%|█▍        | 11/79 [00:00<00:02, 33.78it/s]
 19%|█▉        | 15/79 [00:00<00:01, 35.51it/s]
 24%|██▍       | 19/79 [00:00<00:01, 36.99it/s]
 29%|██▉       | 23/79 [00:00<00:01, 37.67it/s]
 34%|███▍      | 27/79 [00:00<00:01, 38.14it/s]
 39%|███▉      | 31/79 [00:00<00:01, 38.40it/s]
 44%|████▍     | 35/79 [00:00<00:01, 38.81it/s]
 49%|████▉     | 39/79 [00:01<00:01, 39.11it/s]
 54%|█████▍    | 43/79 [00:01<00:00, 39.16it/s]
 59%|█████▉    | 47/79 [00:01<00:00, 39.24it/s]
 66%|██████▌   | 52/79 [00:01<00:00, 42.30it/s]
 72%|███████▏  | 57/79 [00:01<00:00, 39.34it/s]
 80%|███████▉  | 63/79 [00:01<00:00, 40.16it/s]
 86%|████████▌ | 68/79 [00:01<00:00, 42.64it/s]
 92%|█████████▏| 73/79 [00:01<00:00, 39.51it/s]
 99%|█████████▊| 78/79 [00:02<00:00, 41.65it/s]
100%|██████████| 79/79 [00:02<00:00, 39.10it/s]

CommRound: 8/30
Accuracy: 89.62% | Loss: 0.3986
[################--------------------------------------------] 26.7%
Elapsed: 1.4m | Avg/Round: 10.5s | Last: 10.2s | Next: 10.5s | Remaining: 3.8m
ETA: 18:26:37
Recent round times: R1: 10.3s -> R2: 10.6s -> R3: 10.2s -> R4: 10.4s -> R5: 10.2s

  0%|          | 0/79 [00:00<?, ?it/s]
  4%|▍         | 3/79 [00:00<00:03, 23.17it/s]
 10%|█         | 8/79 [00:00<00:02, 31.56it/s]
 15%|█▌        | 12/79 [00:00<00:02, 32.92it/s]
 20%|██        | 16/79 [00:00<00:01, 33.60it/s]
 25%|██▌       | 20/79 [00:00<00:01, 34.39it/s]
 30%|███       | 24/79 [00:00<00:01, 34.76it/s]
 35%|███▌      | 28/79 [00:00<00:01, 35.09it/s]
 41%|████      | 32/79 [00:00<00:01, 35.19it/s]
 46%|████▌     | 36/79 [00:01<00:01, 35.26it/s]
 51%|█████     | 40/79 [00:01<00:01, 35.12it/s]
 56%|█████▌    | 44/79 [00:01<00:00, 35.44it/s]
 61%|██████    | 48/79 [00:01<00:00, 35.56it/s]
 66%|██████▌   | 52/79 [00:01<00:00, 35.64it/s]
 71%|███████   | 56/79 [00:01<00:00, 35.70it/s]
 76%|███████▌  | 60/79 [00:01<00:00, 35.69it/s]
 81%|████████  | 64/79 [00:01<00:00, 35.51it/s]
 86%|████████▌ | 68/79 [00:01<00:00, 35.50it/s]
 91%|█████████ | 72/79 [00:02<00:00, 35.20it/s]
 96%|█████████▌| 76/79 [00:02<00:00, 35.44it/s]
100%|██████████| 79/79 [00:02<00:00, 35.04it/s]

CommRound: 9/30
Accuracy: 89.65% | Loss: 0.4014
[##################------------------------------------------] 30.0%
Elapsed: 1.6m | Avg/Round: 10.5s | Last: 10.6s | Next: 10.5s | Remaining: 3.7m
ETA: 18:26:37
Recent round times: R1: 10.6s -> R2: 10.2s -> R3: 10.4s -> R4: 10.2s -> R5: 10.6s

  0%|          | 0/79 [00:00<?, ?it/s]
  3%|▎         | 2/79 [00:00<00:04, 19.17it/s]
  9%|▉         | 7/79 [00:00<00:02, 30.71it/s]
 15%|█▌        | 12/79 [00:00<00:01, 38.13it/s]
 22%|██▏       | 17/79 [00:00<00:01, 37.27it/s]
 28%|██▊       | 22/79 [00:00<00:01, 39.84it/s]
 34%|███▍      | 27/79 [00:00<00:01, 39.48it/s]
 41%|████      | 32/79 [00:00<00:01, 40.21it/s]
 47%|████▋     | 37/79 [00:00<00:01, 40.39it/s]
 53%|█████▎    | 42/79 [00:01<00:00, 40.87it/s]
 59%|█████▉    | 47/79 [00:01<00:00, 39.18it/s]
 65%|██████▍   | 51/79 [00:01<00:00, 39.15it/s]
 70%|██████▉   | 55/79 [00:01<00:00, 39.37it/s]
 76%|███████▌  | 60/79 [00:01<00:00, 42.02it/s]
 82%|████████▏ | 65/79 [00:01<00:00, 39.07it/s]
 89%|████████▊ | 70/79 [00:01<00:00, 41.64it/s]
 95%|█████████▍| 75/79 [00:01<00:00, 39.20it/s]
100%|██████████| 79/79 [00:01<00:00, 39.68it/s]

CommRound: 10/30
Accuracy: 89.71% | Loss: 0.4037
[####################----------------------------------------] 33.3%
Elapsed: 1.8m | Avg/Round: 10.5s | Last: 10.6s | Next: 10.5s | Remaining: 3.5m
ETA: 18:26:37
Recent round times: R1: 10.2s -> R2: 10.4s -> R3: 10.2s -> R4: 10.6s -> R5: 10.6s

  0%|          | 0/79 [00:00<?, ?it/s]
  4%|▍         | 3/79 [00:00<00:03, 22.06it/s]
  9%|▉         | 7/79 [00:00<00:02, 31.23it/s]
 14%|█▍        | 11/79 [00:00<00:01, 34.89it/s]
 19%|█▉        | 15/79 [00:00<00:01, 36.77it/s]
 25%|██▌       | 20/79 [00:00<00:01, 40.65it/s]
 32%|███▏      | 25/79 [00:00<00:01, 38.56it/s]
 38%|███▊      | 30/79 [00:00<00:01, 41.05it/s]
 44%|████▍     | 35/79 [00:00<00:01, 39.01it/s]
 51%|█████     | 40/79 [00:01<00:00, 40.39it/s]
 57%|█████▋    | 45/79 [00:01<00:00, 39.27it/s]
 62%|██████▏   | 49/79 [00:01<00:00, 39.43it/s]
 67%|██████▋   | 53/79 [00:01<00:00, 39.37it/s]
 72%|███████▏  | 57/79 [00:01<00:00, 37.75it/s]
 77%|███████▋  | 61/79 [00:01<00:00, 37.07it/s]
 82%|████████▏ | 65/79 [00:01<00:00, 36.69it/s]
 87%|████████▋ | 69/79 [00:01<00:00, 36.36it/s]
 92%|█████████▏| 73/79 [00:01<00:00, 36.20it/s]
 97%|█████████▋| 77/79 [00:02<00:00, 36.12it/s]
100%|██████████| 79/79 [00:02<00:00, 37.09it/s]

CommRound: 11/30
Accuracy: 89.76% | Loss: 0.4047
[######################--------------------------------------] 36.7%
Elapsed: 1.9m | Avg/Round: 10.5s | Last: 10.5s | Next: 10.5s | Remaining: 3.3m
ETA: 18:26:37
Recent round times: R1: 10.4s -> R2: 10.2s -> R3: 10.6s -> R4: 10.6s -> R5: 10.5s

  0%|          | 0/79 [00:00<?, ?it/s]
  1%|▏         | 1/79 [00:00<00:08,  9.10it/s]
  9%|▉         | 7/79 [00:00<00:02, 31.09it/s]
 15%|█▌        | 12/79 [00:00<00:01, 38.62it/s]
 22%|██▏       | 17/79 [00:00<00:01, 36.79it/s]
 28%|██▊       | 22/79 [00:00<00:01, 40.75it/s]
 34%|███▍      | 27/79 [00:00<00:01, 38.47it/s]
 41%|████      | 32/79 [00:00<00:01, 41.67it/s]
 47%|████▋     | 37/79 [00:00<00:01, 39.27it/s]
 54%|█████▍    | 43/79 [00:01<00:00, 40.17it/s]
 62%|██████▏   | 49/79 [00:01<00:00, 41.03it/s]
 70%|██████▉   | 55/79 [00:01<00:00, 41.57it/s]
 77%|███████▋  | 61/79 [00:01<00:00, 42.11it/s]
 85%|████████▍ | 67/79 [00:01<00:00, 42.32it/s]
 92%|█████████▏| 73/79 [00:01<00:00, 42.51it/s]
100%|██████████| 79/79 [00:01<00:00, 40.82it/s]

CommRound: 12/30
Accuracy: 89.79% | Loss: 0.4061
[########################------------------------------------] 40.0%
Elapsed: 2.1m | Avg/Round: 10.5s | Last: 10.1s | Next: 10.5s | Remaining: 3.1m
ETA: 18:26:36
Recent round times: R1: 10.2s -> R2: 10.6s -> R3: 10.6s -> R4: 10.5s -> R5: 10.1s

  0%|          | 0/79 [00:00<?, ?it/s]
  4%|▍         | 3/79 [00:00<00:03, 23.12it/s]
 10%|█         | 8/79 [00:00<00:01, 35.88it/s]
 16%|█▋        | 13/79 [00:00<00:01, 36.40it/s]
 23%|██▎       | 18/79 [00:00<00:01, 39.91it/s]
 29%|██▉       | 23/79 [00:00<00:01, 39.00it/s]
 35%|███▌      | 28/79 [00:00<00:01, 40.54it/s]
 42%|████▏     | 33/79 [00:00<00:01, 40.70it/s]
 48%|████▊     | 38/79 [00:00<00:00, 41.64it/s]
 54%|█████▍    | 43/79 [00:01<00:00, 41.42it/s]
 61%|██████    | 48/79 [00:01<00:00, 41.95it/s]
 67%|██████▋   | 53/79 [00:01<00:00, 41.50it/s]
 73%|███████▎  | 58/79 [00:01<00:00, 42.04it/s]
 80%|███████▉  | 63/79 [00:01<00:00, 41.21it/s]
 86%|████████▌ | 68/79 [00:01<00:00, 42.10it/s]
 92%|█████████▏| 73/79 [00:01<00:00, 40.32it/s]
 99%|█████████▊| 78/79 [00:01<00:00, 40.51it/s]
100%|██████████| 79/79 [00:01<00:00, 40.41it/s]

CommRound: 13/30
Accuracy: 89.80% | Loss: 0.4075
[##########################----------------------------------] 43.3%
Elapsed: 2.3m | Avg/Round: 10.4s | Last: 10.1s | Next: 10.4s | Remaining: 3.0m
ETA: 18:26:35
Recent round times: R1: 10.6s -> R2: 10.6s -> R3: 10.5s -> R4: 10.1s -> R5: 10.1s

  0%|          | 0/79 [00:00<?, ?it/s]
  4%|▍         | 3/79 [00:00<00:03, 22.46it/s]
 10%|█         | 8/79 [00:00<00:02, 35.22it/s]
 15%|█▌        | 12/79 [00:00<00:01, 37.02it/s]
 20%|██        | 16/79 [00:00<00:01, 37.72it/s]
 25%|██▌       | 20/79 [00:00<00:01, 38.15it/s]
 30%|███       | 24/79 [00:00<00:01, 38.66it/s]
 35%|███▌      | 28/79 [00:00<00:01, 39.06it/s]
 42%|████▏     | 33/79 [00:00<00:01, 40.30it/s]
 48%|████▊     | 38/79 [00:01<00:01, 39.21it/s]
 53%|█████▎    | 42/79 [00:01<00:00, 39.31it/s]
 59%|█████▉    | 47/79 [00:01<00:00, 42.15it/s]
 66%|██████▌   | 52/79 [00:01<00:00, 39.42it/s]
 72%|███████▏  | 57/79 [00:01<00:00, 42.12it/s]
 78%|███████▊  | 62/79 [00:01<00:00, 39.45it/s]
 86%|████████▌ | 68/79 [00:01<00:00, 39.94it/s]
 92%|█████████▏| 73/79 [00:01<00:00, 40.03it/s]
 99%|█████████▊| 78/79 [00:02<00:00, 36.41it/s]
100%|██████████| 79/79 [00:02<00:00, 38.60it/s]

CommRound: 14/30
Accuracy: 89.86% | Loss: 0.4086
[############################--------------------------------] 46.7%
Elapsed: 2.4m | Avg/Round: 10.4s | Last: 10.3s | Next: 10.4s | Remaining: 2.8m
ETA: 18:26:35
Recent round times: R1: 10.6s -> R2: 10.5s -> R3: 10.1s -> R4: 10.1s -> R5: 10.3s

  0%|          | 0/79 [00:00<?, ?it/s]
  4%|▍         | 3/79 [00:00<00:03, 22.56it/s]
 10%|█         | 8/79 [00:00<00:02, 35.16it/s]
 15%|█▌        | 12/79 [00:00<00:01, 36.48it/s]
 20%|██        | 16/79 [00:00<00:01, 37.44it/s]
 25%|██▌       | 20/79 [00:00<00:01, 38.31it/s]
 30%|███       | 24/79 [00:00<00:01, 38.77it/s]
 37%|███▋      | 29/79 [00:00<00:01, 41.89it/s]
 43%|████▎     | 34/79 [00:00<00:01, 39.18it/s]
 49%|████▉     | 39/79 [00:00<00:00, 42.11it/s]
 56%|█████▌    | 44/79 [00:01<00:00, 39.27it/s]
 62%|██████▏   | 49/79 [00:01<00:00, 42.01it/s]
 68%|██████▊   | 54/79 [00:01<00:00, 39.28it/s]
 75%|███████▍  | 59/79 [00:01<00:00, 42.00it/s]
 81%|████████  | 64/79 [00:01<00:00, 39.49it/s]
 89%|████████▊ | 70/79 [00:01<00:00, 40.05it/s]
 95%|█████████▍| 75/79 [00:01<00:00, 42.46it/s]
100%|██████████| 79/79 [00:01<00:00, 39.73it/s]

CommRound: 15/30
Accuracy: 89.86% | Loss: 0.4096
[##############################------------------------------] 50.0%
Elapsed: 2.6m | Avg/Round: 10.4s | Last: 10.2s | Next: 10.4s | Remaining: 2.6m
ETA: 18:26:35
Recent round times: R1: 10.5s -> R2: 10.1s -> R3: 10.1s -> R4: 10.3s -> R5: 10.2s

  0%|          | 0/79 [00:00<?, ?it/s]
  1%|▏         | 1/79 [00:00<00:08,  9.37it/s]
  6%|▋         | 5/79 [00:00<00:02, 24.95it/s]
 11%|█▏        | 9/79 [00:00<00:02, 29.65it/s]
 16%|█▋        | 13/79 [00:00<00:02, 31.69it/s]
 22%|██▏       | 17/79 [00:00<00:01, 33.19it/s]
 27%|██▋       | 21/79 [00:00<00:01, 33.75it/s]
 32%|███▏      | 25/79 [00:00<00:01, 34.26it/s]
 37%|███▋      | 29/79 [00:00<00:01, 34.80it/s]
 42%|████▏     | 33/79 [00:01<00:01, 34.67it/s]
 47%|████▋     | 37/79 [00:01<00:01, 35.02it/s]
 52%|█████▏    | 41/79 [00:01<00:01, 35.54it/s]
 57%|█████▋    | 45/79 [00:01<00:00, 35.81it/s]
 62%|██████▏   | 49/79 [00:01<00:00, 36.29it/s]
 67%|██████▋   | 53/79 [00:01<00:00, 36.67it/s]
 72%|███████▏  | 57/79 [00:01<00:00, 36.88it/s]
 77%|███████▋  | 61/79 [00:01<00:00, 35.94it/s]
 82%|████████▏ | 65/79 [00:01<00:00, 35.55it/s]
 87%|████████▋ | 69/79 [00:02<00:00, 35.78it/s]
 92%|█████████▏| 73/79 [00:02<00:00, 35.72it/s]
 97%|█████████▋| 77/79 [00:02<00:00, 36.23it/s]
100%|██████████| 79/79 [00:02<00:00, 35.10it/s]

CommRound: 16/30
Accuracy: 89.88% | Loss: 0.4103
[################################----------------------------] 53.3%
Elapsed: 2.8m | Avg/Round: 10.4s | Last: 10.6s | Next: 10.4s | Remaining: 2.4m
ETA: 18:26:35
Recent round times: R1: 10.1s -> R2: 10.1s -> R3: 10.3s -> R4: 10.2s -> R5: 10.6s

  0%|          | 0/79 [00:00<?, ?it/s]
  4%|▍         | 3/79 [00:00<00:03, 22.89it/s]
  9%|▉         | 7/79 [00:00<00:02, 31.73it/s]
 15%|█▌        | 12/79 [00:00<00:01, 37.00it/s]
 20%|██        | 16/79 [00:00<00:01, 37.92it/s]
 25%|██▌       | 20/79 [00:00<00:01, 38.57it/s]
 30%|███       | 24/79 [00:00<00:01, 38.94it/s]
 35%|███▌      | 28/79 [00:00<00:01, 39.27it/s]
 41%|████      | 32/79 [00:00<00:01, 39.32it/s]
 46%|████▌     | 36/79 [00:00<00:01, 39.26it/s]
 51%|█████     | 40/79 [00:01<00:01, 38.23it/s]
 56%|█████▌    | 44/79 [00:01<00:00, 38.36it/s]
 61%|██████    | 48/79 [00:01<00:00, 38.69it/s]
 67%|██████▋   | 53/79 [00:01<00:00, 39.12it/s]
 73%|███████▎  | 58/79 [00:01<00:00, 39.32it/s]
 78%|███████▊  | 62/79 [00:01<00:00, 39.39it/s]
 84%|████████▎ | 66/79 [00:01<00:00, 39.54it/s]
 90%|████████▉ | 71/79 [00:01<00:00, 39.44it/s]
 96%|█████████▌| 76/79 [00:01<00:00, 39.88it/s]
100%|██████████| 79/79 [00:02<00:00, 38.77it/s]

CommRound: 17/30
Accuracy: 89.92% | Loss: 0.4114
[##################################--------------------------] 56.7%
Elapsed: 3.0m | Avg/Round: 10.4s | Last: 10.3s | Next: 10.4s | Remaining: 2.3m
ETA: 18:26:35
Recent round times: R1: 10.1s -> R2: 10.3s -> R3: 10.2s -> R4: 10.6s -> R5: 10.3s

  0%|          | 0/79 [00:00<?, ?it/s]
  3%|▎         | 2/79 [00:00<00:03, 19.78it/s]
  9%|▉         | 7/79 [00:00<00:02, 30.86it/s]
 15%|█▌        | 12/79 [00:00<00:01, 38.36it/s]
 22%|██▏       | 17/79 [00:00<00:01, 36.50it/s]
 28%|██▊       | 22/79 [00:00<00:01, 40.33it/s]
 34%|███▍      | 27/79 [00:00<00:01, 38.20it/s]
 39%|███▉      | 31/79 [00:00<00:01, 38.69it/s]
 46%|████▌     | 36/79 [00:00<00:01, 41.87it/s]
 52%|█████▏    | 41/79 [00:01<00:00, 39.50it/s]
 59%|█████▉    | 47/79 [00:01<00:00, 40.21it/s]
 66%|██████▌   | 52/79 [00:01<00:00, 42.47it/s]
 72%|███████▏  | 57/79 [00:01<00:00, 40.10it/s]
 80%|███████▉  | 63/79 [00:01<00:00, 40.50it/s]
 86%|████████▌ | 68/79 [00:01<00:00, 42.01it/s]
 92%|█████████▏| 73/79 [00:01<00:00, 37.25it/s]
 97%|█████████▋| 77/79 [00:01<00:00, 36.78it/s]
100%|██████████| 79/79 [00:02<00:00, 39.06it/s]

CommRound: 18/30
Accuracy: 89.98% | Loss: 0.4119
[####################################------------------------] 60.0%
Elapsed: 3.1m | Avg/Round: 10.4s | Last: 10.1s | Next: 10.4s | Remaining: 2.1m
ETA: 18:26:34
Recent round times: R1: 10.3s -> R2: 10.2s -> R3: 10.6s -> R4: 10.3s -> R5: 10.1s

  0%|          | 0/79 [00:00<?, ?it/s]
  4%|▍         | 3/79 [00:00<00:03, 22.27it/s]
  9%|▉         | 7/79 [00:00<00:02, 30.62it/s]
 14%|█▍        | 11/79 [00:00<00:01, 34.16it/s]
 19%|█▉        | 15/79 [00:00<00:01, 35.86it/s]
 24%|██▍       | 19/79 [00:00<00:01, 36.97it/s]
 29%|██▉       | 23/79 [00:00<00:01, 36.36it/s]
 34%|███▍      | 27/79 [00:00<00:01, 35.81it/s]
 39%|███▉      | 31/79 [00:00<00:01, 35.93it/s]
 44%|████▍     | 35/79 [00:01<00:01, 35.72it/s]
 49%|████▉     | 39/79 [00:01<00:01, 35.57it/s]
 54%|█████▍    | 43/79 [00:01<00:01, 35.47it/s]
 59%|█████▉    | 47/79 [00:01<00:00, 35.43it/s]
 65%|██████▍   | 51/79 [00:01<00:00, 35.52it/s]
 70%|██████▉   | 55/79 [00:01<00:00, 35.41it/s]
 75%|███████▍  | 59/79 [00:01<00:00, 35.35it/s]
 80%|███████▉  | 63/79 [00:01<00:00, 35.36it/s]
 85%|████████▍ | 67/79 [00:01<00:00, 35.34it/s]
 90%|████████▉ | 71/79 [00:02<00:00, 35.45it/s]
 95%|█████████▍| 75/79 [00:02<00:00, 35.35it/s]
100%|██████████| 79/79 [00:02<00:00, 35.73it/s]

CommRound: 19/30
Accuracy: 89.98% | Loss: 0.4128
[######################################----------------------] 63.3%
Elapsed: 3.3m | Avg/Round: 10.4s | Last: 10.3s | Next: 10.4s | Remaining: 1.9m
ETA: 18:26:34
Recent round times: R1: 10.2s -> R2: 10.6s -> R3: 10.3s -> R4: 10.1s -> R5: 10.3s

  0%|          | 0/79 [00:00<?, ?it/s]
  4%|▍         | 3/79 [00:00<00:03, 22.82it/s]
 10%|█         | 8/79 [00:00<00:02, 34.20it/s]
 15%|█▌        | 12/79 [00:00<00:01, 35.96it/s]
 22%|██▏       | 17/79 [00:00<00:01, 38.12it/s]
 28%|██▊       | 22/79 [00:00<00:01, 39.14it/s]
 34%|███▍      | 27/79 [00:00<00:01, 40.52it/s]
 41%|████      | 32/79 [00:00<00:01, 39.76it/s]
 47%|████▋     | 37/79 [00:00<00:01, 41.28it/s]
 53%|█████▎    | 42/79 [00:01<00:00, 40.41it/s]
 59%|█████▉    | 47/79 [00:01<00:00, 41.54it/s]
 66%|██████▌   | 52/79 [00:01<00:00, 41.08it/s]
 72%|███████▏  | 57/79 [00:01<00:00, 41.69it/s]
 78%|███████▊  | 62/79 [00:01<00:00, 41.07it/s]
 85%|████████▍ | 67/79 [00:01<00:00, 42.07it/s]
 91%|█████████ | 72/79 [00:01<00:00, 40.77it/s]
 97%|█████████▋| 77/79 [00:01<00:00, 42.23it/s]
100%|██████████| 79/79 [00:01<00:00, 40.23it/s]

CommRound: 20/30
Accuracy: 89.97% | Loss: 0.4133
[########################################--------------------] 66.7%
Elapsed: 3.5m | Avg/Round: 10.4s | Last: 10.2s | Next: 10.4s | Remaining: 1.7m
ETA: 18:26:34
Recent round times: R1: 10.6s -> R2: 10.3s -> R3: 10.1s -> R4: 10.3s -> R5: 10.2s

  0%|          | 0/79 [00:00<?, ?it/s]
  4%|▍         | 3/79 [00:00<00:03, 21.61it/s]
 10%|█         | 8/79 [00:00<00:02, 32.74it/s]
 15%|█▌        | 12/79 [00:00<00:01, 33.82it/s]
 20%|██        | 16/79 [00:00<00:01, 34.71it/s]
 25%|██▌       | 20/79 [00:00<00:01, 35.24it/s]
 30%|███       | 24/79 [00:00<00:01, 35.34it/s]
 35%|███▌      | 28/79 [00:00<00:01, 35.17it/s]
 41%|████      | 32/79 [00:00<00:01, 35.70it/s]
 46%|████▌     | 36/79 [00:01<00:01, 36.28it/s]
 51%|█████     | 40/79 [00:01<00:01, 36.66it/s]
 56%|█████▌    | 44/79 [00:01<00:00, 36.88it/s]
 61%|██████    | 48/79 [00:01<00:00, 37.04it/s]
 66%|██████▌   | 52/79 [00:01<00:00, 37.18it/s]
 71%|███████   | 56/79 [00:01<00:00, 36.79it/s]
 76%|███████▌  | 60/79 [00:01<00:00, 36.61it/s]
 81%|████████  | 64/79 [00:01<00:00, 36.66it/s]
 86%|████████▌ | 68/79 [00:01<00:00, 36.76it/s]
 91%|█████████ | 72/79 [00:02<00:00, 36.58it/s]
 96%|█████████▌| 76/79 [00:02<00:00, 36.08it/s]
100%|██████████| 79/79 [00:02<00:00, 36.00it/s]

CommRound: 21/30
Accuracy: 89.99% | Loss: 0.4142
[##########################################------------------] 70.0%
Elapsed: 3.6m | Avg/Round: 10.4s | Last: 10.5s | Next: 10.4s | Remaining: 1.6m
ETA: 18:26:34
Recent round times: R1: 10.3s -> R2: 10.1s -> R3: 10.3s -> R4: 10.2s -> R5: 10.5s

  0%|          | 0/79 [00:00<?, ?it/s]
  3%|▎         | 2/79 [00:00<00:04, 18.62it/s]
  9%|▉         | 7/79 [00:00<00:02, 32.03it/s]
 15%|█▌        | 12/79 [00:00<00:01, 37.85it/s]
 20%|██        | 16/79 [00:00<00:01, 38.19it/s]
 25%|██▌       | 20/79 [00:00<00:01, 38.70it/s]
 32%|███▏      | 25/79 [00:00<00:01, 39.94it/s]
 38%|███▊      | 30/79 [00:00<00:01, 39.18it/s]
 43%|████▎     | 34/79 [00:00<00:01, 39.39it/s]
 48%|████▊     | 38/79 [00:00<00:01, 39.52it/s]
 54%|█████▍    | 43/79 [00:01<00:00, 40.23it/s]
 61%|██████    | 48/79 [00:01<00:00, 39.15it/s]
 66%|██████▌   | 52/79 [00:01<00:00, 38.36it/s]
 71%|███████   | 56/79 [00:01<00:00, 37.92it/s]
 76%|███████▌  | 60/79 [00:01<00:00, 37.61it/s]
 81%|████████  | 64/79 [00:01<00:00, 37.43it/s]
 86%|████████▌ | 68/79 [00:01<00:00, 37.57it/s]
 92%|█████████▏| 73/79 [00:01<00:00, 40.98it/s]
 99%|█████████▊| 78/79 [00:02<00:00, 38.52it/s]
100%|██████████| 79/79 [00:02<00:00, 38.42it/s]

CommRound: 22/30
Accuracy: 89.99% | Loss: 0.4149
[############################################----------------] 73.3%
Elapsed: 3.8m | Avg/Round: 10.4s | Last: 10.2s | Next: 10.4s | Remaining: 1.4m
ETA: 18:26:34
Recent round times: R1: 10.1s -> R2: 10.3s -> R3: 10.2s -> R4: 10.5s -> R5: 10.2s

  0%|          | 0/79 [00:00<?, ?it/s]
  4%|▍         | 3/79 [00:00<00:03, 22.68it/s]
  9%|▉         | 7/79 [00:00<00:02, 30.70it/s]
 14%|█▍        | 11/79 [00:00<00:02, 33.03it/s]
 19%|█▉        | 15/79 [00:00<00:01, 34.19it/s]
 24%|██▍       | 19/79 [00:00<00:01, 35.96it/s]
 29%|██▉       | 23/79 [00:00<00:01, 37.12it/s]
 35%|███▌      | 28/79 [00:00<00:01, 41.01it/s]
 42%|████▏     | 33/79 [00:00<00:01, 38.45it/s]
 48%|████▊     | 38/79 [00:01<00:00, 41.43it/s]
 54%|█████▍    | 43/79 [00:01<00:00, 39.03it/s]
 61%|██████    | 48/79 [00:01<00:00, 41.70it/s]
 67%|██████▋   | 53/79 [00:01<00:00, 39.24it/s]
 73%|███████▎  | 58/79 [00:01<00:00, 39.69it/s]
 80%|███████▉  | 63/79 [00:01<00:00, 39.34it/s]
 85%|████████▍ | 67/79 [00:01<00:00, 39.51it/s]
 91%|█████████ | 72/79 [00:01<00:00, 39.44it/s]
 96%|█████████▌| 76/79 [00:01<00:00, 39.39it/s]
100%|██████████| 79/79 [00:02<00:00, 38.56it/s]

CommRound: 23/30
Accuracy: 89.97% | Loss: 0.4158
[##############################################--------------] 76.7%
Elapsed: 4.0m | Avg/Round: 10.4s | Last: 10.3s | Next: 10.4s | Remaining: 1.2m
ETA: 18:26:33
Recent round times: R1: 10.3s -> R2: 10.2s -> R3: 10.5s -> R4: 10.2s -> R5: 10.3s
EARLY_STOP: round=23; best_acc=89.99; current_acc=89.97; threshold=90.00; patience=5; reason=converged_below_target
Total time for experiment: 238.7521047592163 seconds
Device average training time per communication round [s]:
    rpi (sld-rpi-09.ece.utexas.edu): 5.29 seconds
    mc1 (sld-mc1-09.ece.utexas.edu): 3.12 seconds
