Connecting to sld-rpi-09.ece.utexas.edu...
Successfully fetched dev0_pow_temp_log_exp142_run1.csv.
Connecting to sld-rpi-09.ece.utexas.edu...
Successfully fetched dev0_communication_log_exp142_run1.csv.
Connecting to sld-mc1-09.ece.utexas.edu...
Successfully fetched dev1_pow_temp_log_exp142_run1.csv.
Connecting to sld-mc1-09.ece.utexas.edu...
Successfully fetched dev1_communication_log_exp142_run1.csv.

Exp142
Experiment 142: 
	Global test accuracy [%]: 89.82 %
	No round found where all subsequent rounds have accuracy >= 90.00%.
	Average time per communication round [s]: 54.87 seconds
	Total wall clock time [s]: 1,511.60 seconds


Experiment 142:
	RPi avg. energy consumption per round [J]: 41.44 Joules
	MC1 avg. energy consumption per round [J]: 351.62 Joules
	Total avg. energy consumption per communication round [J]: 393.06 Joules
	Avg. amount of communicated data per communication round [MB]: 0.18 MB
	RPi avg. power consumption per round [W]: 5.41 Watts
	MC1 avg. power consumption per round [W]: 7.45 Watts
