
  0%|          | 0/79 [00:00<?, ?it/s]
  4%|▍         | 3/79 [00:00<00:03, 24.61it/s]
 11%|█▏        | 9/79 [00:00<00:01, 35.87it/s]
 19%|█▉        | 15/79 [00:00<00:01, 39.04it/s]
 27%|██▋       | 21/79 [00:00<00:01, 41.17it/s]
 34%|███▍      | 27/79 [00:00<00:01, 42.47it/s]
 42%|████▏     | 33/79 [00:00<00:01, 43.16it/s]
 49%|████▉     | 39/79 [00:00<00:00, 43.50it/s]
 57%|█████▋    | 45/79 [00:01<00:00, 43.72it/s]
 65%|██████▍   | 51/79 [00:01<00:00, 43.61it/s]
 72%|███████▏  | 57/79 [00:01<00:00, 43.66it/s]
 80%|███████▉  | 63/79 [00:01<00:00, 43.84it/s]
 86%|████████▌ | 68/79 [00:01<00:00, 44.58it/s]
 92%|█████████▏| 73/79 [00:01<00:00, 43.41it/s]
 99%|█████████▊| 78/79 [00:01<00:00, 43.01it/s]
100%|██████████| 79/79 [00:01<00:00, 42.61it/s]
Initial Accuracy: 10.78%; Initial Loss: 2.3187

  0%|          | 0/79 [00:00<?, ?it/s]
  3%|▎         | 2/79 [00:00<00:04, 17.77it/s]
  8%|▊         | 6/79 [00:00<00:02, 28.27it/s]
 13%|█▎        | 10/79 [00:00<00:02, 29.47it/s]
 16%|█▋        | 13/79 [00:00<00:02, 28.87it/s]
 22%|██▏       | 17/79 [00:00<00:02, 30.20it/s]
 27%|██▋       | 21/79 [00:00<00:02, 26.80it/s]
 32%|███▏      | 25/79 [00:00<00:01, 28.76it/s]
 37%|███▋      | 29/79 [00:01<00:01, 30.40it/s]
 42%|████▏     | 33/79 [00:01<00:01, 31.31it/s]
 47%|████▋     | 37/79 [00:01<00:01, 30.82it/s]
 52%|█████▏    | 41/79 [00:01<00:01, 30.70it/s]
 57%|█████▋    | 45/79 [00:01<00:01, 30.56it/s]
 62%|██████▏   | 49/79 [00:01<00:01, 29.19it/s]
 66%|██████▌   | 52/79 [00:01<00:00, 28.59it/s]
 71%|███████   | 56/79 [00:01<00:00, 29.33it/s]
 76%|███████▌  | 60/79 [00:02<00:00, 29.65it/s]
 81%|████████  | 64/79 [00:02<00:00, 29.83it/s]
 85%|████████▍ | 67/79 [00:02<00:00, 27.95it/s]
 90%|████████▉ | 71/79 [00:02<00:00, 29.09it/s]
 94%|█████████▎| 74/79 [00:02<00:00, 26.62it/s]
 99%|█████████▊| 78/79 [00:02<00:00, 28.18it/s]
100%|██████████| 79/79 [00:02<00:00, 29.04it/s]

CommRound: 1/30
Accuracy: 53.86% | Loss: 1.6469
[##----------------------------------------------------------] 3.3%
Elapsed: 1.0m | Avg/Round: 57.5s | Last: 55.6s | Next: 57.5s | Remaining: 27.8m
ETA: 07:04:03
Recent round times: R1: 55.6s

  0%|          | 0/79 [00:00<?, ?it/s]
  1%|▏         | 1/79 [00:00<00:08,  9.45it/s]
  9%|▉         | 7/79 [00:00<00:02, 31.11it/s]
 14%|█▍        | 11/79 [00:00<00:01, 34.55it/s]
 19%|█▉        | 15/79 [00:00<00:02, 30.11it/s]
 24%|██▍       | 19/79 [00:00<00:01, 32.79it/s]
 29%|██▉       | 23/79 [00:00<00:01, 34.64it/s]
 34%|███▍      | 27/79 [00:00<00:01, 35.94it/s]
 39%|███▉      | 31/79 [00:00<00:01, 36.91it/s]
 44%|████▍     | 35/79 [00:01<00:01, 37.51it/s]
 49%|████▉     | 39/79 [00:01<00:01, 37.90it/s]
 54%|█████▍    | 43/79 [00:01<00:00, 37.81it/s]
 61%|██████    | 48/79 [00:01<00:00, 41.08it/s]
 67%|██████▋   | 53/79 [00:01<00:00, 38.36it/s]
 72%|███████▏  | 57/79 [00:01<00:00, 34.66it/s]
 78%|███████▊  | 62/79 [00:01<00:00, 38.57it/s]
 85%|████████▍ | 67/79 [00:01<00:00, 37.54it/s]
 92%|█████████▏| 73/79 [00:02<00:00, 38.99it/s]
 99%|█████████▊| 78/79 [00:02<00:00, 41.48it/s]
100%|██████████| 79/79 [00:02<00:00, 37.16it/s]

CommRound: 2/30
Accuracy: 75.55% | Loss: 0.7846
[####--------------------------------------------------------] 6.7%
Elapsed: 1.8m | Avg/Round: 54.1s | Last: 50.7s | Next: 54.1s | Remaining: 25.3m
ETA: 07:02:22
Recent round times: R1: 55.6s -> R2: 50.7s

  0%|          | 0/79 [00:00<?, ?it/s]
  4%|▍         | 3/79 [00:00<00:03, 22.89it/s]
  9%|▉         | 7/79 [00:00<00:02, 30.62it/s]
 14%|█▍        | 11/79 [00:00<00:02, 30.68it/s]
 20%|██        | 16/79 [00:00<00:01, 37.21it/s]
 27%|██▋       | 21/79 [00:00<00:01, 36.39it/s]
 34%|███▍      | 27/79 [00:00<00:01, 38.30it/s]
 42%|████▏     | 33/79 [00:00<00:01, 39.39it/s]
 49%|████▉     | 39/79 [00:01<00:00, 40.14it/s]
 56%|█████▌    | 44/79 [00:01<00:00, 42.48it/s]
 62%|██████▏   | 49/79 [00:01<00:00, 39.77it/s]
 70%|██████▉   | 55/79 [00:01<00:00, 40.38it/s]
 77%|███████▋  | 61/79 [00:01<00:00, 40.70it/s]
 85%|████████▍ | 67/79 [00:01<00:00, 40.94it/s]
 92%|█████████▏| 73/79 [00:01<00:00, 41.06it/s]
100%|██████████| 79/79 [00:01<00:00, 45.03it/s]
100%|██████████| 79/79 [00:01<00:00, 39.75it/s]

CommRound: 3/30
Accuracy: 82.09% | Loss: 0.5784
[######------------------------------------------------------] 10.0%
Elapsed: 2.6m | Avg/Round: 52.7s | Last: 49.8s | Next: 52.7s | Remaining: 23.7m
ETA: 07:01:39
Recent round times: R1: 55.6s -> R2: 50.7s -> R3: 49.8s

  0%|          | 0/79 [00:00<?, ?it/s]
  1%|▏         | 1/79 [00:00<00:07,  9.89it/s]
  9%|▉         | 7/79 [00:00<00:02, 30.91it/s]
 14%|█▍        | 11/79 [00:00<00:01, 34.12it/s]
 19%|█▉        | 15/79 [00:00<00:01, 35.51it/s]
 24%|██▍       | 19/79 [00:00<00:01, 36.51it/s]
 29%|██▉       | 23/79 [00:00<00:01, 37.16it/s]
 34%|███▍      | 27/79 [00:00<00:01, 37.69it/s]
 39%|███▉      | 31/79 [00:00<00:01, 38.10it/s]
 44%|████▍     | 35/79 [00:00<00:01, 38.32it/s]
 49%|████▉     | 39/79 [00:01<00:01, 38.50it/s]
 54%|█████▍    | 43/79 [00:01<00:00, 38.64it/s]
 59%|█████▉    | 47/79 [00:01<00:00, 38.62it/s]
 65%|██████▍   | 51/79 [00:01<00:00, 38.71it/s]
 70%|██████▉   | 55/79 [00:01<00:00, 38.47it/s]
 75%|███████▍  | 59/79 [00:01<00:00, 38.44it/s]
 80%|███████▉  | 63/79 [00:01<00:00, 38.35it/s]
 85%|████████▍ | 67/79 [00:01<00:00, 38.53it/s]
 90%|████████▉ | 71/79 [00:01<00:00, 38.29it/s]
 95%|█████████▍| 75/79 [00:02<00:00, 38.16it/s]
100%|██████████| 79/79 [00:02<00:00, 37.79it/s]

CommRound: 4/30
Accuracy: 83.56% | Loss: 0.5484
[########----------------------------------------------------] 13.3%
Elapsed: 3.3m | Avg/Round: 49.4s | Last: 39.6s | Next: 49.4s | Remaining: 21.4m
ETA: 07:00:01
Recent round times: R1: 55.6s -> R2: 50.7s -> R3: 49.8s -> R4: 39.6s

  0%|          | 0/79 [00:00<?, ?it/s]
  1%|▏         | 1/79 [00:00<00:08,  8.98it/s]
  6%|▋         | 5/79 [00:00<00:03, 22.98it/s]
 11%|█▏        | 9/79 [00:00<00:02, 28.80it/s]
 16%|█▋        | 13/79 [00:00<00:02, 31.83it/s]
 22%|██▏       | 17/79 [00:00<00:01, 33.88it/s]
 27%|██▋       | 21/79 [00:00<00:01, 35.10it/s]
 32%|███▏      | 25/79 [00:00<00:01, 35.91it/s]
 37%|███▋      | 29/79 [00:00<00:01, 36.52it/s]
 42%|████▏     | 33/79 [00:00<00:01, 36.89it/s]
 47%|████▋     | 37/79 [00:01<00:01, 36.99it/s]
 52%|█████▏    | 41/79 [00:01<00:01, 37.18it/s]
 57%|█████▋    | 45/79 [00:01<00:00, 37.39it/s]
 62%|██████▏   | 49/79 [00:01<00:00, 37.31it/s]
 67%|██████▋   | 53/79 [00:01<00:00, 37.42it/s]
 72%|███████▏  | 57/79 [00:01<00:00, 37.55it/s]
 77%|███████▋  | 61/79 [00:01<00:00, 37.73it/s]
 82%|████████▏ | 65/79 [00:01<00:00, 37.88it/s]
 87%|████████▋ | 69/79 [00:01<00:00, 37.99it/s]
 92%|█████████▏| 73/79 [00:02<00:00, 37.89it/s]
 97%|█████████▋| 77/79 [00:02<00:00, 37.40it/s]
100%|██████████| 79/79 [00:02<00:00, 35.57it/s]

CommRound: 5/30
Accuracy: 86.58% | Loss: 0.4647
[##########--------------------------------------------------] 16.7%
Elapsed: 4.0m | Avg/Round: 48.4s | Last: 44.3s | Next: 48.4s | Remaining: 20.2m
ETA: 06:59:30
Recent round times: R1: 55.6s -> R2: 50.7s -> R3: 49.8s -> R4: 39.6s -> R5: 44.3s

  0%|          | 0/79 [00:00<?, ?it/s]
  3%|▎         | 2/79 [00:00<00:03, 19.68it/s]
  8%|▊         | 6/79 [00:00<00:02, 26.43it/s]
 13%|█▎        | 10/79 [00:00<00:02, 31.63it/s]
 18%|█▊        | 14/79 [00:00<00:01, 34.23it/s]
 23%|██▎       | 18/79 [00:00<00:01, 35.68it/s]
 28%|██▊       | 22/79 [00:00<00:01, 36.75it/s]
 33%|███▎      | 26/79 [00:00<00:01, 37.66it/s]
 38%|███▊      | 30/79 [00:00<00:01, 38.02it/s]
 43%|████▎     | 34/79 [00:00<00:01, 38.45it/s]
 48%|████▊     | 38/79 [00:01<00:01, 38.61it/s]
 53%|█████▎    | 42/79 [00:01<00:00, 38.79it/s]
 58%|█████▊    | 46/79 [00:01<00:00, 39.12it/s]
 65%|██████▍   | 51/79 [00:01<00:00, 41.74it/s]
 71%|███████   | 56/79 [00:01<00:00, 38.77it/s]
 76%|███████▌  | 60/79 [00:01<00:00, 38.92it/s]
 81%|████████  | 64/79 [00:01<00:00, 39.10it/s]
 86%|████████▌ | 68/79 [00:01<00:00, 38.92it/s]
 91%|█████████ | 72/79 [00:01<00:00, 38.79it/s]
 96%|█████████▌| 76/79 [00:02<00:00, 39.04it/s]
100%|██████████| 79/79 [00:02<00:00, 37.64it/s]

CommRound: 6/30
Accuracy: 88.35% | Loss: 0.4199
[############------------------------------------------------] 20.0%
Elapsed: 4.8m | Avg/Round: 47.7s | Last: 44.5s | Next: 47.7s | Remaining: 19.1m
ETA: 06:59:11
Recent round times: R1: 50.7s -> R2: 49.8s -> R3: 39.6s -> R4: 44.3s -> R5: 44.5s

  0%|          | 0/79 [00:00<?, ?it/s]
  1%|▏         | 1/79 [00:00<00:07,  9.77it/s]
  8%|▊         | 6/79 [00:00<00:02, 28.33it/s]
 13%|█▎        | 10/79 [00:00<00:02, 31.13it/s]
 18%|█▊        | 14/79 [00:00<00:01, 32.77it/s]
 23%|██▎       | 18/79 [00:00<00:02, 30.17it/s]
 28%|██▊       | 22/79 [00:00<00:01, 32.57it/s]
 33%|███▎      | 26/79 [00:00<00:01, 34.23it/s]
 38%|███▊      | 30/79 [00:00<00:01, 35.33it/s]
 43%|████▎     | 34/79 [00:01<00:01, 36.01it/s]
 48%|████▊     | 38/79 [00:01<00:01, 36.59it/s]
 53%|█████▎    | 42/79 [00:01<00:01, 36.71it/s]
 58%|█████▊    | 46/79 [00:01<00:01, 31.38it/s]
 63%|██████▎   | 50/79 [00:01<00:00, 33.00it/s]
 68%|██████▊   | 54/79 [00:01<00:00, 30.83it/s]
 73%|███████▎  | 58/79 [00:01<00:00, 28.68it/s]
 78%|███████▊  | 62/79 [00:01<00:00, 30.13it/s]
 84%|████████▎ | 66/79 [00:02<00:00, 32.10it/s]
 89%|████████▊ | 70/79 [00:02<00:00, 33.05it/s]
 94%|█████████▎| 74/79 [00:02<00:00, 34.30it/s]
 99%|█████████▊| 78/79 [00:02<00:00, 35.44it/s]
100%|██████████| 79/79 [00:02<00:00, 32.84it/s]

CommRound: 7/30
Accuracy: 87.93% | Loss: 0.4339
[##############----------------------------------------------] 23.3%
Elapsed: 5.5m | Avg/Round: 47.2s | Last: 44.0s | Next: 47.2s | Remaining: 18.1m
ETA: 06:58:55
Recent round times: R1: 49.8s -> R2: 39.6s -> R3: 44.3s -> R4: 44.5s -> R5: 44.0s

  0%|          | 0/79 [00:00<?, ?it/s]
  3%|▎         | 2/79 [00:00<00:03, 19.63it/s]
  9%|▉         | 7/79 [00:00<00:02, 29.90it/s]
 14%|█▍        | 11/79 [00:00<00:02, 33.36it/s]
 19%|█▉        | 15/79 [00:00<00:01, 35.17it/s]
 24%|██▍       | 19/79 [00:00<00:01, 36.43it/s]
 29%|██▉       | 23/79 [00:00<00:01, 37.25it/s]
 34%|███▍      | 27/79 [00:00<00:01, 37.75it/s]
 39%|███▉      | 31/79 [00:00<00:01, 38.10it/s]
 44%|████▍     | 35/79 [00:00<00:01, 38.38it/s]
 49%|████▉     | 39/79 [00:01<00:01, 38.48it/s]
 54%|█████▍    | 43/79 [00:01<00:00, 38.29it/s]
 59%|█████▉    | 47/79 [00:01<00:00, 38.49it/s]
 65%|██████▍   | 51/79 [00:01<00:00, 38.56it/s]
 70%|██████▉   | 55/79 [00:01<00:00, 38.64it/s]
 75%|███████▍  | 59/79 [00:01<00:00, 38.70it/s]
 80%|███████▉  | 63/79 [00:01<00:00, 38.86it/s]
 85%|████████▍ | 67/79 [00:01<00:00, 38.87it/s]
 90%|████████▉ | 71/79 [00:01<00:00, 39.05it/s]
 95%|█████████▍| 75/79 [00:01<00:00, 39.08it/s]
100%|██████████| 79/79 [00:02<00:00, 38.03it/s]

CommRound: 8/30
Accuracy: 88.35% | Loss: 0.4250
[################--------------------------------------------] 26.7%
Elapsed: 6.2m | Avg/Round: 46.5s | Last: 41.5s | Next: 46.5s | Remaining: 17.0m
ETA: 06:58:33
Recent round times: R1: 39.6s -> R2: 44.3s -> R3: 44.5s -> R4: 44.0s -> R5: 41.5s

  0%|          | 0/79 [00:00<?, ?it/s]
  1%|▏         | 1/79 [00:00<00:09,  8.57it/s]
  6%|▋         | 5/79 [00:00<00:03, 23.50it/s]
 11%|█▏        | 9/79 [00:00<00:02, 27.55it/s]
 16%|█▋        | 13/79 [00:00<00:02, 29.27it/s]
 22%|██▏       | 17/79 [00:00<00:02, 30.70it/s]
 27%|██▋       | 21/79 [00:00<00:01, 31.81it/s]
 32%|███▏      | 25/79 [00:00<00:01, 32.53it/s]
 37%|███▋      | 29/79 [00:00<00:01, 33.14it/s]
 42%|████▏     | 33/79 [00:01<00:01, 33.52it/s]
 47%|████▋     | 37/79 [00:01<00:01, 33.51it/s]
 52%|█████▏    | 41/79 [00:01<00:01, 33.78it/s]
 57%|█████▋    | 45/79 [00:01<00:01, 33.87it/s]
 62%|██████▏   | 49/79 [00:01<00:00, 33.82it/s]
 67%|██████▋   | 53/79 [00:01<00:00, 34.11it/s]
 72%|███████▏  | 57/79 [00:01<00:00, 33.96it/s]
 77%|███████▋  | 61/79 [00:01<00:00, 33.96it/s]
 82%|████████▏ | 65/79 [00:02<00:00, 34.10it/s]
 87%|████████▋ | 69/79 [00:02<00:00, 33.86it/s]
 92%|█████████▏| 73/79 [00:02<00:00, 33.83it/s]
 97%|█████████▋| 77/79 [00:02<00:00, 33.79it/s]
100%|██████████| 79/79 [00:02<00:00, 32.99it/s]

CommRound: 9/30
Accuracy: 88.60% | Loss: 0.4220
[##################------------------------------------------] 30.0%
Elapsed: 7.0m | Avg/Round: 46.5s | Last: 46.2s | Next: 46.5s | Remaining: 16.3m
ETA: 06:58:32
Recent round times: R1: 44.3s -> R2: 44.5s -> R3: 44.0s -> R4: 41.5s -> R5: 46.2s

  0%|          | 0/79 [00:00<?, ?it/s]
  3%|▎         | 2/79 [00:00<00:03, 19.41it/s]
  9%|▉         | 7/79 [00:00<00:02, 29.39it/s]
 14%|█▍        | 11/79 [00:00<00:02, 32.03it/s]
 19%|█▉        | 15/79 [00:00<00:01, 33.52it/s]
 24%|██▍       | 19/79 [00:00<00:01, 34.60it/s]
 29%|██▉       | 23/79 [00:00<00:01, 35.36it/s]
 34%|███▍      | 27/79 [00:00<00:01, 36.00it/s]
 39%|███▉      | 31/79 [00:00<00:01, 36.16it/s]
 44%|████▍     | 35/79 [00:01<00:01, 36.59it/s]
 49%|████▉     | 39/79 [00:01<00:01, 36.18it/s]
 54%|█████▍    | 43/79 [00:01<00:00, 36.88it/s]
 62%|██████▏   | 49/79 [00:01<00:00, 39.63it/s]
 70%|██████▉   | 55/79 [00:01<00:00, 41.39it/s]
 77%|███████▋  | 61/79 [00:01<00:00, 42.37it/s]
 85%|████████▍ | 67/79 [00:01<00:00, 42.95it/s]
 92%|█████████▏| 73/79 [00:01<00:00, 43.40it/s]
100%|██████████| 79/79 [00:02<00:00, 39.28it/s]

CommRound: 10/30
Accuracy: 88.78% | Loss: 0.4191
[####################----------------------------------------] 33.3%
Elapsed: 7.7m | Avg/Round: 46.4s | Last: 46.1s | Next: 46.4s | Remaining: 15.5m
ETA: 06:58:31
Recent round times: R1: 44.5s -> R2: 44.0s -> R3: 41.5s -> R4: 46.2s -> R5: 46.1s

  0%|          | 0/79 [00:00<?, ?it/s]
  1%|▏         | 1/79 [00:00<00:12,  6.08it/s]
  6%|▋         | 5/79 [00:00<00:03, 18.72it/s]
  9%|▉         | 7/79 [00:00<00:03, 18.73it/s]
 11%|█▏        | 9/79 [00:00<00:03, 18.52it/s]
 14%|█▍        | 11/79 [00:00<00:03, 18.32it/s]
 16%|█▋        | 13/79 [00:00<00:03, 18.34it/s]
 19%|█▉        | 15/79 [00:00<00:03, 18.12it/s]
 22%|██▏       | 17/79 [00:00<00:03, 18.08it/s]
 24%|██▍       | 19/79 [00:01<00:03, 18.07it/s]
 27%|██▋       | 21/79 [00:01<00:03, 18.10it/s]
 29%|██▉       | 23/79 [00:01<00:03, 18.06it/s]
 32%|███▏      | 25/79 [00:01<00:02, 18.19it/s]
 35%|███▌      | 28/79 [00:01<00:02, 19.49it/s]
 38%|███▊      | 30/79 [00:01<00:02, 18.97it/s]
 41%|████      | 32/79 [00:01<00:02, 18.54it/s]
 43%|████▎     | 34/79 [00:01<00:02, 18.31it/s]
 46%|████▌     | 36/79 [00:01<00:02, 18.49it/s]
 48%|████▊     | 38/79 [00:02<00:02, 18.13it/s]
 51%|█████     | 40/79 [00:02<00:02, 18.30it/s]
 53%|█████▎    | 42/79 [00:02<00:02, 17.90it/s]
 56%|█████▌    | 44/79 [00:02<00:01, 18.08it/s]
 58%|█████▊    | 46/79 [00:02<00:01, 17.77it/s]
 61%|██████    | 48/79 [00:02<00:01, 17.53it/s]
 63%|██████▎   | 50/79 [00:02<00:01, 17.38it/s]
 66%|██████▌   | 52/79 [00:02<00:01, 17.24it/s]
 68%|██████▊   | 54/79 [00:03<00:01, 17.45it/s]
 71%|███████   | 56/79 [00:03<00:01, 17.57it/s]
 73%|███████▎  | 58/79 [00:03<00:01, 17.52it/s]
 76%|███████▌  | 60/79 [00:03<00:01, 17.79it/s]
 78%|███████▊  | 62/79 [00:03<00:00, 18.04it/s]
 81%|████████  | 64/79 [00:03<00:00, 17.74it/s]
 84%|████████▎ | 66/79 [00:03<00:00, 17.81it/s]
 86%|████████▌ | 68/79 [00:03<00:00, 17.59it/s]
 89%|████████▊ | 70/79 [00:03<00:00, 17.83it/s]
 91%|█████████ | 72/79 [00:04<00:00, 17.65it/s]
 94%|█████████▎| 74/79 [00:04<00:00, 17.47it/s]
 96%|█████████▌| 76/79 [00:04<00:00, 17.41it/s]
100%|██████████| 79/79 [00:04<00:00, 18.06it/s]

CommRound: 11/30
Accuracy: 88.92% | Loss: 0.4203
[######################--------------------------------------] 36.7%
Elapsed: 8.7m | Avg/Round: 47.6s | Last: 59.1s | Next: 47.6s | Remaining: 15.1m
ETA: 06:59:06
Recent round times: R1: 44.0s -> R2: 41.5s -> R3: 46.2s -> R4: 46.1s -> R5: 59.1s

  0%|          | 0/79 [00:00<?, ?it/s]
  1%|▏         | 1/79 [00:00<00:09,  8.61it/s]
  6%|▋         | 5/79 [00:00<00:03, 24.17it/s]
 11%|█▏        | 9/79 [00:00<00:02, 27.82it/s]
 16%|█▋        | 13/79 [00:00<00:02, 29.56it/s]
 22%|██▏       | 17/79 [00:00<00:02, 30.50it/s]
 27%|██▋       | 21/79 [00:00<00:01, 31.13it/s]
 32%|███▏      | 25/79 [00:00<00:01, 28.63it/s]
 37%|███▋      | 29/79 [00:01<00:01, 29.43it/s]
 41%|████      | 32/79 [00:01<00:01, 27.78it/s]
 46%|████▌     | 36/79 [00:01<00:01, 30.24it/s]
 51%|█████     | 40/79 [00:01<00:01, 29.93it/s]
 56%|█████▌    | 44/79 [00:01<00:01, 30.69it/s]
 61%|██████    | 48/79 [00:01<00:00, 31.19it/s]
 66%|██████▌   | 52/79 [00:01<00:00, 31.27it/s]
 71%|███████   | 56/79 [00:01<00:00, 31.60it/s]
 76%|███████▌  | 60/79 [00:02<00:00, 31.64it/s]
 81%|████████  | 64/79 [00:02<00:00, 31.75it/s]
 86%|████████▌ | 68/79 [00:02<00:00, 31.49it/s]
 91%|█████████ | 72/79 [00:02<00:00, 31.61it/s]
 96%|█████████▌| 76/79 [00:02<00:00, 31.83it/s]
100%|██████████| 79/79 [00:02<00:00, 30.36it/s]

CommRound: 12/30
Accuracy: 89.03% | Loss: 0.4228
[########################------------------------------------] 40.0%
Elapsed: 9.6m | Avg/Round: 48.0s | Last: 52.6s | Next: 48.0s | Remaining: 14.4m
ETA: 06:59:18
Recent round times: R1: 41.5s -> R2: 46.2s -> R3: 46.1s -> R4: 59.1s -> R5: 52.6s

  0%|          | 0/79 [00:00<?, ?it/s]
  4%|▍         | 3/79 [00:00<00:03, 23.59it/s]
 10%|█         | 8/79 [00:00<00:02, 34.33it/s]
 15%|█▌        | 12/79 [00:00<00:01, 36.60it/s]
 20%|██        | 16/79 [00:00<00:01, 37.72it/s]
 27%|██▋       | 21/79 [00:00<00:01, 41.52it/s]
 33%|███▎      | 26/79 [00:00<00:01, 39.74it/s]
 41%|████      | 32/79 [00:00<00:01, 40.47it/s]
 48%|████▊     | 38/79 [00:00<00:01, 40.78it/s]
 54%|█████▍    | 43/79 [00:01<00:00, 42.96it/s]
 61%|██████    | 48/79 [00:01<00:00, 42.02it/s]
 68%|██████▊   | 54/79 [00:01<00:00, 42.70it/s]
 76%|███████▌  | 60/79 [00:01<00:00, 43.18it/s]
 84%|████████▎ | 66/79 [00:01<00:00, 43.51it/s]
 91%|█████████ | 72/79 [00:01<00:00, 43.75it/s]
 99%|█████████▊| 78/79 [00:01<00:00, 44.05it/s]
100%|██████████| 79/79 [00:01<00:00, 41.77it/s]

CommRound: 13/30
Accuracy: 89.10% | Loss: 0.4251
[##########################----------------------------------] 43.3%
Elapsed: 10.5m | Avg/Round: 48.6s | Last: 55.2s | Next: 48.6s | Remaining: 13.8m
ETA: 06:59:35
Recent round times: R1: 46.2s -> R2: 46.1s -> R3: 59.1s -> R4: 52.6s -> R5: 55.2s

  0%|          | 0/79 [00:00<?, ?it/s]
  1%|▏         | 1/79 [00:00<00:07,  9.83it/s]
  8%|▊         | 6/79 [00:00<00:02, 33.24it/s]
 13%|█▎        | 10/79 [00:00<00:01, 35.64it/s]
 18%|█▊        | 14/79 [00:00<00:01, 36.75it/s]
 23%|██▎       | 18/79 [00:00<00:01, 37.36it/s]
 28%|██▊       | 22/79 [00:00<00:01, 37.81it/s]
 33%|███▎      | 26/79 [00:00<00:01, 37.85it/s]
 38%|███▊      | 30/79 [00:00<00:01, 38.43it/s]
 43%|████▎     | 34/79 [00:00<00:01, 38.65it/s]
 48%|████▊     | 38/79 [00:01<00:01, 38.70it/s]
 53%|█████▎    | 42/79 [00:01<00:00, 38.96it/s]
 58%|█████▊    | 46/79 [00:01<00:00, 39.01it/s]
 63%|██████▎   | 50/79 [00:01<00:00, 38.99it/s]
 68%|██████▊   | 54/79 [00:01<00:00, 38.94it/s]
 73%|███████▎  | 58/79 [00:01<00:00, 38.85it/s]
 78%|███████▊  | 62/79 [00:01<00:00, 38.72it/s]
 84%|████████▎ | 66/79 [00:01<00:00, 38.84it/s]
 89%|████████▊ | 70/79 [00:01<00:00, 38.65it/s]
 94%|█████████▎| 74/79 [00:01<00:00, 38.79it/s]
 99%|█████████▊| 78/79 [00:02<00:00, 39.02it/s]
100%|██████████| 79/79 [00:02<00:00, 37.84it/s]

CommRound: 14/30
Accuracy: 89.13% | Loss: 0.4273
[############################--------------------------------] 46.7%
Elapsed: 11.3m | Avg/Round: 48.3s | Last: 45.5s | Next: 48.3s | Remaining: 12.9m
ETA: 06:59:29
Recent round times: R1: 46.1s -> R2: 59.1s -> R3: 52.6s -> R4: 55.2s -> R5: 45.5s

  0%|          | 0/79 [00:00<?, ?it/s]
  1%|▏         | 1/79 [00:00<00:09,  8.31it/s]
  6%|▋         | 5/79 [00:00<00:02, 25.51it/s]
 11%|█▏        | 9/79 [00:00<00:02, 30.20it/s]
 16%|█▋        | 13/79 [00:00<00:02, 32.39it/s]
 22%|██▏       | 17/79 [00:00<00:01, 33.65it/s]
 27%|██▋       | 21/79 [00:00<00:01, 34.36it/s]
 32%|███▏      | 25/79 [00:00<00:01, 31.50it/s]
 37%|███▋      | 29/79 [00:00<00:01, 29.25it/s]
 42%|████▏     | 33/79 [00:01<00:01, 30.12it/s]
 47%|████▋     | 37/79 [00:01<00:01, 31.96it/s]
 52%|█████▏    | 41/79 [00:01<00:01, 33.05it/s]
 57%|█████▋    | 45/79 [00:01<00:01, 32.42it/s]
 62%|██████▏   | 49/79 [00:01<00:01, 28.31it/s]
 66%|██████▌   | 52/79 [00:01<00:00, 27.81it/s]
 70%|██████▉   | 55/79 [00:01<00:00, 24.33it/s]
 73%|███████▎  | 58/79 [00:02<00:00, 25.24it/s]
 77%|███████▋  | 61/79 [00:02<00:00, 24.93it/s]
 82%|████████▏ | 65/79 [00:02<00:00, 27.88it/s]
 87%|████████▋ | 69/79 [00:02<00:00, 30.06it/s]
 92%|█████████▏| 73/79 [00:02<00:00, 31.62it/s]
 97%|█████████▋| 77/79 [00:02<00:00, 31.66it/s]
100%|██████████| 79/79 [00:02<00:00, 29.96it/s]

CommRound: 15/30
Accuracy: 89.17% | Loss: 0.4292
[##############################------------------------------] 50.0%
Elapsed: 12.1m | Avg/Round: 48.4s | Last: 49.0s | Next: 48.4s | Remaining: 12.1m
ETA: 06:59:30
Recent round times: R1: 59.1s -> R2: 52.6s -> R3: 55.2s -> R4: 45.5s -> R5: 49.0s

  0%|          | 0/79 [00:00<?, ?it/s]
  1%|▏         | 1/79 [00:00<00:08,  9.14it/s]
  6%|▋         | 5/79 [00:00<00:02, 25.94it/s]
 11%|█▏        | 9/79 [00:00<00:02, 30.54it/s]
 16%|█▋        | 13/79 [00:00<00:01, 33.07it/s]
 22%|██▏       | 17/79 [00:00<00:01, 34.36it/s]
 27%|██▋       | 21/79 [00:00<00:01, 35.03it/s]
 32%|███▏      | 25/79 [00:00<00:01, 35.75it/s]
 37%|███▋      | 29/79 [00:00<00:01, 36.20it/s]
 42%|████▏     | 33/79 [00:00<00:01, 36.23it/s]
 47%|████▋     | 37/79 [00:01<00:01, 36.11it/s]
 52%|█████▏    | 41/79 [00:01<00:01, 35.87it/s]
 57%|█████▋    | 45/79 [00:01<00:00, 35.97it/s]
 62%|██████▏   | 49/79 [00:01<00:00, 35.99it/s]
 67%|██████▋   | 53/79 [00:01<00:00, 35.94it/s]
 72%|███████▏  | 57/79 [00:01<00:00, 36.03it/s]
 77%|███████▋  | 61/79 [00:01<00:00, 35.94it/s]
 82%|████████▏ | 65/79 [00:01<00:00, 35.99it/s]
 87%|████████▋ | 69/79 [00:01<00:00, 36.16it/s]
 92%|█████████▏| 73/79 [00:02<00:00, 32.17it/s]
 97%|█████████▋| 77/79 [00:02<00:00, 33.71it/s]
100%|██████████| 79/79 [00:02<00:00, 34.79it/s]

CommRound: 16/30
Accuracy: 89.18% | Loss: 0.4309
[################################----------------------------] 53.3%
Elapsed: 12.9m | Avg/Round: 48.5s | Last: 50.4s | Next: 48.5s | Remaining: 11.3m
ETA: 06:59:34
Recent round times: R1: 52.6s -> R2: 55.2s -> R3: 45.5s -> R4: 49.0s -> R5: 50.4s

  0%|          | 0/79 [00:00<?, ?it/s]
  1%|▏         | 1/79 [00:00<00:10,  7.61it/s]
  6%|▋         | 5/79 [00:00<00:03, 20.21it/s]
 11%|█▏        | 9/79 [00:00<00:02, 24.62it/s]
 16%|█▋        | 13/79 [00:00<00:02, 28.71it/s]
 22%|██▏       | 17/79 [00:00<00:01, 31.18it/s]
 27%|██▋       | 21/79 [00:00<00:01, 32.72it/s]
 32%|███▏      | 25/79 [00:00<00:01, 33.75it/s]
 37%|███▋      | 29/79 [00:00<00:01, 34.59it/s]
 42%|████▏     | 33/79 [00:01<00:01, 35.07it/s]
 47%|████▋     | 37/79 [00:01<00:01, 35.61it/s]
 52%|█████▏    | 41/79 [00:01<00:01, 35.79it/s]
 57%|█████▋    | 45/79 [00:01<00:00, 35.97it/s]
 62%|██████▏   | 49/79 [00:01<00:00, 34.72it/s]
 67%|██████▋   | 53/79 [00:01<00:00, 30.07it/s]
 72%|███████▏  | 57/79 [00:01<00:00, 27.21it/s]
 77%|███████▋  | 61/79 [00:02<00:00, 25.32it/s]
 82%|████████▏ | 65/79 [00:02<00:00, 27.17it/s]
 87%|████████▋ | 69/79 [00:02<00:00, 29.58it/s]
 92%|█████████▏| 73/79 [00:02<00:00, 31.58it/s]
 97%|█████████▋| 77/79 [00:02<00:00, 33.20it/s]
100%|██████████| 79/79 [00:02<00:00, 31.31it/s]

CommRound: 17/30
Accuracy: 89.25% | Loss: 0.4324
[##################################--------------------------] 56.7%
Elapsed: 13.7m | Avg/Round: 48.4s | Last: 46.1s | Next: 48.4s | Remaining: 10.5m
ETA: 06:59:29
Recent round times: R1: 55.2s -> R2: 45.5s -> R3: 49.0s -> R4: 50.4s -> R5: 46.1s

  0%|          | 0/79 [00:00<?, ?it/s]
  1%|▏         | 1/79 [00:00<00:08,  9.15it/s]
  6%|▋         | 5/79 [00:00<00:02, 26.56it/s]
 11%|█▏        | 9/79 [00:00<00:02, 31.37it/s]
 16%|█▋        | 13/79 [00:00<00:01, 33.69it/s]
 22%|██▏       | 17/79 [00:00<00:01, 34.97it/s]
 27%|██▋       | 21/79 [00:00<00:01, 35.98it/s]
 32%|███▏      | 25/79 [00:00<00:01, 36.66it/s]
 37%|███▋      | 29/79 [00:00<00:01, 37.16it/s]
 42%|████▏     | 33/79 [00:00<00:01, 37.51it/s]
 47%|████▋     | 37/79 [00:01<00:01, 37.57it/s]
 52%|█████▏    | 41/79 [00:01<00:01, 37.83it/s]
 57%|█████▋    | 45/79 [00:01<00:00, 37.72it/s]
 62%|██████▏   | 49/79 [00:01<00:00, 37.87it/s]
 67%|██████▋   | 53/79 [00:01<00:00, 37.83it/s]
 72%|███████▏  | 57/79 [00:01<00:00, 37.66it/s]
 77%|███████▋  | 61/79 [00:01<00:00, 37.34it/s]
 82%|████████▏ | 65/79 [00:01<00:00, 37.64it/s]
 87%|████████▋ | 69/79 [00:01<00:00, 37.80it/s]
 92%|█████████▏| 73/79 [00:02<00:00, 38.01it/s]
 97%|█████████▋| 77/79 [00:02<00:00, 37.56it/s]
100%|██████████| 79/79 [00:02<00:00, 36.91it/s]

CommRound: 18/30
Accuracy: 89.28% | Loss: 0.4338
[####################################------------------------] 60.0%
Elapsed: 14.6m | Avg/Round: 48.7s | Last: 54.6s | Next: 48.7s | Remaining: 9.7m
ETA: 06:59:40
Recent round times: R1: 45.5s -> R2: 49.0s -> R3: 50.4s -> R4: 46.1s -> R5: 54.6s

  0%|          | 0/79 [00:00<?, ?it/s]
  1%|▏         | 1/79 [00:00<00:10,  7.77it/s]
  6%|▋         | 5/79 [00:00<00:03, 20.50it/s]
 11%|█▏        | 9/79 [00:00<00:02, 25.07it/s]
 16%|█▋        | 13/79 [00:00<00:02, 29.29it/s]
 20%|██        | 16/79 [00:00<00:02, 28.79it/s]
 25%|██▌       | 20/79 [00:00<00:01, 31.44it/s]
 30%|███       | 24/79 [00:00<00:01, 33.33it/s]
 35%|███▌      | 28/79 [00:00<00:01, 34.76it/s]
 41%|████      | 32/79 [00:01<00:01, 35.68it/s]
 46%|████▌     | 36/79 [00:01<00:01, 36.24it/s]
 51%|█████     | 40/79 [00:01<00:01, 36.66it/s]
 56%|█████▌    | 44/79 [00:01<00:00, 37.02it/s]
 61%|██████    | 48/79 [00:01<00:00, 36.85it/s]
 66%|██████▌   | 52/79 [00:01<00:00, 36.87it/s]
 71%|███████   | 56/79 [00:01<00:00, 37.12it/s]
 76%|███████▌  | 60/79 [00:01<00:00, 37.07it/s]
 81%|████████  | 64/79 [00:01<00:00, 37.46it/s]
 86%|████████▌ | 68/79 [00:02<00:00, 37.58it/s]
 91%|█████████ | 72/79 [00:02<00:00, 35.19it/s]
 96%|█████████▌| 76/79 [00:02<00:00, 33.39it/s]
100%|██████████| 79/79 [00:02<00:00, 33.81it/s]

CommRound: 19/30
Accuracy: 89.28% | Loss: 0.4350
[######################################----------------------] 63.3%
Elapsed: 15.3m | Avg/Round: 48.4s | Last: 43.4s | Next: 48.4s | Remaining: 8.9m
ETA: 06:59:31
Recent round times: R1: 49.0s -> R2: 50.4s -> R3: 46.1s -> R4: 54.6s -> R5: 43.4s

  0%|          | 0/79 [00:00<?, ?it/s]
  1%|▏         | 1/79 [00:00<00:08,  8.88it/s]
  6%|▋         | 5/79 [00:00<00:02, 25.14it/s]
 11%|█▏        | 9/79 [00:00<00:02, 29.11it/s]
 16%|█▋        | 13/79 [00:00<00:02, 30.75it/s]
 22%|██▏       | 17/79 [00:00<00:01, 31.68it/s]
 27%|██▋       | 21/79 [00:00<00:01, 32.16it/s]
 32%|███▏      | 25/79 [00:00<00:01, 32.25it/s]
 37%|███▋      | 29/79 [00:00<00:01, 32.41it/s]
 42%|████▏     | 33/79 [00:01<00:01, 32.41it/s]
 47%|████▋     | 37/79 [00:01<00:01, 32.66it/s]
 52%|█████▏    | 41/79 [00:01<00:01, 32.73it/s]
 57%|█████▋    | 45/79 [00:01<00:01, 33.43it/s]
 62%|██████▏   | 49/79 [00:01<00:00, 33.33it/s]
 67%|██████▋   | 53/79 [00:01<00:00, 33.52it/s]
 72%|███████▏  | 57/79 [00:01<00:00, 33.69it/s]
 77%|███████▋  | 61/79 [00:01<00:00, 33.65it/s]
 82%|████████▏ | 65/79 [00:02<00:00, 33.74it/s]
 87%|████████▋ | 69/79 [00:02<00:00, 33.52it/s]
 92%|█████████▏| 73/79 [00:02<00:00, 33.50it/s]
 97%|█████████▋| 77/79 [00:02<00:00, 33.67it/s]
100%|██████████| 79/79 [00:02<00:00, 32.33it/s]

CommRound: 20/30
Accuracy: 89.34% | Loss: 0.4363
[########################################--------------------] 66.7%
Elapsed: 16.2m | Avg/Round: 48.7s | Last: 54.3s | Next: 48.7s | Remaining: 8.1m
ETA: 06:59:40
Recent round times: R1: 50.4s -> R2: 46.1s -> R3: 54.6s -> R4: 43.4s -> R5: 54.3s

  0%|          | 0/79 [00:00<?, ?it/s]
  1%|▏         | 1/79 [00:00<00:11,  6.56it/s]
  6%|▋         | 5/79 [00:00<00:04, 15.16it/s]
  9%|▉         | 7/79 [00:00<00:04, 16.16it/s]
 14%|█▍        | 11/79 [00:00<00:03, 17.85it/s]
 16%|█▋        | 13/79 [00:00<00:03, 18.01it/s]
 19%|█▉        | 15/79 [00:00<00:03, 18.13it/s]
 22%|██▏       | 17/79 [00:00<00:03, 18.29it/s]
 27%|██▋       | 21/79 [00:01<00:03, 18.97it/s]
 32%|███▏      | 25/79 [00:01<00:02, 19.32it/s]
 34%|███▍      | 27/79 [00:01<00:02, 19.42it/s]
 37%|███▋      | 29/79 [00:01<00:02, 19.36it/s]
 39%|███▉      | 31/79 [00:01<00:02, 19.30it/s]
 42%|████▏     | 33/79 [00:01<00:02, 19.21it/s]
 44%|████▍     | 35/79 [00:01<00:02, 19.22it/s]
 47%|████▋     | 37/79 [00:02<00:02, 19.21it/s]
 49%|████▉     | 39/79 [00:02<00:02, 19.11it/s]
 52%|█████▏    | 41/79 [00:02<00:01, 19.23it/s]
 54%|█████▍    | 43/79 [00:02<00:01, 19.08it/s]
 57%|█████▋    | 45/79 [00:02<00:01, 18.99it/s]
 59%|█████▉    | 47/79 [00:02<00:01, 19.07it/s]
 62%|██████▏   | 49/79 [00:02<00:01, 19.08it/s]
 65%|██████▍   | 51/79 [00:02<00:01, 19.03it/s]
 67%|██████▋   | 53/79 [00:02<00:01, 19.30it/s]
 70%|██████▉   | 55/79 [00:02<00:01, 19.45it/s]
 72%|███████▏  | 57/79 [00:03<00:01, 19.47it/s]
 77%|███████▋  | 61/79 [00:03<00:00, 22.92it/s]
 82%|████████▏ | 65/79 [00:03<00:00, 23.22it/s]
 86%|████████▌ | 68/79 [00:03<00:00, 23.93it/s]
 90%|████████▉ | 71/79 [00:03<00:00, 20.31it/s]
 95%|█████████▍| 75/79 [00:03<00:00, 24.00it/s]
100%|██████████| 79/79 [00:03<00:00, 20.36it/s]

CommRound: 21/30
Accuracy: 89.38% | Loss: 0.4375
[##########################################------------------] 70.0%
Elapsed: 17.0m | Avg/Round: 48.5s | Last: 43.9s | Next: 48.5s | Remaining: 7.3m
ETA: 06:59:33
Recent round times: R1: 46.1s -> R2: 54.6s -> R3: 43.4s -> R4: 54.3s -> R5: 43.9s

  0%|          | 0/79 [00:00<?, ?it/s]
  1%|▏         | 1/79 [00:00<00:08,  8.77it/s]
  6%|▋         | 5/79 [00:00<00:03, 22.09it/s]
 10%|█         | 8/79 [00:00<00:03, 20.01it/s]
 13%|█▎        | 10/79 [00:00<00:03, 19.54it/s]
 15%|█▌        | 12/79 [00:00<00:03, 19.18it/s]
 19%|█▉        | 15/79 [00:00<00:02, 21.50it/s]
 24%|██▍       | 19/79 [00:00<00:02, 26.10it/s]
 29%|██▉       | 23/79 [00:00<00:01, 28.66it/s]
 34%|███▍      | 27/79 [00:01<00:01, 30.29it/s]
 39%|███▉      | 31/79 [00:01<00:01, 31.76it/s]
 44%|████▍     | 35/79 [00:01<00:01, 32.99it/s]
 49%|████▉     | 39/79 [00:01<00:01, 28.00it/s]
 53%|█████▎    | 42/79 [00:01<00:01, 25.36it/s]
 57%|█████▋    | 45/79 [00:01<00:01, 23.09it/s]
 61%|██████    | 48/79 [00:01<00:01, 23.66it/s]
 66%|██████▌   | 52/79 [00:02<00:01, 26.67it/s]
 71%|███████   | 56/79 [00:02<00:00, 28.80it/s]
 76%|███████▌  | 60/79 [00:02<00:00, 30.57it/s]
 81%|████████  | 64/79 [00:02<00:00, 31.80it/s]
 86%|████████▌ | 68/79 [00:02<00:00, 32.34it/s]
 91%|█████████ | 72/79 [00:02<00:00, 32.82it/s]
 96%|█████████▌| 76/79 [00:02<00:00, 30.93it/s]
100%|██████████| 79/79 [00:02<00:00, 27.69it/s]

CommRound: 22/30
Accuracy: 89.39% | Loss: 0.4387
[############################################----------------] 73.3%
Elapsed: 17.6m | Avg/Round: 48.1s | Last: 39.3s | Next: 48.1s | Remaining: 6.4m
ETA: 06:59:21
Recent round times: R1: 54.6s -> R2: 43.4s -> R3: 54.3s -> R4: 43.9s -> R5: 39.3s

  0%|          | 0/79 [00:00<?, ?it/s]
  1%|▏         | 1/79 [00:00<00:10,  7.32it/s]
  6%|▋         | 5/79 [00:00<00:03, 23.21it/s]
 11%|█▏        | 9/79 [00:00<00:02, 28.38it/s]
 16%|█▋        | 13/79 [00:00<00:02, 30.82it/s]
 22%|██▏       | 17/79 [00:00<00:01, 32.36it/s]
 27%|██▋       | 21/79 [00:00<00:01, 33.06it/s]
 32%|███▏      | 25/79 [00:00<00:01, 33.66it/s]
 37%|███▋      | 29/79 [00:00<00:01, 34.15it/s]
 42%|████▏     | 33/79 [00:01<00:01, 26.70it/s]
 46%|████▌     | 36/79 [00:01<00:01, 25.78it/s]
 49%|████▉     | 39/79 [00:01<00:01, 21.92it/s]
 53%|█████▎    | 42/79 [00:01<00:01, 23.25it/s]
 57%|█████▋    | 45/79 [00:01<00:01, 19.73it/s]
 61%|██████    | 48/79 [00:01<00:01, 20.51it/s]
 65%|██████▍   | 51/79 [00:02<00:01, 18.41it/s]
 67%|██████▋   | 53/79 [00:02<00:01, 18.25it/s]
 70%|██████▉   | 55/79 [00:02<00:01, 18.23it/s]
 72%|███████▏  | 57/79 [00:02<00:01, 18.10it/s]
 75%|███████▍  | 59/79 [00:02<00:01, 18.02it/s]
 77%|███████▋  | 61/79 [00:02<00:00, 18.22it/s]
 80%|███████▉  | 63/79 [00:02<00:00, 18.03it/s]
 84%|████████▎ | 66/79 [00:02<00:00, 20.86it/s]
 87%|████████▋ | 69/79 [00:03<00:00, 18.73it/s]
 90%|████████▉ | 71/79 [00:03<00:00, 18.38it/s]
 92%|█████████▏| 73/79 [00:03<00:00, 18.24it/s]
 95%|█████████▍| 75/79 [00:03<00:00, 18.15it/s]
 97%|█████████▋| 77/79 [00:03<00:00, 18.22it/s]
100%|██████████| 79/79 [00:03<00:00, 22.10it/s]

CommRound: 23/30
Accuracy: 89.40% | Loss: 0.4398
[##############################################--------------] 76.7%
Elapsed: 18.3m | Avg/Round: 47.8s | Last: 42.5s | Next: 47.8s | Remaining: 5.6m
ETA: 06:59:13
Recent round times: R1: 43.4s -> R2: 54.3s -> R3: 43.9s -> R4: 39.3s -> R5: 42.5s

  0%|          | 0/79 [00:00<?, ?it/s]
  1%|▏         | 1/79 [00:00<00:13,  5.71it/s]
  6%|▋         | 5/79 [00:00<00:05, 14.35it/s]
  9%|▉         | 7/79 [00:00<00:04, 15.58it/s]
 11%|█▏        | 9/79 [00:00<00:04, 16.18it/s]
 14%|█▍        | 11/79 [00:00<00:04, 16.84it/s]
 16%|█▋        | 13/79 [00:00<00:03, 17.27it/s]
 19%|█▉        | 15/79 [00:00<00:03, 17.54it/s]
 22%|██▏       | 17/79 [00:01<00:03, 17.73it/s]
 24%|██▍       | 19/79 [00:01<00:03, 17.97it/s]
 27%|██▋       | 21/79 [00:01<00:03, 18.14it/s]
 29%|██▉       | 23/79 [00:01<00:03, 18.18it/s]
 32%|███▏      | 25/79 [00:01<00:02, 18.25it/s]
 34%|███▍      | 27/79 [00:01<00:02, 18.32it/s]
 37%|███▋      | 29/79 [00:01<00:02, 18.27it/s]
 39%|███▉      | 31/79 [00:01<00:02, 18.36it/s]
 42%|████▏     | 33/79 [00:01<00:02, 18.41it/s]
 44%|████▍     | 35/79 [00:02<00:02, 18.48it/s]
 47%|████▋     | 37/79 [00:02<00:02, 18.62it/s]
 49%|████▉     | 39/79 [00:02<00:02, 18.80it/s]
 52%|█████▏    | 41/79 [00:02<00:02, 18.73it/s]
 54%|█████▍    | 43/79 [00:02<00:01, 18.79it/s]
 57%|█████▋    | 45/79 [00:02<00:01, 18.61it/s]
 59%|█████▉    | 47/79 [00:02<00:01, 18.79it/s]
 62%|██████▏   | 49/79 [00:02<00:01, 18.74it/s]
 65%|██████▍   | 51/79 [00:02<00:01, 18.86it/s]
 67%|██████▋   | 53/79 [00:02<00:01, 18.83it/s]
 70%|██████▉   | 55/79 [00:03<00:01, 18.64it/s]
 72%|███████▏  | 57/79 [00:03<00:01, 18.73it/s]
 75%|███████▍  | 59/79 [00:03<00:01, 18.71it/s]
 77%|███████▋  | 61/79 [00:03<00:00, 18.47it/s]
 80%|███████▉  | 63/79 [00:03<00:00, 18.35it/s]
 82%|████████▏ | 65/79 [00:03<00:00, 18.25it/s]
 85%|████████▍ | 67/79 [00:03<00:00, 18.10it/s]
 87%|████████▋ | 69/79 [00:03<00:00, 18.04it/s]
 90%|████████▉ | 71/79 [00:03<00:00, 18.25it/s]
 95%|█████████▍| 75/79 [00:04<00:00, 20.01it/s]
100%|██████████| 79/79 [00:04<00:00, 18.62it/s]

CommRound: 24/30
Accuracy: 89.41% | Loss: 0.4409
[################################################------------] 80.0%
Elapsed: 19.1m | Avg/Round: 47.7s | Last: 45.4s | Next: 47.7s | Remaining: 4.8m
ETA: 06:59:10
Recent round times: R1: 54.3s -> R2: 43.9s -> R3: 39.3s -> R4: 42.5s -> R5: 45.4s

  0%|          | 0/79 [00:00<?, ?it/s]
  1%|▏         | 1/79 [00:00<00:10,  7.11it/s]
  6%|▋         | 5/79 [00:00<00:03, 20.38it/s]
 11%|█▏        | 9/79 [00:00<00:02, 23.47it/s]
 16%|█▋        | 13/79 [00:00<00:02, 24.82it/s]
 22%|██▏       | 17/79 [00:00<00:02, 25.53it/s]
 27%|██▋       | 21/79 [00:00<00:02, 25.47it/s]
 32%|███▏      | 25/79 [00:01<00:02, 25.30it/s]
 37%|███▋      | 29/79 [00:01<00:01, 25.12it/s]
 42%|████▏     | 33/79 [00:01<00:01, 24.94it/s]
 47%|████▋     | 37/79 [00:01<00:01, 25.02it/s]
 52%|█████▏    | 41/79 [00:01<00:01, 26.24it/s]
 57%|█████▋    | 45/79 [00:01<00:01, 27.67it/s]
 62%|██████▏   | 49/79 [00:01<00:01, 29.56it/s]
 67%|██████▋   | 53/79 [00:02<00:00, 30.66it/s]
 72%|███████▏  | 57/79 [00:02<00:00, 31.22it/s]
 77%|███████▋  | 61/79 [00:02<00:00, 31.01it/s]
 82%|████████▏ | 65/79 [00:02<00:00, 30.90it/s]
 87%|████████▋ | 69/79 [00:02<00:00, 30.85it/s]
 92%|█████████▏| 73/79 [00:02<00:00, 30.81it/s]
 97%|█████████▋| 77/79 [00:02<00:00, 30.70it/s]
100%|██████████| 79/79 [00:02<00:00, 28.00it/s]

CommRound: 25/30
Accuracy: 89.40% | Loss: 0.4417
[##################################################----------] 83.3%
Elapsed: 19.9m | Avg/Round: 47.6s | Last: 45.4s | Next: 47.6s | Remaining: 4.0m
ETA: 06:59:08
Recent round times: R1: 43.9s -> R2: 39.3s -> R3: 42.5s -> R4: 45.4s -> R5: 45.4s

  0%|          | 0/79 [00:00<?, ?it/s]
  4%|▍         | 3/79 [00:00<00:03, 23.35it/s]
 10%|█         | 8/79 [00:00<00:02, 31.65it/s]
 15%|█▌        | 12/79 [00:00<00:02, 33.28it/s]
 20%|██        | 16/79 [00:00<00:02, 29.87it/s]
 25%|██▌       | 20/79 [00:00<00:02, 29.46it/s]
 30%|███       | 24/79 [00:00<00:01, 30.78it/s]
 35%|███▌      | 28/79 [00:00<00:01, 31.78it/s]
 41%|████      | 32/79 [00:01<00:01, 32.70it/s]
 46%|████▌     | 36/79 [00:01<00:01, 33.72it/s]
 51%|█████     | 40/79 [00:01<00:01, 34.00it/s]
 56%|█████▌    | 44/79 [00:01<00:01, 34.12it/s]
 61%|██████    | 48/79 [00:01<00:00, 31.03it/s]
 66%|██████▌   | 52/79 [00:01<00:00, 28.05it/s]
 73%|███████▎  | 58/79 [00:01<00:00, 29.93it/s]
 78%|███████▊  | 62/79 [00:01<00:00, 31.67it/s]
 84%|████████▎ | 66/79 [00:02<00:00, 30.29it/s]
 89%|████████▊ | 70/79 [00:02<00:00, 30.03it/s]
 94%|█████████▎| 74/79 [00:02<00:00, 29.23it/s]
 99%|█████████▊| 78/79 [00:02<00:00, 29.08it/s]
100%|██████████| 79/79 [00:02<00:00, 30.73it/s]

CommRound: 26/30
Accuracy: 89.43% | Loss: 0.4427
[####################################################--------] 86.7%
Elapsed: 20.7m | Avg/Round: 47.8s | Last: 50.5s | Next: 47.8s | Remaining: 3.2m
ETA: 06:59:11
Recent round times: R1: 39.3s -> R2: 42.5s -> R3: 45.4s -> R4: 45.4s -> R5: 50.5s

  0%|          | 0/79 [00:00<?, ?it/s]
  1%|▏         | 1/79 [00:00<00:10,  7.33it/s]
  6%|▋         | 5/79 [00:00<00:03, 21.00it/s]
 10%|█         | 8/79 [00:00<00:03, 21.80it/s]
 14%|█▍        | 11/79 [00:00<00:03, 20.03it/s]
 19%|█▉        | 15/79 [00:00<00:02, 23.99it/s]
 23%|██▎       | 18/79 [00:00<00:02, 24.26it/s]
 27%|██▋       | 21/79 [00:00<00:02, 20.81it/s]
 30%|███       | 24/79 [00:01<00:02, 21.19it/s]
 34%|███▍      | 27/79 [00:01<00:02, 20.44it/s]
 38%|███▊      | 30/79 [00:01<00:02, 21.78it/s]
 42%|████▏     | 33/79 [00:01<00:02, 21.14it/s]
 46%|████▌     | 36/79 [00:01<00:01, 22.64it/s]
 49%|████▉     | 39/79 [00:01<00:01, 21.63it/s]
 53%|█████▎    | 42/79 [00:01<00:01, 22.75it/s]
 57%|█████▋    | 45/79 [00:02<00:01, 21.23it/s]
 61%|██████    | 48/79 [00:02<00:01, 22.59it/s]
 65%|██████▍   | 51/79 [00:02<00:01, 21.62it/s]
 68%|██████▊   | 54/79 [00:02<00:01, 22.04it/s]
 72%|███████▏  | 57/79 [00:02<00:00, 22.47it/s]
 76%|███████▌  | 60/79 [00:02<00:00, 20.53it/s]
 80%|███████▉  | 63/79 [00:02<00:00, 22.45it/s]
 84%|████████▎ | 66/79 [00:03<00:00, 20.16it/s]
 89%|████████▊ | 70/79 [00:03<00:00, 21.20it/s]
 94%|█████████▎| 74/79 [00:03<00:00, 21.15it/s]
 97%|█████████▋| 77/79 [00:03<00:00, 22.60it/s]
100%|██████████| 79/79 [00:03<00:00, 21.61it/s]

CommRound: 27/30
Accuracy: 89.45% | Loss: 0.4436
[######################################################------] 90.0%
Elapsed: 21.5m | Avg/Round: 47.7s | Last: 47.3s | Next: 47.7s | Remaining: 2.4m
ETA: 06:59:10
Recent round times: R1: 42.5s -> R2: 45.4s -> R3: 45.4s -> R4: 50.5s -> R5: 47.3s

  0%|          | 0/79 [00:00<?, ?it/s]
  1%|▏         | 1/79 [00:00<00:14,  5.22it/s]
  4%|▍         | 3/79 [00:00<00:06, 11.53it/s]
  6%|▋         | 5/79 [00:00<00:05, 13.76it/s]
 11%|█▏        | 9/79 [00:00<00:03, 17.93it/s]
 14%|█▍        | 11/79 [00:00<00:03, 17.69it/s]
 19%|█▉        | 15/79 [00:00<00:02, 22.31it/s]
 24%|██▍       | 19/79 [00:00<00:02, 25.02it/s]
 28%|██▊       | 22/79 [00:01<00:02, 25.13it/s]
 32%|███▏      | 25/79 [00:01<00:02, 20.61it/s]
 35%|███▌      | 28/79 [00:01<00:02, 21.19it/s]
 39%|███▉      | 31/79 [00:01<00:02, 17.00it/s]
 42%|████▏     | 33/79 [00:01<00:02, 16.45it/s]
 44%|████▍     | 35/79 [00:01<00:02, 15.25it/s]
 47%|████▋     | 37/79 [00:02<00:02, 15.88it/s]
 52%|█████▏    | 41/79 [00:02<00:01, 20.04it/s]
 57%|█████▋    | 45/79 [00:02<00:01, 23.46it/s]
 62%|██████▏   | 49/79 [00:02<00:01, 25.96it/s]
 67%|██████▋   | 53/79 [00:02<00:00, 27.57it/s]
 72%|███████▏  | 57/79 [00:02<00:00, 29.01it/s]
 77%|███████▋  | 61/79 [00:02<00:00, 29.82it/s]
 82%|████████▏ | 65/79 [00:02<00:00, 30.54it/s]
 87%|████████▋ | 69/79 [00:03<00:00, 31.22it/s]
 92%|█████████▏| 73/79 [00:03<00:00, 31.16it/s]
 97%|█████████▋| 77/79 [00:03<00:00, 30.99it/s]
100%|██████████| 79/79 [00:03<00:00, 23.43it/s]

CommRound: 28/30
Accuracy: 89.47% | Loss: 0.4444
[########################################################----] 93.3%
Elapsed: 22.2m | Avg/Round: 47.7s | Last: 45.5s | Next: 47.7s | Remaining: 1.6m
ETA: 06:59:08
Recent round times: R1: 45.4s -> R2: 45.4s -> R3: 50.5s -> R4: 47.3s -> R5: 45.5s

  0%|          | 0/79 [00:00<?, ?it/s]
  1%|▏         | 1/79 [00:00<00:11,  6.68it/s]
  4%|▍         | 3/79 [00:00<00:06, 11.44it/s]
  6%|▋         | 5/79 [00:00<00:06, 12.27it/s]
  9%|▉         | 7/79 [00:00<00:05, 13.13it/s]
 11%|█▏        | 9/79 [00:00<00:05, 13.41it/s]
 14%|█▍        | 11/79 [00:00<00:04, 13.60it/s]
 16%|█▋        | 13/79 [00:01<00:08,  7.60it/s]
 19%|█▉        | 15/79 [00:01<00:07,  8.92it/s]
 22%|██▏       | 17/79 [00:01<00:06, 10.07it/s]
 24%|██▍       | 19/79 [00:01<00:05, 10.87it/s]
 27%|██▋       | 21/79 [00:01<00:05, 11.49it/s]
 29%|██▉       | 23/79 [00:02<00:04, 11.88it/s]
 32%|███▏      | 25/79 [00:02<00:04, 12.30it/s]
 34%|███▍      | 27/79 [00:02<00:03, 13.63it/s]
 39%|███▉      | 31/79 [00:02<00:02, 18.05it/s]
 44%|████▍     | 35/79 [00:02<00:02, 21.87it/s]
 49%|████▉     | 39/79 [00:02<00:01, 23.40it/s]
 53%|█████▎    | 42/79 [00:02<00:01, 20.80it/s]
 57%|█████▋    | 45/79 [00:03<00:01, 17.91it/s]
 59%|█████▉    | 47/79 [00:03<00:01, 17.13it/s]
 62%|██████▏   | 49/79 [00:03<00:01, 16.50it/s]
 65%|██████▍   | 51/79 [00:03<00:01, 15.96it/s]
 67%|██████▋   | 53/79 [00:03<00:01, 15.61it/s]
 70%|██████▉   | 55/79 [00:03<00:01, 15.32it/s]
 72%|███████▏  | 57/79 [00:03<00:01, 15.49it/s]
 75%|███████▍  | 59/79 [00:04<00:01, 15.42it/s]
 77%|███████▋  | 61/79 [00:04<00:01, 16.22it/s]
 80%|███████▉  | 63/79 [00:04<00:01, 15.73it/s]
 82%|████████▏ | 65/79 [00:04<00:00, 15.22it/s]
 85%|████████▍ | 67/79 [00:04<00:00, 15.02it/s]
 87%|████████▋ | 69/79 [00:04<00:00, 14.80it/s]
 90%|████████▉ | 71/79 [00:04<00:00, 14.57it/s]
 92%|█████████▏| 73/79 [00:05<00:00, 14.49it/s]
 95%|█████████▍| 75/79 [00:05<00:00, 14.01it/s]
 97%|█████████▋| 77/79 [00:05<00:00, 15.03it/s]
100%|██████████| 79/79 [00:05<00:00, 14.62it/s]

CommRound: 29/30
Accuracy: 89.46% | Loss: 0.4452
[##########################################################--] 96.7%
Elapsed: 23.1m | Avg/Round: 47.7s | Last: 50.3s | Next: 47.7s | Remaining: 0.8m
ETA: 06:59:11
Recent round times: R1: 45.4s -> R2: 50.5s -> R3: 47.3s -> R4: 45.5s -> R5: 50.3s

  0%|          | 0/79 [00:00<?, ?it/s]
  1%|▏         | 1/79 [00:00<00:12,  6.40it/s]
  5%|▌         | 4/79 [00:00<00:04, 15.43it/s]
  8%|▊         | 6/79 [00:00<00:04, 15.58it/s]
 10%|█         | 8/79 [00:00<00:04, 14.59it/s]
 13%|█▎        | 10/79 [00:00<00:06, 10.25it/s]
 15%|█▌        | 12/79 [00:00<00:05, 11.97it/s]
 18%|█▊        | 14/79 [00:01<00:04, 13.08it/s]
 20%|██        | 16/79 [00:01<00:04, 13.73it/s]
 23%|██▎       | 18/79 [00:01<00:04, 14.61it/s]
 25%|██▌       | 20/79 [00:01<00:03, 15.42it/s]
 28%|██▊       | 22/79 [00:01<00:03, 15.56it/s]
 30%|███       | 24/79 [00:01<00:03, 13.81it/s]
 34%|███▍      | 27/79 [00:01<00:03, 15.56it/s]
 37%|███▋      | 29/79 [00:02<00:03, 16.34it/s]
 42%|████▏     | 33/79 [00:02<00:02, 18.67it/s]
 44%|████▍     | 35/79 [00:02<00:02, 17.92it/s]
 47%|████▋     | 37/79 [00:02<00:02, 17.37it/s]
 49%|████▉     | 39/79 [00:02<00:02, 16.72it/s]
 52%|█████▏    | 41/79 [00:02<00:02, 16.16it/s]
 54%|█████▍    | 43/79 [00:02<00:02, 15.82it/s]
 57%|█████▋    | 45/79 [00:02<00:02, 15.94it/s]
 59%|█████▉    | 47/79 [00:03<00:02, 15.69it/s]
 62%|██████▏   | 49/79 [00:03<00:02, 13.21it/s]
 66%|██████▌   | 52/79 [00:03<00:01, 16.06it/s]
 68%|██████▊   | 54/79 [00:03<00:01, 16.57it/s]
 71%|███████   | 56/79 [00:03<00:01, 16.60it/s]
 73%|███████▎  | 58/79 [00:03<00:01, 16.30it/s]
 76%|███████▌  | 60/79 [00:03<00:01, 15.77it/s]
 78%|███████▊  | 62/79 [00:04<00:01, 15.96it/s]
 81%|████████  | 64/79 [00:04<00:00, 15.54it/s]
 84%|████████▎ | 66/79 [00:04<00:00, 15.56it/s]
 86%|████████▌ | 68/79 [00:04<00:00, 15.56it/s]
 89%|████████▊ | 70/79 [00:04<00:00, 15.39it/s]
 91%|█████████ | 72/79 [00:04<00:00, 15.86it/s]
 94%|█████████▎| 74/79 [00:04<00:00, 15.70it/s]
 96%|█████████▌| 76/79 [00:04<00:00, 15.49it/s]
 99%|█████████▊| 78/79 [00:05<00:00, 16.00it/s]
100%|██████████| 79/79 [00:05<00:00, 15.46it/s]

CommRound: 30/30
Accuracy: 89.48% | Loss: 0.4460
[############################################################] 100.0%
Elapsed: 23.9m | Avg/Round: 47.9s | Last: 52.2s | Next: 47.9s | Remaining: 0.0m
ETA: 06:59:15
Recent round times: R1: 50.5s -> R2: 47.3s -> R3: 45.5s -> R4: 50.3s -> R5: 52.2s
Total time for experiment: 1436.7442724704742 seconds
Device average training time per communication round [s]:
    rpi (sld-rpi-09.ece.utexas.edu): 4.75 seconds
    mc1 (sld-mc1-09.ece.utexas.edu): 43.94 seconds
