
  0%|          | 0/79 [00:00<?, ?it/s]
  1%|▏         | 1/79 [00:00<00:13,  5.80it/s]
  6%|▋         | 5/79 [00:00<00:03, 19.11it/s]
 10%|█         | 8/79 [00:00<00:04, 17.18it/s]
 13%|█▎        | 10/79 [00:00<00:04, 16.02it/s]
 15%|█▌        | 12/79 [00:00<00:03, 16.82it/s]
 18%|█▊        | 14/79 [00:00<00:04, 16.06it/s]
 20%|██        | 16/79 [00:00<00:03, 16.99it/s]
 23%|██▎       | 18/79 [00:01<00:03, 16.53it/s]
 27%|██▋       | 21/79 [00:01<00:03, 17.93it/s]
 32%|███▏      | 25/79 [00:01<00:02, 22.43it/s]
 37%|███▋      | 29/79 [00:01<00:02, 24.05it/s]
 42%|████▏     | 33/79 [00:01<00:02, 22.23it/s]
 46%|████▌     | 36/79 [00:01<00:01, 23.45it/s]
 49%|████▉     | 39/79 [00:02<00:02, 18.08it/s]
 53%|█████▎    | 42/79 [00:02<00:01, 19.22it/s]
 57%|█████▋    | 45/79 [00:02<00:02, 16.25it/s]
 59%|█████▉    | 47/79 [00:02<00:01, 16.16it/s]
 62%|██████▏   | 49/79 [00:02<00:01, 16.14it/s]
 65%|██████▍   | 51/79 [00:02<00:01, 16.19it/s]
 67%|██████▋   | 53/79 [00:02<00:01, 16.20it/s]
 70%|██████▉   | 55/79 [00:03<00:01, 16.51it/s]
 75%|███████▍  | 59/79 [00:03<00:00, 21.58it/s]
 80%|███████▉  | 63/79 [00:03<00:00, 25.85it/s]
 85%|████████▍ | 67/79 [00:03<00:00, 28.84it/s]
 90%|████████▉ | 71/79 [00:03<00:00, 31.31it/s]
 95%|█████████▍| 75/79 [00:03<00:00, 33.09it/s]
100%|██████████| 79/79 [00:03<00:00, 21.25it/s]
Initial Accuracy: 10.32%; Initial Loss: 2.3189

  0%|          | 0/79 [00:00<?, ?it/s]
  1%|▏         | 1/79 [00:00<00:10,  7.52it/s]
  8%|▊         | 6/79 [00:00<00:02, 25.28it/s]
 13%|█▎        | 10/79 [00:00<00:02, 28.95it/s]
 18%|█▊        | 14/79 [00:00<00:02, 30.33it/s]
 23%|██▎       | 18/79 [00:00<00:02, 29.56it/s]
 27%|██▋       | 21/79 [00:00<00:02, 25.09it/s]
 30%|███       | 24/79 [00:00<00:02, 23.02it/s]
 35%|███▌      | 28/79 [00:01<00:01, 25.56it/s]
 41%|████      | 32/79 [00:01<00:01, 27.21it/s]
 46%|████▌     | 36/79 [00:01<00:01, 28.90it/s]
 51%|█████     | 40/79 [00:01<00:01, 30.27it/s]
 56%|█████▌    | 44/79 [00:01<00:01, 30.80it/s]
 61%|██████    | 48/79 [00:01<00:00, 31.61it/s]
 66%|██████▌   | 52/79 [00:01<00:01, 25.95it/s]
 70%|██████▉   | 55/79 [00:02<00:00, 25.12it/s]
 73%|███████▎  | 58/79 [00:02<00:00, 24.96it/s]
 78%|███████▊  | 62/79 [00:02<00:00, 26.65it/s]
 84%|████████▎ | 66/79 [00:02<00:00, 27.39it/s]
 87%|████████▋ | 69/79 [00:02<00:00, 26.83it/s]
 91%|█████████ | 72/79 [00:02<00:00, 24.45it/s]
 96%|█████████▌| 76/79 [00:02<00:00, 26.48it/s]
100%|██████████| 79/79 [00:02<00:00, 26.96it/s]

CommRound: 1/30
Accuracy: 10.28% | Loss: 2.8952
[##----------------------------------------------------------] 3.3%
Elapsed: 0.2m | Avg/Round: 13.3s | Last: 9.6s | Next: 13.3s | Remaining: 6.4m
ETA: 11:13:34
Recent round times: R1: 9.6s

  0%|          | 0/79 [00:00<?, ?it/s]
  1%|▏         | 1/79 [00:00<00:09,  8.31it/s]
  6%|▋         | 5/79 [00:00<00:03, 24.51it/s]
 11%|█▏        | 9/79 [00:00<00:02, 28.29it/s]
 16%|█▋        | 13/79 [00:00<00:02, 29.42it/s]
 22%|██▏       | 17/79 [00:00<00:02, 29.14it/s]
 27%|██▋       | 21/79 [00:00<00:01, 30.90it/s]
 32%|███▏      | 25/79 [00:00<00:01, 31.61it/s]
 37%|███▋      | 29/79 [00:00<00:01, 32.43it/s]
 42%|████▏     | 33/79 [00:01<00:01, 32.39it/s]
 47%|████▋     | 37/79 [00:01<00:01, 32.91it/s]
 52%|█████▏    | 41/79 [00:01<00:01, 33.23it/s]
 57%|█████▋    | 45/79 [00:01<00:01, 33.29it/s]
 62%|██████▏   | 49/79 [00:01<00:00, 31.87it/s]
 67%|██████▋   | 53/79 [00:01<00:00, 31.87it/s]
 72%|███████▏  | 57/79 [00:01<00:00, 32.28it/s]
 77%|███████▋  | 61/79 [00:01<00:00, 32.66it/s]
 82%|████████▏ | 65/79 [00:02<00:00, 31.38it/s]
 87%|████████▋ | 69/79 [00:02<00:00, 31.67it/s]
 92%|█████████▏| 73/79 [00:02<00:00, 31.49it/s]
 97%|█████████▋| 77/79 [00:02<00:00, 31.01it/s]
100%|██████████| 79/79 [00:02<00:00, 31.33it/s]

CommRound: 2/30
Accuracy: 10.28% | Loss: 2.9158
[####--------------------------------------------------------] 6.7%
Elapsed: 0.4m | Avg/Round: 11.4s | Last: 9.5s | Next: 11.4s | Remaining: 5.3m
ETA: 11:12:37
Recent round times: R1: 9.6s -> R2: 9.5s

  0%|          | 0/79 [00:00<?, ?it/s]
  1%|▏         | 1/79 [00:00<00:10,  7.53it/s]
  6%|▋         | 5/79 [00:00<00:03, 24.05it/s]
 11%|█▏        | 9/79 [00:00<00:02, 28.61it/s]
 16%|█▋        | 13/79 [00:00<00:02, 30.95it/s]
 22%|██▏       | 17/79 [00:00<00:02, 30.75it/s]
 27%|██▋       | 21/79 [00:00<00:01, 31.90it/s]
 32%|███▏      | 25/79 [00:00<00:01, 30.96it/s]
 37%|███▋      | 29/79 [00:00<00:01, 31.31it/s]
 42%|████▏     | 33/79 [00:01<00:01, 31.36it/s]
 47%|████▋     | 37/79 [00:01<00:01, 30.86it/s]
 52%|█████▏    | 41/79 [00:01<00:01, 30.94it/s]
 57%|█████▋    | 45/79 [00:01<00:01, 30.54it/s]
 62%|██████▏   | 49/79 [00:01<00:01, 29.33it/s]
 67%|██████▋   | 53/79 [00:01<00:00, 30.45it/s]
 72%|███████▏  | 57/79 [00:01<00:00, 31.36it/s]
 77%|███████▋  | 61/79 [00:02<00:00, 31.24it/s]
 82%|████████▏ | 65/79 [00:02<00:00, 31.28it/s]
 87%|████████▋ | 69/79 [00:02<00:00, 32.56it/s]
 94%|█████████▎| 74/79 [00:02<00:00, 33.51it/s]
 99%|█████████▊| 78/79 [00:02<00:00, 34.86it/s]
100%|██████████| 79/79 [00:02<00:00, 31.20it/s]

CommRound: 3/30
Accuracy: 11.01% | Loss: 2.9419
[######------------------------------------------------------] 10.0%
Elapsed: 0.5m | Avg/Round: 10.7s | Last: 9.3s | Next: 10.7s | Remaining: 4.8m
ETA: 11:12:16
Recent round times: R1: 9.6s -> R2: 9.5s -> R3: 9.3s

  0%|          | 0/79 [00:00<?, ?it/s]
  1%|▏         | 1/79 [00:00<00:14,  5.37it/s]
  6%|▋         | 5/79 [00:00<00:04, 17.44it/s]
 11%|█▏        | 9/79 [00:00<00:03, 23.29it/s]
 16%|█▋        | 13/79 [00:00<00:02, 26.64it/s]
 22%|██▏       | 17/79 [00:00<00:02, 28.75it/s]
 25%|██▌       | 20/79 [00:00<00:02, 28.98it/s]
 30%|███       | 24/79 [00:00<00:01, 30.87it/s]
 35%|███▌      | 28/79 [00:01<00:01, 32.29it/s]
 41%|████      | 32/79 [00:01<00:01, 30.68it/s]
 46%|████▌     | 36/79 [00:01<00:01, 30.39it/s]
 51%|█████     | 40/79 [00:01<00:01, 29.97it/s]
 56%|█████▌    | 44/79 [00:01<00:01, 25.81it/s]
 59%|█████▉    | 47/79 [00:01<00:01, 26.20it/s]
 65%|██████▍   | 51/79 [00:01<00:00, 29.34it/s]
 70%|██████▉   | 55/79 [00:01<00:00, 28.83it/s]
 73%|███████▎  | 58/79 [00:02<00:00, 25.03it/s]
 77%|███████▋  | 61/79 [00:02<00:00, 24.68it/s]
 82%|████████▏ | 65/79 [00:02<00:00, 26.87it/s]
 87%|████████▋ | 69/79 [00:02<00:00, 22.51it/s]
 92%|█████████▏| 73/79 [00:02<00:00, 25.99it/s]
 97%|█████████▋| 77/79 [00:02<00:00, 23.33it/s]
100%|██████████| 79/79 [00:03<00:00, 26.09it/s]

CommRound: 4/30
Accuracy: 12.14% | Loss: 2.9537
[########----------------------------------------------------] 13.3%
Elapsed: 0.7m | Avg/Round: 10.6s | Last: 10.1s | Next: 10.6s | Remaining: 4.6m
ETA: 11:12:11
Recent round times: R1: 9.6s -> R2: 9.5s -> R3: 9.3s -> R4: 10.1s

  0%|          | 0/79 [00:00<?, ?it/s]
  1%|▏         | 1/79 [00:00<00:19,  3.94it/s]
  6%|▋         | 5/79 [00:00<00:06, 12.00it/s]
 11%|█▏        | 9/79 [00:00<00:04, 16.88it/s]
 16%|█▋        | 13/79 [00:00<00:02, 22.56it/s]
 20%|██        | 16/79 [00:00<00:03, 20.22it/s]
 24%|██▍       | 19/79 [00:01<00:02, 21.44it/s]
 28%|██▊       | 22/79 [00:01<00:04, 12.72it/s]
 33%|███▎      | 26/79 [00:01<00:03, 14.62it/s]
 35%|███▌      | 28/79 [00:01<00:03, 14.83it/s]
 41%|████      | 32/79 [00:01<00:02, 18.85it/s]
 46%|████▌     | 36/79 [00:02<00:01, 22.19it/s]
 49%|████▉     | 39/79 [00:02<00:02, 18.30it/s]
 53%|█████▎    | 42/79 [00:02<00:02, 17.10it/s]
 56%|█████▌    | 44/79 [00:02<00:02, 16.98it/s]
 58%|█████▊    | 46/79 [00:02<00:02, 15.39it/s]
 61%|██████    | 48/79 [00:03<00:02, 11.58it/s]
 68%|██████▊   | 54/79 [00:03<00:01, 17.69it/s]
 72%|███████▏  | 57/79 [00:03<00:01, 16.02it/s]
 78%|███████▊  | 62/79 [00:03<00:00, 20.11it/s]
 84%|████████▎ | 66/79 [00:03<00:00, 19.19it/s]
 89%|████████▊ | 70/79 [00:03<00:00, 21.83it/s]
 95%|█████████▍| 75/79 [00:04<00:00, 21.58it/s]
100%|██████████| 79/79 [00:04<00:00, 24.55it/s]
100%|██████████| 79/79 [00:04<00:00, 17.97it/s]

CommRound: 5/30
Accuracy: 12.76% | Loss: 2.9654
[##########--------------------------------------------------] 16.7%
Elapsed: 0.9m | Avg/Round: 10.7s | Last: 11.2s | Next: 10.7s | Remaining: 4.5m
ETA: 11:12:15
Recent round times: R1: 9.6s -> R2: 9.5s -> R3: 9.3s -> R4: 10.1s -> R5: 11.2s

  0%|          | 0/79 [00:00<?, ?it/s]
  1%|▏         | 1/79 [00:00<00:13,  5.83it/s]
  5%|▌         | 4/79 [00:00<00:04, 16.52it/s]
  8%|▊         | 6/79 [00:00<00:04, 17.04it/s]
 11%|█▏        | 9/79 [00:00<00:03, 21.44it/s]
 15%|█▌        | 12/79 [00:00<00:05, 12.94it/s]
 18%|█▊        | 14/79 [00:00<00:04, 13.36it/s]
 22%|██▏       | 17/79 [00:01<00:03, 16.04it/s]
 25%|██▌       | 20/79 [00:01<00:03, 18.51it/s]
 29%|██▉       | 23/79 [00:01<00:03, 17.87it/s]
 32%|███▏      | 25/79 [00:01<00:03, 17.86it/s]
 37%|███▋      | 29/79 [00:01<00:02, 19.40it/s]
 42%|████▏     | 33/79 [00:01<00:01, 23.06it/s]
 47%|████▋     | 37/79 [00:01<00:01, 23.27it/s]
 51%|█████     | 40/79 [00:02<00:01, 23.79it/s]
 54%|█████▍    | 43/79 [00:02<00:01, 21.42it/s]
 59%|█████▉    | 47/79 [00:02<00:01, 22.98it/s]
 65%|██████▍   | 51/79 [00:02<00:01, 25.06it/s]
 70%|██████▉   | 55/79 [00:02<00:00, 26.46it/s]
 75%|███████▍  | 59/79 [00:02<00:00, 27.60it/s]
 80%|███████▉  | 63/79 [00:02<00:00, 28.23it/s]
 85%|████████▍ | 67/79 [00:03<00:00, 28.63it/s]
 90%|████████▉ | 71/79 [00:03<00:00, 27.11it/s]
 95%|█████████▍| 75/79 [00:03<00:00, 29.92it/s]
100%|██████████| 79/79 [00:03<00:00, 22.61it/s]

CommRound: 6/30
Accuracy: 13.49% | Loss: 2.9729
[############------------------------------------------------] 20.0%
Elapsed: 1.1m | Avg/Round: 10.6s | Last: 10.3s | Next: 10.6s | Remaining: 4.3m
ETA: 11:12:13
Recent round times: R1: 9.5s -> R2: 9.3s -> R3: 10.1s -> R4: 11.2s -> R5: 10.3s

  0%|          | 0/79 [00:00<?, ?it/s]
  1%|▏         | 1/79 [00:00<00:21,  3.65it/s]
  4%|▍         | 3/79 [00:00<00:08,  8.97it/s]
  9%|▉         | 7/79 [00:00<00:04, 16.44it/s]
 11%|█▏        | 9/79 [00:00<00:04, 15.67it/s]
 15%|█▌        | 12/79 [00:00<00:03, 18.21it/s]
 19%|█▉        | 15/79 [00:00<00:03, 19.67it/s]
 23%|██▎       | 18/79 [00:01<00:03, 18.87it/s]
 25%|██▌       | 20/79 [00:01<00:03, 16.50it/s]
 30%|███       | 24/79 [00:01<00:03, 17.60it/s]
 33%|███▎      | 26/79 [00:01<00:02, 17.71it/s]
 37%|███▋      | 29/79 [00:01<00:02, 17.34it/s]
 39%|███▉      | 31/79 [00:01<00:03, 16.00it/s]
 44%|████▍     | 35/79 [00:02<00:02, 20.67it/s]
 48%|████▊     | 38/79 [00:02<00:02, 17.57it/s]
 51%|█████     | 40/79 [00:02<00:02, 16.17it/s]
 57%|█████▋    | 45/79 [00:02<00:01, 23.08it/s]
 61%|██████    | 48/79 [00:02<00:01, 21.46it/s]
 66%|██████▌   | 52/79 [00:02<00:01, 22.08it/s]
 71%|███████   | 56/79 [00:03<00:01, 22.38it/s]
 76%|███████▌  | 60/79 [00:03<00:00, 22.17it/s]
 81%|████████  | 64/79 [00:03<00:00, 22.47it/s]
 85%|████████▍ | 67/79 [00:03<00:00, 23.61it/s]
 89%|████████▊ | 70/79 [00:03<00:00, 21.88it/s]
 94%|█████████▎| 74/79 [00:03<00:00, 21.94it/s]
 99%|█████████▊| 78/79 [00:03<00:00, 24.59it/s]
100%|██████████| 79/79 [00:03<00:00, 19.75it/s]

CommRound: 7/30
Accuracy: 13.71% | Loss: 2.9695
[##############----------------------------------------------] 23.3%
Elapsed: 1.2m | Avg/Round: 10.7s | Last: 10.9s | Next: 10.7s | Remaining: 4.1m
ETA: 11:12:14
Recent round times: R1: 9.3s -> R2: 10.1s -> R3: 11.2s -> R4: 10.3s -> R5: 10.9s

  0%|          | 0/79 [00:00<?, ?it/s]
  1%|▏         | 1/79 [00:00<00:15,  5.01it/s]
  6%|▋         | 5/79 [00:00<00:04, 18.46it/s]
 11%|█▏        | 9/79 [00:00<00:03, 22.11it/s]
 16%|█▋        | 13/79 [00:00<00:02, 23.87it/s]
 22%|██▏       | 17/79 [00:00<00:02, 23.41it/s]
 27%|██▋       | 21/79 [00:00<00:02, 24.96it/s]
 32%|███▏      | 25/79 [00:01<00:02, 25.43it/s]
 35%|███▌      | 28/79 [00:01<00:01, 25.97it/s]
 39%|███▉      | 31/79 [00:01<00:02, 22.47it/s]
 44%|████▍     | 35/79 [00:01<00:01, 22.12it/s]
 48%|████▊     | 38/79 [00:01<00:01, 23.31it/s]
 52%|█████▏    | 41/79 [00:01<00:01, 20.40it/s]
 56%|█████▌    | 44/79 [00:01<00:01, 22.07it/s]
 59%|█████▉    | 47/79 [00:02<00:01, 19.88it/s]
 63%|██████▎   | 50/79 [00:02<00:01, 21.72it/s]
 67%|██████▋   | 53/79 [00:02<00:01, 19.28it/s]
 71%|███████   | 56/79 [00:02<00:01, 21.36it/s]
 75%|███████▍  | 59/79 [00:02<00:01, 16.74it/s]
 81%|████████  | 64/79 [00:02<00:00, 21.53it/s]
 85%|████████▍ | 67/79 [00:03<00:00, 20.04it/s]
 91%|█████████ | 72/79 [00:03<00:00, 25.89it/s]
 96%|█████████▌| 76/79 [00:03<00:00, 26.61it/s]
100%|██████████| 79/79 [00:03<00:00, 22.35it/s]

CommRound: 8/30
Accuracy: 14.20% | Loss: 2.9731
[################--------------------------------------------] 26.7%
Elapsed: 1.4m | Avg/Round: 10.6s | Last: 10.4s | Next: 10.6s | Remaining: 3.9m
ETA: 11:12:13
Recent round times: R1: 10.1s -> R2: 11.2s -> R3: 10.3s -> R4: 10.9s -> R5: 10.4s

  0%|          | 0/79 [00:00<?, ?it/s]
  1%|▏         | 1/79 [00:00<00:14,  5.50it/s]
  6%|▋         | 5/79 [00:00<00:04, 16.89it/s]
 10%|█         | 8/79 [00:00<00:03, 20.15it/s]
 14%|█▍        | 11/79 [00:00<00:02, 22.91it/s]
 18%|█▊        | 14/79 [00:00<00:03, 16.84it/s]
 24%|██▍       | 19/79 [00:00<00:02, 22.04it/s]
 28%|██▊       | 22/79 [00:01<00:02, 23.34it/s]
 32%|███▏      | 25/79 [00:01<00:02, 19.45it/s]
 35%|███▌      | 28/79 [00:01<00:02, 21.39it/s]
 39%|███▉      | 31/79 [00:01<00:02, 20.26it/s]
 43%|████▎     | 34/79 [00:01<00:02, 22.15it/s]
 47%|████▋     | 37/79 [00:01<00:02, 19.71it/s]
 52%|█████▏    | 41/79 [00:02<00:01, 21.52it/s]
 57%|█████▋    | 45/79 [00:02<00:01, 21.88it/s]
 62%|██████▏   | 49/79 [00:02<00:01, 21.95it/s]
 67%|██████▋   | 53/79 [00:02<00:01, 22.66it/s]
 71%|███████   | 56/79 [00:02<00:01, 22.54it/s]
 75%|███████▍  | 59/79 [00:02<00:00, 23.89it/s]
 78%|███████▊  | 62/79 [00:02<00:00, 24.03it/s]
 82%|████████▏ | 65/79 [00:03<00:00, 24.04it/s]
 87%|████████▋ | 69/79 [00:03<00:00, 24.26it/s]
 91%|█████████ | 72/79 [00:03<00:00, 23.59it/s]
 95%|█████████▍| 75/79 [00:03<00:00, 22.49it/s]
100%|██████████| 79/79 [00:03<00:00, 26.27it/s]
100%|██████████| 79/79 [00:03<00:00, 21.95it/s]

CommRound: 9/30
Accuracy: 14.28% | Loss: 2.9663
[##################------------------------------------------] 30.0%
Elapsed: 1.6m | Avg/Round: 10.6s | Last: 10.6s | Next: 10.6s | Remaining: 3.7m
ETA: 11:12:13
Recent round times: R1: 11.2s -> R2: 10.3s -> R3: 10.9s -> R4: 10.4s -> R5: 10.6s

  0%|          | 0/79 [00:00<?, ?it/s]
  1%|▏         | 1/79 [00:00<00:17,  4.49it/s]
  4%|▍         | 3/79 [00:00<00:07, 10.30it/s]
  6%|▋         | 5/79 [00:00<00:06, 11.08it/s]
  9%|▉         | 7/79 [00:00<00:05, 13.02it/s]
 11%|█▏        | 9/79 [00:00<00:05, 12.29it/s]
 14%|█▍        | 11/79 [00:00<00:04, 14.08it/s]
 19%|█▉        | 15/79 [00:00<00:03, 20.64it/s]
 23%|██▎       | 18/79 [00:01<00:02, 22.86it/s]
 28%|██▊       | 22/79 [00:01<00:02, 25.07it/s]
 32%|███▏      | 25/79 [00:01<00:02, 22.33it/s]
 35%|███▌      | 28/79 [00:01<00:02, 18.00it/s]
 39%|███▉      | 31/79 [00:01<00:02, 20.12it/s]
 44%|████▍     | 35/79 [00:01<00:01, 24.32it/s]
 48%|████▊     | 38/79 [00:01<00:01, 24.45it/s]
 52%|█████▏    | 41/79 [00:02<00:01, 23.74it/s]
 56%|█████▌    | 44/79 [00:02<00:01, 22.56it/s]
 59%|█████▉    | 47/79 [00:02<00:01, 21.50it/s]
 66%|██████▌   | 52/79 [00:02<00:01, 24.92it/s]
 70%|██████▉   | 55/79 [00:02<00:00, 24.55it/s]
 73%|███████▎  | 58/79 [00:02<00:00, 22.48it/s]
 77%|███████▋  | 61/79 [00:03<00:00, 22.49it/s]
 82%|████████▏ | 65/79 [00:03<00:00, 23.89it/s]
 87%|████████▋ | 69/79 [00:03<00:00, 22.94it/s]
 92%|█████████▏| 73/79 [00:03<00:00, 23.79it/s]
 96%|█████████▌| 76/79 [00:03<00:00, 24.37it/s]
100%|██████████| 79/79 [00:03<00:00, 20.95it/s]
100%|██████████| 79/79 [00:03<00:00, 20.60it/s]

CommRound: 10/30
Accuracy: 14.49% | Loss: 2.9660
[####################----------------------------------------] 33.3%
Elapsed: 1.8m | Avg/Round: 10.8s | Last: 11.8s | Next: 10.8s | Remaining: 3.6m
ETA: 11:12:17
Recent round times: R1: 10.3s -> R2: 10.9s -> R3: 10.4s -> R4: 10.6s -> R5: 11.8s

  0%|          | 0/79 [00:00<?, ?it/s]
  1%|▏         | 1/79 [00:00<00:15,  4.99it/s]
  8%|▊         | 6/79 [00:00<00:03, 19.64it/s]
 11%|█▏        | 9/79 [00:00<00:03, 21.46it/s]
 15%|█▌        | 12/79 [00:00<00:02, 22.83it/s]
 19%|█▉        | 15/79 [00:00<00:02, 23.88it/s]
 23%|██▎       | 18/79 [00:00<00:02, 23.47it/s]
 27%|██▋       | 21/79 [00:00<00:02, 24.57it/s]
 30%|███       | 24/79 [00:01<00:02, 25.48it/s]
 34%|███▍      | 27/79 [00:01<00:02, 23.00it/s]
 39%|███▉      | 31/79 [00:01<00:02, 23.43it/s]
 44%|████▍     | 35/79 [00:01<00:01, 23.54it/s]
 49%|████▉     | 39/79 [00:01<00:01, 23.80it/s]
 53%|█████▎    | 42/79 [00:01<00:01, 25.10it/s]
 57%|█████▋    | 45/79 [00:01<00:01, 24.65it/s]
 61%|██████    | 48/79 [00:02<00:01, 20.04it/s]
 68%|██████▊   | 54/79 [00:02<00:00, 25.42it/s]
 72%|███████▏  | 57/79 [00:02<00:00, 26.21it/s]
 76%|███████▌  | 60/79 [00:02<00:00, 24.35it/s]
 80%|███████▉  | 63/79 [00:02<00:00, 25.62it/s]
 84%|████████▎ | 66/79 [00:02<00:00, 23.58it/s]
 89%|████████▊ | 70/79 [00:02<00:00, 23.88it/s]
 94%|█████████▎| 74/79 [00:03<00:00, 23.54it/s]
 99%|█████████▊| 78/79 [00:03<00:00, 25.30it/s]
100%|██████████| 79/79 [00:03<00:00, 23.69it/s]

CommRound: 11/30
Accuracy: 14.58% | Loss: 2.9630
[######################--------------------------------------] 36.7%
Elapsed: 2.0m | Avg/Round: 10.7s | Last: 10.5s | Next: 10.7s | Remaining: 3.4m
ETA: 11:12:16
Recent round times: R1: 10.9s -> R2: 10.4s -> R3: 10.6s -> R4: 11.8s -> R5: 10.5s

  0%|          | 0/79 [00:00<?, ?it/s]
  1%|▏         | 1/79 [00:00<00:14,  5.51it/s]
  5%|▌         | 4/79 [00:00<00:04, 15.04it/s]
 10%|█         | 8/79 [00:00<00:04, 17.53it/s]
 15%|█▌        | 12/79 [00:00<00:03, 19.05it/s]
 20%|██        | 16/79 [00:00<00:02, 21.77it/s]
 24%|██▍       | 19/79 [00:00<00:02, 23.14it/s]
 28%|██▊       | 22/79 [00:01<00:02, 20.08it/s]
 32%|███▏      | 25/79 [00:01<00:02, 21.20it/s]
 35%|███▌      | 28/79 [00:01<00:02, 21.81it/s]
 39%|███▉      | 31/79 [00:01<00:02, 20.92it/s]
 43%|████▎     | 34/79 [00:01<00:02, 21.10it/s]
 47%|████▋     | 37/79 [00:01<00:02, 20.15it/s]
 51%|█████     | 40/79 [00:01<00:01, 20.64it/s]
 54%|█████▍    | 43/79 [00:02<00:01, 19.94it/s]
 58%|█████▊    | 46/79 [00:02<00:01, 20.75it/s]
 62%|██████▏   | 49/79 [00:02<00:01, 20.35it/s]
 66%|██████▌   | 52/79 [00:02<00:01, 20.23it/s]
 70%|██████▉   | 55/79 [00:02<00:01, 21.72it/s]
 73%|███████▎  | 58/79 [00:02<00:01, 20.41it/s]
 78%|███████▊  | 62/79 [00:03<00:00, 21.32it/s]
 84%|████████▎ | 66/79 [00:03<00:00, 21.79it/s]
 89%|████████▊ | 70/79 [00:03<00:00, 22.28it/s]
 94%|█████████▎| 74/79 [00:03<00:00, 21.61it/s]
 99%|█████████▊| 78/79 [00:03<00:00, 23.86it/s]
100%|██████████| 79/79 [00:03<00:00, 21.06it/s]

CommRound: 12/30
Accuracy: 14.87% | Loss: 2.9612
[########################------------------------------------] 40.0%
Elapsed: 2.1m | Avg/Round: 10.7s | Last: 10.8s | Next: 10.7s | Remaining: 3.2m
ETA: 11:12:16
Recent round times: R1: 10.4s -> R2: 10.6s -> R3: 11.8s -> R4: 10.5s -> R5: 10.8s

  0%|          | 0/79 [00:00<?, ?it/s]
  1%|▏         | 1/79 [00:00<00:12,  6.30it/s]
  6%|▋         | 5/79 [00:00<00:04, 16.09it/s]
  9%|▉         | 7/79 [00:00<00:04, 17.10it/s]
 11%|█▏        | 9/79 [00:00<00:03, 18.00it/s]
 14%|█▍        | 11/79 [00:00<00:03, 18.23it/s]
 16%|█▋        | 13/79 [00:00<00:03, 18.49it/s]
 19%|█▉        | 15/79 [00:00<00:03, 18.46it/s]
 23%|██▎       | 18/79 [00:00<00:02, 20.96it/s]
 27%|██▋       | 21/79 [00:01<00:03, 19.03it/s]
 30%|███       | 24/79 [00:01<00:02, 21.03it/s]
 34%|███▍      | 27/79 [00:01<00:02, 21.78it/s]
 38%|███▊      | 30/79 [00:01<00:02, 20.66it/s]
 42%|████▏     | 33/79 [00:01<00:02, 19.82it/s]
 46%|████▌     | 36/79 [00:01<00:02, 20.16it/s]
 49%|████▉     | 39/79 [00:01<00:01, 21.42it/s]
 53%|█████▎    | 42/79 [00:02<00:01, 20.10it/s]
 57%|█████▋    | 45/79 [00:02<00:01, 20.60it/s]
 61%|██████    | 48/79 [00:02<00:01, 20.00it/s]
 65%|██████▍   | 51/79 [00:02<00:01, 20.35it/s]
 68%|██████▊   | 54/79 [00:02<00:01, 19.83it/s]
 72%|███████▏  | 57/79 [00:02<00:01, 20.35it/s]
 76%|███████▌  | 60/79 [00:03<00:00, 20.00it/s]
 80%|███████▉  | 63/79 [00:03<00:00, 19.97it/s]
 84%|████████▎ | 66/79 [00:03<00:00, 18.00it/s]
 89%|████████▊ | 70/79 [00:03<00:00, 20.18it/s]
 92%|█████████▏| 73/79 [00:03<00:00, 20.99it/s]
 96%|█████████▌| 76/79 [00:03<00:00, 18.71it/s]
100%|██████████| 79/79 [00:04<00:00, 19.67it/s]

CommRound: 13/30
Accuracy: 15.10% | Loss: 2.9656
[##########################----------------------------------] 43.3%
Elapsed: 2.3m | Avg/Round: 10.8s | Last: 10.9s | Next: 10.8s | Remaining: 3.0m
ETA: 11:12:17
Recent round times: R1: 10.6s -> R2: 11.8s -> R3: 10.5s -> R4: 10.8s -> R5: 10.9s

  0%|          | 0/79 [00:00<?, ?it/s]
  1%|▏         | 1/79 [00:00<00:13,  5.66it/s]
  6%|▋         | 5/79 [00:00<00:03, 20.19it/s]
 10%|█         | 8/79 [00:00<00:03, 21.54it/s]
 15%|█▌        | 12/79 [00:00<00:02, 22.81it/s]
 20%|██        | 16/79 [00:00<00:02, 23.30it/s]
 24%|██▍       | 19/79 [00:00<00:02, 24.29it/s]
 28%|██▊       | 22/79 [00:01<00:02, 20.52it/s]
 33%|███▎      | 26/79 [00:01<00:02, 21.88it/s]
 37%|███▋      | 29/79 [00:01<00:02, 22.94it/s]
 41%|████      | 32/79 [00:01<00:02, 22.29it/s]
 46%|████▌     | 36/79 [00:01<00:01, 22.55it/s]
 51%|█████     | 40/79 [00:01<00:01, 24.51it/s]
 56%|█████▌    | 44/79 [00:01<00:01, 26.34it/s]
 61%|██████    | 48/79 [00:02<00:01, 27.48it/s]
 66%|██████▌   | 52/79 [00:02<00:00, 27.79it/s]
 71%|███████   | 56/79 [00:02<00:00, 26.69it/s]
 75%|███████▍  | 59/79 [00:02<00:00, 26.70it/s]
 78%|███████▊  | 62/79 [00:02<00:00, 26.97it/s]
 82%|████████▏ | 65/79 [00:02<00:00, 26.12it/s]
 86%|████████▌ | 68/79 [00:02<00:00, 22.46it/s]
 91%|█████████ | 72/79 [00:02<00:00, 26.19it/s]
 95%|█████████▍| 75/79 [00:03<00:00, 22.34it/s]
100%|██████████| 79/79 [00:03<00:00, 24.19it/s]

CommRound: 14/30
Accuracy: 15.24% | Loss: 2.9546
[############################--------------------------------] 46.7%
Elapsed: 2.5m | Avg/Round: 10.7s | Last: 10.1s | Next: 10.7s | Remaining: 2.9m
ETA: 11:12:15
Recent round times: R1: 11.8s -> R2: 10.5s -> R3: 10.8s -> R4: 10.9s -> R5: 10.1s

  0%|          | 0/79 [00:00<?, ?it/s]
  1%|▏         | 1/79 [00:00<00:12,  6.41it/s]
  6%|▋         | 5/79 [00:00<00:03, 21.50it/s]
 10%|█         | 8/79 [00:00<00:03, 17.78it/s]
 13%|█▎        | 10/79 [00:00<00:03, 18.08it/s]
 16%|█▋        | 13/79 [00:00<00:03, 20.01it/s]
 23%|██▎       | 18/79 [00:00<00:02, 25.12it/s]
 28%|██▊       | 22/79 [00:01<00:02, 24.97it/s]
 33%|███▎      | 26/79 [00:01<00:02, 26.39it/s]
 38%|███▊      | 30/79 [00:01<00:01, 28.37it/s]
 42%|████▏     | 33/79 [00:01<00:01, 28.68it/s]
 46%|████▌     | 36/79 [00:01<00:01, 27.21it/s]
 51%|█████     | 40/79 [00:01<00:01, 27.29it/s]
 54%|█████▍    | 43/79 [00:01<00:01, 23.19it/s]
 59%|█████▉    | 47/79 [00:01<00:01, 26.69it/s]
 63%|██████▎   | 50/79 [00:02<00:01, 26.89it/s]
 67%|██████▋   | 53/79 [00:02<00:00, 26.80it/s]
 71%|███████   | 56/79 [00:02<00:01, 20.33it/s]
 76%|███████▌  | 60/79 [00:02<00:00, 24.51it/s]
 80%|███████▉  | 63/79 [00:02<00:00, 25.10it/s]
 84%|████████▎ | 66/79 [00:02<00:00, 21.68it/s]
 87%|████████▋ | 69/79 [00:02<00:00, 22.82it/s]
 91%|█████████ | 72/79 [00:03<00:00, 20.11it/s]
 96%|█████████▌| 76/79 [00:03<00:00, 22.79it/s]
100%|██████████| 79/79 [00:03<00:00, 23.80it/s]

CommRound: 15/30
Accuracy: 15.28% | Loss: 2.9427
[##############################------------------------------] 50.0%
Elapsed: 2.7m | Avg/Round: 10.7s | Last: 10.1s | Next: 10.7s | Remaining: 2.7m
ETA: 11:12:14
Recent round times: R1: 10.5s -> R2: 10.8s -> R3: 10.9s -> R4: 10.1s -> R5: 10.1s

  0%|          | 0/79 [00:00<?, ?it/s]
  1%|▏         | 1/79 [00:00<00:12,  6.45it/s]
  5%|▌         | 4/79 [00:00<00:04, 17.31it/s]
  9%|▉         | 7/79 [00:00<00:03, 21.04it/s]
 13%|█▎        | 10/79 [00:00<00:03, 21.56it/s]
 16%|█▋        | 13/79 [00:00<00:03, 21.98it/s]
 20%|██        | 16/79 [00:00<00:03, 17.17it/s]
 25%|██▌       | 20/79 [00:01<00:02, 20.59it/s]
 30%|███       | 24/79 [00:01<00:02, 23.47it/s]
 35%|███▌      | 28/79 [00:01<00:02, 25.25it/s]
 41%|████      | 32/79 [00:01<00:01, 27.52it/s]
 44%|████▍     | 35/79 [00:01<00:01, 27.71it/s]
 49%|████▉     | 39/79 [00:01<00:01, 30.43it/s]
 54%|█████▍    | 43/79 [00:01<00:01, 26.00it/s]
 58%|█████▊    | 46/79 [00:02<00:01, 22.73it/s]
 63%|██████▎   | 50/79 [00:02<00:01, 23.13it/s]
 68%|██████▊   | 54/79 [00:02<00:01, 23.36it/s]
 73%|███████▎  | 58/79 [00:02<00:00, 23.19it/s]
 77%|███████▋  | 61/79 [00:02<00:00, 24.56it/s]
 81%|████████  | 64/79 [00:02<00:00, 22.18it/s]
 86%|████████▌ | 68/79 [00:02<00:00, 22.13it/s]
 91%|█████████ | 72/79 [00:03<00:00, 21.29it/s]
 95%|█████████▍| 75/79 [00:03<00:00, 22.89it/s]
 99%|█████████▊| 78/79 [00:03<00:00, 21.00it/s]
100%|██████████| 79/79 [00:03<00:00, 22.63it/s]

CommRound: 16/30
Accuracy: 15.32% | Loss: 2.9474
[################################----------------------------] 53.3%
Elapsed: 2.8m | Avg/Round: 10.6s | Last: 10.2s | Next: 10.6s | Remaining: 2.5m
ETA: 11:12:13
Recent round times: R1: 10.8s -> R2: 10.9s -> R3: 10.1s -> R4: 10.1s -> R5: 10.2s

  0%|          | 0/79 [00:00<?, ?it/s]
  1%|▏         | 1/79 [00:00<00:20,  3.89it/s]
  6%|▋         | 5/79 [00:00<00:04, 16.59it/s]
 10%|█         | 8/79 [00:00<00:03, 20.15it/s]
 14%|█▍        | 11/79 [00:00<00:03, 21.74it/s]
 19%|█▉        | 15/79 [00:00<00:02, 25.10it/s]
 24%|██▍       | 19/79 [00:00<00:02, 24.59it/s]
 28%|██▊       | 22/79 [00:01<00:02, 20.72it/s]
 35%|███▌      | 28/79 [00:01<00:01, 25.81it/s]
 41%|████      | 32/79 [00:01<00:01, 25.61it/s]
 46%|████▌     | 36/79 [00:01<00:01, 25.40it/s]
 51%|█████     | 40/79 [00:01<00:01, 25.29it/s]
 56%|█████▌    | 44/79 [00:01<00:01, 24.54it/s]
 61%|██████    | 48/79 [00:02<00:01, 24.54it/s]
 66%|██████▌   | 52/79 [00:02<00:01, 24.11it/s]
 71%|███████   | 56/79 [00:02<00:00, 24.38it/s]
 76%|███████▌  | 60/79 [00:02<00:00, 24.16it/s]
 81%|████████  | 64/79 [00:02<00:00, 22.82it/s]
 85%|████████▍ | 67/79 [00:02<00:00, 23.40it/s]
 89%|████████▊ | 70/79 [00:03<00:00, 22.80it/s]
 94%|█████████▎| 74/79 [00:03<00:00, 23.88it/s]
 99%|█████████▊| 78/79 [00:03<00:00, 26.57it/s]
100%|██████████| 79/79 [00:03<00:00, 23.68it/s]

CommRound: 17/30
Accuracy: 15.39% | Loss: 2.9381
[##################################--------------------------] 56.7%
Elapsed: 3.0m | Avg/Round: 10.6s | Last: 10.2s | Next: 10.6s | Remaining: 2.3m
ETA: 11:12:13
Recent round times: R1: 10.9s -> R2: 10.1s -> R3: 10.1s -> R4: 10.2s -> R5: 10.2s

  0%|          | 0/79 [00:00<?, ?it/s]
  1%|▏         | 1/79 [00:00<00:17,  4.51it/s]
  6%|▋         | 5/79 [00:00<00:04, 17.15it/s]
 11%|█▏        | 9/79 [00:00<00:03, 20.10it/s]
 15%|█▌        | 12/79 [00:00<00:03, 19.19it/s]
 19%|█▉        | 15/79 [00:00<00:03, 18.35it/s]
 24%|██▍       | 19/79 [00:00<00:02, 21.32it/s]
 29%|██▉       | 23/79 [00:01<00:02, 23.35it/s]
 34%|███▍      | 27/79 [00:01<00:02, 25.17it/s]
 39%|███▉      | 31/79 [00:01<00:01, 24.71it/s]
 43%|████▎     | 34/79 [00:01<00:01, 24.12it/s]
 47%|████▋     | 37/79 [00:01<00:01, 22.58it/s]
 51%|█████     | 40/79 [00:01<00:01, 22.89it/s]
 54%|█████▍    | 43/79 [00:02<00:01, 21.27it/s]
 58%|█████▊    | 46/79 [00:02<00:01, 21.04it/s]
 62%|██████▏   | 49/79 [00:02<00:01, 22.59it/s]
 66%|██████▌   | 52/79 [00:02<00:01, 23.43it/s]
 70%|██████▉   | 55/79 [00:02<00:00, 24.07it/s]
 73%|███████▎  | 58/79 [00:02<00:00, 24.55it/s]
 77%|███████▋  | 61/79 [00:02<00:00, 20.06it/s]
 82%|████████▏ | 65/79 [00:02<00:00, 21.87it/s]
 87%|████████▋ | 69/79 [00:03<00:00, 22.17it/s]
 92%|█████████▏| 73/79 [00:03<00:00, 22.56it/s]
 97%|█████████▋| 77/79 [00:03<00:00, 23.62it/s]
100%|██████████| 79/79 [00:03<00:00, 22.35it/s]

CommRound: 18/30
Accuracy: 15.68% | Loss: 2.9377
[####################################------------------------] 60.0%
Elapsed: 3.2m | Avg/Round: 10.6s | Last: 10.4s | Next: 10.6s | Remaining: 2.1m
ETA: 11:12:12
Recent round times: R1: 10.1s -> R2: 10.1s -> R3: 10.2s -> R4: 10.2s -> R5: 10.4s

  0%|          | 0/79 [00:00<?, ?it/s]
  1%|▏         | 1/79 [00:00<00:13,  6.00it/s]
  5%|▌         | 4/79 [00:00<00:04, 15.12it/s]
  9%|▉         | 7/79 [00:00<00:03, 18.35it/s]
 14%|█▍        | 11/79 [00:00<00:03, 20.29it/s]
 18%|█▊        | 14/79 [00:00<00:02, 22.85it/s]
 22%|██▏       | 17/79 [00:00<00:02, 22.36it/s]
 25%|██▌       | 20/79 [00:00<00:02, 21.78it/s]
 29%|██▉       | 23/79 [00:01<00:02, 22.89it/s]
 33%|███▎      | 26/79 [00:01<00:02, 23.93it/s]
 37%|███▋      | 29/79 [00:01<00:02, 22.07it/s]
 42%|████▏     | 33/79 [00:01<00:01, 24.16it/s]
 47%|████▋     | 37/79 [00:01<00:01, 24.75it/s]
 52%|█████▏    | 41/79 [00:01<00:01, 24.97it/s]
 57%|█████▋    | 45/79 [00:02<00:01, 23.91it/s]
 62%|██████▏   | 49/79 [00:02<00:01, 24.35it/s]
 66%|██████▌   | 52/79 [00:02<00:01, 25.18it/s]
 70%|██████▉   | 55/79 [00:02<00:01, 22.38it/s]
 73%|███████▎  | 58/79 [00:02<00:00, 23.22it/s]
 77%|███████▋  | 61/79 [00:02<00:00, 20.85it/s]
 81%|████████  | 64/79 [00:02<00:00, 22.68it/s]
 85%|████████▍ | 67/79 [00:03<00:00, 20.61it/s]
 89%|████████▊ | 70/79 [00:03<00:00, 22.40it/s]
 92%|█████████▏| 73/79 [00:03<00:00, 20.65it/s]
 97%|█████████▋| 77/79 [00:03<00:00, 22.35it/s]
100%|██████████| 79/79 [00:03<00:00, 22.47it/s]

CommRound: 19/30
Accuracy: 15.83% | Loss: 2.9328
[######################################----------------------] 63.3%
Elapsed: 3.4m | Avg/Round: 10.6s | Last: 10.2s | Next: 10.6s | Remaining: 1.9m
ETA: 11:12:12
Recent round times: R1: 10.1s -> R2: 10.2s -> R3: 10.2s -> R4: 10.4s -> R5: 10.2s

  0%|          | 0/79 [00:00<?, ?it/s]
  1%|▏         | 1/79 [00:00<00:10,  7.25it/s]
  5%|▌         | 4/79 [00:00<00:04, 18.66it/s]
  9%|▉         | 7/79 [00:00<00:04, 16.98it/s]
 13%|█▎        | 10/79 [00:00<00:03, 20.08it/s]
 16%|█▋        | 13/79 [00:00<00:02, 22.11it/s]
 20%|██        | 16/79 [00:00<00:02, 22.47it/s]
 24%|██▍       | 19/79 [00:00<00:02, 24.20it/s]
 28%|██▊       | 22/79 [00:01<00:02, 22.72it/s]
 33%|███▎      | 26/79 [00:01<00:02, 24.61it/s]
 38%|███▊      | 30/79 [00:01<00:01, 26.67it/s]
 43%|████▎     | 34/79 [00:01<00:01, 28.30it/s]
 48%|████▊     | 38/79 [00:01<00:01, 26.16it/s]
 54%|█████▍    | 43/79 [00:01<00:01, 30.71it/s]
 59%|█████▉    | 47/79 [00:01<00:01, 27.32it/s]
 65%|██████▍   | 51/79 [00:02<00:01, 25.83it/s]
 70%|██████▉   | 55/79 [00:02<00:00, 24.49it/s]
 75%|███████▍  | 59/79 [00:02<00:00, 23.57it/s]
 80%|███████▉  | 63/79 [00:02<00:00, 23.21it/s]
 84%|████████▎ | 66/79 [00:02<00:00, 23.98it/s]
 87%|████████▋ | 69/79 [00:02<00:00, 22.44it/s]
 91%|█████████ | 72/79 [00:03<00:00, 23.94it/s]
 95%|█████████▍| 75/79 [00:03<00:00, 21.49it/s]
100%|██████████| 79/79 [00:03<00:00, 25.49it/s]
100%|██████████| 79/79 [00:03<00:00, 23.86it/s]

CommRound: 20/30
Accuracy: 15.57% | Loss: 2.9313
[########################################--------------------] 66.7%
Elapsed: 3.5m | Avg/Round: 10.6s | Last: 10.2s | Next: 10.6s | Remaining: 1.8m
ETA: 11:12:11
Recent round times: R1: 10.2s -> R2: 10.2s -> R3: 10.4s -> R4: 10.2s -> R5: 10.2s

  0%|          | 0/79 [00:00<?, ?it/s]
  3%|▎         | 2/79 [00:00<00:04, 19.09it/s]
  9%|▉         | 7/79 [00:00<00:02, 31.57it/s]
 15%|█▌        | 12/79 [00:00<00:01, 36.24it/s]
 22%|██▏       | 17/79 [00:00<00:01, 37.37it/s]
 28%|██▊       | 22/79 [00:00<00:01, 39.21it/s]
 34%|███▍      | 27/79 [00:00<00:01, 39.23it/s]
 41%|████      | 32/79 [00:00<00:01, 40.65it/s]
 47%|████▋     | 37/79 [00:00<00:01, 39.91it/s]
 53%|█████▎    | 42/79 [00:01<00:00, 40.10it/s]
 59%|█████▉    | 47/79 [00:01<00:00, 38.69it/s]
 65%|██████▍   | 51/79 [00:01<00:00, 38.38it/s]
 70%|██████▉   | 55/79 [00:01<00:00, 38.52it/s]
 75%|███████▍  | 59/79 [00:01<00:00, 38.69it/s]
 80%|███████▉  | 63/79 [00:01<00:00, 38.80it/s]
 85%|████████▍ | 67/79 [00:01<00:00, 37.79it/s]
 90%|████████▉ | 71/79 [00:01<00:00, 38.12it/s]
 95%|█████████▍| 75/79 [00:01<00:00, 36.84it/s]
100%|██████████| 79/79 [00:02<00:00, 37.84it/s]

CommRound: 21/30
Accuracy: 15.75% | Loss: 2.9375
[##########################################------------------] 70.0%
Elapsed: 3.7m | Avg/Round: 10.5s | Last: 9.0s | Next: 10.5s | Remaining: 1.6m
ETA: 11:12:09
Recent round times: R1: 10.2s -> R2: 10.4s -> R3: 10.2s -> R4: 10.2s -> R5: 9.0s

  0%|          | 0/79 [00:00<?, ?it/s]
  1%|▏         | 1/79 [00:00<00:08,  9.50it/s]
  6%|▋         | 5/79 [00:00<00:02, 25.77it/s]
 11%|█▏        | 9/79 [00:00<00:02, 29.84it/s]
 16%|█▋        | 13/79 [00:00<00:02, 31.54it/s]
 22%|██▏       | 17/79 [00:00<00:01, 32.46it/s]
 27%|██▋       | 21/79 [00:00<00:01, 34.72it/s]
 32%|███▏      | 25/79 [00:00<00:01, 35.46it/s]
 37%|███▋      | 29/79 [00:00<00:01, 36.07it/s]
 42%|████▏     | 33/79 [00:00<00:01, 35.53it/s]
 47%|████▋     | 37/79 [00:01<00:01, 35.11it/s]
 52%|█████▏    | 41/79 [00:01<00:01, 34.23it/s]
 57%|█████▋    | 45/79 [00:01<00:01, 33.36it/s]
 62%|██████▏   | 49/79 [00:01<00:00, 33.41it/s]
 67%|██████▋   | 53/79 [00:01<00:00, 33.21it/s]
 72%|███████▏  | 57/79 [00:01<00:00, 33.81it/s]
 77%|███████▋  | 61/79 [00:01<00:00, 34.16it/s]
 82%|████████▏ | 65/79 [00:01<00:00, 34.57it/s]
 87%|████████▋ | 69/79 [00:02<00:00, 34.76it/s]
 92%|█████████▏| 73/79 [00:02<00:00, 34.77it/s]
 97%|█████████▋| 77/79 [00:02<00:00, 34.82it/s]
100%|██████████| 79/79 [00:02<00:00, 33.16it/s]

CommRound: 22/30
Accuracy: 16.07% | Loss: 2.9293
[############################################----------------] 73.3%
Elapsed: 3.8m | Avg/Round: 10.4s | Last: 9.3s | Next: 10.4s | Remaining: 1.4m
ETA: 11:12:07
Recent round times: R1: 10.4s -> R2: 10.2s -> R3: 10.2s -> R4: 9.0s -> R5: 9.3s

  0%|          | 0/79 [00:00<?, ?it/s]
  1%|▏         | 1/79 [00:00<00:10,  7.22it/s]
  6%|▋         | 5/79 [00:00<00:03, 22.86it/s]
 11%|█▏        | 9/79 [00:00<00:02, 28.03it/s]
 16%|█▋        | 13/79 [00:00<00:02, 30.51it/s]
 22%|██▏       | 17/79 [00:00<00:01, 32.24it/s]
 27%|██▋       | 21/79 [00:00<00:01, 33.18it/s]
 32%|███▏      | 25/79 [00:00<00:01, 33.76it/s]
 37%|███▋      | 29/79 [00:00<00:01, 34.26it/s]
 42%|████▏     | 33/79 [00:01<00:01, 34.51it/s]
 47%|████▋     | 37/79 [00:01<00:01, 34.68it/s]
 52%|█████▏    | 41/79 [00:01<00:01, 35.03it/s]
 57%|█████▋    | 45/79 [00:01<00:00, 35.10it/s]
 62%|██████▏   | 49/79 [00:01<00:00, 35.14it/s]
 67%|██████▋   | 53/79 [00:01<00:00, 35.01it/s]
 72%|███████▏  | 57/79 [00:01<00:00, 35.06it/s]
 77%|███████▋  | 61/79 [00:01<00:00, 35.24it/s]
 82%|████████▏ | 65/79 [00:01<00:00, 35.60it/s]
 87%|████████▋ | 69/79 [00:02<00:00, 35.93it/s]
 92%|█████████▏| 73/79 [00:02<00:00, 35.89it/s]
 97%|█████████▋| 77/79 [00:02<00:00, 33.43it/s]
100%|██████████| 79/79 [00:02<00:00, 33.46it/s]

CommRound: 23/30
Accuracy: 16.08% | Loss: 2.9213
[##############################################--------------] 76.7%
Elapsed: 4.0m | Avg/Round: 10.4s | Last: 9.0s | Next: 10.4s | Remaining: 1.2m
ETA: 11:12:06
Recent round times: R1: 10.2s -> R2: 10.2s -> R3: 9.0s -> R4: 9.3s -> R5: 9.0s

  0%|          | 0/79 [00:00<?, ?it/s]
  1%|▏         | 1/79 [00:00<00:09,  7.99it/s]
  6%|▋         | 5/79 [00:00<00:03, 20.56it/s]
 10%|█         | 8/79 [00:00<00:03, 22.65it/s]
 14%|█▍        | 11/79 [00:00<00:02, 22.87it/s]
 18%|█▊        | 14/79 [00:00<00:02, 22.83it/s]
 23%|██▎       | 18/79 [00:00<00:02, 26.88it/s]
 28%|██▊       | 22/79 [00:00<00:01, 28.90it/s]
 32%|███▏      | 25/79 [00:00<00:01, 27.53it/s]
 37%|███▋      | 29/79 [00:01<00:01, 28.16it/s]
 42%|████▏     | 33/79 [00:01<00:01, 28.54it/s]
 47%|████▋     | 37/79 [00:01<00:01, 28.46it/s]
 52%|█████▏    | 41/79 [00:01<00:01, 28.70it/s]
 57%|█████▋    | 45/79 [00:01<00:01, 29.14it/s]
 61%|██████    | 48/79 [00:01<00:01, 28.63it/s]
 66%|██████▌   | 52/79 [00:01<00:00, 30.65it/s]
 71%|███████   | 56/79 [00:02<00:00, 32.11it/s]
 76%|███████▌  | 60/79 [00:02<00:00, 33.49it/s]
 81%|████████  | 64/79 [00:02<00:00, 34.33it/s]
 86%|████████▌ | 68/79 [00:02<00:00, 34.95it/s]
 91%|█████████ | 72/79 [00:02<00:00, 35.21it/s]
 96%|█████████▌| 76/79 [00:02<00:00, 35.40it/s]
100%|██████████| 79/79 [00:02<00:00, 29.77it/s]

CommRound: 24/30
Accuracy: 14.94% | Loss: 2.9108
[################################################------------] 80.0%
Elapsed: 4.1m | Avg/Round: 10.3s | Last: 9.6s | Next: 10.3s | Remaining: 1.0m
ETA: 11:12:05
Recent round times: R1: 10.2s -> R2: 9.0s -> R3: 9.3s -> R4: 9.0s -> R5: 9.6s

  0%|          | 0/79 [00:00<?, ?it/s]
  1%|▏         | 1/79 [00:00<00:10,  7.66it/s]
  6%|▋         | 5/79 [00:00<00:03, 19.63it/s]
  9%|▉         | 7/79 [00:00<00:03, 18.59it/s]
 11%|█▏        | 9/79 [00:00<00:03, 18.16it/s]
 14%|█▍        | 11/79 [00:00<00:03, 18.33it/s]
 16%|█▋        | 13/79 [00:00<00:03, 18.07it/s]
 22%|██▏       | 17/79 [00:00<00:03, 18.45it/s]
 24%|██▍       | 19/79 [00:01<00:03, 18.46it/s]
 27%|██▋       | 21/79 [00:01<00:03, 18.47it/s]
 29%|██▉       | 23/79 [00:01<00:03, 18.11it/s]
 32%|███▏      | 25/79 [00:01<00:03, 17.93it/s]
 34%|███▍      | 27/79 [00:01<00:02, 17.81it/s]
 37%|███▋      | 29/79 [00:01<00:02, 18.13it/s]
 39%|███▉      | 31/79 [00:01<00:02, 17.85it/s]
 44%|████▍     | 35/79 [00:01<00:02, 18.63it/s]
 47%|████▋     | 37/79 [00:02<00:02, 18.33it/s]
 49%|████▉     | 39/79 [00:02<00:02, 17.78it/s]
 52%|█████▏    | 41/79 [00:02<00:02, 18.02it/s]
 54%|█████▍    | 43/79 [00:02<00:01, 18.05it/s]
 58%|█████▊    | 46/79 [00:02<00:01, 21.19it/s]
 62%|██████▏   | 49/79 [00:02<00:01, 20.92it/s]
 67%|██████▋   | 53/79 [00:02<00:01, 24.13it/s]
 72%|███████▏  | 57/79 [00:02<00:00, 26.61it/s]
 77%|███████▋  | 61/79 [00:03<00:00, 28.31it/s]
 82%|████████▏ | 65/79 [00:03<00:00, 29.40it/s]
 87%|████████▋ | 69/79 [00:03<00:00, 30.59it/s]
 92%|█████████▏| 73/79 [00:03<00:00, 31.03it/s]
 97%|█████████▋| 77/79 [00:03<00:00, 31.29it/s]
100%|██████████| 79/79 [00:03<00:00, 22.26it/s]

CommRound: 25/30
Accuracy: 16.27% | Loss: 2.9094
[##################################################----------] 83.3%
Elapsed: 4.3m | Avg/Round: 10.3s | Last: 10.3s | Next: 10.3s | Remaining: 0.9m
ETA: 11:12:05
Recent round times: R1: 9.0s -> R2: 9.3s -> R3: 9.0s -> R4: 9.6s -> R5: 10.3s

  0%|          | 0/79 [00:00<?, ?it/s]
  1%|▏         | 1/79 [00:00<00:08,  9.39it/s]
  6%|▋         | 5/79 [00:00<00:03, 22.21it/s]
 11%|█▏        | 9/79 [00:00<00:02, 25.62it/s]
 15%|█▌        | 12/79 [00:00<00:02, 27.08it/s]
 19%|█▉        | 15/79 [00:00<00:02, 24.34it/s]
 24%|██▍       | 19/79 [00:00<00:02, 26.68it/s]
 28%|██▊       | 22/79 [00:00<00:02, 27.26it/s]
 32%|███▏      | 25/79 [00:01<00:02, 25.16it/s]
 35%|███▌      | 28/79 [00:01<00:01, 25.51it/s]
 39%|███▉      | 31/79 [00:01<00:01, 24.20it/s]
 43%|████▎     | 34/79 [00:01<00:01, 25.26it/s]
 47%|████▋     | 37/79 [00:01<00:01, 24.64it/s]
 51%|█████     | 40/79 [00:01<00:01, 25.49it/s]
 54%|█████▍    | 43/79 [00:01<00:01, 24.57it/s]
 58%|█████▊    | 46/79 [00:01<00:01, 25.65it/s]
 62%|██████▏   | 49/79 [00:01<00:01, 25.39it/s]
 66%|██████▌   | 52/79 [00:02<00:01, 26.35it/s]
 70%|██████▉   | 55/79 [00:02<00:00, 25.15it/s]
 75%|███████▍  | 59/79 [00:02<00:00, 28.02it/s]
 80%|███████▉  | 63/79 [00:02<00:00, 30.03it/s]
 85%|████████▍ | 67/79 [00:02<00:00, 31.05it/s]
 90%|████████▉ | 71/79 [00:02<00:00, 32.28it/s]
 95%|█████████▍| 75/79 [00:02<00:00, 29.53it/s]
100%|██████████| 79/79 [00:02<00:00, 31.08it/s]
100%|██████████| 79/79 [00:02<00:00, 26.79it/s]

CommRound: 26/30
Accuracy: 16.37% | Loss: 2.9105
[####################################################--------] 86.7%
Elapsed: 4.5m | Avg/Round: 10.3s | Last: 10.3s | Next: 10.3s | Remaining: 0.7m
ETA: 11:12:05
Recent round times: R1: 9.3s -> R2: 9.0s -> R3: 9.6s -> R4: 10.3s -> R5: 10.3s

  0%|          | 0/79 [00:00<?, ?it/s]
  1%|▏         | 1/79 [00:00<00:09,  8.35it/s]
  8%|▊         | 6/79 [00:00<00:02, 30.09it/s]
 13%|█▎        | 10/79 [00:00<00:02, 33.09it/s]
 18%|█▊        | 14/79 [00:00<00:01, 33.25it/s]
 23%|██▎       | 18/79 [00:00<00:01, 33.52it/s]
 28%|██▊       | 22/79 [00:00<00:01, 34.02it/s]
 33%|███▎      | 26/79 [00:00<00:01, 35.43it/s]
 38%|███▊      | 30/79 [00:00<00:01, 35.51it/s]
 43%|████▎     | 34/79 [00:01<00:01, 34.42it/s]
 48%|████▊     | 38/79 [00:01<00:01, 33.79it/s]
 53%|█████▎    | 42/79 [00:01<00:01, 33.67it/s]
 58%|█████▊    | 46/79 [00:01<00:01, 32.89it/s]
 63%|██████▎   | 50/79 [00:01<00:00, 34.26it/s]
 68%|██████▊   | 54/79 [00:01<00:00, 35.11it/s]
 73%|███████▎  | 58/79 [00:01<00:00, 35.58it/s]
 78%|███████▊  | 62/79 [00:01<00:00, 35.55it/s]
 84%|████████▎ | 66/79 [00:01<00:00, 36.71it/s]
 89%|████████▊ | 70/79 [00:02<00:00, 37.25it/s]
 94%|█████████▎| 74/79 [00:02<00:00, 37.41it/s]
 99%|█████████▊| 78/79 [00:02<00:00, 37.95it/s]
100%|██████████| 79/79 [00:02<00:00, 34.70it/s]

CommRound: 27/30
Accuracy: 16.41% | Loss: 2.9043
[######################################################------] 90.0%
Elapsed: 4.6m | Avg/Round: 10.3s | Last: 9.2s | Next: 10.3s | Remaining: 0.5m
ETA: 11:12:03
Recent round times: R1: 9.0s -> R2: 9.6s -> R3: 10.3s -> R4: 10.3s -> R5: 9.2s

  0%|          | 0/79 [00:00<?, ?it/s]
  1%|▏         | 1/79 [00:00<00:10,  7.45it/s]
  6%|▋         | 5/79 [00:00<00:03, 22.15it/s]
 11%|█▏        | 9/79 [00:00<00:02, 26.53it/s]
 16%|█▋        | 13/79 [00:00<00:02, 27.15it/s]
 22%|██▏       | 17/79 [00:00<00:02, 27.33it/s]
 27%|██▋       | 21/79 [00:00<00:02, 27.89it/s]
 32%|███▏      | 25/79 [00:00<00:01, 28.68it/s]
 37%|███▋      | 29/79 [00:01<00:01, 29.01it/s]
 42%|████▏     | 33/79 [00:01<00:01, 29.34it/s]
 47%|████▋     | 37/79 [00:01<00:01, 29.57it/s]
 52%|█████▏    | 41/79 [00:01<00:01, 29.75it/s]
 57%|█████▋    | 45/79 [00:01<00:01, 31.07it/s]
 62%|██████▏   | 49/79 [00:01<00:00, 32.36it/s]
 67%|██████▋   | 53/79 [00:01<00:00, 33.95it/s]
 72%|███████▏  | 57/79 [00:01<00:00, 33.37it/s]
 77%|███████▋  | 61/79 [00:02<00:00, 33.55it/s]
 82%|████████▏ | 65/79 [00:02<00:00, 32.94it/s]
 87%|████████▋ | 69/79 [00:02<00:00, 31.80it/s]
 92%|█████████▏| 73/79 [00:02<00:00, 31.37it/s]
 97%|█████████▋| 77/79 [00:02<00:00, 31.64it/s]
100%|██████████| 79/79 [00:02<00:00, 30.03it/s]

CommRound: 28/30
Accuracy: 16.37% | Loss: 2.8854
[########################################################----] 93.3%
Elapsed: 4.8m | Avg/Round: 10.3s | Last: 9.6s | Next: 10.3s | Remaining: 0.3m
ETA: 11:12:03
Recent round times: R1: 9.6s -> R2: 10.3s -> R3: 10.3s -> R4: 9.2s -> R5: 9.6s

  0%|          | 0/79 [00:00<?, ?it/s]
  1%|▏         | 1/79 [00:00<00:09,  8.27it/s]
  6%|▋         | 5/79 [00:00<00:03, 24.32it/s]
 11%|█▏        | 9/79 [00:00<00:02, 27.49it/s]
 16%|█▋        | 13/79 [00:00<00:02, 28.84it/s]
 22%|██▏       | 17/79 [00:00<00:02, 29.75it/s]
 27%|██▋       | 21/79 [00:00<00:01, 30.42it/s]
 32%|███▏      | 25/79 [00:00<00:01, 30.72it/s]
 37%|███▋      | 29/79 [00:01<00:01, 30.18it/s]
 42%|████▏     | 33/79 [00:01<00:01, 31.71it/s]
 47%|████▋     | 37/79 [00:01<00:01, 31.48it/s]
 52%|█████▏    | 41/79 [00:01<00:01, 31.16it/s]
 57%|█████▋    | 45/79 [00:01<00:01, 31.10it/s]
 62%|██████▏   | 49/79 [00:01<00:00, 31.35it/s]
 67%|██████▋   | 53/79 [00:01<00:00, 31.97it/s]
 72%|███████▏  | 57/79 [00:01<00:00, 32.24it/s]
 77%|███████▋  | 61/79 [00:01<00:00, 32.77it/s]
 82%|████████▏ | 65/79 [00:02<00:00, 31.69it/s]
 87%|████████▋ | 69/79 [00:02<00:00, 32.43it/s]
 92%|█████████▏| 73/79 [00:02<00:00, 32.74it/s]
 97%|█████████▋| 77/79 [00:02<00:00, 32.78it/s]
100%|██████████| 79/79 [00:02<00:00, 30.80it/s]

CommRound: 29/30
Accuracy: 16.60% | Loss: 2.8685
[##########################################################--] 96.7%
Elapsed: 5.0m | Avg/Round: 10.2s | Last: 9.4s | Next: 10.2s | Remaining: 0.2m
ETA: 11:12:02
Recent round times: R1: 10.3s -> R2: 10.3s -> R3: 9.2s -> R4: 9.6s -> R5: 9.4s

  0%|          | 0/79 [00:00<?, ?it/s]
  1%|▏         | 1/79 [00:00<00:09,  8.62it/s]
  8%|▊         | 6/79 [00:00<00:02, 29.56it/s]
 11%|█▏        | 9/79 [00:00<00:02, 28.66it/s]
 16%|█▋        | 13/79 [00:00<00:02, 28.63it/s]
 23%|██▎       | 18/79 [00:00<00:01, 33.39it/s]
 28%|██▊       | 22/79 [00:00<00:01, 32.93it/s]
 33%|███▎      | 26/79 [00:00<00:01, 33.01it/s]
 38%|███▊      | 30/79 [00:00<00:01, 33.45it/s]
 43%|████▎     | 34/79 [00:01<00:01, 33.82it/s]
 48%|████▊     | 38/79 [00:01<00:01, 34.07it/s]
 53%|█████▎    | 42/79 [00:01<00:01, 33.97it/s]
 58%|█████▊    | 46/79 [00:01<00:00, 34.15it/s]
 63%|██████▎   | 50/79 [00:01<00:00, 34.27it/s]
 68%|██████▊   | 54/79 [00:01<00:00, 34.29it/s]
 73%|███████▎  | 58/79 [00:01<00:00, 34.34it/s]
 78%|███████▊  | 62/79 [00:01<00:00, 34.32it/s]
 84%|████████▎ | 66/79 [00:02<00:00, 32.58it/s]
 89%|████████▊ | 70/79 [00:02<00:00, 31.31it/s]
 94%|█████████▎| 74/79 [00:02<00:00, 29.34it/s]
 97%|█████████▋| 77/79 [00:02<00:00, 27.83it/s]
100%|██████████| 79/79 [00:02<00:00, 31.63it/s]

CommRound: 30/30
Accuracy: 16.75% | Loss: 2.8837
[############################################################] 100.0%
Elapsed: 5.1m | Avg/Round: 10.2s | Last: 9.3s | Next: 10.2s | Remaining: 0.0m
ETA: 11:12:01
Recent round times: R1: 10.3s -> R2: 9.2s -> R3: 9.6s -> R4: 9.4s -> R5: 9.3s
Total time for experiment: 306.4411470890045 seconds
Device average training time per communication round [s]:
    rpi (sld-rpi-09.ece.utexas.edu): 3.88 seconds
    mc1 (sld-mc1-09.ece.utexas.edu): 2.28 seconds
