Connecting to sld-rpi-09.ece.utexas.edu...
Successfully fetched dev0_pow_temp_log_exp118_run1.csv.
Connecting to sld-rpi-09.ece.utexas.edu...
Successfully fetched dev0_communication_log_exp118_run1.csv.
Connecting to sld-mc1-09.ece.utexas.edu...
Successfully fetched dev1_pow_temp_log_exp118_run1.csv.
Connecting to sld-mc1-09.ece.utexas.edu...
Successfully fetched dev1_communication_log_exp118_run1.csv.

Exp118
Experiment 118: 
	Global test accuracy [%]: 88.96 %
	No round found where all subsequent rounds have accuracy >= 90.00%.
	Average time per communication round [s]: 8.98 seconds
	Total wall clock time [s]: 264.61 seconds


Experiment 118:
	RPi avg. energy consumption per round [J]: 32.56 Joules
	MC1 avg. energy consumption per round [J]: 25.72 Joules
	Total avg. energy consumption per communication round [J]: 58.29 Joules
	Avg. amount of communicated data per communication round [MB]: 0.04 MB
	RPi avg. power consumption per round [W]: 5.49 Watts
	MC1 avg. power consumption per round [W]: 6.23 Watts
