Connecting to sld-rpi-09.ece.utexas.edu...
Successfully fetched dev0_pow_temp_log_exp226_run1.csv.
Connecting to sld-rpi-09.ece.utexas.edu...
Successfully fetched dev0_communication_log_exp226_run1.csv.
Connecting to sld-mc1-09.ece.utexas.edu...
Successfully fetched dev1_pow_temp_log_exp226_run1.csv.
Connecting to sld-mc1-09.ece.utexas.edu...
Successfully fetched dev1_communication_log_exp226_run1.csv.

Exp226
Experiment 226: 
	Global test accuracy [%]: 70.28 %
	No round found where all subsequent rounds have accuracy >= 90.00%.
	Average time per communication round [s]: 10.45 seconds
	Total wall clock time [s]: 222.55 seconds


Experiment 226:
	RPi avg. energy consumption per round [J]: 40.36 Joules
	MC1 avg. energy consumption per round [J]: 26.67 Joules
	Total avg. energy consumption per communication round [J]: 67.03 Joules
	Avg. amount of communicated data per communication round [MB]: 0.03 MB
	RPi avg. power consumption per round [W]: 5.40 Watts
	MC1 avg. power consumption per round [W]: 6.44 Watts
