
  0%|          | 0/79 [00:00<?, ?it/s]
  3%|▎         | 2/79 [00:00<00:03, 19.45it/s]
  9%|▉         | 7/79 [00:00<00:02, 31.54it/s]
 14%|█▍        | 11/79 [00:00<00:01, 34.37it/s]
 19%|█▉        | 15/79 [00:00<00:01, 35.00it/s]
 24%|██▍       | 19/79 [00:00<00:01, 35.57it/s]
 29%|██▉       | 23/79 [00:00<00:01, 36.65it/s]
 35%|███▌      | 28/79 [00:00<00:01, 39.72it/s]
 41%|████      | 32/79 [00:00<00:01, 39.31it/s]
 46%|████▌     | 36/79 [00:00<00:01, 39.14it/s]
 51%|█████     | 40/79 [00:01<00:00, 39.17it/s]
 56%|█████▌    | 44/79 [00:01<00:00, 38.75it/s]
 61%|██████    | 48/79 [00:01<00:00, 38.36it/s]
 66%|██████▌   | 52/79 [00:01<00:00, 38.06it/s]
 71%|███████   | 56/79 [00:01<00:00, 38.04it/s]
 76%|███████▌  | 60/79 [00:01<00:00, 38.24it/s]
 81%|████████  | 64/79 [00:01<00:00, 38.44it/s]
 87%|████████▋ | 69/79 [00:01<00:00, 41.48it/s]
 94%|█████████▎| 74/79 [00:01<00:00, 38.87it/s]
 99%|█████████▊| 78/79 [00:02<00:00, 38.98it/s]
100%|██████████| 79/79 [00:02<00:00, 38.07it/s]
Initial Accuracy: 14.65%; Initial Loss: 2.3487

  0%|          | 0/79 [00:00<?, ?it/s]
  1%|▏         | 1/79 [00:00<00:09,  7.90it/s]
  9%|▉         | 7/79 [00:00<00:02, 29.24it/s]
 14%|█▍        | 11/79 [00:00<00:02, 33.19it/s]
 19%|█▉        | 15/79 [00:00<00:01, 35.46it/s]
 25%|██▌       | 20/79 [00:00<00:01, 39.92it/s]
 32%|███▏      | 25/79 [00:00<00:01, 36.82it/s]
 38%|███▊      | 30/79 [00:00<00:01, 40.39it/s]
 44%|████▍     | 35/79 [00:00<00:01, 37.53it/s]
 51%|█████     | 40/79 [00:01<00:00, 40.62it/s]
 57%|█████▋    | 45/79 [00:01<00:00, 38.40it/s]
 62%|██████▏   | 49/79 [00:01<00:00, 38.34it/s]
 70%|██████▉   | 55/79 [00:01<00:00, 39.72it/s]
 76%|███████▌  | 60/79 [00:01<00:00, 41.58it/s]
 82%|████████▏ | 65/79 [00:01<00:00, 39.10it/s]
 89%|████████▊ | 70/79 [00:01<00:00, 41.77it/s]
 95%|█████████▍| 75/79 [00:01<00:00, 39.29it/s]
100%|██████████| 79/79 [00:02<00:00, 38.63it/s]

CommRound: 1/30
Accuracy: 68.23% | Loss: 0.9331
[##----------------------------------------------------------] 3.3%
Elapsed: 0.6m | Avg/Round: 38.8s | Last: 36.7s | Next: 38.8s | Remaining: 18.7m
ETA: 05:20:40
Recent round times: R1: 36.7s

  0%|          | 0/79 [00:00<?, ?it/s]
  1%|▏         | 1/79 [00:00<00:08,  9.61it/s]
  9%|▉         | 7/79 [00:00<00:02, 31.38it/s]
 15%|█▌        | 12/79 [00:00<00:01, 37.12it/s]
 20%|██        | 16/79 [00:00<00:01, 37.74it/s]
 25%|██▌       | 20/79 [00:00<00:01, 38.08it/s]
 30%|███       | 24/79 [00:00<00:01, 38.52it/s]
 35%|███▌      | 28/79 [00:00<00:01, 38.67it/s]
 41%|████      | 32/79 [00:00<00:01, 38.86it/s]
 46%|████▌     | 36/79 [00:00<00:01, 38.90it/s]
 51%|█████     | 40/79 [00:01<00:01, 38.85it/s]
 56%|█████▌    | 44/79 [00:01<00:00, 39.05it/s]
 61%|██████    | 48/79 [00:01<00:00, 39.30it/s]
 66%|██████▌   | 52/79 [00:01<00:00, 39.27it/s]
 71%|███████   | 56/79 [00:01<00:00, 39.32it/s]
 76%|███████▌  | 60/79 [00:01<00:00, 38.41it/s]
 81%|████████  | 64/79 [00:01<00:00, 37.51it/s]
 86%|████████▌ | 68/79 [00:01<00:00, 37.83it/s]
 91%|█████████ | 72/79 [00:01<00:00, 38.15it/s]
 96%|█████████▌| 76/79 [00:02<00:00, 38.32it/s]
100%|██████████| 79/79 [00:02<00:00, 37.98it/s]

CommRound: 2/30
Accuracy: 77.14% | Loss: 0.6996
[####--------------------------------------------------------] 6.7%
Elapsed: 1.4m | Avg/Round: 41.7s | Last: 44.7s | Next: 41.7s | Remaining: 19.5m
ETA: 05:22:09
Recent round times: R1: 36.7s -> R2: 44.7s

  0%|          | 0/79 [00:00<?, ?it/s]
  1%|▏         | 1/79 [00:00<00:11,  6.92it/s]
  9%|▉         | 7/79 [00:00<00:02, 32.14it/s]
 15%|█▌        | 12/79 [00:00<00:01, 38.81it/s]
 22%|██▏       | 17/79 [00:00<00:01, 34.99it/s]
 29%|██▉       | 23/79 [00:00<00:01, 38.56it/s]
 35%|███▌      | 28/79 [00:00<00:01, 41.32it/s]
 42%|████▏     | 33/79 [00:00<00:01, 39.10it/s]
 48%|████▊     | 38/79 [00:00<00:00, 41.92it/s]
 54%|█████▍    | 43/79 [00:01<00:00, 39.21it/s]
 61%|██████    | 48/79 [00:01<00:00, 39.02it/s]
 67%|██████▋   | 53/79 [00:01<00:00, 37.52it/s]
 75%|███████▍  | 59/79 [00:01<00:00, 38.90it/s]
 81%|████████  | 64/79 [00:01<00:00, 41.56it/s]
 87%|████████▋ | 69/79 [00:01<00:00, 39.72it/s]
 95%|█████████▍| 75/79 [00:01<00:00, 40.33it/s]
100%|██████████| 79/79 [00:02<00:00, 39.00it/s]

CommRound: 3/30
Accuracy: 81.32% | Loss: 0.6139
[######------------------------------------------------------] 10.0%
Elapsed: 2.1m | Avg/Round: 41.6s | Last: 41.3s | Next: 41.6s | Remaining: 18.7m
ETA: 05:22:04
Recent round times: R1: 36.7s -> R2: 44.7s -> R3: 41.3s

  0%|          | 0/79 [00:00<?, ?it/s]
  1%|▏         | 1/79 [00:00<00:08,  8.83it/s]
  9%|▉         | 7/79 [00:00<00:02, 30.76it/s]
 15%|█▌        | 12/79 [00:00<00:01, 37.31it/s]
 20%|██        | 16/79 [00:00<00:01, 35.45it/s]
 25%|██▌       | 20/79 [00:00<00:01, 35.32it/s]
 30%|███       | 24/79 [00:00<00:01, 35.02it/s]
 35%|███▌      | 28/79 [00:00<00:01, 34.72it/s]
 41%|████      | 32/79 [00:00<00:01, 34.76it/s]
 46%|████▌     | 36/79 [00:01<00:01, 34.92it/s]
 51%|█████     | 40/79 [00:01<00:01, 34.88it/s]
 56%|█████▌    | 44/79 [00:01<00:00, 35.30it/s]
 61%|██████    | 48/79 [00:01<00:00, 36.57it/s]
 66%|██████▌   | 52/79 [00:01<00:00, 37.49it/s]
 71%|███████   | 56/79 [00:01<00:00, 38.14it/s]
 76%|███████▌  | 60/79 [00:01<00:00, 37.83it/s]
 82%|████████▏ | 65/79 [00:01<00:00, 40.25it/s]
 89%|████████▊ | 70/79 [00:01<00:00, 38.92it/s]
 94%|█████████▎| 74/79 [00:02<00:00, 38.63it/s]
 99%|█████████▊| 78/79 [00:02<00:00, 37.12it/s]
100%|██████████| 79/79 [00:02<00:00, 36.10it/s]

CommRound: 4/30
Accuracy: 80.71% | Loss: 0.6703
[########----------------------------------------------------] 13.3%
Elapsed: 2.8m | Avg/Round: 41.6s | Last: 41.7s | Next: 41.6s | Remaining: 18.0m
ETA: 05:22:05
Recent round times: R1: 36.7s -> R2: 44.7s -> R3: 41.3s -> R4: 41.7s

  0%|          | 0/79 [00:00<?, ?it/s]
  1%|▏         | 1/79 [00:00<00:08,  8.71it/s]
  6%|▋         | 5/79 [00:00<00:03, 24.66it/s]
 11%|█▏        | 9/79 [00:00<00:02, 29.49it/s]
 16%|█▋        | 13/79 [00:00<00:02, 31.89it/s]
 22%|██▏       | 17/79 [00:00<00:01, 33.71it/s]
 27%|██▋       | 21/79 [00:00<00:01, 34.14it/s]
 32%|███▏      | 25/79 [00:00<00:01, 34.68it/s]
 37%|███▋      | 29/79 [00:00<00:01, 34.48it/s]
 42%|████▏     | 33/79 [00:01<00:01, 33.98it/s]
 47%|████▋     | 37/79 [00:01<00:01, 34.01it/s]
 52%|█████▏    | 41/79 [00:01<00:01, 33.95it/s]
 57%|█████▋    | 45/79 [00:01<00:01, 33.99it/s]
 62%|██████▏   | 49/79 [00:01<00:00, 33.77it/s]
 67%|██████▋   | 53/79 [00:01<00:00, 33.76it/s]
 72%|███████▏  | 57/79 [00:01<00:00, 34.00it/s]
 77%|███████▋  | 61/79 [00:01<00:00, 34.05it/s]
 82%|████████▏ | 65/79 [00:01<00:00, 33.92it/s]
 87%|████████▋ | 69/79 [00:02<00:00, 34.02it/s]
 92%|█████████▏| 73/79 [00:02<00:00, 34.14it/s]
 97%|█████████▋| 77/79 [00:02<00:00, 34.76it/s]
100%|██████████| 79/79 [00:02<00:00, 33.72it/s]

CommRound: 5/30
Accuracy: 82.17% | Loss: 0.6303
[##########--------------------------------------------------] 16.7%
Elapsed: 3.5m | Avg/Round: 41.9s | Last: 42.9s | Next: 41.9s | Remaining: 17.4m
ETA: 05:22:12
Recent round times: R1: 36.7s -> R2: 44.7s -> R3: 41.3s -> R4: 41.7s -> R5: 42.9s

  0%|          | 0/79 [00:00<?, ?it/s]
  1%|▏         | 1/79 [00:00<00:08,  9.05it/s]
  8%|▊         | 6/79 [00:00<00:02, 31.74it/s]
 13%|█▎        | 10/79 [00:00<00:02, 33.11it/s]
 18%|█▊        | 14/79 [00:00<00:01, 33.94it/s]
 23%|██▎       | 18/79 [00:00<00:01, 34.60it/s]
 28%|██▊       | 22/79 [00:00<00:01, 34.59it/s]
 33%|███▎      | 26/79 [00:00<00:01, 34.94it/s]
 38%|███▊      | 30/79 [00:00<00:01, 36.12it/s]
 46%|████▌     | 36/79 [00:01<00:01, 38.20it/s]
 53%|█████▎    | 42/79 [00:01<00:00, 39.18it/s]
 59%|█████▉    | 47/79 [00:01<00:00, 41.46it/s]
 66%|██████▌   | 52/79 [00:01<00:00, 39.63it/s]
 72%|███████▏  | 57/79 [00:01<00:00, 42.01it/s]
 78%|███████▊  | 62/79 [00:01<00:00, 39.73it/s]
 85%|████████▍ | 67/79 [00:01<00:00, 41.66it/s]
 91%|█████████ | 72/79 [00:01<00:00, 38.63it/s]
 96%|█████████▌| 76/79 [00:02<00:00, 38.42it/s]
100%|██████████| 79/79 [00:02<00:00, 37.54it/s]

CommRound: 6/30
Accuracy: 83.07% | Loss: 0.6121
[############------------------------------------------------] 20.0%
Elapsed: 4.2m | Avg/Round: 42.2s | Last: 43.8s | Next: 42.2s | Remaining: 16.9m
ETA: 05:22:22
Recent round times: R1: 44.7s -> R2: 41.3s -> R3: 41.7s -> R4: 42.9s -> R5: 43.8s

  0%|          | 0/79 [00:00<?, ?it/s]
  1%|▏         | 1/79 [00:00<00:08,  9.13it/s]
  9%|▉         | 7/79 [00:00<00:02, 31.48it/s]
 14%|█▍        | 11/79 [00:00<00:01, 34.25it/s]
 19%|█▉        | 15/79 [00:00<00:01, 35.67it/s]
 27%|██▋       | 21/79 [00:00<00:01, 38.51it/s]
 34%|███▍      | 27/79 [00:00<00:01, 40.10it/s]
 39%|███▉      | 31/79 [00:00<00:01, 39.82it/s]
 44%|████▍     | 35/79 [00:00<00:01, 39.58it/s]
 49%|████▉     | 39/79 [00:01<00:01, 39.41it/s]
 54%|█████▍    | 43/79 [00:01<00:00, 38.40it/s]
 61%|██████    | 48/79 [00:01<00:00, 40.98it/s]
 67%|██████▋   | 53/79 [00:01<00:00, 37.73it/s]
 72%|███████▏  | 57/79 [00:01<00:00, 37.84it/s]
 77%|███████▋  | 61/79 [00:01<00:00, 37.63it/s]
 82%|████████▏ | 65/79 [00:01<00:00, 37.78it/s]
 87%|████████▋ | 69/79 [00:01<00:00, 38.03it/s]
 92%|█████████▏| 73/79 [00:01<00:00, 37.98it/s]
 97%|█████████▋| 77/79 [00:02<00:00, 38.41it/s]
100%|██████████| 79/79 [00:02<00:00, 38.15it/s]

CommRound: 7/30
Accuracy: 84.11% | Loss: 0.5931
[##############----------------------------------------------] 23.3%
Elapsed: 4.9m | Avg/Round: 41.7s | Last: 39.0s | Next: 41.7s | Remaining: 16.0m
ETA: 05:22:08
Recent round times: R1: 41.3s -> R2: 41.7s -> R3: 42.9s -> R4: 43.8s -> R5: 39.0s

  0%|          | 0/79 [00:00<?, ?it/s]
  1%|▏         | 1/79 [00:00<00:08,  9.36it/s]
  8%|▊         | 6/79 [00:00<00:02, 32.47it/s]
 13%|█▎        | 10/79 [00:00<00:01, 35.36it/s]
 18%|█▊        | 14/79 [00:00<00:01, 36.46it/s]
 23%|██▎       | 18/79 [00:00<00:01, 36.93it/s]
 28%|██▊       | 22/79 [00:00<00:01, 37.77it/s]
 33%|███▎      | 26/79 [00:00<00:01, 37.62it/s]
 38%|███▊      | 30/79 [00:00<00:01, 37.36it/s]
 43%|████▎     | 34/79 [00:00<00:01, 37.22it/s]
 48%|████▊     | 38/79 [00:01<00:01, 37.19it/s]
 53%|█████▎    | 42/79 [00:01<00:00, 37.14it/s]
 58%|█████▊    | 46/79 [00:01<00:00, 37.14it/s]
 63%|██████▎   | 50/79 [00:01<00:00, 37.33it/s]
 68%|██████▊   | 54/79 [00:01<00:00, 37.43it/s]
 73%|███████▎  | 58/79 [00:01<00:00, 37.37it/s]
 78%|███████▊  | 62/79 [00:01<00:00, 37.74it/s]
 85%|████████▍ | 67/79 [00:01<00:00, 36.10it/s]
 91%|█████████ | 72/79 [00:01<00:00, 39.16it/s]
 97%|█████████▋| 77/79 [00:02<00:00, 37.92it/s]
100%|██████████| 79/79 [00:02<00:00, 37.29it/s]

CommRound: 8/30
Accuracy: 83.78% | Loss: 0.6084
[################--------------------------------------------] 26.7%
Elapsed: 5.6m | Avg/Round: 41.7s | Last: 41.3s | Next: 41.7s | Remaining: 15.3m
ETA: 05:22:07
Recent round times: R1: 41.7s -> R2: 42.9s -> R3: 43.8s -> R4: 39.0s -> R5: 41.3s

  0%|          | 0/79 [00:00<?, ?it/s]
  1%|▏         | 1/79 [00:00<00:08,  9.09it/s]
  9%|▉         | 7/79 [00:00<00:02, 29.85it/s]
 14%|█▍        | 11/79 [00:00<00:02, 32.82it/s]
 19%|█▉        | 15/79 [00:00<00:01, 33.95it/s]
 24%|██▍       | 19/79 [00:00<00:01, 34.51it/s]
 29%|██▉       | 23/79 [00:00<00:01, 34.97it/s]
 34%|███▍      | 27/79 [00:00<00:01, 35.44it/s]
 39%|███▉      | 31/79 [00:00<00:01, 35.61it/s]
 44%|████▍     | 35/79 [00:01<00:01, 35.83it/s]
 49%|████▉     | 39/79 [00:01<00:01, 36.04it/s]
 54%|█████▍    | 43/79 [00:01<00:00, 36.18it/s]
 59%|█████▉    | 47/79 [00:01<00:00, 36.53it/s]
 65%|██████▍   | 51/79 [00:01<00:00, 37.21it/s]
 70%|██████▉   | 55/79 [00:01<00:00, 36.64it/s]
 75%|███████▍  | 59/79 [00:01<00:00, 37.18it/s]
 80%|███████▉  | 63/79 [00:01<00:00, 37.62it/s]
 85%|████████▍ | 67/79 [00:01<00:00, 37.93it/s]
 90%|████████▉ | 71/79 [00:01<00:00, 38.00it/s]
 95%|█████████▍| 75/79 [00:02<00:00, 38.25it/s]
100%|██████████| 79/79 [00:02<00:00, 36.30it/s]

CommRound: 9/30
Accuracy: 85.67% | Loss: 0.5495
[##################------------------------------------------] 30.0%
Elapsed: 6.3m | Avg/Round: 41.7s | Last: 41.7s | Next: 41.7s | Remaining: 14.6m
ETA: 05:22:07
Recent round times: R1: 42.9s -> R2: 43.8s -> R3: 39.0s -> R4: 41.3s -> R5: 41.7s

  0%|          | 0/79 [00:00<?, ?it/s]
  1%|▏         | 1/79 [00:00<00:09,  8.15it/s]
  6%|▋         | 5/79 [00:00<00:03, 23.86it/s]
 13%|█▎        | 10/79 [00:00<00:01, 34.62it/s]
 18%|█▊        | 14/79 [00:00<00:01, 36.49it/s]
 24%|██▍       | 19/79 [00:00<00:01, 35.93it/s]
 32%|███▏      | 25/79 [00:00<00:01, 38.15it/s]
 38%|███▊      | 30/79 [00:00<00:01, 40.87it/s]
 44%|████▍     | 35/79 [00:00<00:01, 39.27it/s]
 51%|█████     | 40/79 [00:01<00:00, 40.76it/s]
 57%|█████▋    | 45/79 [00:01<00:00, 40.11it/s]
 63%|██████▎   | 50/79 [00:01<00:00, 38.83it/s]
 68%|██████▊   | 54/79 [00:01<00:00, 38.44it/s]
 73%|███████▎  | 58/79 [00:01<00:00, 38.37it/s]
 78%|███████▊  | 62/79 [00:01<00:00, 38.00it/s]
 84%|████████▎ | 66/79 [00:01<00:00, 37.67it/s]
 89%|████████▊ | 70/79 [00:01<00:00, 37.81it/s]
 94%|█████████▎| 74/79 [00:01<00:00, 37.92it/s]
100%|██████████| 79/79 [00:02<00:00, 40.57it/s]
100%|██████████| 79/79 [00:02<00:00, 37.49it/s]

CommRound: 10/30
Accuracy: 84.98% | Loss: 0.5840
[####################----------------------------------------] 33.3%
Elapsed: 6.9m | Avg/Round: 41.5s | Last: 39.4s | Next: 41.5s | Remaining: 13.8m
ETA: 05:22:00
Recent round times: R1: 43.8s -> R2: 39.0s -> R3: 41.3s -> R4: 41.7s -> R5: 39.4s

  0%|          | 0/79 [00:00<?, ?it/s]
  1%|▏         | 1/79 [00:00<00:07,  9.90it/s]
  8%|▊         | 6/79 [00:00<00:02, 32.84it/s]
 13%|█▎        | 10/79 [00:00<00:01, 35.03it/s]
 18%|█▊        | 14/79 [00:00<00:01, 36.07it/s]
 23%|██▎       | 18/79 [00:00<00:01, 36.35it/s]
 28%|██▊       | 22/79 [00:00<00:01, 36.69it/s]
 33%|███▎      | 26/79 [00:00<00:01, 37.42it/s]
 38%|███▊      | 30/79 [00:00<00:01, 37.33it/s]
 43%|████▎     | 34/79 [00:00<00:01, 37.32it/s]
 48%|████▊     | 38/79 [00:01<00:01, 37.36it/s]
 53%|█████▎    | 42/79 [00:01<00:00, 37.17it/s]
 58%|█████▊    | 46/79 [00:01<00:00, 37.17it/s]
 63%|██████▎   | 50/79 [00:01<00:00, 37.21it/s]
 68%|██████▊   | 54/79 [00:01<00:00, 37.11it/s]
 73%|███████▎  | 58/79 [00:01<00:00, 36.57it/s]
 78%|███████▊  | 62/79 [00:01<00:00, 36.71it/s]
 84%|████████▎ | 66/79 [00:01<00:00, 36.66it/s]
 89%|████████▊ | 70/79 [00:01<00:00, 37.20it/s]
 94%|█████████▎| 74/79 [00:02<00:00, 37.74it/s]
 99%|█████████▊| 78/79 [00:02<00:00, 37.73it/s]
100%|██████████| 79/79 [00:02<00:00, 36.61it/s]

CommRound: 11/30
Accuracy: 85.04% | Loss: 0.5880
[######################--------------------------------------] 36.7%
Elapsed: 7.6m | Avg/Round: 41.6s | Last: 43.1s | Next: 41.6s | Remaining: 13.2m
ETA: 05:22:04
Recent round times: R1: 39.0s -> R2: 41.3s -> R3: 41.7s -> R4: 39.4s -> R5: 43.1s

  0%|          | 0/79 [00:00<?, ?it/s]
  1%|▏         | 1/79 [00:00<00:08,  9.31it/s]
  9%|▉         | 7/79 [00:00<00:02, 30.98it/s]
 15%|█▌        | 12/79 [00:00<00:01, 36.24it/s]
 20%|██        | 16/79 [00:00<00:01, 36.70it/s]
 25%|██▌       | 20/79 [00:00<00:01, 37.03it/s]
 30%|███       | 24/79 [00:00<00:01, 37.34it/s]
 35%|███▌      | 28/79 [00:00<00:01, 38.06it/s]
 41%|████      | 32/79 [00:00<00:01, 38.61it/s]
 47%|████▋     | 37/79 [00:00<00:01, 41.81it/s]
 53%|█████▎    | 42/79 [00:01<00:00, 39.46it/s]
 58%|█████▊    | 46/79 [00:01<00:00, 39.45it/s]
 63%|██████▎   | 50/79 [00:01<00:00, 39.27it/s]
 71%|███████   | 56/79 [00:01<00:00, 40.00it/s]
 77%|███████▋  | 61/79 [00:01<00:00, 41.16it/s]
 84%|████████▎ | 66/79 [00:01<00:00, 39.81it/s]
 89%|████████▊ | 70/79 [00:01<00:00, 39.24it/s]
 96%|█████████▌| 76/79 [00:01<00:00, 39.63it/s]
100%|██████████| 79/79 [00:02<00:00, 38.26it/s]

CommRound: 12/30
Accuracy: 85.19% | Loss: 0.5867
[########################------------------------------------] 40.0%
Elapsed: 8.3m | Avg/Round: 41.5s | Last: 40.7s | Next: 41.5s | Remaining: 12.5m
ETA: 05:22:02
Recent round times: R1: 41.3s -> R2: 41.7s -> R3: 39.4s -> R4: 43.1s -> R5: 40.7s

  0%|          | 0/79 [00:00<?, ?it/s]
  1%|▏         | 1/79 [00:00<00:08,  9.56it/s]
  9%|▉         | 7/79 [00:00<00:02, 30.68it/s]
 14%|█▍        | 11/79 [00:00<00:02, 32.85it/s]
 19%|█▉        | 15/79 [00:00<00:01, 34.58it/s]
 24%|██▍       | 19/79 [00:00<00:01, 35.55it/s]
 29%|██▉       | 23/79 [00:00<00:01, 36.43it/s]
 34%|███▍      | 27/79 [00:00<00:01, 36.85it/s]
 39%|███▉      | 31/79 [00:00<00:01, 36.86it/s]
 44%|████▍     | 35/79 [00:00<00:01, 37.18it/s]
 49%|████▉     | 39/79 [00:01<00:01, 37.21it/s]
 56%|█████▌    | 44/79 [00:01<00:00, 40.19it/s]
 62%|██████▏   | 49/79 [00:01<00:00, 38.07it/s]
 67%|██████▋   | 53/79 [00:01<00:00, 38.00it/s]
 72%|███████▏  | 57/79 [00:01<00:00, 37.52it/s]
 77%|███████▋  | 61/79 [00:01<00:00, 37.74it/s]
 82%|████████▏ | 65/79 [00:01<00:00, 37.93it/s]
 87%|████████▋ | 69/79 [00:01<00:00, 37.53it/s]
 92%|█████████▏| 73/79 [00:01<00:00, 37.53it/s]
 97%|█████████▋| 77/79 [00:02<00:00, 37.46it/s]
100%|██████████| 79/79 [00:02<00:00, 36.81it/s]

CommRound: 13/30
Accuracy: 85.39% | Loss: 0.5851
[##########################----------------------------------] 43.3%
Elapsed: 8.9m | Avg/Round: 41.3s | Last: 38.1s | Next: 41.3s | Remaining: 11.7m
ETA: 05:21:54
Recent round times: R1: 41.7s -> R2: 39.4s -> R3: 43.1s -> R4: 40.7s -> R5: 38.1s

  0%|          | 0/79 [00:00<?, ?it/s]
  1%|▏         | 1/79 [00:00<00:09,  8.52it/s]
  9%|▉         | 7/79 [00:00<00:02, 30.81it/s]
 14%|█▍        | 11/79 [00:00<00:01, 34.11it/s]
 19%|█▉        | 15/79 [00:00<00:01, 34.37it/s]
 24%|██▍       | 19/79 [00:00<00:01, 34.99it/s]
 29%|██▉       | 23/79 [00:00<00:01, 35.60it/s]
 35%|███▌      | 28/79 [00:00<00:01, 39.56it/s]
 41%|████      | 32/79 [00:00<00:01, 39.56it/s]
 46%|████▌     | 36/79 [00:00<00:01, 39.56it/s]
 51%|█████     | 40/79 [00:01<00:00, 39.44it/s]
 56%|█████▌    | 44/79 [00:01<00:00, 39.21it/s]
 62%|██████▏   | 49/79 [00:01<00:00, 37.06it/s]
 67%|██████▋   | 53/79 [00:01<00:00, 37.80it/s]
 72%|███████▏  | 57/79 [00:01<00:00, 38.14it/s]
 77%|███████▋  | 61/79 [00:01<00:00, 37.88it/s]
 82%|████████▏ | 65/79 [00:01<00:00, 38.00it/s]
 87%|████████▋ | 69/79 [00:01<00:00, 38.31it/s]
 92%|█████████▏| 73/79 [00:01<00:00, 38.53it/s]
 97%|█████████▋| 77/79 [00:02<00:00, 38.49it/s]
100%|██████████| 79/79 [00:02<00:00, 37.59it/s]

CommRound: 14/30
Accuracy: 85.52% | Loss: 0.5847
[############################--------------------------------] 46.7%
Elapsed: 9.6m | Avg/Round: 41.0s | Last: 37.9s | Next: 41.0s | Remaining: 10.9m
ETA: 05:21:47
Recent round times: R1: 39.4s -> R2: 43.1s -> R3: 40.7s -> R4: 38.1s -> R5: 37.9s

  0%|          | 0/79 [00:00<?, ?it/s]
  1%|▏         | 1/79 [00:00<00:09,  7.82it/s]
  9%|▉         | 7/79 [00:00<00:02, 32.07it/s]
 15%|█▌        | 12/79 [00:00<00:01, 36.78it/s]
 20%|██        | 16/79 [00:00<00:01, 36.70it/s]
 25%|██▌       | 20/79 [00:00<00:01, 36.06it/s]
 30%|███       | 24/79 [00:00<00:01, 36.43it/s]
 35%|███▌      | 28/79 [00:00<00:01, 36.72it/s]
 41%|████      | 32/79 [00:00<00:01, 37.08it/s]
 46%|████▌     | 36/79 [00:01<00:01, 37.23it/s]
 51%|█████     | 40/79 [00:01<00:01, 37.21it/s]
 56%|█████▌    | 44/79 [00:01<00:00, 37.43it/s]
 61%|██████    | 48/79 [00:01<00:00, 37.21it/s]
 66%|██████▌   | 52/79 [00:01<00:00, 37.47it/s]
 71%|███████   | 56/79 [00:01<00:00, 37.32it/s]
 76%|███████▌  | 60/79 [00:01<00:00, 37.24it/s]
 81%|████████  | 64/79 [00:01<00:00, 37.21it/s]
 86%|████████▌ | 68/79 [00:01<00:00, 37.25it/s]
 91%|█████████ | 72/79 [00:01<00:00, 36.86it/s]
 96%|█████████▌| 76/79 [00:02<00:00, 37.24it/s]
100%|██████████| 79/79 [00:02<00:00, 36.63it/s]

CommRound: 15/30
Accuracy: 85.65% | Loss: 0.5859
[##############################------------------------------] 50.0%
Elapsed: 10.2m | Avg/Round: 40.8s | Last: 37.2s | Next: 40.8s | Remaining: 10.2m
ETA: 05:21:39
Recent round times: R1: 43.1s -> R2: 40.7s -> R3: 38.1s -> R4: 37.9s -> R5: 37.2s

  0%|          | 0/79 [00:00<?, ?it/s]
  3%|▎         | 2/79 [00:00<00:04, 18.33it/s]
  9%|▉         | 7/79 [00:00<00:02, 31.95it/s]
 14%|█▍        | 11/79 [00:00<00:01, 34.55it/s]
 20%|██        | 16/79 [00:00<00:01, 37.40it/s]
 27%|██▋       | 21/79 [00:00<00:01, 38.81it/s]
 33%|███▎      | 26/79 [00:00<00:01, 38.92it/s]
 39%|███▉      | 31/79 [00:00<00:01, 39.86it/s]
 46%|████▌     | 36/79 [00:00<00:01, 39.41it/s]
 52%|█████▏    | 41/79 [00:01<00:00, 39.95it/s]
 57%|█████▋    | 45/79 [00:01<00:00, 39.59it/s]
 62%|██████▏   | 49/79 [00:01<00:00, 39.55it/s]
 67%|██████▋   | 53/79 [00:01<00:00, 39.55it/s]
 72%|███████▏  | 57/79 [00:01<00:00, 38.97it/s]
 77%|███████▋  | 61/79 [00:01<00:00, 38.87it/s]
 82%|████████▏ | 65/79 [00:01<00:00, 38.48it/s]
 87%|████████▋ | 69/79 [00:01<00:00, 37.23it/s]
 92%|█████████▏| 73/79 [00:01<00:00, 37.06it/s]
 97%|█████████▋| 77/79 [00:02<00:00, 37.56it/s]
100%|██████████| 79/79 [00:02<00:00, 37.87it/s]

CommRound: 16/30
Accuracy: 85.71% | Loss: 0.5879
[################################----------------------------] 53.3%
Elapsed: 10.9m | Avg/Round: 41.0s | Last: 44.6s | Next: 41.0s | Remaining: 9.6m
ETA: 05:21:47
Recent round times: R1: 40.7s -> R2: 38.1s -> R3: 37.9s -> R4: 37.2s -> R5: 44.6s

  0%|          | 0/79 [00:00<?, ?it/s]
  1%|▏         | 1/79 [00:00<00:08,  9.32it/s]
  8%|▊         | 6/79 [00:00<00:02, 32.10it/s]
 13%|█▎        | 10/79 [00:00<00:02, 34.40it/s]
 18%|█▊        | 14/79 [00:00<00:01, 35.39it/s]
 23%|██▎       | 18/79 [00:00<00:01, 36.56it/s]
 28%|██▊       | 22/79 [00:00<00:01, 37.21it/s]
 33%|███▎      | 26/79 [00:00<00:01, 37.36it/s]
 38%|███▊      | 30/79 [00:00<00:01, 36.55it/s]
 43%|████▎     | 34/79 [00:00<00:01, 36.59it/s]
 48%|████▊     | 38/79 [00:01<00:01, 37.35it/s]
 53%|█████▎    | 42/79 [00:01<00:00, 37.01it/s]
 59%|█████▉    | 47/79 [00:01<00:00, 39.45it/s]
 65%|██████▍   | 51/79 [00:01<00:00, 39.49it/s]
 71%|███████   | 56/79 [00:01<00:00, 38.32it/s]
 76%|███████▌  | 60/79 [00:01<00:00, 37.79it/s]
 81%|████████  | 64/79 [00:01<00:00, 37.66it/s]
 86%|████████▌ | 68/79 [00:01<00:00, 37.46it/s]
 91%|█████████ | 72/79 [00:01<00:00, 37.13it/s]
 96%|█████████▌| 76/79 [00:02<00:00, 37.24it/s]
100%|██████████| 79/79 [00:02<00:00, 36.77it/s]

CommRound: 17/30
Accuracy: 85.78% | Loss: 0.5904
[##################################--------------------------] 56.7%
Elapsed: 11.7m | Avg/Round: 41.2s | Last: 43.5s | Next: 41.2s | Remaining: 8.9m
ETA: 05:21:51
Recent round times: R1: 38.1s -> R2: 37.9s -> R3: 37.2s -> R4: 44.6s -> R5: 43.5s

  0%|          | 0/79 [00:00<?, ?it/s]
  1%|▏         | 1/79 [00:00<00:09,  7.88it/s]
  8%|▊         | 6/79 [00:00<00:02, 29.66it/s]
 14%|█▍        | 11/79 [00:00<00:02, 32.39it/s]
 19%|█▉        | 15/79 [00:00<00:01, 34.68it/s]
 25%|██▌       | 20/79 [00:00<00:01, 39.40it/s]
 32%|███▏      | 25/79 [00:00<00:01, 36.80it/s]
 37%|███▋      | 29/79 [00:00<00:01, 37.08it/s]
 42%|████▏     | 33/79 [00:00<00:01, 37.38it/s]
 47%|████▋     | 37/79 [00:01<00:01, 37.59it/s]
 52%|█████▏    | 41/79 [00:01<00:01, 37.27it/s]
 58%|█████▊    | 46/79 [00:01<00:00, 39.98it/s]
 65%|██████▍   | 51/79 [00:01<00:00, 37.54it/s]
 70%|██████▉   | 55/79 [00:01<00:00, 37.97it/s]
 75%|███████▍  | 59/79 [00:01<00:00, 37.64it/s]
 80%|███████▉  | 63/79 [00:01<00:00, 37.97it/s]
 85%|████████▍ | 67/79 [00:01<00:00, 38.24it/s]
 90%|████████▉ | 71/79 [00:01<00:00, 38.43it/s]
 95%|█████████▍| 75/79 [00:02<00:00, 38.47it/s]
100%|██████████| 79/79 [00:02<00:00, 37.23it/s]

CommRound: 18/30
Accuracy: 85.81% | Loss: 0.5931
[####################################------------------------] 60.0%
Elapsed: 12.4m | Avg/Round: 41.2s | Last: 42.7s | Next: 41.2s | Remaining: 8.2m
ETA: 05:21:54
Recent round times: R1: 37.9s -> R2: 37.2s -> R3: 44.6s -> R4: 43.5s -> R5: 42.7s

  0%|          | 0/79 [00:00<?, ?it/s]
  1%|▏         | 1/79 [00:00<00:07,  9.75it/s]
  8%|▊         | 6/79 [00:00<00:02, 32.99it/s]
 14%|█▍        | 11/79 [00:00<00:02, 33.48it/s]
 19%|█▉        | 15/79 [00:00<00:01, 35.24it/s]
 24%|██▍       | 19/79 [00:00<00:01, 36.01it/s]
 29%|██▉       | 23/79 [00:00<00:01, 36.30it/s]
 35%|███▌      | 28/79 [00:00<00:01, 40.20it/s]
 42%|████▏     | 33/79 [00:00<00:01, 37.34it/s]
 47%|████▋     | 37/79 [00:01<00:01, 37.67it/s]
 52%|█████▏    | 41/79 [00:01<00:01, 37.86it/s]
 58%|█████▊    | 46/79 [00:01<00:00, 41.18it/s]
 65%|██████▍   | 51/79 [00:01<00:00, 38.54it/s]
 71%|███████   | 56/79 [00:01<00:00, 41.47it/s]
 77%|███████▋  | 61/79 [00:01<00:00, 39.51it/s]
 84%|████████▎ | 66/79 [00:01<00:00, 41.67it/s]
 90%|████████▉ | 71/79 [00:01<00:00, 39.48it/s]
 96%|█████████▌| 76/79 [00:01<00:00, 41.60it/s]
100%|██████████| 79/79 [00:02<00:00, 38.49it/s]

CommRound: 19/30
Accuracy: 85.85% | Loss: 0.5958
[######################################----------------------] 63.3%
Elapsed: 13.2m | Avg/Round: 41.6s | Last: 47.9s | Next: 41.6s | Remaining: 7.6m
ETA: 05:22:04
Recent round times: R1: 37.2s -> R2: 44.6s -> R3: 43.5s -> R4: 42.7s -> R5: 47.9s

  0%|          | 0/79 [00:00<?, ?it/s]
  3%|▎         | 2/79 [00:00<00:04, 17.98it/s]
  8%|▊         | 6/79 [00:00<00:02, 29.72it/s]
 13%|█▎        | 10/79 [00:00<00:02, 31.92it/s]
 18%|█▊        | 14/79 [00:00<00:01, 33.18it/s]
 23%|██▎       | 18/79 [00:00<00:01, 32.79it/s]
 28%|██▊       | 22/79 [00:00<00:01, 32.72it/s]
 33%|███▎      | 26/79 [00:00<00:01, 32.83it/s]
 38%|███▊      | 30/79 [00:00<00:01, 32.88it/s]
 43%|████▎     | 34/79 [00:01<00:01, 32.91it/s]
 48%|████▊     | 38/79 [00:01<00:01, 32.87it/s]
 53%|█████▎    | 42/79 [00:01<00:01, 32.84it/s]
 58%|█████▊    | 46/79 [00:01<00:01, 32.88it/s]
 63%|██████▎   | 50/79 [00:01<00:00, 32.78it/s]
 68%|██████▊   | 54/79 [00:01<00:00, 33.57it/s]
 73%|███████▎  | 58/79 [00:01<00:00, 34.91it/s]
 78%|███████▊  | 62/79 [00:01<00:00, 36.10it/s]
 84%|████████▎ | 66/79 [00:01<00:00, 36.43it/s]
 89%|████████▊ | 70/79 [00:02<00:00, 35.94it/s]
 94%|█████████▎| 74/79 [00:02<00:00, 36.52it/s]
 99%|█████████▊| 78/79 [00:02<00:00, 36.60it/s]
100%|██████████| 79/79 [00:02<00:00, 34.03it/s]

CommRound: 20/30
Accuracy: 85.88% | Loss: 0.5985
[########################################--------------------] 66.7%
Elapsed: 13.9m | Avg/Round: 41.6s | Last: 42.5s | Next: 41.6s | Remaining: 6.9m
ETA: 05:22:05
Recent round times: R1: 44.6s -> R2: 43.5s -> R3: 42.7s -> R4: 47.9s -> R5: 42.5s

  0%|          | 0/79 [00:00<?, ?it/s]
  1%|▏         | 1/79 [00:00<00:08,  9.15it/s]
  6%|▋         | 5/79 [00:00<00:02, 25.79it/s]
 11%|█▏        | 9/79 [00:00<00:02, 30.82it/s]
 16%|█▋        | 13/79 [00:00<00:01, 34.10it/s]
 22%|██▏       | 17/79 [00:00<00:01, 35.81it/s]
 27%|██▋       | 21/79 [00:00<00:01, 36.13it/s]
 32%|███▏      | 25/79 [00:00<00:01, 36.31it/s]
 37%|███▋      | 29/79 [00:00<00:01, 36.41it/s]
 42%|████▏     | 33/79 [00:00<00:01, 36.73it/s]
 48%|████▊     | 38/79 [00:01<00:01, 39.72it/s]
 53%|█████▎    | 42/79 [00:01<00:00, 38.46it/s]
 58%|█████▊    | 46/79 [00:01<00:00, 38.01it/s]
 63%|██████▎   | 50/79 [00:01<00:00, 37.73it/s]
 68%|██████▊   | 54/79 [00:01<00:00, 37.59it/s]
 73%|███████▎  | 58/79 [00:01<00:00, 36.92it/s]
 78%|███████▊  | 62/79 [00:01<00:00, 37.05it/s]
 84%|████████▎ | 66/79 [00:01<00:00, 37.04it/s]
 89%|████████▊ | 70/79 [00:01<00:00, 37.07it/s]
 94%|█████████▎| 74/79 [00:02<00:00, 37.04it/s]
 99%|█████████▊| 78/79 [00:02<00:00, 36.90it/s]
100%|██████████| 79/79 [00:02<00:00, 36.20it/s]

CommRound: 21/30
Accuracy: 85.92% | Loss: 0.6012
[##########################################------------------] 70.0%
Elapsed: 14.6m | Avg/Round: 41.7s | Last: 43.7s | Next: 41.7s | Remaining: 6.3m
ETA: 05:22:08
Recent round times: R1: 43.5s -> R2: 42.7s -> R3: 47.9s -> R4: 42.5s -> R5: 43.7s

  0%|          | 0/79 [00:00<?, ?it/s]
  1%|▏         | 1/79 [00:00<00:09,  7.86it/s]
  9%|▉         | 7/79 [00:00<00:02, 27.85it/s]
 15%|█▌        | 12/79 [00:00<00:01, 35.60it/s]
 20%|██        | 16/79 [00:00<00:01, 36.95it/s]
 25%|██▌       | 20/79 [00:00<00:01, 37.66it/s]
 32%|███▏      | 25/79 [00:00<00:01, 37.66it/s]
 37%|███▋      | 29/79 [00:00<00:01, 38.25it/s]
 43%|████▎     | 34/79 [00:00<00:01, 41.45it/s]
 49%|████▉     | 39/79 [00:01<00:01, 39.04it/s]
 56%|█████▌    | 44/79 [00:01<00:00, 40.28it/s]
 62%|██████▏   | 49/79 [00:01<00:00, 38.88it/s]
 67%|██████▋   | 53/79 [00:01<00:00, 38.87it/s]
 73%|███████▎  | 58/79 [00:01<00:00, 37.80it/s]
 78%|███████▊  | 62/79 [00:01<00:00, 37.28it/s]
 84%|████████▎ | 66/79 [00:01<00:00, 37.23it/s]
 89%|████████▊ | 70/79 [00:01<00:00, 37.35it/s]
 94%|█████████▎| 74/79 [00:01<00:00, 37.07it/s]
 99%|█████████▊| 78/79 [00:02<00:00, 36.80it/s]
100%|██████████| 79/79 [00:02<00:00, 37.01it/s]

CommRound: 22/30
Accuracy: 85.94% | Loss: 0.6037
[############################################----------------] 73.3%
Elapsed: 15.3m | Avg/Round: 41.7s | Last: 40.7s | Next: 41.7s | Remaining: 5.6m
ETA: 05:22:07
Recent round times: R1: 42.7s -> R2: 47.9s -> R3: 42.5s -> R4: 43.7s -> R5: 40.7s

  0%|          | 0/79 [00:00<?, ?it/s]
  1%|▏         | 1/79 [00:00<00:08,  9.43it/s]
  9%|▉         | 7/79 [00:00<00:02, 31.41it/s]
 15%|█▌        | 12/79 [00:00<00:01, 38.49it/s]
 20%|██        | 16/79 [00:00<00:01, 39.01it/s]
 25%|██▌       | 20/79 [00:00<00:01, 38.93it/s]
 30%|███       | 24/79 [00:00<00:01, 38.88it/s]
 35%|███▌      | 28/79 [00:00<00:01, 38.72it/s]
 41%|████      | 32/79 [00:00<00:01, 38.60it/s]
 46%|████▌     | 36/79 [00:00<00:01, 38.40it/s]
 51%|█████     | 40/79 [00:01<00:01, 38.56it/s]
 56%|█████▌    | 44/79 [00:01<00:00, 38.51it/s]
 61%|██████    | 48/79 [00:01<00:00, 38.31it/s]
 66%|██████▌   | 52/79 [00:01<00:00, 38.05it/s]
 71%|███████   | 56/79 [00:01<00:00, 37.95it/s]
 76%|███████▌  | 60/79 [00:01<00:00, 38.00it/s]
 81%|████████  | 64/79 [00:01<00:00, 37.97it/s]
 86%|████████▌ | 68/79 [00:01<00:00, 38.31it/s]
 91%|█████████ | 72/79 [00:01<00:00, 38.26it/s]
 96%|█████████▌| 76/79 [00:02<00:00, 38.35it/s]
100%|██████████| 79/79 [00:02<00:00, 37.66it/s]

CommRound: 23/30
Accuracy: 85.97% | Loss: 0.6062
[##############################################--------------] 76.7%
Elapsed: 16.1m | Avg/Round: 41.9s | Last: 46.0s | Next: 41.9s | Remaining: 4.9m
ETA: 05:22:13
Recent round times: R1: 47.9s -> R2: 42.5s -> R3: 43.7s -> R4: 40.7s -> R5: 46.0s

  0%|          | 0/79 [00:00<?, ?it/s]
  1%|▏         | 1/79 [00:00<00:08,  8.88it/s]
  9%|▉         | 7/79 [00:00<00:02, 32.13it/s]
 14%|█▍        | 11/79 [00:00<00:01, 35.09it/s]
 19%|█▉        | 15/79 [00:00<00:01, 36.01it/s]
 24%|██▍       | 19/79 [00:00<00:01, 36.76it/s]
 29%|██▉       | 23/79 [00:00<00:01, 37.45it/s]
 34%|███▍      | 27/79 [00:00<00:01, 37.83it/s]
 39%|███▉      | 31/79 [00:00<00:01, 37.82it/s]
 44%|████▍     | 35/79 [00:00<00:01, 37.85it/s]
 49%|████▉     | 39/79 [00:01<00:01, 37.89it/s]
 54%|█████▍    | 43/79 [00:01<00:00, 37.81it/s]
 59%|█████▉    | 47/79 [00:01<00:00, 38.03it/s]
 65%|██████▍   | 51/79 [00:01<00:00, 38.45it/s]
 70%|██████▉   | 55/79 [00:01<00:00, 38.44it/s]
 75%|███████▍  | 59/79 [00:01<00:00, 38.49it/s]
 80%|███████▉  | 63/79 [00:01<00:00, 38.41it/s]
 85%|████████▍ | 67/79 [00:01<00:00, 37.42it/s]
 90%|████████▉ | 71/79 [00:01<00:00, 37.38it/s]
 95%|█████████▍| 75/79 [00:02<00:00, 37.53it/s]
100%|██████████| 79/79 [00:02<00:00, 37.35it/s]

CommRound: 24/30
Accuracy: 85.99% | Loss: 0.6086
[################################################------------] 80.0%
Elapsed: 16.7m | Avg/Round: 41.8s | Last: 40.3s | Next: 41.8s | Remaining: 4.2m
ETA: 05:22:11
Recent round times: R1: 42.5s -> R2: 43.7s -> R3: 40.7s -> R4: 46.0s -> R5: 40.3s

  0%|          | 0/79 [00:00<?, ?it/s]
  1%|▏         | 1/79 [00:00<00:08,  8.74it/s]
  9%|▉         | 7/79 [00:00<00:02, 31.53it/s]
 14%|█▍        | 11/79 [00:00<00:01, 34.92it/s]
 19%|█▉        | 15/79 [00:00<00:01, 36.74it/s]
 25%|██▌       | 20/79 [00:00<00:01, 36.81it/s]
 30%|███       | 24/79 [00:00<00:01, 36.97it/s]
 35%|███▌      | 28/79 [00:00<00:01, 36.95it/s]
 41%|████      | 32/79 [00:00<00:01, 36.13it/s]
 46%|████▌     | 36/79 [00:01<00:01, 36.08it/s]
 51%|█████     | 40/79 [00:01<00:01, 35.59it/s]
 56%|█████▌    | 44/79 [00:01<00:00, 35.89it/s]
 61%|██████    | 48/79 [00:01<00:00, 36.05it/s]
 66%|██████▌   | 52/79 [00:01<00:00, 35.91it/s]
 71%|███████   | 56/79 [00:01<00:00, 35.73it/s]
 76%|███████▌  | 60/79 [00:01<00:00, 35.92it/s]
 81%|████████  | 64/79 [00:01<00:00, 36.31it/s]
 86%|████████▌ | 68/79 [00:01<00:00, 36.23it/s]
 91%|█████████ | 72/79 [00:02<00:00, 36.35it/s]
 96%|█████████▌| 76/79 [00:02<00:00, 36.39it/s]
100%|██████████| 79/79 [00:02<00:00, 35.68it/s]

CommRound: 25/30
Accuracy: 85.95% | Loss: 0.6109
[##################################################----------] 83.3%
Elapsed: 17.4m | Avg/Round: 41.9s | Last: 43.2s | Next: 41.9s | Remaining: 3.5m
ETA: 05:22:12
Recent round times: R1: 43.7s -> R2: 40.7s -> R3: 46.0s -> R4: 40.3s -> R5: 43.2s

  0%|          | 0/79 [00:00<?, ?it/s]
  3%|▎         | 2/79 [00:00<00:04, 18.56it/s]
  8%|▊         | 6/79 [00:00<00:02, 28.88it/s]
 13%|█▎        | 10/79 [00:00<00:02, 31.50it/s]
 18%|█▊        | 14/79 [00:00<00:01, 32.86it/s]
 23%|██▎       | 18/79 [00:00<00:01, 33.67it/s]
 28%|██▊       | 22/79 [00:00<00:01, 34.35it/s]
 33%|███▎      | 26/79 [00:00<00:01, 33.97it/s]
 38%|███▊      | 30/79 [00:00<00:01, 33.99it/s]
 43%|████▎     | 34/79 [00:01<00:01, 33.88it/s]
 48%|████▊     | 38/79 [00:01<00:01, 33.87it/s]
 53%|█████▎    | 42/79 [00:01<00:01, 33.88it/s]
 58%|█████▊    | 46/79 [00:01<00:00, 33.94it/s]
 63%|██████▎   | 50/79 [00:01<00:00, 33.89it/s]
 68%|██████▊   | 54/79 [00:01<00:00, 33.79it/s]
 73%|███████▎  | 58/79 [00:01<00:00, 33.50it/s]
 78%|███████▊  | 62/79 [00:01<00:00, 33.56it/s]
 84%|████████▎ | 66/79 [00:01<00:00, 33.68it/s]
 89%|████████▊ | 70/79 [00:02<00:00, 33.71it/s]
 94%|█████████▎| 74/79 [00:02<00:00, 33.49it/s]
 99%|█████████▊| 78/79 [00:02<00:00, 33.62it/s]
100%|██████████| 79/79 [00:02<00:00, 33.46it/s]

CommRound: 26/30
Accuracy: 85.97% | Loss: 0.6130
[####################################################--------] 86.7%
Elapsed: 18.0m | Avg/Round: 41.7s | Last: 36.2s | Next: 41.7s | Remaining: 2.8m
ETA: 05:22:06
Recent round times: R1: 40.7s -> R2: 46.0s -> R3: 40.3s -> R4: 43.2s -> R5: 36.2s

  0%|          | 0/79 [00:00<?, ?it/s]
  1%|▏         | 1/79 [00:00<00:08,  9.48it/s]
  8%|▊         | 6/79 [00:00<00:02, 32.07it/s]
 13%|█▎        | 10/79 [00:00<00:02, 34.01it/s]
 18%|█▊        | 14/79 [00:00<00:01, 34.95it/s]
 23%|██▎       | 18/79 [00:00<00:01, 35.69it/s]
 28%|██▊       | 22/79 [00:00<00:01, 36.30it/s]
 33%|███▎      | 26/79 [00:00<00:01, 36.61it/s]
 38%|███▊      | 30/79 [00:00<00:01, 37.01it/s]
 43%|████▎     | 34/79 [00:00<00:01, 37.30it/s]
 48%|████▊     | 38/79 [00:01<00:01, 37.43it/s]
 53%|█████▎    | 42/79 [00:01<00:00, 37.42it/s]
 58%|█████▊    | 46/79 [00:01<00:00, 37.37it/s]
 63%|██████▎   | 50/79 [00:01<00:00, 37.31it/s]
 68%|██████▊   | 54/79 [00:01<00:00, 37.62it/s]
 73%|███████▎  | 58/79 [00:01<00:00, 37.50it/s]
 78%|███████▊  | 62/79 [00:01<00:00, 38.00it/s]
 85%|████████▍ | 67/79 [00:01<00:00, 41.21it/s]
 91%|█████████ | 72/79 [00:01<00:00, 38.58it/s]
 96%|█████████▌| 76/79 [00:02<00:00, 38.88it/s]
100%|██████████| 79/79 [00:02<00:00, 37.11it/s]

CommRound: 27/30
Accuracy: 86.00% | Loss: 0.6151
[######################################################------] 90.0%
Elapsed: 18.8m | Avg/Round: 41.7s | Last: 43.3s | Next: 41.7s | Remaining: 2.1m
ETA: 05:22:08
Recent round times: R1: 46.0s -> R2: 40.3s -> R3: 43.2s -> R4: 36.2s -> R5: 43.3s

  0%|          | 0/79 [00:00<?, ?it/s]
  1%|▏         | 1/79 [00:00<00:09,  8.53it/s]
  9%|▉         | 7/79 [00:00<00:02, 31.54it/s]
 14%|█▍        | 11/79 [00:00<00:01, 34.35it/s]
 19%|█▉        | 15/79 [00:00<00:01, 36.05it/s]
 24%|██▍       | 19/79 [00:00<00:01, 36.64it/s]
 30%|███       | 24/79 [00:00<00:01, 40.47it/s]
 37%|███▋      | 29/79 [00:00<00:01, 38.31it/s]
 42%|████▏     | 33/79 [00:00<00:01, 38.75it/s]
 47%|████▋     | 37/79 [00:01<00:01, 38.91it/s]
 53%|█████▎    | 42/79 [00:01<00:00, 41.69it/s]
 59%|█████▉    | 47/79 [00:01<00:00, 39.12it/s]
 66%|██████▌   | 52/79 [00:01<00:00, 42.02it/s]
 72%|███████▏  | 57/79 [00:01<00:00, 39.42it/s]
 78%|███████▊  | 62/79 [00:01<00:00, 41.13it/s]
 85%|████████▍ | 67/79 [00:01<00:00, 38.61it/s]
 90%|████████▉ | 71/79 [00:01<00:00, 38.69it/s]
 96%|█████████▌| 76/79 [00:01<00:00, 41.43it/s]
100%|██████████| 79/79 [00:02<00:00, 38.71it/s]

CommRound: 28/30
Accuracy: 86.01% | Loss: 0.6171
[########################################################----] 93.3%
Elapsed: 19.4m | Avg/Round: 41.6s | Last: 38.9s | Next: 41.6s | Remaining: 1.4m
ETA: 05:22:05
Recent round times: R1: 40.3s -> R2: 43.2s -> R3: 36.2s -> R4: 43.3s -> R5: 38.9s

  0%|          | 0/79 [00:00<?, ?it/s]
  1%|▏         | 1/79 [00:00<00:08,  8.83it/s]
  9%|▉         | 7/79 [00:00<00:02, 31.70it/s]
 14%|█▍        | 11/79 [00:00<00:01, 34.82it/s]
 19%|█▉        | 15/79 [00:00<00:01, 36.29it/s]
 24%|██▍       | 19/79 [00:00<00:01, 37.36it/s]
 29%|██▉       | 23/79 [00:00<00:01, 38.05it/s]
 34%|███▍      | 27/79 [00:00<00:01, 38.42it/s]
 39%|███▉      | 31/79 [00:00<00:01, 37.99it/s]
 44%|████▍     | 35/79 [00:00<00:01, 37.49it/s]
 49%|████▉     | 39/79 [00:01<00:01, 36.95it/s]
 54%|█████▍    | 43/79 [00:01<00:00, 36.29it/s]
 59%|█████▉    | 47/79 [00:01<00:00, 35.80it/s]
 65%|██████▍   | 51/79 [00:01<00:00, 35.82it/s]
 70%|██████▉   | 55/79 [00:01<00:00, 36.06it/s]
 75%|███████▍  | 59/79 [00:01<00:00, 36.53it/s]
 81%|████████  | 64/79 [00:01<00:00, 39.76it/s]
 86%|████████▌ | 68/79 [00:01<00:00, 39.58it/s]
 91%|█████████ | 72/79 [00:01<00:00, 39.24it/s]
 96%|█████████▌| 76/79 [00:02<00:00, 39.05it/s]
100%|██████████| 79/79 [00:02<00:00, 36.94it/s]

CommRound: 29/30
Accuracy: 86.02% | Loss: 0.6189
[##########################################################--] 96.7%
Elapsed: 20.1m | Avg/Round: 41.6s | Last: 42.6s | Next: 41.6s | Remaining: 0.7m
ETA: 05:22:06
Recent round times: R1: 43.2s -> R2: 36.2s -> R3: 43.3s -> R4: 38.9s -> R5: 42.6s

  0%|          | 0/79 [00:00<?, ?it/s]
  1%|▏         | 1/79 [00:00<00:08,  9.00it/s]
  9%|▉         | 7/79 [00:00<00:02, 29.15it/s]
 14%|█▍        | 11/79 [00:00<00:02, 31.15it/s]
 19%|█▉        | 15/79 [00:00<00:01, 32.28it/s]
 24%|██▍       | 19/79 [00:00<00:01, 32.75it/s]
 29%|██▉       | 23/79 [00:00<00:01, 33.13it/s]
 34%|███▍      | 27/79 [00:00<00:01, 33.78it/s]
 39%|███▉      | 31/79 [00:00<00:01, 33.40it/s]
 44%|████▍     | 35/79 [00:01<00:01, 33.42it/s]
 49%|████▉     | 39/79 [00:01<00:01, 33.69it/s]
 54%|█████▍    | 43/79 [00:01<00:01, 34.98it/s]
 59%|█████▉    | 47/79 [00:01<00:00, 35.93it/s]
 65%|██████▍   | 51/79 [00:01<00:00, 36.41it/s]
 70%|██████▉   | 55/79 [00:01<00:00, 36.78it/s]
 75%|███████▍  | 59/79 [00:01<00:00, 37.40it/s]
 80%|███████▉  | 63/79 [00:01<00:00, 37.60it/s]
 85%|████████▍ | 67/79 [00:01<00:00, 37.68it/s]
 90%|████████▉ | 71/79 [00:02<00:00, 37.82it/s]
 95%|█████████▍| 75/79 [00:02<00:00, 38.08it/s]
100%|██████████| 79/79 [00:02<00:00, 35.41it/s]

CommRound: 30/30
Accuracy: 86.01% | Loss: 0.6207
[############################################################] 100.0%
Elapsed: 20.8m | Avg/Round: 41.6s | Last: 40.9s | Next: 41.6s | Remaining: 0.0m
ETA: 05:22:05
Recent round times: R1: 36.2s -> R2: 43.3s -> R3: 38.9s -> R4: 42.6s -> R5: 40.9s
Total time for experiment: 1248.7162659168243 seconds
Device average training time per communication round [s]:
    rpi (sld-rpi-09.ece.utexas.edu): 23.80 seconds
    mc1 (sld-mc1-09.ece.utexas.edu): 38.36 seconds
