Connecting to sld-rpi-09.ece.utexas.edu...
Successfully fetched dev0_pow_temp_log_exp150_run1.csv.
Connecting to sld-rpi-09.ece.utexas.edu...
Successfully fetched dev0_communication_log_exp150_run1.csv.
Connecting to sld-mc1-09.ece.utexas.edu...
Successfully fetched dev1_pow_temp_log_exp150_run1.csv.
Connecting to sld-mc1-09.ece.utexas.edu...
Successfully fetched dev1_communication_log_exp150_run1.csv.

Exp150
Experiment 150: 
	Global test accuracy [%]: 81.04 %
	No round found where all subsequent rounds have accuracy >= 90.00%.
	Average time per communication round [s]: 24.46 seconds
	Total wall clock time [s]: 746.17 seconds


Experiment 150:
	RPi avg. energy consumption per round [J]: 82.60 Joules
	MC1 avg. energy consumption per round [J]: 176.92 Joules
	Total avg. energy consumption per communication round [J]: 259.52 Joules
	Avg. amount of communicated data per communication round [MB]: 4.62 MB
	RPi avg. power consumption per round [W]: 5.48 Watts
	MC1 avg. power consumption per round [W]: 7.30 Watts
