Connecting to sld-rpi-09.ece.utexas.edu...
Successfully fetched dev0_pow_temp_log_exp177_run1.csv.
Connecting to sld-rpi-09.ece.utexas.edu...
Successfully fetched dev0_communication_log_exp177_run1.csv.
Connecting to sld-mc1-09.ece.utexas.edu...
Successfully fetched dev1_pow_temp_log_exp177_run1.csv.
Connecting to sld-mc1-09.ece.utexas.edu...
Successfully fetched dev1_communication_log_exp177_run1.csv.

Exp177
Experiment 177: 
	Global test accuracy [%]: 91.19 %
	Convergence time [#round]: 13 communication rounds
	Total wall clock time to reach 90.00% [s]: 726.32 seconds
	Average time per communication round [s]: 61.5 seconds
	Total wall clock time [s]: 1,732.60 seconds


Experiment 177:
	RPi avg. energy consumption per round [J]: 48.28 Joules
	MC1 avg. energy consumption per round [J]: 410.63 Joules
	Total avg. energy consumption per communication round [J]: 458.90 Joules
	Avg. amount of communicated data per communication round [MB]: 0.24 MB
	RPi avg. power consumption per round [W]: 5.43 Watts
	MC1 avg. power consumption per round [W]: 7.50 Watts
