
  0%|          | 0/79 [00:00<?, ?it/s]
  4%|▍         | 3/79 [00:00<00:03, 23.04it/s]
 10%|█         | 8/79 [00:00<00:02, 34.43it/s]
 16%|█▋        | 13/79 [00:00<00:01, 35.28it/s]
 22%|██▏       | 17/79 [00:00<00:01, 36.39it/s]
 27%|██▋       | 21/79 [00:00<00:01, 37.20it/s]
 32%|███▏      | 25/79 [00:00<00:01, 37.60it/s]
 37%|███▋      | 29/79 [00:00<00:01, 38.18it/s]
 42%|████▏     | 33/79 [00:00<00:01, 38.43it/s]
 47%|████▋     | 37/79 [00:01<00:01, 38.71it/s]
 53%|█████▎    | 42/79 [00:01<00:00, 42.03it/s]
 59%|█████▉    | 47/79 [00:01<00:00, 37.26it/s]
 65%|██████▍   | 51/79 [00:01<00:00, 37.07it/s]
 70%|██████▉   | 55/79 [00:01<00:00, 37.18it/s]
 75%|███████▍  | 59/79 [00:01<00:00, 37.59it/s]
 81%|████████  | 64/79 [00:01<00:00, 40.87it/s]
 87%|████████▋ | 69/79 [00:01<00:00, 37.82it/s]
 92%|█████████▏| 73/79 [00:01<00:00, 37.94it/s]
 99%|█████████▊| 78/79 [00:02<00:00, 40.42it/s]
100%|██████████| 79/79 [00:02<00:00, 38.20it/s]
Initial Accuracy: 11.08%; Initial Loss: 2.3067

  0%|          | 0/79 [00:00<?, ?it/s]
  3%|▎         | 2/79 [00:00<00:04, 19.20it/s]
  8%|▊         | 6/79 [00:00<00:02, 31.14it/s]
 13%|█▎        | 10/79 [00:00<00:01, 34.82it/s]
 18%|█▊        | 14/79 [00:00<00:01, 35.96it/s]
 23%|██▎       | 18/79 [00:00<00:01, 36.31it/s]
 28%|██▊       | 22/79 [00:00<00:01, 36.82it/s]
 33%|███▎      | 26/79 [00:00<00:01, 37.66it/s]
 38%|███▊      | 30/79 [00:00<00:01, 37.86it/s]
 44%|████▍     | 35/79 [00:00<00:01, 36.61it/s]
 49%|████▉     | 39/79 [00:01<00:01, 37.30it/s]
 56%|█████▌    | 44/79 [00:01<00:00, 40.51it/s]
 62%|██████▏   | 49/79 [00:01<00:00, 37.46it/s]
 67%|██████▋   | 53/79 [00:01<00:00, 37.63it/s]
 72%|███████▏  | 57/79 [00:01<00:00, 38.10it/s]
 77%|███████▋  | 61/79 [00:01<00:00, 38.31it/s]
 82%|████████▏ | 65/79 [00:01<00:00, 38.45it/s]
 87%|████████▋ | 69/79 [00:01<00:00, 38.75it/s]
 92%|█████████▏| 73/79 [00:01<00:00, 38.45it/s]
 97%|█████████▋| 77/79 [00:02<00:00, 38.03it/s]
100%|██████████| 79/79 [00:02<00:00, 37.89it/s]

CommRound: 1/30
Accuracy: 65.44% | Loss: 0.9986
[##----------------------------------------------------------] 3.3%
Elapsed: 0.9m | Avg/Round: 52.2s | Last: 50.1s | Next: 52.2s | Remaining: 25.2m
ETA: 07:27:35
Recent round times: R1: 50.1s

  0%|          | 0/79 [00:00<?, ?it/s]
  3%|▎         | 2/79 [00:00<00:04, 18.82it/s]
  9%|▉         | 7/79 [00:00<00:02, 30.55it/s]
 14%|█▍        | 11/79 [00:00<00:02, 33.69it/s]
 19%|█▉        | 15/79 [00:00<00:01, 35.68it/s]
 25%|██▌       | 20/79 [00:00<00:01, 37.27it/s]
 30%|███       | 24/79 [00:00<00:01, 37.50it/s]
 35%|███▌      | 28/79 [00:00<00:01, 37.68it/s]
 41%|████      | 32/79 [00:00<00:01, 37.87it/s]
 46%|████▌     | 36/79 [00:00<00:01, 38.02it/s]
 52%|█████▏    | 41/79 [00:01<00:00, 40.35it/s]
 58%|█████▊    | 46/79 [00:01<00:00, 38.43it/s]
 63%|██████▎   | 50/79 [00:01<00:00, 38.39it/s]
 68%|██████▊   | 54/79 [00:01<00:00, 38.64it/s]
 73%|███████▎  | 58/79 [00:01<00:00, 38.65it/s]
 78%|███████▊  | 62/79 [00:01<00:00, 38.87it/s]
 84%|████████▎ | 66/79 [00:01<00:00, 38.86it/s]
 89%|████████▊ | 70/79 [00:01<00:00, 39.00it/s]
 94%|█████████▎| 74/79 [00:01<00:00, 39.29it/s]
100%|██████████| 79/79 [00:02<00:00, 42.02it/s]
100%|██████████| 79/79 [00:02<00:00, 38.01it/s]

CommRound: 2/30
Accuracy: 79.28% | Loss: 0.6246
[####--------------------------------------------------------] 6.7%
Elapsed: 1.6m | Avg/Round: 48.4s | Last: 44.6s | Next: 48.4s | Remaining: 22.6m
ETA: 07:25:40
Recent round times: R1: 50.1s -> R2: 44.6s

  0%|          | 0/79 [00:00<?, ?it/s]
  1%|▏         | 1/79 [00:00<00:09,  8.22it/s]
  9%|▉         | 7/79 [00:00<00:02, 33.05it/s]
 15%|█▌        | 12/79 [00:00<00:01, 39.40it/s]
 22%|██▏       | 17/79 [00:00<00:01, 35.99it/s]
 29%|██▉       | 23/79 [00:00<00:01, 38.72it/s]
 35%|███▌      | 28/79 [00:00<00:01, 41.66it/s]
 42%|████▏     | 33/79 [00:00<00:01, 38.92it/s]
 48%|████▊     | 38/79 [00:00<00:00, 41.57it/s]
 54%|█████▍    | 43/79 [00:01<00:00, 39.23it/s]
 61%|██████    | 48/79 [00:01<00:00, 41.95it/s]
 67%|██████▋   | 53/79 [00:01<00:00, 39.37it/s]
 73%|███████▎  | 58/79 [00:01<00:00, 41.96it/s]
 80%|███████▉  | 63/79 [00:01<00:00, 39.38it/s]
 86%|████████▌ | 68/79 [00:01<00:00, 41.97it/s]
 92%|█████████▏| 73/79 [00:01<00:00, 39.51it/s]
100%|██████████| 79/79 [00:01<00:00, 44.27it/s]
100%|██████████| 79/79 [00:01<00:00, 39.78it/s]

CommRound: 3/30
Accuracy: 81.40% | Loss: 0.5574
[######------------------------------------------------------] 10.0%
Elapsed: 2.4m | Avg/Round: 47.2s | Last: 45.0s | Next: 47.2s | Remaining: 21.3m
ETA: 07:25:06
Recent round times: R1: 50.1s -> R2: 44.6s -> R3: 45.0s

  0%|          | 0/79 [00:00<?, ?it/s]
  1%|▏         | 1/79 [00:00<00:08,  9.48it/s]
  9%|▉         | 7/79 [00:00<00:02, 32.06it/s]
 16%|█▋        | 13/79 [00:00<00:01, 37.37it/s]
 24%|██▍       | 19/79 [00:00<00:01, 39.32it/s]
 32%|███▏      | 25/79 [00:00<00:01, 40.53it/s]
 39%|███▉      | 31/79 [00:00<00:01, 41.22it/s]
 47%|████▋     | 37/79 [00:00<00:01, 41.60it/s]
 54%|█████▍    | 43/79 [00:01<00:00, 41.87it/s]
 62%|██████▏   | 49/79 [00:01<00:00, 41.89it/s]
 70%|██████▉   | 55/79 [00:01<00:00, 41.88it/s]
 77%|███████▋  | 61/79 [00:01<00:00, 41.88it/s]
 84%|████████▎ | 66/79 [00:01<00:00, 43.43it/s]
 90%|████████▉ | 71/79 [00:01<00:00, 41.41it/s]
 97%|█████████▋| 77/79 [00:01<00:00, 41.89it/s]
100%|██████████| 79/79 [00:01<00:00, 41.19it/s]

CommRound: 4/30
Accuracy: 85.22% | Loss: 0.5276
[########----------------------------------------------------] 13.3%
Elapsed: 3.2m | Avg/Round: 48.2s | Last: 51.0s | Next: 48.2s | Remaining: 20.9m
ETA: 07:25:34
Recent round times: R1: 50.1s -> R2: 44.6s -> R3: 45.0s -> R4: 51.0s

  0%|          | 0/79 [00:00<?, ?it/s]
  1%|▏         | 1/79 [00:00<00:09,  8.25it/s]
  9%|▉         | 7/79 [00:00<00:02, 33.60it/s]
 15%|█▌        | 12/79 [00:00<00:01, 37.14it/s]
 20%|██        | 16/79 [00:00<00:01, 37.71it/s]
 27%|██▋       | 21/79 [00:00<00:01, 39.58it/s]
 32%|███▏      | 25/79 [00:00<00:01, 39.16it/s]
 38%|███▊      | 30/79 [00:00<00:01, 41.46it/s]
 44%|████▍     | 35/79 [00:00<00:01, 41.02it/s]
 51%|█████     | 40/79 [00:01<00:00, 41.91it/s]
 57%|█████▋    | 45/79 [00:01<00:00, 41.12it/s]
 63%|██████▎   | 50/79 [00:01<00:00, 42.40it/s]
 70%|██████▉   | 55/79 [00:01<00:00, 41.07it/s]
 76%|███████▌  | 60/79 [00:01<00:00, 42.88it/s]
 82%|████████▏ | 65/79 [00:01<00:00, 40.71it/s]
 89%|████████▊ | 70/79 [00:01<00:00, 42.05it/s]
 95%|█████████▍| 75/79 [00:01<00:00, 40.58it/s]
100%|██████████| 79/79 [00:01<00:00, 40.08it/s]

CommRound: 5/30
Accuracy: 86.65% | Loss: 0.4533
[##########--------------------------------------------------] 16.7%
Elapsed: 4.0m | Avg/Round: 47.8s | Last: 46.5s | Next: 47.8s | Remaining: 19.9m
ETA: 07:25:24
Recent round times: R1: 50.1s -> R2: 44.6s -> R3: 45.0s -> R4: 51.0s -> R5: 46.5s

  0%|          | 0/79 [00:00<?, ?it/s]
  1%|▏         | 1/79 [00:00<00:08,  9.01it/s]
  9%|▉         | 7/79 [00:00<00:02, 32.73it/s]
 16%|█▋        | 13/79 [00:00<00:01, 37.40it/s]
 23%|██▎       | 18/79 [00:00<00:01, 41.34it/s]
 29%|██▉       | 23/79 [00:00<00:01, 38.94it/s]
 35%|███▌      | 28/79 [00:00<00:01, 41.95it/s]
 42%|████▏     | 33/79 [00:00<00:01, 39.47it/s]
 48%|████▊     | 38/79 [00:00<00:00, 41.92it/s]
 54%|█████▍    | 43/79 [00:01<00:00, 41.05it/s]
 62%|██████▏   | 49/79 [00:01<00:00, 41.56it/s]
 68%|██████▊   | 54/79 [00:01<00:00, 43.22it/s]
 75%|███████▍  | 59/79 [00:01<00:00, 40.81it/s]
 81%|████████  | 64/79 [00:01<00:00, 43.08it/s]
 87%|████████▋ | 69/79 [00:01<00:00, 39.32it/s]
 94%|█████████▎| 74/79 [00:01<00:00, 41.75it/s]
100%|██████████| 79/79 [00:01<00:00, 43.55it/s]
100%|██████████| 79/79 [00:01<00:00, 40.35it/s]

CommRound: 6/30
Accuracy: 84.65% | Loss: 0.5261
[############------------------------------------------------] 20.0%
Elapsed: 4.7m | Avg/Round: 47.4s | Last: 45.2s | Next: 47.4s | Remaining: 19.0m
ETA: 07:25:11
Recent round times: R1: 44.6s -> R2: 45.0s -> R3: 51.0s -> R4: 46.5s -> R5: 45.2s

  0%|          | 0/79 [00:00<?, ?it/s]
  1%|▏         | 1/79 [00:00<00:11,  6.95it/s]
 10%|█         | 8/79 [00:00<00:02, 35.00it/s]
 15%|█▌        | 12/79 [00:00<00:01, 36.76it/s]
 20%|██        | 16/79 [00:00<00:01, 37.44it/s]
 25%|██▌       | 20/79 [00:00<00:01, 37.96it/s]
 32%|███▏      | 25/79 [00:00<00:01, 41.65it/s]
 38%|███▊      | 30/79 [00:00<00:01, 39.26it/s]
 44%|████▍     | 35/79 [00:00<00:01, 41.80it/s]
 51%|█████     | 40/79 [00:01<00:00, 39.46it/s]
 58%|█████▊    | 46/79 [00:01<00:00, 40.24it/s]
 65%|██████▍   | 51/79 [00:01<00:00, 42.00it/s]
 71%|███████   | 56/79 [00:01<00:00, 39.80it/s]
 77%|███████▋  | 61/79 [00:01<00:00, 41.50it/s]
 84%|████████▎ | 66/79 [00:01<00:00, 39.47it/s]
 90%|████████▉ | 71/79 [00:01<00:00, 41.65it/s]
 96%|█████████▌| 76/79 [00:01<00:00, 38.98it/s]
100%|██████████| 79/79 [00:02<00:00, 39.07it/s]

CommRound: 7/30
Accuracy: 87.55% | Loss: 0.4496
[##############----------------------------------------------] 23.3%
Elapsed: 5.6m | Avg/Round: 47.6s | Last: 49.1s | Next: 47.6s | Remaining: 18.3m
ETA: 07:25:18
Recent round times: R1: 45.0s -> R2: 51.0s -> R3: 46.5s -> R4: 45.2s -> R5: 49.1s

  0%|          | 0/79 [00:00<?, ?it/s]
  1%|▏         | 1/79 [00:00<00:09,  8.37it/s]
  9%|▉         | 7/79 [00:00<00:02, 33.77it/s]
 15%|█▌        | 12/79 [00:00<00:01, 37.87it/s]
 20%|██        | 16/79 [00:00<00:01, 38.58it/s]
 25%|██▌       | 20/79 [00:00<00:01, 39.02it/s]
 32%|███▏      | 25/79 [00:00<00:01, 41.35it/s]
 38%|███▊      | 30/79 [00:00<00:01, 39.35it/s]
 43%|████▎     | 34/79 [00:00<00:01, 39.42it/s]
 49%|████▉     | 39/79 [00:01<00:00, 42.45it/s]
 56%|█████▌    | 44/79 [00:01<00:00, 40.25it/s]
 63%|██████▎   | 50/79 [00:01<00:00, 40.63it/s]
 71%|███████   | 56/79 [00:01<00:00, 40.91it/s]
 77%|███████▋  | 61/79 [00:01<00:00, 42.98it/s]
 84%|████████▎ | 66/79 [00:01<00:00, 40.46it/s]
 91%|█████████ | 72/79 [00:01<00:00, 40.78it/s]
 97%|█████████▋| 77/79 [00:01<00:00, 42.91it/s]
100%|██████████| 79/79 [00:01<00:00, 39.94it/s]

CommRound: 8/30
Accuracy: 88.18% | Loss: 0.4695
[################--------------------------------------------] 26.7%
Elapsed: 6.4m | Avg/Round: 48.3s | Last: 52.8s | Next: 48.3s | Remaining: 17.7m
ETA: 07:25:38
Recent round times: R1: 51.0s -> R2: 46.5s -> R3: 45.2s -> R4: 49.1s -> R5: 52.8s

  0%|          | 0/79 [00:00<?, ?it/s]
  3%|▎         | 2/79 [00:00<00:03, 19.40it/s]
  9%|▉         | 7/79 [00:00<00:02, 31.60it/s]
 14%|█▍        | 11/79 [00:00<00:01, 34.90it/s]
 19%|█▉        | 15/79 [00:00<00:01, 36.56it/s]
 25%|██▌       | 20/79 [00:00<00:01, 37.74it/s]
 32%|███▏      | 25/79 [00:00<00:01, 39.65it/s]
 38%|███▊      | 30/79 [00:00<00:01, 39.76it/s]
 44%|████▍     | 35/79 [00:00<00:01, 40.71it/s]
 51%|█████     | 40/79 [00:01<00:00, 41.52it/s]
 57%|█████▋    | 45/79 [00:01<00:00, 40.75it/s]
 63%|██████▎   | 50/79 [00:01<00:00, 42.80it/s]
 70%|██████▉   | 55/79 [00:01<00:00, 40.68it/s]
 76%|███████▌  | 60/79 [00:01<00:00, 43.13it/s]
 82%|████████▏ | 65/79 [00:01<00:00, 40.39it/s]
 89%|████████▊ | 70/79 [00:01<00:00, 42.85it/s]
 95%|█████████▍| 75/79 [00:01<00:00, 40.40it/s]
100%|██████████| 79/79 [00:01<00:00, 40.42it/s]

CommRound: 9/30
Accuracy: 88.83% | Loss: 0.4577
[##################------------------------------------------] 30.0%
Elapsed: 7.3m | Avg/Round: 48.4s | Last: 49.3s | Next: 48.4s | Remaining: 16.9m
ETA: 07:25:41
Recent round times: R1: 46.5s -> R2: 45.2s -> R3: 49.1s -> R4: 52.8s -> R5: 49.3s

  0%|          | 0/79 [00:00<?, ?it/s]
  1%|▏         | 1/79 [00:00<00:08,  9.41it/s]
  9%|▉         | 7/79 [00:00<00:02, 32.29it/s]
 15%|█▌        | 12/79 [00:00<00:01, 38.58it/s]
 22%|██▏       | 17/79 [00:00<00:01, 37.42it/s]
 28%|██▊       | 22/79 [00:00<00:01, 40.61it/s]
 34%|███▍      | 27/79 [00:00<00:01, 39.09it/s]
 39%|███▉      | 31/79 [00:00<00:01, 39.05it/s]
 46%|████▌     | 36/79 [00:00<00:01, 41.90it/s]
 52%|█████▏    | 41/79 [00:01<00:00, 39.75it/s]
 58%|█████▊    | 46/79 [00:01<00:00, 41.85it/s]
 65%|██████▍   | 51/79 [00:01<00:00, 39.90it/s]
 71%|███████   | 56/79 [00:01<00:00, 42.12it/s]
 77%|███████▋  | 61/79 [00:01<00:00, 39.82it/s]
 84%|████████▎ | 66/79 [00:01<00:00, 42.14it/s]
 90%|████████▉ | 71/79 [00:01<00:00, 40.32it/s]
 96%|█████████▌| 76/79 [00:01<00:00, 42.22it/s]
100%|██████████| 79/79 [00:01<00:00, 40.10it/s]

CommRound: 10/30
Accuracy: 89.19% | Loss: 0.4608
[####################----------------------------------------] 33.3%
Elapsed: 8.1m | Avg/Round: 48.6s | Last: 49.9s | Next: 48.6s | Remaining: 16.2m
ETA: 07:25:46
Recent round times: R1: 45.2s -> R2: 49.1s -> R3: 52.8s -> R4: 49.3s -> R5: 49.9s

  0%|          | 0/79 [00:00<?, ?it/s]
  1%|▏         | 1/79 [00:00<00:09,  8.53it/s]
  9%|▉         | 7/79 [00:00<00:02, 31.95it/s]
 15%|█▌        | 12/79 [00:00<00:01, 38.75it/s]
 20%|██        | 16/79 [00:00<00:01, 35.64it/s]
 27%|██▋       | 21/79 [00:00<00:01, 39.68it/s]
 33%|███▎      | 26/79 [00:00<00:01, 39.56it/s]
 38%|███▊      | 30/79 [00:00<00:01, 38.64it/s]
 44%|████▍     | 35/79 [00:00<00:01, 41.85it/s]
 51%|█████     | 40/79 [00:01<00:00, 39.02it/s]
 57%|█████▋    | 45/79 [00:01<00:00, 40.96it/s]
 63%|██████▎   | 50/79 [00:01<00:00, 39.18it/s]
 70%|██████▉   | 55/79 [00:01<00:00, 40.60it/s]
 76%|███████▌  | 60/79 [00:01<00:00, 39.39it/s]
 82%|████████▏ | 65/79 [00:01<00:00, 40.92it/s]
 89%|████████▊ | 70/79 [00:01<00:00, 39.77it/s]
 95%|█████████▍| 75/79 [00:01<00:00, 41.16it/s]
100%|██████████| 79/79 [00:02<00:00, 39.12it/s]

CommRound: 11/30
Accuracy: 89.25% | Loss: 0.4742
[######################--------------------------------------] 36.7%
Elapsed: 8.9m | Avg/Round: 48.6s | Last: 48.7s | Next: 48.6s | Remaining: 15.4m
ETA: 07:25:46
Recent round times: R1: 49.1s -> R2: 52.8s -> R3: 49.3s -> R4: 49.9s -> R5: 48.7s

  0%|          | 0/79 [00:00<?, ?it/s]
  1%|▏         | 1/79 [00:00<00:08,  8.89it/s]
  6%|▋         | 5/79 [00:00<00:02, 25.14it/s]
 14%|█▍        | 11/79 [00:00<00:02, 33.97it/s]
 22%|██▏       | 17/79 [00:00<00:01, 37.62it/s]
 29%|██▉       | 23/79 [00:00<00:01, 39.31it/s]
 35%|███▌      | 28/79 [00:00<00:01, 42.15it/s]
 42%|████▏     | 33/79 [00:00<00:01, 39.50it/s]
 49%|████▉     | 39/79 [00:01<00:00, 40.11it/s]
 56%|█████▌    | 44/79 [00:01<00:00, 42.53it/s]
 62%|██████▏   | 49/79 [00:01<00:00, 39.78it/s]
 70%|██████▉   | 55/79 [00:01<00:00, 40.32it/s]
 76%|███████▌  | 60/79 [00:01<00:00, 42.55it/s]
 82%|████████▏ | 65/79 [00:01<00:00, 38.77it/s]
 87%|████████▋ | 69/79 [00:01<00:00, 39.04it/s]
 92%|█████████▏| 73/79 [00:01<00:00, 38.78it/s]
 97%|█████████▋| 77/79 [00:01<00:00, 38.73it/s]
100%|██████████| 79/79 [00:02<00:00, 38.29it/s]

CommRound: 12/30
Accuracy: 89.25% | Loss: 0.4891
[########################------------------------------------] 40.0%
Elapsed: 9.6m | Avg/Round: 48.2s | Last: 44.1s | Next: 48.2s | Remaining: 14.5m
ETA: 07:25:35
Recent round times: R1: 52.8s -> R2: 49.3s -> R3: 49.9s -> R4: 48.7s -> R5: 44.1s

  0%|          | 0/79 [00:00<?, ?it/s]
  1%|▏         | 1/79 [00:00<00:07,  9.88it/s]
  8%|▊         | 6/79 [00:00<00:02, 33.26it/s]
 13%|█▎        | 10/79 [00:00<00:01, 35.85it/s]
 18%|█▊        | 14/79 [00:00<00:01, 36.97it/s]
 23%|██▎       | 18/79 [00:00<00:01, 37.95it/s]
 28%|██▊       | 22/79 [00:00<00:01, 38.60it/s]
 33%|███▎      | 26/79 [00:00<00:01, 38.76it/s]
 38%|███▊      | 30/79 [00:00<00:01, 37.47it/s]
 43%|████▎     | 34/79 [00:00<00:01, 37.61it/s]
 49%|████▉     | 39/79 [00:01<00:01, 36.40it/s]
 54%|█████▍    | 43/79 [00:01<00:00, 36.47it/s]
 59%|█████▉    | 47/79 [00:01<00:00, 36.37it/s]
 65%|██████▍   | 51/79 [00:01<00:00, 35.55it/s]
 70%|██████▉   | 55/79 [00:01<00:00, 35.30it/s]
 75%|███████▍  | 59/79 [00:01<00:00, 35.17it/s]
 80%|███████▉  | 63/79 [00:01<00:00, 35.18it/s]
 85%|████████▍ | 67/79 [00:01<00:00, 34.86it/s]
 90%|████████▉ | 71/79 [00:01<00:00, 34.77it/s]
 95%|█████████▍| 75/79 [00:02<00:00, 34.42it/s]
100%|██████████| 79/79 [00:02<00:00, 36.04it/s]

CommRound: 13/30
Accuracy: 89.26% | Loss: 0.4981
[##########################----------------------------------] 43.3%
Elapsed: 10.5m | Avg/Round: 48.3s | Last: 49.2s | Next: 48.3s | Remaining: 13.7m
ETA: 07:25:37
Recent round times: R1: 49.3s -> R2: 49.9s -> R3: 48.7s -> R4: 44.1s -> R5: 49.2s

  0%|          | 0/79 [00:00<?, ?it/s]
  1%|▏         | 1/79 [00:00<00:07,  9.86it/s]
  9%|▉         | 7/79 [00:00<00:02, 32.95it/s]
 15%|█▌        | 12/79 [00:00<00:01, 37.39it/s]
 20%|██        | 16/79 [00:00<00:01, 38.27it/s]
 27%|██▋       | 21/79 [00:00<00:01, 38.99it/s]
 33%|███▎      | 26/79 [00:00<00:01, 40.30it/s]
 39%|███▉      | 31/79 [00:00<00:01, 40.37it/s]
 46%|████▌     | 36/79 [00:00<00:01, 40.75it/s]
 52%|█████▏    | 41/79 [00:01<00:00, 41.25it/s]
 58%|█████▊    | 46/79 [00:01<00:00, 40.58it/s]
 65%|██████▍   | 51/79 [00:01<00:00, 41.77it/s]
 71%|███████   | 56/79 [00:01<00:00, 39.58it/s]
 76%|███████▌  | 60/79 [00:01<00:00, 39.38it/s]
 82%|████████▏ | 65/79 [00:01<00:00, 41.54it/s]
 89%|████████▊ | 70/79 [00:01<00:00, 39.93it/s]
 95%|█████████▍| 75/79 [00:01<00:00, 42.17it/s]
100%|██████████| 79/79 [00:01<00:00, 39.70it/s]

CommRound: 14/30
Accuracy: 89.27% | Loss: 0.5059
[############################--------------------------------] 46.7%
Elapsed: 11.2m | Avg/Round: 48.1s | Last: 45.5s | Next: 48.1s | Remaining: 12.8m
ETA: 07:25:31
Recent round times: R1: 49.9s -> R2: 48.7s -> R3: 44.1s -> R4: 49.2s -> R5: 45.5s

  0%|          | 0/79 [00:00<?, ?it/s]
  1%|▏         | 1/79 [00:00<00:08,  9.58it/s]
  8%|▊         | 6/79 [00:00<00:02, 32.39it/s]
 13%|█▎        | 10/79 [00:00<00:01, 35.63it/s]
 18%|█▊        | 14/79 [00:00<00:01, 36.99it/s]
 23%|██▎       | 18/79 [00:00<00:01, 37.96it/s]
 28%|██▊       | 22/79 [00:00<00:01, 38.40it/s]
 34%|███▍      | 27/79 [00:00<00:01, 41.83it/s]
 41%|████      | 32/79 [00:00<00:01, 39.27it/s]
 48%|████▊     | 38/79 [00:01<00:01, 40.12it/s]
 56%|█████▌    | 44/79 [00:01<00:00, 40.57it/s]
 63%|██████▎   | 50/79 [00:01<00:00, 40.83it/s]
 70%|██████▉   | 55/79 [00:01<00:00, 43.03it/s]
 76%|███████▌  | 60/79 [00:01<00:00, 40.38it/s]
 84%|████████▎ | 66/79 [00:01<00:00, 40.89it/s]
 91%|█████████ | 72/79 [00:01<00:00, 41.45it/s]
 99%|█████████▊| 78/79 [00:01<00:00, 42.00it/s]
100%|██████████| 79/79 [00:01<00:00, 39.99it/s]

CommRound: 15/30
Accuracy: 89.29% | Loss: 0.5128
[##############################------------------------------] 50.0%
Elapsed: 12.0m | Avg/Round: 48.0s | Last: 47.1s | Next: 48.0s | Remaining: 12.0m
ETA: 07:25:29
Recent round times: R1: 48.7s -> R2: 44.1s -> R3: 49.2s -> R4: 45.5s -> R5: 47.1s

  0%|          | 0/79 [00:00<?, ?it/s]
  1%|▏         | 1/79 [00:00<00:08,  9.57it/s]
  6%|▋         | 5/79 [00:00<00:02, 26.73it/s]
 11%|█▏        | 9/79 [00:00<00:02, 31.41it/s]
 16%|█▋        | 13/79 [00:00<00:01, 33.00it/s]
 22%|██▏       | 17/79 [00:00<00:01, 34.09it/s]
 27%|██▋       | 21/79 [00:00<00:01, 34.83it/s]
 32%|███▏      | 25/79 [00:00<00:01, 35.17it/s]
 37%|███▋      | 29/79 [00:00<00:01, 35.29it/s]
 42%|████▏     | 33/79 [00:00<00:01, 35.82it/s]
 47%|████▋     | 37/79 [00:01<00:01, 35.98it/s]
 52%|█████▏    | 41/79 [00:01<00:01, 35.81it/s]
 57%|█████▋    | 45/79 [00:01<00:00, 36.03it/s]
 62%|██████▏   | 49/79 [00:01<00:00, 35.85it/s]
 67%|██████▋   | 53/79 [00:01<00:00, 35.89it/s]
 72%|███████▏  | 57/79 [00:01<00:00, 35.97it/s]
 77%|███████▋  | 61/79 [00:01<00:00, 35.20it/s]
 82%|████████▏ | 65/79 [00:01<00:00, 34.66it/s]
 87%|████████▋ | 69/79 [00:02<00:00, 34.67it/s]
 92%|█████████▏| 73/79 [00:02<00:00, 34.35it/s]
 97%|█████████▋| 77/79 [00:02<00:00, 34.28it/s]
100%|██████████| 79/79 [00:02<00:00, 34.90it/s]

CommRound: 16/30
Accuracy: 89.27% | Loss: 0.5185
[################################----------------------------] 53.3%
Elapsed: 12.8m | Avg/Round: 48.0s | Last: 47.7s | Next: 48.0s | Remaining: 11.2m
ETA: 07:25:29
Recent round times: R1: 44.1s -> R2: 49.2s -> R3: 45.5s -> R4: 47.1s -> R5: 47.7s

  0%|          | 0/79 [00:00<?, ?it/s]
  3%|▎         | 2/79 [00:00<00:04, 18.58it/s]
  9%|▉         | 7/79 [00:00<00:02, 31.20it/s]
 15%|█▌        | 12/79 [00:00<00:01, 37.88it/s]
 20%|██        | 16/79 [00:00<00:01, 37.78it/s]
 27%|██▋       | 21/79 [00:00<00:01, 37.10it/s]
 33%|███▎      | 26/79 [00:00<00:01, 39.33it/s]
 38%|███▊      | 30/79 [00:00<00:01, 38.99it/s]
 43%|████▎     | 34/79 [00:00<00:01, 38.70it/s]
 48%|████▊     | 38/79 [00:01<00:01, 38.79it/s]
 53%|█████▎    | 42/79 [00:01<00:00, 38.69it/s]
 58%|█████▊    | 46/79 [00:01<00:00, 38.47it/s]
 63%|██████▎   | 50/79 [00:01<00:00, 38.13it/s]
 68%|██████▊   | 54/79 [00:01<00:00, 38.25it/s]
 73%|███████▎  | 58/79 [00:01<00:00, 38.22it/s]
 78%|███████▊  | 62/79 [00:01<00:00, 37.79it/s]
 84%|████████▎ | 66/79 [00:01<00:00, 36.71it/s]
 89%|████████▊ | 70/79 [00:01<00:00, 35.71it/s]
 94%|█████████▎| 74/79 [00:01<00:00, 35.36it/s]
 99%|█████████▊| 78/79 [00:02<00:00, 34.92it/s]
100%|██████████| 79/79 [00:02<00:00, 36.88it/s]

CommRound: 17/30
Accuracy: 89.33% | Loss: 0.5236
[##################################--------------------------] 56.7%
Elapsed: 13.6m | Avg/Round: 47.8s | Last: 45.4s | Next: 47.8s | Remaining: 10.4m
ETA: 07:25:24
Recent round times: R1: 49.2s -> R2: 45.5s -> R3: 47.1s -> R4: 47.7s -> R5: 45.4s

  0%|          | 0/79 [00:00<?, ?it/s]
  1%|▏         | 1/79 [00:00<00:08,  9.68it/s]
  8%|▊         | 6/79 [00:00<00:02, 32.84it/s]
 13%|█▎        | 10/79 [00:00<00:01, 35.17it/s]
 18%|█▊        | 14/79 [00:00<00:01, 36.15it/s]
 23%|██▎       | 18/79 [00:00<00:01, 36.74it/s]
 28%|██▊       | 22/79 [00:00<00:01, 37.32it/s]
 33%|███▎      | 26/79 [00:00<00:01, 37.67it/s]
 38%|███▊      | 30/79 [00:00<00:01, 38.21it/s]
 43%|████▎     | 34/79 [00:00<00:01, 38.39it/s]
 48%|████▊     | 38/79 [00:01<00:01, 38.30it/s]
 53%|█████▎    | 42/79 [00:01<00:00, 38.38it/s]
 58%|█████▊    | 46/79 [00:01<00:00, 38.43it/s]
 63%|██████▎   | 50/79 [00:01<00:00, 38.18it/s]
 68%|██████▊   | 54/79 [00:01<00:00, 38.50it/s]
 73%|███████▎  | 58/79 [00:01<00:00, 38.49it/s]
 78%|███████▊  | 62/79 [00:01<00:00, 38.51it/s]
 84%|████████▎ | 66/79 [00:01<00:00, 38.40it/s]
 89%|████████▊ | 70/79 [00:01<00:00, 38.53it/s]
 94%|█████████▎| 74/79 [00:01<00:00, 38.47it/s]
 99%|█████████▊| 78/79 [00:02<00:00, 38.25it/s]
100%|██████████| 79/79 [00:02<00:00, 37.60it/s]

CommRound: 18/30
Accuracy: 89.37% | Loss: 0.5282
[####################################------------------------] 60.0%
Elapsed: 14.3m | Avg/Round: 47.5s | Last: 42.3s | Next: 47.5s | Remaining: 9.5m
ETA: 07:25:15
Recent round times: R1: 45.5s -> R2: 47.1s -> R3: 47.7s -> R4: 45.4s -> R5: 42.3s

  0%|          | 0/79 [00:00<?, ?it/s]
  3%|▎         | 2/79 [00:00<00:04, 18.80it/s]
  9%|▉         | 7/79 [00:00<00:02, 29.67it/s]
 14%|█▍        | 11/79 [00:00<00:02, 32.42it/s]
 22%|██▏       | 17/79 [00:00<00:01, 36.94it/s]
 28%|██▊       | 22/79 [00:00<00:01, 40.70it/s]
 34%|███▍      | 27/79 [00:00<00:01, 38.25it/s]
 41%|████      | 32/79 [00:00<00:01, 41.39it/s]
 47%|████▋     | 37/79 [00:00<00:01, 38.76it/s]
 52%|█████▏    | 41/79 [00:01<00:00, 38.79it/s]
 57%|█████▋    | 45/79 [00:01<00:00, 38.89it/s]
 62%|██████▏   | 49/79 [00:01<00:00, 39.18it/s]
 67%|██████▋   | 53/79 [00:01<00:00, 39.30it/s]
 72%|███████▏  | 57/79 [00:01<00:00, 39.23it/s]
 77%|███████▋  | 61/79 [00:01<00:00, 38.48it/s]
 82%|████████▏ | 65/79 [00:01<00:00, 38.67it/s]
 87%|████████▋ | 69/79 [00:01<00:00, 39.03it/s]
 95%|█████████▍| 75/79 [00:01<00:00, 39.94it/s]
100%|██████████| 79/79 [00:02<00:00, 38.93it/s]

CommRound: 19/30
Accuracy: 89.39% | Loss: 0.5324
[######################################----------------------] 63.3%
Elapsed: 15.1m | Avg/Round: 47.8s | Last: 52.9s | Next: 47.8s | Remaining: 8.8m
ETA: 07:25:23
Recent round times: R1: 47.1s -> R2: 47.7s -> R3: 45.4s -> R4: 42.3s -> R5: 52.9s

  0%|          | 0/79 [00:00<?, ?it/s]
  3%|▎         | 2/79 [00:00<00:03, 19.68it/s]
  9%|▉         | 7/79 [00:00<00:02, 29.15it/s]
 14%|█▍        | 11/79 [00:00<00:02, 32.88it/s]
 19%|█▉        | 15/79 [00:00<00:01, 34.87it/s]
 24%|██▍       | 19/79 [00:00<00:01, 36.34it/s]
 29%|██▉       | 23/79 [00:00<00:01, 36.99it/s]
 34%|███▍      | 27/79 [00:00<00:01, 37.43it/s]
 39%|███▉      | 31/79 [00:00<00:01, 38.15it/s]
 44%|████▍     | 35/79 [00:00<00:01, 38.27it/s]
 49%|████▉     | 39/79 [00:01<00:01, 38.61it/s]
 54%|█████▍    | 43/79 [00:01<00:00, 38.58it/s]
 59%|█████▉    | 47/79 [00:01<00:00, 38.82it/s]
 65%|██████▍   | 51/79 [00:01<00:00, 38.84it/s]
 70%|██████▉   | 55/79 [00:01<00:00, 38.75it/s]
 75%|███████▍  | 59/79 [00:01<00:00, 38.67it/s]
 80%|███████▉  | 63/79 [00:01<00:00, 38.78it/s]
 85%|████████▍ | 67/79 [00:01<00:00, 38.84it/s]
 90%|████████▉ | 71/79 [00:01<00:00, 38.80it/s]
 95%|█████████▍| 75/79 [00:02<00:00, 38.88it/s]
100%|██████████| 79/79 [00:02<00:00, 38.03it/s]

CommRound: 20/30
Accuracy: 89.41% | Loss: 0.5361
[########################################--------------------] 66.7%
Elapsed: 15.9m | Avg/Round: 47.7s | Last: 44.8s | Next: 47.7s | Remaining: 7.9m
ETA: 07:25:19
Recent round times: R1: 47.7s -> R2: 45.4s -> R3: 42.3s -> R4: 52.9s -> R5: 44.8s

  0%|          | 0/79 [00:00<?, ?it/s]
  1%|▏         | 1/79 [00:00<00:08,  9.72it/s]
  9%|▉         | 7/79 [00:00<00:02, 30.67it/s]
 14%|█▍        | 11/79 [00:00<00:02, 33.85it/s]
 19%|█▉        | 15/79 [00:00<00:01, 35.60it/s]
 24%|██▍       | 19/79 [00:00<00:01, 36.90it/s]
 29%|██▉       | 23/79 [00:00<00:01, 37.49it/s]
 34%|███▍      | 27/79 [00:00<00:01, 38.01it/s]
 39%|███▉      | 31/79 [00:00<00:01, 38.37it/s]
 44%|████▍     | 35/79 [00:00<00:01, 38.65it/s]
 49%|████▉     | 39/79 [00:01<00:01, 38.79it/s]
 54%|█████▍    | 43/79 [00:01<00:00, 38.43it/s]
 59%|█████▉    | 47/79 [00:01<00:00, 38.52it/s]
 65%|██████▍   | 51/79 [00:01<00:00, 38.82it/s]
 70%|██████▉   | 55/79 [00:01<00:00, 38.66it/s]
 75%|███████▍  | 59/79 [00:01<00:00, 38.80it/s]
 80%|███████▉  | 63/79 [00:01<00:00, 38.53it/s]
 85%|████████▍ | 67/79 [00:01<00:00, 38.76it/s]
 90%|████████▉ | 71/79 [00:01<00:00, 38.61it/s]
 95%|█████████▍| 75/79 [00:02<00:00, 38.67it/s]
100%|██████████| 79/79 [00:02<00:00, 38.01it/s]

CommRound: 21/30
Accuracy: 89.42% | Loss: 0.5395
[##########################################------------------] 70.0%
Elapsed: 16.6m | Avg/Round: 47.5s | Last: 43.6s | Next: 47.5s | Remaining: 7.1m
ETA: 07:25:13
Recent round times: R1: 45.4s -> R2: 42.3s -> R3: 52.9s -> R4: 44.8s -> R5: 43.6s

  0%|          | 0/79 [00:00<?, ?it/s]
  1%|▏         | 1/79 [00:00<00:08,  9.26it/s]
  8%|▊         | 6/79 [00:00<00:02, 31.14it/s]
 13%|█▎        | 10/79 [00:00<00:02, 33.88it/s]
 18%|█▊        | 14/79 [00:00<00:01, 35.45it/s]
 23%|██▎       | 18/79 [00:00<00:01, 36.15it/s]
 28%|██▊       | 22/79 [00:00<00:01, 36.83it/s]
 33%|███▎      | 26/79 [00:00<00:01, 37.29it/s]
 39%|███▉      | 31/79 [00:00<00:01, 36.70it/s]
 44%|████▍     | 35/79 [00:00<00:01, 37.56it/s]
 51%|█████     | 40/79 [00:01<00:00, 39.90it/s]
 57%|█████▋    | 45/79 [00:01<00:00, 38.78it/s]
 63%|██████▎   | 50/79 [00:01<00:00, 40.84it/s]
 70%|██████▉   | 55/79 [00:01<00:00, 38.77it/s]
 76%|███████▌  | 60/79 [00:01<00:00, 41.09it/s]
 82%|████████▏ | 65/79 [00:01<00:00, 39.17it/s]
 89%|████████▊ | 70/79 [00:01<00:00, 41.32it/s]
 95%|█████████▍| 75/79 [00:01<00:00, 39.42it/s]
100%|██████████| 79/79 [00:02<00:00, 38.57it/s]

CommRound: 22/30
Accuracy: 89.42% | Loss: 0.5425
[############################################----------------] 73.3%
Elapsed: 17.4m | Avg/Round: 47.6s | Last: 50.2s | Next: 47.6s | Remaining: 6.3m
ETA: 07:25:17
Recent round times: R1: 42.3s -> R2: 52.9s -> R3: 44.8s -> R4: 43.6s -> R5: 50.2s

  0%|          | 0/79 [00:00<?, ?it/s]
  1%|▏         | 1/79 [00:00<00:09,  8.55it/s]
  9%|▉         | 7/79 [00:00<00:02, 33.04it/s]
 14%|█▍        | 11/79 [00:00<00:01, 35.86it/s]
 19%|█▉        | 15/79 [00:00<00:01, 37.00it/s]
 24%|██▍       | 19/79 [00:00<00:01, 37.79it/s]
 29%|██▉       | 23/79 [00:00<00:01, 37.58it/s]
 34%|███▍      | 27/79 [00:00<00:01, 37.93it/s]
 39%|███▉      | 31/79 [00:00<00:01, 38.12it/s]
 44%|████▍     | 35/79 [00:00<00:01, 38.32it/s]
 49%|████▉     | 39/79 [00:01<00:01, 38.52it/s]
 54%|█████▍    | 43/79 [00:01<00:00, 38.56it/s]
 59%|█████▉    | 47/79 [00:01<00:00, 38.87it/s]
 66%|██████▌   | 52/79 [00:01<00:00, 42.10it/s]
 72%|███████▏  | 57/79 [00:01<00:00, 38.61it/s]
 80%|███████▉  | 63/79 [00:01<00:00, 39.83it/s]
 87%|████████▋ | 69/79 [00:01<00:00, 40.42it/s]
 94%|█████████▎| 74/79 [00:01<00:00, 42.57it/s]
100%|██████████| 79/79 [00:02<00:00, 44.27it/s]
100%|██████████| 79/79 [00:02<00:00, 38.99it/s]

CommRound: 23/30
Accuracy: 89.43% | Loss: 0.5453
[##############################################--------------] 76.7%
Elapsed: 18.2m | Avg/Round: 47.5s | Last: 45.8s | Next: 47.5s | Remaining: 5.5m
ETA: 07:25:14
Recent round times: R1: 52.9s -> R2: 44.8s -> R3: 43.6s -> R4: 50.2s -> R5: 45.8s

  0%|          | 0/79 [00:00<?, ?it/s]
  4%|▍         | 3/79 [00:00<00:03, 22.59it/s]
 10%|█         | 8/79 [00:00<00:02, 35.20it/s]
 15%|█▌        | 12/79 [00:00<00:01, 37.03it/s]
 22%|██▏       | 17/79 [00:00<00:01, 37.14it/s]
 27%|██▋       | 21/79 [00:00<00:01, 38.03it/s]
 33%|███▎      | 26/79 [00:00<00:01, 40.02it/s]
 39%|███▉      | 31/79 [00:00<00:01, 39.34it/s]
 46%|████▌     | 36/79 [00:00<00:01, 38.72it/s]
 51%|█████     | 40/79 [00:01<00:01, 38.70it/s]
 56%|█████▌    | 44/79 [00:01<00:00, 38.73it/s]
 61%|██████    | 48/79 [00:01<00:00, 39.07it/s]
 67%|██████▋   | 53/79 [00:01<00:00, 41.89it/s]
 73%|███████▎  | 58/79 [00:01<00:00, 39.57it/s]
 80%|███████▉  | 63/79 [00:01<00:00, 41.67it/s]
 86%|████████▌ | 68/79 [00:01<00:00, 39.44it/s]
 92%|█████████▏| 73/79 [00:01<00:00, 41.87it/s]
 99%|█████████▊| 78/79 [00:01<00:00, 39.98it/s]
100%|██████████| 79/79 [00:02<00:00, 39.28it/s]

CommRound: 24/30
Accuracy: 89.47% | Loss: 0.5478
[################################################------------] 80.0%
Elapsed: 18.9m | Avg/Round: 47.4s | Last: 43.8s | Next: 47.4s | Remaining: 4.7m
ETA: 07:25:10
Recent round times: R1: 44.8s -> R2: 43.6s -> R3: 50.2s -> R4: 45.8s -> R5: 43.8s

  0%|          | 0/79 [00:00<?, ?it/s]
  1%|▏         | 1/79 [00:00<00:08,  9.56it/s]
  8%|▊         | 6/79 [00:00<00:02, 32.58it/s]
 13%|█▎        | 10/79 [00:00<00:01, 35.13it/s]
 18%|█▊        | 14/79 [00:00<00:01, 36.02it/s]
 23%|██▎       | 18/79 [00:00<00:01, 36.75it/s]
 28%|██▊       | 22/79 [00:00<00:01, 36.94it/s]
 34%|███▍      | 27/79 [00:00<00:01, 40.23it/s]
 41%|████      | 32/79 [00:00<00:01, 37.80it/s]
 47%|████▋     | 37/79 [00:00<00:01, 40.59it/s]
 53%|█████▎    | 42/79 [00:01<00:00, 39.08it/s]
 59%|█████▉    | 47/79 [00:01<00:00, 41.30it/s]
 66%|██████▌   | 52/79 [00:01<00:00, 39.40it/s]
 72%|███████▏  | 57/79 [00:01<00:00, 41.27it/s]
 78%|███████▊  | 62/79 [00:01<00:00, 38.89it/s]
 84%|████████▎ | 66/79 [00:01<00:00, 39.11it/s]
 89%|████████▊ | 70/79 [00:01<00:00, 38.79it/s]
 94%|█████████▎| 74/79 [00:01<00:00, 38.73it/s]
 99%|█████████▊| 78/79 [00:02<00:00, 38.33it/s]
100%|██████████| 79/79 [00:02<00:00, 38.27it/s]

CommRound: 25/30
Accuracy: 89.48% | Loss: 0.5502
[##################################################----------] 83.3%
Elapsed: 19.6m | Avg/Round: 47.1s | Last: 40.8s | Next: 47.1s | Remaining: 3.9m
ETA: 07:25:02
Recent round times: R1: 43.6s -> R2: 50.2s -> R3: 45.8s -> R4: 43.8s -> R5: 40.8s

  0%|          | 0/79 [00:00<?, ?it/s]
  1%|▏         | 1/79 [00:00<00:07,  9.88it/s]
  8%|▊         | 6/79 [00:00<00:02, 33.14it/s]
 14%|█▍        | 11/79 [00:00<00:01, 34.27it/s]
 19%|█▉        | 15/79 [00:00<00:01, 35.42it/s]
 24%|██▍       | 19/79 [00:00<00:01, 36.34it/s]
 29%|██▉       | 23/79 [00:00<00:01, 37.24it/s]
 34%|███▍      | 27/79 [00:00<00:01, 37.42it/s]
 39%|███▉      | 31/79 [00:00<00:01, 38.04it/s]
 46%|████▌     | 36/79 [00:00<00:01, 41.34it/s]
 52%|█████▏    | 41/79 [00:01<00:00, 39.48it/s]
 59%|█████▉    | 47/79 [00:01<00:00, 40.83it/s]
 66%|██████▌   | 52/79 [00:01<00:00, 42.77it/s]
 72%|███████▏  | 57/79 [00:01<00:00, 41.03it/s]
 78%|███████▊  | 62/79 [00:01<00:00, 43.26it/s]
 85%|████████▍ | 67/79 [00:01<00:00, 41.12it/s]
 91%|█████████ | 72/79 [00:01<00:00, 43.25it/s]
 97%|█████████▋| 77/79 [00:01<00:00, 41.22it/s]
100%|██████████| 79/79 [00:01<00:00, 39.92it/s]

CommRound: 26/30
Accuracy: 89.50% | Loss: 0.5523
[####################################################--------] 86.7%
Elapsed: 20.4m | Avg/Round: 47.0s | Last: 45.4s | Next: 47.0s | Remaining: 3.1m
ETA: 07:25:00
Recent round times: R1: 50.2s -> R2: 45.8s -> R3: 43.8s -> R4: 40.8s -> R5: 45.4s

  0%|          | 0/79 [00:00<?, ?it/s]
  1%|▏         | 1/79 [00:00<00:07,  9.93it/s]
  8%|▊         | 6/79 [00:00<00:02, 32.91it/s]
 14%|█▍        | 11/79 [00:00<00:01, 35.47it/s]
 20%|██        | 16/79 [00:00<00:01, 37.35it/s]
 25%|██▌       | 20/79 [00:00<00:01, 37.82it/s]
 30%|███       | 24/79 [00:00<00:01, 38.29it/s]
 37%|███▋      | 29/79 [00:00<00:01, 41.66it/s]
 43%|████▎     | 34/79 [00:00<00:01, 39.85it/s]
 49%|████▉     | 39/79 [00:01<00:00, 42.26it/s]
 56%|█████▌    | 44/79 [00:01<00:00, 40.86it/s]
 62%|██████▏   | 49/79 [00:01<00:00, 42.53it/s]
 68%|██████▊   | 54/79 [00:01<00:00, 41.28it/s]
 75%|███████▍  | 59/79 [00:01<00:00, 42.56it/s]
 81%|████████  | 64/79 [00:01<00:00, 40.33it/s]
 89%|████████▊ | 70/79 [00:01<00:00, 41.21it/s]
 95%|█████████▍| 75/79 [00:01<00:00, 43.38it/s]
100%|██████████| 79/79 [00:01<00:00, 40.09it/s]

CommRound: 27/30
Accuracy: 89.48% | Loss: 0.5543
[######################################################------] 90.0%
Elapsed: 21.2m | Avg/Round: 47.0s | Last: 46.8s | Next: 47.0s | Remaining: 2.4m
ETA: 07:24:59
Recent round times: R1: 45.8s -> R2: 43.8s -> R3: 40.8s -> R4: 45.4s -> R5: 46.8s

  0%|          | 0/79 [00:00<?, ?it/s]
  3%|▎         | 2/79 [00:00<00:03, 19.95it/s]
  9%|▉         | 7/79 [00:00<00:02, 31.83it/s]
 15%|█▌        | 12/79 [00:00<00:01, 37.40it/s]
 20%|██        | 16/79 [00:00<00:01, 37.50it/s]
 25%|██▌       | 20/79 [00:00<00:01, 37.24it/s]
 30%|███       | 24/79 [00:00<00:01, 37.99it/s]
 35%|███▌      | 28/79 [00:00<00:01, 37.86it/s]
 41%|████      | 32/79 [00:00<00:01, 38.31it/s]
 46%|████▌     | 36/79 [00:00<00:01, 38.62it/s]
 51%|█████     | 40/79 [00:01<00:01, 38.58it/s]
 56%|█████▌    | 44/79 [00:01<00:00, 38.78it/s]
 61%|██████    | 48/79 [00:01<00:00, 38.91it/s]
 66%|██████▌   | 52/79 [00:01<00:00, 38.78it/s]
 71%|███████   | 56/79 [00:01<00:00, 38.96it/s]
 76%|███████▌  | 60/79 [00:01<00:00, 39.01it/s]
 81%|████████  | 64/79 [00:01<00:00, 38.94it/s]
 86%|████████▌ | 68/79 [00:01<00:00, 38.88it/s]
 91%|█████████ | 72/79 [00:01<00:00, 38.85it/s]
 96%|█████████▌| 76/79 [00:01<00:00, 38.86it/s]
100%|██████████| 79/79 [00:02<00:00, 38.28it/s]

CommRound: 28/30
Accuracy: 89.48% | Loss: 0.5562
[########################################################----] 93.3%
Elapsed: 21.9m | Avg/Round: 46.8s | Last: 42.2s | Next: 46.8s | Remaining: 1.6m
ETA: 07:24:54
Recent round times: R1: 43.8s -> R2: 40.8s -> R3: 45.4s -> R4: 46.8s -> R5: 42.2s

  0%|          | 0/79 [00:00<?, ?it/s]
  3%|▎         | 2/79 [00:00<00:04, 18.92it/s]
  9%|▉         | 7/79 [00:00<00:02, 32.15it/s]
 15%|█▌        | 12/79 [00:00<00:01, 35.57it/s]
 20%|██        | 16/79 [00:00<00:01, 36.70it/s]
 25%|██▌       | 20/79 [00:00<00:01, 37.37it/s]
 30%|███       | 24/79 [00:00<00:01, 38.07it/s]
 35%|███▌      | 28/79 [00:00<00:01, 38.46it/s]
 41%|████      | 32/79 [00:00<00:01, 38.90it/s]
 47%|████▋     | 37/79 [00:00<00:01, 41.48it/s]
 53%|█████▎    | 42/79 [00:01<00:00, 38.86it/s]
 58%|█████▊    | 46/79 [00:01<00:00, 39.09it/s]
 63%|██████▎   | 50/79 [00:01<00:00, 39.24it/s]
 68%|██████▊   | 54/79 [00:01<00:00, 39.41it/s]
 73%|███████▎  | 58/79 [00:01<00:00, 39.46it/s]
 78%|███████▊  | 62/79 [00:01<00:00, 39.54it/s]
 84%|████████▎ | 66/79 [00:01<00:00, 39.09it/s]
 89%|████████▊ | 70/79 [00:01<00:00, 38.96it/s]
 94%|█████████▎| 74/79 [00:01<00:00, 38.92it/s]
 99%|█████████▊| 78/79 [00:02<00:00, 38.28it/s]
100%|██████████| 79/79 [00:02<00:00, 38.38it/s]

CommRound: 29/30
Accuracy: 89.47% | Loss: 0.5580
[##########################################################--] 96.7%
Elapsed: 22.7m | Avg/Round: 47.1s | Last: 53.2s | Next: 47.1s | Remaining: 0.8m
ETA: 07:25:01
Recent round times: R1: 40.8s -> R2: 45.4s -> R3: 46.8s -> R4: 42.2s -> R5: 53.2s

  0%|          | 0/79 [00:00<?, ?it/s]
  3%|▎         | 2/79 [00:00<00:04, 18.34it/s]
  9%|▉         | 7/79 [00:00<00:02, 29.81it/s]
 14%|█▍        | 11/79 [00:00<00:02, 33.83it/s]
 19%|█▉        | 15/79 [00:00<00:01, 35.47it/s]
 24%|██▍       | 19/79 [00:00<00:01, 36.68it/s]
 32%|███▏      | 25/79 [00:00<00:01, 38.86it/s]
 38%|███▊      | 30/79 [00:00<00:01, 41.81it/s]
 44%|████▍     | 35/79 [00:00<00:01, 38.63it/s]
 49%|████▉     | 39/79 [00:01<00:01, 38.82it/s]
 54%|█████▍    | 43/79 [00:01<00:00, 38.60it/s]
 59%|█████▉    | 47/79 [00:01<00:00, 36.79it/s]
 65%|██████▍   | 51/79 [00:01<00:00, 35.59it/s]
 70%|██████▉   | 55/79 [00:01<00:00, 34.62it/s]
 75%|███████▍  | 59/79 [00:01<00:00, 34.12it/s]
 80%|███████▉  | 63/79 [00:01<00:00, 33.94it/s]
 85%|████████▍ | 67/79 [00:01<00:00, 33.79it/s]
 90%|████████▉ | 71/79 [00:01<00:00, 33.93it/s]
 95%|█████████▍| 75/79 [00:02<00:00, 34.33it/s]
100%|██████████| 79/79 [00:02<00:00, 36.09it/s]

CommRound: 30/30
Accuracy: 89.48% | Loss: 0.5597
[############################################################] 100.0%
Elapsed: 23.5m | Avg/Round: 46.9s | Last: 42.8s | Next: 46.9s | Remaining: 0.0m
ETA: 07:24:57
Recent round times: R1: 45.4s -> R2: 46.8s -> R3: 42.2s -> R4: 53.2s -> R5: 42.8s
Total time for experiment: 1407.5591011047363 seconds
Device average training time per communication round [s]:
    rpi (sld-rpi-09.ece.utexas.edu): 15.53 seconds
    mc1 (sld-mc1-09.ece.utexas.edu): 43.82 seconds
