
  0%|          | 0/79 [00:00<?, ?it/s]
  1%|▏         | 1/79 [00:00<00:07,  9.97it/s]
  8%|▊         | 6/79 [00:00<00:02, 32.96it/s]
 13%|█▎        | 10/79 [00:00<00:01, 34.65it/s]
 18%|█▊        | 14/79 [00:00<00:01, 35.62it/s]
 23%|██▎       | 18/79 [00:00<00:01, 36.21it/s]
 28%|██▊       | 22/79 [00:00<00:01, 36.73it/s]
 33%|███▎      | 26/79 [00:00<00:01, 36.19it/s]
 38%|███▊      | 30/79 [00:00<00:01, 36.58it/s]
 43%|████▎     | 34/79 [00:00<00:01, 36.93it/s]
 48%|████▊     | 38/79 [00:01<00:01, 37.26it/s]
 53%|█████▎    | 42/79 [00:01<00:00, 37.31it/s]
 58%|█████▊    | 46/79 [00:01<00:00, 37.33it/s]
 63%|██████▎   | 50/79 [00:01<00:00, 37.41it/s]
 68%|██████▊   | 54/79 [00:01<00:00, 37.36it/s]
 75%|███████▍  | 59/79 [00:01<00:00, 37.10it/s]
 82%|████████▏ | 65/79 [00:01<00:00, 39.34it/s]
 90%|████████▉ | 71/79 [00:01<00:00, 40.66it/s]
 97%|█████████▋| 77/79 [00:02<00:00, 41.34it/s]
100%|██████████| 79/79 [00:02<00:00, 38.19it/s]
Initial Accuracy: 9.83%; Initial Loss: 2.3113

  0%|          | 0/79 [00:00<?, ?it/s]
  4%|▍         | 3/79 [00:00<00:03, 22.61it/s]
 10%|█         | 8/79 [00:00<00:01, 36.28it/s]
 16%|█▋        | 13/79 [00:00<00:01, 35.60it/s]
 23%|██▎       | 18/79 [00:00<00:01, 40.08it/s]
 29%|██▉       | 23/79 [00:00<00:01, 38.38it/s]
 35%|███▌      | 28/79 [00:00<00:01, 41.71it/s]
 42%|████▏     | 33/79 [00:00<00:01, 39.38it/s]
 49%|████▉     | 39/79 [00:01<00:00, 40.19it/s]
 56%|█████▌    | 44/79 [00:01<00:00, 42.43it/s]
 62%|██████▏   | 49/79 [00:01<00:00, 38.71it/s]
 68%|██████▊   | 54/79 [00:01<00:00, 41.30it/s]
 75%|███████▍  | 59/79 [00:01<00:00, 39.55it/s]
 81%|████████  | 64/79 [00:01<00:00, 41.56it/s]
 87%|████████▋ | 69/79 [00:01<00:00, 39.82it/s]
 94%|█████████▎| 74/79 [00:01<00:00, 42.22it/s]
100%|██████████| 79/79 [00:01<00:00, 40.20it/s]

CommRound: 1/30
Accuracy: 17.14% | Loss: 2.7883
[##----------------------------------------------------------] 3.3%
Elapsed: 0.2m | Avg/Round: 12.0s | Last: 9.9s | Next: 12.0s | Remaining: 5.8m
ETA: 20:25:23
Recent round times: R1: 9.9s

  0%|          | 0/79 [00:00<?, ?it/s]
  3%|▎         | 2/79 [00:00<00:04, 18.90it/s]
  9%|▉         | 7/79 [00:00<00:02, 29.63it/s]
 15%|█▌        | 12/79 [00:00<00:01, 37.64it/s]
 20%|██        | 16/79 [00:00<00:01, 37.75it/s]
 27%|██▋       | 21/79 [00:00<00:01, 36.39it/s]
 33%|███▎      | 26/79 [00:00<00:01, 40.13it/s]
 39%|███▉      | 31/79 [00:00<00:01, 38.07it/s]
 44%|████▍     | 35/79 [00:00<00:01, 38.07it/s]
 51%|█████     | 40/79 [00:01<00:00, 41.13it/s]
 57%|█████▋    | 45/79 [00:01<00:00, 38.74it/s]
 62%|██████▏   | 49/79 [00:01<00:00, 38.89it/s]
 68%|██████▊   | 54/79 [00:01<00:00, 41.89it/s]
 75%|███████▍  | 59/79 [00:01<00:00, 39.23it/s]
 81%|████████  | 64/79 [00:01<00:00, 42.02it/s]
 87%|████████▋ | 69/79 [00:01<00:00, 39.52it/s]
 94%|█████████▎| 74/79 [00:01<00:00, 42.16it/s]
100%|██████████| 79/79 [00:01<00:00, 44.16it/s]
100%|██████████| 79/79 [00:02<00:00, 39.46it/s]

CommRound: 2/30
Accuracy: 17.46% | Loss: 2.7337
[####--------------------------------------------------------] 6.7%
Elapsed: 0.4m | Avg/Round: 11.1s | Last: 10.3s | Next: 11.1s | Remaining: 5.2m
ETA: 20:24:57
Recent round times: R1: 9.9s -> R2: 10.3s

  0%|          | 0/79 [00:00<?, ?it/s]
  4%|▍         | 3/79 [00:00<00:03, 22.08it/s]
  9%|▉         | 7/79 [00:00<00:02, 30.56it/s]
 14%|█▍        | 11/79 [00:00<00:01, 34.07it/s]
 19%|█▉        | 15/79 [00:00<00:01, 35.96it/s]
 24%|██▍       | 19/79 [00:00<00:01, 36.95it/s]
 29%|██▉       | 23/79 [00:00<00:01, 36.13it/s]
 34%|███▍      | 27/79 [00:00<00:01, 35.72it/s]
 39%|███▉      | 31/79 [00:00<00:01, 35.51it/s]
 44%|████▍     | 35/79 [00:01<00:01, 35.56it/s]
 49%|████▉     | 39/79 [00:01<00:01, 36.13it/s]
 54%|█████▍    | 43/79 [00:01<00:00, 36.75it/s]
 59%|█████▉    | 47/79 [00:01<00:00, 37.06it/s]
 65%|██████▍   | 51/79 [00:01<00:00, 37.29it/s]
 70%|██████▉   | 55/79 [00:01<00:00, 37.38it/s]
 75%|███████▍  | 59/79 [00:01<00:00, 36.60it/s]
 80%|███████▉  | 63/79 [00:01<00:00, 35.95it/s]
 85%|████████▍ | 67/79 [00:01<00:00, 35.26it/s]
 90%|████████▉ | 71/79 [00:01<00:00, 35.35it/s]
 95%|█████████▍| 75/79 [00:02<00:00, 35.13it/s]
100%|██████████| 79/79 [00:02<00:00, 35.64it/s]
100%|██████████| 79/79 [00:02<00:00, 35.38it/s]

CommRound: 3/30
Accuracy: 20.15% | Loss: 2.3192
[######------------------------------------------------------] 10.0%
Elapsed: 0.5m | Avg/Round: 10.9s | Last: 10.5s | Next: 10.9s | Remaining: 4.9m
ETA: 20:24:50
Recent round times: R1: 9.9s -> R2: 10.3s -> R3: 10.5s

  0%|          | 0/79 [00:00<?, ?it/s]
  3%|▎         | 2/79 [00:00<00:03, 19.87it/s]
  9%|▉         | 7/79 [00:00<00:02, 32.43it/s]
 14%|█▍        | 11/79 [00:00<00:01, 35.55it/s]
 19%|█▉        | 15/79 [00:00<00:01, 36.40it/s]
 24%|██▍       | 19/79 [00:00<00:01, 36.49it/s]
 29%|██▉       | 23/79 [00:00<00:01, 35.79it/s]
 34%|███▍      | 27/79 [00:00<00:01, 35.83it/s]
 39%|███▉      | 31/79 [00:00<00:01, 35.81it/s]
 44%|████▍     | 35/79 [00:00<00:01, 35.91it/s]
 49%|████▉     | 39/79 [00:01<00:01, 35.79it/s]
 54%|█████▍    | 43/79 [00:01<00:01, 35.81it/s]
 59%|█████▉    | 47/79 [00:01<00:00, 35.59it/s]
 65%|██████▍   | 51/79 [00:01<00:00, 35.55it/s]
 70%|██████▉   | 55/79 [00:01<00:00, 35.73it/s]
 75%|███████▍  | 59/79 [00:01<00:00, 35.83it/s]
 80%|███████▉  | 63/79 [00:01<00:00, 35.90it/s]
 85%|████████▍ | 67/79 [00:01<00:00, 36.04it/s]
 90%|████████▉ | 71/79 [00:01<00:00, 35.81it/s]
 95%|█████████▍| 75/79 [00:02<00:00, 35.19it/s]
100%|██████████| 79/79 [00:02<00:00, 35.46it/s]
100%|██████████| 79/79 [00:02<00:00, 35.24it/s]

CommRound: 4/30
Accuracy: 24.57% | Loss: 2.0686
[########----------------------------------------------------] 13.3%
Elapsed: 0.7m | Avg/Round: 10.9s | Last: 11.0s | Next: 10.9s | Remaining: 4.7m
ETA: 20:24:51
Recent round times: R1: 9.9s -> R2: 10.3s -> R3: 10.5s -> R4: 11.0s

  0%|          | 0/79 [00:00<?, ?it/s]
  4%|▍         | 3/79 [00:00<00:03, 22.48it/s]
 10%|█         | 8/79 [00:00<00:02, 30.18it/s]
 15%|█▌        | 12/79 [00:00<00:02, 32.39it/s]
 20%|██        | 16/79 [00:00<00:01, 33.50it/s]
 25%|██▌       | 20/79 [00:00<00:01, 35.21it/s]
 32%|███▏      | 25/79 [00:00<00:01, 39.54it/s]
 38%|███▊      | 30/79 [00:00<00:01, 35.41it/s]
 46%|████▌     | 36/79 [00:01<00:01, 37.97it/s]
 53%|█████▎    | 42/79 [00:01<00:00, 39.83it/s]
 61%|██████    | 48/79 [00:01<00:00, 41.13it/s]
 68%|██████▊   | 54/79 [00:01<00:00, 41.40it/s]
 75%|███████▍  | 59/79 [00:01<00:00, 42.91it/s]
 81%|████████  | 64/79 [00:01<00:00, 42.54it/s]
 87%|████████▋ | 69/79 [00:01<00:00, 39.16it/s]
 95%|█████████▍| 75/79 [00:01<00:00, 40.47it/s]
100%|██████████| 79/79 [00:02<00:00, 39.27it/s]

CommRound: 5/30
Accuracy: 37.67% | Loss: 1.8247
[##########--------------------------------------------------] 16.7%
Elapsed: 0.9m | Avg/Round: 10.8s | Last: 10.3s | Next: 10.8s | Remaining: 4.5m
ETA: 20:24:47
Recent round times: R1: 9.9s -> R2: 10.3s -> R3: 10.5s -> R4: 11.0s -> R5: 10.3s

  0%|          | 0/79 [00:00<?, ?it/s]
  4%|▍         | 3/79 [00:00<00:03, 22.39it/s]
 10%|█         | 8/79 [00:00<00:01, 36.09it/s]
 16%|█▋        | 13/79 [00:00<00:01, 35.58it/s]
 23%|██▎       | 18/79 [00:00<00:01, 40.38it/s]
 29%|██▉       | 23/79 [00:00<00:01, 38.39it/s]
 37%|███▋      | 29/79 [00:00<00:01, 39.55it/s]
 43%|████▎     | 34/79 [00:00<00:01, 42.36it/s]
 49%|████▉     | 39/79 [00:01<00:01, 39.83it/s]
 57%|█████▋    | 45/79 [00:01<00:00, 40.41it/s]
 65%|██████▍   | 51/79 [00:01<00:00, 40.82it/s]
 71%|███████   | 56/79 [00:01<00:00, 42.85it/s]
 77%|███████▋  | 61/79 [00:01<00:00, 40.18it/s]
 85%|████████▍ | 67/79 [00:01<00:00, 40.62it/s]
 91%|█████████ | 72/79 [00:01<00:00, 42.76it/s]
 97%|█████████▋| 77/79 [00:01<00:00, 40.21it/s]
100%|██████████| 79/79 [00:01<00:00, 40.49it/s]

CommRound: 6/30
Accuracy: 42.91% | Loss: 1.6663
[############------------------------------------------------] 20.0%
Elapsed: 1.1m | Avg/Round: 10.7s | Last: 10.2s | Next: 10.7s | Remaining: 4.3m
ETA: 20:24:44
Recent round times: R1: 10.3s -> R2: 10.5s -> R3: 11.0s -> R4: 10.3s -> R5: 10.2s

  0%|          | 0/79 [00:00<?, ?it/s]
  4%|▍         | 3/79 [00:00<00:03, 22.84it/s]
 10%|█         | 8/79 [00:00<00:02, 34.63it/s]
 15%|█▌        | 12/79 [00:00<00:01, 36.77it/s]
 20%|██        | 16/79 [00:00<00:01, 37.86it/s]
 27%|██▋       | 21/79 [00:00<00:01, 39.95it/s]
 33%|███▎      | 26/79 [00:00<00:01, 38.93it/s]
 39%|███▉      | 31/79 [00:00<00:01, 41.72it/s]
 46%|████▌     | 36/79 [00:00<00:01, 39.42it/s]
 52%|█████▏    | 41/79 [00:01<00:00, 41.98it/s]
 58%|█████▊    | 46/79 [00:01<00:00, 39.37it/s]
 65%|██████▍   | 51/79 [00:01<00:00, 41.88it/s]
 71%|███████   | 56/79 [00:01<00:00, 39.28it/s]
 77%|███████▋  | 61/79 [00:01<00:00, 41.69it/s]
 84%|████████▎ | 66/79 [00:01<00:00, 39.21it/s]
 90%|████████▉ | 71/79 [00:01<00:00, 41.83it/s]
 96%|█████████▌| 76/79 [00:01<00:00, 39.45it/s]
100%|██████████| 79/79 [00:01<00:00, 39.70it/s]

CommRound: 7/30
Accuracy: 46.36% | Loss: 1.5815
[##############----------------------------------------------] 23.3%
Elapsed: 1.2m | Avg/Round: 10.7s | Last: 10.5s | Next: 10.7s | Remaining: 4.1m
ETA: 20:24:43
Recent round times: R1: 10.5s -> R2: 11.0s -> R3: 10.3s -> R4: 10.2s -> R5: 10.5s

  0%|          | 0/79 [00:00<?, ?it/s]
  4%|▍         | 3/79 [00:00<00:03, 23.03it/s]
 10%|█         | 8/79 [00:00<00:01, 36.65it/s]
 16%|█▋        | 13/79 [00:00<00:01, 36.28it/s]
 23%|██▎       | 18/79 [00:00<00:01, 40.62it/s]
 29%|██▉       | 23/79 [00:00<00:01, 37.45it/s]
 34%|███▍      | 27/79 [00:00<00:01, 38.12it/s]
 39%|███▉      | 31/79 [00:00<00:01, 38.33it/s]
 44%|████▍     | 35/79 [00:00<00:01, 38.71it/s]
 51%|█████     | 40/79 [00:01<00:00, 41.90it/s]
 57%|█████▋    | 45/79 [00:01<00:00, 39.39it/s]
 63%|██████▎   | 50/79 [00:01<00:00, 41.62it/s]
 70%|██████▉   | 55/79 [00:01<00:00, 38.96it/s]
 75%|███████▍  | 59/79 [00:01<00:00, 38.99it/s]
 81%|████████  | 64/79 [00:01<00:00, 41.69it/s]
 87%|████████▋ | 69/79 [00:01<00:00, 39.16it/s]
 94%|█████████▎| 74/79 [00:01<00:00, 41.82it/s]
100%|██████████| 79/79 [00:01<00:00, 43.99it/s]
100%|██████████| 79/79 [00:01<00:00, 39.74it/s]

CommRound: 8/30
Accuracy: 43.47% | Loss: 1.7017
[################--------------------------------------------] 26.7%
Elapsed: 1.4m | Avg/Round: 10.6s | Last: 10.3s | Next: 10.6s | Remaining: 3.9m
ETA: 20:24:41
Recent round times: R1: 11.0s -> R2: 10.3s -> R3: 10.2s -> R4: 10.5s -> R5: 10.3s

  0%|          | 0/79 [00:00<?, ?it/s]
  4%|▍         | 3/79 [00:00<00:03, 22.48it/s]
  9%|▉         | 7/79 [00:00<00:02, 31.09it/s]
 14%|█▍        | 11/79 [00:00<00:01, 34.70it/s]
 19%|█▉        | 15/79 [00:00<00:01, 36.47it/s]
 25%|██▌       | 20/79 [00:00<00:01, 38.30it/s]
 32%|███▏      | 25/79 [00:00<00:01, 38.69it/s]
 38%|███▊      | 30/79 [00:00<00:01, 39.85it/s]
 44%|████▍     | 35/79 [00:00<00:01, 39.70it/s]
 51%|█████     | 40/79 [00:01<00:00, 40.64it/s]
 57%|█████▋    | 45/79 [00:01<00:00, 40.03it/s]
 63%|██████▎   | 50/79 [00:01<00:00, 40.91it/s]
 70%|██████▉   | 55/79 [00:01<00:00, 40.17it/s]
 76%|███████▌  | 60/79 [00:01<00:00, 41.10it/s]
 82%|████████▏ | 65/79 [00:01<00:00, 39.90it/s]
 89%|████████▊ | 70/79 [00:01<00:00, 41.43it/s]
 95%|█████████▍| 75/79 [00:01<00:00, 40.78it/s]
100%|██████████| 79/79 [00:01<00:00, 39.83it/s]

CommRound: 9/30
Accuracy: 55.33% | Loss: 1.3475
[##################------------------------------------------] 30.0%
Elapsed: 1.6m | Avg/Round: 10.6s | Last: 10.3s | Next: 10.6s | Remaining: 3.7m
ETA: 20:24:40
Recent round times: R1: 10.3s -> R2: 10.2s -> R3: 10.5s -> R4: 10.3s -> R5: 10.3s

  0%|          | 0/79 [00:00<?, ?it/s]
  3%|▎         | 2/79 [00:00<00:03, 19.83it/s]
  9%|▉         | 7/79 [00:00<00:02, 31.43it/s]
 15%|█▌        | 12/79 [00:00<00:01, 38.27it/s]
 20%|██        | 16/79 [00:00<00:01, 37.19it/s]
 25%|██▌       | 20/79 [00:00<00:01, 37.88it/s]
 32%|███▏      | 25/79 [00:00<00:01, 39.89it/s]
 38%|███▊      | 30/79 [00:00<00:01, 40.36it/s]
 44%|████▍     | 35/79 [00:00<00:01, 41.76it/s]
 51%|█████     | 40/79 [00:01<00:00, 41.67it/s]
 57%|█████▋    | 45/79 [00:01<00:00, 41.84it/s]
 63%|██████▎   | 50/79 [00:01<00:00, 42.31it/s]
 70%|██████▉   | 55/79 [00:01<00:00, 41.02it/s]
 76%|███████▌  | 60/79 [00:01<00:00, 42.98it/s]
 82%|████████▏ | 65/79 [00:01<00:00, 38.22it/s]
 87%|████████▋ | 69/79 [00:01<00:00, 37.69it/s]
 92%|█████████▏| 73/79 [00:01<00:00, 37.30it/s]
 97%|█████████▋| 77/79 [00:01<00:00, 37.10it/s]
100%|██████████| 79/79 [00:02<00:00, 39.37it/s]

CommRound: 10/30
Accuracy: 45.14% | Loss: 1.7513
[####################----------------------------------------] 33.3%
Elapsed: 1.8m | Avg/Round: 10.6s | Last: 10.3s | Next: 10.6s | Remaining: 3.5m
ETA: 20:24:39
Recent round times: R1: 10.2s -> R2: 10.5s -> R3: 10.3s -> R4: 10.3s -> R5: 10.3s

  0%|          | 0/79 [00:00<?, ?it/s]
  3%|▎         | 2/79 [00:00<00:03, 19.65it/s]
  9%|▉         | 7/79 [00:00<00:02, 30.51it/s]
 14%|█▍        | 11/79 [00:00<00:01, 34.15it/s]
 20%|██        | 16/79 [00:00<00:01, 39.64it/s]
 25%|██▌       | 20/79 [00:00<00:01, 38.59it/s]
 30%|███       | 24/79 [00:00<00:01, 37.47it/s]
 35%|███▌      | 28/79 [00:00<00:01, 36.88it/s]
 41%|████      | 32/79 [00:00<00:01, 36.44it/s]
 46%|████▌     | 36/79 [00:01<00:01, 36.43it/s]
 52%|█████▏    | 41/79 [00:01<00:01, 35.93it/s]
 58%|█████▊    | 46/79 [00:01<00:00, 39.46it/s]
 65%|██████▍   | 51/79 [00:01<00:00, 37.87it/s]
 71%|███████   | 56/79 [00:01<00:00, 40.87it/s]
 77%|███████▋  | 61/79 [00:01<00:00, 39.04it/s]
 84%|████████▎ | 66/79 [00:01<00:00, 41.38it/s]
 90%|████████▉ | 71/79 [00:01<00:00, 39.29it/s]
 96%|█████████▌| 76/79 [00:01<00:00, 40.23it/s]
100%|██████████| 79/79 [00:02<00:00, 38.37it/s]

CommRound: 11/30
Accuracy: 53.29% | Loss: 1.4573
[######################--------------------------------------] 36.7%
Elapsed: 1.9m | Avg/Round: 10.5s | Last: 10.3s | Next: 10.5s | Remaining: 3.3m
ETA: 20:24:39
Recent round times: R1: 10.5s -> R2: 10.3s -> R3: 10.3s -> R4: 10.3s -> R5: 10.3s

  0%|          | 0/79 [00:00<?, ?it/s]
  4%|▍         | 3/79 [00:00<00:03, 22.93it/s]
 10%|█         | 8/79 [00:00<00:01, 36.47it/s]
 16%|█▋        | 13/79 [00:00<00:01, 36.14it/s]
 24%|██▍       | 19/79 [00:00<00:01, 38.70it/s]
 32%|███▏      | 25/79 [00:00<00:01, 40.23it/s]
 39%|███▉      | 31/79 [00:00<00:01, 41.15it/s]
 46%|████▌     | 36/79 [00:00<00:01, 41.72it/s]
 52%|█████▏    | 41/79 [00:01<00:00, 41.73it/s]
 58%|█████▊    | 46/79 [00:01<00:00, 41.47it/s]
 65%|██████▍   | 51/79 [00:01<00:00, 42.10it/s]
 71%|███████   | 56/79 [00:01<00:00, 40.56it/s]
 77%|███████▋  | 61/79 [00:01<00:00, 42.76it/s]
 84%|████████▎ | 66/79 [00:01<00:00, 40.38it/s]
 90%|████████▉ | 71/79 [00:01<00:00, 42.81it/s]
 96%|█████████▌| 76/79 [00:01<00:00, 39.98it/s]
100%|██████████| 79/79 [00:01<00:00, 40.48it/s]

CommRound: 12/30
Accuracy: 60.85% | Loss: 1.2072
[########################------------------------------------] 40.0%
Elapsed: 2.1m | Avg/Round: 10.5s | Last: 10.4s | Next: 10.5s | Remaining: 3.2m
ETA: 20:24:38
Recent round times: R1: 10.3s -> R2: 10.3s -> R3: 10.3s -> R4: 10.3s -> R5: 10.4s

  0%|          | 0/79 [00:00<?, ?it/s]
  3%|▎         | 2/79 [00:00<00:03, 19.27it/s]
  9%|▉         | 7/79 [00:00<00:02, 31.80it/s]
 16%|█▋        | 13/79 [00:00<00:01, 36.69it/s]
 24%|██▍       | 19/79 [00:00<00:01, 38.87it/s]
 30%|███       | 24/79 [00:00<00:01, 42.01it/s]
 37%|███▋      | 29/79 [00:00<00:01, 39.52it/s]
 44%|████▍     | 35/79 [00:00<00:01, 40.19it/s]
 52%|█████▏    | 41/79 [00:01<00:00, 40.63it/s]
 58%|█████▊    | 46/79 [00:01<00:00, 42.87it/s]
 65%|██████▍   | 51/79 [00:01<00:00, 40.34it/s]
 72%|███████▏  | 57/79 [00:01<00:00, 40.98it/s]
 80%|███████▉  | 63/79 [00:01<00:00, 41.37it/s]
 86%|████████▌ | 68/79 [00:01<00:00, 43.36it/s]
 92%|█████████▏| 73/79 [00:01<00:00, 41.11it/s]
100%|██████████| 79/79 [00:01<00:00, 45.74it/s]
100%|██████████| 79/79 [00:01<00:00, 40.92it/s]

CommRound: 13/30
Accuracy: 57.00% | Loss: 1.3687
[##########################----------------------------------] 43.3%
Elapsed: 2.3m | Avg/Round: 10.5s | Last: 10.3s | Next: 10.5s | Remaining: 3.0m
ETA: 20:24:38
Recent round times: R1: 10.3s -> R2: 10.3s -> R3: 10.3s -> R4: 10.4s -> R5: 10.3s

  0%|          | 0/79 [00:00<?, ?it/s]
  3%|▎         | 2/79 [00:00<00:03, 19.83it/s]
  9%|▉         | 7/79 [00:00<00:02, 31.03it/s]
 15%|█▌        | 12/79 [00:00<00:01, 38.59it/s]
 22%|██▏       | 17/79 [00:00<00:01, 36.61it/s]
 28%|██▊       | 22/79 [00:00<00:01, 40.37it/s]
 34%|███▍      | 27/79 [00:00<00:01, 38.11it/s]
 41%|████      | 32/79 [00:00<00:01, 41.15it/s]
 47%|████▋     | 37/79 [00:00<00:01, 38.76it/s]
 54%|█████▍    | 43/79 [00:01<00:00, 39.69it/s]
 61%|██████    | 48/79 [00:01<00:00, 41.89it/s]
 67%|██████▋   | 53/79 [00:01<00:00, 39.25it/s]
 73%|███████▎  | 58/79 [00:01<00:00, 41.57it/s]
 80%|███████▉  | 63/79 [00:01<00:00, 39.10it/s]
 86%|████████▌ | 68/79 [00:01<00:00, 41.61it/s]
 92%|█████████▏| 73/79 [00:01<00:00, 39.18it/s]
 99%|█████████▊| 78/79 [00:01<00:00, 41.80it/s]
100%|██████████| 79/79 [00:01<00:00, 39.73it/s]

CommRound: 14/30
Accuracy: 59.88% | Loss: 1.2376
[############################--------------------------------] 46.7%
Elapsed: 2.5m | Avg/Round: 10.5s | Last: 10.4s | Next: 10.5s | Remaining: 2.8m
ETA: 20:24:37
Recent round times: R1: 10.3s -> R2: 10.3s -> R3: 10.4s -> R4: 10.3s -> R5: 10.4s

  0%|          | 0/79 [00:00<?, ?it/s]
  4%|▍         | 3/79 [00:00<00:03, 22.29it/s]
  9%|▉         | 7/79 [00:00<00:02, 30.25it/s]
 14%|█▍        | 11/79 [00:00<00:02, 33.46it/s]
 19%|█▉        | 15/79 [00:00<00:03, 20.33it/s]
 25%|██▌       | 20/79 [00:00<00:02, 26.95it/s]
 30%|███       | 24/79 [00:00<00:01, 30.05it/s]
 35%|███▌      | 28/79 [00:00<00:01, 32.43it/s]
 41%|████      | 32/79 [00:01<00:01, 34.45it/s]
 46%|████▌     | 36/79 [00:01<00:01, 34.80it/s]
 51%|█████     | 40/79 [00:01<00:01, 35.06it/s]
 56%|█████▌    | 44/79 [00:01<00:01, 34.94it/s]
 61%|██████    | 48/79 [00:01<00:00, 35.14it/s]
 66%|██████▌   | 52/79 [00:01<00:00, 35.49it/s]
 71%|███████   | 56/79 [00:01<00:00, 36.40it/s]
 76%|███████▌  | 60/79 [00:01<00:00, 36.86it/s]
 81%|████████  | 64/79 [00:01<00:00, 37.56it/s]
 89%|████████▊ | 70/79 [00:02<00:00, 39.67it/s]
 96%|█████████▌| 76/79 [00:02<00:00, 40.58it/s]
100%|██████████| 79/79 [00:02<00:00, 34.63it/s]

CommRound: 15/30
Accuracy: 65.30% | Loss: 1.0857
[##############################------------------------------] 50.0%
Elapsed: 2.6m | Avg/Round: 10.5s | Last: 10.6s | Next: 10.5s | Remaining: 2.6m
ETA: 20:24:38
Recent round times: R1: 10.3s -> R2: 10.4s -> R3: 10.3s -> R4: 10.4s -> R5: 10.6s

  0%|          | 0/79 [00:00<?, ?it/s]
  4%|▍         | 3/79 [00:00<00:03, 22.76it/s]
  9%|▉         | 7/79 [00:00<00:02, 31.07it/s]
 14%|█▍        | 11/79 [00:00<00:02, 22.88it/s]
 18%|█▊        | 14/79 [00:00<00:02, 24.77it/s]
 23%|██▎       | 18/79 [00:00<00:02, 27.84it/s]
 28%|██▊       | 22/79 [00:00<00:01, 30.09it/s]
 33%|███▎      | 26/79 [00:00<00:01, 31.48it/s]
 39%|███▉      | 31/79 [00:01<00:01, 36.29it/s]
 44%|████▍     | 35/79 [00:01<00:01, 37.27it/s]
 49%|████▉     | 39/79 [00:01<00:01, 37.97it/s]
 56%|█████▌    | 44/79 [00:01<00:00, 36.94it/s]
 61%|██████    | 48/79 [00:01<00:00, 37.76it/s]
 66%|██████▌   | 52/79 [00:01<00:00, 38.17it/s]
 72%|███████▏  | 57/79 [00:01<00:00, 41.49it/s]
 78%|███████▊  | 62/79 [00:01<00:00, 39.34it/s]
 85%|████████▍ | 67/79 [00:01<00:00, 42.19it/s]
 91%|█████████ | 72/79 [00:02<00:00, 39.31it/s]
 97%|█████████▋| 77/79 [00:02<00:00, 41.56it/s]
100%|██████████| 79/79 [00:02<00:00, 35.54it/s]

CommRound: 16/30
Accuracy: 63.52% | Loss: 1.1311
[################################----------------------------] 53.3%
Elapsed: 2.8m | Avg/Round: 10.5s | Last: 10.6s | Next: 10.5s | Remaining: 2.5m
ETA: 20:24:38
Recent round times: R1: 10.4s -> R2: 10.3s -> R3: 10.4s -> R4: 10.6s -> R5: 10.6s

  0%|          | 0/79 [00:00<?, ?it/s]
  4%|▍         | 3/79 [00:00<00:03, 22.52it/s]
  9%|▉         | 7/79 [00:00<00:03, 18.92it/s]
 15%|█▌        | 12/79 [00:00<00:02, 27.73it/s]
 20%|██        | 16/79 [00:00<00:02, 31.18it/s]
 27%|██▋       | 21/79 [00:00<00:01, 33.13it/s]
 33%|███▎      | 26/79 [00:00<00:01, 36.53it/s]
 38%|███▊      | 30/79 [00:00<00:01, 37.47it/s]
 43%|████▎     | 34/79 [00:01<00:01, 38.11it/s]
 48%|████▊     | 38/79 [00:01<00:01, 38.63it/s]
 53%|█████▎    | 42/79 [00:01<00:00, 38.71it/s]
 59%|█████▉    | 47/79 [00:01<00:00, 38.92it/s]
 66%|██████▌   | 52/79 [00:01<00:00, 39.71it/s]
 71%|███████   | 56/79 [00:01<00:00, 39.76it/s]
 76%|███████▌  | 60/79 [00:01<00:00, 39.80it/s]
 81%|████████  | 64/79 [00:01<00:00, 39.82it/s]
 87%|████████▋ | 69/79 [00:01<00:00, 39.77it/s]
 92%|█████████▏| 73/79 [00:02<00:00, 39.73it/s]
 99%|█████████▊| 78/79 [00:02<00:00, 40.07it/s]
100%|██████████| 79/79 [00:02<00:00, 36.80it/s]

CommRound: 17/30
Accuracy: 61.66% | Loss: 1.2443
[##################################--------------------------] 56.7%
Elapsed: 3.0m | Avg/Round: 10.5s | Last: 10.5s | Next: 10.5s | Remaining: 2.3m
ETA: 20:24:38
Recent round times: R1: 10.3s -> R2: 10.4s -> R3: 10.6s -> R4: 10.6s -> R5: 10.5s

  0%|          | 0/79 [00:00<?, ?it/s]
  3%|▎         | 2/79 [00:00<00:03, 19.74it/s]
  5%|▌         | 4/79 [00:00<00:06, 12.20it/s]
 10%|█         | 8/79 [00:00<00:03, 21.35it/s]
 15%|█▌        | 12/79 [00:00<00:02, 27.17it/s]
 22%|██▏       | 17/79 [00:00<00:01, 33.79it/s]
 28%|██▊       | 22/79 [00:00<00:01, 34.73it/s]
 34%|███▍      | 27/79 [00:00<00:01, 38.53it/s]
 41%|████      | 32/79 [00:00<00:01, 38.31it/s]
 47%|████▋     | 37/79 [00:01<00:01, 39.99it/s]
 53%|█████▎    | 42/79 [00:01<00:00, 40.33it/s]
 59%|█████▉    | 47/79 [00:01<00:00, 40.10it/s]
 66%|██████▌   | 52/79 [00:01<00:00, 41.48it/s]
 72%|███████▏  | 57/79 [00:01<00:00, 40.01it/s]
 78%|███████▊  | 62/79 [00:01<00:00, 42.37it/s]
 85%|████████▍ | 67/79 [00:01<00:00, 40.23it/s]
 91%|█████████ | 72/79 [00:01<00:00, 42.54it/s]
 97%|█████████▋| 77/79 [00:02<00:00, 40.20it/s]
100%|██████████| 79/79 [00:02<00:00, 37.45it/s]

CommRound: 18/30
Accuracy: 64.32% | Loss: 1.1369
[####################################------------------------] 60.0%
Elapsed: 3.2m | Avg/Round: 10.5s | Last: 10.5s | Next: 10.5s | Remaining: 2.1m
ETA: 20:24:38
Recent round times: R1: 10.4s -> R2: 10.6s -> R3: 10.6s -> R4: 10.5s -> R5: 10.5s

  0%|          | 0/79 [00:00<?, ?it/s]
  1%|▏         | 1/79 [00:00<00:17,  4.46it/s]
  9%|▉         | 7/79 [00:00<00:03, 22.34it/s]
 15%|█▌        | 12/79 [00:00<00:02, 31.20it/s]
 22%|██▏       | 17/79 [00:00<00:01, 32.69it/s]
 28%|██▊       | 22/79 [00:00<00:01, 37.42it/s]
 34%|███▍      | 27/79 [00:00<00:01, 36.37it/s]
 41%|████      | 32/79 [00:00<00:01, 39.76it/s]
 47%|████▋     | 37/79 [00:01<00:01, 37.98it/s]
 54%|█████▍    | 43/79 [00:01<00:00, 39.31it/s]
 62%|██████▏   | 49/79 [00:01<00:00, 40.32it/s]
 70%|██████▉   | 55/79 [00:01<00:00, 40.97it/s]
 77%|███████▋  | 61/79 [00:01<00:00, 41.23it/s]
 85%|████████▍ | 67/79 [00:01<00:00, 41.32it/s]
 92%|█████████▏| 73/79 [00:01<00:00, 41.47it/s]
 99%|█████████▊| 78/79 [00:02<00:00, 43.42it/s]
100%|██████████| 79/79 [00:02<00:00, 37.95it/s]

CommRound: 19/30
Accuracy: 68.83% | Loss: 1.0055
[######################################----------------------] 63.3%
Elapsed: 3.3m | Avg/Round: 10.5s | Last: 10.6s | Next: 10.5s | Remaining: 1.9m
ETA: 20:24:38
Recent round times: R1: 10.6s -> R2: 10.6s -> R3: 10.5s -> R4: 10.5s -> R5: 10.6s

  0%|          | 0/79 [00:00<?, ?it/s]
  3%|▎         | 2/79 [00:00<00:03, 19.90it/s]
  9%|▉         | 7/79 [00:00<00:02, 32.17it/s]
 15%|█▌        | 12/79 [00:00<00:01, 38.62it/s]
 22%|██▏       | 17/79 [00:00<00:01, 37.42it/s]
 28%|██▊       | 22/79 [00:00<00:01, 40.76it/s]
 34%|███▍      | 27/79 [00:00<00:01, 39.12it/s]
 41%|████      | 32/79 [00:00<00:01, 41.70it/s]
 47%|████▋     | 37/79 [00:00<00:01, 39.95it/s]
 54%|█████▍    | 43/79 [00:01<00:00, 40.71it/s]
 62%|██████▏   | 49/79 [00:01<00:00, 41.18it/s]
 68%|██████▊   | 54/79 [00:01<00:00, 43.34it/s]
 75%|███████▍  | 59/79 [00:01<00:00, 40.76it/s]
 82%|████████▏ | 65/79 [00:01<00:00, 41.56it/s]
 90%|████████▉ | 71/79 [00:01<00:00, 42.09it/s]
 96%|█████████▌| 76/79 [00:01<00:00, 44.02it/s]
100%|██████████| 79/79 [00:01<00:00, 41.10it/s]

CommRound: 20/30
Accuracy: 68.18% | Loss: 1.0232
[########################################--------------------] 66.7%
Elapsed: 3.5m | Avg/Round: 10.5s | Last: 10.5s | Next: 10.5s | Remaining: 1.8m
ETA: 20:24:38
Recent round times: R1: 10.6s -> R2: 10.5s -> R3: 10.5s -> R4: 10.6s -> R5: 10.5s

  0%|          | 0/79 [00:00<?, ?it/s]
  4%|▍         | 3/79 [00:00<00:03, 22.52it/s]
  9%|▉         | 7/79 [00:00<00:02, 31.50it/s]
 14%|█▍        | 11/79 [00:00<00:01, 34.99it/s]
 19%|█▉        | 15/79 [00:00<00:01, 36.79it/s]
 25%|██▌       | 20/79 [00:00<00:01, 40.87it/s]
 32%|███▏      | 25/79 [00:00<00:01, 38.26it/s]
 37%|███▋      | 29/79 [00:00<00:01, 38.65it/s]
 43%|████▎     | 34/79 [00:00<00:01, 41.75it/s]
 49%|████▉     | 39/79 [00:01<00:00, 40.29it/s]
 56%|█████▌    | 44/79 [00:01<00:00, 41.15it/s]
 62%|██████▏   | 49/79 [00:01<00:00, 40.78it/s]
 68%|██████▊   | 54/79 [00:01<00:00, 40.35it/s]
 75%|███████▍  | 59/79 [00:01<00:00, 41.24it/s]
 81%|████████  | 64/79 [00:01<00:00, 41.02it/s]
 87%|████████▋ | 69/79 [00:01<00:00, 41.87it/s]
 94%|█████████▎| 74/79 [00:01<00:00, 41.77it/s]
100%|██████████| 79/79 [00:01<00:00, 40.13it/s]

CommRound: 21/30
Accuracy: 66.83% | Loss: 1.0785
[##########################################------------------] 70.0%
Elapsed: 3.7m | Avg/Round: 10.5s | Last: 10.4s | Next: 10.5s | Remaining: 1.6m
ETA: 20:24:38
Recent round times: R1: 10.5s -> R2: 10.5s -> R3: 10.6s -> R4: 10.5s -> R5: 10.4s

  0%|          | 0/79 [00:00<?, ?it/s]
  4%|▍         | 3/79 [00:00<00:03, 22.83it/s]
 10%|█         | 8/79 [00:00<00:02, 35.44it/s]
 16%|█▋        | 13/79 [00:00<00:01, 35.58it/s]
 23%|██▎       | 18/79 [00:00<00:01, 40.03it/s]
 29%|██▉       | 23/79 [00:00<00:01, 38.26it/s]
 35%|███▌      | 28/79 [00:00<00:01, 41.51it/s]
 42%|████▏     | 33/79 [00:00<00:01, 39.23it/s]
 48%|████▊     | 38/79 [00:00<00:00, 42.13it/s]
 54%|█████▍    | 43/79 [00:01<00:00, 39.56it/s]
 61%|██████    | 48/79 [00:01<00:00, 42.15it/s]
 67%|██████▋   | 53/79 [00:01<00:00, 39.56it/s]
 73%|███████▎  | 58/79 [00:01<00:00, 41.82it/s]
 80%|███████▉  | 63/79 [00:01<00:00, 39.14it/s]
 86%|████████▌ | 68/79 [00:01<00:00, 38.71it/s]
 92%|█████████▏| 73/79 [00:01<00:00, 38.88it/s]
 99%|█████████▊| 78/79 [00:01<00:00, 41.64it/s]
100%|██████████| 79/79 [00:01<00:00, 39.85it/s]

CommRound: 22/30
Accuracy: 65.18% | Loss: 1.1898
[############################################----------------] 73.3%
Elapsed: 3.9m | Avg/Round: 10.5s | Last: 10.5s | Next: 10.5s | Remaining: 1.4m
ETA: 20:24:38
Recent round times: R1: 10.5s -> R2: 10.6s -> R3: 10.5s -> R4: 10.4s -> R5: 10.5s

  0%|          | 0/79 [00:00<?, ?it/s]
  4%|▍         | 3/79 [00:00<00:03, 23.15it/s]
 10%|█         | 8/79 [00:00<00:02, 35.40it/s]
 15%|█▌        | 12/79 [00:00<00:01, 36.98it/s]
 20%|██        | 16/79 [00:00<00:01, 38.02it/s]
 27%|██▋       | 21/79 [00:00<00:01, 38.99it/s]
 33%|███▎      | 26/79 [00:00<00:01, 39.50it/s]
 39%|███▉      | 31/79 [00:00<00:01, 38.01it/s]
 46%|████▌     | 36/79 [00:00<00:01, 40.98it/s]
 52%|█████▏    | 41/79 [00:01<00:00, 40.03it/s]
 58%|█████▊    | 46/79 [00:01<00:00, 41.08it/s]
 65%|██████▍   | 51/79 [00:01<00:00, 41.51it/s]
 71%|███████   | 56/79 [00:01<00:00, 40.57it/s]
 77%|███████▋  | 61/79 [00:01<00:00, 42.77it/s]
 84%|████████▎ | 66/79 [00:01<00:00, 40.39it/s]
 91%|█████████ | 72/79 [00:01<00:00, 40.78it/s]
 99%|█████████▊| 78/79 [00:01<00:00, 41.17it/s]
100%|██████████| 79/79 [00:01<00:00, 40.10it/s]

CommRound: 23/30
Accuracy: 69.07% | Loss: 1.0511
[##############################################--------------] 76.7%
Elapsed: 4.0m | Avg/Round: 10.5s | Last: 10.5s | Next: 10.5s | Remaining: 1.2m
ETA: 20:24:38
Recent round times: R1: 10.6s -> R2: 10.5s -> R3: 10.4s -> R4: 10.5s -> R5: 10.5s

  0%|          | 0/79 [00:00<?, ?it/s]
  4%|▍         | 3/79 [00:00<00:03, 22.71it/s]
 10%|█         | 8/79 [00:00<00:01, 36.49it/s]
 16%|█▋        | 13/79 [00:00<00:01, 35.84it/s]
 24%|██▍       | 19/79 [00:00<00:01, 38.35it/s]
 32%|███▏      | 25/79 [00:00<00:01, 39.65it/s]
 39%|███▉      | 31/79 [00:00<00:01, 40.46it/s]
 47%|████▋     | 37/79 [00:00<00:01, 40.88it/s]
 53%|█████▎    | 42/79 [00:01<00:00, 43.14it/s]
 59%|█████▉    | 47/79 [00:01<00:00, 40.62it/s]
 67%|██████▋   | 53/79 [00:01<00:00, 40.93it/s]
 73%|███████▎  | 58/79 [00:01<00:00, 43.12it/s]
 80%|███████▉  | 63/79 [00:01<00:00, 40.58it/s]
 87%|████████▋ | 69/79 [00:01<00:00, 41.02it/s]
 95%|█████████▍| 75/79 [00:01<00:00, 41.20it/s]
100%|██████████| 79/79 [00:01<00:00, 40.88it/s]

CommRound: 24/30
Accuracy: 69.83% | Loss: 0.9836
[################################################------------] 80.0%
Elapsed: 4.2m | Avg/Round: 10.5s | Last: 10.4s | Next: 10.5s | Remaining: 1.1m
ETA: 20:24:38
Recent round times: R1: 10.5s -> R2: 10.4s -> R3: 10.5s -> R4: 10.5s -> R5: 10.4s

  0%|          | 0/79 [00:00<?, ?it/s]
  4%|▍         | 3/79 [00:00<00:03, 22.23it/s]
 10%|█         | 8/79 [00:00<00:01, 36.33it/s]
 16%|█▋        | 13/79 [00:00<00:01, 35.89it/s]
 23%|██▎       | 18/79 [00:00<00:01, 40.68it/s]
 29%|██▉       | 23/79 [00:00<00:01, 38.81it/s]
 37%|███▋      | 29/79 [00:00<00:01, 40.09it/s]
 44%|████▍     | 35/79 [00:00<00:01, 40.64it/s]
 52%|█████▏    | 41/79 [00:01<00:00, 41.26it/s]
 59%|█████▉    | 47/79 [00:01<00:00, 41.60it/s]
 67%|██████▋   | 53/79 [00:01<00:00, 41.74it/s]
 75%|███████▍  | 59/79 [00:01<00:00, 41.87it/s]
 81%|████████  | 64/79 [00:01<00:00, 43.66it/s]
 87%|████████▋ | 69/79 [00:01<00:00, 40.67it/s]
 94%|█████████▎| 74/79 [00:01<00:00, 42.58it/s]
100%|██████████| 79/79 [00:01<00:00, 44.04it/s]
100%|██████████| 79/79 [00:01<00:00, 40.77it/s]

CommRound: 25/30
Accuracy: 71.46% | Loss: 0.9471
[##################################################----------] 83.3%
Elapsed: 4.4m | Avg/Round: 10.5s | Last: 10.3s | Next: 10.5s | Remaining: 0.9m
ETA: 20:24:37
Recent round times: R1: 10.4s -> R2: 10.5s -> R3: 10.5s -> R4: 10.4s -> R5: 10.3s

  0%|          | 0/79 [00:00<?, ?it/s]
  3%|▎         | 2/79 [00:00<00:03, 19.36it/s]
  9%|▉         | 7/79 [00:00<00:02, 31.86it/s]
 15%|█▌        | 12/79 [00:00<00:01, 39.13it/s]
 22%|██▏       | 17/79 [00:00<00:01, 37.48it/s]
 28%|██▊       | 22/79 [00:00<00:01, 40.88it/s]
 34%|███▍      | 27/79 [00:00<00:01, 39.38it/s]
 42%|████▏     | 33/79 [00:00<00:01, 40.69it/s]
 49%|████▉     | 39/79 [00:00<00:00, 41.18it/s]
 57%|█████▋    | 45/79 [00:01<00:00, 41.49it/s]
 65%|██████▍   | 51/79 [00:01<00:00, 41.39it/s]
 72%|███████▏  | 57/79 [00:01<00:00, 41.75it/s]
 80%|███████▉  | 63/79 [00:01<00:00, 42.00it/s]
 87%|████████▋ | 69/79 [00:01<00:00, 41.99it/s]
 95%|█████████▍| 75/79 [00:01<00:00, 42.17it/s]
100%|██████████| 79/79 [00:01<00:00, 41.09it/s]

CommRound: 26/30
Accuracy: 69.71% | Loss: 1.0233
[####################################################--------] 86.7%
Elapsed: 4.6m | Avg/Round: 10.5s | Last: 10.6s | Next: 10.5s | Remaining: 0.7m
ETA: 20:24:37
Recent round times: R1: 10.5s -> R2: 10.5s -> R3: 10.4s -> R4: 10.3s -> R5: 10.6s

  0%|          | 0/79 [00:00<?, ?it/s]
  4%|▍         | 3/79 [00:00<00:03, 23.17it/s]
 10%|█         | 8/79 [00:00<00:01, 36.34it/s]
 16%|█▋        | 13/79 [00:00<00:01, 35.96it/s]
 23%|██▎       | 18/79 [00:00<00:01, 39.68it/s]
 29%|██▉       | 23/79 [00:00<00:01, 38.15it/s]
 35%|███▌      | 28/79 [00:00<00:01, 41.48it/s]
 42%|████▏     | 33/79 [00:00<00:01, 39.52it/s]
 49%|████▉     | 39/79 [00:01<00:00, 40.48it/s]
 56%|█████▌    | 44/79 [00:01<00:00, 42.88it/s]
 62%|██████▏   | 49/79 [00:01<00:00, 40.21it/s]
 70%|██████▉   | 55/79 [00:01<00:00, 40.84it/s]
 77%|███████▋  | 61/79 [00:01<00:00, 41.27it/s]
 85%|████████▍ | 67/79 [00:01<00:00, 41.59it/s]
 92%|█████████▏| 73/79 [00:01<00:00, 41.87it/s]
100%|██████████| 79/79 [00:01<00:00, 46.11it/s]
100%|██████████| 79/79 [00:01<00:00, 40.97it/s]

CommRound: 27/30
Accuracy: 66.60% | Loss: 1.0751
[######################################################------] 90.0%
Elapsed: 4.7m | Avg/Round: 10.5s | Last: 10.5s | Next: 10.5s | Remaining: 0.5m
ETA: 20:24:37
Recent round times: R1: 10.5s -> R2: 10.4s -> R3: 10.3s -> R4: 10.6s -> R5: 10.5s

  0%|          | 0/79 [00:00<?, ?it/s]
  1%|▏         | 1/79 [00:00<00:08,  9.19it/s]
  9%|▉         | 7/79 [00:00<00:02, 32.20it/s]
 16%|█▋        | 13/79 [00:00<00:01, 37.95it/s]
 23%|██▎       | 18/79 [00:00<00:01, 41.58it/s]
 29%|██▉       | 23/79 [00:00<00:01, 40.63it/s]
 35%|███▌      | 28/79 [00:00<00:01, 42.23it/s]
 42%|████▏     | 33/79 [00:00<00:01, 41.67it/s]
 48%|████▊     | 38/79 [00:00<00:00, 42.42it/s]
 54%|█████▍    | 43/79 [00:01<00:00, 42.60it/s]
 61%|██████    | 48/79 [00:01<00:00, 42.12it/s]
 67%|██████▋   | 53/79 [00:01<00:00, 43.27it/s]
 73%|███████▎  | 58/79 [00:01<00:00, 41.80it/s]
 80%|███████▉  | 63/79 [00:01<00:00, 43.17it/s]
 86%|████████▌ | 68/79 [00:01<00:00, 41.58it/s]
 92%|█████████▏| 73/79 [00:01<00:00, 42.41it/s]
 99%|█████████▊| 78/79 [00:01<00:00, 41.73it/s]
100%|██████████| 79/79 [00:01<00:00, 41.15it/s]

CommRound: 28/30
Accuracy: 70.47% | Loss: 0.9033
[########################################################----] 93.3%
Elapsed: 4.9m | Avg/Round: 10.5s | Last: 10.4s | Next: 10.5s | Remaining: 0.3m
ETA: 20:24:37
Recent round times: R1: 10.4s -> R2: 10.3s -> R3: 10.6s -> R4: 10.5s -> R5: 10.4s

  0%|          | 0/79 [00:00<?, ?it/s]
  3%|▎         | 2/79 [00:00<00:03, 19.94it/s]
  9%|▉         | 7/79 [00:00<00:02, 31.33it/s]
 15%|█▌        | 12/79 [00:00<00:01, 38.68it/s]
 22%|██▏       | 17/79 [00:00<00:01, 37.02it/s]
 29%|██▉       | 23/79 [00:00<00:01, 38.79it/s]
 37%|███▋      | 29/79 [00:00<00:01, 39.85it/s]
 44%|████▍     | 35/79 [00:00<00:01, 40.41it/s]
 52%|█████▏    | 41/79 [00:01<00:00, 40.77it/s]
 59%|█████▉    | 47/79 [00:01<00:00, 41.16it/s]
 67%|██████▋   | 53/79 [00:01<00:00, 41.35it/s]
 75%|███████▍  | 59/79 [00:01<00:00, 41.59it/s]
 82%|████████▏ | 65/79 [00:01<00:00, 41.65it/s]
 90%|████████▉ | 71/79 [00:01<00:00, 41.65it/s]
 97%|█████████▋| 77/79 [00:01<00:00, 41.62it/s]
100%|██████████| 79/79 [00:01<00:00, 40.74it/s]

CommRound: 29/30
Accuracy: 67.81% | Loss: 1.0399
[##########################################################--] 96.7%
Elapsed: 5.1m | Avg/Round: 10.5s | Last: 10.5s | Next: 10.5s | Remaining: 0.2m
ETA: 20:24:37
Recent round times: R1: 10.3s -> R2: 10.6s -> R3: 10.5s -> R4: 10.4s -> R5: 10.5s

  0%|          | 0/79 [00:00<?, ?it/s]
  4%|▍         | 3/79 [00:00<00:03, 22.83it/s]
 11%|█▏        | 9/79 [00:00<00:02, 34.29it/s]
 19%|█▉        | 15/79 [00:00<00:01, 37.74it/s]
 27%|██▋       | 21/79 [00:00<00:01, 39.55it/s]
 34%|███▍      | 27/79 [00:00<00:01, 40.42it/s]
 42%|████▏     | 33/79 [00:00<00:01, 41.02it/s]
 49%|████▉     | 39/79 [00:00<00:00, 41.33it/s]
 57%|█████▋    | 45/79 [00:01<00:00, 41.58it/s]
 65%|██████▍   | 51/79 [00:01<00:00, 41.79it/s]
 72%|███████▏  | 57/79 [00:01<00:00, 41.93it/s]
 80%|███████▉  | 63/79 [00:01<00:00, 42.06it/s]
 86%|████████▌ | 68/79 [00:01<00:00, 43.17it/s]
 92%|█████████▏| 73/79 [00:01<00:00, 41.16it/s]
 99%|█████████▊| 78/79 [00:01<00:00, 41.87it/s]
100%|██████████| 79/79 [00:01<00:00, 40.85it/s]

CommRound: 30/30
Accuracy: 69.06% | Loss: 0.9994
[############################################################] 100.0%
Elapsed: 5.2m | Avg/Round: 10.5s | Last: 10.4s | Next: 10.5s | Remaining: 0.0m
ETA: 20:24:37
Recent round times: R1: 10.6s -> R2: 10.5s -> R3: 10.4s -> R4: 10.5s -> R5: 10.4s
EARLY_STOP: round=30; best_acc=71.46; current_acc=69.06; threshold=90.00; patience=5; reason=converged_below_target
Total time for experiment: 314.95093035697937 seconds
Device average training time per communication round [s]:
    rpi (sld-rpi-09.ece.utexas.edu): 5.46 seconds
    mc1 (sld-mc1-09.ece.utexas.edu): 3.36 seconds
