Connecting to sld-rpi-09.ece.utexas.edu...
Successfully fetched dev0_pow_temp_log_exp181_run1.csv.
Connecting to sld-rpi-09.ece.utexas.edu...
Successfully fetched dev0_communication_log_exp181_run1.csv.
Connecting to sld-mc1-09.ece.utexas.edu...
Successfully fetched dev1_pow_temp_log_exp181_run1.csv.
Connecting to sld-mc1-09.ece.utexas.edu...
Successfully fetched dev1_communication_log_exp181_run1.csv.

Exp181
Experiment 181: 
	Global test accuracy [%]: 88.61 %
	No round found where all subsequent rounds have accuracy >= 90.00%.
	Average time per communication round [s]: 9.09 seconds
	Total wall clock time [s]: 254.52 seconds


Experiment 181:
	RPi avg. energy consumption per round [J]: 32.89 Joules
	MC1 avg. energy consumption per round [J]: 14.34 Joules
	Total avg. energy consumption per communication round [J]: 47.23 Joules
	Avg. amount of communicated data per communication round [MB]: 0.04 MB
	RPi avg. power consumption per round [W]: 5.35 Watts
	MC1 avg. power consumption per round [W]: 5.13 Watts
