Connecting to sld-rpi-09.ece.utexas.edu...
Successfully fetched dev0_pow_temp_log_exp196_run1.csv.
Connecting to sld-rpi-09.ece.utexas.edu...
Successfully fetched dev0_communication_log_exp196_run1.csv.
Connecting to sld-mc1-09.ece.utexas.edu...
Successfully fetched dev1_pow_temp_log_exp196_run1.csv.
Connecting to sld-mc1-09.ece.utexas.edu...
Successfully fetched dev1_communication_log_exp196_run1.csv.

Exp196
Experiment 196: 
	Global test accuracy [%]: 89.96 %
	No round found where all subsequent rounds have accuracy >= 90.00%.
	Average time per communication round [s]: 60.96 seconds
	Total wall clock time [s]: 514.38 seconds


Experiment 196:
	RPi avg. energy consumption per round [J]: 46.20 Joules
	MC1 avg. energy consumption per round [J]: 402.56 Joules
	Total avg. energy consumption per communication round [J]: 448.76 Joules
	Avg. amount of communicated data per communication round [MB]: 0.24 MB
	RPi avg. power consumption per round [W]: 5.34 Watts
	MC1 avg. power consumption per round [W]: 7.58 Watts
