
  0%|          | 0/79 [00:00<?, ?it/s]
  4%|▍         | 3/79 [00:00<00:03, 22.33it/s]
 10%|█         | 8/79 [00:00<00:02, 35.50it/s]
 16%|█▋        | 13/79 [00:00<00:01, 36.41it/s]
 23%|██▎       | 18/79 [00:00<00:01, 39.97it/s]
 29%|██▉       | 23/79 [00:00<00:01, 38.29it/s]
 34%|███▍      | 27/79 [00:00<00:01, 38.67it/s]
 41%|████      | 32/79 [00:00<00:01, 41.34it/s]
 47%|████▋     | 37/79 [00:00<00:01, 39.14it/s]
 52%|█████▏    | 41/79 [00:01<00:00, 39.18it/s]
 57%|█████▋    | 45/79 [00:01<00:00, 39.09it/s]
 62%|██████▏   | 49/79 [00:01<00:00, 38.96it/s]
 67%|██████▋   | 53/79 [00:01<00:00, 39.18it/s]
 73%|███████▎  | 58/79 [00:01<00:00, 37.36it/s]
 81%|████████  | 64/79 [00:01<00:00, 38.69it/s]
 86%|████████▌ | 68/79 [00:01<00:00, 38.79it/s]
 91%|█████████ | 72/79 [00:01<00:00, 39.02it/s]
 97%|█████████▋| 77/79 [00:01<00:00, 41.78it/s]
100%|██████████| 79/79 [00:02<00:00, 38.72it/s]
Initial Accuracy: 9.54%; Initial Loss: 2.3027

  0%|          | 0/79 [00:00<?, ?it/s]
  4%|▍         | 3/79 [00:00<00:03, 23.83it/s]
 10%|█         | 8/79 [00:00<00:01, 35.60it/s]
 16%|█▋        | 13/79 [00:00<00:01, 38.01it/s]
 23%|██▎       | 18/79 [00:00<00:01, 38.68it/s]
 29%|██▉       | 23/79 [00:00<00:01, 41.50it/s]
 35%|███▌      | 28/79 [00:00<00:01, 40.05it/s]
 42%|████▏     | 33/79 [00:00<00:01, 42.60it/s]
 48%|████▊     | 38/79 [00:00<00:01, 40.52it/s]
 54%|█████▍    | 43/79 [00:01<00:00, 41.73it/s]
 61%|██████    | 48/79 [00:01<00:00, 40.58it/s]
 67%|██████▋   | 53/79 [00:01<00:00, 42.52it/s]
 73%|███████▎  | 58/79 [00:01<00:00, 40.61it/s]
 81%|████████  | 64/79 [00:01<00:00, 41.01it/s]
 87%|████████▋ | 69/79 [00:01<00:00, 40.75it/s]
 94%|█████████▎| 74/79 [00:01<00:00, 41.22it/s]
100%|██████████| 79/79 [00:01<00:00, 40.59it/s]

CommRound: 1/30
Accuracy: 43.07% | Loss: 1.7215
[##----------------------------------------------------------] 3.3%
Elapsed: 0.2m | Avg/Round: 11.7s | Last: 9.6s | Next: 11.7s | Remaining: 5.6m
ETA: 18:48:37
Recent round times: R1: 9.6s

  0%|          | 0/79 [00:00<?, ?it/s]
  4%|▍         | 3/79 [00:00<00:03, 21.81it/s]
  9%|▉         | 7/79 [00:00<00:02, 30.50it/s]
 14%|█▍        | 11/79 [00:00<00:01, 34.01it/s]
 19%|█▉        | 15/79 [00:00<00:01, 35.82it/s]
 25%|██▌       | 20/79 [00:00<00:01, 37.24it/s]
 30%|███       | 24/79 [00:00<00:01, 37.11it/s]
 35%|███▌      | 28/79 [00:00<00:01, 37.91it/s]
 42%|████▏     | 33/79 [00:00<00:01, 39.98it/s]
 48%|████▊     | 38/79 [00:01<00:01, 39.01it/s]
 53%|█████▎    | 42/79 [00:01<00:00, 39.22it/s]
 58%|█████▊    | 46/79 [00:01<00:00, 38.82it/s]
 63%|██████▎   | 50/79 [00:01<00:00, 38.05it/s]
 68%|██████▊   | 54/79 [00:01<00:00, 37.61it/s]
 73%|███████▎  | 58/79 [00:01<00:00, 37.32it/s]
 78%|███████▊  | 62/79 [00:01<00:00, 37.19it/s]
 84%|████████▎ | 66/79 [00:01<00:00, 36.59it/s]
 89%|████████▊ | 70/79 [00:01<00:00, 36.32it/s]
 94%|█████████▎| 74/79 [00:02<00:00, 36.18it/s]
 99%|█████████▊| 78/79 [00:02<00:00, 35.80it/s]
100%|██████████| 79/79 [00:02<00:00, 36.79it/s]

CommRound: 2/30
Accuracy: 60.26% | Loss: 1.1601
[####--------------------------------------------------------] 6.7%
Elapsed: 0.4m | Avg/Round: 10.8s | Last: 9.9s | Next: 10.8s | Remaining: 5.0m
ETA: 18:48:10
Recent round times: R1: 9.6s -> R2: 9.9s

  0%|          | 0/79 [00:00<?, ?it/s]
  3%|▎         | 2/79 [00:00<00:03, 19.91it/s]
  8%|▊         | 6/79 [00:00<00:02, 30.53it/s]
 13%|█▎        | 10/79 [00:00<00:02, 33.24it/s]
 18%|█▊        | 14/79 [00:00<00:01, 34.89it/s]
 23%|██▎       | 18/79 [00:00<00:01, 36.60it/s]
 28%|██▊       | 22/79 [00:00<00:01, 37.23it/s]
 33%|███▎      | 26/79 [00:00<00:01, 37.68it/s]
 38%|███▊      | 30/79 [00:00<00:01, 38.03it/s]
 43%|████▎     | 34/79 [00:00<00:01, 37.99it/s]
 48%|████▊     | 38/79 [00:01<00:01, 38.00it/s]
 53%|█████▎    | 42/79 [00:01<00:00, 37.86it/s]
 58%|█████▊    | 46/79 [00:01<00:00, 37.85it/s]
 63%|██████▎   | 50/79 [00:01<00:00, 38.17it/s]
 68%|██████▊   | 54/79 [00:01<00:00, 38.39it/s]
 73%|███████▎  | 58/79 [00:01<00:00, 38.62it/s]
 78%|███████▊  | 62/79 [00:01<00:00, 38.67it/s]
 84%|████████▎ | 66/79 [00:01<00:00, 38.70it/s]
 89%|████████▊ | 70/79 [00:01<00:00, 38.67it/s]
 94%|█████████▎| 74/79 [00:01<00:00, 38.64it/s]
 99%|█████████▊| 78/79 [00:02<00:00, 38.86it/s]
100%|██████████| 79/79 [00:02<00:00, 37.68it/s]

CommRound: 3/30
Accuracy: 66.41% | Loss: 0.9852
[######------------------------------------------------------] 10.0%
Elapsed: 0.5m | Avg/Round: 10.5s | Last: 9.8s | Next: 10.5s | Remaining: 4.7m
ETA: 18:48:00
Recent round times: R1: 9.6s -> R2: 9.9s -> R3: 9.8s

  0%|          | 0/79 [00:00<?, ?it/s]
  1%|▏         | 1/79 [00:00<00:07,  9.85it/s]
  9%|▉         | 7/79 [00:00<00:02, 31.75it/s]
 14%|█▍        | 11/79 [00:00<00:01, 34.69it/s]
 19%|█▉        | 15/79 [00:00<00:01, 36.04it/s]
 24%|██▍       | 19/79 [00:00<00:01, 37.03it/s]
 29%|██▉       | 23/79 [00:00<00:01, 37.57it/s]
 34%|███▍      | 27/79 [00:00<00:01, 38.10it/s]
 39%|███▉      | 31/79 [00:00<00:01, 37.78it/s]
 44%|████▍     | 35/79 [00:00<00:01, 36.81it/s]
 49%|████▉     | 39/79 [00:01<00:01, 36.44it/s]
 54%|█████▍    | 43/79 [00:01<00:01, 35.62it/s]
 59%|█████▉    | 47/79 [00:01<00:00, 36.48it/s]
 66%|██████▌   | 52/79 [00:01<00:00, 35.90it/s]
 71%|███████   | 56/79 [00:01<00:00, 36.89it/s]
 78%|███████▊  | 62/79 [00:01<00:00, 38.39it/s]
 86%|████████▌ | 68/79 [00:01<00:00, 39.32it/s]
 92%|█████████▏| 73/79 [00:01<00:00, 41.90it/s]
 99%|█████████▊| 78/79 [00:02<00:00, 39.15it/s]
100%|██████████| 79/79 [00:02<00:00, 37.34it/s]

CommRound: 4/30
Accuracy: 67.49% | Loss: 0.9521
[########----------------------------------------------------] 13.3%
Elapsed: 0.7m | Avg/Round: 10.3s | Last: 10.0s | Next: 10.3s | Remaining: 4.5m
ETA: 18:47:56
Recent round times: R1: 9.6s -> R2: 9.9s -> R3: 9.8s -> R4: 10.0s

  0%|          | 0/79 [00:00<?, ?it/s]
  3%|▎         | 2/79 [00:00<00:04, 17.97it/s]
  8%|▊         | 6/79 [00:00<00:02, 30.19it/s]
 13%|█▎        | 10/79 [00:00<00:02, 32.26it/s]
 18%|█▊        | 14/79 [00:00<00:01, 33.86it/s]
 23%|██▎       | 18/79 [00:00<00:01, 34.62it/s]
 28%|██▊       | 22/79 [00:00<00:01, 35.08it/s]
 33%|███▎      | 26/79 [00:00<00:01, 35.47it/s]
 38%|███▊      | 30/79 [00:00<00:01, 35.78it/s]
 43%|████▎     | 34/79 [00:00<00:01, 36.02it/s]
 48%|████▊     | 38/79 [00:01<00:01, 36.05it/s]
 53%|█████▎    | 42/79 [00:01<00:01, 36.46it/s]
 58%|█████▊    | 46/79 [00:01<00:00, 37.39it/s]
 63%|██████▎   | 50/79 [00:01<00:00, 38.05it/s]
 68%|██████▊   | 54/79 [00:01<00:00, 38.53it/s]
 73%|███████▎  | 58/79 [00:01<00:00, 38.90it/s]
 78%|███████▊  | 62/79 [00:01<00:00, 39.21it/s]
 84%|████████▎ | 66/79 [00:01<00:00, 39.43it/s]
 89%|████████▊ | 70/79 [00:01<00:00, 39.58it/s]
 94%|█████████▎| 74/79 [00:02<00:00, 39.67it/s]
 99%|█████████▊| 78/79 [00:02<00:00, 39.71it/s]
100%|██████████| 79/79 [00:02<00:00, 37.10it/s]

CommRound: 5/30
Accuracy: 72.39% | Loss: 0.8385
[##########--------------------------------------------------] 16.7%
Elapsed: 0.9m | Avg/Round: 10.2s | Last: 9.9s | Next: 10.2s | Remaining: 4.3m
ETA: 18:47:54
Recent round times: R1: 9.6s -> R2: 9.9s -> R3: 9.8s -> R4: 10.0s -> R5: 9.9s

  0%|          | 0/79 [00:00<?, ?it/s]
  3%|▎         | 2/79 [00:00<00:03, 19.33it/s]
  9%|▉         | 7/79 [00:00<00:02, 33.07it/s]
 15%|█▌        | 12/79 [00:00<00:01, 40.14it/s]
 22%|██▏       | 17/79 [00:00<00:01, 38.65it/s]
 28%|██▊       | 22/79 [00:00<00:01, 41.56it/s]
 34%|███▍      | 27/79 [00:00<00:01, 40.29it/s]
 41%|████      | 32/79 [00:00<00:01, 42.12it/s]
 47%|████▋     | 37/79 [00:00<00:01, 40.60it/s]
 53%|█████▎    | 42/79 [00:01<00:00, 42.34it/s]
 59%|█████▉    | 47/79 [00:01<00:00, 41.19it/s]
 66%|██████▌   | 52/79 [00:01<00:00, 42.11it/s]
 72%|███████▏  | 57/79 [00:01<00:00, 37.15it/s]
 80%|███████▉  | 63/79 [00:01<00:00, 40.47it/s]
 86%|████████▌ | 68/79 [00:01<00:00, 41.08it/s]
 92%|█████████▏| 73/79 [00:01<00:00, 40.18it/s]
 99%|█████████▊| 78/79 [00:01<00:00, 40.94it/s]
100%|██████████| 79/79 [00:01<00:00, 40.20it/s]

CommRound: 6/30
Accuracy: 79.74% | Loss: 0.6122
[############------------------------------------------------] 20.0%
Elapsed: 1.0m | Avg/Round: 10.2s | Last: 9.7s | Next: 10.2s | Remaining: 4.1m
ETA: 18:47:51
Recent round times: R1: 9.9s -> R2: 9.8s -> R3: 10.0s -> R4: 9.9s -> R5: 9.7s

  0%|          | 0/79 [00:00<?, ?it/s]
  1%|▏         | 1/79 [00:00<00:08,  8.85it/s]
  9%|▉         | 7/79 [00:00<00:02, 31.53it/s]
 15%|█▌        | 12/79 [00:00<00:01, 38.45it/s]
 20%|██        | 16/79 [00:00<00:01, 38.20it/s]
 25%|██▌       | 20/79 [00:00<00:01, 38.74it/s]
 30%|███       | 24/79 [00:00<00:01, 38.84it/s]
 35%|███▌      | 28/79 [00:00<00:01, 37.97it/s]
 41%|████      | 32/79 [00:00<00:01, 37.54it/s]
 46%|████▌     | 36/79 [00:00<00:01, 37.37it/s]
 51%|█████     | 40/79 [00:01<00:01, 37.36it/s]
 57%|█████▋    | 45/79 [00:01<00:00, 40.92it/s]
 63%|██████▎   | 50/79 [00:01<00:00, 38.71it/s]
 71%|███████   | 56/79 [00:01<00:00, 39.71it/s]
 76%|███████▌  | 60/79 [00:01<00:00, 39.75it/s]
 82%|████████▏ | 65/79 [00:01<00:00, 42.25it/s]
 89%|████████▊ | 70/79 [00:01<00:00, 39.96it/s]
 96%|█████████▌| 76/79 [00:01<00:00, 40.66it/s]
100%|██████████| 79/79 [00:02<00:00, 38.99it/s]

CommRound: 7/30
Accuracy: 84.76% | Loss: 0.4618
[##############----------------------------------------------] 23.3%
Elapsed: 1.2m | Avg/Round: 10.1s | Last: 10.1s | Next: 10.1s | Remaining: 3.9m
ETA: 18:47:51
Recent round times: R1: 9.8s -> R2: 10.0s -> R3: 9.9s -> R4: 9.7s -> R5: 10.1s

  0%|          | 0/79 [00:00<?, ?it/s]
  4%|▍         | 3/79 [00:00<00:03, 23.86it/s]
 10%|█         | 8/79 [00:00<00:01, 36.83it/s]
 16%|█▋        | 13/79 [00:00<00:01, 36.69it/s]
 24%|██▍       | 19/79 [00:00<00:01, 38.99it/s]
 32%|███▏      | 25/79 [00:00<00:01, 40.23it/s]
 39%|███▉      | 31/79 [00:00<00:01, 41.02it/s]
 47%|████▋     | 37/79 [00:00<00:01, 41.69it/s]
 54%|█████▍    | 43/79 [00:01<00:00, 41.95it/s]
 62%|██████▏   | 49/79 [00:01<00:00, 42.17it/s]
 70%|██████▉   | 55/79 [00:01<00:00, 42.34it/s]
 77%|███████▋  | 61/79 [00:01<00:00, 42.27it/s]
 85%|████████▍ | 67/79 [00:01<00:00, 42.42it/s]
 92%|█████████▏| 73/79 [00:01<00:00, 42.41it/s]
100%|██████████| 79/79 [00:01<00:00, 41.77it/s]

CommRound: 8/30
Accuracy: 85.92% | Loss: 0.4352
[################--------------------------------------------] 26.7%
Elapsed: 1.3m | Avg/Round: 10.1s | Last: 9.6s | Next: 10.1s | Remaining: 3.7m
ETA: 18:47:49
Recent round times: R1: 10.0s -> R2: 9.9s -> R3: 9.7s -> R4: 10.1s -> R5: 9.6s

  0%|          | 0/79 [00:00<?, ?it/s]
  3%|▎         | 2/79 [00:00<00:03, 19.85it/s]
  8%|▊         | 6/79 [00:00<00:02, 30.98it/s]
 14%|█▍        | 11/79 [00:00<00:02, 33.80it/s]
 19%|█▉        | 15/79 [00:00<00:01, 35.20it/s]
 24%|██▍       | 19/79 [00:00<00:01, 36.30it/s]
 30%|███       | 24/79 [00:00<00:01, 40.57it/s]
 37%|███▋      | 29/79 [00:00<00:01, 37.91it/s]
 42%|████▏     | 33/79 [00:00<00:01, 38.31it/s]
 49%|████▉     | 39/79 [00:01<00:01, 39.77it/s]
 54%|█████▍    | 43/79 [00:01<00:00, 39.44it/s]
 61%|██████    | 48/79 [00:01<00:00, 41.14it/s]
 67%|██████▋   | 53/79 [00:01<00:00, 38.96it/s]
 73%|███████▎  | 58/79 [00:01<00:00, 37.94it/s]
 78%|███████▊  | 62/79 [00:01<00:00, 37.50it/s]
 84%|████████▎ | 66/79 [00:01<00:00, 37.21it/s]
 89%|████████▊ | 70/79 [00:01<00:00, 36.82it/s]
 94%|█████████▎| 74/79 [00:01<00:00, 36.66it/s]
 99%|█████████▊| 78/79 [00:02<00:00, 36.15it/s]
100%|██████████| 79/79 [00:02<00:00, 37.40it/s]

CommRound: 9/30
Accuracy: 89.08% | Loss: 0.3418
[##################------------------------------------------] 30.0%
Elapsed: 1.5m | Avg/Round: 10.0s | Last: 9.8s | Next: 10.0s | Remaining: 3.5m
ETA: 18:47:48
Recent round times: R1: 9.9s -> R2: 9.7s -> R3: 10.1s -> R4: 9.6s -> R5: 9.8s

  0%|          | 0/79 [00:00<?, ?it/s]
  3%|▎         | 2/79 [00:00<00:04, 18.72it/s]
  9%|▉         | 7/79 [00:00<00:02, 33.81it/s]
 15%|█▌        | 12/79 [00:00<00:01, 38.72it/s]
 22%|██▏       | 17/79 [00:00<00:01, 39.39it/s]
 28%|██▊       | 22/79 [00:00<00:01, 40.24it/s]
 34%|███▍      | 27/79 [00:00<00:01, 40.56it/s]
 41%|████      | 32/79 [00:00<00:01, 40.15it/s]
 48%|████▊     | 38/79 [00:00<00:01, 40.82it/s]
 54%|█████▍    | 43/79 [00:01<00:00, 41.75it/s]
 61%|██████    | 48/79 [00:01<00:00, 41.16it/s]
 67%|██████▋   | 53/79 [00:01<00:00, 40.14it/s]
 73%|███████▎  | 58/79 [00:01<00:00, 41.62it/s]
 80%|███████▉  | 63/79 [00:01<00:00, 41.23it/s]
 86%|████████▌ | 68/79 [00:01<00:00, 41.38it/s]
 92%|█████████▏| 73/79 [00:01<00:00, 42.16it/s]
 99%|█████████▊| 78/79 [00:01<00:00, 40.91it/s]
100%|██████████| 79/79 [00:01<00:00, 40.48it/s]

CommRound: 10/30
Accuracy: 89.42% | Loss: 0.3368
[####################----------------------------------------] 33.3%
Elapsed: 1.7m | Avg/Round: 10.0s | Last: 9.7s | Next: 10.0s | Remaining: 3.3m
ETA: 18:47:47
Recent round times: R1: 9.7s -> R2: 10.1s -> R3: 9.6s -> R4: 9.8s -> R5: 9.7s

  0%|          | 0/79 [00:00<?, ?it/s]
  4%|▍         | 3/79 [00:00<00:03, 20.83it/s]
  9%|▉         | 7/79 [00:00<00:02, 29.85it/s]
 14%|█▍        | 11/79 [00:00<00:02, 33.09it/s]
 22%|██▏       | 17/79 [00:00<00:01, 38.27it/s]
 28%|██▊       | 22/79 [00:00<00:01, 41.34it/s]
 34%|███▍      | 27/79 [00:00<00:01, 40.17it/s]
 41%|████      | 32/79 [00:00<00:01, 41.30it/s]
 47%|████▋     | 37/79 [00:00<00:01, 41.08it/s]
 53%|█████▎    | 42/79 [00:01<00:00, 40.89it/s]
 59%|█████▉    | 47/79 [00:01<00:00, 41.77it/s]
 66%|██████▌   | 52/79 [00:01<00:00, 40.21it/s]
 72%|███████▏  | 57/79 [00:01<00:00, 42.37it/s]
 78%|███████▊  | 62/79 [00:01<00:00, 41.30it/s]
 85%|████████▍ | 67/79 [00:01<00:00, 42.19it/s]
 91%|█████████ | 72/79 [00:01<00:00, 42.03it/s]
 97%|█████████▋| 77/79 [00:01<00:00, 41.44it/s]
100%|██████████| 79/79 [00:01<00:00, 40.53it/s]

CommRound: 11/30
Accuracy: 89.86% | Loss: 0.3351
[######################--------------------------------------] 36.7%
Elapsed: 1.8m | Avg/Round: 10.0s | Last: 9.7s | Next: 10.0s | Remaining: 3.2m
ETA: 18:47:46
Recent round times: R1: 10.1s -> R2: 9.6s -> R3: 9.8s -> R4: 9.7s -> R5: 9.7s

  0%|          | 0/79 [00:00<?, ?it/s]
  3%|▎         | 2/79 [00:00<00:03, 19.95it/s]
  9%|▉         | 7/79 [00:00<00:02, 33.74it/s]
 16%|█▋        | 13/79 [00:00<00:01, 37.81it/s]
 24%|██▍       | 19/79 [00:00<00:01, 39.51it/s]
 32%|███▏      | 25/79 [00:00<00:01, 40.35it/s]
 39%|███▉      | 31/79 [00:00<00:01, 40.75it/s]
 47%|████▋     | 37/79 [00:00<00:01, 41.07it/s]
 54%|█████▍    | 43/79 [00:01<00:00, 41.21it/s]
 62%|██████▏   | 49/79 [00:01<00:00, 41.42it/s]
 70%|██████▉   | 55/79 [00:01<00:00, 41.53it/s]
 77%|███████▋  | 61/79 [00:01<00:00, 41.87it/s]
 85%|████████▍ | 67/79 [00:01<00:00, 41.89it/s]
 92%|█████████▏| 73/79 [00:01<00:00, 41.91it/s]
100%|██████████| 79/79 [00:01<00:00, 45.77it/s]
100%|██████████| 79/79 [00:01<00:00, 41.29it/s]

CommRound: 12/30
Accuracy: 90.10% | Loss: 0.3257
[########################------------------------------------] 40.0%
Elapsed: 2.0m | Avg/Round: 9.9s | Last: 9.6s | Next: 9.9s | Remaining: 3.0m
ETA: 18:47:45
Recent round times: R1: 9.6s -> R2: 9.8s -> R3: 9.7s -> R4: 9.7s -> R5: 9.6s

  0%|          | 0/79 [00:00<?, ?it/s]
  4%|▍         | 3/79 [00:00<00:03, 23.12it/s]
 10%|█         | 8/79 [00:00<00:02, 33.65it/s]
 16%|█▋        | 13/79 [00:00<00:01, 37.31it/s]
 23%|██▎       | 18/79 [00:00<00:01, 38.59it/s]
 28%|██▊       | 22/79 [00:00<00:01, 38.82it/s]
 33%|███▎      | 26/79 [00:00<00:01, 39.16it/s]
 41%|████      | 32/79 [00:00<00:01, 40.45it/s]
 48%|████▊     | 38/79 [00:00<00:00, 41.17it/s]
 56%|█████▌    | 44/79 [00:01<00:00, 41.39it/s]
 63%|██████▎   | 50/79 [00:01<00:00, 41.79it/s]
 70%|██████▉   | 55/79 [00:01<00:00, 42.63it/s]
 76%|███████▌  | 60/79 [00:01<00:00, 41.21it/s]
 82%|████████▏ | 65/79 [00:01<00:00, 40.65it/s]
 89%|████████▊ | 70/79 [00:01<00:00, 40.47it/s]
 95%|█████████▍| 75/79 [00:01<00:00, 40.80it/s]
100%|██████████| 79/79 [00:01<00:00, 40.07it/s]

CommRound: 13/30
Accuracy: 90.40% | Loss: 0.3197
[##########################----------------------------------] 43.3%
Elapsed: 2.2m | Avg/Round: 9.9s | Last: 9.8s | Next: 9.9s | Remaining: 2.8m
ETA: 18:47:44
Recent round times: R1: 9.8s -> R2: 9.7s -> R3: 9.7s -> R4: 9.6s -> R5: 9.8s

  0%|          | 0/79 [00:00<?, ?it/s]
  4%|▍         | 3/79 [00:00<00:03, 23.18it/s]
 10%|█         | 8/79 [00:00<00:01, 36.90it/s]
 16%|█▋        | 13/79 [00:00<00:01, 35.97it/s]
 23%|██▎       | 18/79 [00:00<00:01, 40.55it/s]
 29%|██▉       | 23/79 [00:00<00:01, 37.01it/s]
 34%|███▍      | 27/79 [00:00<00:01, 37.63it/s]
 41%|████      | 32/79 [00:00<00:01, 41.10it/s]
 47%|████▋     | 37/79 [00:00<00:01, 38.11it/s]
 52%|█████▏    | 41/79 [00:01<00:00, 38.51it/s]
 57%|█████▋    | 45/79 [00:01<00:00, 38.73it/s]
 62%|██████▏   | 49/79 [00:01<00:00, 39.05it/s]
 67%|██████▋   | 53/79 [00:01<00:00, 39.08it/s]
 72%|███████▏  | 57/79 [00:01<00:00, 39.04it/s]
 80%|███████▉  | 63/79 [00:01<00:00, 40.42it/s]
 87%|████████▋ | 69/79 [00:01<00:00, 41.31it/s]
 95%|█████████▍| 75/79 [00:01<00:00, 41.86it/s]
100%|██████████| 79/79 [00:01<00:00, 39.98it/s]

CommRound: 14/30
Accuracy: 90.33% | Loss: 0.3250
[############################--------------------------------] 46.7%
Elapsed: 2.3m | Avg/Round: 9.9s | Last: 9.8s | Next: 9.9s | Remaining: 2.6m
ETA: 18:47:44
Recent round times: R1: 9.7s -> R2: 9.7s -> R3: 9.6s -> R4: 9.8s -> R5: 9.8s

  0%|          | 0/79 [00:00<?, ?it/s]
  4%|▍         | 3/79 [00:00<00:03, 23.04it/s]
  9%|▉         | 7/79 [00:00<00:02, 31.86it/s]
 14%|█▍        | 11/79 [00:00<00:01, 35.13it/s]
 20%|██        | 16/79 [00:00<00:01, 38.90it/s]
 27%|██▋       | 21/79 [00:00<00:01, 40.14it/s]
 33%|███▎      | 26/79 [00:00<00:01, 40.15it/s]
 39%|███▉      | 31/79 [00:00<00:01, 42.34it/s]
 46%|████▌     | 36/79 [00:00<00:01, 39.81it/s]
 52%|█████▏    | 41/79 [00:01<00:00, 40.69it/s]
 58%|█████▊    | 46/79 [00:01<00:00, 39.80it/s]
 66%|██████▌   | 52/79 [00:01<00:00, 40.37it/s]
 73%|███████▎  | 58/79 [00:01<00:00, 41.13it/s]
 81%|████████  | 64/79 [00:01<00:00, 41.52it/s]
 89%|████████▊ | 70/79 [00:01<00:00, 41.82it/s]
 96%|█████████▌| 76/79 [00:01<00:00, 41.85it/s]
100%|██████████| 79/79 [00:01<00:00, 40.32it/s]

CommRound: 15/30
Accuracy: 90.53% | Loss: 0.3227
[##############################------------------------------] 50.0%
Elapsed: 2.5m | Avg/Round: 9.9s | Last: 9.7s | Next: 9.9s | Remaining: 2.5m
ETA: 18:47:44
Recent round times: R1: 9.7s -> R2: 9.6s -> R3: 9.8s -> R4: 9.8s -> R5: 9.7s

  0%|          | 0/79 [00:00<?, ?it/s]
  4%|▍         | 3/79 [00:00<00:03, 22.14it/s]
 10%|█         | 8/79 [00:00<00:01, 36.16it/s]
 15%|█▌        | 12/79 [00:00<00:01, 37.64it/s]
 22%|██▏       | 17/79 [00:00<00:01, 37.21it/s]
 28%|██▊       | 22/79 [00:00<00:01, 40.40it/s]
 34%|███▍      | 27/79 [00:00<00:01, 39.13it/s]
 41%|████      | 32/79 [00:00<00:01, 41.33it/s]
 47%|████▋     | 37/79 [00:00<00:01, 39.95it/s]
 53%|█████▎    | 42/79 [00:01<00:00, 41.71it/s]
 59%|█████▉    | 47/79 [00:01<00:00, 40.17it/s]
 66%|██████▌   | 52/79 [00:01<00:00, 42.21it/s]
 72%|███████▏  | 57/79 [00:01<00:00, 39.60it/s]
 78%|███████▊  | 62/79 [00:01<00:00, 42.09it/s]
 85%|████████▍ | 67/79 [00:01<00:00, 40.25it/s]
 92%|█████████▏| 73/79 [00:01<00:00, 40.72it/s]
100%|██████████| 79/79 [00:01<00:00, 45.33it/s]
100%|██████████| 79/79 [00:01<00:00, 40.51it/s]

CommRound: 16/30
Accuracy: 90.56% | Loss: 0.3215
[################################----------------------------] 53.3%
Elapsed: 2.6m | Avg/Round: 9.9s | Last: 9.9s | Next: 9.9s | Remaining: 2.3m
ETA: 18:47:44
Recent round times: R1: 9.6s -> R2: 9.8s -> R3: 9.8s -> R4: 9.7s -> R5: 9.9s

  0%|          | 0/79 [00:00<?, ?it/s]
  3%|▎         | 2/79 [00:00<00:04, 19.08it/s]
  9%|▉         | 7/79 [00:00<00:02, 30.80it/s]
 14%|█▍        | 11/79 [00:00<00:02, 33.02it/s]
 19%|█▉        | 15/79 [00:00<00:01, 33.81it/s]
 24%|██▍       | 19/79 [00:00<00:01, 34.61it/s]
 29%|██▉       | 23/79 [00:00<00:01, 35.09it/s]
 34%|███▍      | 27/79 [00:00<00:01, 35.46it/s]
 39%|███▉      | 31/79 [00:00<00:01, 35.36it/s]
 44%|████▍     | 35/79 [00:01<00:01, 35.41it/s]
 49%|████▉     | 39/79 [00:01<00:01, 35.37it/s]
 54%|█████▍    | 43/79 [00:01<00:01, 35.92it/s]
 59%|█████▉    | 47/79 [00:01<00:00, 35.97it/s]
 65%|██████▍   | 51/79 [00:01<00:00, 35.87it/s]
 70%|██████▉   | 55/79 [00:01<00:00, 35.87it/s]
 75%|███████▍  | 59/79 [00:01<00:00, 35.82it/s]
 80%|███████▉  | 63/79 [00:01<00:00, 35.96it/s]
 85%|████████▍ | 67/79 [00:01<00:00, 35.79it/s]
 90%|████████▉ | 71/79 [00:02<00:00, 35.86it/s]
 95%|█████████▍| 75/79 [00:02<00:00, 35.59it/s]
100%|██████████| 79/79 [00:02<00:00, 35.69it/s]

CommRound: 17/30
Accuracy: 90.72% | Loss: 0.3180
[##################################--------------------------] 56.7%
Elapsed: 2.8m | Avg/Round: 9.9s | Last: 10.0s | Next: 9.9s | Remaining: 2.1m
ETA: 18:47:44
Recent round times: R1: 9.8s -> R2: 9.8s -> R3: 9.7s -> R4: 9.9s -> R5: 10.0s

  0%|          | 0/79 [00:00<?, ?it/s]
  1%|▏         | 1/79 [00:00<00:08,  8.72it/s]
  9%|▉         | 7/79 [00:00<00:02, 29.48it/s]
 14%|█▍        | 11/79 [00:00<00:02, 32.33it/s]
 19%|█▉        | 15/79 [00:00<00:01, 33.40it/s]
 24%|██▍       | 19/79 [00:00<00:01, 34.48it/s]
 29%|██▉       | 23/79 [00:00<00:01, 35.01it/s]
 34%|███▍      | 27/79 [00:00<00:01, 36.33it/s]
 39%|███▉      | 31/79 [00:00<00:01, 36.76it/s]
 44%|████▍     | 35/79 [00:01<00:01, 36.95it/s]
 49%|████▉     | 39/79 [00:01<00:01, 37.22it/s]
 54%|█████▍    | 43/79 [00:01<00:00, 36.87it/s]
 59%|█████▉    | 47/79 [00:01<00:00, 37.09it/s]
 65%|██████▍   | 51/79 [00:01<00:00, 37.28it/s]
 70%|██████▉   | 55/79 [00:01<00:00, 37.36it/s]
 75%|███████▍  | 59/79 [00:01<00:00, 37.11it/s]
 80%|███████▉  | 63/79 [00:01<00:00, 37.37it/s]
 85%|████████▍ | 67/79 [00:01<00:00, 37.31it/s]
 90%|████████▉ | 71/79 [00:01<00:00, 37.55it/s]
 95%|█████████▍| 75/79 [00:02<00:00, 37.63it/s]
100%|██████████| 79/79 [00:02<00:00, 36.47it/s]

CommRound: 18/30
Accuracy: 90.75% | Loss: 0.3167
[####################################------------------------] 60.0%
Elapsed: 3.0m | Avg/Round: 9.9s | Last: 10.2s | Next: 9.9s | Remaining: 2.0m
ETA: 18:47:44
Recent round times: R1: 9.8s -> R2: 9.7s -> R3: 9.9s -> R4: 10.0s -> R5: 10.2s

  0%|          | 0/79 [00:00<?, ?it/s]
  3%|▎         | 2/79 [00:00<00:03, 19.50it/s]
  9%|▉         | 7/79 [00:00<00:02, 31.78it/s]
 15%|█▌        | 12/79 [00:00<00:01, 37.19it/s]
 22%|██▏       | 17/79 [00:00<00:01, 39.98it/s]
 28%|██▊       | 22/79 [00:00<00:01, 38.94it/s]
 34%|███▍      | 27/79 [00:00<00:01, 42.16it/s]
 41%|████      | 32/79 [00:00<00:01, 40.25it/s]
 48%|████▊     | 38/79 [00:00<00:00, 41.52it/s]
 56%|█████▌    | 44/79 [00:01<00:00, 42.38it/s]
 62%|██████▏   | 49/79 [00:01<00:00, 43.02it/s]
 68%|██████▊   | 54/79 [00:01<00:00, 41.87it/s]
 75%|███████▍  | 59/79 [00:01<00:00, 43.52it/s]
 81%|████████  | 64/79 [00:01<00:00, 40.87it/s]
 87%|████████▋ | 69/79 [00:01<00:00, 40.28it/s]
 94%|█████████▎| 74/79 [00:01<00:00, 40.85it/s]
100%|██████████| 79/79 [00:01<00:00, 41.45it/s]
100%|██████████| 79/79 [00:01<00:00, 40.25it/s]

CommRound: 19/30
Accuracy: 90.85% | Loss: 0.3134
[######################################----------------------] 63.3%
Elapsed: 3.1m | Avg/Round: 9.9s | Last: 9.9s | Next: 9.9s | Remaining: 1.8m
ETA: 18:47:44
Recent round times: R1: 9.7s -> R2: 9.9s -> R3: 10.0s -> R4: 10.2s -> R5: 9.9s

  0%|          | 0/79 [00:00<?, ?it/s]
  3%|▎         | 2/79 [00:00<00:03, 19.63it/s]
  8%|▊         | 6/79 [00:00<00:02, 29.77it/s]
 14%|█▍        | 11/79 [00:00<00:01, 34.75it/s]
 19%|█▉        | 15/79 [00:00<00:01, 36.62it/s]
 24%|██▍       | 19/79 [00:00<00:01, 37.65it/s]
 29%|██▉       | 23/79 [00:00<00:01, 37.89it/s]
 34%|███▍      | 27/79 [00:00<00:01, 38.15it/s]
 41%|████      | 32/79 [00:00<00:01, 39.67it/s]
 47%|████▋     | 37/79 [00:00<00:01, 39.18it/s]
 52%|█████▏    | 41/79 [00:01<00:00, 39.36it/s]
 57%|█████▋    | 45/79 [00:01<00:00, 39.15it/s]
 62%|██████▏   | 49/79 [00:01<00:00, 38.92it/s]
 67%|██████▋   | 53/79 [00:01<00:00, 39.22it/s]
 72%|███████▏  | 57/79 [00:01<00:00, 39.44it/s]
 77%|███████▋  | 61/79 [00:01<00:00, 37.95it/s]
 82%|████████▏ | 65/79 [00:01<00:00, 36.34it/s]
 87%|████████▋ | 69/79 [00:01<00:00, 35.08it/s]
 92%|█████████▏| 73/79 [00:01<00:00, 35.60it/s]
 97%|█████████▋| 77/79 [00:02<00:00, 36.79it/s]
100%|██████████| 79/79 [00:02<00:00, 37.72it/s]

CommRound: 20/30
Accuracy: 90.88% | Loss: 0.3130
[########################################--------------------] 66.7%
Elapsed: 3.3m | Avg/Round: 9.9s | Last: 9.8s | Next: 9.9s | Remaining: 1.7m
ETA: 18:47:44
Recent round times: R1: 9.9s -> R2: 10.0s -> R3: 10.2s -> R4: 9.9s -> R5: 9.8s

  0%|          | 0/79 [00:00<?, ?it/s]
  1%|▏         | 1/79 [00:00<00:08,  9.38it/s]
  9%|▉         | 7/79 [00:00<00:02, 34.17it/s]
 15%|█▌        | 12/79 [00:00<00:01, 39.15it/s]
 22%|██▏       | 17/79 [00:00<00:01, 38.45it/s]
 29%|██▉       | 23/79 [00:00<00:01, 39.92it/s]
 35%|███▌      | 28/79 [00:00<00:01, 42.64it/s]
 42%|████▏     | 33/79 [00:00<00:01, 34.90it/s]
 49%|████▉     | 39/79 [00:01<00:00, 40.15it/s]
 56%|█████▌    | 44/79 [00:01<00:00, 42.43it/s]
 62%|██████▏   | 49/79 [00:01<00:00, 39.87it/s]
 68%|██████▊   | 54/79 [00:01<00:00, 42.25it/s]
 75%|███████▍  | 59/79 [00:01<00:00, 39.53it/s]
 81%|████████  | 64/79 [00:01<00:00, 40.85it/s]
 87%|████████▋ | 69/79 [00:01<00:00, 37.51it/s]
 92%|█████████▏| 73/79 [00:01<00:00, 37.42it/s]
 97%|█████████▋| 77/79 [00:02<00:00, 37.31it/s]
100%|██████████| 79/79 [00:02<00:00, 38.97it/s]

CommRound: 21/30
Accuracy: 90.90% | Loss: 0.3121
[##########################################------------------] 70.0%
Elapsed: 3.5m | Avg/Round: 9.9s | Last: 9.5s | Next: 9.9s | Remaining: 1.5m
ETA: 18:47:43
Recent round times: R1: 10.0s -> R2: 10.2s -> R3: 9.9s -> R4: 9.8s -> R5: 9.5s

  0%|          | 0/79 [00:00<?, ?it/s]
  1%|▏         | 1/79 [00:00<00:08,  9.75it/s]
  9%|▉         | 7/79 [00:00<00:02, 32.75it/s]
 15%|█▌        | 12/79 [00:00<00:01, 39.48it/s]
 22%|██▏       | 17/79 [00:00<00:01, 37.77it/s]
 29%|██▉       | 23/79 [00:00<00:01, 39.85it/s]
 37%|███▋      | 29/79 [00:00<00:01, 41.05it/s]
 44%|████▍     | 35/79 [00:00<00:01, 40.40it/s]
 51%|█████     | 40/79 [00:01<00:00, 42.48it/s]
 57%|█████▋    | 45/79 [00:01<00:00, 39.71it/s]
 65%|██████▍   | 51/79 [00:01<00:00, 40.24it/s]
 71%|███████   | 56/79 [00:01<00:00, 41.88it/s]
 77%|███████▋  | 61/79 [00:01<00:00, 40.22it/s]
 84%|████████▎ | 66/79 [00:01<00:00, 42.07it/s]
 90%|████████▉ | 71/79 [00:01<00:00, 40.11it/s]
 97%|█████████▋| 77/79 [00:01<00:00, 40.91it/s]
100%|██████████| 79/79 [00:01<00:00, 40.41it/s]

CommRound: 22/30
Accuracy: 91.00% | Loss: 0.3111
[############################################----------------] 73.3%
Elapsed: 3.6m | Avg/Round: 9.9s | Last: 9.8s | Next: 9.9s | Remaining: 1.3m
ETA: 18:47:43
Recent round times: R1: 10.2s -> R2: 9.9s -> R3: 9.8s -> R4: 9.5s -> R5: 9.8s

  0%|          | 0/79 [00:00<?, ?it/s]
  3%|▎         | 2/79 [00:00<00:04, 19.18it/s]
  9%|▉         | 7/79 [00:00<00:02, 30.33it/s]
 15%|█▌        | 12/79 [00:00<00:01, 37.55it/s]
 20%|██        | 16/79 [00:00<00:01, 35.99it/s]
 25%|██▌       | 20/79 [00:00<00:01, 35.30it/s]
 30%|███       | 24/79 [00:00<00:01, 35.18it/s]
 35%|███▌      | 28/79 [00:00<00:01, 34.93it/s]
 41%|████      | 32/79 [00:00<00:01, 34.96it/s]
 46%|████▌     | 36/79 [00:01<00:01, 34.65it/s]
 51%|█████     | 40/79 [00:01<00:01, 34.56it/s]
 56%|█████▌    | 44/79 [00:01<00:01, 34.54it/s]
 61%|██████    | 48/79 [00:01<00:00, 34.50it/s]
 66%|██████▌   | 52/79 [00:01<00:00, 34.38it/s]
 71%|███████   | 56/79 [00:01<00:00, 34.14it/s]
 76%|███████▌  | 60/79 [00:01<00:00, 34.44it/s]
 81%|████████  | 64/79 [00:01<00:00, 34.69it/s]
 86%|████████▌ | 68/79 [00:01<00:00, 34.42it/s]
 91%|█████████ | 72/79 [00:02<00:00, 34.78it/s]
 96%|█████████▌| 76/79 [00:02<00:00, 34.74it/s]
100%|██████████| 79/79 [00:02<00:00, 34.65it/s]

CommRound: 23/30
Accuracy: 91.06% | Loss: 0.3113
[##############################################--------------] 76.7%
Elapsed: 3.8m | Avg/Round: 9.9s | Last: 10.1s | Next: 9.9s | Remaining: 1.2m
ETA: 18:47:43
Recent round times: R1: 9.9s -> R2: 9.8s -> R3: 9.5s -> R4: 9.8s -> R5: 10.1s

  0%|          | 0/79 [00:00<?, ?it/s]
  1%|▏         | 1/79 [00:00<00:07,  9.85it/s]
  9%|▉         | 7/79 [00:00<00:02, 34.23it/s]
 15%|█▌        | 12/79 [00:00<00:01, 40.80it/s]
 22%|██▏       | 17/79 [00:00<00:01, 38.94it/s]
 28%|██▊       | 22/79 [00:00<00:01, 41.40it/s]
 34%|███▍      | 27/79 [00:00<00:01, 41.16it/s]
 41%|████      | 32/79 [00:00<00:01, 39.77it/s]
 47%|████▋     | 37/79 [00:00<00:01, 40.23it/s]
 53%|█████▎    | 42/79 [00:01<00:00, 40.13it/s]
 59%|█████▉    | 47/79 [00:01<00:00, 39.72it/s]
 66%|██████▌   | 52/79 [00:01<00:00, 39.01it/s]
 71%|███████   | 56/79 [00:01<00:00, 38.29it/s]
 76%|███████▌  | 60/79 [00:01<00:00, 37.84it/s]
 81%|████████  | 64/79 [00:01<00:00, 36.80it/s]
 86%|████████▌ | 68/79 [00:01<00:00, 36.34it/s]
 91%|█████████ | 72/79 [00:01<00:00, 36.72it/s]
 96%|█████████▌| 76/79 [00:02<00:00, 36.36it/s]
100%|██████████| 79/79 [00:02<00:00, 38.12it/s]

CommRound: 24/30
Accuracy: 91.04% | Loss: 0.3116
[################################################------------] 80.0%
Elapsed: 4.0m | Avg/Round: 9.9s | Last: 9.8s | Next: 9.9s | Remaining: 1.0m
ETA: 18:47:43
Recent round times: R1: 9.8s -> R2: 9.5s -> R3: 9.8s -> R4: 10.1s -> R5: 9.8s

  0%|          | 0/79 [00:00<?, ?it/s]
  1%|▏         | 1/79 [00:00<00:08,  9.66it/s]
  9%|▉         | 7/79 [00:00<00:02, 33.13it/s]
 16%|█▋        | 13/79 [00:00<00:01, 37.45it/s]
 23%|██▎       | 18/79 [00:00<00:01, 41.39it/s]
 29%|██▉       | 23/79 [00:00<00:01, 38.94it/s]
 35%|███▌      | 28/79 [00:00<00:01, 41.93it/s]
 42%|████▏     | 33/79 [00:00<00:01, 39.73it/s]
 49%|████▉     | 39/79 [00:01<00:00, 40.61it/s]
 57%|█████▋    | 45/79 [00:01<00:00, 41.11it/s]
 65%|██████▍   | 51/79 [00:01<00:00, 41.51it/s]
 71%|███████   | 56/79 [00:01<00:00, 43.38it/s]
 77%|███████▋  | 61/79 [00:01<00:00, 40.68it/s]
 84%|████████▎ | 66/79 [00:01<00:00, 42.87it/s]
 90%|████████▉ | 71/79 [00:01<00:00, 40.36it/s]
 96%|█████████▌| 76/79 [00:01<00:00, 41.06it/s]
100%|██████████| 79/79 [00:01<00:00, 40.38it/s]

CommRound: 25/30
Accuracy: 91.15% | Loss: 0.3105
[##################################################----------] 83.3%
Elapsed: 4.1m | Avg/Round: 9.9s | Last: 9.8s | Next: 9.9s | Remaining: 0.8m
ETA: 18:47:43
Recent round times: R1: 9.5s -> R2: 9.8s -> R3: 10.1s -> R4: 9.8s -> R5: 9.8s

  0%|          | 0/79 [00:00<?, ?it/s]
  3%|▎         | 2/79 [00:00<00:04, 19.23it/s]
  9%|▉         | 7/79 [00:00<00:02, 31.72it/s]
 15%|█▌        | 12/79 [00:00<00:01, 38.58it/s]
 22%|██▏       | 17/79 [00:00<00:01, 38.78it/s]
 27%|██▋       | 21/79 [00:00<00:01, 38.68it/s]
 32%|███▏      | 25/79 [00:00<00:01, 38.09it/s]
 39%|███▉      | 31/79 [00:00<00:01, 40.31it/s]
 46%|████▌     | 36/79 [00:00<00:01, 42.85it/s]
 52%|█████▏    | 41/79 [00:01<00:00, 41.49it/s]
 58%|█████▊    | 46/79 [00:01<00:00, 42.01it/s]
 65%|██████▍   | 51/79 [00:01<00:00, 42.58it/s]
 71%|███████   | 56/79 [00:01<00:00, 39.41it/s]
 76%|███████▌  | 60/79 [00:01<00:00, 38.47it/s]
 81%|████████  | 64/79 [00:01<00:00, 37.48it/s]
 86%|████████▌ | 68/79 [00:01<00:00, 36.66it/s]
 91%|█████████ | 72/79 [00:01<00:00, 36.36it/s]
 96%|█████████▌| 76/79 [00:01<00:00, 36.26it/s]
100%|██████████| 79/79 [00:02<00:00, 38.39it/s]

CommRound: 26/30
Accuracy: 91.23% | Loss: 0.3109
[####################################################--------] 86.7%
Elapsed: 4.3m | Avg/Round: 9.9s | Last: 10.0s | Next: 9.9s | Remaining: 0.7m
ETA: 18:47:43
Recent round times: R1: 9.8s -> R2: 10.1s -> R3: 9.8s -> R4: 9.8s -> R5: 10.0s

  0%|          | 0/79 [00:00<?, ?it/s]
  3%|▎         | 2/79 [00:00<00:04, 19.20it/s]
  9%|▉         | 7/79 [00:00<00:02, 31.39it/s]
 15%|█▌        | 12/79 [00:00<00:01, 39.02it/s]
 22%|██▏       | 17/79 [00:00<00:01, 37.41it/s]
 28%|██▊       | 22/79 [00:00<00:01, 41.02it/s]
 34%|███▍      | 27/79 [00:00<00:01, 38.50it/s]
 42%|████▏     | 33/79 [00:00<00:01, 39.64it/s]
 49%|████▉     | 39/79 [00:01<00:00, 40.37it/s]
 57%|█████▋    | 45/79 [00:01<00:00, 40.84it/s]
 65%|██████▍   | 51/79 [00:01<00:00, 41.03it/s]
 72%|███████▏  | 57/79 [00:01<00:00, 41.42it/s]
 80%|███████▉  | 63/79 [00:01<00:00, 41.27it/s]
 87%|████████▋ | 69/79 [00:01<00:00, 41.71it/s]
 95%|█████████▍| 75/79 [00:01<00:00, 41.72it/s]
100%|██████████| 79/79 [00:01<00:00, 40.75it/s]

CommRound: 27/30
Accuracy: 91.23% | Loss: 0.3114
[######################################################------] 90.0%
Elapsed: 4.4m | Avg/Round: 9.9s | Last: 9.7s | Next: 9.9s | Remaining: 0.5m
ETA: 18:47:43
Recent round times: R1: 10.1s -> R2: 9.8s -> R3: 9.8s -> R4: 10.0s -> R5: 9.7s

  0%|          | 0/79 [00:00<?, ?it/s]
  3%|▎         | 2/79 [00:00<00:03, 19.49it/s]
  9%|▉         | 7/79 [00:00<00:02, 32.23it/s]
 14%|█▍        | 11/79 [00:00<00:01, 35.39it/s]
 19%|█▉        | 15/79 [00:00<00:01, 37.10it/s]
 24%|██▍       | 19/79 [00:00<00:02, 24.94it/s]
 30%|███       | 24/79 [00:00<00:01, 28.18it/s]
 38%|███▊      | 30/79 [00:00<00:01, 32.39it/s]
 44%|████▍     | 35/79 [00:01<00:01, 36.53it/s]
 51%|█████     | 40/79 [00:01<00:01, 35.60it/s]
 58%|█████▊    | 46/79 [00:01<00:00, 37.27it/s]
 66%|██████▌   | 52/79 [00:01<00:00, 38.53it/s]
 72%|███████▏  | 57/79 [00:01<00:00, 41.21it/s]
 78%|███████▊  | 62/79 [00:01<00:00, 39.20it/s]
 86%|████████▌ | 68/79 [00:01<00:00, 39.67it/s]
 92%|█████████▏| 73/79 [00:02<00:00, 42.11it/s]
 99%|█████████▊| 78/79 [00:02<00:00, 39.97it/s]
100%|██████████| 79/79 [00:02<00:00, 36.59it/s]

CommRound: 28/30
Accuracy: 91.26% | Loss: 0.3112
[########################################################----] 93.3%
Elapsed: 4.6m | Avg/Round: 9.9s | Last: 9.8s | Next: 9.9s | Remaining: 0.3m
ETA: 18:47:43
Recent round times: R1: 9.8s -> R2: 9.8s -> R3: 10.0s -> R4: 9.7s -> R5: 9.8s

  0%|          | 0/79 [00:00<?, ?it/s]
  3%|▎         | 2/79 [00:00<00:03, 19.38it/s]
  9%|▉         | 7/79 [00:00<00:02, 32.36it/s]
 14%|█▍        | 11/79 [00:00<00:03, 22.33it/s]
 19%|█▉        | 15/79 [00:00<00:02, 26.23it/s]
 24%|██▍       | 19/79 [00:00<00:02, 29.09it/s]
 29%|██▉       | 23/79 [00:00<00:01, 31.01it/s]
 34%|███▍      | 27/79 [00:00<00:01, 32.53it/s]
 39%|███▉      | 31/79 [00:01<00:01, 33.54it/s]
 44%|████▍     | 35/79 [00:01<00:01, 34.29it/s]
 49%|████▉     | 39/79 [00:01<00:01, 34.85it/s]
 54%|█████▍    | 43/79 [00:01<00:01, 35.26it/s]
 59%|█████▉    | 47/79 [00:01<00:00, 35.53it/s]
 65%|██████▍   | 51/79 [00:01<00:00, 35.55it/s]
 70%|██████▉   | 55/79 [00:01<00:00, 35.72it/s]
 75%|███████▍  | 59/79 [00:01<00:00, 35.82it/s]
 80%|███████▉  | 63/79 [00:01<00:00, 35.88it/s]
 85%|████████▍ | 67/79 [00:02<00:00, 35.93it/s]
 90%|████████▉ | 71/79 [00:02<00:00, 35.98it/s]
 95%|█████████▍| 75/79 [00:02<00:00, 35.21it/s]
100%|██████████| 79/79 [00:02<00:00, 33.76it/s]

CommRound: 29/30
Accuracy: 91.21% | Loss: 0.3123
[##########################################################--] 96.7%
Elapsed: 4.8m | Avg/Round: 9.9s | Last: 10.4s | Next: 9.9s | Remaining: 0.2m
ETA: 18:47:43
Recent round times: R1: 9.8s -> R2: 10.0s -> R3: 9.7s -> R4: 9.8s -> R5: 10.4s

  0%|          | 0/79 [00:00<?, ?it/s]
  3%|▎         | 2/79 [00:00<00:03, 19.33it/s]
  9%|▉         | 7/79 [00:00<00:03, 19.36it/s]
 15%|█▌        | 12/79 [00:00<00:02, 28.50it/s]
 22%|██▏       | 17/79 [00:00<00:02, 30.93it/s]
 27%|██▋       | 21/79 [00:00<00:01, 33.39it/s]
 32%|███▏      | 25/79 [00:00<00:01, 35.13it/s]
 37%|███▋      | 29/79 [00:00<00:01, 36.32it/s]
 42%|████▏     | 33/79 [00:01<00:01, 37.16it/s]
 48%|████▊     | 38/79 [00:01<00:01, 40.59it/s]
 54%|█████▍    | 43/79 [00:01<00:00, 37.72it/s]
 61%|██████    | 48/79 [00:01<00:00, 40.72it/s]
 67%|██████▋   | 53/79 [00:01<00:00, 38.33it/s]
 72%|███████▏  | 57/79 [00:01<00:00, 38.65it/s]
 78%|███████▊  | 62/79 [00:01<00:00, 41.42it/s]
 85%|████████▍ | 67/79 [00:01<00:00, 38.93it/s]
 91%|█████████ | 72/79 [00:01<00:00, 41.53it/s]
 97%|█████████▋| 77/79 [00:02<00:00, 38.96it/s]
100%|██████████| 79/79 [00:02<00:00, 36.89it/s]

CommRound: 30/30
Accuracy: 91.26% | Loss: 0.3124
[############################################################] 100.0%
Elapsed: 4.9m | Avg/Round: 9.9s | Last: 9.9s | Next: 9.9s | Remaining: 0.0m
ETA: 18:47:43
Recent round times: R1: 10.0s -> R2: 9.7s -> R3: 9.8s -> R4: 10.4s -> R5: 9.9s
Total time for experiment: 296.99105620384216 seconds
Device average training time per communication round [s]:
    rpi (sld-rpi-09.ece.utexas.edu): 4.90 seconds
    mc1 (sld-mc1-09.ece.utexas.edu): 3.02 seconds
