Connecting to sld-rpi-09.ece.utexas.edu...
Successfully fetched dev0_pow_temp_log_exp214_run1.csv.
Connecting to sld-rpi-09.ece.utexas.edu...
Successfully fetched dev0_communication_log_exp214_run1.csv.
Connecting to sld-mc1-09.ece.utexas.edu...
Successfully fetched dev1_pow_temp_log_exp214_run1.csv.
Connecting to sld-mc1-09.ece.utexas.edu...
Successfully fetched dev1_communication_log_exp214_run1.csv.

Exp214
Experiment 214: 
	Global test accuracy [%]: 45.47 %
	No round found where all subsequent rounds have accuracy >= 90.00%.
	Average time per communication round [s]: 10.4 seconds
	Total wall clock time [s]: 136.17 seconds


Experiment 214:
	RPi avg. energy consumption per round [J]: 38.18 Joules
	MC1 avg. energy consumption per round [J]: 28.81 Joules
	Total avg. energy consumption per communication round [J]: 66.99 Joules
	Avg. amount of communicated data per communication round [MB]: 0.04 MB
	RPi avg. power consumption per round [W]: 5.40 Watts
	MC1 avg. power consumption per round [W]: 6.94 Watts
