Connecting to sld-rpi-09.ece.utexas.edu...
Successfully fetched dev0_pow_temp_log_exp199_run1.csv.
Connecting to sld-rpi-09.ece.utexas.edu...
Successfully fetched dev0_communication_log_exp199_run1.csv.
Connecting to sld-mc1-09.ece.utexas.edu...
Successfully fetched dev1_pow_temp_log_exp199_run1.csv.
Connecting to sld-mc1-09.ece.utexas.edu...
Successfully fetched dev1_communication_log_exp199_run1.csv.

Exp199
Experiment 199: 
	Global test accuracy [%]: 91.73 %
	Convergence time [#round]: 5 communication rounds
	Total wall clock time to reach 90.00% [s]: 52.73 seconds
	Average time per communication round [s]: 10.51 seconds
	Total wall clock time [s]: 308.08 seconds


Experiment 199:
	RPi avg. energy consumption per round [J]: 38.43 Joules
	MC1 avg. energy consumption per round [J]: 26.00 Joules
	Total avg. energy consumption per communication round [J]: 64.43 Joules
	Avg. amount of communicated data per communication round [MB]: 0.09 MB
	RPi avg. power consumption per round [W]: 5.41 Watts
	MC1 avg. power consumption per round [W]: 6.36 Watts
