
  0%|          | 0/79 [00:00<?, ?it/s]
  3%|▎         | 2/79 [00:00<00:03, 19.54it/s]
  8%|▊         | 6/79 [00:00<00:02, 29.40it/s]
 13%|█▎        | 10/79 [00:00<00:02, 31.69it/s]
 18%|█▊        | 14/79 [00:00<00:01, 33.05it/s]
 23%|██▎       | 18/79 [00:00<00:01, 33.90it/s]
 28%|██▊       | 22/79 [00:00<00:01, 34.66it/s]
 33%|███▎      | 26/79 [00:00<00:01, 34.00it/s]
 38%|███▊      | 30/79 [00:00<00:01, 33.95it/s]
 43%|████▎     | 34/79 [00:01<00:01, 33.93it/s]
 48%|████▊     | 38/79 [00:01<00:01, 33.67it/s]
 53%|█████▎    | 42/79 [00:01<00:01, 33.45it/s]
 58%|█████▊    | 46/79 [00:01<00:00, 33.41it/s]
 63%|██████▎   | 50/79 [00:01<00:00, 33.52it/s]
 68%|██████▊   | 54/79 [00:01<00:00, 34.34it/s]
 73%|███████▎  | 58/79 [00:01<00:00, 33.81it/s]
 78%|███████▊  | 62/79 [00:01<00:00, 35.05it/s]
 85%|████████▍ | 67/79 [00:01<00:00, 38.54it/s]
 90%|████████▉ | 71/79 [00:02<00:00, 38.80it/s]
 95%|█████████▍| 75/79 [00:02<00:00, 38.81it/s]
100%|██████████| 79/79 [00:02<00:00, 34.88it/s]
Initial Accuracy: 14.65%; Initial Loss: 2.3487

  0%|          | 0/79 [00:00<?, ?it/s]
  1%|▏         | 1/79 [00:00<00:07,  9.98it/s]
  6%|▋         | 5/79 [00:00<00:02, 25.32it/s]
 11%|█▏        | 9/79 [00:00<00:02, 30.95it/s]
 18%|█▊        | 14/79 [00:00<00:01, 37.43it/s]
 24%|██▍       | 19/79 [00:00<00:01, 36.48it/s]
 29%|██▉       | 23/79 [00:00<00:01, 37.43it/s]
 35%|███▌      | 28/79 [00:00<00:01, 37.81it/s]
 41%|████      | 32/79 [00:00<00:01, 37.17it/s]
 46%|████▌     | 36/79 [00:01<00:01, 37.31it/s]
 51%|█████     | 40/79 [00:01<00:01, 37.56it/s]
 56%|█████▌    | 44/79 [00:01<00:00, 38.02it/s]
 61%|██████    | 48/79 [00:01<00:00, 37.72it/s]
 66%|██████▌   | 52/79 [00:01<00:00, 38.07it/s]
 71%|███████   | 56/79 [00:01<00:00, 37.96it/s]
 76%|███████▌  | 60/79 [00:01<00:00, 37.54it/s]
 81%|████████  | 64/79 [00:01<00:00, 37.24it/s]
 86%|████████▌ | 68/79 [00:01<00:00, 37.64it/s]
 91%|█████████ | 72/79 [00:01<00:00, 37.55it/s]
 96%|█████████▌| 76/79 [00:02<00:00, 37.24it/s]
100%|██████████| 79/79 [00:02<00:00, 36.69it/s]

CommRound: 1/30
Accuracy: 64.44% | Loss: 1.0952
[##----------------------------------------------------------] 3.3%
Elapsed: 0.8m | Avg/Round: 45.3s | Last: 43.0s | Next: 45.3s | Remaining: 21.9m
ETA: 05:01:28
Recent round times: R1: 43.0s

  0%|          | 0/79 [00:00<?, ?it/s]
  3%|▎         | 2/79 [00:00<00:03, 19.49it/s]
  9%|▉         | 7/79 [00:00<00:02, 29.72it/s]
 14%|█▍        | 11/79 [00:00<00:02, 33.08it/s]
 19%|█▉        | 15/79 [00:00<00:01, 35.10it/s]
 25%|██▌       | 20/79 [00:00<00:01, 39.45it/s]
 30%|███       | 24/79 [00:00<00:01, 39.26it/s]
 35%|███▌      | 28/79 [00:00<00:01, 39.36it/s]
 41%|████      | 32/79 [00:00<00:01, 39.30it/s]
 46%|████▌     | 36/79 [00:00<00:01, 38.79it/s]
 51%|█████     | 40/79 [00:01<00:01, 38.85it/s]
 56%|█████▌    | 44/79 [00:01<00:00, 38.47it/s]
 62%|██████▏   | 49/79 [00:01<00:00, 37.10it/s]
 67%|██████▋   | 53/79 [00:01<00:00, 37.64it/s]
 72%|███████▏  | 57/79 [00:01<00:00, 38.22it/s]
 77%|███████▋  | 61/79 [00:01<00:00, 38.55it/s]
 84%|████████▎ | 66/79 [00:01<00:00, 41.44it/s]
 90%|████████▉ | 71/79 [00:01<00:00, 39.44it/s]
 96%|█████████▌| 76/79 [00:01<00:00, 41.89it/s]
100%|██████████| 79/79 [00:02<00:00, 38.61it/s]

CommRound: 2/30
Accuracy: 75.15% | Loss: 0.7410
[####--------------------------------------------------------] 6.7%
Elapsed: 1.6m | Avg/Round: 47.5s | Last: 49.8s | Next: 47.5s | Remaining: 22.2m
ETA: 05:02:36
Recent round times: R1: 43.0s -> R2: 49.8s

  0%|          | 0/79 [00:00<?, ?it/s]
  1%|▏         | 1/79 [00:00<00:07,  9.78it/s]
  6%|▋         | 5/79 [00:00<00:02, 27.13it/s]
 11%|█▏        | 9/79 [00:00<00:02, 32.09it/s]
 16%|█▋        | 13/79 [00:00<00:01, 34.45it/s]
 22%|██▏       | 17/79 [00:00<00:01, 35.93it/s]
 27%|██▋       | 21/79 [00:00<00:01, 36.74it/s]
 32%|███▏      | 25/79 [00:00<00:01, 37.22it/s]
 37%|███▋      | 29/79 [00:00<00:01, 37.65it/s]
 42%|████▏     | 33/79 [00:00<00:01, 37.98it/s]
 47%|████▋     | 37/79 [00:01<00:01, 38.25it/s]
 52%|█████▏    | 41/79 [00:01<00:00, 38.41it/s]
 57%|█████▋    | 45/79 [00:01<00:00, 38.01it/s]
 62%|██████▏   | 49/79 [00:01<00:00, 36.65it/s]
 67%|██████▋   | 53/79 [00:01<00:00, 36.59it/s]
 72%|███████▏  | 57/79 [00:01<00:00, 36.40it/s]
 77%|███████▋  | 61/79 [00:01<00:00, 36.42it/s]
 82%|████████▏ | 65/79 [00:01<00:00, 36.52it/s]
 87%|████████▋ | 69/79 [00:01<00:00, 36.61it/s]
 92%|█████████▏| 73/79 [00:02<00:00, 37.32it/s]
 97%|█████████▋| 77/79 [00:02<00:00, 37.66it/s]
100%|██████████| 79/79 [00:02<00:00, 36.78it/s]

CommRound: 3/30
Accuracy: 82.01% | Loss: 0.5677
[######------------------------------------------------------] 10.0%
Elapsed: 2.4m | Avg/Round: 47.2s | Last: 46.7s | Next: 47.2s | Remaining: 21.3m
ETA: 05:02:27
Recent round times: R1: 43.0s -> R2: 49.8s -> R3: 46.7s

  0%|          | 0/79 [00:00<?, ?it/s]
  3%|▎         | 2/79 [00:00<00:03, 19.83it/s]
  9%|▉         | 7/79 [00:00<00:02, 30.29it/s]
 14%|█▍        | 11/79 [00:00<00:02, 33.67it/s]
 19%|█▉        | 15/79 [00:00<00:01, 35.25it/s]
 24%|██▍       | 19/79 [00:00<00:01, 36.39it/s]
 30%|███       | 24/79 [00:00<00:01, 37.34it/s]
 35%|███▌      | 28/79 [00:00<00:01, 37.27it/s]
 41%|████      | 32/79 [00:00<00:01, 37.34it/s]
 46%|████▌     | 36/79 [00:01<00:01, 37.46it/s]
 51%|█████     | 40/79 [00:01<00:01, 36.62it/s]
 56%|█████▌    | 44/79 [00:01<00:00, 35.50it/s]
 61%|██████    | 48/79 [00:01<00:00, 35.91it/s]
 66%|██████▌   | 52/79 [00:01<00:00, 36.22it/s]
 71%|███████   | 56/79 [00:01<00:00, 36.07it/s]
 76%|███████▌  | 60/79 [00:01<00:00, 36.00it/s]
 81%|████████  | 64/79 [00:01<00:00, 36.26it/s]
 86%|████████▌ | 68/79 [00:01<00:00, 36.43it/s]
 91%|█████████ | 72/79 [00:02<00:00, 36.49it/s]
 96%|█████████▌| 76/79 [00:02<00:00, 36.24it/s]
100%|██████████| 79/79 [00:02<00:00, 36.06it/s]

CommRound: 4/30
Accuracy: 82.41% | Loss: 0.5625
[########----------------------------------------------------] 13.3%
Elapsed: 3.1m | Avg/Round: 46.8s | Last: 45.7s | Next: 46.8s | Remaining: 20.3m
ETA: 05:02:15
Recent round times: R1: 43.0s -> R2: 49.8s -> R3: 46.7s -> R4: 45.7s

  0%|          | 0/79 [00:00<?, ?it/s]
  1%|▏         | 1/79 [00:00<00:07,  9.87it/s]
  8%|▊         | 6/79 [00:00<00:02, 32.35it/s]
 13%|█▎        | 10/79 [00:00<00:01, 34.72it/s]
 18%|█▊        | 14/79 [00:00<00:01, 35.77it/s]
 23%|██▎       | 18/79 [00:00<00:01, 36.53it/s]
 28%|██▊       | 22/79 [00:00<00:01, 36.85it/s]
 33%|███▎      | 26/79 [00:00<00:01, 36.58it/s]
 38%|███▊      | 30/79 [00:00<00:01, 36.25it/s]
 43%|████▎     | 34/79 [00:00<00:01, 36.02it/s]
 48%|████▊     | 38/79 [00:01<00:01, 36.37it/s]
 53%|█████▎    | 42/79 [00:01<00:01, 36.65it/s]
 58%|█████▊    | 46/79 [00:01<00:00, 36.89it/s]
 63%|██████▎   | 50/79 [00:01<00:00, 36.98it/s]
 68%|██████▊   | 54/79 [00:01<00:00, 37.04it/s]
 73%|███████▎  | 58/79 [00:01<00:00, 37.16it/s]
 78%|███████▊  | 62/79 [00:01<00:00, 37.28it/s]
 84%|████████▎ | 66/79 [00:01<00:00, 36.94it/s]
 89%|████████▊ | 70/79 [00:01<00:00, 36.84it/s]
 94%|█████████▎| 74/79 [00:02<00:00, 37.09it/s]
 99%|█████████▊| 78/79 [00:02<00:00, 36.55it/s]
100%|██████████| 79/79 [00:02<00:00, 36.25it/s]

CommRound: 5/30
Accuracy: 81.15% | Loss: 0.6425
[##########--------------------------------------------------] 16.7%
Elapsed: 3.8m | Avg/Round: 45.2s | Last: 38.4s | Next: 45.2s | Remaining: 18.8m
ETA: 05:01:24
Recent round times: R1: 43.0s -> R2: 49.8s -> R3: 46.7s -> R4: 45.7s -> R5: 38.4s

  0%|          | 0/79 [00:00<?, ?it/s]
  3%|▎         | 2/79 [00:00<00:04, 19.16it/s]
  9%|▉         | 7/79 [00:00<00:02, 30.60it/s]
 15%|█▌        | 12/79 [00:00<00:01, 35.62it/s]
 20%|██        | 16/79 [00:00<00:01, 36.20it/s]
 25%|██▌       | 20/79 [00:00<00:01, 36.72it/s]
 30%|███       | 24/79 [00:00<00:01, 37.17it/s]
 35%|███▌      | 28/79 [00:00<00:01, 37.24it/s]
 41%|████      | 32/79 [00:00<00:01, 37.31it/s]
 46%|████▌     | 36/79 [00:00<00:01, 37.55it/s]
 51%|█████     | 40/79 [00:01<00:01, 37.63it/s]
 56%|█████▌    | 44/79 [00:01<00:00, 37.52it/s]
 61%|██████    | 48/79 [00:01<00:00, 38.02it/s]
 67%|██████▋   | 53/79 [00:01<00:00, 40.96it/s]
 73%|███████▎  | 58/79 [00:01<00:00, 38.76it/s]
 78%|███████▊  | 62/79 [00:01<00:00, 39.00it/s]
 84%|████████▎ | 66/79 [00:01<00:00, 39.11it/s]
 90%|████████▉ | 71/79 [00:01<00:00, 39.92it/s]
 96%|█████████▌| 76/79 [00:02<00:00, 39.50it/s]
100%|██████████| 79/79 [00:02<00:00, 38.00it/s]

CommRound: 6/30
Accuracy: 82.98% | Loss: 0.5881
[############------------------------------------------------] 20.0%
Elapsed: 4.5m | Avg/Round: 44.9s | Last: 43.7s | Next: 44.9s | Remaining: 18.0m
ETA: 05:01:17
Recent round times: R1: 49.8s -> R2: 46.7s -> R3: 45.7s -> R4: 38.4s -> R5: 43.7s

  0%|          | 0/79 [00:00<?, ?it/s]
  3%|▎         | 2/79 [00:00<00:04, 18.91it/s]
  8%|▊         | 6/79 [00:00<00:02, 31.00it/s]
 14%|█▍        | 11/79 [00:00<00:02, 33.03it/s]
 20%|██        | 16/79 [00:00<00:01, 36.94it/s]
 25%|██▌       | 20/79 [00:00<00:01, 37.19it/s]
 30%|███       | 24/79 [00:00<00:01, 37.20it/s]
 35%|███▌      | 28/79 [00:00<00:01, 37.63it/s]
 41%|████      | 32/79 [00:00<00:01, 38.13it/s]
 46%|████▌     | 36/79 [00:00<00:01, 38.28it/s]
 51%|█████     | 40/79 [00:01<00:01, 38.56it/s]
 56%|█████▌    | 44/79 [00:01<00:00, 38.49it/s]
 61%|██████    | 48/79 [00:01<00:00, 38.79it/s]
 67%|██████▋   | 53/79 [00:01<00:00, 41.51it/s]
 73%|███████▎  | 58/79 [00:01<00:00, 39.82it/s]
 80%|███████▉  | 63/79 [00:01<00:00, 42.05it/s]
 86%|████████▌ | 68/79 [00:01<00:00, 40.44it/s]
 92%|█████████▏| 73/79 [00:01<00:00, 40.87it/s]
 99%|█████████▊| 78/79 [00:02<00:00, 40.70it/s]
100%|██████████| 79/79 [00:02<00:00, 38.72it/s]

CommRound: 7/30
Accuracy: 84.00% | Loss: 0.5709
[##############----------------------------------------------] 23.3%
Elapsed: 5.2m | Avg/Round: 44.2s | Last: 39.7s | Next: 44.2s | Remaining: 16.9m
ETA: 05:00:55
Recent round times: R1: 46.7s -> R2: 45.7s -> R3: 38.4s -> R4: 43.7s -> R5: 39.7s

  0%|          | 0/79 [00:00<?, ?it/s]
  3%|▎         | 2/79 [00:00<00:03, 19.45it/s]
  9%|▉         | 7/79 [00:00<00:02, 30.84it/s]
 14%|█▍        | 11/79 [00:00<00:01, 34.57it/s]
 20%|██        | 16/79 [00:00<00:01, 39.25it/s]
 27%|██▋       | 21/79 [00:00<00:01, 38.05it/s]
 33%|███▎      | 26/79 [00:00<00:01, 41.09it/s]
 39%|███▉      | 31/79 [00:00<00:01, 38.94it/s]
 46%|████▌     | 36/79 [00:00<00:01, 41.59it/s]
 52%|█████▏    | 41/79 [00:01<00:00, 39.66it/s]
 58%|█████▊    | 46/79 [00:01<00:00, 41.27it/s]
 65%|██████▍   | 51/79 [00:01<00:00, 38.98it/s]
 70%|██████▉   | 55/79 [00:01<00:00, 39.03it/s]
 75%|███████▍  | 59/79 [00:01<00:00, 38.94it/s]
 80%|███████▉  | 63/79 [00:01<00:00, 38.96it/s]
 85%|████████▍ | 67/79 [00:01<00:00, 38.86it/s]
 90%|████████▉ | 71/79 [00:01<00:00, 38.96it/s]
 96%|█████████▌| 76/79 [00:01<00:00, 41.83it/s]
100%|██████████| 79/79 [00:02<00:00, 39.21it/s]

CommRound: 8/30
Accuracy: 85.13% | Loss: 0.5404
[################--------------------------------------------] 26.7%
Elapsed: 5.9m | Avg/Round: 44.6s | Last: 47.4s | Next: 44.6s | Remaining: 16.3m
ETA: 05:01:06
Recent round times: R1: 45.7s -> R2: 38.4s -> R3: 43.7s -> R4: 39.7s -> R5: 47.4s

  0%|          | 0/79 [00:00<?, ?it/s]
  3%|▎         | 2/79 [00:00<00:04, 17.75it/s]
  9%|▉         | 7/79 [00:00<00:02, 28.74it/s]
 14%|█▍        | 11/79 [00:00<00:02, 32.88it/s]
 19%|█▉        | 15/79 [00:00<00:01, 34.73it/s]
 24%|██▍       | 19/79 [00:00<00:01, 35.83it/s]
 29%|██▉       | 23/79 [00:00<00:01, 36.52it/s]
 34%|███▍      | 27/79 [00:00<00:01, 37.31it/s]
 39%|███▉      | 31/79 [00:00<00:01, 37.45it/s]
 44%|████▍     | 35/79 [00:00<00:01, 37.66it/s]
 49%|████▉     | 39/79 [00:01<00:01, 37.63it/s]
 54%|█████▍    | 43/79 [00:01<00:00, 37.60it/s]
 59%|█████▉    | 47/79 [00:01<00:00, 37.72it/s]
 65%|██████▍   | 51/79 [00:01<00:00, 37.87it/s]
 70%|██████▉   | 55/79 [00:01<00:00, 37.80it/s]
 75%|███████▍  | 59/79 [00:01<00:00, 37.91it/s]
 80%|███████▉  | 63/79 [00:01<00:00, 38.07it/s]
 85%|████████▍ | 67/79 [00:01<00:00, 38.18it/s]
 90%|████████▉ | 71/79 [00:01<00:00, 38.31it/s]
 95%|█████████▍| 75/79 [00:02<00:00, 38.59it/s]
100%|██████████| 79/79 [00:02<00:00, 37.38it/s]

CommRound: 9/30
Accuracy: 85.31% | Loss: 0.5441
[##################------------------------------------------] 30.0%
Elapsed: 6.7m | Avg/Round: 44.6s | Last: 44.8s | Next: 44.6s | Remaining: 15.6m
ETA: 05:01:07
Recent round times: R1: 38.4s -> R2: 43.7s -> R3: 39.7s -> R4: 47.4s -> R5: 44.8s

  0%|          | 0/79 [00:00<?, ?it/s]
  3%|▎         | 2/79 [00:00<00:03, 19.59it/s]
  9%|▉         | 7/79 [00:00<00:02, 30.66it/s]
 15%|█▌        | 12/79 [00:00<00:01, 36.29it/s]
 20%|██        | 16/79 [00:00<00:01, 36.55it/s]
 27%|██▋       | 21/79 [00:00<00:01, 37.85it/s]
 33%|███▎      | 26/79 [00:00<00:01, 38.66it/s]
 38%|███▊      | 30/79 [00:00<00:01, 38.99it/s]
 43%|████▎     | 34/79 [00:00<00:01, 39.20it/s]
 49%|████▉     | 39/79 [00:01<00:01, 39.87it/s]
 54%|█████▍    | 43/79 [00:01<00:00, 38.82it/s]
 59%|█████▉    | 47/79 [00:01<00:00, 36.78it/s]
 65%|██████▍   | 51/79 [00:01<00:00, 35.73it/s]
 70%|██████▉   | 55/79 [00:01<00:00, 35.25it/s]
 75%|███████▍  | 59/79 [00:01<00:00, 34.59it/s]
 80%|███████▉  | 63/79 [00:01<00:00, 34.28it/s]
 85%|████████▍ | 67/79 [00:01<00:00, 34.11it/s]
 90%|████████▉ | 71/79 [00:01<00:00, 33.65it/s]
 95%|█████████▍| 75/79 [00:02<00:00, 33.38it/s]
100%|██████████| 79/79 [00:02<00:00, 35.99it/s]

CommRound: 10/30
Accuracy: 84.86% | Loss: 0.5723
[####################----------------------------------------] 33.3%
Elapsed: 7.4m | Avg/Round: 44.4s | Last: 42.2s | Next: 44.4s | Remaining: 14.8m
ETA: 05:01:00
Recent round times: R1: 43.7s -> R2: 39.7s -> R3: 47.4s -> R4: 44.8s -> R5: 42.2s

  0%|          | 0/79 [00:00<?, ?it/s]
  3%|▎         | 2/79 [00:00<00:04, 19.12it/s]
  8%|▊         | 6/79 [00:00<00:02, 31.09it/s]
 13%|█▎        | 10/79 [00:00<00:02, 34.11it/s]
 18%|█▊        | 14/79 [00:00<00:01, 35.17it/s]
 23%|██▎       | 18/79 [00:00<00:01, 35.89it/s]
 28%|██▊       | 22/79 [00:00<00:01, 36.37it/s]
 33%|███▎      | 26/79 [00:00<00:01, 36.52it/s]
 38%|███▊      | 30/79 [00:00<00:01, 36.60it/s]
 43%|████▎     | 34/79 [00:00<00:01, 36.80it/s]
 48%|████▊     | 38/79 [00:01<00:01, 37.03it/s]
 53%|█████▎    | 42/79 [00:01<00:00, 37.17it/s]
 58%|█████▊    | 46/79 [00:01<00:00, 37.48it/s]
 63%|██████▎   | 50/79 [00:01<00:00, 37.64it/s]
 68%|██████▊   | 54/79 [00:01<00:00, 37.70it/s]
 73%|███████▎  | 58/79 [00:01<00:00, 37.91it/s]
 78%|███████▊  | 62/79 [00:01<00:00, 37.81it/s]
 84%|████████▎ | 66/79 [00:01<00:00, 37.84it/s]
 89%|████████▊ | 70/79 [00:01<00:00, 38.45it/s]
 95%|█████████▍| 75/79 [00:02<00:00, 40.71it/s]
100%|██████████| 79/79 [00:02<00:00, 37.18it/s]

CommRound: 11/30
Accuracy: 84.36% | Loss: 0.5928
[######################--------------------------------------] 36.7%
Elapsed: 8.1m | Avg/Round: 44.0s | Last: 40.0s | Next: 44.0s | Remaining: 13.9m
ETA: 05:00:48
Recent round times: R1: 39.7s -> R2: 47.4s -> R3: 44.8s -> R4: 42.2s -> R5: 40.0s

  0%|          | 0/79 [00:00<?, ?it/s]
  1%|▏         | 1/79 [00:00<00:08,  9.73it/s]
  6%|▋         | 5/79 [00:00<00:02, 25.11it/s]
 11%|█▏        | 9/79 [00:00<00:02, 28.85it/s]
 16%|█▋        | 13/79 [00:00<00:02, 30.60it/s]
 22%|██▏       | 17/79 [00:00<00:01, 31.71it/s]
 27%|██▋       | 21/79 [00:00<00:01, 32.34it/s]
 32%|███▏      | 25/79 [00:00<00:01, 32.70it/s]
 37%|███▋      | 29/79 [00:00<00:01, 33.05it/s]
 42%|████▏     | 33/79 [00:01<00:01, 33.25it/s]
 47%|████▋     | 37/79 [00:01<00:01, 33.11it/s]
 52%|█████▏    | 41/79 [00:01<00:01, 33.44it/s]
 57%|█████▋    | 45/79 [00:01<00:01, 31.97it/s]
 62%|██████▏   | 49/79 [00:01<00:00, 33.80it/s]
 67%|██████▋   | 53/79 [00:01<00:00, 35.17it/s]
 72%|███████▏  | 57/79 [00:01<00:00, 36.26it/s]
 77%|███████▋  | 61/79 [00:01<00:00, 37.00it/s]
 82%|████████▏ | 65/79 [00:01<00:00, 36.71it/s]
 87%|████████▋ | 69/79 [00:02<00:00, 35.90it/s]
 92%|█████████▏| 73/79 [00:02<00:00, 35.27it/s]
 97%|█████████▋| 77/79 [00:02<00:00, 34.72it/s]
100%|██████████| 79/79 [00:02<00:00, 33.77it/s]

CommRound: 12/30
Accuracy: 84.58% | Loss: 0.5909
[########################------------------------------------] 40.0%
Elapsed: 8.8m | Avg/Round: 44.0s | Last: 44.1s | Next: 44.0s | Remaining: 13.2m
ETA: 05:00:49
Recent round times: R1: 47.4s -> R2: 44.8s -> R3: 42.2s -> R4: 40.0s -> R5: 44.1s

  0%|          | 0/79 [00:00<?, ?it/s]
  3%|▎         | 2/79 [00:00<00:04, 18.95it/s]
  8%|▊         | 6/79 [00:00<00:02, 27.69it/s]
 13%|█▎        | 10/79 [00:00<00:02, 29.95it/s]
 18%|█▊        | 14/79 [00:00<00:02, 31.19it/s]
 23%|██▎       | 18/79 [00:00<00:01, 31.77it/s]
 28%|██▊       | 22/79 [00:00<00:01, 32.00it/s]
 33%|███▎      | 26/79 [00:00<00:01, 32.88it/s]
 38%|███▊      | 30/79 [00:00<00:01, 34.63it/s]
 43%|████▎     | 34/79 [00:01<00:01, 35.38it/s]
 48%|████▊     | 38/79 [00:01<00:01, 35.73it/s]
 53%|█████▎    | 42/79 [00:01<00:01, 36.21it/s]
 58%|█████▊    | 46/79 [00:01<00:00, 36.49it/s]
 63%|██████▎   | 50/79 [00:01<00:00, 37.20it/s]
 68%|██████▊   | 54/79 [00:01<00:00, 37.31it/s]
 73%|███████▎  | 58/79 [00:01<00:00, 37.40it/s]
 78%|███████▊  | 62/79 [00:01<00:00, 37.45it/s]
 84%|████████▎ | 66/79 [00:01<00:00, 37.79it/s]
 89%|████████▊ | 70/79 [00:01<00:00, 38.15it/s]
 94%|█████████▎| 74/79 [00:02<00:00, 38.39it/s]
 99%|█████████▊| 78/79 [00:02<00:00, 38.80it/s]
100%|██████████| 79/79 [00:02<00:00, 35.68it/s]

CommRound: 13/30
Accuracy: 84.75% | Loss: 0.5878
[##########################----------------------------------] 43.3%
Elapsed: 9.5m | Avg/Round: 43.7s | Last: 40.8s | Next: 43.7s | Remaining: 12.4m
ETA: 05:00:41
Recent round times: R1: 44.8s -> R2: 42.2s -> R3: 40.0s -> R4: 44.1s -> R5: 40.8s

  0%|          | 0/79 [00:00<?, ?it/s]
  3%|▎         | 2/79 [00:00<00:03, 19.86it/s]
  8%|▊         | 6/79 [00:00<00:02, 31.17it/s]
 13%|█▎        | 10/79 [00:00<00:02, 34.28it/s]
 18%|█▊        | 14/79 [00:00<00:01, 35.72it/s]
 23%|██▎       | 18/79 [00:00<00:01, 36.49it/s]
 28%|██▊       | 22/79 [00:00<00:01, 37.04it/s]
 33%|███▎      | 26/79 [00:00<00:01, 37.28it/s]
 38%|███▊      | 30/79 [00:00<00:01, 37.27it/s]
 43%|████▎     | 34/79 [00:00<00:01, 37.45it/s]
 48%|████▊     | 38/79 [00:01<00:01, 37.69it/s]
 53%|█████▎    | 42/79 [00:01<00:00, 37.75it/s]
 58%|█████▊    | 46/79 [00:01<00:00, 37.90it/s]
 63%|██████▎   | 50/79 [00:01<00:00, 38.12it/s]
 68%|██████▊   | 54/79 [00:01<00:00, 38.33it/s]
 73%|███████▎  | 58/79 [00:01<00:00, 38.43it/s]
 78%|███████▊  | 62/79 [00:01<00:00, 38.57it/s]
 84%|████████▎ | 66/79 [00:01<00:00, 38.61it/s]
 89%|████████▊ | 70/79 [00:01<00:00, 38.49it/s]
 94%|█████████▎| 74/79 [00:01<00:00, 38.50it/s]
 99%|█████████▊| 78/79 [00:02<00:00, 38.45it/s]
100%|██████████| 79/79 [00:02<00:00, 37.42it/s]

CommRound: 14/30
Accuracy: 85.02% | Loss: 0.5873
[############################--------------------------------] 46.7%
Elapsed: 10.2m | Avg/Round: 43.7s | Last: 44.0s | Next: 43.7s | Remaining: 11.7m
ETA: 05:00:42
Recent round times: R1: 42.2s -> R2: 40.0s -> R3: 44.1s -> R4: 40.8s -> R5: 44.0s

  0%|          | 0/79 [00:00<?, ?it/s]
  3%|▎         | 2/79 [00:00<00:04, 18.77it/s]
  8%|▊         | 6/79 [00:00<00:02, 27.70it/s]
 13%|█▎        | 10/79 [00:00<00:02, 29.40it/s]
 18%|█▊        | 14/79 [00:00<00:02, 30.33it/s]
 23%|██▎       | 18/79 [00:00<00:01, 30.77it/s]
 28%|██▊       | 22/79 [00:00<00:01, 30.98it/s]
 33%|███▎      | 26/79 [00:00<00:01, 31.50it/s]
 38%|███▊      | 30/79 [00:00<00:01, 31.87it/s]
 43%|████▎     | 34/79 [00:01<00:01, 31.97it/s]
 48%|████▊     | 38/79 [00:01<00:01, 31.92it/s]
 53%|█████▎    | 42/79 [00:01<00:01, 31.99it/s]
 58%|█████▊    | 46/79 [00:01<00:01, 31.99it/s]
 63%|██████▎   | 50/79 [00:01<00:00, 32.05it/s]
 68%|██████▊   | 54/79 [00:01<00:00, 32.28it/s]
 73%|███████▎  | 58/79 [00:01<00:00, 32.40it/s]
 78%|███████▊  | 62/79 [00:01<00:00, 33.15it/s]
 84%|████████▎ | 66/79 [00:02<00:00, 33.95it/s]
 89%|████████▊ | 70/79 [00:02<00:00, 35.11it/s]
 94%|█████████▎| 74/79 [00:02<00:00, 36.26it/s]
 99%|█████████▊| 78/79 [00:02<00:00, 37.09it/s]
100%|██████████| 79/79 [00:02<00:00, 32.93it/s]

CommRound: 15/30
Accuracy: 85.10% | Loss: 0.5878
[##############################------------------------------] 50.0%
Elapsed: 11.0m | Avg/Round: 44.1s | Last: 48.9s | Next: 44.1s | Remaining: 11.0m
ETA: 05:00:52
Recent round times: R1: 40.0s -> R2: 44.1s -> R3: 40.8s -> R4: 44.0s -> R5: 48.9s

  0%|          | 0/79 [00:00<?, ?it/s]
  1%|▏         | 1/79 [00:00<00:07,  9.91it/s]
  8%|▊         | 6/79 [00:00<00:02, 32.41it/s]
 13%|█▎        | 10/79 [00:00<00:01, 34.61it/s]
 18%|█▊        | 14/79 [00:00<00:01, 35.49it/s]
 23%|██▎       | 18/79 [00:00<00:01, 35.91it/s]
 28%|██▊       | 22/79 [00:00<00:01, 36.14it/s]
 33%|███▎      | 26/79 [00:00<00:01, 36.52it/s]
 38%|███▊      | 30/79 [00:00<00:01, 36.88it/s]
 43%|████▎     | 34/79 [00:00<00:01, 37.60it/s]
 48%|████▊     | 38/79 [00:01<00:01, 37.44it/s]
 53%|█████▎    | 42/79 [00:01<00:01, 36.83it/s]
 58%|█████▊    | 46/79 [00:01<00:00, 37.39it/s]
 63%|██████▎   | 50/79 [00:01<00:00, 37.98it/s]
 68%|██████▊   | 54/79 [00:01<00:00, 38.30it/s]
 73%|███████▎  | 58/79 [00:01<00:00, 38.50it/s]
 80%|███████▉  | 63/79 [00:01<00:00, 37.46it/s]
 85%|████████▍ | 67/79 [00:01<00:00, 38.07it/s]
 90%|████████▉ | 71/79 [00:01<00:00, 38.00it/s]
 95%|█████████▍| 75/79 [00:02<00:00, 37.43it/s]
100%|██████████| 79/79 [00:02<00:00, 37.12it/s]

CommRound: 16/30
Accuracy: 85.16% | Loss: 0.5888
[################################----------------------------] 53.3%
Elapsed: 11.8m | Avg/Round: 44.2s | Last: 45.4s | Next: 44.2s | Remaining: 10.3m
ETA: 05:00:54
Recent round times: R1: 44.1s -> R2: 40.8s -> R3: 44.0s -> R4: 48.9s -> R5: 45.4s

  0%|          | 0/79 [00:00<?, ?it/s]
  3%|▎         | 2/79 [00:00<00:04, 18.63it/s]
  8%|▊         | 6/79 [00:00<00:02, 30.24it/s]
 13%|█▎        | 10/79 [00:00<00:02, 32.03it/s]
 18%|█▊        | 14/79 [00:00<00:01, 32.96it/s]
 23%|██▎       | 18/79 [00:00<00:01, 34.17it/s]
 28%|██▊       | 22/79 [00:00<00:01, 35.00it/s]
 33%|███▎      | 26/79 [00:00<00:01, 35.84it/s]
 38%|███▊      | 30/79 [00:00<00:01, 36.15it/s]
 43%|████▎     | 34/79 [00:00<00:01, 36.36it/s]
 48%|████▊     | 38/79 [00:01<00:01, 36.19it/s]
 53%|█████▎    | 42/79 [00:01<00:01, 36.47it/s]
 58%|█████▊    | 46/79 [00:01<00:00, 36.52it/s]
 63%|██████▎   | 50/79 [00:01<00:00, 36.41it/s]
 68%|██████▊   | 54/79 [00:01<00:00, 36.70it/s]
 73%|███████▎  | 58/79 [00:01<00:00, 36.51it/s]
 78%|███████▊  | 62/79 [00:01<00:00, 36.85it/s]
 84%|████████▎ | 66/79 [00:01<00:00, 37.48it/s]
 89%|████████▊ | 70/79 [00:01<00:00, 37.91it/s]
 94%|█████████▎| 74/79 [00:02<00:00, 37.99it/s]
 99%|█████████▊| 78/79 [00:02<00:00, 38.27it/s]
100%|██████████| 79/79 [00:02<00:00, 36.13it/s]

CommRound: 17/30
Accuracy: 85.26% | Loss: 0.5902
[##################################--------------------------] 56.7%
Elapsed: 12.4m | Avg/Round: 43.8s | Last: 38.5s | Next: 43.8s | Remaining: 9.5m
ETA: 05:00:44
Recent round times: R1: 40.8s -> R2: 44.0s -> R3: 48.9s -> R4: 45.4s -> R5: 38.5s

  0%|          | 0/79 [00:00<?, ?it/s]
  1%|▏         | 1/79 [00:00<00:09,  8.59it/s]
  8%|▊         | 6/79 [00:00<00:02, 26.31it/s]
 13%|█▎        | 10/79 [00:00<00:02, 31.08it/s]
 18%|█▊        | 14/79 [00:00<00:01, 34.05it/s]
 23%|██▎       | 18/79 [00:00<00:01, 35.00it/s]
 29%|██▉       | 23/79 [00:00<00:01, 34.96it/s]
 34%|███▍      | 27/79 [00:00<00:01, 35.41it/s]
 39%|███▉      | 31/79 [00:00<00:01, 35.09it/s]
 44%|████▍     | 35/79 [00:01<00:01, 35.33it/s]
 49%|████▉     | 39/79 [00:01<00:01, 36.07it/s]
 54%|█████▍    | 43/79 [00:01<00:00, 36.93it/s]
 59%|█████▉    | 47/79 [00:01<00:00, 37.27it/s]
 65%|██████▍   | 51/79 [00:01<00:00, 37.29it/s]
 70%|██████▉   | 55/79 [00:01<00:00, 37.06it/s]
 75%|███████▍  | 59/79 [00:01<00:00, 36.88it/s]
 80%|███████▉  | 63/79 [00:01<00:00, 36.79it/s]
 85%|████████▍ | 67/79 [00:01<00:00, 36.61it/s]
 90%|████████▉ | 71/79 [00:02<00:00, 37.13it/s]
 95%|█████████▍| 75/79 [00:02<00:00, 36.84it/s]
100%|██████████| 79/79 [00:02<00:00, 35.22it/s]

CommRound: 18/30
Accuracy: 85.39% | Loss: 0.5922
[####################################------------------------] 60.0%
Elapsed: 13.1m | Avg/Round: 43.8s | Last: 43.4s | Next: 43.8s | Remaining: 8.8m
ETA: 05:00:44
Recent round times: R1: 44.0s -> R2: 48.9s -> R3: 45.4s -> R4: 38.5s -> R5: 43.4s

  0%|          | 0/79 [00:00<?, ?it/s]
  3%|▎         | 2/79 [00:00<00:03, 19.27it/s]
  8%|▊         | 6/79 [00:00<00:02, 30.16it/s]
 13%|█▎        | 10/79 [00:00<00:02, 33.21it/s]
 18%|█▊        | 14/79 [00:00<00:01, 34.74it/s]
 23%|██▎       | 18/79 [00:00<00:01, 35.44it/s]
 28%|██▊       | 22/79 [00:00<00:01, 35.25it/s]
 33%|███▎      | 26/79 [00:00<00:01, 35.03it/s]
 38%|███▊      | 30/79 [00:00<00:01, 34.87it/s]
 43%|████▎     | 34/79 [00:01<00:01, 34.10it/s]
 48%|████▊     | 38/79 [00:01<00:01, 34.08it/s]
 53%|█████▎    | 42/79 [00:01<00:01, 35.13it/s]
 58%|█████▊    | 46/79 [00:01<00:00, 35.68it/s]
 63%|██████▎   | 50/79 [00:01<00:00, 36.31it/s]
 68%|██████▊   | 54/79 [00:01<00:00, 36.90it/s]
 73%|███████▎  | 58/79 [00:01<00:00, 37.44it/s]
 78%|███████▊  | 62/79 [00:01<00:00, 37.12it/s]
 84%|████████▎ | 66/79 [00:01<00:00, 37.43it/s]
 89%|████████▊ | 70/79 [00:01<00:00, 37.37it/s]
 94%|█████████▎| 74/79 [00:02<00:00, 37.85it/s]
 99%|█████████▊| 78/79 [00:02<00:00, 37.60it/s]
100%|██████████| 79/79 [00:02<00:00, 35.81it/s]

CommRound: 19/30
Accuracy: 85.44% | Loss: 0.5942
[######################################----------------------] 63.3%
Elapsed: 13.9m | Avg/Round: 43.9s | Last: 45.0s | Next: 43.9s | Remaining: 8.0m
ETA: 05:00:46
Recent round times: R1: 48.9s -> R2: 45.4s -> R3: 38.5s -> R4: 43.4s -> R5: 45.0s

  0%|          | 0/79 [00:00<?, ?it/s]
  3%|▎         | 2/79 [00:00<00:04, 18.23it/s]
  8%|▊         | 6/79 [00:00<00:02, 30.33it/s]
 13%|█▎        | 10/79 [00:00<00:02, 33.46it/s]
 18%|█▊        | 14/79 [00:00<00:01, 35.19it/s]
 23%|██▎       | 18/79 [00:00<00:01, 36.25it/s]
 28%|██▊       | 22/79 [00:00<00:01, 37.11it/s]
 33%|███▎      | 26/79 [00:00<00:01, 37.50it/s]
 38%|███▊      | 30/79 [00:00<00:01, 37.43it/s]
 43%|████▎     | 34/79 [00:00<00:01, 37.31it/s]
 48%|████▊     | 38/79 [00:01<00:01, 37.41it/s]
 53%|█████▎    | 42/79 [00:01<00:00, 37.51it/s]
 58%|█████▊    | 46/79 [00:01<00:00, 37.54it/s]
 63%|██████▎   | 50/79 [00:01<00:00, 36.88it/s]
 68%|██████▊   | 54/79 [00:01<00:00, 37.21it/s]
 75%|███████▍  | 59/79 [00:01<00:00, 36.31it/s]
 81%|████████  | 64/79 [00:01<00:00, 39.84it/s]
 87%|████████▋ | 69/79 [00:01<00:00, 37.74it/s]
 94%|█████████▎| 74/79 [00:01<00:00, 40.55it/s]
100%|██████████| 79/79 [00:02<00:00, 42.58it/s]
100%|██████████| 79/79 [00:02<00:00, 37.60it/s]

CommRound: 20/30
Accuracy: 85.50% | Loss: 0.5964
[########################################--------------------] 66.7%
Elapsed: 14.6m | Avg/Round: 43.9s | Last: 44.7s | Next: 43.9s | Remaining: 7.3m
ETA: 05:00:47
Recent round times: R1: 45.4s -> R2: 38.5s -> R3: 43.4s -> R4: 45.0s -> R5: 44.7s

  0%|          | 0/79 [00:00<?, ?it/s]
  1%|▏         | 1/79 [00:00<00:08,  8.94it/s]
  9%|▉         | 7/79 [00:00<00:02, 31.92it/s]
 14%|█▍        | 11/79 [00:00<00:01, 34.97it/s]
 19%|█▉        | 15/79 [00:00<00:01, 36.66it/s]
 24%|██▍       | 19/79 [00:00<00:01, 37.71it/s]
 29%|██▉       | 23/79 [00:00<00:01, 38.38it/s]
 34%|███▍      | 27/79 [00:00<00:01, 38.87it/s]
 39%|███▉      | 31/79 [00:00<00:01, 39.09it/s]
 44%|████▍     | 35/79 [00:00<00:01, 39.25it/s]
 49%|████▉     | 39/79 [00:01<00:01, 38.85it/s]
 54%|█████▍    | 43/79 [00:01<00:00, 38.66it/s]
 59%|█████▉    | 47/79 [00:01<00:00, 38.37it/s]
 65%|██████▍   | 51/79 [00:01<00:00, 38.48it/s]
 70%|██████▉   | 55/79 [00:01<00:00, 38.27it/s]
 75%|███████▍  | 59/79 [00:01<00:00, 38.22it/s]
 80%|███████▉  | 63/79 [00:01<00:00, 38.29it/s]
 85%|████████▍ | 67/79 [00:01<00:00, 38.34it/s]
 90%|████████▉ | 71/79 [00:01<00:00, 38.38it/s]
 95%|█████████▍| 75/79 [00:01<00:00, 38.44it/s]
100%|██████████| 79/79 [00:02<00:00, 37.99it/s]

CommRound: 21/30
Accuracy: 85.61% | Loss: 0.5986
[##########################################------------------] 70.0%
Elapsed: 15.3m | Avg/Round: 43.8s | Last: 41.5s | Next: 43.8s | Remaining: 6.6m
ETA: 05:00:43
Recent round times: R1: 38.5s -> R2: 43.4s -> R3: 45.0s -> R4: 44.7s -> R5: 41.5s

  0%|          | 0/79 [00:00<?, ?it/s]
  3%|▎         | 2/79 [00:00<00:03, 19.46it/s]
  8%|▊         | 6/79 [00:00<00:02, 30.99it/s]
 13%|█▎        | 10/79 [00:00<00:02, 33.91it/s]
 18%|█▊        | 14/79 [00:00<00:01, 35.27it/s]
 23%|██▎       | 18/79 [00:00<00:01, 36.19it/s]
 28%|██▊       | 22/79 [00:00<00:01, 36.87it/s]
 33%|███▎      | 26/79 [00:00<00:01, 37.41it/s]
 38%|███▊      | 30/79 [00:00<00:01, 37.59it/s]
 43%|████▎     | 34/79 [00:00<00:01, 38.07it/s]
 48%|████▊     | 38/79 [00:01<00:01, 38.11it/s]
 53%|█████▎    | 42/79 [00:01<00:00, 38.06it/s]
 58%|█████▊    | 46/79 [00:01<00:00, 37.85it/s]
 63%|██████▎   | 50/79 [00:01<00:00, 37.70it/s]
 68%|██████▊   | 54/79 [00:01<00:00, 37.46it/s]
 73%|███████▎  | 58/79 [00:01<00:00, 37.68it/s]
 78%|███████▊  | 62/79 [00:01<00:00, 37.87it/s]
 84%|████████▎ | 66/79 [00:01<00:00, 37.74it/s]
 89%|████████▊ | 70/79 [00:01<00:00, 37.73it/s]
 95%|█████████▍| 75/79 [00:01<00:00, 41.02it/s]
100%|██████████| 79/79 [00:02<00:00, 37.46it/s]

CommRound: 22/30
Accuracy: 85.62% | Loss: 0.6006
[############################################----------------] 73.3%
Elapsed: 16.0m | Avg/Round: 43.7s | Last: 42.1s | Next: 43.7s | Remaining: 5.8m
ETA: 05:00:41
Recent round times: R1: 43.4s -> R2: 45.0s -> R3: 44.7s -> R4: 41.5s -> R5: 42.1s

  0%|          | 0/79 [00:00<?, ?it/s]
  4%|▍         | 3/79 [00:00<00:03, 22.27it/s]
  9%|▉         | 7/79 [00:00<00:02, 30.99it/s]
 14%|█▍        | 11/79 [00:00<00:02, 33.48it/s]
 19%|█▉        | 15/79 [00:00<00:01, 33.71it/s]
 24%|██▍       | 19/79 [00:00<00:01, 34.15it/s]
 29%|██▉       | 23/79 [00:00<00:01, 34.69it/s]
 34%|███▍      | 27/79 [00:00<00:01, 34.99it/s]
 39%|███▉      | 31/79 [00:00<00:01, 35.20it/s]
 44%|████▍     | 35/79 [00:01<00:01, 35.25it/s]
 49%|████▉     | 39/79 [00:01<00:01, 34.94it/s]
 54%|█████▍    | 43/79 [00:01<00:01, 35.28it/s]
 59%|█████▉    | 47/79 [00:01<00:00, 35.22it/s]
 65%|██████▍   | 51/79 [00:01<00:00, 35.63it/s]
 70%|██████▉   | 55/79 [00:01<00:00, 35.84it/s]
 75%|███████▍  | 59/79 [00:01<00:00, 35.76it/s]
 80%|███████▉  | 63/79 [00:01<00:00, 35.84it/s]
 85%|████████▍ | 67/79 [00:01<00:00, 35.89it/s]
 90%|████████▉ | 71/79 [00:02<00:00, 35.95it/s]
 95%|█████████▍| 75/79 [00:02<00:00, 35.91it/s]
100%|██████████| 79/79 [00:02<00:00, 35.87it/s]
100%|██████████| 79/79 [00:02<00:00, 34.75it/s]

CommRound: 23/30
Accuracy: 85.65% | Loss: 0.6026
[##############################################--------------] 76.7%
Elapsed: 16.7m | Avg/Round: 43.7s | Last: 42.8s | Next: 43.7s | Remaining: 5.1m
ETA: 05:00:40
Recent round times: R1: 45.0s -> R2: 44.7s -> R3: 41.5s -> R4: 42.1s -> R5: 42.8s

  0%|          | 0/79 [00:00<?, ?it/s]
  4%|▍         | 3/79 [00:00<00:03, 21.90it/s]
  9%|▉         | 7/79 [00:00<00:02, 30.52it/s]
 14%|█▍        | 11/79 [00:00<00:01, 34.04it/s]
 19%|█▉        | 15/79 [00:00<00:01, 35.60it/s]
 24%|██▍       | 19/79 [00:00<00:01, 36.56it/s]
 29%|██▉       | 23/79 [00:00<00:01, 37.00it/s]
 34%|███▍      | 27/79 [00:00<00:01, 37.50it/s]
 39%|███▉      | 31/79 [00:00<00:01, 37.81it/s]
 44%|████▍     | 35/79 [00:00<00:01, 38.05it/s]
 49%|████▉     | 39/79 [00:01<00:01, 38.35it/s]
 54%|█████▍    | 43/79 [00:01<00:00, 38.13it/s]
 59%|█████▉    | 47/79 [00:01<00:00, 38.40it/s]
 65%|██████▍   | 51/79 [00:01<00:00, 38.45it/s]
 70%|██████▉   | 55/79 [00:01<00:00, 38.55it/s]
 76%|███████▌  | 60/79 [00:01<00:00, 38.83it/s]
 81%|████████  | 64/79 [00:01<00:00, 38.53it/s]
 86%|████████▌ | 68/79 [00:01<00:00, 38.54it/s]
 91%|█████████ | 72/79 [00:01<00:00, 38.84it/s]
 96%|█████████▌| 76/79 [00:02<00:00, 38.91it/s]
100%|██████████| 79/79 [00:02<00:00, 37.59it/s]

CommRound: 24/30
Accuracy: 85.71% | Loss: 0.6046
[################################################------------] 80.0%
Elapsed: 17.6m | Avg/Round: 43.9s | Last: 48.7s | Next: 43.9s | Remaining: 4.4m
ETA: 05:00:46
Recent round times: R1: 44.7s -> R2: 41.5s -> R3: 42.1s -> R4: 42.8s -> R5: 48.7s

  0%|          | 0/79 [00:00<?, ?it/s]
  3%|▎         | 2/79 [00:00<00:03, 19.86it/s]
  8%|▊         | 6/79 [00:00<00:02, 31.55it/s]
 13%|█▎        | 10/79 [00:00<00:02, 33.96it/s]
 18%|█▊        | 14/79 [00:00<00:01, 35.39it/s]
 23%|██▎       | 18/79 [00:00<00:01, 36.19it/s]
 28%|██▊       | 22/79 [00:00<00:01, 36.71it/s]
 33%|███▎      | 26/79 [00:00<00:01, 37.13it/s]
 38%|███▊      | 30/79 [00:00<00:01, 37.11it/s]
 43%|████▎     | 34/79 [00:00<00:01, 37.07it/s]
 48%|████▊     | 38/79 [00:01<00:01, 37.06it/s]
 53%|█████▎    | 42/79 [00:01<00:00, 37.29it/s]
 58%|█████▊    | 46/79 [00:01<00:00, 37.33it/s]
 63%|██████▎   | 50/79 [00:01<00:00, 37.46it/s]
 68%|██████▊   | 54/79 [00:01<00:00, 37.38it/s]
 73%|███████▎  | 58/79 [00:01<00:00, 37.05it/s]
 80%|███████▉  | 63/79 [00:01<00:00, 40.20it/s]
 86%|████████▌ | 68/79 [00:01<00:00, 37.94it/s]
 91%|█████████ | 72/79 [00:01<00:00, 37.98it/s]
 96%|█████████▌| 76/79 [00:02<00:00, 38.25it/s]
100%|██████████| 79/79 [00:02<00:00, 37.13it/s]

CommRound: 25/30
Accuracy: 85.72% | Loss: 0.6064
[##################################################----------] 83.3%
Elapsed: 18.3m | Avg/Round: 43.9s | Last: 43.5s | Next: 43.9s | Remaining: 3.7m
ETA: 05:00:46
Recent round times: R1: 41.5s -> R2: 42.1s -> R3: 42.8s -> R4: 48.7s -> R5: 43.5s

  0%|          | 0/79 [00:00<?, ?it/s]
  3%|▎         | 2/79 [00:00<00:04, 19.25it/s]
  9%|▉         | 7/79 [00:00<00:02, 31.13it/s]
 14%|█▍        | 11/79 [00:00<00:01, 34.50it/s]
 19%|█▉        | 15/79 [00:00<00:01, 36.31it/s]
 24%|██▍       | 19/79 [00:00<00:01, 37.44it/s]
 30%|███       | 24/79 [00:00<00:01, 36.81it/s]
 35%|███▌      | 28/79 [00:00<00:01, 37.38it/s]
 41%|████      | 32/79 [00:00<00:01, 37.97it/s]
 46%|████▌     | 36/79 [00:00<00:01, 38.36it/s]
 51%|█████     | 40/79 [00:01<00:01, 38.74it/s]
 56%|█████▌    | 44/79 [00:01<00:00, 38.90it/s]
 61%|██████    | 48/79 [00:01<00:00, 38.72it/s]
 66%|██████▌   | 52/79 [00:01<00:00, 38.42it/s]
 71%|███████   | 56/79 [00:01<00:00, 38.58it/s]
 76%|███████▌  | 60/79 [00:01<00:00, 38.66it/s]
 81%|████████  | 64/79 [00:01<00:00, 38.86it/s]
 86%|████████▌ | 68/79 [00:01<00:00, 38.58it/s]
 91%|█████████ | 72/79 [00:01<00:00, 38.61it/s]
 96%|█████████▌| 76/79 [00:02<00:00, 38.70it/s]
100%|██████████| 79/79 [00:02<00:00, 37.76it/s]

CommRound: 26/30
Accuracy: 85.72% | Loss: 0.6082
[####################################################--------] 86.7%
Elapsed: 19.0m | Avg/Round: 43.9s | Last: 43.8s | Next: 43.9s | Remaining: 2.9m
ETA: 05:00:46
Recent round times: R1: 42.1s -> R2: 42.8s -> R3: 48.7s -> R4: 43.5s -> R5: 43.8s

  0%|          | 0/79 [00:00<?, ?it/s]
  3%|▎         | 2/79 [00:00<00:04, 18.95it/s]
  8%|▊         | 6/79 [00:00<00:02, 30.87it/s]
 13%|█▎        | 10/79 [00:00<00:02, 34.03it/s]
 18%|█▊        | 14/79 [00:00<00:01, 35.44it/s]
 23%|██▎       | 18/79 [00:00<00:01, 36.07it/s]
 28%|██▊       | 22/79 [00:00<00:01, 37.02it/s]
 33%|███▎      | 26/79 [00:00<00:01, 37.39it/s]
 38%|███▊      | 30/79 [00:00<00:01, 37.84it/s]
 43%|████▎     | 34/79 [00:00<00:01, 37.84it/s]
 48%|████▊     | 38/79 [00:01<00:01, 37.96it/s]
 53%|█████▎    | 42/79 [00:01<00:00, 38.15it/s]
 58%|█████▊    | 46/79 [00:01<00:00, 37.65it/s]
 65%|██████▍   | 51/79 [00:01<00:00, 36.40it/s]
 70%|██████▉   | 55/79 [00:01<00:00, 36.97it/s]
 75%|███████▍  | 59/79 [00:01<00:00, 37.64it/s]
 80%|███████▉  | 63/79 [00:01<00:00, 38.30it/s]
 85%|████████▍ | 67/79 [00:01<00:00, 38.46it/s]
 90%|████████▉ | 71/79 [00:01<00:00, 38.74it/s]
 95%|█████████▍| 75/79 [00:02<00:00, 38.96it/s]
100%|██████████| 79/79 [00:02<00:00, 37.67it/s]

CommRound: 27/30
Accuracy: 85.73% | Loss: 0.6099
[######################################################------] 90.0%
Elapsed: 19.7m | Avg/Round: 43.7s | Last: 40.1s | Next: 43.7s | Remaining: 2.2m
ETA: 05:00:42
Recent round times: R1: 42.8s -> R2: 48.7s -> R3: 43.5s -> R4: 43.8s -> R5: 40.1s

  0%|          | 0/79 [00:00<?, ?it/s]
  1%|▏         | 1/79 [00:00<00:08,  8.87it/s]
  9%|▉         | 7/79 [00:00<00:02, 32.43it/s]
 15%|█▌        | 12/79 [00:00<00:01, 39.55it/s]
 22%|██▏       | 17/79 [00:00<00:01, 37.41it/s]
 28%|██▊       | 22/79 [00:00<00:01, 41.22it/s]
 34%|███▍      | 27/79 [00:00<00:01, 38.67it/s]
 42%|████▏     | 33/79 [00:00<00:01, 39.57it/s]
 48%|████▊     | 38/79 [00:00<00:00, 42.25it/s]
 54%|█████▍    | 43/79 [00:01<00:00, 37.91it/s]
 62%|██████▏   | 49/79 [00:01<00:00, 40.18it/s]
 68%|██████▊   | 54/79 [00:01<00:00, 42.51it/s]
 75%|███████▍  | 59/79 [00:01<00:00, 39.86it/s]
 81%|████████  | 64/79 [00:01<00:00, 41.97it/s]
 87%|████████▋ | 69/79 [00:01<00:00, 39.61it/s]
 95%|█████████▍| 75/79 [00:01<00:00, 40.19it/s]
100%|██████████| 79/79 [00:01<00:00, 39.85it/s]

CommRound: 28/30
Accuracy: 85.75% | Loss: 0.6115
[########################################################----] 93.3%
Elapsed: 20.5m | Avg/Round: 43.8s | Last: 46.3s | Next: 43.8s | Remaining: 1.5m
ETA: 05:00:44
Recent round times: R1: 48.7s -> R2: 43.5s -> R3: 43.8s -> R4: 40.1s -> R5: 46.3s

  0%|          | 0/79 [00:00<?, ?it/s]
  3%|▎         | 2/79 [00:00<00:04, 19.25it/s]
  6%|▋         | 5/79 [00:00<00:03, 24.13it/s]
 11%|█▏        | 9/79 [00:00<00:02, 28.30it/s]
 16%|█▋        | 13/79 [00:00<00:02, 30.43it/s]
 22%|██▏       | 17/79 [00:00<00:01, 31.49it/s]
 27%|██▋       | 21/79 [00:00<00:01, 31.95it/s]
 32%|███▏      | 25/79 [00:00<00:01, 32.58it/s]
 37%|███▋      | 29/79 [00:00<00:01, 32.85it/s]
 42%|████▏     | 33/79 [00:01<00:01, 32.97it/s]
 47%|████▋     | 37/79 [00:01<00:01, 33.49it/s]
 52%|█████▏    | 41/79 [00:01<00:01, 33.49it/s]
 57%|█████▋    | 45/79 [00:01<00:01, 33.61it/s]
 62%|██████▏   | 49/79 [00:01<00:00, 33.35it/s]
 67%|██████▋   | 53/79 [00:01<00:00, 33.33it/s]
 72%|███████▏  | 57/79 [00:01<00:00, 33.45it/s]
 77%|███████▋  | 61/79 [00:01<00:00, 33.40it/s]
 82%|████████▏ | 65/79 [00:02<00:00, 33.67it/s]
 87%|████████▋ | 69/79 [00:02<00:00, 34.43it/s]
 92%|█████████▏| 73/79 [00:02<00:00, 34.94it/s]
 97%|█████████▋| 77/79 [00:02<00:00, 35.43it/s]
100%|██████████| 79/79 [00:02<00:00, 33.43it/s]

CommRound: 29/30
Accuracy: 85.81% | Loss: 0.6132
[##########################################################--] 96.7%
Elapsed: 21.2m | Avg/Round: 43.9s | Last: 45.6s | Next: 43.9s | Remaining: 0.7m
ETA: 05:00:46
Recent round times: R1: 43.5s -> R2: 43.8s -> R3: 40.1s -> R4: 46.3s -> R5: 45.6s

  0%|          | 0/79 [00:00<?, ?it/s]
  3%|▎         | 2/79 [00:00<00:03, 19.76it/s]
  9%|▉         | 7/79 [00:00<00:02, 30.47it/s]
 14%|█▍        | 11/79 [00:00<00:01, 34.05it/s]
 19%|█▉        | 15/79 [00:00<00:01, 36.14it/s]
 24%|██▍       | 19/79 [00:00<00:01, 36.72it/s]
 29%|██▉       | 23/79 [00:00<00:01, 37.19it/s]
 34%|███▍      | 27/79 [00:00<00:01, 37.75it/s]
 41%|████      | 32/79 [00:00<00:01, 41.23it/s]
 47%|████▋     | 37/79 [00:01<00:01, 38.31it/s]
 52%|█████▏    | 41/79 [00:01<00:00, 38.52it/s]
 57%|█████▋    | 45/79 [00:01<00:00, 38.92it/s]
 62%|██████▏   | 49/79 [00:01<00:00, 39.17it/s]
 67%|██████▋   | 53/79 [00:01<00:00, 39.37it/s]
 72%|███████▏  | 57/79 [00:01<00:00, 39.32it/s]
 77%|███████▋  | 61/79 [00:01<00:00, 39.29it/s]
 82%|████████▏ | 65/79 [00:01<00:00, 39.37it/s]
 87%|████████▋ | 69/79 [00:01<00:00, 39.43it/s]
 92%|█████████▏| 73/79 [00:01<00:00, 39.44it/s]
 97%|█████████▋| 77/79 [00:02<00:00, 39.23it/s]
100%|██████████| 79/79 [00:02<00:00, 38.55it/s]

CommRound: 30/30
Accuracy: 85.82% | Loss: 0.6147
[############################################################] 100.0%
Elapsed: 21.9m | Avg/Round: 43.8s | Last: 42.4s | Next: 43.8s | Remaining: 0.0m
ETA: 05:00:45
Recent round times: R1: 43.8s -> R2: 40.1s -> R3: 46.3s -> R4: 45.6s -> R5: 42.4s
Total time for experiment: 1315.2342262268066 seconds
Device average training time per communication round [s]:
    rpi (sld-rpi-09.ece.utexas.edu): 11.91 seconds
    mc1 (sld-mc1-09.ece.utexas.edu): 40.53 seconds
