
  0%|          | 0/79 [00:00<?, ?it/s]
  4%|▍         | 3/79 [00:00<00:03, 21.34it/s]
  9%|▉         | 7/79 [00:00<00:02, 29.98it/s]
 14%|█▍        | 11/79 [00:00<00:02, 33.48it/s]
 19%|█▉        | 15/79 [00:00<00:01, 35.35it/s]
 24%|██▍       | 19/79 [00:00<00:01, 36.39it/s]
 29%|██▉       | 23/79 [00:00<00:01, 36.76it/s]
 34%|███▍      | 27/79 [00:00<00:01, 37.11it/s]
 39%|███▉      | 31/79 [00:00<00:01, 37.64it/s]
 44%|████▍     | 35/79 [00:00<00:01, 38.07it/s]
 49%|████▉     | 39/79 [00:01<00:01, 38.42it/s]
 54%|█████▍    | 43/79 [00:01<00:00, 38.62it/s]
 59%|█████▉    | 47/79 [00:01<00:00, 38.79it/s]
 65%|██████▍   | 51/79 [00:01<00:00, 38.99it/s]
 70%|██████▉   | 55/79 [00:01<00:00, 39.15it/s]
 75%|███████▍  | 59/79 [00:01<00:00, 38.31it/s]
 80%|███████▉  | 63/79 [00:01<00:00, 36.52it/s]
 85%|████████▍ | 67/79 [00:01<00:00, 35.06it/s]
 90%|████████▉ | 71/79 [00:01<00:00, 33.57it/s]
 95%|█████████▍| 75/79 [00:02<00:00, 33.19it/s]
100%|██████████| 79/79 [00:02<00:00, 36.36it/s]
Initial Accuracy: 12.87%; Initial Loss: 2.3867

  0%|          | 0/79 [00:00<?, ?it/s]
  4%|▍         | 3/79 [00:00<00:03, 23.02it/s]
  9%|▉         | 7/79 [00:00<00:02, 31.27it/s]
 14%|█▍        | 11/79 [00:00<00:01, 34.36it/s]
 19%|█▉        | 15/79 [00:00<00:01, 35.97it/s]
 24%|██▍       | 19/79 [00:00<00:01, 37.00it/s]
 29%|██▉       | 23/79 [00:00<00:01, 37.61it/s]
 34%|███▍      | 27/79 [00:00<00:01, 38.23it/s]
 39%|███▉      | 31/79 [00:00<00:01, 38.57it/s]
 44%|████▍     | 35/79 [00:00<00:01, 38.77it/s]
 49%|████▉     | 39/79 [00:01<00:01, 38.94it/s]
 54%|█████▍    | 43/79 [00:01<00:00, 39.14it/s]
 59%|█████▉    | 47/79 [00:01<00:00, 39.40it/s]
 66%|██████▌   | 52/79 [00:01<00:00, 38.21it/s]
 71%|███████   | 56/79 [00:01<00:00, 38.22it/s]
 76%|███████▌  | 60/79 [00:01<00:00, 38.35it/s]
 81%|████████  | 64/79 [00:01<00:00, 38.62it/s]
 86%|████████▌ | 68/79 [00:01<00:00, 38.71it/s]
 91%|█████████ | 72/79 [00:01<00:00, 38.81it/s]
 96%|█████████▌| 76/79 [00:02<00:00, 39.02it/s]
100%|██████████| 79/79 [00:02<00:00, 38.06it/s]

CommRound: 1/30
Accuracy: 59.02% | Loss: 2.0353
[##----------------------------------------------------------] 3.3%
Elapsed: 0.2m | Avg/Round: 9.6s | Last: 7.4s | Next: 9.6s | Remaining: 4.6m
ETA: 10:36:03
Recent round times: R1: 7.4s

  0%|          | 0/79 [00:00<?, ?it/s]
  4%|▍         | 3/79 [00:00<00:03, 20.87it/s]
  9%|▉         | 7/79 [00:00<00:02, 28.68it/s]
 14%|█▍        | 11/79 [00:00<00:02, 31.72it/s]
 19%|█▉        | 15/79 [00:00<00:01, 33.08it/s]
 24%|██▍       | 19/79 [00:00<00:01, 34.21it/s]
 29%|██▉       | 23/79 [00:00<00:01, 34.95it/s]
 34%|███▍      | 27/79 [00:00<00:01, 35.59it/s]
 39%|███▉      | 31/79 [00:00<00:01, 36.03it/s]
 44%|████▍     | 35/79 [00:01<00:01, 36.13it/s]
 49%|████▉     | 39/79 [00:01<00:01, 36.12it/s]
 54%|█████▍    | 43/79 [00:01<00:00, 36.51it/s]
 59%|█████▉    | 47/79 [00:01<00:00, 36.63it/s]
 65%|██████▍   | 51/79 [00:01<00:00, 37.30it/s]
 70%|██████▉   | 55/79 [00:01<00:00, 37.83it/s]
 75%|███████▍  | 59/79 [00:01<00:00, 38.25it/s]
 80%|███████▉  | 63/79 [00:01<00:00, 38.72it/s]
 85%|████████▍ | 67/79 [00:01<00:00, 39.03it/s]
 90%|████████▉ | 71/79 [00:01<00:00, 38.81it/s]
 95%|█████████▍| 75/79 [00:02<00:00, 37.43it/s]
100%|██████████| 79/79 [00:02<00:00, 36.61it/s]

CommRound: 2/30
Accuracy: 71.85% | Loss: 1.2193
[####--------------------------------------------------------] 6.7%
Elapsed: 0.3m | Avg/Round: 8.4s | Last: 7.3s | Next: 8.4s | Remaining: 3.9m
ETA: 10:35:29
Recent round times: R1: 7.4s -> R2: 7.3s

  0%|          | 0/79 [00:00<?, ?it/s]
  4%|▍         | 3/79 [00:00<00:03, 22.72it/s]
  9%|▉         | 7/79 [00:00<00:02, 31.07it/s]
 14%|█▍        | 11/79 [00:00<00:01, 34.68it/s]
 19%|█▉        | 15/79 [00:00<00:01, 36.28it/s]
 24%|██▍       | 19/79 [00:00<00:01, 37.34it/s]
 29%|██▉       | 23/79 [00:00<00:01, 37.13it/s]
 34%|███▍      | 27/79 [00:00<00:01, 37.13it/s]
 39%|███▉      | 31/79 [00:00<00:01, 36.75it/s]
 44%|████▍     | 35/79 [00:00<00:01, 36.90it/s]
 49%|████▉     | 39/79 [00:01<00:01, 36.52it/s]
 54%|█████▍    | 43/79 [00:01<00:00, 37.41it/s]
 59%|█████▉    | 47/79 [00:01<00:00, 35.64it/s]
 65%|██████▍   | 51/79 [00:01<00:00, 35.71it/s]
 70%|██████▉   | 55/79 [00:01<00:00, 35.72it/s]
 75%|███████▍  | 59/79 [00:01<00:00, 35.76it/s]
 80%|███████▉  | 63/79 [00:01<00:00, 35.89it/s]
 85%|████████▍ | 67/79 [00:01<00:00, 36.12it/s]
 90%|████████▉ | 71/79 [00:01<00:00, 36.36it/s]
 95%|█████████▍| 75/79 [00:02<00:00, 35.85it/s]
100%|██████████| 79/79 [00:02<00:00, 36.50it/s]

CommRound: 3/30
Accuracy: 73.64% | Loss: 1.2164
[######------------------------------------------------------] 10.0%
Elapsed: 0.4m | Avg/Round: 8.0s | Last: 7.1s | Next: 8.0s | Remaining: 3.6m
ETA: 10:35:15
Recent round times: R1: 7.4s -> R2: 7.3s -> R3: 7.1s

  0%|          | 0/79 [00:00<?, ?it/s]
  4%|▍         | 3/79 [00:00<00:03, 20.77it/s]
  9%|▉         | 7/79 [00:00<00:02, 29.20it/s]
 14%|█▍        | 11/79 [00:00<00:02, 33.00it/s]
 19%|█▉        | 15/79 [00:00<00:01, 35.07it/s]
 24%|██▍       | 19/79 [00:00<00:01, 36.49it/s]
 29%|██▉       | 23/79 [00:00<00:01, 37.14it/s]
 34%|███▍      | 27/79 [00:00<00:01, 37.53it/s]
 39%|███▉      | 31/79 [00:00<00:01, 37.77it/s]
 44%|████▍     | 35/79 [00:00<00:01, 38.04it/s]
 49%|████▉     | 39/79 [00:01<00:01, 38.16it/s]
 54%|█████▍    | 43/79 [00:01<00:00, 38.00it/s]
 59%|█████▉    | 47/79 [00:01<00:00, 38.18it/s]
 65%|██████▍   | 51/79 [00:01<00:00, 38.09it/s]
 70%|██████▉   | 55/79 [00:01<00:00, 38.23it/s]
 75%|███████▍  | 59/79 [00:01<00:00, 38.37it/s]
 80%|███████▉  | 63/79 [00:01<00:00, 38.45it/s]
 85%|████████▍ | 67/79 [00:01<00:00, 38.50it/s]
 90%|████████▉ | 71/79 [00:01<00:00, 38.53it/s]
 95%|█████████▍| 75/79 [00:02<00:00, 38.35it/s]
100%|██████████| 79/79 [00:02<00:00, 37.47it/s]

CommRound: 4/30
Accuracy: 75.89% | Loss: 1.0562
[########----------------------------------------------------] 13.3%
Elapsed: 0.5m | Avg/Round: 7.7s | Last: 6.7s | Next: 7.7s | Remaining: 3.3m
ETA: 10:35:05
Recent round times: R1: 7.4s -> R2: 7.3s -> R3: 7.1s -> R4: 6.7s

  0%|          | 0/79 [00:00<?, ?it/s]
  4%|▍         | 3/79 [00:00<00:03, 22.79it/s]
  9%|▉         | 7/79 [00:00<00:02, 31.01it/s]
 14%|█▍        | 11/79 [00:00<00:01, 34.27it/s]
 19%|█▉        | 15/79 [00:00<00:01, 35.89it/s]
 24%|██▍       | 19/79 [00:00<00:01, 37.12it/s]
 29%|██▉       | 23/79 [00:00<00:01, 37.89it/s]
 34%|███▍      | 27/79 [00:00<00:01, 38.49it/s]
 39%|███▉      | 31/79 [00:00<00:01, 38.71it/s]
 44%|████▍     | 35/79 [00:00<00:01, 38.95it/s]
 49%|████▉     | 39/79 [00:01<00:01, 39.06it/s]
 56%|█████▌    | 44/79 [00:01<00:00, 39.94it/s]
 62%|██████▏   | 49/79 [00:01<00:00, 39.72it/s]
 68%|██████▊   | 54/79 [00:01<00:00, 40.43it/s]
 75%|███████▍  | 59/79 [00:01<00:00, 39.99it/s]
 81%|████████  | 64/79 [00:01<00:00, 40.65it/s]
 87%|████████▋ | 69/79 [00:01<00:00, 40.19it/s]
 94%|█████████▎| 74/79 [00:01<00:00, 39.29it/s]
 99%|█████████▊| 78/79 [00:02<00:00, 37.01it/s]
100%|██████████| 79/79 [00:02<00:00, 38.22it/s]

CommRound: 5/30
Accuracy: 77.40% | Loss: 0.9572
[##########--------------------------------------------------] 16.7%
Elapsed: 0.6m | Avg/Round: 7.6s | Last: 7.1s | Next: 7.6s | Remaining: 3.1m
ETA: 10:35:02
Recent round times: R1: 7.4s -> R2: 7.3s -> R3: 7.1s -> R4: 6.7s -> R5: 7.1s

  0%|          | 0/79 [00:00<?, ?it/s]
  4%|▍         | 3/79 [00:00<00:03, 21.83it/s]
  9%|▉         | 7/79 [00:00<00:02, 30.15it/s]
 14%|█▍        | 11/79 [00:00<00:02, 33.19it/s]
 19%|█▉        | 15/79 [00:00<00:01, 34.94it/s]
 24%|██▍       | 19/79 [00:00<00:01, 36.21it/s]
 29%|██▉       | 23/79 [00:00<00:01, 36.93it/s]
 34%|███▍      | 27/79 [00:00<00:01, 37.48it/s]
 39%|███▉      | 31/79 [00:00<00:01, 37.90it/s]
 44%|████▍     | 35/79 [00:00<00:01, 38.19it/s]
 49%|████▉     | 39/79 [00:01<00:01, 37.92it/s]
 54%|█████▍    | 43/79 [00:01<00:00, 37.79it/s]
 59%|█████▉    | 47/79 [00:01<00:00, 37.57it/s]
 65%|██████▍   | 51/79 [00:01<00:00, 37.37it/s]
 70%|██████▉   | 55/79 [00:01<00:00, 37.35it/s]
 75%|███████▍  | 59/79 [00:01<00:00, 36.97it/s]
 80%|███████▉  | 63/79 [00:01<00:00, 37.78it/s]
 85%|████████▍ | 67/79 [00:01<00:00, 37.81it/s]
 90%|████████▉ | 71/79 [00:01<00:00, 37.98it/s]
 95%|█████████▍| 75/79 [00:02<00:00, 38.07it/s]
100%|██████████| 79/79 [00:02<00:00, 37.08it/s]

CommRound: 6/30
Accuracy: 77.26% | Loss: 0.9801
[############------------------------------------------------] 20.0%
Elapsed: 0.7m | Avg/Round: 7.5s | Last: 7.0s | Next: 7.5s | Remaining: 3.0m
ETA: 10:34:59
Recent round times: R1: 7.3s -> R2: 7.1s -> R3: 6.7s -> R4: 7.1s -> R5: 7.0s

  0%|          | 0/79 [00:00<?, ?it/s]
  4%|▍         | 3/79 [00:00<00:03, 22.53it/s]
  9%|▉         | 7/79 [00:00<00:02, 30.70it/s]
 14%|█▍        | 11/79 [00:00<00:02, 33.99it/s]
 19%|█▉        | 15/79 [00:00<00:01, 35.84it/s]
 24%|██▍       | 19/79 [00:00<00:01, 36.99it/s]
 29%|██▉       | 23/79 [00:00<00:01, 37.87it/s]
 34%|███▍      | 27/79 [00:00<00:01, 38.49it/s]
 41%|████      | 32/79 [00:00<00:01, 40.28it/s]
 47%|████▋     | 37/79 [00:00<00:01, 39.04it/s]
 52%|█████▏    | 41/79 [00:01<00:00, 39.16it/s]
 57%|█████▋    | 45/79 [00:01<00:00, 39.18it/s]
 62%|██████▏   | 49/79 [00:01<00:00, 38.88it/s]
 67%|██████▋   | 53/79 [00:01<00:00, 38.91it/s]
 72%|███████▏  | 57/79 [00:01<00:00, 39.09it/s]
 78%|███████▊  | 62/79 [00:01<00:00, 39.73it/s]
 84%|████████▎ | 66/79 [00:01<00:00, 39.65it/s]
 89%|████████▊ | 70/79 [00:01<00:00, 39.48it/s]
 94%|█████████▎| 74/79 [00:01<00:00, 39.50it/s]
100%|██████████| 79/79 [00:02<00:00, 42.52it/s]
100%|██████████| 79/79 [00:02<00:00, 38.37it/s]

CommRound: 7/30
Accuracy: 75.37% | Loss: 1.0903
[##############----------------------------------------------] 23.3%
Elapsed: 0.9m | Avg/Round: 7.4s | Last: 7.0s | Next: 7.4s | Remaining: 2.8m
ETA: 10:34:57
Recent round times: R1: 7.1s -> R2: 6.7s -> R3: 7.1s -> R4: 7.0s -> R5: 7.0s

  0%|          | 0/79 [00:00<?, ?it/s]
  1%|▏         | 1/79 [00:00<00:08,  8.78it/s]
  6%|▋         | 5/79 [00:00<00:03, 22.20it/s]
 10%|█         | 8/79 [00:00<00:02, 25.16it/s]
 14%|█▍        | 11/79 [00:00<00:02, 25.89it/s]
 19%|█▉        | 15/79 [00:00<00:02, 27.05it/s]
 24%|██▍       | 19/79 [00:00<00:02, 27.05it/s]
 29%|██▉       | 23/79 [00:00<00:02, 26.96it/s]
 34%|███▍      | 27/79 [00:00<00:01, 29.96it/s]
 39%|███▉      | 31/79 [00:01<00:01, 32.24it/s]
 44%|████▍     | 35/79 [00:01<00:01, 34.01it/s]
 49%|████▉     | 39/79 [00:01<00:01, 35.29it/s]
 54%|█████▍    | 43/79 [00:01<00:00, 36.27it/s]
 59%|█████▉    | 47/79 [00:01<00:00, 36.93it/s]
 65%|██████▍   | 51/79 [00:01<00:00, 37.42it/s]
 70%|██████▉   | 55/79 [00:01<00:00, 37.75it/s]
 75%|███████▍  | 59/79 [00:01<00:00, 37.93it/s]
 80%|███████▉  | 63/79 [00:01<00:00, 33.89it/s]
 85%|████████▍ | 67/79 [00:02<00:00, 31.50it/s]
 90%|████████▉ | 71/79 [00:02<00:00, 30.47it/s]
 95%|█████████▍| 75/79 [00:02<00:00, 29.90it/s]
100%|██████████| 79/79 [00:02<00:00, 31.71it/s]

CommRound: 8/30
Accuracy: 76.47% | Loss: 1.0223
[################--------------------------------------------] 26.7%
Elapsed: 1.0m | Avg/Round: 7.4s | Last: 7.7s | Next: 7.4s | Remaining: 2.7m
ETA: 10:34:58
Recent round times: R1: 6.7s -> R2: 7.1s -> R3: 7.0s -> R4: 7.0s -> R5: 7.7s

  0%|          | 0/79 [00:00<?, ?it/s]
  4%|▍         | 3/79 [00:00<00:03, 21.97it/s]
  9%|▉         | 7/79 [00:00<00:02, 30.86it/s]
 14%|█▍        | 11/79 [00:00<00:01, 34.22it/s]
 20%|██        | 16/79 [00:00<00:01, 38.15it/s]
 25%|██▌       | 20/79 [00:00<00:01, 38.46it/s]
 30%|███       | 24/79 [00:00<00:01, 38.59it/s]
 35%|███▌      | 28/79 [00:00<00:01, 38.80it/s]
 41%|████      | 32/79 [00:00<00:01, 38.96it/s]
 46%|████▌     | 36/79 [00:00<00:01, 39.07it/s]
 51%|█████     | 40/79 [00:01<00:00, 39.17it/s]
 56%|█████▌    | 44/79 [00:01<00:00, 39.23it/s]
 61%|██████    | 48/79 [00:01<00:00, 39.36it/s]
 66%|██████▌   | 52/79 [00:01<00:00, 39.46it/s]
 71%|███████   | 56/79 [00:01<00:00, 39.28it/s]
 76%|███████▌  | 60/79 [00:01<00:00, 39.22it/s]
 81%|████████  | 64/79 [00:01<00:00, 39.12it/s]
 86%|████████▌ | 68/79 [00:01<00:00, 39.05it/s]
 91%|█████████ | 72/79 [00:01<00:00, 39.07it/s]
 96%|█████████▌| 76/79 [00:01<00:00, 39.06it/s]
100%|██████████| 79/79 [00:02<00:00, 38.51it/s]

CommRound: 9/30
Accuracy: 77.22% | Loss: 0.9945
[##################------------------------------------------] 30.0%
Elapsed: 1.1m | Avg/Round: 7.4s | Last: 7.0s | Next: 7.4s | Remaining: 2.6m
ETA: 10:34:57
Recent round times: R1: 7.1s -> R2: 7.0s -> R3: 7.0s -> R4: 7.7s -> R5: 7.0s

  0%|          | 0/79 [00:00<?, ?it/s]
  4%|▍         | 3/79 [00:00<00:03, 22.29it/s]
  9%|▉         | 7/79 [00:00<00:02, 30.74it/s]
 14%|█▍        | 11/79 [00:00<00:01, 34.05it/s]
 19%|█▉        | 15/79 [00:00<00:01, 35.68it/s]
 24%|██▍       | 19/79 [00:00<00:01, 36.96it/s]
 29%|██▉       | 23/79 [00:00<00:01, 37.77it/s]
 34%|███▍      | 27/79 [00:00<00:01, 38.24it/s]
 39%|███▉      | 31/79 [00:00<00:01, 38.60it/s]
 44%|████▍     | 35/79 [00:00<00:01, 38.84it/s]
 49%|████▉     | 39/79 [00:01<00:01, 39.10it/s]
 54%|█████▍    | 43/79 [00:01<00:00, 39.26it/s]
 59%|█████▉    | 47/79 [00:01<00:00, 39.39it/s]
 65%|██████▍   | 51/79 [00:01<00:00, 39.10it/s]
 70%|██████▉   | 55/79 [00:01<00:00, 39.31it/s]
 75%|███████▍  | 59/79 [00:01<00:00, 39.07it/s]
 80%|███████▉  | 63/79 [00:01<00:00, 38.98it/s]
 86%|████████▌ | 68/79 [00:01<00:00, 42.12it/s]
 92%|█████████▏| 73/79 [00:01<00:00, 38.92it/s]
100%|██████████| 79/79 [00:02<00:00, 44.58it/s]
100%|██████████| 79/79 [00:02<00:00, 38.92it/s]

CommRound: 10/30
Accuracy: 76.51% | Loss: 1.0342
[####################----------------------------------------] 33.3%
Elapsed: 1.2m | Avg/Round: 7.3s | Last: 7.0s | Next: 7.3s | Remaining: 2.4m
ETA: 10:34:55
Recent round times: R1: 7.0s -> R2: 7.0s -> R3: 7.7s -> R4: 7.0s -> R5: 7.0s

  0%|          | 0/79 [00:00<?, ?it/s]
  4%|▍         | 3/79 [00:00<00:03, 22.14it/s]
  9%|▉         | 7/79 [00:00<00:02, 29.91it/s]
 14%|█▍        | 11/79 [00:00<00:02, 32.81it/s]
 19%|█▉        | 15/79 [00:00<00:01, 34.24it/s]
 24%|██▍       | 19/79 [00:00<00:01, 34.81it/s]
 29%|██▉       | 23/79 [00:00<00:01, 35.51it/s]
 34%|███▍      | 27/79 [00:00<00:01, 34.08it/s]
 39%|███▉      | 31/79 [00:00<00:01, 33.22it/s]
 44%|████▍     | 35/79 [00:01<00:01, 33.70it/s]
 49%|████▉     | 39/79 [00:01<00:01, 34.14it/s]
 54%|█████▍    | 43/79 [00:01<00:01, 34.18it/s]
 59%|█████▉    | 47/79 [00:01<00:00, 33.47it/s]
 65%|██████▍   | 51/79 [00:01<00:00, 33.39it/s]
 70%|██████▉   | 55/79 [00:01<00:00, 33.45it/s]
 75%|███████▍  | 59/79 [00:01<00:00, 33.58it/s]
 80%|███████▉  | 63/79 [00:01<00:00, 33.61it/s]
 85%|████████▍ | 67/79 [00:01<00:00, 34.58it/s]
 90%|████████▉ | 71/79 [00:02<00:00, 35.11it/s]
 95%|█████████▍| 75/79 [00:02<00:00, 35.56it/s]
100%|██████████| 79/79 [00:02<00:00, 34.43it/s]

CommRound: 11/30
Accuracy: 75.94% | Loss: 1.0724
[######################--------------------------------------] 36.7%
Elapsed: 1.3m | Avg/Round: 7.3s | Last: 7.4s | Next: 7.3s | Remaining: 2.3m
ETA: 10:34:56
Recent round times: R1: 7.0s -> R2: 7.7s -> R3: 7.0s -> R4: 7.0s -> R5: 7.4s

  0%|          | 0/79 [00:00<?, ?it/s]
  4%|▍         | 3/79 [00:00<00:03, 21.08it/s]
  9%|▉         | 7/79 [00:00<00:02, 29.29it/s]
 14%|█▍        | 11/79 [00:00<00:02, 32.91it/s]
 19%|█▉        | 15/79 [00:00<00:01, 34.77it/s]
 24%|██▍       | 19/79 [00:00<00:01, 35.95it/s]
 29%|██▉       | 23/79 [00:00<00:01, 36.79it/s]
 34%|███▍      | 27/79 [00:00<00:01, 37.20it/s]
 39%|███▉      | 31/79 [00:00<00:01, 37.61it/s]
 44%|████▍     | 35/79 [00:00<00:01, 37.89it/s]
 49%|████▉     | 39/79 [00:01<00:01, 37.24it/s]
 54%|█████▍    | 43/79 [00:01<00:00, 36.14it/s]
 59%|█████▉    | 47/79 [00:01<00:00, 35.76it/s]
 65%|██████▍   | 51/79 [00:01<00:00, 35.46it/s]
 70%|██████▉   | 55/79 [00:01<00:00, 32.77it/s]
 75%|███████▍  | 59/79 [00:01<00:00, 31.20it/s]
 80%|███████▉  | 63/79 [00:01<00:00, 33.07it/s]
 85%|████████▍ | 67/79 [00:01<00:00, 34.51it/s]
 90%|████████▉ | 71/79 [00:02<00:00, 35.51it/s]
 95%|█████████▍| 75/79 [00:02<00:00, 36.50it/s]
100%|██████████| 79/79 [00:02<00:00, 35.53it/s]

CommRound: 12/30
Accuracy: 76.61% | Loss: 1.0384
[########################------------------------------------] 40.0%
Elapsed: 1.5m | Avg/Round: 7.3s | Last: 6.8s | Next: 7.3s | Remaining: 2.2m
ETA: 10:34:54
Recent round times: R1: 7.7s -> R2: 7.0s -> R3: 7.0s -> R4: 7.4s -> R5: 6.8s

  0%|          | 0/79 [00:00<?, ?it/s]
  4%|▍         | 3/79 [00:00<00:03, 20.06it/s]
  9%|▉         | 7/79 [00:00<00:02, 28.78it/s]
 14%|█▍        | 11/79 [00:00<00:02, 32.72it/s]
 19%|█▉        | 15/79 [00:00<00:01, 34.71it/s]
 24%|██▍       | 19/79 [00:00<00:01, 36.00it/s]
 29%|██▉       | 23/79 [00:00<00:01, 36.92it/s]
 34%|███▍      | 27/79 [00:00<00:01, 37.56it/s]
 39%|███▉      | 31/79 [00:00<00:01, 37.92it/s]
 44%|████▍     | 35/79 [00:00<00:01, 37.63it/s]
 49%|████▉     | 39/79 [00:01<00:01, 37.85it/s]
 54%|█████▍    | 43/79 [00:01<00:00, 37.85it/s]
 59%|█████▉    | 47/79 [00:01<00:00, 35.91it/s]
 65%|██████▍   | 51/79 [00:01<00:00, 36.53it/s]
 70%|██████▉   | 55/79 [00:01<00:00, 36.97it/s]
 75%|███████▍  | 59/79 [00:01<00:00, 37.51it/s]
 80%|███████▉  | 63/79 [00:01<00:00, 37.80it/s]
 85%|████████▍ | 67/79 [00:01<00:00, 37.84it/s]
 90%|████████▉ | 71/79 [00:01<00:00, 37.66it/s]
 95%|█████████▍| 75/79 [00:02<00:00, 36.93it/s]
100%|██████████| 79/79 [00:02<00:00, 36.26it/s]

CommRound: 13/30
Accuracy: 76.35% | Loss: 1.0558
[##########################----------------------------------] 43.3%
Elapsed: 1.6m | Avg/Round: 7.3s | Last: 7.2s | Next: 7.3s | Remaining: 2.1m
ETA: 10:34:54
Recent round times: R1: 7.0s -> R2: 7.0s -> R3: 7.4s -> R4: 6.8s -> R5: 7.2s

  0%|          | 0/79 [00:00<?, ?it/s]
  4%|▍         | 3/79 [00:00<00:03, 21.17it/s]
  8%|▊         | 6/79 [00:00<00:02, 25.43it/s]
 13%|█▎        | 10/79 [00:00<00:02, 30.40it/s]
 18%|█▊        | 14/79 [00:00<00:01, 33.29it/s]
 23%|██▎       | 18/79 [00:00<00:01, 33.66it/s]
 28%|██▊       | 22/79 [00:00<00:01, 33.78it/s]
 33%|███▎      | 26/79 [00:00<00:01, 34.92it/s]
 38%|███▊      | 30/79 [00:00<00:01, 35.27it/s]
 43%|████▎     | 34/79 [00:01<00:01, 34.98it/s]
 48%|████▊     | 38/79 [00:01<00:01, 35.33it/s]
 53%|█████▎    | 42/79 [00:01<00:01, 35.53it/s]
 58%|█████▊    | 46/79 [00:01<00:00, 35.37it/s]
 63%|██████▎   | 50/79 [00:01<00:00, 35.03it/s]
 68%|██████▊   | 54/79 [00:01<00:00, 35.36it/s]
 73%|███████▎  | 58/79 [00:01<00:00, 35.56it/s]
 78%|███████▊  | 62/79 [00:01<00:00, 35.50it/s]
 84%|████████▎ | 66/79 [00:01<00:00, 35.58it/s]
 89%|████████▊ | 70/79 [00:02<00:00, 35.67it/s]
 94%|█████████▎| 74/79 [00:02<00:00, 35.55it/s]
 99%|█████████▊| 78/79 [00:02<00:00, 36.23it/s]
100%|██████████| 79/79 [00:02<00:00, 34.73it/s]

CommRound: 14/30
Accuracy: 76.49% | Loss: 1.0505
[############################--------------------------------] 46.7%
Elapsed: 1.7m | Avg/Round: 7.3s | Last: 7.2s | Next: 7.3s | Remaining: 1.9m
ETA: 10:34:54
Recent round times: R1: 7.0s -> R2: 7.4s -> R3: 6.8s -> R4: 7.2s -> R5: 7.2s

  0%|          | 0/79 [00:00<?, ?it/s]
  4%|▍         | 3/79 [00:00<00:03, 20.26it/s]
  8%|▊         | 6/79 [00:00<00:03, 24.20it/s]
 13%|█▎        | 10/79 [00:00<00:02, 26.70it/s]
 16%|█▋        | 13/79 [00:00<00:02, 26.77it/s]
 22%|██▏       | 17/79 [00:00<00:02, 28.66it/s]
 25%|██▌       | 20/79 [00:00<00:02, 28.54it/s]
 30%|███       | 24/79 [00:00<00:01, 28.44it/s]
 35%|███▌      | 28/79 [00:01<00:01, 28.32it/s]
 39%|███▉      | 31/79 [00:01<00:01, 27.68it/s]
 46%|████▌     | 36/79 [00:01<00:01, 30.87it/s]
 51%|█████     | 40/79 [00:01<00:01, 31.37it/s]
 56%|█████▌    | 44/79 [00:01<00:01, 32.06it/s]
 61%|██████    | 48/79 [00:01<00:00, 31.56it/s]
 66%|██████▌   | 52/79 [00:01<00:00, 31.28it/s]
 71%|███████   | 56/79 [00:01<00:00, 30.85it/s]
 76%|███████▌  | 60/79 [00:02<00:00, 31.24it/s]
 81%|████████  | 64/79 [00:02<00:00, 32.47it/s]
 86%|████████▌ | 68/79 [00:02<00:00, 33.81it/s]
 91%|█████████ | 72/79 [00:02<00:00, 34.14it/s]
 96%|█████████▌| 76/79 [00:02<00:00, 34.48it/s]
100%|██████████| 79/79 [00:02<00:00, 31.08it/s]

CommRound: 15/30
Accuracy: 76.23% | Loss: 1.0634
[##############################------------------------------] 50.0%
Elapsed: 1.8m | Avg/Round: 7.3s | Last: 7.6s | Next: 7.3s | Remaining: 1.8m
ETA: 10:34:55
Recent round times: R1: 7.4s -> R2: 6.8s -> R3: 7.2s -> R4: 7.2s -> R5: 7.6s

  0%|          | 0/79 [00:00<?, ?it/s]
  4%|▍         | 3/79 [00:00<00:03, 20.46it/s]
  9%|▉         | 7/79 [00:00<00:02, 27.85it/s]
 14%|█▍        | 11/79 [00:00<00:02, 29.92it/s]
 19%|█▉        | 15/79 [00:00<00:02, 31.96it/s]
 24%|██▍       | 19/79 [00:00<00:01, 33.92it/s]
 29%|██▉       | 23/79 [00:00<00:01, 35.15it/s]
 34%|███▍      | 27/79 [00:00<00:01, 35.28it/s]
 39%|███▉      | 31/79 [00:00<00:01, 36.09it/s]
 44%|████▍     | 35/79 [00:01<00:01, 36.72it/s]
 49%|████▉     | 39/79 [00:01<00:01, 36.20it/s]
 54%|█████▍    | 43/79 [00:01<00:00, 36.49it/s]
 59%|█████▉    | 47/79 [00:01<00:00, 36.73it/s]
 65%|██████▍   | 51/79 [00:01<00:00, 36.87it/s]
 70%|██████▉   | 55/79 [00:01<00:00, 35.86it/s]
 75%|███████▍  | 59/79 [00:01<00:00, 35.54it/s]
 80%|███████▉  | 63/79 [00:01<00:00, 35.68it/s]
 85%|████████▍ | 67/79 [00:01<00:00, 35.62it/s]
 90%|████████▉ | 71/79 [00:02<00:00, 35.27it/s]
 95%|█████████▍| 75/79 [00:02<00:00, 33.35it/s]
100%|██████████| 79/79 [00:02<00:00, 34.60it/s]

CommRound: 16/30
Accuracy: 76.40% | Loss: 1.0645
[################################----------------------------] 53.3%
Elapsed: 1.9m | Avg/Round: 7.3s | Last: 7.2s | Next: 7.3s | Remaining: 1.7m
ETA: 10:34:54
Recent round times: R1: 6.8s -> R2: 7.2s -> R3: 7.2s -> R4: 7.6s -> R5: 7.2s

  0%|          | 0/79 [00:00<?, ?it/s]
  4%|▍         | 3/79 [00:00<00:03, 20.47it/s]
  9%|▉         | 7/79 [00:00<00:02, 28.15it/s]
 14%|█▍        | 11/79 [00:00<00:02, 31.86it/s]
 19%|█▉        | 15/79 [00:00<00:01, 33.52it/s]
 24%|██▍       | 19/79 [00:00<00:01, 33.91it/s]
 29%|██▉       | 23/79 [00:00<00:01, 34.96it/s]
 34%|███▍      | 27/79 [00:00<00:01, 35.63it/s]
 39%|███▉      | 31/79 [00:00<00:01, 34.46it/s]
 44%|████▍     | 35/79 [00:01<00:01, 34.31it/s]
 49%|████▉     | 39/79 [00:01<00:01, 32.97it/s]
 54%|█████▍    | 43/79 [00:01<00:01, 32.29it/s]
 59%|█████▉    | 47/79 [00:01<00:01, 31.47it/s]
 65%|██████▍   | 51/79 [00:01<00:00, 31.56it/s]
 70%|██████▉   | 55/79 [00:01<00:00, 31.58it/s]
 75%|███████▍  | 59/79 [00:01<00:00, 31.36it/s]
 80%|███████▉  | 63/79 [00:01<00:00, 31.13it/s]
 85%|████████▍ | 67/79 [00:02<00:00, 28.75it/s]
 89%|████████▊ | 70/79 [00:02<00:00, 28.67it/s]
 94%|█████████▎| 74/79 [00:02<00:00, 31.09it/s]
 99%|█████████▊| 78/79 [00:02<00:00, 33.18it/s]
100%|██████████| 79/79 [00:02<00:00, 32.19it/s]

CommRound: 17/30
Accuracy: 76.53% | Loss: 1.0635
[##################################--------------------------] 56.7%
Elapsed: 2.1m | Avg/Round: 7.3s | Last: 7.5s | Next: 7.3s | Remaining: 1.6m
ETA: 10:34:55
Recent round times: R1: 7.2s -> R2: 7.2s -> R3: 7.6s -> R4: 7.2s -> R5: 7.5s

  0%|          | 0/79 [00:00<?, ?it/s]
  1%|▏         | 1/79 [00:00<00:08,  8.94it/s]
  6%|▋         | 5/79 [00:00<00:03, 22.47it/s]
 10%|█         | 8/79 [00:00<00:03, 22.15it/s]
 14%|█▍        | 11/79 [00:00<00:03, 21.89it/s]
 18%|█▊        | 14/79 [00:00<00:03, 20.65it/s]
 22%|██▏       | 17/79 [00:00<00:03, 20.25it/s]
 25%|██▌       | 20/79 [00:00<00:02, 20.58it/s]
 29%|██▉       | 23/79 [00:01<00:02, 20.47it/s]
 33%|███▎      | 26/79 [00:01<00:02, 19.95it/s]
 35%|███▌      | 28/79 [00:01<00:02, 19.91it/s]
 38%|███▊      | 30/79 [00:01<00:02, 19.83it/s]
 42%|████▏     | 33/79 [00:01<00:02, 19.76it/s]
 44%|████▍     | 35/79 [00:01<00:02, 19.54it/s]
 47%|████▋     | 37/79 [00:01<00:02, 19.28it/s]
 49%|████▉     | 39/79 [00:01<00:02, 19.16it/s]
 52%|█████▏    | 41/79 [00:02<00:02, 18.61it/s]
 57%|█████▋    | 45/79 [00:02<00:01, 23.52it/s]
 62%|██████▏   | 49/79 [00:02<00:01, 27.07it/s]
 66%|██████▌   | 52/79 [00:02<00:01, 26.88it/s]
 71%|███████   | 56/79 [00:02<00:00, 28.73it/s]
 76%|███████▌  | 60/79 [00:02<00:00, 30.26it/s]
 81%|████████  | 64/79 [00:02<00:00, 31.64it/s]
 86%|████████▌ | 68/79 [00:02<00:00, 32.72it/s]
 91%|█████████ | 72/79 [00:02<00:00, 33.33it/s]
 96%|█████████▌| 76/79 [00:03<00:00, 33.98it/s]
100%|██████████| 79/79 [00:03<00:00, 24.75it/s]

CommRound: 18/30
Accuracy: 76.57% | Loss: 1.0659
[####################################------------------------] 60.0%
Elapsed: 2.2m | Avg/Round: 7.4s | Last: 8.2s | Next: 7.4s | Remaining: 1.5m
ETA: 10:34:56
Recent round times: R1: 7.2s -> R2: 7.6s -> R3: 7.2s -> R4: 7.5s -> R5: 8.2s

  0%|          | 0/79 [00:00<?, ?it/s]
  3%|▎         | 2/79 [00:00<00:04, 18.72it/s]
  6%|▋         | 5/79 [00:00<00:03, 19.93it/s]
  9%|▉         | 7/79 [00:00<00:03, 19.87it/s]
 11%|█▏        | 9/79 [00:00<00:03, 19.35it/s]
 14%|█▍        | 11/79 [00:00<00:03, 19.35it/s]
 18%|█▊        | 14/79 [00:00<00:03, 21.54it/s]
 22%|██▏       | 17/79 [00:00<00:03, 18.79it/s]
 24%|██▍       | 19/79 [00:00<00:03, 18.69it/s]
 27%|██▋       | 21/79 [00:01<00:03, 18.45it/s]
 29%|██▉       | 23/79 [00:01<00:03, 18.45it/s]
 32%|███▏      | 25/79 [00:01<00:02, 18.43it/s]
 34%|███▍      | 27/79 [00:01<00:02, 18.23it/s]
 37%|███▋      | 29/79 [00:01<00:02, 18.32it/s]
 39%|███▉      | 31/79 [00:01<00:02, 18.49it/s]
 42%|████▏     | 33/79 [00:01<00:02, 18.55it/s]
 44%|████▍     | 35/79 [00:01<00:02, 18.36it/s]
 47%|████▋     | 37/79 [00:01<00:02, 18.10it/s]
 49%|████▉     | 39/79 [00:02<00:02, 17.25it/s]
 54%|█████▍    | 43/79 [00:02<00:01, 22.91it/s]
 59%|█████▉    | 47/79 [00:02<00:01, 24.41it/s]
 63%|██████▎   | 50/79 [00:02<00:01, 23.43it/s]
 67%|██████▋   | 53/79 [00:02<00:01, 21.60it/s]
 71%|███████   | 56/79 [00:02<00:01, 21.07it/s]
 75%|███████▍  | 59/79 [00:02<00:01, 19.56it/s]
 78%|███████▊  | 62/79 [00:03<00:00, 20.64it/s]
 82%|████████▏ | 65/79 [00:03<00:00, 19.12it/s]
 85%|████████▍ | 67/79 [00:03<00:00, 19.28it/s]
 87%|████████▋ | 69/79 [00:03<00:00, 19.29it/s]
 90%|████████▉ | 71/79 [00:03<00:00, 18.99it/s]
 92%|█████████▏| 73/79 [00:03<00:00, 19.01it/s]
 97%|█████████▋| 77/79 [00:03<00:00, 23.01it/s]
100%|██████████| 79/79 [00:03<00:00, 20.31it/s]

CommRound: 19/30
Accuracy: 76.60% | Loss: 1.0691
[######################################----------------------] 63.3%
Elapsed: 2.4m | Avg/Round: 7.4s | Last: 8.9s | Next: 7.4s | Remaining: 1.4m
ETA: 10:34:59
Recent round times: R1: 7.6s -> R2: 7.2s -> R3: 7.5s -> R4: 8.2s -> R5: 8.9s

  0%|          | 0/79 [00:00<?, ?it/s]
  3%|▎         | 2/79 [00:00<00:03, 19.78it/s]
  8%|▊         | 6/79 [00:00<00:02, 27.92it/s]
 13%|█▎        | 10/79 [00:00<00:02, 30.90it/s]
 18%|█▊        | 14/79 [00:00<00:02, 32.35it/s]
 23%|██▎       | 18/79 [00:00<00:01, 33.18it/s]
 28%|██▊       | 22/79 [00:00<00:01, 33.69it/s]
 33%|███▎      | 26/79 [00:00<00:01, 34.07it/s]
 38%|███▊      | 30/79 [00:00<00:01, 34.34it/s]
 43%|████▎     | 34/79 [00:01<00:01, 34.60it/s]
 48%|████▊     | 38/79 [00:01<00:01, 34.86it/s]
 53%|█████▎    | 42/79 [00:01<00:01, 31.40it/s]
 58%|█████▊    | 46/79 [00:01<00:01, 26.48it/s]
 63%|██████▎   | 50/79 [00:01<00:01, 24.12it/s]
 67%|██████▋   | 53/79 [00:01<00:01, 25.30it/s]
 71%|███████   | 56/79 [00:02<00:01, 21.18it/s]
 76%|███████▌  | 60/79 [00:02<00:00, 20.94it/s]
 80%|███████▉  | 63/79 [00:02<00:00, 22.69it/s]
 84%|████████▎ | 66/79 [00:02<00:00, 19.78it/s]
 89%|████████▊ | 70/79 [00:02<00:00, 19.80it/s]
 92%|█████████▏| 73/79 [00:02<00:00, 21.45it/s]
 96%|█████████▌| 76/79 [00:02<00:00, 20.46it/s]
100%|██████████| 79/79 [00:03<00:00, 25.84it/s]

CommRound: 20/30
Accuracy: 76.68% | Loss: 1.0699
[########################################--------------------] 66.7%
Elapsed: 2.5m | Avg/Round: 7.5s | Last: 8.0s | Next: 7.5s | Remaining: 1.2m
ETA: 10:34:59
Recent round times: R1: 7.2s -> R2: 7.5s -> R3: 8.2s -> R4: 8.9s -> R5: 8.0s

  0%|          | 0/79 [00:00<?, ?it/s]
  1%|▏         | 1/79 [00:00<00:08,  9.15it/s]
  6%|▋         | 5/79 [00:00<00:03, 24.40it/s]
 11%|█▏        | 9/79 [00:00<00:02, 29.22it/s]
 16%|█▋        | 13/79 [00:00<00:02, 31.54it/s]
 22%|██▏       | 17/79 [00:00<00:01, 31.96it/s]
 27%|██▋       | 21/79 [00:00<00:01, 31.85it/s]
 32%|███▏      | 25/79 [00:00<00:01, 31.88it/s]
 37%|███▋      | 29/79 [00:00<00:01, 32.14it/s]
 42%|████▏     | 33/79 [00:01<00:01, 33.21it/s]
 47%|████▋     | 37/79 [00:01<00:01, 33.89it/s]
 52%|█████▏    | 41/79 [00:01<00:01, 34.17it/s]
 57%|█████▋    | 45/79 [00:01<00:01, 28.05it/s]
 62%|██████▏   | 49/79 [00:01<00:00, 30.06it/s]
 67%|██████▋   | 53/79 [00:01<00:00, 31.64it/s]
 72%|███████▏  | 57/79 [00:01<00:00, 32.82it/s]
 77%|███████▋  | 61/79 [00:01<00:00, 33.56it/s]
 82%|████████▏ | 65/79 [00:02<00:00, 34.25it/s]
 87%|████████▋ | 69/79 [00:02<00:00, 34.13it/s]
 92%|█████████▏| 73/79 [00:02<00:00, 34.39it/s]
 97%|█████████▋| 77/79 [00:02<00:00, 34.74it/s]
100%|██████████| 79/79 [00:02<00:00, 32.66it/s]

CommRound: 21/30
Accuracy: 76.81% | Loss: 1.0674
[##########################################------------------] 70.0%
Elapsed: 2.6m | Avg/Round: 7.5s | Last: 7.4s | Next: 7.5s | Remaining: 1.1m
ETA: 10:34:59
Recent round times: R1: 7.5s -> R2: 8.2s -> R3: 8.9s -> R4: 8.0s -> R5: 7.4s

  0%|          | 0/79 [00:00<?, ?it/s]
  1%|▏         | 1/79 [00:00<00:09,  8.54it/s]
  6%|▋         | 5/79 [00:00<00:03, 24.57it/s]
 11%|█▏        | 9/79 [00:00<00:02, 29.29it/s]
 16%|█▋        | 13/79 [00:00<00:02, 32.20it/s]
 22%|██▏       | 17/79 [00:00<00:01, 33.87it/s]
 27%|██▋       | 21/79 [00:00<00:01, 33.45it/s]
 32%|███▏      | 25/79 [00:00<00:01, 33.16it/s]
 37%|███▋      | 29/79 [00:00<00:01, 32.70it/s]
 42%|████▏     | 33/79 [00:01<00:01, 32.42it/s]
 47%|████▋     | 37/79 [00:01<00:01, 32.53it/s]
 52%|█████▏    | 41/79 [00:01<00:01, 32.58it/s]
 57%|█████▋    | 45/79 [00:01<00:01, 32.34it/s]
 62%|██████▏   | 49/79 [00:01<00:00, 32.20it/s]
 67%|██████▋   | 53/79 [00:01<00:00, 28.76it/s]
 72%|███████▏  | 57/79 [00:01<00:00, 29.24it/s]
 77%|███████▋  | 61/79 [00:01<00:00, 29.47it/s]
 82%|████████▏ | 65/79 [00:02<00:00, 29.73it/s]
 87%|████████▋ | 69/79 [00:02<00:00, 30.43it/s]
 92%|█████████▏| 73/79 [00:02<00:00, 31.27it/s]
 97%|█████████▋| 77/79 [00:02<00:00, 31.77it/s]
100%|██████████| 79/79 [00:02<00:00, 31.48it/s]

CommRound: 22/30
Accuracy: 76.93% | Loss: 1.0628
[############################################----------------] 73.3%
Elapsed: 2.7m | Avg/Round: 7.5s | Last: 7.5s | Next: 7.5s | Remaining: 1.0m
ETA: 10:34:59
Recent round times: R1: 8.2s -> R2: 8.9s -> R3: 8.0s -> R4: 7.4s -> R5: 7.5s

  0%|          | 0/79 [00:00<?, ?it/s]
  1%|▏         | 1/79 [00:00<00:07,  9.84it/s]
  6%|▋         | 5/79 [00:00<00:02, 26.13it/s]
 11%|█▏        | 9/79 [00:00<00:02, 31.31it/s]
 16%|█▋        | 13/79 [00:00<00:01, 33.37it/s]
 22%|██▏       | 17/79 [00:00<00:01, 34.00it/s]
 27%|██▋       | 21/79 [00:00<00:01, 34.33it/s]
 32%|███▏      | 25/79 [00:00<00:01, 34.54it/s]
 37%|███▋      | 29/79 [00:00<00:01, 34.98it/s]
 42%|████▏     | 33/79 [00:00<00:01, 35.18it/s]
 47%|████▋     | 37/79 [00:01<00:01, 35.35it/s]
 52%|█████▏    | 41/79 [00:01<00:01, 35.11it/s]
 57%|█████▋    | 45/79 [00:01<00:01, 33.87it/s]
 62%|██████▏   | 49/79 [00:01<00:00, 32.62it/s]
 67%|██████▋   | 53/79 [00:01<00:00, 31.73it/s]
 72%|███████▏  | 57/79 [00:01<00:00, 26.72it/s]
 76%|███████▌  | 60/79 [00:02<00:00, 21.41it/s]
 81%|████████  | 64/79 [00:02<00:00, 24.12it/s]
 86%|████████▌ | 68/79 [00:02<00:00, 26.80it/s]
 91%|█████████ | 72/79 [00:02<00:00, 28.21it/s]
 96%|█████████▌| 76/79 [00:02<00:00, 29.23it/s]
100%|██████████| 79/79 [00:02<00:00, 30.35it/s]

CommRound: 23/30
Accuracy: 77.10% | Loss: 1.0568
[##############################################--------------] 76.7%
Elapsed: 2.9m | Avg/Round: 7.5s | Last: 7.6s | Next: 7.5s | Remaining: 0.9m
ETA: 10:34:59
Recent round times: R1: 8.9s -> R2: 8.0s -> R3: 7.4s -> R4: 7.5s -> R5: 7.6s

  0%|          | 0/79 [00:00<?, ?it/s]
  1%|▏         | 1/79 [00:00<00:08,  9.73it/s]
  6%|▋         | 5/79 [00:00<00:03, 22.31it/s]
 11%|█▏        | 9/79 [00:00<00:02, 25.76it/s]
 16%|█▋        | 13/79 [00:00<00:02, 27.30it/s]
 22%|██▏       | 17/79 [00:00<00:02, 28.19it/s]
 27%|██▋       | 21/79 [00:00<00:02, 28.95it/s]
 32%|███▏      | 25/79 [00:00<00:01, 29.59it/s]
 37%|███▋      | 29/79 [00:01<00:01, 30.06it/s]
 42%|████▏     | 33/79 [00:01<00:01, 30.18it/s]
 47%|████▋     | 37/79 [00:01<00:01, 30.36it/s]
 52%|█████▏    | 41/79 [00:01<00:01, 29.63it/s]
 57%|█████▋    | 45/79 [00:01<00:01, 29.81it/s]
 62%|██████▏   | 49/79 [00:01<00:00, 30.81it/s]
 67%|██████▋   | 53/79 [00:01<00:00, 30.86it/s]
 72%|███████▏  | 57/79 [00:01<00:00, 31.11it/s]
 77%|███████▋  | 61/79 [00:02<00:00, 30.69it/s]
 82%|████████▏ | 65/79 [00:02<00:00, 30.85it/s]
 87%|████████▋ | 69/79 [00:02<00:00, 29.73it/s]
 91%|█████████ | 72/79 [00:02<00:00, 27.80it/s]
 95%|█████████▍| 75/79 [00:02<00:00, 27.13it/s]
100%|██████████| 79/79 [00:02<00:00, 29.35it/s]

CommRound: 24/30
Accuracy: 77.29% | Loss: 1.0497
[################################################------------] 80.0%
Elapsed: 3.0m | Avg/Round: 7.5s | Last: 7.6s | Next: 7.5s | Remaining: 0.7m
ETA: 10:35:00
Recent round times: R1: 8.0s -> R2: 7.4s -> R3: 7.5s -> R4: 7.6s -> R5: 7.6s

  0%|          | 0/79 [00:00<?, ?it/s]
  1%|▏         | 1/79 [00:00<00:08,  9.43it/s]
  6%|▋         | 5/79 [00:00<00:03, 20.76it/s]
 11%|█▏        | 9/79 [00:00<00:02, 24.43it/s]
 16%|█▋        | 13/79 [00:00<00:02, 26.11it/s]
 22%|██▏       | 17/79 [00:00<00:02, 26.70it/s]
 27%|██▋       | 21/79 [00:00<00:02, 27.10it/s]
 32%|███▏      | 25/79 [00:00<00:01, 27.53it/s]
 37%|███▋      | 29/79 [00:01<00:01, 27.87it/s]
 42%|████▏     | 33/79 [00:01<00:01, 29.18it/s]
 47%|████▋     | 37/79 [00:01<00:01, 30.65it/s]
 52%|█████▏    | 41/79 [00:01<00:01, 31.64it/s]
 57%|█████▋    | 45/79 [00:01<00:01, 29.94it/s]
 62%|██████▏   | 49/79 [00:01<00:01, 29.06it/s]
 67%|██████▋   | 53/79 [00:01<00:00, 29.85it/s]
 72%|███████▏  | 57/79 [00:02<00:00, 29.74it/s]
 77%|███████▋  | 61/79 [00:02<00:00, 28.54it/s]
 82%|████████▏ | 65/79 [00:02<00:00, 28.35it/s]
 87%|████████▋ | 69/79 [00:02<00:00, 28.61it/s]
 92%|█████████▏| 73/79 [00:02<00:00, 28.48it/s]
 97%|█████████▋| 77/79 [00:02<00:00, 29.55it/s]
100%|██████████| 79/79 [00:02<00:00, 28.78it/s]

CommRound: 25/30
Accuracy: 77.43% | Loss: 1.0424
[##################################################----------] 83.3%
Elapsed: 3.1m | Avg/Round: 7.5s | Last: 7.8s | Next: 7.5s | Remaining: 0.6m
ETA: 10:35:00
Recent round times: R1: 7.4s -> R2: 7.5s -> R3: 7.6s -> R4: 7.6s -> R5: 7.8s

  0%|          | 0/79 [00:00<?, ?it/s]
  3%|▎         | 2/79 [00:00<00:04, 18.05it/s]
  8%|▊         | 6/79 [00:00<00:02, 27.77it/s]
 13%|█▎        | 10/79 [00:00<00:02, 30.81it/s]
 18%|█▊        | 14/79 [00:00<00:02, 32.18it/s]
 23%|██▎       | 18/79 [00:00<00:01, 33.04it/s]
 28%|██▊       | 22/79 [00:00<00:01, 33.80it/s]
 33%|███▎      | 26/79 [00:00<00:01, 34.43it/s]
 38%|███▊      | 30/79 [00:00<00:01, 35.13it/s]
 43%|████▎     | 34/79 [00:01<00:01, 35.52it/s]
 48%|████▊     | 38/79 [00:01<00:01, 35.77it/s]
 53%|█████▎    | 42/79 [00:01<00:01, 35.61it/s]
 58%|█████▊    | 46/79 [00:01<00:00, 34.02it/s]
 63%|██████▎   | 50/79 [00:01<00:00, 34.05it/s]
 68%|██████▊   | 54/79 [00:01<00:00, 35.07it/s]
 73%|███████▎  | 58/79 [00:01<00:00, 35.22it/s]
 78%|███████▊  | 62/79 [00:01<00:00, 35.59it/s]
 84%|████████▎ | 66/79 [00:01<00:00, 36.33it/s]
 89%|████████▊ | 70/79 [00:02<00:00, 36.55it/s]
 94%|█████████▎| 74/79 [00:02<00:00, 35.03it/s]
 99%|█████████▊| 78/79 [00:02<00:00, 33.98it/s]
100%|██████████| 79/79 [00:02<00:00, 34.35it/s]

CommRound: 26/30
Accuracy: 77.62% | Loss: 1.0356
[####################################################--------] 86.7%
Elapsed: 3.2m | Avg/Round: 7.5s | Last: 7.2s | Next: 7.5s | Remaining: 0.5m
ETA: 10:35:00
Recent round times: R1: 7.5s -> R2: 7.6s -> R3: 7.6s -> R4: 7.8s -> R5: 7.2s

  0%|          | 0/79 [00:00<?, ?it/s]
  4%|▍         | 3/79 [00:00<00:03, 20.20it/s]
  9%|▉         | 7/79 [00:00<00:02, 27.99it/s]
 14%|█▍        | 11/79 [00:00<00:02, 31.26it/s]
 19%|█▉        | 15/79 [00:00<00:01, 32.82it/s]
 24%|██▍       | 19/79 [00:00<00:01, 33.72it/s]
 29%|██▉       | 23/79 [00:00<00:01, 32.05it/s]
 34%|███▍      | 27/79 [00:00<00:01, 30.61it/s]
 42%|████▏     | 33/79 [00:01<00:01, 34.83it/s]
 47%|████▋     | 37/79 [00:01<00:01, 34.18it/s]
 52%|█████▏    | 41/79 [00:01<00:01, 34.77it/s]
 57%|█████▋    | 45/79 [00:01<00:00, 35.18it/s]
 62%|██████▏   | 49/79 [00:01<00:00, 35.58it/s]
 67%|██████▋   | 53/79 [00:01<00:00, 35.90it/s]
 72%|███████▏  | 57/79 [00:01<00:00, 36.12it/s]
 77%|███████▋  | 61/79 [00:01<00:00, 36.17it/s]
 82%|████████▏ | 65/79 [00:01<00:00, 36.07it/s]
 87%|████████▋ | 69/79 [00:02<00:00, 35.73it/s]
 92%|█████████▏| 73/79 [00:02<00:00, 35.85it/s]
 97%|█████████▋| 77/79 [00:02<00:00, 35.77it/s]
100%|██████████| 79/79 [00:02<00:00, 34.71it/s]

CommRound: 27/30
Accuracy: 77.82% | Loss: 1.0297
[######################################################------] 90.0%
Elapsed: 3.4m | Avg/Round: 7.5s | Last: 7.2s | Next: 7.5s | Remaining: 0.4m
ETA: 10:34:59
Recent round times: R1: 7.6s -> R2: 7.6s -> R3: 7.8s -> R4: 7.2s -> R5: 7.2s

  0%|          | 0/79 [00:00<?, ?it/s]
  4%|▍         | 3/79 [00:00<00:03, 21.61it/s]
  8%|▊         | 6/79 [00:00<00:02, 24.66it/s]
 11%|█▏        | 9/79 [00:00<00:02, 24.47it/s]
 15%|█▌        | 12/79 [00:00<00:02, 25.64it/s]
 19%|█▉        | 15/79 [00:00<00:02, 25.75it/s]
 24%|██▍       | 19/79 [00:00<00:02, 27.55it/s]
 29%|██▉       | 23/79 [00:00<00:01, 28.69it/s]
 34%|███▍      | 27/79 [00:00<00:01, 30.09it/s]
 39%|███▉      | 31/79 [00:01<00:01, 30.59it/s]
 44%|████▍     | 35/79 [00:01<00:01, 30.96it/s]
 49%|████▉     | 39/79 [00:01<00:01, 31.24it/s]
 54%|█████▍    | 43/79 [00:01<00:01, 31.25it/s]
 59%|█████▉    | 47/79 [00:01<00:01, 31.24it/s]
 65%|██████▍   | 51/79 [00:01<00:00, 31.60it/s]
 70%|██████▉   | 55/79 [00:01<00:00, 31.45it/s]
 75%|███████▍  | 59/79 [00:01<00:00, 31.50it/s]
 80%|███████▉  | 63/79 [00:02<00:00, 31.37it/s]
 85%|████████▍ | 67/79 [00:02<00:00, 31.75it/s]
 90%|████████▉ | 71/79 [00:02<00:00, 32.21it/s]
 95%|█████████▍| 75/79 [00:02<00:00, 31.76it/s]
100%|██████████| 79/79 [00:02<00:00, 32.65it/s]
100%|██████████| 79/79 [00:02<00:00, 30.16it/s]

CommRound: 28/30
Accuracy: 77.95% | Loss: 1.0247
[########################################################----] 93.3%
Elapsed: 3.5m | Avg/Round: 7.5s | Last: 7.6s | Next: 7.5s | Remaining: 0.2m
ETA: 10:35:00
Recent round times: R1: 7.6s -> R2: 7.8s -> R3: 7.2s -> R4: 7.2s -> R5: 7.6s

  0%|          | 0/79 [00:00<?, ?it/s]
  1%|▏         | 1/79 [00:00<00:07,  9.82it/s]
  6%|▋         | 5/79 [00:00<00:02, 26.20it/s]
 11%|█▏        | 9/79 [00:00<00:02, 31.00it/s]
 16%|█▋        | 13/79 [00:00<00:01, 33.40it/s]
 22%|██▏       | 17/79 [00:00<00:01, 34.76it/s]
 27%|██▋       | 21/79 [00:00<00:01, 34.60it/s]
 32%|███▏      | 25/79 [00:00<00:01, 34.91it/s]
 37%|███▋      | 29/79 [00:00<00:01, 35.62it/s]
 42%|████▏     | 33/79 [00:00<00:01, 36.16it/s]
 47%|████▋     | 37/79 [00:01<00:01, 36.69it/s]
 52%|█████▏    | 41/79 [00:01<00:01, 36.97it/s]
 59%|█████▉    | 47/79 [00:01<00:00, 38.53it/s]
 67%|██████▋   | 53/79 [00:01<00:00, 39.99it/s]
 75%|███████▍  | 59/79 [00:01<00:00, 40.71it/s]
 82%|████████▏ | 65/79 [00:01<00:00, 41.21it/s]
 90%|████████▉ | 71/79 [00:01<00:00, 41.49it/s]
 97%|█████████▋| 77/79 [00:02<00:00, 41.79it/s]
100%|██████████| 79/79 [00:02<00:00, 38.22it/s]

CommRound: 29/30
Accuracy: 78.04% | Loss: 1.0207
[##########################################################--] 96.7%
Elapsed: 3.6m | Avg/Round: 7.5s | Last: 7.0s | Next: 7.5s | Remaining: 0.1m
ETA: 10:34:59
Recent round times: R1: 7.8s -> R2: 7.2s -> R3: 7.2s -> R4: 7.6s -> R5: 7.0s

  0%|          | 0/79 [00:00<?, ?it/s]
  4%|▍         | 3/79 [00:00<00:03, 19.67it/s]
  9%|▉         | 7/79 [00:00<00:02, 27.92it/s]
 14%|█▍        | 11/79 [00:00<00:02, 31.85it/s]
 19%|█▉        | 15/79 [00:00<00:01, 33.93it/s]
 24%|██▍       | 19/79 [00:00<00:01, 35.71it/s]
 29%|██▉       | 23/79 [00:00<00:01, 36.99it/s]
 34%|███▍      | 27/79 [00:00<00:01, 37.76it/s]
 41%|████      | 32/79 [00:00<00:01, 41.52it/s]
 47%|████▋     | 37/79 [00:01<00:01, 38.30it/s]
 53%|█████▎    | 42/79 [00:01<00:00, 41.33it/s]
 59%|█████▉    | 47/79 [00:01<00:00, 37.43it/s]
 65%|██████▍   | 51/79 [00:01<00:00, 34.07it/s]
 72%|███████▏  | 57/79 [00:01<00:00, 35.35it/s]
 77%|███████▋  | 61/79 [00:01<00:00, 33.61it/s]
 82%|████████▏ | 65/79 [00:01<00:00, 30.06it/s]
 87%|████████▋ | 69/79 [00:02<00:00, 29.83it/s]
 92%|█████████▏| 73/79 [00:02<00:00, 28.88it/s]
 96%|█████████▌| 76/79 [00:02<00:00, 29.05it/s]
100%|██████████| 79/79 [00:02<00:00, 32.88it/s]

CommRound: 30/30
Accuracy: 78.08% | Loss: 1.0174
[############################################################] 100.0%
Elapsed: 3.7m | Avg/Round: 7.5s | Last: 7.4s | Next: 7.5s | Remaining: 0.0m
ETA: 10:34:59
Recent round times: R1: 7.2s -> R2: 7.2s -> R3: 7.6s -> R4: 7.0s -> R5: 7.4s
Total time for experiment: 223.79415202140808 seconds
Device average training time per communication round [s]:
    rpi (sld-rpi-09.ece.utexas.edu): 2.08 seconds
    mc1 (sld-mc1-09.ece.utexas.edu): 0.83 seconds
