
  0%|          | 0/79 [00:00<?, ?it/s]
  1%|▏         | 1/79 [00:00<00:29,  2.68it/s]
  3%|▎         | 2/79 [00:00<00:18,  4.14it/s]
  6%|▋         | 5/79 [00:00<00:06, 10.70it/s]
 13%|█▎        | 10/79 [00:00<00:03, 17.68it/s]
 16%|█▋        | 13/79 [00:01<00:04, 14.55it/s]
 20%|██        | 16/79 [00:01<00:03, 16.94it/s]
 24%|██▍       | 19/79 [00:01<00:03, 17.05it/s]
 27%|██▋       | 21/79 [00:01<00:03, 16.81it/s]
 29%|██▉       | 23/79 [00:01<00:03, 15.75it/s]
 32%|███▏      | 25/79 [00:01<00:03, 13.77it/s]
 34%|███▍      | 27/79 [00:01<00:03, 13.96it/s]
 39%|███▉      | 31/79 [00:02<00:02, 18.21it/s]
 42%|████▏     | 33/79 [00:02<00:02, 16.53it/s]
 44%|████▍     | 35/79 [00:02<00:02, 16.39it/s]
 47%|████▋     | 37/79 [00:02<00:03, 13.41it/s]
 52%|█████▏    | 41/79 [00:02<00:02, 15.13it/s]
 54%|█████▍    | 43/79 [00:03<00:02, 14.10it/s]
 57%|█████▋    | 45/79 [00:03<00:02, 13.13it/s]
 59%|█████▉    | 47/79 [00:03<00:02, 13.41it/s]
 62%|██████▏   | 49/79 [00:03<00:02, 13.09it/s]
 65%|██████▍   | 51/79 [00:03<00:01, 14.38it/s]
 67%|██████▋   | 53/79 [00:03<00:01, 14.82it/s]
 70%|██████▉   | 55/79 [00:03<00:01, 15.05it/s]
 72%|███████▏  | 57/79 [00:04<00:01, 14.52it/s]
 75%|███████▍  | 59/79 [00:04<00:01, 13.94it/s]
 77%|███████▋  | 61/79 [00:04<00:01, 14.14it/s]
 80%|███████▉  | 63/79 [00:04<00:01, 13.95it/s]
 82%|████████▏ | 65/79 [00:04<00:01, 13.64it/s]
 85%|████████▍ | 67/79 [00:04<00:00, 12.92it/s]
 87%|████████▋ | 69/79 [00:04<00:00, 13.05it/s]
 90%|████████▉ | 71/79 [00:05<00:00,  9.73it/s]
 92%|█████████▏| 73/79 [00:05<00:00,  9.33it/s]
 95%|█████████▍| 75/79 [00:05<00:00,  9.90it/s]
 97%|█████████▋| 77/79 [00:05<00:00,  8.58it/s]
 99%|█████████▊| 78/79 [00:06<00:00,  7.94it/s]
100%|██████████| 79/79 [00:06<00:00, 12.72it/s]
Initial Accuracy: 7.95%; Initial Loss: 2.3066

  0%|          | 0/79 [00:00<?, ?it/s]
  1%|▏         | 1/79 [00:00<00:12,  6.17it/s]
  6%|▋         | 5/79 [00:00<00:03, 19.54it/s]
 10%|█         | 8/79 [00:00<00:03, 23.40it/s]
 14%|█▍        | 11/79 [00:00<00:03, 22.25it/s]
 18%|█▊        | 14/79 [00:00<00:02, 23.57it/s]
 22%|██▏       | 17/79 [00:00<00:02, 24.58it/s]
 25%|██▌       | 20/79 [00:00<00:02, 24.06it/s]
 29%|██▉       | 23/79 [00:01<00:02, 23.33it/s]
 34%|███▍      | 27/79 [00:01<00:02, 23.98it/s]
 39%|███▉      | 31/79 [00:01<00:01, 25.14it/s]
 43%|████▎     | 34/79 [00:01<00:01, 25.30it/s]
 47%|████▋     | 37/79 [00:01<00:01, 22.57it/s]
 51%|█████     | 40/79 [00:01<00:01, 23.29it/s]
 54%|█████▍    | 43/79 [00:01<00:01, 21.25it/s]
 58%|█████▊    | 46/79 [00:02<00:01, 20.17it/s]
 63%|██████▎   | 50/79 [00:02<00:01, 23.73it/s]
 67%|██████▋   | 53/79 [00:02<00:01, 21.35it/s]
 71%|███████   | 56/79 [00:02<00:01, 22.65it/s]
 75%|███████▍  | 59/79 [00:02<00:00, 21.32it/s]
 78%|███████▊  | 62/79 [00:02<00:00, 22.56it/s]
 82%|████████▏ | 65/79 [00:02<00:00, 21.15it/s]
 86%|████████▌ | 68/79 [00:03<00:00, 23.12it/s]
 90%|████████▉ | 71/79 [00:03<00:00, 20.89it/s]
 95%|█████████▍| 75/79 [00:03<00:00, 21.59it/s]
 99%|█████████▊| 78/79 [00:03<00:00, 23.01it/s]
100%|██████████| 79/79 [00:03<00:00, 22.54it/s]

CommRound: 1/30
Accuracy: 48.31% | Loss: 1.6075
[##----------------------------------------------------------] 3.3%
Elapsed: 0.9m | Avg/Round: 53.7s | Last: 47.5s | Next: 53.7s | Remaining: 26.0m
ETA: 18:28:25
Recent round times: R1: 47.5s

  0%|          | 0/79 [00:00<?, ?it/s]
  1%|▏         | 1/79 [00:00<00:10,  7.25it/s]
  6%|▋         | 5/79 [00:00<00:03, 19.06it/s]
 11%|█▏        | 9/79 [00:00<00:03, 20.57it/s]
 16%|█▋        | 13/79 [00:00<00:02, 23.11it/s]
 22%|██▏       | 17/79 [00:00<00:02, 25.91it/s]
 27%|██▋       | 21/79 [00:00<00:02, 27.12it/s]
 32%|███▏      | 25/79 [00:01<00:02, 22.20it/s]
 38%|███▊      | 30/79 [00:01<00:01, 25.09it/s]
 42%|████▏     | 33/79 [00:01<00:01, 23.04it/s]
 47%|████▋     | 37/79 [00:01<00:01, 24.62it/s]
 52%|█████▏    | 41/79 [00:01<00:01, 23.54it/s]
 57%|█████▋    | 45/79 [00:01<00:01, 25.39it/s]
 62%|██████▏   | 49/79 [00:02<00:01, 26.71it/s]
 67%|██████▋   | 53/79 [00:02<00:00, 28.15it/s]
 71%|███████   | 56/79 [00:02<00:00, 27.63it/s]
 75%|███████▍  | 59/79 [00:02<00:00, 27.35it/s]
 78%|███████▊  | 62/79 [00:02<00:00, 26.69it/s]
 82%|████████▏ | 65/79 [00:02<00:00, 26.51it/s]
 86%|████████▌ | 68/79 [00:02<00:00, 26.11it/s]
 90%|████████▉ | 71/79 [00:02<00:00, 22.83it/s]
 95%|█████████▍| 75/79 [00:03<00:00, 24.11it/s]
100%|██████████| 79/79 [00:03<00:00, 27.81it/s]
100%|██████████| 79/79 [00:03<00:00, 24.88it/s]

CommRound: 2/30
Accuracy: 69.69% | Loss: 0.8281
[####--------------------------------------------------------] 6.7%
Elapsed: 1.7m | Avg/Round: 50.4s | Last: 47.0s | Next: 50.4s | Remaining: 23.5m
ETA: 18:26:45
Recent round times: R1: 47.5s -> R2: 47.0s

  0%|          | 0/79 [00:00<?, ?it/s]
  1%|▏         | 1/79 [00:00<00:14,  5.42it/s]
  4%|▍         | 3/79 [00:00<00:06, 11.20it/s]
  9%|▉         | 7/79 [00:00<00:04, 15.12it/s]
 11%|█▏        | 9/79 [00:00<00:04, 14.24it/s]
 14%|█▍        | 11/79 [00:00<00:04, 13.95it/s]
 16%|█▋        | 13/79 [00:00<00:04, 13.84it/s]
 22%|██▏       | 17/79 [00:01<00:03, 16.51it/s]
 24%|██▍       | 19/79 [00:01<00:03, 16.78it/s]
 27%|██▋       | 21/79 [00:01<00:03, 16.63it/s]
 32%|███▏      | 25/79 [00:01<00:02, 19.17it/s]
 34%|███▍      | 27/79 [00:01<00:02, 19.15it/s]
 39%|███▉      | 31/79 [00:01<00:02, 22.15it/s]
 44%|████▍     | 35/79 [00:01<00:01, 22.61it/s]
 49%|████▉     | 39/79 [00:02<00:01, 22.48it/s]
 54%|█████▍    | 43/79 [00:02<00:01, 23.00it/s]
 58%|█████▊    | 46/79 [00:02<00:01, 24.27it/s]
 62%|██████▏   | 49/79 [00:02<00:01, 22.76it/s]
 66%|██████▌   | 52/79 [00:02<00:01, 23.90it/s]
 70%|██████▉   | 55/79 [00:02<00:01, 22.57it/s]
 73%|███████▎  | 58/79 [00:02<00:00, 23.83it/s]
 77%|███████▋  | 61/79 [00:03<00:00, 22.75it/s]
 81%|████████  | 64/79 [00:03<00:00, 23.44it/s]
 85%|████████▍ | 67/79 [00:03<00:00, 22.29it/s]
 90%|████████▉ | 71/79 [00:03<00:00, 23.19it/s]
 94%|█████████▎| 74/79 [00:03<00:00, 24.22it/s]
 97%|█████████▋| 77/79 [00:03<00:00, 22.57it/s]
100%|██████████| 79/79 [00:03<00:00, 20.61it/s]

CommRound: 3/30
Accuracy: 75.62% | Loss: 0.6933
[######------------------------------------------------------] 10.0%
Elapsed: 2.5m | Avg/Round: 50.2s | Last: 49.7s | Next: 50.2s | Remaining: 22.6m
ETA: 18:26:39
Recent round times: R1: 47.5s -> R2: 47.0s -> R3: 49.7s

  0%|          | 0/79 [00:00<?, ?it/s]
  1%|▏         | 1/79 [00:00<00:13,  5.97it/s]
  8%|▊         | 6/79 [00:00<00:03, 20.84it/s]
 11%|█▏        | 9/79 [00:00<00:03, 20.51it/s]
 16%|█▋        | 13/79 [00:00<00:03, 20.13it/s]
 20%|██        | 16/79 [00:00<00:03, 19.04it/s]
 24%|██▍       | 19/79 [00:01<00:03, 16.54it/s]
 27%|██▋       | 21/79 [00:01<00:04, 13.60it/s]
 34%|███▍      | 27/79 [00:01<00:02, 18.19it/s]
 38%|███▊      | 30/79 [00:01<00:02, 17.42it/s]
 46%|████▌     | 36/79 [00:01<00:01, 22.75it/s]
 49%|████▉     | 39/79 [00:01<00:01, 23.99it/s]
 53%|█████▎    | 42/79 [00:02<00:01, 21.69it/s]
 58%|█████▊    | 46/79 [00:02<00:01, 24.40it/s]
 62%|██████▏   | 49/79 [00:02<00:01, 22.12it/s]
 66%|██████▌   | 52/79 [00:02<00:01, 21.46it/s]
 70%|██████▉   | 55/79 [00:02<00:01, 17.07it/s]
 73%|███████▎  | 58/79 [00:03<00:01, 18.63it/s]
 80%|███████▉  | 63/79 [00:03<00:00, 24.11it/s]
 84%|████████▎ | 66/79 [00:03<00:00, 19.01it/s]
 87%|████████▋ | 69/79 [00:03<00:00, 15.23it/s]
 90%|████████▉ | 71/79 [00:03<00:00, 15.33it/s]
 96%|█████████▌| 76/79 [00:03<00:00, 21.31it/s]
100%|██████████| 79/79 [00:04<00:00, 19.61it/s]

CommRound: 4/30
Accuracy: 83.35% | Loss: 0.5050
[########----------------------------------------------------] 13.3%
Elapsed: 3.4m | Avg/Round: 50.6s | Last: 51.8s | Next: 50.6s | Remaining: 21.9m
ETA: 18:26:51
Recent round times: R1: 47.5s -> R2: 47.0s -> R3: 49.7s -> R4: 51.8s

  0%|          | 0/79 [00:00<?, ?it/s]
  1%|▏         | 1/79 [00:00<00:09,  8.53it/s]
  8%|▊         | 6/79 [00:00<00:02, 30.97it/s]
 13%|█▎        | 10/79 [00:00<00:02, 32.60it/s]
 18%|█▊        | 14/79 [00:00<00:01, 33.03it/s]
 23%|██▎       | 18/79 [00:00<00:01, 33.39it/s]
 28%|██▊       | 22/79 [00:00<00:01, 33.83it/s]
 33%|███▎      | 26/79 [00:00<00:01, 34.08it/s]
 38%|███▊      | 30/79 [00:00<00:01, 34.28it/s]
 43%|████▎     | 34/79 [00:01<00:01, 34.36it/s]
 48%|████▊     | 38/79 [00:01<00:01, 34.50it/s]
 53%|█████▎    | 42/79 [00:01<00:01, 34.51it/s]
 58%|█████▊    | 46/79 [00:01<00:00, 34.53it/s]
 63%|██████▎   | 50/79 [00:01<00:00, 34.43it/s]
 68%|██████▊   | 54/79 [00:01<00:00, 34.18it/s]
 73%|███████▎  | 58/79 [00:01<00:00, 34.81it/s]
 78%|███████▊  | 62/79 [00:01<00:00, 34.48it/s]
 84%|████████▎ | 66/79 [00:01<00:00, 34.28it/s]
 89%|████████▊ | 70/79 [00:02<00:00, 30.81it/s]
 94%|█████████▎| 74/79 [00:02<00:00, 32.39it/s]
 99%|█████████▊| 78/79 [00:02<00:00, 30.97it/s]
100%|██████████| 79/79 [00:02<00:00, 32.95it/s]

CommRound: 5/30
Accuracy: 82.46% | Loss: 0.5393
[##########--------------------------------------------------] 16.7%
Elapsed: 4.1m | Avg/Round: 49.5s | Last: 45.3s | Next: 49.5s | Remaining: 20.6m
ETA: 18:26:20
Recent round times: R1: 47.5s -> R2: 47.0s -> R3: 49.7s -> R4: 51.8s -> R5: 45.3s

  0%|          | 0/79 [00:00<?, ?it/s]
  1%|▏         | 1/79 [00:00<00:12,  6.32it/s]
  6%|▋         | 5/79 [00:00<00:04, 15.56it/s]
 11%|█▏        | 9/79 [00:00<00:03, 18.73it/s]
 16%|█▋        | 13/79 [00:00<00:02, 22.63it/s]
 22%|██▏       | 17/79 [00:00<00:02, 24.99it/s]
 27%|██▋       | 21/79 [00:00<00:02, 26.33it/s]
 32%|███▏      | 25/79 [00:01<00:01, 28.64it/s]
 37%|███▋      | 29/79 [00:01<00:01, 30.31it/s]
 42%|████▏     | 33/79 [00:01<00:01, 30.68it/s]
 47%|████▋     | 37/79 [00:01<00:01, 32.58it/s]
 52%|█████▏    | 41/79 [00:01<00:01, 33.31it/s]
 57%|█████▋    | 45/79 [00:01<00:01, 33.44it/s]
 62%|██████▏   | 49/79 [00:01<00:00, 33.68it/s]
 67%|██████▋   | 53/79 [00:01<00:00, 32.24it/s]
 72%|███████▏  | 57/79 [00:02<00:00, 31.58it/s]
 77%|███████▋  | 61/79 [00:02<00:00, 28.59it/s]
 82%|████████▏ | 65/79 [00:02<00:00, 28.06it/s]
 87%|████████▋ | 69/79 [00:02<00:00, 27.76it/s]
 92%|█████████▏| 73/79 [00:02<00:00, 29.33it/s]
 97%|█████████▋| 77/79 [00:02<00:00, 29.86it/s]
100%|██████████| 79/79 [00:02<00:00, 28.73it/s]

CommRound: 6/30
Accuracy: 84.37% | Loss: 0.5096
[############------------------------------------------------] 20.0%
Elapsed: 5.0m | Avg/Round: 49.7s | Last: 50.4s | Next: 49.7s | Remaining: 19.9m
ETA: 18:26:24
Recent round times: R1: 47.0s -> R2: 49.7s -> R3: 51.8s -> R4: 45.3s -> R5: 50.4s

  0%|          | 0/79 [00:00<?, ?it/s]
  1%|▏         | 1/79 [00:00<00:14,  5.33it/s]
  6%|▋         | 5/79 [00:00<00:04, 16.51it/s]
 10%|█         | 8/79 [00:00<00:03, 19.37it/s]
 14%|█▍        | 11/79 [00:00<00:03, 17.99it/s]
 18%|█▊        | 14/79 [00:00<00:03, 20.13it/s]
 22%|██▏       | 17/79 [00:00<00:02, 21.34it/s]
 25%|██▌       | 20/79 [00:01<00:03, 18.89it/s]
 28%|██▊       | 22/79 [00:01<00:02, 19.12it/s]
 33%|███▎      | 26/79 [00:01<00:02, 21.64it/s]
 38%|███▊      | 30/79 [00:01<00:02, 22.23it/s]
 43%|████▎     | 34/79 [00:01<00:02, 22.28it/s]
 47%|████▋     | 37/79 [00:01<00:01, 22.58it/s]
 51%|█████     | 40/79 [00:01<00:01, 21.38it/s]
 56%|█████▌    | 44/79 [00:02<00:01, 21.47it/s]
 59%|█████▉    | 47/79 [00:02<00:01, 23.15it/s]
 63%|██████▎   | 50/79 [00:02<00:01, 20.40it/s]
 68%|██████▊   | 54/79 [00:02<00:01, 20.52it/s]
 72%|███████▏  | 57/79 [00:02<00:00, 22.27it/s]
 76%|███████▌  | 60/79 [00:02<00:00, 21.86it/s]
 81%|████████  | 64/79 [00:03<00:00, 23.31it/s]
 86%|████████▌ | 68/79 [00:03<00:00, 18.99it/s]
 94%|█████████▎| 74/79 [00:03<00:00, 25.40it/s]
 97%|█████████▋| 77/79 [00:03<00:00, 25.42it/s]
100%|██████████| 79/79 [00:03<00:00, 21.73it/s]

CommRound: 7/30
Accuracy: 87.81% | Loss: 0.4348
[##############----------------------------------------------] 23.3%
Elapsed: 5.7m | Avg/Round: 48.6s | Last: 42.3s | Next: 48.6s | Remaining: 18.6m
ETA: 18:25:53
Recent round times: R1: 49.7s -> R2: 51.8s -> R3: 45.3s -> R4: 50.4s -> R5: 42.3s

  0%|          | 0/79 [00:00<?, ?it/s]
  1%|▏         | 1/79 [00:00<00:08,  8.93it/s]
  6%|▋         | 5/79 [00:00<00:03, 23.32it/s]
 11%|█▏        | 9/79 [00:00<00:02, 29.47it/s]
 16%|█▋        | 13/79 [00:00<00:02, 32.69it/s]
 22%|██▏       | 17/79 [00:00<00:01, 34.31it/s]
 27%|██▋       | 21/79 [00:00<00:01, 35.32it/s]
 32%|███▏      | 25/79 [00:00<00:01, 36.22it/s]
 37%|███▋      | 29/79 [00:00<00:01, 36.42it/s]
 43%|████▎     | 34/79 [00:00<00:01, 40.09it/s]
 49%|████▉     | 39/79 [00:01<00:01, 37.07it/s]
 54%|█████▍    | 43/79 [00:01<00:00, 36.99it/s]
 59%|█████▉    | 47/79 [00:01<00:00, 37.23it/s]
 65%|██████▍   | 51/79 [00:01<00:00, 37.21it/s]
 70%|██████▉   | 55/79 [00:01<00:00, 37.35it/s]
 75%|███████▍  | 59/79 [00:01<00:00, 37.70it/s]
 80%|███████▉  | 63/79 [00:01<00:00, 38.07it/s]
 85%|████████▍ | 67/79 [00:01<00:00, 38.19it/s]
 90%|████████▉ | 71/79 [00:01<00:00, 38.43it/s]
 95%|█████████▍| 75/79 [00:02<00:00, 38.44it/s]
100%|██████████| 79/79 [00:02<00:00, 38.85it/s]
100%|██████████| 79/79 [00:02<00:00, 36.03it/s]

CommRound: 8/30
Accuracy: 86.22% | Loss: 0.5337
[################--------------------------------------------] 26.7%
Elapsed: 6.3m | Avg/Round: 47.5s | Last: 39.3s | Next: 47.5s | Remaining: 17.4m
ETA: 18:25:17
Recent round times: R1: 51.8s -> R2: 45.3s -> R3: 50.4s -> R4: 42.3s -> R5: 39.3s

  0%|          | 0/79 [00:00<?, ?it/s]
  1%|▏         | 1/79 [00:00<00:14,  5.41it/s]
 10%|█         | 8/79 [00:00<00:02, 30.07it/s]
 15%|█▌        | 12/79 [00:00<00:02, 32.90it/s]
 20%|██        | 16/79 [00:00<00:01, 33.71it/s]
 25%|██▌       | 20/79 [00:00<00:01, 34.53it/s]
 30%|███       | 24/79 [00:00<00:01, 30.64it/s]
 35%|███▌      | 28/79 [00:00<00:01, 32.67it/s]
 41%|████      | 32/79 [00:01<00:01, 34.51it/s]
 46%|████▌     | 36/79 [00:01<00:01, 35.40it/s]
 51%|█████     | 40/79 [00:01<00:01, 35.50it/s]
 56%|█████▌    | 44/79 [00:01<00:00, 36.43it/s]
 61%|██████    | 48/79 [00:01<00:00, 36.07it/s]
 66%|██████▌   | 52/79 [00:01<00:00, 35.99it/s]
 71%|███████   | 56/79 [00:01<00:00, 36.04it/s]
 76%|███████▌  | 60/79 [00:01<00:00, 37.12it/s]
 81%|████████  | 64/79 [00:01<00:00, 36.69it/s]
 86%|████████▌ | 68/79 [00:01<00:00, 36.05it/s]
 91%|█████████ | 72/79 [00:02<00:00, 32.80it/s]
 96%|█████████▌| 76/79 [00:02<00:00, 29.75it/s]
100%|██████████| 79/79 [00:02<00:00, 33.16it/s]

CommRound: 9/30
Accuracy: 86.11% | Loss: 0.5439
[##################------------------------------------------] 30.0%
Elapsed: 6.9m | Avg/Round: 45.8s | Last: 32.9s | Next: 45.8s | Remaining: 16.0m
ETA: 18:24:29
Recent round times: R1: 45.3s -> R2: 50.4s -> R3: 42.3s -> R4: 39.3s -> R5: 32.9s

  0%|          | 0/79 [00:00<?, ?it/s]
  1%|▏         | 1/79 [00:00<00:08,  8.95it/s]
  8%|▊         | 6/79 [00:00<00:02, 26.52it/s]
 13%|█▎        | 10/79 [00:00<00:02, 27.38it/s]
 18%|█▊        | 14/79 [00:00<00:02, 30.28it/s]
 23%|██▎       | 18/79 [00:00<00:01, 32.11it/s]
 28%|██▊       | 22/79 [00:00<00:01, 33.48it/s]
 33%|███▎      | 26/79 [00:00<00:01, 34.62it/s]
 38%|███▊      | 30/79 [00:00<00:01, 33.48it/s]
 43%|████▎     | 34/79 [00:01<00:01, 31.94it/s]
 51%|█████     | 40/79 [00:01<00:01, 35.17it/s]
 56%|█████▌    | 44/79 [00:01<00:00, 36.13it/s]
 61%|██████    | 48/79 [00:01<00:00, 36.77it/s]
 66%|██████▌   | 52/79 [00:01<00:00, 37.28it/s]
 71%|███████   | 56/79 [00:01<00:00, 36.07it/s]
 76%|███████▌  | 60/79 [00:01<00:00, 34.87it/s]
 81%|████████  | 64/79 [00:01<00:00, 34.51it/s]
 86%|████████▌ | 68/79 [00:02<00:00, 34.12it/s]
 91%|█████████ | 72/79 [00:02<00:00, 33.24it/s]
 96%|█████████▌| 76/79 [00:02<00:00, 34.16it/s]
100%|██████████| 79/79 [00:02<00:00, 33.63it/s]

CommRound: 10/30
Accuracy: 88.05% | Loss: 0.4666
[####################----------------------------------------] 33.3%
Elapsed: 7.6m | Avg/Round: 45.7s | Last: 44.4s | Next: 45.7s | Remaining: 15.2m
ETA: 18:24:25
Recent round times: R1: 50.4s -> R2: 42.3s -> R3: 39.3s -> R4: 32.9s -> R5: 44.4s

  0%|          | 0/79 [00:00<?, ?it/s]
  1%|▏         | 1/79 [00:00<00:08,  8.94it/s]
  9%|▉         | 7/79 [00:00<00:02, 31.35it/s]
 14%|█▍        | 11/79 [00:00<00:02, 33.90it/s]
 20%|██        | 16/79 [00:00<00:01, 39.31it/s]
 25%|██▌       | 20/79 [00:00<00:01, 39.28it/s]
 30%|███       | 24/79 [00:00<00:01, 38.79it/s]
 37%|███▋      | 29/79 [00:00<00:01, 36.81it/s]
 42%|████▏     | 33/79 [00:00<00:01, 37.68it/s]
 47%|████▋     | 37/79 [00:01<00:01, 38.25it/s]
 53%|█████▎    | 42/79 [00:01<00:00, 41.57it/s]
 59%|█████▉    | 47/79 [00:01<00:00, 38.94it/s]
 65%|██████▍   | 51/79 [00:01<00:00, 39.17it/s]
 70%|██████▉   | 55/79 [00:01<00:00, 39.35it/s]
 75%|███████▍  | 59/79 [00:01<00:00, 39.21it/s]
 80%|███████▉  | 63/79 [00:01<00:00, 39.35it/s]
 85%|████████▍ | 67/79 [00:01<00:00, 24.56it/s]
 91%|█████████ | 72/79 [00:02<00:00, 28.90it/s]
 97%|█████████▋| 77/79 [00:02<00:00, 28.85it/s]
100%|██████████| 79/79 [00:02<00:00, 34.54it/s]

CommRound: 11/30
Accuracy: 87.48% | Loss: 0.5021
[######################--------------------------------------] 36.7%
Elapsed: 8.4m | Avg/Round: 45.7s | Last: 46.0s | Next: 45.7s | Remaining: 14.5m
ETA: 18:24:26
Recent round times: R1: 42.3s -> R2: 39.3s -> R3: 32.9s -> R4: 44.4s -> R5: 46.0s

  0%|          | 0/79 [00:00<?, ?it/s]
  1%|▏         | 1/79 [00:00<00:09,  8.46it/s]
  9%|▉         | 7/79 [00:00<00:02, 29.44it/s]
 14%|█▍        | 11/79 [00:00<00:02, 32.76it/s]
 19%|█▉        | 15/79 [00:00<00:01, 33.85it/s]
 24%|██▍       | 19/79 [00:00<00:01, 35.12it/s]
 29%|██▉       | 23/79 [00:00<00:01, 35.85it/s]
 34%|███▍      | 27/79 [00:00<00:01, 36.58it/s]
 39%|███▉      | 31/79 [00:00<00:01, 36.77it/s]
 44%|████▍     | 35/79 [00:01<00:01, 37.01it/s]
 49%|████▉     | 39/79 [00:01<00:01, 37.37it/s]
 56%|█████▌    | 44/79 [00:01<00:00, 37.67it/s]
 61%|██████    | 48/79 [00:01<00:00, 37.78it/s]
 66%|██████▌   | 52/79 [00:01<00:00, 36.24it/s]
 71%|███████   | 56/79 [00:01<00:00, 34.93it/s]
 76%|███████▌  | 60/79 [00:01<00:00, 34.64it/s]
 81%|████████  | 64/79 [00:01<00:00, 34.12it/s]
 86%|████████▌ | 68/79 [00:01<00:00, 33.73it/s]
 91%|█████████ | 72/79 [00:02<00:00, 33.40it/s]
 96%|█████████▌| 76/79 [00:02<00:00, 34.26it/s]
100%|██████████| 79/79 [00:02<00:00, 34.98it/s]

CommRound: 12/30
Accuracy: 88.78% | Loss: 0.4426
[########################------------------------------------] 40.0%
Elapsed: 9.3m | Avg/Round: 46.5s | Last: 54.7s | Next: 46.5s | Remaining: 13.9m
ETA: 18:24:48
Recent round times: R1: 39.3s -> R2: 32.9s -> R3: 44.4s -> R4: 46.0s -> R5: 54.7s

  0%|          | 0/79 [00:00<?, ?it/s]
  1%|▏         | 1/79 [00:00<00:17,  4.58it/s]
 10%|█         | 8/79 [00:00<00:02, 24.85it/s]
 15%|█▌        | 12/79 [00:00<00:02, 25.52it/s]
 23%|██▎       | 18/79 [00:00<00:01, 31.24it/s]
 28%|██▊       | 22/79 [00:00<00:01, 32.20it/s]
 33%|███▎      | 26/79 [00:00<00:01, 32.28it/s]
 38%|███▊      | 30/79 [00:01<00:01, 33.53it/s]
 43%|████▎     | 34/79 [00:01<00:01, 34.44it/s]
 48%|████▊     | 38/79 [00:01<00:01, 34.75it/s]
 53%|█████▎    | 42/79 [00:01<00:01, 35.52it/s]
 58%|█████▊    | 46/79 [00:01<00:00, 36.21it/s]
 63%|██████▎   | 50/79 [00:01<00:00, 36.70it/s]
 68%|██████▊   | 54/79 [00:01<00:00, 37.00it/s]
 73%|███████▎  | 58/79 [00:01<00:00, 37.23it/s]
 78%|███████▊  | 62/79 [00:01<00:00, 34.33it/s]
 84%|████████▎ | 66/79 [00:02<00:00, 35.19it/s]
 89%|████████▊ | 70/79 [00:02<00:00, 35.11it/s]
 94%|█████████▎| 74/79 [00:02<00:00, 31.61it/s]
 99%|█████████▊| 78/79 [00:02<00:00, 33.32it/s]
100%|██████████| 79/79 [00:02<00:00, 32.70it/s]

CommRound: 13/30
Accuracy: 88.05% | Loss: 0.4640
[##########################----------------------------------] 43.3%
Elapsed: 10.1m | Avg/Round: 46.5s | Last: 46.8s | Next: 46.5s | Remaining: 13.2m
ETA: 18:24:49
Recent round times: R1: 32.9s -> R2: 44.4s -> R3: 46.0s -> R4: 54.7s -> R5: 46.8s

  0%|          | 0/79 [00:00<?, ?it/s]
  1%|▏         | 1/79 [00:00<00:12,  6.19it/s]
  6%|▋         | 5/79 [00:00<00:04, 17.00it/s]
  9%|▉         | 7/79 [00:00<00:04, 15.94it/s]
 14%|█▍        | 11/79 [00:00<00:03, 21.90it/s]
 19%|█▉        | 15/79 [00:00<00:02, 24.97it/s]
 24%|██▍       | 19/79 [00:00<00:03, 19.50it/s]
 33%|███▎      | 26/79 [00:01<00:01, 28.80it/s]
 38%|███▊      | 30/79 [00:01<00:01, 30.81it/s]
 43%|████▎     | 34/79 [00:01<00:01, 32.17it/s]
 48%|████▊     | 38/79 [00:01<00:01, 33.10it/s]
 53%|█████▎    | 42/79 [00:01<00:01, 33.31it/s]
 58%|█████▊    | 46/79 [00:01<00:00, 33.98it/s]
 63%|██████▎   | 50/79 [00:01<00:00, 34.78it/s]
 68%|██████▊   | 54/79 [00:01<00:00, 35.53it/s]
 73%|███████▎  | 58/79 [00:01<00:00, 36.05it/s]
 78%|███████▊  | 62/79 [00:02<00:00, 35.62it/s]
 84%|████████▎ | 66/79 [00:02<00:00, 36.15it/s]
 89%|████████▊ | 70/79 [00:02<00:00, 36.50it/s]
 94%|█████████▎| 74/79 [00:02<00:00, 36.55it/s]
 99%|█████████▊| 78/79 [00:02<00:00, 35.28it/s]
100%|██████████| 79/79 [00:02<00:00, 30.66it/s]

CommRound: 14/30
Accuracy: 88.33% | Loss: 0.4481
[############################--------------------------------] 46.7%
Elapsed: 10.8m | Avg/Round: 46.4s | Last: 44.9s | Next: 46.4s | Remaining: 12.4m
ETA: 18:24:46
Recent round times: R1: 44.4s -> R2: 46.0s -> R3: 54.7s -> R4: 46.8s -> R5: 44.9s

  0%|          | 0/79 [00:00<?, ?it/s]
  1%|▏         | 1/79 [00:00<00:08,  8.82it/s]
  6%|▋         | 5/79 [00:00<00:03, 23.76it/s]
 10%|█         | 8/79 [00:00<00:02, 24.79it/s]
 16%|█▋        | 13/79 [00:00<00:02, 32.64it/s]
 22%|██▏       | 17/79 [00:00<00:01, 33.75it/s]
 27%|██▋       | 21/79 [00:00<00:01, 33.92it/s]
 32%|███▏      | 25/79 [00:00<00:01, 34.35it/s]
 37%|███▋      | 29/79 [00:00<00:01, 34.65it/s]
 42%|████▏     | 33/79 [00:01<00:01, 34.89it/s]
 47%|████▋     | 37/79 [00:01<00:01, 35.41it/s]
 52%|█████▏    | 41/79 [00:01<00:01, 33.32it/s]
 57%|█████▋    | 45/79 [00:01<00:01, 33.79it/s]
 62%|██████▏   | 49/79 [00:01<00:00, 34.66it/s]
 67%|██████▋   | 53/79 [00:01<00:00, 35.18it/s]
 72%|███████▏  | 57/79 [00:01<00:00, 35.49it/s]
 77%|███████▋  | 61/79 [00:01<00:00, 35.89it/s]
 82%|████████▏ | 65/79 [00:01<00:00, 35.95it/s]
 87%|████████▋ | 69/79 [00:02<00:00, 36.19it/s]
 92%|█████████▏| 73/79 [00:02<00:00, 36.44it/s]
 97%|█████████▋| 77/79 [00:02<00:00, 36.60it/s]
100%|██████████| 79/79 [00:02<00:00, 34.62it/s]

CommRound: 15/30
Accuracy: 88.38% | Loss: 0.4441
[##############################------------------------------] 50.0%
Elapsed: 11.6m | Avg/Round: 46.3s | Last: 44.5s | Next: 46.3s | Remaining: 11.6m
ETA: 18:24:42
Recent round times: R1: 46.0s -> R2: 54.7s -> R3: 46.8s -> R4: 44.9s -> R5: 44.5s

  0%|          | 0/79 [00:00<?, ?it/s]
  1%|▏         | 1/79 [00:00<00:10,  7.72it/s]
  8%|▊         | 6/79 [00:00<00:03, 21.84it/s]
 13%|█▎        | 10/79 [00:00<00:02, 26.31it/s]
 18%|█▊        | 14/79 [00:00<00:02, 28.45it/s]
 23%|██▎       | 18/79 [00:00<00:02, 29.73it/s]
 28%|██▊       | 22/79 [00:00<00:01, 30.79it/s]
 33%|███▎      | 26/79 [00:00<00:01, 31.52it/s]
 38%|███▊      | 30/79 [00:01<00:01, 31.96it/s]
 43%|████▎     | 34/79 [00:01<00:01, 31.73it/s]
 48%|████▊     | 38/79 [00:01<00:01, 32.15it/s]
 53%|█████▎    | 42/79 [00:01<00:01, 32.43it/s]
 58%|█████▊    | 46/79 [00:01<00:01, 32.82it/s]
 63%|██████▎   | 50/79 [00:01<00:00, 33.68it/s]
 68%|██████▊   | 54/79 [00:01<00:00, 33.05it/s]
 73%|███████▎  | 58/79 [00:01<00:00, 34.73it/s]
 78%|███████▊  | 62/79 [00:01<00:00, 35.08it/s]
 84%|████████▎ | 66/79 [00:02<00:00, 35.21it/s]
 89%|████████▊ | 70/79 [00:02<00:00, 34.58it/s]
 94%|█████████▎| 74/79 [00:02<00:00, 34.45it/s]
 99%|█████████▊| 78/79 [00:02<00:00, 34.76it/s]
100%|██████████| 79/79 [00:02<00:00, 32.14it/s]

CommRound: 16/30
Accuracy: 88.55% | Loss: 0.4368
[################################----------------------------] 53.3%
Elapsed: 12.4m | Avg/Round: 46.4s | Last: 47.9s | Next: 46.4s | Remaining: 10.8m
ETA: 18:24:45
Recent round times: R1: 54.7s -> R2: 46.8s -> R3: 44.9s -> R4: 44.5s -> R5: 47.9s

  0%|          | 0/79 [00:00<?, ?it/s]
  1%|▏         | 1/79 [00:00<00:11,  6.52it/s]
  6%|▋         | 5/79 [00:00<00:03, 20.79it/s]
 11%|█▏        | 9/79 [00:00<00:02, 23.71it/s]
 16%|█▋        | 13/79 [00:00<00:02, 25.58it/s]
 22%|██▏       | 17/79 [00:00<00:02, 27.66it/s]
 27%|██▋       | 21/79 [00:00<00:01, 29.18it/s]
 32%|███▏      | 25/79 [00:00<00:01, 30.55it/s]
 37%|███▋      | 29/79 [00:01<00:01, 31.88it/s]
 42%|████▏     | 33/79 [00:01<00:01, 32.22it/s]
 47%|████▋     | 37/79 [00:01<00:01, 31.70it/s]
 52%|█████▏    | 41/79 [00:01<00:01, 29.70it/s]
 57%|█████▋    | 45/79 [00:01<00:01, 27.98it/s]
 62%|██████▏   | 49/79 [00:01<00:01, 27.29it/s]
 67%|██████▋   | 53/79 [00:01<00:00, 26.17it/s]
 72%|███████▏  | 57/79 [00:02<00:00, 25.76it/s]
 77%|███████▋  | 61/79 [00:02<00:00, 23.06it/s]
 85%|████████▍ | 67/79 [00:02<00:00, 28.05it/s]
 90%|████████▉ | 71/79 [00:02<00:00, 30.23it/s]
 95%|█████████▍| 75/79 [00:02<00:00, 30.90it/s]
100%|██████████| 79/79 [00:02<00:00, 28.57it/s]

CommRound: 17/30
Accuracy: 88.66% | Loss: 0.4314
[##################################--------------------------] 56.7%
Elapsed: 13.1m | Avg/Round: 46.4s | Last: 46.4s | Next: 46.4s | Remaining: 10.0m
ETA: 18:24:45
Recent round times: R1: 46.8s -> R2: 44.9s -> R3: 44.5s -> R4: 47.9s -> R5: 46.4s
EARLY_STOP: round=17; best_acc=88.78; current_acc=88.66; threshold=90.00; patience=5; reason=converged_below_target
Total time for experiment: 788.1915464401245 seconds
Device average training time per communication round [s]:
    rpi (sld-rpi-09.ece.utexas.edu): 5.18 seconds
    mc1 (sld-mc1-09.ece.utexas.edu): 42.17 seconds
