Connecting to sld-rpi-09.ece.utexas.edu...
Successfully fetched dev0_pow_temp_log_exp151_run1.csv.
Connecting to sld-rpi-09.ece.utexas.edu...
Successfully fetched dev0_communication_log_exp151_run1.csv.
Connecting to sld-mc1-09.ece.utexas.edu...
Successfully fetched dev1_pow_temp_log_exp151_run1.csv.
Connecting to sld-mc1-09.ece.utexas.edu...
Successfully fetched dev1_communication_log_exp151_run1.csv.

Exp151
Experiment 151: 
	Global test accuracy [%]: 84.73 %
	No round found where all subsequent rounds have accuracy >= 90.00%.
	Average time per communication round [s]: 8.92 seconds
	Total wall clock time [s]: 117.01 seconds


Experiment 151:
	RPi avg. energy consumption per round [J]: 28.40 Joules
	MC1 avg. energy consumption per round [J]: 10.58 Joules
	Total avg. energy consumption per communication round [J]: 38.98 Joules
	Avg. amount of communicated data per communication round [MB]: 0.08 MB
	RPi avg. power consumption per round [W]: 5.14 Watts
	MC1 avg. power consumption per round [W]: 5.29 Watts
