
  0%|          | 0/79 [00:00<?, ?it/s]
  4%|▍         | 3/79 [00:00<00:03, 23.18it/s]
 10%|█         | 8/79 [00:00<00:01, 36.43it/s]
 16%|█▋        | 13/79 [00:00<00:01, 36.75it/s]
 23%|██▎       | 18/79 [00:00<00:01, 39.75it/s]
 29%|██▉       | 23/79 [00:00<00:01, 39.28it/s]
 35%|███▌      | 28/79 [00:00<00:01, 40.81it/s]
 42%|████▏     | 33/79 [00:00<00:01, 40.28it/s]
 48%|████▊     | 38/79 [00:00<00:00, 41.23it/s]
 54%|█████▍    | 43/79 [00:01<00:00, 41.14it/s]
 61%|██████    | 48/79 [00:01<00:00, 41.38it/s]
 67%|██████▋   | 53/79 [00:01<00:00, 41.78it/s]
 73%|███████▎  | 58/79 [00:01<00:00, 42.94it/s]
 80%|███████▉  | 63/79 [00:01<00:00, 41.67it/s]
 86%|████████▌ | 68/79 [00:01<00:00, 43.86it/s]
 92%|█████████▏| 73/79 [00:01<00:00, 41.63it/s]
100%|██████████| 79/79 [00:01<00:00, 41.41it/s]
Initial Accuracy: 9.48%; Initial Loss: 2.3109

  0%|          | 0/79 [00:00<?, ?it/s]
  4%|▍         | 3/79 [00:00<00:03, 22.72it/s]
 10%|█         | 8/79 [00:00<00:01, 36.75it/s]
 15%|█▌        | 12/79 [00:00<00:01, 38.06it/s]
 20%|██        | 16/79 [00:00<00:01, 38.66it/s]
 27%|██▋       | 21/79 [00:00<00:01, 39.17it/s]
 33%|███▎      | 26/79 [00:00<00:01, 39.69it/s]
 39%|███▉      | 31/79 [00:00<00:01, 41.81it/s]
 46%|████▌     | 36/79 [00:00<00:01, 41.13it/s]
 52%|█████▏    | 41/79 [00:01<00:00, 41.78it/s]
 58%|█████▊    | 46/79 [00:01<00:00, 42.53it/s]
 65%|██████▍   | 51/79 [00:01<00:00, 41.34it/s]
 71%|███████   | 56/79 [00:01<00:00, 43.58it/s]
 77%|███████▋  | 61/79 [00:01<00:00, 41.39it/s]
 85%|████████▍ | 67/79 [00:01<00:00, 41.88it/s]
 92%|█████████▏| 73/79 [00:01<00:00, 42.09it/s]
100%|██████████| 79/79 [00:01<00:00, 46.48it/s]
100%|██████████| 79/79 [00:01<00:00, 41.50it/s]

CommRound: 1/30
Accuracy: 52.18% | Loss: 1.6423
[##----------------------------------------------------------] 3.3%
Elapsed: 0.2m | Avg/Round: 10.7s | Last: 8.8s | Next: 10.7s | Remaining: 5.2m
ETA: 09:05:52
Recent round times: R1: 8.8s

  0%|          | 0/79 [00:00<?, ?it/s]
  4%|▍         | 3/79 [00:00<00:03, 23.09it/s]
  9%|▉         | 7/79 [00:00<00:02, 31.78it/s]
 16%|█▋        | 13/79 [00:00<00:01, 36.93it/s]
 24%|██▍       | 19/79 [00:00<00:01, 38.78it/s]
 32%|███▏      | 25/79 [00:00<00:01, 39.93it/s]
 39%|███▉      | 31/79 [00:00<00:01, 40.64it/s]
 47%|████▋     | 37/79 [00:00<00:01, 40.98it/s]
 54%|█████▍    | 43/79 [00:01<00:00, 41.50it/s]
 62%|██████▏   | 49/79 [00:01<00:00, 41.80it/s]
 70%|██████▉   | 55/79 [00:01<00:00, 41.93it/s]
 77%|███████▋  | 61/79 [00:01<00:00, 41.87it/s]
 85%|████████▍ | 67/79 [00:01<00:00, 41.99it/s]
 92%|█████████▏| 73/79 [00:01<00:00, 41.96it/s]
100%|██████████| 79/79 [00:01<00:00, 45.92it/s]
100%|██████████| 79/79 [00:01<00:00, 41.16it/s]

CommRound: 2/30
Accuracy: 60.71% | Loss: 1.2492
[####--------------------------------------------------------] 6.7%
Elapsed: 0.3m | Avg/Round: 9.5s | Last: 8.4s | Next: 9.5s | Remaining: 4.5m
ETA: 09:05:18
Recent round times: R1: 8.8s -> R2: 8.4s

  0%|          | 0/79 [00:00<?, ?it/s]
  4%|▍         | 3/79 [00:00<00:03, 24.10it/s]
 10%|█         | 8/79 [00:00<00:01, 37.46it/s]
 16%|█▋        | 13/79 [00:00<00:01, 37.72it/s]
 23%|██▎       | 18/79 [00:00<00:01, 41.09it/s]
 29%|██▉       | 23/79 [00:00<00:01, 40.82it/s]
 35%|███▌      | 28/79 [00:00<00:01, 42.01it/s]
 42%|████▏     | 33/79 [00:00<00:01, 42.12it/s]
 48%|████▊     | 38/79 [00:00<00:00, 42.12it/s]
 54%|█████▍    | 43/79 [00:01<00:00, 43.06it/s]
 61%|██████    | 48/79 [00:01<00:00, 41.75it/s]
 67%|██████▋   | 53/79 [00:01<00:00, 42.61it/s]
 73%|███████▎  | 58/79 [00:01<00:00, 41.69it/s]
 80%|███████▉  | 63/79 [00:01<00:00, 42.04it/s]
 86%|████████▌ | 68/79 [00:01<00:00, 41.94it/s]
 92%|█████████▏| 73/79 [00:01<00:00, 41.65it/s]
 99%|█████████▊| 78/79 [00:01<00:00, 42.28it/s]
100%|██████████| 79/79 [00:01<00:00, 41.55it/s]

CommRound: 3/30
Accuracy: 79.27% | Loss: 0.6608
[######------------------------------------------------------] 10.0%
Elapsed: 0.5m | Avg/Round: 9.2s | Last: 8.6s | Next: 9.2s | Remaining: 4.2m
ETA: 09:05:09
Recent round times: R1: 8.8s -> R2: 8.4s -> R3: 8.6s

  0%|          | 0/79 [00:00<?, ?it/s]
  4%|▍         | 3/79 [00:00<00:03, 23.04it/s]
  9%|▉         | 7/79 [00:00<00:02, 31.56it/s]
 15%|█▌        | 12/79 [00:00<00:01, 39.39it/s]
 22%|██▏       | 17/79 [00:00<00:01, 37.35it/s]
 27%|██▋       | 21/79 [00:00<00:01, 37.82it/s]
 34%|███▍      | 27/79 [00:00<00:01, 40.34it/s]
 42%|████▏     | 33/79 [00:00<00:01, 40.14it/s]
 48%|████▊     | 38/79 [00:00<00:00, 41.44it/s]
 54%|█████▍    | 43/79 [00:01<00:00, 37.59it/s]
 59%|█████▉    | 47/79 [00:01<00:00, 37.63it/s]
 65%|██████▍   | 51/79 [00:01<00:00, 37.25it/s]
 70%|██████▉   | 55/79 [00:01<00:00, 37.27it/s]
 75%|███████▍  | 59/79 [00:01<00:00, 37.32it/s]
 80%|███████▉  | 63/79 [00:01<00:00, 37.32it/s]
 85%|████████▍ | 67/79 [00:01<00:00, 37.40it/s]
 90%|████████▉ | 71/79 [00:01<00:00, 37.60it/s]
 95%|█████████▍| 75/79 [00:01<00:00, 37.79it/s]
100%|██████████| 79/79 [00:02<00:00, 38.29it/s]

CommRound: 4/30
Accuracy: 81.89% | Loss: 0.6400
[########----------------------------------------------------] 13.3%
Elapsed: 0.6m | Avg/Round: 9.1s | Last: 8.9s | Next: 9.1s | Remaining: 4.0m
ETA: 09:05:06
Recent round times: R1: 8.8s -> R2: 8.4s -> R3: 8.6s -> R4: 8.9s

  0%|          | 0/79 [00:00<?, ?it/s]
  4%|▍         | 3/79 [00:00<00:03, 22.83it/s]
 11%|█▏        | 9/79 [00:00<00:02, 34.45it/s]
 19%|█▉        | 15/79 [00:00<00:01, 38.07it/s]
 27%|██▋       | 21/79 [00:00<00:01, 39.82it/s]
 34%|███▍      | 27/79 [00:00<00:01, 40.92it/s]
 42%|████▏     | 33/79 [00:00<00:01, 41.57it/s]
 49%|████▉     | 39/79 [00:00<00:00, 41.99it/s]
 57%|█████▋    | 45/79 [00:01<00:00, 42.37it/s]
 65%|██████▍   | 51/79 [00:01<00:00, 42.39it/s]
 71%|███████   | 56/79 [00:01<00:00, 44.16it/s]
 77%|███████▋  | 61/79 [00:01<00:00, 42.87it/s]
 84%|████████▎ | 66/79 [00:01<00:00, 43.00it/s]
 90%|████████▉ | 71/79 [00:01<00:00, 43.44it/s]
 96%|█████████▌| 76/79 [00:01<00:00, 41.79it/s]
100%|██████████| 79/79 [00:01<00:00, 41.44it/s]

CommRound: 5/30
Accuracy: 74.28% | Loss: 1.1273
[##########--------------------------------------------------] 16.7%
Elapsed: 0.8m | Avg/Round: 9.1s | Last: 8.8s | Next: 9.1s | Remaining: 3.8m
ETA: 09:05:04
Recent round times: R1: 8.8s -> R2: 8.4s -> R3: 8.6s -> R4: 8.9s -> R5: 8.8s

  0%|          | 0/79 [00:00<?, ?it/s]
  4%|▍         | 3/79 [00:00<00:03, 22.22it/s]
 11%|█▏        | 9/79 [00:00<00:02, 33.94it/s]
 19%|█▉        | 15/79 [00:00<00:01, 37.58it/s]
 27%|██▋       | 21/79 [00:00<00:01, 39.74it/s]
 34%|███▍      | 27/79 [00:00<00:01, 41.23it/s]
 42%|████▏     | 33/79 [00:00<00:01, 41.89it/s]
 48%|████▊     | 38/79 [00:00<00:00, 43.01it/s]
 54%|█████▍    | 43/79 [00:01<00:00, 41.28it/s]
 61%|██████    | 48/79 [00:01<00:00, 42.56it/s]
 67%|██████▋   | 53/79 [00:01<00:00, 40.73it/s]
 75%|███████▍  | 59/79 [00:01<00:00, 41.16it/s]
 82%|████████▏ | 65/79 [00:01<00:00, 41.45it/s]
 90%|████████▉ | 71/79 [00:01<00:00, 41.52it/s]
 97%|█████████▋| 77/79 [00:01<00:00, 41.71it/s]
100%|██████████| 79/79 [00:01<00:00, 41.28it/s]

CommRound: 6/30
Accuracy: 84.14% | Loss: 0.5873
[############------------------------------------------------] 20.0%
Elapsed: 0.9m | Avg/Round: 9.0s | Last: 8.4s | Next: 9.0s | Remaining: 3.6m
ETA: 09:05:00
Recent round times: R1: 8.4s -> R2: 8.6s -> R3: 8.9s -> R4: 8.8s -> R5: 8.4s

  0%|          | 0/79 [00:00<?, ?it/s]
  4%|▍         | 3/79 [00:00<00:03, 23.43it/s]
 10%|█         | 8/79 [00:00<00:02, 35.34it/s]
 15%|█▌        | 12/79 [00:00<00:01, 36.77it/s]
 20%|██        | 16/79 [00:00<00:01, 37.84it/s]
 25%|██▌       | 20/79 [00:00<00:01, 38.52it/s]
 32%|███▏      | 25/79 [00:00<00:01, 41.19it/s]
 38%|███▊      | 30/79 [00:00<00:01, 39.01it/s]
 43%|████▎     | 34/79 [00:00<00:01, 39.23it/s]
 49%|████▉     | 39/79 [00:00<00:00, 42.13it/s]
 56%|█████▌    | 44/79 [00:01<00:00, 39.07it/s]
 62%|██████▏   | 49/79 [00:01<00:00, 42.00it/s]
 68%|██████▊   | 54/79 [00:01<00:00, 38.76it/s]
 75%|███████▍  | 59/79 [00:01<00:00, 41.08it/s]
 81%|████████  | 64/79 [00:01<00:00, 38.38it/s]
 87%|████████▋ | 69/79 [00:01<00:00, 41.12it/s]
 94%|█████████▎| 74/79 [00:01<00:00, 38.67it/s]
100%|██████████| 79/79 [00:02<00:00, 39.42it/s]

CommRound: 7/30
Accuracy: 85.02% | Loss: 0.6838
[##############----------------------------------------------] 23.3%
Elapsed: 1.0m | Avg/Round: 8.9s | Last: 8.7s | Next: 8.9s | Remaining: 3.4m
ETA: 09:04:59
Recent round times: R1: 8.6s -> R2: 8.9s -> R3: 8.8s -> R4: 8.4s -> R5: 8.7s

  0%|          | 0/79 [00:00<?, ?it/s]
  4%|▍         | 3/79 [00:00<00:03, 23.05it/s]
 10%|█         | 8/79 [00:00<00:02, 34.88it/s]
 16%|█▋        | 13/79 [00:00<00:01, 36.18it/s]
 23%|██▎       | 18/79 [00:00<00:01, 39.29it/s]
 29%|██▉       | 23/79 [00:00<00:01, 38.80it/s]
 35%|███▌      | 28/79 [00:00<00:01, 40.42it/s]
 42%|████▏     | 33/79 [00:00<00:01, 40.07it/s]
 48%|████▊     | 38/79 [00:00<00:01, 40.69it/s]
 54%|█████▍    | 43/79 [00:01<00:00, 40.87it/s]
 61%|██████    | 48/79 [00:01<00:00, 40.73it/s]
 67%|██████▋   | 53/79 [00:01<00:00, 41.39it/s]
 73%|███████▎  | 58/79 [00:01<00:00, 40.61it/s]
 80%|███████▉  | 63/79 [00:01<00:00, 41.87it/s]
 86%|████████▌ | 68/79 [00:01<00:00, 40.21it/s]
 92%|█████████▏| 73/79 [00:01<00:00, 42.45it/s]
 99%|█████████▊| 78/79 [00:01<00:00, 40.18it/s]
100%|██████████| 79/79 [00:01<00:00, 40.02it/s]

CommRound: 8/30
Accuracy: 83.70% | Loss: 0.7991
[################--------------------------------------------] 26.7%
Elapsed: 1.2m | Avg/Round: 8.9s | Last: 8.6s | Next: 8.9s | Remaining: 3.3m
ETA: 09:04:58
Recent round times: R1: 8.9s -> R2: 8.8s -> R3: 8.4s -> R4: 8.7s -> R5: 8.6s

  0%|          | 0/79 [00:00<?, ?it/s]
  4%|▍         | 3/79 [00:00<00:03, 23.25it/s]
 10%|█         | 8/79 [00:00<00:01, 36.52it/s]
 15%|█▌        | 12/79 [00:00<00:01, 37.97it/s]
 22%|██▏       | 17/79 [00:00<00:01, 37.26it/s]
 28%|██▊       | 22/79 [00:00<00:01, 40.47it/s]
 34%|███▍      | 27/79 [00:00<00:01, 38.94it/s]
 41%|████      | 32/79 [00:00<00:01, 41.33it/s]
 47%|████▋     | 37/79 [00:00<00:01, 39.58it/s]
 53%|█████▎    | 42/79 [00:01<00:00, 41.86it/s]
 59%|█████▉    | 47/79 [00:01<00:00, 39.80it/s]
 66%|██████▌   | 52/79 [00:01<00:00, 42.31it/s]
 72%|███████▏  | 57/79 [00:01<00:00, 40.27it/s]
 78%|███████▊  | 62/79 [00:01<00:00, 42.68it/s]
 85%|████████▍ | 67/79 [00:01<00:00, 40.48it/s]
 91%|█████████ | 72/79 [00:01<00:00, 42.62it/s]
 97%|█████████▋| 77/79 [00:01<00:00, 40.63it/s]
100%|██████████| 79/79 [00:01<00:00, 40.71it/s]

CommRound: 9/30
Accuracy: 78.64% | Loss: 1.0894
[##################------------------------------------------] 30.0%
Elapsed: 1.3m | Avg/Round: 8.9s | Last: 8.8s | Next: 8.9s | Remaining: 3.1m
ETA: 09:04:58
Recent round times: R1: 8.8s -> R2: 8.4s -> R3: 8.7s -> R4: 8.6s -> R5: 8.8s

  0%|          | 0/79 [00:00<?, ?it/s]
  4%|▍         | 3/79 [00:00<00:03, 23.77it/s]
 10%|█         | 8/79 [00:00<00:01, 36.49it/s]
 16%|█▋        | 13/79 [00:00<00:01, 36.97it/s]
 23%|██▎       | 18/79 [00:00<00:01, 41.12it/s]
 29%|██▉       | 23/79 [00:00<00:01, 39.32it/s]
 37%|███▋      | 29/79 [00:00<00:01, 40.27it/s]
 44%|████▍     | 35/79 [00:00<00:01, 40.87it/s]
 52%|█████▏    | 41/79 [00:01<00:00, 40.93it/s]
 59%|█████▉    | 47/79 [00:01<00:00, 41.28it/s]
 67%|██████▋   | 53/79 [00:01<00:00, 41.16it/s]
 73%|███████▎  | 58/79 [00:01<00:00, 43.04it/s]
 80%|███████▉  | 63/79 [00:01<00:00, 40.63it/s]
 87%|████████▋ | 69/79 [00:01<00:00, 41.08it/s]
 95%|█████████▍| 75/79 [00:01<00:00, 41.40it/s]
100%|██████████| 79/79 [00:01<00:00, 41.09it/s]

CommRound: 10/30
Accuracy: 86.39% | Loss: 0.6033
[####################----------------------------------------] 33.3%
Elapsed: 1.5m | Avg/Round: 8.9s | Last: 8.7s | Next: 8.9s | Remaining: 3.0m
ETA: 09:04:57
Recent round times: R1: 8.4s -> R2: 8.7s -> R3: 8.6s -> R4: 8.8s -> R5: 8.7s

  0%|          | 0/79 [00:00<?, ?it/s]
  4%|▍         | 3/79 [00:00<00:03, 23.79it/s]
 10%|█         | 8/79 [00:00<00:01, 35.56it/s]
 16%|█▋        | 13/79 [00:00<00:01, 38.32it/s]
 23%|██▎       | 18/79 [00:00<00:01, 38.96it/s]
 29%|██▉       | 23/79 [00:00<00:01, 41.99it/s]
 35%|███▌      | 28/79 [00:00<00:01, 39.93it/s]
 42%|████▏     | 33/79 [00:00<00:01, 42.58it/s]
 48%|████▊     | 38/79 [00:00<00:01, 40.37it/s]
 56%|█████▌    | 44/79 [00:01<00:00, 41.05it/s]
 63%|██████▎   | 50/79 [00:01<00:00, 41.56it/s]
 71%|███████   | 56/79 [00:01<00:00, 41.88it/s]
 77%|███████▋  | 61/79 [00:01<00:00, 43.81it/s]
 84%|████████▎ | 66/79 [00:01<00:00, 41.46it/s]
 91%|█████████ | 72/79 [00:01<00:00, 41.69it/s]
 99%|█████████▊| 78/79 [00:01<00:00, 42.01it/s]
100%|██████████| 79/79 [00:01<00:00, 41.09it/s]

CommRound: 11/30
Accuracy: 84.30% | Loss: 0.7445
[######################--------------------------------------] 36.7%
Elapsed: 1.6m | Avg/Round: 8.8s | Last: 8.8s | Next: 8.8s | Remaining: 2.8m
ETA: 09:04:57
Recent round times: R1: 8.7s -> R2: 8.6s -> R3: 8.8s -> R4: 8.7s -> R5: 8.8s

  0%|          | 0/79 [00:00<?, ?it/s]
  4%|▍         | 3/79 [00:00<00:03, 22.82it/s]
 10%|█         | 8/79 [00:00<00:01, 35.77it/s]
 15%|█▌        | 12/79 [00:00<00:01, 37.31it/s]
 20%|██        | 16/79 [00:00<00:01, 35.26it/s]
 27%|██▋       | 21/79 [00:00<00:01, 38.67it/s]
 33%|███▎      | 26/79 [00:00<00:01, 39.03it/s]
 39%|███▉      | 31/79 [00:00<00:01, 40.42it/s]
 46%|████▌     | 36/79 [00:00<00:01, 41.27it/s]
 52%|█████▏    | 41/79 [00:01<00:00, 41.31it/s]
 58%|█████▊    | 46/79 [00:01<00:00, 39.73it/s]
 66%|██████▌   | 52/79 [00:01<00:00, 40.54it/s]
 73%|███████▎  | 58/79 [00:01<00:00, 41.18it/s]
 81%|████████  | 64/79 [00:01<00:00, 41.50it/s]
 89%|████████▊ | 70/79 [00:01<00:00, 41.68it/s]
 96%|█████████▌| 76/79 [00:01<00:00, 41.96it/s]
100%|██████████| 79/79 [00:01<00:00, 40.28it/s]

CommRound: 12/30
Accuracy: 87.05% | Loss: 0.6280
[########################------------------------------------] 40.0%
Elapsed: 1.8m | Avg/Round: 8.8s | Last: 8.8s | Next: 8.8s | Remaining: 2.7m
ETA: 09:04:57
Recent round times: R1: 8.6s -> R2: 8.8s -> R3: 8.7s -> R4: 8.8s -> R5: 8.8s

  0%|          | 0/79 [00:00<?, ?it/s]
  4%|▍         | 3/79 [00:00<00:03, 23.71it/s]
 11%|█▏        | 9/79 [00:00<00:01, 35.44it/s]
 19%|█▉        | 15/79 [00:00<00:01, 39.23it/s]
 27%|██▋       | 21/79 [00:00<00:01, 41.02it/s]
 34%|███▍      | 27/79 [00:00<00:01, 42.02it/s]
 42%|████▏     | 33/79 [00:00<00:01, 39.49it/s]
 49%|████▉     | 39/79 [00:00<00:00, 40.44it/s]
 57%|█████▋    | 45/79 [00:01<00:00, 41.12it/s]
 65%|██████▍   | 51/79 [00:01<00:00, 41.59it/s]
 72%|███████▏  | 57/79 [00:01<00:00, 42.41it/s]
 80%|███████▉  | 63/79 [00:01<00:00, 42.97it/s]
 87%|████████▋ | 69/79 [00:01<00:00, 43.04it/s]
 95%|█████████▍| 75/79 [00:01<00:00, 43.21it/s]
100%|██████████| 79/79 [00:01<00:00, 41.99it/s]

CommRound: 13/30
Accuracy: 87.84% | Loss: 0.6421
[##########################----------------------------------] 43.3%
Elapsed: 1.9m | Avg/Round: 8.8s | Last: 8.8s | Next: 8.8s | Remaining: 2.5m
ETA: 09:04:57
Recent round times: R1: 8.8s -> R2: 8.7s -> R3: 8.8s -> R4: 8.8s -> R5: 8.8s

  0%|          | 0/79 [00:00<?, ?it/s]
  3%|▎         | 2/79 [00:00<00:03, 19.85it/s]
  9%|▉         | 7/79 [00:00<00:02, 31.99it/s]
 14%|█▍        | 11/79 [00:00<00:01, 35.14it/s]
 19%|█▉        | 15/79 [00:00<00:01, 36.85it/s]
 25%|██▌       | 20/79 [00:00<00:01, 40.52it/s]
 32%|███▏      | 25/79 [00:00<00:01, 39.63it/s]
 38%|███▊      | 30/79 [00:00<00:01, 41.42it/s]
 44%|████▍     | 35/79 [00:00<00:01, 41.08it/s]
 51%|█████     | 40/79 [00:01<00:00, 41.20it/s]
 57%|█████▋    | 45/79 [00:01<00:00, 41.91it/s]
 63%|██████▎   | 50/79 [00:01<00:00, 41.06it/s]
 70%|██████▉   | 55/79 [00:01<00:00, 42.81it/s]
 76%|███████▌  | 60/79 [00:01<00:00, 41.07it/s]
 84%|████████▎ | 66/79 [00:01<00:00, 41.47it/s]
 91%|█████████ | 72/79 [00:01<00:00, 41.69it/s]
 99%|█████████▊| 78/79 [00:01<00:00, 41.96it/s]
100%|██████████| 79/79 [00:01<00:00, 40.59it/s]

CommRound: 14/30
Accuracy: 87.94% | Loss: 0.6721
[############################--------------------------------] 46.7%
Elapsed: 2.1m | Avg/Round: 8.9s | Last: 9.1s | Next: 8.9s | Remaining: 2.4m
ETA: 09:04:57
Recent round times: R1: 8.7s -> R2: 8.8s -> R3: 8.8s -> R4: 8.8s -> R5: 9.1s

  0%|          | 0/79 [00:00<?, ?it/s]
  4%|▍         | 3/79 [00:00<00:03, 23.30it/s]
 10%|█         | 8/79 [00:00<00:01, 36.20it/s]
 16%|█▋        | 13/79 [00:00<00:01, 36.88it/s]
 23%|██▎       | 18/79 [00:00<00:01, 40.01it/s]
 29%|██▉       | 23/79 [00:00<00:01, 40.49it/s]
 35%|███▌      | 28/79 [00:00<00:01, 41.98it/s]
 42%|████▏     | 33/79 [00:00<00:01, 41.73it/s]
 48%|████▊     | 38/79 [00:00<00:00, 43.06it/s]
 54%|█████▍    | 43/79 [00:01<00:00, 42.21it/s]
 61%|██████    | 48/79 [00:01<00:00, 43.56it/s]
 67%|██████▋   | 53/79 [00:01<00:00, 42.38it/s]
 73%|███████▎  | 58/79 [00:01<00:00, 43.80it/s]
 80%|███████▉  | 63/79 [00:01<00:00, 42.61it/s]
 86%|████████▌ | 68/79 [00:01<00:00, 44.36it/s]
 92%|█████████▏| 73/79 [00:01<00:00, 42.58it/s]
100%|██████████| 79/79 [00:01<00:00, 42.29it/s]

CommRound: 15/30
Accuracy: 88.73% | Loss: 0.6345
[##############################------------------------------] 50.0%
Elapsed: 2.2m | Avg/Round: 8.8s | Last: 8.7s | Next: 8.8s | Remaining: 2.2m
ETA: 09:04:57
Recent round times: R1: 8.8s -> R2: 8.8s -> R3: 8.8s -> R4: 9.1s -> R5: 8.7s

  0%|          | 0/79 [00:00<?, ?it/s]
  4%|▍         | 3/79 [00:00<00:03, 22.95it/s]
 10%|█         | 8/79 [00:00<00:01, 36.99it/s]
 15%|█▌        | 12/79 [00:00<00:01, 37.99it/s]
 20%|██        | 16/79 [00:00<00:01, 38.58it/s]
 27%|██▋       | 21/79 [00:00<00:01, 38.21it/s]
 33%|███▎      | 26/79 [00:00<00:01, 40.23it/s]
 39%|███▉      | 31/79 [00:00<00:01, 39.62it/s]
 46%|████▌     | 36/79 [00:00<00:01, 40.73it/s]
 52%|█████▏    | 41/79 [00:01<00:00, 40.68it/s]
 58%|█████▊    | 46/79 [00:01<00:00, 40.76it/s]
 65%|██████▍   | 51/79 [00:01<00:00, 42.16it/s]
 71%|███████   | 56/79 [00:01<00:00, 40.70it/s]
 77%|███████▋  | 61/79 [00:01<00:00, 42.61it/s]
 84%|████████▎ | 66/79 [00:01<00:00, 40.54it/s]
 90%|████████▉ | 71/79 [00:01<00:00, 42.54it/s]
 96%|█████████▌| 76/79 [00:01<00:00, 40.52it/s]
100%|██████████| 79/79 [00:01<00:00, 40.34it/s]

CommRound: 16/30
Accuracy: 88.38% | Loss: 0.6692
[################################----------------------------] 53.3%
Elapsed: 2.4m | Avg/Round: 8.8s | Last: 8.8s | Next: 8.8s | Remaining: 2.1m
ETA: 09:04:57
Recent round times: R1: 8.8s -> R2: 8.8s -> R3: 9.1s -> R4: 8.7s -> R5: 8.8s

  0%|          | 0/79 [00:00<?, ?it/s]
  4%|▍         | 3/79 [00:00<00:03, 23.53it/s]
 10%|█         | 8/79 [00:00<00:01, 36.29it/s]
 15%|█▌        | 12/79 [00:00<00:01, 37.42it/s]
 20%|██        | 16/79 [00:00<00:01, 37.87it/s]
 25%|██▌       | 20/79 [00:00<00:01, 38.33it/s]
 32%|███▏      | 25/79 [00:00<00:01, 39.54it/s]
 38%|███▊      | 30/79 [00:00<00:01, 40.30it/s]
 44%|████▍     | 35/79 [00:00<00:01, 40.60it/s]
 51%|█████     | 40/79 [00:01<00:00, 40.05it/s]
 57%|█████▋    | 45/79 [00:01<00:00, 41.19it/s]
 63%|██████▎   | 50/79 [00:01<00:00, 40.17it/s]
 70%|██████▉   | 55/79 [00:01<00:00, 41.29it/s]
 76%|███████▌  | 60/79 [00:01<00:00, 40.28it/s]
 82%|████████▏ | 65/79 [00:01<00:00, 41.67it/s]
 89%|████████▊ | 70/79 [00:01<00:00, 40.36it/s]
 95%|█████████▍| 75/79 [00:01<00:00, 42.04it/s]
100%|██████████| 79/79 [00:01<00:00, 40.01it/s]

CommRound: 17/30
Accuracy: 88.55% | Loss: 0.6813
[##################################--------------------------] 56.7%
Elapsed: 2.5m | Avg/Round: 8.8s | Last: 8.8s | Next: 8.8s | Remaining: 1.9m
ETA: 09:04:57
Recent round times: R1: 8.8s -> R2: 9.1s -> R3: 8.7s -> R4: 8.8s -> R5: 8.8s

  0%|          | 0/79 [00:00<?, ?it/s]
  4%|▍         | 3/79 [00:00<00:03, 22.97it/s]
 10%|█         | 8/79 [00:00<00:01, 36.97it/s]
 16%|█▋        | 13/79 [00:00<00:01, 36.15it/s]
 24%|██▍       | 19/79 [00:00<00:01, 38.59it/s]
 32%|███▏      | 25/79 [00:00<00:01, 39.70it/s]
 39%|███▉      | 31/79 [00:00<00:01, 40.26it/s]
 47%|████▋     | 37/79 [00:00<00:01, 40.72it/s]
 54%|█████▍    | 43/79 [00:01<00:00, 40.95it/s]
 62%|██████▏   | 49/79 [00:01<00:00, 41.09it/s]
 70%|██████▉   | 55/79 [00:01<00:00, 41.32it/s]
 77%|███████▋  | 61/79 [00:01<00:00, 41.44it/s]
 85%|████████▍ | 67/79 [00:01<00:00, 41.51it/s]
 92%|█████████▏| 73/79 [00:01<00:00, 41.56it/s]
100%|██████████| 79/79 [00:01<00:00, 45.49it/s]
100%|██████████| 79/79 [00:01<00:00, 40.87it/s]

CommRound: 18/30
Accuracy: 88.67% | Loss: 0.6881
[####################################------------------------] 60.0%
Elapsed: 2.6m | Avg/Round: 8.8s | Last: 8.7s | Next: 8.8s | Remaining: 1.8m
ETA: 09:04:56
Recent round times: R1: 9.1s -> R2: 8.7s -> R3: 8.8s -> R4: 8.8s -> R5: 8.7s

  0%|          | 0/79 [00:00<?, ?it/s]
  4%|▍         | 3/79 [00:00<00:03, 22.40it/s]
 10%|█         | 8/79 [00:00<00:01, 36.29it/s]
 16%|█▋        | 13/79 [00:00<00:01, 35.03it/s]
 24%|██▍       | 19/79 [00:00<00:01, 37.66it/s]
 32%|███▏      | 25/79 [00:00<00:01, 38.99it/s]
 39%|███▉      | 31/79 [00:00<00:01, 39.88it/s]
 47%|████▋     | 37/79 [00:00<00:01, 40.34it/s]
 54%|█████▍    | 43/79 [00:01<00:00, 40.89it/s]
 62%|██████▏   | 49/79 [00:01<00:00, 41.15it/s]
 70%|██████▉   | 55/79 [00:01<00:00, 41.15it/s]
 77%|███████▋  | 61/79 [00:01<00:00, 41.39it/s]
 85%|████████▍ | 67/79 [00:01<00:00, 41.68it/s]
 92%|█████████▏| 73/79 [00:01<00:00, 41.98it/s]
100%|██████████| 79/79 [00:01<00:00, 45.93it/s]
100%|██████████| 79/79 [00:01<00:00, 40.76it/s]

CommRound: 19/30
Accuracy: 88.77% | Loss: 0.6961
[######################################----------------------] 63.3%
Elapsed: 2.8m | Avg/Round: 8.8s | Last: 8.7s | Next: 8.8s | Remaining: 1.6m
ETA: 09:04:56
Recent round times: R1: 8.7s -> R2: 8.8s -> R3: 8.8s -> R4: 8.7s -> R5: 8.7s

  0%|          | 0/79 [00:00<?, ?it/s]
  4%|▍         | 3/79 [00:00<00:03, 23.84it/s]
 11%|█▏        | 9/79 [00:00<00:01, 35.19it/s]
 19%|█▉        | 15/79 [00:00<00:01, 38.39it/s]
 27%|██▋       | 21/79 [00:00<00:01, 40.45it/s]
 34%|███▍      | 27/79 [00:00<00:01, 41.28it/s]
 42%|████▏     | 33/79 [00:00<00:01, 41.88it/s]
 49%|████▉     | 39/79 [00:00<00:00, 42.48it/s]
 57%|█████▋    | 45/79 [00:01<00:00, 42.79it/s]
 65%|██████▍   | 51/79 [00:01<00:00, 43.12it/s]
 71%|███████   | 56/79 [00:01<00:00, 44.71it/s]
 77%|███████▋  | 61/79 [00:01<00:00, 42.60it/s]
 84%|████████▎ | 66/79 [00:01<00:00, 42.90it/s]
 90%|████████▉ | 71/79 [00:01<00:00, 43.13it/s]
 96%|█████████▌| 76/79 [00:01<00:00, 41.63it/s]
100%|██████████| 79/79 [00:01<00:00, 41.69it/s]

CommRound: 20/30
Accuracy: 88.80% | Loss: 0.7032
[########################################--------------------] 66.7%
Elapsed: 2.9m | Avg/Round: 8.8s | Last: 8.6s | Next: 8.8s | Remaining: 1.5m
ETA: 09:04:56
Recent round times: R1: 8.8s -> R2: 8.8s -> R3: 8.7s -> R4: 8.7s -> R5: 8.6s

  0%|          | 0/79 [00:00<?, ?it/s]
  4%|▍         | 3/79 [00:00<00:03, 23.48it/s]
 10%|█         | 8/79 [00:00<00:01, 36.25it/s]
 16%|█▋        | 13/79 [00:00<00:01, 36.66it/s]
 24%|██▍       | 19/79 [00:00<00:01, 39.03it/s]
 32%|███▏      | 25/79 [00:00<00:01, 40.26it/s]
 38%|███▊      | 30/79 [00:00<00:01, 42.66it/s]
 44%|████▍     | 35/79 [00:00<00:01, 40.68it/s]
 51%|█████     | 40/79 [00:00<00:00, 42.48it/s]
 57%|█████▋    | 45/79 [00:01<00:00, 40.74it/s]
 63%|██████▎   | 50/79 [00:01<00:00, 42.23it/s]
 70%|██████▉   | 55/79 [00:01<00:00, 40.79it/s]
 76%|███████▌  | 60/79 [00:01<00:00, 42.07it/s]
 82%|████████▏ | 65/79 [00:01<00:00, 40.65it/s]
 89%|████████▊ | 70/79 [00:01<00:00, 41.61it/s]
 95%|█████████▍| 75/79 [00:01<00:00, 40.37it/s]
100%|██████████| 79/79 [00:01<00:00, 40.72it/s]

CommRound: 21/30
Accuracy: 88.80% | Loss: 0.7101
[##########################################------------------] 70.0%
Elapsed: 3.1m | Avg/Round: 8.8s | Last: 8.9s | Next: 8.8s | Remaining: 1.3m
ETA: 09:04:56
Recent round times: R1: 8.8s -> R2: 8.7s -> R3: 8.7s -> R4: 8.6s -> R5: 8.9s

  0%|          | 0/79 [00:00<?, ?it/s]
  4%|▍         | 3/79 [00:00<00:03, 22.69it/s]
 10%|█         | 8/79 [00:00<00:01, 36.75it/s]
 16%|█▋        | 13/79 [00:00<00:01, 36.17it/s]
 24%|██▍       | 19/79 [00:00<00:01, 39.05it/s]
 32%|███▏      | 25/79 [00:00<00:01, 40.27it/s]
 39%|███▉      | 31/79 [00:00<00:01, 41.35it/s]
 47%|████▋     | 37/79 [00:00<00:01, 41.66it/s]
 54%|█████▍    | 43/79 [00:01<00:00, 41.78it/s]
 62%|██████▏   | 49/79 [00:01<00:00, 41.75it/s]
 70%|██████▉   | 55/79 [00:01<00:00, 41.54it/s]
 77%|███████▋  | 61/79 [00:01<00:00, 41.73it/s]
 85%|████████▍ | 67/79 [00:01<00:00, 42.51it/s]
 92%|█████████▏| 73/79 [00:01<00:00, 42.88it/s]
100%|██████████| 79/79 [00:01<00:00, 46.89it/s]
100%|██████████| 79/79 [00:01<00:00, 41.71it/s]

CommRound: 22/30
Accuracy: 88.82% | Loss: 0.7159
[############################################----------------] 73.3%
Elapsed: 3.2m | Avg/Round: 8.8s | Last: 8.5s | Next: 8.8s | Remaining: 1.2m
ETA: 09:04:56
Recent round times: R1: 8.7s -> R2: 8.7s -> R3: 8.6s -> R4: 8.9s -> R5: 8.5s

  0%|          | 0/79 [00:00<?, ?it/s]
  4%|▍         | 3/79 [00:00<00:03, 22.82it/s]
 10%|█         | 8/79 [00:00<00:01, 36.81it/s]
 16%|█▋        | 13/79 [00:00<00:01, 35.50it/s]
 24%|██▍       | 19/79 [00:00<00:01, 37.75it/s]
 32%|███▏      | 25/79 [00:00<00:01, 39.06it/s]
 38%|███▊      | 30/79 [00:00<00:01, 41.85it/s]
 44%|████▍     | 35/79 [00:00<00:01, 39.14it/s]
 52%|█████▏    | 41/79 [00:01<00:00, 39.97it/s]
 59%|█████▉    | 47/79 [00:01<00:00, 41.40it/s]
 67%|██████▋   | 53/79 [00:01<00:00, 42.39it/s]
 75%|███████▍  | 59/79 [00:01<00:00, 42.60it/s]
 81%|████████  | 64/79 [00:01<00:00, 44.31it/s]
 87%|████████▋ | 69/79 [00:01<00:00, 41.38it/s]
 95%|█████████▍| 75/79 [00:01<00:00, 42.04it/s]
100%|██████████| 79/79 [00:01<00:00, 41.27it/s]

CommRound: 23/30
Accuracy: 88.82% | Loss: 0.7218
[##############################################--------------] 76.7%
Elapsed: 3.4m | Avg/Round: 8.8s | Last: 8.8s | Next: 8.8s | Remaining: 1.0m
ETA: 09:04:56
Recent round times: R1: 8.7s -> R2: 8.6s -> R3: 8.9s -> R4: 8.5s -> R5: 8.8s

  0%|          | 0/79 [00:00<?, ?it/s]
  4%|▍         | 3/79 [00:00<00:03, 23.35it/s]
 11%|█▏        | 9/79 [00:00<00:02, 34.68it/s]
 18%|█▊        | 14/79 [00:00<00:01, 40.47it/s]
 24%|██▍       | 19/79 [00:00<00:01, 38.38it/s]
 32%|███▏      | 25/79 [00:00<00:01, 39.80it/s]
 39%|███▉      | 31/79 [00:00<00:01, 40.66it/s]
 47%|████▋     | 37/79 [00:00<00:01, 41.18it/s]
 54%|█████▍    | 43/79 [00:01<00:00, 41.35it/s]
 62%|██████▏   | 49/79 [00:01<00:00, 41.31it/s]
 70%|██████▉   | 55/79 [00:01<00:00, 41.22it/s]
 77%|███████▋  | 61/79 [00:01<00:00, 41.15it/s]
 85%|████████▍ | 67/79 [00:01<00:00, 41.41it/s]
 92%|█████████▏| 73/79 [00:01<00:00, 41.59it/s]
100%|██████████| 79/79 [00:01<00:00, 45.45it/s]
100%|██████████| 79/79 [00:01<00:00, 41.05it/s]

CommRound: 24/30
Accuracy: 88.85% | Loss: 0.7273
[################################################------------] 80.0%
Elapsed: 3.5m | Avg/Round: 8.8s | Last: 8.7s | Next: 8.8s | Remaining: 0.9m
ETA: 09:04:56
Recent round times: R1: 8.6s -> R2: 8.9s -> R3: 8.5s -> R4: 8.8s -> R5: 8.7s

  0%|          | 0/79 [00:00<?, ?it/s]
  3%|▎         | 2/79 [00:00<00:03, 19.83it/s]
  9%|▉         | 7/79 [00:00<00:02, 32.71it/s]
 15%|█▌        | 12/79 [00:00<00:01, 39.21it/s]
 22%|██▏       | 17/79 [00:00<00:01, 38.04it/s]
 28%|██▊       | 22/79 [00:00<00:01, 41.33it/s]
 34%|███▍      | 27/79 [00:00<00:01, 39.53it/s]
 41%|████      | 32/79 [00:00<00:01, 42.16it/s]
 47%|████▋     | 37/79 [00:00<00:01, 40.61it/s]
 53%|█████▎    | 42/79 [00:01<00:00, 42.24it/s]
 59%|█████▉    | 47/79 [00:01<00:00, 41.30it/s]
 66%|██████▌   | 52/79 [00:01<00:00, 42.04it/s]
 72%|███████▏  | 57/79 [00:01<00:00, 41.27it/s]
 78%|███████▊  | 62/79 [00:01<00:00, 42.11it/s]
 85%|████████▍ | 67/79 [00:01<00:00, 41.03it/s]
 91%|█████████ | 72/79 [00:01<00:00, 42.18it/s]
 97%|█████████▋| 77/79 [00:01<00:00, 40.96it/s]
100%|██████████| 79/79 [00:01<00:00, 40.96it/s]

CommRound: 25/30
Accuracy: 88.88% | Loss: 0.7322
[##################################################----------] 83.3%
Elapsed: 3.7m | Avg/Round: 8.8s | Last: 8.8s | Next: 8.8s | Remaining: 0.7m
ETA: 09:04:56
Recent round times: R1: 8.9s -> R2: 8.5s -> R3: 8.8s -> R4: 8.7s -> R5: 8.8s

  0%|          | 0/79 [00:00<?, ?it/s]
  4%|▍         | 3/79 [00:00<00:03, 23.15it/s]
 10%|█         | 8/79 [00:00<00:01, 37.19it/s]
 16%|█▋        | 13/79 [00:00<00:01, 37.59it/s]
 23%|██▎       | 18/79 [00:00<00:01, 40.67it/s]
 29%|██▉       | 23/79 [00:00<00:01, 40.72it/s]
 35%|███▌      | 28/79 [00:00<00:01, 41.50it/s]
 42%|████▏     | 33/79 [00:00<00:01, 42.36it/s]
 48%|████▊     | 38/79 [00:00<00:00, 41.62it/s]
 54%|█████▍    | 43/79 [00:01<00:00, 43.40it/s]
 61%|██████    | 48/79 [00:01<00:00, 41.31it/s]
 68%|██████▊   | 54/79 [00:01<00:00, 41.76it/s]
 76%|███████▌  | 60/79 [00:01<00:00, 42.02it/s]
 84%|████████▎ | 66/79 [00:01<00:00, 42.23it/s]
 91%|█████████ | 72/79 [00:01<00:00, 42.23it/s]
 99%|█████████▊| 78/79 [00:01<00:00, 42.55it/s]
100%|██████████| 79/79 [00:01<00:00, 41.56it/s]

CommRound: 26/30
Accuracy: 88.92% | Loss: 0.7369
[####################################################--------] 86.7%
Elapsed: 3.8m | Avg/Round: 8.8s | Last: 8.9s | Next: 8.8s | Remaining: 0.6m
ETA: 09:04:56
Recent round times: R1: 8.5s -> R2: 8.8s -> R3: 8.7s -> R4: 8.8s -> R5: 8.9s

  0%|          | 0/79 [00:00<?, ?it/s]
  4%|▍         | 3/79 [00:00<00:03, 23.12it/s]
 11%|█▏        | 9/79 [00:00<00:02, 34.62it/s]
 19%|█▉        | 15/79 [00:00<00:01, 38.00it/s]
 27%|██▋       | 21/79 [00:00<00:01, 39.75it/s]
 34%|███▍      | 27/79 [00:00<00:01, 40.65it/s]
 42%|████▏     | 33/79 [00:00<00:01, 41.12it/s]
 49%|████▉     | 39/79 [00:00<00:00, 41.40it/s]
 57%|█████▋    | 45/79 [00:01<00:00, 41.66it/s]
 65%|██████▍   | 51/79 [00:01<00:00, 41.76it/s]
 72%|███████▏  | 57/79 [00:01<00:00, 41.82it/s]
 80%|███████▉  | 63/79 [00:01<00:00, 41.96it/s]
 87%|████████▋ | 69/79 [00:01<00:00, 42.05it/s]
 95%|█████████▍| 75/79 [00:01<00:00, 42.13it/s]
100%|██████████| 79/79 [00:01<00:00, 41.38it/s]

CommRound: 27/30
Accuracy: 88.95% | Loss: 0.7413
[######################################################------] 90.0%
Elapsed: 4.0m | Avg/Round: 8.8s | Last: 9.0s | Next: 8.8s | Remaining: 0.4m
ETA: 09:04:56
Recent round times: R1: 8.8s -> R2: 8.7s -> R3: 8.8s -> R4: 8.9s -> R5: 9.0s

  0%|          | 0/79 [00:00<?, ?it/s]
  4%|▍         | 3/79 [00:00<00:03, 23.13it/s]
  9%|▉         | 7/79 [00:00<00:02, 31.79it/s]
 16%|█▋        | 13/79 [00:00<00:01, 37.04it/s]
 24%|██▍       | 19/79 [00:00<00:01, 38.85it/s]
 32%|███▏      | 25/79 [00:00<00:01, 40.10it/s]
 39%|███▉      | 31/79 [00:00<00:01, 40.84it/s]
 47%|████▋     | 37/79 [00:00<00:01, 41.40it/s]
 54%|█████▍    | 43/79 [00:01<00:00, 41.85it/s]
 62%|██████▏   | 49/79 [00:01<00:00, 41.77it/s]
 70%|██████▉   | 55/79 [00:01<00:00, 41.95it/s]
 77%|███████▋  | 61/79 [00:01<00:00, 42.14it/s]
 85%|████████▍ | 67/79 [00:01<00:00, 42.46it/s]
 92%|█████████▏| 73/79 [00:01<00:00, 42.49it/s]
100%|██████████| 79/79 [00:01<00:00, 46.39it/s]
100%|██████████| 79/79 [00:01<00:00, 41.46it/s]

CommRound: 28/30
Accuracy: 88.95% | Loss: 0.7457
[########################################################----] 93.3%
Elapsed: 4.1m | Avg/Round: 8.8s | Last: 8.9s | Next: 8.8s | Remaining: 0.3m
ETA: 09:04:56
Recent round times: R1: 8.7s -> R2: 8.8s -> R3: 8.9s -> R4: 9.0s -> R5: 8.9s

  0%|          | 0/79 [00:00<?, ?it/s]
  4%|▍         | 3/79 [00:00<00:03, 23.15it/s]
 10%|█         | 8/79 [00:00<00:01, 35.64it/s]
 15%|█▌        | 12/79 [00:00<00:01, 37.27it/s]
 22%|██▏       | 17/79 [00:00<00:01, 37.70it/s]
 28%|██▊       | 22/79 [00:00<00:01, 40.66it/s]
 34%|███▍      | 27/79 [00:00<00:01, 39.26it/s]
 42%|████▏     | 33/79 [00:00<00:01, 40.40it/s]
 49%|████▉     | 39/79 [00:00<00:00, 41.09it/s]
 57%|█████▋    | 45/79 [00:01<00:00, 41.68it/s]
 65%|██████▍   | 51/79 [00:01<00:00, 41.99it/s]
 72%|███████▏  | 57/79 [00:01<00:00, 42.04it/s]
 80%|███████▉  | 63/79 [00:01<00:00, 42.47it/s]
 87%|████████▋ | 69/79 [00:01<00:00, 42.80it/s]
 95%|█████████▍| 75/79 [00:01<00:00, 42.17it/s]
100%|██████████| 79/79 [00:01<00:00, 41.41it/s]

CommRound: 29/30
Accuracy: 88.96% | Loss: 0.7496
[##########################################################--] 96.7%
Elapsed: 4.3m | Avg/Round: 8.8s | Last: 9.0s | Next: 8.8s | Remaining: 0.1m
ETA: 09:04:56
Recent round times: R1: 8.8s -> R2: 8.9s -> R3: 9.0s -> R4: 8.9s -> R5: 9.0s

  0%|          | 0/79 [00:00<?, ?it/s]
  4%|▍         | 3/79 [00:00<00:03, 23.26it/s]
 10%|█         | 8/79 [00:00<00:01, 37.30it/s]
 16%|█▋        | 13/79 [00:00<00:01, 36.14it/s]
 24%|██▍       | 19/79 [00:00<00:01, 38.82it/s]
 32%|███▏      | 25/79 [00:00<00:01, 40.31it/s]
 39%|███▉      | 31/79 [00:00<00:01, 41.17it/s]
 47%|████▋     | 37/79 [00:00<00:01, 41.87it/s]
 54%|█████▍    | 43/79 [00:01<00:00, 42.11it/s]
 62%|██████▏   | 49/79 [00:01<00:00, 42.16it/s]
 70%|██████▉   | 55/79 [00:01<00:00, 42.17it/s]
 77%|███████▋  | 61/79 [00:01<00:00, 42.34it/s]
 85%|████████▍ | 67/79 [00:01<00:00, 42.40it/s]
 92%|█████████▏| 73/79 [00:01<00:00, 42.29it/s]
100%|██████████| 79/79 [00:01<00:00, 46.08it/s]
100%|██████████| 79/79 [00:01<00:00, 41.65it/s]

CommRound: 30/30
Accuracy: 88.94% | Loss: 0.7532
[############################################################] 100.0%
Elapsed: 4.4m | Avg/Round: 8.8s | Last: 8.9s | Next: 8.8s | Remaining: 0.0m
ETA: 09:04:56
Recent round times: R1: 8.9s -> R2: 9.0s -> R3: 8.9s -> R4: 9.0s -> R5: 8.9s
Total time for experiment: 264.611451625824 seconds
Device average training time per communication round [s]:
    rpi (sld-rpi-09.ece.utexas.edu): 3.97 seconds
    mc1 (sld-mc1-09.ece.utexas.edu): 3.24 seconds
