
  0%|          | 0/79 [00:00<?, ?it/s]
  4%|▍         | 3/79 [00:00<00:03, 23.17it/s]
 10%|█         | 8/79 [00:00<00:01, 36.66it/s]
 16%|█▋        | 13/79 [00:00<00:01, 35.90it/s]
 24%|██▍       | 19/79 [00:00<00:01, 38.55it/s]
 32%|███▏      | 25/79 [00:00<00:01, 40.48it/s]
 38%|███▊      | 30/79 [00:00<00:01, 42.72it/s]
 44%|████▍     | 35/79 [00:00<00:01, 41.05it/s]
 51%|█████     | 40/79 [00:00<00:00, 43.05it/s]
 57%|█████▋    | 45/79 [00:01<00:00, 40.88it/s]
 63%|██████▎   | 50/79 [00:01<00:00, 41.20it/s]
 70%|██████▉   | 55/79 [00:01<00:00, 40.72it/s]
 76%|███████▌  | 60/79 [00:01<00:00, 40.91it/s]
 82%|████████▏ | 65/79 [00:01<00:00, 41.20it/s]
 89%|████████▊ | 70/79 [00:01<00:00, 41.13it/s]
 95%|█████████▍| 75/79 [00:01<00:00, 41.30it/s]
100%|██████████| 79/79 [00:01<00:00, 40.58it/s]
Initial Accuracy: 9.48%; Initial Loss: 2.3109

  0%|          | 0/79 [00:00<?, ?it/s]
  3%|▎         | 2/79 [00:00<00:03, 19.94it/s]
  9%|▉         | 7/79 [00:00<00:02, 32.34it/s]
 15%|█▌        | 12/79 [00:00<00:01, 39.63it/s]
 22%|██▏       | 17/79 [00:00<00:01, 37.99it/s]
 29%|██▉       | 23/79 [00:00<00:01, 39.51it/s]
 37%|███▋      | 29/79 [00:00<00:01, 40.20it/s]
 44%|████▍     | 35/79 [00:00<00:01, 41.09it/s]
 52%|█████▏    | 41/79 [00:01<00:00, 41.46it/s]
 59%|█████▉    | 47/79 [00:01<00:00, 41.96it/s]
 67%|██████▋   | 53/79 [00:01<00:00, 42.19it/s]
 75%|███████▍  | 59/79 [00:01<00:00, 42.33it/s]
 82%|████████▏ | 65/79 [00:01<00:00, 42.34it/s]
 90%|████████▉ | 71/79 [00:01<00:00, 42.59it/s]
 97%|█████████▋| 77/79 [00:01<00:00, 42.64it/s]
100%|██████████| 79/79 [00:01<00:00, 41.58it/s]

CommRound: 1/30
Accuracy: 40.77% | Loss: 1.9309
[##----------------------------------------------------------] 3.3%
Elapsed: 0.2m | Avg/Round: 11.1s | Last: 9.1s | Next: 11.1s | Remaining: 5.4m
ETA: 09:01:06
Recent round times: R1: 9.1s

  0%|          | 0/79 [00:00<?, ?it/s]
  4%|▍         | 3/79 [00:00<00:03, 23.10it/s]
  9%|▉         | 7/79 [00:00<00:02, 31.70it/s]
 15%|█▌        | 12/79 [00:00<00:01, 35.03it/s]
 22%|██▏       | 17/79 [00:00<00:01, 38.29it/s]
 28%|██▊       | 22/79 [00:00<00:01, 39.18it/s]
 34%|███▍      | 27/79 [00:00<00:01, 40.36it/s]
 41%|████      | 32/79 [00:00<00:01, 41.23it/s]
 47%|████▋     | 37/79 [00:00<00:01, 41.12it/s]
 53%|█████▎    | 42/79 [00:01<00:00, 42.13it/s]
 59%|█████▉    | 47/79 [00:01<00:00, 41.00it/s]
 66%|██████▌   | 52/79 [00:01<00:00, 43.11it/s]
 72%|███████▏  | 57/79 [00:01<00:00, 40.84it/s]
 80%|███████▉  | 63/79 [00:01<00:00, 41.34it/s]
 87%|████████▋ | 69/79 [00:01<00:00, 41.77it/s]
 95%|█████████▍| 75/79 [00:01<00:00, 41.82it/s]
100%|██████████| 79/79 [00:01<00:00, 40.91it/s]

CommRound: 2/30
Accuracy: 56.51% | Loss: 1.3838
[####--------------------------------------------------------] 6.7%
Elapsed: 0.3m | Avg/Round: 9.9s | Last: 8.8s | Next: 9.9s | Remaining: 4.6m
ETA: 09:00:31
Recent round times: R1: 9.1s -> R2: 8.8s

  0%|          | 0/79 [00:00<?, ?it/s]
  4%|▍         | 3/79 [00:00<00:03, 22.53it/s]
 10%|█         | 8/79 [00:00<00:02, 35.48it/s]
 16%|█▋        | 13/79 [00:00<00:01, 34.61it/s]
 22%|██▏       | 17/79 [00:00<00:01, 36.29it/s]
 29%|██▉       | 23/79 [00:00<00:01, 39.24it/s]
 37%|███▋      | 29/79 [00:00<00:01, 40.26it/s]
 44%|████▍     | 35/79 [00:00<00:01, 40.92it/s]
 52%|█████▏    | 41/79 [00:01<00:00, 41.26it/s]
 59%|█████▉    | 47/79 [00:01<00:00, 41.59it/s]
 67%|██████▋   | 53/79 [00:01<00:00, 41.76it/s]
 75%|███████▍  | 59/79 [00:01<00:00, 41.88it/s]
 82%|████████▏ | 65/79 [00:01<00:00, 41.64it/s]
 89%|████████▊ | 70/79 [00:01<00:00, 43.48it/s]
 95%|█████████▍| 75/79 [00:01<00:00, 41.09it/s]
100%|██████████| 79/79 [00:01<00:00, 40.86it/s]

CommRound: 3/30
Accuracy: 64.16% | Loss: 1.0757
[######------------------------------------------------------] 10.0%
Elapsed: 0.5m | Avg/Round: 9.5s | Last: 8.6s | Next: 9.5s | Remaining: 4.3m
ETA: 09:00:18
Recent round times: R1: 9.1s -> R2: 8.8s -> R3: 8.6s

  0%|          | 0/79 [00:00<?, ?it/s]
  1%|▏         | 1/79 [00:00<00:07,  9.90it/s]
  9%|▉         | 7/79 [00:00<00:02, 34.01it/s]
 15%|█▌        | 12/79 [00:00<00:01, 38.48it/s]
 22%|██▏       | 17/79 [00:00<00:01, 38.73it/s]
 28%|██▊       | 22/79 [00:00<00:01, 39.04it/s]
 34%|███▍      | 27/79 [00:00<00:01, 40.22it/s]
 41%|████      | 32/79 [00:00<00:01, 40.76it/s]
 47%|████▋     | 37/79 [00:00<00:01, 40.95it/s]
 53%|█████▎    | 42/79 [00:01<00:00, 41.48it/s]
 59%|█████▉    | 47/79 [00:01<00:00, 40.77it/s]
 66%|██████▌   | 52/79 [00:01<00:00, 41.08it/s]
 72%|███████▏  | 57/79 [00:01<00:00, 40.38it/s]
 78%|███████▊  | 62/79 [00:01<00:00, 41.14it/s]
 85%|████████▍ | 67/79 [00:01<00:00, 40.97it/s]
 91%|█████████ | 72/79 [00:01<00:00, 40.37it/s]
 97%|█████████▋| 77/79 [00:01<00:00, 41.55it/s]
100%|██████████| 79/79 [00:01<00:00, 39.91it/s]

CommRound: 4/30
Accuracy: 69.43% | Loss: 0.9979
[########----------------------------------------------------] 13.3%
Elapsed: 0.6m | Avg/Round: 9.3s | Last: 8.7s | Next: 9.3s | Remaining: 4.0m
ETA: 09:00:12
Recent round times: R1: 9.1s -> R2: 8.8s -> R3: 8.6s -> R4: 8.7s

  0%|          | 0/79 [00:00<?, ?it/s]
  4%|▍         | 3/79 [00:00<00:03, 22.09it/s]
 10%|█         | 8/79 [00:00<00:01, 36.34it/s]
 16%|█▋        | 13/79 [00:00<00:01, 36.59it/s]
 24%|██▍       | 19/79 [00:00<00:01, 39.42it/s]
 30%|███       | 24/79 [00:00<00:01, 42.53it/s]
 37%|███▋      | 29/79 [00:00<00:01, 41.09it/s]
 43%|████▎     | 34/79 [00:00<00:01, 42.43it/s]
 49%|████▉     | 39/79 [00:00<00:00, 41.57it/s]
 56%|█████▌    | 44/79 [00:01<00:00, 42.55it/s]
 62%|██████▏   | 49/79 [00:01<00:00, 40.73it/s]
 68%|██████▊   | 54/79 [00:01<00:00, 40.26it/s]
 75%|███████▍  | 59/79 [00:01<00:00, 38.20it/s]
 82%|████████▏ | 65/79 [00:01<00:00, 39.63it/s]
 90%|████████▉ | 71/79 [00:01<00:00, 40.40it/s]
 97%|█████████▋| 77/79 [00:01<00:00, 41.09it/s]
100%|██████████| 79/79 [00:01<00:00, 40.75it/s]

CommRound: 5/30
Accuracy: 75.02% | Loss: 0.8365
[##########--------------------------------------------------] 16.7%
Elapsed: 0.8m | Avg/Round: 9.2s | Last: 8.7s | Next: 9.2s | Remaining: 3.8m
ETA: 09:00:09
Recent round times: R1: 9.1s -> R2: 8.8s -> R3: 8.6s -> R4: 8.7s -> R5: 8.7s

  0%|          | 0/79 [00:00<?, ?it/s]
  4%|▍         | 3/79 [00:00<00:03, 23.39it/s]
 10%|█         | 8/79 [00:00<00:02, 34.78it/s]
 15%|█▌        | 12/79 [00:00<00:01, 36.83it/s]
 20%|██        | 16/79 [00:00<00:01, 37.75it/s]
 27%|██▋       | 21/79 [00:00<00:01, 40.58it/s]
 33%|███▎      | 26/79 [00:00<00:01, 38.95it/s]
 39%|███▉      | 31/79 [00:00<00:01, 40.57it/s]
 46%|████▌     | 36/79 [00:00<00:01, 39.53it/s]
 52%|█████▏    | 41/79 [00:01<00:00, 39.55it/s]
 58%|█████▊    | 46/79 [00:01<00:00, 40.44it/s]
 65%|██████▍   | 51/79 [00:01<00:00, 39.36it/s]
 70%|██████▉   | 55/79 [00:01<00:00, 39.33it/s]
 75%|███████▍  | 59/79 [00:01<00:00, 39.38it/s]
 80%|███████▉  | 63/79 [00:01<00:00, 39.11it/s]
 85%|████████▍ | 67/79 [00:01<00:00, 39.19it/s]
 90%|████████▉ | 71/79 [00:01<00:00, 39.25it/s]
 95%|█████████▍| 75/79 [00:01<00:00, 39.07it/s]
100%|██████████| 79/79 [00:02<00:00, 39.44it/s]

CommRound: 6/30
Accuracy: 81.24% | Loss: 0.6191
[############------------------------------------------------] 20.0%
Elapsed: 0.9m | Avg/Round: 9.1s | Last: 8.9s | Next: 9.1s | Remaining: 3.7m
ETA: 09:00:07
Recent round times: R1: 8.8s -> R2: 8.6s -> R3: 8.7s -> R4: 8.7s -> R5: 8.9s

  0%|          | 0/79 [00:00<?, ?it/s]
  4%|▍         | 3/79 [00:00<00:03, 22.29it/s]
 10%|█         | 8/79 [00:00<00:02, 35.02it/s]
 15%|█▌        | 12/79 [00:00<00:01, 36.03it/s]
 20%|██        | 16/79 [00:00<00:01, 37.20it/s]
 27%|██▋       | 21/79 [00:00<00:01, 40.40it/s]
 33%|███▎      | 26/79 [00:00<00:01, 38.86it/s]
 39%|███▉      | 31/79 [00:00<00:01, 41.86it/s]
 46%|████▌     | 36/79 [00:00<00:01, 39.34it/s]
 53%|█████▎    | 42/79 [00:01<00:00, 40.53it/s]
 59%|█████▉    | 47/79 [00:01<00:00, 42.43it/s]
 66%|██████▌   | 52/79 [00:01<00:00, 40.77it/s]
 72%|███████▏  | 57/79 [00:01<00:00, 41.05it/s]
 78%|███████▊  | 62/79 [00:01<00:00, 40.09it/s]
 85%|████████▍ | 67/79 [00:01<00:00, 40.85it/s]
 91%|█████████ | 72/79 [00:01<00:00, 40.20it/s]
 97%|█████████▋| 77/79 [00:01<00:00, 40.66it/s]
100%|██████████| 79/79 [00:01<00:00, 39.85it/s]

CommRound: 7/30
Accuracy: 78.58% | Loss: 0.7864
[##############----------------------------------------------] 23.3%
Elapsed: 1.1m | Avg/Round: 9.1s | Last: 8.7s | Next: 9.1s | Remaining: 3.5m
ETA: 09:00:05
Recent round times: R1: 8.6s -> R2: 8.7s -> R3: 8.7s -> R4: 8.9s -> R5: 8.7s

  0%|          | 0/79 [00:00<?, ?it/s]
  3%|▎         | 2/79 [00:00<00:04, 18.64it/s]
  9%|▉         | 7/79 [00:00<00:02, 31.18it/s]
 14%|█▍        | 11/79 [00:00<00:01, 34.36it/s]
 20%|██        | 16/79 [00:00<00:01, 39.81it/s]
 27%|██▋       | 21/79 [00:00<00:01, 36.89it/s]
 32%|███▏      | 25/79 [00:00<00:01, 37.75it/s]
 37%|███▋      | 29/79 [00:00<00:01, 36.80it/s]
 42%|████▏     | 33/79 [00:00<00:01, 35.22it/s]
 47%|████▋     | 37/79 [00:01<00:01, 36.54it/s]
 53%|█████▎    | 42/79 [00:01<00:00, 40.31it/s]
 59%|█████▉    | 47/79 [00:01<00:00, 37.34it/s]
 65%|██████▍   | 51/79 [00:01<00:00, 36.57it/s]
 70%|██████▉   | 55/79 [00:01<00:00, 37.24it/s]
 75%|███████▍  | 59/79 [00:01<00:00, 35.85it/s]
 80%|███████▉  | 63/79 [00:01<00:00, 35.50it/s]
 85%|████████▍ | 67/79 [00:01<00:00, 35.17it/s]
 90%|████████▉ | 71/79 [00:01<00:00, 35.53it/s]
 95%|█████████▍| 75/79 [00:02<00:00, 35.68it/s]
100%|██████████| 79/79 [00:02<00:00, 36.60it/s]

CommRound: 8/30
Accuracy: 78.75% | Loss: 0.7544
[################--------------------------------------------] 26.7%
Elapsed: 1.2m | Avg/Round: 9.1s | Last: 9.0s | Next: 9.1s | Remaining: 3.3m
ETA: 09:00:05
Recent round times: R1: 8.7s -> R2: 8.7s -> R3: 8.9s -> R4: 8.7s -> R5: 9.0s

  0%|          | 0/79 [00:00<?, ?it/s]
  4%|▍         | 3/79 [00:00<00:03, 22.63it/s]
 10%|█         | 8/79 [00:00<00:01, 36.78it/s]
 16%|█▋        | 13/79 [00:00<00:01, 35.80it/s]
 24%|██▍       | 19/79 [00:00<00:01, 37.48it/s]
 32%|███▏      | 25/79 [00:00<00:01, 38.93it/s]
 38%|███▊      | 30/79 [00:00<00:01, 41.90it/s]
 44%|████▍     | 35/79 [00:00<00:01, 39.40it/s]
 52%|█████▏    | 41/79 [00:01<00:00, 40.06it/s]
 59%|█████▉    | 47/79 [00:01<00:00, 40.56it/s]
 67%|██████▋   | 53/79 [00:01<00:00, 40.95it/s]
 75%|███████▍  | 59/79 [00:01<00:00, 41.30it/s]
 82%|████████▏ | 65/79 [00:01<00:00, 41.90it/s]
 90%|████████▉ | 71/79 [00:01<00:00, 42.36it/s]
 97%|█████████▋| 77/79 [00:01<00:00, 42.52it/s]
100%|██████████| 79/79 [00:01<00:00, 41.01it/s]

CommRound: 9/30
Accuracy: 78.39% | Loss: 0.9587
[##################------------------------------------------] 30.0%
Elapsed: 1.4m | Avg/Round: 9.0s | Last: 8.8s | Next: 9.0s | Remaining: 3.2m
ETA: 09:00:04
Recent round times: R1: 8.7s -> R2: 8.9s -> R3: 8.7s -> R4: 9.0s -> R5: 8.8s

  0%|          | 0/79 [00:00<?, ?it/s]
  3%|▎         | 2/79 [00:00<00:03, 19.88it/s]
  9%|▉         | 7/79 [00:00<00:02, 31.25it/s]
 16%|█▋        | 13/79 [00:00<00:01, 36.61it/s]
 24%|██▍       | 19/79 [00:00<00:01, 39.14it/s]
 32%|███▏      | 25/79 [00:00<00:01, 39.99it/s]
 39%|███▉      | 31/79 [00:00<00:01, 40.75it/s]
 46%|████▌     | 36/79 [00:00<00:01, 42.72it/s]
 52%|█████▏    | 41/79 [00:01<00:00, 40.58it/s]
 59%|█████▉    | 47/79 [00:01<00:00, 41.36it/s]
 67%|██████▋   | 53/79 [00:01<00:00, 42.11it/s]
 75%|███████▍  | 59/79 [00:01<00:00, 42.66it/s]
 82%|████████▏ | 65/79 [00:01<00:00, 43.06it/s]
 90%|████████▉ | 71/79 [00:01<00:00, 43.24it/s]
 97%|█████████▋| 77/79 [00:01<00:00, 43.38it/s]
100%|██████████| 79/79 [00:01<00:00, 41.82it/s]

CommRound: 10/30
Accuracy: 81.24% | Loss: 0.8462
[####################----------------------------------------] 33.3%
Elapsed: 1.5m | Avg/Round: 9.0s | Last: 8.6s | Next: 9.0s | Remaining: 3.0m
ETA: 09:00:03
Recent round times: R1: 8.9s -> R2: 8.7s -> R3: 9.0s -> R4: 8.8s -> R5: 8.6s

  0%|          | 0/79 [00:00<?, ?it/s]
  4%|▍         | 3/79 [00:00<00:03, 23.70it/s]
 10%|█         | 8/79 [00:00<00:01, 35.64it/s]
 16%|█▋        | 13/79 [00:00<00:01, 37.68it/s]
 23%|██▎       | 18/79 [00:00<00:01, 39.16it/s]
 29%|██▉       | 23/79 [00:00<00:01, 40.37it/s]
 35%|███▌      | 28/79 [00:00<00:01, 40.47it/s]
 42%|████▏     | 33/79 [00:00<00:01, 40.62it/s]
 48%|████▊     | 38/79 [00:00<00:00, 41.30it/s]
 54%|█████▍    | 43/79 [00:01<00:00, 40.66it/s]
 61%|██████    | 48/79 [00:01<00:00, 41.95it/s]
 67%|██████▋   | 53/79 [00:01<00:00, 40.22it/s]
 73%|███████▎  | 58/79 [00:01<00:00, 42.53it/s]
 80%|███████▉  | 63/79 [00:01<00:00, 40.59it/s]
 87%|████████▋ | 69/79 [00:01<00:00, 41.22it/s]
 95%|█████████▍| 75/79 [00:01<00:00, 41.87it/s]
100%|██████████| 79/79 [00:01<00:00, 41.14it/s]

CommRound: 11/30
Accuracy: 79.65% | Loss: 0.9592
[######################--------------------------------------] 36.7%
Elapsed: 1.6m | Avg/Round: 9.0s | Last: 8.9s | Next: 9.0s | Remaining: 2.8m
ETA: 09:00:03
Recent round times: R1: 8.7s -> R2: 9.0s -> R3: 8.8s -> R4: 8.6s -> R5: 8.9s

  0%|          | 0/79 [00:00<?, ?it/s]
  4%|▍         | 3/79 [00:00<00:03, 22.55it/s]
 10%|█         | 8/79 [00:00<00:01, 36.47it/s]
 16%|█▋        | 13/79 [00:00<00:01, 35.61it/s]
 24%|██▍       | 19/79 [00:00<00:01, 38.32it/s]
 32%|███▏      | 25/79 [00:00<00:01, 39.67it/s]
 38%|███▊      | 30/79 [00:00<00:01, 42.29it/s]
 44%|████▍     | 35/79 [00:00<00:01, 40.31it/s]
 51%|█████     | 40/79 [00:01<00:00, 42.62it/s]
 57%|█████▋    | 45/79 [00:01<00:00, 40.42it/s]
 65%|██████▍   | 51/79 [00:01<00:00, 40.98it/s]
 72%|███████▏  | 57/79 [00:01<00:00, 41.44it/s]
 80%|███████▉  | 63/79 [00:01<00:00, 41.85it/s]
 87%|████████▋ | 69/79 [00:01<00:00, 41.91it/s]
 94%|█████████▎| 74/79 [00:01<00:00, 40.89it/s]
100%|██████████| 79/79 [00:01<00:00, 40.47it/s]

CommRound: 12/30
Accuracy: 79.13% | Loss: 1.0718
[########################------------------------------------] 40.0%
Elapsed: 1.8m | Avg/Round: 9.0s | Last: 9.1s | Next: 9.0s | Remaining: 2.7m
ETA: 09:00:03
Recent round times: R1: 9.0s -> R2: 8.8s -> R3: 8.6s -> R4: 8.9s -> R5: 9.1s

  0%|          | 0/79 [00:00<?, ?it/s]
  4%|▍         | 3/79 [00:00<00:03, 22.48it/s]
 10%|█         | 8/79 [00:00<00:02, 34.77it/s]
 16%|█▋        | 13/79 [00:00<00:01, 35.90it/s]
 22%|██▏       | 17/79 [00:00<00:01, 37.11it/s]
 28%|██▊       | 22/79 [00:00<00:01, 40.98it/s]
 34%|███▍      | 27/79 [00:00<00:01, 38.73it/s]
 42%|████▏     | 33/79 [00:00<00:01, 39.51it/s]
 48%|████▊     | 38/79 [00:00<00:00, 42.08it/s]
 54%|█████▍    | 43/79 [00:01<00:00, 39.73it/s]
 62%|██████▏   | 49/79 [00:01<00:00, 40.45it/s]
 70%|██████▉   | 55/79 [00:01<00:00, 40.83it/s]
 77%|███████▋  | 61/79 [00:01<00:00, 41.19it/s]
 85%|████████▍ | 67/79 [00:01<00:00, 41.64it/s]
 92%|█████████▏| 73/79 [00:01<00:00, 42.04it/s]
100%|██████████| 79/79 [00:01<00:00, 46.04it/s]
100%|██████████| 79/79 [00:01<00:00, 40.68it/s]

CommRound: 13/30
Accuracy: 85.51% | Loss: 0.6293
[##########################----------------------------------] 43.3%
Elapsed: 1.9m | Avg/Round: 9.0s | Last: 8.9s | Next: 9.0s | Remaining: 2.5m
ETA: 09:00:03
Recent round times: R1: 8.8s -> R2: 8.6s -> R3: 8.9s -> R4: 9.1s -> R5: 8.9s

  0%|          | 0/79 [00:00<?, ?it/s]
  4%|▍         | 3/79 [00:00<00:03, 22.67it/s]
 11%|█▏        | 9/79 [00:00<00:02, 34.43it/s]
 19%|█▉        | 15/79 [00:00<00:01, 38.46it/s]
 25%|██▌       | 20/79 [00:00<00:01, 41.80it/s]
 32%|███▏      | 25/79 [00:00<00:01, 41.07it/s]
 38%|███▊      | 30/79 [00:00<00:01, 41.57it/s]
 44%|████▍     | 35/79 [00:00<00:01, 42.88it/s]
 51%|█████     | 40/79 [00:00<00:00, 41.24it/s]
 58%|█████▊    | 46/79 [00:01<00:00, 41.80it/s]
 65%|██████▍   | 51/79 [00:01<00:00, 43.55it/s]
 71%|███████   | 56/79 [00:01<00:00, 41.46it/s]
 77%|███████▋  | 61/79 [00:01<00:00, 43.17it/s]
 84%|████████▎ | 66/79 [00:01<00:00, 40.92it/s]
 91%|█████████ | 72/79 [00:01<00:00, 41.29it/s]
 97%|█████████▋| 77/79 [00:01<00:00, 43.25it/s]
100%|██████████| 79/79 [00:01<00:00, 41.11it/s]

CommRound: 14/30
Accuracy: 83.81% | Loss: 0.6722
[############################--------------------------------] 46.7%
Elapsed: 2.1m | Avg/Round: 9.0s | Last: 8.7s | Next: 9.0s | Remaining: 2.4m
ETA: 09:00:02
Recent round times: R1: 8.6s -> R2: 8.9s -> R3: 9.1s -> R4: 8.9s -> R5: 8.7s

  0%|          | 0/79 [00:00<?, ?it/s]
  4%|▍         | 3/79 [00:00<00:03, 22.58it/s]
  9%|▉         | 7/79 [00:00<00:02, 30.16it/s]
 16%|█▋        | 13/79 [00:00<00:01, 36.74it/s]
 24%|██▍       | 19/79 [00:00<00:01, 39.02it/s]
 32%|███▏      | 25/79 [00:00<00:01, 40.67it/s]
 38%|███▊      | 30/79 [00:00<00:01, 42.74it/s]
 44%|████▍     | 35/79 [00:00<00:01, 41.65it/s]
 51%|█████     | 40/79 [00:01<00:00, 42.34it/s]
 57%|█████▋    | 45/79 [00:01<00:00, 42.53it/s]
 63%|██████▎   | 50/79 [00:01<00:00, 42.46it/s]
 70%|██████▉   | 55/79 [00:01<00:00, 43.13it/s]
 76%|███████▌  | 60/79 [00:01<00:00, 41.85it/s]
 82%|████████▏ | 65/79 [00:01<00:00, 43.60it/s]
 89%|████████▊ | 70/79 [00:01<00:00, 41.27it/s]
 96%|█████████▌| 76/79 [00:01<00:00, 41.58it/s]
100%|██████████| 79/79 [00:01<00:00, 41.04it/s]

CommRound: 15/30
Accuracy: 87.18% | Loss: 0.5681
[##############################------------------------------] 50.0%
Elapsed: 2.2m | Avg/Round: 9.0s | Last: 8.8s | Next: 9.0s | Remaining: 2.2m
ETA: 09:00:02
Recent round times: R1: 8.9s -> R2: 9.1s -> R3: 8.9s -> R4: 8.7s -> R5: 8.8s

  0%|          | 0/79 [00:00<?, ?it/s]
  4%|▍         | 3/79 [00:00<00:03, 21.25it/s]
 11%|█▏        | 9/79 [00:00<00:02, 33.12it/s]
 19%|█▉        | 15/79 [00:00<00:01, 36.93it/s]
 27%|██▋       | 21/79 [00:00<00:01, 38.92it/s]
 34%|███▍      | 27/79 [00:00<00:01, 40.03it/s]
 42%|████▏     | 33/79 [00:00<00:01, 40.62it/s]
 49%|████▉     | 39/79 [00:01<00:00, 41.22it/s]
 57%|█████▋    | 45/79 [00:01<00:00, 41.26it/s]
 65%|██████▍   | 51/79 [00:01<00:00, 41.55it/s]
 72%|███████▏  | 57/79 [00:01<00:00, 41.60it/s]
 80%|███████▉  | 63/79 [00:01<00:00, 41.68it/s]
 87%|████████▋ | 69/79 [00:01<00:00, 41.79it/s]
 95%|█████████▍| 75/79 [00:01<00:00, 41.77it/s]
100%|██████████| 79/79 [00:01<00:00, 40.93it/s]

CommRound: 16/30
Accuracy: 86.91% | Loss: 0.5917
[################################----------------------------] 53.3%
Elapsed: 2.4m | Avg/Round: 8.9s | Last: 8.6s | Next: 8.9s | Remaining: 2.1m
ETA: 09:00:01
Recent round times: R1: 9.1s -> R2: 8.9s -> R3: 8.7s -> R4: 8.8s -> R5: 8.6s

  0%|          | 0/79 [00:00<?, ?it/s]
  3%|▎         | 2/79 [00:00<00:03, 19.70it/s]
  8%|▊         | 6/79 [00:00<00:02, 30.84it/s]
 13%|█▎        | 10/79 [00:00<00:02, 32.64it/s]
 18%|█▊        | 14/79 [00:00<00:01, 32.50it/s]
 23%|██▎       | 18/79 [00:00<00:01, 34.60it/s]
 28%|██▊       | 22/79 [00:00<00:01, 35.07it/s]
 33%|███▎      | 26/79 [00:00<00:01, 35.45it/s]
 38%|███▊      | 30/79 [00:00<00:01, 35.94it/s]
 43%|████▎     | 34/79 [00:00<00:01, 36.22it/s]
 48%|████▊     | 38/79 [00:01<00:01, 36.56it/s]
 53%|█████▎    | 42/79 [00:01<00:01, 36.71it/s]
 58%|█████▊    | 46/79 [00:01<00:00, 36.96it/s]
 63%|██████▎   | 50/79 [00:01<00:00, 37.10it/s]
 68%|██████▊   | 54/79 [00:01<00:00, 37.23it/s]
 73%|███████▎  | 58/79 [00:01<00:00, 37.28it/s]
 78%|███████▊  | 62/79 [00:01<00:00, 37.33it/s]
 84%|████████▎ | 66/79 [00:01<00:00, 37.31it/s]
 89%|████████▊ | 70/79 [00:01<00:00, 36.72it/s]
 94%|█████████▎| 74/79 [00:02<00:00, 36.59it/s]
 99%|█████████▊| 78/79 [00:02<00:00, 36.96it/s]
100%|██████████| 79/79 [00:02<00:00, 36.12it/s]

CommRound: 17/30
Accuracy: 85.65% | Loss: 0.7242
[##################################--------------------------] 56.7%
Elapsed: 2.5m | Avg/Round: 8.9s | Last: 9.0s | Next: 8.9s | Remaining: 1.9m
ETA: 09:00:01
Recent round times: R1: 8.9s -> R2: 8.7s -> R3: 8.8s -> R4: 8.6s -> R5: 9.0s

  0%|          | 0/79 [00:00<?, ?it/s]
  3%|▎         | 2/79 [00:00<00:03, 19.87it/s]
  9%|▉         | 7/79 [00:00<00:02, 30.29it/s]
 14%|█▍        | 11/79 [00:00<00:02, 33.31it/s]
 19%|█▉        | 15/79 [00:00<00:01, 34.63it/s]
 24%|██▍       | 19/79 [00:00<00:01, 35.78it/s]
 29%|██▉       | 23/79 [00:00<00:01, 36.65it/s]
 34%|███▍      | 27/79 [00:00<00:01, 37.21it/s]
 39%|███▉      | 31/79 [00:00<00:01, 37.69it/s]
 44%|████▍     | 35/79 [00:00<00:01, 37.93it/s]
 49%|████▉     | 39/79 [00:01<00:01, 37.97it/s]
 54%|█████▍    | 43/79 [00:01<00:00, 38.38it/s]
 61%|██████    | 48/79 [00:01<00:00, 41.69it/s]
 67%|██████▋   | 53/79 [00:01<00:00, 39.00it/s]
 73%|███████▎  | 58/79 [00:01<00:00, 41.86it/s]
 80%|███████▉  | 63/79 [00:01<00:00, 39.14it/s]
 86%|████████▌ | 68/79 [00:01<00:00, 41.84it/s]
 92%|█████████▏| 73/79 [00:01<00:00, 39.63it/s]
100%|██████████| 79/79 [00:02<00:00, 44.39it/s]
100%|██████████| 79/79 [00:02<00:00, 38.76it/s]

CommRound: 18/30
Accuracy: 87.89% | Loss: 0.6161
[####################################------------------------] 60.0%
Elapsed: 2.7m | Avg/Round: 8.9s | Last: 8.7s | Next: 8.9s | Remaining: 1.8m
ETA: 09:00:01
Recent round times: R1: 8.7s -> R2: 8.8s -> R3: 8.6s -> R4: 9.0s -> R5: 8.7s

  0%|          | 0/79 [00:00<?, ?it/s]
  4%|▍         | 3/79 [00:00<00:03, 23.29it/s]
 10%|█         | 8/79 [00:00<00:02, 35.06it/s]
 15%|█▌        | 12/79 [00:00<00:01, 37.02it/s]
 20%|██        | 16/79 [00:00<00:01, 37.84it/s]
 25%|██▌       | 20/79 [00:00<00:01, 38.58it/s]
 33%|███▎      | 26/79 [00:00<00:01, 39.74it/s]
 41%|████      | 32/79 [00:00<00:01, 40.41it/s]
 48%|████▊     | 38/79 [00:00<00:01, 40.80it/s]
 56%|█████▌    | 44/79 [00:01<00:00, 40.95it/s]
 63%|██████▎   | 50/79 [00:01<00:00, 41.85it/s]
 71%|███████   | 56/79 [00:01<00:00, 42.51it/s]
 78%|███████▊  | 62/79 [00:01<00:00, 42.93it/s]
 86%|████████▌ | 68/79 [00:01<00:00, 43.31it/s]
 94%|█████████▎| 74/79 [00:01<00:00, 43.64it/s]
100%|██████████| 79/79 [00:01<00:00, 41.40it/s]

CommRound: 19/30
Accuracy: 87.97% | Loss: 0.6365
[######################################----------------------] 63.3%
Elapsed: 2.8m | Avg/Round: 8.9s | Last: 8.6s | Next: 8.9s | Remaining: 1.6m
ETA: 09:00:01
Recent round times: R1: 8.8s -> R2: 8.6s -> R3: 9.0s -> R4: 8.7s -> R5: 8.6s

  0%|          | 0/79 [00:00<?, ?it/s]
  4%|▍         | 3/79 [00:00<00:03, 23.03it/s]
 10%|█         | 8/79 [00:00<00:01, 36.96it/s]
 16%|█▋        | 13/79 [00:00<00:01, 36.10it/s]
 24%|██▍       | 19/79 [00:00<00:01, 38.62it/s]
 32%|███▏      | 25/79 [00:00<00:01, 39.95it/s]
 39%|███▉      | 31/79 [00:00<00:01, 40.63it/s]
 47%|████▋     | 37/79 [00:00<00:01, 41.08it/s]
 54%|█████▍    | 43/79 [00:01<00:00, 41.35it/s]
 62%|██████▏   | 49/79 [00:01<00:00, 41.64it/s]
 70%|██████▉   | 55/79 [00:01<00:00, 41.90it/s]
 77%|███████▋  | 61/79 [00:01<00:00, 42.14it/s]
 85%|████████▍ | 67/79 [00:01<00:00, 42.26it/s]
 92%|█████████▏| 73/79 [00:01<00:00, 42.28it/s]
100%|██████████| 79/79 [00:01<00:00, 46.25it/s]
100%|██████████| 79/79 [00:01<00:00, 41.39it/s]

CommRound: 20/30
Accuracy: 87.03% | Loss: 0.7156
[########################################--------------------] 66.7%
Elapsed: 3.0m | Avg/Round: 8.9s | Last: 8.7s | Next: 8.9s | Remaining: 1.5m
ETA: 09:00:00
Recent round times: R1: 8.6s -> R2: 9.0s -> R3: 8.7s -> R4: 8.6s -> R5: 8.7s

  0%|          | 0/79 [00:00<?, ?it/s]
  3%|▎         | 2/79 [00:00<00:03, 19.77it/s]
  6%|▋         | 5/79 [00:00<00:02, 25.60it/s]
 14%|█▍        | 11/79 [00:00<00:01, 35.03it/s]
 20%|██        | 16/79 [00:00<00:01, 39.02it/s]
 27%|██▋       | 21/79 [00:00<00:01, 39.60it/s]
 33%|███▎      | 26/79 [00:00<00:01, 40.35it/s]
 39%|███▉      | 31/79 [00:00<00:01, 41.96it/s]
 46%|████▌     | 36/79 [00:00<00:01, 40.73it/s]
 52%|█████▏    | 41/79 [00:01<00:00, 43.19it/s]
 58%|█████▊    | 46/79 [00:01<00:00, 40.59it/s]
 66%|██████▌   | 52/79 [00:01<00:00, 41.03it/s]
 72%|███████▏  | 57/79 [00:01<00:00, 42.42it/s]
 78%|███████▊  | 62/79 [00:01<00:00, 41.13it/s]
 85%|████████▍ | 67/79 [00:01<00:00, 41.87it/s]
 91%|█████████ | 72/79 [00:01<00:00, 41.16it/s]
 97%|█████████▋| 77/79 [00:01<00:00, 41.78it/s]
100%|██████████| 79/79 [00:01<00:00, 40.45it/s]

CommRound: 21/30
Accuracy: 88.41% | Loss: 0.6650
[##########################################------------------] 70.0%
Elapsed: 3.1m | Avg/Round: 8.9s | Last: 8.9s | Next: 8.9s | Remaining: 1.3m
ETA: 09:00:00
Recent round times: R1: 9.0s -> R2: 8.7s -> R3: 8.6s -> R4: 8.7s -> R5: 8.9s

  0%|          | 0/79 [00:00<?, ?it/s]
  4%|▍         | 3/79 [00:00<00:03, 23.50it/s]
 10%|█         | 8/79 [00:00<00:01, 35.85it/s]
 15%|█▌        | 12/79 [00:00<00:01, 37.54it/s]
 20%|██        | 16/79 [00:00<00:01, 38.46it/s]
 27%|██▋       | 21/79 [00:00<00:01, 39.29it/s]
 33%|███▎      | 26/79 [00:00<00:01, 39.09it/s]
 38%|███▊      | 30/79 [00:00<00:01, 39.33it/s]
 44%|████▍     | 35/79 [00:00<00:01, 40.40it/s]
 51%|█████     | 40/79 [00:01<00:00, 40.15it/s]
 57%|█████▋    | 45/79 [00:01<00:00, 40.29it/s]
 63%|██████▎   | 50/79 [00:01<00:00, 40.25it/s]
 70%|██████▉   | 55/79 [00:01<00:00, 40.37it/s]
 76%|███████▌  | 60/79 [00:01<00:00, 40.59it/s]
 82%|████████▏ | 65/79 [00:01<00:00, 40.50it/s]
 89%|████████▊ | 70/79 [00:01<00:00, 40.74it/s]
 95%|█████████▍| 75/79 [00:01<00:00, 40.24it/s]
100%|██████████| 79/79 [00:01<00:00, 39.81it/s]

CommRound: 22/30
Accuracy: 88.73% | Loss: 0.6611
[############################################----------------] 73.3%
Elapsed: 3.3m | Avg/Round: 8.9s | Last: 8.7s | Next: 8.9s | Remaining: 1.2m
ETA: 09:00:00
Recent round times: R1: 8.7s -> R2: 8.6s -> R3: 8.7s -> R4: 8.9s -> R5: 8.7s

  0%|          | 0/79 [00:00<?, ?it/s]
  3%|▎         | 2/79 [00:00<00:03, 19.78it/s]
  9%|▉         | 7/79 [00:00<00:02, 31.73it/s]
 15%|█▌        | 12/79 [00:00<00:01, 38.76it/s]
 22%|██▏       | 17/79 [00:00<00:01, 38.18it/s]
 28%|██▊       | 22/79 [00:00<00:01, 40.32it/s]
 34%|███▍      | 27/79 [00:00<00:01, 40.08it/s]
 41%|████      | 32/79 [00:00<00:01, 41.09it/s]
 47%|████▋     | 37/79 [00:00<00:01, 41.37it/s]
 53%|█████▎    | 42/79 [00:01<00:00, 41.20it/s]
 59%|█████▉    | 47/79 [00:01<00:00, 42.31it/s]
 66%|██████▌   | 52/79 [00:01<00:00, 41.01it/s]
 72%|███████▏  | 57/79 [00:01<00:00, 42.74it/s]
 78%|███████▊  | 62/79 [00:01<00:00, 40.93it/s]
 85%|████████▍ | 67/79 [00:01<00:00, 43.04it/s]
 91%|█████████ | 72/79 [00:01<00:00, 40.88it/s]
 97%|█████████▋| 77/79 [00:01<00:00, 42.26it/s]
100%|██████████| 79/79 [00:01<00:00, 40.69it/s]

CommRound: 23/30
Accuracy: 88.72% | Loss: 0.6784
[##############################################--------------] 76.7%
Elapsed: 3.4m | Avg/Round: 8.9s | Last: 9.0s | Next: 8.9s | Remaining: 1.0m
ETA: 09:00:00
Recent round times: R1: 8.6s -> R2: 8.7s -> R3: 8.9s -> R4: 8.7s -> R5: 9.0s

  0%|          | 0/79 [00:00<?, ?it/s]
  1%|▏         | 1/79 [00:00<00:08,  8.67it/s]
  9%|▉         | 7/79 [00:00<00:02, 31.04it/s]
 16%|█▋        | 13/79 [00:00<00:01, 36.17it/s]
 24%|██▍       | 19/79 [00:00<00:01, 38.58it/s]
 32%|███▏      | 25/79 [00:00<00:01, 39.95it/s]
 39%|███▉      | 31/79 [00:00<00:01, 40.93it/s]
 47%|████▋     | 37/79 [00:00<00:01, 41.51it/s]
 54%|█████▍    | 43/79 [00:01<00:00, 42.25it/s]
 62%|██████▏   | 49/79 [00:01<00:00, 42.57it/s]
 70%|██████▉   | 55/79 [00:01<00:00, 42.72it/s]
 76%|███████▌  | 60/79 [00:01<00:00, 44.09it/s]
 82%|████████▏ | 65/79 [00:01<00:00, 41.69it/s]
 89%|████████▊ | 70/79 [00:01<00:00, 42.44it/s]
 95%|█████████▍| 75/79 [00:01<00:00, 41.38it/s]
100%|██████████| 79/79 [00:01<00:00, 40.85it/s]

CommRound: 24/30
Accuracy: 88.64% | Loss: 0.6896
[################################################------------] 80.0%
Elapsed: 3.6m | Avg/Round: 8.9s | Last: 9.0s | Next: 8.9s | Remaining: 0.9m
ETA: 09:00:00
Recent round times: R1: 8.7s -> R2: 8.9s -> R3: 8.7s -> R4: 9.0s -> R5: 9.0s

  0%|          | 0/79 [00:00<?, ?it/s]
  4%|▍         | 3/79 [00:00<00:03, 22.53it/s]
 11%|█▏        | 9/79 [00:00<00:02, 34.66it/s]
 19%|█▉        | 15/79 [00:00<00:01, 38.09it/s]
 25%|██▌       | 20/79 [00:00<00:01, 41.54it/s]
 32%|███▏      | 25/79 [00:00<00:01, 39.95it/s]
 38%|███▊      | 30/79 [00:00<00:01, 41.61it/s]
 44%|████▍     | 35/79 [00:00<00:01, 40.65it/s]
 51%|█████     | 40/79 [00:01<00:00, 41.09it/s]
 57%|█████▋    | 45/79 [00:01<00:00, 40.47it/s]
 63%|██████▎   | 50/79 [00:01<00:00, 41.33it/s]
 70%|██████▉   | 55/79 [00:01<00:00, 41.00it/s]
 76%|███████▌  | 60/79 [00:01<00:00, 41.60it/s]
 82%|████████▏ | 65/79 [00:01<00:00, 41.26it/s]
 89%|████████▊ | 70/79 [00:01<00:00, 41.57it/s]
 95%|█████████▍| 75/79 [00:01<00:00, 41.22it/s]
100%|██████████| 79/79 [00:01<00:00, 40.59it/s]

CommRound: 25/30
Accuracy: 88.65% | Loss: 0.7000
[##################################################----------] 83.3%
Elapsed: 3.7m | Avg/Round: 8.9s | Last: 8.6s | Next: 8.9s | Remaining: 0.7m
ETA: 09:00:00
Recent round times: R1: 8.9s -> R2: 8.7s -> R3: 9.0s -> R4: 9.0s -> R5: 8.6s

  0%|          | 0/79 [00:00<?, ?it/s]
  4%|▍         | 3/79 [00:00<00:03, 23.03it/s]
  9%|▉         | 7/79 [00:00<00:02, 31.83it/s]
 14%|█▍        | 11/79 [00:00<00:01, 35.11it/s]
 20%|██        | 16/79 [00:00<00:01, 40.55it/s]
 27%|██▋       | 21/79 [00:00<00:01, 37.64it/s]
 34%|███▍      | 27/79 [00:00<00:01, 39.53it/s]
 41%|████      | 32/79 [00:00<00:01, 42.42it/s]
 47%|████▋     | 37/79 [00:00<00:01, 39.39it/s]
 53%|█████▎    | 42/79 [00:01<00:00, 42.09it/s]
 59%|█████▉    | 47/79 [00:01<00:00, 39.94it/s]
 67%|██████▋   | 53/79 [00:01<00:00, 40.83it/s]
 75%|███████▍  | 59/79 [00:01<00:00, 41.43it/s]
 82%|████████▏ | 65/79 [00:01<00:00, 41.97it/s]
 90%|████████▉ | 71/79 [00:01<00:00, 42.35it/s]
 97%|█████████▋| 77/79 [00:01<00:00, 42.47it/s]
100%|██████████| 79/79 [00:01<00:00, 41.01it/s]

CommRound: 26/30
Accuracy: 88.63% | Loss: 0.7096
[####################################################--------] 86.7%
Elapsed: 3.8m | Avg/Round: 8.9s | Last: 8.6s | Next: 8.9s | Remaining: 0.6m
ETA: 09:00:00
Recent round times: R1: 8.7s -> R2: 9.0s -> R3: 9.0s -> R4: 8.6s -> R5: 8.6s

  0%|          | 0/79 [00:00<?, ?it/s]
  4%|▍         | 3/79 [00:00<00:03, 22.70it/s]
  9%|▉         | 7/79 [00:00<00:02, 31.60it/s]
 16%|█▋        | 13/79 [00:00<00:01, 36.76it/s]
 24%|██▍       | 19/79 [00:00<00:01, 39.00it/s]
 32%|███▏      | 25/79 [00:00<00:01, 40.12it/s]
 39%|███▉      | 31/79 [00:00<00:01, 40.73it/s]
 47%|████▋     | 37/79 [00:00<00:01, 40.95it/s]
 54%|█████▍    | 43/79 [00:01<00:00, 41.17it/s]
 62%|██████▏   | 49/79 [00:01<00:00, 41.47it/s]
 70%|██████▉   | 55/79 [00:01<00:00, 41.74it/s]
 77%|███████▋  | 61/79 [00:01<00:00, 41.82it/s]
 85%|████████▍ | 67/79 [00:01<00:00, 41.98it/s]
 92%|█████████▏| 73/79 [00:01<00:00, 41.87it/s]
100%|██████████| 79/79 [00:01<00:00, 45.89it/s]
100%|██████████| 79/79 [00:01<00:00, 41.10it/s]

CommRound: 27/30
Accuracy: 88.64% | Loss: 0.7179
[######################################################------] 90.0%
Elapsed: 4.0m | Avg/Round: 8.9s | Last: 8.7s | Next: 8.9s | Remaining: 0.4m
ETA: 08:59:59
Recent round times: R1: 9.0s -> R2: 9.0s -> R3: 8.6s -> R4: 8.6s -> R5: 8.7s

  0%|          | 0/79 [00:00<?, ?it/s]
  4%|▍         | 3/79 [00:00<00:03, 22.20it/s]
 11%|█▏        | 9/79 [00:00<00:02, 34.56it/s]
 19%|█▉        | 15/79 [00:00<00:01, 38.04it/s]
 27%|██▋       | 21/79 [00:00<00:01, 39.54it/s]
 34%|███▍      | 27/79 [00:00<00:01, 40.63it/s]
 42%|████▏     | 33/79 [00:00<00:01, 41.22it/s]
 49%|████▉     | 39/79 [00:00<00:00, 41.58it/s]
 57%|█████▋    | 45/79 [00:01<00:00, 41.74it/s]
 63%|██████▎   | 50/79 [00:01<00:00, 43.73it/s]
 70%|██████▉   | 55/79 [00:01<00:00, 40.60it/s]
 77%|███████▋  | 61/79 [00:01<00:00, 40.31it/s]
 85%|████████▍ | 67/79 [00:01<00:00, 41.28it/s]
 92%|█████████▏| 73/79 [00:01<00:00, 41.90it/s]
100%|██████████| 79/79 [00:01<00:00, 46.05it/s]
100%|██████████| 79/79 [00:01<00:00, 41.25it/s]

CommRound: 28/30
Accuracy: 88.65% | Loss: 0.7255
[########################################################----] 93.3%
Elapsed: 4.1m | Avg/Round: 8.9s | Last: 8.6s | Next: 8.9s | Remaining: 0.3m
ETA: 08:59:59
Recent round times: R1: 9.0s -> R2: 8.6s -> R3: 8.6s -> R4: 8.7s -> R5: 8.6s

  0%|          | 0/79 [00:00<?, ?it/s]
  1%|▏         | 1/79 [00:00<00:08,  9.34it/s]
  6%|▋         | 5/79 [00:00<00:02, 24.94it/s]
 11%|█▏        | 9/79 [00:00<00:02, 30.21it/s]
 16%|█▋        | 13/79 [00:00<00:02, 32.23it/s]
 22%|██▏       | 17/79 [00:00<00:01, 33.81it/s]
 27%|██▋       | 21/79 [00:00<00:01, 34.74it/s]
 32%|███▏      | 25/79 [00:00<00:01, 35.69it/s]
 37%|███▋      | 29/79 [00:00<00:01, 36.18it/s]
 42%|████▏     | 33/79 [00:00<00:01, 36.14it/s]
 47%|████▋     | 37/79 [00:01<00:01, 36.52it/s]
 52%|█████▏    | 41/79 [00:01<00:01, 36.66it/s]
 57%|█████▋    | 45/79 [00:01<00:00, 36.80it/s]
 62%|██████▏   | 49/79 [00:01<00:00, 36.90it/s]
 67%|██████▋   | 53/79 [00:01<00:00, 36.96it/s]
 72%|███████▏  | 57/79 [00:01<00:00, 37.04it/s]
 77%|███████▋  | 61/79 [00:01<00:00, 37.21it/s]
 82%|████████▏ | 65/79 [00:01<00:00, 37.31it/s]
 87%|████████▋ | 69/79 [00:01<00:00, 37.19it/s]
 92%|█████████▏| 73/79 [00:02<00:00, 36.87it/s]
 97%|█████████▋| 77/79 [00:02<00:00, 36.98it/s]
100%|██████████| 79/79 [00:02<00:00, 35.99it/s]

CommRound: 29/30
Accuracy: 88.62% | Loss: 0.7332
[##########################################################--] 96.7%
Elapsed: 4.3m | Avg/Round: 8.9s | Last: 9.1s | Next: 8.9s | Remaining: 0.1m
ETA: 08:59:59
Recent round times: R1: 8.6s -> R2: 8.6s -> R3: 8.7s -> R4: 8.6s -> R5: 9.1s

  0%|          | 0/79 [00:00<?, ?it/s]
  3%|▎         | 2/79 [00:00<00:03, 19.42it/s]
  9%|▉         | 7/79 [00:00<00:02, 31.71it/s]
 15%|█▌        | 12/79 [00:00<00:01, 37.75it/s]
 22%|██▏       | 17/79 [00:00<00:01, 37.17it/s]
 29%|██▉       | 23/79 [00:00<00:01, 39.00it/s]
 37%|███▋      | 29/79 [00:00<00:01, 40.06it/s]
 44%|████▍     | 35/79 [00:00<00:01, 40.62it/s]
 52%|█████▏    | 41/79 [00:01<00:00, 41.17it/s]
 59%|█████▉    | 47/79 [00:01<00:00, 41.35it/s]
 67%|██████▋   | 53/79 [00:01<00:00, 41.60it/s]
 73%|███████▎  | 58/79 [00:01<00:00, 43.39it/s]
 80%|███████▉  | 63/79 [00:01<00:00, 41.13it/s]
 86%|████████▌ | 68/79 [00:01<00:00, 43.01it/s]
 92%|█████████▏| 73/79 [00:01<00:00, 40.93it/s]
100%|██████████| 79/79 [00:01<00:00, 45.37it/s]
100%|██████████| 79/79 [00:01<00:00, 40.87it/s]

CommRound: 30/30
Accuracy: 88.61% | Loss: 0.7398
[############################################################] 100.0%
Elapsed: 4.4m | Avg/Round: 8.9s | Last: 8.9s | Next: 8.9s | Remaining: 0.0m
ETA: 08:59:59
Recent round times: R1: 8.6s -> R2: 8.7s -> R3: 8.6s -> R4: 9.1s -> R5: 8.9s
Total time for experiment: 265.8279781341553 seconds
Device average training time per communication round [s]:
    rpi (sld-rpi-09.ece.utexas.edu): 3.96 seconds
    mc1 (sld-mc1-09.ece.utexas.edu): 1.67 seconds
