Connecting to sld-rpi-09.ece.utexas.edu...
Successfully fetched dev0_pow_temp_log_exp102_run1.csv.
Connecting to sld-rpi-09.ece.utexas.edu...
Successfully fetched dev0_communication_log_exp102_run1.csv.
Connecting to sld-mc1-09.ece.utexas.edu...
Successfully fetched dev1_pow_temp_log_exp102_run1.csv.
Connecting to sld-mc1-09.ece.utexas.edu...
Successfully fetched dev1_communication_log_exp102_run1.csv.

Exp102
Experiment 102: 
	Global test accuracy [%]: 85.82 %
	No round found where all subsequent rounds have accuracy >= 90.00%.
	Average time per communication round [s]: 42.42 seconds
	Total wall clock time [s]: 231.94 seconds


Experiment 102:
	RPi avg. energy consumption per round [J]: 81.95 Joules
	MC1 avg. energy consumption per round [J]: 312.15 Joules
	Total avg. energy consumption per communication round [J]: 394.10 Joules
	Avg. amount of communicated data per communication round [MB]: 0.59 MB
	RPi avg. power consumption per round [W]: 5.77 Watts
	MC1 avg. power consumption per round [W]: 7.52 Watts
