
  0%|          | 0/79 [00:00<?, ?it/s]
  1%|▏         | 1/79 [00:00<00:16,  4.82it/s]
  4%|▍         | 3/79 [00:00<00:07, 10.14it/s]
  6%|▋         | 5/79 [00:00<00:06, 12.32it/s]
  9%|▉         | 7/79 [00:00<00:05, 13.43it/s]
 11%|█▏        | 9/79 [00:00<00:04, 15.23it/s]
 14%|█▍        | 11/79 [00:00<00:04, 15.50it/s]
 16%|█▋        | 13/79 [00:00<00:03, 16.72it/s]
 19%|█▉        | 15/79 [00:01<00:03, 17.07it/s]
 22%|██▏       | 17/79 [00:01<00:03, 16.36it/s]
 24%|██▍       | 19/79 [00:01<00:03, 16.77it/s]
 27%|██▋       | 21/79 [00:01<00:03, 17.17it/s]
 32%|███▏      | 25/79 [00:01<00:02, 19.31it/s]
 34%|███▍      | 27/79 [00:01<00:02, 18.34it/s]
 37%|███▋      | 29/79 [00:01<00:02, 17.81it/s]
 42%|████▏     | 33/79 [00:02<00:02, 18.99it/s]
 46%|████▌     | 36/79 [00:02<00:02, 21.47it/s]
 49%|████▉     | 39/79 [00:02<00:01, 22.45it/s]
 54%|█████▍    | 43/79 [00:02<00:01, 24.91it/s]
 59%|█████▉    | 47/79 [00:02<00:01, 27.33it/s]
 65%|██████▍   | 51/79 [00:02<00:00, 29.00it/s]
 70%|██████▉   | 55/79 [00:02<00:00, 30.07it/s]
 75%|███████▍  | 59/79 [00:02<00:00, 30.91it/s]
 80%|███████▉  | 63/79 [00:02<00:00, 31.47it/s]
 85%|████████▍ | 67/79 [00:03<00:00, 31.60it/s]
 90%|████████▉ | 71/79 [00:03<00:00, 31.72it/s]
 95%|█████████▍| 75/79 [00:03<00:00, 32.07it/s]
100%|██████████| 79/79 [00:03<00:00, 23.03it/s]
Initial Accuracy: 8.49%; Initial Loss: 2.3240

  0%|          | 0/79 [00:00<?, ?it/s]
  1%|▏         | 1/79 [00:00<00:12,  6.08it/s]
  6%|▋         | 5/79 [00:00<00:04, 18.26it/s]
  9%|▉         | 7/79 [00:00<00:04, 17.10it/s]
 11%|█▏        | 9/79 [00:00<00:04, 16.62it/s]
 14%|█▍        | 11/79 [00:00<00:04, 16.86it/s]
 16%|█▋        | 13/79 [00:00<00:03, 16.76it/s]
 19%|█▉        | 15/79 [00:00<00:03, 16.85it/s]
 22%|██▏       | 17/79 [00:01<00:03, 16.84it/s]
 24%|██▍       | 19/79 [00:01<00:03, 16.83it/s]
 27%|██▋       | 21/79 [00:01<00:03, 16.45it/s]
 29%|██▉       | 23/79 [00:01<00:03, 16.11it/s]
 32%|███▏      | 25/79 [00:01<00:03, 16.68it/s]
 34%|███▍      | 27/79 [00:01<00:03, 16.61it/s]
 37%|███▋      | 29/79 [00:01<00:03, 16.47it/s]
 41%|████      | 32/79 [00:01<00:02, 19.18it/s]
 43%|████▎     | 34/79 [00:01<00:02, 19.22it/s]
 46%|████▌     | 36/79 [00:02<00:02, 18.57it/s]
 49%|████▉     | 39/79 [00:02<00:02, 18.28it/s]
 53%|█████▎    | 42/79 [00:02<00:02, 18.18it/s]
 56%|█████▌    | 44/79 [00:02<00:01, 17.80it/s]
 58%|█████▊    | 46/79 [00:02<00:01, 17.48it/s]
 61%|██████    | 48/79 [00:02<00:01, 17.52it/s]
 63%|██████▎   | 50/79 [00:02<00:01, 17.49it/s]
 66%|██████▌   | 52/79 [00:03<00:01, 17.20it/s]
 68%|██████▊   | 54/79 [00:03<00:01, 16.98it/s]
 71%|███████   | 56/79 [00:03<00:01, 16.74it/s]
 73%|███████▎  | 58/79 [00:03<00:01, 16.65it/s]
 76%|███████▌  | 60/79 [00:03<00:01, 16.42it/s]
 78%|███████▊  | 62/79 [00:03<00:00, 17.23it/s]
 82%|████████▏ | 65/79 [00:03<00:00, 20.42it/s]
 86%|████████▌ | 68/79 [00:03<00:00, 17.86it/s]
 89%|████████▊ | 70/79 [00:04<00:00, 17.40it/s]
 91%|█████████ | 72/79 [00:04<00:00, 17.04it/s]
 94%|█████████▎| 74/79 [00:04<00:00, 16.95it/s]
 99%|█████████▊| 78/79 [00:04<00:00, 20.18it/s]
100%|██████████| 79/79 [00:04<00:00, 17.63it/s]

CommRound: 1/30
Accuracy: 56.60% | Loss: 1.3355
[##----------------------------------------------------------] 3.3%
Elapsed: 1.0m | Avg/Round: 62.8s | Last: 59.3s | Next: 62.8s | Remaining: 30.3m
ETA: 05:05:17
Recent round times: R1: 59.3s

  0%|          | 0/79 [00:00<?, ?it/s]
  1%|▏         | 1/79 [00:00<00:13,  5.60it/s]
  5%|▌         | 4/79 [00:00<00:04, 16.02it/s]
  8%|▊         | 6/79 [00:00<00:04, 16.18it/s]
 10%|█         | 8/79 [00:00<00:04, 16.00it/s]
 13%|█▎        | 10/79 [00:00<00:04, 16.37it/s]
 15%|█▌        | 12/79 [00:00<00:04, 15.83it/s]
 18%|█▊        | 14/79 [00:00<00:04, 15.86it/s]
 20%|██        | 16/79 [00:01<00:03, 16.38it/s]
 23%|██▎       | 18/79 [00:01<00:03, 16.79it/s]
 27%|██▋       | 21/79 [00:01<00:02, 19.76it/s]
 32%|███▏      | 25/79 [00:01<00:02, 23.55it/s]
 37%|███▋      | 29/79 [00:01<00:01, 26.04it/s]
 42%|████▏     | 33/79 [00:01<00:01, 26.49it/s]
 47%|████▋     | 37/79 [00:01<00:01, 26.56it/s]
 52%|█████▏    | 41/79 [00:01<00:01, 26.84it/s]
 57%|█████▋    | 45/79 [00:02<00:01, 26.66it/s]
 61%|██████    | 48/79 [00:02<00:01, 25.70it/s]
 65%|██████▍   | 51/79 [00:02<00:01, 19.18it/s]
 70%|██████▉   | 55/79 [00:02<00:01, 21.21it/s]
 75%|███████▍  | 59/79 [00:02<00:00, 22.98it/s]
 80%|███████▉  | 63/79 [00:02<00:00, 23.85it/s]
 85%|████████▍ | 67/79 [00:03<00:00, 23.53it/s]
 89%|████████▊ | 70/79 [00:03<00:00, 24.54it/s]
 92%|█████████▏| 73/79 [00:03<00:00, 24.32it/s]
 97%|█████████▋| 77/79 [00:03<00:00, 26.19it/s]
100%|██████████| 79/79 [00:03<00:00, 22.46it/s]

CommRound: 2/30
Accuracy: 77.10% | Loss: 0.6641
[####--------------------------------------------------------] 6.7%
Elapsed: 2.0m | Avg/Round: 60.2s | Last: 57.7s | Next: 60.2s | Remaining: 28.1m
ETA: 05:04:00
Recent round times: R1: 59.3s -> R2: 57.7s

  0%|          | 0/79 [00:00<?, ?it/s]
  1%|▏         | 1/79 [00:00<00:12,  6.17it/s]
  6%|▋         | 5/79 [00:00<00:03, 19.05it/s]
 10%|█         | 8/79 [00:00<00:03, 19.14it/s]
 13%|█▎        | 10/79 [00:00<00:03, 18.80it/s]
 16%|█▋        | 13/79 [00:00<00:03, 19.28it/s]
 19%|█▉        | 15/79 [00:00<00:03, 19.45it/s]
 23%|██▎       | 18/79 [00:00<00:03, 19.78it/s]
 25%|██▌       | 20/79 [00:01<00:02, 19.81it/s]
 28%|██▊       | 22/79 [00:01<00:02, 19.73it/s]
 32%|███▏      | 25/79 [00:01<00:02, 19.57it/s]
 34%|███▍      | 27/79 [00:01<00:02, 19.43it/s]
 37%|███▋      | 29/79 [00:01<00:02, 19.18it/s]
 41%|████      | 32/79 [00:01<00:02, 20.22it/s]
 44%|████▍     | 35/79 [00:01<00:02, 19.82it/s]
 47%|████▋     | 37/79 [00:01<00:02, 19.66it/s]
 49%|████▉     | 39/79 [00:02<00:02, 19.71it/s]
 53%|█████▎    | 42/79 [00:02<00:01, 21.37it/s]
 57%|█████▋    | 45/79 [00:02<00:01, 19.62it/s]
 61%|██████    | 48/79 [00:02<00:01, 20.68it/s]
 65%|██████▍   | 51/79 [00:02<00:01, 19.83it/s]
 68%|██████▊   | 54/79 [00:02<00:01, 20.68it/s]
 72%|███████▏  | 57/79 [00:02<00:01, 20.21it/s]
 76%|███████▌  | 60/79 [00:03<00:00, 21.32it/s]
 80%|███████▉  | 63/79 [00:03<00:00, 19.35it/s]
 82%|████████▏ | 65/79 [00:03<00:00, 19.25it/s]
 85%|████████▍ | 67/79 [00:03<00:00, 19.29it/s]
 87%|████████▋ | 69/79 [00:03<00:00, 19.25it/s]
 90%|████████▉ | 71/79 [00:03<00:00, 19.13it/s]
 94%|█████████▎| 74/79 [00:03<00:00, 21.64it/s]
 97%|█████████▋| 77/79 [00:03<00:00, 19.32it/s]
100%|██████████| 79/79 [00:03<00:00, 19.90it/s]

CommRound: 3/30
Accuracy: 82.56% | Loss: 0.5398
[######------------------------------------------------------] 10.0%
Elapsed: 3.0m | Avg/Round: 59.0s | Last: 56.6s | Next: 59.0s | Remaining: 26.6m
ETA: 05:03:24
Recent round times: R1: 59.3s -> R2: 57.7s -> R3: 56.6s

  0%|          | 0/79 [00:00<?, ?it/s]
  1%|▏         | 1/79 [00:00<00:17,  4.49it/s]
  6%|▋         | 5/79 [00:00<00:04, 16.95it/s]
 11%|█▏        | 9/79 [00:00<00:03, 21.32it/s]
 16%|█▋        | 13/79 [00:00<00:02, 25.07it/s]
 22%|██▏       | 17/79 [00:00<00:02, 27.43it/s]
 27%|██▋       | 21/79 [00:00<00:01, 29.23it/s]
 32%|███▏      | 25/79 [00:00<00:01, 30.61it/s]
 37%|███▋      | 29/79 [00:01<00:01, 31.55it/s]
 42%|████▏     | 33/79 [00:01<00:01, 32.02it/s]
 47%|████▋     | 37/79 [00:01<00:01, 32.55it/s]
 52%|█████▏    | 41/79 [00:01<00:01, 32.94it/s]
 57%|█████▋    | 45/79 [00:01<00:01, 32.72it/s]
 62%|██████▏   | 49/79 [00:01<00:00, 32.14it/s]
 67%|██████▋   | 53/79 [00:01<00:00, 31.98it/s]
 72%|███████▏  | 57/79 [00:01<00:00, 31.50it/s]
 77%|███████▋  | 61/79 [00:02<00:00, 31.64it/s]
 82%|████████▏ | 65/79 [00:02<00:00, 30.61it/s]
 87%|████████▋ | 69/79 [00:02<00:00, 30.56it/s]
 92%|█████████▏| 73/79 [00:02<00:00, 31.77it/s]
 97%|█████████▋| 77/79 [00:02<00:00, 31.77it/s]
100%|██████████| 79/79 [00:02<00:00, 29.43it/s]

CommRound: 4/30
Accuracy: 87.67% | Loss: 0.3946
[########----------------------------------------------------] 13.3%
Elapsed: 3.8m | Avg/Round: 57.5s | Last: 53.1s | Next: 57.5s | Remaining: 24.9m
ETA: 05:02:39
Recent round times: R1: 59.3s -> R2: 57.7s -> R3: 56.6s -> R4: 53.1s

  0%|          | 0/79 [00:00<?, ?it/s]
  1%|▏         | 1/79 [00:00<00:12,  6.28it/s]
  6%|▋         | 5/79 [00:00<00:03, 20.82it/s]
 11%|█▏        | 9/79 [00:00<00:03, 21.19it/s]
 16%|█▋        | 13/79 [00:00<00:03, 21.29it/s]
 20%|██        | 16/79 [00:00<00:02, 22.17it/s]
 24%|██▍       | 19/79 [00:00<00:03, 18.74it/s]
 27%|██▋       | 21/79 [00:01<00:03, 17.83it/s]
 29%|██▉       | 23/79 [00:01<00:03, 17.52it/s]
 32%|███▏      | 25/79 [00:01<00:03, 17.40it/s]
 34%|███▍      | 27/79 [00:01<00:02, 17.54it/s]
 37%|███▋      | 29/79 [00:01<00:02, 17.63it/s]
 39%|███▉      | 31/79 [00:01<00:02, 17.71it/s]
 43%|████▎     | 34/79 [00:01<00:02, 20.82it/s]
 47%|████▋     | 37/79 [00:01<00:02, 20.27it/s]
 51%|█████     | 40/79 [00:02<00:01, 21.96it/s]
 54%|█████▍    | 43/79 [00:02<00:01, 20.23it/s]
 58%|█████▊    | 46/79 [00:02<00:01, 19.16it/s]
 61%|██████    | 48/79 [00:02<00:01, 18.84it/s]
 63%|██████▎   | 50/79 [00:02<00:01, 18.08it/s]
 66%|██████▌   | 52/79 [00:02<00:01, 17.92it/s]
 68%|██████▊   | 54/79 [00:02<00:01, 17.02it/s]
 71%|███████   | 56/79 [00:03<00:01, 17.05it/s]
 73%|███████▎  | 58/79 [00:03<00:01, 16.50it/s]
 76%|███████▌  | 60/79 [00:03<00:01, 16.21it/s]
 78%|███████▊  | 62/79 [00:03<00:01, 16.01it/s]
 81%|████████  | 64/79 [00:03<00:00, 16.14it/s]
 86%|████████▌ | 68/79 [00:03<00:00, 20.46it/s]
 90%|████████▉ | 71/79 [00:03<00:00, 22.12it/s]
 94%|█████████▎| 74/79 [00:03<00:00, 24.14it/s]
 99%|█████████▊| 78/79 [00:04<00:00, 25.63it/s]
100%|██████████| 79/79 [00:04<00:00, 19.61it/s]

CommRound: 5/30
Accuracy: 88.93% | Loss: 0.3727
[##########--------------------------------------------------] 16.7%
Elapsed: 4.8m | Avg/Round: 58.1s | Last: 60.3s | Next: 58.1s | Remaining: 24.2m
ETA: 05:02:56
Recent round times: R1: 59.3s -> R2: 57.7s -> R3: 56.6s -> R4: 53.1s -> R5: 60.3s

  0%|          | 0/79 [00:00<?, ?it/s]
  1%|▏         | 1/79 [00:00<00:08,  8.91it/s]
  6%|▋         | 5/79 [00:00<00:02, 25.52it/s]
 11%|█▏        | 9/79 [00:00<00:02, 30.93it/s]
 16%|█▋        | 13/79 [00:00<00:01, 33.87it/s]
 22%|██▏       | 17/79 [00:00<00:01, 35.43it/s]
 27%|██▋       | 21/79 [00:00<00:01, 36.35it/s]
 32%|███▏      | 25/79 [00:00<00:01, 36.92it/s]
 37%|███▋      | 29/79 [00:00<00:01, 37.36it/s]
 42%|████▏     | 33/79 [00:00<00:01, 37.30it/s]
 47%|████▋     | 37/79 [00:01<00:01, 36.99it/s]
 52%|█████▏    | 41/79 [00:01<00:01, 37.02it/s]
 57%|█████▋    | 45/79 [00:01<00:00, 36.78it/s]
 62%|██████▏   | 49/79 [00:01<00:00, 36.58it/s]
 67%|██████▋   | 53/79 [00:01<00:00, 36.54it/s]
 72%|███████▏  | 57/79 [00:01<00:00, 35.74it/s]
 77%|███████▋  | 61/79 [00:01<00:00, 36.42it/s]
 82%|████████▏ | 65/79 [00:01<00:00, 36.31it/s]
 87%|████████▋ | 69/79 [00:01<00:00, 36.20it/s]
 92%|█████████▏| 73/79 [00:02<00:00, 36.21it/s]
 97%|█████████▋| 77/79 [00:02<00:00, 35.91it/s]
100%|██████████| 79/79 [00:02<00:00, 35.23it/s]

CommRound: 6/30
Accuracy: 90.99% | Loss: 0.3208
[############------------------------------------------------] 20.0%
Elapsed: 5.8m | Avg/Round: 58.1s | Last: 58.2s | Next: 58.1s | Remaining: 23.2m
ETA: 05:02:57
Recent round times: R1: 57.7s -> R2: 56.6s -> R3: 53.1s -> R4: 60.3s -> R5: 58.2s

  0%|          | 0/79 [00:00<?, ?it/s]
  1%|▏         | 1/79 [00:00<00:11,  7.04it/s]
  9%|▉         | 7/79 [00:00<00:02, 29.56it/s]
 14%|█▍        | 11/79 [00:00<00:02, 31.84it/s]
 19%|█▉        | 15/79 [00:00<00:01, 32.22it/s]
 24%|██▍       | 19/79 [00:00<00:01, 34.31it/s]
 29%|██▉       | 23/79 [00:00<00:01, 35.00it/s]
 34%|███▍      | 27/79 [00:00<00:01, 35.02it/s]
 39%|███▉      | 31/79 [00:00<00:01, 34.99it/s]
 44%|████▍     | 35/79 [00:01<00:01, 34.94it/s]
 49%|████▉     | 39/79 [00:01<00:01, 34.82it/s]
 54%|█████▍    | 43/79 [00:01<00:01, 34.74it/s]
 59%|█████▉    | 47/79 [00:01<00:00, 34.47it/s]
 65%|██████▍   | 51/79 [00:01<00:00, 34.42it/s]
 70%|██████▉   | 55/79 [00:01<00:00, 34.48it/s]
 75%|███████▍  | 59/79 [00:01<00:00, 34.51it/s]
 80%|███████▉  | 63/79 [00:01<00:00, 34.55it/s]
 85%|████████▍ | 67/79 [00:02<00:00, 31.81it/s]
 90%|████████▉ | 71/79 [00:02<00:00, 29.28it/s]
 94%|█████████▎| 74/79 [00:02<00:00, 28.75it/s]
 99%|█████████▊| 78/79 [00:02<00:00, 30.77it/s]
100%|██████████| 79/79 [00:02<00:00, 32.51it/s]

CommRound: 7/30
Accuracy: 90.14% | Loss: 0.3522
[##############----------------------------------------------] 23.3%
Elapsed: 6.8m | Avg/Round: 58.1s | Last: 58.1s | Next: 58.1s | Remaining: 22.3m
ETA: 05:02:57
Recent round times: R1: 56.6s -> R2: 53.1s -> R3: 60.3s -> R4: 58.2s -> R5: 58.1s

  0%|          | 0/79 [00:00<?, ?it/s]
  1%|▏         | 1/79 [00:00<00:11,  6.97it/s]
  9%|▉         | 7/79 [00:00<00:02, 27.66it/s]
 14%|█▍        | 11/79 [00:00<00:02, 30.61it/s]
 19%|█▉        | 15/79 [00:00<00:01, 32.21it/s]
 24%|██▍       | 19/79 [00:00<00:01, 33.36it/s]
 29%|██▉       | 23/79 [00:00<00:01, 34.03it/s]
 34%|███▍      | 27/79 [00:00<00:01, 35.03it/s]
 39%|███▉      | 31/79 [00:00<00:01, 35.37it/s]
 44%|████▍     | 35/79 [00:01<00:01, 35.34it/s]
 49%|████▉     | 39/79 [00:01<00:01, 35.91it/s]
 54%|█████▍    | 43/79 [00:01<00:00, 36.06it/s]
 59%|█████▉    | 47/79 [00:01<00:00, 35.72it/s]
 65%|██████▍   | 51/79 [00:01<00:00, 35.88it/s]
 70%|██████▉   | 55/79 [00:01<00:00, 35.50it/s]
 75%|███████▍  | 59/79 [00:01<00:00, 35.46it/s]
 80%|███████▉  | 63/79 [00:01<00:00, 35.60it/s]
 85%|████████▍ | 67/79 [00:01<00:00, 36.15it/s]
 90%|████████▉ | 71/79 [00:02<00:00, 36.38it/s]
 95%|█████████▍| 75/79 [00:02<00:00, 35.45it/s]
100%|██████████| 79/79 [00:02<00:00, 34.53it/s]

CommRound: 8/30
Accuracy: 90.67% | Loss: 0.3406
[################--------------------------------------------] 26.7%
Elapsed: 7.7m | Avg/Round: 58.1s | Last: 57.6s | Next: 58.1s | Remaining: 21.3m
ETA: 05:02:55
Recent round times: R1: 53.1s -> R2: 60.3s -> R3: 58.2s -> R4: 58.1s -> R5: 57.6s

  0%|          | 0/79 [00:00<?, ?it/s]
  1%|▏         | 1/79 [00:00<00:10,  7.36it/s]
  8%|▊         | 6/79 [00:00<00:02, 28.07it/s]
 13%|█▎        | 10/79 [00:00<00:02, 30.69it/s]
 18%|█▊        | 14/79 [00:00<00:02, 31.52it/s]
 23%|██▎       | 18/79 [00:00<00:01, 32.65it/s]
 28%|██▊       | 22/79 [00:00<00:01, 33.11it/s]
 33%|███▎      | 26/79 [00:00<00:01, 33.35it/s]
 38%|███▊      | 30/79 [00:00<00:01, 33.66it/s]
 43%|████▎     | 34/79 [00:01<00:01, 33.85it/s]
 48%|████▊     | 38/79 [00:01<00:01, 34.10it/s]
 53%|█████▎    | 42/79 [00:01<00:01, 34.25it/s]
 58%|█████▊    | 46/79 [00:01<00:00, 33.71it/s]
 63%|██████▎   | 50/79 [00:01<00:00, 34.13it/s]
 68%|██████▊   | 54/79 [00:01<00:00, 34.15it/s]
 73%|███████▎  | 58/79 [00:01<00:00, 34.29it/s]
 78%|███████▊  | 62/79 [00:01<00:00, 34.39it/s]
 84%|████████▎ | 66/79 [00:02<00:00, 33.99it/s]
 89%|████████▊ | 70/79 [00:02<00:00, 33.24it/s]
 94%|█████████▎| 74/79 [00:02<00:00, 32.50it/s]
 99%|█████████▊| 78/79 [00:02<00:00, 32.31it/s]
100%|██████████| 79/79 [00:02<00:00, 32.78it/s]

CommRound: 9/30
Accuracy: 90.54% | Loss: 0.3508
[##################------------------------------------------] 30.0%
Elapsed: 8.6m | Avg/Round: 57.0s | Last: 48.9s | Next: 57.0s | Remaining: 20.0m
ETA: 05:02:24
Recent round times: R1: 60.3s -> R2: 58.2s -> R3: 58.1s -> R4: 57.6s -> R5: 48.9s

  0%|          | 0/79 [00:00<?, ?it/s]
  1%|▏         | 1/79 [00:00<00:11,  6.63it/s]
  8%|▊         | 6/79 [00:00<00:02, 24.36it/s]
 13%|█▎        | 10/79 [00:00<00:02, 27.47it/s]
 18%|█▊        | 14/79 [00:00<00:02, 29.16it/s]
 23%|██▎       | 18/79 [00:00<00:02, 30.32it/s]
 28%|██▊       | 22/79 [00:00<00:01, 30.79it/s]
 33%|███▎      | 26/79 [00:00<00:01, 30.88it/s]
 38%|███▊      | 30/79 [00:01<00:01, 27.85it/s]
 43%|████▎     | 34/79 [00:01<00:01, 29.62it/s]
 48%|████▊     | 38/79 [00:01<00:01, 30.98it/s]
 53%|█████▎    | 42/79 [00:01<00:01, 31.97it/s]
 58%|█████▊    | 46/79 [00:01<00:01, 32.74it/s]
 63%|██████▎   | 50/79 [00:01<00:00, 32.86it/s]
 68%|██████▊   | 54/79 [00:01<00:00, 33.44it/s]
 73%|███████▎  | 58/79 [00:01<00:00, 33.77it/s]
 78%|███████▊  | 62/79 [00:02<00:00, 33.28it/s]
 84%|████████▎ | 66/79 [00:02<00:00, 32.18it/s]
 89%|████████▊ | 70/79 [00:02<00:00, 32.61it/s]
 94%|█████████▎| 74/79 [00:02<00:00, 33.32it/s]
 99%|█████████▊| 78/79 [00:02<00:00, 33.59it/s]
100%|██████████| 79/79 [00:02<00:00, 31.19it/s]

CommRound: 10/30
Accuracy: 90.50% | Loss: 0.3589
[####################----------------------------------------] 33.3%
Elapsed: 9.4m | Avg/Round: 56.2s | Last: 48.6s | Next: 56.2s | Remaining: 18.7m
ETA: 05:01:59
Recent round times: R1: 58.2s -> R2: 58.1s -> R3: 57.6s -> R4: 48.9s -> R5: 48.6s

  0%|          | 0/79 [00:00<?, ?it/s]
  1%|▏         | 1/79 [00:00<00:11,  7.00it/s]
  6%|▋         | 5/79 [00:00<00:03, 22.01it/s]
 10%|█         | 8/79 [00:00<00:02, 24.49it/s]
 14%|█▍        | 11/79 [00:00<00:02, 23.18it/s]
 18%|█▊        | 14/79 [00:00<00:02, 23.67it/s]
 22%|██▏       | 17/79 [00:00<00:02, 21.99it/s]
 25%|██▌       | 20/79 [00:00<00:02, 23.13it/s]
 29%|██▉       | 23/79 [00:01<00:02, 20.99it/s]
 33%|███▎      | 26/79 [00:01<00:02, 20.61it/s]
 37%|███▋      | 29/79 [00:01<00:02, 22.41it/s]
 42%|████▏     | 33/79 [00:01<00:02, 22.63it/s]
 47%|████▋     | 37/79 [00:01<00:01, 22.51it/s]
 52%|█████▏    | 41/79 [00:01<00:01, 23.17it/s]
 57%|█████▋    | 45/79 [00:01<00:01, 23.88it/s]
 61%|██████    | 48/79 [00:02<00:01, 24.23it/s]
 65%|██████▍   | 51/79 [00:02<00:01, 25.52it/s]
 68%|██████▊   | 54/79 [00:02<00:00, 25.11it/s]
 72%|███████▏  | 57/79 [00:02<00:00, 22.84it/s]
 76%|███████▌  | 60/79 [00:02<00:00, 23.76it/s]
 80%|███████▉  | 63/79 [00:02<00:00, 22.78it/s]
 84%|████████▎ | 66/79 [00:02<00:00, 23.46it/s]
 87%|████████▋ | 69/79 [00:03<00:00, 19.78it/s]
 92%|█████████▏| 73/79 [00:03<00:00, 21.86it/s]
 97%|█████████▋| 77/79 [00:03<00:00, 22.96it/s]
100%|██████████| 79/79 [00:03<00:00, 23.01it/s]

CommRound: 11/30
Accuracy: 90.65% | Loss: 0.3540
[######################--------------------------------------] 36.7%
Elapsed: 10.3m | Avg/Round: 56.3s | Last: 57.1s | Next: 56.3s | Remaining: 17.8m
ETA: 05:02:02
Recent round times: R1: 58.1s -> R2: 57.6s -> R3: 48.9s -> R4: 48.6s -> R5: 57.1s

  0%|          | 0/79 [00:00<?, ?it/s]
  1%|▏         | 1/79 [00:00<00:17,  4.35it/s]
  6%|▋         | 5/79 [00:00<00:05, 14.26it/s]
  9%|▉         | 7/79 [00:00<00:05, 13.06it/s]
 14%|█▍        | 11/79 [00:00<00:03, 19.90it/s]
 18%|█▊        | 14/79 [00:00<00:03, 16.28it/s]
 20%|██        | 16/79 [00:01<00:03, 16.42it/s]
 23%|██▎       | 18/79 [00:01<00:03, 16.15it/s]
 25%|██▌       | 20/79 [00:01<00:03, 15.28it/s]
 28%|██▊       | 22/79 [00:01<00:03, 16.16it/s]
 30%|███       | 24/79 [00:01<00:03, 16.23it/s]
 33%|███▎      | 26/79 [00:01<00:03, 16.03it/s]
 35%|███▌      | 28/79 [00:01<00:03, 16.48it/s]
 38%|███▊      | 30/79 [00:01<00:02, 16.86it/s]
 41%|████      | 32/79 [00:02<00:02, 16.58it/s]
 43%|████▎     | 34/79 [00:02<00:02, 16.33it/s]
 46%|████▌     | 36/79 [00:02<00:02, 16.05it/s]
 48%|████▊     | 38/79 [00:02<00:02, 16.29it/s]
 51%|█████     | 40/79 [00:02<00:02, 16.42it/s]
 53%|█████▎    | 42/79 [00:02<00:02, 15.58it/s]
 56%|█████▌    | 44/79 [00:02<00:02, 15.64it/s]
 58%|█████▊    | 46/79 [00:02<00:02, 15.41it/s]
 61%|██████    | 48/79 [00:03<00:01, 15.61it/s]
 63%|██████▎   | 50/79 [00:03<00:01, 15.66it/s]
 66%|██████▌   | 52/79 [00:03<00:01, 15.75it/s]
 68%|██████▊   | 54/79 [00:03<00:01, 15.50it/s]
 71%|███████   | 56/79 [00:03<00:01, 15.61it/s]
 73%|███████▎  | 58/79 [00:03<00:01, 15.44it/s]
 76%|███████▌  | 60/79 [00:03<00:01, 15.46it/s]
 78%|███████▊  | 62/79 [00:03<00:01, 15.23it/s]
 81%|████████  | 64/79 [00:04<00:00, 15.27it/s]
 84%|████████▎ | 66/79 [00:04<00:00, 15.41it/s]
 87%|████████▋ | 69/79 [00:04<00:00, 18.89it/s]
 90%|████████▉ | 71/79 [00:04<00:00, 18.93it/s]
 92%|█████████▏| 73/79 [00:04<00:00, 17.96it/s]
 95%|█████████▍| 75/79 [00:04<00:00, 17.22it/s]
 99%|█████████▊| 78/79 [00:04<00:00, 18.37it/s]
100%|██████████| 79/79 [00:04<00:00, 16.27it/s]

CommRound: 12/30
Accuracy: 90.74% | Loss: 0.3513
[########################------------------------------------] 40.0%
Elapsed: 11.4m | Avg/Round: 56.8s | Last: 62.5s | Next: 56.8s | Remaining: 17.0m
ETA: 05:02:17
Recent round times: R1: 57.6s -> R2: 48.9s -> R3: 48.6s -> R4: 57.1s -> R5: 62.5s

  0%|          | 0/79 [00:00<?, ?it/s]
  1%|▏         | 1/79 [00:00<00:13,  5.69it/s]
  6%|▋         | 5/79 [00:00<00:03, 20.01it/s]
 11%|█▏        | 9/79 [00:00<00:02, 23.81it/s]
 16%|█▋        | 13/79 [00:00<00:02, 26.98it/s]
 22%|██▏       | 17/79 [00:00<00:02, 28.19it/s]
 27%|██▋       | 21/79 [00:00<00:02, 28.59it/s]
 32%|███▏      | 25/79 [00:00<00:01, 29.76it/s]
 37%|███▋      | 29/79 [00:01<00:01, 30.56it/s]
 42%|████▏     | 33/79 [00:01<00:01, 30.12it/s]
 47%|████▋     | 37/79 [00:01<00:01, 29.31it/s]
 51%|█████     | 40/79 [00:01<00:01, 28.89it/s]
 56%|█████▌    | 44/79 [00:01<00:01, 30.82it/s]
 61%|██████    | 48/79 [00:01<00:01, 24.61it/s]
 65%|██████▍   | 51/79 [00:01<00:01, 24.49it/s]
 68%|██████▊   | 54/79 [00:02<00:01, 22.27it/s]
 72%|███████▏  | 57/79 [00:02<00:00, 23.19it/s]
 76%|███████▌  | 60/79 [00:02<00:00, 23.53it/s]
 81%|████████  | 64/79 [00:02<00:00, 24.35it/s]
 85%|████████▍ | 67/79 [00:02<00:00, 24.73it/s]
 89%|████████▊ | 70/79 [00:02<00:00, 22.15it/s]
 94%|█████████▎| 74/79 [00:02<00:00, 23.57it/s]
 97%|█████████▋| 77/79 [00:03<00:00, 23.69it/s]
100%|██████████| 79/79 [00:03<00:00, 25.44it/s]

CommRound: 13/30
Accuracy: 90.98% | Loss: 0.3480
[##########################----------------------------------] 43.3%
Elapsed: 12.2m | Avg/Round: 56.4s | Last: 52.2s | Next: 56.4s | Remaining: 16.0m
ETA: 05:02:07
Recent round times: R1: 48.9s -> R2: 48.6s -> R3: 57.1s -> R4: 62.5s -> R5: 52.2s

  0%|          | 0/79 [00:00<?, ?it/s]
  1%|▏         | 1/79 [00:00<00:11,  6.57it/s]
  9%|▉         | 7/79 [00:00<00:02, 27.69it/s]
 14%|█▍        | 11/79 [00:00<00:02, 32.18it/s]
 19%|█▉        | 15/79 [00:00<00:01, 33.87it/s]
 24%|██▍       | 19/79 [00:00<00:01, 34.34it/s]
 29%|██▉       | 23/79 [00:00<00:01, 34.52it/s]
 34%|███▍      | 27/79 [00:00<00:01, 33.24it/s]
 39%|███▉      | 31/79 [00:00<00:01, 34.71it/s]
 44%|████▍     | 35/79 [00:01<00:01, 35.02it/s]
 49%|████▉     | 39/79 [00:01<00:01, 35.10it/s]
 54%|█████▍    | 43/79 [00:01<00:01, 35.01it/s]
 59%|█████▉    | 47/79 [00:01<00:00, 34.65it/s]
 65%|██████▍   | 51/79 [00:01<00:00, 35.07it/s]
 70%|██████▉   | 55/79 [00:01<00:00, 35.65it/s]
 75%|███████▍  | 59/79 [00:01<00:00, 36.13it/s]
 80%|███████▉  | 63/79 [00:01<00:00, 36.17it/s]
 85%|████████▍ | 67/79 [00:01<00:00, 34.38it/s]
 90%|████████▉ | 71/79 [00:02<00:00, 35.09it/s]
 95%|█████████▍| 75/79 [00:02<00:00, 35.52it/s]
100%|██████████| 79/79 [00:02<00:00, 34.27it/s]

CommRound: 14/30
Accuracy: 91.08% | Loss: 0.3439
[############################--------------------------------] 46.7%
Elapsed: 13.1m | Avg/Round: 56.1s | Last: 51.2s | Next: 56.1s | Remaining: 15.0m
ETA: 05:01:55
Recent round times: R1: 48.6s -> R2: 57.1s -> R3: 62.5s -> R4: 52.2s -> R5: 51.2s

  0%|          | 0/79 [00:00<?, ?it/s]
  1%|▏         | 1/79 [00:00<00:10,  7.41it/s]
  9%|▉         | 7/79 [00:00<00:02, 28.67it/s]
 14%|█▍        | 11/79 [00:00<00:02, 31.48it/s]
 19%|█▉        | 15/79 [00:00<00:01, 33.99it/s]
 24%|██▍       | 19/79 [00:00<00:01, 35.05it/s]
 29%|██▉       | 23/79 [00:00<00:01, 35.65it/s]
 34%|███▍      | 27/79 [00:00<00:01, 36.21it/s]
 39%|███▉      | 31/79 [00:00<00:01, 36.45it/s]
 44%|████▍     | 35/79 [00:01<00:01, 36.13it/s]
 49%|████▉     | 39/79 [00:01<00:01, 37.04it/s]
 54%|█████▍    | 43/79 [00:01<00:00, 37.44it/s]
 59%|█████▉    | 47/79 [00:01<00:00, 37.66it/s]
 65%|██████▍   | 51/79 [00:01<00:00, 38.29it/s]
 71%|███████   | 56/79 [00:01<00:00, 40.59it/s]
 77%|███████▋  | 61/79 [00:01<00:00, 38.35it/s]
 82%|████████▏ | 65/79 [00:01<00:00, 38.49it/s]
 87%|████████▋ | 69/79 [00:01<00:00, 37.80it/s]
 92%|█████████▏| 73/79 [00:02<00:00, 37.75it/s]
 97%|█████████▋| 77/79 [00:02<00:00, 37.98it/s]
100%|██████████| 79/79 [00:02<00:00, 36.52it/s]

CommRound: 15/30
Accuracy: 91.31% | Loss: 0.3404
[##############################------------------------------] 50.0%
Elapsed: 14.0m | Avg/Round: 56.2s | Last: 57.4s | Next: 56.2s | Remaining: 14.0m
ETA: 05:01:58
Recent round times: R1: 57.1s -> R2: 62.5s -> R3: 52.2s -> R4: 51.2s -> R5: 57.4s

  0%|          | 0/79 [00:00<?, ?it/s]
  1%|▏         | 1/79 [00:00<00:14,  5.55it/s]
  9%|▉         | 7/79 [00:00<00:02, 25.19it/s]
 14%|█▍        | 11/79 [00:00<00:02, 28.89it/s]
 19%|█▉        | 15/79 [00:00<00:02, 30.72it/s]
 24%|██▍       | 19/79 [00:00<00:01, 32.11it/s]
 29%|██▉       | 23/79 [00:00<00:01, 33.01it/s]
 34%|███▍      | 27/79 [00:00<00:01, 33.50it/s]
 39%|███▉      | 31/79 [00:01<00:01, 33.81it/s]
 44%|████▍     | 35/79 [00:01<00:01, 33.73it/s]
 49%|████▉     | 39/79 [00:01<00:01, 33.38it/s]
 54%|█████▍    | 43/79 [00:01<00:01, 33.28it/s]
 59%|█████▉    | 47/79 [00:01<00:00, 33.04it/s]
 65%|██████▍   | 51/79 [00:01<00:00, 33.03it/s]
 70%|██████▉   | 55/79 [00:01<00:00, 33.08it/s]
 75%|███████▍  | 59/79 [00:01<00:00, 33.06it/s]
 80%|███████▉  | 63/79 [00:01<00:00, 32.75it/s]
 85%|████████▍ | 67/79 [00:02<00:00, 33.07it/s]
 90%|████████▉ | 71/79 [00:02<00:00, 29.26it/s]
 95%|█████████▍| 75/79 [00:02<00:00, 24.96it/s]
100%|██████████| 79/79 [00:02<00:00, 30.48it/s]

CommRound: 16/30
Accuracy: 91.35% | Loss: 0.3378
[################################----------------------------] 53.3%
Elapsed: 14.9m | Avg/Round: 55.8s | Last: 50.6s | Next: 55.8s | Remaining: 13.0m
ETA: 05:01:48
Recent round times: R1: 62.5s -> R2: 52.2s -> R3: 51.2s -> R4: 57.4s -> R5: 50.6s

  0%|          | 0/79 [00:00<?, ?it/s]
  1%|▏         | 1/79 [00:00<00:10,  7.34it/s]
  8%|▊         | 6/79 [00:00<00:02, 28.30it/s]
 13%|█▎        | 10/79 [00:00<00:02, 30.87it/s]
 18%|█▊        | 14/79 [00:00<00:02, 32.17it/s]
 23%|██▎       | 18/79 [00:00<00:01, 33.15it/s]
 28%|██▊       | 22/79 [00:00<00:01, 33.70it/s]
 33%|███▎      | 26/79 [00:00<00:01, 34.09it/s]
 38%|███▊      | 30/79 [00:00<00:01, 34.35it/s]
 43%|████▎     | 34/79 [00:01<00:01, 34.47it/s]
 48%|████▊     | 38/79 [00:01<00:01, 34.61it/s]
 53%|█████▎    | 42/79 [00:01<00:01, 34.70it/s]
 58%|█████▊    | 46/79 [00:01<00:00, 34.84it/s]
 63%|██████▎   | 50/79 [00:01<00:00, 34.80it/s]
 68%|██████▊   | 54/79 [00:01<00:00, 34.77it/s]
 73%|███████▎  | 58/79 [00:01<00:00, 34.91it/s]
 78%|███████▊  | 62/79 [00:01<00:00, 35.01it/s]
 84%|████████▎ | 66/79 [00:01<00:00, 35.12it/s]
 89%|████████▊ | 70/79 [00:02<00:00, 35.10it/s]
 94%|█████████▎| 74/79 [00:02<00:00, 34.61it/s]
 99%|█████████▊| 78/79 [00:02<00:00, 31.70it/s]
100%|██████████| 79/79 [00:02<00:00, 33.37it/s]

CommRound: 17/30
Accuracy: 91.39% | Loss: 0.3357
[##################################--------------------------] 56.7%
Elapsed: 15.8m | Avg/Round: 55.7s | Last: 54.0s | Next: 55.7s | Remaining: 12.1m
ETA: 05:01:44
Recent round times: R1: 52.2s -> R2: 51.2s -> R3: 57.4s -> R4: 50.6s -> R5: 54.0s

  0%|          | 0/79 [00:00<?, ?it/s]
  1%|▏         | 1/79 [00:00<00:17,  4.45it/s]
  6%|▋         | 5/79 [00:00<00:07, 10.51it/s]
 14%|█▍        | 11/79 [00:00<00:03, 22.43it/s]
 19%|█▉        | 15/79 [00:00<00:02, 24.89it/s]
 24%|██▍       | 19/79 [00:00<00:02, 26.58it/s]
 29%|██▉       | 23/79 [00:01<00:02, 27.66it/s]
 34%|███▍      | 27/79 [00:01<00:01, 28.50it/s]
 39%|███▉      | 31/79 [00:01<00:01, 27.47it/s]
 44%|████▍     | 35/79 [00:01<00:01, 27.52it/s]
 49%|████▉     | 39/79 [00:01<00:01, 27.62it/s]
 53%|█████▎    | 42/79 [00:01<00:01, 27.18it/s]
 57%|█████▋    | 45/79 [00:01<00:01, 21.04it/s]
 61%|██████    | 48/79 [00:02<00:01, 21.07it/s]
 65%|██████▍   | 51/79 [00:02<00:01, 17.77it/s]
 67%|██████▋   | 53/79 [00:02<00:01, 17.67it/s]
 70%|██████▉   | 55/79 [00:02<00:01, 17.29it/s]
 72%|███████▏  | 57/79 [00:02<00:01, 16.99it/s]
 75%|███████▍  | 59/79 [00:02<00:01, 16.46it/s]
 77%|███████▋  | 61/79 [00:02<00:01, 16.79it/s]
 80%|███████▉  | 63/79 [00:03<00:00, 16.64it/s]
 82%|████████▏ | 65/79 [00:03<00:00, 16.31it/s]
 85%|████████▍ | 67/79 [00:03<00:00, 16.45it/s]
 87%|████████▋ | 69/79 [00:03<00:00, 16.25it/s]
 90%|████████▉ | 71/79 [00:03<00:00, 16.56it/s]
 92%|█████████▏| 73/79 [00:03<00:00, 16.59it/s]
 97%|█████████▋| 77/79 [00:03<00:00, 19.51it/s]
100%|██████████| 79/79 [00:03<00:00, 20.49it/s]

CommRound: 18/30
Accuracy: 91.37% | Loss: 0.3342
[####################################------------------------] 60.0%
Elapsed: 16.8m | Avg/Round: 55.8s | Last: 58.2s | Next: 55.8s | Remaining: 11.2m
ETA: 05:01:49
Recent round times: R1: 51.2s -> R2: 57.4s -> R3: 50.6s -> R4: 54.0s -> R5: 58.2s

  0%|          | 0/79 [00:00<?, ?it/s]
  1%|▏         | 1/79 [00:00<00:14,  5.27it/s]
  6%|▋         | 5/79 [00:00<00:03, 18.67it/s]
 11%|█▏        | 9/79 [00:00<00:03, 21.34it/s]
 16%|█▋        | 13/79 [00:00<00:02, 26.06it/s]
 22%|██▏       | 17/79 [00:00<00:02, 24.98it/s]
 27%|██▋       | 21/79 [00:00<00:02, 25.87it/s]
 32%|███▏      | 25/79 [00:01<00:01, 27.17it/s]
 37%|███▋      | 29/79 [00:01<00:01, 28.30it/s]
 41%|████      | 32/79 [00:01<00:01, 28.67it/s]
 46%|████▌     | 36/79 [00:01<00:01, 29.52it/s]
 49%|████▉     | 39/79 [00:01<00:01, 27.51it/s]
 53%|█████▎    | 42/79 [00:01<00:01, 25.00it/s]
 58%|█████▊    | 46/79 [00:01<00:01, 26.46it/s]
 62%|██████▏   | 49/79 [00:01<00:01, 26.77it/s]
 66%|██████▌   | 52/79 [00:02<00:01, 24.31it/s]
 71%|███████   | 56/79 [00:02<00:00, 26.50it/s]
 76%|███████▌  | 60/79 [00:02<00:00, 27.46it/s]
 81%|████████  | 64/79 [00:02<00:00, 27.36it/s]
 86%|████████▌ | 68/79 [00:02<00:00, 27.91it/s]
 91%|█████████ | 72/79 [00:02<00:00, 28.00it/s]
 96%|█████████▌| 76/79 [00:02<00:00, 29.28it/s]
100%|██████████| 79/79 [00:02<00:00, 26.67it/s]

CommRound: 19/30
Accuracy: 91.46% | Loss: 0.3334
[######################################----------------------] 63.3%
Elapsed: 17.8m | Avg/Round: 56.3s | Last: 65.4s | Next: 56.3s | Remaining: 10.3m
ETA: 05:02:04
Recent round times: R1: 57.4s -> R2: 50.6s -> R3: 54.0s -> R4: 58.2s -> R5: 65.4s

  0%|          | 0/79 [00:00<?, ?it/s]
  3%|▎         | 2/79 [00:00<00:04, 19.14it/s]
  9%|▉         | 7/79 [00:00<00:02, 32.41it/s]
 15%|█▌        | 12/79 [00:00<00:01, 35.75it/s]
 20%|██        | 16/79 [00:00<00:01, 36.63it/s]
 25%|██▌       | 20/79 [00:00<00:01, 37.38it/s]
 30%|███       | 24/79 [00:00<00:01, 37.83it/s]
 35%|███▌      | 28/79 [00:00<00:01, 38.22it/s]
 41%|████      | 32/79 [00:00<00:01, 38.50it/s]
 46%|████▌     | 36/79 [00:00<00:01, 38.58it/s]
 51%|█████     | 40/79 [00:01<00:01, 38.53it/s]
 56%|█████▌    | 44/79 [00:01<00:00, 38.76it/s]
 61%|██████    | 48/79 [00:01<00:00, 39.13it/s]
 66%|██████▌   | 52/79 [00:01<00:00, 39.23it/s]
 72%|███████▏  | 57/79 [00:01<00:00, 41.64it/s]
 78%|███████▊  | 62/79 [00:01<00:00, 39.36it/s]
 84%|████████▎ | 66/79 [00:01<00:00, 39.49it/s]
 90%|████████▉ | 71/79 [00:01<00:00, 41.83it/s]
 96%|█████████▌| 76/79 [00:01<00:00, 39.40it/s]
100%|██████████| 79/79 [00:02<00:00, 38.66it/s]

CommRound: 20/30
Accuracy: 91.53% | Loss: 0.3324
[########################################--------------------] 66.7%
Elapsed: 18.8m | Avg/Round: 56.5s | Last: 60.0s | Next: 56.5s | Remaining: 9.4m
ETA: 05:02:09
Recent round times: R1: 50.6s -> R2: 54.0s -> R3: 58.2s -> R4: 65.4s -> R5: 60.0s

  0%|          | 0/79 [00:00<?, ?it/s]
  1%|▏         | 1/79 [00:00<00:13,  5.78it/s]
  8%|▊         | 6/79 [00:00<00:03, 22.28it/s]
 11%|█▏        | 9/79 [00:00<00:03, 22.54it/s]
 16%|█▋        | 13/79 [00:00<00:02, 25.62it/s]
 22%|██▏       | 17/79 [00:00<00:02, 28.65it/s]
 27%|██▋       | 21/79 [00:00<00:01, 30.71it/s]
 32%|███▏      | 25/79 [00:00<00:01, 32.84it/s]
 37%|███▋      | 29/79 [00:01<00:01, 34.08it/s]
 42%|████▏     | 33/79 [00:01<00:01, 35.07it/s]
 47%|████▋     | 37/79 [00:01<00:01, 35.08it/s]
 52%|█████▏    | 41/79 [00:01<00:01, 35.26it/s]
 57%|█████▋    | 45/79 [00:01<00:00, 36.46it/s]
 62%|██████▏   | 49/79 [00:01<00:00, 36.50it/s]
 67%|██████▋   | 53/79 [00:01<00:00, 35.08it/s]
 72%|███████▏  | 57/79 [00:01<00:00, 31.90it/s]
 77%|███████▋  | 61/79 [00:01<00:00, 33.02it/s]
 82%|████████▏ | 65/79 [00:02<00:00, 31.35it/s]
 90%|████████▉ | 71/79 [00:02<00:00, 36.13it/s]
 95%|█████████▍| 75/79 [00:02<00:00, 36.35it/s]
100%|██████████| 79/79 [00:02<00:00, 32.47it/s]

CommRound: 21/30
Accuracy: 91.56% | Loss: 0.3316
[##########################################------------------] 70.0%
Elapsed: 19.8m | Avg/Round: 56.6s | Last: 57.5s | Next: 56.6s | Remaining: 8.5m
ETA: 05:02:11
Recent round times: R1: 54.0s -> R2: 58.2s -> R3: 65.4s -> R4: 60.0s -> R5: 57.5s

  0%|          | 0/79 [00:00<?, ?it/s]
  1%|▏         | 1/79 [00:00<00:12,  6.18it/s]
  8%|▊         | 6/79 [00:00<00:03, 22.00it/s]
 13%|█▎        | 10/79 [00:00<00:02, 27.39it/s]
 18%|█▊        | 14/79 [00:00<00:02, 30.85it/s]
 23%|██▎       | 18/79 [00:00<00:01, 32.92it/s]
 28%|██▊       | 22/79 [00:00<00:01, 32.70it/s]
 34%|███▍      | 27/79 [00:00<00:01, 37.43it/s]
 39%|███▉      | 31/79 [00:00<00:01, 36.00it/s]
 44%|████▍     | 35/79 [00:01<00:01, 34.02it/s]
 49%|████▉     | 39/79 [00:01<00:01, 28.87it/s]
 56%|█████▌    | 44/79 [00:01<00:01, 31.20it/s]
 61%|██████    | 48/79 [00:01<00:00, 31.62it/s]
 66%|██████▌   | 52/79 [00:01<00:00, 32.76it/s]
 71%|███████   | 56/79 [00:01<00:00, 33.78it/s]
 76%|███████▌  | 60/79 [00:01<00:00, 35.27it/s]
 81%|████████  | 64/79 [00:01<00:00, 36.37it/s]
 87%|████████▋ | 69/79 [00:02<00:00, 35.53it/s]
 92%|█████████▏| 73/79 [00:02<00:00, 36.59it/s]
 97%|█████████▋| 77/79 [00:02<00:00, 37.35it/s]
100%|██████████| 79/79 [00:02<00:00, 33.41it/s]

CommRound: 22/30
Accuracy: 91.57% | Loss: 0.3307
[############################################----------------] 73.3%
Elapsed: 20.8m | Avg/Round: 56.6s | Last: 58.0s | Next: 56.6s | Remaining: 7.6m
ETA: 05:02:13
Recent round times: R1: 58.2s -> R2: 65.4s -> R3: 60.0s -> R4: 57.5s -> R5: 58.0s

  0%|          | 0/79 [00:00<?, ?it/s]
  1%|▏         | 1/79 [00:00<00:09,  7.91it/s]
  9%|▉         | 7/79 [00:00<00:02, 30.46it/s]
 14%|█▍        | 11/79 [00:00<00:02, 30.90it/s]
 22%|██▏       | 17/79 [00:00<00:01, 37.20it/s]
 28%|██▊       | 22/79 [00:00<00:01, 41.01it/s]
 34%|███▍      | 27/79 [00:00<00:01, 39.29it/s]
 41%|████      | 32/79 [00:00<00:01, 40.25it/s]
 47%|████▋     | 37/79 [00:00<00:01, 40.46it/s]
 53%|█████▎    | 42/79 [00:01<00:00, 39.51it/s]
 58%|█████▊    | 46/79 [00:01<00:00, 37.54it/s]
 65%|██████▍   | 51/79 [00:01<00:00, 40.14it/s]
 71%|███████   | 56/79 [00:01<00:00, 39.40it/s]
 77%|███████▋  | 61/79 [00:01<00:00, 41.77it/s]
 84%|████████▎ | 66/79 [00:01<00:00, 40.00it/s]
 90%|████████▉ | 71/79 [00:01<00:00, 42.51it/s]
 96%|█████████▌| 76/79 [00:01<00:00, 40.68it/s]
100%|██████████| 79/79 [00:02<00:00, 38.92it/s]

CommRound: 23/30
Accuracy: 91.58% | Loss: 0.3300
[##############################################--------------] 76.7%
Elapsed: 21.8m | Avg/Round: 56.9s | Last: 61.4s | Next: 56.9s | Remaining: 6.6m
ETA: 05:02:19
Recent round times: R1: 65.4s -> R2: 60.0s -> R3: 57.5s -> R4: 58.0s -> R5: 61.4s

  0%|          | 0/79 [00:00<?, ?it/s]
  1%|▏         | 1/79 [00:00<00:10,  7.30it/s]
  9%|▉         | 7/79 [00:00<00:02, 29.01it/s]
 14%|█▍        | 11/79 [00:00<00:02, 32.78it/s]
 19%|█▉        | 15/79 [00:00<00:01, 34.00it/s]
 25%|██▌       | 20/79 [00:00<00:01, 37.14it/s]
 30%|███       | 24/79 [00:00<00:01, 37.20it/s]
 35%|███▌      | 28/79 [00:00<00:01, 37.34it/s]
 41%|████      | 32/79 [00:00<00:01, 36.75it/s]
 46%|████▌     | 36/79 [00:01<00:01, 37.17it/s]
 51%|█████     | 40/79 [00:01<00:01, 37.17it/s]
 56%|█████▌    | 44/79 [00:01<00:00, 37.45it/s]
 61%|██████    | 48/79 [00:01<00:00, 37.31it/s]
 66%|██████▌   | 52/79 [00:01<00:00, 36.56it/s]
 72%|███████▏  | 57/79 [00:01<00:00, 39.98it/s]
 78%|███████▊  | 62/79 [00:01<00:00, 37.49it/s]
 84%|████████▎ | 66/79 [00:01<00:00, 37.71it/s]
 89%|████████▊ | 70/79 [00:01<00:00, 37.72it/s]
 94%|█████████▎| 74/79 [00:02<00:00, 37.97it/s]
 99%|█████████▊| 78/79 [00:02<00:00, 38.10it/s]
100%|██████████| 79/79 [00:02<00:00, 36.37it/s]

CommRound: 24/30
Accuracy: 91.64% | Loss: 0.3294
[################################################------------] 80.0%
Elapsed: 22.7m | Avg/Round: 56.8s | Last: 56.0s | Next: 56.8s | Remaining: 5.7m
ETA: 05:02:18
Recent round times: R1: 60.0s -> R2: 57.5s -> R3: 58.0s -> R4: 61.4s -> R5: 56.0s

  0%|          | 0/79 [00:00<?, ?it/s]
  1%|▏         | 1/79 [00:00<00:09,  8.35it/s]
  9%|▉         | 7/79 [00:00<00:02, 31.71it/s]
 15%|█▌        | 12/79 [00:00<00:01, 37.08it/s]
 20%|██        | 16/79 [00:00<00:01, 37.26it/s]
 27%|██▋       | 21/79 [00:00<00:01, 37.45it/s]
 32%|███▏      | 25/79 [00:00<00:01, 37.99it/s]
 37%|███▋      | 29/79 [00:00<00:01, 38.36it/s]
 42%|████▏     | 33/79 [00:00<00:01, 38.44it/s]
 47%|████▋     | 37/79 [00:01<00:01, 38.82it/s]
 53%|█████▎    | 42/79 [00:01<00:00, 38.83it/s]
 58%|█████▊    | 46/79 [00:01<00:00, 38.70it/s]
 63%|██████▎   | 50/79 [00:01<00:00, 38.21it/s]
 70%|██████▉   | 55/79 [00:01<00:00, 40.94it/s]
 76%|███████▌  | 60/79 [00:01<00:00, 39.38it/s]
 81%|████████  | 64/79 [00:01<00:00, 39.50it/s]
 86%|████████▌ | 68/79 [00:01<00:00, 37.85it/s]
 91%|█████████ | 72/79 [00:01<00:00, 37.21it/s]
 96%|█████████▌| 76/79 [00:02<00:00, 37.35it/s]
100%|██████████| 79/79 [00:02<00:00, 37.40it/s]

CommRound: 25/30
Accuracy: 91.66% | Loss: 0.3288
[##################################################----------] 83.3%
Elapsed: 23.6m | Avg/Round: 56.7s | Last: 54.3s | Next: 56.7s | Remaining: 4.7m
ETA: 05:02:15
Recent round times: R1: 57.5s -> R2: 58.0s -> R3: 61.4s -> R4: 56.0s -> R5: 54.3s

  0%|          | 0/79 [00:00<?, ?it/s]
  1%|▏         | 1/79 [00:00<00:09,  8.13it/s]
  9%|▉         | 7/79 [00:00<00:02, 31.68it/s]
 14%|█▍        | 11/79 [00:00<00:01, 34.86it/s]
 19%|█▉        | 15/79 [00:00<00:01, 36.58it/s]
 25%|██▌       | 20/79 [00:00<00:01, 38.17it/s]
 30%|███       | 24/79 [00:00<00:01, 38.65it/s]
 35%|███▌      | 28/79 [00:00<00:01, 36.37it/s]
 42%|████▏     | 33/79 [00:00<00:01, 38.75it/s]
 48%|████▊     | 38/79 [00:01<00:01, 39.16it/s]
 54%|█████▍    | 43/79 [00:01<00:00, 39.08it/s]
 59%|█████▉    | 47/79 [00:01<00:00, 39.25it/s]
 65%|██████▍   | 51/79 [00:01<00:00, 39.39it/s]
 71%|███████   | 56/79 [00:01<00:00, 41.90it/s]
 77%|███████▋  | 61/79 [00:01<00:00, 39.47it/s]
 82%|████████▏ | 65/79 [00:01<00:00, 39.59it/s]
 87%|████████▋ | 69/79 [00:01<00:00, 39.48it/s]
 94%|█████████▎| 74/79 [00:01<00:00, 41.90it/s]
100%|██████████| 79/79 [00:02<00:00, 43.86it/s]
100%|██████████| 79/79 [00:02<00:00, 38.58it/s]

CommRound: 26/30
Accuracy: 91.67% | Loss: 0.3281
[####################################################--------] 86.7%
Elapsed: 24.6m | Avg/Round: 56.7s | Last: 57.1s | Next: 56.7s | Remaining: 3.8m
ETA: 05:02:15
Recent round times: R1: 58.0s -> R2: 61.4s -> R3: 56.0s -> R4: 54.3s -> R5: 57.1s

  0%|          | 0/79 [00:00<?, ?it/s]
  3%|▎         | 2/79 [00:00<00:03, 19.37it/s]
  9%|▉         | 7/79 [00:00<00:02, 30.93it/s]
 14%|█▍        | 11/79 [00:00<00:01, 34.30it/s]
 19%|█▉        | 15/79 [00:00<00:01, 36.12it/s]
 24%|██▍       | 19/79 [00:00<00:01, 37.29it/s]
 30%|███       | 24/79 [00:00<00:01, 40.62it/s]
 37%|███▋      | 29/79 [00:00<00:01, 38.22it/s]
 43%|████▎     | 34/79 [00:00<00:01, 40.80it/s]
 49%|████▉     | 39/79 [00:01<00:01, 38.55it/s]
 54%|█████▍    | 43/79 [00:01<00:00, 38.93it/s]
 61%|██████    | 48/79 [00:01<00:00, 41.48it/s]
 67%|██████▋   | 53/79 [00:01<00:00, 38.99it/s]
 73%|███████▎  | 58/79 [00:01<00:00, 41.54it/s]
 80%|███████▉  | 63/79 [00:01<00:00, 39.16it/s]
 86%|████████▌ | 68/79 [00:01<00:00, 41.45it/s]
 92%|█████████▏| 73/79 [00:01<00:00, 39.50it/s]
 99%|█████████▊| 78/79 [00:01<00:00, 41.89it/s]
100%|██████████| 79/79 [00:02<00:00, 39.41it/s]

CommRound: 27/30
Accuracy: 91.66% | Loss: 0.3277
[######################################################------] 90.0%
Elapsed: 25.7m | Avg/Round: 57.0s | Last: 64.0s | Next: 57.0s | Remaining: 2.9m
ETA: 05:02:23
Recent round times: R1: 61.4s -> R2: 56.0s -> R3: 54.3s -> R4: 57.1s -> R5: 64.0s

  0%|          | 0/79 [00:00<?, ?it/s]
  1%|▏         | 1/79 [00:00<00:09,  8.56it/s]
  8%|▊         | 6/79 [00:00<00:02, 26.40it/s]
 13%|█▎        | 10/79 [00:00<00:02, 30.53it/s]
 18%|█▊        | 14/79 [00:00<00:01, 33.04it/s]
 23%|██▎       | 18/79 [00:00<00:01, 34.55it/s]
 28%|██▊       | 22/79 [00:00<00:01, 35.53it/s]
 33%|███▎      | 26/79 [00:00<00:01, 36.22it/s]
 38%|███▊      | 30/79 [00:00<00:01, 36.66it/s]
 43%|████▎     | 34/79 [00:01<00:01, 37.00it/s]
 48%|████▊     | 38/79 [00:01<00:01, 36.72it/s]
 53%|█████▎    | 42/79 [00:01<00:00, 37.26it/s]
 58%|█████▊    | 46/79 [00:01<00:00, 36.49it/s]
 63%|██████▎   | 50/79 [00:01<00:00, 35.78it/s]
 70%|██████▉   | 55/79 [00:01<00:00, 37.88it/s]
 75%|███████▍  | 59/79 [00:01<00:00, 37.52it/s]
 80%|███████▉  | 63/79 [00:01<00:00, 37.30it/s]
 85%|████████▍ | 67/79 [00:01<00:00, 36.37it/s]
 90%|████████▉ | 71/79 [00:02<00:00, 37.09it/s]
 95%|█████████▍| 75/79 [00:02<00:00, 37.15it/s]
100%|██████████| 79/79 [00:02<00:00, 35.64it/s]

CommRound: 28/30
Accuracy: 91.67% | Loss: 0.3273
[########################################################----] 93.3%
Elapsed: 26.5m | Avg/Round: 56.7s | Last: 49.0s | Next: 56.7s | Remaining: 1.9m
ETA: 05:02:15
Recent round times: R1: 56.0s -> R2: 54.3s -> R3: 57.1s -> R4: 64.0s -> R5: 49.0s

  0%|          | 0/79 [00:00<?, ?it/s]
  1%|▏         | 1/79 [00:00<00:11,  6.71it/s]
  9%|▉         | 7/79 [00:00<00:02, 28.53it/s]
 14%|█▍        | 11/79 [00:00<00:02, 31.27it/s]
 19%|█▉        | 15/79 [00:00<00:03, 17.92it/s]
 24%|██▍       | 19/79 [00:00<00:02, 21.92it/s]
 29%|██▉       | 23/79 [00:00<00:02, 25.69it/s]
 34%|███▍      | 27/79 [00:01<00:01, 28.34it/s]
 39%|███▉      | 31/79 [00:01<00:01, 30.41it/s]
 44%|████▍     | 35/79 [00:01<00:01, 30.24it/s]
 52%|█████▏    | 41/79 [00:01<00:01, 33.70it/s]
 57%|█████▋    | 45/79 [00:01<00:01, 33.89it/s]
 62%|██████▏   | 49/79 [00:01<00:00, 34.51it/s]
 67%|██████▋   | 53/79 [00:01<00:00, 34.93it/s]
 72%|███████▏  | 57/79 [00:01<00:00, 35.35it/s]
 77%|███████▋  | 61/79 [00:02<00:00, 35.65it/s]
 82%|████████▏ | 65/79 [00:02<00:00, 35.66it/s]
 87%|████████▋ | 69/79 [00:02<00:00, 35.64it/s]
 92%|█████████▏| 73/79 [00:02<00:00, 35.55it/s]
 97%|█████████▋| 77/79 [00:02<00:00, 35.10it/s]
100%|██████████| 79/79 [00:02<00:00, 31.03it/s]

CommRound: 29/30
Accuracy: 91.69% | Loss: 0.3269
[##########################################################--] 96.7%
Elapsed: 27.5m | Avg/Round: 56.9s | Last: 62.4s | Next: 56.9s | Remaining: 0.9m
ETA: 05:02:21
Recent round times: R1: 54.3s -> R2: 57.1s -> R3: 64.0s -> R4: 49.0s -> R5: 62.4s

  0%|          | 0/79 [00:00<?, ?it/s]
  1%|▏         | 1/79 [00:00<00:10,  7.47it/s]
  9%|▉         | 7/79 [00:00<00:02, 29.20it/s]
 13%|█▎        | 10/79 [00:00<00:03, 18.18it/s]
 18%|█▊        | 14/79 [00:00<00:02, 22.96it/s]
 23%|██▎       | 18/79 [00:00<00:02, 26.56it/s]
 28%|██▊       | 22/79 [00:00<00:01, 29.29it/s]
 33%|███▎      | 26/79 [00:00<00:01, 31.35it/s]
 38%|███▊      | 30/79 [00:01<00:01, 32.84it/s]
 43%|████▎     | 34/79 [00:01<00:01, 33.97it/s]
 48%|████▊     | 38/79 [00:01<00:01, 34.77it/s]
 53%|█████▎    | 42/79 [00:01<00:01, 35.22it/s]
 58%|█████▊    | 46/79 [00:01<00:00, 35.55it/s]
 63%|██████▎   | 50/79 [00:01<00:00, 35.50it/s]
 68%|██████▊   | 54/79 [00:01<00:00, 35.87it/s]
 73%|███████▎  | 58/79 [00:01<00:00, 35.91it/s]
 78%|███████▊  | 62/79 [00:01<00:00, 36.15it/s]
 84%|████████▎ | 66/79 [00:02<00:00, 35.64it/s]
 89%|████████▊ | 70/79 [00:02<00:00, 35.96it/s]
 94%|█████████▎| 74/79 [00:02<00:00, 36.05it/s]
 99%|█████████▊| 78/79 [00:02<00:00, 36.20it/s]
100%|██████████| 79/79 [00:02<00:00, 32.41it/s]

CommRound: 30/30
Accuracy: 91.70% | Loss: 0.3264
[############################################################] 100.0%
Elapsed: 28.5m | Avg/Round: 57.0s | Last: 59.0s | Next: 57.0s | Remaining: 0.0m
ETA: 05:02:23
Recent round times: R1: 57.1s -> R2: 64.0s -> R3: 49.0s -> R4: 62.4s -> R5: 59.0s
Total time for experiment: 1709.4814233779907 seconds
Device average training time per communication round [s]:
    rpi (sld-rpi-09.ece.utexas.edu): 6.74 seconds
    mc1 (sld-mc1-09.ece.utexas.edu): 53.09 seconds
