
  0%|          | 0/79 [00:00<?, ?it/s]
  3%|▎         | 2/79 [00:00<00:03, 19.96it/s]
  9%|▉         | 7/79 [00:00<00:02, 29.94it/s]
 16%|█▋        | 13/79 [00:00<00:01, 35.96it/s]
 24%|██▍       | 19/79 [00:00<00:01, 37.12it/s]
 29%|██▉       | 23/79 [00:00<00:01, 37.29it/s]
 34%|███▍      | 27/79 [00:00<00:01, 37.91it/s]
 39%|███▉      | 31/79 [00:00<00:01, 37.85it/s]
 44%|████▍     | 35/79 [00:00<00:01, 37.57it/s]
 52%|█████▏    | 41/79 [00:01<00:00, 39.04it/s]
 59%|█████▉    | 47/79 [00:01<00:00, 40.06it/s]
 67%|██████▋   | 53/79 [00:01<00:00, 40.63it/s]
 75%|███████▍  | 59/79 [00:01<00:00, 41.26it/s]
 81%|████████  | 64/79 [00:01<00:00, 42.08it/s]
 87%|████████▋ | 69/79 [00:01<00:00, 40.97it/s]
 94%|█████████▎| 74/79 [00:01<00:00, 39.63it/s]
 99%|█████████▊| 78/79 [00:02<00:00, 39.27it/s]
100%|██████████| 79/79 [00:02<00:00, 38.82it/s]
Initial Accuracy: 10.81%; Initial Loss: 2.3021

  0%|          | 0/79 [00:00<?, ?it/s]
  1%|▏         | 1/79 [00:00<00:07,  9.92it/s]
  9%|▉         | 7/79 [00:00<00:02, 32.61it/s]
 16%|█▋        | 13/79 [00:00<00:01, 37.08it/s]
 24%|██▍       | 19/79 [00:00<00:01, 38.72it/s]
 29%|██▉       | 23/79 [00:00<00:01, 39.09it/s]
 34%|███▍      | 27/79 [00:00<00:01, 39.35it/s]
 42%|████▏     | 33/79 [00:00<00:01, 39.91it/s]
 48%|████▊     | 38/79 [00:00<00:00, 42.49it/s]
 54%|█████▍    | 43/79 [00:01<00:00, 39.90it/s]
 62%|██████▏   | 49/79 [00:01<00:00, 40.25it/s]
 68%|██████▊   | 54/79 [00:01<00:00, 42.65it/s]
 75%|███████▍  | 59/79 [00:01<00:00, 40.12it/s]
 81%|████████  | 64/79 [00:01<00:00, 42.27it/s]
 87%|████████▋ | 69/79 [00:01<00:00, 40.25it/s]
 95%|█████████▍| 75/79 [00:01<00:00, 40.74it/s]
100%|██████████| 79/79 [00:01<00:00, 40.15it/s]

CommRound: 1/30
Accuracy: 67.18% | Loss: 1.0022
[##----------------------------------------------------------] 3.3%
Elapsed: 0.2m | Avg/Round: 11.7s | Last: 9.7s | Next: 11.7s | Remaining: 5.7m
ETA: 18:11:21
Recent round times: R1: 9.7s

  0%|          | 0/79 [00:00<?, ?it/s]
  1%|▏         | 1/79 [00:00<00:08,  8.96it/s]
  9%|▉         | 7/79 [00:00<00:02, 30.75it/s]
 14%|█▍        | 11/79 [00:00<00:02, 33.74it/s]
 19%|█▉        | 15/79 [00:00<00:01, 35.30it/s]
 24%|██▍       | 19/79 [00:00<00:01, 36.71it/s]
 29%|██▉       | 23/79 [00:00<00:01, 37.35it/s]
 34%|███▍      | 27/79 [00:00<00:01, 38.17it/s]
 41%|████      | 32/79 [00:00<00:01, 41.61it/s]
 47%|████▋     | 37/79 [00:01<00:01, 38.54it/s]
 53%|█████▎    | 42/79 [00:01<00:00, 38.71it/s]
 58%|█████▊    | 46/79 [00:01<00:00, 37.95it/s]
 63%|██████▎   | 50/79 [00:01<00:00, 37.07it/s]
 68%|██████▊   | 54/79 [00:01<00:00, 37.63it/s]
 73%|███████▎  | 58/79 [00:01<00:00, 37.80it/s]
 78%|███████▊  | 62/79 [00:01<00:00, 37.78it/s]
 84%|████████▎ | 66/79 [00:01<00:00, 37.16it/s]
 89%|████████▊ | 70/79 [00:01<00:00, 37.88it/s]
 94%|█████████▎| 74/79 [00:01<00:00, 38.32it/s]
 99%|█████████▊| 78/79 [00:02<00:00, 38.69it/s]
100%|██████████| 79/79 [00:02<00:00, 37.31it/s]

CommRound: 2/30
Accuracy: 78.56% | Loss: 0.6771
[####--------------------------------------------------------] 6.7%
Elapsed: 0.4m | Avg/Round: 11.0s | Last: 10.3s | Next: 11.0s | Remaining: 5.1m
ETA: 18:11:00
Recent round times: R1: 9.7s -> R2: 10.3s

  0%|          | 0/79 [00:00<?, ?it/s]
  1%|▏         | 1/79 [00:00<00:08,  9.70it/s]
  9%|▉         | 7/79 [00:00<00:02, 32.19it/s]
 15%|█▌        | 12/79 [00:00<00:01, 39.30it/s]
 20%|██        | 16/79 [00:00<00:01, 39.28it/s]
 25%|██▌       | 20/79 [00:00<00:01, 39.24it/s]
 32%|███▏      | 25/79 [00:00<00:01, 37.22it/s]
 37%|███▋      | 29/79 [00:00<00:01, 37.89it/s]
 42%|████▏     | 33/79 [00:00<00:01, 38.33it/s]
 47%|████▋     | 37/79 [00:00<00:01, 38.51it/s]
 52%|█████▏    | 41/79 [00:01<00:00, 38.65it/s]
 57%|█████▋    | 45/79 [00:01<00:00, 38.80it/s]
 62%|██████▏   | 49/79 [00:01<00:00, 39.01it/s]
 67%|██████▋   | 53/79 [00:01<00:00, 39.26it/s]
 72%|███████▏  | 57/79 [00:01<00:00, 39.20it/s]
 77%|███████▋  | 61/79 [00:01<00:00, 39.07it/s]
 82%|████████▏ | 65/79 [00:01<00:00, 39.12it/s]
 90%|████████▉ | 71/79 [00:01<00:00, 39.92it/s]
 97%|█████████▋| 77/79 [00:01<00:00, 40.56it/s]
100%|██████████| 79/79 [00:02<00:00, 39.06it/s]

CommRound: 3/30
Accuracy: 86.71% | Loss: 0.4356
[######------------------------------------------------------] 10.0%
Elapsed: 0.5m | Avg/Round: 10.8s | Last: 10.5s | Next: 10.8s | Remaining: 4.9m
ETA: 18:10:54
Recent round times: R1: 9.7s -> R2: 10.3s -> R3: 10.5s

  0%|          | 0/79 [00:00<?, ?it/s]
  1%|▏         | 1/79 [00:00<00:08,  9.01it/s]
  9%|▉         | 7/79 [00:00<00:02, 32.54it/s]
 14%|█▍        | 11/79 [00:00<00:01, 35.21it/s]
 19%|█▉        | 15/79 [00:00<00:01, 36.48it/s]
 25%|██▌       | 20/79 [00:00<00:01, 36.51it/s]
 30%|███       | 24/79 [00:00<00:01, 36.08it/s]
 35%|███▌      | 28/79 [00:00<00:01, 36.47it/s]
 41%|████      | 32/79 [00:00<00:01, 37.42it/s]
 46%|████▌     | 36/79 [00:01<00:01, 38.11it/s]
 51%|█████     | 40/79 [00:01<00:01, 38.20it/s]
 56%|█████▌    | 44/79 [00:01<00:00, 38.65it/s]
 61%|██████    | 48/79 [00:01<00:00, 38.70it/s]
 68%|██████▊   | 54/79 [00:01<00:00, 39.78it/s]
 76%|███████▌  | 60/79 [00:01<00:00, 40.22it/s]
 82%|████████▏ | 65/79 [00:01<00:00, 41.35it/s]
 89%|████████▊ | 70/79 [00:01<00:00, 37.17it/s]
 94%|█████████▎| 74/79 [00:01<00:00, 36.91it/s]
 99%|█████████▊| 78/79 [00:02<00:00, 36.84it/s]
100%|██████████| 79/79 [00:02<00:00, 37.28it/s]

CommRound: 4/30
Accuracy: 86.42% | Loss: 0.4536
[########----------------------------------------------------] 13.3%
Elapsed: 0.7m | Avg/Round: 10.8s | Last: 10.5s | Next: 10.8s | Remaining: 4.7m
ETA: 18:10:52
Recent round times: R1: 9.7s -> R2: 10.3s -> R3: 10.5s -> R4: 10.5s

  0%|          | 0/79 [00:00<?, ?it/s]
  1%|▏         | 1/79 [00:00<00:08,  9.48it/s]
  9%|▉         | 7/79 [00:00<00:02, 33.49it/s]
 15%|█▌        | 12/79 [00:00<00:01, 38.26it/s]
 22%|██▏       | 17/79 [00:00<00:01, 39.24it/s]
 28%|██▊       | 22/79 [00:00<00:01, 39.34it/s]
 34%|███▍      | 27/79 [00:00<00:01, 41.56it/s]
 41%|████      | 32/79 [00:00<00:01, 39.62it/s]
 48%|████▊     | 38/79 [00:00<00:01, 40.44it/s]
 56%|█████▌    | 44/79 [00:01<00:00, 40.78it/s]
 63%|██████▎   | 50/79 [00:01<00:00, 41.09it/s]
 71%|███████   | 56/79 [00:01<00:00, 41.40it/s]
 78%|███████▊  | 62/79 [00:01<00:00, 41.51it/s]
 86%|████████▌ | 68/79 [00:01<00:00, 41.21it/s]
 94%|█████████▎| 74/79 [00:01<00:00, 41.32it/s]
100%|██████████| 79/79 [00:01<00:00, 40.29it/s]

CommRound: 5/30
Accuracy: 87.01% | Loss: 0.4442
[##########--------------------------------------------------] 16.7%
Elapsed: 0.9m | Avg/Round: 10.6s | Last: 10.2s | Next: 10.6s | Remaining: 4.4m
ETA: 18:10:48
Recent round times: R1: 9.7s -> R2: 10.3s -> R3: 10.5s -> R4: 10.5s -> R5: 10.2s

  0%|          | 0/79 [00:00<?, ?it/s]
  1%|▏         | 1/79 [00:00<00:08,  9.47it/s]
  9%|▉         | 7/79 [00:00<00:02, 34.26it/s]
 14%|█▍        | 11/79 [00:00<00:01, 35.58it/s]
 22%|██▏       | 17/79 [00:00<00:01, 39.19it/s]
 28%|██▊       | 22/79 [00:00<00:01, 42.16it/s]
 34%|███▍      | 27/79 [00:00<00:01, 39.85it/s]
 41%|████      | 32/79 [00:00<00:01, 41.12it/s]
 47%|████▋     | 37/79 [00:00<00:01, 40.36it/s]
 53%|█████▎    | 42/79 [00:01<00:00, 41.90it/s]
 59%|█████▉    | 47/79 [00:01<00:00, 39.96it/s]
 66%|██████▌   | 52/79 [00:01<00:00, 42.27it/s]
 72%|███████▏  | 57/79 [00:01<00:00, 39.51it/s]
 80%|███████▉  | 63/79 [00:01<00:00, 40.15it/s]
 87%|████████▋ | 69/79 [00:01<00:00, 40.62it/s]
 95%|█████████▍| 75/79 [00:01<00:00, 40.73it/s]
100%|██████████| 79/79 [00:01<00:00, 40.24it/s]

CommRound: 6/30
Accuracy: 88.33% | Loss: 0.4124
[############------------------------------------------------] 20.0%
Elapsed: 1.1m | Avg/Round: 10.6s | Last: 10.3s | Next: 10.6s | Remaining: 4.2m
ETA: 18:10:47
Recent round times: R1: 10.3s -> R2: 10.5s -> R3: 10.5s -> R4: 10.2s -> R5: 10.3s

  0%|          | 0/79 [00:00<?, ?it/s]
  1%|▏         | 1/79 [00:00<00:09,  8.65it/s]
  9%|▉         | 7/79 [00:00<00:02, 30.84it/s]
 14%|█▍        | 11/79 [00:00<00:02, 33.86it/s]
 20%|██        | 16/79 [00:00<00:01, 37.36it/s]
 27%|██▋       | 21/79 [00:00<00:01, 37.52it/s]
 33%|███▎      | 26/79 [00:00<00:01, 38.52it/s]
 38%|███▊      | 30/79 [00:00<00:01, 38.38it/s]
 43%|████▎     | 34/79 [00:00<00:01, 38.19it/s]
 48%|████▊     | 38/79 [00:01<00:01, 38.14it/s]
 53%|█████▎    | 42/79 [00:01<00:00, 38.20it/s]
 58%|█████▊    | 46/79 [00:01<00:00, 38.23it/s]
 63%|██████▎   | 50/79 [00:01<00:00, 37.62it/s]
 68%|██████▊   | 54/79 [00:01<00:00, 37.49it/s]
 73%|███████▎  | 58/79 [00:01<00:00, 37.67it/s]
 78%|███████▊  | 62/79 [00:01<00:00, 37.78it/s]
 84%|████████▎ | 66/79 [00:01<00:00, 37.66it/s]
 89%|████████▊ | 70/79 [00:01<00:00, 37.80it/s]
 94%|█████████▎| 74/79 [00:01<00:00, 38.28it/s]
 99%|█████████▊| 78/79 [00:02<00:00, 37.84it/s]
100%|██████████| 79/79 [00:02<00:00, 37.23it/s]

CommRound: 7/30
Accuracy: 89.40% | Loss: 0.3769
[##############----------------------------------------------] 23.3%
Elapsed: 1.2m | Avg/Round: 10.6s | Last: 10.5s | Next: 10.6s | Remaining: 4.0m
ETA: 18:10:46
Recent round times: R1: 10.5s -> R2: 10.5s -> R3: 10.2s -> R4: 10.3s -> R5: 10.5s

  0%|          | 0/79 [00:00<?, ?it/s]
  1%|▏         | 1/79 [00:00<00:08,  9.16it/s]
  8%|▊         | 6/79 [00:00<00:02, 30.66it/s]
 13%|█▎        | 10/79 [00:00<00:02, 32.01it/s]
 18%|█▊        | 14/79 [00:00<00:01, 33.60it/s]
 23%|██▎       | 18/79 [00:00<00:01, 34.12it/s]
 28%|██▊       | 22/79 [00:00<00:01, 34.82it/s]
 33%|███▎      | 26/79 [00:00<00:01, 35.28it/s]
 38%|███▊      | 30/79 [00:00<00:01, 35.47it/s]
 43%|████▎     | 34/79 [00:01<00:01, 35.39it/s]
 48%|████▊     | 38/79 [00:01<00:01, 35.16it/s]
 53%|█████▎    | 42/79 [00:01<00:01, 35.90it/s]
 58%|█████▊    | 46/79 [00:01<00:00, 36.99it/s]
 65%|██████▍   | 51/79 [00:01<00:00, 40.52it/s]
 71%|███████   | 56/79 [00:01<00:00, 37.83it/s]
 77%|███████▋  | 61/79 [00:01<00:00, 40.85it/s]
 84%|████████▎ | 66/79 [00:01<00:00, 38.45it/s]
 90%|████████▉ | 71/79 [00:01<00:00, 41.19it/s]
 96%|█████████▌| 76/79 [00:02<00:00, 37.67it/s]
100%|██████████| 79/79 [00:02<00:00, 36.48it/s]

CommRound: 8/30
Accuracy: 90.07% | Loss: 0.3617
[################--------------------------------------------] 26.7%
Elapsed: 1.4m | Avg/Round: 10.6s | Last: 10.7s | Next: 10.6s | Remaining: 3.9m
ETA: 18:10:47
Recent round times: R1: 10.5s -> R2: 10.2s -> R3: 10.3s -> R4: 10.5s -> R5: 10.7s

  0%|          | 0/79 [00:00<?, ?it/s]
  1%|▏         | 1/79 [00:00<00:08,  8.87it/s]
  8%|▊         | 6/79 [00:00<00:02, 31.75it/s]
 13%|█▎        | 10/79 [00:00<00:01, 34.90it/s]
 18%|█▊        | 14/79 [00:00<00:01, 36.29it/s]
 23%|██▎       | 18/79 [00:00<00:01, 37.12it/s]
 28%|██▊       | 22/79 [00:00<00:01, 37.57it/s]
 33%|███▎      | 26/79 [00:00<00:01, 37.80it/s]
 38%|███▊      | 30/79 [00:00<00:01, 37.06it/s]
 43%|████▎     | 34/79 [00:00<00:01, 36.12it/s]
 48%|████▊     | 38/79 [00:01<00:01, 35.45it/s]
 53%|█████▎    | 42/79 [00:01<00:01, 35.13it/s]
 58%|█████▊    | 46/79 [00:01<00:00, 34.56it/s]
 63%|██████▎   | 50/79 [00:01<00:00, 34.72it/s]
 68%|██████▊   | 54/79 [00:01<00:00, 34.57it/s]
 73%|███████▎  | 58/79 [00:01<00:00, 34.27it/s]
 78%|███████▊  | 62/79 [00:01<00:00, 34.66it/s]
 84%|████████▎ | 66/79 [00:01<00:00, 34.59it/s]
 89%|████████▊ | 70/79 [00:02<00:00, 34.12it/s]
 94%|█████████▎| 74/79 [00:02<00:00, 34.09it/s]
 99%|█████████▊| 78/79 [00:02<00:00, 33.90it/s]
100%|██████████| 79/79 [00:02<00:00, 34.80it/s]

CommRound: 9/30
Accuracy: 90.15% | Loss: 0.3635
[##################------------------------------------------] 30.0%
Elapsed: 1.6m | Avg/Round: 10.6s | Last: 10.6s | Next: 10.6s | Remaining: 3.7m
ETA: 18:10:47
Recent round times: R1: 10.2s -> R2: 10.3s -> R3: 10.5s -> R4: 10.7s -> R5: 10.6s

  0%|          | 0/79 [00:00<?, ?it/s]
  1%|▏         | 1/79 [00:00<00:08,  9.18it/s]
  6%|▋         | 5/79 [00:00<00:02, 24.82it/s]
 13%|█▎        | 10/79 [00:00<00:01, 35.51it/s]
 18%|█▊        | 14/79 [00:00<00:01, 37.19it/s]
 24%|██▍       | 19/79 [00:00<00:01, 36.68it/s]
 30%|███       | 24/79 [00:00<00:01, 40.68it/s]
 37%|███▋      | 29/79 [00:00<00:01, 38.43it/s]
 44%|████▍     | 35/79 [00:00<00:01, 39.75it/s]
 51%|█████     | 40/79 [00:01<00:00, 42.31it/s]
 57%|█████▋    | 45/79 [00:01<00:00, 39.96it/s]
 63%|██████▎   | 50/79 [00:01<00:00, 42.39it/s]
 70%|██████▉   | 55/79 [00:01<00:00, 41.16it/s]
 77%|███████▋  | 61/79 [00:01<00:00, 41.35it/s]
 85%|████████▍ | 67/79 [00:01<00:00, 42.06it/s]
 92%|█████████▏| 73/79 [00:01<00:00, 42.63it/s]
100%|██████████| 79/79 [00:01<00:00, 40.44it/s]

CommRound: 10/30
Accuracy: 90.19% | Loss: 0.3652
[####################----------------------------------------] 33.3%
Elapsed: 1.8m | Avg/Round: 10.6s | Last: 10.3s | Next: 10.6s | Remaining: 3.5m
ETA: 18:10:46
Recent round times: R1: 10.3s -> R2: 10.5s -> R3: 10.7s -> R4: 10.6s -> R5: 10.3s

  0%|          | 0/79 [00:00<?, ?it/s]
  1%|▏         | 1/79 [00:00<00:08,  9.54it/s]
  9%|▉         | 7/79 [00:00<00:02, 33.92it/s]
 15%|█▌        | 12/79 [00:00<00:01, 39.99it/s]
 22%|██▏       | 17/79 [00:00<00:01, 39.02it/s]
 28%|██▊       | 22/79 [00:00<00:01, 42.23it/s]
 34%|███▍      | 27/79 [00:00<00:01, 40.09it/s]
 41%|████      | 32/79 [00:00<00:01, 42.72it/s]
 47%|████▋     | 37/79 [00:00<00:01, 40.83it/s]
 53%|█████▎    | 42/79 [00:01<00:00, 42.72it/s]
 59%|█████▉    | 47/79 [00:01<00:00, 40.66it/s]
 66%|██████▌   | 52/79 [00:01<00:00, 41.32it/s]
 72%|███████▏  | 57/79 [00:01<00:00, 39.82it/s]
 80%|███████▉  | 63/79 [00:01<00:00, 40.66it/s]
 86%|████████▌ | 68/79 [00:01<00:00, 42.97it/s]
 92%|█████████▏| 73/79 [00:01<00:00, 41.38it/s]
 99%|█████████▊| 78/79 [00:01<00:00, 41.92it/s]
100%|██████████| 79/79 [00:01<00:00, 40.67it/s]

CommRound: 11/30
Accuracy: 90.23% | Loss: 0.3679
[######################--------------------------------------] 36.7%
Elapsed: 1.9m | Avg/Round: 10.5s | Last: 10.2s | Next: 10.5s | Remaining: 3.3m
ETA: 18:10:45
Recent round times: R1: 10.5s -> R2: 10.7s -> R3: 10.6s -> R4: 10.3s -> R5: 10.2s

  0%|          | 0/79 [00:00<?, ?it/s]
  1%|▏         | 1/79 [00:00<00:08,  9.35it/s]
  9%|▉         | 7/79 [00:00<00:02, 32.94it/s]
 15%|█▌        | 12/79 [00:00<00:01, 39.96it/s]
 20%|██        | 16/79 [00:00<00:01, 39.91it/s]
 27%|██▋       | 21/79 [00:00<00:01, 37.89it/s]
 34%|███▍      | 27/79 [00:00<00:01, 39.16it/s]
 42%|████▏     | 33/79 [00:00<00:01, 39.93it/s]
 49%|████▉     | 39/79 [00:01<00:00, 40.50it/s]
 57%|█████▋    | 45/79 [00:01<00:00, 40.82it/s]
 65%|██████▍   | 51/79 [00:01<00:00, 41.14it/s]
 72%|███████▏  | 57/79 [00:01<00:00, 41.27it/s]
 80%|███████▉  | 63/79 [00:01<00:00, 41.45it/s]
 87%|████████▋ | 69/79 [00:01<00:00, 41.50it/s]
 95%|█████████▍| 75/79 [00:01<00:00, 41.72it/s]
100%|██████████| 79/79 [00:01<00:00, 40.65it/s]

CommRound: 12/30
Accuracy: 90.27% | Loss: 0.3696
[########################------------------------------------] 40.0%
Elapsed: 2.1m | Avg/Round: 10.5s | Last: 10.1s | Next: 10.5s | Remaining: 3.1m
ETA: 18:10:44
Recent round times: R1: 10.7s -> R2: 10.6s -> R3: 10.3s -> R4: 10.2s -> R5: 10.1s

  0%|          | 0/79 [00:00<?, ?it/s]
  1%|▏         | 1/79 [00:00<00:08,  9.40it/s]
  9%|▉         | 7/79 [00:00<00:02, 33.83it/s]
 15%|█▌        | 12/79 [00:00<00:01, 40.44it/s]
 22%|██▏       | 17/79 [00:00<00:01, 38.24it/s]
 29%|██▉       | 23/79 [00:00<00:01, 39.92it/s]
 35%|███▌      | 28/79 [00:00<00:01, 42.77it/s]
 42%|████▏     | 33/79 [00:00<00:01, 40.69it/s]
 48%|████▊     | 38/79 [00:00<00:00, 42.50it/s]
 54%|█████▍    | 43/79 [00:01<00:00, 40.61it/s]
 61%|██████    | 48/79 [00:01<00:00, 42.18it/s]
 67%|██████▋   | 53/79 [00:01<00:00, 41.80it/s]
 73%|███████▎  | 58/79 [00:01<00:00, 41.88it/s]
 80%|███████▉  | 63/79 [00:01<00:00, 39.80it/s]
 86%|████████▌ | 68/79 [00:01<00:00, 42.01it/s]
 92%|█████████▏| 73/79 [00:01<00:00, 39.60it/s]
 99%|█████████▊| 78/79 [00:01<00:00, 41.96it/s]
100%|██████████| 79/79 [00:01<00:00, 40.47it/s]

CommRound: 13/30
Accuracy: 90.32% | Loss: 0.3712
[##########################----------------------------------] 43.3%
Elapsed: 2.3m | Avg/Round: 10.5s | Last: 10.2s | Next: 10.5s | Remaining: 3.0m
ETA: 18:10:43
Recent round times: R1: 10.6s -> R2: 10.3s -> R3: 10.2s -> R4: 10.1s -> R5: 10.2s

  0%|          | 0/79 [00:00<?, ?it/s]
  1%|▏         | 1/79 [00:00<00:08,  9.06it/s]
  9%|▉         | 7/79 [00:00<00:02, 30.15it/s]
 14%|█▍        | 11/79 [00:00<00:02, 32.52it/s]
 19%|█▉        | 15/79 [00:00<00:01, 34.35it/s]
 25%|██▌       | 20/79 [00:00<00:01, 39.15it/s]
 30%|███       | 24/79 [00:00<00:01, 35.16it/s]
 35%|███▌      | 28/79 [00:00<00:01, 35.99it/s]
 41%|████      | 32/79 [00:00<00:01, 36.49it/s]
 46%|████▌     | 36/79 [00:01<00:01, 37.41it/s]
 51%|█████     | 40/79 [00:01<00:01, 37.18it/s]
 56%|█████▌    | 44/79 [00:01<00:00, 37.23it/s]
 61%|██████    | 48/79 [00:01<00:00, 37.23it/s]
 66%|██████▌   | 52/79 [00:01<00:00, 37.53it/s]
 72%|███████▏  | 57/79 [00:01<00:00, 36.22it/s]
 78%|███████▊  | 62/79 [00:01<00:00, 39.68it/s]
 85%|████████▍ | 67/79 [00:01<00:00, 37.69it/s]
 91%|█████████ | 72/79 [00:01<00:00, 40.72it/s]
 97%|█████████▋| 77/79 [00:02<00:00, 38.46it/s]
100%|██████████| 79/79 [00:02<00:00, 37.29it/s]

CommRound: 14/30
Accuracy: 90.31% | Loss: 0.3728
[############################--------------------------------] 46.7%
Elapsed: 2.4m | Avg/Round: 10.4s | Last: 10.2s | Next: 10.4s | Remaining: 2.8m
ETA: 18:10:43
Recent round times: R1: 10.3s -> R2: 10.2s -> R3: 10.1s -> R4: 10.2s -> R5: 10.2s

  0%|          | 0/79 [00:00<?, ?it/s]
  1%|▏         | 1/79 [00:00<00:08,  9.05it/s]
  9%|▉         | 7/79 [00:00<00:02, 33.70it/s]
 14%|█▍        | 11/79 [00:00<00:01, 35.67it/s]
 20%|██        | 16/79 [00:00<00:01, 39.53it/s]
 25%|██▌       | 20/79 [00:00<00:01, 39.54it/s]
 32%|███▏      | 25/79 [00:00<00:01, 41.31it/s]
 38%|███▊      | 30/79 [00:00<00:01, 39.73it/s]
 43%|████▎     | 34/79 [00:00<00:01, 37.85it/s]
 49%|████▉     | 39/79 [00:01<00:00, 41.20it/s]
 56%|█████▌    | 44/79 [00:01<00:00, 39.30it/s]
 62%|██████▏   | 49/79 [00:01<00:00, 41.85it/s]
 68%|██████▊   | 54/79 [00:01<00:00, 39.18it/s]
 75%|███████▍  | 59/79 [00:01<00:00, 41.48it/s]
 81%|████████  | 64/79 [00:01<00:00, 39.04it/s]
 87%|████████▋ | 69/79 [00:01<00:00, 41.77it/s]
 94%|█████████▎| 74/79 [00:01<00:00, 39.30it/s]
100%|██████████| 79/79 [00:02<00:00, 39.26it/s]

CommRound: 15/30
Accuracy: 90.33% | Loss: 0.3742
[##############################------------------------------] 50.0%
Elapsed: 2.6m | Avg/Round: 10.4s | Last: 10.4s | Next: 10.4s | Remaining: 2.6m
ETA: 18:10:43
Recent round times: R1: 10.2s -> R2: 10.1s -> R3: 10.2s -> R4: 10.2s -> R5: 10.4s

  0%|          | 0/79 [00:00<?, ?it/s]
  1%|▏         | 1/79 [00:00<00:08,  9.16it/s]
  9%|▉         | 7/79 [00:00<00:02, 32.41it/s]
 15%|█▌        | 12/79 [00:00<00:01, 39.46it/s]
 22%|██▏       | 17/79 [00:00<00:01, 37.36it/s]
 29%|██▉       | 23/79 [00:00<00:01, 39.33it/s]
 37%|███▋      | 29/79 [00:00<00:01, 40.83it/s]
 44%|████▍     | 35/79 [00:00<00:01, 41.70it/s]
 52%|█████▏    | 41/79 [00:01<00:00, 41.88it/s]
 59%|█████▉    | 47/79 [00:01<00:00, 42.01it/s]
 67%|██████▋   | 53/79 [00:01<00:00, 42.11it/s]
 73%|███████▎  | 58/79 [00:01<00:00, 43.75it/s]
 80%|███████▉  | 63/79 [00:01<00:00, 40.08it/s]
 86%|████████▌ | 68/79 [00:01<00:00, 41.16it/s]
 92%|█████████▏| 73/79 [00:01<00:00, 37.22it/s]
 97%|█████████▋| 77/79 [00:01<00:00, 36.92it/s]
100%|██████████| 79/79 [00:01<00:00, 39.55it/s]

CommRound: 16/30
Accuracy: 90.35% | Loss: 0.3755
[################################----------------------------] 53.3%
Elapsed: 2.8m | Avg/Round: 10.4s | Last: 10.1s | Next: 10.4s | Remaining: 2.4m
ETA: 18:10:42
Recent round times: R1: 10.1s -> R2: 10.2s -> R3: 10.2s -> R4: 10.4s -> R5: 10.1s

  0%|          | 0/79 [00:00<?, ?it/s]
  1%|▏         | 1/79 [00:00<00:08,  8.78it/s]
  9%|▉         | 7/79 [00:00<00:02, 33.39it/s]
 15%|█▌        | 12/79 [00:00<00:01, 37.63it/s]
 20%|██        | 16/79 [00:00<00:01, 38.47it/s]
 25%|██▌       | 20/79 [00:00<00:01, 38.76it/s]
 32%|███▏      | 25/79 [00:00<00:01, 39.18it/s]
 38%|███▊      | 30/79 [00:00<00:01, 41.65it/s]
 44%|████▍     | 35/79 [00:00<00:01, 39.32it/s]
 52%|█████▏    | 41/79 [00:01<00:00, 39.19it/s]
 59%|█████▉    | 47/79 [00:01<00:00, 40.41it/s]
 66%|██████▌   | 52/79 [00:01<00:00, 42.74it/s]
 72%|███████▏  | 57/79 [00:01<00:00, 40.15it/s]
 78%|███████▊  | 62/79 [00:01<00:00, 42.51it/s]
 85%|████████▍ | 67/79 [00:01<00:00, 40.10it/s]
 92%|█████████▏| 73/79 [00:01<00:00, 40.55it/s]
100%|██████████| 79/79 [00:01<00:00, 44.95it/s]
100%|██████████| 79/79 [00:01<00:00, 40.08it/s]

CommRound: 17/30
Accuracy: 90.37% | Loss: 0.3768
[##################################--------------------------] 56.7%
Elapsed: 3.0m | Avg/Round: 10.4s | Last: 10.4s | Next: 10.4s | Remaining: 2.3m
ETA: 18:10:42
Recent round times: R1: 10.2s -> R2: 10.2s -> R3: 10.4s -> R4: 10.1s -> R5: 10.4s

  0%|          | 0/79 [00:00<?, ?it/s]
  1%|▏         | 1/79 [00:00<00:08,  9.36it/s]
  9%|▉         | 7/79 [00:00<00:02, 32.31it/s]
 15%|█▌        | 12/79 [00:00<00:01, 39.20it/s]
 22%|██▏       | 17/79 [00:00<00:01, 37.31it/s]
 29%|██▉       | 23/79 [00:00<00:01, 39.02it/s]
 35%|███▌      | 28/79 [00:00<00:01, 42.06it/s]
 42%|████▏     | 33/79 [00:00<00:01, 39.73it/s]
 49%|████▉     | 39/79 [00:01<00:00, 40.47it/s]
 57%|█████▋    | 45/79 [00:01<00:00, 40.98it/s]
 63%|██████▎   | 50/79 [00:01<00:00, 43.05it/s]
 70%|██████▉   | 55/79 [00:01<00:00, 40.45it/s]
 76%|███████▌  | 60/79 [00:01<00:00, 40.96it/s]
 82%|████████▏ | 65/79 [00:01<00:00, 37.99it/s]
 90%|████████▉ | 71/79 [00:01<00:00, 39.23it/s]
 97%|█████████▋| 77/79 [00:01<00:00, 40.02it/s]
100%|██████████| 79/79 [00:01<00:00, 39.88it/s]

CommRound: 18/30
Accuracy: 90.39% | Loss: 0.3781
[####################################------------------------] 60.0%
Elapsed: 3.1m | Avg/Round: 10.4s | Last: 10.3s | Next: 10.4s | Remaining: 2.1m
ETA: 18:10:42
Recent round times: R1: 10.2s -> R2: 10.4s -> R3: 10.1s -> R4: 10.4s -> R5: 10.3s

  0%|          | 0/79 [00:00<?, ?it/s]
  1%|▏         | 1/79 [00:00<00:08,  8.72it/s]
  9%|▉         | 7/79 [00:00<00:02, 30.13it/s]
 14%|█▍        | 11/79 [00:00<00:02, 32.64it/s]
 19%|█▉        | 15/79 [00:00<00:01, 34.55it/s]
 24%|██▍       | 19/79 [00:00<00:01, 36.07it/s]
 29%|██▉       | 23/79 [00:00<00:01, 36.40it/s]
 34%|███▍      | 27/79 [00:00<00:01, 36.35it/s]
 39%|███▉      | 31/79 [00:00<00:01, 36.55it/s]
 44%|████▍     | 35/79 [00:01<00:01, 36.72it/s]
 49%|████▉     | 39/79 [00:01<00:01, 37.30it/s]
 54%|█████▍    | 43/79 [00:01<00:01, 35.83it/s]
 59%|█████▉    | 47/79 [00:01<00:00, 35.73it/s]
 65%|██████▍   | 51/79 [00:01<00:00, 36.84it/s]
 70%|██████▉   | 55/79 [00:01<00:00, 37.58it/s]
 75%|███████▍  | 59/79 [00:01<00:00, 37.36it/s]
 80%|███████▉  | 63/79 [00:01<00:00, 36.74it/s]
 85%|████████▍ | 67/79 [00:01<00:00, 36.39it/s]
 90%|████████▉ | 71/79 [00:01<00:00, 36.20it/s]
 95%|█████████▍| 75/79 [00:02<00:00, 36.13it/s]
100%|██████████| 79/79 [00:02<00:00, 35.83it/s]
100%|██████████| 79/79 [00:02<00:00, 35.35it/s]

CommRound: 19/30
Accuracy: 90.42% | Loss: 0.3791
[######################################----------------------] 63.3%
Elapsed: 3.3m | Avg/Round: 10.4s | Last: 10.5s | Next: 10.4s | Remaining: 1.9m
ETA: 18:10:42
Recent round times: R1: 10.4s -> R2: 10.1s -> R3: 10.4s -> R4: 10.3s -> R5: 10.5s

  0%|          | 0/79 [00:00<?, ?it/s]
  1%|▏         | 1/79 [00:00<00:08,  8.92it/s]
  9%|▉         | 7/79 [00:00<00:02, 29.96it/s]
 14%|█▍        | 11/79 [00:00<00:02, 32.79it/s]
 19%|█▉        | 15/79 [00:00<00:01, 34.22it/s]
 24%|██▍       | 19/79 [00:00<00:01, 35.20it/s]
 29%|██▉       | 23/79 [00:00<00:01, 35.80it/s]
 34%|███▍      | 27/79 [00:00<00:01, 36.12it/s]
 39%|███▉      | 31/79 [00:00<00:01, 36.39it/s]
 44%|████▍     | 35/79 [00:01<00:01, 36.45it/s]
 49%|████▉     | 39/79 [00:01<00:01, 36.82it/s]
 54%|█████▍    | 43/79 [00:01<00:00, 36.84it/s]
 59%|█████▉    | 47/79 [00:01<00:00, 37.15it/s]
 65%|██████▍   | 51/79 [00:01<00:00, 37.19it/s]
 70%|██████▉   | 55/79 [00:01<00:00, 36.53it/s]
 75%|███████▍  | 59/79 [00:01<00:00, 37.08it/s]
 81%|████████  | 64/79 [00:01<00:00, 40.63it/s]
 87%|████████▋ | 69/79 [00:01<00:00, 38.76it/s]
 95%|█████████▍| 75/79 [00:02<00:00, 39.69it/s]
100%|██████████| 79/79 [00:02<00:00, 37.19it/s]

CommRound: 20/30
Accuracy: 90.43% | Loss: 0.3804
[########################################--------------------] 66.7%
Elapsed: 3.5m | Avg/Round: 10.4s | Last: 10.5s | Next: 10.4s | Remaining: 1.7m
ETA: 18:10:42
Recent round times: R1: 10.1s -> R2: 10.4s -> R3: 10.3s -> R4: 10.5s -> R5: 10.5s

  0%|          | 0/79 [00:00<?, ?it/s]
  1%|▏         | 1/79 [00:00<00:07,  9.80it/s]
  9%|▉         | 7/79 [00:00<00:02, 33.59it/s]
 14%|█▍        | 11/79 [00:00<00:01, 35.96it/s]
 19%|█▉        | 15/79 [00:00<00:01, 37.23it/s]
 25%|██▌       | 20/79 [00:00<00:01, 35.99it/s]
 30%|███       | 24/79 [00:00<00:01, 36.35it/s]
 35%|███▌      | 28/79 [00:00<00:01, 36.58it/s]
 41%|████      | 32/79 [00:00<00:01, 36.64it/s]
 46%|████▌     | 36/79 [00:01<00:01, 36.77it/s]
 51%|█████     | 40/79 [00:01<00:01, 36.90it/s]
 56%|█████▌    | 44/79 [00:01<00:00, 37.01it/s]
 61%|██████    | 48/79 [00:01<00:00, 37.08it/s]
 66%|██████▌   | 52/79 [00:01<00:00, 37.11it/s]
 71%|███████   | 56/79 [00:01<00:00, 36.88it/s]
 76%|███████▌  | 60/79 [00:01<00:00, 34.27it/s]
 84%|████████▎ | 66/79 [00:01<00:00, 37.04it/s]
 91%|█████████ | 72/79 [00:01<00:00, 38.75it/s]
 97%|█████████▋| 77/79 [00:02<00:00, 41.44it/s]
100%|██████████| 79/79 [00:02<00:00, 36.90it/s]

CommRound: 21/30
Accuracy: 90.46% | Loss: 0.3813
[##########################################------------------] 70.0%
Elapsed: 3.6m | Avg/Round: 10.4s | Last: 10.5s | Next: 10.4s | Remaining: 1.6m
ETA: 18:10:42
Recent round times: R1: 10.4s -> R2: 10.3s -> R3: 10.5s -> R4: 10.5s -> R5: 10.5s

  0%|          | 0/79 [00:00<?, ?it/s]
  1%|▏         | 1/79 [00:00<00:08,  9.73it/s]
  8%|▊         | 6/79 [00:00<00:02, 33.01it/s]
 14%|█▍        | 11/79 [00:00<00:01, 36.59it/s]
 20%|██        | 16/79 [00:00<00:01, 38.27it/s]
 27%|██▋       | 21/79 [00:00<00:01, 40.40it/s]
 33%|███▎      | 26/79 [00:00<00:01, 39.21it/s]
 39%|███▉      | 31/79 [00:00<00:01, 41.10it/s]
 46%|████▌     | 36/79 [00:00<00:01, 39.67it/s]
 52%|█████▏    | 41/79 [00:01<00:00, 41.67it/s]
 58%|█████▊    | 46/79 [00:01<00:00, 40.93it/s]
 65%|██████▍   | 51/79 [00:01<00:00, 41.36it/s]
 71%|███████   | 56/79 [00:01<00:00, 41.88it/s]
 77%|███████▋  | 61/79 [00:01<00:00, 40.90it/s]
 84%|████████▎ | 66/79 [00:01<00:00, 42.34it/s]
 90%|████████▉ | 71/79 [00:01<00:00, 40.03it/s]
 97%|█████████▋| 77/79 [00:01<00:00, 40.52it/s]
100%|██████████| 79/79 [00:01<00:00, 40.32it/s]

CommRound: 22/30
Accuracy: 90.47% | Loss: 0.3825
[############################################----------------] 73.3%
Elapsed: 3.8m | Avg/Round: 10.4s | Last: 10.4s | Next: 10.4s | Remaining: 1.4m
ETA: 18:10:42
Recent round times: R1: 10.3s -> R2: 10.5s -> R3: 10.5s -> R4: 10.5s -> R5: 10.4s

  0%|          | 0/79 [00:00<?, ?it/s]
  1%|▏         | 1/79 [00:00<00:08,  9.32it/s]
  8%|▊         | 6/79 [00:00<00:02, 31.73it/s]
 14%|█▍        | 11/79 [00:00<00:01, 36.46it/s]
 20%|██        | 16/79 [00:00<00:01, 41.24it/s]
 27%|██▋       | 21/79 [00:00<00:01, 38.79it/s]
 32%|███▏      | 25/79 [00:00<00:01, 38.96it/s]
 39%|███▉      | 31/79 [00:00<00:01, 40.44it/s]
 46%|████▌     | 36/79 [00:00<00:01, 41.87it/s]
 52%|█████▏    | 41/79 [00:01<00:00, 40.17it/s]
 59%|█████▉    | 47/79 [00:01<00:00, 40.66it/s]
 67%|██████▋   | 53/79 [00:01<00:00, 40.75it/s]
 75%|███████▍  | 59/79 [00:01<00:00, 41.05it/s]
 81%|████████  | 64/79 [00:01<00:00, 42.20it/s]
 87%|████████▋ | 69/79 [00:01<00:00, 40.09it/s]
 95%|█████████▍| 75/79 [00:01<00:00, 40.64it/s]
100%|██████████| 79/79 [00:01<00:00, 40.22it/s]

CommRound: 23/30
Accuracy: 90.46% | Loss: 0.3835
[##############################################--------------] 76.7%
Elapsed: 4.0m | Avg/Round: 10.4s | Last: 10.3s | Next: 10.4s | Remaining: 1.2m
ETA: 18:10:42
Recent round times: R1: 10.5s -> R2: 10.5s -> R3: 10.5s -> R4: 10.4s -> R5: 10.3s

  0%|          | 0/79 [00:00<?, ?it/s]
  1%|▏         | 1/79 [00:00<00:08,  9.59it/s]
  9%|▉         | 7/79 [00:00<00:02, 33.35it/s]
 15%|█▌        | 12/79 [00:00<00:01, 39.09it/s]
 20%|██        | 16/79 [00:00<00:01, 39.27it/s]
 27%|██▋       | 21/79 [00:00<00:01, 40.15it/s]
 33%|███▎      | 26/79 [00:00<00:01, 39.68it/s]
 39%|███▉      | 31/79 [00:00<00:01, 40.76it/s]
 46%|████▌     | 36/79 [00:00<00:01, 41.05it/s]
 52%|█████▏    | 41/79 [00:01<00:00, 40.78it/s]
 58%|█████▊    | 46/79 [00:01<00:00, 42.35it/s]
 65%|██████▍   | 51/79 [00:01<00:00, 40.39it/s]
 71%|███████   | 56/79 [00:01<00:00, 42.87it/s]
 77%|███████▋  | 61/79 [00:01<00:00, 40.34it/s]
 84%|████████▎ | 66/79 [00:01<00:00, 41.02it/s]
 90%|████████▉ | 71/79 [00:01<00:00, 37.27it/s]
 95%|█████████▍| 75/79 [00:01<00:00, 36.96it/s]
100%|██████████| 79/79 [00:02<00:00, 39.37it/s]

CommRound: 24/30
Accuracy: 90.47% | Loss: 0.3846
[################################################------------] 80.0%
Elapsed: 4.2m | Avg/Round: 10.4s | Last: 10.2s | Next: 10.4s | Remaining: 1.0m
ETA: 18:10:41
Recent round times: R1: 10.5s -> R2: 10.5s -> R3: 10.4s -> R4: 10.3s -> R5: 10.2s

  0%|          | 0/79 [00:00<?, ?it/s]
  1%|▏         | 1/79 [00:00<00:08,  9.49it/s]
  9%|▉         | 7/79 [00:00<00:02, 32.47it/s]
 14%|█▍        | 11/79 [00:00<00:01, 35.39it/s]
 20%|██        | 16/79 [00:00<00:01, 39.14it/s]
 27%|██▋       | 21/79 [00:00<00:01, 38.29it/s]
 34%|███▍      | 27/79 [00:00<00:01, 39.56it/s]
 42%|████▏     | 33/79 [00:00<00:01, 40.24it/s]
 48%|████▊     | 38/79 [00:00<00:00, 42.05it/s]
 54%|█████▍    | 43/79 [00:01<00:00, 38.25it/s]
 61%|██████    | 48/79 [00:01<00:00, 41.04it/s]
 67%|██████▋   | 53/79 [00:01<00:00, 38.73it/s]
 75%|███████▍  | 59/79 [00:01<00:00, 39.68it/s]
 81%|████████  | 64/79 [00:01<00:00, 41.79it/s]
 87%|████████▋ | 69/79 [00:01<00:00, 39.73it/s]
 95%|█████████▍| 75/79 [00:01<00:00, 40.19it/s]
100%|██████████| 79/79 [00:01<00:00, 39.62it/s]

CommRound: 25/30
Accuracy: 90.50% | Loss: 0.3855
[##################################################----------] 83.3%
Elapsed: 4.3m | Avg/Round: 10.4s | Last: 10.4s | Next: 10.4s | Remaining: 0.9m
ETA: 18:10:42
Recent round times: R1: 10.5s -> R2: 10.4s -> R3: 10.3s -> R4: 10.2s -> R5: 10.4s

  0%|          | 0/79 [00:00<?, ?it/s]
  1%|▏         | 1/79 [00:00<00:08,  8.85it/s]
  9%|▉         | 7/79 [00:00<00:02, 31.99it/s]
 15%|█▌        | 12/79 [00:00<00:01, 38.05it/s]
 20%|██        | 16/79 [00:00<00:01, 37.87it/s]
 27%|██▋       | 21/79 [00:00<00:01, 37.13it/s]
 34%|███▍      | 27/79 [00:00<00:01, 38.95it/s]
 42%|████▏     | 33/79 [00:00<00:01, 40.07it/s]
 49%|████▉     | 39/79 [00:01<00:00, 40.75it/s]
 56%|█████▌    | 44/79 [00:01<00:00, 43.06it/s]
 62%|██████▏   | 49/79 [00:01<00:00, 40.56it/s]
 70%|██████▉   | 55/79 [00:01<00:00, 40.96it/s]
 77%|███████▋  | 61/79 [00:01<00:00, 40.89it/s]
 84%|████████▎ | 66/79 [00:01<00:00, 42.71it/s]
 90%|████████▉ | 71/79 [00:01<00:00, 40.53it/s]
 96%|█████████▌| 76/79 [00:01<00:00, 39.38it/s]
100%|██████████| 79/79 [00:02<00:00, 39.32it/s]

CommRound: 26/30
Accuracy: 90.50% | Loss: 0.3865
[####################################################--------] 86.7%
Elapsed: 4.5m | Avg/Round: 10.4s | Last: 10.4s | Next: 10.4s | Remaining: 0.7m
ETA: 18:10:42
Recent round times: R1: 10.4s -> R2: 10.3s -> R3: 10.2s -> R4: 10.4s -> R5: 10.4s

  0%|          | 0/79 [00:00<?, ?it/s]
  1%|▏         | 1/79 [00:00<00:08,  8.75it/s]
  8%|▊         | 6/79 [00:00<00:02, 29.61it/s]
 13%|█▎        | 10/79 [00:00<00:02, 31.53it/s]
 18%|█▊        | 14/79 [00:00<00:01, 33.83it/s]
 23%|██▎       | 18/79 [00:00<00:01, 35.36it/s]
 28%|██▊       | 22/79 [00:00<00:01, 36.64it/s]
 33%|███▎      | 26/79 [00:00<00:01, 36.49it/s]
 38%|███▊      | 30/79 [00:00<00:01, 36.11it/s]
 43%|████▎     | 34/79 [00:00<00:01, 35.67it/s]
 48%|████▊     | 38/79 [00:01<00:01, 34.47it/s]
 53%|█████▎    | 42/79 [00:01<00:01, 34.41it/s]
 58%|█████▊    | 46/79 [00:01<00:00, 34.62it/s]
 63%|██████▎   | 50/79 [00:01<00:00, 32.16it/s]
 71%|███████   | 56/79 [00:01<00:00, 35.37it/s]
 78%|███████▊  | 62/79 [00:01<00:00, 37.38it/s]
 86%|████████▌ | 68/79 [00:01<00:00, 38.47it/s]
 94%|█████████▎| 74/79 [00:02<00:00, 39.39it/s]
100%|██████████| 79/79 [00:02<00:00, 35.92it/s]

CommRound: 27/30
Accuracy: 90.52% | Loss: 0.3875
[######################################################------] 90.0%
Elapsed: 4.7m | Avg/Round: 10.4s | Last: 10.5s | Next: 10.4s | Remaining: 0.5m
ETA: 18:10:42
Recent round times: R1: 10.3s -> R2: 10.2s -> R3: 10.4s -> R4: 10.4s -> R5: 10.5s

  0%|          | 0/79 [00:00<?, ?it/s]
  1%|▏         | 1/79 [00:00<00:08,  9.19it/s]
  9%|▉         | 7/79 [00:00<00:02, 32.01it/s]
 14%|█▍        | 11/79 [00:00<00:01, 34.64it/s]
 19%|█▉        | 15/79 [00:00<00:02, 23.14it/s]
 27%|██▋       | 21/79 [00:00<00:01, 29.07it/s]
 33%|███▎      | 26/79 [00:00<00:01, 33.45it/s]
 38%|███▊      | 30/79 [00:00<00:01, 34.86it/s]
 43%|████▎     | 34/79 [00:01<00:01, 36.15it/s]
 49%|████▉     | 39/79 [00:01<00:01, 37.87it/s]
 54%|█████▍    | 43/79 [00:01<00:00, 37.49it/s]
 59%|█████▉    | 47/79 [00:01<00:00, 37.39it/s]
 65%|██████▍   | 51/79 [00:01<00:00, 37.00it/s]
 71%|███████   | 56/79 [00:01<00:00, 38.73it/s]
 77%|███████▋  | 61/79 [00:01<00:00, 39.63it/s]
 84%|████████▎ | 66/79 [00:01<00:00, 39.96it/s]
 90%|████████▉ | 71/79 [00:01<00:00, 41.00it/s]
 96%|█████████▌| 76/79 [00:02<00:00, 41.13it/s]
100%|██████████| 79/79 [00:02<00:00, 36.27it/s]

CommRound: 28/30
Accuracy: 90.51% | Loss: 0.3884
[########################################################----] 93.3%
Elapsed: 4.9m | Avg/Round: 10.4s | Last: 10.3s | Next: 10.4s | Remaining: 0.3m
ETA: 18:10:41
Recent round times: R1: 10.2s -> R2: 10.4s -> R3: 10.4s -> R4: 10.5s -> R5: 10.3s

  0%|          | 0/79 [00:00<?, ?it/s]
  1%|▏         | 1/79 [00:00<00:08,  9.64it/s]
  9%|▉         | 7/79 [00:00<00:02, 32.52it/s]
 14%|█▍        | 11/79 [00:00<00:03, 22.54it/s]
 18%|█▊        | 14/79 [00:00<00:02, 22.70it/s]
 25%|██▌       | 20/79 [00:00<00:02, 29.38it/s]
 32%|███▏      | 25/79 [00:00<00:01, 34.52it/s]
 38%|███▊      | 30/79 [00:00<00:01, 35.26it/s]
 46%|████▌     | 36/79 [00:01<00:01, 37.31it/s]
 53%|█████▎    | 42/79 [00:01<00:00, 38.99it/s]
 61%|██████    | 48/79 [00:01<00:00, 39.92it/s]
 68%|██████▊   | 54/79 [00:01<00:00, 40.06it/s]
 76%|███████▌  | 60/79 [00:01<00:00, 40.54it/s]
 84%|████████▎ | 66/79 [00:01<00:00, 40.92it/s]
 91%|█████████ | 72/79 [00:01<00:00, 41.20it/s]
 99%|█████████▊| 78/79 [00:02<00:00, 41.33it/s]
100%|██████████| 79/79 [00:02<00:00, 36.53it/s]

CommRound: 29/30
Accuracy: 90.50% | Loss: 0.3893
[##########################################################--] 96.7%
Elapsed: 5.0m | Avg/Round: 10.4s | Last: 10.2s | Next: 10.4s | Remaining: 0.2m
ETA: 18:10:41
Recent round times: R1: 10.4s -> R2: 10.4s -> R3: 10.5s -> R4: 10.3s -> R5: 10.2s

  0%|          | 0/79 [00:00<?, ?it/s]
  1%|▏         | 1/79 [00:00<00:09,  8.59it/s]
  9%|▉         | 7/79 [00:00<00:03, 18.18it/s]
 14%|█▍        | 11/79 [00:00<00:02, 24.03it/s]
 19%|█▉        | 15/79 [00:00<00:02, 28.49it/s]
 24%|██▍       | 19/79 [00:00<00:01, 31.14it/s]
 32%|███▏      | 25/79 [00:00<00:01, 34.82it/s]
 38%|███▊      | 30/79 [00:00<00:01, 38.80it/s]
 44%|████▍     | 35/79 [00:01<00:01, 37.75it/s]
 51%|█████     | 40/79 [00:01<00:00, 40.76it/s]
 57%|█████▋    | 45/79 [00:01<00:00, 38.21it/s]
 65%|██████▍   | 51/79 [00:01<00:00, 38.38it/s]
 72%|███████▏  | 57/79 [00:01<00:00, 40.04it/s]
 78%|███████▊  | 62/79 [00:01<00:00, 42.40it/s]
 85%|████████▍ | 67/79 [00:01<00:00, 39.86it/s]
 91%|█████████ | 72/79 [00:01<00:00, 41.56it/s]
 97%|█████████▋| 77/79 [00:02<00:00, 39.32it/s]
100%|██████████| 79/79 [00:02<00:00, 36.45it/s]

CommRound: 30/30
Accuracy: 90.49% | Loss: 0.3901
[############################################################] 100.0%
Elapsed: 5.2m | Avg/Round: 10.4s | Last: 10.5s | Next: 10.4s | Remaining: 0.0m
ETA: 18:10:41
Recent round times: R1: 10.4s -> R2: 10.5s -> R3: 10.3s -> R4: 10.2s -> R5: 10.5s
Total time for experiment: 312.1820652484894 seconds
Device average training time per communication round [s]:
    rpi (sld-rpi-09.ece.utexas.edu): 5.34 seconds
    mc1 (sld-mc1-09.ece.utexas.edu): 3.17 seconds
