Connecting to sld-rpi-09.ece.utexas.edu...
Successfully fetched dev0_pow_temp_log_exp178_run1.csv.
Connecting to sld-rpi-09.ece.utexas.edu...
Successfully fetched dev0_communication_log_exp178_run1.csv.
Connecting to sld-mc1-09.ece.utexas.edu...
Successfully fetched dev1_pow_temp_log_exp178_run1.csv.
Connecting to sld-mc1-09.ece.utexas.edu...
Successfully fetched dev1_communication_log_exp178_run1.csv.

Exp178
Experiment 178: 
	Global test accuracy [%]: 89.37 %
	No round found where all subsequent rounds have accuracy >= 90.00%.
	Average time per communication round [s]: 15.13 seconds
	Total wall clock time [s]: 330.73 seconds


Experiment 178:
	RPi avg. energy consumption per round [J]: 46.32 Joules
	MC1 avg. energy consumption per round [J]: 94.16 Joules
	Total avg. energy consumption per communication round [J]: 140.48 Joules
	Avg. amount of communicated data per communication round [MB]: 0.20 MB
	RPi avg. power consumption per round [W]: 5.51 Watts
	MC1 avg. power consumption per round [W]: 8.26 Watts
