Connecting to sld-rpi-09.ece.utexas.edu...
Successfully fetched dev0_pow_temp_log_exp227_run1.csv.
Connecting to sld-rpi-09.ece.utexas.edu...
Successfully fetched dev0_communication_log_exp227_run1.csv.
Connecting to sld-mc1-09.ece.utexas.edu...
Successfully fetched dev1_pow_temp_log_exp227_run1.csv.
Connecting to sld-mc1-09.ece.utexas.edu...
Successfully fetched dev1_communication_log_exp227_run1.csv.

Exp227
Experiment 227: 
	Global test accuracy [%]: 78.31 %
	No round found where all subsequent rounds have accuracy >= 90.00%.
	Average time per communication round [s]: 11.13 seconds
	Total wall clock time [s]: 330.13 seconds


Experiment 227:
	RPi avg. energy consumption per round [J]: 42.50 Joules
	MC1 avg. energy consumption per round [J]: 25.84 Joules
	Total avg. energy consumption per communication round [J]: 68.34 Joules
	Avg. amount of communicated data per communication round [MB]: 0.03 MB
	RPi avg. power consumption per round [W]: 5.34 Watts
	MC1 avg. power consumption per round [W]: 5.83 Watts
