
  0%|          | 0/79 [00:00<?, ?it/s]
  1%|▏         | 1/79 [00:00<00:09,  7.84it/s]
  6%|▋         | 5/79 [00:00<00:04, 15.72it/s]
  9%|▉         | 7/79 [00:00<00:04, 14.46it/s]
 11%|█▏        | 9/79 [00:00<00:05, 13.94it/s]
 16%|█▋        | 13/79 [00:00<00:03, 18.91it/s]
 22%|██▏       | 17/79 [00:00<00:02, 21.71it/s]
 25%|██▌       | 20/79 [00:01<00:03, 19.63it/s]
 29%|██▉       | 23/79 [00:01<00:02, 20.59it/s]
 33%|███▎      | 26/79 [00:01<00:02, 22.22it/s]
 37%|███▋      | 29/79 [00:01<00:02, 19.42it/s]
 41%|████      | 32/79 [00:01<00:02, 21.47it/s]
 44%|████▍     | 35/79 [00:01<00:02, 19.32it/s]
 49%|████▉     | 39/79 [00:01<00:01, 22.36it/s]
 54%|█████▍    | 43/79 [00:02<00:01, 24.58it/s]
 58%|█████▊    | 46/79 [00:02<00:01, 24.93it/s]
 62%|██████▏   | 49/79 [00:02<00:01, 19.87it/s]
 66%|██████▌   | 52/79 [00:02<00:01, 19.75it/s]
 70%|██████▉   | 55/79 [00:02<00:01, 17.44it/s]
 75%|███████▍  | 59/79 [00:02<00:00, 20.61it/s]
 80%|███████▉  | 63/79 [00:03<00:00, 21.28it/s]
 84%|████████▎ | 66/79 [00:03<00:00, 22.85it/s]
 87%|████████▋ | 69/79 [00:03<00:00, 19.91it/s]
 91%|█████████ | 72/79 [00:03<00:00, 21.58it/s]
 95%|█████████▍| 75/79 [00:03<00:00, 21.41it/s]
100%|██████████| 79/79 [00:03<00:00, 25.50it/s]
100%|██████████| 79/79 [00:03<00:00, 20.69it/s]
Initial Accuracy: 8.49%; Initial Loss: 2.3240

  0%|          | 0/79 [00:00<?, ?it/s]
  1%|▏         | 1/79 [00:00<00:14,  5.34it/s]
  5%|▌         | 4/79 [00:00<00:04, 15.33it/s]
 10%|█         | 8/79 [00:00<00:03, 19.97it/s]
 14%|█▍        | 11/79 [00:00<00:03, 18.32it/s]
 19%|█▉        | 15/79 [00:00<00:02, 21.85it/s]
 24%|██▍       | 19/79 [00:00<00:02, 24.76it/s]
 29%|██▉       | 23/79 [00:01<00:02, 26.93it/s]
 34%|███▍      | 27/79 [00:01<00:01, 28.37it/s]
 38%|███▊      | 30/79 [00:01<00:01, 26.75it/s]
 43%|████▎     | 34/79 [00:01<00:01, 25.51it/s]
 47%|████▋     | 37/79 [00:01<00:01, 26.02it/s]
 51%|█████     | 40/79 [00:01<00:01, 24.39it/s]
 56%|█████▌    | 44/79 [00:01<00:01, 26.80it/s]
 61%|██████    | 48/79 [00:01<00:01, 27.99it/s]
 65%|██████▍   | 51/79 [00:02<00:01, 25.31it/s]
 68%|██████▊   | 54/79 [00:02<00:01, 21.00it/s]
 73%|███████▎  | 58/79 [00:02<00:00, 23.54it/s]
 78%|███████▊  | 62/79 [00:02<00:00, 23.02it/s]
 85%|████████▍ | 67/79 [00:02<00:00, 28.50it/s]
 90%|████████▉ | 71/79 [00:02<00:00, 29.38it/s]
 95%|█████████▍| 75/79 [00:03<00:00, 29.12it/s]
100%|██████████| 79/79 [00:03<00:00, 27.58it/s]
100%|██████████| 79/79 [00:03<00:00, 24.71it/s]

CommRound: 1/30
Accuracy: 56.48% | Loss: 1.3644
[##----------------------------------------------------------] 3.3%
Elapsed: 0.9m | Avg/Round: 53.0s | Last: 49.1s | Next: 53.0s | Remaining: 25.6m
ETA: 20:02:22
Recent round times: R1: 49.1s

  0%|          | 0/79 [00:00<?, ?it/s]
  1%|▏         | 1/79 [00:00<00:13,  5.97it/s]
  6%|▋         | 5/79 [00:00<00:03, 20.81it/s]
 11%|█▏        | 9/79 [00:00<00:02, 26.29it/s]
 16%|█▋        | 13/79 [00:00<00:02, 28.74it/s]
 22%|██▏       | 17/79 [00:00<00:02, 29.72it/s]
 27%|██▋       | 21/79 [00:00<00:01, 30.34it/s]
 32%|███▏      | 25/79 [00:00<00:01, 30.96it/s]
 37%|███▋      | 29/79 [00:01<00:01, 31.51it/s]
 42%|████▏     | 33/79 [00:01<00:01, 30.33it/s]
 47%|████▋     | 37/79 [00:01<00:01, 31.76it/s]
 52%|█████▏    | 41/79 [00:01<00:01, 31.45it/s]
 57%|█████▋    | 45/79 [00:01<00:01, 31.39it/s]
 62%|██████▏   | 49/79 [00:01<00:00, 31.52it/s]
 67%|██████▋   | 53/79 [00:01<00:00, 31.92it/s]
 72%|███████▏  | 57/79 [00:01<00:00, 32.02it/s]
 77%|███████▋  | 61/79 [00:02<00:00, 31.99it/s]
 82%|████████▏ | 65/79 [00:02<00:00, 32.01it/s]
 87%|████████▋ | 69/79 [00:02<00:00, 31.94it/s]
 92%|█████████▏| 73/79 [00:02<00:00, 32.09it/s]
 97%|█████████▋| 77/79 [00:02<00:00, 31.78it/s]
100%|██████████| 79/79 [00:02<00:00, 30.77it/s]

CommRound: 2/30
Accuracy: 75.71% | Loss: 0.6921
[####--------------------------------------------------------] 6.7%
Elapsed: 1.8m | Avg/Round: 52.9s | Last: 52.8s | Next: 52.9s | Remaining: 24.7m
ETA: 20:02:19
Recent round times: R1: 49.1s -> R2: 52.8s

  0%|          | 0/79 [00:00<?, ?it/s]
  1%|▏         | 1/79 [00:00<00:13,  5.89it/s]
  8%|▊         | 6/79 [00:00<00:03, 22.95it/s]
 11%|█▏        | 9/79 [00:00<00:03, 21.31it/s]
 15%|█▌        | 12/79 [00:00<00:02, 22.47it/s]
 20%|██        | 16/79 [00:00<00:02, 25.94it/s]
 25%|██▌       | 20/79 [00:00<00:02, 28.48it/s]
 30%|███       | 24/79 [00:00<00:01, 30.11it/s]
 35%|███▌      | 28/79 [00:01<00:01, 30.94it/s]
 41%|████      | 32/79 [00:01<00:01, 31.82it/s]
 46%|████▌     | 36/79 [00:01<00:01, 32.69it/s]
 51%|█████     | 40/79 [00:01<00:01, 32.50it/s]
 56%|█████▌    | 44/79 [00:01<00:01, 33.73it/s]
 61%|██████    | 48/79 [00:01<00:00, 33.96it/s]
 66%|██████▌   | 52/79 [00:01<00:00, 33.82it/s]
 71%|███████   | 56/79 [00:01<00:00, 34.09it/s]
 76%|███████▌  | 60/79 [00:01<00:00, 33.64it/s]
 81%|████████  | 64/79 [00:02<00:00, 32.45it/s]
 86%|████████▌ | 68/79 [00:02<00:00, 32.81it/s]
 91%|█████████ | 72/79 [00:02<00:00, 33.17it/s]
 96%|█████████▌| 76/79 [00:02<00:00, 33.23it/s]
100%|██████████| 79/79 [00:02<00:00, 30.64it/s]

CommRound: 3/30
Accuracy: 85.92% | Loss: 0.4377
[######------------------------------------------------------] 10.0%
Elapsed: 2.6m | Avg/Round: 51.3s | Last: 48.1s | Next: 51.3s | Remaining: 23.1m
ETA: 20:01:31
Recent round times: R1: 49.1s -> R2: 52.8s -> R3: 48.1s

  0%|          | 0/79 [00:00<?, ?it/s]
  1%|▏         | 1/79 [00:00<00:13,  5.98it/s]
  8%|▊         | 6/79 [00:00<00:03, 21.52it/s]
 13%|█▎        | 10/79 [00:00<00:02, 24.51it/s]
 18%|█▊        | 14/79 [00:00<00:02, 26.05it/s]
 23%|██▎       | 18/79 [00:00<00:02, 27.06it/s]
 28%|██▊       | 22/79 [00:00<00:02, 27.38it/s]
 33%|███▎      | 26/79 [00:01<00:01, 27.79it/s]
 38%|███▊      | 30/79 [00:01<00:01, 28.10it/s]
 43%|████▎     | 34/79 [00:01<00:01, 28.16it/s]
 48%|████▊     | 38/79 [00:01<00:01, 28.71it/s]
 53%|█████▎    | 42/79 [00:01<00:01, 29.12it/s]
 58%|█████▊    | 46/79 [00:01<00:01, 29.27it/s]
 63%|██████▎   | 50/79 [00:01<00:00, 29.71it/s]
 68%|██████▊   | 54/79 [00:01<00:00, 29.16it/s]
 73%|███████▎  | 58/79 [00:02<00:00, 29.77it/s]
 78%|███████▊  | 62/79 [00:02<00:00, 29.95it/s]
 84%|████████▎ | 66/79 [00:02<00:00, 29.73it/s]
 89%|████████▊ | 70/79 [00:02<00:00, 29.98it/s]
 94%|█████████▎| 74/79 [00:02<00:00, 30.03it/s]
 99%|█████████▊| 78/79 [00:02<00:00, 30.97it/s]
100%|██████████| 79/79 [00:02<00:00, 28.50it/s]

CommRound: 4/30
Accuracy: 87.03% | Loss: 0.4215
[########----------------------------------------------------] 13.3%
Elapsed: 3.5m | Avg/Round: 51.9s | Last: 53.9s | Next: 51.9s | Remaining: 22.5m
ETA: 20:01:51
Recent round times: R1: 49.1s -> R2: 52.8s -> R3: 48.1s -> R4: 53.9s

  0%|          | 0/79 [00:00<?, ?it/s]
  1%|▏         | 1/79 [00:00<00:12,  6.26it/s]
  6%|▋         | 5/79 [00:00<00:03, 20.39it/s]
 11%|█▏        | 9/79 [00:00<00:02, 24.69it/s]
 16%|█▋        | 13/79 [00:00<00:02, 27.02it/s]
 22%|██▏       | 17/79 [00:00<00:02, 24.58it/s]
 25%|██▌       | 20/79 [00:00<00:02, 25.06it/s]
 29%|██▉       | 23/79 [00:01<00:02, 20.30it/s]
 33%|███▎      | 26/79 [00:01<00:02, 21.60it/s]
 37%|███▋      | 29/79 [00:01<00:02, 18.71it/s]
 41%|████      | 32/79 [00:01<00:02, 20.44it/s]
 44%|████▍     | 35/79 [00:01<00:02, 20.68it/s]
 49%|████▉     | 39/79 [00:01<00:01, 24.16it/s]
 54%|█████▍    | 43/79 [00:01<00:01, 26.98it/s]
 59%|█████▉    | 47/79 [00:01<00:01, 28.89it/s]
 65%|██████▍   | 51/79 [00:02<00:00, 28.65it/s]
 70%|██████▉   | 55/79 [00:02<00:00, 30.10it/s]
 75%|███████▍  | 59/79 [00:02<00:00, 31.43it/s]
 80%|███████▉  | 63/79 [00:02<00:00, 32.20it/s]
 85%|████████▍ | 67/79 [00:02<00:00, 33.18it/s]
 90%|████████▉ | 71/79 [00:02<00:00, 32.42it/s]
 95%|█████████▍| 75/79 [00:02<00:00, 32.81it/s]
100%|██████████| 79/79 [00:02<00:00, 26.64it/s]

CommRound: 5/30
Accuracy: 89.81% | Loss: 0.3431
[##########--------------------------------------------------] 16.7%
Elapsed: 4.3m | Avg/Round: 52.0s | Last: 52.2s | Next: 52.0s | Remaining: 21.7m
ETA: 20:01:52
Recent round times: R1: 49.1s -> R2: 52.8s -> R3: 48.1s -> R4: 53.9s -> R5: 52.2s

  0%|          | 0/79 [00:00<?, ?it/s]
  1%|▏         | 1/79 [00:00<00:11,  6.81it/s]
  8%|▊         | 6/79 [00:00<00:03, 20.81it/s]
 13%|█▎        | 10/79 [00:00<00:02, 24.94it/s]
 18%|█▊        | 14/79 [00:00<00:02, 26.38it/s]
 23%|██▎       | 18/79 [00:00<00:02, 26.94it/s]
 28%|██▊       | 22/79 [00:00<00:02, 27.70it/s]
 33%|███▎      | 26/79 [00:01<00:01, 28.14it/s]
 38%|███▊      | 30/79 [00:01<00:01, 28.50it/s]
 43%|████▎     | 34/79 [00:01<00:01, 29.46it/s]
 48%|████▊     | 38/79 [00:01<00:01, 29.45it/s]
 53%|█████▎    | 42/79 [00:01<00:01, 29.62it/s]
 58%|█████▊    | 46/79 [00:01<00:01, 30.05it/s]
 63%|██████▎   | 50/79 [00:01<00:00, 30.46it/s]
 68%|██████▊   | 54/79 [00:01<00:00, 30.69it/s]
 73%|███████▎  | 58/79 [00:02<00:00, 31.30it/s]
 78%|███████▊  | 62/79 [00:02<00:00, 32.38it/s]
 84%|████████▎ | 66/79 [00:02<00:00, 33.16it/s]
 89%|████████▊ | 70/79 [00:02<00:00, 33.30it/s]
 94%|█████████▎| 74/79 [00:02<00:00, 33.95it/s]
 99%|█████████▊| 78/79 [00:02<00:00, 34.37it/s]
100%|██████████| 79/79 [00:02<00:00, 29.78it/s]

CommRound: 6/30
Accuracy: 88.26% | Loss: 0.4156
[############------------------------------------------------] 20.0%
Elapsed: 5.1m | Avg/Round: 51.0s | Last: 46.0s | Next: 51.0s | Remaining: 20.4m
ETA: 20:01:23
Recent round times: R1: 52.8s -> R2: 48.1s -> R3: 53.9s -> R4: 52.2s -> R5: 46.0s

  0%|          | 0/79 [00:00<?, ?it/s]
  1%|▏         | 1/79 [00:00<00:15,  4.99it/s]
  6%|▋         | 5/79 [00:00<00:04, 16.48it/s]
  9%|▉         | 7/79 [00:00<00:04, 17.13it/s]
 11%|█▏        | 9/79 [00:00<00:03, 17.62it/s]
 14%|█▍        | 11/79 [00:00<00:03, 18.29it/s]
 16%|█▋        | 13/79 [00:00<00:04, 15.70it/s]
 19%|█▉        | 15/79 [00:00<00:04, 15.73it/s]
 24%|██▍       | 19/79 [00:01<00:03, 18.82it/s]
 29%|██▉       | 23/79 [00:01<00:03, 15.96it/s]
 33%|███▎      | 26/79 [00:01<00:02, 18.43it/s]
 37%|███▋      | 29/79 [00:01<00:03, 13.93it/s]
 42%|████▏     | 33/79 [00:01<00:02, 18.06it/s]
 46%|████▌     | 36/79 [00:02<00:02, 19.26it/s]
 49%|████▉     | 39/79 [00:02<00:01, 20.60it/s]
 53%|█████▎    | 42/79 [00:02<00:02, 17.85it/s]
 57%|█████▋    | 45/79 [00:02<00:01, 19.16it/s]
 61%|██████    | 48/79 [00:02<00:01, 18.21it/s]
 66%|██████▌   | 52/79 [00:02<00:01, 20.00it/s]
 70%|██████▉   | 55/79 [00:03<00:01, 19.45it/s]
 75%|███████▍  | 59/79 [00:03<00:01, 19.62it/s]
 80%|███████▉  | 63/79 [00:03<00:00, 19.75it/s]
 85%|████████▍ | 67/79 [00:03<00:00, 21.25it/s]
 89%|████████▊ | 70/79 [00:03<00:00, 22.79it/s]
 92%|█████████▏| 73/79 [00:03<00:00, 22.20it/s]
 96%|█████████▌| 76/79 [00:04<00:00, 19.64it/s]
100%|██████████| 79/79 [00:04<00:00, 21.29it/s]
100%|██████████| 79/79 [00:04<00:00, 18.67it/s]

CommRound: 7/30
Accuracy: 88.98% | Loss: 0.3975
[##############----------------------------------------------] 23.3%
Elapsed: 6.0m | Avg/Round: 51.1s | Last: 51.6s | Next: 51.1s | Remaining: 19.6m
ETA: 20:01:25
Recent round times: R1: 48.1s -> R2: 53.9s -> R3: 52.2s -> R4: 46.0s -> R5: 51.6s

  0%|          | 0/79 [00:00<?, ?it/s]
  1%|▏         | 1/79 [00:00<00:16,  4.71it/s]
  3%|▎         | 2/79 [00:00<00:14,  5.25it/s]
  4%|▍         | 3/79 [00:00<00:13,  5.76it/s]
  5%|▌         | 4/79 [00:00<00:12,  5.92it/s]
  6%|▋         | 5/79 [00:00<00:12,  6.08it/s]
  8%|▊         | 6/79 [00:01<00:12,  6.00it/s]
  9%|▉         | 7/79 [00:01<00:12,  5.94it/s]
 15%|█▌        | 12/79 [00:01<00:04, 15.20it/s]
 19%|█▉        | 15/79 [00:01<00:03, 18.50it/s]
 23%|██▎       | 18/79 [00:01<00:04, 14.63it/s]
 29%|██▉       | 23/79 [00:01<00:02, 20.14it/s]
 33%|███▎      | 26/79 [00:01<00:02, 21.52it/s]
 37%|███▋      | 29/79 [00:02<00:02, 20.07it/s]
 41%|████      | 32/79 [00:02<00:02, 21.83it/s]
 44%|████▍     | 35/79 [00:02<00:02, 20.67it/s]
 48%|████▊     | 38/79 [00:02<00:01, 21.55it/s]
 52%|█████▏    | 41/79 [00:02<00:01, 20.50it/s]
 56%|█████▌    | 44/79 [00:02<00:01, 20.65it/s]
 59%|█████▉    | 47/79 [00:02<00:01, 20.01it/s]
 63%|██████▎   | 50/79 [00:03<00:01, 21.73it/s]
 67%|██████▋   | 53/79 [00:03<00:01, 19.78it/s]
 71%|███████   | 56/79 [00:03<00:01, 21.65it/s]
 75%|███████▍  | 59/79 [00:03<00:01, 19.77it/s]
 80%|███████▉  | 63/79 [00:03<00:00, 20.43it/s]
 84%|████████▎ | 66/79 [00:03<00:00, 22.38it/s]
 87%|████████▋ | 69/79 [00:04<00:00, 20.93it/s]
 91%|█████████ | 72/79 [00:04<00:00, 16.62it/s]
 97%|█████████▋| 77/79 [00:04<00:00, 22.47it/s]
100%|██████████| 79/79 [00:04<00:00, 17.64it/s]

CommRound: 8/30
Accuracy: 89.48% | Loss: 0.3993
[################--------------------------------------------] 26.7%
Elapsed: 6.8m | Avg/Round: 51.1s | Last: 51.1s | Next: 51.1s | Remaining: 18.7m
ETA: 20:01:25
Recent round times: R1: 53.9s -> R2: 52.2s -> R3: 46.0s -> R4: 51.6s -> R5: 51.1s

  0%|          | 0/79 [00:00<?, ?it/s]
  1%|▏         | 1/79 [00:00<00:15,  4.91it/s]
  5%|▌         | 4/79 [00:00<00:07, 10.61it/s]
 11%|█▏        | 9/79 [00:00<00:03, 21.95it/s]
 15%|█▌        | 12/79 [00:00<00:03, 19.62it/s]
 19%|█▉        | 15/79 [00:00<00:03, 19.44it/s]
 23%|██▎       | 18/79 [00:01<00:03, 18.38it/s]
 27%|██▋       | 21/79 [00:01<00:02, 20.16it/s]
 30%|███       | 24/79 [00:01<00:02, 19.86it/s]
 34%|███▍      | 27/79 [00:01<00:03, 15.53it/s]
 41%|████      | 32/79 [00:01<00:02, 20.46it/s]
 44%|████▍     | 35/79 [00:01<00:02, 20.88it/s]
 48%|████▊     | 38/79 [00:02<00:02, 16.11it/s]
 51%|█████     | 40/79 [00:02<00:03, 12.43it/s]
 53%|█████▎    | 42/79 [00:02<00:03, 12.01it/s]
 59%|█████▉    | 47/79 [00:02<00:01, 17.94it/s]
 63%|██████▎   | 50/79 [00:02<00:01, 18.18it/s]
 67%|██████▋   | 53/79 [00:03<00:01, 18.75it/s]
 71%|███████   | 56/79 [00:03<00:01, 18.89it/s]
 75%|███████▍  | 59/79 [00:03<00:01, 19.13it/s]
 78%|███████▊  | 62/79 [00:03<00:00, 18.93it/s]
 82%|████████▏ | 65/79 [00:03<00:00, 19.07it/s]
 85%|████████▍ | 67/79 [00:03<00:00, 19.17it/s]
 89%|████████▊ | 70/79 [00:03<00:00, 19.46it/s]
 91%|█████████ | 72/79 [00:04<00:00, 19.25it/s]
 95%|█████████▍| 75/79 [00:04<00:00, 20.54it/s]
 99%|█████████▊| 78/79 [00:04<00:00, 21.89it/s]
100%|██████████| 79/79 [00:04<00:00, 18.26it/s]

CommRound: 9/30
Accuracy: 89.57% | Loss: 0.4153
[##################------------------------------------------] 30.0%
Elapsed: 7.6m | Avg/Round: 50.7s | Last: 47.8s | Next: 50.7s | Remaining: 17.8m
ETA: 20:01:14
Recent round times: R1: 52.2s -> R2: 46.0s -> R3: 51.6s -> R4: 51.1s -> R5: 47.8s

  0%|          | 0/79 [00:00<?, ?it/s]
  1%|▏         | 1/79 [00:00<00:11,  6.98it/s]
  9%|▉         | 7/79 [00:00<00:02, 26.61it/s]
 14%|█▍        | 11/79 [00:00<00:02, 29.88it/s]
 19%|█▉        | 15/79 [00:00<00:02, 31.58it/s]
 24%|██▍       | 19/79 [00:00<00:01, 32.54it/s]
 29%|██▉       | 23/79 [00:00<00:01, 33.40it/s]
 34%|███▍      | 27/79 [00:00<00:01, 33.07it/s]
 39%|███▉      | 31/79 [00:00<00:01, 34.60it/s]
 44%|████▍     | 35/79 [00:01<00:01, 34.93it/s]
 49%|████▉     | 39/79 [00:01<00:01, 35.01it/s]
 54%|█████▍    | 43/79 [00:01<00:01, 34.36it/s]
 59%|█████▉    | 47/79 [00:01<00:00, 33.77it/s]
 65%|██████▍   | 51/79 [00:01<00:00, 32.09it/s]
 70%|██████▉   | 55/79 [00:01<00:00, 30.26it/s]
 75%|███████▍  | 59/79 [00:01<00:00, 28.63it/s]
 80%|███████▉  | 63/79 [00:02<00:00, 27.47it/s]
 85%|████████▍ | 67/79 [00:02<00:00, 28.56it/s]
 90%|████████▉ | 71/79 [00:02<00:00, 30.30it/s]
 95%|█████████▍| 75/79 [00:02<00:00, 31.54it/s]
100%|██████████| 79/79 [00:02<00:00, 31.46it/s]

CommRound: 10/30
Accuracy: 88.82% | Loss: 0.4646
[####################----------------------------------------] 33.3%
Elapsed: 8.4m | Avg/Round: 50.1s | Last: 44.9s | Next: 50.1s | Remaining: 16.7m
ETA: 20:00:57
Recent round times: R1: 46.0s -> R2: 51.6s -> R3: 51.1s -> R4: 47.8s -> R5: 44.9s
EARLY_STOP: round=10; best_acc=89.81; current_acc=88.82; threshold=90.00; patience=5; reason=converged_below_target
Total time for experiment: 501.4894449710846 seconds
Device average training time per communication round [s]:
    rpi (sld-rpi-09.ece.utexas.edu): 5.93 seconds
    mc1 (sld-mc1-09.ece.utexas.edu): 45.48 seconds
