
  0%|          | 0/79 [00:00<?, ?it/s]
  1%|▏         | 1/79 [00:00<00:07,  9.97it/s]
  6%|▋         | 5/79 [00:00<00:02, 27.16it/s]
 11%|█▏        | 9/79 [00:00<00:02, 31.40it/s]
 16%|█▋        | 13/79 [00:00<00:01, 33.23it/s]
 22%|██▏       | 17/79 [00:00<00:01, 33.66it/s]
 27%|██▋       | 21/79 [00:00<00:01, 34.62it/s]
 32%|███▏      | 25/79 [00:00<00:01, 35.70it/s]
 37%|███▋      | 29/79 [00:00<00:01, 36.42it/s]
 42%|████▏     | 33/79 [00:00<00:01, 36.97it/s]
 47%|████▋     | 37/79 [00:01<00:01, 37.14it/s]
 52%|█████▏    | 41/79 [00:01<00:01, 36.77it/s]
 57%|█████▋    | 45/79 [00:01<00:00, 36.48it/s]
 62%|██████▏   | 49/79 [00:01<00:00, 36.53it/s]
 67%|██████▋   | 53/79 [00:01<00:00, 36.56it/s]
 72%|███████▏  | 57/79 [00:01<00:00, 36.79it/s]
 77%|███████▋  | 61/79 [00:01<00:00, 37.13it/s]
 82%|████████▏ | 65/79 [00:01<00:00, 37.11it/s]
 87%|████████▋ | 69/79 [00:01<00:00, 36.99it/s]
 92%|█████████▏| 73/79 [00:02<00:00, 36.73it/s]
 97%|█████████▋| 77/79 [00:02<00:00, 36.32it/s]
100%|██████████| 79/79 [00:02<00:00, 35.58it/s]
Initial Accuracy: 9.48%; Initial Loss: 2.3109

  0%|          | 0/79 [00:00<?, ?it/s]
  1%|▏         | 1/79 [00:00<00:08,  8.79it/s]
  6%|▋         | 5/79 [00:00<00:03, 21.19it/s]
 11%|█▏        | 9/79 [00:00<00:02, 23.54it/s]
 16%|█▋        | 13/79 [00:00<00:02, 25.03it/s]
 22%|██▏       | 17/79 [00:00<00:02, 27.81it/s]
 27%|██▋       | 21/79 [00:00<00:01, 30.00it/s]
 32%|███▏      | 25/79 [00:00<00:01, 32.18it/s]
 37%|███▋      | 29/79 [00:01<00:01, 31.34it/s]
 42%|████▏     | 33/79 [00:01<00:01, 30.89it/s]
 47%|████▋     | 37/79 [00:01<00:01, 32.25it/s]
 52%|█████▏    | 41/79 [00:01<00:01, 33.47it/s]
 57%|█████▋    | 45/79 [00:01<00:01, 32.61it/s]
 62%|██████▏   | 49/79 [00:01<00:00, 32.60it/s]
 67%|██████▋   | 53/79 [00:01<00:00, 32.09it/s]
 72%|███████▏  | 57/79 [00:01<00:00, 30.84it/s]
 77%|███████▋  | 61/79 [00:02<00:00, 30.13it/s]
 82%|████████▏ | 65/79 [00:02<00:00, 28.82it/s]
 86%|████████▌ | 68/79 [00:02<00:00, 27.70it/s]
 91%|█████████ | 72/79 [00:02<00:00, 28.27it/s]
 95%|█████████▍| 75/79 [00:02<00:00, 28.01it/s]
100%|██████████| 79/79 [00:02<00:00, 29.43it/s]

CommRound: 1/30
Accuracy: 55.19% | Loss: 1.3550
[##----------------------------------------------------------] 3.3%
Elapsed: 0.2m | Avg/Round: 12.2s | Last: 10.0s | Next: 12.2s | Remaining: 5.9m
ETA: 06:15:03
Recent round times: R1: 10.0s

  0%|          | 0/79 [00:00<?, ?it/s]
  1%|▏         | 1/79 [00:00<00:09,  8.06it/s]
  9%|▉         | 7/79 [00:00<00:02, 29.21it/s]
 14%|█▍        | 11/79 [00:00<00:02, 31.94it/s]
 19%|█▉        | 15/79 [00:00<00:01, 33.47it/s]
 24%|██▍       | 19/79 [00:00<00:01, 34.52it/s]
 29%|██▉       | 23/79 [00:00<00:01, 35.26it/s]
 34%|███▍      | 27/79 [00:00<00:01, 35.71it/s]
 39%|███▉      | 31/79 [00:00<00:01, 35.88it/s]
 44%|████▍     | 35/79 [00:01<00:01, 35.83it/s]
 49%|████▉     | 39/79 [00:01<00:01, 36.22it/s]
 54%|█████▍    | 43/79 [00:01<00:00, 36.60it/s]
 59%|█████▉    | 47/79 [00:01<00:00, 36.67it/s]
 65%|██████▍   | 51/79 [00:01<00:00, 36.61it/s]
 70%|██████▉   | 55/79 [00:01<00:00, 36.52it/s]
 75%|███████▍  | 59/79 [00:01<00:00, 36.20it/s]
 80%|███████▉  | 63/79 [00:01<00:00, 36.14it/s]
 85%|████████▍ | 67/79 [00:01<00:00, 36.08it/s]
 90%|████████▉ | 71/79 [00:02<00:00, 36.29it/s]
 95%|█████████▍| 75/79 [00:02<00:00, 36.03it/s]
100%|██████████| 79/79 [00:02<00:00, 35.58it/s]

CommRound: 2/30
Accuracy: 68.85% | Loss: 0.8666
[####--------------------------------------------------------] 6.7%
Elapsed: 0.4m | Avg/Round: 10.7s | Last: 9.3s | Next: 10.7s | Remaining: 5.0m
ETA: 06:14:19
Recent round times: R1: 10.0s -> R2: 9.3s

  0%|          | 0/79 [00:00<?, ?it/s]
  1%|▏         | 1/79 [00:00<00:09,  8.52it/s]
  9%|▉         | 7/79 [00:00<00:02, 29.93it/s]
 13%|█▎        | 10/79 [00:00<00:02, 28.65it/s]
 16%|█▋        | 13/79 [00:00<00:02, 28.62it/s]
 20%|██        | 16/79 [00:00<00:02, 27.36it/s]
 24%|██▍       | 19/79 [00:00<00:02, 27.92it/s]
 28%|██▊       | 22/79 [00:00<00:02, 25.75it/s]
 33%|███▎      | 26/79 [00:00<00:01, 28.11it/s]
 38%|███▊      | 30/79 [00:01<00:01, 30.26it/s]
 43%|████▎     | 34/79 [00:01<00:01, 31.55it/s]
 48%|████▊     | 38/79 [00:01<00:01, 32.46it/s]
 53%|█████▎    | 42/79 [00:01<00:01, 32.19it/s]
 58%|█████▊    | 46/79 [00:01<00:01, 31.88it/s]
 63%|██████▎   | 50/79 [00:01<00:00, 31.79it/s]
 68%|██████▊   | 54/79 [00:01<00:00, 29.65it/s]
 73%|███████▎  | 58/79 [00:02<00:00, 27.13it/s]
 78%|███████▊  | 62/79 [00:02<00:00, 27.25it/s]
 84%|████████▎ | 66/79 [00:02<00:00, 25.80it/s]
 89%|████████▊ | 70/79 [00:02<00:00, 26.87it/s]
 94%|█████████▎| 74/79 [00:02<00:00, 29.11it/s]
 99%|█████████▊| 78/79 [00:02<00:00, 31.06it/s]
100%|██████████| 79/79 [00:02<00:00, 29.19it/s]

CommRound: 3/30
Accuracy: 73.68% | Loss: 0.7761
[######------------------------------------------------------] 10.0%
Elapsed: 0.5m | Avg/Round: 10.5s | Last: 9.9s | Next: 10.5s | Remaining: 4.7m
ETA: 06:14:11
Recent round times: R1: 10.0s -> R2: 9.3s -> R3: 9.9s

  0%|          | 0/79 [00:00<?, ?it/s]
  1%|▏         | 1/79 [00:00<00:08,  9.06it/s]
  8%|▊         | 6/79 [00:00<00:02, 26.31it/s]
 13%|█▎        | 10/79 [00:00<00:02, 30.14it/s]
 18%|█▊        | 14/79 [00:00<00:02, 31.24it/s]
 23%|██▎       | 18/79 [00:00<00:02, 30.40it/s]
 28%|██▊       | 22/79 [00:00<00:01, 29.38it/s]
 32%|███▏      | 25/79 [00:00<00:01, 29.09it/s]
 35%|███▌      | 28/79 [00:00<00:01, 28.14it/s]
 39%|███▉      | 31/79 [00:01<00:01, 27.48it/s]
 43%|████▎     | 34/79 [00:01<00:01, 25.90it/s]
 47%|████▋     | 37/79 [00:01<00:01, 26.16it/s]
 51%|█████     | 40/79 [00:01<00:01, 25.23it/s]
 54%|█████▍    | 43/79 [00:01<00:01, 24.91it/s]
 58%|█████▊    | 46/79 [00:01<00:01, 23.09it/s]
 62%|██████▏   | 49/79 [00:01<00:01, 24.37it/s]
 66%|██████▌   | 52/79 [00:01<00:01, 24.08it/s]
 70%|██████▉   | 55/79 [00:02<00:00, 24.42it/s]
 73%|███████▎  | 58/79 [00:02<00:00, 24.49it/s]
 77%|███████▋  | 61/79 [00:02<00:00, 24.55it/s]
 81%|████████  | 64/79 [00:02<00:00, 23.64it/s]
 85%|████████▍ | 67/79 [00:02<00:00, 24.61it/s]
 89%|████████▊ | 70/79 [00:02<00:00, 23.92it/s]
 92%|█████████▏| 73/79 [00:02<00:00, 24.09it/s]
 96%|█████████▌| 76/79 [00:02<00:00, 23.82it/s]
100%|██████████| 79/79 [00:03<00:00, 25.69it/s]

CommRound: 4/30
Accuracy: 79.04% | Loss: 0.6401
[########----------------------------------------------------] 13.3%
Elapsed: 0.7m | Avg/Round: 10.5s | Last: 10.5s | Next: 10.5s | Remaining: 4.5m
ETA: 06:14:11
Recent round times: R1: 10.0s -> R2: 9.3s -> R3: 9.9s -> R4: 10.5s

  0%|          | 0/79 [00:00<?, ?it/s]
  1%|▏         | 1/79 [00:00<00:12,  6.45it/s]
  6%|▋         | 5/79 [00:00<00:03, 18.58it/s]
 11%|█▏        | 9/79 [00:00<00:03, 21.37it/s]
 16%|█▋        | 13/79 [00:00<00:02, 22.68it/s]
 22%|██▏       | 17/79 [00:00<00:02, 25.88it/s]
 27%|██▋       | 21/79 [00:00<00:02, 28.91it/s]
 32%|███▏      | 25/79 [00:00<00:01, 30.87it/s]
 37%|███▋      | 29/79 [00:01<00:01, 30.56it/s]
 42%|████▏     | 33/79 [00:01<00:01, 30.42it/s]
 47%|████▋     | 37/79 [00:01<00:01, 32.17it/s]
 52%|█████▏    | 41/79 [00:01<00:01, 33.31it/s]
 57%|█████▋    | 45/79 [00:01<00:00, 34.35it/s]
 62%|██████▏   | 49/79 [00:01<00:00, 34.21it/s]
 67%|██████▋   | 53/79 [00:01<00:00, 34.08it/s]
 72%|███████▏  | 57/79 [00:01<00:00, 34.58it/s]
 77%|███████▋  | 61/79 [00:02<00:00, 34.99it/s]
 82%|████████▏ | 65/79 [00:02<00:00, 34.77it/s]
 87%|████████▋ | 69/79 [00:02<00:00, 35.19it/s]
 92%|█████████▏| 73/79 [00:02<00:00, 35.29it/s]
 97%|█████████▋| 77/79 [00:02<00:00, 35.55it/s]
100%|██████████| 79/79 [00:02<00:00, 30.95it/s]

CommRound: 5/30
Accuracy: 80.95% | Loss: 0.6022
[##########--------------------------------------------------] 16.7%
Elapsed: 0.9m | Avg/Round: 10.4s | Last: 9.8s | Next: 10.4s | Remaining: 4.3m
ETA: 06:14:07
Recent round times: R1: 10.0s -> R2: 9.3s -> R3: 9.9s -> R4: 10.5s -> R5: 9.8s

  0%|          | 0/79 [00:00<?, ?it/s]
  1%|▏         | 1/79 [00:00<00:09,  7.93it/s]
  9%|▉         | 7/79 [00:00<00:02, 29.25it/s]
 14%|█▍        | 11/79 [00:00<00:02, 32.06it/s]
 19%|█▉        | 15/79 [00:00<00:01, 32.75it/s]
 24%|██▍       | 19/79 [00:00<00:01, 34.46it/s]
 29%|██▉       | 23/79 [00:00<00:01, 35.19it/s]
 34%|███▍      | 27/79 [00:00<00:01, 35.68it/s]
 39%|███▉      | 31/79 [00:00<00:01, 35.92it/s]
 44%|████▍     | 35/79 [00:01<00:01, 36.16it/s]
 49%|████▉     | 39/79 [00:01<00:01, 35.42it/s]
 54%|█████▍    | 43/79 [00:01<00:01, 35.41it/s]
 59%|█████▉    | 47/79 [00:01<00:00, 35.25it/s]
 65%|██████▍   | 51/79 [00:01<00:00, 35.06it/s]
 70%|██████▉   | 55/79 [00:01<00:00, 35.12it/s]
 75%|███████▍  | 59/79 [00:01<00:00, 34.84it/s]
 80%|███████▉  | 63/79 [00:01<00:00, 34.55it/s]
 85%|████████▍ | 67/79 [00:01<00:00, 34.09it/s]
 90%|████████▉ | 71/79 [00:02<00:00, 33.71it/s]
 95%|█████████▍| 75/79 [00:02<00:00, 27.85it/s]
 99%|█████████▊| 78/79 [00:02<00:00, 28.01it/s]
100%|██████████| 79/79 [00:02<00:00, 32.51it/s]

CommRound: 6/30
Accuracy: 82.17% | Loss: 0.5824
[############------------------------------------------------] 20.0%
Elapsed: 1.0m | Avg/Round: 10.3s | Last: 9.8s | Next: 10.3s | Remaining: 4.1m
ETA: 06:14:04
Recent round times: R1: 9.3s -> R2: 9.9s -> R3: 10.5s -> R4: 9.8s -> R5: 9.8s

  0%|          | 0/79 [00:00<?, ?it/s]
  1%|▏         | 1/79 [00:00<00:11,  6.75it/s]
  9%|▉         | 7/79 [00:00<00:02, 27.21it/s]
 14%|█▍        | 11/79 [00:00<00:02, 23.21it/s]
 18%|█▊        | 14/79 [00:00<00:02, 23.50it/s]
 22%|██▏       | 17/79 [00:00<00:02, 21.87it/s]
 27%|██▋       | 21/79 [00:00<00:02, 25.77it/s]
 32%|███▏      | 25/79 [00:00<00:01, 28.71it/s]
 37%|███▋      | 29/79 [00:01<00:01, 30.88it/s]
 42%|████▏     | 33/79 [00:01<00:01, 31.72it/s]
 47%|████▋     | 37/79 [00:01<00:01, 33.49it/s]
 52%|█████▏    | 41/79 [00:01<00:01, 34.19it/s]
 57%|█████▋    | 45/79 [00:01<00:00, 34.68it/s]
 62%|██████▏   | 49/79 [00:01<00:00, 31.23it/s]
 67%|██████▋   | 53/79 [00:01<00:00, 32.36it/s]
 72%|███████▏  | 57/79 [00:01<00:00, 32.71it/s]
 77%|███████▋  | 61/79 [00:02<00:00, 33.10it/s]
 82%|████████▏ | 65/79 [00:02<00:00, 33.17it/s]
 87%|████████▋ | 69/79 [00:02<00:00, 33.94it/s]
 92%|█████████▏| 73/79 [00:02<00:00, 34.28it/s]
 97%|█████████▋| 77/79 [00:02<00:00, 34.25it/s]
100%|██████████| 79/79 [00:02<00:00, 30.88it/s]

CommRound: 7/30
Accuracy: 83.72% | Loss: 0.5275
[##############----------------------------------------------] 23.3%
Elapsed: 1.2m | Avg/Round: 10.2s | Last: 9.7s | Next: 10.2s | Remaining: 3.9m
ETA: 06:14:02
Recent round times: R1: 9.9s -> R2: 10.5s -> R3: 9.8s -> R4: 9.8s -> R5: 9.7s

  0%|          | 0/79 [00:00<?, ?it/s]
  1%|▏         | 1/79 [00:00<00:09,  8.34it/s]
  8%|▊         | 6/79 [00:00<00:02, 30.00it/s]
 13%|█▎        | 10/79 [00:00<00:02, 33.15it/s]
 18%|█▊        | 14/79 [00:00<00:01, 34.52it/s]
 23%|██▎       | 18/79 [00:00<00:01, 34.27it/s]
 28%|██▊       | 22/79 [00:00<00:01, 35.70it/s]
 33%|███▎      | 26/79 [00:00<00:01, 35.22it/s]
 38%|███▊      | 30/79 [00:00<00:01, 35.86it/s]
 43%|████▎     | 34/79 [00:00<00:01, 36.05it/s]
 48%|████▊     | 38/79 [00:01<00:01, 36.34it/s]
 53%|█████▎    | 42/79 [00:01<00:01, 36.36it/s]
 58%|█████▊    | 46/79 [00:01<00:00, 36.54it/s]
 63%|██████▎   | 50/79 [00:01<00:00, 36.62it/s]
 68%|██████▊   | 54/79 [00:01<00:00, 36.66it/s]
 73%|███████▎  | 58/79 [00:01<00:00, 35.88it/s]
 78%|███████▊  | 62/79 [00:01<00:00, 36.24it/s]
 84%|████████▎ | 66/79 [00:01<00:00, 36.13it/s]
 89%|████████▊ | 70/79 [00:01<00:00, 36.46it/s]
 94%|█████████▎| 74/79 [00:02<00:00, 36.52it/s]
 99%|█████████▊| 78/79 [00:02<00:00, 36.31it/s]
100%|██████████| 79/79 [00:02<00:00, 35.37it/s]

CommRound: 8/30
Accuracy: 83.66% | Loss: 0.5394
[################--------------------------------------------] 26.7%
Elapsed: 1.3m | Avg/Round: 10.1s | Last: 9.7s | Next: 10.1s | Remaining: 3.7m
ETA: 06:14:00
Recent round times: R1: 10.5s -> R2: 9.8s -> R3: 9.8s -> R4: 9.7s -> R5: 9.7s

  0%|          | 0/79 [00:00<?, ?it/s]
  1%|▏         | 1/79 [00:00<00:11,  7.04it/s]
  6%|▋         | 5/79 [00:00<00:03, 19.87it/s]
 11%|█▏        | 9/79 [00:00<00:03, 21.83it/s]
 16%|█▋        | 13/79 [00:00<00:02, 22.62it/s]
 22%|██▏       | 17/79 [00:00<00:02, 23.42it/s]
 25%|██▌       | 20/79 [00:00<00:02, 24.83it/s]
 29%|██▉       | 23/79 [00:01<00:02, 23.83it/s]
 34%|███▍      | 27/79 [00:01<00:02, 24.22it/s]
 39%|███▉      | 31/79 [00:01<00:01, 25.61it/s]
 43%|████▎     | 34/79 [00:01<00:01, 26.47it/s]
 48%|████▊     | 38/79 [00:01<00:01, 29.11it/s]
 53%|█████▎    | 42/79 [00:01<00:01, 30.32it/s]
 58%|█████▊    | 46/79 [00:01<00:01, 31.74it/s]
 63%|██████▎   | 50/79 [00:01<00:00, 32.61it/s]
 68%|██████▊   | 54/79 [00:01<00:00, 34.25it/s]
 73%|███████▎  | 58/79 [00:02<00:00, 35.07it/s]
 78%|███████▊  | 62/79 [00:02<00:00, 35.51it/s]
 84%|████████▎ | 66/79 [00:02<00:00, 36.02it/s]
 89%|████████▊ | 70/79 [00:02<00:00, 36.37it/s]
 94%|█████████▎| 74/79 [00:02<00:00, 36.64it/s]
 99%|█████████▊| 78/79 [00:02<00:00, 36.89it/s]
100%|██████████| 79/79 [00:02<00:00, 29.68it/s]

CommRound: 9/30
Accuracy: 85.68% | Loss: 0.4777
[##################------------------------------------------] 30.0%
Elapsed: 1.5m | Avg/Round: 10.1s | Last: 9.9s | Next: 10.1s | Remaining: 3.5m
ETA: 06:13:59
Recent round times: R1: 9.8s -> R2: 9.8s -> R3: 9.7s -> R4: 9.7s -> R5: 9.9s

  0%|          | 0/79 [00:00<?, ?it/s]
  1%|▏         | 1/79 [00:00<00:10,  7.76it/s]
  6%|▋         | 5/79 [00:00<00:04, 17.18it/s]
 11%|█▏        | 9/79 [00:00<00:03, 20.69it/s]
 16%|█▋        | 13/79 [00:00<00:02, 22.75it/s]
 22%|██▏       | 17/79 [00:00<00:02, 24.11it/s]
 27%|██▋       | 21/79 [00:00<00:02, 24.95it/s]
 32%|███▏      | 25/79 [00:01<00:02, 26.14it/s]
 37%|███▋      | 29/79 [00:01<00:01, 26.79it/s]
 42%|████▏     | 33/79 [00:01<00:01, 27.50it/s]
 47%|████▋     | 37/79 [00:01<00:01, 27.60it/s]
 52%|█████▏    | 41/79 [00:01<00:01, 27.76it/s]
 57%|█████▋    | 45/79 [00:01<00:01, 28.22it/s]
 62%|██████▏   | 49/79 [00:01<00:01, 28.25it/s]
 67%|██████▋   | 53/79 [00:02<00:00, 28.53it/s]
 72%|███████▏  | 57/79 [00:02<00:00, 28.56it/s]
 77%|███████▋  | 61/79 [00:02<00:00, 28.85it/s]
 82%|████████▏ | 65/79 [00:02<00:00, 28.96it/s]
 87%|████████▋ | 69/79 [00:02<00:00, 29.21it/s]
 92%|█████████▏| 73/79 [00:02<00:00, 29.34it/s]
 97%|█████████▋| 77/79 [00:02<00:00, 29.44it/s]
100%|██████████| 79/79 [00:02<00:00, 27.38it/s]

CommRound: 10/30
Accuracy: 85.60% | Loss: 0.4780
[####################----------------------------------------] 33.3%
Elapsed: 1.7m | Avg/Round: 10.1s | Last: 10.1s | Next: 10.1s | Remaining: 3.4m
ETA: 06:13:59
Recent round times: R1: 9.8s -> R2: 9.7s -> R3: 9.7s -> R4: 9.9s -> R5: 10.1s

  0%|          | 0/79 [00:00<?, ?it/s]
  1%|▏         | 1/79 [00:00<00:12,  6.39it/s]
  6%|▋         | 5/79 [00:00<00:03, 18.99it/s]
 11%|█▏        | 9/79 [00:00<00:03, 22.11it/s]
 16%|█▋        | 13/79 [00:00<00:02, 23.23it/s]
 22%|██▏       | 17/79 [00:00<00:02, 23.51it/s]
 27%|██▋       | 21/79 [00:00<00:02, 23.99it/s]
 32%|███▏      | 25/79 [00:01<00:02, 24.85it/s]
 37%|███▋      | 29/79 [00:01<00:01, 27.51it/s]
 42%|████▏     | 33/79 [00:01<00:01, 29.83it/s]
 47%|████▋     | 37/79 [00:01<00:01, 31.54it/s]
 52%|█████▏    | 41/79 [00:01<00:01, 33.00it/s]
 57%|█████▋    | 45/79 [00:01<00:01, 33.73it/s]
 62%|██████▏   | 49/79 [00:01<00:00, 34.53it/s]
 67%|██████▋   | 53/79 [00:01<00:00, 34.90it/s]
 72%|███████▏  | 57/79 [00:01<00:00, 34.92it/s]
 77%|███████▋  | 61/79 [00:02<00:00, 35.05it/s]
 82%|████████▏ | 65/79 [00:02<00:00, 35.80it/s]
 87%|████████▋ | 69/79 [00:02<00:00, 36.28it/s]
 92%|█████████▏| 73/79 [00:02<00:00, 36.53it/s]
 97%|█████████▋| 77/79 [00:02<00:00, 36.47it/s]
100%|██████████| 79/79 [00:02<00:00, 30.94it/s]

CommRound: 11/30
Accuracy: 85.14% | Loss: 0.4898
[######################--------------------------------------] 36.7%
Elapsed: 1.8m | Avg/Round: 10.1s | Last: 9.9s | Next: 10.1s | Remaining: 3.2m
ETA: 06:13:59
Recent round times: R1: 9.7s -> R2: 9.7s -> R3: 9.9s -> R4: 10.1s -> R5: 9.9s

  0%|          | 0/79 [00:00<?, ?it/s]
  1%|▏         | 1/79 [00:00<00:09,  8.66it/s]
  6%|▋         | 5/79 [00:00<00:03, 21.24it/s]
 11%|█▏        | 9/79 [00:00<00:03, 22.73it/s]
 16%|█▋        | 13/79 [00:00<00:02, 23.50it/s]
 22%|██▏       | 17/79 [00:00<00:02, 23.37it/s]
 27%|██▋       | 21/79 [00:00<00:02, 24.55it/s]
 32%|███▏      | 25/79 [00:01<00:02, 25.39it/s]
 37%|███▋      | 29/79 [00:01<00:01, 25.26it/s]
 42%|████▏     | 33/79 [00:01<00:01, 25.61it/s]
 47%|████▋     | 37/79 [00:01<00:01, 26.33it/s]
 51%|█████     | 40/79 [00:01<00:01, 27.10it/s]
 54%|█████▍    | 43/79 [00:01<00:01, 26.45it/s]
 58%|█████▊    | 46/79 [00:01<00:01, 27.31it/s]
 62%|██████▏   | 49/79 [00:01<00:01, 26.95it/s]
 67%|██████▋   | 53/79 [00:02<00:00, 27.06it/s]
 71%|███████   | 56/79 [00:02<00:00, 27.52it/s]
 75%|███████▍  | 59/79 [00:02<00:00, 27.39it/s]
 78%|███████▊  | 62/79 [00:02<00:00, 27.74it/s]
 82%|████████▏ | 65/79 [00:02<00:00, 27.71it/s]
 86%|████████▌ | 68/79 [00:02<00:00, 27.70it/s]
 90%|████████▉ | 71/79 [00:02<00:00, 27.43it/s]
 94%|█████████▎| 74/79 [00:02<00:00, 27.79it/s]
 99%|█████████▊| 78/79 [00:02<00:00, 30.10it/s]
100%|██████████| 79/79 [00:02<00:00, 26.49it/s]

CommRound: 12/30
Accuracy: 85.62% | Loss: 0.4745
[########################------------------------------------] 40.0%
Elapsed: 2.0m | Avg/Round: 10.1s | Last: 10.4s | Next: 10.1s | Remaining: 3.0m
ETA: 06:14:00
Recent round times: R1: 9.7s -> R2: 9.9s -> R3: 10.1s -> R4: 9.9s -> R5: 10.4s

  0%|          | 0/79 [00:00<?, ?it/s]
  1%|▏         | 1/79 [00:00<00:12,  6.39it/s]
  8%|▊         | 6/79 [00:00<00:02, 27.04it/s]
 13%|█▎        | 10/79 [00:00<00:02, 30.63it/s]
 18%|█▊        | 14/79 [00:00<00:02, 32.42it/s]
 23%|██▎       | 18/79 [00:00<00:01, 32.90it/s]
 28%|██▊       | 22/79 [00:00<00:01, 33.14it/s]
 33%|███▎      | 26/79 [00:00<00:01, 33.63it/s]
 38%|███▊      | 30/79 [00:00<00:01, 32.16it/s]
 44%|████▍     | 35/79 [00:01<00:01, 32.57it/s]
 49%|████▉     | 39/79 [00:01<00:01, 33.17it/s]
 54%|█████▍    | 43/79 [00:01<00:01, 31.59it/s]
 59%|█████▉    | 47/79 [00:01<00:01, 29.05it/s]
 65%|██████▍   | 51/79 [00:01<00:00, 30.21it/s]
 70%|██████▉   | 55/79 [00:01<00:00, 31.83it/s]
 75%|███████▍  | 59/79 [00:01<00:00, 33.09it/s]
 80%|███████▉  | 63/79 [00:01<00:00, 33.93it/s]
 85%|████████▍ | 67/79 [00:02<00:00, 34.40it/s]
 90%|████████▉ | 71/79 [00:02<00:00, 35.08it/s]
 95%|█████████▍| 75/79 [00:02<00:00, 34.00it/s]
100%|██████████| 79/79 [00:02<00:00, 32.48it/s]

CommRound: 13/30
Accuracy: 86.31% | Loss: 0.4556
[##########################----------------------------------] 43.3%
Elapsed: 2.2m | Avg/Round: 10.1s | Last: 9.8s | Next: 10.1s | Remaining: 2.9m
ETA: 06:13:59
Recent round times: R1: 9.9s -> R2: 10.1s -> R3: 9.9s -> R4: 10.4s -> R5: 9.8s

  0%|          | 0/79 [00:00<?, ?it/s]
  1%|▏         | 1/79 [00:00<00:12,  6.43it/s]
  6%|▋         | 5/79 [00:00<00:03, 21.59it/s]
 11%|█▏        | 9/79 [00:00<00:02, 27.60it/s]
 16%|█▋        | 13/79 [00:00<00:02, 30.51it/s]
 22%|██▏       | 17/79 [00:00<00:01, 32.82it/s]
 27%|██▋       | 21/79 [00:00<00:01, 34.15it/s]
 32%|███▏      | 25/79 [00:00<00:01, 35.01it/s]
 37%|███▋      | 29/79 [00:00<00:01, 34.81it/s]
 42%|████▏     | 33/79 [00:01<00:01, 36.09it/s]
 47%|████▋     | 37/79 [00:01<00:01, 36.36it/s]
 52%|█████▏    | 41/79 [00:01<00:01, 36.57it/s]
 57%|█████▋    | 45/79 [00:01<00:00, 36.83it/s]
 62%|██████▏   | 49/79 [00:01<00:00, 36.76it/s]
 67%|██████▋   | 53/79 [00:01<00:00, 31.90it/s]
 72%|███████▏  | 57/79 [00:01<00:00, 29.74it/s]
 77%|███████▋  | 61/79 [00:01<00:00, 28.42it/s]
 82%|████████▏ | 65/79 [00:02<00:00, 27.28it/s]
 87%|████████▋ | 69/79 [00:02<00:00, 26.93it/s]
 92%|█████████▏| 73/79 [00:02<00:00, 26.54it/s]
 97%|█████████▋| 77/79 [00:02<00:00, 26.11it/s]
100%|██████████| 79/79 [00:02<00:00, 30.44it/s]

CommRound: 14/30
Accuracy: 86.81% | Loss: 0.4377
[############################--------------------------------] 46.7%
Elapsed: 2.4m | Avg/Round: 10.1s | Last: 10.0s | Next: 10.1s | Remaining: 2.7m
ETA: 06:13:58
Recent round times: R1: 10.1s -> R2: 9.9s -> R3: 10.4s -> R4: 9.8s -> R5: 10.0s

  0%|          | 0/79 [00:00<?, ?it/s]
  1%|▏         | 1/79 [00:00<00:09,  8.21it/s]
  8%|▊         | 6/79 [00:00<00:02, 30.39it/s]
 13%|█▎        | 10/79 [00:00<00:02, 32.19it/s]
 18%|█▊        | 14/79 [00:00<00:02, 32.29it/s]
 23%|██▎       | 18/79 [00:00<00:01, 34.01it/s]
 28%|██▊       | 22/79 [00:00<00:01, 34.37it/s]
 33%|███▎      | 26/79 [00:00<00:01, 34.50it/s]
 38%|███▊      | 30/79 [00:00<00:01, 34.51it/s]
 43%|████▎     | 34/79 [00:01<00:01, 34.68it/s]
 48%|████▊     | 38/79 [00:01<00:01, 34.93it/s]
 53%|█████▎    | 42/79 [00:01<00:01, 35.07it/s]
 58%|█████▊    | 46/79 [00:01<00:00, 34.93it/s]
 63%|██████▎   | 50/79 [00:01<00:00, 35.04it/s]
 68%|██████▊   | 54/79 [00:01<00:00, 33.12it/s]
 73%|███████▎  | 58/79 [00:01<00:00, 32.03it/s]
 78%|███████▊  | 62/79 [00:01<00:00, 33.24it/s]
 84%|████████▎ | 66/79 [00:01<00:00, 33.99it/s]
 89%|████████▊ | 70/79 [00:02<00:00, 34.58it/s]
 94%|█████████▎| 74/79 [00:02<00:00, 35.05it/s]
 99%|█████████▊| 78/79 [00:02<00:00, 34.89it/s]
100%|██████████| 79/79 [00:02<00:00, 33.82it/s]

CommRound: 15/30
Accuracy: 87.30% | Loss: 0.4231
[##############################------------------------------] 50.0%
Elapsed: 2.5m | Avg/Round: 10.0s | Last: 9.5s | Next: 10.0s | Remaining: 2.5m
ETA: 06:13:57
Recent round times: R1: 9.9s -> R2: 10.4s -> R3: 9.8s -> R4: 10.0s -> R5: 9.5s

  0%|          | 0/79 [00:00<?, ?it/s]
  1%|▏         | 1/79 [00:00<00:10,  7.12it/s]
  6%|▋         | 5/79 [00:00<00:03, 20.12it/s]
 10%|█         | 8/79 [00:00<00:03, 23.43it/s]
 14%|█▍        | 11/79 [00:00<00:02, 24.36it/s]
 18%|█▊        | 14/79 [00:00<00:02, 25.15it/s]
 22%|██▏       | 17/79 [00:00<00:02, 24.74it/s]
 25%|██▌       | 20/79 [00:00<00:02, 25.27it/s]
 29%|██▉       | 23/79 [00:00<00:02, 25.10it/s]
 33%|███▎      | 26/79 [00:01<00:02, 25.98it/s]
 37%|███▋      | 29/79 [00:01<00:01, 25.59it/s]
 41%|████      | 32/79 [00:01<00:01, 26.49it/s]
 44%|████▍     | 35/79 [00:01<00:01, 26.71it/s]
 48%|████▊     | 38/79 [00:01<00:01, 27.12it/s]
 52%|█████▏    | 41/79 [00:01<00:01, 27.36it/s]
 56%|█████▌    | 44/79 [00:01<00:01, 27.66it/s]
 59%|█████▉    | 47/79 [00:01<00:01, 28.24it/s]
 63%|██████▎   | 50/79 [00:01<00:01, 27.91it/s]
 68%|██████▊   | 54/79 [00:02<00:00, 27.66it/s]
 73%|███████▎  | 58/79 [00:02<00:00, 27.27it/s]
 78%|███████▊  | 62/79 [00:02<00:00, 27.65it/s]
 84%|████████▎ | 66/79 [00:02<00:00, 28.48it/s]
 87%|████████▋ | 69/79 [00:02<00:00, 28.32it/s]
 91%|█████████ | 72/79 [00:02<00:00, 28.45it/s]
 95%|█████████▍| 75/79 [00:02<00:00, 28.17it/s]
100%|██████████| 79/79 [00:02<00:00, 26.79it/s]

CommRound: 16/30
Accuracy: 87.81% | Loss: 0.4103
[################################----------------------------] 53.3%
Elapsed: 2.7m | Avg/Round: 10.0s | Last: 10.2s | Next: 10.0s | Remaining: 2.3m
ETA: 06:13:58
Recent round times: R1: 10.4s -> R2: 9.8s -> R3: 10.0s -> R4: 9.5s -> R5: 10.2s

  0%|          | 0/79 [00:00<?, ?it/s]
  1%|▏         | 1/79 [00:00<00:09,  8.30it/s]
  6%|▋         | 5/79 [00:00<00:03, 22.60it/s]
 11%|█▏        | 9/79 [00:00<00:02, 23.84it/s]
 16%|█▋        | 13/79 [00:00<00:02, 25.33it/s]
 22%|██▏       | 17/79 [00:00<00:02, 25.60it/s]
 27%|██▋       | 21/79 [00:00<00:02, 26.22it/s]
 32%|███▏      | 25/79 [00:00<00:01, 27.01it/s]
 37%|███▋      | 29/79 [00:01<00:01, 27.16it/s]
 42%|████▏     | 33/79 [00:01<00:01, 27.39it/s]
 47%|████▋     | 37/79 [00:01<00:01, 27.58it/s]
 52%|█████▏    | 41/79 [00:01<00:01, 27.67it/s]
 57%|█████▋    | 45/79 [00:01<00:01, 27.76it/s]
 62%|██████▏   | 49/79 [00:01<00:01, 27.88it/s]
 67%|██████▋   | 53/79 [00:02<00:00, 27.18it/s]
 72%|███████▏  | 57/79 [00:02<00:00, 26.68it/s]
 77%|███████▋  | 61/79 [00:02<00:00, 26.57it/s]
 82%|████████▏ | 65/79 [00:02<00:00, 26.19it/s]
 87%|████████▋ | 69/79 [00:02<00:00, 26.08it/s]
 92%|█████████▏| 73/79 [00:02<00:00, 26.05it/s]
 97%|█████████▋| 77/79 [00:02<00:00, 26.79it/s]
100%|██████████| 79/79 [00:02<00:00, 26.82it/s]

CommRound: 17/30
Accuracy: 88.02% | Loss: 0.4029
[##################################--------------------------] 56.7%
Elapsed: 2.9m | Avg/Round: 10.1s | Last: 10.3s | Next: 10.1s | Remaining: 2.2m
ETA: 06:13:58
Recent round times: R1: 9.8s -> R2: 10.0s -> R3: 9.5s -> R4: 10.2s -> R5: 10.3s

  0%|          | 0/79 [00:00<?, ?it/s]
  1%|▏         | 1/79 [00:00<00:09,  8.10it/s]
  9%|▉         | 7/79 [00:00<00:02, 28.21it/s]
 14%|█▍        | 11/79 [00:00<00:02, 31.21it/s]
 19%|█▉        | 15/79 [00:00<00:01, 32.99it/s]
 24%|██▍       | 19/79 [00:00<00:01, 34.13it/s]
 29%|██▉       | 23/79 [00:00<00:01, 34.87it/s]
 34%|███▍      | 27/79 [00:00<00:01, 35.38it/s]
 39%|███▉      | 31/79 [00:00<00:01, 32.93it/s]
 44%|████▍     | 35/79 [00:01<00:01, 32.51it/s]
 49%|████▉     | 39/79 [00:01<00:01, 31.21it/s]
 54%|█████▍    | 43/79 [00:01<00:01, 27.64it/s]
 58%|█████▊    | 46/79 [00:01<00:01, 24.58it/s]
 63%|██████▎   | 50/79 [00:01<00:01, 26.49it/s]
 68%|██████▊   | 54/79 [00:01<00:00, 27.98it/s]
 73%|███████▎  | 58/79 [00:01<00:00, 26.94it/s]
 77%|███████▋  | 61/79 [00:02<00:00, 27.55it/s]
 81%|████████  | 64/79 [00:02<00:00, 23.59it/s]
 86%|████████▌ | 68/79 [00:02<00:00, 23.05it/s]
 91%|█████████ | 72/79 [00:02<00:00, 22.11it/s]
 95%|█████████▍| 75/79 [00:02<00:00, 23.51it/s]
 99%|█████████▊| 78/79 [00:02<00:00, 23.30it/s]
100%|██████████| 79/79 [00:02<00:00, 27.11it/s]

CommRound: 18/30
Accuracy: 88.15% | Loss: 0.3992
[####################################------------------------] 60.0%
Elapsed: 3.0m | Avg/Round: 10.1s | Last: 10.5s | Next: 10.1s | Remaining: 2.0m
ETA: 06:13:59
Recent round times: R1: 10.0s -> R2: 9.5s -> R3: 10.2s -> R4: 10.3s -> R5: 10.5s

  0%|          | 0/79 [00:00<?, ?it/s]
  1%|▏         | 1/79 [00:00<00:09,  8.28it/s]
  8%|▊         | 6/79 [00:00<00:02, 24.76it/s]
 13%|█▎        | 10/79 [00:00<00:02, 26.17it/s]
 18%|█▊        | 14/79 [00:00<00:02, 30.24it/s]
 23%|██▎       | 18/79 [00:00<00:01, 32.40it/s]
 28%|██▊       | 22/79 [00:00<00:01, 33.87it/s]
 33%|███▎      | 26/79 [00:00<00:01, 34.85it/s]
 38%|███▊      | 30/79 [00:00<00:01, 35.56it/s]
 43%|████▎     | 34/79 [00:01<00:01, 36.01it/s]
 48%|████▊     | 38/79 [00:01<00:01, 35.69it/s]
 53%|█████▎    | 42/79 [00:01<00:01, 36.13it/s]
 58%|█████▊    | 46/79 [00:01<00:00, 36.38it/s]
 63%|██████▎   | 50/79 [00:01<00:00, 36.66it/s]
 68%|██████▊   | 54/79 [00:01<00:00, 36.85it/s]
 73%|███████▎  | 58/79 [00:01<00:00, 37.00it/s]
 78%|███████▊  | 62/79 [00:01<00:00, 36.81it/s]
 84%|████████▎ | 66/79 [00:01<00:00, 36.89it/s]
 89%|████████▊ | 70/79 [00:02<00:00, 36.44it/s]
 94%|█████████▎| 74/79 [00:02<00:00, 36.26it/s]
 99%|█████████▊| 78/79 [00:02<00:00, 36.22it/s]
100%|██████████| 79/79 [00:02<00:00, 34.57it/s]

CommRound: 19/30
Accuracy: 88.30% | Loss: 0.3954
[######################################----------------------] 63.3%
Elapsed: 3.2m | Avg/Round: 10.1s | Last: 9.7s | Next: 10.1s | Remaining: 1.8m
ETA: 06:13:58
Recent round times: R1: 9.5s -> R2: 10.2s -> R3: 10.3s -> R4: 10.5s -> R5: 9.7s

  0%|          | 0/79 [00:00<?, ?it/s]
  1%|▏         | 1/79 [00:00<00:10,  7.29it/s]
  6%|▋         | 5/79 [00:00<00:03, 20.89it/s]
 11%|█▏        | 9/79 [00:00<00:02, 24.26it/s]
 16%|█▋        | 13/79 [00:00<00:02, 25.31it/s]
 22%|██▏       | 17/79 [00:00<00:02, 26.57it/s]
 27%|██▋       | 21/79 [00:00<00:02, 27.32it/s]
 32%|███▏      | 25/79 [00:00<00:01, 28.09it/s]
 37%|███▋      | 29/79 [00:01<00:01, 30.41it/s]
 42%|████▏     | 33/79 [00:01<00:01, 32.11it/s]
 47%|████▋     | 37/79 [00:01<00:01, 33.37it/s]
 52%|█████▏    | 41/79 [00:01<00:01, 34.22it/s]
 57%|█████▋    | 45/79 [00:01<00:00, 34.83it/s]
 62%|██████▏   | 49/79 [00:01<00:00, 35.33it/s]
 67%|██████▋   | 53/79 [00:01<00:00, 35.68it/s]
 72%|███████▏  | 57/79 [00:01<00:00, 36.03it/s]
 77%|███████▋  | 61/79 [00:01<00:00, 36.48it/s]
 82%|████████▏ | 65/79 [00:02<00:00, 36.61it/s]
 87%|████████▋ | 69/79 [00:02<00:00, 36.09it/s]
 92%|█████████▏| 73/79 [00:02<00:00, 36.60it/s]
 97%|█████████▋| 77/79 [00:02<00:00, 34.05it/s]
100%|██████████| 79/79 [00:02<00:00, 32.28it/s]

CommRound: 20/30
Accuracy: 88.49% | Loss: 0.3918
[########################################--------------------] 66.7%
Elapsed: 3.3m | Avg/Round: 10.0s | Last: 9.5s | Next: 10.0s | Remaining: 1.7m
ETA: 06:13:57
Recent round times: R1: 10.2s -> R2: 10.3s -> R3: 10.5s -> R4: 9.7s -> R5: 9.5s

  0%|          | 0/79 [00:00<?, ?it/s]
  1%|▏         | 1/79 [00:00<00:11,  6.89it/s]
  8%|▊         | 6/79 [00:00<00:02, 27.53it/s]
 13%|█▎        | 10/79 [00:00<00:02, 31.58it/s]
 18%|█▊        | 14/79 [00:00<00:01, 33.46it/s]
 23%|██▎       | 18/79 [00:00<00:01, 34.44it/s]
 28%|██▊       | 22/79 [00:00<00:01, 35.17it/s]
 33%|███▎      | 26/79 [00:00<00:01, 35.83it/s]
 38%|███▊      | 30/79 [00:00<00:01, 36.18it/s]
 43%|████▎     | 34/79 [00:01<00:01, 35.46it/s]
 48%|████▊     | 38/79 [00:01<00:01, 35.43it/s]
 53%|█████▎    | 42/79 [00:01<00:01, 35.61it/s]
 58%|█████▊    | 46/79 [00:01<00:00, 35.83it/s]
 63%|██████▎   | 50/79 [00:01<00:00, 36.12it/s]
 68%|██████▊   | 54/79 [00:01<00:00, 36.23it/s]
 73%|███████▎  | 58/79 [00:01<00:00, 36.30it/s]
 78%|███████▊  | 62/79 [00:01<00:00, 36.27it/s]
 84%|████████▎ | 66/79 [00:01<00:00, 36.38it/s]
 89%|████████▊ | 70/79 [00:02<00:00, 36.09it/s]
 94%|█████████▎| 74/79 [00:02<00:00, 35.31it/s]
 99%|█████████▊| 78/79 [00:02<00:00, 35.30it/s]
100%|██████████| 79/79 [00:02<00:00, 34.77it/s]

CommRound: 21/30
Accuracy: 88.58% | Loss: 0.3892
[##########################################------------------] 70.0%
Elapsed: 3.5m | Avg/Round: 10.0s | Last: 9.8s | Next: 10.0s | Remaining: 1.5m
ETA: 06:13:57
Recent round times: R1: 10.3s -> R2: 10.5s -> R3: 9.7s -> R4: 9.5s -> R5: 9.8s

  0%|          | 0/79 [00:00<?, ?it/s]
  1%|▏         | 1/79 [00:00<00:09,  8.05it/s]
  6%|▋         | 5/79 [00:00<00:03, 22.40it/s]
 11%|█▏        | 9/79 [00:00<00:02, 25.27it/s]
 16%|█▋        | 13/79 [00:00<00:02, 26.41it/s]
 22%|██▏       | 17/79 [00:00<00:02, 27.34it/s]
 25%|██▌       | 20/79 [00:00<00:02, 27.85it/s]
 29%|██▉       | 23/79 [00:00<00:02, 27.81it/s]
 33%|███▎      | 26/79 [00:00<00:01, 27.26it/s]
 38%|███▊      | 30/79 [00:01<00:01, 27.31it/s]
 43%|████▎     | 34/79 [00:01<00:01, 27.58it/s]
 48%|████▊     | 38/79 [00:01<00:01, 27.22it/s]
 53%|█████▎    | 42/79 [00:01<00:01, 26.91it/s]
 58%|█████▊    | 46/79 [00:01<00:01, 29.28it/s]
 63%|██████▎   | 50/79 [00:01<00:00, 31.10it/s]
 68%|██████▊   | 54/79 [00:01<00:00, 32.44it/s]
 73%|███████▎  | 58/79 [00:02<00:00, 33.43it/s]
 78%|███████▊  | 62/79 [00:02<00:00, 33.80it/s]
 84%|████████▎ | 66/79 [00:02<00:00, 34.51it/s]
 89%|████████▊ | 70/79 [00:02<00:00, 35.08it/s]
 94%|█████████▎| 74/79 [00:02<00:00, 35.53it/s]
 99%|█████████▊| 78/79 [00:02<00:00, 35.98it/s]
100%|██████████| 79/79 [00:02<00:00, 30.33it/s]

CommRound: 22/30
Accuracy: 88.66% | Loss: 0.3874
[############################################----------------] 73.3%
Elapsed: 3.7m | Avg/Round: 10.0s | Last: 10.1s | Next: 10.0s | Remaining: 1.3m
ETA: 06:13:57
Recent round times: R1: 10.5s -> R2: 9.7s -> R3: 9.5s -> R4: 9.8s -> R5: 10.1s

  0%|          | 0/79 [00:00<?, ?it/s]
  1%|▏         | 1/79 [00:00<00:08,  9.57it/s]
  9%|▉         | 7/79 [00:00<00:02, 33.27it/s]
 15%|█▌        | 12/79 [00:00<00:01, 37.93it/s]
 20%|██        | 16/79 [00:00<00:01, 38.54it/s]
 27%|██▋       | 21/79 [00:00<00:01, 41.25it/s]
 33%|███▎      | 26/79 [00:00<00:01, 38.60it/s]
 41%|████      | 32/79 [00:00<00:01, 39.62it/s]
 48%|████▊     | 38/79 [00:00<00:01, 40.06it/s]
 54%|█████▍    | 43/79 [00:01<00:00, 42.48it/s]
 61%|██████    | 48/79 [00:01<00:00, 39.62it/s]
 67%|██████▋   | 53/79 [00:01<00:00, 41.27it/s]
 73%|███████▎  | 58/79 [00:01<00:00, 38.93it/s]
 78%|███████▊  | 62/79 [00:01<00:00, 38.38it/s]
 86%|████████▌ | 68/79 [00:01<00:00, 39.16it/s]
 91%|█████████ | 72/79 [00:01<00:00, 39.28it/s]
 99%|█████████▊| 78/79 [00:01<00:00, 39.75it/s]
100%|██████████| 79/79 [00:02<00:00, 39.05it/s]

CommRound: 23/30
Accuracy: 88.66% | Loss: 0.3866
[##############################################--------------] 76.7%
Elapsed: 3.8m | Avg/Round: 10.0s | Last: 9.5s | Next: 10.0s | Remaining: 1.2m
ETA: 06:13:56
Recent round times: R1: 9.7s -> R2: 9.5s -> R3: 9.8s -> R4: 10.1s -> R5: 9.5s

  0%|          | 0/79 [00:00<?, ?it/s]
  1%|▏         | 1/79 [00:00<00:19,  4.10it/s]
  8%|▊         | 6/79 [00:00<00:04, 17.93it/s]
 11%|█▏        | 9/79 [00:00<00:03, 19.03it/s]
 15%|█▌        | 12/79 [00:00<00:03, 17.70it/s]
 19%|█▉        | 15/79 [00:00<00:03, 16.85it/s]
 22%|██▏       | 17/79 [00:01<00:03, 15.98it/s]
 24%|██▍       | 19/79 [00:01<00:03, 16.30it/s]
 27%|██▋       | 21/79 [00:01<00:03, 17.07it/s]
 29%|██▉       | 23/79 [00:01<00:03, 16.86it/s]
 32%|███▏      | 25/79 [00:01<00:03, 16.21it/s]
 34%|███▍      | 27/79 [00:01<00:03, 15.72it/s]
 37%|███▋      | 29/79 [00:01<00:03, 15.50it/s]
 39%|███▉      | 31/79 [00:01<00:03, 15.52it/s]
 43%|████▎     | 34/79 [00:02<00:02, 17.75it/s]
 46%|████▌     | 36/79 [00:02<00:02, 17.37it/s]
 48%|████▊     | 38/79 [00:02<00:02, 17.22it/s]
 51%|█████     | 40/79 [00:02<00:02, 17.02it/s]
 53%|█████▎    | 42/79 [00:02<00:02, 16.99it/s]
 56%|█████▌    | 44/79 [00:02<00:02, 16.72it/s]
 58%|█████▊    | 46/79 [00:02<00:02, 16.27it/s]
 61%|██████    | 48/79 [00:02<00:01, 16.44it/s]
 63%|██████▎   | 50/79 [00:03<00:01, 16.36it/s]
 66%|██████▌   | 52/79 [00:03<00:01, 16.69it/s]
 68%|██████▊   | 54/79 [00:03<00:01, 16.04it/s]
 71%|███████   | 56/79 [00:03<00:01, 16.47it/s]
 73%|███████▎  | 58/79 [00:03<00:01, 16.29it/s]
 76%|███████▌  | 60/79 [00:03<00:01, 16.36it/s]
 78%|███████▊  | 62/79 [00:03<00:01, 16.81it/s]
 81%|████████  | 64/79 [00:03<00:00, 16.95it/s]
 84%|████████▎ | 66/79 [00:04<00:00, 16.72it/s]
 86%|████████▌ | 68/79 [00:04<00:00, 16.97it/s]
 89%|████████▊ | 70/79 [00:04<00:00, 17.16it/s]
 91%|█████████ | 72/79 [00:04<00:00, 16.68it/s]
 94%|█████████▎| 74/79 [00:04<00:00, 16.33it/s]
 96%|█████████▌| 76/79 [00:04<00:00, 16.41it/s]
 99%|█████████▊| 78/79 [00:04<00:00, 16.63it/s]
100%|██████████| 79/79 [00:04<00:00, 16.61it/s]

CommRound: 24/30
Accuracy: 88.67% | Loss: 0.3845
[################################################------------] 80.0%
Elapsed: 4.0m | Avg/Round: 10.1s | Last: 11.9s | Next: 10.1s | Remaining: 1.0m
ETA: 06:13:59
Recent round times: R1: 9.5s -> R2: 9.8s -> R3: 10.1s -> R4: 9.5s -> R5: 11.9s

  0%|          | 0/79 [00:00<?, ?it/s]
  1%|▏         | 1/79 [00:00<00:18,  4.31it/s]
  8%|▊         | 6/79 [00:00<00:03, 18.92it/s]
 11%|█▏        | 9/79 [00:00<00:03, 19.01it/s]
 15%|█▌        | 12/79 [00:00<00:04, 15.25it/s]
 18%|█▊        | 14/79 [00:00<00:04, 15.66it/s]
 22%|██▏       | 17/79 [00:01<00:03, 17.42it/s]
 24%|██▍       | 19/79 [00:01<00:03, 16.68it/s]
 27%|██▋       | 21/79 [00:01<00:03, 16.26it/s]
 29%|██▉       | 23/79 [00:01<00:03, 15.71it/s]
 32%|███▏      | 25/79 [00:01<00:03, 15.71it/s]
 37%|███▋      | 29/79 [00:01<00:02, 20.27it/s]
 41%|████      | 32/79 [00:01<00:02, 22.54it/s]
 46%|████▌     | 36/79 [00:01<00:01, 24.42it/s]
 49%|████▉     | 39/79 [00:02<00:01, 25.54it/s]
 53%|█████▎    | 42/79 [00:02<00:01, 26.43it/s]
 58%|█████▊    | 46/79 [00:02<00:01, 28.10it/s]
 63%|██████▎   | 50/79 [00:02<00:00, 29.29it/s]
 68%|██████▊   | 54/79 [00:02<00:00, 30.24it/s]
 73%|███████▎  | 58/79 [00:02<00:00, 30.53it/s]
 78%|███████▊  | 62/79 [00:02<00:00, 31.22it/s]
 84%|████████▎ | 66/79 [00:02<00:00, 30.74it/s]
 89%|████████▊ | 70/79 [00:03<00:00, 31.23it/s]
 94%|█████████▎| 74/79 [00:03<00:00, 31.57it/s]
 99%|█████████▊| 78/79 [00:03<00:00, 31.61it/s]
100%|██████████| 79/79 [00:03<00:00, 23.81it/s]

CommRound: 25/30
Accuracy: 88.72% | Loss: 0.3832
[##################################################----------] 83.3%
Elapsed: 4.2m | Avg/Round: 10.1s | Last: 10.8s | Next: 10.1s | Remaining: 0.8m
ETA: 06:14:00
Recent round times: R1: 9.8s -> R2: 10.1s -> R3: 9.5s -> R4: 11.9s -> R5: 10.8s

  0%|          | 0/79 [00:00<?, ?it/s]
  1%|▏         | 1/79 [00:00<00:11,  6.65it/s]
  6%|▋         | 5/79 [00:00<00:03, 20.02it/s]
 11%|█▏        | 9/79 [00:00<00:03, 21.33it/s]
 16%|█▋        | 13/79 [00:00<00:02, 24.05it/s]
 22%|██▏       | 17/79 [00:00<00:02, 25.09it/s]
 27%|██▋       | 21/79 [00:00<00:02, 23.44it/s]
 30%|███       | 24/79 [00:01<00:02, 22.59it/s]
 34%|███▍      | 27/79 [00:01<00:02, 21.39it/s]
 38%|███▊      | 30/79 [00:01<00:02, 17.44it/s]
 43%|████▎     | 34/79 [00:01<00:02, 19.95it/s]
 48%|████▊     | 38/79 [00:01<00:01, 22.80it/s]
 53%|█████▎    | 42/79 [00:01<00:01, 25.11it/s]
 57%|█████▋    | 45/79 [00:02<00:01, 21.77it/s]
 62%|██████▏   | 49/79 [00:02<00:01, 22.45it/s]
 67%|██████▋   | 53/79 [00:02<00:01, 24.72it/s]
 72%|███████▏  | 57/79 [00:02<00:00, 25.40it/s]
 76%|███████▌  | 60/79 [00:02<00:00, 26.23it/s]
 80%|███████▉  | 63/79 [00:02<00:00, 25.95it/s]
 85%|████████▍ | 67/79 [00:02<00:00, 26.84it/s]
 90%|████████▉ | 71/79 [00:03<00:00, 28.04it/s]
 95%|█████████▍| 75/79 [00:03<00:00, 29.15it/s]
100%|██████████| 79/79 [00:03<00:00, 24.39it/s]

CommRound: 26/30
Accuracy: 88.69% | Loss: 0.3828
[####################################################--------] 86.7%
Elapsed: 4.4m | Avg/Round: 10.1s | Last: 10.6s | Next: 10.1s | Remaining: 0.7m
ETA: 06:14:00
Recent round times: R1: 10.1s -> R2: 9.5s -> R3: 11.9s -> R4: 10.8s -> R5: 10.6s

  0%|          | 0/79 [00:00<?, ?it/s]
  1%|▏         | 1/79 [00:00<00:17,  4.49it/s]
  6%|▋         | 5/79 [00:00<00:06, 12.19it/s]
 11%|█▏        | 9/79 [00:00<00:04, 16.71it/s]
 15%|█▌        | 12/79 [00:00<00:03, 17.10it/s]
 18%|█▊        | 14/79 [00:00<00:03, 16.45it/s]
 20%|██        | 16/79 [00:01<00:03, 16.55it/s]
 23%|██▎       | 18/79 [00:01<00:03, 17.36it/s]
 28%|██▊       | 22/79 [00:01<00:03, 18.18it/s]
 33%|███▎      | 26/79 [00:01<00:02, 21.87it/s]
 38%|███▊      | 30/79 [00:01<00:01, 24.73it/s]
 43%|████▎     | 34/79 [00:01<00:01, 26.82it/s]
 48%|████▊     | 38/79 [00:01<00:01, 28.45it/s]
 53%|█████▎    | 42/79 [00:01<00:01, 29.51it/s]
 58%|█████▊    | 46/79 [00:02<00:01, 29.92it/s]
 63%|██████▎   | 50/79 [00:02<00:00, 30.56it/s]
 68%|██████▊   | 54/79 [00:02<00:00, 31.06it/s]
 73%|███████▎  | 58/79 [00:02<00:00, 31.38it/s]
 78%|███████▊  | 62/79 [00:02<00:00, 31.42it/s]
 84%|████████▎ | 66/79 [00:02<00:00, 30.92it/s]
 89%|████████▊ | 70/79 [00:02<00:00, 31.72it/s]
 94%|█████████▎| 74/79 [00:02<00:00, 32.05it/s]
 99%|█████████▊| 78/79 [00:03<00:00, 32.22it/s]
100%|██████████| 79/79 [00:03<00:00, 25.34it/s]

CommRound: 27/30
Accuracy: 88.72% | Loss: 0.3815
[######################################################------] 90.0%
Elapsed: 4.6m | Avg/Round: 10.1s | Last: 10.5s | Next: 10.1s | Remaining: 0.5m
ETA: 06:14:01
Recent round times: R1: 9.5s -> R2: 11.9s -> R3: 10.8s -> R4: 10.6s -> R5: 10.5s

  0%|          | 0/79 [00:00<?, ?it/s]
  1%|▏         | 1/79 [00:00<00:10,  7.79it/s]
  5%|▌         | 4/79 [00:00<00:04, 18.69it/s]
  8%|▊         | 6/79 [00:00<00:04, 16.58it/s]
 10%|█         | 8/79 [00:00<00:04, 15.87it/s]
 13%|█▎        | 10/79 [00:00<00:04, 15.43it/s]
 15%|█▌        | 12/79 [00:00<00:04, 15.77it/s]
 18%|█▊        | 14/79 [00:00<00:04, 15.72it/s]
 20%|██        | 16/79 [00:01<00:04, 15.29it/s]
 23%|██▎       | 18/79 [00:01<00:04, 14.82it/s]
 25%|██▌       | 20/79 [00:01<00:03, 15.65it/s]
 28%|██▊       | 22/79 [00:01<00:03, 16.17it/s]
 30%|███       | 24/79 [00:01<00:03, 15.64it/s]
 35%|███▌      | 28/79 [00:01<00:02, 17.02it/s]
 38%|███▊      | 30/79 [00:01<00:02, 16.99it/s]
 42%|████▏     | 33/79 [00:02<00:02, 17.84it/s]
 44%|████▍     | 35/79 [00:02<00:02, 17.41it/s]
 49%|████▉     | 39/79 [00:02<00:01, 21.56it/s]
 54%|█████▍    | 43/79 [00:02<00:01, 24.63it/s]
 59%|█████▉    | 47/79 [00:02<00:01, 26.91it/s]
 65%|██████▍   | 51/79 [00:02<00:00, 28.61it/s]
 68%|██████▊   | 54/79 [00:02<00:01, 24.93it/s]
 72%|███████▏  | 57/79 [00:02<00:00, 22.62it/s]
 77%|███████▋  | 61/79 [00:03<00:00, 24.96it/s]
 82%|████████▏ | 65/79 [00:03<00:00, 26.60it/s]
 86%|████████▌ | 68/79 [00:03<00:00, 23.83it/s]
 90%|████████▉ | 71/79 [00:03<00:00, 21.42it/s]
 95%|█████████▍| 75/79 [00:03<00:00, 22.59it/s]
100%|██████████| 79/79 [00:03<00:00, 20.64it/s]

CommRound: 28/30
Accuracy: 88.72% | Loss: 0.3809
[########################################################----] 93.3%
Elapsed: 4.8m | Avg/Round: 10.2s | Last: 11.2s | Next: 10.2s | Remaining: 0.3m
ETA: 06:14:02
Recent round times: R1: 11.9s -> R2: 10.8s -> R3: 10.6s -> R4: 10.5s -> R5: 11.2s

  0%|          | 0/79 [00:00<?, ?it/s]
  1%|▏         | 1/79 [00:00<00:12,  6.05it/s]
  6%|▋         | 5/79 [00:00<00:04, 17.11it/s]
 11%|█▏        | 9/79 [00:00<00:03, 20.95it/s]
 16%|█▋        | 13/79 [00:00<00:03, 16.78it/s]
 19%|█▉        | 15/79 [00:00<00:03, 16.60it/s]
 22%|██▏       | 17/79 [00:01<00:03, 16.60it/s]
 24%|██▍       | 19/79 [00:01<00:03, 16.53it/s]
 27%|██▋       | 21/79 [00:01<00:03, 16.55it/s]
 29%|██▉       | 23/79 [00:01<00:03, 16.29it/s]
 32%|███▏      | 25/79 [00:01<00:03, 16.18it/s]
 34%|███▍      | 27/79 [00:01<00:03, 16.08it/s]
 37%|███▋      | 29/79 [00:01<00:03, 16.22it/s]
 39%|███▉      | 31/79 [00:01<00:02, 17.10it/s]
 42%|████▏     | 33/79 [00:01<00:02, 17.13it/s]
 44%|████▍     | 35/79 [00:02<00:02, 16.44it/s]
 49%|████▉     | 39/79 [00:02<00:02, 17.35it/s]
 52%|█████▏    | 41/79 [00:02<00:02, 17.87it/s]
 54%|█████▍    | 43/79 [00:02<00:02, 17.74it/s]
 57%|█████▋    | 45/79 [00:02<00:01, 17.47it/s]
 59%|█████▉    | 47/79 [00:02<00:01, 17.17it/s]
 62%|██████▏   | 49/79 [00:02<00:01, 16.83it/s]
 65%|██████▍   | 51/79 [00:03<00:01, 16.73it/s]
 67%|██████▋   | 53/79 [00:03<00:01, 16.62it/s]
 70%|██████▉   | 55/79 [00:03<00:01, 16.61it/s]
 72%|███████▏  | 57/79 [00:03<00:01, 16.47it/s]
 75%|███████▍  | 59/79 [00:03<00:01, 16.39it/s]
 77%|███████▋  | 61/79 [00:03<00:01, 16.49it/s]
 80%|███████▉  | 63/79 [00:03<00:00, 16.53it/s]
 82%|████████▏ | 65/79 [00:03<00:00, 15.99it/s]
 85%|████████▍ | 67/79 [00:04<00:00, 16.57it/s]
 87%|████████▋ | 69/79 [00:04<00:00, 16.76it/s]
 90%|████████▉ | 71/79 [00:04<00:00, 16.74it/s]
 92%|█████████▏| 73/79 [00:04<00:00, 16.60it/s]
 95%|█████████▍| 75/79 [00:04<00:00, 16.52it/s]
 97%|█████████▋| 77/79 [00:04<00:00, 17.38it/s]
100%|██████████| 79/79 [00:04<00:00, 17.06it/s]

CommRound: 29/30
Accuracy: 88.75% | Loss: 0.3799
[##########################################################--] 96.7%
Elapsed: 5.0m | Avg/Round: 10.2s | Last: 11.9s | Next: 10.2s | Remaining: 0.2m
ETA: 06:14:04
Recent round times: R1: 10.8s -> R2: 10.6s -> R3: 10.5s -> R4: 11.2s -> R5: 11.9s

  0%|          | 0/79 [00:00<?, ?it/s]
  1%|▏         | 1/79 [00:00<00:10,  7.28it/s]
  6%|▋         | 5/79 [00:00<00:05, 14.79it/s]
  9%|▉         | 7/79 [00:00<00:04, 15.50it/s]
 11%|█▏        | 9/79 [00:00<00:05, 11.89it/s]
 16%|█▋        | 13/79 [00:00<00:03, 17.02it/s]
 22%|██▏       | 17/79 [00:00<00:02, 21.14it/s]
 27%|██▋       | 21/79 [00:01<00:02, 23.53it/s]
 32%|███▏      | 25/79 [00:01<00:02, 26.55it/s]
 37%|███▋      | 29/79 [00:01<00:01, 27.63it/s]
 42%|████▏     | 33/79 [00:01<00:01, 28.93it/s]
 47%|████▋     | 37/79 [00:01<00:01, 27.16it/s]
 52%|█████▏    | 41/79 [00:01<00:01, 27.48it/s]
 57%|█████▋    | 45/79 [00:01<00:01, 28.72it/s]
 61%|██████    | 48/79 [00:02<00:01, 28.26it/s]
 66%|██████▌   | 52/79 [00:02<00:01, 26.33it/s]
 71%|███████   | 56/79 [00:02<00:00, 27.26it/s]
 76%|███████▌  | 60/79 [00:02<00:00, 28.57it/s]
 80%|███████▉  | 63/79 [00:02<00:00, 27.23it/s]
 84%|████████▎ | 66/79 [00:02<00:00, 20.37it/s]
 87%|████████▋ | 69/79 [00:02<00:00, 20.97it/s]
 91%|█████████ | 72/79 [00:03<00:00, 17.45it/s]
 96%|█████████▌| 76/79 [00:03<00:00, 19.88it/s]
100%|██████████| 79/79 [00:03<00:00, 22.78it/s]

CommRound: 30/30
Accuracy: 88.77% | Loss: 0.3790
[############################################################] 100.0%
Elapsed: 5.1m | Avg/Round: 10.3s | Last: 10.6s | Next: 10.3s | Remaining: 0.0m
ETA: 06:14:04
Recent round times: R1: 10.6s -> R2: 10.5s -> R3: 11.2s -> R4: 11.9s -> R5: 10.6s
Total time for experiment: 307.7819757461548 seconds
Device average training time per communication round [s]:
    rpi (sld-rpi-09.ece.utexas.edu): 4.42 seconds
    mc1 (sld-mc1-09.ece.utexas.edu): 2.52 seconds
