
  0%|          | 0/79 [00:00<?, ?it/s]
  3%|▎         | 2/79 [00:00<00:03, 19.45it/s]
  9%|▉         | 7/79 [00:00<00:02, 29.28it/s]
 15%|█▌        | 12/79 [00:00<00:01, 36.98it/s]
 20%|██        | 16/79 [00:00<00:01, 33.66it/s]
 25%|██▌       | 20/79 [00:00<00:01, 34.29it/s]
 32%|███▏      | 25/79 [00:00<00:01, 38.73it/s]
 37%|███▋      | 29/79 [00:00<00:01, 38.74it/s]
 42%|████▏     | 33/79 [00:00<00:01, 38.83it/s]
 47%|████▋     | 37/79 [00:01<00:01, 38.77it/s]
 53%|█████▎    | 42/79 [00:01<00:00, 37.21it/s]
 58%|█████▊    | 46/79 [00:01<00:00, 37.09it/s]
 63%|██████▎   | 50/79 [00:01<00:00, 37.10it/s]
 68%|██████▊   | 54/79 [00:01<00:00, 37.08it/s]
 73%|███████▎  | 58/79 [00:01<00:00, 37.44it/s]
 78%|███████▊  | 62/79 [00:01<00:00, 37.64it/s]
 84%|████████▎ | 66/79 [00:01<00:00, 37.44it/s]
 89%|████████▊ | 70/79 [00:01<00:00, 37.05it/s]
 94%|█████████▎| 74/79 [00:02<00:00, 36.99it/s]
 99%|█████████▊| 78/79 [00:02<00:00, 37.32it/s]
100%|██████████| 79/79 [00:02<00:00, 36.90it/s]
Initial Accuracy: 8.17%; Initial Loss: 2.3075

  0%|          | 0/79 [00:00<?, ?it/s]
  1%|▏         | 1/79 [00:00<00:13,  5.91it/s]
  6%|▋         | 5/79 [00:00<00:04, 16.72it/s]
 11%|█▏        | 9/79 [00:00<00:03, 22.94it/s]
 15%|█▌        | 12/79 [00:00<00:02, 23.12it/s]
 19%|█▉        | 15/79 [00:00<00:02, 22.86it/s]
 23%|██▎       | 18/79 [00:00<00:03, 16.96it/s]
 25%|██▌       | 20/79 [00:01<00:03, 15.92it/s]
 28%|██▊       | 22/79 [00:01<00:03, 15.21it/s]
 33%|███▎      | 26/79 [00:01<00:03, 16.18it/s]
 35%|███▌      | 28/79 [00:01<00:03, 16.89it/s]
 38%|███▊      | 30/79 [00:01<00:02, 17.01it/s]
 41%|████      | 32/79 [00:01<00:03, 14.75it/s]
 46%|████▌     | 36/79 [00:02<00:02, 18.50it/s]
 48%|████▊     | 38/79 [00:02<00:02, 18.54it/s]
 54%|█████▍    | 43/79 [00:02<00:01, 25.52it/s]
 58%|█████▊    | 46/79 [00:02<00:01, 26.39it/s]
 63%|██████▎   | 50/79 [00:02<00:01, 28.86it/s]
 67%|██████▋   | 53/79 [00:02<00:01, 25.85it/s]
 72%|███████▏  | 57/79 [00:02<00:00, 28.38it/s]
 77%|███████▋  | 61/79 [00:02<00:00, 28.75it/s]
 82%|████████▏ | 65/79 [00:03<00:00, 28.06it/s]
 90%|████████▉ | 71/79 [00:03<00:00, 29.10it/s]
 95%|█████████▍| 75/79 [00:03<00:00, 27.09it/s]
100%|██████████| 79/79 [00:03<00:00, 22.65it/s]

CommRound: 1/30
Accuracy: 35.11% | Loss: 2.2156
[##----------------------------------------------------------] 3.3%
Elapsed: 0.9m | Avg/Round: 53.5s | Last: 51.4s | Next: 53.5s | Remaining: 25.9m
ETA: 21:54:04
Recent round times: R1: 51.4s

  0%|          | 0/79 [00:00<?, ?it/s]
  1%|▏         | 1/79 [00:00<00:08,  9.70it/s]
  8%|▊         | 6/79 [00:00<00:02, 31.74it/s]
 13%|█▎        | 10/79 [00:00<00:02, 33.03it/s]
 18%|█▊        | 14/79 [00:00<00:01, 34.63it/s]
 23%|██▎       | 18/79 [00:00<00:01, 35.58it/s]
 28%|██▊       | 22/79 [00:00<00:01, 36.37it/s]
 33%|███▎      | 26/79 [00:00<00:01, 36.47it/s]
 38%|███▊      | 30/79 [00:00<00:01, 36.91it/s]
 43%|████▎     | 34/79 [00:00<00:01, 36.75it/s]
 48%|████▊     | 38/79 [00:01<00:01, 37.07it/s]
 53%|█████▎    | 42/79 [00:01<00:01, 36.82it/s]
 58%|█████▊    | 46/79 [00:01<00:00, 36.82it/s]
 63%|██████▎   | 50/79 [00:01<00:00, 36.63it/s]
 68%|██████▊   | 54/79 [00:01<00:00, 36.96it/s]
 73%|███████▎  | 58/79 [00:01<00:00, 37.09it/s]
 78%|███████▊  | 62/79 [00:01<00:00, 37.24it/s]
 84%|████████▎ | 66/79 [00:01<00:00, 36.75it/s]
 89%|████████▊ | 70/79 [00:01<00:00, 36.81it/s]
 94%|█████████▎| 74/79 [00:02<00:00, 36.79it/s]
 99%|█████████▊| 78/79 [00:02<00:00, 35.87it/s]
100%|██████████| 79/79 [00:02<00:00, 36.01it/s]

CommRound: 2/30
Accuracy: 53.49% | Loss: 1.3703
[####--------------------------------------------------------] 6.7%
Elapsed: 1.6m | Avg/Round: 47.4s | Last: 41.2s | Next: 47.4s | Remaining: 22.1m
ETA: 21:50:59
Recent round times: R1: 51.4s -> R2: 41.2s

  0%|          | 0/79 [00:00<?, ?it/s]
  1%|▏         | 1/79 [00:00<00:08,  9.71it/s]
  6%|▋         | 5/79 [00:00<00:02, 26.64it/s]
 11%|█▏        | 9/79 [00:00<00:02, 30.86it/s]
 16%|█▋        | 13/79 [00:00<00:02, 32.60it/s]
 22%|██▏       | 17/79 [00:00<00:01, 33.55it/s]
 27%|██▋       | 21/79 [00:00<00:01, 33.59it/s]
 32%|███▏      | 25/79 [00:00<00:01, 33.04it/s]
 37%|███▋      | 29/79 [00:00<00:01, 32.68it/s]
 42%|████▏     | 33/79 [00:01<00:01, 32.57it/s]
 47%|████▋     | 37/79 [00:01<00:01, 32.39it/s]
 52%|█████▏    | 41/79 [00:01<00:01, 32.42it/s]
 57%|█████▋    | 45/79 [00:01<00:01, 32.37it/s]
 62%|██████▏   | 49/79 [00:01<00:00, 32.33it/s]
 67%|██████▋   | 53/79 [00:01<00:00, 32.41it/s]
 72%|███████▏  | 57/79 [00:01<00:00, 32.52it/s]
 77%|███████▋  | 61/79 [00:01<00:00, 32.60it/s]
 82%|████████▏ | 65/79 [00:02<00:00, 32.65it/s]
 87%|████████▋ | 69/79 [00:02<00:00, 32.00it/s]
 92%|█████████▏| 73/79 [00:02<00:00, 32.18it/s]
 97%|█████████▋| 77/79 [00:02<00:00, 32.24it/s]
100%|██████████| 79/79 [00:02<00:00, 32.51it/s]

CommRound: 3/30
Accuracy: 72.98% | Loss: 0.7487
[######------------------------------------------------------] 10.0%
Elapsed: 2.4m | Avg/Round: 48.0s | Last: 49.3s | Next: 48.0s | Remaining: 21.6m
ETA: 21:51:18
Recent round times: R1: 51.4s -> R2: 41.2s -> R3: 49.3s

  0%|          | 0/79 [00:00<?, ?it/s]
  1%|▏         | 1/79 [00:00<00:08,  8.94it/s]
  8%|▊         | 6/79 [00:00<00:02, 28.87it/s]
 13%|█▎        | 10/79 [00:00<00:02, 30.18it/s]
 18%|█▊        | 14/79 [00:00<00:02, 30.67it/s]
 23%|██▎       | 18/79 [00:00<00:01, 31.12it/s]
 28%|██▊       | 22/79 [00:00<00:01, 32.28it/s]
 33%|███▎      | 26/79 [00:00<00:01, 32.36it/s]
 38%|███▊      | 30/79 [00:00<00:01, 32.45it/s]
 43%|████▎     | 34/79 [00:01<00:01, 33.24it/s]
 48%|████▊     | 38/79 [00:01<00:01, 33.88it/s]
 53%|█████▎    | 42/79 [00:01<00:01, 33.89it/s]
 58%|█████▊    | 46/79 [00:01<00:00, 33.60it/s]
 63%|██████▎   | 50/79 [00:01<00:00, 33.20it/s]
 68%|██████▊   | 54/79 [00:01<00:00, 33.04it/s]
 73%|███████▎  | 58/79 [00:01<00:00, 33.30it/s]
 78%|███████▊  | 62/79 [00:01<00:00, 32.68it/s]
 84%|████████▎ | 66/79 [00:02<00:00, 32.38it/s]
 89%|████████▊ | 70/79 [00:02<00:00, 31.97it/s]
 94%|█████████▎| 74/79 [00:02<00:00, 32.51it/s]
 99%|█████████▊| 78/79 [00:02<00:00, 31.47it/s]
100%|██████████| 79/79 [00:02<00:00, 32.16it/s]

CommRound: 4/30
Accuracy: 77.67% | Loss: 0.6807
[########----------------------------------------------------] 13.3%
Elapsed: 3.0m | Avg/Round: 45.3s | Last: 37.3s | Next: 45.3s | Remaining: 19.6m
ETA: 21:49:58
Recent round times: R1: 51.4s -> R2: 41.2s -> R3: 49.3s -> R4: 37.3s

  0%|          | 0/79 [00:00<?, ?it/s]
  1%|▏         | 1/79 [00:00<00:10,  7.76it/s]
  6%|▋         | 5/79 [00:00<00:03, 19.78it/s]
 11%|█▏        | 9/79 [00:00<00:02, 25.77it/s]
 16%|█▋        | 13/79 [00:00<00:02, 25.89it/s]
 22%|██▏       | 17/79 [00:00<00:02, 26.37it/s]
 27%|██▋       | 21/79 [00:00<00:02, 24.50it/s]
 32%|███▏      | 25/79 [00:00<00:01, 27.27it/s]
 37%|███▋      | 29/79 [00:01<00:01, 27.65it/s]
 41%|████      | 32/79 [00:01<00:01, 26.21it/s]
 46%|████▌     | 36/79 [00:01<00:01, 29.56it/s]
 51%|█████     | 40/79 [00:01<00:01, 29.70it/s]
 56%|█████▌    | 44/79 [00:01<00:01, 28.80it/s]
 59%|█████▉    | 47/79 [00:01<00:01, 28.70it/s]
 63%|██████▎   | 50/79 [00:01<00:01, 28.77it/s]
 67%|██████▋   | 53/79 [00:01<00:00, 28.41it/s]
 72%|███████▏  | 57/79 [00:02<00:00, 27.90it/s]
 77%|███████▋  | 61/79 [00:02<00:00, 30.04it/s]
 82%|████████▏ | 65/79 [00:02<00:00, 31.62it/s]
 87%|████████▋ | 69/79 [00:02<00:00, 29.65it/s]
 92%|█████████▏| 73/79 [00:02<00:00, 29.13it/s]
 96%|█████████▌| 76/79 [00:02<00:00, 28.64it/s]
100%|██████████| 79/79 [00:02<00:00, 27.88it/s]

CommRound: 5/30
Accuracy: 80.01% | Loss: 0.6137
[##########--------------------------------------------------] 16.7%
Elapsed: 3.8m | Avg/Round: 45.1s | Last: 44.2s | Next: 45.1s | Remaining: 18.8m
ETA: 21:49:51
Recent round times: R1: 51.4s -> R2: 41.2s -> R3: 49.3s -> R4: 37.3s -> R5: 44.2s

  0%|          | 0/79 [00:00<?, ?it/s]
  1%|▏         | 1/79 [00:00<00:13,  5.96it/s]
  3%|▎         | 2/79 [00:00<00:10,  7.07it/s]
  9%|▉         | 7/79 [00:00<00:04, 16.86it/s]
 16%|█▋        | 13/79 [00:00<00:02, 23.23it/s]
 20%|██        | 16/79 [00:00<00:02, 23.64it/s]
 24%|██▍       | 19/79 [00:01<00:03, 19.43it/s]
 29%|██▉       | 23/79 [00:01<00:02, 23.29it/s]
 34%|███▍      | 27/79 [00:01<00:02, 25.63it/s]
 39%|███▉      | 31/79 [00:01<00:01, 26.37it/s]
 43%|████▎     | 34/79 [00:01<00:02, 20.73it/s]
 47%|████▋     | 37/79 [00:01<00:02, 20.45it/s]
 51%|█████     | 40/79 [00:01<00:01, 20.82it/s]
 54%|█████▍    | 43/79 [00:02<00:01, 22.78it/s]
 58%|█████▊    | 46/79 [00:02<00:01, 20.67it/s]
 65%|██████▍   | 51/79 [00:02<00:01, 16.70it/s]
 67%|██████▋   | 53/79 [00:03<00:02, 11.32it/s]
 70%|██████▉   | 55/79 [00:03<00:01, 12.06it/s]
 72%|███████▏  | 57/79 [00:03<00:01, 11.34it/s]
 75%|███████▍  | 59/79 [00:03<00:02,  8.63it/s]
 77%|███████▋  | 61/79 [00:04<00:02,  7.22it/s]
 78%|███████▊  | 62/79 [00:04<00:02,  6.75it/s]
 80%|███████▉  | 63/79 [00:04<00:02,  6.38it/s]
 84%|████████▎ | 66/79 [00:04<00:01,  9.76it/s]
 86%|████████▌ | 68/79 [00:05<00:01,  7.80it/s]
 92%|█████████▏| 73/79 [00:05<00:00, 11.68it/s]
 99%|█████████▊| 78/79 [00:05<00:00, 16.76it/s]
100%|██████████| 79/79 [00:05<00:00, 14.67it/s]

CommRound: 6/30
Accuracy: 78.05% | Loss: 0.7652
[############------------------------------------------------] 20.0%
Elapsed: 4.6m | Avg/Round: 45.6s | Last: 48.2s | Next: 45.6s | Remaining: 18.3m
ETA: 21:50:07
Recent round times: R1: 41.2s -> R2: 49.3s -> R3: 37.3s -> R4: 44.2s -> R5: 48.2s

  0%|          | 0/79 [00:00<?, ?it/s]
  1%|▏         | 1/79 [00:00<00:08,  9.00it/s]
  6%|▋         | 5/79 [00:00<00:02, 25.97it/s]
 11%|█▏        | 9/79 [00:00<00:02, 31.33it/s]
 16%|█▋        | 13/79 [00:00<00:01, 33.65it/s]
 22%|██▏       | 17/79 [00:00<00:01, 34.97it/s]
 27%|██▋       | 21/79 [00:00<00:01, 35.78it/s]
 32%|███▏      | 25/79 [00:00<00:01, 36.29it/s]
 37%|███▋      | 29/79 [00:00<00:01, 36.79it/s]
 42%|████▏     | 33/79 [00:00<00:01, 37.02it/s]
 47%|████▋     | 37/79 [00:01<00:01, 37.15it/s]
 52%|█████▏    | 41/79 [00:01<00:01, 36.30it/s]
 57%|█████▋    | 45/79 [00:01<00:00, 36.45it/s]
 62%|██████▏   | 49/79 [00:01<00:00, 36.40it/s]
 67%|██████▋   | 53/79 [00:01<00:00, 36.68it/s]
 72%|███████▏  | 57/79 [00:01<00:00, 37.59it/s]
 77%|███████▋  | 61/79 [00:01<00:00, 37.94it/s]
 82%|████████▏ | 65/79 [00:01<00:00, 37.66it/s]
 87%|████████▋ | 69/79 [00:01<00:00, 37.26it/s]
 92%|█████████▏| 73/79 [00:02<00:00, 37.25it/s]
 97%|█████████▋| 77/79 [00:02<00:00, 36.91it/s]
100%|██████████| 79/79 [00:02<00:00, 35.80it/s]

CommRound: 7/30
Accuracy: 82.09% | Loss: 0.5500
[##############----------------------------------------------] 23.3%
Elapsed: 5.3m | Avg/Round: 45.7s | Last: 46.2s | Next: 45.7s | Remaining: 17.5m
ETA: 21:50:09
Recent round times: R1: 49.3s -> R2: 37.3s -> R3: 44.2s -> R4: 48.2s -> R5: 46.2s

  0%|          | 0/79 [00:00<?, ?it/s]
  1%|▏         | 1/79 [00:00<00:08,  9.19it/s]
  6%|▋         | 5/79 [00:00<00:02, 26.37it/s]
 11%|█▏        | 9/79 [00:00<00:02, 30.12it/s]
 16%|█▋        | 13/79 [00:00<00:02, 32.17it/s]
 22%|██▏       | 17/79 [00:00<00:01, 33.33it/s]
 27%|██▋       | 21/79 [00:00<00:01, 34.54it/s]
 32%|███▏      | 25/79 [00:00<00:01, 35.43it/s]
 37%|███▋      | 29/79 [00:00<00:01, 35.83it/s]
 42%|████▏     | 33/79 [00:00<00:01, 36.19it/s]
 47%|████▋     | 37/79 [00:01<00:01, 36.01it/s]
 52%|█████▏    | 41/79 [00:01<00:01, 34.03it/s]
 57%|█████▋    | 45/79 [00:01<00:00, 34.77it/s]
 62%|██████▏   | 49/79 [00:01<00:00, 35.41it/s]
 67%|██████▋   | 53/79 [00:01<00:00, 35.86it/s]
 72%|███████▏  | 57/79 [00:01<00:00, 36.06it/s]
 77%|███████▋  | 61/79 [00:01<00:00, 35.45it/s]
 82%|████████▏ | 65/79 [00:01<00:00, 35.29it/s]
 87%|████████▋ | 69/79 [00:02<00:00, 35.51it/s]
 92%|█████████▏| 73/79 [00:02<00:00, 35.55it/s]
 97%|█████████▋| 77/79 [00:02<00:00, 36.38it/s]
100%|██████████| 79/79 [00:02<00:00, 35.16it/s]

CommRound: 8/30
Accuracy: 85.24% | Loss: 0.4934
[################--------------------------------------------] 26.7%
Elapsed: 6.1m | Avg/Round: 45.9s | Last: 47.3s | Next: 45.9s | Remaining: 16.8m
ETA: 21:50:15
Recent round times: R1: 37.3s -> R2: 44.2s -> R3: 48.2s -> R4: 46.2s -> R5: 47.3s

  0%|          | 0/79 [00:00<?, ?it/s]
  4%|▍         | 3/79 [00:00<00:03, 22.09it/s]
  9%|▉         | 7/79 [00:00<00:02, 30.62it/s]
 14%|█▍        | 11/79 [00:00<00:01, 34.44it/s]
 19%|█▉        | 15/79 [00:00<00:01, 36.26it/s]
 25%|██▌       | 20/79 [00:00<00:01, 40.82it/s]
 32%|███▏      | 25/79 [00:00<00:01, 37.99it/s]
 38%|███▊      | 30/79 [00:00<00:01, 41.24it/s]
 44%|████▍     | 35/79 [00:00<00:01, 38.78it/s]
 51%|█████     | 40/79 [00:01<00:00, 41.71it/s]
 57%|█████▋    | 45/79 [00:01<00:00, 39.26it/s]
 63%|██████▎   | 50/79 [00:01<00:00, 41.92it/s]
 70%|██████▉   | 55/79 [00:01<00:00, 39.38it/s]
 76%|███████▌  | 60/79 [00:01<00:00, 41.80it/s]
 82%|████████▏ | 65/79 [00:01<00:00, 39.23it/s]
 89%|████████▊ | 70/79 [00:01<00:00, 41.80it/s]
 95%|█████████▍| 75/79 [00:01<00:00, 39.19it/s]
100%|██████████| 79/79 [00:01<00:00, 39.68it/s]

CommRound: 9/30
Accuracy: 82.55% | Loss: 0.7079
[##################------------------------------------------] 30.0%
Elapsed: 7.0m | Avg/Round: 46.7s | Last: 53.1s | Next: 46.7s | Remaining: 16.3m
ETA: 21:50:39
Recent round times: R1: 44.2s -> R2: 48.2s -> R3: 46.2s -> R4: 47.3s -> R5: 53.1s

  0%|          | 0/79 [00:00<?, ?it/s]
  1%|▏         | 1/79 [00:00<00:08,  9.68it/s]
  9%|▉         | 7/79 [00:00<00:02, 31.62it/s]
 14%|█▍        | 11/79 [00:00<00:01, 34.78it/s]
 19%|█▉        | 15/79 [00:00<00:01, 36.55it/s]
 24%|██▍       | 19/79 [00:00<00:01, 37.68it/s]
 30%|███       | 24/79 [00:00<00:01, 41.47it/s]
 37%|███▋      | 29/79 [00:00<00:01, 38.50it/s]
 43%|████▎     | 34/79 [00:00<00:01, 41.48it/s]
 49%|████▉     | 39/79 [00:01<00:01, 38.96it/s]
 56%|█████▌    | 44/79 [00:01<00:00, 41.51it/s]
 62%|██████▏   | 49/79 [00:01<00:00, 39.02it/s]
 68%|██████▊   | 54/79 [00:01<00:00, 41.33it/s]
 75%|███████▍  | 59/79 [00:01<00:00, 39.01it/s]
 81%|████████  | 64/79 [00:01<00:00, 41.49it/s]
 87%|████████▋ | 69/79 [00:01<00:00, 38.93it/s]
 94%|█████████▎| 74/79 [00:01<00:00, 41.64it/s]
100%|██████████| 79/79 [00:02<00:00, 39.45it/s]

CommRound: 10/30
Accuracy: 87.05% | Loss: 0.5324
[####################----------------------------------------] 33.3%
Elapsed: 7.9m | Avg/Round: 47.2s | Last: 51.9s | Next: 47.2s | Remaining: 15.7m
ETA: 21:50:54
Recent round times: R1: 48.2s -> R2: 46.2s -> R3: 47.3s -> R4: 53.1s -> R5: 51.9s

  0%|          | 0/79 [00:00<?, ?it/s]
  1%|▏         | 1/79 [00:00<00:08,  9.70it/s]
  6%|▋         | 5/79 [00:00<00:02, 26.62it/s]
 11%|█▏        | 9/79 [00:00<00:02, 30.91it/s]
 16%|█▋        | 13/79 [00:00<00:02, 32.70it/s]
 22%|██▏       | 17/79 [00:00<00:01, 33.80it/s]
 27%|██▋       | 21/79 [00:00<00:01, 33.28it/s]
 32%|███▏      | 25/79 [00:00<00:01, 32.10it/s]
 37%|███▋      | 29/79 [00:00<00:01, 31.73it/s]
 42%|████▏     | 33/79 [00:01<00:01, 31.62it/s]
 47%|████▋     | 37/79 [00:01<00:01, 31.37it/s]
 52%|█████▏    | 41/79 [00:01<00:01, 31.40it/s]
 57%|█████▋    | 45/79 [00:01<00:01, 31.79it/s]
 62%|██████▏   | 49/79 [00:01<00:00, 32.03it/s]
 67%|██████▋   | 53/79 [00:01<00:00, 31.56it/s]
 72%|███████▏  | 57/79 [00:01<00:00, 31.14it/s]
 77%|███████▋  | 61/79 [00:01<00:00, 30.91it/s]
 82%|████████▏ | 65/79 [00:02<00:00, 30.14it/s]
 87%|████████▋ | 69/79 [00:02<00:00, 30.85it/s]
 92%|█████████▏| 73/79 [00:02<00:00, 31.45it/s]
 97%|█████████▋| 77/79 [00:02<00:00, 31.62it/s]
100%|██████████| 79/79 [00:02<00:00, 31.73it/s]

CommRound: 11/30
Accuracy: 87.77% | Loss: 0.5041
[######################--------------------------------------] 36.7%
Elapsed: 8.7m | Avg/Round: 47.3s | Last: 47.7s | Next: 47.3s | Remaining: 15.0m
ETA: 21:50:56
Recent round times: R1: 46.2s -> R2: 47.3s -> R3: 53.1s -> R4: 51.9s -> R5: 47.7s

  0%|          | 0/79 [00:00<?, ?it/s]
  1%|▏         | 1/79 [00:00<00:08,  9.54it/s]
  8%|▊         | 6/79 [00:00<00:02, 30.25it/s]
 13%|█▎        | 10/79 [00:00<00:02, 33.09it/s]
 18%|█▊        | 14/79 [00:00<00:01, 34.17it/s]
 23%|██▎       | 18/79 [00:00<00:01, 34.93it/s]
 28%|██▊       | 22/79 [00:00<00:01, 34.87it/s]
 33%|███▎      | 26/79 [00:00<00:01, 34.88it/s]
 38%|███▊      | 30/79 [00:00<00:01, 35.33it/s]
 43%|████▎     | 34/79 [00:01<00:01, 35.47it/s]
 48%|████▊     | 38/79 [00:01<00:01, 35.60it/s]
 53%|█████▎    | 42/79 [00:01<00:01, 35.63it/s]
 58%|█████▊    | 46/79 [00:01<00:00, 35.50it/s]
 63%|██████▎   | 50/79 [00:01<00:00, 35.20it/s]
 68%|██████▊   | 54/79 [00:01<00:00, 34.64it/s]
 73%|███████▎  | 58/79 [00:01<00:00, 34.00it/s]
 78%|███████▊  | 62/79 [00:01<00:00, 32.45it/s]
 84%|████████▎ | 66/79 [00:01<00:00, 31.04it/s]
 89%|████████▊ | 70/79 [00:02<00:00, 31.25it/s]
 94%|█████████▎| 74/79 [00:02<00:00, 30.61it/s]
 99%|█████████▊| 78/79 [00:02<00:00, 29.52it/s]
100%|██████████| 79/79 [00:02<00:00, 32.81it/s]

CommRound: 12/30
Accuracy: 84.73% | Loss: 0.6314
[########################------------------------------------] 40.0%
Elapsed: 9.4m | Avg/Round: 47.2s | Last: 46.5s | Next: 47.2s | Remaining: 14.2m
ETA: 21:50:54
Recent round times: R1: 47.3s -> R2: 53.1s -> R3: 51.9s -> R4: 47.7s -> R5: 46.5s

  0%|          | 0/79 [00:00<?, ?it/s]
  1%|▏         | 1/79 [00:00<00:12,  6.21it/s]
  6%|▋         | 5/79 [00:00<00:03, 18.72it/s]
 10%|█         | 8/79 [00:00<00:03, 20.66it/s]
 14%|█▍        | 11/79 [00:00<00:02, 23.33it/s]
 18%|█▊        | 14/79 [00:00<00:02, 24.88it/s]
 22%|██▏       | 17/79 [00:00<00:02, 25.25it/s]
 27%|██▋       | 21/79 [00:00<00:02, 26.60it/s]
 30%|███       | 24/79 [00:01<00:02, 19.58it/s]
 38%|███▊      | 30/79 [00:01<00:02, 23.75it/s]
 43%|████▎     | 34/79 [00:01<00:01, 25.21it/s]
 48%|████▊     | 38/79 [00:01<00:01, 25.17it/s]
 53%|█████▎    | 42/79 [00:01<00:01, 25.59it/s]
 58%|█████▊    | 46/79 [00:01<00:01, 26.36it/s]
 63%|██████▎   | 50/79 [00:02<00:01, 26.73it/s]
 68%|██████▊   | 54/79 [00:02<00:00, 27.41it/s]
 72%|███████▏  | 57/79 [00:02<00:00, 26.50it/s]
 77%|███████▋  | 61/79 [00:02<00:00, 27.11it/s]
 81%|████████  | 64/79 [00:02<00:00, 27.77it/s]
 85%|████████▍ | 67/79 [00:02<00:00, 26.95it/s]
 89%|████████▊ | 70/79 [00:02<00:00, 27.32it/s]
 92%|█████████▏| 73/79 [00:02<00:00, 24.61it/s]
 97%|█████████▋| 77/79 [00:03<00:00, 26.50it/s]
100%|██████████| 79/79 [00:03<00:00, 25.43it/s]

CommRound: 13/30
Accuracy: 88.23% | Loss: 0.5247
[##########################----------------------------------] 43.3%
Elapsed: 10.2m | Avg/Round: 47.1s | Last: 46.3s | Next: 47.1s | Remaining: 13.4m
ETA: 21:50:52
Recent round times: R1: 53.1s -> R2: 51.9s -> R3: 47.7s -> R4: 46.5s -> R5: 46.3s

  0%|          | 0/79 [00:00<?, ?it/s]
  1%|▏         | 1/79 [00:00<00:08,  9.52it/s]
  6%|▋         | 5/79 [00:00<00:02, 26.54it/s]
 11%|█▏        | 9/79 [00:00<00:02, 30.81it/s]
 16%|█▋        | 13/79 [00:00<00:02, 32.76it/s]
 22%|██▏       | 17/79 [00:00<00:01, 33.97it/s]
 27%|██▋       | 21/79 [00:00<00:01, 34.75it/s]
 32%|███▏      | 25/79 [00:00<00:01, 35.21it/s]
 37%|███▋      | 29/79 [00:00<00:01, 35.85it/s]
 42%|████▏     | 33/79 [00:00<00:01, 35.93it/s]
 47%|████▋     | 37/79 [00:01<00:01, 35.75it/s]
 52%|█████▏    | 41/79 [00:01<00:01, 35.88it/s]
 57%|█████▋    | 45/79 [00:01<00:00, 35.73it/s]
 62%|██████▏   | 49/79 [00:01<00:00, 35.78it/s]
 67%|██████▋   | 53/79 [00:01<00:00, 36.01it/s]
 72%|███████▏  | 57/79 [00:01<00:00, 36.40it/s]
 77%|███████▋  | 61/79 [00:01<00:00, 36.74it/s]
 82%|████████▏ | 65/79 [00:01<00:00, 34.76it/s]
 87%|████████▋ | 69/79 [00:02<00:00, 34.50it/s]
 92%|█████████▏| 73/79 [00:02<00:00, 33.96it/s]
 97%|█████████▋| 77/79 [00:02<00:00, 33.47it/s]
100%|██████████| 79/79 [00:02<00:00, 34.02it/s]

CommRound: 14/30
Accuracy: 88.11% | Loss: 0.5328
[############################--------------------------------] 46.7%
Elapsed: 11.0m | Avg/Round: 47.0s | Last: 44.6s | Next: 47.0s | Remaining: 12.5m
ETA: 21:50:46
Recent round times: R1: 51.9s -> R2: 47.7s -> R3: 46.5s -> R4: 46.3s -> R5: 44.6s

  0%|          | 0/79 [00:00<?, ?it/s]
  1%|▏         | 1/79 [00:00<00:08,  9.29it/s]
  6%|▋         | 5/79 [00:00<00:02, 26.01it/s]
 10%|█         | 8/79 [00:00<00:02, 26.74it/s]
 15%|█▌        | 12/79 [00:00<00:02, 31.25it/s]
 20%|██        | 16/79 [00:00<00:02, 31.00it/s]
 25%|██▌       | 20/79 [00:00<00:01, 30.62it/s]
 30%|███       | 24/79 [00:00<00:01, 31.50it/s]
 35%|███▌      | 28/79 [00:00<00:01, 32.34it/s]
 41%|████      | 32/79 [00:01<00:01, 33.37it/s]
 46%|████▌     | 36/79 [00:01<00:01, 34.22it/s]
 51%|█████     | 40/79 [00:01<00:01, 34.73it/s]
 56%|█████▌    | 44/79 [00:01<00:00, 35.16it/s]
 61%|██████    | 48/79 [00:01<00:00, 35.23it/s]
 66%|██████▌   | 52/79 [00:01<00:00, 35.08it/s]
 71%|███████   | 56/79 [00:01<00:00, 35.00it/s]
 76%|███████▌  | 60/79 [00:01<00:00, 35.51it/s]
 81%|████████  | 64/79 [00:01<00:00, 36.04it/s]
 86%|████████▌ | 68/79 [00:02<00:00, 35.71it/s]
 91%|█████████ | 72/79 [00:02<00:00, 35.46it/s]
 96%|█████████▌| 76/79 [00:02<00:00, 34.55it/s]
100%|██████████| 79/79 [00:02<00:00, 33.63it/s]

CommRound: 15/30
Accuracy: 88.40% | Loss: 0.5888
[##############################------------------------------] 50.0%
Elapsed: 11.7m | Avg/Round: 46.9s | Last: 45.9s | Next: 46.9s | Remaining: 11.7m
ETA: 21:50:44
Recent round times: R1: 47.7s -> R2: 46.5s -> R3: 46.3s -> R4: 44.6s -> R5: 45.9s

  0%|          | 0/79 [00:00<?, ?it/s]
  1%|▏         | 1/79 [00:00<00:07,  9.86it/s]
  6%|▋         | 5/79 [00:00<00:02, 27.39it/s]
 11%|█▏        | 9/79 [00:00<00:02, 31.80it/s]
 16%|█▋        | 13/79 [00:00<00:01, 33.94it/s]
 22%|██▏       | 17/79 [00:00<00:01, 35.33it/s]
 27%|██▋       | 21/79 [00:00<00:01, 36.46it/s]
 32%|███▏      | 25/79 [00:00<00:01, 36.82it/s]
 37%|███▋      | 29/79 [00:00<00:01, 36.66it/s]
 42%|████▏     | 33/79 [00:00<00:01, 36.52it/s]
 47%|████▋     | 37/79 [00:01<00:01, 37.26it/s]
 52%|█████▏    | 41/79 [00:01<00:01, 37.52it/s]
 57%|█████▋    | 45/79 [00:01<00:00, 37.80it/s]
 62%|██████▏   | 49/79 [00:01<00:00, 38.25it/s]
 67%|██████▋   | 53/79 [00:01<00:00, 38.52it/s]
 72%|███████▏  | 57/79 [00:01<00:00, 38.59it/s]
 77%|███████▋  | 61/79 [00:01<00:00, 38.72it/s]
 82%|████████▏ | 65/79 [00:01<00:00, 38.83it/s]
 89%|████████▊ | 70/79 [00:01<00:00, 41.68it/s]
 95%|█████████▍| 75/79 [00:02<00:00, 39.12it/s]
100%|██████████| 79/79 [00:02<00:00, 37.54it/s]

CommRound: 16/30
Accuracy: 88.70% | Loss: 0.5893
[################################----------------------------] 53.3%
Elapsed: 12.4m | Avg/Round: 46.6s | Last: 43.1s | Next: 46.6s | Remaining: 10.9m
ETA: 21:50:37
Recent round times: R1: 46.5s -> R2: 46.3s -> R3: 44.6s -> R4: 45.9s -> R5: 43.1s

  0%|          | 0/79 [00:00<?, ?it/s]
  1%|▏         | 1/79 [00:00<00:09,  8.43it/s]
  6%|▋         | 5/79 [00:00<00:02, 25.07it/s]
 11%|█▏        | 9/79 [00:00<00:02, 29.52it/s]
 16%|█▋        | 13/79 [00:00<00:02, 31.51it/s]
 22%|██▏       | 17/79 [00:00<00:01, 33.21it/s]
 27%|██▋       | 21/79 [00:00<00:01, 34.37it/s]
 32%|███▏      | 25/79 [00:00<00:01, 35.05it/s]
 37%|███▋      | 29/79 [00:00<00:01, 35.18it/s]
 42%|████▏     | 33/79 [00:01<00:01, 35.47it/s]
 47%|████▋     | 37/79 [00:01<00:01, 35.81it/s]
 52%|█████▏    | 41/79 [00:01<00:01, 35.80it/s]
 57%|█████▋    | 45/79 [00:01<00:00, 35.72it/s]
 62%|██████▏   | 49/79 [00:01<00:00, 35.37it/s]
 67%|██████▋   | 53/79 [00:01<00:00, 34.96it/s]
 72%|███████▏  | 57/79 [00:01<00:00, 35.03it/s]
 77%|███████▋  | 61/79 [00:01<00:00, 35.64it/s]
 82%|████████▏ | 65/79 [00:01<00:00, 36.08it/s]
 87%|████████▋ | 69/79 [00:02<00:00, 36.37it/s]
 92%|█████████▏| 73/79 [00:02<00:00, 36.27it/s]
 97%|█████████▋| 77/79 [00:02<00:00, 36.50it/s]
100%|██████████| 79/79 [00:02<00:00, 35.07it/s]

CommRound: 17/30
Accuracy: 88.66% | Loss: 0.6054
[##################################--------------------------] 56.7%
Elapsed: 13.2m | Avg/Round: 46.7s | Last: 48.3s | Next: 46.7s | Remaining: 10.1m
ETA: 21:50:40
Recent round times: R1: 46.3s -> R2: 44.6s -> R3: 45.9s -> R4: 43.1s -> R5: 48.3s

  0%|          | 0/79 [00:00<?, ?it/s]
  1%|▏         | 1/79 [00:00<00:12,  6.43it/s]
  6%|▋         | 5/79 [00:00<00:03, 19.97it/s]
 11%|█▏        | 9/79 [00:00<00:02, 24.15it/s]
 16%|█▋        | 13/79 [00:00<00:02, 26.32it/s]
 22%|██▏       | 17/79 [00:00<00:02, 27.87it/s]
 27%|██▋       | 21/79 [00:00<00:02, 28.82it/s]
 32%|███▏      | 25/79 [00:00<00:01, 29.48it/s]
 37%|███▋      | 29/79 [00:01<00:01, 29.84it/s]
 42%|████▏     | 33/79 [00:01<00:01, 29.18it/s]
 47%|████▋     | 37/79 [00:01<00:01, 29.10it/s]
 52%|█████▏    | 41/79 [00:01<00:01, 27.51it/s]
 57%|█████▋    | 45/79 [00:01<00:01, 27.44it/s]
 62%|██████▏   | 49/79 [00:01<00:01, 27.53it/s]
 67%|██████▋   | 53/79 [00:01<00:00, 27.83it/s]
 72%|███████▏  | 57/79 [00:02<00:00, 28.04it/s]
 77%|███████▋  | 61/79 [00:02<00:00, 28.80it/s]
 82%|████████▏ | 65/79 [00:02<00:00, 29.22it/s]
 87%|████████▋ | 69/79 [00:02<00:00, 29.68it/s]
 92%|█████████▏| 73/79 [00:02<00:00, 30.00it/s]
 97%|█████████▋| 77/79 [00:02<00:00, 30.24it/s]
100%|██████████| 79/79 [00:02<00:00, 28.45it/s]

CommRound: 18/30
Accuracy: 88.69% | Loss: 0.6191
[####################################------------------------] 60.0%
Elapsed: 13.9m | Avg/Round: 46.4s | Last: 41.1s | Next: 46.4s | Remaining: 9.3m
ETA: 21:50:30
Recent round times: R1: 44.6s -> R2: 45.9s -> R3: 43.1s -> R4: 48.3s -> R5: 41.1s

  0%|          | 0/79 [00:00<?, ?it/s]
  3%|▎         | 2/79 [00:00<00:03, 19.89it/s]
  9%|▉         | 7/79 [00:00<00:02, 31.70it/s]
 15%|█▌        | 12/79 [00:00<00:01, 38.83it/s]
 22%|██▏       | 17/79 [00:00<00:01, 37.56it/s]
 28%|██▊       | 22/79 [00:00<00:01, 40.54it/s]
 34%|███▍      | 27/79 [00:00<00:01, 39.13it/s]
 41%|████      | 32/79 [00:00<00:01, 41.95it/s]
 47%|████▋     | 37/79 [00:00<00:01, 39.62it/s]
 54%|█████▍    | 43/79 [00:01<00:00, 40.41it/s]
 62%|██████▏   | 49/79 [00:01<00:00, 40.84it/s]
 70%|██████▉   | 55/79 [00:01<00:00, 41.09it/s]
 77%|███████▋  | 61/79 [00:01<00:00, 41.10it/s]
 85%|████████▍ | 67/79 [00:01<00:00, 41.12it/s]
 92%|█████████▏| 73/79 [00:01<00:00, 41.26it/s]
 99%|█████████▊| 78/79 [00:01<00:00, 43.22it/s]
100%|██████████| 79/79 [00:01<00:00, 40.64it/s]

CommRound: 19/30
Accuracy: 88.67% | Loss: 0.6308
[######################################----------------------] 63.3%
Elapsed: 14.7m | Avg/Round: 46.3s | Last: 44.9s | Next: 46.3s | Remaining: 8.5m
ETA: 21:50:28
Recent round times: R1: 45.9s -> R2: 43.1s -> R3: 48.3s -> R4: 41.1s -> R5: 44.9s

  0%|          | 0/79 [00:00<?, ?it/s]
  1%|▏         | 1/79 [00:00<00:09,  7.96it/s]
  5%|▌         | 4/79 [00:00<00:04, 18.63it/s]
 10%|█         | 8/79 [00:00<00:02, 24.15it/s]
 15%|█▌        | 12/79 [00:00<00:02, 25.68it/s]
 20%|██        | 16/79 [00:00<00:02, 27.69it/s]
 24%|██▍       | 19/79 [00:00<00:02, 26.90it/s]
 29%|██▉       | 23/79 [00:00<00:02, 27.77it/s]
 34%|███▍      | 27/79 [00:01<00:01, 28.48it/s]
 39%|███▉      | 31/79 [00:01<00:01, 28.65it/s]
 44%|████▍     | 35/79 [00:01<00:01, 28.48it/s]
 48%|████▊     | 38/79 [00:01<00:01, 27.87it/s]
 52%|█████▏    | 41/79 [00:01<00:01, 26.17it/s]
 57%|█████▋    | 45/79 [00:01<00:01, 25.51it/s]
 62%|██████▏   | 49/79 [00:01<00:01, 25.06it/s]
 67%|██████▋   | 53/79 [00:02<00:01, 24.68it/s]
 75%|███████▍  | 59/79 [00:02<00:00, 29.62it/s]
 80%|███████▉  | 63/79 [00:02<00:00, 30.06it/s]
 85%|████████▍ | 67/79 [00:02<00:00, 30.50it/s]
 90%|████████▉ | 71/79 [00:02<00:00, 30.85it/s]
 95%|█████████▍| 75/79 [00:02<00:00, 25.86it/s]
100%|██████████| 79/79 [00:02<00:00, 27.18it/s]

CommRound: 20/30
Accuracy: 88.68% | Loss: 0.6412
[########################################--------------------] 66.7%
Elapsed: 15.5m | Avg/Round: 46.4s | Last: 47.4s | Next: 46.4s | Remaining: 7.7m
ETA: 21:50:30
Recent round times: R1: 43.1s -> R2: 48.3s -> R3: 41.1s -> R4: 44.9s -> R5: 47.4s

  0%|          | 0/79 [00:00<?, ?it/s]
  1%|▏         | 1/79 [00:00<00:23,  3.27it/s]
  8%|▊         | 6/79 [00:00<00:04, 17.25it/s]
 11%|█▏        | 9/79 [00:00<00:07,  9.75it/s]
 16%|█▋        | 13/79 [00:01<00:04, 14.56it/s]
 20%|██        | 16/79 [00:01<00:04, 14.24it/s]
 25%|██▌       | 20/79 [00:01<00:03, 17.43it/s]
 29%|██▉       | 23/79 [00:01<00:02, 18.89it/s]
 33%|███▎      | 26/79 [00:01<00:02, 17.73it/s]
 37%|███▋      | 29/79 [00:01<00:02, 19.45it/s]
 41%|████      | 32/79 [00:01<00:02, 19.01it/s]
 46%|████▌     | 36/79 [00:02<00:02, 21.18it/s]
 51%|█████     | 40/79 [00:02<00:01, 20.76it/s]
 54%|█████▍    | 43/79 [00:02<00:01, 21.50it/s]
 58%|█████▊    | 46/79 [00:02<00:01, 19.97it/s]
 62%|██████▏   | 49/79 [00:02<00:01, 21.74it/s]
 66%|██████▌   | 52/79 [00:02<00:01, 19.19it/s]
 70%|██████▉   | 55/79 [00:03<00:01, 21.25it/s]
 73%|███████▎  | 58/79 [00:03<00:01, 19.28it/s]
 77%|███████▋  | 61/79 [00:03<00:00, 20.95it/s]
 81%|████████  | 64/79 [00:03<00:00, 18.96it/s]
 85%|████████▍ | 67/79 [00:03<00:00, 20.80it/s]
 89%|████████▊ | 70/79 [00:03<00:00, 20.23it/s]
 92%|█████████▏| 73/79 [00:03<00:00, 20.97it/s]
 96%|█████████▌| 76/79 [00:04<00:00, 20.15it/s]
100%|██████████| 79/79 [00:04<00:00, 21.71it/s]
100%|██████████| 79/79 [00:04<00:00, 18.57it/s]

CommRound: 21/30
Accuracy: 88.70% | Loss: 0.6505
[##########################################------------------] 70.0%
Elapsed: 16.3m | Avg/Round: 46.5s | Last: 48.1s | Next: 46.5s | Remaining: 7.0m
ETA: 21:50:32
Recent round times: R1: 48.3s -> R2: 41.1s -> R3: 44.9s -> R4: 47.4s -> R5: 48.1s
EARLY_STOP: round=21; best_acc=88.70; current_acc=88.70; threshold=90.00; patience=5; reason=converged_below_target
Total time for experiment: 976.0873289108276 seconds
Device average training time per communication round [s]:
    rpi (sld-rpi-09.ece.utexas.edu): 5.07 seconds
    mc1 (sld-mc1-09.ece.utexas.edu): 42.67 seconds
