Connecting to sld-rpi-09.ece.utexas.edu...
Successfully fetched dev0_pow_temp_log_exp149_run1.csv.
Connecting to sld-rpi-09.ece.utexas.edu...
Successfully fetched dev0_communication_log_exp149_run1.csv.
Connecting to sld-mc1-09.ece.utexas.edu...
Successfully fetched dev1_pow_temp_log_exp149_run1.csv.
Connecting to sld-mc1-09.ece.utexas.edu...
Successfully fetched dev1_communication_log_exp149_run1.csv.

Exp149
Experiment 149: 
	Global test accuracy [%]: 80.67 %
	No round found where all subsequent rounds have accuracy >= 90.00%.
	Average time per communication round [s]: 22.46 seconds
	Total wall clock time [s]: 278.48 seconds


Experiment 149:
	RPi avg. energy consumption per round [J]: 53.82 Joules
	MC1 avg. energy consumption per round [J]: 121.46 Joules
	Total avg. energy consumption per communication round [J]: 175.29 Joules
	Avg. amount of communicated data per communication round [MB]: 1.86 MB
	RPi avg. power consumption per round [W]: 5.46 Watts
	MC1 avg. power consumption per round [W]: 7.00 Watts
