Connecting to sld-rpi-09.ece.utexas.edu...
Successfully fetched dev0_pow_temp_log_exp115_run1.csv.
Connecting to sld-rpi-09.ece.utexas.edu...
Successfully fetched dev0_communication_log_exp115_run1.csv.
Connecting to sld-mc1-09.ece.utexas.edu...
Successfully fetched dev1_pow_temp_log_exp115_run1.csv.
Connecting to sld-mc1-09.ece.utexas.edu...
Successfully fetched dev1_communication_log_exp115_run1.csv.

Exp115
Experiment 115: 
	Global test accuracy [%]: 89.24 %
	No round found where all subsequent rounds have accuracy >= 90.00%.
	Average time per communication round [s]: 47.78 seconds
	Total wall clock time [s]: 1,305.92 seconds


Experiment 115:
	RPi avg. energy consumption per round [J]: 35.63 Joules
	MC1 avg. energy consumption per round [J]: 303.59 Joules
	Total avg. energy consumption per communication round [J]: 339.22 Joules
	Avg. amount of communicated data per communication round [MB]: 0.08 MB
	RPi avg. power consumption per round [W]: 5.40 Watts
	MC1 avg. power consumption per round [W]: 7.35 Watts
