Connecting to sld-rpi-09.ece.utexas.edu...
Successfully fetched dev0_pow_temp_log_exp135_run1.csv.
Connecting to sld-rpi-09.ece.utexas.edu...
Successfully fetched dev0_communication_log_exp135_run1.csv.
Connecting to sld-mc1-09.ece.utexas.edu...
Successfully fetched dev1_pow_temp_log_exp135_run1.csv.
Connecting to sld-mc1-09.ece.utexas.edu...
Successfully fetched dev1_communication_log_exp135_run1.csv.

Exp135
Experiment 135: 
	Global test accuracy [%]: 14.22 %
	No round found where all subsequent rounds have accuracy >= 90.00%.
	Average time per communication round [s]: 14.63 seconds
	Total wall clock time [s]: 462.04 seconds


Experiment 135:
	RPi avg. energy consumption per round [J]: 63.31 Joules
	MC1 avg. energy consumption per round [J]: 96.08 Joules
	Total avg. energy consumption per communication round [J]: 159.39 Joules
	Avg. amount of communicated data per communication round [MB]: 0.01 MB
	RPi avg. power consumption per round [W]: 5.57 Watts
	MC1 avg. power consumption per round [W]: 8.19 Watts
