
  0%|          | 0/79 [00:00<?, ?it/s]
  1%|▏         | 1/79 [00:00<00:08,  8.84it/s]
  6%|▋         | 5/79 [00:00<00:03, 20.74it/s]
 11%|█▏        | 9/79 [00:00<00:02, 24.93it/s]
 16%|█▋        | 13/79 [00:00<00:02, 29.07it/s]
 22%|██▏       | 17/79 [00:00<00:01, 31.88it/s]
 27%|██▋       | 21/79 [00:00<00:01, 33.92it/s]
 32%|███▏      | 25/79 [00:00<00:01, 35.03it/s]
 37%|███▋      | 29/79 [00:00<00:01, 36.08it/s]
 42%|████▏     | 33/79 [00:01<00:01, 36.60it/s]
 47%|████▋     | 37/79 [00:01<00:01, 37.17it/s]
 52%|█████▏    | 41/79 [00:01<00:01, 37.44it/s]
 57%|█████▋    | 45/79 [00:01<00:00, 37.59it/s]
 62%|██████▏   | 49/79 [00:01<00:00, 37.81it/s]
 67%|██████▋   | 53/79 [00:01<00:00, 37.97it/s]
 72%|███████▏  | 57/79 [00:01<00:00, 37.94it/s]
 77%|███████▋  | 61/79 [00:01<00:00, 37.88it/s]
 82%|████████▏ | 65/79 [00:01<00:00, 37.34it/s]
 87%|████████▋ | 69/79 [00:01<00:00, 37.93it/s]
 92%|█████████▏| 73/79 [00:02<00:00, 36.11it/s]
 97%|█████████▋| 77/79 [00:02<00:00, 36.31it/s]
100%|██████████| 79/79 [00:02<00:00, 35.27it/s]
Initial Accuracy: 16.37%; Initial Loss: 2.3025

  0%|          | 0/79 [00:00<?, ?it/s]
  1%|▏         | 1/79 [00:00<00:08,  9.00it/s]
  6%|▋         | 5/79 [00:00<00:02, 25.98it/s]
 11%|█▏        | 9/79 [00:00<00:02, 31.00it/s]
 16%|█▋        | 13/79 [00:00<00:02, 32.89it/s]
 22%|██▏       | 17/79 [00:00<00:01, 34.12it/s]
 27%|██▋       | 21/79 [00:00<00:01, 34.91it/s]
 32%|███▏      | 25/79 [00:00<00:01, 35.45it/s]
 37%|███▋      | 29/79 [00:00<00:01, 35.83it/s]
 42%|████▏     | 33/79 [00:00<00:01, 36.08it/s]
 47%|████▋     | 37/79 [00:01<00:01, 36.31it/s]
 52%|█████▏    | 41/79 [00:01<00:01, 36.45it/s]
 57%|█████▋    | 45/79 [00:01<00:00, 36.56it/s]
 62%|██████▏   | 49/79 [00:01<00:00, 34.45it/s]
 68%|██████▊   | 54/79 [00:01<00:00, 36.27it/s]
 73%|███████▎  | 58/79 [00:01<00:00, 36.80it/s]
 78%|███████▊  | 62/79 [00:01<00:00, 37.27it/s]
 84%|████████▎ | 66/79 [00:01<00:00, 37.59it/s]
 89%|████████▊ | 70/79 [00:01<00:00, 37.59it/s]
 94%|█████████▎| 74/79 [00:02<00:00, 37.48it/s]
 99%|█████████▊| 78/79 [00:02<00:00, 37.10it/s]
100%|██████████| 79/79 [00:02<00:00, 35.58it/s]

CommRound: 1/30
Accuracy: 49.10% | Loss: 1.4571
[##----------------------------------------------------------] 3.3%
Elapsed: 0.2m | Avg/Round: 12.2s | Last: 9.9s | Next: 12.2s | Remaining: 5.9m
ETA: 04:05:47
Recent round times: R1: 9.9s

  0%|          | 0/79 [00:00<?, ?it/s]
  1%|▏         | 1/79 [00:00<00:10,  7.54it/s]
  6%|▋         | 5/79 [00:00<00:03, 22.71it/s]
 11%|█▏        | 9/79 [00:00<00:02, 24.99it/s]
 16%|█▋        | 13/79 [00:00<00:02, 26.14it/s]
 22%|██▏       | 17/79 [00:00<00:02, 28.30it/s]
 27%|██▋       | 21/79 [00:00<00:01, 30.24it/s]
 32%|███▏      | 25/79 [00:00<00:01, 31.53it/s]
 37%|███▋      | 29/79 [00:01<00:01, 33.07it/s]
 42%|████▏     | 33/79 [00:01<00:01, 33.54it/s]
 47%|████▋     | 37/79 [00:01<00:01, 33.76it/s]
 52%|█████▏    | 41/79 [00:01<00:01, 33.73it/s]
 57%|█████▋    | 45/79 [00:01<00:01, 33.84it/s]
 62%|██████▏   | 49/79 [00:01<00:00, 33.35it/s]
 67%|██████▋   | 53/79 [00:01<00:00, 32.42it/s]
 72%|███████▏  | 57/79 [00:01<00:00, 31.60it/s]
 77%|███████▋  | 61/79 [00:01<00:00, 31.20it/s]
 82%|████████▏ | 65/79 [00:02<00:00, 30.67it/s]
 87%|████████▋ | 69/79 [00:02<00:00, 30.67it/s]
 92%|█████████▏| 73/79 [00:02<00:00, 31.30it/s]
 97%|█████████▋| 77/79 [00:02<00:00, 32.38it/s]
100%|██████████| 79/79 [00:02<00:00, 31.40it/s]

CommRound: 2/30
Accuracy: 76.74% | Loss: 0.7168
[####--------------------------------------------------------] 6.7%
Elapsed: 0.4m | Avg/Round: 11.1s | Last: 10.1s | Next: 11.1s | Remaining: 5.2m
ETA: 04:05:16
Recent round times: R1: 9.9s -> R2: 10.1s

  0%|          | 0/79 [00:00<?, ?it/s]
  1%|▏         | 1/79 [00:00<00:09,  8.08it/s]
  9%|▉         | 7/79 [00:00<00:02, 30.99it/s]
 14%|█▍        | 11/79 [00:00<00:02, 33.91it/s]
 19%|█▉        | 15/79 [00:00<00:01, 35.45it/s]
 24%|██▍       | 19/79 [00:00<00:01, 36.08it/s]
 29%|██▉       | 23/79 [00:00<00:01, 36.43it/s]
 34%|███▍      | 27/79 [00:00<00:01, 36.83it/s]
 39%|███▉      | 31/79 [00:00<00:01, 36.66it/s]
 44%|████▍     | 35/79 [00:01<00:01, 36.19it/s]
 49%|████▉     | 39/79 [00:01<00:01, 35.80it/s]
 54%|█████▍    | 43/79 [00:01<00:01, 35.99it/s]
 59%|█████▉    | 47/79 [00:01<00:00, 36.64it/s]
 65%|██████▍   | 51/79 [00:01<00:00, 36.70it/s]
 70%|██████▉   | 55/79 [00:01<00:00, 36.68it/s]
 75%|███████▍  | 59/79 [00:01<00:00, 36.58it/s]
 80%|███████▉  | 63/79 [00:01<00:00, 36.55it/s]
 85%|████████▍ | 67/79 [00:01<00:00, 36.68it/s]
 90%|████████▉ | 71/79 [00:01<00:00, 36.08it/s]
 95%|█████████▍| 75/79 [00:02<00:00, 37.07it/s]
100%|██████████| 79/79 [00:02<00:00, 37.41it/s]
100%|██████████| 79/79 [00:02<00:00, 35.57it/s]

CommRound: 3/30
Accuracy: 79.91% | Loss: 0.6383
[######------------------------------------------------------] 10.0%
Elapsed: 0.5m | Avg/Round: 10.7s | Last: 9.7s | Next: 10.7s | Remaining: 4.8m
ETA: 04:05:02
Recent round times: R1: 9.9s -> R2: 10.1s -> R3: 9.7s

  0%|          | 0/79 [00:00<?, ?it/s]
  1%|▏         | 1/79 [00:00<00:08,  9.12it/s]
  6%|▋         | 5/79 [00:00<00:02, 25.85it/s]
 10%|█         | 8/79 [00:00<00:02, 26.57it/s]
 15%|█▌        | 12/79 [00:00<00:02, 29.00it/s]
 20%|██        | 16/79 [00:00<00:02, 30.20it/s]
 25%|██▌       | 20/79 [00:00<00:01, 31.00it/s]
 30%|███       | 24/79 [00:00<00:01, 31.65it/s]
 35%|███▌      | 28/79 [00:00<00:01, 30.53it/s]
 41%|████      | 32/79 [00:01<00:01, 29.95it/s]
 46%|████▌     | 36/79 [00:01<00:01, 29.54it/s]
 51%|█████     | 40/79 [00:01<00:01, 29.20it/s]
 56%|█████▌    | 44/79 [00:01<00:01, 28.99it/s]
 61%|██████    | 48/79 [00:01<00:01, 28.79it/s]
 66%|██████▌   | 52/79 [00:01<00:00, 28.65it/s]
 71%|███████   | 56/79 [00:01<00:00, 29.34it/s]
 76%|███████▌  | 60/79 [00:02<00:00, 31.61it/s]
 81%|████████  | 64/79 [00:02<00:00, 32.71it/s]
 86%|████████▌ | 68/79 [00:02<00:00, 33.88it/s]
 91%|█████████ | 72/79 [00:02<00:00, 34.73it/s]
 96%|█████████▌| 76/79 [00:02<00:00, 35.64it/s]
100%|██████████| 79/79 [00:02<00:00, 31.15it/s]

CommRound: 4/30
Accuracy: 79.32% | Loss: 0.6688
[########----------------------------------------------------] 13.3%
Elapsed: 0.7m | Avg/Round: 10.6s | Last: 10.4s | Next: 10.6s | Remaining: 4.6m
ETA: 04:05:00
Recent round times: R1: 9.9s -> R2: 10.1s -> R3: 9.7s -> R4: 10.4s

  0%|          | 0/79 [00:00<?, ?it/s]
  3%|▎         | 2/79 [00:00<00:03, 19.63it/s]
  9%|▉         | 7/79 [00:00<00:02, 33.23it/s]
 16%|█▋        | 13/79 [00:00<00:01, 38.21it/s]
 23%|██▎       | 18/79 [00:00<00:01, 42.14it/s]
 29%|██▉       | 23/79 [00:00<00:01, 40.48it/s]
 35%|███▌      | 28/79 [00:00<00:01, 42.89it/s]
 42%|████▏     | 33/79 [00:00<00:01, 41.51it/s]
 48%|████▊     | 38/79 [00:00<00:00, 42.46it/s]
 54%|█████▍    | 43/79 [00:01<00:00, 42.07it/s]
 61%|██████    | 48/79 [00:01<00:00, 41.30it/s]
 67%|██████▋   | 53/79 [00:01<00:00, 42.82it/s]
 73%|███████▎  | 58/79 [00:01<00:00, 40.89it/s]
 81%|████████  | 64/79 [00:01<00:00, 40.91it/s]
 89%|████████▊ | 70/79 [00:01<00:00, 41.44it/s]
 95%|█████████▍| 75/79 [00:01<00:00, 43.11it/s]
100%|██████████| 79/79 [00:01<00:00, 40.89it/s]

CommRound: 5/30
Accuracy: 82.47% | Loss: 0.6098
[##########--------------------------------------------------] 16.7%
Elapsed: 0.9m | Avg/Round: 10.3s | Last: 9.3s | Next: 10.3s | Remaining: 4.3m
ETA: 04:04:52
Recent round times: R1: 9.9s -> R2: 10.1s -> R3: 9.7s -> R4: 10.4s -> R5: 9.3s

  0%|          | 0/79 [00:00<?, ?it/s]
  1%|▏         | 1/79 [00:00<00:11,  6.71it/s]
  6%|▋         | 5/79 [00:00<00:03, 19.80it/s]
 11%|█▏        | 9/79 [00:00<00:03, 22.25it/s]
 16%|█▋        | 13/79 [00:00<00:02, 23.34it/s]
 22%|██▏       | 17/79 [00:00<00:02, 23.75it/s]
 27%|██▋       | 21/79 [00:00<00:02, 24.53it/s]
 32%|███▏      | 25/79 [00:01<00:02, 23.81it/s]
 37%|███▋      | 29/79 [00:01<00:02, 23.60it/s]
 42%|████▏     | 33/79 [00:01<00:01, 23.38it/s]
 47%|████▋     | 37/79 [00:01<00:01, 23.19it/s]
 52%|█████▏    | 41/79 [00:01<00:01, 23.04it/s]
 57%|█████▋    | 45/79 [00:01<00:01, 23.92it/s]
 62%|██████▏   | 49/79 [00:02<00:01, 26.62it/s]
 67%|██████▋   | 53/79 [00:02<00:00, 28.70it/s]
 72%|███████▏  | 57/79 [00:02<00:00, 30.61it/s]
 77%|███████▋  | 61/79 [00:02<00:00, 30.21it/s]
 82%|████████▏ | 65/79 [00:02<00:00, 28.48it/s]
 87%|████████▋ | 69/79 [00:02<00:00, 27.46it/s]
 92%|█████████▏| 73/79 [00:02<00:00, 27.12it/s]
 97%|█████████▋| 77/79 [00:03<00:00, 26.51it/s]
100%|██████████| 79/79 [00:03<00:00, 25.62it/s]

CommRound: 6/30
Accuracy: 83.36% | Loss: 0.6075
[############------------------------------------------------] 20.0%
Elapsed: 1.0m | Avg/Round: 10.4s | Last: 10.7s | Next: 10.4s | Remaining: 4.2m
ETA: 04:04:54
Recent round times: R1: 10.1s -> R2: 9.7s -> R3: 10.4s -> R4: 9.3s -> R5: 10.7s

  0%|          | 0/79 [00:00<?, ?it/s]
  1%|▏         | 1/79 [00:00<00:09,  8.33it/s]
  8%|▊         | 6/79 [00:00<00:02, 30.15it/s]
 13%|█▎        | 10/79 [00:00<00:02, 32.54it/s]
 18%|█▊        | 14/79 [00:00<00:01, 33.75it/s]
 23%|██▎       | 18/79 [00:00<00:01, 33.79it/s]
 28%|██▊       | 22/79 [00:00<00:01, 34.38it/s]
 33%|███▎      | 26/79 [00:00<00:01, 34.87it/s]
 38%|███▊      | 30/79 [00:00<00:01, 35.20it/s]
 43%|████▎     | 34/79 [00:01<00:01, 35.43it/s]
 48%|████▊     | 38/79 [00:01<00:01, 35.84it/s]
 53%|█████▎    | 42/79 [00:01<00:01, 35.95it/s]
 58%|█████▊    | 46/79 [00:01<00:00, 36.10it/s]
 63%|██████▎   | 50/79 [00:01<00:00, 36.04it/s]
 68%|██████▊   | 54/79 [00:01<00:00, 35.98it/s]
 73%|███████▎  | 58/79 [00:01<00:00, 36.07it/s]
 78%|███████▊  | 62/79 [00:01<00:00, 35.97it/s]
 84%|████████▎ | 66/79 [00:01<00:00, 35.78it/s]
 89%|████████▊ | 70/79 [00:02<00:00, 35.66it/s]
 94%|█████████▎| 74/79 [00:02<00:00, 35.60it/s]
 99%|█████████▊| 78/79 [00:02<00:00, 35.72it/s]
100%|██████████| 79/79 [00:02<00:00, 34.84it/s]

CommRound: 7/30
Accuracy: 83.99% | Loss: 0.5968
[##############----------------------------------------------] 23.3%
Elapsed: 1.2m | Avg/Round: 10.3s | Last: 9.8s | Next: 10.3s | Remaining: 4.0m
ETA: 04:04:51
Recent round times: R1: 9.7s -> R2: 10.4s -> R3: 9.3s -> R4: 10.7s -> R5: 9.8s

  0%|          | 0/79 [00:00<?, ?it/s]
  1%|▏         | 1/79 [00:00<00:08,  8.78it/s]
  6%|▋         | 5/79 [00:00<00:03, 20.65it/s]
 10%|█         | 8/79 [00:00<00:03, 22.34it/s]
 14%|█▍        | 11/79 [00:00<00:02, 22.84it/s]
 18%|█▊        | 14/79 [00:00<00:02, 22.36it/s]
 22%|██▏       | 17/79 [00:00<00:02, 24.09it/s]
 25%|██▌       | 20/79 [00:00<00:02, 22.21it/s]
 30%|███       | 24/79 [00:01<00:02, 22.57it/s]
 35%|███▌      | 28/79 [00:01<00:02, 22.82it/s]
 41%|████      | 32/79 [00:01<00:01, 24.44it/s]
 46%|████▌     | 36/79 [00:01<00:01, 26.16it/s]
 51%|█████     | 40/79 [00:01<00:01, 27.55it/s]
 56%|█████▌    | 44/79 [00:01<00:01, 28.51it/s]
 61%|██████    | 48/79 [00:01<00:01, 29.02it/s]
 66%|██████▌   | 52/79 [00:02<00:00, 29.56it/s]
 71%|███████   | 56/79 [00:02<00:00, 28.46it/s]
 76%|███████▌  | 60/79 [00:02<00:00, 27.08it/s]
 81%|████████  | 64/79 [00:02<00:00, 27.08it/s]
 86%|████████▌ | 68/79 [00:02<00:00, 27.07it/s]
 91%|█████████ | 72/79 [00:02<00:00, 26.66it/s]
 96%|█████████▌| 76/79 [00:02<00:00, 27.78it/s]
100%|██████████| 79/79 [00:03<00:00, 26.17it/s]

CommRound: 8/30
Accuracy: 87.15% | Loss: 0.4642
[################--------------------------------------------] 26.7%
Elapsed: 1.4m | Avg/Round: 10.3s | Last: 10.5s | Next: 10.3s | Remaining: 3.8m
ETA: 04:04:52
Recent round times: R1: 10.4s -> R2: 9.3s -> R3: 10.7s -> R4: 9.8s -> R5: 10.5s

  0%|          | 0/79 [00:00<?, ?it/s]
  1%|▏         | 1/79 [00:00<00:09,  8.46it/s]
  8%|▊         | 6/79 [00:00<00:02, 30.01it/s]
 13%|█▎        | 10/79 [00:00<00:02, 32.21it/s]
 18%|█▊        | 14/79 [00:00<00:02, 31.24it/s]
 23%|██▎       | 18/79 [00:00<00:02, 26.46it/s]
 27%|██▋       | 21/79 [00:00<00:02, 22.77it/s]
 32%|███▏      | 25/79 [00:00<00:02, 24.59it/s]
 37%|███▋      | 29/79 [00:01<00:01, 26.56it/s]
 42%|████▏     | 33/79 [00:01<00:01, 25.50it/s]
 47%|████▋     | 37/79 [00:01<00:01, 24.81it/s]
 52%|█████▏    | 41/79 [00:01<00:01, 24.56it/s]
 57%|█████▋    | 45/79 [00:01<00:01, 24.26it/s]
 62%|██████▏   | 49/79 [00:01<00:01, 24.11it/s]
 67%|██████▋   | 53/79 [00:02<00:01, 23.89it/s]
 72%|███████▏  | 57/79 [00:02<00:00, 23.65it/s]
 77%|███████▋  | 61/79 [00:02<00:00, 22.98it/s]
 82%|████████▏ | 65/79 [00:02<00:00, 23.06it/s]
 87%|████████▋ | 69/79 [00:02<00:00, 24.13it/s]
 92%|█████████▏| 73/79 [00:02<00:00, 26.03it/s]
 97%|█████████▋| 77/79 [00:03<00:00, 27.55it/s]
100%|██████████| 79/79 [00:03<00:00, 25.53it/s]

CommRound: 9/30
Accuracy: 87.80% | Loss: 0.4467
[##################------------------------------------------] 30.0%
Elapsed: 1.6m | Avg/Round: 10.4s | Last: 10.8s | Next: 10.4s | Remaining: 3.6m
ETA: 04:04:54
Recent round times: R1: 9.3s -> R2: 10.7s -> R3: 9.8s -> R4: 10.5s -> R5: 10.8s

  0%|          | 0/79 [00:00<?, ?it/s]
  1%|▏         | 1/79 [00:00<00:09,  8.49it/s]
  8%|▊         | 6/79 [00:00<00:02, 29.81it/s]
 13%|█▎        | 10/79 [00:00<00:02, 32.64it/s]
 18%|█▊        | 14/79 [00:00<00:01, 33.58it/s]
 23%|██▎       | 18/79 [00:00<00:01, 34.41it/s]
 28%|██▊       | 22/79 [00:00<00:01, 35.02it/s]
 33%|███▎      | 26/79 [00:00<00:01, 35.07it/s]
 38%|███▊      | 30/79 [00:00<00:01, 33.64it/s]
 43%|████▎     | 34/79 [00:01<00:01, 32.82it/s]
 48%|████▊     | 38/79 [00:01<00:01, 32.04it/s]
 53%|█████▎    | 42/79 [00:01<00:01, 31.84it/s]
 58%|█████▊    | 46/79 [00:01<00:01, 31.74it/s]
 63%|██████▎   | 50/79 [00:01<00:00, 31.69it/s]
 68%|██████▊   | 54/79 [00:01<00:00, 31.64it/s]
 73%|███████▎  | 58/79 [00:01<00:00, 28.71it/s]
 78%|███████▊  | 62/79 [00:02<00:00, 26.76it/s]
 84%|████████▎ | 66/79 [00:02<00:00, 26.72it/s]
 89%|████████▊ | 70/79 [00:02<00:00, 26.73it/s]
 94%|█████████▎| 74/79 [00:02<00:00, 28.11it/s]
 99%|█████████▊| 78/79 [00:02<00:00, 30.24it/s]
100%|██████████| 79/79 [00:02<00:00, 30.63it/s]

CommRound: 10/30
Accuracy: 89.06% | Loss: 0.4142
[####################----------------------------------------] 33.3%
Elapsed: 1.7m | Avg/Round: 10.4s | Last: 10.5s | Next: 10.4s | Remaining: 3.5m
ETA: 04:04:54
Recent round times: R1: 10.7s -> R2: 9.8s -> R3: 10.5s -> R4: 10.8s -> R5: 10.5s

  0%|          | 0/79 [00:00<?, ?it/s]
  1%|▏         | 1/79 [00:00<00:12,  6.48it/s]
  6%|▋         | 5/79 [00:00<00:04, 17.31it/s]
 11%|█▏        | 9/79 [00:00<00:03, 20.82it/s]
 16%|█▋        | 13/79 [00:00<00:02, 22.83it/s]
 22%|██▏       | 17/79 [00:00<00:02, 23.08it/s]
 27%|██▋       | 21/79 [00:00<00:02, 23.25it/s]
 32%|███▏      | 25/79 [00:01<00:02, 23.48it/s]
 37%|███▋      | 29/79 [00:01<00:01, 25.61it/s]
 42%|████▏     | 33/79 [00:01<00:01, 27.20it/s]
 47%|████▋     | 37/79 [00:01<00:01, 27.16it/s]
 52%|█████▏    | 41/79 [00:01<00:01, 26.06it/s]
 57%|█████▋    | 45/79 [00:01<00:01, 25.31it/s]
 62%|██████▏   | 49/79 [00:02<00:01, 26.10it/s]
 67%|██████▋   | 53/79 [00:02<00:00, 27.40it/s]
 72%|███████▏  | 57/79 [00:02<00:00, 27.44it/s]
 77%|███████▋  | 61/79 [00:02<00:00, 26.13it/s]
 82%|████████▏ | 65/79 [00:02<00:00, 25.94it/s]
 87%|████████▋ | 69/79 [00:02<00:00, 25.84it/s]
 92%|█████████▏| 73/79 [00:02<00:00, 25.67it/s]
 97%|█████████▋| 77/79 [00:03<00:00, 25.41it/s]
100%|██████████| 79/79 [00:03<00:00, 25.31it/s]

CommRound: 11/30
Accuracy: 86.04% | Loss: 0.5315
[######################--------------------------------------] 36.7%
Elapsed: 1.9m | Avg/Round: 10.5s | Last: 11.0s | Next: 10.5s | Remaining: 3.3m
ETA: 04:04:56
Recent round times: R1: 9.8s -> R2: 10.5s -> R3: 10.8s -> R4: 10.5s -> R5: 11.0s

  0%|          | 0/79 [00:00<?, ?it/s]
  1%|▏         | 1/79 [00:00<00:10,  7.47it/s]
  6%|▋         | 5/79 [00:00<00:03, 21.29it/s]
 11%|█▏        | 9/79 [00:00<00:02, 23.42it/s]
 16%|█▋        | 13/79 [00:00<00:02, 24.08it/s]
 22%|██▏       | 17/79 [00:00<00:02, 24.72it/s]
 27%|██▋       | 21/79 [00:00<00:02, 24.89it/s]
 30%|███       | 24/79 [00:01<00:02, 25.53it/s]
 34%|███▍      | 27/79 [00:01<00:02, 24.62it/s]
 38%|███▊      | 30/79 [00:01<00:01, 25.30it/s]
 42%|████▏     | 33/79 [00:01<00:01, 24.63it/s]
 46%|████▌     | 36/79 [00:01<00:01, 25.80it/s]
 49%|████▉     | 39/79 [00:01<00:01, 24.89it/s]
 54%|█████▍    | 43/79 [00:01<00:01, 25.16it/s]
 59%|█████▉    | 47/79 [00:01<00:01, 25.33it/s]
 65%|██████▍   | 51/79 [00:02<00:01, 24.96it/s]
 70%|██████▉   | 55/79 [00:02<00:00, 25.63it/s]
 75%|███████▍  | 59/79 [00:02<00:00, 25.37it/s]
 80%|███████▉  | 63/79 [00:02<00:00, 25.06it/s]
 85%|████████▍ | 67/79 [00:02<00:00, 24.81it/s]
 90%|████████▉ | 71/79 [00:02<00:00, 24.45it/s]
 95%|█████████▍| 75/79 [00:03<00:00, 24.34it/s]
100%|██████████| 79/79 [00:03<00:00, 27.50it/s]
100%|██████████| 79/79 [00:03<00:00, 24.90it/s]

CommRound: 12/30
Accuracy: 88.56% | Loss: 0.4186
[########################------------------------------------] 40.0%
Elapsed: 2.1m | Avg/Round: 10.5s | Last: 10.7s | Next: 10.5s | Remaining: 3.1m
ETA: 04:04:56
Recent round times: R1: 10.5s -> R2: 10.8s -> R3: 10.5s -> R4: 11.0s -> R5: 10.7s

  0%|          | 0/79 [00:00<?, ?it/s]
  1%|▏         | 1/79 [00:00<00:08,  9.03it/s]
  6%|▋         | 5/79 [00:00<00:02, 25.43it/s]
 11%|█▏        | 9/79 [00:00<00:02, 25.47it/s]
 16%|█▋        | 13/79 [00:00<00:02, 25.10it/s]
 22%|██▏       | 17/79 [00:00<00:02, 24.89it/s]
 27%|██▋       | 21/79 [00:00<00:02, 24.87it/s]
 32%|███▏      | 25/79 [00:01<00:02, 24.75it/s]
 37%|███▋      | 29/79 [00:01<00:02, 24.69it/s]
 42%|████▏     | 33/79 [00:01<00:01, 24.70it/s]
 47%|████▋     | 37/79 [00:01<00:01, 24.74it/s]
 52%|█████▏    | 41/79 [00:01<00:01, 24.44it/s]
 57%|█████▋    | 45/79 [00:01<00:01, 25.10it/s]
 62%|██████▏   | 49/79 [00:01<00:01, 24.77it/s]
 67%|██████▋   | 53/79 [00:02<00:01, 24.73it/s]
 72%|███████▏  | 57/79 [00:02<00:00, 24.85it/s]
 77%|███████▋  | 61/79 [00:02<00:00, 25.08it/s]
 82%|████████▏ | 65/79 [00:02<00:00, 25.26it/s]
 87%|████████▋ | 69/79 [00:02<00:00, 25.45it/s]
 92%|█████████▏| 73/79 [00:02<00:00, 25.43it/s]
 97%|█████████▋| 77/79 [00:03<00:00, 26.03it/s]
100%|██████████| 79/79 [00:03<00:00, 25.41it/s]

CommRound: 13/30
Accuracy: 87.30% | Loss: 0.5003
[##########################----------------------------------] 43.3%
Elapsed: 2.3m | Avg/Round: 10.5s | Last: 10.9s | Next: 10.5s | Remaining: 3.0m
ETA: 04:04:57
Recent round times: R1: 10.8s -> R2: 10.5s -> R3: 11.0s -> R4: 10.7s -> R5: 10.9s

  0%|          | 0/79 [00:00<?, ?it/s]
  1%|▏         | 1/79 [00:00<00:10,  7.75it/s]
  6%|▋         | 5/79 [00:00<00:03, 19.14it/s]
 11%|█▏        | 9/79 [00:00<00:03, 21.05it/s]
 16%|█▋        | 13/79 [00:00<00:03, 22.00it/s]
 22%|██▏       | 17/79 [00:00<00:02, 22.54it/s]
 27%|██▋       | 21/79 [00:00<00:02, 24.88it/s]
 32%|███▏      | 25/79 [00:01<00:02, 26.64it/s]
 37%|███▋      | 29/79 [00:01<00:01, 25.49it/s]
 42%|████▏     | 33/79 [00:01<00:01, 25.50it/s]
 47%|████▋     | 37/79 [00:01<00:01, 25.51it/s]
 52%|█████▏    | 41/79 [00:01<00:01, 25.57it/s]
 57%|█████▋    | 45/79 [00:01<00:01, 25.41it/s]
 62%|██████▏   | 49/79 [00:01<00:01, 26.94it/s]
 67%|██████▋   | 53/79 [00:02<00:00, 28.45it/s]
 71%|███████   | 56/79 [00:02<00:00, 28.68it/s]
 75%|███████▍  | 59/79 [00:02<00:00, 27.46it/s]
 78%|███████▊  | 62/79 [00:02<00:00, 27.40it/s]
 82%|████████▏ | 65/79 [00:02<00:00, 26.52it/s]
 86%|████████▌ | 68/79 [00:02<00:00, 27.25it/s]
 90%|████████▉ | 71/79 [00:02<00:00, 26.50it/s]
 94%|█████████▎| 74/79 [00:02<00:00, 26.81it/s]
 97%|█████████▋| 77/79 [00:03<00:00, 25.77it/s]
100%|██████████| 79/79 [00:03<00:00, 25.86it/s]

CommRound: 14/30
Accuracy: 88.06% | Loss: 0.4762
[############################--------------------------------] 46.7%
Elapsed: 2.5m | Avg/Round: 10.5s | Last: 10.7s | Next: 10.5s | Remaining: 2.8m
ETA: 04:04:58
Recent round times: R1: 10.5s -> R2: 11.0s -> R3: 10.7s -> R4: 10.9s -> R5: 10.7s

  0%|          | 0/79 [00:00<?, ?it/s]
  1%|▏         | 1/79 [00:00<00:11,  6.69it/s]
  8%|▊         | 6/79 [00:00<00:03, 20.81it/s]
 13%|█▎        | 10/79 [00:00<00:02, 23.21it/s]
 18%|█▊        | 14/79 [00:00<00:02, 23.76it/s]
 23%|██▎       | 18/79 [00:00<00:02, 23.49it/s]
 28%|██▊       | 22/79 [00:00<00:02, 24.46it/s]
 33%|███▎      | 26/79 [00:01<00:02, 24.49it/s]
 38%|███▊      | 30/79 [00:01<00:02, 23.89it/s]
 43%|████▎     | 34/79 [00:01<00:01, 23.97it/s]
 48%|████▊     | 38/79 [00:01<00:01, 24.04it/s]
 52%|█████▏    | 41/79 [00:01<00:01, 24.55it/s]
 56%|█████▌    | 44/79 [00:01<00:01, 23.95it/s]
 59%|█████▉    | 47/79 [00:01<00:01, 24.68it/s]
 63%|██████▎   | 50/79 [00:02<00:01, 22.62it/s]
 68%|██████▊   | 54/79 [00:02<00:01, 23.41it/s]
 72%|███████▏  | 57/79 [00:02<00:00, 24.37it/s]
 76%|███████▌  | 60/79 [00:02<00:00, 23.33it/s]
 80%|███████▉  | 63/79 [00:02<00:00, 24.26it/s]
 84%|████████▎ | 66/79 [00:02<00:00, 22.78it/s]
 87%|████████▋ | 69/79 [00:02<00:00, 23.90it/s]
 91%|█████████ | 72/79 [00:03<00:00, 22.55it/s]
 95%|█████████▍| 75/79 [00:03<00:00, 23.73it/s]
 99%|█████████▊| 78/79 [00:03<00:00, 24.34it/s]
100%|██████████| 79/79 [00:03<00:00, 23.61it/s]

CommRound: 15/30
Accuracy: 89.55% | Loss: 0.4217
[##############################------------------------------] 50.0%
Elapsed: 2.6m | Avg/Round: 10.6s | Last: 11.0s | Next: 10.6s | Remaining: 2.6m
ETA: 04:04:58
Recent round times: R1: 11.0s -> R2: 10.7s -> R3: 10.9s -> R4: 10.7s -> R5: 11.0s

  0%|          | 0/79 [00:00<?, ?it/s]
  1%|▏         | 1/79 [00:00<00:12,  6.03it/s]
  8%|▊         | 6/79 [00:00<00:02, 25.21it/s]
 13%|█▎        | 10/79 [00:00<00:02, 28.67it/s]
 18%|█▊        | 14/79 [00:00<00:02, 28.90it/s]
 23%|██▎       | 18/79 [00:00<00:02, 28.86it/s]
 28%|██▊       | 22/79 [00:00<00:02, 27.42it/s]
 33%|███▎      | 26/79 [00:00<00:01, 27.38it/s]
 38%|███▊      | 30/79 [00:01<00:01, 26.67it/s]
 43%|████▎     | 34/79 [00:01<00:01, 26.95it/s]
 48%|████▊     | 38/79 [00:01<00:01, 26.75it/s]
 53%|█████▎    | 42/79 [00:01<00:01, 26.75it/s]
 58%|█████▊    | 46/79 [00:01<00:01, 26.67it/s]
 63%|██████▎   | 50/79 [00:01<00:01, 26.74it/s]
 68%|██████▊   | 54/79 [00:02<00:00, 26.71it/s]
 73%|███████▎  | 58/79 [00:02<00:00, 27.75it/s]
 78%|███████▊  | 62/79 [00:02<00:00, 29.52it/s]
 84%|████████▎ | 66/79 [00:02<00:00, 31.18it/s]
 89%|████████▊ | 70/79 [00:02<00:00, 31.81it/s]
 94%|█████████▎| 74/79 [00:02<00:00, 33.00it/s]
 99%|█████████▊| 78/79 [00:02<00:00, 33.64it/s]
100%|██████████| 79/79 [00:02<00:00, 28.59it/s]

CommRound: 16/30
Accuracy: 89.50% | Loss: 0.4191
[################################----------------------------] 53.3%
Elapsed: 2.8m | Avg/Round: 10.5s | Last: 10.3s | Next: 10.5s | Remaining: 2.5m
ETA: 04:04:58
Recent round times: R1: 10.7s -> R2: 10.9s -> R3: 10.7s -> R4: 11.0s -> R5: 10.3s

  0%|          | 0/79 [00:00<?, ?it/s]
  1%|▏         | 1/79 [00:00<00:10,  7.37it/s]
  6%|▋         | 5/79 [00:00<00:03, 21.84it/s]
 11%|█▏        | 9/79 [00:00<00:03, 22.82it/s]
 16%|█▋        | 13/79 [00:00<00:02, 22.96it/s]
 22%|██▏       | 17/79 [00:00<00:02, 23.49it/s]
 27%|██▋       | 21/79 [00:00<00:02, 23.95it/s]
 32%|███▏      | 25/79 [00:01<00:02, 25.01it/s]
 37%|███▋      | 29/79 [00:01<00:01, 25.01it/s]
 42%|████▏     | 33/79 [00:01<00:01, 25.98it/s]
 47%|████▋     | 37/79 [00:01<00:01, 26.32it/s]
 52%|█████▏    | 41/79 [00:01<00:01, 27.62it/s]
 57%|█████▋    | 45/79 [00:01<00:01, 29.68it/s]
 62%|██████▏   | 49/79 [00:01<00:00, 31.38it/s]
 67%|██████▋   | 53/79 [00:02<00:00, 30.68it/s]
 72%|███████▏  | 57/79 [00:02<00:00, 29.47it/s]
 76%|███████▌  | 60/79 [00:02<00:00, 29.13it/s]
 80%|███████▉  | 63/79 [00:02<00:00, 27.72it/s]
 84%|████████▎ | 66/79 [00:02<00:00, 26.42it/s]
 87%|████████▋ | 69/79 [00:02<00:00, 26.43it/s]
 91%|█████████ | 72/79 [00:02<00:00, 25.82it/s]
 96%|█████████▌| 76/79 [00:02<00:00, 28.44it/s]
100%|██████████| 79/79 [00:02<00:00, 26.90it/s]

CommRound: 17/30
Accuracy: 89.49% | Loss: 0.4226
[##################################--------------------------] 56.7%
Elapsed: 3.0m | Avg/Round: 10.5s | Last: 10.6s | Next: 10.5s | Remaining: 2.3m
ETA: 04:04:58
Recent round times: R1: 10.9s -> R2: 10.7s -> R3: 11.0s -> R4: 10.3s -> R5: 10.6s

  0%|          | 0/79 [00:00<?, ?it/s]
  1%|▏         | 1/79 [00:00<00:10,  7.80it/s]
  8%|▊         | 6/79 [00:00<00:02, 24.76it/s]
 13%|█▎        | 10/79 [00:00<00:02, 26.61it/s]
 18%|█▊        | 14/79 [00:00<00:02, 29.98it/s]
 23%|██▎       | 18/79 [00:00<00:01, 31.60it/s]
 28%|██▊       | 22/79 [00:00<00:01, 32.57it/s]
 33%|███▎      | 26/79 [00:00<00:01, 33.32it/s]
 38%|███▊      | 30/79 [00:00<00:01, 33.81it/s]
 43%|████▎     | 34/79 [00:01<00:01, 33.46it/s]
 48%|████▊     | 38/79 [00:01<00:01, 31.67it/s]
 53%|█████▎    | 42/79 [00:01<00:01, 30.16it/s]
 58%|█████▊    | 46/79 [00:01<00:01, 29.12it/s]
 63%|██████▎   | 50/79 [00:01<00:01, 28.81it/s]
 68%|██████▊   | 54/79 [00:01<00:00, 28.33it/s]
 72%|███████▏  | 57/79 [00:01<00:00, 28.70it/s]
 76%|███████▌  | 60/79 [00:02<00:00, 27.17it/s]
 81%|████████  | 64/79 [00:02<00:00, 28.68it/s]
 86%|████████▌ | 68/79 [00:02<00:00, 30.55it/s]
 91%|█████████ | 72/79 [00:02<00:00, 32.01it/s]
 96%|█████████▌| 76/79 [00:02<00:00, 33.08it/s]
100%|██████████| 79/79 [00:02<00:00, 30.50it/s]

CommRound: 18/30
Accuracy: 89.53% | Loss: 0.4235
[####################################------------------------] 60.0%
Elapsed: 3.2m | Avg/Round: 10.5s | Last: 10.2s | Next: 10.5s | Remaining: 2.1m
ETA: 04:04:57
Recent round times: R1: 10.7s -> R2: 11.0s -> R3: 10.3s -> R4: 10.6s -> R5: 10.2s

  0%|          | 0/79 [00:00<?, ?it/s]
  1%|▏         | 1/79 [00:00<00:09,  8.58it/s]
  6%|▋         | 5/79 [00:00<00:02, 25.65it/s]
 11%|█▏        | 9/79 [00:00<00:02, 29.78it/s]
 16%|█▋        | 13/79 [00:00<00:02, 31.74it/s]
 22%|██▏       | 17/79 [00:00<00:01, 32.91it/s]
 27%|██▋       | 21/79 [00:00<00:01, 33.69it/s]
 32%|███▏      | 25/79 [00:00<00:01, 32.69it/s]
 37%|███▋      | 29/79 [00:00<00:01, 30.08it/s]
 42%|████▏     | 33/79 [00:01<00:01, 31.12it/s]
 47%|████▋     | 37/79 [00:01<00:01, 32.48it/s]
 52%|█████▏    | 41/79 [00:01<00:01, 33.04it/s]
 57%|█████▋    | 45/79 [00:01<00:01, 33.47it/s]
 62%|██████▏   | 49/79 [00:01<00:01, 27.41it/s]
 66%|██████▌   | 52/79 [00:01<00:01, 22.60it/s]
 70%|██████▉   | 55/79 [00:01<00:01, 23.51it/s]
 73%|███████▎  | 58/79 [00:02<00:00, 23.34it/s]
 78%|███████▊  | 62/79 [00:02<00:00, 25.84it/s]
 84%|████████▎ | 66/79 [00:02<00:00, 28.04it/s]
 89%|████████▊ | 70/79 [00:02<00:00, 29.11it/s]
 94%|█████████▎| 74/79 [00:02<00:00, 28.70it/s]
 99%|█████████▊| 78/79 [00:02<00:00, 29.46it/s]
100%|██████████| 79/79 [00:02<00:00, 28.86it/s]

CommRound: 19/30
Accuracy: 89.58% | Loss: 0.4245
[######################################----------------------] 63.3%
Elapsed: 3.3m | Avg/Round: 10.5s | Last: 10.4s | Next: 10.5s | Remaining: 1.9m
ETA: 04:04:57
Recent round times: R1: 11.0s -> R2: 10.3s -> R3: 10.6s -> R4: 10.2s -> R5: 10.4s

  0%|          | 0/79 [00:00<?, ?it/s]
  1%|▏         | 1/79 [00:00<00:12,  6.21it/s]
  6%|▋         | 5/79 [00:00<00:04, 15.79it/s]
  9%|▉         | 7/79 [00:00<00:04, 16.66it/s]
 11%|█▏        | 9/79 [00:00<00:04, 17.18it/s]
 14%|█▍        | 11/79 [00:00<00:03, 17.51it/s]
 16%|█▋        | 13/79 [00:00<00:03, 17.62it/s]
 19%|█▉        | 15/79 [00:00<00:03, 17.85it/s]
 22%|██▏       | 17/79 [00:01<00:03, 17.92it/s]
 24%|██▍       | 19/79 [00:01<00:03, 17.96it/s]
 27%|██▋       | 21/79 [00:01<00:03, 18.53it/s]
 30%|███       | 24/79 [00:01<00:02, 21.61it/s]
 34%|███▍      | 27/79 [00:01<00:02, 19.07it/s]
 39%|███▉      | 31/79 [00:01<00:02, 19.74it/s]
 43%|████▎     | 34/79 [00:01<00:02, 21.93it/s]
 47%|████▋     | 37/79 [00:01<00:02, 19.70it/s]
 51%|█████     | 40/79 [00:02<00:01, 21.82it/s]
 54%|█████▍    | 43/79 [00:02<00:01, 19.91it/s]
 58%|█████▊    | 46/79 [00:02<00:01, 21.93it/s]
 62%|██████▏   | 49/79 [00:02<00:01, 21.20it/s]
 66%|██████▌   | 52/79 [00:02<00:01, 22.74it/s]
 70%|██████▉   | 55/79 [00:02<00:01, 21.24it/s]
 73%|███████▎  | 58/79 [00:02<00:00, 22.20it/s]
 77%|███████▋  | 61/79 [00:03<00:00, 20.52it/s]
 81%|████████  | 64/79 [00:03<00:00, 21.39it/s]
 85%|████████▍ | 67/79 [00:03<00:00, 20.29it/s]
 89%|████████▊ | 70/79 [00:03<00:00, 22.06it/s]
 92%|█████████▏| 73/79 [00:03<00:00, 21.76it/s]
 97%|█████████▋| 77/79 [00:03<00:00, 22.98it/s]
100%|██████████| 79/79 [00:03<00:00, 20.59it/s]

CommRound: 20/30
Accuracy: 89.64% | Loss: 0.4251
[########################################--------------------] 66.7%
Elapsed: 3.5m | Avg/Round: 10.6s | Last: 11.7s | Next: 10.6s | Remaining: 1.8m
ETA: 04:04:59
Recent round times: R1: 10.3s -> R2: 10.6s -> R3: 10.2s -> R4: 10.4s -> R5: 11.7s

  0%|          | 0/79 [00:00<?, ?it/s]
  1%|▏         | 1/79 [00:00<00:09,  7.90it/s]
  8%|▊         | 6/79 [00:00<00:02, 28.68it/s]
 11%|█▏        | 9/79 [00:00<00:02, 29.20it/s]
 16%|█▋        | 13/79 [00:00<00:02, 31.68it/s]
 22%|██▏       | 17/79 [00:00<00:01, 33.18it/s]
 27%|██▋       | 21/79 [00:00<00:01, 33.95it/s]
 32%|███▏      | 25/79 [00:00<00:01, 34.69it/s]
 37%|███▋      | 29/79 [00:00<00:01, 34.74it/s]
 42%|████▏     | 33/79 [00:01<00:01, 34.95it/s]
 47%|████▋     | 37/79 [00:01<00:01, 34.13it/s]
 52%|█████▏    | 41/79 [00:01<00:01, 34.41it/s]
 57%|█████▋    | 45/79 [00:01<00:01, 31.85it/s]
 62%|██████▏   | 49/79 [00:01<00:01, 29.39it/s]
 67%|██████▋   | 53/79 [00:01<00:00, 28.13it/s]
 71%|███████   | 56/79 [00:01<00:00, 25.03it/s]
 76%|███████▌  | 60/79 [00:01<00:00, 27.72it/s]
 81%|████████  | 64/79 [00:02<00:00, 29.65it/s]
 86%|████████▌ | 68/79 [00:02<00:00, 31.30it/s]
 91%|█████████ | 72/79 [00:02<00:00, 32.15it/s]
 96%|█████████▌| 76/79 [00:02<00:00, 30.32it/s]
100%|██████████| 79/79 [00:02<00:00, 30.95it/s]

CommRound: 21/30
Accuracy: 89.68% | Loss: 0.4259
[##########################################------------------] 70.0%
Elapsed: 3.7m | Avg/Round: 10.5s | Last: 10.0s | Next: 10.5s | Remaining: 1.6m
ETA: 04:04:58
Recent round times: R1: 10.6s -> R2: 10.2s -> R3: 10.4s -> R4: 11.7s -> R5: 10.0s

  0%|          | 0/79 [00:00<?, ?it/s]
  1%|▏         | 1/79 [00:00<00:09,  8.55it/s]
  6%|▋         | 5/79 [00:00<00:02, 25.40it/s]
 10%|█         | 8/79 [00:00<00:02, 26.16it/s]
 15%|█▌        | 12/79 [00:00<00:02, 29.68it/s]
 20%|██        | 16/79 [00:00<00:01, 31.74it/s]
 25%|██▌       | 20/79 [00:00<00:01, 33.09it/s]
 30%|███       | 24/79 [00:00<00:01, 33.55it/s]
 35%|███▌      | 28/79 [00:00<00:01, 34.10it/s]
 41%|████      | 32/79 [00:01<00:01, 34.23it/s]
 46%|████▌     | 36/79 [00:01<00:01, 34.71it/s]
 51%|█████     | 40/79 [00:01<00:01, 34.66it/s]
 56%|█████▌    | 44/79 [00:01<00:01, 34.76it/s]
 61%|██████    | 48/79 [00:01<00:00, 31.90it/s]
 66%|██████▌   | 52/79 [00:01<00:00, 31.55it/s]
 71%|███████   | 56/79 [00:01<00:00, 30.31it/s]
 76%|███████▌  | 60/79 [00:01<00:00, 29.07it/s]
 81%|████████  | 64/79 [00:02<00:00, 29.03it/s]
 86%|████████▌ | 68/79 [00:02<00:00, 29.25it/s]
 91%|█████████ | 72/79 [00:02<00:00, 29.41it/s]
 96%|█████████▌| 76/79 [00:02<00:00, 29.60it/s]
100%|██████████| 79/79 [00:02<00:00, 30.98it/s]

CommRound: 22/30
Accuracy: 89.75% | Loss: 0.4266
[############################################----------------] 73.3%
Elapsed: 3.9m | Avg/Round: 10.5s | Last: 9.9s | Next: 10.5s | Remaining: 1.4m
ETA: 04:04:57
Recent round times: R1: 10.2s -> R2: 10.4s -> R3: 11.7s -> R4: 10.0s -> R5: 9.9s

  0%|          | 0/79 [00:00<?, ?it/s]
  1%|▏         | 1/79 [00:00<00:09,  8.36it/s]
  6%|▋         | 5/79 [00:00<00:02, 25.41it/s]
 11%|█▏        | 9/79 [00:00<00:02, 29.95it/s]
 16%|█▋        | 13/79 [00:00<00:02, 31.93it/s]
 22%|██▏       | 17/79 [00:00<00:01, 33.14it/s]
 27%|██▋       | 21/79 [00:00<00:01, 34.01it/s]
 32%|███▏      | 25/79 [00:00<00:01, 33.87it/s]
 37%|███▋      | 29/79 [00:00<00:01, 34.66it/s]
 42%|████▏     | 33/79 [00:01<00:01, 34.75it/s]
 47%|████▋     | 37/79 [00:01<00:01, 35.06it/s]
 52%|█████▏    | 41/79 [00:01<00:01, 35.23it/s]
 57%|█████▋    | 45/79 [00:01<00:00, 35.32it/s]
 62%|██████▏   | 49/79 [00:01<00:00, 35.31it/s]
 67%|██████▋   | 53/79 [00:01<00:00, 35.23it/s]
 72%|███████▏  | 57/79 [00:01<00:00, 35.45it/s]
 77%|███████▋  | 61/79 [00:01<00:00, 35.49it/s]
 82%|████████▏ | 65/79 [00:01<00:00, 35.59it/s]
 87%|████████▋ | 69/79 [00:02<00:00, 35.56it/s]
 92%|█████████▏| 73/79 [00:02<00:00, 35.14it/s]
 97%|█████████▋| 77/79 [00:02<00:00, 35.42it/s]
100%|██████████| 79/79 [00:02<00:00, 34.54it/s]

CommRound: 23/30
Accuracy: 89.77% | Loss: 0.4271
[##############################################--------------] 76.7%
Elapsed: 4.0m | Avg/Round: 10.5s | Last: 9.7s | Next: 10.5s | Remaining: 1.2m
ETA: 04:04:56
Recent round times: R1: 10.4s -> R2: 11.7s -> R3: 10.0s -> R4: 9.9s -> R5: 9.7s

  0%|          | 0/79 [00:00<?, ?it/s]
  1%|▏         | 1/79 [00:00<00:08,  8.95it/s]
  6%|▋         | 5/79 [00:00<00:02, 26.05it/s]
 11%|█▏        | 9/79 [00:00<00:02, 29.70it/s]
 16%|█▋        | 13/79 [00:00<00:02, 31.46it/s]
 22%|██▏       | 17/79 [00:00<00:01, 32.49it/s]
 27%|██▋       | 21/79 [00:00<00:01, 33.59it/s]
 32%|███▏      | 25/79 [00:00<00:01, 34.39it/s]
 37%|███▋      | 29/79 [00:00<00:01, 34.94it/s]
 42%|████▏     | 33/79 [00:01<00:01, 35.09it/s]
 47%|████▋     | 37/79 [00:01<00:01, 32.87it/s]
 52%|█████▏    | 41/79 [00:01<00:01, 28.82it/s]
 56%|█████▌    | 44/79 [00:01<00:01, 28.02it/s]
 59%|█████▉    | 47/79 [00:01<00:01, 26.85it/s]
 63%|██████▎   | 50/79 [00:01<00:01, 25.57it/s]
 68%|██████▊   | 54/79 [00:01<00:00, 25.10it/s]
 73%|███████▎  | 58/79 [00:02<00:00, 25.26it/s]
 78%|███████▊  | 62/79 [00:02<00:00, 25.65it/s]
 84%|████████▎ | 66/79 [00:02<00:00, 25.40it/s]
 89%|████████▊ | 70/79 [00:02<00:00, 25.79it/s]
 94%|█████████▎| 74/79 [00:02<00:00, 25.93it/s]
 99%|█████████▊| 78/79 [00:02<00:00, 27.49it/s]
100%|██████████| 79/79 [00:02<00:00, 28.37it/s]

CommRound: 24/30
Accuracy: 89.79% | Loss: 0.4277
[################################################------------] 80.0%
Elapsed: 4.2m | Avg/Round: 10.5s | Last: 10.4s | Next: 10.5s | Remaining: 1.0m
ETA: 04:04:56
Recent round times: R1: 11.7s -> R2: 10.0s -> R3: 9.9s -> R4: 9.7s -> R5: 10.4s

  0%|          | 0/79 [00:00<?, ?it/s]
  1%|▏         | 1/79 [00:00<00:10,  7.36it/s]
  6%|▋         | 5/79 [00:00<00:03, 22.83it/s]
 11%|█▏        | 9/79 [00:00<00:02, 26.72it/s]
 16%|█▋        | 13/79 [00:00<00:02, 28.50it/s]
 22%|██▏       | 17/79 [00:00<00:02, 29.55it/s]
 27%|██▋       | 21/79 [00:00<00:02, 27.79it/s]
 32%|███▏      | 25/79 [00:00<00:02, 26.55it/s]
 37%|███▋      | 29/79 [00:01<00:01, 25.44it/s]
 42%|████▏     | 33/79 [00:01<00:01, 23.93it/s]
 47%|████▋     | 37/79 [00:01<00:01, 24.68it/s]
 52%|█████▏    | 41/79 [00:01<00:01, 24.99it/s]
 57%|█████▋    | 45/79 [00:01<00:01, 25.36it/s]
 62%|██████▏   | 49/79 [00:01<00:01, 27.03it/s]
 67%|██████▋   | 53/79 [00:02<00:00, 28.35it/s]
 72%|███████▏  | 57/79 [00:02<00:00, 29.09it/s]
 76%|███████▌  | 60/79 [00:02<00:00, 29.31it/s]
 80%|███████▉  | 63/79 [00:02<00:00, 28.11it/s]
 85%|████████▍ | 67/79 [00:02<00:00, 29.18it/s]
 90%|████████▉ | 71/79 [00:02<00:00, 29.93it/s]
 95%|█████████▍| 75/79 [00:02<00:00, 30.24it/s]
100%|██████████| 79/79 [00:02<00:00, 27.73it/s]

CommRound: 25/30
Accuracy: 89.80% | Loss: 0.4284
[##################################################----------] 83.3%
Elapsed: 4.4m | Avg/Round: 10.5s | Last: 10.6s | Next: 10.5s | Remaining: 0.9m
ETA: 04:04:56
Recent round times: R1: 10.0s -> R2: 9.9s -> R3: 9.7s -> R4: 10.4s -> R5: 10.6s

  0%|          | 0/79 [00:00<?, ?it/s]
  1%|▏         | 1/79 [00:00<00:09,  8.16it/s]
  6%|▋         | 5/79 [00:00<00:03, 23.53it/s]
 11%|█▏        | 9/79 [00:00<00:02, 29.69it/s]
 16%|█▋        | 13/79 [00:00<00:02, 31.14it/s]
 22%|██▏       | 17/79 [00:00<00:02, 30.95it/s]
 27%|██▋       | 21/79 [00:00<00:01, 33.59it/s]
 32%|███▏      | 25/79 [00:00<00:01, 34.69it/s]
 37%|███▋      | 29/79 [00:00<00:01, 35.17it/s]
 42%|████▏     | 33/79 [00:01<00:01, 35.56it/s]
 47%|████▋     | 37/79 [00:01<00:01, 35.71it/s]
 52%|█████▏    | 41/79 [00:01<00:01, 35.76it/s]
 57%|█████▋    | 45/79 [00:01<00:01, 30.96it/s]
 62%|██████▏   | 49/79 [00:01<00:01, 29.25it/s]
 67%|██████▋   | 53/79 [00:01<00:00, 30.96it/s]
 72%|███████▏  | 57/79 [00:01<00:00, 32.37it/s]
 77%|███████▋  | 61/79 [00:01<00:00, 33.38it/s]
 82%|████████▏ | 65/79 [00:02<00:00, 34.33it/s]
 90%|████████▉ | 71/79 [00:02<00:00, 36.78it/s]
 97%|█████████▋| 77/79 [00:02<00:00, 38.51it/s]
100%|██████████| 79/79 [00:02<00:00, 34.00it/s]

CommRound: 26/30
Accuracy: 89.84% | Loss: 0.4289
[####################################################--------] 86.7%
Elapsed: 4.5m | Avg/Round: 10.5s | Last: 10.2s | Next: 10.5s | Remaining: 0.7m
ETA: 04:04:56
Recent round times: R1: 9.9s -> R2: 9.7s -> R3: 10.4s -> R4: 10.6s -> R5: 10.2s

  0%|          | 0/79 [00:00<?, ?it/s]
  1%|▏         | 1/79 [00:00<00:08,  9.18it/s]
  6%|▋         | 5/79 [00:00<00:02, 25.32it/s]
 11%|█▏        | 9/79 [00:00<00:02, 29.09it/s]
 18%|█▊        | 14/79 [00:00<00:01, 36.60it/s]
 23%|██▎       | 18/79 [00:00<00:01, 37.34it/s]
 28%|██▊       | 22/79 [00:00<00:01, 34.77it/s]
 33%|███▎      | 26/79 [00:00<00:01, 31.42it/s]
 39%|███▉      | 31/79 [00:00<00:01, 32.50it/s]
 44%|████▍     | 35/79 [00:01<00:01, 33.96it/s]
 49%|████▉     | 39/79 [00:01<00:01, 35.08it/s]
 54%|█████▍    | 43/79 [00:01<00:01, 35.78it/s]
 59%|█████▉    | 47/79 [00:01<00:00, 34.79it/s]
 65%|██████▍   | 51/79 [00:01<00:00, 35.00it/s]
 70%|██████▉   | 55/79 [00:01<00:00, 34.82it/s]
 75%|███████▍  | 59/79 [00:01<00:00, 34.60it/s]
 80%|███████▉  | 63/79 [00:01<00:00, 34.35it/s]
 85%|████████▍ | 67/79 [00:02<00:00, 29.65it/s]
 90%|████████▉ | 71/79 [00:02<00:00, 31.00it/s]
 95%|█████████▍| 75/79 [00:02<00:00, 21.97it/s]
100%|██████████| 79/79 [00:02<00:00, 31.23it/s]

CommRound: 27/30
Accuracy: 89.89% | Loss: 0.4294
[######################################################------] 90.0%
Elapsed: 4.7m | Avg/Round: 10.5s | Last: 10.3s | Next: 10.5s | Remaining: 0.5m
ETA: 04:04:56
Recent round times: R1: 9.7s -> R2: 10.4s -> R3: 10.6s -> R4: 10.2s -> R5: 10.3s

  0%|          | 0/79 [00:00<?, ?it/s]
  1%|▏         | 1/79 [00:00<00:23,  3.29it/s]
  6%|▋         | 5/79 [00:00<00:05, 14.47it/s]
 10%|█         | 8/79 [00:00<00:04, 17.53it/s]
 14%|█▍        | 11/79 [00:00<00:04, 16.88it/s]
 16%|█▋        | 13/79 [00:00<00:04, 16.18it/s]
 19%|█▉        | 15/79 [00:01<00:04, 15.63it/s]
 22%|██▏       | 17/79 [00:01<00:03, 15.73it/s]
 24%|██▍       | 19/79 [00:01<00:03, 16.31it/s]
 27%|██▋       | 21/79 [00:01<00:03, 15.58it/s]
 29%|██▉       | 23/79 [00:01<00:03, 15.44it/s]
 32%|███▏      | 25/79 [00:01<00:03, 15.37it/s]
 35%|███▌      | 28/79 [00:01<00:02, 18.60it/s]
 41%|████      | 32/79 [00:01<00:02, 22.39it/s]
 46%|████▌     | 36/79 [00:02<00:01, 25.10it/s]
 51%|█████     | 40/79 [00:02<00:01, 26.97it/s]
 56%|█████▌    | 44/79 [00:02<00:01, 26.76it/s]
 59%|█████▉    | 47/79 [00:02<00:01, 26.60it/s]
 63%|██████▎   | 50/79 [00:02<00:01, 20.91it/s]
 67%|██████▋   | 53/79 [00:02<00:01, 21.49it/s]
 71%|███████   | 56/79 [00:03<00:01, 17.77it/s]
 73%|███████▎  | 58/79 [00:03<00:01, 17.31it/s]
 76%|███████▌  | 60/79 [00:03<00:01, 16.73it/s]
 81%|████████  | 64/79 [00:03<00:00, 20.47it/s]
 86%|████████▌ | 68/79 [00:03<00:00, 23.32it/s]
 91%|█████████ | 72/79 [00:03<00:00, 25.22it/s]
 96%|█████████▌| 76/79 [00:03<00:00, 26.57it/s]
100%|██████████| 79/79 [00:03<00:00, 20.27it/s]

CommRound: 28/30
Accuracy: 89.89% | Loss: 0.4301
[########################################################----] 93.3%
Elapsed: 4.9m | Avg/Round: 10.5s | Last: 11.7s | Next: 10.5s | Remaining: 0.4m
ETA: 04:04:57
Recent round times: R1: 10.4s -> R2: 10.6s -> R3: 10.2s -> R4: 10.3s -> R5: 11.7s

  0%|          | 0/79 [00:00<?, ?it/s]
  1%|▏         | 1/79 [00:00<00:10,  7.47it/s]
  6%|▋         | 5/79 [00:00<00:03, 23.56it/s]
 10%|█         | 8/79 [00:00<00:03, 23.58it/s]
 14%|█▍        | 11/79 [00:00<00:05, 12.68it/s]
 16%|█▋        | 13/79 [00:00<00:04, 13.94it/s]
 20%|██        | 16/79 [00:00<00:03, 16.42it/s]
 25%|██▌       | 20/79 [00:01<00:02, 20.26it/s]
 30%|███       | 24/79 [00:01<00:02, 23.42it/s]
 34%|███▍      | 27/79 [00:01<00:02, 24.29it/s]
 39%|███▉      | 31/79 [00:01<00:01, 26.58it/s]
 44%|████▍     | 35/79 [00:01<00:01, 28.15it/s]
 49%|████▉     | 39/79 [00:01<00:01, 29.08it/s]
 54%|█████▍    | 43/79 [00:01<00:01, 29.98it/s]
 59%|█████▉    | 47/79 [00:01<00:01, 30.84it/s]
 65%|██████▍   | 51/79 [00:02<00:00, 28.02it/s]
 70%|██████▉   | 55/79 [00:02<00:00, 28.42it/s]
 75%|███████▍  | 59/79 [00:02<00:00, 29.55it/s]
 80%|███████▉  | 63/79 [00:02<00:00, 30.04it/s]
 85%|████████▍ | 67/79 [00:02<00:00, 30.10it/s]
 90%|████████▉ | 71/79 [00:02<00:00, 30.76it/s]
 95%|█████████▍| 75/79 [00:02<00:00, 30.45it/s]
100%|██████████| 79/79 [00:03<00:00, 25.88it/s]

CommRound: 29/30
Accuracy: 89.88% | Loss: 0.4307
[##########################################################--] 96.7%
Elapsed: 5.1m | Avg/Round: 10.5s | Last: 10.8s | Next: 10.5s | Remaining: 0.2m
ETA: 04:04:57
Recent round times: R1: 10.6s -> R2: 10.2s -> R3: 10.3s -> R4: 11.7s -> R5: 10.8s

  0%|          | 0/79 [00:00<?, ?it/s]
  1%|▏         | 1/79 [00:00<00:16,  4.80it/s]
  5%|▌         | 4/79 [00:00<00:05, 14.49it/s]
  8%|▊         | 6/79 [00:00<00:05, 13.92it/s]
 10%|█         | 8/79 [00:00<00:04, 15.03it/s]
 13%|█▎        | 10/79 [00:00<00:06, 10.75it/s]
 15%|█▌        | 12/79 [00:00<00:05, 12.28it/s]
 18%|█▊        | 14/79 [00:01<00:04, 13.41it/s]
 20%|██        | 16/79 [00:01<00:04, 13.98it/s]
 24%|██▍       | 19/79 [00:01<00:04, 13.93it/s]
 27%|██▋       | 21/79 [00:01<00:03, 14.65it/s]
 29%|██▉       | 23/79 [00:01<00:03, 15.59it/s]
 32%|███▏      | 25/79 [00:01<00:03, 15.83it/s]
 34%|███▍      | 27/79 [00:01<00:03, 16.20it/s]
 37%|███▋      | 29/79 [00:02<00:03, 16.35it/s]
 39%|███▉      | 31/79 [00:02<00:02, 16.68it/s]
 42%|████▏     | 33/79 [00:02<00:02, 16.40it/s]
 44%|████▍     | 35/79 [00:02<00:02, 16.28it/s]
 47%|████▋     | 37/79 [00:02<00:02, 16.30it/s]
 49%|████▉     | 39/79 [00:02<00:02, 16.42it/s]
 52%|█████▏    | 41/79 [00:02<00:02, 16.55it/s]
 54%|█████▍    | 43/79 [00:02<00:02, 16.76it/s]
 57%|█████▋    | 45/79 [00:02<00:02, 16.79it/s]
 59%|█████▉    | 47/79 [00:03<00:01, 17.13it/s]
 62%|██████▏   | 49/79 [00:03<00:01, 17.04it/s]
 66%|██████▌   | 52/79 [00:03<00:01, 19.21it/s]
 68%|██████▊   | 54/79 [00:03<00:01, 18.73it/s]
 71%|███████   | 56/79 [00:03<00:01, 18.36it/s]
 73%|███████▎  | 58/79 [00:03<00:01, 18.20it/s]
 76%|███████▌  | 60/79 [00:03<00:01, 18.08it/s]
 80%|███████▉  | 63/79 [00:03<00:00, 20.82it/s]
 85%|████████▍ | 67/79 [00:04<00:00, 23.82it/s]
 89%|████████▊ | 70/79 [00:04<00:00, 25.41it/s]
 94%|█████████▎| 74/79 [00:04<00:00, 26.64it/s]
 99%|█████████▊| 78/79 [00:04<00:00, 27.61it/s]
100%|██████████| 79/79 [00:04<00:00, 17.75it/s]

CommRound: 30/30
Accuracy: 89.89% | Loss: 0.4312
[############################################################] 100.0%
Elapsed: 5.3m | Avg/Round: 10.6s | Last: 12.4s | Next: 10.6s | Remaining: 0.0m
ETA: 04:04:59
Recent round times: R1: 10.2s -> R2: 10.3s -> R3: 11.7s -> R4: 10.8s -> R5: 12.4s
Total time for experiment: 317.40322971343994 seconds
Device average training time per communication round [s]:
    rpi (sld-rpi-09.ece.utexas.edu): 4.70 seconds
    mc1 (sld-mc1-09.ece.utexas.edu): 2.82 seconds
