
  0%|          | 0/79 [00:00<?, ?it/s]
  3%|▎         | 2/79 [00:00<00:03, 19.99it/s]
  9%|▉         | 7/79 [00:00<00:02, 31.57it/s]
 14%|█▍        | 11/79 [00:00<00:01, 35.02it/s]
 20%|██        | 16/79 [00:00<00:01, 35.91it/s]
 25%|██▌       | 20/79 [00:00<00:01, 36.06it/s]
 30%|███       | 24/79 [00:00<00:01, 36.90it/s]
 35%|███▌      | 28/79 [00:00<00:01, 37.34it/s]
 42%|████▏     | 33/79 [00:00<00:01, 40.18it/s]
 48%|████▊     | 38/79 [00:01<00:01, 38.19it/s]
 54%|█████▍    | 43/79 [00:01<00:00, 39.73it/s]
 61%|██████    | 48/79 [00:01<00:00, 37.60it/s]
 66%|██████▌   | 52/79 [00:01<00:00, 37.35it/s]
 71%|███████   | 56/79 [00:01<00:00, 37.08it/s]
 76%|███████▌  | 60/79 [00:01<00:00, 37.16it/s]
 81%|████████  | 64/79 [00:01<00:00, 37.93it/s]
 86%|████████▌ | 68/79 [00:01<00:00, 38.34it/s]
 91%|█████████ | 72/79 [00:01<00:00, 38.73it/s]
 96%|█████████▌| 76/79 [00:02<00:00, 39.05it/s]
100%|██████████| 79/79 [00:02<00:00, 37.72it/s]
Initial Accuracy: 10.69%; Initial Loss: 2.2926

  0%|          | 0/79 [00:00<?, ?it/s]
  1%|▏         | 1/79 [00:00<00:09,  8.32it/s]
  9%|▉         | 7/79 [00:00<00:02, 34.63it/s]
 15%|█▌        | 12/79 [00:00<00:01, 40.54it/s]
 22%|██▏       | 17/79 [00:00<00:01, 37.66it/s]
 28%|██▊       | 22/79 [00:00<00:01, 41.18it/s]
 34%|███▍      | 27/79 [00:00<00:01, 38.18it/s]
 39%|███▉      | 31/79 [00:00<00:01, 38.63it/s]
 44%|████▍     | 35/79 [00:00<00:01, 36.71it/s]
 49%|████▉     | 39/79 [00:01<00:01, 36.70it/s]
 56%|█████▌    | 44/79 [00:01<00:00, 39.94it/s]
 62%|██████▏   | 49/79 [00:01<00:00, 37.44it/s]
 68%|██████▊   | 54/79 [00:01<00:00, 40.35it/s]
 75%|███████▍  | 59/79 [00:01<00:00, 37.97it/s]
 80%|███████▉  | 63/79 [00:01<00:00, 38.35it/s]
 86%|████████▌ | 68/79 [00:01<00:00, 40.93it/s]
 92%|█████████▏| 73/79 [00:01<00:00, 38.26it/s]
 97%|█████████▋| 77/79 [00:02<00:00, 38.64it/s]
100%|██████████| 79/79 [00:02<00:00, 38.59it/s]

CommRound: 1/30
Accuracy: 62.26% | Loss: 1.1808
[##----------------------------------------------------------] 3.3%
Elapsed: 1.4m | Avg/Round: 85.5s | Last: 83.3s | Next: 85.5s | Remaining: 41.3m
ETA: 10:31:48
Recent round times: R1: 83.3s

  0%|          | 0/79 [00:00<?, ?it/s]
  1%|▏         | 1/79 [00:00<00:08,  9.08it/s]
  8%|▊         | 6/79 [00:00<00:02, 31.18it/s]
 14%|█▍        | 11/79 [00:00<00:02, 33.86it/s]
 19%|█▉        | 15/79 [00:00<00:01, 35.19it/s]
 24%|██▍       | 19/79 [00:00<00:01, 36.09it/s]
 29%|██▉       | 23/79 [00:00<00:01, 37.20it/s]
 34%|███▍      | 27/79 [00:00<00:01, 37.92it/s]
 39%|███▉      | 31/79 [00:00<00:01, 38.45it/s]
 44%|████▍     | 35/79 [00:00<00:01, 38.92it/s]
 49%|████▉     | 39/79 [00:01<00:01, 39.00it/s]
 54%|█████▍    | 43/79 [00:01<00:00, 39.14it/s]
 59%|█████▉    | 47/79 [00:01<00:00, 39.28it/s]
 66%|██████▌   | 52/79 [00:01<00:00, 41.81it/s]
 72%|███████▏  | 57/79 [00:01<00:00, 38.77it/s]
 77%|███████▋  | 61/79 [00:01<00:00, 38.85it/s]
 82%|████████▏ | 65/79 [00:01<00:00, 38.94it/s]
 87%|████████▋ | 69/79 [00:01<00:00, 39.00it/s]
 92%|█████████▏| 73/79 [00:01<00:00, 39.07it/s]
 97%|█████████▋| 77/79 [00:02<00:00, 38.55it/s]
100%|██████████| 79/79 [00:02<00:00, 38.10it/s]

CommRound: 2/30
Accuracy: 81.87% | Loss: 0.5583
[####--------------------------------------------------------] 6.7%
Elapsed: 2.8m | Avg/Round: 85.1s | Last: 84.8s | Next: 85.1s | Remaining: 39.7m
ETA: 10:31:38
Recent round times: R1: 83.3s -> R2: 84.8s

  0%|          | 0/79 [00:00<?, ?it/s]
  1%|▏         | 1/79 [00:00<00:09,  8.33it/s]
  8%|▊         | 6/79 [00:00<00:02, 30.91it/s]
 13%|█▎        | 10/79 [00:00<00:02, 33.40it/s]
 18%|█▊        | 14/79 [00:00<00:01, 34.55it/s]
 23%|██▎       | 18/79 [00:00<00:01, 35.96it/s]
 28%|██▊       | 22/79 [00:00<00:01, 36.52it/s]
 34%|███▍      | 27/79 [00:00<00:01, 35.83it/s]
 39%|███▉      | 31/79 [00:00<00:01, 36.88it/s]
 44%|████▍     | 35/79 [00:00<00:01, 37.44it/s]
 49%|████▉     | 39/79 [00:01<00:01, 38.05it/s]
 54%|█████▍    | 43/79 [00:01<00:00, 37.76it/s]
 59%|█████▉    | 47/79 [00:01<00:00, 37.94it/s]
 65%|██████▍   | 51/79 [00:01<00:00, 38.45it/s]
 70%|██████▉   | 55/79 [00:01<00:00, 38.01it/s]
 75%|███████▍  | 59/79 [00:01<00:00, 38.57it/s]
 81%|████████  | 64/79 [00:01<00:00, 41.29it/s]
 87%|████████▋ | 69/79 [00:01<00:00, 38.56it/s]
 92%|█████████▏| 73/79 [00:01<00:00, 38.76it/s]
 97%|█████████▋| 77/79 [00:02<00:00, 38.98it/s]
100%|██████████| 79/79 [00:02<00:00, 37.58it/s]

CommRound: 3/30
Accuracy: 82.35% | Loss: 0.5951
[######------------------------------------------------------] 10.0%
Elapsed: 4.3m | Avg/Round: 85.2s | Last: 85.3s | Next: 85.2s | Remaining: 38.3m
ETA: 10:31:40
Recent round times: R1: 83.3s -> R2: 84.8s -> R3: 85.3s

  0%|          | 0/79 [00:00<?, ?it/s]
  1%|▏         | 1/79 [00:00<00:08,  9.12it/s]
  8%|▊         | 6/79 [00:00<00:02, 30.94it/s]
 13%|█▎        | 10/79 [00:00<00:02, 33.15it/s]
 18%|█▊        | 14/79 [00:00<00:01, 34.60it/s]
 23%|██▎       | 18/79 [00:00<00:01, 35.13it/s]
 28%|██▊       | 22/79 [00:00<00:01, 35.34it/s]
 33%|███▎      | 26/79 [00:00<00:01, 35.63it/s]
 38%|███▊      | 30/79 [00:00<00:01, 36.25it/s]
 43%|████▎     | 34/79 [00:00<00:01, 36.58it/s]
 48%|████▊     | 38/79 [00:01<00:01, 37.46it/s]
 54%|█████▍    | 43/79 [00:01<00:00, 40.02it/s]
 61%|██████    | 48/79 [00:01<00:00, 38.60it/s]
 66%|██████▌   | 52/79 [00:01<00:00, 38.94it/s]
 71%|███████   | 56/79 [00:01<00:00, 38.26it/s]
 76%|███████▌  | 60/79 [00:01<00:00, 38.23it/s]
 81%|████████  | 64/79 [00:01<00:00, 38.68it/s]
 89%|████████▊ | 70/79 [00:01<00:00, 39.98it/s]
 95%|█████████▍| 75/79 [00:01<00:00, 42.20it/s]
100%|██████████| 79/79 [00:02<00:00, 37.52it/s]

CommRound: 4/30
Accuracy: 84.40% | Loss: 0.5749
[########----------------------------------------------------] 13.3%
Elapsed: 5.7m | Avg/Round: 85.3s | Last: 85.5s | Next: 85.3s | Remaining: 36.9m
ETA: 10:31:42
Recent round times: R1: 83.3s -> R2: 84.8s -> R3: 85.3s -> R4: 85.5s

  0%|          | 0/79 [00:00<?, ?it/s]
  1%|▏         | 1/79 [00:00<00:08,  9.27it/s]
  8%|▊         | 6/79 [00:00<00:02, 31.42it/s]
 13%|█▎        | 10/79 [00:00<00:02, 33.78it/s]
 19%|█▉        | 15/79 [00:00<00:01, 34.34it/s]
 25%|██▌       | 20/79 [00:00<00:01, 38.07it/s]
 30%|███       | 24/79 [00:00<00:01, 36.85it/s]
 35%|███▌      | 28/79 [00:00<00:01, 36.81it/s]
 41%|████      | 32/79 [00:00<00:01, 36.70it/s]
 46%|████▌     | 36/79 [00:01<00:01, 36.61it/s]
 51%|█████     | 40/79 [00:01<00:01, 37.07it/s]
 56%|█████▌    | 44/79 [00:01<00:00, 37.19it/s]
 61%|██████    | 48/79 [00:01<00:00, 36.46it/s]
 66%|██████▌   | 52/79 [00:01<00:00, 36.46it/s]
 71%|███████   | 56/79 [00:01<00:00, 37.43it/s]
 76%|███████▌  | 60/79 [00:01<00:00, 38.12it/s]
 81%|████████  | 64/79 [00:01<00:00, 38.03it/s]
 86%|████████▌ | 68/79 [00:01<00:00, 38.03it/s]
 91%|█████████ | 72/79 [00:01<00:00, 37.95it/s]
 96%|█████████▌| 76/79 [00:02<00:00, 37.45it/s]
100%|██████████| 79/79 [00:02<00:00, 36.62it/s]

CommRound: 5/30
Accuracy: 83.77% | Loss: 0.5972
[##########--------------------------------------------------] 16.7%
Elapsed: 7.2m | Avg/Round: 86.1s | Last: 89.5s | Next: 86.1s | Remaining: 35.9m
ETA: 10:32:07
Recent round times: R1: 83.3s -> R2: 84.8s -> R3: 85.3s -> R4: 85.5s -> R5: 89.5s

  0%|          | 0/79 [00:00<?, ?it/s]
  1%|▏         | 1/79 [00:00<00:08,  9.71it/s]
  8%|▊         | 6/79 [00:00<00:02, 32.33it/s]
 14%|█▍        | 11/79 [00:00<00:01, 35.59it/s]
 19%|█▉        | 15/79 [00:00<00:01, 36.96it/s]
 25%|██▌       | 20/79 [00:00<00:01, 36.46it/s]
 30%|███       | 24/79 [00:00<00:01, 36.15it/s]
 35%|███▌      | 28/79 [00:00<00:01, 35.45it/s]
 41%|████      | 32/79 [00:00<00:01, 35.42it/s]
 46%|████▌     | 36/79 [00:01<00:01, 36.45it/s]
 51%|█████     | 40/79 [00:01<00:01, 36.61it/s]
 56%|█████▌    | 44/79 [00:01<00:00, 36.75it/s]
 61%|██████    | 48/79 [00:01<00:00, 36.73it/s]
 66%|██████▌   | 52/79 [00:01<00:00, 36.35it/s]
 71%|███████   | 56/79 [00:01<00:00, 35.71it/s]
 76%|███████▌  | 60/79 [00:01<00:00, 35.35it/s]
 81%|████████  | 64/79 [00:01<00:00, 35.13it/s]
 86%|████████▌ | 68/79 [00:01<00:00, 35.11it/s]
 91%|█████████ | 72/79 [00:02<00:00, 35.21it/s]
 96%|█████████▌| 76/79 [00:02<00:00, 36.04it/s]
100%|██████████| 79/79 [00:02<00:00, 35.71it/s]

CommRound: 6/30
Accuracy: 87.83% | Loss: 0.4373
[############------------------------------------------------] 20.0%
Elapsed: 8.4m | Avg/Round: 83.7s | Last: 71.6s | Next: 83.7s | Remaining: 33.5m
ETA: 10:30:55
Recent round times: R1: 84.8s -> R2: 85.3s -> R3: 85.5s -> R4: 89.5s -> R5: 71.6s

  0%|          | 0/79 [00:00<?, ?it/s]
  3%|▎         | 2/79 [00:00<00:04, 18.44it/s]
  8%|▊         | 6/79 [00:00<00:02, 30.32it/s]
 13%|█▎        | 10/79 [00:00<00:02, 34.16it/s]
 18%|█▊        | 14/79 [00:00<00:01, 35.14it/s]
 23%|██▎       | 18/79 [00:00<00:01, 34.07it/s]
 28%|██▊       | 22/79 [00:00<00:01, 34.85it/s]
 33%|███▎      | 26/79 [00:00<00:01, 33.07it/s]
 38%|███▊      | 30/79 [00:00<00:01, 34.62it/s]
 44%|████▍     | 35/79 [00:01<00:01, 35.28it/s]
 51%|█████     | 40/79 [00:01<00:00, 39.20it/s]
 57%|█████▋    | 45/79 [00:01<00:00, 38.37it/s]
 62%|██████▏   | 49/79 [00:01<00:00, 38.71it/s]
 70%|██████▉   | 55/79 [00:01<00:00, 40.08it/s]
 76%|███████▌  | 60/79 [00:01<00:00, 42.23it/s]
 82%|████████▏ | 65/79 [00:01<00:00, 39.87it/s]
 89%|████████▊ | 70/79 [00:01<00:00, 41.65it/s]
 95%|█████████▍| 75/79 [00:01<00:00, 40.69it/s]
100%|██████████| 79/79 [00:02<00:00, 37.81it/s]

CommRound: 7/30
Accuracy: 87.80% | Loss: 0.4842
[##############----------------------------------------------] 23.3%
Elapsed: 9.8m | Avg/Round: 83.9s | Last: 84.9s | Next: 83.9s | Remaining: 32.1m
ETA: 10:31:00
Recent round times: R1: 85.3s -> R2: 85.5s -> R3: 89.5s -> R4: 71.6s -> R5: 84.9s

  0%|          | 0/79 [00:00<?, ?it/s]
  3%|▎         | 2/79 [00:00<00:04, 18.05it/s]
  8%|▊         | 6/79 [00:00<00:02, 29.92it/s]
 13%|█▎        | 10/79 [00:00<00:02, 34.25it/s]
 18%|█▊        | 14/79 [00:00<00:01, 34.42it/s]
 23%|██▎       | 18/79 [00:00<00:01, 35.36it/s]
 28%|██▊       | 22/79 [00:00<00:01, 35.81it/s]
 33%|███▎      | 26/79 [00:00<00:01, 36.20it/s]
 39%|███▉      | 31/79 [00:00<00:01, 35.86it/s]
 44%|████▍     | 35/79 [00:00<00:01, 36.88it/s]
 49%|████▉     | 39/79 [00:01<00:01, 37.63it/s]
 54%|█████▍    | 43/79 [00:01<00:00, 37.85it/s]
 59%|█████▉    | 47/79 [00:01<00:00, 38.18it/s]
 65%|██████▍   | 51/79 [00:01<00:00, 38.41it/s]
 71%|███████   | 56/79 [00:01<00:00, 41.25it/s]
 77%|███████▋  | 61/79 [00:01<00:00, 38.53it/s]
 82%|████████▏ | 65/79 [00:01<00:00, 38.85it/s]
 87%|████████▋ | 69/79 [00:01<00:00, 39.13it/s]
 92%|█████████▏| 73/79 [00:01<00:00, 39.22it/s]
 97%|█████████▋| 77/79 [00:02<00:00, 39.18it/s]
100%|██████████| 79/79 [00:02<00:00, 37.54it/s]

CommRound: 8/30
Accuracy: 89.05% | Loss: 0.4416
[################--------------------------------------------] 26.7%
Elapsed: 11.4m | Avg/Round: 85.3s | Last: 95.6s | Next: 85.3s | Remaining: 31.3m
ETA: 10:31:44
Recent round times: R1: 85.5s -> R2: 89.5s -> R3: 71.6s -> R4: 84.9s -> R5: 95.6s

  0%|          | 0/79 [00:00<?, ?it/s]
  1%|▏         | 1/79 [00:00<00:09,  8.30it/s]
  9%|▉         | 7/79 [00:00<00:02, 32.46it/s]
 14%|█▍        | 11/79 [00:00<00:01, 35.33it/s]
 19%|█▉        | 15/79 [00:00<00:01, 37.04it/s]
 25%|██▌       | 20/79 [00:00<00:01, 37.48it/s]
 30%|███       | 24/79 [00:00<00:01, 38.23it/s]
 35%|███▌      | 28/79 [00:00<00:01, 38.67it/s]
 42%|████▏     | 33/79 [00:00<00:01, 41.55it/s]
 48%|████▊     | 38/79 [00:01<00:01, 39.05it/s]
 54%|█████▍    | 43/79 [00:01<00:00, 41.50it/s]
 61%|██████    | 48/79 [00:01<00:00, 38.79it/s]
 68%|██████▊   | 54/79 [00:01<00:00, 40.21it/s]
 76%|███████▌  | 60/79 [00:01<00:00, 41.25it/s]
 84%|████████▎ | 66/79 [00:01<00:00, 41.76it/s]
 90%|████████▉ | 71/79 [00:01<00:00, 43.15it/s]
 96%|█████████▌| 76/79 [00:01<00:00, 40.59it/s]
100%|██████████| 79/79 [00:02<00:00, 39.29it/s]

CommRound: 9/30
Accuracy: 88.19% | Loss: 0.4860
[##################------------------------------------------] 30.0%
Elapsed: 12.7m | Avg/Round: 84.9s | Last: 81.7s | Next: 84.9s | Remaining: 29.7m
ETA: 10:31:32
Recent round times: R1: 89.5s -> R2: 71.6s -> R3: 84.9s -> R4: 95.6s -> R5: 81.7s

  0%|          | 0/79 [00:00<?, ?it/s]
  1%|▏         | 1/79 [00:00<00:08,  9.29it/s]
  9%|▉         | 7/79 [00:00<00:02, 32.14it/s]
 15%|█▌        | 12/79 [00:00<00:01, 38.48it/s]
 20%|██        | 16/79 [00:00<00:01, 38.55it/s]
 27%|██▋       | 21/79 [00:00<00:01, 38.47it/s]
 33%|███▎      | 26/79 [00:00<00:01, 39.57it/s]
 38%|███▊      | 30/79 [00:00<00:01, 39.21it/s]
 43%|████▎     | 34/79 [00:00<00:01, 39.10it/s]
 48%|████▊     | 38/79 [00:01<00:01, 39.15it/s]
 53%|█████▎    | 42/79 [00:01<00:00, 39.38it/s]
 59%|█████▉    | 47/79 [00:01<00:00, 41.83it/s]
 66%|██████▌   | 52/79 [00:01<00:00, 39.35it/s]
 71%|███████   | 56/79 [00:01<00:00, 38.79it/s]
 76%|███████▌  | 60/79 [00:01<00:00, 38.47it/s]
 82%|████████▏ | 65/79 [00:01<00:00, 41.17it/s]
 89%|████████▊ | 70/79 [00:01<00:00, 39.01it/s]
 95%|█████████▍| 75/79 [00:01<00:00, 41.76it/s]
100%|██████████| 79/79 [00:02<00:00, 38.86it/s]

CommRound: 10/30
Accuracy: 87.88% | Loss: 0.5280
[####################----------------------------------------] 33.3%
Elapsed: 14.2m | Avg/Round: 85.4s | Last: 90.2s | Next: 85.4s | Remaining: 28.5m
ETA: 10:31:47
Recent round times: R1: 71.6s -> R2: 84.9s -> R3: 95.6s -> R4: 81.7s -> R5: 90.2s

  0%|          | 0/79 [00:00<?, ?it/s]
  1%|▏         | 1/79 [00:00<00:13,  5.82it/s]
 10%|█         | 8/79 [00:00<00:02, 31.92it/s]
 15%|█▌        | 12/79 [00:00<00:02, 32.60it/s]
 20%|██        | 16/79 [00:00<00:01, 34.89it/s]
 25%|██▌       | 20/79 [00:00<00:01, 36.08it/s]
 30%|███       | 24/79 [00:00<00:01, 36.43it/s]
 35%|███▌      | 28/79 [00:00<00:01, 37.15it/s]
 41%|████      | 32/79 [00:00<00:01, 37.60it/s]
 46%|████▌     | 36/79 [00:01<00:01, 38.01it/s]
 51%|█████     | 40/79 [00:01<00:01, 38.25it/s]
 56%|█████▌    | 44/79 [00:01<00:00, 38.44it/s]
 61%|██████    | 48/79 [00:01<00:00, 38.69it/s]
 66%|██████▌   | 52/79 [00:01<00:00, 38.78it/s]
 71%|███████   | 56/79 [00:01<00:00, 38.83it/s]
 76%|███████▌  | 60/79 [00:01<00:00, 37.84it/s]
 81%|████████  | 64/79 [00:01<00:00, 37.21it/s]
 86%|████████▌ | 68/79 [00:01<00:00, 36.44it/s]
 91%|█████████ | 72/79 [00:01<00:00, 36.36it/s]
 96%|█████████▌| 76/79 [00:02<00:00, 35.77it/s]
100%|██████████| 79/79 [00:02<00:00, 36.10it/s]

CommRound: 11/30
Accuracy: 87.48% | Loss: 0.5535
[######################--------------------------------------] 36.7%
Elapsed: 15.6m | Avg/Round: 85.2s | Last: 83.0s | Next: 85.2s | Remaining: 27.0m
ETA: 10:31:41
Recent round times: R1: 84.9s -> R2: 95.6s -> R3: 81.7s -> R4: 90.2s -> R5: 83.0s

  0%|          | 0/79 [00:00<?, ?it/s]
  1%|▏         | 1/79 [00:00<00:07,  9.83it/s]
  8%|▊         | 6/79 [00:00<00:02, 31.61it/s]
 13%|█▎        | 10/79 [00:00<00:02, 33.54it/s]
 18%|█▊        | 14/79 [00:00<00:01, 34.80it/s]
 24%|██▍       | 19/79 [00:00<00:01, 36.92it/s]
 29%|██▉       | 23/79 [00:00<00:01, 36.41it/s]
 34%|███▍      | 27/79 [00:00<00:01, 36.93it/s]
 39%|███▉      | 31/79 [00:00<00:01, 37.68it/s]
 44%|████▍     | 35/79 [00:00<00:01, 37.95it/s]
 49%|████▉     | 39/79 [00:01<00:01, 38.52it/s]
 54%|█████▍    | 43/79 [00:01<00:00, 38.93it/s]
 59%|█████▉    | 47/79 [00:01<00:00, 39.20it/s]
 66%|██████▌   | 52/79 [00:01<00:00, 41.84it/s]
 72%|███████▏  | 57/79 [00:01<00:00, 38.82it/s]
 77%|███████▋  | 61/79 [00:01<00:00, 38.58it/s]
 82%|████████▏ | 65/79 [00:01<00:00, 38.89it/s]
 87%|████████▋ | 69/79 [00:01<00:00, 38.95it/s]
 92%|█████████▏| 73/79 [00:01<00:00, 39.08it/s]
 97%|█████████▋| 77/79 [00:02<00:00, 39.20it/s]
100%|██████████| 79/79 [00:02<00:00, 38.09it/s]

CommRound: 12/30
Accuracy: 89.97% | Loss: 0.4493
[########################------------------------------------] 40.0%
Elapsed: 17.0m | Avg/Round: 85.1s | Last: 83.8s | Next: 85.1s | Remaining: 25.5m
ETA: 10:31:37
Recent round times: R1: 95.6s -> R2: 81.7s -> R3: 90.2s -> R4: 83.0s -> R5: 83.8s

  0%|          | 0/79 [00:00<?, ?it/s]
  1%|▏         | 1/79 [00:00<00:08,  8.92it/s]
  9%|▉         | 7/79 [00:00<00:02, 33.50it/s]
 15%|█▌        | 12/79 [00:00<00:01, 37.03it/s]
 20%|██        | 16/79 [00:00<00:01, 38.07it/s]
 27%|██▋       | 21/79 [00:00<00:01, 40.66it/s]
 33%|███▎      | 26/79 [00:00<00:01, 39.19it/s]
 38%|███▊      | 30/79 [00:00<00:01, 39.36it/s]
 43%|████▎     | 34/79 [00:00<00:01, 39.47it/s]
 48%|████▊     | 38/79 [00:01<00:01, 39.48it/s]
 53%|█████▎    | 42/79 [00:01<00:00, 38.99it/s]
 59%|█████▉    | 47/79 [00:01<00:00, 41.74it/s]
 66%|██████▌   | 52/79 [00:01<00:00, 39.96it/s]
 72%|███████▏  | 57/79 [00:01<00:00, 40.15it/s]
 78%|███████▊  | 62/79 [00:01<00:00, 40.17it/s]
 85%|████████▍ | 67/79 [00:01<00:00, 41.03it/s]
 91%|█████████ | 72/79 [00:01<00:00, 39.10it/s]
 96%|█████████▌| 76/79 [00:01<00:00, 39.03it/s]
100%|██████████| 79/79 [00:02<00:00, 38.89it/s]

CommRound: 13/30
Accuracy: 89.63% | Loss: 0.4758
[##########################----------------------------------] 43.3%
Elapsed: 18.4m | Avg/Round: 84.7s | Last: 80.4s | Next: 84.7s | Remaining: 24.0m
ETA: 10:31:26
Recent round times: R1: 81.7s -> R2: 90.2s -> R3: 83.0s -> R4: 83.8s -> R5: 80.4s

  0%|          | 0/79 [00:00<?, ?it/s]
  1%|▏         | 1/79 [00:00<00:09,  8.26it/s]
  9%|▉         | 7/79 [00:00<00:02, 31.82it/s]
 15%|█▌        | 12/79 [00:00<00:01, 37.20it/s]
 20%|██        | 16/79 [00:00<00:01, 37.28it/s]
 25%|██▌       | 20/79 [00:00<00:01, 37.54it/s]
 30%|███       | 24/79 [00:00<00:01, 36.49it/s]
 37%|███▋      | 29/79 [00:00<00:01, 40.40it/s]
 43%|████▎     | 34/79 [00:00<00:01, 38.00it/s]
 48%|████▊     | 38/79 [00:01<00:01, 38.00it/s]
 53%|█████▎    | 42/79 [00:01<00:00, 38.37it/s]
 59%|█████▉    | 47/79 [00:01<00:00, 41.05it/s]
 66%|██████▌   | 52/79 [00:01<00:00, 38.37it/s]
 71%|███████   | 56/79 [00:01<00:00, 37.61it/s]
 76%|███████▌  | 60/79 [00:01<00:00, 37.19it/s]
 81%|████████  | 64/79 [00:01<00:00, 37.84it/s]
 86%|████████▌ | 68/79 [00:01<00:00, 38.23it/s]
 91%|█████████ | 72/79 [00:01<00:00, 38.48it/s]
 96%|█████████▌| 76/79 [00:02<00:00, 38.73it/s]
100%|██████████| 79/79 [00:02<00:00, 37.67it/s]

CommRound: 14/30
Accuracy: 90.56% | Loss: 0.4351
[############################--------------------------------] 46.7%
Elapsed: 19.8m | Avg/Round: 84.9s | Last: 86.7s | Next: 84.9s | Remaining: 22.6m
ETA: 10:31:30
Recent round times: R1: 90.2s -> R2: 83.0s -> R3: 83.8s -> R4: 80.4s -> R5: 86.7s

  0%|          | 0/79 [00:00<?, ?it/s]
  1%|▏         | 1/79 [00:00<00:10,  7.77it/s]
  9%|▉         | 7/79 [00:00<00:02, 33.43it/s]
 14%|█▍        | 11/79 [00:00<00:01, 35.80it/s]
 19%|█▉        | 15/79 [00:00<00:01, 35.67it/s]
 24%|██▍       | 19/79 [00:00<00:01, 36.88it/s]
 29%|██▉       | 23/79 [00:00<00:01, 36.62it/s]
 34%|███▍      | 27/79 [00:00<00:01, 37.40it/s]
 39%|███▉      | 31/79 [00:00<00:01, 37.75it/s]
 44%|████▍     | 35/79 [00:00<00:01, 37.92it/s]
 49%|████▉     | 39/79 [00:01<00:01, 38.31it/s]
 54%|█████▍    | 43/79 [00:01<00:00, 37.23it/s]
 59%|█████▉    | 47/79 [00:01<00:00, 37.18it/s]
 65%|██████▍   | 51/79 [00:01<00:00, 37.01it/s]
 71%|███████   | 56/79 [00:01<00:00, 39.86it/s]
 77%|███████▋  | 61/79 [00:01<00:00, 39.11it/s]
 84%|████████▎ | 66/79 [00:01<00:00, 41.95it/s]
 90%|████████▉ | 71/79 [00:01<00:00, 40.19it/s]
 96%|█████████▌| 76/79 [00:01<00:00, 42.69it/s]
100%|██████████| 79/79 [00:02<00:00, 38.27it/s]

CommRound: 15/30
Accuracy: 91.10% | Loss: 0.4121
[##############################------------------------------] 50.0%
Elapsed: 21.2m | Avg/Round: 84.7s | Last: 82.7s | Next: 84.7s | Remaining: 21.2m
ETA: 10:31:26
Recent round times: R1: 83.0s -> R2: 83.8s -> R3: 80.4s -> R4: 86.7s -> R5: 82.7s

  0%|          | 0/79 [00:00<?, ?it/s]
  1%|▏         | 1/79 [00:00<00:09,  8.24it/s]
  9%|▉         | 7/79 [00:00<00:02, 33.20it/s]
 15%|█▌        | 12/79 [00:00<00:01, 37.35it/s]
 22%|██▏       | 17/79 [00:00<00:01, 38.13it/s]
 27%|██▋       | 21/79 [00:00<00:01, 37.43it/s]
 33%|███▎      | 26/79 [00:00<00:01, 39.58it/s]
 38%|███▊      | 30/79 [00:00<00:01, 39.48it/s]
 44%|████▍     | 35/79 [00:00<00:01, 40.80it/s]
 51%|█████     | 40/79 [00:01<00:00, 39.42it/s]
 56%|█████▌    | 44/79 [00:01<00:00, 39.26it/s]
 61%|██████    | 48/79 [00:01<00:00, 39.27it/s]
 66%|██████▌   | 52/79 [00:01<00:00, 39.27it/s]
 71%|███████   | 56/79 [00:01<00:00, 39.26it/s]
 76%|███████▌  | 60/79 [00:01<00:00, 39.11it/s]
 82%|████████▏ | 65/79 [00:01<00:00, 41.88it/s]
 89%|████████▊ | 70/79 [00:01<00:00, 39.70it/s]
 95%|█████████▍| 75/79 [00:01<00:00, 42.01it/s]
100%|██████████| 79/79 [00:02<00:00, 38.75it/s]

CommRound: 16/30
Accuracy: 87.54% | Loss: 0.5868
[################################----------------------------] 53.3%
Elapsed: 22.5m | Avg/Round: 84.6s | Last: 81.9s | Next: 84.6s | Remaining: 19.7m
ETA: 10:31:21
Recent round times: R1: 83.8s -> R2: 80.4s -> R3: 86.7s -> R4: 82.7s -> R5: 81.9s

  0%|          | 0/79 [00:00<?, ?it/s]
  1%|▏         | 1/79 [00:00<00:11,  6.72it/s]
  9%|▉         | 7/79 [00:00<00:02, 30.02it/s]
 15%|█▌        | 12/79 [00:00<00:01, 36.49it/s]
 20%|██        | 16/79 [00:00<00:01, 36.68it/s]
 25%|██▌       | 20/79 [00:00<00:01, 37.10it/s]
 30%|███       | 24/79 [00:00<00:01, 37.46it/s]
 35%|███▌      | 28/79 [00:00<00:01, 37.85it/s]
 41%|████      | 32/79 [00:00<00:01, 37.08it/s]
 46%|████▌     | 36/79 [00:01<00:01, 35.30it/s]
 51%|█████     | 40/79 [00:01<00:01, 36.56it/s]
 57%|█████▋    | 45/79 [00:01<00:00, 39.87it/s]
 63%|██████▎   | 50/79 [00:01<00:00, 39.36it/s]
 70%|██████▉   | 55/79 [00:01<00:00, 39.99it/s]
 76%|███████▌  | 60/79 [00:01<00:00, 40.51it/s]
 82%|████████▏ | 65/79 [00:01<00:00, 38.83it/s]
 87%|████████▋ | 69/79 [00:01<00:00, 38.90it/s]
 94%|█████████▎| 74/79 [00:01<00:00, 41.61it/s]
100%|██████████| 79/79 [00:02<00:00, 43.35it/s]
100%|██████████| 79/79 [00:02<00:00, 37.79it/s]

CommRound: 17/30
Accuracy: 90.69% | Loss: 0.4386
[##################################--------------------------] 56.7%
Elapsed: 24.1m | Avg/Round: 84.9s | Last: 90.4s | Next: 84.9s | Remaining: 18.4m
ETA: 10:31:31
Recent round times: R1: 80.4s -> R2: 86.7s -> R3: 82.7s -> R4: 81.9s -> R5: 90.4s

  0%|          | 0/79 [00:00<?, ?it/s]
  1%|▏         | 1/79 [00:00<00:09,  8.06it/s]
  9%|▉         | 7/79 [00:00<00:02, 29.82it/s]
 14%|█▍        | 11/79 [00:00<00:02, 33.43it/s]
 19%|█▉        | 15/79 [00:00<00:01, 34.43it/s]
 25%|██▌       | 20/79 [00:00<00:01, 38.81it/s]
 30%|███       | 24/79 [00:00<00:01, 38.80it/s]
 35%|███▌      | 28/79 [00:00<00:01, 38.74it/s]
 41%|████      | 32/79 [00:00<00:01, 37.87it/s]
 46%|████▌     | 36/79 [00:01<00:01, 37.58it/s]
 51%|█████     | 40/79 [00:01<00:01, 37.50it/s]
 56%|█████▌    | 44/79 [00:01<00:00, 37.01it/s]
 61%|██████    | 48/79 [00:01<00:00, 36.66it/s]
 66%|██████▌   | 52/79 [00:01<00:00, 36.71it/s]
 71%|███████   | 56/79 [00:01<00:00, 36.79it/s]
 76%|███████▌  | 60/79 [00:01<00:00, 36.85it/s]
 81%|████████  | 64/79 [00:01<00:00, 34.45it/s]
 86%|████████▌ | 68/79 [00:01<00:00, 33.51it/s]
 91%|█████████ | 72/79 [00:02<00:00, 31.14it/s]
 96%|█████████▌| 76/79 [00:02<00:00, 32.50it/s]
100%|██████████| 79/79 [00:02<00:00, 35.06it/s]

CommRound: 18/30
Accuracy: 91.12% | Loss: 0.4175
[####################################------------------------] 60.0%
Elapsed: 25.5m | Avg/Round: 84.9s | Last: 85.5s | Next: 84.9s | Remaining: 17.0m
ETA: 10:31:32
Recent round times: R1: 86.7s -> R2: 82.7s -> R3: 81.9s -> R4: 90.4s -> R5: 85.5s

  0%|          | 0/79 [00:00<?, ?it/s]
  1%|▏         | 1/79 [00:00<00:09,  8.01it/s]
  9%|▉         | 7/79 [00:00<00:02, 32.55it/s]
 15%|█▌        | 12/79 [00:00<00:01, 34.51it/s]
 20%|██        | 16/79 [00:00<00:01, 36.08it/s]
 25%|██▌       | 20/79 [00:00<00:01, 36.68it/s]
 30%|███       | 24/79 [00:00<00:01, 37.24it/s]
 35%|███▌      | 28/79 [00:00<00:01, 36.88it/s]
 41%|████      | 32/79 [00:00<00:01, 37.55it/s]
 46%|████▌     | 36/79 [00:01<00:01, 37.52it/s]
 51%|█████     | 40/79 [00:01<00:01, 37.43it/s]
 56%|█████▌    | 44/79 [00:01<00:00, 37.82it/s]
 61%|██████    | 48/79 [00:01<00:00, 37.75it/s]
 66%|██████▌   | 52/79 [00:01<00:00, 37.85it/s]
 71%|███████   | 56/79 [00:01<00:00, 37.81it/s]
 76%|███████▌  | 60/79 [00:01<00:00, 37.28it/s]
 81%|████████  | 64/79 [00:01<00:00, 36.49it/s]
 86%|████████▌ | 68/79 [00:01<00:00, 36.29it/s]
 91%|█████████ | 72/79 [00:01<00:00, 37.21it/s]
 96%|█████████▌| 76/79 [00:02<00:00, 37.21it/s]
100%|██████████| 79/79 [00:02<00:00, 36.43it/s]

CommRound: 19/30
Accuracy: 91.15% | Loss: 0.4223
[######################################----------------------] 63.3%
Elapsed: 26.8m | Avg/Round: 84.6s | Last: 78.6s | Next: 84.6s | Remaining: 15.5m
ETA: 10:31:22
Recent round times: R1: 82.7s -> R2: 81.9s -> R3: 90.4s -> R4: 85.5s -> R5: 78.6s

  0%|          | 0/79 [00:00<?, ?it/s]
  1%|▏         | 1/79 [00:00<00:10,  7.24it/s]
  9%|▉         | 7/79 [00:00<00:02, 25.63it/s]
 15%|█▌        | 12/79 [00:00<00:02, 31.53it/s]
 22%|██▏       | 17/79 [00:00<00:01, 34.23it/s]
 27%|██▋       | 21/79 [00:00<00:01, 35.25it/s]
 32%|███▏      | 25/79 [00:00<00:01, 35.86it/s]
 37%|███▋      | 29/79 [00:00<00:01, 36.26it/s]
 42%|████▏     | 33/79 [00:00<00:01, 35.76it/s]
 48%|████▊     | 38/79 [00:01<00:01, 38.92it/s]
 53%|█████▎    | 42/79 [00:01<00:00, 38.45it/s]
 58%|█████▊    | 46/79 [00:01<00:00, 37.99it/s]
 63%|██████▎   | 50/79 [00:01<00:00, 37.79it/s]
 68%|██████▊   | 54/79 [00:01<00:00, 36.71it/s]
 75%|███████▍  | 59/79 [00:01<00:00, 35.90it/s]
 80%|███████▉  | 63/79 [00:01<00:00, 36.28it/s]
 85%|████████▍ | 67/79 [00:01<00:00, 36.63it/s]
 90%|████████▉ | 71/79 [00:02<00:00, 36.85it/s]
 95%|█████████▍| 75/79 [00:02<00:00, 37.11it/s]
100%|██████████| 79/79 [00:02<00:00, 35.63it/s]

CommRound: 20/30
Accuracy: 91.25% | Loss: 0.4250
[########################################--------------------] 66.7%
Elapsed: 28.0m | Avg/Round: 84.1s | Last: 74.9s | Next: 84.1s | Remaining: 14.0m
ETA: 10:31:08
Recent round times: R1: 81.9s -> R2: 90.4s -> R3: 85.5s -> R4: 78.6s -> R5: 74.9s

  0%|          | 0/79 [00:00<?, ?it/s]
  1%|▏         | 1/79 [00:00<00:09,  8.61it/s]
  9%|▉         | 7/79 [00:00<00:02, 30.34it/s]
 14%|█▍        | 11/79 [00:00<00:02, 33.17it/s]
 19%|█▉        | 15/79 [00:00<00:01, 34.98it/s]
 24%|██▍       | 19/79 [00:00<00:01, 36.31it/s]
 29%|██▉       | 23/79 [00:00<00:01, 37.17it/s]
 34%|███▍      | 27/79 [00:00<00:01, 37.78it/s]
 39%|███▉      | 31/79 [00:00<00:01, 38.06it/s]
 44%|████▍     | 35/79 [00:00<00:01, 38.43it/s]
 49%|████▉     | 39/79 [00:01<00:01, 38.24it/s]
 54%|█████▍    | 43/79 [00:01<00:00, 38.30it/s]
 59%|█████▉    | 47/79 [00:01<00:00, 38.46it/s]
 65%|██████▍   | 51/79 [00:01<00:00, 38.48it/s]
 70%|██████▉   | 55/79 [00:01<00:00, 38.67it/s]
 75%|███████▍  | 59/79 [00:01<00:00, 38.54it/s]
 82%|████████▏ | 65/79 [00:01<00:00, 40.25it/s]
 90%|████████▉ | 71/79 [00:01<00:00, 41.22it/s]
 96%|█████████▌| 76/79 [00:01<00:00, 43.03it/s]
100%|██████████| 79/79 [00:02<00:00, 38.37it/s]

CommRound: 21/30
Accuracy: 91.25% | Loss: 0.4289
[##########################################------------------] 70.0%
Elapsed: 29.5m | Avg/Round: 84.2s | Last: 86.0s | Next: 84.2s | Remaining: 12.6m
ETA: 10:31:10
Recent round times: R1: 90.4s -> R2: 85.5s -> R3: 78.6s -> R4: 74.9s -> R5: 86.0s

  0%|          | 0/79 [00:00<?, ?it/s]
  1%|▏         | 1/79 [00:00<00:10,  7.66it/s]
  8%|▊         | 6/79 [00:00<00:02, 27.65it/s]
 11%|█▏        | 9/79 [00:00<00:02, 26.98it/s]
 16%|█▋        | 13/79 [00:00<00:02, 30.63it/s]
 22%|██▏       | 17/79 [00:00<00:01, 32.90it/s]
 27%|██▋       | 21/79 [00:00<00:01, 31.74it/s]
 34%|███▍      | 27/79 [00:00<00:01, 35.32it/s]
 39%|███▉      | 31/79 [00:00<00:01, 35.58it/s]
 44%|████▍     | 35/79 [00:01<00:01, 35.71it/s]
 49%|████▉     | 39/79 [00:01<00:01, 35.84it/s]
 54%|█████▍    | 43/79 [00:01<00:01, 35.74it/s]
 59%|█████▉    | 47/79 [00:01<00:00, 35.79it/s]
 65%|██████▍   | 51/79 [00:01<00:00, 35.86it/s]
 70%|██████▉   | 55/79 [00:01<00:00, 35.73it/s]
 75%|███████▍  | 59/79 [00:01<00:00, 35.79it/s]
 80%|███████▉  | 63/79 [00:01<00:00, 35.83it/s]
 85%|████████▍ | 67/79 [00:01<00:00, 35.89it/s]
 90%|████████▉ | 71/79 [00:02<00:00, 35.52it/s]
 95%|█████████▍| 75/79 [00:02<00:00, 35.89it/s]
100%|██████████| 79/79 [00:02<00:00, 34.62it/s]

CommRound: 22/30
Accuracy: 91.23% | Loss: 0.4322
[############################################----------------] 73.3%
Elapsed: 30.9m | Avg/Round: 84.2s | Last: 83.4s | Next: 84.2s | Remaining: 11.2m
ETA: 10:31:09
Recent round times: R1: 85.5s -> R2: 78.6s -> R3: 74.9s -> R4: 86.0s -> R5: 83.4s

  0%|          | 0/79 [00:00<?, ?it/s]
  1%|▏         | 1/79 [00:00<00:10,  7.12it/s]
  9%|▉         | 7/79 [00:00<00:02, 28.61it/s]
 14%|█▍        | 11/79 [00:00<00:02, 31.38it/s]
 19%|█▉        | 15/79 [00:00<00:01, 32.96it/s]
 24%|██▍       | 19/79 [00:00<00:01, 34.14it/s]
 29%|██▉       | 23/79 [00:00<00:01, 35.27it/s]
 34%|███▍      | 27/79 [00:00<00:01, 35.83it/s]
 39%|███▉      | 31/79 [00:00<00:01, 36.14it/s]
 44%|████▍     | 35/79 [00:01<00:01, 36.54it/s]
 49%|████▉     | 39/79 [00:01<00:01, 36.76it/s]
 54%|█████▍    | 43/79 [00:01<00:00, 36.82it/s]
 59%|█████▉    | 47/79 [00:01<00:00, 36.62it/s]
 65%|██████▍   | 51/79 [00:01<00:00, 36.80it/s]
 70%|██████▉   | 55/79 [00:01<00:00, 36.65it/s]
 75%|███████▍  | 59/79 [00:01<00:00, 36.84it/s]
 80%|███████▉  | 63/79 [00:01<00:00, 36.83it/s]
 85%|████████▍ | 67/79 [00:01<00:00, 36.88it/s]
 90%|████████▉ | 71/79 [00:02<00:00, 36.85it/s]
 95%|█████████▍| 75/79 [00:02<00:00, 36.69it/s]
100%|██████████| 79/79 [00:02<00:00, 35.13it/s]

CommRound: 23/30
Accuracy: 91.23% | Loss: 0.4350
[##############################################--------------] 76.7%
Elapsed: 32.1m | Avg/Round: 83.9s | Last: 77.1s | Next: 83.9s | Remaining: 9.8m
ETA: 10:31:00
Recent round times: R1: 78.6s -> R2: 74.9s -> R3: 86.0s -> R4: 83.4s -> R5: 77.1s

  0%|          | 0/79 [00:00<?, ?it/s]
  1%|▏         | 1/79 [00:00<00:09,  8.23it/s]
  6%|▋         | 5/79 [00:00<00:02, 24.98it/s]
 11%|█▏        | 9/79 [00:00<00:02, 29.61it/s]
 16%|█▋        | 13/79 [00:00<00:02, 31.85it/s]
 22%|██▏       | 17/79 [00:00<00:01, 33.20it/s]
 27%|██▋       | 21/79 [00:00<00:01, 34.05it/s]
 32%|███▏      | 25/79 [00:00<00:01, 33.41it/s]
 37%|███▋      | 29/79 [00:00<00:01, 33.56it/s]
 42%|████▏     | 33/79 [00:01<00:01, 34.71it/s]
 47%|████▋     | 37/79 [00:01<00:01, 34.28it/s]
 52%|█████▏    | 41/79 [00:01<00:01, 33.82it/s]
 57%|█████▋    | 45/79 [00:01<00:00, 34.90it/s]
 62%|██████▏   | 49/79 [00:01<00:00, 35.22it/s]
 67%|██████▋   | 53/79 [00:01<00:00, 35.17it/s]
 72%|███████▏  | 57/79 [00:01<00:00, 35.39it/s]
 77%|███████▋  | 61/79 [00:01<00:00, 35.45it/s]
 82%|████████▏ | 65/79 [00:01<00:00, 35.58it/s]
 87%|████████▋ | 69/79 [00:02<00:00, 35.53it/s]
 92%|█████████▏| 73/79 [00:02<00:00, 35.65it/s]
 97%|█████████▋| 77/79 [00:02<00:00, 35.58it/s]
100%|██████████| 79/79 [00:02<00:00, 34.16it/s]

CommRound: 24/30
Accuracy: 91.23% | Loss: 0.4376
[################################################------------] 80.0%
Elapsed: 33.7m | Avg/Round: 84.1s | Last: 90.3s | Next: 84.1s | Remaining: 8.4m
ETA: 10:31:08
Recent round times: R1: 74.9s -> R2: 86.0s -> R3: 83.4s -> R4: 77.1s -> R5: 90.3s

  0%|          | 0/79 [00:00<?, ?it/s]
  1%|▏         | 1/79 [00:00<00:11,  6.58it/s]
  6%|▋         | 5/79 [00:00<00:03, 20.93it/s]
 10%|█         | 8/79 [00:00<00:02, 24.07it/s]
 14%|█▍        | 11/79 [00:00<00:03, 22.27it/s]
 19%|█▉        | 15/79 [00:00<00:02, 25.95it/s]
 24%|██▍       | 19/79 [00:00<00:02, 27.48it/s]
 28%|██▊       | 22/79 [00:00<00:02, 27.46it/s]
 33%|███▎      | 26/79 [00:01<00:01, 26.98it/s]
 38%|███▊      | 30/79 [00:01<00:01, 29.37it/s]
 43%|████▎     | 34/79 [00:01<00:01, 30.61it/s]
 48%|████▊     | 38/79 [00:01<00:01, 29.09it/s]
 52%|█████▏    | 41/79 [00:01<00:01, 26.02it/s]
 57%|█████▋    | 45/79 [00:01<00:01, 27.00it/s]
 62%|██████▏   | 49/79 [00:01<00:01, 27.47it/s]
 67%|██████▋   | 53/79 [00:02<00:00, 27.15it/s]
 72%|███████▏  | 57/79 [00:02<00:00, 28.18it/s]
 77%|███████▋  | 61/79 [00:02<00:00, 29.08it/s]
 82%|████████▏ | 65/79 [00:02<00:00, 29.83it/s]
 87%|████████▋ | 69/79 [00:02<00:00, 26.59it/s]
 92%|█████████▏| 73/79 [00:02<00:00, 26.90it/s]
 97%|█████████▋| 77/79 [00:02<00:00, 28.27it/s]
100%|██████████| 79/79 [00:02<00:00, 27.46it/s]

CommRound: 25/30
Accuracy: 91.27% | Loss: 0.4399
[##################################################----------] 83.3%
Elapsed: 35.0m | Avg/Round: 83.9s | Last: 79.5s | Next: 83.9s | Remaining: 7.0m
ETA: 10:31:02
Recent round times: R1: 86.0s -> R2: 83.4s -> R3: 77.1s -> R4: 90.3s -> R5: 79.5s

  0%|          | 0/79 [00:00<?, ?it/s]
  1%|▏         | 1/79 [00:00<00:12,  6.34it/s]
  9%|▉         | 7/79 [00:00<00:02, 24.97it/s]
 14%|█▍        | 11/79 [00:00<00:02, 30.10it/s]
 19%|█▉        | 15/79 [00:00<00:01, 32.41it/s]
 24%|██▍       | 19/79 [00:00<00:01, 32.46it/s]
 30%|███       | 24/79 [00:00<00:01, 37.09it/s]
 35%|███▌      | 28/79 [00:00<00:01, 37.15it/s]
 41%|████      | 32/79 [00:00<00:01, 36.97it/s]
 46%|████▌     | 36/79 [00:01<00:01, 32.94it/s]
 51%|█████     | 40/79 [00:01<00:01, 34.34it/s]
 56%|█████▌    | 44/79 [00:01<00:00, 35.38it/s]
 61%|██████    | 48/79 [00:01<00:00, 35.50it/s]
 66%|██████▌   | 52/79 [00:01<00:00, 35.76it/s]
 71%|███████   | 56/79 [00:01<00:00, 35.29it/s]
 76%|███████▌  | 60/79 [00:01<00:00, 35.60it/s]
 81%|████████  | 64/79 [00:01<00:00, 35.80it/s]
 86%|████████▌ | 68/79 [00:02<00:00, 35.97it/s]
 91%|█████████ | 72/79 [00:02<00:00, 35.99it/s]
 96%|█████████▌| 76/79 [00:02<00:00, 35.95it/s]
100%|██████████| 79/79 [00:02<00:00, 34.21it/s]

CommRound: 26/30
Accuracy: 91.33% | Loss: 0.4420
[####################################################--------] 86.7%
Elapsed: 36.3m | Avg/Round: 83.9s | Last: 81.4s | Next: 83.9s | Remaining: 5.6m
ETA: 10:31:00
Recent round times: R1: 83.4s -> R2: 77.1s -> R3: 90.3s -> R4: 79.5s -> R5: 81.4s

  0%|          | 0/79 [00:00<?, ?it/s]
  1%|▏         | 1/79 [00:00<00:14,  5.53it/s]
  6%|▋         | 5/79 [00:00<00:03, 20.59it/s]
 11%|█▏        | 9/79 [00:00<00:02, 25.97it/s]
 16%|█▋        | 13/79 [00:00<00:02, 28.55it/s]
 22%|██▏       | 17/79 [00:00<00:02, 30.19it/s]
 27%|██▋       | 21/79 [00:00<00:01, 31.22it/s]
 32%|███▏      | 25/79 [00:00<00:01, 30.98it/s]
 37%|███▋      | 29/79 [00:01<00:01, 31.99it/s]
 42%|████▏     | 33/79 [00:01<00:01, 31.39it/s]
 47%|████▋     | 37/79 [00:01<00:01, 30.94it/s]
 52%|█████▏    | 41/79 [00:01<00:01, 32.93it/s]
 57%|█████▋    | 45/79 [00:01<00:01, 32.63it/s]
 62%|██████▏   | 49/79 [00:01<00:00, 32.72it/s]
 67%|██████▋   | 53/79 [00:01<00:00, 31.74it/s]
 72%|███████▏  | 57/79 [00:01<00:00, 30.56it/s]
 77%|███████▋  | 61/79 [00:02<00:00, 30.10it/s]
 82%|████████▏ | 65/79 [00:02<00:00, 25.20it/s]
 87%|████████▋ | 69/79 [00:02<00:00, 25.87it/s]
 92%|█████████▏| 73/79 [00:02<00:00, 27.54it/s]
 97%|█████████▋| 77/79 [00:02<00:00, 28.14it/s]
100%|██████████| 79/79 [00:02<00:00, 29.06it/s]

CommRound: 27/30
Accuracy: 91.36% | Loss: 0.4438
[######################################################------] 90.0%
Elapsed: 37.6m | Avg/Round: 83.7s | Last: 78.7s | Next: 83.7s | Remaining: 4.2m
ETA: 10:30:54
Recent round times: R1: 77.1s -> R2: 90.3s -> R3: 79.5s -> R4: 81.4s -> R5: 78.7s

  0%|          | 0/79 [00:00<?, ?it/s]
  1%|▏         | 1/79 [00:00<00:17,  4.39it/s]
  8%|▊         | 6/79 [00:00<00:04, 15.26it/s]
 13%|█▎        | 10/79 [00:00<00:03, 20.88it/s]
 16%|█▋        | 13/79 [00:00<00:02, 22.51it/s]
 20%|██        | 16/79 [00:00<00:02, 21.14it/s]
 25%|██▌       | 20/79 [00:00<00:02, 25.31it/s]
 30%|███       | 24/79 [00:01<00:01, 27.62it/s]
 34%|███▍      | 27/79 [00:01<00:01, 26.81it/s]
 38%|███▊      | 30/79 [00:01<00:02, 22.63it/s]
 42%|████▏     | 33/79 [00:01<00:01, 23.76it/s]
 46%|████▌     | 36/79 [00:01<00:02, 15.97it/s]
 52%|█████▏    | 41/79 [00:01<00:01, 21.71it/s]
 57%|█████▋    | 45/79 [00:02<00:01, 22.98it/s]
 62%|██████▏   | 49/79 [00:02<00:01, 24.12it/s]
 67%|██████▋   | 53/79 [00:02<00:00, 27.49it/s]
 72%|███████▏  | 57/79 [00:02<00:00, 25.66it/s]
 76%|███████▌  | 60/79 [00:02<00:00, 25.32it/s]
 80%|███████▉  | 63/79 [00:02<00:00, 21.56it/s]
 84%|████████▎ | 66/79 [00:02<00:00, 21.34it/s]
 91%|█████████ | 72/79 [00:03<00:00, 28.22it/s]
 96%|█████████▌| 76/79 [00:03<00:00, 28.77it/s]
100%|██████████| 79/79 [00:03<00:00, 23.67it/s]

CommRound: 28/30
Accuracy: 91.38% | Loss: 0.4455
[########################################################----] 93.3%
Elapsed: 38.9m | Avg/Round: 83.4s | Last: 76.6s | Next: 83.4s | Remaining: 2.8m
ETA: 10:30:46
Recent round times: R1: 90.3s -> R2: 79.5s -> R3: 81.4s -> R4: 78.7s -> R5: 76.6s

  0%|          | 0/79 [00:00<?, ?it/s]
  1%|▏         | 1/79 [00:00<00:12,  6.37it/s]
  9%|▉         | 7/79 [00:00<00:02, 28.26it/s]
 14%|█▍        | 11/79 [00:00<00:02, 30.86it/s]
 19%|█▉        | 15/79 [00:00<00:02, 31.91it/s]
 24%|██▍       | 19/79 [00:00<00:01, 33.51it/s]
 29%|██▉       | 23/79 [00:00<00:01, 35.02it/s]
 34%|███▍      | 27/79 [00:00<00:01, 35.52it/s]
 39%|███▉      | 31/79 [00:00<00:01, 35.99it/s]
 44%|████▍     | 35/79 [00:01<00:01, 35.56it/s]
 49%|████▉     | 39/79 [00:01<00:01, 35.01it/s]
 54%|█████▍    | 43/79 [00:01<00:01, 35.85it/s]
 59%|█████▉    | 47/79 [00:01<00:00, 35.51it/s]
 65%|██████▍   | 51/79 [00:01<00:00, 35.90it/s]
 70%|██████▉   | 55/79 [00:01<00:00, 35.36it/s]
 75%|███████▍  | 59/79 [00:01<00:00, 35.17it/s]
 80%|███████▉  | 63/79 [00:01<00:00, 35.11it/s]
 85%|████████▍ | 67/79 [00:01<00:00, 34.70it/s]
 90%|████████▉ | 71/79 [00:02<00:00, 34.74it/s]
 95%|█████████▍| 75/79 [00:02<00:00, 34.88it/s]
100%|██████████| 79/79 [00:02<00:00, 34.44it/s]

CommRound: 29/30
Accuracy: 91.42% | Loss: 0.4469
[##########################################################--] 96.7%
Elapsed: 40.3m | Avg/Round: 83.3s | Last: 81.0s | Next: 83.3s | Remaining: 1.4m
ETA: 10:30:44
Recent round times: R1: 79.5s -> R2: 81.4s -> R3: 78.7s -> R4: 76.6s -> R5: 81.0s

  0%|          | 0/79 [00:00<?, ?it/s]
  1%|▏         | 1/79 [00:00<00:12,  6.16it/s]
  9%|▉         | 7/79 [00:00<00:02, 27.72it/s]
 14%|█▍        | 11/79 [00:00<00:02, 30.22it/s]
 20%|██        | 16/79 [00:00<00:01, 34.31it/s]
 25%|██▌       | 20/79 [00:00<00:01, 34.78it/s]
 30%|███       | 24/79 [00:00<00:01, 35.24it/s]
 35%|███▌      | 28/79 [00:00<00:01, 35.53it/s]
 41%|████      | 32/79 [00:00<00:01, 35.85it/s]
 46%|████▌     | 36/79 [00:01<00:01, 35.86it/s]
 51%|█████     | 40/79 [00:01<00:01, 35.93it/s]
 56%|█████▌    | 44/79 [00:01<00:00, 35.76it/s]
 61%|██████    | 48/79 [00:01<00:00, 36.09it/s]
 66%|██████▌   | 52/79 [00:01<00:00, 36.34it/s]
 71%|███████   | 56/79 [00:01<00:00, 36.33it/s]
 76%|███████▌  | 60/79 [00:01<00:00, 37.14it/s]
 81%|████████  | 64/79 [00:01<00:00, 37.88it/s]
 86%|████████▌ | 68/79 [00:01<00:00, 38.34it/s]
 91%|█████████ | 72/79 [00:02<00:00, 38.04it/s]
 96%|█████████▌| 76/79 [00:02<00:00, 37.74it/s]
100%|██████████| 79/79 [00:02<00:00, 35.14it/s]

CommRound: 30/30
Accuracy: 91.44% | Loss: 0.4482
[############################################################] 100.0%
Elapsed: 41.6m | Avg/Round: 83.3s | Last: 81.6s | Next: 83.3s | Remaining: 0.0m
ETA: 10:30:42
Recent round times: R1: 81.4s -> R2: 78.7s -> R3: 76.6s -> R4: 81.0s -> R5: 81.6s
Total time for experiment: 2498.113975763321 seconds
Device average training time per communication round [s]:
    rpi (sld-rpi-09.ece.utexas.edu): 26.29 seconds
    mc1 (sld-mc1-09.ece.utexas.edu): 79.94 seconds
