
  0%|          | 0/79 [00:00<?, ?it/s]
  4%|▍         | 3/79 [00:00<00:03, 23.74it/s]
 10%|█         | 8/79 [00:00<00:01, 36.93it/s]
 16%|█▋        | 13/79 [00:00<00:01, 37.62it/s]
 23%|██▎       | 18/79 [00:00<00:01, 40.11it/s]
 29%|██▉       | 23/79 [00:00<00:01, 40.57it/s]
 35%|███▌      | 28/79 [00:00<00:01, 40.73it/s]
 42%|████▏     | 33/79 [00:00<00:01, 41.90it/s]
 48%|████▊     | 38/79 [00:00<00:01, 40.06it/s]
 54%|█████▍    | 43/79 [00:01<00:00, 41.78it/s]
 61%|██████    | 48/79 [00:01<00:00, 38.17it/s]
 66%|██████▌   | 52/79 [00:01<00:00, 37.92it/s]
 71%|███████   | 56/79 [00:01<00:00, 37.59it/s]
 76%|███████▌  | 60/79 [00:01<00:00, 37.45it/s]
 81%|████████  | 64/79 [00:01<00:00, 37.29it/s]
 87%|████████▋ | 69/79 [00:01<00:00, 40.54it/s]
 94%|█████████▎| 74/79 [00:01<00:00, 38.91it/s]
100%|██████████| 79/79 [00:02<00:00, 39.27it/s]
Initial Accuracy: 10.31%; Initial Loss: 2.3061

  0%|          | 0/79 [00:00<?, ?it/s]
  4%|▍         | 3/79 [00:00<00:03, 22.46it/s]
  9%|▉         | 7/79 [00:00<00:02, 31.10it/s]
 16%|█▋        | 13/79 [00:00<00:01, 36.60it/s]
 24%|██▍       | 19/79 [00:00<00:01, 39.20it/s]
 32%|███▏      | 25/79 [00:00<00:01, 40.47it/s]
 39%|███▉      | 31/79 [00:00<00:01, 41.50it/s]
 46%|████▌     | 36/79 [00:00<00:00, 43.71it/s]
 52%|█████▏    | 41/79 [00:01<00:00, 41.49it/s]
 58%|█████▊    | 46/79 [00:01<00:00, 43.03it/s]
 65%|██████▍   | 51/79 [00:01<00:00, 41.90it/s]
 71%|███████   | 56/79 [00:01<00:00, 42.40it/s]
 77%|███████▋  | 61/79 [00:01<00:00, 39.23it/s]
 82%|████████▏ | 65/79 [00:01<00:00, 38.67it/s]
 87%|████████▋ | 69/79 [00:01<00:00, 38.16it/s]
 92%|█████████▏| 73/79 [00:01<00:00, 37.87it/s]
 97%|█████████▋| 77/79 [00:01<00:00, 37.56it/s]
100%|██████████| 79/79 [00:01<00:00, 39.81it/s]

CommRound: 1/30
Accuracy: 31.70% | Loss: 1.9876
[##----------------------------------------------------------] 3.3%
Elapsed: 0.2m | Avg/Round: 11.8s | Last: 9.7s | Next: 11.8s | Remaining: 5.7m
ETA: 18:40:27
Recent round times: R1: 9.7s

  0%|          | 0/79 [00:00<?, ?it/s]
  4%|▍         | 3/79 [00:00<00:03, 23.15it/s]
 10%|█         | 8/79 [00:00<00:01, 36.90it/s]
 16%|█▋        | 13/79 [00:00<00:01, 36.42it/s]
 23%|██▎       | 18/79 [00:00<00:01, 40.92it/s]
 29%|██▉       | 23/79 [00:00<00:01, 38.54it/s]
 37%|███▋      | 29/79 [00:00<00:01, 39.96it/s]
 44%|████▍     | 35/79 [00:00<00:01, 40.83it/s]
 52%|█████▏    | 41/79 [00:01<00:00, 41.25it/s]
 59%|█████▉    | 47/79 [00:01<00:00, 41.64it/s]
 67%|██████▋   | 53/79 [00:01<00:00, 41.91it/s]
 75%|███████▍  | 59/79 [00:01<00:00, 42.05it/s]
 82%|████████▏ | 65/79 [00:01<00:00, 41.88it/s]
 90%|████████▉ | 71/79 [00:01<00:00, 41.96it/s]
 97%|█████████▋| 77/79 [00:01<00:00, 42.26it/s]
100%|██████████| 79/79 [00:01<00:00, 41.38it/s]

CommRound: 2/30
Accuracy: 61.65% | Loss: 1.1737
[####--------------------------------------------------------] 6.7%
Elapsed: 0.4m | Avg/Round: 10.6s | Last: 9.4s | Next: 10.6s | Remaining: 5.0m
ETA: 18:39:52
Recent round times: R1: 9.7s -> R2: 9.4s

  0%|          | 0/79 [00:00<?, ?it/s]
  4%|▍         | 3/79 [00:00<00:03, 23.98it/s]
 10%|█         | 8/79 [00:00<00:01, 36.66it/s]
 16%|█▋        | 13/79 [00:00<00:01, 37.48it/s]
 23%|██▎       | 18/79 [00:00<00:01, 39.74it/s]
 29%|██▉       | 23/79 [00:00<00:01, 40.32it/s]
 35%|███▌      | 28/79 [00:00<00:01, 41.24it/s]
 42%|████▏     | 33/79 [00:00<00:01, 41.12it/s]
 48%|████▊     | 38/79 [00:00<00:01, 40.83it/s]
 54%|█████▍    | 43/79 [00:01<00:00, 42.25it/s]
 61%|██████    | 48/79 [00:01<00:00, 40.44it/s]
 67%|██████▋   | 53/79 [00:01<00:00, 42.08it/s]
 73%|███████▎  | 58/79 [00:01<00:00, 40.46it/s]
 80%|███████▉  | 63/79 [00:01<00:00, 42.22it/s]
 86%|████████▌ | 68/79 [00:01<00:00, 40.09it/s]
 92%|█████████▏| 73/79 [00:01<00:00, 42.50it/s]
 99%|█████████▊| 78/79 [00:01<00:00, 40.00it/s]
100%|██████████| 79/79 [00:01<00:00, 40.51it/s]

CommRound: 3/30
Accuracy: 69.24% | Loss: 0.8691
[######------------------------------------------------------] 10.0%
Elapsed: 0.5m | Avg/Round: 10.2s | Last: 9.5s | Next: 10.2s | Remaining: 4.6m
ETA: 18:39:41
Recent round times: R1: 9.7s -> R2: 9.4s -> R3: 9.5s

  0%|          | 0/79 [00:00<?, ?it/s]
  4%|▍         | 3/79 [00:00<00:03, 20.10it/s]
  9%|▉         | 7/79 [00:00<00:02, 27.58it/s]
 16%|█▋        | 13/79 [00:00<00:01, 34.90it/s]
 24%|██▍       | 19/79 [00:00<00:01, 38.30it/s]
 32%|███▏      | 25/79 [00:00<00:01, 40.12it/s]
 39%|███▉      | 31/79 [00:00<00:01, 41.36it/s]
 47%|████▋     | 37/79 [00:00<00:00, 42.14it/s]
 53%|█████▎    | 42/79 [00:01<00:00, 43.19it/s]
 59%|█████▉    | 47/79 [00:01<00:00, 42.42it/s]
 66%|██████▌   | 52/79 [00:01<00:00, 40.96it/s]
 72%|███████▏  | 57/79 [00:01<00:00, 43.12it/s]
 78%|███████▊  | 62/79 [00:01<00:00, 40.00it/s]
 85%|████████▍ | 67/79 [00:01<00:00, 42.40it/s]
 91%|█████████ | 72/79 [00:01<00:00, 40.36it/s]
 99%|█████████▊| 78/79 [00:01<00:00, 41.45it/s]
100%|██████████| 79/79 [00:01<00:00, 40.32it/s]

CommRound: 4/30
Accuracy: 76.81% | Loss: 0.6619
[########----------------------------------------------------] 13.3%
Elapsed: 0.7m | Avg/Round: 10.1s | Last: 9.6s | Next: 10.1s | Remaining: 4.4m
ETA: 18:39:36
Recent round times: R1: 9.7s -> R2: 9.4s -> R3: 9.5s -> R4: 9.6s

  0%|          | 0/79 [00:00<?, ?it/s]
  1%|▏         | 1/79 [00:00<00:08,  9.45it/s]
  8%|▊         | 6/79 [00:00<00:02, 32.64it/s]
 13%|█▎        | 10/79 [00:00<00:01, 35.42it/s]
 18%|█▊        | 14/79 [00:00<00:01, 36.68it/s]
 23%|██▎       | 18/79 [00:00<00:01, 37.45it/s]
 28%|██▊       | 22/79 [00:00<00:01, 37.76it/s]
 33%|███▎      | 26/79 [00:00<00:01, 38.08it/s]
 38%|███▊      | 30/79 [00:00<00:01, 38.51it/s]
 43%|████▎     | 34/79 [00:00<00:01, 38.60it/s]
 49%|████▉     | 39/79 [00:01<00:01, 36.97it/s]
 56%|█████▌    | 44/79 [00:01<00:00, 40.50it/s]
 62%|██████▏   | 49/79 [00:01<00:00, 38.39it/s]
 67%|██████▋   | 53/79 [00:01<00:00, 38.76it/s]
 73%|███████▎  | 58/79 [00:01<00:00, 41.21it/s]
 80%|███████▉  | 63/79 [00:01<00:00, 39.38it/s]
 86%|████████▌ | 68/79 [00:01<00:00, 37.33it/s]
 91%|█████████ | 72/79 [00:01<00:00, 36.95it/s]
 96%|█████████▌| 76/79 [00:02<00:00, 36.56it/s]
100%|██████████| 79/79 [00:02<00:00, 37.44it/s]

CommRound: 5/30
Accuracy: 79.03% | Loss: 0.6247
[##########--------------------------------------------------] 16.7%
Elapsed: 0.8m | Avg/Round: 10.0s | Last: 9.8s | Next: 10.0s | Remaining: 4.2m
ETA: 18:39:35
Recent round times: R1: 9.7s -> R2: 9.4s -> R3: 9.5s -> R4: 9.6s -> R5: 9.8s

  0%|          | 0/79 [00:00<?, ?it/s]
  3%|▎         | 2/79 [00:00<00:03, 19.36it/s]
  9%|▉         | 7/79 [00:00<00:02, 27.69it/s]
 14%|█▍        | 11/79 [00:00<00:02, 31.59it/s]
 19%|█▉        | 15/79 [00:00<00:01, 33.04it/s]
 24%|██▍       | 19/79 [00:00<00:01, 34.63it/s]
 29%|██▉       | 23/79 [00:00<00:01, 35.67it/s]
 34%|███▍      | 27/79 [00:00<00:01, 36.65it/s]
 39%|███▉      | 31/79 [00:00<00:01, 37.62it/s]
 44%|████▍     | 35/79 [00:00<00:01, 38.28it/s]
 51%|█████     | 40/79 [00:01<00:00, 41.61it/s]
 57%|█████▋    | 45/79 [00:01<00:00, 38.61it/s]
 62%|██████▏   | 49/79 [00:01<00:00, 38.95it/s]
 67%|██████▋   | 53/79 [00:01<00:00, 38.70it/s]
 72%|███████▏  | 57/79 [00:01<00:00, 37.94it/s]
 77%|███████▋  | 61/79 [00:01<00:00, 37.46it/s]
 82%|████████▏ | 65/79 [00:01<00:00, 36.72it/s]
 87%|████████▋ | 69/79 [00:01<00:00, 37.56it/s]
 92%|█████████▏| 73/79 [00:01<00:00, 37.36it/s]
 97%|█████████▋| 77/79 [00:02<00:00, 36.80it/s]
100%|██████████| 79/79 [00:02<00:00, 37.10it/s]

CommRound: 6/30
Accuracy: 79.86% | Loss: 0.6125
[############------------------------------------------------] 20.0%
Elapsed: 1.0m | Avg/Round: 10.0s | Last: 9.9s | Next: 10.0s | Remaining: 4.0m
ETA: 18:39:34
Recent round times: R1: 9.4s -> R2: 9.5s -> R3: 9.6s -> R4: 9.8s -> R5: 9.9s

  0%|          | 0/79 [00:00<?, ?it/s]
  4%|▍         | 3/79 [00:00<00:03, 23.32it/s]
 10%|█         | 8/79 [00:00<00:02, 35.38it/s]
 15%|█▌        | 12/79 [00:00<00:01, 36.57it/s]
 20%|██        | 16/79 [00:00<00:01, 37.35it/s]
 25%|██▌       | 20/79 [00:00<00:01, 37.86it/s]
 30%|███       | 24/79 [00:00<00:01, 38.23it/s]
 35%|███▌      | 28/79 [00:00<00:01, 38.63it/s]
 41%|████      | 32/79 [00:00<00:01, 38.82it/s]
 46%|████▌     | 36/79 [00:00<00:01, 39.03it/s]
 51%|█████     | 40/79 [00:01<00:00, 39.16it/s]
 56%|█████▌    | 44/79 [00:01<00:00, 39.31it/s]
 61%|██████    | 48/79 [00:01<00:00, 39.40it/s]
 66%|██████▌   | 52/79 [00:01<00:00, 39.49it/s]
 71%|███████   | 56/79 [00:01<00:00, 38.72it/s]
 76%|███████▌  | 60/79 [00:01<00:00, 39.03it/s]
 81%|████████  | 64/79 [00:01<00:00, 39.07it/s]
 86%|████████▌ | 68/79 [00:01<00:00, 39.27it/s]
 91%|█████████ | 72/79 [00:01<00:00, 39.31it/s]
 96%|█████████▌| 76/79 [00:01<00:00, 39.44it/s]
100%|██████████| 79/79 [00:02<00:00, 38.71it/s]

CommRound: 7/30
Accuracy: 80.92% | Loss: 0.5922
[##############----------------------------------------------] 23.3%
Elapsed: 1.2m | Avg/Round: 10.0s | Last: 9.7s | Next: 10.0s | Remaining: 3.8m
ETA: 18:39:33
Recent round times: R1: 9.5s -> R2: 9.6s -> R3: 9.8s -> R4: 9.9s -> R5: 9.7s

  0%|          | 0/79 [00:00<?, ?it/s]
  4%|▍         | 3/79 [00:00<00:03, 22.84it/s]
 10%|█         | 8/79 [00:00<00:01, 36.96it/s]
 16%|█▋        | 13/79 [00:00<00:01, 36.21it/s]
 23%|██▎       | 18/79 [00:00<00:01, 39.93it/s]
 29%|██▉       | 23/79 [00:00<00:01, 39.90it/s]
 35%|███▌      | 28/79 [00:00<00:01, 40.94it/s]
 42%|████▏     | 33/79 [00:00<00:01, 41.79it/s]
 48%|████▊     | 38/79 [00:00<00:00, 42.03it/s]
 54%|█████▍    | 43/79 [00:01<00:00, 42.63it/s]
 61%|██████    | 48/79 [00:01<00:00, 42.61it/s]
 67%|██████▋   | 53/79 [00:01<00:00, 43.03it/s]
 73%|███████▎  | 58/79 [00:01<00:00, 42.72it/s]
 80%|███████▉  | 63/79 [00:01<00:00, 43.14it/s]
 86%|████████▌ | 68/79 [00:01<00:00, 43.01it/s]
 92%|█████████▏| 73/79 [00:01<00:00, 43.31it/s]
 99%|█████████▊| 78/79 [00:01<00:00, 43.22it/s]
100%|██████████| 79/79 [00:01<00:00, 41.73it/s]

CommRound: 8/30
Accuracy: 79.42% | Loss: 0.6407
[################--------------------------------------------] 26.7%
Elapsed: 1.3m | Avg/Round: 9.9s | Last: 9.6s | Next: 9.9s | Remaining: 3.6m
ETA: 18:39:31
Recent round times: R1: 9.6s -> R2: 9.8s -> R3: 9.9s -> R4: 9.7s -> R5: 9.6s

  0%|          | 0/79 [00:00<?, ?it/s]
  4%|▍         | 3/79 [00:00<00:03, 23.39it/s]
 10%|█         | 8/79 [00:00<00:02, 34.63it/s]
 15%|█▌        | 12/79 [00:00<00:01, 36.63it/s]
 22%|██▏       | 17/79 [00:00<00:01, 38.08it/s]
 28%|██▊       | 22/79 [00:00<00:01, 38.51it/s]
 33%|███▎      | 26/79 [00:00<00:01, 38.62it/s]
 39%|███▉      | 31/79 [00:00<00:01, 40.88it/s]
 46%|████▌     | 36/79 [00:00<00:01, 39.44it/s]
 51%|█████     | 40/79 [00:01<00:00, 39.55it/s]
 56%|█████▌    | 44/79 [00:01<00:00, 39.67it/s]
 62%|██████▏   | 49/79 [00:01<00:00, 42.45it/s]
 68%|██████▊   | 54/79 [00:01<00:00, 40.07it/s]
 76%|███████▌  | 60/79 [00:01<00:00, 40.85it/s]
 84%|████████▎ | 66/79 [00:01<00:00, 41.63it/s]
 91%|█████████ | 72/79 [00:01<00:00, 42.06it/s]
 99%|█████████▊| 78/79 [00:01<00:00, 42.41it/s]
100%|██████████| 79/79 [00:01<00:00, 40.32it/s]

CommRound: 9/30
Accuracy: 81.21% | Loss: 0.6015
[##################------------------------------------------] 30.0%
Elapsed: 1.5m | Avg/Round: 9.9s | Last: 9.6s | Next: 9.9s | Remaining: 3.5m
ETA: 18:39:30
Recent round times: R1: 9.8s -> R2: 9.9s -> R3: 9.7s -> R4: 9.6s -> R5: 9.6s

  0%|          | 0/79 [00:00<?, ?it/s]
  4%|▍         | 3/79 [00:00<00:03, 23.57it/s]
 10%|█         | 8/79 [00:00<00:01, 37.20it/s]
 16%|█▋        | 13/79 [00:00<00:01, 36.43it/s]
 23%|██▎       | 18/79 [00:00<00:01, 41.05it/s]
 29%|██▉       | 23/79 [00:00<00:01, 38.57it/s]
 37%|███▋      | 29/79 [00:00<00:01, 39.54it/s]
 44%|████▍     | 35/79 [00:00<00:01, 40.31it/s]
 52%|█████▏    | 41/79 [00:01<00:00, 41.16it/s]
 59%|█████▉    | 47/79 [00:01<00:00, 41.85it/s]
 66%|██████▌   | 52/79 [00:01<00:00, 43.55it/s]
 72%|███████▏  | 57/79 [00:01<00:00, 42.04it/s]
 78%|███████▊  | 62/79 [00:01<00:00, 42.07it/s]
 85%|████████▍ | 67/79 [00:01<00:00, 42.65it/s]
 91%|█████████ | 72/79 [00:01<00:00, 41.40it/s]
 97%|█████████▋| 77/79 [00:01<00:00, 43.31it/s]
100%|██████████| 79/79 [00:01<00:00, 40.93it/s]

CommRound: 10/30
Accuracy: 74.94% | Loss: 0.7878
[####################----------------------------------------] 33.3%
Elapsed: 1.6m | Avg/Round: 9.9s | Last: 9.8s | Next: 9.9s | Remaining: 3.3m
ETA: 18:39:30
Recent round times: R1: 9.9s -> R2: 9.7s -> R3: 9.6s -> R4: 9.6s -> R5: 9.8s

  0%|          | 0/79 [00:00<?, ?it/s]
  4%|▍         | 3/79 [00:00<00:03, 21.47it/s]
  9%|▉         | 7/79 [00:00<00:02, 29.41it/s]
 14%|█▍        | 11/79 [00:00<00:02, 32.43it/s]
 19%|█▉        | 15/79 [00:00<00:01, 34.05it/s]
 24%|██▍       | 19/79 [00:00<00:01, 35.12it/s]
 29%|██▉       | 23/79 [00:00<00:01, 35.73it/s]
 34%|███▍      | 27/79 [00:00<00:01, 36.11it/s]
 39%|███▉      | 31/79 [00:00<00:01, 36.39it/s]
 44%|████▍     | 35/79 [00:01<00:01, 36.38it/s]
 49%|████▉     | 39/79 [00:01<00:01, 36.24it/s]
 54%|█████▍    | 43/79 [00:01<00:00, 36.75it/s]
 59%|█████▉    | 47/79 [00:01<00:00, 37.01it/s]
 65%|██████▍   | 51/79 [00:01<00:00, 37.11it/s]
 70%|██████▉   | 55/79 [00:01<00:00, 37.27it/s]
 75%|███████▍  | 59/79 [00:01<00:00, 37.34it/s]
 80%|███████▉  | 63/79 [00:01<00:00, 37.28it/s]
 85%|████████▍ | 67/79 [00:01<00:00, 37.30it/s]
 90%|████████▉ | 71/79 [00:01<00:00, 37.24it/s]
 95%|█████████▍| 75/79 [00:02<00:00, 37.01it/s]
100%|██████████| 79/79 [00:02<00:00, 36.53it/s]

CommRound: 11/30
Accuracy: 75.72% | Loss: 0.7868
[######################--------------------------------------] 36.7%
Elapsed: 1.8m | Avg/Round: 9.9s | Last: 9.9s | Next: 9.9s | Remaining: 3.1m
ETA: 18:39:30
Recent round times: R1: 9.7s -> R2: 9.6s -> R3: 9.6s -> R4: 9.8s -> R5: 9.9s

  0%|          | 0/79 [00:00<?, ?it/s]
  4%|▍         | 3/79 [00:00<00:03, 23.06it/s]
 10%|█         | 8/79 [00:00<00:01, 36.00it/s]
 15%|█▌        | 12/79 [00:00<00:01, 36.95it/s]
 20%|██        | 16/79 [00:00<00:01, 37.59it/s]
 25%|██▌       | 20/79 [00:00<00:01, 38.29it/s]
 30%|███       | 24/79 [00:00<00:01, 38.68it/s]
 37%|███▋      | 29/79 [00:00<00:01, 39.39it/s]
 43%|████▎     | 34/79 [00:00<00:01, 40.03it/s]
 49%|████▉     | 39/79 [00:01<00:00, 41.08it/s]
 56%|█████▌    | 44/79 [00:01<00:00, 40.45it/s]
 62%|██████▏   | 49/79 [00:01<00:00, 41.16it/s]
 68%|██████▊   | 54/79 [00:01<00:00, 39.64it/s]
 75%|███████▍  | 59/79 [00:01<00:00, 41.55it/s]
 81%|████████  | 64/79 [00:01<00:00, 39.77it/s]
 87%|████████▋ | 69/79 [00:01<00:00, 41.32it/s]
 94%|█████████▎| 74/79 [00:01<00:00, 40.49it/s]
100%|██████████| 79/79 [00:01<00:00, 42.47it/s]
100%|██████████| 79/79 [00:01<00:00, 39.66it/s]

CommRound: 12/30
Accuracy: 70.35% | Loss: 1.0208
[########################------------------------------------] 40.0%
Elapsed: 2.0m | Avg/Round: 9.9s | Last: 9.6s | Next: 9.9s | Remaining: 3.0m
ETA: 18:39:29
Recent round times: R1: 9.6s -> R2: 9.6s -> R3: 9.8s -> R4: 9.9s -> R5: 9.6s

  0%|          | 0/79 [00:00<?, ?it/s]
  4%|▍         | 3/79 [00:00<00:03, 22.14it/s]
 11%|█▏        | 9/79 [00:00<00:02, 33.80it/s]
 19%|█▉        | 15/79 [00:00<00:01, 37.58it/s]
 27%|██▋       | 21/79 [00:00<00:01, 39.21it/s]
 34%|███▍      | 27/79 [00:00<00:01, 40.42it/s]
 42%|████▏     | 33/79 [00:00<00:01, 41.38it/s]
 48%|████▊     | 38/79 [00:00<00:00, 43.48it/s]
 54%|█████▍    | 43/79 [00:01<00:00, 41.54it/s]
 61%|██████    | 48/79 [00:01<00:00, 41.06it/s]
 67%|██████▋   | 53/79 [00:01<00:00, 41.88it/s]
 73%|███████▎  | 58/79 [00:01<00:00, 37.72it/s]
 78%|███████▊  | 62/79 [00:01<00:00, 37.53it/s]
 84%|████████▎ | 66/79 [00:01<00:00, 37.04it/s]
 89%|████████▊ | 70/79 [00:01<00:00, 37.03it/s]
 94%|█████████▎| 74/79 [00:01<00:00, 36.87it/s]
 99%|█████████▊| 78/79 [00:02<00:00, 36.95it/s]
100%|██████████| 79/79 [00:02<00:00, 38.70it/s]

CommRound: 13/30
Accuracy: 73.56% | Loss: 0.9544
[##########################----------------------------------] 43.3%
Elapsed: 2.1m | Avg/Round: 9.9s | Last: 9.8s | Next: 9.9s | Remaining: 2.8m
ETA: 18:39:29
Recent round times: R1: 9.6s -> R2: 9.8s -> R3: 9.9s -> R4: 9.6s -> R5: 9.8s

  0%|          | 0/79 [00:00<?, ?it/s]
  4%|▍         | 3/79 [00:00<00:03, 22.74it/s]
 11%|█▏        | 9/79 [00:00<00:01, 35.01it/s]
 18%|█▊        | 14/79 [00:00<00:01, 39.88it/s]
 24%|██▍       | 19/79 [00:00<00:01, 39.54it/s]
 30%|███       | 24/79 [00:00<00:01, 41.25it/s]
 37%|███▋      | 29/79 [00:00<00:01, 41.01it/s]
 43%|████▎     | 34/79 [00:00<00:01, 38.48it/s]
 48%|████▊     | 38/79 [00:00<00:01, 38.68it/s]
 56%|█████▌    | 44/79 [00:01<00:00, 40.06it/s]
 62%|██████▏   | 49/79 [00:01<00:00, 42.19it/s]
 68%|██████▊   | 54/79 [00:01<00:00, 39.04it/s]
 75%|███████▍  | 59/79 [00:01<00:00, 41.62it/s]
 81%|████████  | 64/79 [00:01<00:00, 39.38it/s]
 87%|████████▋ | 69/79 [00:01<00:00, 40.67it/s]
 94%|█████████▎| 74/79 [00:01<00:00, 40.00it/s]
100%|██████████| 79/79 [00:01<00:00, 39.85it/s]

CommRound: 14/30
Accuracy: 70.62% | Loss: 1.1432
[############################--------------------------------] 46.7%
Elapsed: 2.3m | Avg/Round: 9.9s | Last: 10.0s | Next: 9.9s | Remaining: 2.6m
ETA: 18:39:30
Recent round times: R1: 9.8s -> R2: 9.9s -> R3: 9.6s -> R4: 9.8s -> R5: 10.0s
EARLY_STOP: round=14; best_acc=81.21; current_acc=70.62; threshold=90.00; patience=5; reason=converged_below_target
Total time for experiment: 138.10765647888184 seconds
Device average training time per communication round [s]:
    rpi (sld-rpi-09.ece.utexas.edu): 4.87 seconds
    mc1 (sld-mc1-09.ece.utexas.edu): 2.70 seconds
