Connecting to sld-rpi-09.ece.utexas.edu...
Successfully fetched dev0_pow_temp_log_exp156_run1.csv.
Connecting to sld-rpi-09.ece.utexas.edu...
Successfully fetched dev0_communication_log_exp156_run1.csv.
Connecting to sld-mc1-09.ece.utexas.edu...
Successfully fetched dev1_pow_temp_log_exp156_run1.csv.
Connecting to sld-mc1-09.ece.utexas.edu...
Successfully fetched dev1_communication_log_exp156_run1.csv.

Exp156
Experiment 156: 
	Global test accuracy [%]: 90.77 %
	Convergence time [#round]: 15 communication rounds
	Total wall clock time to reach 90.00% [s]: 1,474.64 seconds
	Average time per communication round [s]: 99.07 seconds
	Total wall clock time [s]: 2,946.34 seconds


Experiment 156:
	RPi avg. energy consumption per round [J]: 107.00 Joules
	MC1 avg. energy consumption per round [J]: 702.32 Joules
	Total avg. energy consumption per communication round [J]: 809.32 Joules
	Avg. amount of communicated data per communication round [MB]: 3.85 MB
	RPi avg. power consumption per round [W]: 5.60 Watts
	MC1 avg. power consumption per round [W]: 7.41 Watts
