Connecting to sld-rpi-09.ece.utexas.edu...
Successfully fetched dev0_pow_temp_log_exp114_run1.csv.
Connecting to sld-rpi-09.ece.utexas.edu...
Successfully fetched dev0_communication_log_exp114_run1.csv.
Connecting to sld-mc1-09.ece.utexas.edu...
Successfully fetched dev1_pow_temp_log_exp114_run1.csv.
Connecting to sld-mc1-09.ece.utexas.edu...
Successfully fetched dev1_communication_log_exp114_run1.csv.

Exp114
Experiment 114: 
	Global test accuracy [%]: 89.19 %
	No round found where all subsequent rounds have accuracy >= 90.00%.
	Average time per communication round [s]: 43.55 seconds
	Total wall clock time [s]: 480.52 seconds


Experiment 114:
	RPi avg. energy consumption per round [J]: 68.68 Joules
	MC1 avg. energy consumption per round [J]: 318.86 Joules
	Total avg. energy consumption per communication round [J]: 387.54 Joules
	Avg. amount of communicated data per communication round [MB]: 0.13 MB
	RPi avg. power consumption per round [W]: 5.71 Watts
	MC1 avg. power consumption per round [W]: 7.39 Watts
