
  0%|          | 0/79 [00:00<?, ?it/s]
  4%|▍         | 3/79 [00:00<00:03, 23.64it/s]
  9%|▉         | 7/79 [00:00<00:02, 31.04it/s]
 14%|█▍        | 11/79 [00:00<00:02, 33.31it/s]
 19%|█▉        | 15/79 [00:00<00:01, 34.51it/s]
 24%|██▍       | 19/79 [00:00<00:01, 35.26it/s]
 29%|██▉       | 23/79 [00:00<00:01, 35.59it/s]
 34%|███▍      | 27/79 [00:00<00:01, 36.05it/s]
 39%|███▉      | 31/79 [00:00<00:01, 36.37it/s]
 44%|████▍     | 35/79 [00:01<00:01, 36.30it/s]
 49%|████▉     | 39/79 [00:01<00:01, 36.47it/s]
 54%|█████▍    | 43/79 [00:01<00:00, 36.36it/s]
 59%|█████▉    | 47/79 [00:01<00:00, 36.52it/s]
 65%|██████▍   | 51/79 [00:01<00:00, 36.57it/s]
 70%|██████▉   | 55/79 [00:01<00:00, 36.58it/s]
 75%|███████▍  | 59/79 [00:01<00:00, 36.70it/s]
 80%|███████▉  | 63/79 [00:01<00:00, 36.63it/s]
 85%|████████▍ | 67/79 [00:01<00:00, 37.49it/s]
 90%|████████▉ | 71/79 [00:01<00:00, 38.15it/s]
 95%|█████████▍| 75/79 [00:02<00:00, 38.18it/s]
100%|██████████| 79/79 [00:02<00:00, 36.66it/s]
Initial Accuracy: 8.92%; Initial Loss: 2.3123

  0%|          | 0/79 [00:00<?, ?it/s]
  1%|▏         | 1/79 [00:00<00:07,  9.93it/s]
  9%|▉         | 7/79 [00:00<00:02, 28.94it/s]
 15%|█▌        | 12/79 [00:00<00:01, 36.65it/s]
 20%|██        | 16/79 [00:00<00:01, 34.57it/s]
 25%|██▌       | 20/79 [00:00<00:01, 33.51it/s]
 30%|███       | 24/79 [00:00<00:01, 32.95it/s]
 35%|███▌      | 28/79 [00:00<00:01, 32.46it/s]
 41%|████      | 32/79 [00:00<00:01, 32.88it/s]
 46%|████▌     | 36/79 [00:01<00:01, 32.69it/s]
 51%|█████     | 40/79 [00:01<00:01, 34.55it/s]
 56%|█████▌    | 44/79 [00:01<00:00, 35.54it/s]
 61%|██████    | 48/79 [00:01<00:00, 36.15it/s]
 67%|██████▋   | 53/79 [00:01<00:00, 36.07it/s]
 72%|███████▏  | 57/79 [00:01<00:00, 36.70it/s]
 77%|███████▋  | 61/79 [00:01<00:00, 37.43it/s]
 82%|████████▏ | 65/79 [00:01<00:00, 38.00it/s]
 87%|████████▋ | 69/79 [00:01<00:00, 38.42it/s]
 92%|█████████▏| 73/79 [00:02<00:00, 38.28it/s]
 97%|█████████▋| 77/79 [00:02<00:00, 37.60it/s]
100%|██████████| 79/79 [00:02<00:00, 35.73it/s]

CommRound: 1/30
Accuracy: 13.79% | Loss: 2.7870
[##----------------------------------------------------------] 3.3%
Elapsed: 0.2m | Avg/Round: 12.4s | Last: 10.2s | Next: 12.4s | Remaining: 6.0m
ETA: 19:29:56
Recent round times: R1: 10.2s

  0%|          | 0/79 [00:00<?, ?it/s]
  1%|▏         | 1/79 [00:00<00:08,  9.57it/s]
  8%|▊         | 6/79 [00:00<00:02, 30.56it/s]
 13%|█▎        | 10/79 [00:00<00:02, 32.58it/s]
 18%|█▊        | 14/79 [00:00<00:01, 33.52it/s]
 23%|██▎       | 18/79 [00:00<00:01, 33.70it/s]
 28%|██▊       | 22/79 [00:00<00:01, 34.23it/s]
 33%|███▎      | 26/79 [00:00<00:01, 34.67it/s]
 38%|███▊      | 30/79 [00:00<00:01, 34.04it/s]
 43%|████▎     | 34/79 [00:01<00:01, 34.68it/s]
 48%|████▊     | 38/79 [00:01<00:01, 34.90it/s]
 53%|█████▎    | 42/79 [00:01<00:01, 35.26it/s]
 58%|█████▊    | 46/79 [00:01<00:00, 34.76it/s]
 63%|██████▎   | 50/79 [00:01<00:00, 35.13it/s]
 68%|██████▊   | 54/79 [00:01<00:00, 35.59it/s]
 73%|███████▎  | 58/79 [00:01<00:00, 36.03it/s]
 78%|███████▊  | 62/79 [00:01<00:00, 36.27it/s]
 84%|████████▎ | 66/79 [00:01<00:00, 36.65it/s]
 89%|████████▊ | 70/79 [00:02<00:00, 36.86it/s]
 94%|█████████▎| 74/79 [00:02<00:00, 36.51it/s]
 99%|█████████▊| 78/79 [00:02<00:00, 36.82it/s]
100%|██████████| 79/79 [00:02<00:00, 35.05it/s]

CommRound: 2/30
Accuracy: 17.97% | Loss: 2.8116
[####--------------------------------------------------------] 6.7%
Elapsed: 0.4m | Avg/Round: 11.3s | Last: 10.2s | Next: 11.3s | Remaining: 5.3m
ETA: 19:29:24
Recent round times: R1: 10.2s -> R2: 10.2s

  0%|          | 0/79 [00:00<?, ?it/s]
  1%|▏         | 1/79 [00:00<00:07,  9.76it/s]
  8%|▊         | 6/79 [00:00<00:02, 33.05it/s]
 13%|█▎        | 10/79 [00:00<00:01, 36.20it/s]
 18%|█▊        | 14/79 [00:00<00:01, 35.58it/s]
 24%|██▍       | 19/79 [00:00<00:01, 37.58it/s]
 29%|██▉       | 23/79 [00:00<00:01, 38.24it/s]
 34%|███▍      | 27/79 [00:00<00:01, 38.42it/s]
 39%|███▉      | 31/79 [00:00<00:01, 38.65it/s]
 44%|████▍     | 35/79 [00:00<00:01, 38.83it/s]
 49%|████▉     | 39/79 [00:01<00:01, 39.04it/s]
 54%|█████▍    | 43/79 [00:01<00:00, 39.32it/s]
 61%|██████    | 48/79 [00:01<00:00, 38.67it/s]
 66%|██████▌   | 52/79 [00:01<00:00, 38.74it/s]
 71%|███████   | 56/79 [00:01<00:00, 38.39it/s]
 76%|███████▌  | 60/79 [00:01<00:00, 38.24it/s]
 81%|████████  | 64/79 [00:01<00:00, 38.22it/s]
 86%|████████▌ | 68/79 [00:01<00:00, 37.99it/s]
 91%|█████████ | 72/79 [00:01<00:00, 38.50it/s]
 97%|█████████▋| 77/79 [00:02<00:00, 41.72it/s]
100%|██████████| 79/79 [00:02<00:00, 38.08it/s]

CommRound: 3/30
Accuracy: 19.18% | Loss: 2.6645
[######------------------------------------------------------] 10.0%
Elapsed: 0.5m | Avg/Round: 10.8s | Last: 9.9s | Next: 10.8s | Remaining: 4.9m
ETA: 19:29:10
Recent round times: R1: 10.2s -> R2: 10.2s -> R3: 9.9s

  0%|          | 0/79 [00:00<?, ?it/s]
  1%|▏         | 1/79 [00:00<00:09,  8.66it/s]
  9%|▉         | 7/79 [00:00<00:02, 28.45it/s]
 14%|█▍        | 11/79 [00:00<00:02, 30.92it/s]
 19%|█▉        | 15/79 [00:00<00:01, 32.24it/s]
 24%|██▍       | 19/79 [00:00<00:01, 32.85it/s]
 29%|██▉       | 23/79 [00:00<00:01, 33.17it/s]
 34%|███▍      | 27/79 [00:00<00:01, 34.00it/s]
 39%|███▉      | 31/79 [00:00<00:01, 34.37it/s]
 44%|████▍     | 35/79 [00:01<00:01, 34.61it/s]
 49%|████▉     | 39/79 [00:01<00:01, 34.58it/s]
 54%|█████▍    | 43/79 [00:01<00:01, 34.85it/s]
 59%|█████▉    | 47/79 [00:01<00:00, 34.84it/s]
 65%|██████▍   | 51/79 [00:01<00:00, 34.99it/s]
 70%|██████▉   | 55/79 [00:01<00:00, 34.83it/s]
 75%|███████▍  | 59/79 [00:01<00:00, 34.87it/s]
 80%|███████▉  | 63/79 [00:01<00:00, 34.94it/s]
 85%|████████▍ | 67/79 [00:01<00:00, 35.08it/s]
 90%|████████▉ | 71/79 [00:02<00:00, 34.53it/s]
 95%|█████████▍| 75/79 [00:02<00:00, 34.69it/s]
100%|██████████| 79/79 [00:02<00:00, 34.34it/s]

CommRound: 4/30
Accuracy: 19.57% | Loss: 2.5970
[########----------------------------------------------------] 13.3%
Elapsed: 0.7m | Avg/Round: 10.7s | Last: 10.3s | Next: 10.7s | Remaining: 4.6m
ETA: 19:29:06
Recent round times: R1: 10.2s -> R2: 10.2s -> R3: 9.9s -> R4: 10.3s

  0%|          | 0/79 [00:00<?, ?it/s]
  1%|▏         | 1/79 [00:00<00:08,  9.13it/s]
  9%|▉         | 7/79 [00:00<00:02, 32.28it/s]
 16%|█▋        | 13/79 [00:00<00:01, 36.98it/s]
 22%|██▏       | 17/79 [00:00<00:01, 37.83it/s]
 28%|██▊       | 22/79 [00:00<00:01, 41.66it/s]
 34%|███▍      | 27/79 [00:00<00:01, 39.23it/s]
 42%|████▏     | 33/79 [00:00<00:01, 40.09it/s]
 48%|████▊     | 38/79 [00:00<00:00, 42.63it/s]
 54%|█████▍    | 43/79 [00:01<00:00, 39.97it/s]
 62%|██████▏   | 49/79 [00:01<00:00, 40.78it/s]
 70%|██████▉   | 55/79 [00:01<00:00, 41.15it/s]
 77%|███████▋  | 61/79 [00:01<00:00, 41.36it/s]
 85%|████████▍ | 67/79 [00:01<00:00, 41.05it/s]
 92%|█████████▏| 73/79 [00:01<00:00, 41.61it/s]
100%|██████████| 79/79 [00:01<00:00, 45.55it/s]
100%|██████████| 79/79 [00:01<00:00, 40.57it/s]

CommRound: 5/30
Accuracy: 19.79% | Loss: 2.5274
[##########--------------------------------------------------] 16.7%
Elapsed: 0.9m | Avg/Round: 10.5s | Last: 9.9s | Next: 10.5s | Remaining: 4.4m
ETA: 19:29:01
Recent round times: R1: 10.2s -> R2: 10.2s -> R3: 9.9s -> R4: 10.3s -> R5: 9.9s

  0%|          | 0/79 [00:00<?, ?it/s]
  1%|▏         | 1/79 [00:00<00:09,  8.26it/s]
  9%|▉         | 7/79 [00:00<00:02, 32.24it/s]
 14%|█▍        | 11/79 [00:00<00:01, 35.01it/s]
 19%|█▉        | 15/79 [00:00<00:01, 36.54it/s]
 24%|██▍       | 19/79 [00:00<00:01, 37.27it/s]
 30%|███       | 24/79 [00:00<00:01, 41.07it/s]
 37%|███▋      | 29/79 [00:00<00:01, 38.08it/s]
 44%|████▍     | 35/79 [00:00<00:01, 39.61it/s]
 52%|█████▏    | 41/79 [00:01<00:00, 40.69it/s]
 59%|█████▉    | 47/79 [00:01<00:00, 41.45it/s]
 67%|██████▋   | 53/79 [00:01<00:00, 41.84it/s]
 75%|███████▍  | 59/79 [00:01<00:00, 42.03it/s]
 82%|████████▏ | 65/79 [00:01<00:00, 42.18it/s]
 90%|████████▉ | 71/79 [00:01<00:00, 42.44it/s]
 97%|█████████▋| 77/79 [00:01<00:00, 42.72it/s]
100%|██████████| 79/79 [00:01<00:00, 40.63it/s]

CommRound: 6/30
Accuracy: 19.80% | Loss: 2.4732
[############------------------------------------------------] 20.0%
Elapsed: 1.0m | Avg/Round: 10.4s | Last: 9.9s | Next: 10.4s | Remaining: 4.2m
ETA: 19:28:58
Recent round times: R1: 10.2s -> R2: 9.9s -> R3: 10.3s -> R4: 9.9s -> R5: 9.9s

  0%|          | 0/79 [00:00<?, ?it/s]
  3%|▎         | 2/79 [00:00<00:04, 19.24it/s]
  9%|▉         | 7/79 [00:00<00:02, 31.17it/s]
 14%|█▍        | 11/79 [00:00<00:02, 33.99it/s]
 22%|██▏       | 17/79 [00:00<00:01, 37.71it/s]
 29%|██▉       | 23/79 [00:00<00:01, 39.19it/s]
 35%|███▌      | 28/79 [00:00<00:01, 42.13it/s]
 42%|████▏     | 33/79 [00:00<00:01, 39.57it/s]
 49%|████▉     | 39/79 [00:01<00:00, 40.20it/s]
 57%|█████▋    | 45/79 [00:01<00:00, 40.73it/s]
 63%|██████▎   | 50/79 [00:01<00:00, 42.90it/s]
 70%|██████▉   | 55/79 [00:01<00:00, 40.52it/s]
 76%|███████▌  | 60/79 [00:01<00:00, 42.78it/s]
 82%|████████▏ | 65/79 [00:01<00:00, 39.75it/s]
 89%|████████▊ | 70/79 [00:01<00:00, 42.26it/s]
 95%|█████████▍| 75/79 [00:01<00:00, 39.86it/s]
100%|██████████| 79/79 [00:01<00:00, 40.29it/s]

CommRound: 7/30
Accuracy: 19.66% | Loss: 2.5391
[##############----------------------------------------------] 23.3%
Elapsed: 1.2m | Avg/Round: 10.4s | Last: 10.0s | Next: 10.4s | Remaining: 4.0m
ETA: 19:28:56
Recent round times: R1: 9.9s -> R2: 10.3s -> R3: 9.9s -> R4: 9.9s -> R5: 10.0s

  0%|          | 0/79 [00:00<?, ?it/s]
  1%|▏         | 1/79 [00:00<00:08,  9.45it/s]
  8%|▊         | 6/79 [00:00<00:02, 31.23it/s]
 13%|█▎        | 10/79 [00:00<00:02, 33.09it/s]
 18%|█▊        | 14/79 [00:00<00:01, 34.37it/s]
 23%|██▎       | 18/79 [00:00<00:01, 34.45it/s]
 28%|██▊       | 22/79 [00:00<00:01, 35.06it/s]
 33%|███▎      | 26/79 [00:00<00:01, 35.20it/s]
 38%|███▊      | 30/79 [00:00<00:01, 35.11it/s]
 43%|████▎     | 34/79 [00:01<00:01, 35.40it/s]
 48%|████▊     | 38/79 [00:01<00:01, 35.57it/s]
 53%|█████▎    | 42/79 [00:01<00:01, 35.27it/s]
 58%|█████▊    | 46/79 [00:01<00:00, 36.45it/s]
 65%|██████▍   | 51/79 [00:01<00:00, 40.13it/s]
 71%|███████   | 56/79 [00:01<00:00, 38.08it/s]
 77%|███████▋  | 61/79 [00:01<00:00, 41.08it/s]
 84%|████████▎ | 66/79 [00:01<00:00, 38.65it/s]
 90%|████████▉ | 71/79 [00:01<00:00, 41.53it/s]
 96%|█████████▌| 76/79 [00:02<00:00, 38.86it/s]
100%|██████████| 79/79 [00:02<00:00, 36.87it/s]

CommRound: 8/30
Accuracy: 20.46% | Loss: 2.3800
[################--------------------------------------------] 26.7%
Elapsed: 1.4m | Avg/Round: 10.3s | Last: 10.1s | Next: 10.3s | Remaining: 3.8m
ETA: 19:28:55
Recent round times: R1: 10.3s -> R2: 9.9s -> R3: 9.9s -> R4: 10.0s -> R5: 10.1s

  0%|          | 0/79 [00:00<?, ?it/s]
  3%|▎         | 2/79 [00:00<00:03, 19.74it/s]
  9%|▉         | 7/79 [00:00<00:02, 32.57it/s]
 15%|█▌        | 12/79 [00:00<00:01, 37.28it/s]
 20%|██        | 16/79 [00:00<00:01, 38.12it/s]
 25%|██▌       | 20/79 [00:00<00:01, 38.68it/s]
 32%|███▏      | 25/79 [00:00<00:01, 39.56it/s]
 38%|███▊      | 30/79 [00:00<00:01, 39.44it/s]
 44%|████▍     | 35/79 [00:00<00:01, 40.36it/s]
 51%|█████     | 40/79 [00:01<00:00, 39.38it/s]
 57%|█████▋    | 45/79 [00:01<00:00, 37.08it/s]
 62%|██████▏   | 49/79 [00:01<00:00, 36.80it/s]
 67%|██████▋   | 53/79 [00:01<00:00, 35.72it/s]
 72%|███████▏  | 57/79 [00:01<00:00, 35.18it/s]
 77%|███████▋  | 61/79 [00:01<00:00, 36.08it/s]
 82%|████████▏ | 65/79 [00:01<00:00, 37.05it/s]
 87%|████████▋ | 69/79 [00:01<00:00, 37.53it/s]
 92%|█████████▏| 73/79 [00:01<00:00, 37.33it/s]
 97%|█████████▋| 77/79 [00:02<00:00, 36.65it/s]
100%|██████████| 79/79 [00:02<00:00, 37.60it/s]

CommRound: 9/30
Accuracy: 22.15% | Loss: 2.3056
[##################------------------------------------------] 30.0%
Elapsed: 1.5m | Avg/Round: 10.3s | Last: 10.2s | Next: 10.3s | Remaining: 3.6m
ETA: 19:28:55
Recent round times: R1: 9.9s -> R2: 9.9s -> R3: 10.0s -> R4: 10.1s -> R5: 10.2s

  0%|          | 0/79 [00:00<?, ?it/s]
  4%|▍         | 3/79 [00:00<00:03, 23.47it/s]
 10%|█         | 8/79 [00:00<00:02, 32.17it/s]
 15%|█▌        | 12/79 [00:00<00:02, 33.45it/s]
 20%|██        | 16/79 [00:00<00:01, 33.87it/s]
 25%|██▌       | 20/79 [00:00<00:01, 34.03it/s]
 30%|███       | 24/79 [00:00<00:01, 35.70it/s]
 35%|███▌      | 28/79 [00:00<00:01, 36.49it/s]
 42%|████▏     | 33/79 [00:00<00:01, 39.70it/s]
 47%|████▋     | 37/79 [00:01<00:01, 39.15it/s]
 52%|█████▏    | 41/79 [00:01<00:00, 39.25it/s]
 57%|█████▋    | 45/79 [00:01<00:00, 39.12it/s]
 62%|██████▏   | 49/79 [00:01<00:00, 38.70it/s]
 67%|██████▋   | 53/79 [00:01<00:00, 38.52it/s]
 72%|███████▏  | 57/79 [00:01<00:00, 38.73it/s]
 77%|███████▋  | 61/79 [00:01<00:00, 38.58it/s]
 82%|████████▏ | 65/79 [00:01<00:00, 38.68it/s]
 87%|████████▋ | 69/79 [00:01<00:00, 38.81it/s]
 92%|█████████▏| 73/79 [00:01<00:00, 38.96it/s]
 97%|█████████▋| 77/79 [00:02<00:00, 38.73it/s]
100%|██████████| 79/79 [00:02<00:00, 38.03it/s]

CommRound: 10/30
Accuracy: 23.66% | Loss: 2.2688
[####################----------------------------------------] 33.3%
Elapsed: 1.7m | Avg/Round: 10.3s | Last: 10.2s | Next: 10.3s | Remaining: 3.4m
ETA: 19:28:55
Recent round times: R1: 9.9s -> R2: 10.0s -> R3: 10.1s -> R4: 10.2s -> R5: 10.2s

  0%|          | 0/79 [00:00<?, ?it/s]
  4%|▍         | 3/79 [00:00<00:03, 22.93it/s]
  9%|▉         | 7/79 [00:00<00:02, 31.78it/s]
 15%|█▌        | 12/79 [00:00<00:02, 33.06it/s]
 20%|██        | 16/79 [00:00<00:01, 34.09it/s]
 25%|██▌       | 20/79 [00:00<00:01, 34.33it/s]
 32%|███▏      | 25/79 [00:00<00:01, 38.69it/s]
 37%|███▋      | 29/79 [00:00<00:01, 39.04it/s]
 42%|████▏     | 33/79 [00:00<00:01, 38.69it/s]
 47%|████▋     | 37/79 [00:01<00:01, 38.29it/s]
 52%|█████▏    | 41/79 [00:01<00:00, 38.40it/s]
 57%|█████▋    | 45/79 [00:01<00:00, 38.69it/s]
 62%|██████▏   | 49/79 [00:01<00:00, 38.74it/s]
 67%|██████▋   | 53/79 [00:01<00:00, 38.68it/s]
 72%|███████▏  | 57/79 [00:01<00:00, 38.76it/s]
 77%|███████▋  | 61/79 [00:01<00:00, 37.99it/s]
 82%|████████▏ | 65/79 [00:01<00:00, 37.46it/s]
 87%|████████▋ | 69/79 [00:01<00:00, 37.30it/s]
 92%|█████████▏| 73/79 [00:01<00:00, 37.31it/s]
 97%|█████████▋| 77/79 [00:02<00:00, 36.91it/s]
100%|██████████| 79/79 [00:02<00:00, 36.78it/s]

CommRound: 11/30
Accuracy: 25.78% | Loss: 2.2299
[######################--------------------------------------] 36.7%
Elapsed: 1.9m | Avg/Round: 10.3s | Last: 10.1s | Next: 10.3s | Remaining: 3.3m
ETA: 19:28:54
Recent round times: R1: 10.0s -> R2: 10.1s -> R3: 10.2s -> R4: 10.2s -> R5: 10.1s

  0%|          | 0/79 [00:00<?, ?it/s]
  4%|▍         | 3/79 [00:00<00:03, 22.84it/s]
 10%|█         | 8/79 [00:00<00:01, 36.75it/s]
 16%|█▋        | 13/79 [00:00<00:01, 36.03it/s]
 24%|██▍       | 19/79 [00:00<00:01, 38.52it/s]
 32%|███▏      | 25/79 [00:00<00:01, 39.88it/s]
 38%|███▊      | 30/79 [00:00<00:01, 42.35it/s]
 44%|████▍     | 35/79 [00:00<00:01, 40.16it/s]
 51%|█████     | 40/79 [00:01<00:00, 42.19it/s]
 57%|█████▋    | 45/79 [00:01<00:00, 40.19it/s]
 65%|██████▍   | 51/79 [00:01<00:00, 40.82it/s]
 72%|███████▏  | 57/79 [00:01<00:00, 41.06it/s]
 80%|███████▉  | 63/79 [00:01<00:00, 41.20it/s]
 87%|████████▋ | 69/79 [00:01<00:00, 41.44it/s]
 94%|█████████▎| 74/79 [00:01<00:00, 43.06it/s]
100%|██████████| 79/79 [00:01<00:00, 44.17it/s]
100%|██████████| 79/79 [00:01<00:00, 40.64it/s]

CommRound: 12/30
Accuracy: 29.09% | Loss: 2.0734
[########################------------------------------------] 40.0%
Elapsed: 2.1m | Avg/Round: 10.3s | Last: 10.1s | Next: 10.3s | Remaining: 3.1m
ETA: 19:28:53
Recent round times: R1: 10.1s -> R2: 10.2s -> R3: 10.2s -> R4: 10.1s -> R5: 10.1s

  0%|          | 0/79 [00:00<?, ?it/s]
  3%|▎         | 2/79 [00:00<00:03, 19.90it/s]
  9%|▉         | 7/79 [00:00<00:02, 31.77it/s]
 15%|█▌        | 12/79 [00:00<00:01, 37.19it/s]
 22%|██▏       | 17/79 [00:00<00:01, 38.45it/s]
 28%|██▊       | 22/79 [00:00<00:01, 39.14it/s]
 34%|███▍      | 27/79 [00:00<00:01, 41.16it/s]
 41%|████      | 32/79 [00:00<00:01, 39.56it/s]
 47%|████▋     | 37/79 [00:00<00:00, 42.16it/s]
 53%|█████▎    | 42/79 [00:01<00:00, 39.70it/s]
 61%|██████    | 48/79 [00:01<00:00, 40.39it/s]
 67%|██████▋   | 53/79 [00:01<00:00, 42.81it/s]
 73%|███████▎  | 58/79 [00:01<00:00, 40.28it/s]
 81%|████████  | 64/79 [00:01<00:00, 40.69it/s]
 89%|████████▊ | 70/79 [00:01<00:00, 40.93it/s]
 96%|█████████▌| 76/79 [00:01<00:00, 40.96it/s]
100%|██████████| 79/79 [00:01<00:00, 40.08it/s]

CommRound: 13/30
Accuracy: 31.46% | Loss: 2.0162
[##########################----------------------------------] 43.3%
Elapsed: 2.2m | Avg/Round: 10.3s | Last: 10.0s | Next: 10.3s | Remaining: 2.9m
ETA: 19:28:53
Recent round times: R1: 10.2s -> R2: 10.2s -> R3: 10.1s -> R4: 10.1s -> R5: 10.0s

  0%|          | 0/79 [00:00<?, ?it/s]
  4%|▍         | 3/79 [00:00<00:03, 23.36it/s]
 10%|█         | 8/79 [00:00<00:02, 33.87it/s]
 15%|█▌        | 12/79 [00:00<00:01, 35.70it/s]
 20%|██        | 16/79 [00:00<00:01, 36.65it/s]
 25%|██▌       | 20/79 [00:00<00:01, 37.50it/s]
 30%|███       | 24/79 [00:00<00:01, 38.05it/s]
 35%|███▌      | 28/79 [00:00<00:01, 38.37it/s]
 41%|████      | 32/79 [00:00<00:01, 38.58it/s]
 46%|████▌     | 36/79 [00:00<00:01, 38.83it/s]
 51%|█████     | 40/79 [00:01<00:00, 39.02it/s]
 56%|█████▌    | 44/79 [00:01<00:00, 39.19it/s]
 61%|██████    | 48/79 [00:01<00:00, 39.19it/s]
 66%|██████▌   | 52/79 [00:01<00:00, 39.22it/s]
 71%|███████   | 56/79 [00:01<00:00, 39.39it/s]
 76%|███████▌  | 60/79 [00:01<00:00, 39.45it/s]
 81%|████████  | 64/79 [00:01<00:00, 39.33it/s]
 87%|████████▋ | 69/79 [00:01<00:00, 42.14it/s]
 94%|█████████▎| 74/79 [00:01<00:00, 38.86it/s]
100%|██████████| 79/79 [00:02<00:00, 41.64it/s]
100%|██████████| 79/79 [00:02<00:00, 38.58it/s]

CommRound: 14/30
Accuracy: 31.39% | Loss: 2.0060
[############################--------------------------------] 46.7%
Elapsed: 2.4m | Avg/Round: 10.2s | Last: 10.2s | Next: 10.2s | Remaining: 2.7m
ETA: 19:28:52
Recent round times: R1: 10.2s -> R2: 10.1s -> R3: 10.1s -> R4: 10.0s -> R5: 10.2s

  0%|          | 0/79 [00:00<?, ?it/s]
  4%|▍         | 3/79 [00:00<00:03, 22.92it/s]
  9%|▉         | 7/79 [00:00<00:02, 31.76it/s]
 15%|█▌        | 12/79 [00:00<00:01, 36.09it/s]
 20%|██        | 16/79 [00:00<00:01, 34.96it/s]
 25%|██▌       | 20/79 [00:00<00:01, 34.69it/s]
 30%|███       | 24/79 [00:00<00:01, 34.54it/s]
 35%|███▌      | 28/79 [00:00<00:01, 34.38it/s]
 41%|████      | 32/79 [00:00<00:01, 34.75it/s]
 46%|████▌     | 36/79 [00:01<00:01, 34.97it/s]
 51%|█████     | 40/79 [00:01<00:01, 36.01it/s]
 56%|█████▌    | 44/79 [00:01<00:00, 36.73it/s]
 61%|██████    | 48/79 [00:01<00:00, 36.34it/s]
 66%|██████▌   | 52/79 [00:01<00:00, 37.23it/s]
 71%|███████   | 56/79 [00:01<00:00, 37.60it/s]
 76%|███████▌  | 60/79 [00:01<00:00, 37.89it/s]
 81%|████████  | 64/79 [00:01<00:00, 38.13it/s]
 86%|████████▌ | 68/79 [00:01<00:00, 38.26it/s]
 91%|█████████ | 72/79 [00:01<00:00, 38.33it/s]
 96%|█████████▌| 76/79 [00:02<00:00, 38.08it/s]
100%|██████████| 79/79 [00:02<00:00, 36.53it/s]

CommRound: 15/30
Accuracy: 32.29% | Loss: 1.9645
[##############################------------------------------] 50.0%
Elapsed: 2.6m | Avg/Round: 10.3s | Last: 10.4s | Next: 10.3s | Remaining: 2.6m
ETA: 19:28:53
Recent round times: R1: 10.1s -> R2: 10.1s -> R3: 10.0s -> R4: 10.2s -> R5: 10.4s

  0%|          | 0/79 [00:00<?, ?it/s]
  4%|▍         | 3/79 [00:00<00:03, 21.75it/s]
  9%|▉         | 7/79 [00:00<00:02, 28.40it/s]
 14%|█▍        | 11/79 [00:00<00:03, 19.04it/s]
 18%|█▊        | 14/79 [00:00<00:03, 20.47it/s]
 24%|██▍       | 19/79 [00:00<00:02, 27.67it/s]
 29%|██▉       | 23/79 [00:00<00:01, 29.82it/s]
 34%|███▍      | 27/79 [00:00<00:01, 31.43it/s]
 39%|███▉      | 31/79 [00:01<00:01, 32.67it/s]
 44%|████▍     | 35/79 [00:01<00:01, 33.18it/s]
 49%|████▉     | 39/79 [00:01<00:01, 33.84it/s]
 54%|█████▍    | 43/79 [00:01<00:01, 34.35it/s]
 59%|█████▉    | 47/79 [00:01<00:00, 34.55it/s]
 65%|██████▍   | 51/79 [00:01<00:00, 34.88it/s]
 70%|██████▉   | 55/79 [00:01<00:00, 34.87it/s]
 75%|███████▍  | 59/79 [00:01<00:00, 33.28it/s]
 80%|███████▉  | 63/79 [00:02<00:00, 33.13it/s]
 85%|████████▍ | 67/79 [00:02<00:00, 33.13it/s]
 90%|████████▉ | 71/79 [00:02<00:00, 34.00it/s]
 95%|█████████▍| 75/79 [00:02<00:00, 34.58it/s]
100%|██████████| 79/79 [00:02<00:00, 32.01it/s]

CommRound: 16/30
Accuracy: 34.56% | Loss: 1.8811
[################################----------------------------] 53.3%
Elapsed: 2.7m | Avg/Round: 10.3s | Last: 10.6s | Next: 10.3s | Remaining: 2.4m
ETA: 19:28:53
Recent round times: R1: 10.1s -> R2: 10.0s -> R3: 10.2s -> R4: 10.4s -> R5: 10.6s

  0%|          | 0/79 [00:00<?, ?it/s]
  4%|▍         | 3/79 [00:00<00:03, 22.78it/s]
  9%|▉         | 7/79 [00:00<00:03, 19.05it/s]
 15%|█▌        | 12/79 [00:00<00:02, 25.03it/s]
 20%|██        | 16/79 [00:00<00:02, 28.46it/s]
 25%|██▌       | 20/79 [00:00<00:01, 31.01it/s]
 30%|███       | 24/79 [00:00<00:01, 32.55it/s]
 35%|███▌      | 28/79 [00:00<00:01, 33.52it/s]
 41%|████      | 32/79 [00:01<00:01, 34.54it/s]
 46%|████▌     | 36/79 [00:01<00:01, 35.01it/s]
 51%|█████     | 40/79 [00:01<00:01, 35.27it/s]
 56%|█████▌    | 44/79 [00:01<00:01, 34.92it/s]
 61%|██████    | 48/79 [00:01<00:00, 35.24it/s]
 66%|██████▌   | 52/79 [00:01<00:00, 35.39it/s]
 71%|███████   | 56/79 [00:01<00:00, 35.48it/s]
 76%|███████▌  | 60/79 [00:01<00:00, 35.61it/s]
 81%|████████  | 64/79 [00:01<00:00, 35.64it/s]
 86%|████████▌ | 68/79 [00:02<00:00, 35.79it/s]
 91%|█████████ | 72/79 [00:02<00:00, 35.85it/s]
 96%|█████████▌| 76/79 [00:02<00:00, 35.83it/s]
100%|██████████| 79/79 [00:02<00:00, 33.48it/s]

CommRound: 17/30
Accuracy: 36.22% | Loss: 1.8421
[##################################--------------------------] 56.7%
Elapsed: 2.9m | Avg/Round: 10.3s | Last: 10.6s | Next: 10.3s | Remaining: 2.2m
ETA: 19:28:54
Recent round times: R1: 10.0s -> R2: 10.2s -> R3: 10.4s -> R4: 10.6s -> R5: 10.6s

  0%|          | 0/79 [00:00<?, ?it/s]
  4%|▍         | 3/79 [00:00<00:06, 11.45it/s]
  9%|▉         | 7/79 [00:00<00:03, 21.46it/s]
 15%|█▌        | 12/79 [00:00<00:02, 26.55it/s]
 20%|██        | 16/79 [00:00<00:02, 28.97it/s]
 25%|██▌       | 20/79 [00:00<00:01, 31.01it/s]
 30%|███       | 24/79 [00:00<00:01, 32.36it/s]
 35%|███▌      | 28/79 [00:00<00:01, 33.95it/s]
 41%|████      | 32/79 [00:01<00:01, 34.72it/s]
 46%|████▌     | 36/79 [00:01<00:01, 35.37it/s]
 51%|█████     | 40/79 [00:01<00:01, 35.53it/s]
 56%|█████▌    | 44/79 [00:01<00:00, 35.75it/s]
 61%|██████    | 48/79 [00:01<00:00, 35.86it/s]
 66%|██████▌   | 52/79 [00:01<00:00, 35.85it/s]
 71%|███████   | 56/79 [00:01<00:00, 36.60it/s]
 77%|███████▋  | 61/79 [00:01<00:00, 40.18it/s]
 84%|████████▎ | 66/79 [00:01<00:00, 38.18it/s]
 89%|████████▊ | 70/79 [00:02<00:00, 38.23it/s]
 95%|█████████▍| 75/79 [00:02<00:00, 41.38it/s]
100%|██████████| 79/79 [00:02<00:00, 34.46it/s]

CommRound: 18/30
Accuracy: 35.17% | Loss: 1.9055
[####################################------------------------] 60.0%
Elapsed: 3.1m | Avg/Round: 10.3s | Last: 10.3s | Next: 10.3s | Remaining: 2.1m
ETA: 19:28:54
Recent round times: R1: 10.2s -> R2: 10.4s -> R3: 10.6s -> R4: 10.6s -> R5: 10.3s

  0%|          | 0/79 [00:00<?, ?it/s]
  1%|▏         | 1/79 [00:00<00:18,  4.32it/s]
  8%|▊         | 6/79 [00:00<00:03, 20.03it/s]
 14%|█▍        | 11/79 [00:00<00:02, 27.59it/s]
 19%|█▉        | 15/79 [00:00<00:02, 30.97it/s]
 24%|██▍       | 19/79 [00:00<00:01, 33.57it/s]
 29%|██▉       | 23/79 [00:00<00:01, 35.25it/s]
 34%|███▍      | 27/79 [00:00<00:01, 36.35it/s]
 41%|████      | 32/79 [00:00<00:01, 40.21it/s]
 47%|████▋     | 37/79 [00:01<00:01, 38.10it/s]
 53%|█████▎    | 42/79 [00:01<00:00, 41.19it/s]
 59%|█████▉    | 47/79 [00:01<00:00, 38.91it/s]
 66%|██████▌   | 52/79 [00:01<00:00, 38.04it/s]
 71%|███████   | 56/79 [00:01<00:00, 34.04it/s]
 76%|███████▌  | 60/79 [00:01<00:00, 35.43it/s]
 82%|████████▏ | 65/79 [00:01<00:00, 37.24it/s]
 87%|████████▋ | 69/79 [00:02<00:00, 37.28it/s]
 92%|█████████▏| 73/79 [00:02<00:00, 36.12it/s]
 97%|█████████▋| 77/79 [00:02<00:00, 36.72it/s]
100%|██████████| 79/79 [00:02<00:00, 35.11it/s]

CommRound: 19/30
Accuracy: 36.14% | Loss: 1.8755
[######################################----------------------] 63.3%
Elapsed: 3.3m | Avg/Round: 10.3s | Last: 10.4s | Next: 10.3s | Remaining: 1.9m
ETA: 19:28:54
Recent round times: R1: 10.4s -> R2: 10.6s -> R3: 10.6s -> R4: 10.3s -> R5: 10.4s

  0%|          | 0/79 [00:00<?, ?it/s]
  4%|▍         | 3/79 [00:00<00:03, 22.65it/s]
  9%|▉         | 7/79 [00:00<00:02, 31.22it/s]
 14%|█▍        | 11/79 [00:00<00:01, 34.74it/s]
 20%|██        | 16/79 [00:00<00:01, 38.50it/s]
 27%|██▋       | 21/79 [00:00<00:01, 38.05it/s]
 34%|███▍      | 27/79 [00:00<00:01, 39.55it/s]
 42%|████▏     | 33/79 [00:00<00:01, 40.50it/s]
 49%|████▉     | 39/79 [00:01<00:00, 41.00it/s]
 57%|█████▋    | 45/79 [00:01<00:00, 41.40it/s]
 63%|██████▎   | 50/79 [00:01<00:00, 43.20it/s]
 70%|██████▉   | 55/79 [00:01<00:00, 40.21it/s]
 76%|███████▌  | 60/79 [00:01<00:00, 42.37it/s]
 82%|████████▏ | 65/79 [00:01<00:00, 39.60it/s]
 89%|████████▊ | 70/79 [00:01<00:00, 41.97it/s]
 95%|█████████▍| 75/79 [00:01<00:00, 39.27it/s]
100%|██████████| 79/79 [00:01<00:00, 39.89it/s]

CommRound: 20/30
Accuracy: 37.92% | Loss: 1.8136
[########################################--------------------] 66.7%
Elapsed: 3.5m | Avg/Round: 10.5s | Last: 14.7s | Next: 10.5s | Remaining: 1.8m
ETA: 19:29:01
Recent round times: R1: 10.6s -> R2: 10.6s -> R3: 10.3s -> R4: 10.4s -> R5: 14.7s

  0%|          | 0/79 [00:00<?, ?it/s]
  3%|▎         | 2/79 [00:00<00:03, 19.36it/s]
  8%|▊         | 6/79 [00:00<00:02, 26.99it/s]
 13%|█▎        | 10/79 [00:00<00:02, 31.70it/s]
 18%|█▊        | 14/79 [00:00<00:01, 33.81it/s]
 23%|██▎       | 18/79 [00:00<00:01, 35.71it/s]
 28%|██▊       | 22/79 [00:00<00:01, 36.58it/s]
 33%|███▎      | 26/79 [00:00<00:01, 37.22it/s]
 38%|███▊      | 30/79 [00:00<00:01, 37.78it/s]
 44%|████▍     | 35/79 [00:00<00:01, 41.18it/s]
 51%|█████     | 40/79 [00:01<00:01, 38.23it/s]
 57%|█████▋    | 45/79 [00:01<00:00, 41.22it/s]
 63%|██████▎   | 50/79 [00:01<00:00, 35.73it/s]
 68%|██████▊   | 54/79 [00:01<00:00, 36.22it/s]
 73%|███████▎  | 58/79 [00:01<00:00, 36.69it/s]
 78%|███████▊  | 62/79 [00:01<00:00, 36.73it/s]
 84%|████████▎ | 66/79 [00:01<00:00, 35.64it/s]
 89%|████████▊ | 70/79 [00:01<00:00, 36.00it/s]
 94%|█████████▎| 74/79 [00:02<00:00, 37.02it/s]
 99%|█████████▊| 78/79 [00:02<00:00, 36.62it/s]
100%|██████████| 79/79 [00:02<00:00, 36.44it/s]

CommRound: 21/30
Accuracy: 36.17% | Loss: 1.8903
[##########################################------------------] 70.0%
Elapsed: 3.7m | Avg/Round: 10.5s | Last: 10.2s | Next: 10.5s | Remaining: 1.6m
ETA: 19:29:00
Recent round times: R1: 10.6s -> R2: 10.3s -> R3: 10.4s -> R4: 14.7s -> R5: 10.2s

  0%|          | 0/79 [00:00<?, ?it/s]
  3%|▎         | 2/79 [00:00<00:03, 19.52it/s]
  9%|▉         | 7/79 [00:00<00:02, 29.47it/s]
 14%|█▍        | 11/79 [00:00<00:02, 32.75it/s]
 19%|█▉        | 15/79 [00:00<00:01, 33.60it/s]
 24%|██▍       | 19/79 [00:00<00:01, 35.65it/s]
 29%|██▉       | 23/79 [00:00<00:01, 36.53it/s]
 34%|███▍      | 27/79 [00:00<00:01, 37.16it/s]
 39%|███▉      | 31/79 [00:00<00:01, 37.47it/s]
 44%|████▍     | 35/79 [00:00<00:01, 37.54it/s]
 51%|█████     | 40/79 [00:01<00:00, 41.11it/s]
 57%|█████▋    | 45/79 [00:01<00:00, 38.65it/s]
 62%|██████▏   | 49/79 [00:01<00:00, 38.93it/s]
 67%|██████▋   | 53/79 [00:01<00:00, 39.14it/s]
 73%|███████▎  | 58/79 [00:01<00:00, 38.19it/s]
 78%|███████▊  | 62/79 [00:01<00:00, 38.67it/s]
 84%|████████▎ | 66/79 [00:01<00:00, 38.99it/s]
 90%|████████▉ | 71/79 [00:01<00:00, 36.98it/s]
 95%|█████████▍| 75/79 [00:02<00:00, 36.05it/s]
100%|██████████| 79/79 [00:02<00:00, 37.17it/s]

CommRound: 22/30
Accuracy: 39.76% | Loss: 1.7714
[############################################----------------] 73.3%
Elapsed: 3.9m | Avg/Round: 10.5s | Last: 10.5s | Next: 10.5s | Remaining: 1.4m
ETA: 19:29:00
Recent round times: R1: 10.3s -> R2: 10.4s -> R3: 14.7s -> R4: 10.2s -> R5: 10.5s

  0%|          | 0/79 [00:00<?, ?it/s]
  3%|▎         | 2/79 [00:00<00:03, 19.93it/s]
  9%|▉         | 7/79 [00:00<00:02, 30.61it/s]
 15%|█▌        | 12/79 [00:00<00:01, 38.09it/s]
 22%|██▏       | 17/79 [00:00<00:01, 36.62it/s]
 28%|██▊       | 22/79 [00:00<00:01, 39.59it/s]
 34%|███▍      | 27/79 [00:00<00:01, 38.87it/s]
 41%|████      | 32/79 [00:00<00:01, 38.79it/s]
 46%|████▌     | 36/79 [00:00<00:01, 38.63it/s]
 51%|█████     | 40/79 [00:01<00:01, 38.49it/s]
 57%|█████▋    | 45/79 [00:01<00:00, 41.03it/s]
 63%|██████▎   | 50/79 [00:01<00:00, 37.98it/s]
 70%|██████▉   | 55/79 [00:01<00:00, 40.88it/s]
 76%|███████▌  | 60/79 [00:01<00:00, 38.23it/s]
 81%|████████  | 64/79 [00:01<00:00, 38.03it/s]
 86%|████████▌ | 68/79 [00:01<00:00, 35.82it/s]
 91%|█████████ | 72/79 [00:01<00:00, 35.13it/s]
 96%|█████████▌| 76/79 [00:02<00:00, 35.89it/s]
100%|██████████| 79/79 [00:02<00:00, 37.42it/s]

CommRound: 23/30
Accuracy: 43.00% | Loss: 1.6920
[##############################################--------------] 76.7%
Elapsed: 4.0m | Avg/Round: 10.5s | Last: 10.2s | Next: 10.5s | Remaining: 1.2m
ETA: 19:29:00
Recent round times: R1: 10.4s -> R2: 14.7s -> R3: 10.2s -> R4: 10.5s -> R5: 10.2s

  0%|          | 0/79 [00:00<?, ?it/s]
  3%|▎         | 2/79 [00:00<00:03, 19.55it/s]
  8%|▊         | 6/79 [00:00<00:02, 28.90it/s]
 13%|█▎        | 10/79 [00:00<00:02, 31.60it/s]
 18%|█▊        | 14/79 [00:00<00:01, 33.03it/s]
 23%|██▎       | 18/79 [00:00<00:01, 33.95it/s]
 28%|██▊       | 22/79 [00:00<00:01, 34.70it/s]
 33%|███▎      | 26/79 [00:00<00:01, 35.07it/s]
 38%|███▊      | 30/79 [00:00<00:01, 35.45it/s]
 43%|████▎     | 34/79 [00:01<00:01, 35.64it/s]
 51%|█████     | 40/79 [00:01<00:01, 37.86it/s]
 58%|█████▊    | 46/79 [00:01<00:00, 39.68it/s]
 66%|██████▌   | 52/79 [00:01<00:00, 40.42it/s]
 72%|███████▏  | 57/79 [00:01<00:00, 42.39it/s]
 78%|███████▊  | 62/79 [00:01<00:00, 39.40it/s]
 85%|████████▍ | 67/79 [00:01<00:00, 41.77it/s]
 91%|█████████ | 72/79 [00:01<00:00, 38.92it/s]
 96%|█████████▌| 76/79 [00:02<00:00, 39.05it/s]
100%|██████████| 79/79 [00:02<00:00, 37.58it/s]

CommRound: 24/30
Accuracy: 45.44% | Loss: 1.6435
[################################################------------] 80.0%
Elapsed: 4.2m | Avg/Round: 10.5s | Last: 10.1s | Next: 10.5s | Remaining: 1.0m
ETA: 19:29:00
Recent round times: R1: 14.7s -> R2: 10.2s -> R3: 10.5s -> R4: 10.2s -> R5: 10.1s

  0%|          | 0/79 [00:00<?, ?it/s]
  1%|▏         | 1/79 [00:00<00:07,  9.75it/s]
  9%|▉         | 7/79 [00:00<00:02, 32.05it/s]
 15%|█▌        | 12/79 [00:00<00:01, 39.26it/s]
 22%|██▏       | 17/79 [00:00<00:01, 37.62it/s]
 29%|██▉       | 23/79 [00:00<00:01, 39.33it/s]
 35%|███▌      | 28/79 [00:00<00:01, 42.24it/s]
 42%|████▏     | 33/79 [00:00<00:01, 40.00it/s]
 49%|████▉     | 39/79 [00:01<00:00, 40.60it/s]
 57%|█████▋    | 45/79 [00:01<00:00, 41.00it/s]
 65%|██████▍   | 51/79 [00:01<00:00, 41.23it/s]
 71%|███████   | 56/79 [00:01<00:00, 43.35it/s]
 77%|███████▋  | 61/79 [00:01<00:00, 40.67it/s]
 85%|████████▍ | 67/79 [00:01<00:00, 40.92it/s]
 91%|█████████ | 72/79 [00:01<00:00, 42.88it/s]
 97%|█████████▋| 77/79 [00:01<00:00, 39.58it/s]
100%|██████████| 79/79 [00:01<00:00, 40.38it/s]

CommRound: 25/30
Accuracy: 49.09% | Loss: 1.6051
[##################################################----------] 83.3%
Elapsed: 4.4m | Avg/Round: 10.6s | Last: 14.2s | Next: 10.6s | Remaining: 0.9m
ETA: 19:29:04
Recent round times: R1: 10.2s -> R2: 10.5s -> R3: 10.2s -> R4: 10.1s -> R5: 14.2s

  0%|          | 0/79 [00:00<?, ?it/s]
  3%|▎         | 2/79 [00:00<00:03, 19.43it/s]
  9%|▉         | 7/79 [00:00<00:02, 30.68it/s]
 14%|█▍        | 11/79 [00:00<00:02, 33.67it/s]
 20%|██        | 16/79 [00:00<00:01, 38.06it/s]
 27%|██▋       | 21/79 [00:00<00:01, 37.52it/s]
 32%|███▏      | 25/79 [00:00<00:01, 38.06it/s]
 37%|███▋      | 29/79 [00:00<00:01, 38.38it/s]
 42%|████▏     | 33/79 [00:00<00:01, 38.47it/s]
 48%|████▊     | 38/79 [00:01<00:01, 39.96it/s]
 53%|█████▎    | 42/79 [00:01<00:00, 39.90it/s]
 58%|█████▊    | 46/79 [00:01<00:00, 39.89it/s]
 63%|██████▎   | 50/79 [00:01<00:00, 39.82it/s]
 68%|██████▊   | 54/79 [00:01<00:00, 39.78it/s]
 73%|███████▎  | 58/79 [00:01<00:00, 39.76it/s]
 78%|███████▊  | 62/79 [00:01<00:00, 39.71it/s]
 84%|████████▎ | 66/79 [00:01<00:00, 39.75it/s]
 89%|████████▊ | 70/79 [00:01<00:00, 39.70it/s]
 94%|█████████▎| 74/79 [00:01<00:00, 39.67it/s]
100%|██████████| 79/79 [00:02<00:00, 42.47it/s]
100%|██████████| 79/79 [00:02<00:00, 38.72it/s]

CommRound: 26/30
Accuracy: 48.35% | Loss: 1.6351
[####################################################--------] 86.7%
Elapsed: 4.6m | Avg/Round: 10.6s | Last: 10.0s | Next: 10.6s | Remaining: 0.7m
ETA: 19:29:03
Recent round times: R1: 10.5s -> R2: 10.2s -> R3: 10.1s -> R4: 14.2s -> R5: 10.0s

  0%|          | 0/79 [00:00<?, ?it/s]
  3%|▎         | 2/79 [00:00<00:04, 19.11it/s]
  9%|▉         | 7/79 [00:00<00:02, 31.18it/s]
 15%|█▌        | 12/79 [00:00<00:01, 38.90it/s]
 20%|██        | 16/79 [00:00<00:01, 37.78it/s]
 25%|██▌       | 20/79 [00:00<00:01, 36.70it/s]
 30%|███       | 24/79 [00:00<00:01, 36.39it/s]
 35%|███▌      | 28/79 [00:00<00:01, 36.24it/s]
 41%|████      | 32/79 [00:00<00:01, 36.04it/s]
 46%|████▌     | 36/79 [00:01<00:01, 36.21it/s]
 51%|█████     | 40/79 [00:01<00:01, 35.43it/s]
 56%|█████▌    | 44/79 [00:01<00:00, 35.68it/s]
 61%|██████    | 48/79 [00:01<00:00, 35.47it/s]
 66%|██████▌   | 52/79 [00:01<00:00, 35.55it/s]
 71%|███████   | 56/79 [00:01<00:00, 33.01it/s]
 76%|███████▌  | 60/79 [00:01<00:00, 33.48it/s]
 81%|████████  | 64/79 [00:01<00:00, 34.28it/s]
 86%|████████▌ | 68/79 [00:01<00:00, 34.80it/s]
 91%|█████████ | 72/79 [00:02<00:00, 33.67it/s]
 96%|█████████▌| 76/79 [00:02<00:00, 34.64it/s]
100%|██████████| 79/79 [00:02<00:00, 35.10it/s]

CommRound: 27/30
Accuracy: 47.36% | Loss: 1.7780
[######################################################------] 90.0%
Elapsed: 4.8m | Avg/Round: 10.6s | Last: 10.2s | Next: 10.6s | Remaining: 0.5m
ETA: 19:29:03
Recent round times: R1: 10.2s -> R2: 10.1s -> R3: 14.2s -> R4: 10.0s -> R5: 10.2s

  0%|          | 0/79 [00:00<?, ?it/s]
  4%|▍         | 3/79 [00:00<00:03, 22.10it/s]
 10%|█         | 8/79 [00:00<00:02, 34.85it/s]
 15%|█▌        | 12/79 [00:00<00:01, 36.61it/s]
 20%|██        | 16/79 [00:00<00:01, 37.53it/s]
 25%|██▌       | 20/79 [00:00<00:01, 37.48it/s]
 32%|███▏      | 25/79 [00:00<00:01, 37.89it/s]
 38%|███▊      | 30/79 [00:00<00:01, 40.95it/s]
 44%|████▍     | 35/79 [00:00<00:01, 38.90it/s]
 51%|█████     | 40/79 [00:01<00:00, 41.67it/s]
 57%|█████▋    | 45/79 [00:01<00:00, 39.72it/s]
 65%|██████▍   | 51/79 [00:01<00:00, 40.37it/s]
 71%|███████   | 56/79 [00:01<00:00, 42.47it/s]
 77%|███████▋  | 61/79 [00:01<00:00, 40.12it/s]
 84%|████████▎ | 66/79 [00:01<00:00, 41.20it/s]
 90%|████████▉ | 71/79 [00:01<00:00, 40.20it/s]
 96%|█████████▌| 76/79 [00:01<00:00, 40.81it/s]
100%|██████████| 79/79 [00:01<00:00, 39.74it/s]

CommRound: 28/30
Accuracy: 46.80% | Loss: 1.8426
[########################################################----] 93.3%
Elapsed: 5.0m | Avg/Round: 10.6s | Last: 11.8s | Next: 10.6s | Remaining: 0.4m
ETA: 19:29:04
Recent round times: R1: 10.1s -> R2: 14.2s -> R3: 10.0s -> R4: 10.2s -> R5: 11.8s

  0%|          | 0/79 [00:00<?, ?it/s]
  4%|▍         | 3/79 [00:00<00:03, 21.89it/s]
  9%|▉         | 7/79 [00:00<00:02, 30.78it/s]
 14%|█▍        | 11/79 [00:00<00:01, 34.08it/s]
 19%|█▉        | 15/79 [00:00<00:01, 34.33it/s]
 24%|██▍       | 19/79 [00:00<00:01, 35.30it/s]
 29%|██▉       | 23/79 [00:00<00:01, 35.98it/s]
 34%|███▍      | 27/79 [00:00<00:01, 36.16it/s]
 39%|███▉      | 31/79 [00:00<00:01, 36.50it/s]
 44%|████▍     | 35/79 [00:00<00:01, 36.63it/s]
 49%|████▉     | 39/79 [00:01<00:01, 36.83it/s]
 54%|█████▍    | 43/79 [00:01<00:00, 36.95it/s]
 59%|█████▉    | 47/79 [00:01<00:00, 36.79it/s]
 65%|██████▍   | 51/79 [00:01<00:00, 36.59it/s]
 70%|██████▉   | 55/79 [00:01<00:00, 36.65it/s]
 75%|███████▍  | 59/79 [00:01<00:00, 36.86it/s]
 80%|███████▉  | 63/79 [00:01<00:00, 37.70it/s]
 85%|████████▍ | 67/79 [00:01<00:00, 38.34it/s]
 90%|████████▉ | 71/79 [00:01<00:00, 38.76it/s]
 96%|█████████▌| 76/79 [00:02<00:00, 41.76it/s]
100%|██████████| 79/79 [00:02<00:00, 36.93it/s]

CommRound: 29/30
Accuracy: 52.42% | Loss: 1.4977
[##########################################################--] 96.7%
Elapsed: 5.1m | Avg/Round: 10.6s | Last: 10.1s | Next: 10.6s | Remaining: 0.2m
ETA: 19:29:04
Recent round times: R1: 14.2s -> R2: 10.0s -> R3: 10.2s -> R4: 11.8s -> R5: 10.1s

  0%|          | 0/79 [00:00<?, ?it/s]
  1%|▏         | 1/79 [00:00<00:08,  9.30it/s]
  9%|▉         | 7/79 [00:00<00:02, 29.16it/s]
 14%|█▍        | 11/79 [00:00<00:02, 32.14it/s]
 19%|█▉        | 15/79 [00:00<00:01, 34.31it/s]
 24%|██▍       | 19/79 [00:00<00:01, 35.49it/s]
 29%|██▉       | 23/79 [00:00<00:01, 35.74it/s]
 34%|███▍      | 27/79 [00:00<00:01, 36.67it/s]
 39%|███▉      | 31/79 [00:00<00:01, 37.20it/s]
 44%|████▍     | 35/79 [00:01<00:01, 37.73it/s]
 51%|█████     | 40/79 [00:01<00:00, 41.19it/s]
 57%|█████▋    | 45/79 [00:01<00:00, 37.06it/s]
 63%|██████▎   | 50/79 [00:01<00:00, 40.34it/s]
 70%|██████▉   | 55/79 [00:01<00:00, 37.72it/s]
 76%|███████▌  | 60/79 [00:01<00:00, 40.76it/s]
 82%|████████▏ | 65/79 [00:01<00:00, 38.61it/s]
 90%|████████▉ | 71/79 [00:01<00:00, 39.51it/s]
 97%|█████████▋| 77/79 [00:02<00:00, 40.13it/s]
100%|██████████| 79/79 [00:02<00:00, 38.11it/s]

CommRound: 30/30
Accuracy: 52.33% | Loss: 1.4942
[############################################################] 100.0%
Elapsed: 5.3m | Avg/Round: 10.6s | Last: 10.1s | Next: 10.6s | Remaining: 0.0m
ETA: 19:29:03
Recent round times: R1: 10.0s -> R2: 10.2s -> R3: 11.8s -> R4: 10.1s -> R5: 10.1s
Total time for experiment: 317.9415762424469 seconds
Device average training time per communication round [s]:
    rpi (sld-rpi-09.ece.utexas.edu): 5.13 seconds
    mc1 (sld-mc1-09.ece.utexas.edu): 4.54 seconds
