Connecting to sld-rpi-09.ece.utexas.edu...
Successfully fetched dev0_pow_temp_log_exp140_run1.csv.
Connecting to sld-rpi-09.ece.utexas.edu...
Successfully fetched dev0_communication_log_exp140_run1.csv.
Connecting to sld-mc1-09.ece.utexas.edu...
Successfully fetched dev1_pow_temp_log_exp140_run1.csv.
Connecting to sld-mc1-09.ece.utexas.edu...
Successfully fetched dev1_communication_log_exp140_run1.csv.

Exp140
Experiment 140: 
	Global test accuracy [%]: 85.27 %
	No round found where all subsequent rounds have accuracy >= 90.00%.
	Average time per communication round [s]: 46.33 seconds
	Total wall clock time [s]: 703.84 seconds


Experiment 140:
	RPi avg. energy consumption per round [J]: 96.22 Joules
	MC1 avg. energy consumption per round [J]: 354.44 Joules
	Total avg. energy consumption per communication round [J]: 450.65 Joules
	Avg. amount of communicated data per communication round [MB]: 0.59 MB
	RPi avg. power consumption per round [W]: 5.59 Watts
	MC1 avg. power consumption per round [W]: 7.57 Watts
