Connecting to sld-rpi-09.ece.utexas.edu...
Successfully fetched dev0_pow_temp_log_exp157_run1.csv.
Connecting to sld-rpi-09.ece.utexas.edu...
Successfully fetched dev0_communication_log_exp157_run1.csv.
Connecting to sld-mc1-09.ece.utexas.edu...
Successfully fetched dev1_pow_temp_log_exp157_run1.csv.
Connecting to sld-mc1-09.ece.utexas.edu...
Successfully fetched dev1_communication_log_exp157_run1.csv.

Exp157
Experiment 157: 
	Global test accuracy [%]: 89.13 %
	No round found where all subsequent rounds have accuracy >= 90.00%.
	Average time per communication round [s]: 9.47 seconds
	Total wall clock time [s]: 209.60 seconds


Experiment 157:
	RPi avg. energy consumption per round [J]: 32.46 Joules
	MC1 avg. energy consumption per round [J]: 16.09 Joules
	Total avg. energy consumption per communication round [J]: 48.55 Joules
	Avg. amount of communicated data per communication round [MB]: 0.08 MB
	RPi avg. power consumption per round [W]: 5.19 Watts
	MC1 avg. power consumption per round [W]: 4.95 Watts
