Connecting to sld-rpi-09.ece.utexas.edu...
Successfully fetched dev0_pow_temp_log_exp126_run1.csv.
Connecting to sld-rpi-09.ece.utexas.edu...
Successfully fetched dev0_communication_log_exp126_run1.csv.
Connecting to sld-mc1-09.ece.utexas.edu...
Successfully fetched dev1_pow_temp_log_exp126_run1.csv.
Connecting to sld-mc1-09.ece.utexas.edu...
Successfully fetched dev1_communication_log_exp126_run1.csv.

Exp126
Experiment 126: 
	Global test accuracy [%]: 13.7 %
	No round found where all subsequent rounds have accuracy >= 90.00%.
	Average time per communication round [s]: 10.2 seconds
	Total wall clock time [s]: 308.75 seconds


Experiment 126:
	RPi avg. energy consumption per round [J]: 29.41 Joules
	MC1 avg. energy consumption per round [J]: 22.11 Joules
	Total avg. energy consumption per communication round [J]: 51.52 Joules
	Avg. amount of communicated data per communication round [MB]: 0.00 MB
	RPi avg. power consumption per round [W]: 5.25 Watts
	MC1 avg. power consumption per round [W]: 5.67 Watts
