
  0%|          | 0/79 [00:00<?, ?it/s]
  4%|▍         | 3/79 [00:00<00:03, 23.38it/s]
 10%|█         | 8/79 [00:00<00:02, 35.48it/s]
 15%|█▌        | 12/79 [00:00<00:01, 37.10it/s]
 20%|██        | 16/79 [00:00<00:01, 38.11it/s]
 27%|██▋       | 21/79 [00:00<00:01, 41.23it/s]
 33%|███▎      | 26/79 [00:00<00:01, 39.20it/s]
 41%|████      | 32/79 [00:00<00:01, 40.19it/s]
 48%|████▊     | 38/79 [00:00<00:01, 40.78it/s]
 56%|█████▌    | 44/79 [00:01<00:00, 41.09it/s]
 63%|██████▎   | 50/79 [00:01<00:00, 41.34it/s]
 70%|██████▉   | 55/79 [00:01<00:00, 43.39it/s]
 76%|███████▌  | 60/79 [00:01<00:00, 40.85it/s]
 82%|████████▏ | 65/79 [00:01<00:00, 43.02it/s]
 89%|████████▊ | 70/79 [00:01<00:00, 40.00it/s]
 96%|█████████▌| 76/79 [00:01<00:00, 40.67it/s]
100%|██████████| 79/79 [00:01<00:00, 40.38it/s]
Initial Accuracy: 9.83%; Initial Loss: 2.3113

  0%|          | 0/79 [00:00<?, ?it/s]
  3%|▎         | 2/79 [00:00<00:04, 17.31it/s]
  8%|▊         | 6/79 [00:00<00:02, 28.89it/s]
 14%|█▍        | 11/79 [00:00<00:01, 37.69it/s]
 20%|██        | 16/79 [00:00<00:01, 36.82it/s]
 28%|██▊       | 22/79 [00:00<00:01, 39.43it/s]
 35%|███▌      | 28/79 [00:00<00:01, 40.62it/s]
 43%|████▎     | 34/79 [00:00<00:01, 39.81it/s]
 48%|████▊     | 38/79 [00:01<00:01, 39.26it/s]
 56%|█████▌    | 44/79 [00:01<00:00, 40.64it/s]
 63%|██████▎   | 50/79 [00:01<00:00, 41.08it/s]
 71%|███████   | 56/79 [00:01<00:00, 41.22it/s]
 77%|███████▋  | 61/79 [00:01<00:00, 40.97it/s]
 84%|████████▎ | 66/79 [00:01<00:00, 39.86it/s]
 91%|█████████ | 72/79 [00:01<00:00, 40.52it/s]
 99%|█████████▊| 78/79 [00:01<00:00, 40.94it/s]
100%|██████████| 79/79 [00:01<00:00, 39.71it/s]

CommRound: 1/30
Accuracy: 17.30% | Loss: 2.7085
[##----------------------------------------------------------] 3.3%
Elapsed: 0.2m | Avg/Round: 11.9s | Last: 9.9s | Next: 11.9s | Remaining: 5.8m
ETA: 19:15:06
Recent round times: R1: 9.9s

  0%|          | 0/79 [00:00<?, ?it/s]
  3%|▎         | 2/79 [00:00<00:03, 19.77it/s]
  9%|▉         | 7/79 [00:00<00:02, 31.24it/s]
 15%|█▌        | 12/79 [00:00<00:01, 38.59it/s]
 20%|██        | 16/79 [00:00<00:01, 37.38it/s]
 27%|██▋       | 21/79 [00:00<00:01, 37.64it/s]
 33%|███▎      | 26/79 [00:00<00:01, 38.63it/s]
 38%|███▊      | 30/79 [00:00<00:01, 38.55it/s]
 43%|████▎     | 34/79 [00:00<00:01, 38.53it/s]
 48%|████▊     | 38/79 [00:01<00:01, 38.22it/s]
 54%|█████▍    | 43/79 [00:01<00:00, 41.28it/s]
 61%|██████    | 48/79 [00:01<00:00, 38.63it/s]
 66%|██████▌   | 52/79 [00:01<00:00, 38.69it/s]
 71%|███████   | 56/79 [00:01<00:00, 39.00it/s]
 77%|███████▋  | 61/79 [00:01<00:00, 41.83it/s]
 84%|████████▎ | 66/79 [00:01<00:00, 38.75it/s]
 91%|█████████ | 72/79 [00:01<00:00, 39.73it/s]
 97%|█████████▋| 77/79 [00:01<00:00, 42.24it/s]
100%|██████████| 79/79 [00:02<00:00, 38.91it/s]

CommRound: 2/30
Accuracy: 19.81% | Loss: 2.7993
[####--------------------------------------------------------] 6.7%
Elapsed: 0.4m | Avg/Round: 11.1s | Last: 10.2s | Next: 11.1s | Remaining: 5.2m
ETA: 19:14:41
Recent round times: R1: 9.9s -> R2: 10.2s

  0%|          | 0/79 [00:00<?, ?it/s]
  4%|▍         | 3/79 [00:00<00:03, 23.18it/s]
 10%|█         | 8/79 [00:00<00:02, 34.99it/s]
 15%|█▌        | 12/79 [00:00<00:01, 34.97it/s]
 20%|██        | 16/79 [00:00<00:01, 35.87it/s]
 25%|██▌       | 20/79 [00:00<00:01, 36.21it/s]
 30%|███       | 24/79 [00:00<00:01, 36.34it/s]
 35%|███▌      | 28/79 [00:00<00:01, 36.95it/s]
 41%|████      | 32/79 [00:00<00:01, 37.07it/s]
 46%|████▌     | 36/79 [00:00<00:01, 37.60it/s]
 51%|█████     | 40/79 [00:01<00:01, 37.13it/s]
 56%|█████▌    | 44/79 [00:01<00:00, 36.83it/s]
 61%|██████    | 48/79 [00:01<00:00, 36.42it/s]
 66%|██████▌   | 52/79 [00:01<00:00, 37.40it/s]
 71%|███████   | 56/79 [00:01<00:00, 38.10it/s]
 76%|███████▌  | 60/79 [00:01<00:00, 36.89it/s]
 81%|████████  | 64/79 [00:01<00:00, 37.74it/s]
 87%|████████▋ | 69/79 [00:01<00:00, 41.09it/s]
 94%|█████████▎| 74/79 [00:02<00:00, 37.85it/s]
 99%|█████████▊| 78/79 [00:02<00:00, 38.28it/s]
100%|██████████| 79/79 [00:02<00:00, 37.26it/s]

CommRound: 3/30
Accuracy: 19.77% | Loss: 2.6293
[######------------------------------------------------------] 10.0%
Elapsed: 0.5m | Avg/Round: 10.8s | Last: 10.3s | Next: 10.8s | Remaining: 4.9m
ETA: 19:14:33
Recent round times: R1: 9.9s -> R2: 10.2s -> R3: 10.3s

  0%|          | 0/79 [00:00<?, ?it/s]
  3%|▎         | 2/79 [00:00<00:03, 19.34it/s]
  6%|▋         | 5/79 [00:00<00:02, 24.94it/s]
 11%|█▏        | 9/79 [00:00<00:02, 30.21it/s]
 16%|█▋        | 13/79 [00:00<00:02, 31.95it/s]
 22%|██▏       | 17/79 [00:00<00:01, 32.77it/s]
 27%|██▋       | 21/79 [00:00<00:01, 34.81it/s]
 32%|███▏      | 25/79 [00:00<00:01, 36.39it/s]
 37%|███▋      | 29/79 [00:00<00:01, 37.36it/s]
 42%|████▏     | 33/79 [00:00<00:01, 37.87it/s]
 47%|████▋     | 37/79 [00:01<00:01, 38.25it/s]
 52%|█████▏    | 41/79 [00:01<00:00, 38.26it/s]
 57%|█████▋    | 45/79 [00:01<00:00, 38.34it/s]
 63%|██████▎   | 50/79 [00:01<00:00, 41.51it/s]
 70%|██████▉   | 55/79 [00:01<00:00, 38.86it/s]
 76%|███████▌  | 60/79 [00:01<00:00, 41.68it/s]
 82%|████████▏ | 65/79 [00:01<00:00, 39.54it/s]
 90%|████████▉ | 71/79 [00:01<00:00, 40.05it/s]
 96%|█████████▌| 76/79 [00:02<00:00, 41.26it/s]
100%|██████████| 79/79 [00:02<00:00, 37.98it/s]

CommRound: 4/30
Accuracy: 19.91% | Loss: 2.4797
[########----------------------------------------------------] 13.3%
Elapsed: 0.7m | Avg/Round: 10.7s | Last: 10.4s | Next: 10.7s | Remaining: 4.6m
ETA: 19:14:30
Recent round times: R1: 9.9s -> R2: 10.2s -> R3: 10.3s -> R4: 10.4s

  0%|          | 0/79 [00:00<?, ?it/s]
  3%|▎         | 2/79 [00:00<00:04, 18.31it/s]
  8%|▊         | 6/79 [00:00<00:02, 29.18it/s]
 14%|█▍        | 11/79 [00:00<00:01, 37.62it/s]
 20%|██        | 16/79 [00:00<00:01, 37.35it/s]
 28%|██▊       | 22/79 [00:00<00:01, 39.76it/s]
 35%|███▌      | 28/79 [00:00<00:01, 41.00it/s]
 43%|████▎     | 34/79 [00:00<00:01, 41.68it/s]
 49%|████▉     | 39/79 [00:00<00:00, 43.72it/s]
 56%|█████▌    | 44/79 [00:01<00:00, 41.97it/s]
 62%|██████▏   | 49/79 [00:01<00:00, 42.04it/s]
 68%|██████▊   | 54/79 [00:01<00:00, 41.28it/s]
 75%|███████▍  | 59/79 [00:01<00:00, 41.01it/s]
 81%|████████  | 64/79 [00:01<00:00, 40.42it/s]
 87%|████████▋ | 69/79 [00:01<00:00, 40.68it/s]
 94%|█████████▎| 74/79 [00:01<00:00, 39.98it/s]
100%|██████████| 79/79 [00:01<00:00, 40.26it/s]

CommRound: 5/30
Accuracy: 19.89% | Loss: 2.2760
[##########--------------------------------------------------] 16.7%
Elapsed: 0.9m | Avg/Round: 10.6s | Last: 10.1s | Next: 10.6s | Remaining: 4.4m
ETA: 19:14:27
Recent round times: R1: 9.9s -> R2: 10.2s -> R3: 10.3s -> R4: 10.4s -> R5: 10.1s

  0%|          | 0/79 [00:00<?, ?it/s]
  3%|▎         | 2/79 [00:00<00:03, 19.62it/s]
  9%|▉         | 7/79 [00:00<00:02, 30.12it/s]
 14%|█▍        | 11/79 [00:00<00:02, 33.96it/s]
 19%|█▉        | 15/79 [00:00<00:01, 36.11it/s]
 25%|██▌       | 20/79 [00:00<00:01, 35.51it/s]
 30%|███       | 24/79 [00:00<00:01, 35.18it/s]
 35%|███▌      | 28/79 [00:00<00:01, 34.84it/s]
 41%|████      | 32/79 [00:00<00:01, 35.07it/s]
 46%|████▌     | 36/79 [00:01<00:01, 34.98it/s]
 51%|█████     | 40/79 [00:01<00:01, 35.08it/s]
 56%|█████▌    | 44/79 [00:01<00:00, 35.13it/s]
 61%|██████    | 48/79 [00:01<00:00, 35.65it/s]
 66%|██████▌   | 52/79 [00:01<00:00, 36.40it/s]
 71%|███████   | 56/79 [00:01<00:00, 36.57it/s]
 76%|███████▌  | 60/79 [00:01<00:00, 36.10it/s]
 81%|████████  | 64/79 [00:01<00:00, 35.51it/s]
 86%|████████▌ | 68/79 [00:01<00:00, 35.62it/s]
 91%|█████████ | 72/79 [00:02<00:00, 35.71it/s]
 96%|█████████▌| 76/79 [00:02<00:00, 35.04it/s]
100%|██████████| 79/79 [00:02<00:00, 35.19it/s]

CommRound: 6/30
Accuracy: 22.67% | Loss: 2.0989
[############------------------------------------------------] 20.0%
Elapsed: 1.1m | Avg/Round: 10.6s | Last: 10.5s | Next: 10.6s | Remaining: 4.2m
ETA: 19:14:26
Recent round times: R1: 10.2s -> R2: 10.3s -> R3: 10.4s -> R4: 10.1s -> R5: 10.5s

  0%|          | 0/79 [00:00<?, ?it/s]
  4%|▍         | 3/79 [00:00<00:03, 22.10it/s]
  9%|▉         | 7/79 [00:00<00:02, 31.27it/s]
 14%|█▍        | 11/79 [00:00<00:01, 34.66it/s]
 19%|█▉        | 15/79 [00:00<00:01, 35.98it/s]
 24%|██▍       | 19/79 [00:00<00:01, 37.11it/s]
 29%|██▉       | 23/79 [00:00<00:01, 37.85it/s]
 34%|███▍      | 27/79 [00:00<00:01, 38.33it/s]
 39%|███▉      | 31/79 [00:00<00:01, 38.61it/s]
 44%|████▍     | 35/79 [00:00<00:01, 38.88it/s]
 49%|████▉     | 39/79 [00:01<00:01, 39.13it/s]
 54%|█████▍    | 43/79 [00:01<00:00, 39.33it/s]
 59%|█████▉    | 47/79 [00:01<00:00, 39.25it/s]
 65%|██████▍   | 51/79 [00:01<00:00, 39.23it/s]
 70%|██████▉   | 55/79 [00:01<00:00, 39.25it/s]
 76%|███████▌  | 60/79 [00:01<00:00, 41.62it/s]
 82%|████████▏ | 65/79 [00:01<00:00, 38.85it/s]
 87%|████████▋ | 69/79 [00:01<00:00, 39.03it/s]
 92%|█████████▏| 73/79 [00:01<00:00, 39.18it/s]
 97%|█████████▋| 77/79 [00:02<00:00, 38.88it/s]
100%|██████████| 79/79 [00:02<00:00, 38.71it/s]

CommRound: 7/30
Accuracy: 28.69% | Loss: 2.0209
[##############----------------------------------------------] 23.3%
Elapsed: 1.2m | Avg/Round: 10.6s | Last: 10.5s | Next: 10.6s | Remaining: 4.1m
ETA: 19:14:26
Recent round times: R1: 10.3s -> R2: 10.4s -> R3: 10.1s -> R4: 10.5s -> R5: 10.5s

  0%|          | 0/79 [00:00<?, ?it/s]
  3%|▎         | 2/79 [00:00<00:03, 19.87it/s]
  9%|▉         | 7/79 [00:00<00:02, 30.92it/s]
 14%|█▍        | 11/79 [00:00<00:01, 34.43it/s]
 19%|█▉        | 15/79 [00:00<00:01, 34.55it/s]
 24%|██▍       | 19/79 [00:00<00:01, 36.25it/s]
 29%|██▉       | 23/79 [00:00<00:01, 37.35it/s]
 35%|███▌      | 28/79 [00:00<00:01, 41.31it/s]
 42%|████▏     | 33/79 [00:00<00:01, 39.21it/s]
 49%|████▉     | 39/79 [00:01<00:00, 40.32it/s]
 57%|█████▋    | 45/79 [00:01<00:00, 40.95it/s]
 65%|██████▍   | 51/79 [00:01<00:00, 41.38it/s]
 72%|███████▏  | 57/79 [00:01<00:00, 41.34it/s]
 80%|███████▉  | 63/79 [00:01<00:00, 41.43it/s]
 87%|████████▋ | 69/79 [00:01<00:00, 41.46it/s]
 95%|█████████▍| 75/79 [00:01<00:00, 41.53it/s]
100%|██████████| 79/79 [00:01<00:00, 40.12it/s]

CommRound: 8/30
Accuracy: 31.65% | Loss: 1.9715
[################--------------------------------------------] 26.7%
Elapsed: 1.4m | Avg/Round: 10.5s | Last: 10.3s | Next: 10.5s | Remaining: 3.9m
ETA: 19:14:25
Recent round times: R1: 10.4s -> R2: 10.1s -> R3: 10.5s -> R4: 10.5s -> R5: 10.3s

  0%|          | 0/79 [00:00<?, ?it/s]
  3%|▎         | 2/79 [00:00<00:03, 19.78it/s]
  9%|▉         | 7/79 [00:00<00:02, 28.58it/s]
 14%|█▍        | 11/79 [00:00<00:02, 30.59it/s]
 19%|█▉        | 15/79 [00:00<00:01, 32.30it/s]
 24%|██▍       | 19/79 [00:00<00:01, 33.73it/s]
 29%|██▉       | 23/79 [00:00<00:01, 34.92it/s]
 34%|███▍      | 27/79 [00:00<00:01, 35.63it/s]
 39%|███▉      | 31/79 [00:00<00:01, 35.90it/s]
 44%|████▍     | 35/79 [00:01<00:01, 36.41it/s]
 49%|████▉     | 39/79 [00:01<00:01, 36.80it/s]
 54%|█████▍    | 43/79 [00:01<00:00, 36.79it/s]
 59%|█████▉    | 47/79 [00:01<00:00, 36.80it/s]
 65%|██████▍   | 51/79 [00:01<00:00, 36.84it/s]
 70%|██████▉   | 55/79 [00:01<00:00, 36.85it/s]
 75%|███████▍  | 59/79 [00:01<00:00, 36.33it/s]
 80%|███████▉  | 63/79 [00:01<00:00, 36.06it/s]
 85%|████████▍ | 67/79 [00:01<00:00, 35.59it/s]
 90%|████████▉ | 71/79 [00:02<00:00, 35.46it/s]
 95%|█████████▍| 75/79 [00:02<00:00, 35.15it/s]
100%|██████████| 79/79 [00:02<00:00, 35.63it/s]

CommRound: 9/30
Accuracy: 28.58% | Loss: 2.0710
[##################------------------------------------------] 30.0%
Elapsed: 1.6m | Avg/Round: 10.5s | Last: 10.4s | Next: 10.5s | Remaining: 3.7m
ETA: 19:14:25
Recent round times: R1: 10.1s -> R2: 10.5s -> R3: 10.5s -> R4: 10.3s -> R5: 10.4s

  0%|          | 0/79 [00:00<?, ?it/s]
  4%|▍         | 3/79 [00:00<00:03, 22.27it/s]
  9%|▉         | 7/79 [00:00<00:02, 31.29it/s]
 15%|█▌        | 12/79 [00:00<00:01, 38.69it/s]
 22%|██▏       | 17/79 [00:00<00:01, 36.62it/s]
 28%|██▊       | 22/79 [00:00<00:01, 40.58it/s]
 34%|███▍      | 27/79 [00:00<00:01, 38.43it/s]
 41%|████      | 32/79 [00:00<00:01, 41.53it/s]
 47%|████▋     | 37/79 [00:00<00:01, 39.22it/s]
 54%|█████▍    | 43/79 [00:01<00:00, 40.02it/s]
 62%|██████▏   | 49/79 [00:01<00:00, 40.51it/s]
 68%|██████▊   | 54/79 [00:01<00:00, 42.71it/s]
 75%|███████▍  | 59/79 [00:01<00:00, 40.26it/s]
 82%|████████▏ | 65/79 [00:01<00:00, 40.89it/s]
 89%|████████▊ | 70/79 [00:01<00:00, 43.04it/s]
 95%|█████████▍| 75/79 [00:01<00:00, 40.54it/s]
100%|██████████| 79/79 [00:01<00:00, 40.46it/s]

CommRound: 10/30
Accuracy: 33.20% | Loss: 1.9317
[####################----------------------------------------] 33.3%
Elapsed: 1.8m | Avg/Round: 10.5s | Last: 10.3s | Next: 10.5s | Remaining: 3.5m
ETA: 19:14:24
Recent round times: R1: 10.5s -> R2: 10.5s -> R3: 10.3s -> R4: 10.4s -> R5: 10.3s

  0%|          | 0/79 [00:00<?, ?it/s]
  3%|▎         | 2/79 [00:00<00:03, 19.70it/s]
  9%|▉         | 7/79 [00:00<00:02, 31.07it/s]
 15%|█▌        | 12/79 [00:00<00:01, 38.43it/s]
 22%|██▏       | 17/79 [00:00<00:01, 36.68it/s]
 28%|██▊       | 22/79 [00:00<00:01, 40.46it/s]
 34%|███▍      | 27/79 [00:00<00:01, 37.78it/s]
 41%|████      | 32/79 [00:00<00:01, 37.97it/s]
 46%|████▌     | 36/79 [00:00<00:01, 37.64it/s]
 51%|█████     | 40/79 [00:01<00:01, 37.53it/s]
 56%|█████▌    | 44/79 [00:01<00:00, 37.44it/s]
 61%|██████    | 48/79 [00:01<00:00, 37.21it/s]
 67%|██████▋   | 53/79 [00:01<00:00, 40.68it/s]
 73%|███████▎  | 58/79 [00:01<00:00, 38.89it/s]
 81%|████████  | 64/79 [00:01<00:00, 39.61it/s]
 86%|████████▌ | 68/79 [00:01<00:00, 39.04it/s]
 91%|█████████ | 72/79 [00:01<00:00, 38.66it/s]
 96%|█████████▌| 76/79 [00:02<00:00, 38.34it/s]
100%|██████████| 79/79 [00:02<00:00, 38.10it/s]

CommRound: 11/30
Accuracy: 38.37% | Loss: 1.9536
[######################--------------------------------------] 36.7%
Elapsed: 1.9m | Avg/Round: 10.5s | Last: 10.5s | Next: 10.5s | Remaining: 3.3m
ETA: 19:14:24
Recent round times: R1: 10.5s -> R2: 10.3s -> R3: 10.4s -> R4: 10.3s -> R5: 10.5s

  0%|          | 0/79 [00:00<?, ?it/s]
  4%|▍         | 3/79 [00:00<00:03, 22.80it/s]
 10%|█         | 8/79 [00:00<00:02, 35.16it/s]
 15%|█▌        | 12/79 [00:00<00:01, 36.76it/s]
 20%|██        | 16/79 [00:00<00:01, 37.66it/s]
 25%|██▌       | 20/79 [00:00<00:01, 37.10it/s]
 30%|███       | 24/79 [00:00<00:01, 37.69it/s]
 37%|███▋      | 29/79 [00:00<00:01, 37.51it/s]
 43%|████▎     | 34/79 [00:00<00:01, 40.65it/s]
 49%|████▉     | 39/79 [00:01<00:00, 40.35it/s]
 56%|█████▌    | 44/79 [00:01<00:00, 40.38it/s]
 62%|██████▏   | 49/79 [00:01<00:00, 41.83it/s]
 68%|██████▊   | 54/79 [00:01<00:00, 38.95it/s]
 75%|███████▍  | 59/79 [00:01<00:00, 41.48it/s]
 81%|████████  | 64/79 [00:01<00:00, 38.90it/s]
 86%|████████▌ | 68/79 [00:01<00:00, 38.91it/s]
 91%|█████████ | 72/79 [00:01<00:00, 38.83it/s]
 96%|█████████▌| 76/79 [00:01<00:00, 38.83it/s]
100%|██████████| 79/79 [00:02<00:00, 38.92it/s]

CommRound: 12/30
Accuracy: 41.31% | Loss: 1.8729
[########################------------------------------------] 40.0%
Elapsed: 2.1m | Avg/Round: 10.5s | Last: 10.3s | Next: 10.5s | Remaining: 3.1m
ETA: 19:14:24
Recent round times: R1: 10.3s -> R2: 10.4s -> R3: 10.3s -> R4: 10.5s -> R5: 10.3s

  0%|          | 0/79 [00:00<?, ?it/s]
  4%|▍         | 3/79 [00:00<00:03, 23.18it/s]
 10%|█         | 8/79 [00:00<00:02, 34.48it/s]
 15%|█▌        | 12/79 [00:00<00:01, 36.57it/s]
 20%|██        | 16/79 [00:00<00:01, 37.74it/s]
 25%|██▌       | 20/79 [00:00<00:01, 38.47it/s]
 32%|███▏      | 25/79 [00:00<00:01, 37.85it/s]
 38%|███▊      | 30/79 [00:00<00:01, 40.14it/s]
 44%|████▍     | 35/79 [00:00<00:01, 38.23it/s]
 51%|█████     | 40/79 [00:01<00:00, 40.98it/s]
 57%|█████▋    | 45/79 [00:01<00:00, 39.10it/s]
 63%|██████▎   | 50/79 [00:01<00:00, 41.78it/s]
 70%|██████▉   | 55/79 [00:01<00:00, 39.71it/s]
 76%|███████▌  | 60/79 [00:01<00:00, 40.08it/s]
 82%|████████▏ | 65/79 [00:01<00:00, 39.66it/s]
 89%|████████▊ | 70/79 [00:01<00:00, 41.77it/s]
 95%|█████████▍| 75/79 [00:01<00:00, 38.80it/s]
100%|██████████| 79/79 [00:02<00:00, 39.40it/s]

CommRound: 13/30
Accuracy: 41.90% | Loss: 1.8309
[##########################----------------------------------] 43.3%
Elapsed: 2.3m | Avg/Round: 10.5s | Last: 10.0s | Next: 10.5s | Remaining: 3.0m
ETA: 19:14:22
Recent round times: R1: 10.4s -> R2: 10.3s -> R3: 10.5s -> R4: 10.3s -> R5: 10.0s

  0%|          | 0/79 [00:00<?, ?it/s]
  4%|▍         | 3/79 [00:00<00:03, 22.16it/s]
  9%|▉         | 7/79 [00:00<00:02, 30.70it/s]
 15%|█▌        | 12/79 [00:00<00:01, 36.48it/s]
 20%|██        | 16/79 [00:00<00:01, 37.48it/s]
 25%|██▌       | 20/79 [00:00<00:01, 38.07it/s]
 30%|███       | 24/79 [00:00<00:01, 38.26it/s]
 37%|███▋      | 29/79 [00:00<00:01, 39.35it/s]
 43%|████▎     | 34/79 [00:00<00:01, 39.63it/s]
 48%|████▊     | 38/79 [00:01<00:01, 38.86it/s]
 53%|█████▎    | 42/79 [00:01<00:00, 38.18it/s]
 61%|██████    | 48/79 [00:01<00:00, 39.29it/s]
 67%|██████▋   | 53/79 [00:01<00:00, 41.97it/s]
 73%|███████▎  | 58/79 [00:01<00:00, 38.83it/s]
 80%|███████▉  | 63/79 [00:01<00:00, 41.50it/s]
 86%|████████▌ | 68/79 [00:01<00:00, 39.54it/s]
 94%|█████████▎| 74/79 [00:01<00:00, 40.17it/s]
100%|██████████| 79/79 [00:02<00:00, 42.47it/s]
100%|██████████| 79/79 [00:02<00:00, 39.01it/s]

CommRound: 14/30
Accuracy: 46.75% | Loss: 1.6742
[############################--------------------------------] 46.7%
Elapsed: 2.4m | Avg/Round: 10.4s | Last: 10.4s | Next: 10.4s | Remaining: 2.8m
ETA: 19:14:22
Recent round times: R1: 10.3s -> R2: 10.5s -> R3: 10.3s -> R4: 10.0s -> R5: 10.4s

  0%|          | 0/79 [00:00<?, ?it/s]
  4%|▍         | 3/79 [00:00<00:03, 22.71it/s]
 10%|█         | 8/79 [00:00<00:01, 35.99it/s]
 15%|█▌        | 12/79 [00:00<00:01, 37.67it/s]
 20%|██        | 16/79 [00:00<00:02, 22.75it/s]
 27%|██▋       | 21/79 [00:00<00:02, 26.77it/s]
 34%|███▍      | 27/79 [00:00<00:01, 31.54it/s]
 42%|████▏     | 33/79 [00:01<00:01, 34.88it/s]
 49%|████▉     | 39/79 [00:01<00:01, 37.16it/s]
 56%|█████▌    | 44/79 [00:01<00:00, 40.17it/s]
 62%|██████▏   | 49/79 [00:01<00:00, 38.71it/s]
 68%|██████▊   | 54/79 [00:01<00:00, 41.40it/s]
 75%|███████▍  | 59/79 [00:01<00:00, 39.76it/s]
 82%|████████▏ | 65/79 [00:01<00:00, 40.56it/s]
 90%|████████▉ | 71/79 [00:01<00:00, 41.17it/s]
 97%|█████████▋| 77/79 [00:02<00:00, 40.76it/s]
100%|██████████| 79/79 [00:02<00:00, 37.22it/s]

CommRound: 15/30
Accuracy: 51.82% | Loss: 1.5860
[##############################------------------------------] 50.0%
Elapsed: 2.6m | Avg/Round: 10.5s | Last: 10.5s | Next: 10.5s | Remaining: 2.6m
ETA: 19:14:22
Recent round times: R1: 10.5s -> R2: 10.3s -> R3: 10.0s -> R4: 10.4s -> R5: 10.5s

  0%|          | 0/79 [00:00<?, ?it/s]
  4%|▍         | 3/79 [00:00<00:03, 23.37it/s]
 10%|█         | 8/79 [00:00<00:02, 34.23it/s]
 15%|█▌        | 12/79 [00:00<00:02, 23.72it/s]
 20%|██        | 16/79 [00:00<00:02, 28.00it/s]
 27%|██▋       | 21/79 [00:00<00:01, 32.37it/s]
 33%|███▎      | 26/79 [00:00<00:01, 34.28it/s]
 38%|███▊      | 30/79 [00:00<00:01, 35.76it/s]
 46%|████▌     | 36/79 [00:01<00:01, 38.46it/s]
 53%|█████▎    | 42/79 [00:01<00:00, 39.96it/s]
 61%|██████    | 48/79 [00:01<00:00, 41.03it/s]
 68%|██████▊   | 54/79 [00:01<00:00, 41.71it/s]
 76%|███████▌  | 60/79 [00:01<00:00, 42.05it/s]
 84%|████████▎ | 66/79 [00:01<00:00, 42.19it/s]
 90%|████████▉ | 71/79 [00:01<00:00, 43.64it/s]
 96%|█████████▌| 76/79 [00:02<00:00, 41.53it/s]
100%|██████████| 79/79 [00:02<00:00, 38.09it/s]

CommRound: 16/30
Accuracy: 52.74% | Loss: 1.5608
[################################----------------------------] 53.3%
Elapsed: 2.8m | Avg/Round: 10.5s | Last: 10.4s | Next: 10.5s | Remaining: 2.4m
ETA: 19:14:22
Recent round times: R1: 10.3s -> R2: 10.0s -> R3: 10.4s -> R4: 10.5s -> R5: 10.4s

  0%|          | 0/79 [00:00<?, ?it/s]
  4%|▍         | 3/79 [00:00<00:03, 20.98it/s]
  9%|▉         | 7/79 [00:00<00:04, 17.92it/s]
 14%|█▍        | 11/79 [00:00<00:02, 23.25it/s]
 20%|██        | 16/79 [00:00<00:02, 30.66it/s]
 27%|██▋       | 21/79 [00:00<00:01, 32.11it/s]
 33%|███▎      | 26/79 [00:00<00:01, 36.68it/s]
 38%|███▊      | 30/79 [00:00<00:01, 37.57it/s]
 44%|████▍     | 35/79 [00:01<00:01, 36.56it/s]
 51%|█████     | 40/79 [00:01<00:00, 40.10it/s]
 57%|█████▋    | 45/79 [00:01<00:00, 38.43it/s]
 63%|██████▎   | 50/79 [00:01<00:00, 41.28it/s]
 70%|██████▉   | 55/79 [00:01<00:00, 38.76it/s]
 76%|███████▌  | 60/79 [00:01<00:00, 40.06it/s]
 82%|████████▏ | 65/79 [00:01<00:00, 36.27it/s]
 89%|████████▊ | 70/79 [00:01<00:00, 39.38it/s]
 95%|█████████▍| 75/79 [00:02<00:00, 37.12it/s]
100%|██████████| 79/79 [00:02<00:00, 35.96it/s]

CommRound: 17/30
Accuracy: 53.83% | Loss: 1.5747
[##################################--------------------------] 56.7%
Elapsed: 3.0m | Avg/Round: 10.4s | Last: 10.4s | Next: 10.4s | Remaining: 2.3m
ETA: 19:14:22
Recent round times: R1: 10.0s -> R2: 10.4s -> R3: 10.5s -> R4: 10.4s -> R5: 10.4s

  0%|          | 0/79 [00:00<?, ?it/s]
  3%|▎         | 2/79 [00:00<00:04, 19.18it/s]
  5%|▌         | 4/79 [00:00<00:05, 14.26it/s]
 11%|█▏        | 9/79 [00:00<00:02, 24.10it/s]
 16%|█▋        | 13/79 [00:00<00:02, 28.51it/s]
 22%|██▏       | 17/79 [00:00<00:02, 30.95it/s]
 27%|██▋       | 21/79 [00:00<00:01, 32.25it/s]
 32%|███▏      | 25/79 [00:00<00:01, 33.15it/s]
 37%|███▋      | 29/79 [00:00<00:01, 33.62it/s]
 42%|████▏     | 33/79 [00:01<00:01, 33.81it/s]
 47%|████▋     | 37/79 [00:01<00:01, 34.18it/s]
 52%|█████▏    | 41/79 [00:01<00:01, 34.57it/s]
 57%|█████▋    | 45/79 [00:01<00:00, 35.03it/s]
 62%|██████▏   | 49/79 [00:01<00:00, 35.12it/s]
 67%|██████▋   | 53/79 [00:01<00:00, 35.58it/s]
 72%|███████▏  | 57/79 [00:01<00:00, 35.60it/s]
 77%|███████▋  | 61/79 [00:01<00:00, 35.39it/s]
 82%|████████▏ | 65/79 [00:01<00:00, 35.39it/s]
 89%|████████▊ | 70/79 [00:02<00:00, 39.18it/s]
 95%|█████████▍| 75/79 [00:02<00:00, 37.61it/s]
100%|██████████| 79/79 [00:02<00:00, 34.10it/s]

CommRound: 18/30
Accuracy: 50.42% | Loss: 1.7103
[####################################------------------------] 60.0%
Elapsed: 3.1m | Avg/Round: 10.5s | Last: 10.7s | Next: 10.5s | Remaining: 2.1m
ETA: 19:14:23
Recent round times: R1: 10.4s -> R2: 10.5s -> R3: 10.4s -> R4: 10.4s -> R5: 10.7s

  0%|          | 0/79 [00:00<?, ?it/s]
  1%|▏         | 1/79 [00:00<00:19,  3.92it/s]
  8%|▊         | 6/79 [00:00<00:03, 19.29it/s]
 14%|█▍        | 11/79 [00:00<00:02, 26.34it/s]
 19%|█▉        | 15/79 [00:00<00:02, 30.14it/s]
 25%|██▌       | 20/79 [00:00<00:01, 35.48it/s]
 32%|███▏      | 25/79 [00:00<00:01, 35.61it/s]
 38%|███▊      | 30/79 [00:00<00:01, 39.46it/s]
 44%|████▍     | 35/79 [00:01<00:01, 38.07it/s]
 51%|█████     | 40/79 [00:01<00:00, 41.00it/s]
 57%|█████▋    | 45/79 [00:01<00:00, 38.94it/s]
 63%|██████▎   | 50/79 [00:01<00:00, 41.38it/s]
 70%|██████▉   | 55/79 [00:01<00:00, 38.59it/s]
 75%|███████▍  | 59/79 [00:01<00:00, 38.83it/s]
 81%|████████  | 64/79 [00:01<00:00, 41.47it/s]
 87%|████████▋ | 69/79 [00:01<00:00, 39.07it/s]
 94%|█████████▎| 74/79 [00:02<00:00, 41.52it/s]
100%|██████████| 79/79 [00:02<00:00, 43.68it/s]
100%|██████████| 79/79 [00:02<00:00, 36.55it/s]

CommRound: 19/30
Accuracy: 54.07% | Loss: 1.5514
[######################################----------------------] 63.3%
Elapsed: 3.3m | Avg/Round: 10.5s | Last: 10.5s | Next: 10.5s | Remaining: 1.9m
ETA: 19:14:23
Recent round times: R1: 10.5s -> R2: 10.4s -> R3: 10.4s -> R4: 10.7s -> R5: 10.5s

  0%|          | 0/79 [00:00<?, ?it/s]
  4%|▍         | 3/79 [00:00<00:03, 21.75it/s]
  9%|▉         | 7/79 [00:00<00:02, 30.63it/s]
 14%|█▍        | 11/79 [00:00<00:01, 34.37it/s]
 19%|█▉        | 15/79 [00:00<00:01, 36.29it/s]
 25%|██▌       | 20/79 [00:00<00:01, 40.76it/s]
 32%|███▏      | 25/79 [00:00<00:01, 38.20it/s]
 38%|███▊      | 30/79 [00:00<00:01, 41.51it/s]
 44%|████▍     | 35/79 [00:00<00:01, 38.59it/s]
 49%|████▉     | 39/79 [00:01<00:01, 38.92it/s]
 54%|█████▍    | 43/79 [00:01<00:00, 39.14it/s]
 59%|█████▉    | 47/79 [00:01<00:00, 38.97it/s]
 66%|██████▌   | 52/79 [00:01<00:00, 42.09it/s]
 72%|███████▏  | 57/79 [00:01<00:00, 39.61it/s]
 78%|███████▊  | 62/79 [00:01<00:00, 42.16it/s]
 85%|████████▍ | 67/79 [00:01<00:00, 39.75it/s]
 91%|█████████ | 72/79 [00:01<00:00, 42.16it/s]
 97%|█████████▋| 77/79 [00:01<00:00, 39.37it/s]
100%|██████████| 79/79 [00:01<00:00, 39.58it/s]

CommRound: 20/30
Accuracy: 53.81% | Loss: 1.5668
[########################################--------------------] 66.7%
Elapsed: 3.5m | Avg/Round: 10.5s | Last: 10.5s | Next: 10.5s | Remaining: 1.7m
ETA: 19:14:23
Recent round times: R1: 10.4s -> R2: 10.4s -> R3: 10.7s -> R4: 10.5s -> R5: 10.5s

  0%|          | 0/79 [00:00<?, ?it/s]
  3%|▎         | 2/79 [00:00<00:03, 19.50it/s]
  8%|▊         | 6/79 [00:00<00:02, 28.98it/s]
 13%|█▎        | 10/79 [00:00<00:02, 33.20it/s]
 18%|█▊        | 14/79 [00:00<00:01, 35.50it/s]
 23%|██▎       | 18/79 [00:00<00:01, 36.69it/s]
 28%|██▊       | 22/79 [00:00<00:01, 37.11it/s]
 34%|███▍      | 27/79 [00:00<00:01, 36.26it/s]
 41%|████      | 32/79 [00:00<00:01, 40.05it/s]
 47%|████▋     | 37/79 [00:01<00:01, 38.44it/s]
 54%|█████▍    | 43/79 [00:01<00:00, 39.44it/s]
 61%|██████    | 48/79 [00:01<00:00, 42.08it/s]
 67%|██████▋   | 53/79 [00:01<00:00, 39.53it/s]
 75%|███████▍  | 59/79 [00:01<00:00, 40.32it/s]
 81%|████████  | 64/79 [00:01<00:00, 42.67it/s]
 87%|████████▋ | 69/79 [00:01<00:00, 40.12it/s]
 94%|█████████▎| 74/79 [00:01<00:00, 42.59it/s]
100%|██████████| 79/79 [00:02<00:00, 39.44it/s]

CommRound: 21/30
Accuracy: 51.91% | Loss: 1.6444
[##########################################------------------] 70.0%
Elapsed: 3.7m | Avg/Round: 10.5s | Last: 10.4s | Next: 10.5s | Remaining: 1.6m
ETA: 19:14:23
Recent round times: R1: 10.4s -> R2: 10.7s -> R3: 10.5s -> R4: 10.5s -> R5: 10.4s

  0%|          | 0/79 [00:00<?, ?it/s]
  4%|▍         | 3/79 [00:00<00:03, 21.07it/s]
  9%|▉         | 7/79 [00:00<00:02, 29.14it/s]
 14%|█▍        | 11/79 [00:00<00:02, 32.04it/s]
 22%|██▏       | 17/79 [00:00<00:01, 36.64it/s]
 29%|██▉       | 23/79 [00:00<00:01, 38.90it/s]
 34%|███▍      | 27/79 [00:00<00:01, 38.57it/s]
 39%|███▉      | 31/79 [00:00<00:01, 37.99it/s]
 44%|████▍     | 35/79 [00:00<00:01, 37.41it/s]
 49%|████▉     | 39/79 [00:01<00:01, 36.87it/s]
 54%|█████▍    | 43/79 [00:01<00:00, 36.46it/s]
 59%|█████▉    | 47/79 [00:01<00:00, 35.90it/s]
 65%|██████▍   | 51/79 [00:01<00:00, 35.35it/s]
 70%|██████▉   | 55/79 [00:01<00:00, 35.52it/s]
 75%|███████▍  | 59/79 [00:01<00:00, 35.49it/s]
 80%|███████▉  | 63/79 [00:01<00:00, 35.68it/s]
 85%|████████▍ | 67/79 [00:01<00:00, 36.04it/s]
 90%|████████▉ | 71/79 [00:01<00:00, 36.11it/s]
 95%|█████████▍| 75/79 [00:02<00:00, 35.17it/s]
100%|██████████| 79/79 [00:02<00:00, 36.19it/s]

CommRound: 22/30
Accuracy: 53.81% | Loss: 1.5506
[############################################----------------] 73.3%
Elapsed: 3.8m | Avg/Round: 10.5s | Last: 10.6s | Next: 10.5s | Remaining: 1.4m
ETA: 19:14:23
Recent round times: R1: 10.7s -> R2: 10.5s -> R3: 10.5s -> R4: 10.4s -> R5: 10.6s

  0%|          | 0/79 [00:00<?, ?it/s]
  1%|▏         | 1/79 [00:00<00:07,  9.88it/s]
  6%|▋         | 5/79 [00:00<00:02, 26.90it/s]
 11%|█▏        | 9/79 [00:00<00:02, 30.80it/s]
 16%|█▋        | 13/79 [00:00<00:02, 32.29it/s]
 22%|██▏       | 17/79 [00:00<00:01, 33.67it/s]
 27%|██▋       | 21/79 [00:00<00:01, 34.63it/s]
 32%|███▏      | 25/79 [00:00<00:01, 35.26it/s]
 37%|███▋      | 29/79 [00:00<00:01, 35.53it/s]
 42%|████▏     | 33/79 [00:00<00:01, 35.70it/s]
 47%|████▋     | 37/79 [00:01<00:01, 35.86it/s]
 52%|█████▏    | 41/79 [00:01<00:01, 35.59it/s]
 57%|█████▋    | 45/79 [00:01<00:00, 35.79it/s]
 62%|██████▏   | 49/79 [00:01<00:00, 35.93it/s]
 67%|██████▋   | 53/79 [00:01<00:00, 35.90it/s]
 72%|███████▏  | 57/79 [00:01<00:00, 36.08it/s]
 77%|███████▋  | 61/79 [00:01<00:00, 36.19it/s]
 82%|████████▏ | 65/79 [00:01<00:00, 36.24it/s]
 87%|████████▋ | 69/79 [00:01<00:00, 36.18it/s]
 92%|█████████▏| 73/79 [00:02<00:00, 36.09it/s]
 97%|█████████▋| 77/79 [00:02<00:00, 35.85it/s]
100%|██████████| 79/79 [00:02<00:00, 35.37it/s]

CommRound: 23/30
Accuracy: 55.19% | Loss: 1.4978
[##############################################--------------] 76.7%
Elapsed: 4.0m | Avg/Round: 10.5s | Last: 10.7s | Next: 10.5s | Remaining: 1.2m
ETA: 19:14:23
Recent round times: R1: 10.5s -> R2: 10.5s -> R3: 10.4s -> R4: 10.6s -> R5: 10.7s

  0%|          | 0/79 [00:00<?, ?it/s]
  3%|▎         | 2/79 [00:00<00:03, 19.83it/s]
  9%|▉         | 7/79 [00:00<00:02, 30.68it/s]
 14%|█▍        | 11/79 [00:00<00:02, 33.85it/s]
 20%|██        | 16/79 [00:00<00:01, 39.03it/s]
 25%|██▌       | 20/79 [00:00<00:01, 39.15it/s]
 30%|███       | 24/79 [00:00<00:01, 39.13it/s]
 35%|███▌      | 28/79 [00:00<00:01, 39.31it/s]
 42%|████▏     | 33/79 [00:00<00:01, 37.98it/s]
 47%|████▋     | 37/79 [00:00<00:01, 38.46it/s]
 53%|█████▎    | 42/79 [00:01<00:00, 41.46it/s]
 59%|█████▉    | 47/79 [00:01<00:00, 39.07it/s]
 66%|██████▌   | 52/79 [00:01<00:00, 40.77it/s]
 72%|███████▏  | 57/79 [00:01<00:00, 39.60it/s]
 78%|███████▊  | 62/79 [00:01<00:00, 42.22it/s]
 85%|████████▍ | 67/79 [00:01<00:00, 39.99it/s]
 92%|█████████▏| 73/79 [00:01<00:00, 40.60it/s]
 99%|█████████▊| 78/79 [00:01<00:00, 42.79it/s]
100%|██████████| 79/79 [00:01<00:00, 39.70it/s]

CommRound: 24/30
Accuracy: 56.62% | Loss: 1.4114
[################################################------------] 80.0%
Elapsed: 4.2m | Avg/Round: 10.5s | Last: 10.2s | Next: 10.5s | Remaining: 1.0m
ETA: 19:14:23
Recent round times: R1: 10.5s -> R2: 10.4s -> R3: 10.6s -> R4: 10.7s -> R5: 10.2s

  0%|          | 0/79 [00:00<?, ?it/s]
  3%|▎         | 2/79 [00:00<00:03, 19.73it/s]
  8%|▊         | 6/79 [00:00<00:02, 29.12it/s]
 13%|█▎        | 10/79 [00:00<00:02, 31.56it/s]
 18%|█▊        | 14/79 [00:00<00:01, 33.10it/s]
 23%|██▎       | 18/79 [00:00<00:01, 34.31it/s]
 28%|██▊       | 22/79 [00:00<00:01, 35.05it/s]
 33%|███▎      | 26/79 [00:00<00:01, 35.69it/s]
 38%|███▊      | 30/79 [00:00<00:01, 36.17it/s]
 46%|████▌     | 36/79 [00:01<00:01, 38.28it/s]
 53%|█████▎    | 42/79 [00:01<00:00, 39.35it/s]
 61%|██████    | 48/79 [00:01<00:00, 40.23it/s]
 67%|██████▋   | 53/79 [00:01<00:00, 41.40it/s]
 73%|███████▎  | 58/79 [00:01<00:00, 40.34it/s]
 80%|███████▉  | 63/79 [00:01<00:00, 39.07it/s]
 85%|████████▍ | 67/79 [00:01<00:00, 38.24it/s]
 91%|█████████ | 72/79 [00:01<00:00, 41.07it/s]
 97%|█████████▋| 77/79 [00:02<00:00, 38.70it/s]
100%|██████████| 79/79 [00:02<00:00, 38.11it/s]

CommRound: 25/30
Accuracy: 57.98% | Loss: 1.3303
[##################################################----------] 83.3%
Elapsed: 4.4m | Avg/Round: 10.5s | Last: 10.3s | Next: 10.5s | Remaining: 0.9m
ETA: 19:14:23
Recent round times: R1: 10.4s -> R2: 10.6s -> R3: 10.7s -> R4: 10.2s -> R5: 10.3s

  0%|          | 0/79 [00:00<?, ?it/s]
  4%|▍         | 3/79 [00:00<00:03, 21.96it/s]
  9%|▉         | 7/79 [00:00<00:02, 31.09it/s]
 15%|█▌        | 12/79 [00:00<00:01, 33.90it/s]
 20%|██        | 16/79 [00:00<00:01, 33.80it/s]
 25%|██▌       | 20/79 [00:00<00:01, 34.34it/s]
 30%|███       | 24/79 [00:00<00:01, 34.70it/s]
 35%|███▌      | 28/79 [00:00<00:01, 34.94it/s]
 41%|████      | 32/79 [00:00<00:01, 35.12it/s]
 46%|████▌     | 36/79 [00:01<00:01, 35.40it/s]
 51%|█████     | 40/79 [00:01<00:01, 35.51it/s]
 56%|█████▌    | 44/79 [00:01<00:00, 35.60it/s]
 61%|██████    | 48/79 [00:01<00:00, 35.52it/s]
 66%|██████▌   | 52/79 [00:01<00:00, 35.81it/s]
 71%|███████   | 56/79 [00:01<00:00, 35.82it/s]
 76%|███████▌  | 60/79 [00:01<00:00, 35.88it/s]
 81%|████████  | 64/79 [00:01<00:00, 35.73it/s]
 86%|████████▌ | 68/79 [00:01<00:00, 35.59it/s]
 91%|█████████ | 72/79 [00:02<00:00, 35.79it/s]
 96%|█████████▌| 76/79 [00:02<00:00, 36.23it/s]
100%|██████████| 79/79 [00:02<00:00, 35.32it/s]

CommRound: 26/30
Accuracy: 56.43% | Loss: 1.4163
[####################################################--------] 86.7%
Elapsed: 4.5m | Avg/Round: 10.5s | Last: 10.6s | Next: 10.5s | Remaining: 0.7m
ETA: 19:14:23
Recent round times: R1: 10.6s -> R2: 10.7s -> R3: 10.2s -> R4: 10.3s -> R5: 10.6s

  0%|          | 0/79 [00:00<?, ?it/s]
  3%|▎         | 2/79 [00:00<00:03, 19.41it/s]
  9%|▉         | 7/79 [00:00<00:02, 32.10it/s]
 14%|█▍        | 11/79 [00:00<00:01, 35.32it/s]
 19%|█▉        | 15/79 [00:00<00:01, 37.01it/s]
 24%|██▍       | 19/79 [00:00<00:01, 36.26it/s]
 29%|██▉       | 23/79 [00:00<00:01, 36.15it/s]
 34%|███▍      | 27/79 [00:00<00:01, 36.11it/s]
 41%|████      | 32/79 [00:00<00:01, 40.05it/s]
 47%|████▋     | 37/79 [00:01<00:01, 38.06it/s]
 54%|█████▍    | 43/79 [00:01<00:00, 39.42it/s]
 62%|██████▏   | 49/79 [00:01<00:00, 40.21it/s]
 70%|██████▉   | 55/79 [00:01<00:00, 40.52it/s]
 77%|███████▋  | 61/79 [00:01<00:00, 40.88it/s]
 85%|████████▍ | 67/79 [00:01<00:00, 40.71it/s]
 91%|█████████ | 72/79 [00:01<00:00, 41.44it/s]
 97%|█████████▋| 77/79 [00:02<00:00, 37.49it/s]
100%|██████████| 79/79 [00:02<00:00, 38.70it/s]

CommRound: 27/30
Accuracy: 56.68% | Loss: 1.4263
[######################################################------] 90.0%
Elapsed: 4.7m | Avg/Round: 10.5s | Last: 10.4s | Next: 10.5s | Remaining: 0.5m
ETA: 19:14:23
Recent round times: R1: 10.7s -> R2: 10.2s -> R3: 10.3s -> R4: 10.6s -> R5: 10.4s

  0%|          | 0/79 [00:00<?, ?it/s]
  4%|▍         | 3/79 [00:00<00:03, 23.20it/s]
  9%|▉         | 7/79 [00:00<00:02, 31.76it/s]
 14%|█▍        | 11/79 [00:00<00:01, 34.85it/s]
 20%|██        | 16/79 [00:00<00:01, 39.40it/s]
 27%|██▋       | 21/79 [00:00<00:01, 37.95it/s]
 33%|███▎      | 26/79 [00:00<00:01, 41.26it/s]
 39%|███▉      | 31/79 [00:00<00:01, 38.91it/s]
 46%|████▌     | 36/79 [00:00<00:01, 41.63it/s]
 52%|█████▏    | 41/79 [00:01<00:01, 37.69it/s]
 57%|█████▋    | 45/79 [00:01<00:00, 37.54it/s]
 62%|██████▏   | 49/79 [00:01<00:00, 37.61it/s]
 70%|██████▉   | 55/79 [00:01<00:00, 39.50it/s]
 77%|███████▋  | 61/79 [00:01<00:00, 40.63it/s]
 85%|████████▍ | 67/79 [00:01<00:00, 41.05it/s]
 92%|█████████▏| 73/79 [00:01<00:00, 41.45it/s]
100%|██████████| 79/79 [00:01<00:00, 39.90it/s]

CommRound: 28/30
Accuracy: 59.35% | Loss: 1.2901
[########################################################----] 93.3%
Elapsed: 4.9m | Avg/Round: 10.5s | Last: 10.4s | Next: 10.5s | Remaining: 0.3m
ETA: 19:14:23
Recent round times: R1: 10.2s -> R2: 10.3s -> R3: 10.6s -> R4: 10.4s -> R5: 10.4s

  0%|          | 0/79 [00:00<?, ?it/s]
  3%|▎         | 2/79 [00:00<00:04, 19.17it/s]
  9%|▉         | 7/79 [00:00<00:02, 32.00it/s]
 15%|█▌        | 12/79 [00:00<00:01, 38.15it/s]
 20%|██        | 16/79 [00:00<00:01, 38.59it/s]
 27%|██▋       | 21/79 [00:00<00:01, 39.02it/s]
 33%|███▎      | 26/79 [00:00<00:01, 40.57it/s]
 39%|███▉      | 31/79 [00:00<00:01, 40.94it/s]
 46%|████▌     | 36/79 [00:00<00:01, 41.46it/s]
 52%|█████▏    | 41/79 [00:01<00:00, 41.50it/s]
 58%|█████▊    | 46/79 [00:01<00:00, 39.94it/s]
 65%|██████▍   | 51/79 [00:01<00:00, 42.42it/s]
 71%|███████   | 56/79 [00:01<00:00, 40.76it/s]
 77%|███████▋  | 61/79 [00:01<00:00, 42.66it/s]
 84%|████████▎ | 66/79 [00:01<00:00, 41.08it/s]
 90%|████████▉ | 71/79 [00:01<00:00, 42.59it/s]
 96%|█████████▌| 76/79 [00:01<00:00, 40.69it/s]
100%|██████████| 79/79 [00:01<00:00, 40.33it/s]

CommRound: 29/30
Accuracy: 59.66% | Loss: 1.2632
[##########################################################--] 96.7%
Elapsed: 5.1m | Avg/Round: 10.5s | Last: 10.4s | Next: 10.5s | Remaining: 0.2m
ETA: 19:14:23
Recent round times: R1: 10.3s -> R2: 10.6s -> R3: 10.4s -> R4: 10.4s -> R5: 10.4s

  0%|          | 0/79 [00:00<?, ?it/s]
  3%|▎         | 2/79 [00:00<00:03, 19.63it/s]
  9%|▉         | 7/79 [00:00<00:02, 31.31it/s]
 15%|█▌        | 12/79 [00:00<00:01, 38.38it/s]
 20%|██        | 16/79 [00:00<00:01, 38.40it/s]
 27%|██▋       | 21/79 [00:00<00:01, 37.13it/s]
 33%|███▎      | 26/79 [00:00<00:01, 40.71it/s]
 39%|███▉      | 31/79 [00:00<00:01, 38.99it/s]
 46%|████▌     | 36/79 [00:00<00:01, 41.21it/s]
 52%|█████▏    | 41/79 [00:01<00:00, 39.98it/s]
 58%|█████▊    | 46/79 [00:01<00:00, 40.44it/s]
 65%|██████▍   | 51/79 [00:01<00:00, 41.49it/s]
 71%|███████   | 56/79 [00:01<00:00, 39.62it/s]
 77%|███████▋  | 61/79 [00:01<00:00, 41.92it/s]
 84%|████████▎ | 66/79 [00:01<00:00, 39.15it/s]
 89%|████████▊ | 70/79 [00:01<00:00, 39.15it/s]
 95%|█████████▍| 75/79 [00:01<00:00, 41.74it/s]
100%|██████████| 79/79 [00:02<00:00, 39.38it/s]

CommRound: 30/30
Accuracy: 61.39% | Loss: 1.2003
[############################################################] 100.0%
Elapsed: 5.2m | Avg/Round: 10.5s | Last: 10.4s | Next: 10.5s | Remaining: 0.0m
ETA: 19:14:23
Recent round times: R1: 10.6s -> R2: 10.4s -> R3: 10.4s -> R4: 10.4s -> R5: 10.4s
Total time for experiment: 313.81105875968933 seconds
Device average training time per communication round [s]:
    rpi (sld-rpi-09.ece.utexas.edu): 5.43 seconds
    mc1 (sld-mc1-09.ece.utexas.edu): 3.33 seconds
