Connecting to sld-rpi-09.ece.utexas.edu...
Successfully fetched dev0_pow_temp_log_exp201_run1.csv.
Connecting to sld-rpi-09.ece.utexas.edu...
Successfully fetched dev0_communication_log_exp201_run1.csv.
Connecting to sld-mc1-09.ece.utexas.edu...
Successfully fetched dev1_pow_temp_log_exp201_run1.csv.
Connecting to sld-mc1-09.ece.utexas.edu...
Successfully fetched dev1_communication_log_exp201_run1.csv.

Exp201
Experiment 201: 
	Global test accuracy [%]: 90.52 %
	Convergence time [#round]: 8 communication rounds
	Total wall clock time to reach 90.00% [s]: 84.69 seconds
	Average time per communication round [s]: 10.48 seconds
	Total wall clock time [s]: 312.18 seconds


Experiment 201:
	RPi avg. energy consumption per round [J]: 38.97 Joules
	MC1 avg. energy consumption per round [J]: 23.30 Joules
	Total avg. energy consumption per communication round [J]: 62.27 Joules
	Avg. amount of communicated data per communication round [MB]: 0.09 MB
	RPi avg. power consumption per round [W]: 5.36 Watts
	MC1 avg. power consumption per round [W]: 5.77 Watts
