
  0%|          | 0/79 [00:00<?, ?it/s]
  3%|▎         | 2/79 [00:00<00:03, 19.86it/s]
  9%|▉         | 7/79 [00:00<00:02, 32.92it/s]
 15%|█▌        | 12/79 [00:00<00:01, 34.08it/s]
 23%|██▎       | 18/79 [00:00<00:01, 37.45it/s]
 29%|██▉       | 23/79 [00:00<00:01, 40.63it/s]
 35%|███▌      | 28/79 [00:00<00:01, 39.12it/s]
 42%|████▏     | 33/79 [00:00<00:01, 42.06it/s]
 48%|████▊     | 38/79 [00:00<00:01, 39.89it/s]
 56%|█████▌    | 44/79 [00:01<00:00, 40.58it/s]
 63%|██████▎   | 50/79 [00:01<00:00, 41.01it/s]
 71%|███████   | 56/79 [00:01<00:00, 41.18it/s]
 78%|███████▊  | 62/79 [00:01<00:00, 41.28it/s]
 86%|████████▌ | 68/79 [00:01<00:00, 41.58it/s]
 94%|█████████▎| 74/79 [00:01<00:00, 41.39it/s]
100%|██████████| 79/79 [00:01<00:00, 40.19it/s]
Initial Accuracy: 9.83%; Initial Loss: 2.3113

  0%|          | 0/79 [00:00<?, ?it/s]
  1%|▏         | 1/79 [00:00<00:08,  9.34it/s]
  9%|▉         | 7/79 [00:00<00:02, 32.27it/s]
 14%|█▍        | 11/79 [00:00<00:01, 35.36it/s]
 20%|██        | 16/79 [00:00<00:01, 39.42it/s]
 25%|██▌       | 20/79 [00:00<00:01, 39.55it/s]
 32%|███▏      | 25/79 [00:00<00:01, 38.39it/s]
 38%|███▊      | 30/79 [00:00<00:01, 39.98it/s]
 44%|████▍     | 35/79 [00:00<00:01, 39.21it/s]
 51%|█████     | 40/79 [00:01<00:00, 40.62it/s]
 57%|█████▋    | 45/79 [00:01<00:00, 39.60it/s]
 63%|██████▎   | 50/79 [00:01<00:00, 40.42it/s]
 70%|██████▉   | 55/79 [00:01<00:00, 39.98it/s]
 76%|███████▌  | 60/79 [00:01<00:00, 40.21it/s]
 82%|████████▏ | 65/79 [00:01<00:00, 40.31it/s]
 89%|████████▊ | 70/79 [00:01<00:00, 41.54it/s]
 95%|█████████▍| 75/79 [00:01<00:00, 40.30it/s]
100%|██████████| 79/79 [00:01<00:00, 39.71it/s]

CommRound: 1/30
Accuracy: 15.74% | Loss: 2.7432
[##----------------------------------------------------------] 3.3%
Elapsed: 0.2m | Avg/Round: 11.9s | Last: 9.9s | Next: 11.9s | Remaining: 5.8m
ETA: 19:05:25
Recent round times: R1: 9.9s

  0%|          | 0/79 [00:00<?, ?it/s]
  1%|▏         | 1/79 [00:00<00:08,  9.56it/s]
  8%|▊         | 6/79 [00:00<00:02, 29.81it/s]
 14%|█▍        | 11/79 [00:00<00:01, 34.02it/s]
 19%|█▉        | 15/79 [00:00<00:01, 35.79it/s]
 24%|██▍       | 19/79 [00:00<00:01, 36.90it/s]
 29%|██▉       | 23/79 [00:00<00:01, 37.87it/s]
 34%|███▍      | 27/79 [00:00<00:01, 37.71it/s]
 39%|███▉      | 31/79 [00:00<00:01, 36.61it/s]
 44%|████▍     | 35/79 [00:00<00:01, 36.22it/s]
 49%|████▉     | 39/79 [00:01<00:01, 36.24it/s]
 54%|█████▍    | 43/79 [00:01<00:00, 36.19it/s]
 59%|█████▉    | 47/79 [00:01<00:00, 36.02it/s]
 65%|██████▍   | 51/79 [00:01<00:00, 36.00it/s]
 70%|██████▉   | 55/79 [00:01<00:00, 36.00it/s]
 75%|███████▍  | 59/79 [00:01<00:00, 35.81it/s]
 80%|███████▉  | 63/79 [00:01<00:00, 35.90it/s]
 85%|████████▍ | 67/79 [00:01<00:00, 35.88it/s]
 90%|████████▉ | 71/79 [00:01<00:00, 35.68it/s]
 95%|█████████▍| 75/79 [00:02<00:00, 35.67it/s]
100%|██████████| 79/79 [00:02<00:00, 35.98it/s]
100%|██████████| 79/79 [00:02<00:00, 35.38it/s]

CommRound: 2/30
Accuracy: 18.34% | Loss: 3.0495
[####--------------------------------------------------------] 6.7%
Elapsed: 0.4m | Avg/Round: 11.1s | Last: 10.3s | Next: 11.1s | Remaining: 5.2m
ETA: 19:05:00
Recent round times: R1: 9.9s -> R2: 10.3s

  0%|          | 0/79 [00:00<?, ?it/s]
  3%|▎         | 2/79 [00:00<00:03, 19.28it/s]
  9%|▉         | 7/79 [00:00<00:02, 31.34it/s]
 15%|█▌        | 12/79 [00:00<00:01, 37.92it/s]
 20%|██        | 16/79 [00:00<00:01, 37.87it/s]
 27%|██▋       | 21/79 [00:00<00:01, 37.34it/s]
 33%|███▎      | 26/79 [00:00<00:01, 40.32it/s]
 39%|███▉      | 31/79 [00:00<00:01, 38.41it/s]
 44%|████▍     | 35/79 [00:00<00:01, 38.78it/s]
 49%|████▉     | 39/79 [00:01<00:01, 39.01it/s]
 56%|█████▌    | 44/79 [00:01<00:00, 41.00it/s]
 62%|██████▏   | 49/79 [00:01<00:00, 39.24it/s]
 68%|██████▊   | 54/79 [00:01<00:00, 40.18it/s]
 75%|███████▍  | 59/79 [00:01<00:00, 39.56it/s]
 81%|████████  | 64/79 [00:01<00:00, 40.50it/s]
 87%|████████▋ | 69/79 [00:01<00:00, 39.85it/s]
 94%|█████████▎| 74/79 [00:01<00:00, 40.38it/s]
100%|██████████| 79/79 [00:02<00:00, 42.57it/s]
100%|██████████| 79/79 [00:02<00:00, 39.17it/s]

CommRound: 3/30
Accuracy: 19.80% | Loss: 2.5563
[######------------------------------------------------------] 10.0%
Elapsed: 0.5m | Avg/Round: 10.8s | Last: 10.3s | Next: 10.8s | Remaining: 4.9m
ETA: 19:04:52
Recent round times: R1: 9.9s -> R2: 10.3s -> R3: 10.3s

  0%|          | 0/79 [00:00<?, ?it/s]
  1%|▏         | 1/79 [00:00<00:08,  9.73it/s]
  9%|▉         | 7/79 [00:00<00:02, 33.76it/s]
 15%|█▌        | 12/79 [00:00<00:01, 40.12it/s]
 20%|██        | 16/79 [00:00<00:01, 39.67it/s]
 25%|██▌       | 20/79 [00:00<00:01, 39.77it/s]
 32%|███▏      | 25/79 [00:00<00:01, 37.84it/s]
 38%|███▊      | 30/79 [00:00<00:01, 41.33it/s]
 44%|████▍     | 35/79 [00:00<00:01, 38.77it/s]
 49%|████▉     | 39/79 [00:01<00:01, 39.04it/s]
 56%|█████▌    | 44/79 [00:01<00:00, 42.05it/s]
 62%|██████▏   | 49/79 [00:01<00:00, 39.51it/s]
 68%|██████▊   | 54/79 [00:01<00:00, 41.94it/s]
 75%|███████▍  | 59/79 [00:01<00:00, 39.35it/s]
 81%|████████  | 64/79 [00:01<00:00, 41.92it/s]
 87%|████████▋ | 69/79 [00:01<00:00, 39.58it/s]
 95%|█████████▍| 75/79 [00:01<00:00, 40.13it/s]
100%|██████████| 79/79 [00:01<00:00, 40.01it/s]

CommRound: 4/30
Accuracy: 19.83% | Loss: 2.2774
[########----------------------------------------------------] 13.3%
Elapsed: 0.7m | Avg/Round: 10.7s | Last: 10.5s | Next: 10.7s | Remaining: 4.7m
ETA: 19:04:49
Recent round times: R1: 9.9s -> R2: 10.3s -> R3: 10.3s -> R4: 10.5s

  0%|          | 0/79 [00:00<?, ?it/s]
  3%|▎         | 2/79 [00:00<00:03, 19.76it/s]
  9%|▉         | 7/79 [00:00<00:02, 30.98it/s]
 15%|█▌        | 12/79 [00:00<00:01, 38.28it/s]
 22%|██▏       | 17/79 [00:00<00:01, 36.50it/s]
 28%|██▊       | 22/79 [00:00<00:01, 40.55it/s]
 34%|███▍      | 27/79 [00:00<00:01, 38.47it/s]
 41%|████      | 32/79 [00:00<00:01, 41.10it/s]
 47%|████▋     | 37/79 [00:00<00:01, 39.38it/s]
 53%|█████▎    | 42/79 [00:01<00:00, 42.16it/s]
 59%|█████▉    | 47/79 [00:01<00:00, 39.06it/s]
 66%|██████▌   | 52/79 [00:01<00:00, 41.77it/s]
 72%|███████▏  | 57/79 [00:01<00:00, 39.50it/s]
 78%|███████▊  | 62/79 [00:01<00:00, 42.00it/s]
 85%|████████▍ | 67/79 [00:01<00:00, 39.53it/s]
 91%|█████████ | 72/79 [00:01<00:00, 42.11it/s]
 97%|█████████▋| 77/79 [00:01<00:00, 39.84it/s]
100%|██████████| 79/79 [00:01<00:00, 40.08it/s]

CommRound: 5/30
Accuracy: 20.79% | Loss: 2.2050
[##########--------------------------------------------------] 16.7%
Elapsed: 0.9m | Avg/Round: 10.6s | Last: 10.1s | Next: 10.6s | Remaining: 4.4m
ETA: 19:04:45
Recent round times: R1: 9.9s -> R2: 10.3s -> R3: 10.3s -> R4: 10.5s -> R5: 10.1s

  0%|          | 0/79 [00:00<?, ?it/s]
  1%|▏         | 1/79 [00:00<00:07,  9.99it/s]
  9%|▉         | 7/79 [00:00<00:02, 32.12it/s]
 14%|█▍        | 11/79 [00:00<00:01, 35.24it/s]
 19%|█▉        | 15/79 [00:00<00:01, 36.92it/s]
 25%|██▌       | 20/79 [00:00<00:01, 39.93it/s]
 32%|███▏      | 25/79 [00:00<00:01, 38.67it/s]
 37%|███▋      | 29/79 [00:00<00:01, 38.94it/s]
 43%|████▎     | 34/79 [00:00<00:01, 37.08it/s]
 48%|████▊     | 38/79 [00:01<00:01, 36.87it/s]
 53%|█████▎    | 42/79 [00:01<00:01, 36.48it/s]
 58%|█████▊    | 46/79 [00:01<00:00, 36.12it/s]
 63%|██████▎   | 50/79 [00:01<00:00, 36.05it/s]
 68%|██████▊   | 54/79 [00:01<00:00, 36.06it/s]
 73%|███████▎  | 58/79 [00:01<00:00, 35.89it/s]
 81%|████████  | 64/79 [00:01<00:00, 38.25it/s]
 89%|████████▊ | 70/79 [00:01<00:00, 39.83it/s]
 96%|█████████▌| 76/79 [00:02<00:00, 40.86it/s]
100%|██████████| 79/79 [00:02<00:00, 37.88it/s]

CommRound: 6/30
Accuracy: 22.71% | Loss: 2.1789
[############------------------------------------------------] 20.0%
Elapsed: 1.1m | Avg/Round: 10.6s | Last: 10.4s | Next: 10.6s | Remaining: 4.2m
ETA: 19:04:44
Recent round times: R1: 10.3s -> R2: 10.3s -> R3: 10.5s -> R4: 10.1s -> R5: 10.4s

  0%|          | 0/79 [00:00<?, ?it/s]
  3%|▎         | 2/79 [00:00<00:03, 19.60it/s]
  9%|▉         | 7/79 [00:00<00:02, 31.15it/s]
 15%|█▌        | 12/79 [00:00<00:01, 38.42it/s]
 22%|██▏       | 17/79 [00:00<00:01, 36.63it/s]
 27%|██▋       | 21/79 [00:00<00:01, 37.12it/s]
 34%|███▍      | 27/79 [00:00<00:01, 38.26it/s]
 39%|███▉      | 31/79 [00:00<00:01, 37.11it/s]
 44%|████▍     | 35/79 [00:00<00:01, 36.13it/s]
 49%|████▉     | 39/79 [00:01<00:01, 36.09it/s]
 54%|█████▍    | 43/79 [00:01<00:00, 36.30it/s]
 59%|█████▉    | 47/79 [00:01<00:00, 36.64it/s]
 65%|██████▍   | 51/79 [00:01<00:00, 36.87it/s]
 70%|██████▉   | 55/79 [00:01<00:00, 37.09it/s]
 75%|███████▍  | 59/79 [00:01<00:00, 37.22it/s]
 82%|████████▏ | 65/79 [00:01<00:00, 38.86it/s]
 90%|████████▉ | 71/79 [00:01<00:00, 39.62it/s]
 96%|█████████▌| 76/79 [00:02<00:00, 42.19it/s]
100%|██████████| 79/79 [00:02<00:00, 38.02it/s]

CommRound: 7/30
Accuracy: 29.50% | Loss: 2.0142
[##############----------------------------------------------] 23.3%
Elapsed: 1.2m | Avg/Round: 10.5s | Last: 10.4s | Next: 10.5s | Remaining: 4.0m
ETA: 19:04:43
Recent round times: R1: 10.3s -> R2: 10.5s -> R3: 10.1s -> R4: 10.4s -> R5: 10.4s

  0%|          | 0/79 [00:00<?, ?it/s]
  3%|▎         | 2/79 [00:00<00:04, 18.78it/s]
  9%|▉         | 7/79 [00:00<00:02, 32.00it/s]
 14%|█▍        | 11/79 [00:00<00:01, 35.15it/s]
 19%|█▉        | 15/79 [00:00<00:01, 36.71it/s]
 25%|██▌       | 20/79 [00:00<00:01, 39.87it/s]
 30%|███       | 24/79 [00:00<00:01, 38.39it/s]
 35%|███▌      | 28/79 [00:00<00:01, 37.39it/s]
 41%|████      | 32/79 [00:00<00:01, 37.12it/s]
 46%|████▌     | 36/79 [00:00<00:01, 37.02it/s]
 51%|█████     | 40/79 [00:01<00:01, 37.09it/s]
 56%|█████▌    | 44/79 [00:01<00:00, 37.23it/s]
 61%|██████    | 48/79 [00:01<00:00, 37.14it/s]
 66%|██████▌   | 52/79 [00:01<00:00, 37.18it/s]
 71%|███████   | 56/79 [00:01<00:00, 37.34it/s]
 76%|███████▌  | 60/79 [00:01<00:00, 36.99it/s]
 81%|████████  | 64/79 [00:01<00:00, 37.06it/s]
 86%|████████▌ | 68/79 [00:01<00:00, 37.05it/s]
 91%|█████████ | 72/79 [00:01<00:00, 37.16it/s]
 96%|█████████▌| 76/79 [00:02<00:00, 37.11it/s]
100%|██████████| 79/79 [00:02<00:00, 36.95it/s]

CommRound: 8/30
Accuracy: 26.14% | Loss: 2.1368
[################--------------------------------------------] 26.7%
Elapsed: 1.4m | Avg/Round: 10.5s | Last: 10.3s | Next: 10.5s | Remaining: 3.9m
ETA: 19:04:43
Recent round times: R1: 10.5s -> R2: 10.1s -> R3: 10.4s -> R4: 10.4s -> R5: 10.3s

  0%|          | 0/79 [00:00<?, ?it/s]
  3%|▎         | 2/79 [00:00<00:03, 19.52it/s]
  9%|▉         | 7/79 [00:00<00:02, 30.84it/s]
 14%|█▍        | 11/79 [00:00<00:01, 34.38it/s]
 19%|█▉        | 15/79 [00:00<00:01, 36.36it/s]
 24%|██▍       | 19/79 [00:00<00:01, 37.61it/s]
 30%|███       | 24/79 [00:00<00:01, 41.52it/s]
 37%|███▋      | 29/79 [00:00<00:01, 38.87it/s]
 43%|████▎     | 34/79 [00:00<00:01, 41.78it/s]
 49%|████▉     | 39/79 [00:01<00:01, 39.26it/s]
 56%|█████▌    | 44/79 [00:01<00:00, 41.62it/s]
 62%|██████▏   | 49/79 [00:01<00:00, 38.69it/s]
 67%|██████▋   | 53/79 [00:01<00:00, 39.00it/s]
 73%|███████▎  | 58/79 [00:01<00:00, 41.86it/s]
 80%|███████▉  | 63/79 [00:01<00:00, 37.13it/s]
 85%|████████▍ | 67/79 [00:01<00:00, 36.91it/s]
 90%|████████▉ | 71/79 [00:01<00:00, 36.57it/s]
 95%|█████████▍| 75/79 [00:01<00:00, 36.48it/s]
100%|██████████| 79/79 [00:02<00:00, 38.27it/s]

CommRound: 9/30
Accuracy: 25.78% | Loss: 2.1766
[##################------------------------------------------] 30.0%
Elapsed: 1.6m | Avg/Round: 10.5s | Last: 10.3s | Next: 10.5s | Remaining: 3.7m
ETA: 19:04:42
Recent round times: R1: 10.1s -> R2: 10.4s -> R3: 10.4s -> R4: 10.3s -> R5: 10.3s

  0%|          | 0/79 [00:00<?, ?it/s]
  3%|▎         | 2/79 [00:00<00:03, 19.44it/s]
  9%|▉         | 7/79 [00:00<00:02, 31.79it/s]
 15%|█▌        | 12/79 [00:00<00:01, 38.13it/s]
 22%|██▏       | 17/79 [00:00<00:01, 37.53it/s]
 28%|██▊       | 22/79 [00:00<00:01, 41.28it/s]
 34%|███▍      | 27/79 [00:00<00:01, 39.68it/s]
 42%|████▏     | 33/79 [00:00<00:01, 40.51it/s]
 49%|████▉     | 39/79 [00:00<00:00, 41.06it/s]
 57%|█████▋    | 45/79 [00:01<00:00, 41.39it/s]
 63%|██████▎   | 50/79 [00:01<00:00, 43.44it/s]
 70%|██████▉   | 55/79 [00:01<00:00, 41.01it/s]
 77%|███████▋  | 61/79 [00:01<00:00, 41.31it/s]
 84%|████████▎ | 66/79 [00:01<00:00, 41.08it/s]
 90%|████████▉ | 71/79 [00:01<00:00, 40.76it/s]
 96%|█████████▌| 76/79 [00:01<00:00, 37.32it/s]
100%|██████████| 79/79 [00:02<00:00, 39.41it/s]

CommRound: 10/30
Accuracy: 37.79% | Loss: 1.8778
[####################----------------------------------------] 33.3%
Elapsed: 1.7m | Avg/Round: 10.5s | Last: 10.2s | Next: 10.5s | Remaining: 3.5m
ETA: 19:04:41
Recent round times: R1: 10.4s -> R2: 10.4s -> R3: 10.3s -> R4: 10.3s -> R5: 10.2s

  0%|          | 0/79 [00:00<?, ?it/s]
  3%|▎         | 2/79 [00:00<00:03, 19.40it/s]
  9%|▉         | 7/79 [00:00<00:02, 30.14it/s]
 14%|█▍        | 11/79 [00:00<00:02, 33.52it/s]
 20%|██        | 16/79 [00:00<00:01, 38.92it/s]
 27%|██▋       | 21/79 [00:00<00:01, 37.04it/s]
 32%|███▏      | 25/79 [00:00<00:01, 37.38it/s]
 38%|███▊      | 30/79 [00:00<00:01, 40.45it/s]
 44%|████▍     | 35/79 [00:00<00:01, 38.83it/s]
 52%|█████▏    | 41/79 [00:01<00:00, 39.82it/s]
 58%|█████▊    | 46/79 [00:01<00:00, 41.73it/s]
 65%|██████▍   | 51/79 [00:01<00:00, 40.64it/s]
 71%|███████   | 56/79 [00:01<00:00, 39.75it/s]
 77%|███████▋  | 61/79 [00:01<00:00, 41.33it/s]
 84%|████████▎ | 66/79 [00:01<00:00, 37.71it/s]
 89%|████████▊ | 70/79 [00:01<00:00, 37.45it/s]
 94%|█████████▎| 74/79 [00:01<00:00, 37.29it/s]
 99%|█████████▊| 78/79 [00:02<00:00, 37.37it/s]
100%|██████████| 79/79 [00:02<00:00, 38.19it/s]

CommRound: 11/30
Accuracy: 42.65% | Loss: 1.8633
[######################--------------------------------------] 36.7%
Elapsed: 1.9m | Avg/Round: 10.5s | Last: 10.4s | Next: 10.5s | Remaining: 3.3m
ETA: 19:04:41
Recent round times: R1: 10.4s -> R2: 10.3s -> R3: 10.3s -> R4: 10.2s -> R5: 10.4s

  0%|          | 0/79 [00:00<?, ?it/s]
  3%|▎         | 2/79 [00:00<00:03, 19.85it/s]
  8%|▊         | 6/79 [00:00<00:02, 30.97it/s]
 13%|█▎        | 10/79 [00:00<00:01, 34.83it/s]
 19%|█▉        | 15/79 [00:00<00:01, 39.36it/s]
 25%|██▌       | 20/79 [00:00<00:01, 38.66it/s]
 32%|███▏      | 25/79 [00:00<00:01, 41.78it/s]
 38%|███▊      | 30/79 [00:00<00:01, 40.25it/s]
 44%|████▍     | 35/79 [00:00<00:01, 42.98it/s]
 51%|█████     | 40/79 [00:01<00:00, 41.17it/s]
 57%|█████▋    | 45/79 [00:01<00:00, 38.82it/s]
 62%|██████▏   | 49/79 [00:01<00:00, 37.83it/s]
 67%|██████▋   | 53/79 [00:01<00:00, 37.68it/s]
 72%|███████▏  | 57/79 [00:01<00:00, 37.19it/s]
 77%|███████▋  | 61/79 [00:01<00:00, 36.84it/s]
 82%|████████▏ | 65/79 [00:01<00:00, 36.61it/s]
 87%|████████▋ | 69/79 [00:01<00:00, 36.53it/s]
 92%|█████████▏| 73/79 [00:01<00:00, 35.93it/s]
100%|██████████| 79/79 [00:02<00:00, 42.22it/s]
100%|██████████| 79/79 [00:02<00:00, 38.35it/s]

CommRound: 12/30
Accuracy: 42.42% | Loss: 1.9693
[########################------------------------------------] 40.0%
Elapsed: 2.1m | Avg/Round: 10.5s | Last: 10.6s | Next: 10.5s | Remaining: 3.1m
ETA: 19:04:41
Recent round times: R1: 10.3s -> R2: 10.3s -> R3: 10.2s -> R4: 10.4s -> R5: 10.6s

  0%|          | 0/79 [00:00<?, ?it/s]
  1%|▏         | 1/79 [00:00<00:07,  9.82it/s]
  9%|▉         | 7/79 [00:00<00:02, 31.93it/s]
 14%|█▍        | 11/79 [00:00<00:01, 34.66it/s]
 19%|█▉        | 15/79 [00:00<00:01, 36.23it/s]
 24%|██▍       | 19/79 [00:00<00:01, 37.38it/s]
 30%|███       | 24/79 [00:00<00:01, 39.63it/s]
 37%|███▋      | 29/79 [00:00<00:01, 37.13it/s]
 42%|████▏     | 33/79 [00:00<00:01, 36.71it/s]
 47%|████▋     | 37/79 [00:01<00:01, 35.99it/s]
 52%|█████▏    | 41/79 [00:01<00:01, 35.75it/s]
 57%|█████▋    | 45/79 [00:01<00:00, 35.69it/s]
 62%|██████▏   | 49/79 [00:01<00:00, 35.74it/s]
 67%|██████▋   | 53/79 [00:01<00:00, 35.84it/s]
 72%|███████▏  | 57/79 [00:01<00:00, 35.13it/s]
 77%|███████▋  | 61/79 [00:01<00:00, 35.37it/s]
 82%|████████▏ | 65/79 [00:01<00:00, 35.42it/s]
 87%|████████▋ | 69/79 [00:01<00:00, 35.09it/s]
 92%|█████████▏| 73/79 [00:02<00:00, 34.89it/s]
 97%|█████████▋| 77/79 [00:02<00:00, 34.88it/s]
100%|██████████| 79/79 [00:02<00:00, 35.84it/s]

CommRound: 13/30
Accuracy: 49.64% | Loss: 1.6445
[##########################----------------------------------] 43.3%
Elapsed: 2.3m | Avg/Round: 10.5s | Last: 10.7s | Next: 10.5s | Remaining: 3.0m
ETA: 19:04:42
Recent round times: R1: 10.3s -> R2: 10.2s -> R3: 10.4s -> R4: 10.6s -> R5: 10.7s

  0%|          | 0/79 [00:00<?, ?it/s]
  1%|▏         | 1/79 [00:00<00:08,  9.54it/s]
  9%|▉         | 7/79 [00:00<00:02, 32.18it/s]
 15%|█▌        | 12/79 [00:00<00:01, 38.85it/s]
 22%|██▏       | 17/79 [00:00<00:01, 36.74it/s]
 29%|██▉       | 23/79 [00:00<00:01, 37.84it/s]
 37%|███▋      | 29/79 [00:00<00:01, 39.99it/s]
 44%|████▍     | 35/79 [00:00<00:01, 40.78it/s]
 51%|█████     | 40/79 [00:01<00:00, 42.38it/s]
 57%|█████▋    | 45/79 [00:01<00:00, 39.89it/s]
 63%|██████▎   | 50/79 [00:01<00:00, 41.43it/s]
 70%|██████▉   | 55/79 [00:01<00:00, 36.83it/s]
 75%|███████▍  | 59/79 [00:01<00:00, 36.07it/s]
 80%|███████▉  | 63/79 [00:01<00:00, 35.91it/s]
 85%|████████▍ | 67/79 [00:01<00:00, 35.45it/s]
 90%|████████▉ | 71/79 [00:01<00:00, 34.90it/s]
 95%|█████████▍| 75/79 [00:02<00:00, 35.96it/s]
100%|██████████| 79/79 [00:02<00:00, 37.75it/s]

CommRound: 14/30
Accuracy: 46.28% | Loss: 1.7770
[############################--------------------------------] 46.7%
Elapsed: 2.4m | Avg/Round: 10.5s | Last: 10.4s | Next: 10.5s | Remaining: 2.8m
ETA: 19:04:41
Recent round times: R1: 10.2s -> R2: 10.4s -> R3: 10.6s -> R4: 10.7s -> R5: 10.4s

  0%|          | 0/79 [00:00<?, ?it/s]
  1%|▏         | 1/79 [00:00<00:08,  9.13it/s]
  9%|▉         | 7/79 [00:00<00:02, 30.30it/s]
 16%|█▋        | 13/79 [00:00<00:01, 35.73it/s]
 24%|██▍       | 19/79 [00:00<00:01, 38.07it/s]
 32%|███▏      | 25/79 [00:00<00:01, 39.50it/s]
 39%|███▉      | 31/79 [00:00<00:01, 40.51it/s]
 47%|████▋     | 37/79 [00:00<00:01, 41.00it/s]
 53%|█████▎    | 42/79 [00:01<00:00, 43.01it/s]
 59%|█████▉    | 47/79 [00:01<00:00, 40.90it/s]
 66%|██████▌   | 52/79 [00:01<00:00, 41.75it/s]
 72%|███████▏  | 57/79 [00:01<00:00, 40.55it/s]
 78%|███████▊  | 62/79 [00:01<00:00, 40.83it/s]
 85%|████████▍ | 67/79 [00:01<00:00, 39.48it/s]
 91%|█████████ | 72/79 [00:01<00:00, 40.22it/s]
 97%|█████████▋| 77/79 [00:01<00:00, 39.53it/s]
100%|██████████| 79/79 [00:02<00:00, 39.42it/s]

CommRound: 15/30
Accuracy: 43.07% | Loss: 1.9218
[##############################------------------------------] 50.0%
Elapsed: 2.6m | Avg/Round: 10.5s | Last: 10.2s | Next: 10.5s | Remaining: 2.6m
ETA: 19:04:41
Recent round times: R1: 10.4s -> R2: 10.6s -> R3: 10.7s -> R4: 10.4s -> R5: 10.2s

  0%|          | 0/79 [00:00<?, ?it/s]
  1%|▏         | 1/79 [00:00<00:09,  8.47it/s]
  9%|▉         | 7/79 [00:00<00:02, 30.86it/s]
 14%|█▍        | 11/79 [00:00<00:03, 20.20it/s]
 19%|█▉        | 15/79 [00:00<00:02, 24.96it/s]
 25%|██▌       | 20/79 [00:00<00:01, 31.26it/s]
 32%|███▏      | 25/79 [00:00<00:01, 32.54it/s]
 38%|███▊      | 30/79 [00:00<00:01, 36.85it/s]
 44%|████▍     | 35/79 [00:01<00:01, 36.14it/s]
 51%|█████     | 40/79 [00:01<00:00, 39.41it/s]
 57%|█████▋    | 45/79 [00:01<00:00, 37.78it/s]
 63%|██████▎   | 50/79 [00:01<00:00, 40.85it/s]
 70%|██████▉   | 55/79 [00:01<00:00, 38.87it/s]
 76%|███████▌  | 60/79 [00:01<00:00, 41.68it/s]
 82%|████████▏ | 65/79 [00:01<00:00, 38.72it/s]
 89%|████████▊ | 70/79 [00:01<00:00, 41.45it/s]
 95%|█████████▍| 75/79 [00:02<00:00, 38.58it/s]
100%|██████████| 79/79 [00:02<00:00, 36.05it/s]

CommRound: 16/30
Accuracy: 44.20% | Loss: 1.9171
[################################----------------------------] 53.3%
Elapsed: 2.8m | Avg/Round: 10.5s | Last: 10.6s | Next: 10.5s | Remaining: 2.4m
ETA: 19:04:41
Recent round times: R1: 10.6s -> R2: 10.7s -> R3: 10.4s -> R4: 10.2s -> R5: 10.6s

  0%|          | 0/79 [00:00<?, ?it/s]
  1%|▏         | 1/79 [00:00<00:08,  9.65it/s]
  9%|▉         | 7/79 [00:00<00:03, 19.76it/s]
 15%|█▌        | 12/79 [00:00<00:02, 28.51it/s]
 22%|██▏       | 17/79 [00:00<00:01, 31.02it/s]
 28%|██▊       | 22/79 [00:00<00:01, 35.96it/s]
 34%|███▍      | 27/79 [00:00<00:01, 35.56it/s]
 41%|████      | 32/79 [00:00<00:01, 38.88it/s]
 47%|████▋     | 37/79 [00:01<00:01, 37.48it/s]
 52%|█████▏    | 41/79 [00:01<00:00, 38.00it/s]
 58%|█████▊    | 46/79 [00:01<00:00, 40.79it/s]
 65%|██████▍   | 51/79 [00:01<00:00, 39.09it/s]
 71%|███████   | 56/79 [00:01<00:00, 41.33it/s]
 77%|███████▋  | 61/79 [00:01<00:00, 38.80it/s]
 85%|████████▍ | 67/79 [00:01<00:00, 39.82it/s]
 92%|█████████▏| 73/79 [00:01<00:00, 40.51it/s]
 99%|█████████▊| 78/79 [00:02<00:00, 41.77it/s]
100%|██████████| 79/79 [00:02<00:00, 37.19it/s]

CommRound: 17/30
Accuracy: 45.21% | Loss: 1.8715
[##################################--------------------------] 56.7%
Elapsed: 3.0m | Avg/Round: 10.5s | Last: 10.8s | Next: 10.5s | Remaining: 2.3m
ETA: 19:04:42
Recent round times: R1: 10.7s -> R2: 10.4s -> R3: 10.2s -> R4: 10.6s -> R5: 10.8s

  0%|          | 0/79 [00:00<?, ?it/s]
  1%|▏         | 1/79 [00:00<00:08,  9.40it/s]
  4%|▍         | 3/79 [00:00<00:06, 11.96it/s]
 10%|█         | 8/79 [00:00<00:02, 25.64it/s]
 15%|█▌        | 12/79 [00:00<00:02, 30.57it/s]
 20%|██        | 16/79 [00:00<00:01, 33.48it/s]
 27%|██▋       | 21/79 [00:00<00:01, 36.25it/s]
 33%|███▎      | 26/79 [00:00<00:01, 37.31it/s]
 39%|███▉      | 31/79 [00:00<00:01, 40.06it/s]
 46%|████▌     | 36/79 [00:01<00:01, 38.75it/s]
 52%|█████▏    | 41/79 [00:01<00:00, 41.61it/s]
 58%|█████▊    | 46/79 [00:01<00:00, 37.99it/s]
 63%|██████▎   | 50/79 [00:01<00:00, 36.56it/s]
 70%|██████▉   | 55/79 [00:01<00:00, 39.92it/s]
 76%|███████▌  | 60/79 [00:01<00:00, 37.58it/s]
 82%|████████▏ | 65/79 [00:01<00:00, 40.59it/s]
 89%|████████▊ | 70/79 [00:01<00:00, 38.62it/s]
 95%|█████████▍| 75/79 [00:02<00:00, 41.42it/s]
100%|██████████| 79/79 [00:02<00:00, 36.64it/s]

CommRound: 18/30
Accuracy: 44.61% | Loss: 1.9862
[####################################------------------------] 60.0%
Elapsed: 3.1m | Avg/Round: 10.5s | Last: 10.5s | Next: 10.5s | Remaining: 2.1m
ETA: 19:04:42
Recent round times: R1: 10.4s -> R2: 10.2s -> R3: 10.6s -> R4: 10.8s -> R5: 10.5s
EARLY_STOP: round=18; best_acc=49.64; current_acc=44.61; threshold=90.00; patience=5; reason=converged_below_target
Total time for experiment: 188.86323857307434 seconds
Device average training time per communication round [s]:
    rpi (sld-rpi-09.ece.utexas.edu): 5.39 seconds
    mc1 (sld-mc1-09.ece.utexas.edu): 3.28 seconds
