Connecting to sld-rpi-09.ece.utexas.edu...
Successfully fetched dev0_pow_temp_log_exp119_run1.csv.
Connecting to sld-rpi-09.ece.utexas.edu...
Successfully fetched dev0_communication_log_exp119_run1.csv.
Connecting to sld-mc1-09.ece.utexas.edu...
Successfully fetched dev1_pow_temp_log_exp119_run1.csv.
Connecting to sld-mc1-09.ece.utexas.edu...
Successfully fetched dev1_communication_log_exp119_run1.csv.

Exp119
Experiment 119: 
	Global test accuracy [%]: 91.44 %
	Convergence time [#round]: 12 communication rounds
	Total wall clock time to reach 90.00% [s]: 1,031.86 seconds
	Average time per communication round [s]: 81.88 seconds
	Total wall clock time [s]: 2,584.99 seconds


Experiment 119:
	RPi avg. energy consumption per round [J]: 89.29 Joules
	MC1 avg. energy consumption per round [J]: 627.85 Joules
	Total avg. energy consumption per communication round [J]: 717.14 Joules
	Avg. amount of communicated data per communication round [MB]: 0.43 MB
	RPi avg. power consumption per round [W]: 5.75 Watts
	MC1 avg. power consumption per round [W]: 7.49 Watts
