
  0%|          | 0/79 [00:00<?, ?it/s]
  1%|▏         | 1/79 [00:00<00:09,  8.15it/s]
  6%|▋         | 5/79 [00:00<00:03, 21.10it/s]
 11%|█▏        | 9/79 [00:00<00:02, 24.83it/s]
 16%|█▋        | 13/79 [00:00<00:02, 26.81it/s]
 22%|██▏       | 17/79 [00:00<00:02, 27.81it/s]
 27%|██▋       | 21/79 [00:00<00:02, 28.22it/s]
 32%|███▏      | 25/79 [00:00<00:01, 28.53it/s]
 37%|███▋      | 29/79 [00:01<00:01, 29.10it/s]
 42%|████▏     | 33/79 [00:01<00:01, 29.32it/s]
 47%|████▋     | 37/79 [00:01<00:01, 29.28it/s]
 52%|█████▏    | 41/79 [00:01<00:01, 29.37it/s]
 57%|█████▋    | 45/79 [00:01<00:01, 29.34it/s]
 62%|██████▏   | 49/79 [00:01<00:01, 29.27it/s]
 67%|██████▋   | 53/79 [00:01<00:00, 29.03it/s]
 72%|███████▏  | 57/79 [00:02<00:00, 28.78it/s]
 77%|███████▋  | 61/79 [00:02<00:00, 28.71it/s]
 82%|████████▏ | 65/79 [00:02<00:00, 30.70it/s]
 87%|████████▋ | 69/79 [00:02<00:00, 32.31it/s]
 92%|█████████▏| 73/79 [00:02<00:00, 33.66it/s]
 97%|█████████▋| 77/79 [00:02<00:00, 34.47it/s]
100%|██████████| 79/79 [00:02<00:00, 29.97it/s]
Initial Accuracy: 9.75%; Initial Loss: 2.3015

  0%|          | 0/79 [00:00<?, ?it/s]
  1%|▏         | 1/79 [00:00<00:12,  6.47it/s]
  6%|▋         | 5/79 [00:00<00:03, 20.86it/s]
 11%|█▏        | 9/79 [00:00<00:02, 24.48it/s]
 16%|█▋        | 13/79 [00:00<00:02, 28.05it/s]
 22%|██▏       | 17/79 [00:00<00:02, 30.55it/s]
 27%|██▋       | 21/79 [00:00<00:01, 32.19it/s]
 32%|███▏      | 25/79 [00:00<00:01, 33.48it/s]
 37%|███▋      | 29/79 [00:00<00:01, 34.56it/s]
 42%|████▏     | 33/79 [00:01<00:01, 35.46it/s]
 47%|████▋     | 37/79 [00:01<00:01, 36.22it/s]
 52%|█████▏    | 41/79 [00:01<00:01, 36.69it/s]
 57%|█████▋    | 45/79 [00:01<00:00, 36.93it/s]
 62%|██████▏   | 49/79 [00:01<00:00, 37.33it/s]
 67%|██████▋   | 53/79 [00:01<00:00, 37.36it/s]
 72%|███████▏  | 57/79 [00:01<00:00, 37.40it/s]
 77%|███████▋  | 61/79 [00:01<00:00, 36.85it/s]
 82%|████████▏ | 65/79 [00:01<00:00, 36.59it/s]
 87%|████████▋ | 69/79 [00:02<00:00, 36.44it/s]
 92%|█████████▏| 73/79 [00:02<00:00, 35.61it/s]
 97%|█████████▋| 77/79 [00:02<00:00, 35.84it/s]
100%|██████████| 79/79 [00:02<00:00, 34.30it/s]

CommRound: 1/30
Accuracy: 61.30% | Loss: 1.2427
[##----------------------------------------------------------] 3.3%
Elapsed: 0.2m | Avg/Round: 13.3s | Last: 10.6s | Next: 13.3s | Remaining: 6.4m
ETA: 03:40:58
Recent round times: R1: 10.6s

  0%|          | 0/79 [00:00<?, ?it/s]
  1%|▏         | 1/79 [00:00<00:08,  8.93it/s]
  9%|▉         | 7/79 [00:00<00:02, 30.37it/s]
 14%|█▍        | 11/79 [00:00<00:02, 32.94it/s]
 19%|█▉        | 15/79 [00:00<00:01, 34.45it/s]
 24%|██▍       | 19/79 [00:00<00:01, 35.62it/s]
 29%|██▉       | 23/79 [00:00<00:01, 35.79it/s]
 34%|███▍      | 27/79 [00:00<00:01, 36.03it/s]
 39%|███▉      | 31/79 [00:00<00:01, 36.14it/s]
 44%|████▍     | 35/79 [00:01<00:01, 36.33it/s]
 49%|████▉     | 39/79 [00:01<00:01, 36.60it/s]
 54%|█████▍    | 43/79 [00:01<00:00, 36.76it/s]
 59%|█████▉    | 47/79 [00:01<00:00, 37.07it/s]
 65%|██████▍   | 51/79 [00:01<00:00, 37.04it/s]
 70%|██████▉   | 55/79 [00:01<00:00, 37.16it/s]
 75%|███████▍  | 59/79 [00:01<00:00, 37.05it/s]
 80%|███████▉  | 63/79 [00:01<00:00, 37.08it/s]
 85%|████████▍ | 67/79 [00:01<00:00, 37.01it/s]
 90%|████████▉ | 71/79 [00:01<00:00, 37.01it/s]
 95%|█████████▍| 75/79 [00:02<00:00, 36.17it/s]
100%|██████████| 79/79 [00:02<00:00, 36.17it/s]

CommRound: 2/30
Accuracy: 69.62% | Loss: 0.9225
[####--------------------------------------------------------] 6.7%
Elapsed: 0.4m | Avg/Round: 12.0s | Last: 10.7s | Next: 12.0s | Remaining: 5.6m
ETA: 03:40:19
Recent round times: R1: 10.6s -> R2: 10.7s

  0%|          | 0/79 [00:00<?, ?it/s]
  1%|▏         | 1/79 [00:00<00:10,  7.48it/s]
  8%|▊         | 6/79 [00:00<00:02, 27.03it/s]
 11%|█▏        | 9/79 [00:00<00:02, 26.78it/s]
 16%|█▋        | 13/79 [00:00<00:02, 27.94it/s]
 22%|██▏       | 17/79 [00:00<00:02, 28.26it/s]
 27%|██▋       | 21/79 [00:00<00:01, 29.12it/s]
 32%|███▏      | 25/79 [00:00<00:01, 28.95it/s]
 35%|███▌      | 28/79 [00:01<00:01, 29.19it/s]
 39%|███▉      | 31/79 [00:01<00:01, 29.27it/s]
 43%|████▎     | 34/79 [00:01<00:01, 28.95it/s]
 48%|████▊     | 38/79 [00:01<00:01, 29.63it/s]
 52%|█████▏    | 41/79 [00:01<00:01, 29.31it/s]
 56%|█████▌    | 44/79 [00:01<00:01, 29.19it/s]
 61%|██████    | 48/79 [00:01<00:01, 29.24it/s]
 66%|██████▌   | 52/79 [00:01<00:00, 29.53it/s]
 70%|██████▉   | 55/79 [00:01<00:00, 29.61it/s]
 73%|███████▎  | 58/79 [00:02<00:00, 28.23it/s]
 78%|███████▊  | 62/79 [00:02<00:00, 27.73it/s]
 84%|████████▎ | 66/79 [00:02<00:00, 27.99it/s]
 89%|████████▊ | 70/79 [00:02<00:00, 27.82it/s]
 94%|█████████▎| 74/79 [00:02<00:00, 28.03it/s]
 99%|█████████▊| 78/79 [00:02<00:00, 29.02it/s]
100%|██████████| 79/79 [00:02<00:00, 28.54it/s]

CommRound: 3/30
Accuracy: 78.04% | Loss: 0.6548
[######------------------------------------------------------] 10.0%
Elapsed: 0.6m | Avg/Round: 11.8s | Last: 11.4s | Next: 11.8s | Remaining: 5.3m
ETA: 03:40:13
Recent round times: R1: 10.6s -> R2: 10.7s -> R3: 11.4s

  0%|          | 0/79 [00:00<?, ?it/s]
  1%|▏         | 1/79 [00:00<00:09,  8.12it/s]
  9%|▉         | 7/79 [00:00<00:02, 29.50it/s]
 14%|█▍        | 11/79 [00:00<00:02, 31.19it/s]
 19%|█▉        | 15/79 [00:00<00:01, 32.92it/s]
 24%|██▍       | 19/79 [00:00<00:01, 33.99it/s]
 29%|██▉       | 23/79 [00:00<00:01, 34.77it/s]
 34%|███▍      | 27/79 [00:00<00:01, 35.05it/s]
 39%|███▉      | 31/79 [00:00<00:01, 35.72it/s]
 44%|████▍     | 35/79 [00:01<00:01, 36.23it/s]
 49%|████▉     | 39/79 [00:01<00:01, 36.54it/s]
 54%|█████▍    | 43/79 [00:01<00:00, 36.63it/s]
 59%|█████▉    | 47/79 [00:01<00:00, 36.59it/s]
 65%|██████▍   | 51/79 [00:01<00:00, 36.41it/s]
 70%|██████▉   | 55/79 [00:01<00:00, 36.44it/s]
 75%|███████▍  | 59/79 [00:01<00:00, 36.40it/s]
 80%|███████▉  | 63/79 [00:01<00:00, 36.85it/s]
 85%|████████▍ | 67/79 [00:01<00:00, 37.20it/s]
 90%|████████▉ | 71/79 [00:02<00:00, 37.43it/s]
 95%|█████████▍| 75/79 [00:02<00:00, 36.17it/s]
100%|██████████| 79/79 [00:02<00:00, 35.19it/s]

CommRound: 4/30
Accuracy: 81.23% | Loss: 0.5895
[########----------------------------------------------------] 13.3%
Elapsed: 0.8m | Avg/Round: 11.5s | Last: 10.8s | Next: 11.5s | Remaining: 5.0m
ETA: 03:40:06
Recent round times: R1: 10.6s -> R2: 10.7s -> R3: 11.4s -> R4: 10.8s

  0%|          | 0/79 [00:00<?, ?it/s]
  1%|▏         | 1/79 [00:00<00:11,  6.68it/s]
  6%|▋         | 5/79 [00:00<00:03, 19.03it/s]
 11%|█▏        | 9/79 [00:00<00:03, 23.33it/s]
 16%|█▋        | 13/79 [00:00<00:02, 27.86it/s]
 22%|██▏       | 17/79 [00:00<00:02, 30.60it/s]
 27%|██▋       | 21/79 [00:00<00:01, 32.60it/s]
 32%|███▏      | 25/79 [00:00<00:01, 34.27it/s]
 37%|███▋      | 29/79 [00:00<00:01, 35.11it/s]
 42%|████▏     | 33/79 [00:01<00:01, 35.30it/s]
 47%|████▋     | 37/79 [00:01<00:01, 36.03it/s]
 52%|█████▏    | 41/79 [00:01<00:01, 36.36it/s]
 57%|█████▋    | 45/79 [00:01<00:00, 36.57it/s]
 62%|██████▏   | 49/79 [00:01<00:00, 36.71it/s]
 67%|██████▋   | 53/79 [00:01<00:00, 36.64it/s]
 72%|███████▏  | 57/79 [00:01<00:00, 36.83it/s]
 77%|███████▋  | 61/79 [00:01<00:00, 36.94it/s]
 82%|████████▏ | 65/79 [00:01<00:00, 36.67it/s]
 87%|████████▋ | 69/79 [00:02<00:00, 36.83it/s]
 92%|█████████▏| 73/79 [00:02<00:00, 36.21it/s]
 97%|█████████▋| 77/79 [00:02<00:00, 36.31it/s]
100%|██████████| 79/79 [00:02<00:00, 33.57it/s]

CommRound: 5/30
Accuracy: 81.70% | Loss: 0.6549
[##########--------------------------------------------------] 16.7%
Elapsed: 1.0m | Avg/Round: 11.4s | Last: 11.0s | Next: 11.4s | Remaining: 4.8m
ETA: 03:40:02
Recent round times: R1: 10.6s -> R2: 10.7s -> R3: 11.4s -> R4: 10.8s -> R5: 11.0s

  0%|          | 0/79 [00:00<?, ?it/s]
  1%|▏         | 1/79 [00:00<00:09,  7.93it/s]
  8%|▊         | 6/79 [00:00<00:02, 29.26it/s]
 13%|█▎        | 10/79 [00:00<00:02, 32.19it/s]
 18%|█▊        | 14/79 [00:00<00:01, 33.40it/s]
 23%|██▎       | 18/79 [00:00<00:01, 34.19it/s]
 28%|██▊       | 22/79 [00:00<00:01, 34.84it/s]
 33%|███▎      | 26/79 [00:00<00:01, 33.81it/s]
 38%|███▊      | 30/79 [00:00<00:01, 32.86it/s]
 43%|████▎     | 34/79 [00:01<00:01, 31.68it/s]
 48%|████▊     | 38/79 [00:01<00:01, 32.41it/s]
 53%|█████▎    | 42/79 [00:01<00:01, 32.45it/s]
 58%|█████▊    | 46/79 [00:01<00:01, 32.18it/s]
 63%|██████▎   | 50/79 [00:01<00:00, 31.99it/s]
 68%|██████▊   | 54/79 [00:01<00:00, 31.92it/s]
 73%|███████▎  | 58/79 [00:01<00:00, 31.66it/s]
 78%|███████▊  | 62/79 [00:01<00:00, 31.72it/s]
 84%|████████▎ | 66/79 [00:02<00:00, 31.57it/s]
 89%|████████▊ | 70/79 [00:02<00:00, 31.50it/s]
 94%|█████████▎| 74/79 [00:02<00:00, 31.63it/s]
 99%|█████████▊| 78/79 [00:02<00:00, 32.38it/s]
100%|██████████| 79/79 [00:02<00:00, 32.07it/s]

CommRound: 6/30
Accuracy: 85.89% | Loss: 0.4661
[############------------------------------------------------] 20.0%
Elapsed: 1.1m | Avg/Round: 11.4s | Last: 11.2s | Next: 11.4s | Remaining: 4.6m
ETA: 03:40:01
Recent round times: R1: 10.7s -> R2: 11.4s -> R3: 10.8s -> R4: 11.0s -> R5: 11.2s

  0%|          | 0/79 [00:00<?, ?it/s]
  1%|▏         | 1/79 [00:00<00:12,  6.22it/s]
  6%|▋         | 5/79 [00:00<00:04, 17.86it/s]
 11%|█▏        | 9/79 [00:00<00:03, 21.34it/s]
 16%|█▋        | 13/79 [00:00<00:02, 22.09it/s]
 22%|██▏       | 17/79 [00:00<00:02, 22.77it/s]
 27%|██▋       | 21/79 [00:00<00:02, 24.55it/s]
 32%|███▏      | 25/79 [00:01<00:02, 24.44it/s]
 37%|███▋      | 29/79 [00:01<00:02, 24.43it/s]
 42%|████▏     | 33/79 [00:01<00:01, 24.46it/s]
 47%|████▋     | 37/79 [00:01<00:01, 24.60it/s]
 52%|█████▏    | 41/79 [00:01<00:01, 24.53it/s]
 57%|█████▋    | 45/79 [00:01<00:01, 25.30it/s]
 62%|██████▏   | 49/79 [00:02<00:01, 25.93it/s]
 66%|██████▌   | 52/79 [00:02<00:01, 26.71it/s]
 70%|██████▉   | 55/79 [00:02<00:00, 26.12it/s]
 73%|███████▎  | 58/79 [00:02<00:00, 26.64it/s]
 77%|███████▋  | 61/79 [00:02<00:00, 26.28it/s]
 82%|████████▏ | 65/79 [00:02<00:00, 27.34it/s]
 86%|████████▌ | 68/79 [00:02<00:00, 27.87it/s]
 90%|████████▉ | 71/79 [00:02<00:00, 27.95it/s]
 94%|█████████▎| 74/79 [00:02<00:00, 28.32it/s]
 97%|█████████▋| 77/79 [00:03<00:00, 28.26it/s]
100%|██████████| 79/79 [00:03<00:00, 25.44it/s]

CommRound: 7/30
Accuracy: 88.19% | Loss: 0.4036
[##############----------------------------------------------] 23.3%
Elapsed: 1.3m | Avg/Round: 11.4s | Last: 11.7s | Next: 11.4s | Remaining: 4.4m
ETA: 03:40:03
Recent round times: R1: 11.4s -> R2: 10.8s -> R3: 11.0s -> R4: 11.2s -> R5: 11.7s

  0%|          | 0/79 [00:00<?, ?it/s]
  1%|▏         | 1/79 [00:00<00:10,  7.43it/s]
  6%|▋         | 5/79 [00:00<00:03, 21.48it/s]
 11%|█▏        | 9/79 [00:00<00:02, 25.17it/s]
 15%|█▌        | 12/79 [00:00<00:02, 26.21it/s]
 20%|██        | 16/79 [00:00<00:02, 25.40it/s]
 25%|██▌       | 20/79 [00:00<00:02, 26.39it/s]
 30%|███       | 24/79 [00:00<00:02, 27.25it/s]
 35%|███▌      | 28/79 [00:01<00:01, 28.11it/s]
 41%|████      | 32/79 [00:01<00:01, 28.85it/s]
 46%|████▌     | 36/79 [00:01<00:01, 29.29it/s]
 51%|█████     | 40/79 [00:01<00:01, 29.46it/s]
 56%|█████▌    | 44/79 [00:01<00:01, 29.62it/s]
 61%|██████    | 48/79 [00:01<00:01, 30.63it/s]
 66%|██████▌   | 52/79 [00:01<00:00, 31.62it/s]
 71%|███████   | 56/79 [00:01<00:00, 32.31it/s]
 76%|███████▌  | 60/79 [00:02<00:00, 33.99it/s]
 81%|████████  | 64/79 [00:02<00:00, 33.99it/s]
 87%|████████▋ | 69/79 [00:02<00:00, 37.90it/s]
 92%|█████████▏| 73/79 [00:02<00:00, 37.73it/s]
 97%|█████████▋| 77/79 [00:02<00:00, 37.51it/s]
100%|██████████| 79/79 [00:02<00:00, 30.68it/s]

CommRound: 8/30
Accuracy: 86.94% | Loss: 0.4594
[################--------------------------------------------] 26.7%
Elapsed: 1.5m | Avg/Round: 11.4s | Last: 11.2s | Next: 11.4s | Remaining: 4.2m
ETA: 03:40:02
Recent round times: R1: 10.8s -> R2: 11.0s -> R3: 11.2s -> R4: 11.7s -> R5: 11.2s

  0%|          | 0/79 [00:00<?, ?it/s]
  1%|▏         | 1/79 [00:00<00:08,  8.76it/s]
  8%|▊         | 6/79 [00:00<00:02, 30.88it/s]
 13%|█▎        | 10/79 [00:00<00:02, 31.90it/s]
 18%|█▊        | 14/79 [00:00<00:02, 32.04it/s]
 23%|██▎       | 18/79 [00:00<00:01, 33.47it/s]
 28%|██▊       | 22/79 [00:00<00:01, 34.95it/s]
 33%|███▎      | 26/79 [00:00<00:01, 35.68it/s]
 38%|███▊      | 30/79 [00:00<00:01, 36.01it/s]
 43%|████▎     | 34/79 [00:01<00:01, 36.32it/s]
 48%|████▊     | 38/79 [00:01<00:01, 36.66it/s]
 53%|█████▎    | 42/79 [00:01<00:01, 36.50it/s]
 58%|█████▊    | 46/79 [00:01<00:00, 36.68it/s]
 63%|██████▎   | 50/79 [00:01<00:00, 36.62it/s]
 68%|██████▊   | 54/79 [00:01<00:00, 36.76it/s]
 73%|███████▎  | 58/79 [00:01<00:00, 36.67it/s]
 78%|███████▊  | 62/79 [00:01<00:00, 36.65it/s]
 84%|████████▎ | 66/79 [00:01<00:00, 36.58it/s]
 89%|████████▊ | 70/79 [00:01<00:00, 36.68it/s]
 94%|█████████▎| 74/79 [00:02<00:00, 36.42it/s]
 99%|█████████▊| 78/79 [00:02<00:00, 36.57it/s]
100%|██████████| 79/79 [00:02<00:00, 35.51it/s]

CommRound: 9/30
Accuracy: 90.03% | Loss: 0.3587
[##################------------------------------------------] 30.0%
Elapsed: 1.7m | Avg/Round: 11.3s | Last: 10.8s | Next: 11.3s | Remaining: 4.0m
ETA: 03:40:00
Recent round times: R1: 11.0s -> R2: 11.2s -> R3: 11.7s -> R4: 11.2s -> R5: 10.8s

  0%|          | 0/79 [00:00<?, ?it/s]
  1%|▏         | 1/79 [00:00<00:09,  8.11it/s]
  9%|▉         | 7/79 [00:00<00:02, 30.28it/s]
 14%|█▍        | 11/79 [00:00<00:02, 32.52it/s]
 19%|█▉        | 15/79 [00:00<00:02, 30.10it/s]
 24%|██▍       | 19/79 [00:00<00:01, 31.13it/s]
 29%|██▉       | 23/79 [00:00<00:01, 32.77it/s]
 34%|███▍      | 27/79 [00:00<00:01, 33.62it/s]
 39%|███▉      | 31/79 [00:00<00:01, 33.69it/s]
 44%|████▍     | 35/79 [00:01<00:01, 34.77it/s]
 49%|████▉     | 39/79 [00:01<00:01, 35.40it/s]
 54%|█████▍    | 43/79 [00:01<00:00, 36.05it/s]
 59%|█████▉    | 47/79 [00:01<00:00, 36.06it/s]
 65%|██████▍   | 51/79 [00:01<00:00, 36.52it/s]
 70%|██████▉   | 55/79 [00:01<00:00, 34.35it/s]
 75%|███████▍  | 59/79 [00:01<00:00, 31.43it/s]
 80%|███████▉  | 63/79 [00:01<00:00, 30.49it/s]
 85%|████████▍ | 67/79 [00:02<00:00, 30.96it/s]
 90%|████████▉ | 71/79 [00:02<00:00, 30.81it/s]
 95%|█████████▍| 75/79 [00:02<00:00, 31.38it/s]
100%|██████████| 79/79 [00:02<00:00, 31.91it/s]
100%|██████████| 79/79 [00:02<00:00, 32.09it/s]

CommRound: 10/30
Accuracy: 89.59% | Loss: 0.3719
[####################----------------------------------------] 33.3%
Elapsed: 1.9m | Avg/Round: 11.3s | Last: 11.2s | Next: 11.3s | Remaining: 3.8m
ETA: 03:39:59
Recent round times: R1: 11.2s -> R2: 11.7s -> R3: 11.2s -> R4: 10.8s -> R5: 11.2s

  0%|          | 0/79 [00:00<?, ?it/s]
  1%|▏         | 1/79 [00:00<00:10,  7.62it/s]
  9%|▉         | 7/79 [00:00<00:02, 29.61it/s]
 14%|█▍        | 11/79 [00:00<00:02, 32.26it/s]
 19%|█▉        | 15/79 [00:00<00:01, 32.53it/s]
 27%|██▋       | 21/79 [00:00<00:01, 36.06it/s]
 32%|███▏      | 25/79 [00:00<00:01, 36.59it/s]
 37%|███▋      | 29/79 [00:00<00:01, 36.45it/s]
 42%|████▏     | 33/79 [00:00<00:01, 36.41it/s]
 47%|████▋     | 37/79 [00:01<00:01, 36.44it/s]
 52%|█████▏    | 41/79 [00:01<00:01, 36.75it/s]
 57%|█████▋    | 45/79 [00:01<00:00, 36.87it/s]
 62%|██████▏   | 49/79 [00:01<00:00, 36.10it/s]
 67%|██████▋   | 53/79 [00:01<00:00, 36.11it/s]
 72%|███████▏  | 57/79 [00:01<00:00, 36.44it/s]
 77%|███████▋  | 61/79 [00:01<00:00, 36.72it/s]
 82%|████████▏ | 65/79 [00:01<00:00, 36.61it/s]
 87%|████████▋ | 69/79 [00:01<00:00, 36.36it/s]
 92%|█████████▏| 73/79 [00:02<00:00, 36.21it/s]
 97%|█████████▋| 77/79 [00:02<00:00, 32.57it/s]
100%|██████████| 79/79 [00:02<00:00, 35.11it/s]

CommRound: 11/30
Accuracy: 89.95% | Loss: 0.3629
[######################--------------------------------------] 36.7%
Elapsed: 2.1m | Avg/Round: 11.3s | Last: 11.0s | Next: 11.3s | Remaining: 3.6m
ETA: 03:39:58
Recent round times: R1: 11.7s -> R2: 11.2s -> R3: 10.8s -> R4: 11.2s -> R5: 11.0s

  0%|          | 0/79 [00:00<?, ?it/s]
  1%|▏         | 1/79 [00:00<00:09,  8.13it/s]
  8%|▊         | 6/79 [00:00<00:02, 27.43it/s]
 13%|█▎        | 10/79 [00:00<00:02, 31.44it/s]
 18%|█▊        | 14/79 [00:00<00:02, 29.12it/s]
 22%|██▏       | 17/79 [00:00<00:02, 27.96it/s]
 25%|██▌       | 20/79 [00:00<00:02, 28.39it/s]
 29%|██▉       | 23/79 [00:00<00:02, 27.80it/s]
 34%|███▍      | 27/79 [00:00<00:01, 29.07it/s]
 39%|███▉      | 31/79 [00:01<00:01, 31.29it/s]
 44%|████▍     | 35/79 [00:01<00:01, 32.88it/s]
 49%|████▉     | 39/79 [00:01<00:01, 33.87it/s]
 54%|█████▍    | 43/79 [00:01<00:01, 34.58it/s]
 59%|█████▉    | 47/79 [00:01<00:00, 35.20it/s]
 65%|██████▍   | 51/79 [00:01<00:00, 35.65it/s]
 70%|██████▉   | 55/79 [00:01<00:00, 36.06it/s]
 75%|███████▍  | 59/79 [00:01<00:00, 33.08it/s]
 80%|███████▉  | 63/79 [00:02<00:00, 31.22it/s]
 85%|████████▍ | 67/79 [00:02<00:00, 30.30it/s]
 90%|████████▉ | 71/79 [00:02<00:00, 29.67it/s]
 95%|█████████▍| 75/79 [00:02<00:00, 28.57it/s]
100%|██████████| 79/79 [00:02<00:00, 31.08it/s]

CommRound: 12/30
Accuracy: 90.49% | Loss: 0.3498
[########################------------------------------------] 40.0%
Elapsed: 2.3m | Avg/Round: 11.3s | Last: 11.2s | Next: 11.3s | Remaining: 3.4m
ETA: 03:39:58
Recent round times: R1: 11.2s -> R2: 10.8s -> R3: 11.2s -> R4: 11.0s -> R5: 11.2s

  0%|          | 0/79 [00:00<?, ?it/s]
  1%|▏         | 1/79 [00:00<00:07,  9.94it/s]
  9%|▉         | 7/79 [00:00<00:02, 32.83it/s]
 14%|█▍        | 11/79 [00:00<00:01, 35.36it/s]
 19%|█▉        | 15/79 [00:00<00:01, 36.64it/s]
 24%|██▍       | 19/79 [00:00<00:01, 37.56it/s]
 29%|██▉       | 23/79 [00:00<00:01, 38.10it/s]
 34%|███▍      | 27/79 [00:00<00:01, 38.36it/s]
 39%|███▉      | 31/79 [00:00<00:01, 38.39it/s]
 44%|████▍     | 35/79 [00:00<00:01, 38.54it/s]
 49%|████▉     | 39/79 [00:01<00:01, 38.61it/s]
 54%|█████▍    | 43/79 [00:01<00:00, 38.67it/s]
 59%|█████▉    | 47/79 [00:01<00:00, 38.96it/s]
 65%|██████▍   | 51/79 [00:01<00:00, 38.92it/s]
 70%|██████▉   | 55/79 [00:01<00:00, 38.91it/s]
 76%|███████▌  | 60/79 [00:01<00:00, 41.30it/s]
 82%|████████▏ | 65/79 [00:01<00:00, 39.37it/s]
 89%|████████▊ | 70/79 [00:01<00:00, 41.45it/s]
 95%|█████████▍| 75/79 [00:01<00:00, 39.49it/s]
100%|██████████| 79/79 [00:02<00:00, 38.84it/s]

CommRound: 13/30
Accuracy: 90.60% | Loss: 0.3456
[##########################----------------------------------] 43.3%
Elapsed: 2.4m | Avg/Round: 11.2s | Last: 10.7s | Next: 11.2s | Remaining: 3.2m
ETA: 03:39:57
Recent round times: R1: 10.8s -> R2: 11.2s -> R3: 11.0s -> R4: 11.2s -> R5: 10.7s

  0%|          | 0/79 [00:00<?, ?it/s]
  1%|▏         | 1/79 [00:00<00:09,  8.25it/s]
  8%|▊         | 6/79 [00:00<00:02, 30.21it/s]
 13%|█▎        | 10/79 [00:00<00:02, 32.59it/s]
 18%|█▊        | 14/79 [00:00<00:01, 32.72it/s]
 23%|██▎       | 18/79 [00:00<00:01, 34.20it/s]
 28%|██▊       | 22/79 [00:00<00:01, 34.45it/s]
 33%|███▎      | 26/79 [00:00<00:01, 34.82it/s]
 38%|███▊      | 30/79 [00:00<00:01, 33.74it/s]
 43%|████▎     | 34/79 [00:01<00:01, 34.85it/s]
 48%|████▊     | 38/79 [00:01<00:01, 33.61it/s]
 53%|█████▎    | 42/79 [00:01<00:01, 30.67it/s]
 58%|█████▊    | 46/79 [00:01<00:01, 31.95it/s]
 63%|██████▎   | 50/79 [00:01<00:00, 33.12it/s]
 68%|██████▊   | 54/79 [00:01<00:00, 33.95it/s]
 73%|███████▎  | 58/79 [00:01<00:00, 32.84it/s]
 78%|███████▊  | 62/79 [00:01<00:00, 32.72it/s]
 84%|████████▎ | 66/79 [00:02<00:00, 29.76it/s]
 89%|████████▊ | 70/79 [00:02<00:00, 28.10it/s]
 94%|█████████▎| 74/79 [00:02<00:00, 27.53it/s]
 97%|█████████▋| 77/79 [00:02<00:00, 26.34it/s]
100%|██████████| 79/79 [00:02<00:00, 31.06it/s]

CommRound: 14/30
Accuracy: 90.75% | Loss: 0.3429
[############################--------------------------------] 46.7%
Elapsed: 2.6m | Avg/Round: 11.2s | Last: 11.2s | Next: 11.2s | Remaining: 3.0m
ETA: 03:39:56
Recent round times: R1: 11.2s -> R2: 11.0s -> R3: 11.2s -> R4: 10.7s -> R5: 11.2s

  0%|          | 0/79 [00:00<?, ?it/s]
  1%|▏         | 1/79 [00:00<00:10,  7.51it/s]
  6%|▋         | 5/79 [00:00<00:03, 18.67it/s]
 11%|█▏        | 9/79 [00:00<00:03, 20.64it/s]
 16%|█▋        | 13/79 [00:00<00:03, 20.60it/s]
 22%|██▏       | 17/79 [00:00<00:02, 22.04it/s]
 27%|██▋       | 21/79 [00:00<00:02, 22.42it/s]
 32%|███▏      | 25/79 [00:01<00:02, 22.99it/s]
 37%|███▋      | 29/79 [00:01<00:02, 23.18it/s]
 42%|████▏     | 33/79 [00:01<00:01, 23.73it/s]
 47%|████▋     | 37/79 [00:01<00:01, 23.54it/s]
 52%|█████▏    | 41/79 [00:01<00:01, 23.80it/s]
 57%|█████▋    | 45/79 [00:01<00:01, 23.70it/s]
 62%|██████▏   | 49/79 [00:02<00:01, 23.69it/s]
 67%|██████▋   | 53/79 [00:02<00:01, 23.82it/s]
 72%|███████▏  | 57/79 [00:02<00:00, 23.13it/s]
 77%|███████▋  | 61/79 [00:02<00:00, 23.58it/s]
 82%|████████▏ | 65/79 [00:02<00:00, 23.38it/s]
 87%|████████▋ | 69/79 [00:03<00:00, 23.28it/s]
 92%|█████████▏| 73/79 [00:03<00:00, 23.24it/s]
 97%|█████████▋| 77/79 [00:03<00:00, 24.04it/s]
100%|██████████| 79/79 [00:03<00:00, 23.33it/s]

CommRound: 15/30
Accuracy: 90.83% | Loss: 0.3408
[##############################------------------------------] 50.0%
Elapsed: 2.8m | Avg/Round: 11.3s | Last: 12.0s | Next: 11.3s | Remaining: 2.8m
ETA: 03:39:58
Recent round times: R1: 11.0s -> R2: 11.2s -> R3: 10.7s -> R4: 11.2s -> R5: 12.0s

  0%|          | 0/79 [00:00<?, ?it/s]
  1%|▏         | 1/79 [00:00<00:10,  7.30it/s]
  5%|▌         | 4/79 [00:00<00:04, 17.14it/s]
  9%|▉         | 7/79 [00:00<00:03, 22.02it/s]
 13%|█▎        | 10/79 [00:00<00:03, 18.67it/s]
 16%|█▋        | 13/79 [00:00<00:03, 21.50it/s]
 20%|██        | 16/79 [00:00<00:04, 15.71it/s]
 25%|██▌       | 20/79 [00:01<00:02, 20.18it/s]
 30%|███       | 24/79 [00:01<00:02, 23.86it/s]
 35%|███▌      | 28/79 [00:01<00:01, 26.82it/s]
 41%|████      | 32/79 [00:01<00:01, 29.03it/s]
 46%|████▌     | 36/79 [00:01<00:01, 30.15it/s]
 51%|█████     | 40/79 [00:01<00:01, 29.51it/s]
 56%|█████▌    | 44/79 [00:01<00:01, 27.61it/s]
 59%|█████▉    | 47/79 [00:01<00:01, 27.63it/s]
 63%|██████▎   | 50/79 [00:02<00:01, 25.64it/s]
 68%|██████▊   | 54/79 [00:02<00:00, 27.27it/s]
 73%|███████▎  | 58/79 [00:02<00:00, 29.37it/s]
 78%|███████▊  | 62/79 [00:02<00:00, 30.89it/s]
 84%|████████▎ | 66/79 [00:02<00:00, 32.13it/s]
 89%|████████▊ | 70/79 [00:02<00:00, 32.91it/s]
 94%|█████████▎| 74/79 [00:02<00:00, 33.62it/s]
 99%|█████████▊| 78/79 [00:02<00:00, 34.07it/s]
100%|██████████| 79/79 [00:02<00:00, 27.02it/s]

CommRound: 16/30
Accuracy: 90.88% | Loss: 0.3388
[################################----------------------------] 53.3%
Elapsed: 3.0m | Avg/Round: 11.3s | Last: 11.6s | Next: 11.3s | Remaining: 2.6m
ETA: 03:39:59
Recent round times: R1: 11.2s -> R2: 10.7s -> R3: 11.2s -> R4: 12.0s -> R5: 11.6s

  0%|          | 0/79 [00:00<?, ?it/s]
  1%|▏         | 1/79 [00:00<00:12,  6.13it/s]
  9%|▉         | 7/79 [00:00<00:02, 25.98it/s]
 14%|█▍        | 11/79 [00:00<00:04, 14.55it/s]
 19%|█▉        | 15/79 [00:00<00:03, 17.19it/s]
 24%|██▍       | 19/79 [00:01<00:02, 21.25it/s]
 29%|██▉       | 23/79 [00:01<00:02, 24.66it/s]
 34%|███▍      | 27/79 [00:01<00:01, 27.40it/s]
 39%|███▉      | 31/79 [00:01<00:01, 29.50it/s]
 44%|████▍     | 35/79 [00:01<00:01, 30.84it/s]
 49%|████▉     | 39/79 [00:01<00:01, 31.90it/s]
 54%|█████▍    | 43/79 [00:01<00:01, 32.84it/s]
 59%|█████▉    | 47/79 [00:01<00:00, 33.84it/s]
 65%|██████▍   | 51/79 [00:01<00:00, 34.39it/s]
 70%|██████▉   | 55/79 [00:02<00:00, 34.68it/s]
 75%|███████▍  | 59/79 [00:02<00:00, 34.09it/s]
 80%|███████▉  | 63/79 [00:02<00:00, 34.75it/s]
 85%|████████▍ | 67/79 [00:02<00:00, 35.09it/s]
 90%|████████▉ | 71/79 [00:02<00:00, 35.16it/s]
 95%|█████████▍| 75/79 [00:02<00:00, 35.28it/s]
100%|██████████| 79/79 [00:02<00:00, 29.46it/s]

CommRound: 17/30
Accuracy: 90.98% | Loss: 0.3374
[##################################--------------------------] 56.7%
Elapsed: 3.2m | Avg/Round: 11.3s | Last: 11.8s | Next: 11.3s | Remaining: 2.5m
ETA: 03:39:59
Recent round times: R1: 10.7s -> R2: 11.2s -> R3: 12.0s -> R4: 11.6s -> R5: 11.8s

  0%|          | 0/79 [00:00<?, ?it/s]
  1%|▏         | 1/79 [00:00<00:10,  7.66it/s]
  6%|▋         | 5/79 [00:00<00:03, 24.45it/s]
 10%|█         | 8/79 [00:00<00:04, 15.96it/s]
 14%|█▍        | 11/79 [00:00<00:03, 19.17it/s]
 19%|█▉        | 15/79 [00:00<00:02, 23.95it/s]
 24%|██▍       | 19/79 [00:00<00:02, 27.31it/s]
 29%|██▉       | 23/79 [00:00<00:01, 29.65it/s]
 34%|███▍      | 27/79 [00:01<00:01, 29.68it/s]
 39%|███▉      | 31/79 [00:01<00:01, 27.29it/s]
 44%|████▍     | 35/79 [00:01<00:01, 27.18it/s]
 48%|████▊     | 38/79 [00:01<00:01, 26.66it/s]
 52%|█████▏    | 41/79 [00:01<00:01, 24.84it/s]
 56%|█████▌    | 44/79 [00:01<00:01, 25.01it/s]
 59%|█████▉    | 47/79 [00:01<00:01, 23.52it/s]
 63%|██████▎   | 50/79 [00:02<00:01, 24.13it/s]
 67%|██████▋   | 53/79 [00:02<00:01, 23.28it/s]
 71%|███████   | 56/79 [00:02<00:00, 23.94it/s]
 75%|███████▍  | 59/79 [00:02<00:00, 22.79it/s]
 78%|███████▊  | 62/79 [00:02<00:00, 23.86it/s]
 82%|████████▏ | 65/79 [00:02<00:00, 22.62it/s]
 86%|████████▌ | 68/79 [00:02<00:00, 24.28it/s]
 90%|████████▉ | 71/79 [00:02<00:00, 22.33it/s]
 94%|█████████▎| 74/79 [00:03<00:00, 23.65it/s]
 97%|█████████▋| 77/79 [00:03<00:00, 21.85it/s]
100%|██████████| 79/79 [00:03<00:00, 24.12it/s]

CommRound: 18/30
Accuracy: 91.01% | Loss: 0.3364
[####################################------------------------] 60.0%
Elapsed: 3.4m | Avg/Round: 11.4s | Last: 12.0s | Next: 11.4s | Remaining: 2.3m
ETA: 03:40:00
Recent round times: R1: 11.2s -> R2: 12.0s -> R3: 11.6s -> R4: 11.8s -> R5: 12.0s

  0%|          | 0/79 [00:00<?, ?it/s]
  1%|▏         | 1/79 [00:00<00:12,  6.25it/s]
  4%|▍         | 3/79 [00:00<00:12,  6.02it/s]
  8%|▊         | 6/79 [00:00<00:06, 11.76it/s]
 11%|█▏        | 9/79 [00:00<00:04, 14.60it/s]
 14%|█▍        | 11/79 [00:00<00:04, 15.88it/s]
 18%|█▊        | 14/79 [00:00<00:03, 19.52it/s]
 22%|██▏       | 17/79 [00:01<00:03, 20.18it/s]
 25%|██▌       | 20/79 [00:01<00:02, 22.37it/s]
 29%|██▉       | 23/79 [00:01<00:02, 20.79it/s]
 34%|███▍      | 27/79 [00:01<00:02, 22.55it/s]
 39%|███▉      | 31/79 [00:01<00:02, 23.10it/s]
 44%|████▍     | 35/79 [00:01<00:01, 23.11it/s]
 49%|████▉     | 39/79 [00:02<00:01, 23.64it/s]
 53%|█████▎    | 42/79 [00:02<00:01, 24.77it/s]
 57%|█████▋    | 45/79 [00:02<00:01, 24.89it/s]
 61%|██████    | 48/79 [00:02<00:01, 25.04it/s]
 65%|██████▍   | 51/79 [00:02<00:01, 24.87it/s]
 68%|██████▊   | 54/79 [00:02<00:00, 25.31it/s]
 72%|███████▏  | 57/79 [00:02<00:00, 25.09it/s]
 76%|███████▌  | 60/79 [00:02<00:00, 25.25it/s]
 80%|███████▉  | 63/79 [00:02<00:00, 25.01it/s]
 84%|████████▎ | 66/79 [00:03<00:00, 25.46it/s]
 87%|████████▋ | 69/79 [00:03<00:00, 25.06it/s]
 91%|█████████ | 72/79 [00:03<00:00, 25.48it/s]
 95%|█████████▍| 75/79 [00:03<00:00, 25.08it/s]
 99%|█████████▊| 78/79 [00:03<00:00, 25.95it/s]
100%|██████████| 79/79 [00:03<00:00, 22.19it/s]

CommRound: 19/30
Accuracy: 91.04% | Loss: 0.3352
[######################################----------------------] 63.3%
Elapsed: 3.6m | Avg/Round: 11.4s | Last: 12.2s | Next: 11.4s | Remaining: 2.1m
ETA: 03:40:02
Recent round times: R1: 12.0s -> R2: 11.6s -> R3: 11.8s -> R4: 12.0s -> R5: 12.2s

  0%|          | 0/79 [00:00<?, ?it/s]
  1%|▏         | 1/79 [00:00<00:10,  7.09it/s]
  6%|▋         | 5/79 [00:00<00:03, 23.07it/s]
 11%|█▏        | 9/79 [00:00<00:02, 28.13it/s]
 16%|█▋        | 13/79 [00:00<00:02, 30.76it/s]
 22%|██▏       | 17/79 [00:00<00:01, 31.98it/s]
 27%|██▋       | 21/79 [00:00<00:01, 32.86it/s]
 32%|███▏      | 25/79 [00:00<00:01, 33.77it/s]
 37%|███▋      | 29/79 [00:00<00:01, 32.54it/s]
 42%|████▏     | 33/79 [00:01<00:01, 29.63it/s]
 47%|████▋     | 37/79 [00:01<00:01, 28.62it/s]
 52%|█████▏    | 41/79 [00:01<00:01, 27.57it/s]
 57%|█████▋    | 45/79 [00:01<00:01, 26.71it/s]
 62%|██████▏   | 49/79 [00:01<00:01, 26.36it/s]
 67%|██████▋   | 53/79 [00:01<00:00, 26.21it/s]
 72%|███████▏  | 57/79 [00:02<00:00, 26.23it/s]
 77%|███████▋  | 61/79 [00:02<00:00, 27.47it/s]
 82%|████████▏ | 65/79 [00:02<00:00, 29.09it/s]
 87%|████████▋ | 69/79 [00:02<00:00, 27.57it/s]
 92%|█████████▏| 73/79 [00:02<00:00, 28.15it/s]
 97%|█████████▋| 77/79 [00:02<00:00, 28.53it/s]
100%|██████████| 79/79 [00:02<00:00, 28.68it/s]

CommRound: 20/30
Accuracy: 91.07% | Loss: 0.3345
[########################################--------------------] 66.7%
Elapsed: 3.8m | Avg/Round: 11.4s | Last: 11.4s | Next: 11.4s | Remaining: 1.9m
ETA: 03:40:02
Recent round times: R1: 11.6s -> R2: 11.8s -> R3: 12.0s -> R4: 12.2s -> R5: 11.4s

  0%|          | 0/79 [00:00<?, ?it/s]
  1%|▏         | 1/79 [00:00<00:09,  7.91it/s]
  8%|▊         | 6/79 [00:00<00:02, 29.65it/s]
 13%|█▎        | 10/79 [00:00<00:02, 31.91it/s]
 18%|█▊        | 14/79 [00:00<00:01, 33.12it/s]
 23%|██▎       | 18/79 [00:00<00:01, 33.64it/s]
 28%|██▊       | 22/79 [00:00<00:01, 34.19it/s]
 33%|███▎      | 26/79 [00:00<00:01, 34.76it/s]
 38%|███▊      | 30/79 [00:00<00:01, 34.99it/s]
 43%|████▎     | 34/79 [00:01<00:01, 35.09it/s]
 48%|████▊     | 38/79 [00:01<00:01, 35.22it/s]
 53%|█████▎    | 42/79 [00:01<00:01, 35.32it/s]
 58%|█████▊    | 46/79 [00:01<00:00, 35.44it/s]
 63%|██████▎   | 50/79 [00:01<00:00, 35.41it/s]
 68%|██████▊   | 54/79 [00:01<00:00, 35.45it/s]
 73%|███████▎  | 58/79 [00:01<00:00, 35.36it/s]
 78%|███████▊  | 62/79 [00:01<00:00, 35.37it/s]
 84%|████████▎ | 66/79 [00:01<00:00, 35.35it/s]
 89%|████████▊ | 70/79 [00:02<00:00, 35.40it/s]
 94%|█████████▎| 74/79 [00:02<00:00, 34.33it/s]
 99%|█████████▊| 78/79 [00:02<00:00, 34.92it/s]
100%|██████████| 79/79 [00:02<00:00, 34.31it/s]

CommRound: 21/30
Accuracy: 91.07% | Loss: 0.3340
[##########################################------------------] 70.0%
Elapsed: 4.0m | Avg/Round: 11.4s | Last: 10.9s | Next: 11.4s | Remaining: 1.7m
ETA: 03:40:01
Recent round times: R1: 11.8s -> R2: 12.0s -> R3: 12.2s -> R4: 11.4s -> R5: 10.9s

  0%|          | 0/79 [00:00<?, ?it/s]
  1%|▏         | 1/79 [00:00<00:12,  6.36it/s]
  6%|▋         | 5/79 [00:00<00:03, 20.28it/s]
 11%|█▏        | 9/79 [00:00<00:03, 22.72it/s]
 16%|█▋        | 13/79 [00:00<00:02, 24.11it/s]
 22%|██▏       | 17/79 [00:00<00:02, 24.68it/s]
 27%|██▋       | 21/79 [00:00<00:02, 25.38it/s]
 32%|███▏      | 25/79 [00:01<00:02, 24.71it/s]
 37%|███▋      | 29/79 [00:01<00:01, 26.05it/s]
 42%|████▏     | 33/79 [00:01<00:01, 26.07it/s]
 47%|████▋     | 37/79 [00:01<00:01, 26.95it/s]
 52%|█████▏    | 41/79 [00:01<00:01, 28.08it/s]
 57%|█████▋    | 45/79 [00:01<00:01, 29.88it/s]
 62%|██████▏   | 49/79 [00:01<00:00, 31.26it/s]
 67%|██████▋   | 53/79 [00:01<00:00, 32.08it/s]
 72%|███████▏  | 57/79 [00:02<00:00, 32.22it/s]
 77%|███████▋  | 61/79 [00:02<00:00, 33.08it/s]
 82%|████████▏ | 65/79 [00:02<00:00, 33.67it/s]
 87%|████████▋ | 69/79 [00:02<00:00, 34.20it/s]
 92%|█████████▏| 73/79 [00:02<00:00, 34.54it/s]
 97%|█████████▋| 77/79 [00:02<00:00, 34.52it/s]
100%|██████████| 79/79 [00:02<00:00, 29.39it/s]

CommRound: 22/30
Accuracy: 91.07% | Loss: 0.3334
[############################################----------------] 73.3%
Elapsed: 4.2m | Avg/Round: 11.4s | Last: 11.2s | Next: 11.4s | Remaining: 1.5m
ETA: 03:40:01
Recent round times: R1: 12.0s -> R2: 12.2s -> R3: 11.4s -> R4: 10.9s -> R5: 11.2s

  0%|          | 0/79 [00:00<?, ?it/s]
  1%|▏         | 1/79 [00:00<00:09,  7.93it/s]
  9%|▉         | 7/79 [00:00<00:02, 28.14it/s]
 14%|█▍        | 11/79 [00:00<00:02, 30.81it/s]
 19%|█▉        | 15/79 [00:00<00:01, 32.44it/s]
 24%|██▍       | 19/79 [00:00<00:01, 33.46it/s]
 29%|██▉       | 23/79 [00:00<00:01, 34.12it/s]
 34%|███▍      | 27/79 [00:00<00:01, 34.40it/s]
 39%|███▉      | 31/79 [00:00<00:01, 34.79it/s]
 44%|████▍     | 35/79 [00:01<00:01, 33.35it/s]
 49%|████▉     | 39/79 [00:01<00:01, 30.36it/s]
 54%|█████▍    | 43/79 [00:01<00:01, 31.51it/s]
 59%|█████▉    | 47/79 [00:01<00:00, 32.52it/s]
 65%|██████▍   | 51/79 [00:01<00:00, 33.33it/s]
 70%|██████▉   | 55/79 [00:01<00:00, 34.14it/s]
 75%|███████▍  | 59/79 [00:01<00:00, 33.12it/s]
 80%|███████▉  | 63/79 [00:01<00:00, 30.79it/s]
 85%|████████▍ | 67/79 [00:02<00:00, 28.65it/s]
 89%|████████▊ | 70/79 [00:02<00:00, 27.31it/s]
 92%|█████████▏| 73/79 [00:02<00:00, 26.34it/s]
 96%|█████████▌| 76/79 [00:02<00:00, 26.10it/s]
100%|██████████| 79/79 [00:02<00:00, 30.41it/s]

CommRound: 23/30
Accuracy: 91.09% | Loss: 0.3329
[##############################################--------------] 76.7%
Elapsed: 4.4m | Avg/Round: 11.4s | Last: 11.3s | Next: 11.4s | Remaining: 1.3m
ETA: 03:40:01
Recent round times: R1: 12.2s -> R2: 11.4s -> R3: 10.9s -> R4: 11.2s -> R5: 11.3s

  0%|          | 0/79 [00:00<?, ?it/s]
  1%|▏         | 1/79 [00:00<00:09,  7.92it/s]
  6%|▋         | 5/79 [00:00<00:03, 22.88it/s]
 11%|█▏        | 9/79 [00:00<00:02, 24.59it/s]
 16%|█▋        | 13/79 [00:00<00:02, 25.03it/s]
 22%|██▏       | 17/79 [00:00<00:02, 26.08it/s]
 27%|██▋       | 21/79 [00:00<00:02, 26.41it/s]
 32%|███▏      | 25/79 [00:01<00:02, 26.01it/s]
 37%|███▋      | 29/79 [00:01<00:01, 25.80it/s]
 42%|████▏     | 33/79 [00:01<00:01, 25.55it/s]
 47%|████▋     | 37/79 [00:01<00:01, 25.49it/s]
 52%|█████▏    | 41/79 [00:01<00:01, 24.73it/s]
 57%|█████▋    | 45/79 [00:01<00:01, 25.04it/s]
 62%|██████▏   | 49/79 [00:01<00:01, 25.02it/s]
 67%|██████▋   | 53/79 [00:02<00:01, 24.83it/s]
 72%|███████▏  | 57/79 [00:02<00:00, 24.99it/s]
 77%|███████▋  | 61/79 [00:02<00:00, 25.00it/s]
 82%|████████▏ | 65/79 [00:02<00:00, 24.89it/s]
 87%|████████▋ | 69/79 [00:02<00:00, 25.52it/s]
 92%|█████████▏| 73/79 [00:02<00:00, 25.34it/s]
 97%|█████████▋| 77/79 [00:03<00:00, 26.28it/s]
100%|██████████| 79/79 [00:03<00:00, 25.61it/s]

CommRound: 24/30
Accuracy: 91.11% | Loss: 0.3324
[################################################------------] 80.0%
Elapsed: 4.6m | Avg/Round: 11.4s | Last: 11.8s | Next: 11.4s | Remaining: 1.1m
ETA: 03:40:01
Recent round times: R1: 11.4s -> R2: 10.9s -> R3: 11.2s -> R4: 11.3s -> R5: 11.8s

  0%|          | 0/79 [00:00<?, ?it/s]
  1%|▏         | 1/79 [00:00<00:09,  8.04it/s]
  8%|▊         | 6/79 [00:00<00:02, 30.39it/s]
 13%|█▎        | 10/79 [00:00<00:02, 31.66it/s]
 18%|█▊        | 14/79 [00:00<00:02, 31.86it/s]
 23%|██▎       | 18/79 [00:00<00:02, 30.35it/s]
 28%|██▊       | 22/79 [00:00<00:01, 29.53it/s]
 32%|███▏      | 25/79 [00:00<00:02, 26.49it/s]
 37%|███▋      | 29/79 [00:01<00:01, 26.76it/s]
 42%|████▏     | 33/79 [00:01<00:01, 26.93it/s]
 47%|████▋     | 37/79 [00:01<00:01, 27.50it/s]
 52%|█████▏    | 41/79 [00:01<00:01, 28.34it/s]
 57%|█████▋    | 45/79 [00:01<00:01, 30.47it/s]
 62%|██████▏   | 49/79 [00:01<00:01, 29.14it/s]
 66%|██████▌   | 52/79 [00:01<00:01, 26.82it/s]
 70%|██████▉   | 55/79 [00:01<00:00, 26.85it/s]
 73%|███████▎  | 58/79 [00:02<00:00, 24.22it/s]
 78%|███████▊  | 62/79 [00:02<00:00, 23.81it/s]
 84%|████████▎ | 66/79 [00:02<00:00, 23.49it/s]
 89%|████████▊ | 70/79 [00:02<00:00, 23.81it/s]
 94%|█████████▎| 74/79 [00:02<00:00, 23.69it/s]
 99%|█████████▊| 78/79 [00:02<00:00, 25.19it/s]
100%|██████████| 79/79 [00:02<00:00, 26.59it/s]

CommRound: 25/30
Accuracy: 91.11% | Loss: 0.3318
[##################################################----------] 83.3%
Elapsed: 4.8m | Avg/Round: 11.4s | Last: 11.7s | Next: 11.4s | Remaining: 1.0m
ETA: 03:40:01
Recent round times: R1: 10.9s -> R2: 11.2s -> R3: 11.3s -> R4: 11.8s -> R5: 11.7s

  0%|          | 0/79 [00:00<?, ?it/s]
  1%|▏         | 1/79 [00:00<00:09,  7.99it/s]
  6%|▋         | 5/79 [00:00<00:02, 24.84it/s]
 11%|█▏        | 9/79 [00:00<00:02, 29.03it/s]
 16%|█▋        | 13/79 [00:00<00:02, 31.36it/s]
 22%|██▏       | 17/79 [00:00<00:01, 31.87it/s]
 27%|██▋       | 21/79 [00:00<00:01, 33.97it/s]
 32%|███▏      | 25/79 [00:00<00:01, 33.95it/s]
 37%|███▋      | 29/79 [00:00<00:01, 33.69it/s]
 42%|████▏     | 33/79 [00:01<00:01, 33.45it/s]
 47%|████▋     | 37/79 [00:01<00:01, 33.17it/s]
 52%|█████▏    | 41/79 [00:01<00:01, 30.42it/s]
 57%|█████▋    | 45/79 [00:01<00:01, 28.64it/s]
 61%|██████    | 48/79 [00:01<00:01, 25.54it/s]
 66%|██████▌   | 52/79 [00:01<00:01, 25.35it/s]
 71%|███████   | 56/79 [00:01<00:00, 25.40it/s]
 76%|███████▌  | 60/79 [00:02<00:00, 26.33it/s]
 81%|████████  | 64/79 [00:02<00:00, 25.03it/s]
 86%|████████▌ | 68/79 [00:02<00:00, 24.51it/s]
 91%|█████████ | 72/79 [00:02<00:00, 24.00it/s]
 96%|█████████▌| 76/79 [00:02<00:00, 25.02it/s]
100%|██████████| 79/79 [00:02<00:00, 27.78it/s]

CommRound: 26/30
Accuracy: 91.14% | Loss: 0.3314
[####################################################--------] 86.7%
Elapsed: 4.9m | Avg/Round: 11.4s | Last: 11.5s | Next: 11.4s | Remaining: 0.8m
ETA: 03:40:02
Recent round times: R1: 11.2s -> R2: 11.3s -> R3: 11.8s -> R4: 11.7s -> R5: 11.5s

  0%|          | 0/79 [00:00<?, ?it/s]
  1%|▏         | 1/79 [00:00<00:12,  6.36it/s]
  6%|▋         | 5/79 [00:00<00:03, 19.45it/s]
 11%|█▏        | 9/79 [00:00<00:03, 22.00it/s]
 16%|█▋        | 13/79 [00:00<00:02, 23.26it/s]
 22%|██▏       | 17/79 [00:00<00:02, 23.57it/s]
 27%|██▋       | 21/79 [00:00<00:02, 24.29it/s]
 32%|███▏      | 25/79 [00:01<00:02, 24.67it/s]
 37%|███▋      | 29/79 [00:01<00:01, 25.15it/s]
 42%|████▏     | 33/79 [00:01<00:01, 25.17it/s]
 47%|████▋     | 37/79 [00:01<00:01, 24.74it/s]
 52%|█████▏    | 41/79 [00:01<00:01, 24.30it/s]
 57%|█████▋    | 45/79 [00:01<00:01, 24.57it/s]
 62%|██████▏   | 49/79 [00:02<00:01, 24.72it/s]
 67%|██████▋   | 53/79 [00:02<00:01, 25.00it/s]
 72%|███████▏  | 57/79 [00:02<00:00, 25.17it/s]
 77%|███████▋  | 61/79 [00:02<00:00, 25.44it/s]
 82%|████████▏ | 65/79 [00:02<00:00, 26.17it/s]
 87%|████████▋ | 69/79 [00:02<00:00, 26.49it/s]
 92%|█████████▏| 73/79 [00:02<00:00, 26.77it/s]
 97%|█████████▋| 77/79 [00:03<00:00, 27.69it/s]
100%|██████████| 79/79 [00:03<00:00, 25.23it/s]

CommRound: 27/30
Accuracy: 91.16% | Loss: 0.3309
[######################################################------] 90.0%
Elapsed: 5.1m | Avg/Round: 11.4s | Last: 11.8s | Next: 11.4s | Remaining: 0.6m
ETA: 03:40:02
Recent round times: R1: 11.3s -> R2: 11.8s -> R3: 11.7s -> R4: 11.5s -> R5: 11.8s

  0%|          | 0/79 [00:00<?, ?it/s]
  1%|▏         | 1/79 [00:00<00:09,  8.46it/s]
  9%|▉         | 7/79 [00:00<00:02, 28.72it/s]
 14%|█▍        | 11/79 [00:00<00:02, 30.88it/s]
 19%|█▉        | 15/79 [00:00<00:03, 21.12it/s]
 23%|██▎       | 18/79 [00:00<00:02, 22.74it/s]
 27%|██▋       | 21/79 [00:00<00:02, 21.07it/s]
 32%|███▏      | 25/79 [00:01<00:02, 22.95it/s]
 37%|███▋      | 29/79 [00:01<00:02, 24.17it/s]
 42%|████▏     | 33/79 [00:01<00:01, 25.59it/s]
 47%|████▋     | 37/79 [00:01<00:01, 26.55it/s]
 52%|█████▏    | 41/79 [00:01<00:01, 27.54it/s]
 57%|█████▋    | 45/79 [00:01<00:01, 27.29it/s]
 62%|██████▏   | 49/79 [00:01<00:01, 27.12it/s]
 67%|██████▋   | 53/79 [00:02<00:00, 26.98it/s]
 72%|███████▏  | 57/79 [00:02<00:00, 29.01it/s]
 77%|███████▋  | 61/79 [00:02<00:00, 30.62it/s]
 82%|████████▏ | 65/79 [00:02<00:00, 31.88it/s]
 87%|████████▋ | 69/79 [00:02<00:00, 32.84it/s]
 92%|█████████▏| 73/79 [00:02<00:00, 33.50it/s]
 97%|█████████▋| 77/79 [00:02<00:00, 34.05it/s]
100%|██████████| 79/79 [00:02<00:00, 28.09it/s]

CommRound: 28/30
Accuracy: 91.18% | Loss: 0.3307
[########################################################----] 93.3%
Elapsed: 5.3m | Avg/Round: 11.4s | Last: 11.4s | Next: 11.4s | Remaining: 0.4m
ETA: 03:40:02
Recent round times: R1: 11.8s -> R2: 11.7s -> R3: 11.5s -> R4: 11.8s -> R5: 11.4s

  0%|          | 0/79 [00:00<?, ?it/s]
  1%|▏         | 1/79 [00:00<00:12,  6.40it/s]
  6%|▋         | 5/79 [00:00<00:03, 18.57it/s]
 11%|█▏        | 9/79 [00:00<00:03, 21.23it/s]
 15%|█▌        | 12/79 [00:00<00:03, 16.80it/s]
 19%|█▉        | 15/79 [00:00<00:03, 17.47it/s]
 24%|██▍       | 19/79 [00:01<00:03, 19.96it/s]
 29%|██▉       | 23/79 [00:01<00:02, 21.74it/s]
 34%|███▍      | 27/79 [00:01<00:02, 22.98it/s]
 39%|███▉      | 31/79 [00:01<00:02, 23.96it/s]
 44%|████▍     | 35/79 [00:01<00:01, 23.77it/s]
 49%|████▉     | 39/79 [00:01<00:01, 23.70it/s]
 54%|█████▍    | 43/79 [00:01<00:01, 24.09it/s]
 59%|█████▉    | 47/79 [00:02<00:01, 24.34it/s]
 65%|██████▍   | 51/79 [00:02<00:01, 24.26it/s]
 70%|██████▉   | 55/79 [00:02<00:00, 24.74it/s]
 75%|███████▍  | 59/79 [00:02<00:00, 25.21it/s]
 80%|███████▉  | 63/79 [00:02<00:00, 25.48it/s]
 85%|████████▍ | 67/79 [00:02<00:00, 25.90it/s]
 90%|████████▉ | 71/79 [00:03<00:00, 26.07it/s]
 95%|█████████▍| 75/79 [00:03<00:00, 26.25it/s]
100%|██████████| 79/79 [00:03<00:00, 23.82it/s]

CommRound: 29/30
Accuracy: 91.21% | Loss: 0.3302
[##########################################################--] 96.7%
Elapsed: 5.5m | Avg/Round: 11.4s | Last: 11.9s | Next: 11.4s | Remaining: 0.2m
ETA: 03:40:02
Recent round times: R1: 11.7s -> R2: 11.5s -> R3: 11.8s -> R4: 11.4s -> R5: 11.9s

  0%|          | 0/79 [00:00<?, ?it/s]
  1%|▏         | 1/79 [00:00<00:09,  8.00it/s]
  8%|▊         | 6/79 [00:00<00:02, 30.01it/s]
 13%|█▎        | 10/79 [00:00<00:03, 19.41it/s]
 16%|█▋        | 13/79 [00:00<00:03, 21.64it/s]
 22%|██▏       | 17/79 [00:00<00:02, 25.66it/s]
 27%|██▋       | 21/79 [00:00<00:02, 27.99it/s]
 32%|███▏      | 25/79 [00:00<00:01, 30.71it/s]
 37%|███▋      | 29/79 [00:01<00:01, 32.19it/s]
 42%|████▏     | 33/79 [00:01<00:01, 32.44it/s]
 47%|████▋     | 37/79 [00:01<00:01, 33.28it/s]
 52%|█████▏    | 41/79 [00:01<00:01, 34.00it/s]
 57%|█████▋    | 45/79 [00:01<00:00, 34.57it/s]
 62%|██████▏   | 49/79 [00:01<00:00, 34.93it/s]
 67%|██████▋   | 53/79 [00:01<00:00, 35.16it/s]
 72%|███████▏  | 57/79 [00:01<00:00, 35.14it/s]
 77%|███████▋  | 61/79 [00:01<00:00, 35.31it/s]
 82%|████████▏ | 65/79 [00:02<00:00, 35.53it/s]
 87%|████████▋ | 69/79 [00:02<00:00, 35.66it/s]
 92%|█████████▏| 73/79 [00:02<00:00, 35.71it/s]
 97%|█████████▋| 77/79 [00:02<00:00, 35.86it/s]
100%|██████████| 79/79 [00:02<00:00, 32.23it/s]

CommRound: 30/30
Accuracy: 91.21% | Loss: 0.3299
[############################################################] 100.0%
Elapsed: 5.7m | Avg/Round: 11.4s | Last: 11.1s | Next: 11.4s | Remaining: 0.0m
ETA: 03:40:02
Recent round times: R1: 11.5s -> R2: 11.8s -> R3: 11.4s -> R4: 11.9s -> R5: 11.1s
Total time for experiment: 342.98754024505615 seconds
Device average training time per communication round [s]:
    rpi (sld-rpi-09.ece.utexas.edu): 5.63 seconds
    mc1 (sld-mc1-09.ece.utexas.edu): 3.91 seconds
