
  0%|          | 0/79 [00:00<?, ?it/s]
  1%|▏         | 1/79 [00:00<00:13,  5.80it/s]
  8%|▊         | 6/79 [00:00<00:03, 23.11it/s]
 11%|█▏        | 9/79 [00:00<00:03, 19.18it/s]
 15%|█▌        | 12/79 [00:00<00:03, 19.42it/s]
 19%|█▉        | 15/79 [00:00<00:03, 18.26it/s]
 22%|██▏       | 17/79 [00:00<00:03, 17.99it/s]
 25%|██▌       | 20/79 [00:01<00:03, 19.30it/s]
 30%|███       | 24/79 [00:01<00:02, 22.45it/s]
 35%|███▌      | 28/79 [00:01<00:01, 25.90it/s]
 41%|████      | 32/79 [00:01<00:01, 26.57it/s]
 46%|████▌     | 36/79 [00:01<00:01, 27.13it/s]
 51%|█████     | 40/79 [00:01<00:01, 27.44it/s]
 56%|█████▌    | 44/79 [00:01<00:01, 27.61it/s]
 61%|██████    | 48/79 [00:02<00:01, 28.58it/s]
 66%|██████▌   | 52/79 [00:02<00:00, 28.85it/s]
 71%|███████   | 56/79 [00:02<00:00, 28.39it/s]
 76%|███████▌  | 60/79 [00:02<00:00, 29.94it/s]
 81%|████████  | 64/79 [00:02<00:00, 31.63it/s]
 86%|████████▌ | 68/79 [00:02<00:00, 32.68it/s]
 91%|█████████ | 72/79 [00:02<00:00, 33.02it/s]
 96%|█████████▌| 76/79 [00:02<00:00, 31.94it/s]
100%|██████████| 79/79 [00:02<00:00, 26.60it/s]
Initial Accuracy: 7.95%; Initial Loss: 2.3066

  0%|          | 0/79 [00:00<?, ?it/s]
  1%|▏         | 1/79 [00:00<00:09,  8.29it/s]
  6%|▋         | 5/79 [00:00<00:02, 25.34it/s]
 10%|█         | 8/79 [00:00<00:02, 26.77it/s]
 15%|█▌        | 12/79 [00:00<00:02, 28.27it/s]
 20%|██        | 16/79 [00:00<00:02, 28.82it/s]
 25%|██▌       | 20/79 [00:00<00:02, 27.69it/s]
 30%|███       | 24/79 [00:00<00:01, 28.55it/s]
 35%|███▌      | 28/79 [00:01<00:01, 29.29it/s]
 41%|████      | 32/79 [00:01<00:01, 28.78it/s]
 46%|████▌     | 36/79 [00:01<00:01, 27.80it/s]
 51%|█████     | 40/79 [00:01<00:01, 28.52it/s]
 56%|█████▌    | 44/79 [00:01<00:01, 29.95it/s]
 61%|██████    | 48/79 [00:01<00:01, 30.07it/s]
 66%|██████▌   | 52/79 [00:01<00:00, 30.50it/s]
 71%|███████   | 56/79 [00:01<00:00, 31.52it/s]
 76%|███████▌  | 60/79 [00:02<00:00, 32.27it/s]
 81%|████████  | 64/79 [00:02<00:00, 31.45it/s]
 86%|████████▌ | 68/79 [00:02<00:00, 29.13it/s]
 94%|█████████▎| 74/79 [00:02<00:00, 32.10it/s]
 99%|█████████▊| 78/79 [00:02<00:00, 32.50it/s]
100%|██████████| 79/79 [00:02<00:00, 29.86it/s]

CommRound: 1/30
Accuracy: 48.23% | Loss: 1.6224
[##----------------------------------------------------------] 3.3%
Elapsed: 0.8m | Avg/Round: 50.1s | Last: 47.1s | Next: 50.1s | Remaining: 24.2m
ETA: 18:02:25
Recent round times: R1: 47.1s

  0%|          | 0/79 [00:00<?, ?it/s]
  1%|▏         | 1/79 [00:00<00:14,  5.31it/s]
  4%|▍         | 3/79 [00:00<00:06, 11.64it/s]
  6%|▋         | 5/79 [00:00<00:07, 10.32it/s]
 13%|█▎        | 10/79 [00:00<00:03, 20.33it/s]
 18%|█▊        | 14/79 [00:00<00:03, 20.59it/s]
 22%|██▏       | 17/79 [00:00<00:02, 21.78it/s]
 25%|██▌       | 20/79 [00:01<00:02, 22.12it/s]
 29%|██▉       | 23/79 [00:01<00:02, 19.19it/s]
 33%|███▎      | 26/79 [00:01<00:02, 18.53it/s]
 35%|███▌      | 28/79 [00:01<00:02, 18.07it/s]
 41%|████      | 32/79 [00:01<00:02, 21.68it/s]
 44%|████▍     | 35/79 [00:01<00:02, 20.74it/s]
 48%|████▊     | 38/79 [00:02<00:02, 20.14it/s]
 53%|█████▎    | 42/79 [00:02<00:01, 20.16it/s]
 57%|█████▋    | 45/79 [00:02<00:01, 20.51it/s]
 61%|██████    | 48/79 [00:02<00:01, 20.00it/s]
 66%|██████▌   | 52/79 [00:02<00:01, 19.36it/s]
 71%|███████   | 56/79 [00:02<00:01, 22.11it/s]
 76%|███████▌  | 60/79 [00:03<00:00, 21.66it/s]
 81%|████████  | 64/79 [00:03<00:00, 22.86it/s]
 86%|████████▌ | 68/79 [00:03<00:00, 22.53it/s]
 90%|████████▉ | 71/79 [00:03<00:00, 23.77it/s]
 94%|█████████▎| 74/79 [00:03<00:00, 20.82it/s]
 99%|█████████▊| 78/79 [00:03<00:00, 23.18it/s]
100%|██████████| 79/79 [00:03<00:00, 20.60it/s]

CommRound: 2/30
Accuracy: 69.16% | Loss: 0.8352
[####--------------------------------------------------------] 6.7%
Elapsed: 1.6m | Avg/Round: 49.2s | Last: 48.2s | Next: 49.2s | Remaining: 23.0m
ETA: 18:01:57
Recent round times: R1: 47.1s -> R2: 48.2s

  0%|          | 0/79 [00:00<?, ?it/s]
  1%|▏         | 1/79 [00:00<00:13,  5.86it/s]
  5%|▌         | 4/79 [00:00<00:04, 16.53it/s]
 10%|█         | 8/79 [00:00<00:03, 22.36it/s]
 15%|█▌        | 12/79 [00:00<00:03, 20.33it/s]
 19%|█▉        | 15/79 [00:00<00:03, 20.98it/s]
 23%|██▎       | 18/79 [00:00<00:03, 19.07it/s]
 25%|██▌       | 20/79 [00:01<00:03, 18.25it/s]
 28%|██▊       | 22/79 [00:01<00:03, 17.73it/s]
 30%|███       | 24/79 [00:01<00:03, 17.76it/s]
 33%|███▎      | 26/79 [00:01<00:03, 17.56it/s]
 35%|███▌      | 28/79 [00:01<00:02, 17.25it/s]
 38%|███▊      | 30/79 [00:01<00:02, 16.98it/s]
 41%|████      | 32/79 [00:01<00:03, 14.72it/s]
 46%|████▌     | 36/79 [00:02<00:02, 17.77it/s]
 48%|████▊     | 38/79 [00:02<00:02, 17.34it/s]
 51%|█████     | 40/79 [00:02<00:02, 17.07it/s]
 53%|█████▎    | 42/79 [00:02<00:02, 17.23it/s]
 56%|█████▌    | 44/79 [00:02<00:02, 17.08it/s]
 58%|█████▊    | 46/79 [00:02<00:01, 16.64it/s]
 61%|██████    | 48/79 [00:02<00:01, 16.30it/s]
 63%|██████▎   | 50/79 [00:02<00:01, 16.14it/s]
 66%|██████▌   | 52/79 [00:03<00:01, 16.01it/s]
 68%|██████▊   | 54/79 [00:03<00:01, 15.99it/s]
 71%|███████   | 56/79 [00:03<00:01, 15.89it/s]
 73%|███████▎  | 58/79 [00:03<00:01, 15.77it/s]
 76%|███████▌  | 60/79 [00:03<00:01, 16.21it/s]
 78%|███████▊  | 62/79 [00:03<00:01, 16.65it/s]
 81%|████████  | 64/79 [00:03<00:00, 16.48it/s]
 84%|████████▎ | 66/79 [00:03<00:00, 16.10it/s]
 86%|████████▌ | 68/79 [00:04<00:00, 14.68it/s]
 90%|████████▉ | 71/79 [00:04<00:00, 18.26it/s]
 94%|█████████▎| 74/79 [00:04<00:00, 20.36it/s]
 99%|█████████▊| 78/79 [00:04<00:00, 23.58it/s]
100%|██████████| 79/79 [00:04<00:00, 17.85it/s]

CommRound: 3/30
Accuracy: 74.02% | Loss: 0.7411
[######------------------------------------------------------] 10.0%
Elapsed: 2.2m | Avg/Round: 44.7s | Last: 35.8s | Next: 44.7s | Remaining: 20.1m
ETA: 17:59:43
Recent round times: R1: 47.1s -> R2: 48.2s -> R3: 35.8s

  0%|          | 0/79 [00:00<?, ?it/s]
  1%|▏         | 1/79 [00:00<00:17,  4.40it/s]
  6%|▋         | 5/79 [00:00<00:04, 16.73it/s]
 10%|█         | 8/79 [00:00<00:03, 20.04it/s]
 14%|█▍        | 11/79 [00:00<00:03, 18.08it/s]
 20%|██        | 16/79 [00:00<00:03, 19.85it/s]
 27%|██▋       | 21/79 [00:01<00:02, 25.28it/s]
 30%|███       | 24/79 [00:01<00:02, 21.39it/s]
 34%|███▍      | 27/79 [00:01<00:03, 14.67it/s]
 37%|███▋      | 29/79 [00:01<00:03, 13.50it/s]
 39%|███▉      | 31/79 [00:01<00:03, 12.64it/s]
 42%|████▏     | 33/79 [00:02<00:03, 11.96it/s]
 46%|████▌     | 36/79 [00:02<00:03, 14.33it/s]
 48%|████▊     | 38/79 [00:02<00:02, 15.19it/s]
 51%|█████     | 40/79 [00:02<00:02, 13.68it/s]
 56%|█████▌    | 44/79 [00:02<00:02, 15.19it/s]
 58%|█████▊    | 46/79 [00:02<00:02, 14.38it/s]
 61%|██████    | 48/79 [00:03<00:02, 13.06it/s]
 66%|██████▌   | 52/79 [00:03<00:01, 17.44it/s]
 68%|██████▊   | 54/79 [00:03<00:01, 17.91it/s]
 71%|███████   | 56/79 [00:03<00:01, 18.16it/s]
 73%|███████▎  | 58/79 [00:03<00:01, 18.45it/s]
 76%|███████▌  | 60/79 [00:03<00:01, 18.25it/s]
 78%|███████▊  | 62/79 [00:03<00:00, 17.87it/s]
 81%|████████  | 64/79 [00:04<00:01, 14.55it/s]
 84%|████████▎ | 66/79 [00:04<00:01, 10.30it/s]
 89%|████████▊ | 70/79 [00:04<00:00, 13.09it/s]
 92%|█████████▏| 73/79 [00:04<00:00, 15.93it/s]
 95%|█████████▍| 75/79 [00:04<00:00, 15.40it/s]
100%|██████████| 79/79 [00:04<00:00, 20.35it/s]
100%|██████████| 79/79 [00:04<00:00, 15.96it/s]

CommRound: 4/30
Accuracy: 82.89% | Loss: 0.5144
[########----------------------------------------------------] 13.3%
Elapsed: 3.1m | Avg/Round: 46.9s | Last: 53.5s | Next: 46.9s | Remaining: 20.3m
ETA: 18:00:49
Recent round times: R1: 47.1s -> R2: 48.2s -> R3: 35.8s -> R4: 53.5s

  0%|          | 0/79 [00:00<?, ?it/s]
  1%|▏         | 1/79 [00:00<00:10,  7.16it/s]
  3%|▎         | 2/79 [00:00<00:09,  8.33it/s]
  8%|▊         | 6/79 [00:00<00:04, 15.89it/s]
 10%|█         | 8/79 [00:00<00:05, 12.98it/s]
 15%|█▌        | 12/79 [00:00<00:03, 18.91it/s]
 19%|█▉        | 15/79 [00:00<00:02, 21.48it/s]
 23%|██▎       | 18/79 [00:01<00:03, 19.51it/s]
 27%|██▋       | 21/79 [00:01<00:02, 19.70it/s]
 30%|███       | 24/79 [00:01<00:02, 19.33it/s]
 34%|███▍      | 27/79 [00:01<00:02, 19.61it/s]
 38%|███▊      | 30/79 [00:01<00:02, 21.48it/s]
 43%|████▎     | 34/79 [00:01<00:01, 23.50it/s]
 48%|████▊     | 38/79 [00:01<00:01, 22.48it/s]
 52%|█████▏    | 41/79 [00:02<00:01, 21.20it/s]
 56%|█████▌    | 44/79 [00:02<00:01, 20.46it/s]
 61%|██████    | 48/79 [00:02<00:01, 23.19it/s]
 65%|██████▍   | 51/79 [00:02<00:01, 23.77it/s]
 68%|██████▊   | 54/79 [00:02<00:01, 22.48it/s]
 73%|███████▎  | 58/79 [00:02<00:00, 21.28it/s]
 81%|████████  | 64/79 [00:03<00:00, 22.09it/s]
 89%|████████▊ | 70/79 [00:03<00:00, 24.96it/s]
 92%|█████████▏| 73/79 [00:03<00:00, 24.66it/s]
 96%|█████████▌| 76/79 [00:03<00:00, 18.91it/s]
100%|██████████| 79/79 [00:03<00:00, 16.30it/s]
100%|██████████| 79/79 [00:04<00:00, 19.70it/s]

CommRound: 5/30
Accuracy: 82.66% | Loss: 0.5420
[##########--------------------------------------------------] 16.7%
Elapsed: 3.9m | Avg/Round: 46.5s | Last: 44.6s | Next: 46.5s | Remaining: 19.4m
ETA: 18:00:35
Recent round times: R1: 47.1s -> R2: 48.2s -> R3: 35.8s -> R4: 53.5s -> R5: 44.6s

  0%|          | 0/79 [00:00<?, ?it/s]
  1%|▏         | 1/79 [00:00<00:11,  6.73it/s]
  6%|▋         | 5/79 [00:00<00:03, 20.68it/s]
 10%|█         | 8/79 [00:00<00:02, 23.91it/s]
 14%|█▍        | 11/79 [00:00<00:03, 21.37it/s]
 19%|█▉        | 15/79 [00:00<00:02, 23.22it/s]
 24%|██▍       | 19/79 [00:00<00:02, 23.70it/s]
 29%|██▉       | 23/79 [00:01<00:02, 22.24it/s]
 35%|███▌      | 28/79 [00:01<00:01, 28.07it/s]
 41%|████      | 32/79 [00:01<00:01, 28.66it/s]
 46%|████▌     | 36/79 [00:01<00:01, 28.84it/s]
 51%|█████     | 40/79 [00:01<00:01, 27.89it/s]
 54%|█████▍    | 43/79 [00:01<00:01, 27.37it/s]
 58%|█████▊    | 46/79 [00:01<00:01, 26.47it/s]
 63%|██████▎   | 50/79 [00:01<00:01, 26.71it/s]
 68%|██████▊   | 54/79 [00:02<00:00, 27.26it/s]
 73%|███████▎  | 58/79 [00:02<00:00, 27.07it/s]
 78%|███████▊  | 62/79 [00:02<00:00, 26.62it/s]
 84%|████████▎ | 66/79 [00:02<00:00, 23.51it/s]
 91%|█████████ | 72/79 [00:02<00:00, 26.84it/s]
 96%|█████████▌| 76/79 [00:02<00:00, 26.79it/s]
100%|██████████| 79/79 [00:03<00:00, 26.01it/s]

CommRound: 6/30
Accuracy: 82.96% | Loss: 0.5780
[############------------------------------------------------] 20.0%
Elapsed: 4.7m | Avg/Round: 46.9s | Last: 48.9s | Next: 46.9s | Remaining: 18.7m
ETA: 18:00:47
Recent round times: R1: 48.2s -> R2: 35.8s -> R3: 53.5s -> R4: 44.6s -> R5: 48.9s

  0%|          | 0/79 [00:00<?, ?it/s]
  1%|▏         | 1/79 [00:00<00:15,  4.88it/s]
  8%|▊         | 6/79 [00:00<00:03, 22.63it/s]
 11%|█▏        | 9/79 [00:00<00:02, 24.04it/s]
 15%|█▌        | 12/79 [00:00<00:02, 22.57it/s]
 20%|██        | 16/79 [00:00<00:03, 20.72it/s]
 25%|██▌       | 20/79 [00:00<00:02, 20.80it/s]
 33%|███▎      | 26/79 [00:01<00:01, 27.15it/s]
 37%|███▋      | 29/79 [00:01<00:01, 26.41it/s]
 41%|████      | 32/79 [00:01<00:01, 26.00it/s]
 44%|████▍     | 35/79 [00:01<00:01, 24.88it/s]
 48%|████▊     | 38/79 [00:01<00:01, 23.29it/s]
 54%|█████▍    | 43/79 [00:01<00:01, 28.93it/s]
 59%|█████▉    | 47/79 [00:01<00:01, 28.00it/s]
 63%|██████▎   | 50/79 [00:02<00:01, 25.63it/s]
 68%|██████▊   | 54/79 [00:02<00:00, 28.64it/s]
 72%|███████▏  | 57/79 [00:02<00:00, 24.94it/s]
 78%|███████▊  | 62/79 [00:02<00:00, 28.64it/s]
 82%|████████▏ | 65/79 [00:02<00:00, 28.16it/s]
 86%|████████▌ | 68/79 [00:02<00:00, 28.36it/s]
 90%|████████▉ | 71/79 [00:02<00:00, 27.51it/s]
 95%|█████████▍| 75/79 [00:02<00:00, 30.16it/s]
100%|██████████| 79/79 [00:03<00:00, 28.35it/s]
100%|██████████| 79/79 [00:03<00:00, 25.62it/s]

CommRound: 7/30
Accuracy: 85.88% | Loss: 0.5067
[##############----------------------------------------------] 23.3%
Elapsed: 5.4m | Avg/Round: 46.5s | Last: 44.5s | Next: 46.5s | Remaining: 17.8m
ETA: 18:00:37
Recent round times: R1: 35.8s -> R2: 53.5s -> R3: 44.6s -> R4: 48.9s -> R5: 44.5s

  0%|          | 0/79 [00:00<?, ?it/s]
  1%|▏         | 1/79 [00:00<00:12,  6.06it/s]
  6%|▋         | 5/79 [00:00<00:03, 21.52it/s]
 11%|█▏        | 9/79 [00:00<00:02, 25.97it/s]
 16%|█▋        | 13/79 [00:00<00:02, 27.78it/s]
 22%|██▏       | 17/79 [00:00<00:02, 29.64it/s]
 27%|██▋       | 21/79 [00:00<00:01, 30.75it/s]
 32%|███▏      | 25/79 [00:00<00:01, 30.62it/s]
 37%|███▋      | 29/79 [00:01<00:01, 32.26it/s]
 42%|████▏     | 33/79 [00:01<00:01, 32.14it/s]
 47%|████▋     | 37/79 [00:01<00:01, 27.63it/s]
 51%|█████     | 40/79 [00:01<00:01, 23.30it/s]
 57%|█████▋    | 45/79 [00:01<00:01, 28.12it/s]
 62%|██████▏   | 49/79 [00:01<00:01, 24.27it/s]
 66%|██████▌   | 52/79 [00:02<00:01, 21.70it/s]
 70%|██████▉   | 55/79 [00:02<00:01, 23.32it/s]
 73%|███████▎  | 58/79 [00:02<00:01, 20.21it/s]
 78%|███████▊  | 62/79 [00:02<00:00, 23.56it/s]
 84%|████████▎ | 66/79 [00:02<00:00, 26.31it/s]
 89%|████████▊ | 70/79 [00:02<00:00, 28.42it/s]
 94%|█████████▎| 74/79 [00:02<00:00, 28.98it/s]
 99%|█████████▊| 78/79 [00:02<00:00, 31.64it/s]
100%|██████████| 79/79 [00:02<00:00, 26.83it/s]

CommRound: 8/30
Accuracy: 87.75% | Loss: 0.4633
[################--------------------------------------------] 26.7%
Elapsed: 6.3m | Avg/Round: 47.1s | Last: 50.8s | Next: 47.1s | Remaining: 17.3m
ETA: 18:00:53
Recent round times: R1: 53.5s -> R2: 44.6s -> R3: 48.9s -> R4: 44.5s -> R5: 50.8s

  0%|          | 0/79 [00:00<?, ?it/s]
  1%|▏         | 1/79 [00:00<00:14,  5.49it/s]
  5%|▌         | 4/79 [00:00<00:06, 12.30it/s]
  8%|▊         | 6/79 [00:00<00:05, 14.31it/s]
 15%|█▌        | 12/79 [00:00<00:02, 23.42it/s]
 19%|█▉        | 15/79 [00:00<00:02, 23.85it/s]
 24%|██▍       | 19/79 [00:00<00:02, 27.02it/s]
 28%|██▊       | 22/79 [00:01<00:02, 23.34it/s]
 32%|███▏      | 25/79 [00:01<00:02, 19.52it/s]
 39%|███▉      | 31/79 [00:01<00:01, 27.26it/s]
 44%|████▍     | 35/79 [00:01<00:01, 26.74it/s]
 48%|████▊     | 38/79 [00:01<00:01, 25.26it/s]
 52%|█████▏    | 41/79 [00:01<00:01, 25.03it/s]
 56%|█████▌    | 44/79 [00:01<00:01, 25.51it/s]
 59%|█████▉    | 47/79 [00:02<00:01, 24.67it/s]
 63%|██████▎   | 50/79 [00:02<00:01, 25.82it/s]
 67%|██████▋   | 53/79 [00:02<00:01, 23.98it/s]
 71%|███████   | 56/79 [00:02<00:01, 18.90it/s]
 78%|███████▊  | 62/79 [00:02<00:00, 23.62it/s]
 85%|████████▍ | 67/79 [00:02<00:00, 28.13it/s]
 90%|████████▉ | 71/79 [00:02<00:00, 26.60it/s]
 94%|█████████▎| 74/79 [00:03<00:00, 17.40it/s]
100%|██████████| 79/79 [00:03<00:00, 21.78it/s]
100%|██████████| 79/79 [00:03<00:00, 22.53it/s]

CommRound: 9/30
Accuracy: 86.87% | Loss: 0.5888
[##################------------------------------------------] 30.0%
Elapsed: 7.0m | Avg/Round: 46.8s | Last: 44.9s | Next: 46.8s | Remaining: 16.4m
ETA: 18:00:46
Recent round times: R1: 44.6s -> R2: 48.9s -> R3: 44.5s -> R4: 50.8s -> R5: 44.9s

  0%|          | 0/79 [00:00<?, ?it/s]
  1%|▏         | 1/79 [00:00<00:12,  6.29it/s]
  6%|▋         | 5/79 [00:00<00:03, 19.03it/s]
 11%|█▏        | 9/79 [00:00<00:03, 21.03it/s]
 15%|█▌        | 12/79 [00:00<00:03, 21.59it/s]
 19%|█▉        | 15/79 [00:00<00:03, 19.95it/s]
 24%|██▍       | 19/79 [00:00<00:02, 21.44it/s]
 29%|██▉       | 23/79 [00:01<00:02, 22.78it/s]
 34%|███▍      | 27/79 [00:01<00:02, 23.14it/s]
 38%|███▊      | 30/79 [00:01<00:02, 21.83it/s]
 44%|████▍     | 35/79 [00:01<00:01, 23.96it/s]
 49%|████▉     | 39/79 [00:01<00:01, 23.88it/s]
 54%|█████▍    | 43/79 [00:01<00:01, 25.52it/s]
 59%|█████▉    | 47/79 [00:02<00:01, 24.99it/s]
 65%|██████▍   | 51/79 [00:02<00:01, 26.09it/s]
 70%|██████▉   | 55/79 [00:02<00:00, 25.54it/s]
 75%|███████▍  | 59/79 [00:02<00:00, 26.22it/s]
 80%|███████▉  | 63/79 [00:02<00:00, 26.80it/s]
 85%|████████▍ | 67/79 [00:02<00:00, 26.77it/s]
 90%|████████▉ | 71/79 [00:02<00:00, 26.13it/s]
 95%|█████████▍| 75/79 [00:03<00:00, 25.61it/s]
100%|██████████| 79/79 [00:03<00:00, 28.43it/s]
100%|██████████| 79/79 [00:03<00:00, 24.30it/s]

CommRound: 10/30
Accuracy: 86.60% | Loss: 0.5809
[####################----------------------------------------] 33.3%
Elapsed: 7.7m | Avg/Round: 46.4s | Last: 43.0s | Next: 46.4s | Remaining: 15.5m
ETA: 18:00:34
Recent round times: R1: 48.9s -> R2: 44.5s -> R3: 50.8s -> R4: 44.9s -> R5: 43.0s

  0%|          | 0/79 [00:00<?, ?it/s]
  1%|▏         | 1/79 [00:00<00:12,  6.06it/s]
  9%|▉         | 7/79 [00:00<00:02, 25.09it/s]
 13%|█▎        | 10/79 [00:00<00:02, 24.72it/s]
 16%|█▋        | 13/79 [00:00<00:02, 22.34it/s]
 20%|██        | 16/79 [00:00<00:02, 23.00it/s]
 24%|██▍       | 19/79 [00:00<00:02, 21.87it/s]
 29%|██▉       | 23/79 [00:01<00:02, 21.16it/s]
 34%|███▍      | 27/79 [00:01<00:02, 22.19it/s]
 38%|███▊      | 30/79 [00:01<00:02, 22.68it/s]
 42%|████▏     | 33/79 [00:01<00:02, 18.24it/s]
 44%|████▍     | 35/79 [00:01<00:02, 18.21it/s]
 49%|████▉     | 39/79 [00:01<00:01, 20.24it/s]
 54%|█████▍    | 43/79 [00:02<00:01, 21.69it/s]
 59%|█████▉    | 47/79 [00:02<00:01, 23.79it/s]
 65%|██████▍   | 51/79 [00:02<00:01, 26.47it/s]
 70%|██████▉   | 55/79 [00:02<00:00, 28.43it/s]
 75%|███████▍  | 59/79 [00:02<00:00, 24.48it/s]
 80%|███████▉  | 63/79 [00:02<00:00, 27.42it/s]
 84%|████████▎ | 66/79 [00:02<00:00, 27.86it/s]
 87%|████████▋ | 69/79 [00:02<00:00, 24.92it/s]
 92%|█████████▏| 73/79 [00:03<00:00, 26.13it/s]
 97%|█████████▋| 77/79 [00:03<00:00, 28.06it/s]
100%|██████████| 79/79 [00:03<00:00, 23.89it/s]

CommRound: 11/30
Accuracy: 87.22% | Loss: 0.5995
[######################--------------------------------------] 36.7%
Elapsed: 8.6m | Avg/Round: 46.8s | Last: 50.6s | Next: 46.8s | Remaining: 14.8m
ETA: 18:00:46
Recent round times: R1: 44.5s -> R2: 50.8s -> R3: 44.9s -> R4: 43.0s -> R5: 50.6s

  0%|          | 0/79 [00:00<?, ?it/s]
  1%|▏         | 1/79 [00:00<00:11,  6.77it/s]
  5%|▌         | 4/79 [00:00<00:04, 17.17it/s]
  8%|▊         | 6/79 [00:00<00:04, 16.97it/s]
 11%|█▏        | 9/79 [00:00<00:03, 19.58it/s]
 15%|█▌        | 12/79 [00:00<00:03, 21.29it/s]
 19%|█▉        | 15/79 [00:00<00:03, 19.96it/s]
 23%|██▎       | 18/79 [00:00<00:02, 22.13it/s]
 27%|██▋       | 21/79 [00:01<00:03, 17.93it/s]
 29%|██▉       | 23/79 [00:01<00:03, 18.09it/s]
 32%|███▏      | 25/79 [00:01<00:03, 16.39it/s]
 37%|███▋      | 29/79 [00:01<00:02, 19.30it/s]
 42%|████▏     | 33/79 [00:01<00:01, 23.83it/s]
 48%|████▊     | 38/79 [00:01<00:01, 26.83it/s]
 53%|█████▎    | 42/79 [00:01<00:01, 28.57it/s]
 58%|█████▊    | 46/79 [00:02<00:01, 29.95it/s]
 63%|██████▎   | 50/79 [00:02<00:01, 27.89it/s]
 67%|██████▋   | 53/79 [00:02<00:00, 27.18it/s]
 71%|███████   | 56/79 [00:02<00:01, 21.84it/s]
 75%|███████▍  | 59/79 [00:02<00:00, 23.39it/s]
 78%|███████▊  | 62/79 [00:02<00:00, 19.90it/s]
 82%|████████▏ | 65/79 [00:02<00:00, 21.73it/s]
 86%|████████▌ | 68/79 [00:03<00:00, 19.26it/s]
 90%|████████▉ | 71/79 [00:03<00:00, 20.50it/s]
 94%|█████████▎| 74/79 [00:03<00:00, 19.43it/s]
 99%|█████████▊| 78/79 [00:03<00:00, 21.96it/s]
100%|██████████| 79/79 [00:03<00:00, 21.77it/s]

CommRound: 12/30
Accuracy: 87.83% | Loss: 0.5887
[########################------------------------------------] 40.0%
Elapsed: 9.4m | Avg/Round: 47.1s | Last: 50.4s | Next: 47.1s | Remaining: 14.1m
ETA: 18:00:55
Recent round times: R1: 50.8s -> R2: 44.9s -> R3: 43.0s -> R4: 50.6s -> R5: 50.4s

  0%|          | 0/79 [00:00<?, ?it/s]
  1%|▏         | 1/79 [00:00<00:12,  6.28it/s]
  6%|▋         | 5/79 [00:00<00:03, 18.59it/s]
 11%|█▏        | 9/79 [00:00<00:03, 21.88it/s]
 16%|█▋        | 13/79 [00:00<00:02, 22.82it/s]
 20%|██        | 16/79 [00:00<00:02, 24.23it/s]
 24%|██▍       | 19/79 [00:00<00:02, 23.44it/s]
 28%|██▊       | 22/79 [00:00<00:02, 24.53it/s]
 32%|███▏      | 25/79 [00:01<00:02, 23.62it/s]
 37%|███▋      | 29/79 [00:01<00:02, 24.08it/s]
 42%|████▏     | 33/79 [00:01<00:01, 24.10it/s]
 47%|████▋     | 37/79 [00:01<00:01, 24.04it/s]
 52%|█████▏    | 41/79 [00:01<00:01, 24.36it/s]
 57%|█████▋    | 45/79 [00:01<00:01, 25.03it/s]
 62%|██████▏   | 49/79 [00:02<00:01, 25.28it/s]
 67%|██████▋   | 53/79 [00:02<00:01, 25.24it/s]
 72%|███████▏  | 57/79 [00:02<00:00, 25.06it/s]
 77%|███████▋  | 61/79 [00:02<00:00, 25.80it/s]
 81%|████████  | 64/79 [00:02<00:00, 26.63it/s]
 85%|████████▍ | 67/79 [00:02<00:00, 25.01it/s]
 89%|████████▊ | 70/79 [00:02<00:00, 26.16it/s]
 92%|█████████▏| 73/79 [00:02<00:00, 26.61it/s]
 96%|█████████▌| 76/79 [00:03<00:00, 25.27it/s]
100%|██████████| 79/79 [00:03<00:00, 24.51it/s]

CommRound: 13/30
Accuracy: 87.65% | Loss: 0.5806
[##########################----------------------------------] 43.3%
Elapsed: 10.1m | Avg/Round: 46.8s | Last: 43.2s | Next: 46.8s | Remaining: 13.3m
ETA: 18:00:46
Recent round times: R1: 44.9s -> R2: 43.0s -> R3: 50.6s -> R4: 50.4s -> R5: 43.2s

  0%|          | 0/79 [00:00<?, ?it/s]
  1%|▏         | 1/79 [00:00<00:13,  5.66it/s]
  6%|▋         | 5/79 [00:00<00:03, 18.69it/s]
 10%|█         | 8/79 [00:00<00:03, 19.13it/s]
 14%|█▍        | 11/79 [00:00<00:03, 21.01it/s]
 18%|█▊        | 14/79 [00:00<00:03, 19.11it/s]
 23%|██▎       | 18/79 [00:01<00:03, 17.34it/s]
 30%|███       | 24/79 [00:01<00:02, 25.01it/s]
 34%|███▍      | 27/79 [00:01<00:02, 22.05it/s]
 38%|███▊      | 30/79 [00:01<00:02, 22.37it/s]
 42%|████▏     | 33/79 [00:01<00:02, 20.49it/s]
 47%|████▋     | 37/79 [00:01<00:01, 23.66it/s]
 52%|█████▏    | 41/79 [00:01<00:01, 26.13it/s]
 57%|█████▋    | 45/79 [00:02<00:01, 27.37it/s]
 61%|██████    | 48/79 [00:02<00:01, 27.97it/s]
 65%|██████▍   | 51/79 [00:02<00:01, 27.73it/s]
 70%|██████▉   | 55/79 [00:02<00:00, 25.80it/s]
 73%|███████▎  | 58/79 [00:02<00:00, 25.50it/s]
 77%|███████▋  | 61/79 [00:02<00:00, 25.43it/s]
 81%|████████  | 64/79 [00:02<00:00, 21.50it/s]
 86%|████████▌ | 68/79 [00:03<00:00, 21.78it/s]
 91%|█████████ | 72/79 [00:03<00:00, 23.54it/s]
 95%|█████████▍| 75/79 [00:03<00:00, 24.95it/s]
 99%|█████████▊| 78/79 [00:03<00:00, 24.15it/s]
100%|██████████| 79/79 [00:03<00:00, 23.19it/s]

CommRound: 14/30
Accuracy: 88.14% | Loss: 0.5709
[############################--------------------------------] 46.7%
Elapsed: 11.0m | Avg/Round: 47.1s | Last: 51.3s | Next: 47.1s | Remaining: 12.6m
ETA: 18:00:55
Recent round times: R1: 43.0s -> R2: 50.6s -> R3: 50.4s -> R4: 43.2s -> R5: 51.3s

  0%|          | 0/79 [00:00<?, ?it/s]
  1%|▏         | 1/79 [00:00<00:20,  3.83it/s]
  6%|▋         | 5/79 [00:00<00:04, 15.36it/s]
 10%|█         | 8/79 [00:00<00:03, 19.31it/s]
 14%|█▍        | 11/79 [00:00<00:03, 18.82it/s]
 18%|█▊        | 14/79 [00:01<00:05, 12.20it/s]
 23%|██▎       | 18/79 [00:01<00:04, 15.11it/s]
 27%|██▋       | 21/79 [00:01<00:03, 16.47it/s]
 30%|███       | 24/79 [00:01<00:03, 16.42it/s]
 33%|███▎      | 26/79 [00:01<00:03, 15.11it/s]
 35%|███▌      | 28/79 [00:01<00:03, 15.19it/s]
 39%|███▉      | 31/79 [00:02<00:03, 15.74it/s]
 42%|████▏     | 33/79 [00:02<00:04, 11.43it/s]
 44%|████▍     | 35/79 [00:02<00:04, 10.86it/s]
 51%|█████     | 40/79 [00:02<00:02, 14.46it/s]
 53%|█████▎    | 42/79 [00:03<00:03, 11.28it/s]
 56%|█████▌    | 44/79 [00:03<00:03,  9.54it/s]
 58%|█████▊    | 46/79 [00:03<00:03, 10.23it/s]
 62%|██████▏   | 49/79 [00:03<00:02, 13.28it/s]
 66%|██████▌   | 52/79 [00:03<00:01, 13.85it/s]
 72%|███████▏  | 57/79 [00:04<00:01, 18.57it/s]
 77%|███████▋  | 61/79 [00:04<00:00, 19.52it/s]
 81%|████████  | 64/79 [00:04<00:00, 15.26it/s]
 87%|████████▋ | 69/79 [00:04<00:00, 20.76it/s]
 92%|█████████▏| 73/79 [00:04<00:00, 21.37it/s]
 97%|█████████▋| 77/79 [00:04<00:00, 22.96it/s]
100%|██████████| 79/79 [00:04<00:00, 15.83it/s]

CommRound: 15/30
Accuracy: 88.29% | Loss: 0.5648
[##############################------------------------------] 50.0%
Elapsed: 11.8m | Avg/Round: 47.3s | Last: 50.0s | Next: 47.3s | Remaining: 11.8m
ETA: 18:01:01
Recent round times: R1: 50.6s -> R2: 50.4s -> R3: 43.2s -> R4: 51.3s -> R5: 50.0s

  0%|          | 0/79 [00:00<?, ?it/s]
  1%|▏         | 1/79 [00:00<00:13,  5.78it/s]
  6%|▋         | 5/79 [00:00<00:04, 17.21it/s]
 11%|█▏        | 9/79 [00:00<00:03, 21.60it/s]
 16%|█▋        | 13/79 [00:00<00:02, 23.30it/s]
 20%|██        | 16/79 [00:00<00:02, 24.15it/s]
 24%|██▍       | 19/79 [00:00<00:02, 23.07it/s]
 28%|██▊       | 22/79 [00:01<00:03, 15.79it/s]
 32%|███▏      | 25/79 [00:01<00:03, 17.35it/s]
 39%|███▉      | 31/79 [00:01<00:02, 22.68it/s]
 43%|████▎     | 34/79 [00:01<00:01, 23.45it/s]
 47%|████▋     | 37/79 [00:01<00:02, 20.76it/s]
 51%|█████     | 40/79 [00:01<00:01, 22.52it/s]
 54%|█████▍    | 43/79 [00:02<00:01, 20.71it/s]
 59%|█████▉    | 47/79 [00:02<00:01, 22.93it/s]
 65%|██████▍   | 51/79 [00:02<00:01, 22.13it/s]
 70%|██████▉   | 55/79 [00:02<00:01, 22.23it/s]
 75%|███████▍  | 59/79 [00:02<00:00, 22.56it/s]
 80%|███████▉  | 63/79 [00:02<00:00, 22.26it/s]
 85%|████████▍ | 67/79 [00:03<00:00, 22.19it/s]
 90%|████████▉ | 71/79 [00:03<00:00, 22.36it/s]
 95%|█████████▍| 75/79 [00:03<00:00, 22.75it/s]
 99%|█████████▊| 78/79 [00:03<00:00, 24.17it/s]
100%|██████████| 79/79 [00:03<00:00, 21.85it/s]

CommRound: 16/30
Accuracy: 88.68% | Loss: 0.5579
[################################----------------------------] 53.3%
Elapsed: 12.6m | Avg/Round: 47.3s | Last: 46.4s | Next: 47.3s | Remaining: 11.0m
ETA: 18:00:59
Recent round times: R1: 50.4s -> R2: 43.2s -> R3: 51.3s -> R4: 50.0s -> R5: 46.4s

  0%|          | 0/79 [00:00<?, ?it/s]
  1%|▏         | 1/79 [00:00<00:18,  4.14it/s]
  6%|▋         | 5/79 [00:00<00:04, 15.28it/s]
 11%|█▏        | 9/79 [00:00<00:03, 20.94it/s]
 15%|█▌        | 12/79 [00:00<00:02, 23.24it/s]
 19%|█▉        | 15/79 [00:00<00:02, 24.74it/s]
 23%|██▎       | 18/79 [00:00<00:02, 24.13it/s]
 27%|██▋       | 21/79 [00:01<00:03, 18.58it/s]
 30%|███       | 24/79 [00:01<00:03, 15.91it/s]
 34%|███▍      | 27/79 [00:01<00:03, 15.15it/s]
 37%|███▋      | 29/79 [00:01<00:04, 12.04it/s]
 41%|████      | 32/79 [00:02<00:03, 12.57it/s]
 47%|████▋     | 37/79 [00:02<00:02, 15.61it/s]
 53%|█████▎    | 42/79 [00:02<00:01, 20.80it/s]
 58%|█████▊    | 46/79 [00:02<00:01, 22.06it/s]
 63%|██████▎   | 50/79 [00:02<00:01, 22.94it/s]
 67%|██████▋   | 53/79 [00:02<00:01, 19.53it/s]
 73%|███████▎  | 58/79 [00:03<00:00, 24.36it/s]
 77%|███████▋  | 61/79 [00:03<00:00, 23.80it/s]
 81%|████████  | 64/79 [00:03<00:00, 22.56it/s]
 85%|████████▍ | 67/79 [00:03<00:00, 24.07it/s]
 89%|████████▊ | 70/79 [00:03<00:00, 25.01it/s]
 92%|█████████▏| 73/79 [00:03<00:00, 23.74it/s]
 96%|█████████▌| 76/79 [00:03<00:00, 25.02it/s]
100%|██████████| 79/79 [00:03<00:00, 20.24it/s]

CommRound: 17/30
Accuracy: 88.62% | Loss: 0.5685
[##################################--------------------------] 56.7%
Elapsed: 13.5m | Avg/Round: 47.6s | Last: 53.2s | Next: 47.6s | Remaining: 10.3m
ETA: 18:01:10
Recent round times: R1: 43.2s -> R2: 51.3s -> R3: 50.0s -> R4: 46.4s -> R5: 53.2s

  0%|          | 0/79 [00:00<?, ?it/s]
  1%|▏         | 1/79 [00:00<00:13,  5.88it/s]
  6%|▋         | 5/79 [00:00<00:03, 19.65it/s]
 11%|█▏        | 9/79 [00:00<00:03, 22.48it/s]
 16%|█▋        | 13/79 [00:00<00:02, 22.58it/s]
 22%|██▏       | 17/79 [00:00<00:02, 23.24it/s]
 25%|██▌       | 20/79 [00:00<00:02, 24.19it/s]
 29%|██▉       | 23/79 [00:01<00:02, 23.08it/s]
 34%|███▍      | 27/79 [00:01<00:02, 23.77it/s]
 39%|███▉      | 31/79 [00:01<00:01, 24.58it/s]
 44%|████▍     | 35/79 [00:01<00:01, 25.15it/s]
 49%|████▉     | 39/79 [00:01<00:01, 25.50it/s]
 54%|█████▍    | 43/79 [00:01<00:01, 26.61it/s]
 59%|█████▉    | 47/79 [00:01<00:01, 28.53it/s]
 65%|██████▍   | 51/79 [00:02<00:00, 30.33it/s]
 70%|██████▉   | 55/79 [00:02<00:00, 31.65it/s]
 75%|███████▍  | 59/79 [00:02<00:00, 32.38it/s]
 80%|███████▉  | 63/79 [00:02<00:00, 32.72it/s]
 85%|████████▍ | 67/79 [00:02<00:00, 33.72it/s]
 90%|████████▉ | 71/79 [00:02<00:00, 34.40it/s]
 95%|█████████▍| 75/79 [00:02<00:00, 34.81it/s]
100%|██████████| 79/79 [00:02<00:00, 28.26it/s]

CommRound: 18/30
Accuracy: 88.71% | Loss: 0.5696
[####################################------------------------] 60.0%
Elapsed: 14.2m | Avg/Round: 47.5s | Last: 44.6s | Next: 47.5s | Remaining: 9.5m
ETA: 18:01:05
Recent round times: R1: 51.3s -> R2: 50.0s -> R3: 46.4s -> R4: 53.2s -> R5: 44.6s

  0%|          | 0/79 [00:00<?, ?it/s]
  1%|▏         | 1/79 [00:00<00:10,  7.32it/s]
  6%|▋         | 5/79 [00:00<00:03, 19.70it/s]
 11%|█▏        | 9/79 [00:00<00:03, 22.40it/s]
 16%|█▋        | 13/79 [00:00<00:02, 23.60it/s]
 22%|██▏       | 17/79 [00:00<00:02, 24.54it/s]
 27%|██▋       | 21/79 [00:00<00:02, 24.85it/s]
 32%|███▏      | 25/79 [00:01<00:02, 25.33it/s]
 37%|███▋      | 29/79 [00:01<00:01, 25.29it/s]
 42%|████▏     | 33/79 [00:01<00:01, 26.02it/s]
 47%|████▋     | 37/79 [00:01<00:01, 26.15it/s]
 52%|█████▏    | 41/79 [00:01<00:01, 26.04it/s]
 57%|█████▋    | 45/79 [00:01<00:01, 25.72it/s]
 62%|██████▏   | 49/79 [00:01<00:01, 25.33it/s]
 67%|██████▋   | 53/79 [00:02<00:01, 25.61it/s]
 72%|███████▏  | 57/79 [00:02<00:00, 25.94it/s]
 77%|███████▋  | 61/79 [00:02<00:00, 25.88it/s]
 82%|████████▏ | 65/79 [00:02<00:00, 25.48it/s]
 87%|████████▋ | 69/79 [00:02<00:00, 25.43it/s]
 92%|█████████▏| 73/79 [00:02<00:00, 25.40it/s]
 97%|█████████▋| 77/79 [00:03<00:00, 25.66it/s]
100%|██████████| 79/79 [00:03<00:00, 25.39it/s]

CommRound: 19/30
Accuracy: 88.72% | Loss: 0.5730
[######################################----------------------] 63.3%
Elapsed: 15.1m | Avg/Round: 47.6s | Last: 50.2s | Next: 47.6s | Remaining: 8.7m
ETA: 18:01:09
Recent round times: R1: 50.0s -> R2: 46.4s -> R3: 53.2s -> R4: 44.6s -> R5: 50.2s

  0%|          | 0/79 [00:00<?, ?it/s]
  1%|▏         | 1/79 [00:00<00:09,  7.85it/s]
  6%|▋         | 5/79 [00:00<00:02, 24.70it/s]
 11%|█▏        | 9/79 [00:00<00:02, 29.98it/s]
 16%|█▋        | 13/79 [00:00<00:02, 32.11it/s]
 22%|██▏       | 17/79 [00:00<00:01, 32.74it/s]
 27%|██▋       | 21/79 [00:00<00:01, 31.72it/s]
 32%|███▏      | 25/79 [00:00<00:01, 29.90it/s]
 37%|███▋      | 29/79 [00:01<00:01, 28.42it/s]
 42%|████▏     | 33/79 [00:01<00:01, 27.27it/s]
 47%|████▋     | 37/79 [00:01<00:01, 26.26it/s]
 52%|█████▏    | 41/79 [00:01<00:01, 26.24it/s]
 57%|█████▋    | 45/79 [00:01<00:01, 26.31it/s]
 62%|██████▏   | 49/79 [00:01<00:01, 26.39it/s]
 67%|██████▋   | 53/79 [00:01<00:00, 26.71it/s]
 72%|███████▏  | 57/79 [00:02<00:00, 26.62it/s]
 77%|███████▋  | 61/79 [00:02<00:00, 28.70it/s]
 82%|████████▏ | 65/79 [00:02<00:00, 30.60it/s]
 87%|████████▋ | 69/79 [00:02<00:00, 29.87it/s]
 92%|█████████▏| 73/79 [00:02<00:00, 27.57it/s]
 97%|█████████▋| 77/79 [00:02<00:00, 27.02it/s]
100%|██████████| 79/79 [00:02<00:00, 28.11it/s]

CommRound: 20/30
Accuracy: 88.76% | Loss: 0.5762
[########################################--------------------] 66.7%
Elapsed: 15.7m | Avg/Round: 47.1s | Last: 38.3s | Next: 47.1s | Remaining: 7.9m
ETA: 18:00:55
Recent round times: R1: 46.4s -> R2: 53.2s -> R3: 44.6s -> R4: 50.2s -> R5: 38.3s

  0%|          | 0/79 [00:00<?, ?it/s]
  1%|▏         | 1/79 [00:00<00:10,  7.65it/s]
  6%|▋         | 5/79 [00:00<00:03, 22.53it/s]
 11%|█▏        | 9/79 [00:00<00:02, 26.11it/s]
 16%|█▋        | 13/79 [00:00<00:02, 27.95it/s]
 22%|██▏       | 17/79 [00:00<00:02, 29.01it/s]
 25%|██▌       | 20/79 [00:00<00:02, 28.86it/s]
 30%|███       | 24/79 [00:00<00:01, 28.90it/s]
 35%|███▌      | 28/79 [00:01<00:01, 29.08it/s]
 41%|████      | 32/79 [00:01<00:01, 29.35it/s]
 46%|████▌     | 36/79 [00:01<00:01, 29.36it/s]
 51%|█████     | 40/79 [00:01<00:01, 29.50it/s]
 56%|█████▌    | 44/79 [00:01<00:01, 29.71it/s]
 61%|██████    | 48/79 [00:01<00:01, 29.87it/s]
 66%|██████▌   | 52/79 [00:01<00:00, 30.35it/s]
 71%|███████   | 56/79 [00:01<00:00, 30.42it/s]
 76%|███████▌  | 60/79 [00:02<00:00, 30.31it/s]
 81%|████████  | 64/79 [00:02<00:00, 30.11it/s]
 86%|████████▌ | 68/79 [00:02<00:00, 29.87it/s]
 90%|████████▉ | 71/79 [00:02<00:00, 29.39it/s]
 95%|█████████▍| 75/79 [00:02<00:00, 29.33it/s]
100%|██████████| 79/79 [00:02<00:00, 29.17it/s]

CommRound: 21/30
Accuracy: 88.80% | Loss: 0.5793
[##########################################------------------] 70.0%
Elapsed: 16.5m | Avg/Round: 47.2s | Last: 49.4s | Next: 47.2s | Remaining: 7.1m
ETA: 18:00:58
Recent round times: R1: 53.2s -> R2: 44.6s -> R3: 50.2s -> R4: 38.3s -> R5: 49.4s

  0%|          | 0/79 [00:00<?, ?it/s]
  1%|▏         | 1/79 [00:00<00:11,  6.76it/s]
  8%|▊         | 6/79 [00:00<00:03, 23.31it/s]
 13%|█▎        | 10/79 [00:00<00:02, 26.42it/s]
 18%|█▊        | 14/79 [00:00<00:02, 27.84it/s]
 23%|██▎       | 18/79 [00:00<00:02, 28.20it/s]
 28%|██▊       | 22/79 [00:00<00:01, 29.05it/s]
 33%|███▎      | 26/79 [00:00<00:01, 31.21it/s]
 38%|███▊      | 30/79 [00:01<00:01, 32.12it/s]
 43%|████▎     | 34/79 [00:01<00:01, 32.66it/s]
 48%|████▊     | 38/79 [00:01<00:01, 32.31it/s]
 53%|█████▎    | 42/79 [00:01<00:01, 32.88it/s]
 58%|█████▊    | 46/79 [00:01<00:01, 32.56it/s]
 63%|██████▎   | 50/79 [00:01<00:00, 31.83it/s]
 70%|██████▉   | 55/79 [00:01<00:00, 32.18it/s]
 75%|███████▍  | 59/79 [00:01<00:00, 33.93it/s]
 80%|███████▉  | 63/79 [00:02<00:00, 34.32it/s]
 85%|████████▍ | 67/79 [00:02<00:00, 34.58it/s]
 90%|████████▉ | 71/79 [00:02<00:00, 34.65it/s]
 95%|█████████▍| 75/79 [00:02<00:00, 35.08it/s]
100%|██████████| 79/79 [00:02<00:00, 32.01it/s]

CommRound: 22/30
Accuracy: 88.86% | Loss: 0.5822
[############################################----------------] 73.3%
Elapsed: 17.3m | Avg/Round: 47.3s | Last: 48.2s | Next: 47.3s | Remaining: 6.3m
ETA: 18:01:00
Recent round times: R1: 44.6s -> R2: 50.2s -> R3: 38.3s -> R4: 49.4s -> R5: 48.2s

  0%|          | 0/79 [00:00<?, ?it/s]
  1%|▏         | 1/79 [00:00<00:12,  6.48it/s]
  6%|▋         | 5/79 [00:00<00:04, 18.21it/s]
 11%|█▏        | 9/79 [00:00<00:03, 22.52it/s]
 16%|█▋        | 13/79 [00:00<00:02, 24.66it/s]
 22%|██▏       | 17/79 [00:00<00:02, 25.93it/s]
 27%|██▋       | 21/79 [00:00<00:02, 26.28it/s]
 32%|███▏      | 25/79 [00:01<00:02, 26.59it/s]
 37%|███▋      | 29/79 [00:01<00:01, 26.58it/s]
 42%|████▏     | 33/79 [00:01<00:01, 26.47it/s]
 47%|████▋     | 37/79 [00:01<00:01, 26.38it/s]
 52%|█████▏    | 41/79 [00:01<00:01, 26.30it/s]
 57%|█████▋    | 45/79 [00:01<00:01, 26.04it/s]
 62%|██████▏   | 49/79 [00:01<00:01, 26.60it/s]
 67%|██████▋   | 53/79 [00:02<00:00, 26.77it/s]
 72%|███████▏  | 57/79 [00:02<00:00, 26.94it/s]
 77%|███████▋  | 61/79 [00:02<00:00, 26.81it/s]
 82%|████████▏ | 65/79 [00:02<00:00, 26.60it/s]
 87%|████████▋ | 69/79 [00:02<00:00, 26.58it/s]
 92%|█████████▏| 73/79 [00:02<00:00, 25.82it/s]
 97%|█████████▋| 77/79 [00:02<00:00, 26.81it/s]
100%|██████████| 79/79 [00:03<00:00, 26.22it/s]

CommRound: 23/30
Accuracy: 88.90% | Loss: 0.5851
[##############################################--------------] 76.7%
Elapsed: 18.1m | Avg/Round: 47.3s | Last: 46.7s | Next: 47.3s | Remaining: 5.5m
ETA: 18:00:59
Recent round times: R1: 50.2s -> R2: 38.3s -> R3: 49.4s -> R4: 48.2s -> R5: 46.7s

  0%|          | 0/79 [00:00<?, ?it/s]
  1%|▏         | 1/79 [00:00<00:11,  6.60it/s]
  6%|▋         | 5/79 [00:00<00:04, 17.67it/s]
 11%|█▏        | 9/79 [00:00<00:02, 23.91it/s]
 16%|█▋        | 13/79 [00:00<00:02, 27.50it/s]
 22%|██▏       | 17/79 [00:00<00:02, 29.69it/s]
 27%|██▋       | 21/79 [00:00<00:01, 31.05it/s]
 32%|███▏      | 25/79 [00:00<00:01, 31.81it/s]
 37%|███▋      | 29/79 [00:01<00:01, 32.13it/s]
 42%|████▏     | 33/79 [00:01<00:01, 32.23it/s]
 47%|████▋     | 37/79 [00:01<00:01, 32.32it/s]
 52%|█████▏    | 41/79 [00:01<00:01, 30.66it/s]
 57%|█████▋    | 45/79 [00:01<00:01, 29.49it/s]
 62%|██████▏   | 49/79 [00:01<00:01, 28.20it/s]
 67%|██████▋   | 53/79 [00:01<00:00, 28.07it/s]
 72%|███████▏  | 57/79 [00:02<00:00, 27.83it/s]
 77%|███████▋  | 61/79 [00:02<00:00, 27.28it/s]
 82%|████████▏ | 65/79 [00:02<00:00, 26.84it/s]
 87%|████████▋ | 69/79 [00:02<00:00, 26.55it/s]
 92%|█████████▏| 73/79 [00:02<00:00, 26.94it/s]
 97%|█████████▋| 77/79 [00:02<00:00, 27.37it/s]
100%|██████████| 79/79 [00:02<00:00, 28.40it/s]

CommRound: 24/30
Accuracy: 88.91% | Loss: 0.5879
[################################################------------] 80.0%
Elapsed: 18.9m | Avg/Round: 47.3s | Last: 47.7s | Next: 47.3s | Remaining: 4.7m
ETA: 18:00:59
Recent round times: R1: 38.3s -> R2: 49.4s -> R3: 48.2s -> R4: 46.7s -> R5: 47.7s

  0%|          | 0/79 [00:00<?, ?it/s]
  1%|▏         | 1/79 [00:00<00:09,  8.57it/s]
  6%|▋         | 5/79 [00:00<00:02, 24.94it/s]
 10%|█         | 8/79 [00:00<00:03, 22.37it/s]
 15%|█▌        | 12/79 [00:00<00:02, 23.82it/s]
 20%|██        | 16/79 [00:00<00:02, 24.38it/s]
 25%|██▌       | 20/79 [00:00<00:02, 24.84it/s]
 30%|███       | 24/79 [00:00<00:02, 25.29it/s]
 35%|███▌      | 28/79 [00:01<00:01, 27.77it/s]
 41%|████      | 32/79 [00:01<00:01, 29.26it/s]
 46%|████▌     | 36/79 [00:01<00:01, 30.97it/s]
 51%|█████     | 40/79 [00:01<00:01, 31.97it/s]
 56%|█████▌    | 44/79 [00:01<00:01, 32.66it/s]
 61%|██████    | 48/79 [00:01<00:00, 33.10it/s]
 66%|██████▌   | 52/79 [00:01<00:00, 32.53it/s]
 71%|███████   | 56/79 [00:01<00:00, 33.57it/s]
 76%|███████▌  | 60/79 [00:02<00:00, 33.77it/s]
 81%|████████  | 64/79 [00:02<00:00, 30.92it/s]
 86%|████████▌ | 68/79 [00:02<00:00, 29.15it/s]
 91%|█████████ | 72/79 [00:02<00:00, 28.39it/s]
 96%|█████████▌| 76/79 [00:02<00:00, 28.35it/s]
100%|██████████| 79/79 [00:02<00:00, 28.99it/s]

CommRound: 25/30
Accuracy: 88.92% | Loss: 0.5906
[##################################################----------] 83.3%
Elapsed: 19.6m | Avg/Round: 47.0s | Last: 40.9s | Next: 47.0s | Remaining: 3.9m
ETA: 18:00:52
Recent round times: R1: 49.4s -> R2: 48.2s -> R3: 46.7s -> R4: 47.7s -> R5: 40.9s

  0%|          | 0/79 [00:00<?, ?it/s]
  1%|▏         | 1/79 [00:00<00:09,  7.84it/s]
  6%|▋         | 5/79 [00:00<00:03, 20.06it/s]
 10%|█         | 8/79 [00:00<00:02, 23.73it/s]
 14%|█▍        | 11/79 [00:00<00:02, 22.86it/s]
 18%|█▊        | 14/79 [00:00<00:02, 24.67it/s]
 22%|██▏       | 17/79 [00:00<00:02, 23.90it/s]
 27%|██▋       | 21/79 [00:00<00:02, 26.98it/s]
 32%|███▏      | 25/79 [00:00<00:01, 28.79it/s]
 37%|███▋      | 29/79 [00:01<00:01, 30.39it/s]
 42%|████▏     | 33/79 [00:01<00:01, 31.71it/s]
 47%|████▋     | 37/79 [00:01<00:01, 30.68it/s]
 52%|█████▏    | 41/79 [00:01<00:01, 29.63it/s]
 57%|█████▋    | 45/79 [00:01<00:01, 29.23it/s]
 62%|██████▏   | 49/79 [00:01<00:01, 28.88it/s]
 67%|██████▋   | 53/79 [00:01<00:00, 28.87it/s]
 72%|███████▏  | 57/79 [00:02<00:00, 29.09it/s]
 77%|███████▋  | 61/79 [00:02<00:00, 28.70it/s]
 82%|████████▏ | 65/79 [00:02<00:00, 29.28it/s]
 87%|████████▋ | 69/79 [00:02<00:00, 29.38it/s]
 92%|█████████▏| 73/79 [00:02<00:00, 29.19it/s]
 97%|█████████▋| 77/79 [00:02<00:00, 29.29it/s]
100%|██████████| 79/79 [00:02<00:00, 28.47it/s]

CommRound: 26/30
Accuracy: 88.98% | Loss: 0.5930
[####################################################--------] 86.7%
Elapsed: 20.4m | Avg/Round: 47.0s | Last: 45.9s | Next: 47.0s | Remaining: 3.1m
ETA: 18:00:51
Recent round times: R1: 48.2s -> R2: 46.7s -> R3: 47.7s -> R4: 40.9s -> R5: 45.9s

  0%|          | 0/79 [00:00<?, ?it/s]
  1%|▏         | 1/79 [00:00<00:11,  6.77it/s]
  6%|▋         | 5/79 [00:00<00:03, 20.82it/s]
 11%|█▏        | 9/79 [00:00<00:02, 25.63it/s]
 16%|█▋        | 13/79 [00:00<00:02, 28.99it/s]
 22%|██▏       | 17/79 [00:00<00:02, 30.76it/s]
 27%|██▋       | 21/79 [00:00<00:01, 31.67it/s]
 32%|███▏      | 25/79 [00:00<00:01, 32.96it/s]
 37%|███▋      | 29/79 [00:00<00:01, 34.06it/s]
 42%|████▏     | 33/79 [00:01<00:01, 33.90it/s]
 47%|████▋     | 37/79 [00:01<00:01, 33.74it/s]
 52%|█████▏    | 41/79 [00:01<00:01, 33.32it/s]
 57%|█████▋    | 45/79 [00:01<00:01, 32.79it/s]
 62%|██████▏   | 49/79 [00:01<00:00, 32.34it/s]
 67%|██████▋   | 53/79 [00:01<00:00, 32.03it/s]
 72%|███████▏  | 57/79 [00:01<00:00, 31.94it/s]
 77%|███████▋  | 61/79 [00:01<00:00, 32.76it/s]
 82%|████████▏ | 65/79 [00:02<00:00, 33.43it/s]
 87%|████████▋ | 69/79 [00:02<00:00, 33.24it/s]
 92%|█████████▏| 73/79 [00:02<00:00, 32.45it/s]
 97%|█████████▋| 77/79 [00:02<00:00, 31.82it/s]
100%|██████████| 79/79 [00:02<00:00, 31.86it/s]

CommRound: 27/30
Accuracy: 89.00% | Loss: 0.5954
[######################################################------] 90.0%
Elapsed: 21.2m | Avg/Round: 47.0s | Last: 48.1s | Next: 47.0s | Remaining: 2.4m
ETA: 18:00:52
Recent round times: R1: 46.7s -> R2: 47.7s -> R3: 40.9s -> R4: 45.9s -> R5: 48.1s

  0%|          | 0/79 [00:00<?, ?it/s]
  1%|▏         | 1/79 [00:00<00:14,  5.56it/s]
  5%|▌         | 4/79 [00:00<00:04, 16.37it/s]
  8%|▊         | 6/79 [00:00<00:04, 16.87it/s]
 10%|█         | 8/79 [00:00<00:04, 16.08it/s]
 15%|█▌        | 12/79 [00:00<00:03, 18.78it/s]
 19%|█▉        | 15/79 [00:00<00:02, 21.52it/s]
 23%|██▎       | 18/79 [00:00<00:03, 19.23it/s]
 27%|██▋       | 21/79 [00:01<00:02, 20.34it/s]
 30%|███       | 24/79 [00:01<00:02, 19.68it/s]
 34%|███▍      | 27/79 [00:01<00:02, 21.56it/s]
 38%|███▊      | 30/79 [00:01<00:02, 19.11it/s]
 42%|████▏     | 33/79 [00:01<00:02, 21.00it/s]
 46%|████▌     | 36/79 [00:01<00:02, 18.80it/s]
 49%|████▉     | 39/79 [00:02<00:01, 20.53it/s]
 53%|█████▎    | 42/79 [00:02<00:01, 19.50it/s]
 57%|█████▋    | 45/79 [00:02<00:01, 19.93it/s]
 61%|██████    | 48/79 [00:02<00:01, 20.67it/s]
 65%|██████▍   | 51/79 [00:02<00:01, 19.19it/s]
 68%|██████▊   | 54/79 [00:02<00:01, 21.01it/s]
 72%|███████▏  | 57/79 [00:02<00:01, 19.30it/s]
 77%|███████▋  | 61/79 [00:03<00:00, 19.88it/s]
 81%|████████  | 64/79 [00:03<00:00, 21.21it/s]
 85%|████████▍ | 67/79 [00:03<00:00, 19.12it/s]
 89%|████████▊ | 70/79 [00:03<00:00, 20.39it/s]
 92%|█████████▏| 73/79 [00:03<00:00, 21.06it/s]
 96%|█████████▌| 76/79 [00:03<00:00, 20.52it/s]
100%|██████████| 79/79 [00:03<00:00, 22.62it/s]
100%|██████████| 79/79 [00:03<00:00, 19.82it/s]

CommRound: 28/30
Accuracy: 89.04% | Loss: 0.5976
[########################################################----] 93.3%
Elapsed: 22.0m | Avg/Round: 47.1s | Last: 49.7s | Next: 47.1s | Remaining: 1.6m
ETA: 18:00:55
Recent round times: R1: 47.7s -> R2: 40.9s -> R3: 45.9s -> R4: 48.1s -> R5: 49.7s

  0%|          | 0/79 [00:00<?, ?it/s]
  1%|▏         | 1/79 [00:00<00:23,  3.26it/s]
  8%|▊         | 6/79 [00:00<00:04, 16.06it/s]
 11%|█▏        | 9/79 [00:00<00:04, 15.77it/s]
 14%|█▍        | 11/79 [00:00<00:04, 15.55it/s]
 16%|█▋        | 13/79 [00:00<00:04, 14.71it/s]
 20%|██        | 16/79 [00:01<00:03, 17.67it/s]
 23%|██▎       | 18/79 [00:01<00:03, 18.12it/s]
 28%|██▊       | 22/79 [00:01<00:02, 23.49it/s]
 32%|███▏      | 25/79 [00:01<00:02, 24.37it/s]
 35%|███▌      | 28/79 [00:01<00:02, 20.91it/s]
 39%|███▉      | 31/79 [00:01<00:02, 21.78it/s]
 43%|████▎     | 34/79 [00:01<00:02, 18.75it/s]
 48%|████▊     | 38/79 [00:02<00:01, 21.09it/s]
 52%|█████▏    | 41/79 [00:02<00:01, 22.65it/s]
 56%|█████▌    | 44/79 [00:02<00:01, 21.23it/s]
 61%|██████    | 48/79 [00:02<00:01, 21.88it/s]
 65%|██████▍   | 51/79 [00:02<00:01, 22.89it/s]
 68%|██████▊   | 54/79 [00:02<00:01, 21.50it/s]
 72%|███████▏  | 57/79 [00:02<00:01, 21.24it/s]
 76%|███████▌  | 60/79 [00:03<00:00, 22.25it/s]
 80%|███████▉  | 63/79 [00:03<00:00, 23.86it/s]
 84%|████████▎ | 66/79 [00:03<00:00, 20.91it/s]
 89%|████████▊ | 70/79 [00:03<00:00, 20.83it/s]
 94%|█████████▎| 74/79 [00:03<00:00, 21.47it/s]
 99%|█████████▊| 78/79 [00:03<00:00, 22.89it/s]
100%|██████████| 79/79 [00:03<00:00, 20.49it/s]

CommRound: 29/30
Accuracy: 89.05% | Loss: 0.5999
[##########################################################--] 96.7%
Elapsed: 22.9m | Avg/Round: 47.3s | Last: 52.4s | Next: 47.3s | Remaining: 0.8m
ETA: 18:01:00
Recent round times: R1: 40.9s -> R2: 45.9s -> R3: 48.1s -> R4: 49.7s -> R5: 52.4s

  0%|          | 0/79 [00:00<?, ?it/s]
  1%|▏         | 1/79 [00:00<00:15,  5.18it/s]
  6%|▋         | 5/79 [00:00<00:04, 17.30it/s]
 11%|█▏        | 9/79 [00:00<00:03, 19.47it/s]
 16%|█▋        | 13/79 [00:00<00:03, 20.93it/s]
 22%|██▏       | 17/79 [00:00<00:02, 22.33it/s]
 27%|██▋       | 21/79 [00:01<00:02, 21.46it/s]
 32%|███▏      | 25/79 [00:01<00:02, 23.14it/s]
 37%|███▋      | 29/79 [00:01<00:02, 23.54it/s]
 42%|████▏     | 33/79 [00:01<00:01, 23.66it/s]
 47%|████▋     | 37/79 [00:01<00:01, 23.87it/s]
 52%|█████▏    | 41/79 [00:01<00:01, 23.89it/s]
 57%|█████▋    | 45/79 [00:02<00:01, 24.10it/s]
 62%|██████▏   | 49/79 [00:02<00:01, 23.84it/s]
 67%|██████▋   | 53/79 [00:02<00:01, 23.84it/s]
 72%|███████▏  | 57/79 [00:02<00:00, 24.08it/s]
 77%|███████▋  | 61/79 [00:02<00:00, 24.26it/s]
 82%|████████▏ | 65/79 [00:02<00:00, 24.08it/s]
 87%|████████▋ | 69/79 [00:03<00:00, 24.12it/s]
 92%|█████████▏| 73/79 [00:03<00:00, 23.77it/s]
 97%|█████████▋| 77/79 [00:03<00:00, 24.13it/s]
100%|██████████| 79/79 [00:03<00:00, 23.34it/s]

CommRound: 30/30
Accuracy: 89.07% | Loss: 0.6020
[############################################################] 100.0%
Elapsed: 23.6m | Avg/Round: 47.2s | Last: 45.4s | Next: 47.2s | Remaining: 0.0m
ETA: 18:00:58
Recent round times: R1: 45.9s -> R2: 48.1s -> R3: 49.7s -> R4: 52.4s -> R5: 45.4s
Total time for experiment: 1417.198647737503 seconds
Device average training time per communication round [s]:
    rpi (sld-rpi-09.ece.utexas.edu): 5.23 seconds
    mc1 (sld-mc1-09.ece.utexas.edu): 42.73 seconds
