
  0%|          | 0/79 [00:00<?, ?it/s]
  4%|▍         | 3/79 [00:00<00:03, 22.92it/s]
 10%|█         | 8/79 [00:00<00:01, 35.73it/s]
 15%|█▌        | 12/79 [00:00<00:01, 37.47it/s]
 20%|██        | 16/79 [00:00<00:01, 38.31it/s]
 25%|██▌       | 20/79 [00:00<00:01, 34.59it/s]
 30%|███       | 24/79 [00:00<00:01, 36.21it/s]
 37%|███▋      | 29/79 [00:00<00:01, 35.43it/s]
 42%|████▏     | 33/79 [00:00<00:01, 36.67it/s]
 48%|████▊     | 38/79 [00:01<00:01, 40.38it/s]
 54%|█████▍    | 43/79 [00:01<00:00, 38.47it/s]
 62%|██████▏   | 49/79 [00:01<00:00, 39.57it/s]
 70%|██████▉   | 55/79 [00:01<00:00, 40.15it/s]
 77%|███████▋  | 61/79 [00:01<00:00, 40.64it/s]
 84%|████████▎ | 66/79 [00:01<00:00, 42.70it/s]
 90%|████████▉ | 71/79 [00:01<00:00, 40.42it/s]
 97%|█████████▋| 77/79 [00:01<00:00, 40.67it/s]
100%|██████████| 79/79 [00:02<00:00, 39.39it/s]
Initial Accuracy: 8.92%; Initial Loss: 2.3117

  0%|          | 0/79 [00:00<?, ?it/s]
  1%|▏         | 1/79 [00:00<00:08,  9.59it/s]
  9%|▉         | 7/79 [00:00<00:02, 31.60it/s]
 14%|█▍        | 11/79 [00:00<00:01, 34.59it/s]
 19%|█▉        | 15/79 [00:00<00:01, 35.93it/s]
 24%|██▍       | 19/79 [00:00<00:01, 37.01it/s]
 30%|███       | 24/79 [00:00<00:01, 40.80it/s]
 37%|███▋      | 29/79 [00:00<00:01, 38.57it/s]
 44%|████▍     | 35/79 [00:00<00:01, 38.86it/s]
 49%|████▉     | 39/79 [00:01<00:01, 38.82it/s]
 54%|█████▍    | 43/79 [00:01<00:00, 38.99it/s]
 59%|█████▉    | 47/79 [00:01<00:00, 39.20it/s]
 66%|██████▌   | 52/79 [00:01<00:00, 42.01it/s]
 72%|███████▏  | 57/79 [00:01<00:00, 38.91it/s]
 78%|███████▊  | 62/79 [00:01<00:00, 41.74it/s]
 85%|████████▍ | 67/79 [00:01<00:00, 39.66it/s]
 92%|█████████▏| 73/79 [00:01<00:00, 40.41it/s]
 99%|█████████▊| 78/79 [00:01<00:00, 42.81it/s]
100%|██████████| 79/79 [00:02<00:00, 39.35it/s]

CommRound: 1/30
Accuracy: 18.97% | Loss: 2.5811
[##----------------------------------------------------------] 3.3%
Elapsed: 0.2m | Avg/Round: 11.8s | Last: 9.8s | Next: 11.8s | Remaining: 5.7m
ETA: 20:02:24
Recent round times: R1: 9.8s

  0%|          | 0/79 [00:00<?, ?it/s]
  1%|▏         | 1/79 [00:00<00:07,  9.89it/s]
  9%|▉         | 7/79 [00:00<00:02, 32.84it/s]
 14%|█▍        | 11/79 [00:00<00:01, 35.66it/s]
 19%|█▉        | 15/79 [00:00<00:01, 37.19it/s]
 24%|██▍       | 19/79 [00:00<00:01, 38.04it/s]
 30%|███       | 24/79 [00:00<00:01, 41.76it/s]
 37%|███▋      | 29/79 [00:00<00:01, 38.00it/s]
 42%|████▏     | 33/79 [00:00<00:01, 34.89it/s]
 47%|████▋     | 37/79 [00:01<00:01, 33.89it/s]
 52%|█████▏    | 41/79 [00:01<00:01, 33.56it/s]
 57%|█████▋    | 45/79 [00:01<00:01, 33.78it/s]
 62%|██████▏   | 49/79 [00:01<00:00, 33.88it/s]
 67%|██████▋   | 53/79 [00:01<00:00, 34.15it/s]
 72%|███████▏  | 57/79 [00:01<00:00, 34.18it/s]
 77%|███████▋  | 61/79 [00:01<00:00, 34.54it/s]
 82%|████████▏ | 65/79 [00:01<00:00, 35.09it/s]
 87%|████████▋ | 69/79 [00:01<00:00, 35.07it/s]
 92%|█████████▏| 73/79 [00:02<00:00, 34.66it/s]
 97%|█████████▋| 77/79 [00:02<00:00, 34.88it/s]
100%|██████████| 79/79 [00:02<00:00, 35.41it/s]

CommRound: 2/30
Accuracy: 19.69% | Loss: 2.5687
[####--------------------------------------------------------] 6.7%
Elapsed: 0.4m | Avg/Round: 11.0s | Last: 10.1s | Next: 11.0s | Remaining: 5.1m
ETA: 20:01:58
Recent round times: R1: 9.8s -> R2: 10.1s

  0%|          | 0/79 [00:00<?, ?it/s]
  4%|▍         | 3/79 [00:00<00:03, 22.65it/s]
 10%|█         | 8/79 [00:00<00:01, 35.75it/s]
 16%|█▋        | 13/79 [00:00<00:01, 35.47it/s]
 22%|██▏       | 17/79 [00:00<00:01, 36.24it/s]
 28%|██▊       | 22/79 [00:00<00:01, 38.99it/s]
 34%|███▍      | 27/79 [00:00<00:01, 38.80it/s]
 41%|████      | 32/79 [00:00<00:01, 40.03it/s]
 47%|████▋     | 37/79 [00:00<00:01, 39.10it/s]
 52%|█████▏    | 41/79 [00:01<00:00, 39.28it/s]
 57%|█████▋    | 45/79 [00:01<00:00, 39.46it/s]
 62%|██████▏   | 49/79 [00:01<00:00, 39.61it/s]
 68%|██████▊   | 54/79 [00:01<00:00, 41.33it/s]
 75%|███████▍  | 59/79 [00:01<00:00, 39.68it/s]
 80%|███████▉  | 63/79 [00:01<00:00, 39.63it/s]
 86%|████████▌ | 68/79 [00:01<00:00, 41.69it/s]
 92%|█████████▏| 73/79 [00:01<00:00, 39.23it/s]
 99%|█████████▊| 78/79 [00:01<00:00, 41.53it/s]
100%|██████████| 79/79 [00:02<00:00, 39.48it/s]

CommRound: 3/30
Accuracy: 20.44% | Loss: 2.3462
[######------------------------------------------------------] 10.0%
Elapsed: 0.5m | Avg/Round: 10.5s | Last: 9.6s | Next: 10.5s | Remaining: 4.7m
ETA: 20:01:44
Recent round times: R1: 9.8s -> R2: 10.1s -> R3: 9.6s

  0%|          | 0/79 [00:00<?, ?it/s]
  1%|▏         | 1/79 [00:00<00:08,  9.24it/s]
  9%|▉         | 7/79 [00:00<00:02, 33.32it/s]
 15%|█▌        | 12/79 [00:00<00:01, 37.01it/s]
 20%|██        | 16/79 [00:00<00:01, 37.64it/s]
 25%|██▌       | 20/79 [00:00<00:01, 38.20it/s]
 30%|███       | 24/79 [00:00<00:01, 38.61it/s]
 37%|███▋      | 29/79 [00:00<00:01, 41.85it/s]
 43%|████▎     | 34/79 [00:00<00:01, 38.83it/s]
 48%|████▊     | 38/79 [00:01<00:01, 38.86it/s]
 53%|█████▎    | 42/79 [00:01<00:00, 38.01it/s]
 58%|█████▊    | 46/79 [00:01<00:00, 35.49it/s]
 63%|██████▎   | 50/79 [00:01<00:00, 36.60it/s]
 70%|██████▉   | 55/79 [00:01<00:00, 39.97it/s]
 76%|███████▌  | 60/79 [00:01<00:00, 37.60it/s]
 84%|████████▎ | 66/79 [00:01<00:00, 38.86it/s]
 91%|█████████ | 72/79 [00:01<00:00, 39.55it/s]
 96%|█████████▌| 76/79 [00:02<00:00, 38.62it/s]
100%|██████████| 79/79 [00:02<00:00, 37.83it/s]

CommRound: 4/30
Accuracy: 24.05% | Loss: 2.2112
[########----------------------------------------------------] 13.3%
Elapsed: 0.7m | Avg/Round: 10.4s | Last: 10.1s | Next: 10.4s | Remaining: 4.5m
ETA: 20:01:42
Recent round times: R1: 9.8s -> R2: 10.1s -> R3: 9.6s -> R4: 10.1s

  0%|          | 0/79 [00:00<?, ?it/s]
  1%|▏         | 1/79 [00:00<00:07,  9.90it/s]
  8%|▊         | 6/79 [00:00<00:02, 28.95it/s]
 11%|█▏        | 9/79 [00:00<00:02, 28.73it/s]
 16%|█▋        | 13/79 [00:00<00:02, 32.56it/s]
 22%|██▏       | 17/79 [00:00<00:01, 34.13it/s]
 27%|██▋       | 21/79 [00:00<00:01, 34.59it/s]
 32%|███▏      | 25/79 [00:00<00:01, 34.54it/s]
 37%|███▋      | 29/79 [00:00<00:01, 34.87it/s]
 42%|████▏     | 33/79 [00:01<00:01, 34.78it/s]
 47%|████▋     | 37/79 [00:01<00:01, 35.00it/s]
 52%|█████▏    | 41/79 [00:01<00:01, 35.28it/s]
 57%|█████▋    | 45/79 [00:01<00:00, 35.38it/s]
 62%|██████▏   | 49/79 [00:01<00:00, 35.14it/s]
 67%|██████▋   | 53/79 [00:01<00:00, 35.11it/s]
 72%|███████▏  | 57/79 [00:01<00:00, 35.06it/s]
 77%|███████▋  | 61/79 [00:01<00:00, 34.75it/s]
 82%|████████▏ | 65/79 [00:01<00:00, 34.63it/s]
 87%|████████▋ | 69/79 [00:02<00:00, 34.52it/s]
 92%|█████████▏| 73/79 [00:02<00:00, 34.25it/s]
 97%|█████████▋| 77/79 [00:02<00:00, 34.19it/s]
100%|██████████| 79/79 [00:02<00:00, 33.79it/s]

CommRound: 5/30
Accuracy: 31.54% | Loss: 1.8943
[##########--------------------------------------------------] 16.7%
Elapsed: 0.9m | Avg/Round: 10.3s | Last: 10.0s | Next: 10.3s | Remaining: 4.3m
ETA: 20:01:39
Recent round times: R1: 9.8s -> R2: 10.1s -> R3: 9.6s -> R4: 10.1s -> R5: 10.0s

  0%|          | 0/79 [00:00<?, ?it/s]
  1%|▏         | 1/79 [00:00<00:08,  9.31it/s]
  6%|▋         | 5/79 [00:00<00:02, 25.20it/s]
 11%|█▏        | 9/79 [00:00<00:02, 29.03it/s]
 16%|█▋        | 13/79 [00:00<00:02, 31.13it/s]
 22%|██▏       | 17/79 [00:00<00:01, 32.16it/s]
 27%|██▋       | 21/79 [00:00<00:01, 32.89it/s]
 32%|███▏      | 25/79 [00:00<00:01, 32.83it/s]
 37%|███▋      | 29/79 [00:00<00:01, 31.71it/s]
 43%|████▎     | 34/79 [00:01<00:01, 36.50it/s]
 49%|████▉     | 39/79 [00:01<00:01, 35.54it/s]
 56%|█████▌    | 44/79 [00:01<00:00, 39.19it/s]
 62%|██████▏   | 49/79 [00:01<00:00, 36.73it/s]
 67%|██████▋   | 53/79 [00:01<00:00, 36.69it/s]
 72%|███████▏  | 57/79 [00:01<00:00, 36.66it/s]
 77%|███████▋  | 61/79 [00:01<00:00, 36.98it/s]
 82%|████████▏ | 65/79 [00:01<00:00, 36.81it/s]
 87%|████████▋ | 69/79 [00:01<00:00, 37.05it/s]
 92%|█████████▏| 73/79 [00:02<00:00, 36.69it/s]
 97%|█████████▋| 77/79 [00:02<00:00, 36.43it/s]
100%|██████████| 79/79 [00:02<00:00, 34.58it/s]

CommRound: 6/30
Accuracy: 34.99% | Loss: 1.7757
[############------------------------------------------------] 20.0%
Elapsed: 1.0m | Avg/Round: 10.3s | Last: 10.1s | Next: 10.3s | Remaining: 4.1m
ETA: 20:01:38
Recent round times: R1: 10.1s -> R2: 9.6s -> R3: 10.1s -> R4: 10.0s -> R5: 10.1s

  0%|          | 0/79 [00:00<?, ?it/s]
  1%|▏         | 1/79 [00:00<00:08,  9.62it/s]
  6%|▋         | 5/79 [00:00<00:02, 26.22it/s]
 11%|█▏        | 9/79 [00:00<00:02, 29.18it/s]
 16%|█▋        | 13/79 [00:00<00:02, 31.74it/s]
 22%|██▏       | 17/79 [00:00<00:01, 33.30it/s]
 27%|██▋       | 21/79 [00:00<00:01, 34.25it/s]
 32%|███▏      | 25/79 [00:00<00:01, 34.86it/s]
 37%|███▋      | 29/79 [00:00<00:01, 35.23it/s]
 42%|████▏     | 33/79 [00:01<00:01, 35.50it/s]
 47%|████▋     | 37/79 [00:01<00:01, 35.22it/s]
 52%|█████▏    | 41/79 [00:01<00:01, 35.03it/s]
 57%|█████▋    | 45/79 [00:01<00:00, 35.03it/s]
 62%|██████▏   | 49/79 [00:01<00:00, 35.30it/s]
 67%|██████▋   | 53/79 [00:01<00:00, 35.49it/s]
 72%|███████▏  | 57/79 [00:01<00:00, 35.65it/s]
 77%|███████▋  | 61/79 [00:01<00:00, 35.58it/s]
 82%|████████▏ | 65/79 [00:01<00:00, 35.65it/s]
 87%|████████▋ | 69/79 [00:02<00:00, 35.71it/s]
 92%|█████████▏| 73/79 [00:02<00:00, 35.61it/s]
 97%|█████████▋| 77/79 [00:02<00:00, 35.62it/s]
100%|██████████| 79/79 [00:02<00:00, 34.92it/s]

CommRound: 7/30
Accuracy: 37.06% | Loss: 1.7391
[##############----------------------------------------------] 23.3%
Elapsed: 1.2m | Avg/Round: 10.3s | Last: 10.1s | Next: 10.3s | Remaining: 3.9m
ETA: 20:01:37
Recent round times: R1: 9.6s -> R2: 10.1s -> R3: 10.0s -> R4: 10.1s -> R5: 10.1s

  0%|          | 0/79 [00:00<?, ?it/s]
  1%|▏         | 1/79 [00:00<00:08,  9.66it/s]
  6%|▋         | 5/79 [00:00<00:02, 27.05it/s]
 11%|█▏        | 9/79 [00:00<00:02, 31.02it/s]
 19%|█▉        | 15/79 [00:00<00:01, 35.79it/s]
 27%|██▋       | 21/79 [00:00<00:01, 37.92it/s]
 34%|███▍      | 27/79 [00:00<00:01, 39.64it/s]
 42%|████▏     | 33/79 [00:00<00:01, 40.88it/s]
 49%|████▉     | 39/79 [00:01<00:00, 41.79it/s]
 56%|█████▌    | 44/79 [00:01<00:00, 43.75it/s]
 62%|██████▏   | 49/79 [00:01<00:00, 41.82it/s]
 68%|██████▊   | 54/79 [00:01<00:00, 42.29it/s]
 75%|███████▍  | 59/79 [00:01<00:00, 42.25it/s]
 81%|████████  | 64/79 [00:01<00:00, 41.82it/s]
 87%|████████▋ | 69/79 [00:01<00:00, 42.42it/s]
 94%|█████████▎| 74/79 [00:01<00:00, 41.67it/s]
100%|██████████| 79/79 [00:01<00:00, 40.21it/s]

CommRound: 8/30
Accuracy: 37.99% | Loss: 1.8522
[################--------------------------------------------] 26.7%
Elapsed: 1.4m | Avg/Round: 10.2s | Last: 9.8s | Next: 10.2s | Remaining: 3.7m
ETA: 20:01:35
Recent round times: R1: 10.1s -> R2: 10.0s -> R3: 10.1s -> R4: 10.1s -> R5: 9.8s

  0%|          | 0/79 [00:00<?, ?it/s]
  4%|▍         | 3/79 [00:00<00:03, 22.85it/s]
  9%|▉         | 7/79 [00:00<00:02, 31.38it/s]
 14%|█▍        | 11/79 [00:00<00:01, 34.38it/s]
 20%|██        | 16/79 [00:00<00:01, 39.82it/s]
 27%|██▋       | 21/79 [00:00<00:01, 37.44it/s]
 32%|███▏      | 25/79 [00:00<00:01, 38.04it/s]
 37%|███▋      | 29/79 [00:00<00:01, 38.35it/s]
 43%|████▎     | 34/79 [00:00<00:01, 41.49it/s]
 49%|████▉     | 39/79 [00:01<00:01, 38.48it/s]
 54%|█████▍    | 43/79 [00:01<00:00, 38.52it/s]
 61%|██████    | 48/79 [00:01<00:00, 41.44it/s]
 67%|██████▋   | 53/79 [00:01<00:00, 39.51it/s]
 73%|███████▎  | 58/79 [00:01<00:00, 42.26it/s]
 80%|███████▉  | 63/79 [00:01<00:00, 39.34it/s]
 87%|████████▋ | 69/79 [00:01<00:00, 40.22it/s]
 95%|█████████▍| 75/79 [00:01<00:00, 40.65it/s]
100%|██████████| 79/79 [00:01<00:00, 39.77it/s]

CommRound: 9/30
Accuracy: 44.07% | Loss: 1.6801
[##################------------------------------------------] 30.0%
Elapsed: 1.5m | Avg/Round: 10.1s | Last: 9.7s | Next: 10.1s | Remaining: 3.6m
ETA: 20:01:34
Recent round times: R1: 10.0s -> R2: 10.1s -> R3: 10.1s -> R4: 9.8s -> R5: 9.7s

  0%|          | 0/79 [00:00<?, ?it/s]
  4%|▍         | 3/79 [00:00<00:03, 23.51it/s]
 10%|█         | 8/79 [00:00<00:02, 35.21it/s]
 15%|█▌        | 12/79 [00:00<00:01, 36.79it/s]
 20%|██        | 16/79 [00:00<00:01, 37.84it/s]
 27%|██▋       | 21/79 [00:00<00:01, 39.80it/s]
 33%|███▎      | 26/79 [00:00<00:01, 39.01it/s]
 39%|███▉      | 31/79 [00:00<00:01, 41.73it/s]
 46%|████▌     | 36/79 [00:00<00:01, 39.30it/s]
 52%|█████▏    | 41/79 [00:01<00:00, 42.09it/s]
 58%|█████▊    | 46/79 [00:01<00:00, 39.87it/s]
 66%|██████▌   | 52/79 [00:01<00:00, 40.57it/s]
 72%|███████▏  | 57/79 [00:01<00:00, 42.33it/s]
 78%|███████▊  | 62/79 [00:01<00:00, 39.31it/s]
 85%|████████▍ | 67/79 [00:01<00:00, 41.92it/s]
 91%|█████████ | 72/79 [00:01<00:00, 39.47it/s]
 99%|█████████▊| 78/79 [00:01<00:00, 39.92it/s]
100%|██████████| 79/79 [00:01<00:00, 39.77it/s]

CommRound: 10/30
Accuracy: 49.23% | Loss: 1.6231
[####################----------------------------------------] 33.3%
Elapsed: 1.7m | Avg/Round: 10.1s | Last: 9.8s | Next: 10.1s | Remaining: 3.4m
ETA: 20:01:33
Recent round times: R1: 10.1s -> R2: 10.1s -> R3: 9.8s -> R4: 9.7s -> R5: 9.8s

  0%|          | 0/79 [00:00<?, ?it/s]
  4%|▍         | 3/79 [00:00<00:03, 22.50it/s]
 10%|█         | 8/79 [00:00<00:02, 35.39it/s]
 15%|█▌        | 12/79 [00:00<00:01, 36.05it/s]
 20%|██        | 16/79 [00:00<00:01, 35.33it/s]
 25%|██▌       | 20/79 [00:00<00:01, 34.99it/s]
 30%|███       | 24/79 [00:00<00:01, 35.28it/s]
 35%|███▌      | 28/79 [00:00<00:01, 36.56it/s]
 41%|████      | 32/79 [00:00<00:01, 37.56it/s]
 46%|████▌     | 36/79 [00:00<00:01, 38.21it/s]
 51%|█████     | 40/79 [00:01<00:01, 38.51it/s]
 56%|█████▌    | 44/79 [00:01<00:00, 38.82it/s]
 62%|██████▏   | 49/79 [00:01<00:00, 41.94it/s]
 68%|██████▊   | 54/79 [00:01<00:00, 39.23it/s]
 75%|███████▍  | 59/79 [00:01<00:00, 41.90it/s]
 81%|████████  | 64/79 [00:01<00:00, 39.39it/s]
 89%|████████▊ | 70/79 [00:01<00:00, 40.03it/s]
 95%|█████████▍| 75/79 [00:01<00:00, 42.29it/s]
100%|██████████| 79/79 [00:02<00:00, 38.50it/s]

CommRound: 11/30
Accuracy: 54.95% | Loss: 1.4730
[######################--------------------------------------] 36.7%
Elapsed: 1.8m | Avg/Round: 10.1s | Last: 9.7s | Next: 10.1s | Remaining: 3.2m
ETA: 20:01:32
Recent round times: R1: 10.1s -> R2: 9.8s -> R3: 9.7s -> R4: 9.8s -> R5: 9.7s

  0%|          | 0/79 [00:00<?, ?it/s]
  3%|▎         | 2/79 [00:00<00:04, 19.24it/s]
  9%|▉         | 7/79 [00:00<00:02, 31.37it/s]
 14%|█▍        | 11/79 [00:00<00:01, 34.73it/s]
 20%|██        | 16/79 [00:00<00:01, 40.20it/s]
 27%|██▋       | 21/79 [00:00<00:01, 37.62it/s]
 32%|███▏      | 25/79 [00:00<00:01, 38.16it/s]
 38%|███▊      | 30/79 [00:00<00:01, 41.38it/s]
 44%|████▍     | 35/79 [00:00<00:01, 38.77it/s]
 52%|█████▏    | 41/79 [00:01<00:00, 39.66it/s]
 58%|█████▊    | 46/79 [00:01<00:00, 42.07it/s]
 65%|██████▍   | 51/79 [00:01<00:00, 39.62it/s]
 71%|███████   | 56/79 [00:01<00:00, 42.04it/s]
 77%|███████▋  | 61/79 [00:01<00:00, 39.22it/s]
 84%|████████▎ | 66/79 [00:01<00:00, 41.86it/s]
 90%|████████▉ | 71/79 [00:01<00:00, 39.42it/s]
 97%|█████████▋| 77/79 [00:01<00:00, 40.14it/s]
100%|██████████| 79/79 [00:01<00:00, 39.89it/s]

CommRound: 12/30
Accuracy: 54.96% | Loss: 1.4810
[########################------------------------------------] 40.0%
Elapsed: 2.0m | Avg/Round: 10.0s | Last: 9.8s | Next: 10.0s | Remaining: 3.0m
ETA: 20:01:31
Recent round times: R1: 9.8s -> R2: 9.7s -> R3: 9.8s -> R4: 9.7s -> R5: 9.8s

  0%|          | 0/79 [00:00<?, ?it/s]
  3%|▎         | 2/79 [00:00<00:03, 19.65it/s]
  9%|▉         | 7/79 [00:00<00:02, 31.01it/s]
 15%|█▌        | 12/79 [00:00<00:01, 38.39it/s]
 22%|██▏       | 17/79 [00:00<00:01, 36.87it/s]
 28%|██▊       | 22/79 [00:00<00:01, 40.70it/s]
 34%|███▍      | 27/79 [00:00<00:01, 38.34it/s]
 41%|████      | 32/79 [00:00<00:01, 41.56it/s]
 47%|████▋     | 37/79 [00:00<00:01, 39.33it/s]
 54%|█████▍    | 43/79 [00:01<00:00, 39.80it/s]
 62%|██████▏   | 49/79 [00:01<00:00, 40.52it/s]
 70%|██████▉   | 55/79 [00:01<00:00, 40.94it/s]
 77%|███████▋  | 61/79 [00:01<00:00, 41.12it/s]
 85%|████████▍ | 67/79 [00:01<00:00, 41.27it/s]
 92%|█████████▏| 73/79 [00:01<00:00, 41.45it/s]
100%|██████████| 79/79 [00:01<00:00, 45.48it/s]
100%|██████████| 79/79 [00:01<00:00, 40.48it/s]

CommRound: 13/30
Accuracy: 56.31% | Loss: 1.4390
[##########################----------------------------------] 43.3%
Elapsed: 2.2m | Avg/Round: 10.0s | Last: 9.7s | Next: 10.0s | Remaining: 2.8m
ETA: 20:01:30
Recent round times: R1: 9.7s -> R2: 9.8s -> R3: 9.7s -> R4: 9.8s -> R5: 9.7s

  0%|          | 0/79 [00:00<?, ?it/s]
  3%|▎         | 2/79 [00:00<00:04, 19.09it/s]
  8%|▊         | 6/79 [00:00<00:02, 30.85it/s]
 14%|█▍        | 11/79 [00:00<00:01, 37.66it/s]
 20%|██        | 16/79 [00:00<00:01, 38.82it/s]
 27%|██▋       | 21/79 [00:00<00:01, 40.79it/s]
 33%|███▎      | 26/79 [00:00<00:01, 40.93it/s]
 39%|███▉      | 31/79 [00:00<00:01, 41.70it/s]
 46%|████▌     | 36/79 [00:00<00:01, 41.97it/s]
 52%|█████▏    | 41/79 [00:01<00:00, 42.39it/s]
 58%|█████▊    | 46/79 [00:01<00:00, 42.19it/s]
 65%|██████▍   | 51/79 [00:01<00:00, 42.74it/s]
 71%|███████   | 56/79 [00:01<00:00, 42.03it/s]
 77%|███████▋  | 61/79 [00:01<00:00, 42.69it/s]
 84%|████████▎ | 66/79 [00:01<00:00, 42.38it/s]
 90%|████████▉ | 71/79 [00:01<00:00, 42.82it/s]
 96%|█████████▌| 76/79 [00:01<00:00, 42.04it/s]
100%|██████████| 79/79 [00:01<00:00, 41.30it/s]

CommRound: 14/30
Accuracy: 57.56% | Loss: 1.4125
[############################--------------------------------] 46.7%
Elapsed: 2.3m | Avg/Round: 10.0s | Last: 9.6s | Next: 10.0s | Remaining: 2.7m
ETA: 20:01:29
Recent round times: R1: 9.8s -> R2: 9.7s -> R3: 9.8s -> R4: 9.7s -> R5: 9.6s

  0%|          | 0/79 [00:00<?, ?it/s]
  1%|▏         | 1/79 [00:00<00:08,  9.59it/s]
  6%|▋         | 5/79 [00:00<00:02, 27.14it/s]
 11%|█▏        | 9/79 [00:00<00:02, 31.30it/s]
 16%|█▋        | 13/79 [00:00<00:01, 33.15it/s]
 22%|██▏       | 17/79 [00:00<00:01, 33.90it/s]
 27%|██▋       | 21/79 [00:00<00:01, 34.45it/s]
 32%|███▏      | 25/79 [00:00<00:01, 34.41it/s]
 37%|███▋      | 29/79 [00:00<00:01, 34.76it/s]
 42%|████▏     | 33/79 [00:00<00:01, 34.87it/s]
 47%|████▋     | 37/79 [00:01<00:01, 34.92it/s]
 52%|█████▏    | 41/79 [00:01<00:01, 35.11it/s]
 57%|█████▋    | 45/79 [00:01<00:00, 35.39it/s]
 62%|██████▏   | 49/79 [00:01<00:00, 35.39it/s]
 67%|██████▋   | 53/79 [00:01<00:00, 35.32it/s]
 72%|███████▏  | 57/79 [00:01<00:00, 35.24it/s]
 77%|███████▋  | 61/79 [00:01<00:00, 35.06it/s]
 82%|████████▏ | 65/79 [00:01<00:00, 35.26it/s]
 87%|████████▋ | 69/79 [00:02<00:00, 35.37it/s]
 92%|█████████▏| 73/79 [00:02<00:00, 35.28it/s]
 97%|█████████▋| 77/79 [00:02<00:00, 35.36it/s]
100%|██████████| 79/79 [00:02<00:00, 34.88it/s]

CommRound: 15/30
Accuracy: 58.46% | Loss: 1.3844
[##############################------------------------------] 50.0%
Elapsed: 2.5m | Avg/Round: 10.0s | Last: 10.0s | Next: 10.0s | Remaining: 2.5m
ETA: 20:01:29
Recent round times: R1: 9.7s -> R2: 9.8s -> R3: 9.7s -> R4: 9.6s -> R5: 10.0s

  0%|          | 0/79 [00:00<?, ?it/s]
  1%|▏         | 1/79 [00:00<00:07,  9.97it/s]
  9%|▉         | 7/79 [00:00<00:02, 31.84it/s]
 14%|█▍        | 11/79 [00:00<00:01, 35.07it/s]
 19%|█▉        | 15/79 [00:00<00:01, 36.39it/s]
 24%|██▍       | 19/79 [00:00<00:01, 37.57it/s]
 30%|███       | 24/79 [00:00<00:01, 41.56it/s]
 37%|███▋      | 29/79 [00:00<00:01, 39.02it/s]
 43%|████▎     | 34/79 [00:00<00:01, 42.09it/s]
 49%|████▉     | 39/79 [00:01<00:01, 39.10it/s]
 56%|█████▌    | 44/79 [00:01<00:00, 41.69it/s]
 62%|██████▏   | 49/79 [00:01<00:00, 38.99it/s]
 70%|██████▉   | 55/79 [00:01<00:00, 39.74it/s]
 77%|███████▋  | 61/79 [00:01<00:00, 40.25it/s]
 85%|████████▍ | 67/79 [00:01<00:00, 40.63it/s]
 91%|█████████ | 72/79 [00:01<00:00, 42.59it/s]
 97%|█████████▋| 77/79 [00:01<00:00, 40.15it/s]
100%|██████████| 79/79 [00:01<00:00, 39.74it/s]

CommRound: 16/30
Accuracy: 59.50% | Loss: 1.3387
[################################----------------------------] 53.3%
Elapsed: 2.7m | Avg/Round: 10.0s | Last: 9.8s | Next: 10.0s | Remaining: 2.3m
ETA: 20:01:29
Recent round times: R1: 9.8s -> R2: 9.7s -> R3: 9.6s -> R4: 10.0s -> R5: 9.8s

  0%|          | 0/79 [00:00<?, ?it/s]
  4%|▍         | 3/79 [00:00<00:03, 22.36it/s]
 10%|█         | 8/79 [00:00<00:01, 36.26it/s]
 16%|█▋        | 13/79 [00:00<00:01, 35.66it/s]
 24%|██▍       | 19/79 [00:00<00:01, 38.30it/s]
 32%|███▏      | 25/79 [00:00<00:01, 39.42it/s]
 39%|███▉      | 31/79 [00:00<00:01, 39.98it/s]
 47%|████▋     | 37/79 [00:00<00:01, 40.67it/s]
 53%|█████▎    | 42/79 [00:01<00:00, 42.28it/s]
 59%|█████▉    | 47/79 [00:01<00:00, 40.36it/s]
 67%|██████▋   | 53/79 [00:01<00:00, 40.81it/s]
 75%|███████▍  | 59/79 [00:01<00:00, 41.18it/s]
 82%|████████▏ | 65/79 [00:01<00:00, 41.48it/s]
 90%|████████▉ | 71/79 [00:01<00:00, 41.64it/s]
 97%|█████████▋| 77/79 [00:01<00:00, 41.73it/s]
100%|██████████| 79/79 [00:01<00:00, 40.80it/s]

CommRound: 17/30
Accuracy: 57.70% | Loss: 1.3751
[##################################--------------------------] 56.7%
Elapsed: 2.8m | Avg/Round: 10.0s | Last: 9.7s | Next: 10.0s | Remaining: 2.2m
ETA: 20:01:28
Recent round times: R1: 9.7s -> R2: 9.6s -> R3: 10.0s -> R4: 9.8s -> R5: 9.7s

  0%|          | 0/79 [00:00<?, ?it/s]
  4%|▍         | 3/79 [00:00<00:03, 22.68it/s]
  9%|▉         | 7/79 [00:00<00:02, 31.21it/s]
 15%|█▌        | 12/79 [00:00<00:01, 36.44it/s]
 20%|██        | 16/79 [00:00<00:01, 37.28it/s]
 25%|██▌       | 20/79 [00:00<00:01, 37.73it/s]
 30%|███       | 24/79 [00:00<00:01, 38.11it/s]
 35%|███▌      | 28/79 [00:00<00:01, 38.54it/s]
 41%|████      | 32/79 [00:00<00:01, 38.82it/s]
 46%|████▌     | 36/79 [00:00<00:01, 38.84it/s]
 51%|█████     | 40/79 [00:01<00:01, 38.88it/s]
 57%|█████▋    | 45/79 [00:01<00:00, 41.75it/s]
 63%|██████▎   | 50/79 [00:01<00:00, 39.59it/s]
 70%|██████▉   | 55/79 [00:01<00:00, 42.29it/s]
 76%|███████▌  | 60/79 [00:01<00:00, 39.98it/s]
 82%|████████▏ | 65/79 [00:01<00:00, 41.83it/s]
 89%|████████▊ | 70/79 [00:01<00:00, 40.16it/s]
 95%|█████████▍| 75/79 [00:01<00:00, 41.85it/s]
100%|██████████| 79/79 [00:02<00:00, 39.39it/s]

CommRound: 18/30
Accuracy: 58.89% | Loss: 1.3194
[####################################------------------------] 60.0%
Elapsed: 3.0m | Avg/Round: 10.0s | Last: 9.8s | Next: 10.0s | Remaining: 2.0m
ETA: 20:01:28
Recent round times: R1: 9.6s -> R2: 10.0s -> R3: 9.8s -> R4: 9.7s -> R5: 9.8s

  0%|          | 0/79 [00:00<?, ?it/s]
  3%|▎         | 2/79 [00:00<00:03, 19.98it/s]
  9%|▉         | 7/79 [00:00<00:02, 30.43it/s]
 14%|█▍        | 11/79 [00:00<00:01, 34.14it/s]
 20%|██        | 16/79 [00:00<00:01, 39.74it/s]
 27%|██▋       | 21/79 [00:00<00:01, 37.35it/s]
 32%|███▏      | 25/79 [00:00<00:01, 38.02it/s]
 37%|███▋      | 29/79 [00:00<00:01, 38.59it/s]
 42%|████▏     | 33/79 [00:00<00:01, 37.92it/s]
 47%|████▋     | 37/79 [00:01<00:01, 37.79it/s]
 52%|█████▏    | 41/79 [00:01<00:01, 37.09it/s]
 57%|█████▋    | 45/79 [00:01<00:00, 37.19it/s]
 63%|██████▎   | 50/79 [00:01<00:00, 40.61it/s]
 70%|██████▉   | 55/79 [00:01<00:00, 38.24it/s]
 75%|███████▍  | 59/79 [00:01<00:00, 38.70it/s]
 81%|████████  | 64/79 [00:01<00:00, 41.77it/s]
 87%|████████▋ | 69/79 [00:01<00:00, 39.18it/s]
 94%|█████████▎| 74/79 [00:01<00:00, 42.02it/s]
100%|██████████| 79/79 [00:02<00:00, 38.91it/s]

CommRound: 19/30
Accuracy: 60.52% | Loss: 1.2571
[######################################----------------------] 63.3%
Elapsed: 3.2m | Avg/Round: 10.0s | Last: 10.7s | Next: 10.0s | Remaining: 1.8m
ETA: 20:01:29
Recent round times: R1: 10.0s -> R2: 9.8s -> R3: 9.7s -> R4: 9.8s -> R5: 10.7s

  0%|          | 0/79 [00:00<?, ?it/s]
  3%|▎         | 2/79 [00:00<00:03, 19.93it/s]
  9%|▉         | 7/79 [00:00<00:02, 31.45it/s]
 15%|█▌        | 12/79 [00:00<00:01, 38.05it/s]
 22%|██▏       | 17/79 [00:00<00:01, 37.16it/s]
 28%|██▊       | 22/79 [00:00<00:01, 39.82it/s]
 34%|███▍      | 27/79 [00:00<00:01, 38.59it/s]
 39%|███▉      | 31/79 [00:00<00:01, 38.90it/s]
 44%|████▍     | 35/79 [00:00<00:01, 39.14it/s]
 49%|████▉     | 39/79 [00:01<00:01, 39.37it/s]
 54%|█████▍    | 43/79 [00:01<00:00, 39.52it/s]
 59%|█████▉    | 47/79 [00:01<00:00, 39.58it/s]
 66%|██████▌   | 52/79 [00:01<00:00, 40.62it/s]
 72%|███████▏  | 57/79 [00:01<00:00, 40.00it/s]
 78%|███████▊  | 62/79 [00:01<00:00, 42.56it/s]
 85%|████████▍ | 67/79 [00:01<00:00, 39.80it/s]
 92%|█████████▏| 73/79 [00:01<00:00, 40.32it/s]
100%|██████████| 79/79 [00:01<00:00, 44.84it/s]
100%|██████████| 79/79 [00:01<00:00, 39.84it/s]

CommRound: 20/30
Accuracy: 59.71% | Loss: 1.2874
[########################################--------------------] 66.7%
Elapsed: 3.3m | Avg/Round: 10.0s | Last: 9.7s | Next: 10.0s | Remaining: 1.7m
ETA: 20:01:29
Recent round times: R1: 9.8s -> R2: 9.7s -> R3: 9.8s -> R4: 10.7s -> R5: 9.7s

  0%|          | 0/79 [00:00<?, ?it/s]
  3%|▎         | 2/79 [00:00<00:03, 19.89it/s]
  9%|▉         | 7/79 [00:00<00:02, 32.19it/s]
 15%|█▌        | 12/79 [00:00<00:01, 38.66it/s]
 22%|██▏       | 17/79 [00:00<00:01, 37.10it/s]
 28%|██▊       | 22/79 [00:00<00:01, 40.77it/s]
 34%|███▍      | 27/79 [00:00<00:01, 38.82it/s]
 41%|████      | 32/79 [00:00<00:01, 41.53it/s]
 47%|████▋     | 37/79 [00:00<00:01, 39.79it/s]
 53%|█████▎    | 42/79 [00:01<00:00, 41.99it/s]
 59%|█████▉    | 47/79 [00:01<00:00, 40.01it/s]
 66%|██████▌   | 52/79 [00:01<00:00, 41.74it/s]
 72%|███████▏  | 57/79 [00:01<00:00, 39.81it/s]
 78%|███████▊  | 62/79 [00:01<00:00, 42.00it/s]
 85%|████████▍ | 67/79 [00:01<00:00, 39.77it/s]
 91%|█████████ | 72/79 [00:01<00:00, 42.00it/s]
 97%|█████████▋| 77/79 [00:01<00:00, 39.47it/s]
100%|██████████| 79/79 [00:01<00:00, 40.20it/s]

CommRound: 21/30
Accuracy: 57.82% | Loss: 1.3797
[##########################################------------------] 70.0%
Elapsed: 3.5m | Avg/Round: 10.0s | Last: 9.7s | Next: 10.0s | Remaining: 1.5m
ETA: 20:01:29
Recent round times: R1: 9.7s -> R2: 9.8s -> R3: 10.7s -> R4: 9.7s -> R5: 9.7s

  0%|          | 0/79 [00:00<?, ?it/s]
  4%|▍         | 3/79 [00:00<00:03, 23.35it/s]
 10%|█         | 8/79 [00:00<00:01, 35.91it/s]
 16%|█▋        | 13/79 [00:00<00:01, 37.13it/s]
 23%|██▎       | 18/79 [00:00<00:01, 41.06it/s]
 29%|██▉       | 23/79 [00:00<00:01, 39.56it/s]
 37%|███▋      | 29/79 [00:00<00:01, 41.44it/s]
 43%|████▎     | 34/79 [00:00<00:01, 43.74it/s]
 49%|████▉     | 39/79 [00:00<00:00, 41.21it/s]
 56%|█████▌    | 44/79 [00:01<00:00, 43.42it/s]
 62%|██████▏   | 49/79 [00:01<00:00, 39.88it/s]
 68%|██████▊   | 54/79 [00:01<00:00, 37.15it/s]
 75%|███████▍  | 59/79 [00:01<00:00, 39.46it/s]
 82%|████████▏ | 65/79 [00:01<00:00, 40.60it/s]
 89%|████████▊ | 70/79 [00:01<00:00, 42.89it/s]
 95%|█████████▍| 75/79 [00:01<00:00, 40.88it/s]
100%|██████████| 79/79 [00:01<00:00, 40.84it/s]

CommRound: 22/30
Accuracy: 54.49% | Loss: 1.4969
[############################################----------------] 73.3%
Elapsed: 3.7m | Avg/Round: 10.0s | Last: 9.8s | Next: 10.0s | Remaining: 1.3m
ETA: 20:01:28
Recent round times: R1: 9.8s -> R2: 10.7s -> R3: 9.7s -> R4: 9.7s -> R5: 9.8s

  0%|          | 0/79 [00:00<?, ?it/s]
  3%|▎         | 2/79 [00:00<00:03, 19.62it/s]
  9%|▉         | 7/79 [00:00<00:02, 30.02it/s]
 15%|█▌        | 12/79 [00:00<00:01, 38.02it/s]
 22%|██▏       | 17/79 [00:00<00:01, 36.57it/s]
 27%|██▋       | 21/79 [00:00<00:01, 37.56it/s]
 33%|███▎      | 26/79 [00:00<00:01, 39.78it/s]
 39%|███▉      | 31/79 [00:00<00:01, 38.77it/s]
 46%|████▌     | 36/79 [00:00<00:01, 38.09it/s]
 51%|█████     | 40/79 [00:01<00:01, 38.39it/s]
 56%|█████▌    | 44/79 [00:01<00:00, 38.45it/s]
 63%|██████▎   | 50/79 [00:01<00:00, 39.70it/s]
 71%|███████   | 56/79 [00:01<00:00, 40.74it/s]
 77%|███████▋  | 61/79 [00:01<00:00, 43.07it/s]
 84%|████████▎ | 66/79 [00:01<00:00, 40.95it/s]
 90%|████████▉ | 71/79 [00:01<00:00, 42.75it/s]
 96%|█████████▌| 76/79 [00:01<00:00, 41.09it/s]
100%|██████████| 79/79 [00:01<00:00, 39.59it/s]

CommRound: 23/30
Accuracy: 54.86% | Loss: 1.4545
[##############################################--------------] 76.7%
Elapsed: 3.8m | Avg/Round: 10.0s | Last: 9.8s | Next: 10.0s | Remaining: 1.2m
ETA: 20:01:28
Recent round times: R1: 10.7s -> R2: 9.7s -> R3: 9.7s -> R4: 9.8s -> R5: 9.8s

  0%|          | 0/79 [00:00<?, ?it/s]
  3%|▎         | 2/79 [00:00<00:03, 19.67it/s]
  9%|▉         | 7/79 [00:00<00:02, 31.21it/s]
 16%|█▋        | 13/79 [00:00<00:01, 36.55it/s]
 24%|██▍       | 19/79 [00:00<00:01, 38.29it/s]
 32%|███▏      | 25/79 [00:00<00:01, 39.48it/s]
 39%|███▉      | 31/79 [00:00<00:01, 40.44it/s]
 47%|████▋     | 37/79 [00:00<00:01, 41.07it/s]
 54%|█████▍    | 43/79 [00:01<00:00, 41.51it/s]
 62%|██████▏   | 49/79 [00:01<00:00, 41.61it/s]
 70%|██████▉   | 55/79 [00:01<00:00, 41.83it/s]
 77%|███████▋  | 61/79 [00:01<00:00, 41.80it/s]
 85%|████████▍ | 67/79 [00:01<00:00, 41.56it/s]
 92%|█████████▏| 73/79 [00:01<00:00, 41.67it/s]
100%|██████████| 79/79 [00:01<00:00, 45.80it/s]
100%|██████████| 79/79 [00:01<00:00, 40.96it/s]

CommRound: 24/30
Accuracy: 57.99% | Loss: 1.3948
[################################################------------] 80.0%
Elapsed: 4.0m | Avg/Round: 9.9s | Last: 9.6s | Next: 9.9s | Remaining: 1.0m
ETA: 20:01:28
Recent round times: R1: 9.7s -> R2: 9.7s -> R3: 9.8s -> R4: 9.8s -> R5: 9.6s
EARLY_STOP: round=24; best_acc=60.52; current_acc=57.99; threshold=90.00; patience=5; reason=converged_below_target
Total time for experiment: 238.48862314224243 seconds
Device average training time per communication round [s]:
    rpi (sld-rpi-09.ece.utexas.edu): 4.84 seconds
    mc1 (sld-mc1-09.ece.utexas.edu): 2.81 seconds
