Connecting to sld-rpi-09.ece.utexas.edu...
Successfully fetched dev0_pow_temp_log_exp103_run1.csv.
Connecting to sld-rpi-09.ece.utexas.edu...
Successfully fetched dev0_communication_log_exp103_run1.csv.
Connecting to sld-mc1-09.ece.utexas.edu...
Successfully fetched dev1_pow_temp_log_exp103_run1.csv.
Connecting to sld-mc1-09.ece.utexas.edu...
Successfully fetched dev1_communication_log_exp103_run1.csv.

Exp103
Experiment 103: 
	Global test accuracy [%]: 86.02 %
	No round found where all subsequent rounds have accuracy >= 90.00%.
	Average time per communication round [s]: 42.63 seconds
	Total wall clock time [s]: 258.15 seconds


Experiment 103:
	RPi avg. energy consumption per round [J]: 152.53 Joules
	MC1 avg. energy consumption per round [J]: 293.93 Joules
	Total avg. energy consumption per communication round [J]: 446.46 Joules
	Avg. amount of communicated data per communication round [MB]: 0.59 MB
	RPi avg. power consumption per round [W]: 5.84 Watts
	MC1 avg. power consumption per round [W]: 7.49 Watts
