
  0%|          | 0/79 [00:00<?, ?it/s]
  3%|▎         | 2/79 [00:00<00:04, 18.09it/s]
  9%|▉         | 7/79 [00:00<00:02, 31.22it/s]
 15%|█▌        | 12/79 [00:00<00:01, 37.04it/s]
 22%|██▏       | 17/79 [00:00<00:01, 36.70it/s]
 28%|██▊       | 22/79 [00:00<00:01, 38.08it/s]
 33%|███▎      | 26/79 [00:00<00:01, 37.46it/s]
 38%|███▊      | 30/79 [00:00<00:01, 37.31it/s]
 43%|████▎     | 34/79 [00:00<00:01, 37.16it/s]
 48%|████▊     | 38/79 [00:01<00:01, 36.99it/s]
 53%|█████▎    | 42/79 [00:01<00:01, 36.57it/s]
 59%|█████▉    | 47/79 [00:01<00:00, 39.71it/s]
 65%|██████▍   | 51/79 [00:01<00:00, 39.21it/s]
 70%|██████▉   | 55/79 [00:01<00:00, 38.24it/s]
 75%|███████▍  | 59/79 [00:01<00:00, 36.23it/s]
 80%|███████▉  | 63/79 [00:01<00:00, 36.39it/s]
 86%|████████▌ | 68/79 [00:01<00:00, 36.60it/s]
 92%|█████████▏| 73/79 [00:01<00:00, 39.57it/s]
 99%|█████████▊| 78/79 [00:02<00:00, 38.57it/s]
100%|██████████| 79/79 [00:02<00:00, 37.44it/s]
Initial Accuracy: 10.28%; Initial Loss: 2.3127

  0%|          | 0/79 [00:00<?, ?it/s]
  3%|▎         | 2/79 [00:00<00:04, 18.32it/s]
  6%|▋         | 5/79 [00:00<00:02, 24.91it/s]
 11%|█▏        | 9/79 [00:00<00:02, 28.98it/s]
 16%|█▋        | 13/79 [00:00<00:02, 30.69it/s]
 22%|██▏       | 17/79 [00:00<00:01, 31.52it/s]
 27%|██▋       | 21/79 [00:00<00:01, 31.99it/s]
 32%|███▏      | 25/79 [00:00<00:01, 32.36it/s]
 37%|███▋      | 29/79 [00:00<00:01, 32.53it/s]
 42%|████▏     | 33/79 [00:01<00:01, 32.36it/s]
 47%|████▋     | 37/79 [00:01<00:01, 31.90it/s]
 52%|█████▏    | 41/79 [00:01<00:01, 31.49it/s]
 57%|█████▋    | 45/79 [00:01<00:01, 31.25it/s]
 62%|██████▏   | 49/79 [00:01<00:00, 31.59it/s]
 67%|██████▋   | 53/79 [00:01<00:00, 31.62it/s]
 72%|███████▏  | 57/79 [00:01<00:00, 32.66it/s]
 77%|███████▋  | 61/79 [00:01<00:00, 31.66it/s]
 82%|████████▏ | 65/79 [00:02<00:00, 32.68it/s]
 87%|████████▋ | 69/79 [00:02<00:00, 34.26it/s]
 94%|█████████▎| 74/79 [00:02<00:00, 35.25it/s]
100%|██████████| 79/79 [00:02<00:00, 38.39it/s]
100%|██████████| 79/79 [00:02<00:00, 32.65it/s]

CommRound: 1/30
Accuracy: 10.28% | Loss: 2.7022
[##----------------------------------------------------------] 3.3%
Elapsed: 0.3m | Avg/Round: 16.5s | Last: 14.3s | Next: 16.5s | Remaining: 8.0m
ETA: 12:25:43
Recent round times: R1: 14.3s

  0%|          | 0/79 [00:00<?, ?it/s]
  1%|▏         | 1/79 [00:00<00:08,  9.19it/s]
  5%|▌         | 4/79 [00:00<00:04, 18.59it/s]
  8%|▊         | 6/79 [00:00<00:04, 16.20it/s]
 13%|█▎        | 10/79 [00:00<00:02, 23.11it/s]
 16%|█▋        | 13/79 [00:00<00:02, 22.48it/s]
 20%|██        | 16/79 [00:00<00:02, 22.55it/s]
 24%|██▍       | 19/79 [00:01<00:04, 14.84it/s]
 27%|██▋       | 21/79 [00:01<00:04, 13.70it/s]
 29%|██▉       | 23/79 [00:01<00:04, 13.91it/s]
 33%|███▎      | 26/79 [00:01<00:03, 16.24it/s]
 39%|███▉      | 31/79 [00:01<00:02, 22.41it/s]
 44%|████▍     | 35/79 [00:01<00:01, 25.15it/s]
 48%|████▊     | 38/79 [00:01<00:01, 26.19it/s]
 53%|█████▎    | 42/79 [00:02<00:01, 28.99it/s]
 58%|█████▊    | 46/79 [00:02<00:01, 30.21it/s]
 63%|██████▎   | 50/79 [00:02<00:00, 31.04it/s]
 68%|██████▊   | 54/79 [00:02<00:00, 31.49it/s]
 73%|███████▎  | 58/79 [00:02<00:00, 32.27it/s]
 78%|███████▊  | 62/79 [00:02<00:00, 33.24it/s]
 84%|████████▎ | 66/79 [00:02<00:00, 33.63it/s]
 89%|████████▊ | 70/79 [00:02<00:00, 34.39it/s]
 94%|█████████▎| 74/79 [00:02<00:00, 33.83it/s]
 99%|█████████▊| 78/79 [00:03<00:00, 35.03it/s]
100%|██████████| 79/79 [00:03<00:00, 25.66it/s]

CommRound: 2/30
Accuracy: 10.28% | Loss: 2.8505
[####--------------------------------------------------------] 6.7%
Elapsed: 0.5m | Avg/Round: 15.8s | Last: 15.2s | Next: 15.8s | Remaining: 7.4m
ETA: 12:25:24
Recent round times: R1: 14.3s -> R2: 15.2s

  0%|          | 0/79 [00:00<?, ?it/s]
  1%|▏         | 1/79 [00:00<00:08,  9.34it/s]
  6%|▋         | 5/79 [00:00<00:02, 24.82it/s]
 10%|█         | 8/79 [00:00<00:02, 25.59it/s]
 15%|█▌        | 12/79 [00:00<00:02, 29.08it/s]
 20%|██        | 16/79 [00:00<00:02, 30.41it/s]
 25%|██▌       | 20/79 [00:00<00:01, 32.06it/s]
 30%|███       | 24/79 [00:00<00:01, 33.12it/s]
 35%|███▌      | 28/79 [00:00<00:01, 33.86it/s]
 41%|████      | 32/79 [00:01<00:01, 34.41it/s]
 46%|████▌     | 36/79 [00:01<00:01, 34.53it/s]
 51%|█████     | 40/79 [00:01<00:01, 34.86it/s]
 56%|█████▌    | 44/79 [00:01<00:01, 34.33it/s]
 61%|██████    | 48/79 [00:01<00:00, 35.20it/s]
 66%|██████▌   | 52/79 [00:01<00:00, 35.25it/s]
 71%|███████   | 56/79 [00:01<00:00, 35.13it/s]
 76%|███████▌  | 60/79 [00:01<00:00, 35.12it/s]
 81%|████████  | 64/79 [00:01<00:00, 35.13it/s]
 86%|████████▌ | 68/79 [00:02<00:00, 34.95it/s]
 91%|█████████ | 72/79 [00:02<00:00, 34.03it/s]
 96%|█████████▌| 76/79 [00:02<00:00, 34.34it/s]
100%|██████████| 79/79 [00:02<00:00, 33.44it/s]

CommRound: 3/30
Accuracy: 10.55% | Loss: 2.8931
[######------------------------------------------------------] 10.0%
Elapsed: 0.8m | Avg/Round: 15.4s | Last: 14.6s | Next: 15.4s | Remaining: 6.9m
ETA: 12:25:11
Recent round times: R1: 14.3s -> R2: 15.2s -> R3: 14.6s

  0%|          | 0/79 [00:00<?, ?it/s]
  1%|▏         | 1/79 [00:00<00:08,  8.86it/s]
  6%|▋         | 5/79 [00:00<00:02, 24.73it/s]
 11%|█▏        | 9/79 [00:00<00:02, 30.63it/s]
 16%|█▋        | 13/79 [00:00<00:02, 31.49it/s]
 22%|██▏       | 17/79 [00:00<00:01, 31.76it/s]
 27%|██▋       | 21/79 [00:00<00:01, 32.67it/s]
 32%|███▏      | 25/79 [00:00<00:01, 33.37it/s]
 37%|███▋      | 29/79 [00:00<00:01, 32.87it/s]
 42%|████▏     | 33/79 [00:01<00:01, 32.87it/s]
 47%|████▋     | 37/79 [00:01<00:01, 33.39it/s]
 52%|█████▏    | 41/79 [00:01<00:01, 33.37it/s]
 57%|█████▋    | 45/79 [00:01<00:01, 29.64it/s]
 62%|██████▏   | 49/79 [00:01<00:01, 29.62it/s]
 67%|██████▋   | 53/79 [00:01<00:00, 30.25it/s]
 72%|███████▏  | 57/79 [00:01<00:00, 30.96it/s]
 77%|███████▋  | 61/79 [00:01<00:00, 31.82it/s]
 82%|████████▏ | 65/79 [00:02<00:00, 31.39it/s]
 87%|████████▋ | 69/79 [00:02<00:00, 31.15it/s]
 92%|█████████▏| 73/79 [00:02<00:00, 31.10it/s]
 97%|█████████▋| 77/79 [00:02<00:00, 30.51it/s]
100%|██████████| 79/79 [00:02<00:00, 31.17it/s]

CommRound: 4/30
Accuracy: 11.05% | Loss: 2.9150
[########----------------------------------------------------] 13.3%
Elapsed: 1.0m | Avg/Round: 15.2s | Last: 14.7s | Next: 15.2s | Remaining: 6.6m
ETA: 12:25:05
Recent round times: R1: 14.3s -> R2: 15.2s -> R3: 14.6s -> R4: 14.7s

  0%|          | 0/79 [00:00<?, ?it/s]
  3%|▎         | 2/79 [00:00<00:04, 16.86it/s]
  8%|▊         | 6/79 [00:00<00:02, 27.03it/s]
 11%|█▏        | 9/79 [00:00<00:02, 28.01it/s]
 16%|█▋        | 13/79 [00:00<00:02, 29.76it/s]
 22%|██▏       | 17/79 [00:00<00:01, 31.74it/s]
 27%|██▋       | 21/79 [00:00<00:01, 31.69it/s]
 32%|███▏      | 25/79 [00:00<00:01, 32.95it/s]
 37%|███▋      | 29/79 [00:00<00:01, 33.78it/s]
 42%|████▏     | 33/79 [00:01<00:01, 34.22it/s]
 47%|████▋     | 37/79 [00:01<00:01, 33.79it/s]
 52%|█████▏    | 41/79 [00:01<00:01, 33.90it/s]
 57%|█████▋    | 45/79 [00:01<00:00, 34.00it/s]
 62%|██████▏   | 49/79 [00:01<00:00, 34.21it/s]
 67%|██████▋   | 53/79 [00:01<00:00, 33.82it/s]
 72%|███████▏  | 57/79 [00:01<00:00, 33.88it/s]
 77%|███████▋  | 61/79 [00:01<00:00, 34.22it/s]
 82%|████████▏ | 65/79 [00:01<00:00, 34.29it/s]
 87%|████████▋ | 69/79 [00:02<00:00, 34.09it/s]
 92%|█████████▏| 73/79 [00:02<00:00, 35.44it/s]
 97%|█████████▋| 77/79 [00:02<00:00, 36.22it/s]
100%|██████████| 79/79 [00:02<00:00, 33.58it/s]

CommRound: 5/30
Accuracy: 11.64% | Loss: 2.9305
[##########--------------------------------------------------] 16.7%
Elapsed: 1.3m | Avg/Round: 15.1s | Last: 14.5s | Next: 15.1s | Remaining: 6.3m
ETA: 12:25:01
Recent round times: R1: 14.3s -> R2: 15.2s -> R3: 14.6s -> R4: 14.7s -> R5: 14.5s

  0%|          | 0/79 [00:00<?, ?it/s]
  1%|▏         | 1/79 [00:00<00:08,  9.31it/s]
  6%|▋         | 5/79 [00:00<00:03, 23.77it/s]
 11%|█▏        | 9/79 [00:00<00:02, 28.65it/s]
 16%|█▋        | 13/79 [00:00<00:02, 30.24it/s]
 22%|██▏       | 17/79 [00:00<00:01, 31.89it/s]
 27%|██▋       | 21/79 [00:00<00:01, 32.05it/s]
 32%|███▏      | 25/79 [00:00<00:01, 30.17it/s]
 37%|███▋      | 29/79 [00:00<00:01, 30.20it/s]
 42%|████▏     | 33/79 [00:01<00:01, 31.14it/s]
 47%|████▋     | 37/79 [00:01<00:01, 31.74it/s]
 52%|█████▏    | 41/79 [00:01<00:01, 32.38it/s]
 57%|█████▋    | 45/79 [00:01<00:01, 32.83it/s]
 63%|██████▎   | 50/79 [00:01<00:00, 35.30it/s]
 68%|██████▊   | 54/79 [00:01<00:00, 34.19it/s]
 73%|███████▎  | 58/79 [00:01<00:00, 34.23it/s]
 78%|███████▊  | 62/79 [00:01<00:00, 34.73it/s]
 84%|████████▎ | 66/79 [00:02<00:00, 34.10it/s]
 89%|████████▊ | 70/79 [00:02<00:00, 33.85it/s]
 94%|█████████▎| 74/79 [00:02<00:00, 33.92it/s]
 99%|█████████▊| 78/79 [00:02<00:00, 34.26it/s]
100%|██████████| 79/79 [00:02<00:00, 32.35it/s]

CommRound: 6/30
Accuracy: 12.20% | Loss: 2.9421
[############------------------------------------------------] 20.0%
Elapsed: 1.5m | Avg/Round: 15.0s | Last: 14.7s | Next: 15.0s | Remaining: 6.0m
ETA: 12:24:59
Recent round times: R1: 15.2s -> R2: 14.6s -> R3: 14.7s -> R4: 14.5s -> R5: 14.7s

  0%|          | 0/79 [00:00<?, ?it/s]
  1%|▏         | 1/79 [00:00<00:07,  9.79it/s]
  6%|▋         | 5/79 [00:00<00:02, 25.63it/s]
 10%|█         | 8/79 [00:00<00:02, 24.98it/s]
 15%|█▌        | 12/79 [00:00<00:02, 28.21it/s]
 20%|██        | 16/79 [00:00<00:02, 29.81it/s]
 25%|██▌       | 20/79 [00:00<00:01, 30.76it/s]
 30%|███       | 24/79 [00:00<00:01, 31.45it/s]
 35%|███▌      | 28/79 [00:00<00:01, 32.05it/s]
 41%|████      | 32/79 [00:01<00:01, 32.00it/s]
 46%|████▌     | 36/79 [00:01<00:01, 32.39it/s]
 51%|█████     | 40/79 [00:01<00:01, 32.53it/s]
 56%|█████▌    | 44/79 [00:01<00:01, 32.22it/s]
 61%|██████    | 48/79 [00:01<00:00, 31.82it/s]
 66%|██████▌   | 52/79 [00:01<00:00, 31.78it/s]
 71%|███████   | 56/79 [00:01<00:00, 31.74it/s]
 76%|███████▌  | 60/79 [00:01<00:00, 31.98it/s]
 81%|████████  | 64/79 [00:02<00:00, 32.55it/s]
 86%|████████▌ | 68/79 [00:02<00:00, 32.11it/s]
 91%|█████████ | 72/79 [00:02<00:00, 32.41it/s]
 96%|█████████▌| 76/79 [00:02<00:00, 32.03it/s]
100%|██████████| 79/79 [00:02<00:00, 30.93it/s]

CommRound: 7/30
Accuracy: 12.51% | Loss: 2.9508
[##############----------------------------------------------] 23.3%
Elapsed: 1.8m | Avg/Round: 15.0s | Last: 14.9s | Next: 15.0s | Remaining: 5.8m
ETA: 12:24:59
Recent round times: R1: 14.6s -> R2: 14.7s -> R3: 14.5s -> R4: 14.7s -> R5: 14.9s

  0%|          | 0/79 [00:00<?, ?it/s]
  3%|▎         | 2/79 [00:00<00:04, 17.79it/s]
  6%|▋         | 5/79 [00:00<00:03, 24.44it/s]
 11%|█▏        | 9/79 [00:00<00:02, 29.17it/s]
 16%|█▋        | 13/79 [00:00<00:02, 30.88it/s]
 22%|██▏       | 17/79 [00:00<00:01, 31.99it/s]
 27%|██▋       | 21/79 [00:00<00:01, 32.88it/s]
 32%|███▏      | 25/79 [00:00<00:01, 33.02it/s]
 37%|███▋      | 29/79 [00:00<00:01, 33.19it/s]
 42%|████▏     | 33/79 [00:01<00:01, 33.31it/s]
 47%|████▋     | 37/79 [00:01<00:01, 33.62it/s]
 52%|█████▏    | 41/79 [00:01<00:01, 33.73it/s]
 57%|█████▋    | 45/79 [00:01<00:01, 33.79it/s]
 62%|██████▏   | 49/79 [00:01<00:00, 34.21it/s]
 67%|██████▋   | 53/79 [00:01<00:00, 34.33it/s]
 72%|███████▏  | 57/79 [00:01<00:00, 34.16it/s]
 77%|███████▋  | 61/79 [00:01<00:00, 34.29it/s]
 82%|████████▏ | 65/79 [00:01<00:00, 33.42it/s]
 87%|████████▋ | 69/79 [00:02<00:00, 32.61it/s]
 92%|█████████▏| 73/79 [00:02<00:00, 33.66it/s]
 97%|█████████▋| 77/79 [00:02<00:00, 35.07it/s]
100%|██████████| 79/79 [00:02<00:00, 33.03it/s]

CommRound: 8/30
Accuracy: 12.71% | Loss: 2.9574
[################--------------------------------------------] 26.7%
Elapsed: 2.0m | Avg/Round: 15.0s | Last: 14.8s | Next: 15.0s | Remaining: 5.5m
ETA: 12:24:58
Recent round times: R1: 14.7s -> R2: 14.5s -> R3: 14.7s -> R4: 14.9s -> R5: 14.8s

  0%|          | 0/79 [00:00<?, ?it/s]
  1%|▏         | 1/79 [00:00<00:14,  5.23it/s]
  6%|▋         | 5/79 [00:00<00:03, 18.72it/s]
 11%|█▏        | 9/79 [00:00<00:03, 22.85it/s]
 15%|█▌        | 12/79 [00:00<00:02, 24.98it/s]
 19%|█▉        | 15/79 [00:00<00:04, 13.16it/s]
 22%|██▏       | 17/79 [00:01<00:06, 10.20it/s]
 24%|██▍       | 19/79 [00:01<00:06,  8.62it/s]
 27%|██▋       | 21/79 [00:01<00:07,  7.74it/s]
 29%|██▉       | 23/79 [00:02<00:06,  8.70it/s]
 34%|███▍      | 27/79 [00:02<00:04, 11.12it/s]
 39%|███▉      | 31/79 [00:02<00:04, 11.67it/s]
 42%|████▏     | 33/79 [00:02<00:03, 11.55it/s]
 44%|████▍     | 35/79 [00:03<00:04,  9.83it/s]
 47%|████▋     | 37/79 [00:03<00:03, 11.09it/s]
 51%|█████     | 40/79 [00:03<00:02, 14.22it/s]
 54%|█████▍    | 43/79 [00:03<00:02, 16.74it/s]
 58%|█████▊    | 46/79 [00:03<00:01, 16.72it/s]
 63%|██████▎   | 50/79 [00:03<00:01, 21.36it/s]
 68%|██████▊   | 54/79 [00:03<00:01, 22.49it/s]
 72%|███████▏  | 57/79 [00:04<00:00, 23.31it/s]
 77%|███████▋  | 61/79 [00:04<00:00, 23.75it/s]
 81%|████████  | 64/79 [00:04<00:00, 19.80it/s]
 85%|████████▍ | 67/79 [00:04<00:00, 20.63it/s]
 89%|████████▊ | 70/79 [00:04<00:00, 22.58it/s]
 92%|█████████▏| 73/79 [00:04<00:00, 19.22it/s]
 96%|█████████▌| 76/79 [00:04<00:00, 20.65it/s]
100%|██████████| 79/79 [00:05<00:00, 15.43it/s]

CommRound: 9/30
Accuracy: 13.05% | Loss: 2.9625
[##################------------------------------------------] 30.0%
Elapsed: 2.3m | Avg/Round: 15.3s | Last: 17.6s | Next: 15.3s | Remaining: 5.3m
ETA: 12:25:07
Recent round times: R1: 14.5s -> R2: 14.7s -> R3: 14.9s -> R4: 14.8s -> R5: 17.6s

  0%|          | 0/79 [00:00<?, ?it/s]
  1%|▏         | 1/79 [00:00<00:10,  7.22it/s]
  3%|▎         | 2/79 [00:00<00:14,  5.33it/s]
  9%|▉         | 7/79 [00:00<00:04, 17.72it/s]
 13%|█▎        | 10/79 [00:00<00:03, 20.05it/s]
 16%|█▋        | 13/79 [00:00<00:02, 22.16it/s]
 20%|██        | 16/79 [00:00<00:02, 22.99it/s]
 25%|██▌       | 20/79 [00:00<00:02, 25.91it/s]
 30%|███       | 24/79 [00:01<00:02, 27.14it/s]
 35%|███▌      | 28/79 [00:01<00:01, 29.01it/s]
 41%|████      | 32/79 [00:01<00:01, 30.45it/s]
 46%|████▌     | 36/79 [00:01<00:01, 27.53it/s]
 51%|█████     | 40/79 [00:01<00:01, 29.85it/s]
 56%|█████▌    | 44/79 [00:01<00:01, 30.64it/s]
 61%|██████    | 48/79 [00:01<00:01, 30.65it/s]
 66%|██████▌   | 52/79 [00:02<00:00, 28.01it/s]
 70%|██████▉   | 55/79 [00:02<00:00, 25.79it/s]
 75%|███████▍  | 59/79 [00:02<00:00, 27.01it/s]
 81%|████████  | 64/79 [00:02<00:00, 30.58it/s]
 86%|████████▌ | 68/79 [00:02<00:00, 29.00it/s]
 90%|████████▉ | 71/79 [00:02<00:00, 28.94it/s]
 96%|█████████▌| 76/79 [00:02<00:00, 32.88it/s]
100%|██████████| 79/79 [00:02<00:00, 27.12it/s]

CommRound: 10/30
Accuracy: 13.26% | Loss: 2.9666
[####################----------------------------------------] 33.3%
Elapsed: 2.5m | Avg/Round: 15.3s | Last: 15.3s | Next: 15.3s | Remaining: 5.1m
ETA: 12:25:07
Recent round times: R1: 14.7s -> R2: 14.9s -> R3: 14.8s -> R4: 17.6s -> R5: 15.3s

  0%|          | 0/79 [00:00<?, ?it/s]
  1%|▏         | 1/79 [00:00<00:08,  9.45it/s]
  6%|▋         | 5/79 [00:00<00:03, 23.48it/s]
 11%|█▏        | 9/79 [00:00<00:02, 28.43it/s]
 16%|█▋        | 13/79 [00:00<00:02, 30.64it/s]
 22%|██▏       | 17/79 [00:00<00:01, 31.72it/s]
 27%|██▋       | 21/79 [00:00<00:01, 32.82it/s]
 32%|███▏      | 25/79 [00:00<00:01, 32.45it/s]
 37%|███▋      | 29/79 [00:00<00:01, 33.57it/s]
 42%|████▏     | 33/79 [00:01<00:01, 33.87it/s]
 47%|████▋     | 37/79 [00:01<00:01, 34.56it/s]
 52%|█████▏    | 41/79 [00:01<00:01, 35.46it/s]
 57%|█████▋    | 45/79 [00:01<00:00, 34.65it/s]
 62%|██████▏   | 49/79 [00:01<00:00, 34.92it/s]
 67%|██████▋   | 53/79 [00:01<00:00, 34.65it/s]
 72%|███████▏  | 57/79 [00:01<00:00, 34.25it/s]
 77%|███████▋  | 61/79 [00:01<00:00, 33.75it/s]
 82%|████████▏ | 65/79 [00:01<00:00, 34.10it/s]
 87%|████████▋ | 69/79 [00:02<00:00, 33.70it/s]
 92%|█████████▏| 73/79 [00:02<00:00, 33.30it/s]
 97%|█████████▋| 77/79 [00:02<00:00, 33.26it/s]
100%|██████████| 79/79 [00:02<00:00, 33.07it/s]

CommRound: 11/30
Accuracy: 13.32% | Loss: 2.9698
[######################--------------------------------------] 36.7%
Elapsed: 2.8m | Avg/Round: 15.2s | Last: 15.0s | Next: 15.2s | Remaining: 4.8m
ETA: 12:25:06
Recent round times: R1: 14.9s -> R2: 14.8s -> R3: 17.6s -> R4: 15.3s -> R5: 15.0s

  0%|          | 0/79 [00:00<?, ?it/s]
  3%|▎         | 2/79 [00:00<00:04, 16.42it/s]
  6%|▋         | 5/79 [00:00<00:03, 23.17it/s]
 11%|█▏        | 9/79 [00:00<00:02, 28.10it/s]
 16%|█▋        | 13/79 [00:00<00:02, 30.32it/s]
 22%|██▏       | 17/79 [00:00<00:01, 31.81it/s]
 27%|██▋       | 21/79 [00:00<00:01, 32.38it/s]
 32%|███▏      | 25/79 [00:00<00:01, 33.60it/s]
 37%|███▋      | 29/79 [00:00<00:01, 34.06it/s]
 42%|████▏     | 33/79 [00:01<00:01, 34.11it/s]
 47%|████▋     | 37/79 [00:01<00:01, 30.27it/s]
 52%|█████▏    | 41/79 [00:01<00:01, 31.19it/s]
 57%|█████▋    | 45/79 [00:01<00:01, 32.94it/s]
 62%|██████▏   | 49/79 [00:01<00:00, 32.88it/s]
 67%|██████▋   | 53/79 [00:01<00:00, 32.90it/s]
 72%|███████▏  | 57/79 [00:01<00:00, 32.99it/s]
 77%|███████▋  | 61/79 [00:01<00:00, 33.10it/s]
 82%|████████▏ | 65/79 [00:02<00:00, 32.81it/s]
 87%|████████▋ | 69/79 [00:02<00:00, 32.39it/s]
 92%|█████████▏| 73/79 [00:02<00:00, 32.99it/s]
 97%|█████████▋| 77/79 [00:02<00:00, 33.59it/s]
100%|██████████| 79/79 [00:02<00:00, 32.33it/s]

CommRound: 12/30
Accuracy: 13.48% | Loss: 2.9724
[########################------------------------------------] 40.0%
Elapsed: 3.0m | Avg/Round: 15.2s | Last: 14.9s | Next: 15.2s | Remaining: 4.6m
ETA: 12:25:05
Recent round times: R1: 14.8s -> R2: 17.6s -> R3: 15.3s -> R4: 15.0s -> R5: 14.9s

  0%|          | 0/79 [00:00<?, ?it/s]
  1%|▏         | 1/79 [00:00<00:08,  9.73it/s]
  6%|▋         | 5/79 [00:00<00:02, 25.06it/s]
 11%|█▏        | 9/79 [00:00<00:02, 28.93it/s]
 16%|█▋        | 13/79 [00:00<00:02, 30.04it/s]
 22%|██▏       | 17/79 [00:00<00:02, 30.68it/s]
 27%|██▋       | 21/79 [00:00<00:01, 31.29it/s]
 32%|███▏      | 25/79 [00:00<00:01, 31.52it/s]
 37%|███▋      | 29/79 [00:00<00:01, 32.12it/s]
 42%|████▏     | 33/79 [00:01<00:01, 32.05it/s]
 47%|████▋     | 37/79 [00:01<00:01, 32.11it/s]
 52%|█████▏    | 41/79 [00:01<00:01, 32.17it/s]
 57%|█████▋    | 45/79 [00:01<00:01, 31.41it/s]
 62%|██████▏   | 49/79 [00:01<00:00, 30.74it/s]
 67%|██████▋   | 53/79 [00:01<00:00, 31.17it/s]
 72%|███████▏  | 57/79 [00:01<00:00, 31.97it/s]
 77%|███████▋  | 61/79 [00:01<00:00, 32.23it/s]
 82%|████████▏ | 65/79 [00:02<00:00, 32.17it/s]
 87%|████████▋ | 69/79 [00:02<00:00, 31.91it/s]
 92%|█████████▏| 73/79 [00:02<00:00, 30.63it/s]
 97%|█████████▋| 77/79 [00:02<00:00, 30.07it/s]
100%|██████████| 79/79 [00:02<00:00, 30.97it/s]

CommRound: 13/30
Accuracy: 13.49% | Loss: 2.9745
[##########################----------------------------------] 43.3%
Elapsed: 3.3m | Avg/Round: 15.2s | Last: 15.0s | Next: 15.2s | Remaining: 4.3m
ETA: 12:25:05
Recent round times: R1: 17.6s -> R2: 15.3s -> R3: 15.0s -> R4: 14.9s -> R5: 15.0s

  0%|          | 0/79 [00:00<?, ?it/s]
  3%|▎         | 2/79 [00:00<00:04, 18.92it/s]
  8%|▊         | 6/79 [00:00<00:02, 29.01it/s]
 13%|█▎        | 10/79 [00:00<00:02, 32.78it/s]
 18%|█▊        | 14/79 [00:00<00:01, 34.58it/s]
 23%|██▎       | 18/79 [00:00<00:01, 33.80it/s]
 28%|██▊       | 22/79 [00:00<00:01, 32.76it/s]
 33%|███▎      | 26/79 [00:00<00:01, 32.01it/s]
 38%|███▊      | 30/79 [00:00<00:01, 30.28it/s]
 43%|████▎     | 34/79 [00:01<00:01, 30.23it/s]
 48%|████▊     | 38/79 [00:01<00:01, 31.10it/s]
 53%|█████▎    | 42/79 [00:01<00:01, 32.03it/s]
 58%|█████▊    | 46/79 [00:01<00:01, 32.33it/s]
 63%|██████▎   | 50/79 [00:01<00:00, 33.60it/s]
 68%|██████▊   | 54/79 [00:01<00:00, 34.26it/s]
 73%|███████▎  | 58/79 [00:01<00:00, 32.85it/s]
 78%|███████▊  | 62/79 [00:01<00:00, 31.94it/s]
 84%|████████▎ | 66/79 [00:02<00:00, 31.52it/s]
 89%|████████▊ | 70/79 [00:02<00:00, 31.50it/s]
 94%|█████████▎| 74/79 [00:02<00:00, 32.15it/s]
 99%|█████████▊| 78/79 [00:02<00:00, 32.70it/s]
100%|██████████| 79/79 [00:02<00:00, 32.13it/s]

CommRound: 14/30
Accuracy: 13.59% | Loss: 2.9762
[############################--------------------------------] 46.7%
Elapsed: 3.5m | Avg/Round: 15.2s | Last: 15.0s | Next: 15.2s | Remaining: 4.1m
ETA: 12:25:04
Recent round times: R1: 15.3s -> R2: 15.0s -> R3: 14.9s -> R4: 15.0s -> R5: 15.0s

  0%|          | 0/79 [00:00<?, ?it/s]
  1%|▏         | 1/79 [00:00<00:09,  8.30it/s]
  5%|▌         | 4/79 [00:00<00:04, 17.24it/s]
  9%|▉         | 7/79 [00:00<00:04, 17.37it/s]
 13%|█▎        | 10/79 [00:00<00:03, 20.03it/s]
 16%|█▋        | 13/79 [00:00<00:03, 20.06it/s]
 22%|██▏       | 17/79 [00:00<00:02, 23.33it/s]
 27%|██▋       | 21/79 [00:00<00:02, 26.21it/s]
 32%|███▏      | 25/79 [00:01<00:01, 28.10it/s]
 35%|███▌      | 28/79 [00:01<00:01, 27.42it/s]
 41%|████      | 32/79 [00:01<00:01, 28.01it/s]
 46%|████▌     | 36/79 [00:01<00:01, 29.75it/s]
 49%|████▉     | 39/79 [00:01<00:01, 29.44it/s]
 53%|█████▎    | 42/79 [00:01<00:01, 27.60it/s]
 57%|█████▋    | 45/79 [00:01<00:01, 27.37it/s]
 61%|██████    | 48/79 [00:01<00:01, 27.49it/s]
 65%|██████▍   | 51/79 [00:02<00:01, 26.08it/s]
 68%|██████▊   | 54/79 [00:02<00:00, 25.34it/s]
 72%|███████▏  | 57/79 [00:02<00:00, 25.30it/s]
 76%|███████▌  | 60/79 [00:02<00:00, 23.62it/s]
 80%|███████▉  | 63/79 [00:02<00:00, 23.17it/s]
 84%|████████▎ | 66/79 [00:02<00:00, 21.84it/s]
 87%|████████▋ | 69/79 [00:02<00:00, 22.37it/s]
 91%|█████████ | 72/79 [00:02<00:00, 22.06it/s]
 96%|█████████▌| 76/79 [00:03<00:00, 24.45it/s]
100%|██████████| 79/79 [00:03<00:00, 24.67it/s]

CommRound: 15/30
Accuracy: 13.73% | Loss: 2.9776
[##############################------------------------------] 50.0%
Elapsed: 3.8m | Avg/Round: 15.2s | Last: 15.5s | Next: 15.2s | Remaining: 3.8m
ETA: 12:25:05
Recent round times: R1: 15.0s -> R2: 14.9s -> R3: 15.0s -> R4: 15.0s -> R5: 15.5s

  0%|          | 0/79 [00:00<?, ?it/s]
  1%|▏         | 1/79 [00:00<00:07,  9.92it/s]
  6%|▋         | 5/79 [00:00<00:03, 21.29it/s]
 11%|█▏        | 9/79 [00:00<00:02, 26.53it/s]
 16%|█▋        | 13/79 [00:00<00:02, 29.91it/s]
 22%|██▏       | 17/79 [00:00<00:01, 31.56it/s]
 27%|██▋       | 21/79 [00:00<00:01, 32.24it/s]
 32%|███▏      | 25/79 [00:00<00:01, 32.55it/s]
 37%|███▋      | 29/79 [00:00<00:01, 32.75it/s]
 42%|████▏     | 33/79 [00:01<00:01, 32.48it/s]
 47%|████▋     | 37/79 [00:01<00:01, 32.89it/s]
 52%|█████▏    | 41/79 [00:01<00:01, 31.86it/s]
 57%|█████▋    | 45/79 [00:01<00:01, 32.88it/s]
 62%|██████▏   | 49/79 [00:01<00:00, 32.04it/s]
 67%|██████▋   | 53/79 [00:01<00:00, 33.11it/s]
 72%|███████▏  | 57/79 [00:01<00:00, 32.83it/s]
 77%|███████▋  | 61/79 [00:01<00:00, 33.11it/s]
 82%|████████▏ | 65/79 [00:02<00:00, 33.31it/s]
 87%|████████▋ | 69/79 [00:02<00:00, 33.33it/s]
 92%|█████████▏| 73/79 [00:02<00:00, 31.86it/s]
 97%|█████████▋| 77/79 [00:02<00:00, 32.79it/s]
100%|██████████| 79/79 [00:02<00:00, 31.72it/s]

CommRound: 16/30
Accuracy: 13.78% | Loss: 2.9787
[################################----------------------------] 53.3%
Elapsed: 4.1m | Avg/Round: 15.2s | Last: 15.1s | Next: 15.2s | Remaining: 3.5m
ETA: 12:25:05
Recent round times: R1: 14.9s -> R2: 15.0s -> R3: 15.0s -> R4: 15.5s -> R5: 15.1s

  0%|          | 0/79 [00:00<?, ?it/s]
  1%|▏         | 1/79 [00:00<00:08,  9.15it/s]
  6%|▋         | 5/79 [00:00<00:03, 23.69it/s]
 11%|█▏        | 9/79 [00:00<00:02, 28.53it/s]
 16%|█▋        | 13/79 [00:00<00:02, 30.49it/s]
 22%|██▏       | 17/79 [00:00<00:01, 31.13it/s]
 27%|██▋       | 21/79 [00:00<00:01, 31.48it/s]
 32%|███▏      | 25/79 [00:00<00:01, 29.38it/s]
 37%|███▋      | 29/79 [00:00<00:01, 31.12it/s]
 42%|████▏     | 33/79 [00:01<00:01, 32.58it/s]
 47%|████▋     | 37/79 [00:01<00:01, 33.82it/s]
 52%|█████▏    | 41/79 [00:01<00:01, 33.72it/s]
 57%|█████▋    | 45/79 [00:01<00:00, 34.18it/s]
 62%|██████▏   | 49/79 [00:01<00:00, 35.35it/s]
 67%|██████▋   | 53/79 [00:01<00:00, 33.94it/s]
 72%|███████▏  | 57/79 [00:01<00:00, 34.06it/s]
 77%|███████▋  | 61/79 [00:01<00:00, 34.07it/s]
 82%|████████▏ | 65/79 [00:02<00:00, 33.91it/s]
 87%|████████▋ | 69/79 [00:02<00:00, 33.87it/s]
 92%|█████████▏| 73/79 [00:02<00:00, 34.85it/s]
 97%|█████████▋| 77/79 [00:02<00:00, 33.95it/s]
100%|██████████| 79/79 [00:02<00:00, 32.44it/s]

CommRound: 17/30
Accuracy: 13.86% | Loss: 2.9796
[##################################--------------------------] 56.7%
Elapsed: 4.3m | Avg/Round: 15.2s | Last: 15.1s | Next: 15.2s | Remaining: 3.3m
ETA: 12:25:05
Recent round times: R1: 15.0s -> R2: 15.0s -> R3: 15.5s -> R4: 15.1s -> R5: 15.1s

  0%|          | 0/79 [00:00<?, ?it/s]
  1%|▏         | 1/79 [00:00<00:08,  8.85it/s]
  8%|▊         | 6/79 [00:00<00:02, 28.91it/s]
 13%|█▎        | 10/79 [00:00<00:02, 31.38it/s]
 18%|█▊        | 14/79 [00:00<00:01, 32.73it/s]
 23%|██▎       | 18/79 [00:00<00:01, 33.28it/s]
 28%|██▊       | 22/79 [00:00<00:01, 33.94it/s]
 33%|███▎      | 26/79 [00:00<00:01, 34.56it/s]
 38%|███▊      | 30/79 [00:00<00:01, 33.92it/s]
 43%|████▎     | 34/79 [00:01<00:01, 32.61it/s]
 48%|████▊     | 38/79 [00:01<00:01, 31.99it/s]
 53%|█████▎    | 42/79 [00:01<00:01, 33.85it/s]
 58%|█████▊    | 46/79 [00:01<00:00, 35.18it/s]
 63%|██████▎   | 50/79 [00:01<00:00, 35.45it/s]
 68%|██████▊   | 54/79 [00:01<00:00, 34.72it/s]
 73%|███████▎  | 58/79 [00:01<00:00, 35.20it/s]
 78%|███████▊  | 62/79 [00:01<00:00, 35.31it/s]
 84%|████████▎ | 66/79 [00:01<00:00, 35.62it/s]
 89%|████████▊ | 70/79 [00:02<00:00, 35.48it/s]
 94%|█████████▎| 74/79 [00:02<00:00, 34.23it/s]
 99%|█████████▊| 78/79 [00:02<00:00, 34.01it/s]
100%|██████████| 79/79 [00:02<00:00, 33.59it/s]

CommRound: 18/30
Accuracy: 13.96% | Loss: 2.9803
[####################################------------------------] 60.0%
Elapsed: 4.6m | Avg/Round: 15.2s | Last: 15.0s | Next: 15.2s | Remaining: 3.0m
ETA: 12:25:04
Recent round times: R1: 15.0s -> R2: 15.5s -> R3: 15.1s -> R4: 15.1s -> R5: 15.0s

  0%|          | 0/79 [00:00<?, ?it/s]
  1%|▏         | 1/79 [00:00<00:08,  9.62it/s]
  6%|▋         | 5/79 [00:00<00:02, 24.67it/s]
 11%|█▏        | 9/79 [00:00<00:02, 28.93it/s]
 16%|█▋        | 13/79 [00:00<00:02, 31.98it/s]
 22%|██▏       | 17/79 [00:00<00:01, 32.83it/s]
 27%|██▋       | 21/79 [00:00<00:01, 33.28it/s]
 32%|███▏      | 25/79 [00:00<00:01, 33.82it/s]
 37%|███▋      | 29/79 [00:00<00:01, 32.96it/s]
 42%|████▏     | 33/79 [00:01<00:01, 32.34it/s]
 47%|████▋     | 37/79 [00:01<00:01, 31.48it/s]
 52%|█████▏    | 41/79 [00:01<00:01, 33.30it/s]
 57%|█████▋    | 45/79 [00:01<00:00, 34.02it/s]
 62%|██████▏   | 49/79 [00:01<00:00, 33.24it/s]
 67%|██████▋   | 53/79 [00:01<00:00, 31.66it/s]
 72%|███████▏  | 57/79 [00:01<00:00, 32.09it/s]
 77%|███████▋  | 61/79 [00:01<00:00, 33.96it/s]
 84%|████████▎ | 66/79 [00:02<00:00, 35.03it/s]
 89%|████████▊ | 70/79 [00:02<00:00, 35.04it/s]
 94%|█████████▎| 74/79 [00:02<00:00, 36.11it/s]
 99%|█████████▊| 78/79 [00:02<00:00, 36.25it/s]
100%|██████████| 79/79 [00:02<00:00, 33.17it/s]

CommRound: 19/30
Accuracy: 13.96% | Loss: 2.9809
[######################################----------------------] 63.3%
Elapsed: 4.8m | Avg/Round: 15.2s | Last: 14.9s | Next: 15.2s | Remaining: 2.8m
ETA: 12:25:04
Recent round times: R1: 15.5s -> R2: 15.1s -> R3: 15.1s -> R4: 15.0s -> R5: 14.9s

  0%|          | 0/79 [00:00<?, ?it/s]
  1%|▏         | 1/79 [00:00<00:09,  8.02it/s]
  6%|▋         | 5/79 [00:00<00:03, 22.36it/s]
 11%|█▏        | 9/79 [00:00<00:02, 27.16it/s]
 16%|█▋        | 13/79 [00:00<00:02, 30.17it/s]
 22%|██▏       | 17/79 [00:00<00:01, 31.00it/s]
 27%|██▋       | 21/79 [00:00<00:01, 31.13it/s]
 32%|███▏      | 25/79 [00:00<00:01, 31.42it/s]
 37%|███▋      | 29/79 [00:00<00:01, 30.86it/s]
 42%|████▏     | 33/79 [00:01<00:01, 29.44it/s]
 46%|████▌     | 36/79 [00:01<00:01, 29.23it/s]
 49%|████▉     | 39/79 [00:01<00:01, 28.16it/s]
 53%|█████▎    | 42/79 [00:01<00:01, 26.85it/s]
 58%|█████▊    | 46/79 [00:01<00:01, 28.16it/s]
 62%|██████▏   | 49/79 [00:01<00:01, 28.53it/s]
 67%|██████▋   | 53/79 [00:01<00:00, 29.12it/s]
 72%|███████▏  | 57/79 [00:01<00:00, 29.68it/s]
 77%|███████▋  | 61/79 [00:02<00:00, 30.45it/s]
 82%|████████▏ | 65/79 [00:02<00:00, 30.87it/s]
 87%|████████▋ | 69/79 [00:02<00:00, 31.77it/s]
 92%|█████████▏| 73/79 [00:02<00:00, 32.99it/s]
 97%|█████████▋| 77/79 [00:02<00:00, 32.40it/s]
100%|██████████| 79/79 [00:02<00:00, 29.87it/s]

CommRound: 20/30
Accuracy: 14.03% | Loss: 2.9812
[########################################--------------------] 66.7%
Elapsed: 5.1m | Avg/Round: 15.2s | Last: 15.3s | Next: 15.2s | Remaining: 2.5m
ETA: 12:25:04
Recent round times: R1: 15.1s -> R2: 15.1s -> R3: 15.0s -> R4: 14.9s -> R5: 15.3s

  0%|          | 0/79 [00:00<?, ?it/s]
  1%|▏         | 1/79 [00:00<00:08,  9.22it/s]
  6%|▋         | 5/79 [00:00<00:03, 24.05it/s]
 10%|█         | 8/79 [00:00<00:02, 26.51it/s]
 15%|█▌        | 12/79 [00:00<00:02, 30.44it/s]
 20%|██        | 16/79 [00:00<00:02, 30.89it/s]
 25%|██▌       | 20/79 [00:00<00:01, 30.95it/s]
 30%|███       | 24/79 [00:00<00:01, 30.14it/s]
 35%|███▌      | 28/79 [00:00<00:01, 30.10it/s]
 41%|████      | 32/79 [00:01<00:01, 29.45it/s]
 44%|████▍     | 35/79 [00:01<00:01, 28.20it/s]
 49%|████▉     | 39/79 [00:01<00:01, 29.25it/s]
 53%|█████▎    | 42/79 [00:01<00:01, 29.28it/s]
 58%|█████▊    | 46/79 [00:01<00:01, 29.85it/s]
 63%|██████▎   | 50/79 [00:01<00:00, 30.54it/s]
 68%|██████▊   | 54/79 [00:01<00:00, 31.06it/s]
 73%|███████▎  | 58/79 [00:01<00:00, 31.54it/s]
 78%|███████▊  | 62/79 [00:02<00:00, 32.70it/s]
 84%|████████▎ | 66/79 [00:02<00:00, 31.40it/s]
 89%|████████▊ | 70/79 [00:02<00:00, 30.09it/s]
 94%|█████████▎| 74/79 [00:02<00:00, 30.91it/s]
 99%|█████████▊| 78/79 [00:02<00:00, 32.03it/s]
100%|██████████| 79/79 [00:02<00:00, 30.10it/s]

CommRound: 21/30
Accuracy: 14.06% | Loss: 2.9814
[##########################################------------------] 70.0%
Elapsed: 5.3m | Avg/Round: 15.2s | Last: 15.3s | Next: 15.2s | Remaining: 2.3m
ETA: 12:25:04
Recent round times: R1: 15.1s -> R2: 15.0s -> R3: 14.9s -> R4: 15.3s -> R5: 15.3s

  0%|          | 0/79 [00:00<?, ?it/s]
  1%|▏         | 1/79 [00:00<00:12,  6.48it/s]
  5%|▌         | 4/79 [00:00<00:04, 17.45it/s]
  9%|▉         | 7/79 [00:00<00:03, 22.34it/s]
 14%|█▍        | 11/79 [00:00<00:02, 26.64it/s]
 19%|█▉        | 15/79 [00:00<00:02, 28.89it/s]
 24%|██▍       | 19/79 [00:00<00:01, 30.20it/s]
 29%|██▉       | 23/79 [00:00<00:01, 30.85it/s]
 34%|███▍      | 27/79 [00:00<00:01, 29.92it/s]
 39%|███▉      | 31/79 [00:01<00:01, 30.92it/s]
 44%|████▍     | 35/79 [00:01<00:01, 30.33it/s]
 49%|████▉     | 39/79 [00:01<00:01, 32.41it/s]
 54%|█████▍    | 43/79 [00:01<00:01, 31.59it/s]
 59%|█████▉    | 47/79 [00:01<00:01, 31.00it/s]
 65%|██████▍   | 51/79 [00:01<00:00, 30.72it/s]
 70%|██████▉   | 55/79 [00:01<00:00, 32.05it/s]
 75%|███████▍  | 59/79 [00:02<00:00, 30.94it/s]
 80%|███████▉  | 63/79 [00:02<00:00, 31.40it/s]
 85%|████████▍ | 67/79 [00:02<00:00, 30.95it/s]
 90%|████████▉ | 71/79 [00:02<00:00, 31.41it/s]
 95%|█████████▍| 75/79 [00:02<00:00, 31.40it/s]
100%|██████████| 79/79 [00:02<00:00, 32.32it/s]
100%|██████████| 79/79 [00:02<00:00, 29.85it/s]

CommRound: 22/30
Accuracy: 14.06% | Loss: 2.9815
[############################################----------------] 73.3%
Elapsed: 5.6m | Avg/Round: 15.2s | Last: 15.2s | Next: 15.2s | Remaining: 2.0m
ETA: 12:25:04
Recent round times: R1: 15.0s -> R2: 14.9s -> R3: 15.3s -> R4: 15.3s -> R5: 15.2s

  0%|          | 0/79 [00:00<?, ?it/s]
  1%|▏         | 1/79 [00:00<00:08,  9.14it/s]
  5%|▌         | 4/79 [00:00<00:03, 20.82it/s]
  9%|▉         | 7/79 [00:00<00:03, 22.54it/s]
 14%|█▍        | 11/79 [00:00<00:02, 25.36it/s]
 19%|█▉        | 15/79 [00:00<00:02, 25.95it/s]
 24%|██▍       | 19/79 [00:00<00:02, 27.34it/s]
 29%|██▉       | 23/79 [00:00<00:01, 29.34it/s]
 34%|███▍      | 27/79 [00:00<00:01, 30.30it/s]
 39%|███▉      | 31/79 [00:01<00:01, 31.78it/s]
 44%|████▍     | 35/79 [00:01<00:01, 32.33it/s]
 49%|████▉     | 39/79 [00:01<00:01, 31.89it/s]
 54%|█████▍    | 43/79 [00:01<00:01, 31.76it/s]
 59%|█████▉    | 47/79 [00:01<00:01, 31.59it/s]
 65%|██████▍   | 51/79 [00:01<00:00, 32.30it/s]
 70%|██████▉   | 55/79 [00:01<00:00, 32.25it/s]
 75%|███████▍  | 59/79 [00:01<00:00, 32.81it/s]
 80%|███████▉  | 63/79 [00:02<00:00, 32.57it/s]
 85%|████████▍ | 67/79 [00:02<00:00, 32.56it/s]
 90%|████████▉ | 71/79 [00:02<00:00, 33.53it/s]
 95%|█████████▍| 75/79 [00:02<00:00, 32.55it/s]
100%|██████████| 79/79 [00:02<00:00, 34.33it/s]
100%|██████████| 79/79 [00:02<00:00, 30.63it/s]

CommRound: 23/30
Accuracy: 14.10% | Loss: 2.9814
[##############################################--------------] 76.7%
Elapsed: 5.8m | Avg/Round: 15.2s | Last: 15.4s | Next: 15.2s | Remaining: 1.8m
ETA: 12:25:04
Recent round times: R1: 14.9s -> R2: 15.3s -> R3: 15.3s -> R4: 15.2s -> R5: 15.4s

  0%|          | 0/79 [00:00<?, ?it/s]
  1%|▏         | 1/79 [00:00<00:08,  9.04it/s]
  6%|▋         | 5/79 [00:00<00:03, 23.83it/s]
 11%|█▏        | 9/79 [00:00<00:02, 28.83it/s]
 16%|█▋        | 13/79 [00:00<00:02, 29.03it/s]
 22%|██▏       | 17/79 [00:00<00:02, 29.48it/s]
 27%|██▋       | 21/79 [00:00<00:01, 31.46it/s]
 32%|███▏      | 25/79 [00:00<00:01, 33.32it/s]
 38%|███▊      | 30/79 [00:00<00:01, 36.72it/s]
 43%|████▎     | 34/79 [00:01<00:01, 37.14it/s]
 48%|████▊     | 38/79 [00:01<00:01, 36.90it/s]
 53%|█████▎    | 42/79 [00:01<00:00, 37.70it/s]
 58%|█████▊    | 46/79 [00:01<00:00, 37.66it/s]
 63%|██████▎   | 50/79 [00:01<00:00, 37.90it/s]
 70%|██████▉   | 55/79 [00:01<00:00, 37.11it/s]
 75%|███████▍  | 59/79 [00:01<00:00, 37.20it/s]
 80%|███████▉  | 63/79 [00:01<00:00, 37.15it/s]
 85%|████████▍ | 67/79 [00:01<00:00, 37.65it/s]
 91%|█████████ | 72/79 [00:02<00:00, 39.60it/s]
 96%|█████████▌| 76/79 [00:02<00:00, 38.13it/s]
100%|██████████| 79/79 [00:02<00:00, 35.15it/s]

CommRound: 24/30
Accuracy: 14.09% | Loss: 2.9812
[################################################------------] 80.0%
Elapsed: 6.1m | Avg/Round: 15.2s | Last: 15.0s | Next: 15.2s | Remaining: 1.5m
ETA: 12:25:04
Recent round times: R1: 15.3s -> R2: 15.3s -> R3: 15.2s -> R4: 15.4s -> R5: 15.0s

  0%|          | 0/79 [00:00<?, ?it/s]
  1%|▏         | 1/79 [00:00<00:10,  7.20it/s]
  6%|▋         | 5/79 [00:00<00:03, 21.51it/s]
 11%|█▏        | 9/79 [00:00<00:02, 25.92it/s]
 16%|█▋        | 13/79 [00:00<00:02, 28.25it/s]
 22%|██▏       | 17/79 [00:00<00:02, 30.02it/s]
 27%|██▋       | 21/79 [00:00<00:02, 28.97it/s]
 32%|███▏      | 25/79 [00:00<00:01, 28.78it/s]
 37%|███▋      | 29/79 [00:01<00:01, 29.09it/s]
 42%|████▏     | 33/79 [00:01<00:01, 29.05it/s]
 46%|████▌     | 36/79 [00:01<00:01, 28.16it/s]
 51%|█████     | 40/79 [00:01<00:01, 29.01it/s]
 54%|█████▍    | 43/79 [00:01<00:01, 28.91it/s]
 58%|█████▊    | 46/79 [00:01<00:01, 28.37it/s]
 62%|██████▏   | 49/79 [00:01<00:01, 28.67it/s]
 66%|██████▌   | 52/79 [00:01<00:00, 27.70it/s]
 71%|███████   | 56/79 [00:02<00:00, 28.35it/s]
 75%|███████▍  | 59/79 [00:02<00:00, 25.26it/s]
 80%|███████▉  | 63/79 [00:02<00:00, 26.03it/s]
 84%|████████▎ | 66/79 [00:02<00:00, 26.86it/s]
 87%|████████▋ | 69/79 [00:02<00:00, 26.54it/s]
 92%|█████████▏| 73/79 [00:02<00:00, 27.48it/s]
 97%|█████████▋| 77/79 [00:02<00:00, 28.71it/s]
100%|██████████| 79/79 [00:02<00:00, 27.83it/s]

CommRound: 25/30
Accuracy: 14.08% | Loss: 2.9808
[##################################################----------] 83.3%
Elapsed: 6.3m | Avg/Round: 15.2s | Last: 15.9s | Next: 15.2s | Remaining: 1.3m
ETA: 12:25:05
Recent round times: R1: 15.3s -> R2: 15.2s -> R3: 15.4s -> R4: 15.0s -> R5: 15.9s

  0%|          | 0/79 [00:00<?, ?it/s]
  1%|▏         | 1/79 [00:00<00:09,  8.61it/s]
  5%|▌         | 4/79 [00:00<00:03, 19.65it/s]
  9%|▉         | 7/79 [00:00<00:03, 22.72it/s]
 13%|█▎        | 10/79 [00:00<00:02, 24.14it/s]
 18%|█▊        | 14/79 [00:00<00:02, 26.43it/s]
 23%|██▎       | 18/79 [00:00<00:02, 27.94it/s]
 28%|██▊       | 22/79 [00:00<00:01, 29.44it/s]
 33%|███▎      | 26/79 [00:00<00:01, 30.49it/s]
 38%|███▊      | 30/79 [00:01<00:01, 30.64it/s]
 43%|████▎     | 34/79 [00:01<00:01, 29.69it/s]
 48%|████▊     | 38/79 [00:01<00:01, 29.59it/s]
 52%|█████▏    | 41/79 [00:01<00:01, 29.16it/s]
 56%|█████▌    | 44/79 [00:01<00:01, 25.03it/s]
 59%|█████▉    | 47/79 [00:01<00:01, 25.38it/s]
 63%|██████▎   | 50/79 [00:01<00:01, 24.82it/s]
 67%|██████▋   | 53/79 [00:01<00:01, 25.76it/s]
 71%|███████   | 56/79 [00:02<00:01, 22.62it/s]
 75%|███████▍  | 59/79 [00:02<00:00, 24.26it/s]
 78%|███████▊  | 62/79 [00:02<00:00, 24.86it/s]
 84%|████████▎ | 66/79 [00:02<00:00, 26.52it/s]
 87%|████████▋ | 69/79 [00:02<00:00, 26.60it/s]
 91%|█████████ | 72/79 [00:02<00:00, 26.81it/s]
 96%|█████████▌| 76/79 [00:02<00:00, 27.58it/s]
100%|██████████| 79/79 [00:02<00:00, 26.66it/s]

CommRound: 26/30
Accuracy: 14.11% | Loss: 2.9804
[####################################################--------] 86.7%
Elapsed: 6.6m | Avg/Round: 15.2s | Last: 15.5s | Next: 15.2s | Remaining: 1.0m
ETA: 12:25:05
Recent round times: R1: 15.2s -> R2: 15.4s -> R3: 15.0s -> R4: 15.9s -> R5: 15.5s

  0%|          | 0/79 [00:00<?, ?it/s]
  1%|▏         | 1/79 [00:00<00:09,  7.86it/s]
  6%|▋         | 5/79 [00:00<00:03, 22.31it/s]
 11%|█▏        | 9/79 [00:00<00:02, 27.25it/s]
 16%|█▋        | 13/79 [00:00<00:02, 27.92it/s]
 22%|██▏       | 17/79 [00:00<00:02, 28.10it/s]
 27%|██▋       | 21/79 [00:00<00:01, 30.04it/s]
 32%|███▏      | 25/79 [00:00<00:01, 28.83it/s]
 35%|███▌      | 28/79 [00:01<00:01, 28.30it/s]
 41%|████      | 32/79 [00:01<00:01, 28.96it/s]
 46%|████▌     | 36/79 [00:01<00:01, 30.12it/s]
 51%|█████     | 40/79 [00:01<00:01, 30.57it/s]
 56%|█████▌    | 44/79 [00:01<00:01, 31.10it/s]
 61%|██████    | 48/79 [00:01<00:01, 30.46it/s]
 66%|██████▌   | 52/79 [00:01<00:00, 30.88it/s]
 71%|███████   | 56/79 [00:01<00:00, 28.48it/s]
 75%|███████▍  | 59/79 [00:02<00:00, 26.82it/s]
 78%|███████▊  | 62/79 [00:02<00:00, 23.51it/s]
 84%|████████▎ | 66/79 [00:02<00:00, 26.40it/s]
 89%|████████▊ | 70/79 [00:02<00:00, 28.53it/s]
 94%|█████████▎| 74/79 [00:02<00:00, 30.67it/s]
 99%|█████████▊| 78/79 [00:02<00:00, 29.95it/s]
100%|██████████| 79/79 [00:02<00:00, 28.52it/s]

CommRound: 27/30
Accuracy: 14.12% | Loss: 2.9799
[######################################################------] 90.0%
Elapsed: 6.9m | Avg/Round: 15.2s | Last: 15.6s | Next: 15.2s | Remaining: 0.8m
ETA: 12:25:06
Recent round times: R1: 15.4s -> R2: 15.0s -> R3: 15.9s -> R4: 15.5s -> R5: 15.6s

  0%|          | 0/79 [00:00<?, ?it/s]
  1%|▏         | 1/79 [00:00<00:11,  6.91it/s]
  5%|▌         | 4/79 [00:00<00:04, 17.47it/s]
  9%|▉         | 7/79 [00:00<00:04, 17.98it/s]
 13%|█▎        | 10/79 [00:00<00:03, 21.64it/s]
 16%|█▋        | 13/79 [00:00<00:02, 23.06it/s]
 20%|██        | 16/79 [00:00<00:02, 23.83it/s]
 24%|██▍       | 19/79 [00:00<00:02, 23.74it/s]
 28%|██▊       | 22/79 [00:01<00:02, 22.21it/s]
 32%|███▏      | 25/79 [00:01<00:02, 23.03it/s]
 35%|███▌      | 28/79 [00:01<00:02, 20.98it/s]
 39%|███▉      | 31/79 [00:01<00:02, 22.01it/s]
 43%|████▎     | 34/79 [00:01<00:02, 20.74it/s]
 47%|████▋     | 37/79 [00:01<00:02, 20.91it/s]
 51%|█████     | 40/79 [00:01<00:01, 20.80it/s]
 54%|█████▍    | 43/79 [00:02<00:01, 22.01it/s]
 58%|█████▊    | 46/79 [00:02<00:01, 22.34it/s]
 62%|██████▏   | 49/79 [00:02<00:01, 23.07it/s]
 66%|██████▌   | 52/79 [00:02<00:01, 24.30it/s]
 71%|███████   | 56/79 [00:02<00:00, 26.57it/s]
 75%|███████▍  | 59/79 [00:02<00:00, 27.35it/s]
 78%|███████▊  | 62/79 [00:02<00:00, 26.95it/s]
 84%|████████▎ | 66/79 [00:02<00:00, 27.72it/s]
 89%|████████▊ | 70/79 [00:02<00:00, 28.20it/s]
 94%|█████████▎| 74/79 [00:03<00:00, 28.16it/s]
 99%|█████████▊| 78/79 [00:03<00:00, 28.83it/s]
100%|██████████| 79/79 [00:03<00:00, 23.96it/s]

CommRound: 28/30
Accuracy: 14.12% | Loss: 2.9793
[########################################################----] 93.3%
Elapsed: 7.1m | Avg/Round: 15.3s | Last: 16.7s | Next: 15.3s | Remaining: 0.5m
ETA: 12:25:07
Recent round times: R1: 15.0s -> R2: 15.9s -> R3: 15.5s -> R4: 15.6s -> R5: 16.7s

  0%|          | 0/79 [00:00<?, ?it/s]
  1%|▏         | 1/79 [00:00<00:10,  7.72it/s]
  6%|▋         | 5/79 [00:00<00:03, 22.32it/s]
 10%|█         | 8/79 [00:00<00:03, 18.87it/s]
 13%|█▎        | 10/79 [00:00<00:03, 19.00it/s]
 16%|█▋        | 13/79 [00:00<00:03, 21.61it/s]
 20%|██        | 16/79 [00:00<00:02, 21.03it/s]
 24%|██▍       | 19/79 [00:00<00:02, 22.19it/s]
 28%|██▊       | 22/79 [00:01<00:02, 20.87it/s]
 32%|███▏      | 25/79 [00:01<00:02, 22.24it/s]
 35%|███▌      | 28/79 [00:01<00:02, 20.82it/s]
 39%|███▉      | 31/79 [00:01<00:02, 21.89it/s]
 43%|████▎     | 34/79 [00:01<00:02, 19.78it/s]
 47%|████▋     | 37/79 [00:01<00:02, 20.99it/s]
 51%|█████     | 40/79 [00:01<00:01, 21.22it/s]
 56%|█████▌    | 44/79 [00:02<00:01, 24.98it/s]
 59%|█████▉    | 47/79 [00:02<00:01, 25.39it/s]
 63%|██████▎   | 50/79 [00:02<00:01, 25.91it/s]
 68%|██████▊   | 54/79 [00:02<00:00, 27.16it/s]
 73%|███████▎  | 58/79 [00:02<00:00, 27.69it/s]
 78%|███████▊  | 62/79 [00:02<00:00, 27.93it/s]
 84%|████████▎ | 66/79 [00:02<00:00, 26.97it/s]
 87%|████████▋ | 69/79 [00:02<00:00, 26.16it/s]
 91%|█████████ | 72/79 [00:03<00:00, 22.50it/s]
 95%|█████████▍| 75/79 [00:03<00:00, 23.95it/s]
 99%|█████████▊| 78/79 [00:03<00:00, 25.06it/s]
100%|██████████| 79/79 [00:03<00:00, 23.34it/s]

CommRound: 29/30
Accuracy: 14.14% | Loss: 2.9787
[##########################################################--] 96.7%
Elapsed: 7.4m | Avg/Round: 15.3s | Last: 15.9s | Next: 15.3s | Remaining: 0.3m
ETA: 12:25:08
Recent round times: R1: 15.9s -> R2: 15.5s -> R3: 15.6s -> R4: 16.7s -> R5: 15.9s

  0%|          | 0/79 [00:00<?, ?it/s]
  3%|▎         | 2/79 [00:00<00:04, 19.02it/s]
  8%|▊         | 6/79 [00:00<00:02, 30.98it/s]
 13%|█▎        | 10/79 [00:00<00:02, 34.25it/s]
 18%|█▊        | 14/79 [00:00<00:01, 36.09it/s]
 23%|██▎       | 18/79 [00:00<00:01, 37.14it/s]
 28%|██▊       | 22/79 [00:00<00:01, 37.48it/s]
 33%|███▎      | 26/79 [00:00<00:01, 38.00it/s]
 38%|███▊      | 30/79 [00:00<00:01, 38.30it/s]
 43%|████▎     | 34/79 [00:00<00:01, 38.48it/s]
 48%|████▊     | 38/79 [00:01<00:01, 38.36it/s]
 53%|█████▎    | 42/79 [00:01<00:00, 38.17it/s]
 58%|█████▊    | 46/79 [00:01<00:00, 38.05it/s]
 63%|██████▎   | 50/79 [00:01<00:00, 38.39it/s]
 68%|██████▊   | 54/79 [00:01<00:00, 37.97it/s]
 73%|███████▎  | 58/79 [00:01<00:00, 37.97it/s]
 78%|███████▊  | 62/79 [00:01<00:00, 37.84it/s]
 84%|████████▎ | 66/79 [00:01<00:00, 38.26it/s]
 89%|████████▊ | 70/79 [00:01<00:00, 38.55it/s]
 95%|█████████▍| 75/79 [00:02<00:00, 37.80it/s]
100%|██████████| 79/79 [00:02<00:00, 37.70it/s]

CommRound: 30/30
Accuracy: 14.14% | Loss: 2.9780
[############################################################] 100.0%
Elapsed: 7.6m | Avg/Round: 15.3s | Last: 14.5s | Next: 15.3s | Remaining: 0.0m
ETA: 12:25:07
Recent round times: R1: 15.5s -> R2: 15.6s -> R3: 16.7s -> R4: 15.9s -> R5: 14.5s
Total time for experiment: 458.54309129714966 seconds
Device average training time per communication round [s]:
    rpi (sld-rpi-09.ece.utexas.edu): 9.48 seconds
    mc1 (sld-mc1-09.ece.utexas.edu): 11.05 seconds
