Connecting to sld-rpi-09.ece.utexas.edu...
Successfully fetched dev0_pow_temp_log_exp192_run1.csv.
Connecting to sld-rpi-09.ece.utexas.edu...
Successfully fetched dev0_communication_log_exp192_run1.csv.
Connecting to sld-mc1-09.ece.utexas.edu...
Successfully fetched dev1_pow_temp_log_exp192_run1.csv.
Connecting to sld-mc1-09.ece.utexas.edu...
Successfully fetched dev1_communication_log_exp192_run1.csv.

Exp192
Experiment 192: 
	Global test accuracy [%]: 89.05 %
	No round found where all subsequent rounds have accuracy >= 90.00%.
	Average time per communication round [s]: 69.19 seconds
	Total wall clock time [s]: 1,851.19 seconds


Experiment 192:
	RPi avg. energy consumption per round [J]: 53.35 Joules
	MC1 avg. energy consumption per round [J]: 443.41 Joules
	Total avg. energy consumption per communication round [J]: 496.76 Joules
	Avg. amount of communicated data per communication round [MB]: 0.30 MB
	RPi avg. power consumption per round [W]: 5.52 Watts
	MC1 avg. power consumption per round [W]: 7.57 Watts
