Connecting to sld-rpi-09.ece.utexas.edu...
Successfully fetched dev0_pow_temp_log_exp111_run1.csv.
Connecting to sld-rpi-09.ece.utexas.edu...
Successfully fetched dev0_communication_log_exp111_run1.csv.
Connecting to sld-mc1-09.ece.utexas.edu...
Successfully fetched dev1_pow_temp_log_exp111_run1.csv.
Connecting to sld-mc1-09.ece.utexas.edu...
Successfully fetched dev1_communication_log_exp111_run1.csv.

Exp111
Experiment 111: 
	Global test accuracy [%]: 89.13 %
	No round found where all subsequent rounds have accuracy >= 90.00%.
	Average time per communication round [s]: 39.39 seconds
	Total wall clock time [s]: 318.65 seconds


Experiment 111:
	RPi avg. energy consumption per round [J]: 71.71 Joules
	MC1 avg. energy consumption per round [J]: 329.12 Joules
	Total avg. energy consumption per communication round [J]: 400.83 Joules
	Avg. amount of communicated data per communication round [MB]: 0.18 MB
	RPi avg. power consumption per round [W]: 5.68 Watts
	MC1 avg. power consumption per round [W]: 7.42 Watts
