Connecting to sld-rpi-09.ece.utexas.edu...
Successfully fetched dev0_pow_temp_log_exp121_run1.csv.
Connecting to sld-rpi-09.ece.utexas.edu...
Successfully fetched dev0_communication_log_exp121_run1.csv.
Connecting to sld-mc1-09.ece.utexas.edu...
Successfully fetched dev1_pow_temp_log_exp121_run1.csv.
Connecting to sld-mc1-09.ece.utexas.edu...
Successfully fetched dev1_communication_log_exp121_run1.csv.

Exp121
Experiment 121: 
	Global test accuracy [%]: 78.08 %
	No round found where all subsequent rounds have accuracy >= 90.00%.
	Average time per communication round [s]: 7.38 seconds
	Total wall clock time [s]: 223.79 seconds


Experiment 121:
	RPi avg. energy consumption per round [J]: 20.21 Joules
	MC1 avg. energy consumption per round [J]: 7.24 Joules
	Total avg. energy consumption per communication round [J]: 27.44 Joules
	Avg. amount of communicated data per communication round [MB]: 0.07 MB
	RPi avg. power consumption per round [W]: 4.89 Watts
	MC1 avg. power consumption per round [W]: 4.17 Watts
