Connecting to sld-rpi-09.ece.utexas.edu...
Successfully fetched dev0_pow_temp_log_exp107_run1.csv.
Connecting to sld-rpi-09.ece.utexas.edu...
Successfully fetched dev0_communication_log_exp107_run1.csv.
Connecting to sld-mc1-09.ece.utexas.edu...
Successfully fetched dev1_pow_temp_log_exp107_run1.csv.
Connecting to sld-mc1-09.ece.utexas.edu...
Successfully fetched dev1_communication_log_exp107_run1.csv.

Exp107
Experiment 107: 
	Global test accuracy [%]: 84.9 %
	No round found where all subsequent rounds have accuracy >= 90.00%.
	Average time per communication round [s]: 9.14 seconds
	Total wall clock time [s]: 104.30 seconds


Experiment 107:
	RPi avg. energy consumption per round [J]: 31.17 Joules
	MC1 avg. energy consumption per round [J]: 22.22 Joules
	Total avg. energy consumption per communication round [J]: 53.39 Joules
	Avg. amount of communicated data per communication round [MB]: 0.15 MB
	RPi avg. power consumption per round [W]: 5.31 Watts
	MC1 avg. power consumption per round [W]: 5.87 Watts
