
  0%|          | 0/79 [00:00<?, ?it/s]
  1%|▏         | 1/79 [00:00<00:12,  6.49it/s]
  6%|▋         | 5/79 [00:00<00:03, 21.61it/s]
 10%|█         | 8/79 [00:00<00:03, 20.01it/s]
 14%|█▍        | 11/79 [00:00<00:03, 18.10it/s]
 18%|█▊        | 14/79 [00:00<00:03, 19.44it/s]
 23%|██▎       | 18/79 [00:00<00:02, 22.75it/s]
 28%|██▊       | 22/79 [00:01<00:02, 25.56it/s]
 33%|███▎      | 26/79 [00:01<00:01, 27.80it/s]
 37%|███▋      | 29/79 [00:01<00:01, 26.39it/s]
 42%|████▏     | 33/79 [00:01<00:01, 27.92it/s]
 47%|████▋     | 37/79 [00:01<00:01, 28.93it/s]
 52%|█████▏    | 41/79 [00:01<00:01, 29.81it/s]
 57%|█████▋    | 45/79 [00:01<00:01, 29.48it/s]
 62%|██████▏   | 49/79 [00:01<00:00, 30.70it/s]
 67%|██████▋   | 53/79 [00:02<00:00, 31.14it/s]
 72%|███████▏  | 57/79 [00:02<00:00, 31.55it/s]
 77%|███████▋  | 61/79 [00:02<00:00, 32.04it/s]
 82%|████████▏ | 65/79 [00:02<00:00, 31.72it/s]
 87%|████████▋ | 69/79 [00:02<00:00, 29.57it/s]
 91%|█████████ | 72/79 [00:02<00:00, 28.13it/s]
 96%|█████████▌| 76/79 [00:02<00:00, 29.57it/s]
100%|██████████| 79/79 [00:02<00:00, 27.43it/s]
Initial Accuracy: 8.49%; Initial Loss: 2.3240

  0%|          | 0/79 [00:00<?, ?it/s]
  1%|▏         | 1/79 [00:00<00:10,  7.32it/s]
  9%|▉         | 7/79 [00:00<00:02, 28.10it/s]
 14%|█▍        | 11/79 [00:00<00:02, 30.75it/s]
 19%|█▉        | 15/79 [00:00<00:02, 31.96it/s]
 24%|██▍       | 19/79 [00:00<00:02, 23.15it/s]
 30%|███       | 24/79 [00:00<00:01, 28.73it/s]
 35%|███▌      | 28/79 [00:01<00:01, 29.40it/s]
 42%|████▏     | 33/79 [00:01<00:01, 34.30it/s]
 47%|████▋     | 37/79 [00:01<00:01, 34.83it/s]
 52%|█████▏    | 41/79 [00:01<00:01, 25.27it/s]
 57%|█████▋    | 45/79 [00:01<00:01, 25.35it/s]
 62%|██████▏   | 49/79 [00:01<00:01, 27.68it/s]
 67%|██████▋   | 53/79 [00:01<00:01, 25.04it/s]
 73%|███████▎  | 58/79 [00:02<00:00, 30.10it/s]
 78%|███████▊  | 62/79 [00:02<00:00, 19.75it/s]
 82%|████████▏ | 65/79 [00:02<00:00, 16.23it/s]
 89%|████████▊ | 70/79 [00:02<00:00, 20.84it/s]
 92%|█████████▏| 73/79 [00:03<00:00, 18.44it/s]
 96%|█████████▌| 76/79 [00:03<00:00, 20.32it/s]
100%|██████████| 79/79 [00:03<00:00, 23.82it/s]

CommRound: 1/30
Accuracy: 60.06% | Loss: 1.2534
[##----------------------------------------------------------] 3.3%
Elapsed: 1.0m | Avg/Round: 60.5s | Last: 57.5s | Next: 60.5s | Remaining: 29.2m
ETA: 20:15:01
Recent round times: R1: 57.5s

  0%|          | 0/79 [00:00<?, ?it/s]
  1%|▏         | 1/79 [00:00<00:16,  4.66it/s]
  8%|▊         | 6/79 [00:00<00:03, 20.60it/s]
 11%|█▏        | 9/79 [00:00<00:04, 15.18it/s]
 19%|█▉        | 15/79 [00:00<00:02, 22.03it/s]
 24%|██▍       | 19/79 [00:00<00:02, 23.67it/s]
 29%|██▉       | 23/79 [00:01<00:02, 24.17it/s]
 34%|███▍      | 27/79 [00:01<00:02, 24.59it/s]
 39%|███▉      | 31/79 [00:01<00:01, 25.03it/s]
 43%|████▎     | 34/79 [00:01<00:02, 21.90it/s]
 48%|████▊     | 38/79 [00:01<00:01, 23.13it/s]
 53%|█████▎    | 42/79 [00:01<00:01, 23.16it/s]
 57%|█████▋    | 45/79 [00:02<00:01, 17.90it/s]
 63%|██████▎   | 50/79 [00:02<00:01, 22.42it/s]
 67%|██████▋   | 53/79 [00:02<00:01, 23.43it/s]
 71%|███████   | 56/79 [00:02<00:00, 23.56it/s]
 76%|███████▌  | 60/79 [00:02<00:00, 24.39it/s]
 80%|███████▉  | 63/79 [00:02<00:00, 22.94it/s]
 86%|████████▌ | 68/79 [00:03<00:00, 20.51it/s]
 90%|████████▉ | 71/79 [00:03<00:00, 12.64it/s]
 92%|█████████▏| 73/79 [00:04<00:00, 10.28it/s]
 95%|█████████▍| 75/79 [00:04<00:00,  8.80it/s]
100%|██████████| 79/79 [00:04<00:00, 17.88it/s]

CommRound: 2/30
Accuracy: 78.22% | Loss: 0.6361
[####--------------------------------------------------------] 6.7%
Elapsed: 1.9m | Avg/Round: 58.1s | Last: 55.7s | Next: 58.1s | Remaining: 27.1m
ETA: 20:13:50
Recent round times: R1: 57.5s -> R2: 55.7s

  0%|          | 0/79 [00:00<?, ?it/s]
  1%|▏         | 1/79 [00:00<00:12,  6.01it/s]
  9%|▉         | 7/79 [00:00<00:02, 26.50it/s]
 14%|█▍        | 11/79 [00:00<00:02, 29.96it/s]
 19%|█▉        | 15/79 [00:00<00:02, 31.86it/s]
 24%|██▍       | 19/79 [00:00<00:01, 32.49it/s]
 29%|██▉       | 23/79 [00:00<00:01, 34.25it/s]
 34%|███▍      | 27/79 [00:00<00:01, 34.93it/s]
 39%|███▉      | 31/79 [00:00<00:01, 35.09it/s]
 44%|████▍     | 35/79 [00:01<00:01, 34.77it/s]
 49%|████▉     | 39/79 [00:01<00:01, 34.30it/s]
 54%|█████▍    | 43/79 [00:01<00:01, 34.34it/s]
 59%|█████▉    | 47/79 [00:01<00:00, 34.29it/s]
 65%|██████▍   | 51/79 [00:01<00:00, 34.71it/s]
 70%|██████▉   | 55/79 [00:01<00:00, 34.91it/s]
 75%|███████▍  | 59/79 [00:01<00:00, 34.52it/s]
 80%|███████▉  | 63/79 [00:01<00:00, 34.58it/s]
 85%|████████▍ | 67/79 [00:02<00:00, 34.97it/s]
 90%|████████▉ | 71/79 [00:02<00:00, 35.08it/s]
 95%|█████████▍| 75/79 [00:02<00:00, 35.06it/s]
100%|██████████| 79/79 [00:02<00:00, 34.11it/s]
100%|██████████| 79/79 [00:02<00:00, 32.83it/s]

CommRound: 3/30
Accuracy: 83.23% | Loss: 0.5158
[######------------------------------------------------------] 10.0%
Elapsed: 2.8m | Avg/Round: 55.0s | Last: 48.8s | Next: 55.0s | Remaining: 24.8m
ETA: 20:12:18
Recent round times: R1: 57.5s -> R2: 55.7s -> R3: 48.8s

  0%|          | 0/79 [00:00<?, ?it/s]
  1%|▏         | 1/79 [00:00<00:13,  5.79it/s]
  6%|▋         | 5/79 [00:00<00:03, 18.87it/s]
 10%|█         | 8/79 [00:00<00:03, 22.79it/s]
 14%|█▍        | 11/79 [00:00<00:03, 22.43it/s]
 19%|█▉        | 15/79 [00:00<00:02, 25.06it/s]
 24%|██▍       | 19/79 [00:00<00:02, 28.25it/s]
 29%|██▉       | 23/79 [00:00<00:01, 30.33it/s]
 34%|███▍      | 27/79 [00:01<00:01, 32.04it/s]
 39%|███▉      | 31/79 [00:01<00:01, 32.67it/s]
 44%|████▍     | 35/79 [00:01<00:01, 33.36it/s]
 49%|████▉     | 39/79 [00:01<00:01, 33.83it/s]
 54%|█████▍    | 43/79 [00:01<00:01, 34.48it/s]
 59%|█████▉    | 47/79 [00:01<00:00, 33.96it/s]
 65%|██████▍   | 51/79 [00:01<00:00, 34.04it/s]
 70%|██████▉   | 55/79 [00:01<00:00, 34.17it/s]
 75%|███████▍  | 59/79 [00:01<00:00, 32.93it/s]
 80%|███████▉  | 63/79 [00:02<00:00, 33.02it/s]
 85%|████████▍ | 67/79 [00:02<00:00, 33.67it/s]
 90%|████████▉ | 71/79 [00:02<00:00, 34.19it/s]
 95%|█████████▍| 75/79 [00:02<00:00, 33.32it/s]
100%|██████████| 79/79 [00:02<00:00, 31.22it/s]

CommRound: 4/30
Accuracy: 88.06% | Loss: 0.3863
[########----------------------------------------------------] 13.3%
Elapsed: 3.7m | Avg/Round: 55.7s | Last: 57.9s | Next: 55.7s | Remaining: 24.2m
ETA: 20:12:39
Recent round times: R1: 57.5s -> R2: 55.7s -> R3: 48.8s -> R4: 57.9s

  0%|          | 0/79 [00:00<?, ?it/s]
  1%|▏         | 1/79 [00:00<00:13,  5.72it/s]
  6%|▋         | 5/79 [00:00<00:03, 19.59it/s]
 11%|█▏        | 9/79 [00:00<00:03, 23.29it/s]
 16%|█▋        | 13/79 [00:00<00:02, 26.89it/s]
 22%|██▏       | 17/79 [00:00<00:02, 29.53it/s]
 27%|██▋       | 21/79 [00:00<00:01, 31.13it/s]
 32%|███▏      | 25/79 [00:00<00:01, 32.26it/s]
 37%|███▋      | 29/79 [00:01<00:01, 32.97it/s]
 42%|████▏     | 33/79 [00:01<00:01, 32.91it/s]
 47%|████▋     | 37/79 [00:01<00:01, 29.66it/s]
 52%|█████▏    | 41/79 [00:01<00:01, 28.18it/s]
 56%|█████▌    | 44/79 [00:01<00:01, 27.03it/s]
 61%|██████    | 48/79 [00:01<00:01, 26.59it/s]
 66%|██████▌   | 52/79 [00:01<00:00, 27.44it/s]
 71%|███████   | 56/79 [00:02<00:00, 27.28it/s]
 76%|███████▌  | 60/79 [00:02<00:00, 26.16it/s]
 81%|████████  | 64/79 [00:02<00:00, 27.92it/s]
 86%|████████▌ | 68/79 [00:02<00:00, 26.98it/s]
 91%|█████████ | 72/79 [00:02<00:00, 27.71it/s]
 96%|█████████▌| 76/79 [00:02<00:00, 27.00it/s]
100%|██████████| 79/79 [00:02<00:00, 27.50it/s]

CommRound: 5/30
Accuracy: 88.48% | Loss: 0.3835
[##########--------------------------------------------------] 16.7%
Elapsed: 4.7m | Avg/Round: 56.2s | Last: 58.1s | Next: 56.2s | Remaining: 23.4m
ETA: 20:12:54
Recent round times: R1: 57.5s -> R2: 55.7s -> R3: 48.8s -> R4: 57.9s -> R5: 58.1s

  0%|          | 0/79 [00:00<?, ?it/s]
  1%|▏         | 1/79 [00:00<00:12,  6.12it/s]
  9%|▉         | 7/79 [00:00<00:02, 25.91it/s]
 14%|█▍        | 11/79 [00:00<00:02, 26.46it/s]
 19%|█▉        | 15/79 [00:00<00:02, 25.66it/s]
 23%|██▎       | 18/79 [00:00<00:02, 24.80it/s]
 27%|██▋       | 21/79 [00:00<00:02, 19.92it/s]
 30%|███       | 24/79 [00:01<00:02, 21.08it/s]
 34%|███▍      | 27/79 [00:01<00:02, 21.05it/s]
 39%|███▉      | 31/79 [00:01<00:02, 20.56it/s]
 44%|████▍     | 35/79 [00:01<00:02, 20.60it/s]
 49%|████▉     | 39/79 [00:01<00:01, 20.49it/s]
 53%|█████▎    | 42/79 [00:01<00:01, 21.88it/s]
 57%|█████▋    | 45/79 [00:02<00:01, 19.92it/s]
 62%|██████▏   | 49/79 [00:02<00:01, 21.92it/s]
 66%|██████▌   | 52/79 [00:02<00:01, 21.99it/s]
 70%|██████▉   | 55/79 [00:02<00:01, 18.36it/s]
 72%|███████▏  | 57/79 [00:02<00:01, 17.74it/s]
 77%|███████▋  | 61/79 [00:02<00:00, 18.80it/s]
 82%|████████▏ | 65/79 [00:03<00:00, 19.91it/s]
 86%|████████▌ | 68/79 [00:03<00:00, 20.84it/s]
 90%|████████▉ | 71/79 [00:03<00:00, 21.83it/s]
 95%|█████████▍| 75/79 [00:03<00:00, 24.30it/s]
100%|██████████| 79/79 [00:03<00:00, 21.69it/s]

CommRound: 6/30
Accuracy: 90.55% | Loss: 0.3340
[############------------------------------------------------] 20.0%
Elapsed: 5.6m | Avg/Round: 56.1s | Last: 55.6s | Next: 56.1s | Remaining: 22.4m
ETA: 20:12:51
Recent round times: R1: 55.7s -> R2: 48.8s -> R3: 57.9s -> R4: 58.1s -> R5: 55.6s

  0%|          | 0/79 [00:00<?, ?it/s]
  1%|▏         | 1/79 [00:00<00:13,  5.57it/s]
  6%|▋         | 5/79 [00:00<00:03, 19.62it/s]
 10%|█         | 8/79 [00:00<00:03, 23.42it/s]
 14%|█▍        | 11/79 [00:00<00:02, 23.23it/s]
 19%|█▉        | 15/79 [00:00<00:02, 21.56it/s]
 24%|██▍       | 19/79 [00:00<00:02, 26.09it/s]
 28%|██▊       | 22/79 [00:00<00:02, 26.67it/s]
 33%|███▎      | 26/79 [00:01<00:01, 27.43it/s]
 38%|███▊      | 30/79 [00:01<00:01, 29.43it/s]
 43%|████▎     | 34/79 [00:01<00:01, 30.73it/s]
 48%|████▊     | 38/79 [00:01<00:01, 31.60it/s]
 53%|█████▎    | 42/79 [00:01<00:01, 32.27it/s]
 58%|█████▊    | 46/79 [00:01<00:01, 32.15it/s]
 63%|██████▎   | 50/79 [00:01<00:01, 28.74it/s]
 67%|██████▋   | 53/79 [00:01<00:00, 26.76it/s]
 72%|███████▏  | 57/79 [00:02<00:00, 27.65it/s]
 77%|███████▋  | 61/79 [00:02<00:00, 28.34it/s]
 82%|████████▏ | 65/79 [00:02<00:00, 28.11it/s]
 87%|████████▋ | 69/79 [00:02<00:00, 28.07it/s]
 92%|█████████▏| 73/79 [00:02<00:00, 28.21it/s]
 97%|█████████▋| 77/79 [00:02<00:00, 27.42it/s]
100%|██████████| 79/79 [00:02<00:00, 27.30it/s]

CommRound: 7/30
Accuracy: 90.39% | Loss: 0.3528
[##############----------------------------------------------] 23.3%
Elapsed: 6.5m | Avg/Round: 55.9s | Last: 54.6s | Next: 55.9s | Remaining: 21.4m
ETA: 20:12:44
Recent round times: R1: 48.8s -> R2: 57.9s -> R3: 58.1s -> R4: 55.6s -> R5: 54.6s

  0%|          | 0/79 [00:00<?, ?it/s]
  1%|▏         | 1/79 [00:00<00:17,  4.56it/s]
  6%|▋         | 5/79 [00:00<00:04, 16.86it/s]
 10%|█         | 8/79 [00:00<00:04, 17.03it/s]
 13%|█▎        | 10/79 [00:00<00:04, 17.03it/s]
 15%|█▌        | 12/79 [00:00<00:03, 17.69it/s]
 18%|█▊        | 14/79 [00:00<00:03, 18.01it/s]
 22%|██▏       | 17/79 [00:00<00:03, 20.00it/s]
 25%|██▌       | 20/79 [00:01<00:02, 20.05it/s]
 29%|██▉       | 23/79 [00:01<00:03, 18.28it/s]
 32%|███▏      | 25/79 [00:01<00:03, 16.52it/s]
 34%|███▍      | 27/79 [00:01<00:04, 12.34it/s]
 41%|████      | 32/79 [00:01<00:02, 19.08it/s]
 44%|████▍     | 35/79 [00:02<00:02, 18.77it/s]
 48%|████▊     | 38/79 [00:02<00:02, 18.41it/s]
 52%|█████▏    | 41/79 [00:02<00:02, 18.57it/s]
 56%|█████▌    | 44/79 [00:02<00:01, 19.03it/s]
 59%|█████▉    | 47/79 [00:02<00:01, 19.14it/s]
 62%|██████▏   | 49/79 [00:02<00:01, 18.95it/s]
 65%|██████▍   | 51/79 [00:02<00:01, 18.72it/s]
 67%|██████▋   | 53/79 [00:02<00:01, 18.52it/s]
 70%|██████▉   | 55/79 [00:03<00:01, 18.33it/s]
 72%|███████▏  | 57/79 [00:03<00:01, 18.33it/s]
 75%|███████▍  | 59/79 [00:03<00:01, 18.50it/s]
 77%|███████▋  | 61/79 [00:03<00:00, 18.63it/s]
 80%|███████▉  | 63/79 [00:03<00:00, 18.35it/s]
 82%|████████▏ | 65/79 [00:03<00:00, 18.17it/s]
 85%|████████▍ | 67/79 [00:03<00:00, 18.06it/s]
 87%|████████▋ | 69/79 [00:03<00:00, 18.19it/s]
 90%|████████▉ | 71/79 [00:03<00:00, 17.98it/s]
 92%|█████████▏| 73/79 [00:04<00:00, 17.91it/s]
 95%|█████████▍| 75/79 [00:04<00:00, 17.33it/s]
 99%|█████████▊| 78/79 [00:04<00:00, 19.09it/s]
100%|██████████| 79/79 [00:04<00:00, 17.97it/s]

CommRound: 8/30
Accuracy: 90.79% | Loss: 0.3417
[################--------------------------------------------] 26.7%
Elapsed: 7.4m | Avg/Round: 55.3s | Last: 51.5s | Next: 55.3s | Remaining: 20.3m
ETA: 20:12:28
Recent round times: R1: 57.9s -> R2: 58.1s -> R3: 55.6s -> R4: 54.6s -> R5: 51.5s

  0%|          | 0/79 [00:00<?, ?it/s]
  1%|▏         | 1/79 [00:00<00:13,  5.95it/s]
  6%|▋         | 5/79 [00:00<00:03, 20.72it/s]
 10%|█         | 8/79 [00:00<00:03, 20.06it/s]
 14%|█▍        | 11/79 [00:00<00:03, 19.42it/s]
 20%|██        | 16/79 [00:00<00:02, 22.06it/s]
 24%|██▍       | 19/79 [00:00<00:02, 21.78it/s]
 28%|██▊       | 22/79 [00:01<00:02, 23.34it/s]
 33%|███▎      | 26/79 [00:01<00:02, 24.57it/s]
 37%|███▋      | 29/79 [00:01<00:02, 24.55it/s]
 41%|████      | 32/79 [00:01<00:02, 22.93it/s]
 46%|████▌     | 36/79 [00:01<00:01, 22.78it/s]
 49%|████▉     | 39/79 [00:01<00:01, 24.21it/s]
 53%|█████▎    | 42/79 [00:01<00:01, 23.77it/s]
 58%|█████▊    | 46/79 [00:02<00:01, 23.23it/s]
 62%|██████▏   | 49/79 [00:02<00:01, 24.58it/s]
 66%|██████▌   | 52/79 [00:02<00:01, 24.53it/s]
 71%|███████   | 56/79 [00:02<00:00, 26.18it/s]
 76%|███████▌  | 60/79 [00:02<00:00, 27.68it/s]
 81%|████████  | 64/79 [00:02<00:00, 28.51it/s]
 86%|████████▌ | 68/79 [00:02<00:00, 28.79it/s]
 91%|█████████ | 72/79 [00:02<00:00, 25.71it/s]
 96%|█████████▌| 76/79 [00:03<00:00, 25.74it/s]
100%|██████████| 79/79 [00:03<00:00, 24.06it/s]

CommRound: 9/30
Accuracy: 90.71% | Loss: 0.3503
[##################------------------------------------------] 30.0%
Elapsed: 8.3m | Avg/Round: 55.3s | Last: 54.6s | Next: 55.3s | Remaining: 19.3m
ETA: 20:12:25
Recent round times: R1: 58.1s -> R2: 55.6s -> R3: 54.6s -> R4: 51.5s -> R5: 54.6s

  0%|          | 0/79 [00:00<?, ?it/s]
  1%|▏         | 1/79 [00:00<00:15,  4.88it/s]
  6%|▋         | 5/79 [00:00<00:04, 16.70it/s]
 10%|█         | 8/79 [00:00<00:03, 20.55it/s]
 14%|█▍        | 11/79 [00:00<00:03, 21.78it/s]
 19%|█▉        | 15/79 [00:00<00:03, 20.99it/s]
 24%|██▍       | 19/79 [00:00<00:02, 23.96it/s]
 28%|██▊       | 22/79 [00:01<00:02, 19.55it/s]
 33%|███▎      | 26/79 [00:01<00:03, 17.01it/s]
 35%|███▌      | 28/79 [00:01<00:02, 17.10it/s]
 38%|███▊      | 30/79 [00:01<00:02, 16.75it/s]
 43%|████▎     | 34/79 [00:01<00:02, 20.75it/s]
 48%|████▊     | 38/79 [00:01<00:01, 22.13it/s]
 52%|█████▏    | 41/79 [00:02<00:01, 19.60it/s]
 57%|█████▋    | 45/79 [00:02<00:01, 23.35it/s]
 61%|██████    | 48/79 [00:02<00:01, 19.11it/s]
 67%|██████▋   | 53/79 [00:02<00:01, 24.58it/s]
 71%|███████   | 56/79 [00:03<00:01, 15.12it/s]
 77%|███████▋  | 61/79 [00:03<00:00, 18.61it/s]
 81%|████████  | 64/79 [00:03<00:00, 19.41it/s]
 86%|████████▌ | 68/79 [00:03<00:00, 22.85it/s]
 90%|████████▉ | 71/79 [00:03<00:00, 22.73it/s]
 95%|█████████▍| 75/79 [00:03<00:00, 20.81it/s]
100%|██████████| 79/79 [00:03<00:00, 20.37it/s]

CommRound: 10/30
Accuracy: 90.31% | Loss: 0.3658
[####################----------------------------------------] 33.3%
Elapsed: 9.2m | Avg/Round: 55.5s | Last: 57.5s | Next: 55.5s | Remaining: 18.5m
ETA: 20:12:32
Recent round times: R1: 55.6s -> R2: 54.6s -> R3: 51.5s -> R4: 54.6s -> R5: 57.5s

  0%|          | 0/79 [00:00<?, ?it/s]
  1%|▏         | 1/79 [00:00<00:12,  6.19it/s]
  8%|▊         | 6/79 [00:00<00:03, 23.10it/s]
 11%|█▏        | 9/79 [00:00<00:03, 22.83it/s]
 15%|█▌        | 12/79 [00:00<00:03, 21.84it/s]
 20%|██        | 16/79 [00:00<00:02, 24.47it/s]
 25%|██▌       | 20/79 [00:00<00:02, 28.04it/s]
 30%|███       | 24/79 [00:00<00:01, 30.25it/s]
 35%|███▌      | 28/79 [00:01<00:01, 31.76it/s]
 41%|████      | 32/79 [00:01<00:01, 32.87it/s]
 46%|████▌     | 36/79 [00:01<00:01, 33.72it/s]
 51%|█████     | 40/79 [00:01<00:01, 34.66it/s]
 56%|█████▌    | 44/79 [00:01<00:01, 34.99it/s]
 61%|██████    | 48/79 [00:01<00:01, 27.92it/s]
 66%|██████▌   | 52/79 [00:01<00:01, 24.90it/s]
 70%|██████▉   | 55/79 [00:02<00:01, 22.69it/s]
 73%|███████▎  | 58/79 [00:02<00:00, 22.33it/s]
 77%|███████▋  | 61/79 [00:02<00:00, 21.62it/s]
 81%|████████  | 64/79 [00:02<00:00, 21.35it/s]
 85%|████████▍ | 67/79 [00:02<00:00, 20.00it/s]
 89%|████████▊ | 70/79 [00:02<00:00, 20.50it/s]
 92%|█████████▏| 73/79 [00:02<00:00, 19.60it/s]
 95%|█████████▍| 75/79 [00:03<00:00, 19.52it/s]
 99%|█████████▊| 78/79 [00:03<00:00, 21.04it/s]
100%|██████████| 79/79 [00:03<00:00, 24.30it/s]

CommRound: 11/30
Accuracy: 90.77% | Loss: 0.3576
[######################--------------------------------------] 36.7%
Elapsed: 10.2m | Avg/Round: 55.6s | Last: 56.9s | Next: 55.6s | Remaining: 17.6m
ETA: 20:12:36
Recent round times: R1: 54.6s -> R2: 51.5s -> R3: 54.6s -> R4: 57.5s -> R5: 56.9s

  0%|          | 0/79 [00:00<?, ?it/s]
  1%|▏         | 1/79 [00:00<00:13,  5.90it/s]
  6%|▋         | 5/79 [00:00<00:04, 15.13it/s]
  9%|▉         | 7/79 [00:00<00:04, 15.39it/s]
 13%|█▎        | 10/79 [00:00<00:03, 18.89it/s]
 16%|█▋        | 13/79 [00:00<00:03, 17.37it/s]
 19%|█▉        | 15/79 [00:00<00:03, 17.01it/s]
 24%|██▍       | 19/79 [00:01<00:03, 19.72it/s]
 29%|██▉       | 23/79 [00:01<00:02, 22.85it/s]
 34%|███▍      | 27/79 [00:01<00:02, 23.22it/s]
 39%|███▉      | 31/79 [00:01<00:01, 26.20it/s]
 44%|████▍     | 35/79 [00:01<00:01, 26.90it/s]
 49%|████▉     | 39/79 [00:01<00:01, 29.31it/s]
 54%|█████▍    | 43/79 [00:01<00:01, 30.01it/s]
 59%|█████▉    | 47/79 [00:01<00:01, 30.94it/s]
 65%|██████▍   | 51/79 [00:02<00:00, 31.86it/s]
 70%|██████▉   | 55/79 [00:02<00:00, 32.08it/s]
 75%|███████▍  | 59/79 [00:02<00:00, 28.88it/s]
 80%|███████▉  | 63/79 [00:02<00:00, 27.83it/s]
 84%|████████▎ | 66/79 [00:02<00:00, 27.75it/s]
 87%|████████▋ | 69/79 [00:02<00:00, 26.52it/s]
 92%|█████████▏| 73/79 [00:02<00:00, 28.41it/s]
 97%|█████████▋| 77/79 [00:03<00:00, 30.13it/s]
100%|██████████| 79/79 [00:03<00:00, 25.54it/s]

CommRound: 12/30
Accuracy: 90.98% | Loss: 0.3585
[########################------------------------------------] 40.0%
Elapsed: 11.0m | Avg/Round: 55.1s | Last: 49.6s | Next: 55.1s | Remaining: 16.5m
ETA: 20:12:21
Recent round times: R1: 51.5s -> R2: 54.6s -> R3: 57.5s -> R4: 56.9s -> R5: 49.6s

  0%|          | 0/79 [00:00<?, ?it/s]
  1%|▏         | 1/79 [00:00<00:13,  5.71it/s]
  8%|▊         | 6/79 [00:00<00:02, 24.92it/s]
 13%|█▎        | 10/79 [00:00<00:02, 27.16it/s]
 16%|█▋        | 13/79 [00:00<00:02, 26.36it/s]
 22%|██▏       | 17/79 [00:00<00:02, 27.52it/s]
 27%|██▋       | 21/79 [00:00<00:02, 28.36it/s]
 32%|███▏      | 25/79 [00:00<00:01, 28.93it/s]
 37%|███▋      | 29/79 [00:01<00:01, 29.31it/s]
 42%|████▏     | 33/79 [00:01<00:01, 29.68it/s]
 47%|████▋     | 37/79 [00:01<00:01, 29.61it/s]
 52%|█████▏    | 41/79 [00:01<00:01, 29.55it/s]
 57%|█████▋    | 45/79 [00:01<00:01, 28.24it/s]
 62%|██████▏   | 49/79 [00:01<00:00, 30.54it/s]
 67%|██████▋   | 53/79 [00:01<00:00, 30.78it/s]
 72%|███████▏  | 57/79 [00:01<00:00, 31.14it/s]
 77%|███████▋  | 61/79 [00:02<00:00, 31.52it/s]
 82%|████████▏ | 65/79 [00:02<00:00, 31.71it/s]
 87%|████████▋ | 69/79 [00:02<00:00, 32.22it/s]
 92%|█████████▏| 73/79 [00:02<00:00, 32.01it/s]
 97%|█████████▋| 77/79 [00:02<00:00, 31.25it/s]
100%|██████████| 79/79 [00:02<00:00, 29.16it/s]

CommRound: 13/30
Accuracy: 90.96% | Loss: 0.3626
[##########################----------------------------------] 43.3%
Elapsed: 11.9m | Avg/Round: 55.0s | Last: 53.5s | Next: 55.0s | Remaining: 15.6m
ETA: 20:12:17
Recent round times: R1: 54.6s -> R2: 57.5s -> R3: 56.9s -> R4: 49.6s -> R5: 53.5s

  0%|          | 0/79 [00:00<?, ?it/s]
  1%|▏         | 1/79 [00:00<00:14,  5.56it/s]
  8%|▊         | 6/79 [00:00<00:02, 25.00it/s]
 13%|█▎        | 10/79 [00:00<00:02, 26.32it/s]
 16%|█▋        | 13/79 [00:00<00:02, 25.16it/s]
 22%|██▏       | 17/79 [00:00<00:02, 26.73it/s]
 27%|██▋       | 21/79 [00:00<00:02, 27.87it/s]
 32%|███▏      | 25/79 [00:00<00:01, 28.83it/s]
 37%|███▋      | 29/79 [00:01<00:01, 27.43it/s]
 42%|████▏     | 33/79 [00:01<00:01, 29.31it/s]
 47%|████▋     | 37/79 [00:01<00:01, 29.52it/s]
 52%|█████▏    | 41/79 [00:01<00:01, 29.48it/s]
 57%|█████▋    | 45/79 [00:01<00:01, 29.05it/s]
 62%|██████▏   | 49/79 [00:01<00:01, 28.56it/s]
 67%|██████▋   | 53/79 [00:01<00:00, 29.30it/s]
 72%|███████▏  | 57/79 [00:02<00:00, 29.29it/s]
 77%|███████▋  | 61/79 [00:02<00:00, 29.39it/s]
 82%|████████▏ | 65/79 [00:02<00:00, 29.78it/s]
 87%|████████▋ | 69/79 [00:02<00:00, 30.01it/s]
 92%|█████████▏| 73/79 [00:02<00:00, 30.01it/s]
 97%|█████████▋| 77/79 [00:02<00:00, 30.12it/s]
100%|██████████| 79/79 [00:02<00:00, 28.67it/s]

CommRound: 14/30
Accuracy: 91.03% | Loss: 0.3549
[############################--------------------------------] 46.7%
Elapsed: 12.8m | Avg/Round: 55.0s | Last: 54.9s | Next: 55.0s | Remaining: 14.7m
ETA: 20:12:17
Recent round times: R1: 57.5s -> R2: 56.9s -> R3: 49.6s -> R4: 53.5s -> R5: 54.9s

  0%|          | 0/79 [00:00<?, ?it/s]
  1%|▏         | 1/79 [00:00<00:12,  6.25it/s]
  6%|▋         | 5/79 [00:00<00:03, 20.22it/s]
 11%|█▏        | 9/79 [00:00<00:02, 24.83it/s]
 16%|█▋        | 13/79 [00:00<00:02, 28.39it/s]
 24%|██▍       | 19/79 [00:00<00:01, 33.82it/s]
 29%|██▉       | 23/79 [00:00<00:01, 35.06it/s]
 34%|███▍      | 27/79 [00:00<00:01, 34.88it/s]
 39%|███▉      | 31/79 [00:01<00:01, 34.03it/s]
 44%|████▍     | 35/79 [00:01<00:01, 33.59it/s]
 49%|████▉     | 39/79 [00:01<00:01, 32.71it/s]
 54%|█████▍    | 43/79 [00:01<00:01, 32.52it/s]
 59%|█████▉    | 47/79 [00:01<00:00, 32.21it/s]
 65%|██████▍   | 51/79 [00:01<00:00, 32.05it/s]
 70%|██████▉   | 55/79 [00:01<00:00, 31.77it/s]
 75%|███████▍  | 59/79 [00:01<00:00, 31.22it/s]
 80%|███████▉  | 63/79 [00:02<00:00, 30.93it/s]
 85%|████████▍ | 67/79 [00:02<00:00, 30.72it/s]
 90%|████████▉ | 71/79 [00:02<00:00, 30.67it/s]
 95%|█████████▍| 75/79 [00:02<00:00, 30.72it/s]
100%|██████████| 79/79 [00:02<00:00, 32.48it/s]
100%|██████████| 79/79 [00:02<00:00, 30.81it/s]

CommRound: 15/30
Accuracy: 91.36% | Loss: 0.3481
[##############################------------------------------] 50.0%
Elapsed: 13.7m | Avg/Round: 54.9s | Last: 53.1s | Next: 54.9s | Remaining: 13.7m
ETA: 20:12:13
Recent round times: R1: 56.9s -> R2: 49.6s -> R3: 53.5s -> R4: 54.9s -> R5: 53.1s

  0%|          | 0/79 [00:00<?, ?it/s]
  1%|▏         | 1/79 [00:00<00:12,  6.50it/s]
  6%|▋         | 5/79 [00:00<00:03, 19.06it/s]
 11%|█▏        | 9/79 [00:00<00:03, 21.81it/s]
 16%|█▋        | 13/79 [00:00<00:02, 24.18it/s]
 22%|██▏       | 17/79 [00:00<00:02, 26.16it/s]
 27%|██▋       | 21/79 [00:00<00:02, 27.10it/s]
 30%|███       | 24/79 [00:00<00:02, 25.94it/s]
 34%|███▍      | 27/79 [00:01<00:02, 25.34it/s]
 38%|███▊      | 30/79 [00:01<00:02, 24.43it/s]
 43%|████▎     | 34/79 [00:01<00:01, 26.15it/s]
 48%|████▊     | 38/79 [00:01<00:01, 26.76it/s]
 53%|█████▎    | 42/79 [00:01<00:01, 27.11it/s]
 58%|█████▊    | 46/79 [00:01<00:01, 27.57it/s]
 63%|██████▎   | 50/79 [00:01<00:01, 28.41it/s]
 68%|██████▊   | 54/79 [00:02<00:00, 28.90it/s]
 73%|███████▎  | 58/79 [00:02<00:00, 29.75it/s]
 78%|███████▊  | 62/79 [00:02<00:00, 30.99it/s]
 84%|████████▎ | 66/79 [00:02<00:00, 32.42it/s]
 89%|████████▊ | 70/79 [00:02<00:00, 33.28it/s]
 94%|█████████▎| 74/79 [00:02<00:00, 33.94it/s]
 99%|█████████▊| 78/79 [00:02<00:00, 33.42it/s]
100%|██████████| 79/79 [00:02<00:00, 27.96it/s]

CommRound: 16/30
Accuracy: 91.54% | Loss: 0.3453
[################################----------------------------] 53.3%
Elapsed: 14.8m | Avg/Round: 55.5s | Last: 64.5s | Next: 55.5s | Remaining: 12.9m
ETA: 20:12:31
Recent round times: R1: 49.6s -> R2: 53.5s -> R3: 54.9s -> R4: 53.1s -> R5: 64.5s

  0%|          | 0/79 [00:00<?, ?it/s]
  1%|▏         | 1/79 [00:00<00:13,  5.97it/s]
  8%|▊         | 6/79 [00:00<00:03, 23.91it/s]
 13%|█▎        | 10/79 [00:00<00:02, 28.09it/s]
 18%|█▊        | 14/79 [00:00<00:02, 29.96it/s]
 23%|██▎       | 18/79 [00:00<00:01, 31.38it/s]
 28%|██▊       | 22/79 [00:00<00:01, 31.88it/s]
 33%|███▎      | 26/79 [00:00<00:01, 32.36it/s]
 38%|███▊      | 30/79 [00:01<00:01, 32.77it/s]
 43%|████▎     | 34/79 [00:01<00:01, 33.13it/s]
 48%|████▊     | 38/79 [00:01<00:01, 33.16it/s]
 53%|█████▎    | 42/79 [00:01<00:01, 32.89it/s]
 58%|█████▊    | 46/79 [00:01<00:01, 32.50it/s]
 63%|██████▎   | 50/79 [00:01<00:00, 32.00it/s]
 68%|██████▊   | 54/79 [00:01<00:00, 32.26it/s]
 73%|███████▎  | 58/79 [00:01<00:00, 32.40it/s]
 78%|███████▊  | 62/79 [00:01<00:00, 33.12it/s]
 84%|████████▎ | 66/79 [00:02<00:00, 33.27it/s]
 89%|████████▊ | 70/79 [00:02<00:00, 33.49it/s]
 94%|█████████▎| 74/79 [00:02<00:00, 33.44it/s]
 99%|█████████▊| 78/79 [00:02<00:00, 33.32it/s]
100%|██████████| 79/79 [00:02<00:00, 31.53it/s]

CommRound: 17/30
Accuracy: 91.62% | Loss: 0.3439
[##################################--------------------------] 56.7%
Elapsed: 15.7m | Avg/Round: 55.5s | Last: 56.5s | Next: 55.5s | Remaining: 12.0m
ETA: 20:12:33
Recent round times: R1: 53.5s -> R2: 54.9s -> R3: 53.1s -> R4: 64.5s -> R5: 56.5s

  0%|          | 0/79 [00:00<?, ?it/s]
  1%|▏         | 1/79 [00:00<00:11,  6.74it/s]
  6%|▋         | 5/79 [00:00<00:03, 22.48it/s]
 11%|█▏        | 9/79 [00:00<00:02, 24.89it/s]
 16%|█▋        | 13/79 [00:00<00:02, 25.97it/s]
 22%|██▏       | 17/79 [00:00<00:02, 26.75it/s]
 27%|██▋       | 21/79 [00:00<00:02, 27.73it/s]
 32%|███▏      | 25/79 [00:00<00:01, 28.62it/s]
 35%|███▌      | 28/79 [00:01<00:01, 28.07it/s]
 41%|████      | 32/79 [00:01<00:01, 29.67it/s]
 46%|████▌     | 36/79 [00:01<00:01, 29.77it/s]
 49%|████▉     | 39/79 [00:01<00:01, 29.40it/s]
 53%|█████▎    | 42/79 [00:01<00:01, 26.73it/s]
 58%|█████▊    | 46/79 [00:01<00:01, 26.95it/s]
 63%|██████▎   | 50/79 [00:01<00:01, 26.47it/s]
 68%|██████▊   | 54/79 [00:02<00:00, 27.37it/s]
 73%|███████▎  | 58/79 [00:02<00:00, 27.32it/s]
 78%|███████▊  | 62/79 [00:02<00:00, 28.51it/s]
 84%|████████▎ | 66/79 [00:02<00:00, 29.31it/s]
 89%|████████▊ | 70/79 [00:02<00:00, 27.03it/s]
 94%|█████████▎| 74/79 [00:02<00:00, 26.17it/s]
 99%|█████████▊| 78/79 [00:02<00:00, 28.58it/s]
100%|██████████| 79/79 [00:02<00:00, 27.25it/s]

CommRound: 18/30
Accuracy: 91.70% | Loss: 0.3433
[####################################------------------------] 60.0%
Elapsed: 16.6m | Avg/Round: 55.4s | Last: 53.3s | Next: 55.4s | Remaining: 11.1m
ETA: 20:12:30
Recent round times: R1: 54.9s -> R2: 53.1s -> R3: 64.5s -> R4: 56.5s -> R5: 53.3s

  0%|          | 0/79 [00:00<?, ?it/s]
  1%|▏         | 1/79 [00:00<00:14,  5.28it/s]
  6%|▋         | 5/79 [00:00<00:04, 17.33it/s]
 10%|█         | 8/79 [00:00<00:03, 21.33it/s]
 14%|█▍        | 11/79 [00:00<00:03, 19.42it/s]
 19%|█▉        | 15/79 [00:00<00:02, 23.86it/s]
 24%|██▍       | 19/79 [00:00<00:02, 26.04it/s]
 29%|██▉       | 23/79 [00:01<00:02, 25.31it/s]
 34%|███▍      | 27/79 [00:01<00:02, 25.04it/s]
 39%|███▉      | 31/79 [00:01<00:01, 26.62it/s]
 44%|████▍     | 35/79 [00:01<00:01, 27.84it/s]
 49%|████▉     | 39/79 [00:01<00:01, 27.35it/s]
 54%|█████▍    | 43/79 [00:01<00:01, 26.62it/s]
 59%|█████▉    | 47/79 [00:01<00:01, 26.25it/s]
 65%|██████▍   | 51/79 [00:02<00:01, 25.75it/s]
 70%|██████▉   | 55/79 [00:02<00:00, 25.43it/s]
 75%|███████▍  | 59/79 [00:02<00:00, 25.67it/s]
 80%|███████▉  | 63/79 [00:02<00:00, 25.68it/s]
 85%|████████▍ | 67/79 [00:02<00:00, 25.56it/s]
 90%|████████▉ | 71/79 [00:02<00:00, 25.56it/s]
 95%|█████████▍| 75/79 [00:03<00:00, 25.55it/s]
100%|██████████| 79/79 [00:03<00:00, 25.27it/s]

CommRound: 19/30
Accuracy: 91.71% | Loss: 0.3428
[######################################----------------------] 63.3%
Elapsed: 17.5m | Avg/Round: 55.1s | Last: 49.7s | Next: 55.1s | Remaining: 10.1m
ETA: 20:12:21
Recent round times: R1: 53.1s -> R2: 64.5s -> R3: 56.5s -> R4: 53.3s -> R5: 49.7s

  0%|          | 0/79 [00:00<?, ?it/s]
  1%|▏         | 1/79 [00:00<00:12,  6.27it/s]
  9%|▉         | 7/79 [00:00<00:02, 26.94it/s]
 14%|█▍        | 11/79 [00:00<00:02, 29.37it/s]
 19%|█▉        | 15/79 [00:00<00:02, 26.90it/s]
 23%|██▎       | 18/79 [00:00<00:02, 26.55it/s]
 27%|██▋       | 21/79 [00:00<00:02, 27.08it/s]
 32%|███▏      | 25/79 [00:00<00:02, 26.63it/s]
 37%|███▋      | 29/79 [00:01<00:01, 26.31it/s]
 42%|████▏     | 33/79 [00:01<00:01, 26.24it/s]
 47%|████▋     | 37/79 [00:01<00:01, 26.56it/s]
 52%|█████▏    | 41/79 [00:01<00:01, 28.22it/s]
 57%|█████▋    | 45/79 [00:01<00:01, 29.17it/s]
 62%|██████▏   | 49/79 [00:01<00:01, 29.71it/s]
 67%|██████▋   | 53/79 [00:01<00:00, 31.16it/s]
 72%|███████▏  | 57/79 [00:02<00:00, 32.51it/s]
 77%|███████▋  | 61/79 [00:02<00:00, 32.97it/s]
 82%|████████▏ | 65/79 [00:02<00:00, 32.95it/s]
 87%|████████▋ | 69/79 [00:02<00:00, 32.92it/s]
 92%|█████████▏| 73/79 [00:02<00:00, 32.72it/s]
 97%|█████████▋| 77/79 [00:02<00:00, 32.41it/s]
100%|██████████| 79/79 [00:02<00:00, 29.44it/s]

CommRound: 20/30
Accuracy: 91.76% | Loss: 0.3428
[########################################--------------------] 66.7%
Elapsed: 18.4m | Avg/Round: 55.1s | Last: 54.8s | Next: 55.1s | Remaining: 9.2m
ETA: 20:12:20
Recent round times: R1: 64.5s -> R2: 56.5s -> R3: 53.3s -> R4: 49.7s -> R5: 54.8s

  0%|          | 0/79 [00:00<?, ?it/s]
  1%|▏         | 1/79 [00:00<00:14,  5.52it/s]
  6%|▋         | 5/79 [00:00<00:04, 16.05it/s]
 10%|█         | 8/79 [00:00<00:03, 20.43it/s]
 14%|█▍        | 11/79 [00:00<00:03, 19.60it/s]
 19%|█▉        | 15/79 [00:00<00:02, 21.61it/s]
 23%|██▎       | 18/79 [00:00<00:02, 23.12it/s]
 27%|██▋       | 21/79 [00:01<00:02, 23.10it/s]
 32%|███▏      | 25/79 [00:01<00:02, 25.68it/s]
 37%|███▋      | 29/79 [00:01<00:01, 27.86it/s]
 42%|████▏     | 33/79 [00:01<00:01, 29.37it/s]
 47%|████▋     | 37/79 [00:01<00:01, 30.25it/s]
 52%|█████▏    | 41/79 [00:01<00:01, 29.51it/s]
 57%|█████▋    | 45/79 [00:01<00:01, 28.60it/s]
 62%|██████▏   | 49/79 [00:01<00:01, 28.21it/s]
 66%|██████▌   | 52/79 [00:02<00:00, 28.58it/s]
 70%|██████▉   | 55/79 [00:02<00:00, 27.21it/s]
 73%|███████▎  | 58/79 [00:02<00:00, 27.58it/s]
 77%|███████▋  | 61/79 [00:02<00:00, 26.18it/s]
 82%|████████▏ | 65/79 [00:02<00:00, 26.17it/s]
 87%|████████▋ | 69/79 [00:02<00:00, 26.39it/s]
 92%|█████████▏| 73/79 [00:02<00:00, 26.06it/s]
 96%|█████████▌| 76/79 [00:02<00:00, 26.64it/s]
100%|██████████| 79/79 [00:03<00:00, 25.64it/s]

CommRound: 21/30
Accuracy: 91.76% | Loss: 0.3429
[##########################################------------------] 70.0%
Elapsed: 19.3m | Avg/Round: 55.3s | Last: 58.6s | Next: 55.3s | Remaining: 8.3m
ETA: 20:12:25
Recent round times: R1: 56.5s -> R2: 53.3s -> R3: 49.7s -> R4: 54.8s -> R5: 58.6s

  0%|          | 0/79 [00:00<?, ?it/s]
  1%|▏         | 1/79 [00:00<00:17,  4.34it/s]
  6%|▋         | 5/79 [00:00<00:05, 12.71it/s]
  9%|▉         | 7/79 [00:00<00:05, 13.81it/s]
 11%|█▏        | 9/79 [00:00<00:04, 14.51it/s]
 14%|█▍        | 11/79 [00:00<00:04, 15.19it/s]
 16%|█▋        | 13/79 [00:00<00:04, 15.64it/s]
 20%|██        | 16/79 [00:01<00:03, 19.25it/s]
 24%|██▍       | 19/79 [00:01<00:03, 17.40it/s]
 28%|██▊       | 22/79 [00:01<00:02, 19.86it/s]
 32%|███▏      | 25/79 [00:01<00:03, 17.78it/s]
 35%|███▌      | 28/79 [00:01<00:02, 20.25it/s]
 39%|███▉      | 31/79 [00:01<00:02, 17.32it/s]
 42%|████▏     | 33/79 [00:01<00:02, 17.57it/s]
 44%|████▍     | 35/79 [00:02<00:02, 17.13it/s]
 47%|████▋     | 37/79 [00:02<00:02, 16.99it/s]
 51%|█████     | 40/79 [00:02<00:01, 19.84it/s]
 54%|█████▍    | 43/79 [00:02<00:02, 17.59it/s]
 57%|█████▋    | 45/79 [00:02<00:01, 18.12it/s]
 62%|██████▏   | 49/79 [00:02<00:01, 21.64it/s]
 67%|██████▋   | 53/79 [00:02<00:01, 24.37it/s]
 72%|███████▏  | 57/79 [00:03<00:00, 25.98it/s]
 77%|███████▋  | 61/79 [00:03<00:00, 26.07it/s]
 82%|████████▏ | 65/79 [00:03<00:00, 28.15it/s]
 87%|████████▋ | 69/79 [00:03<00:00, 29.87it/s]
 92%|█████████▏| 73/79 [00:03<00:00, 26.50it/s]
 97%|█████████▋| 77/79 [00:03<00:00, 24.61it/s]
100%|██████████| 79/79 [00:03<00:00, 20.39it/s]

CommRound: 22/30
Accuracy: 91.78% | Loss: 0.3432
[############################################----------------] 73.3%
Elapsed: 20.3m | Avg/Round: 55.5s | Last: 59.9s | Next: 55.5s | Remaining: 7.4m
ETA: 20:12:32
Recent round times: R1: 53.3s -> R2: 49.7s -> R3: 54.8s -> R4: 58.6s -> R5: 59.9s

  0%|          | 0/79 [00:00<?, ?it/s]
  1%|▏         | 1/79 [00:00<00:12,  6.22it/s]
  5%|▌         | 4/79 [00:00<00:04, 17.37it/s]
  9%|▉         | 7/79 [00:00<00:04, 15.96it/s]
 11%|█▏        | 9/79 [00:00<00:04, 15.62it/s]
 14%|█▍        | 11/79 [00:00<00:04, 16.45it/s]
 19%|█▉        | 15/79 [00:00<00:02, 21.74it/s]
 24%|██▍       | 19/79 [00:00<00:02, 24.57it/s]
 28%|██▊       | 22/79 [00:01<00:03, 17.83it/s]
 33%|███▎      | 26/79 [00:01<00:02, 20.13it/s]
 37%|███▋      | 29/79 [00:01<00:02, 21.53it/s]
 41%|████      | 32/79 [00:01<00:02, 18.54it/s]
 44%|████▍     | 35/79 [00:01<00:02, 20.04it/s]
 48%|████▊     | 38/79 [00:02<00:02, 17.57it/s]
 51%|█████     | 40/79 [00:02<00:02, 17.96it/s]
 53%|█████▎    | 42/79 [00:02<00:02, 18.10it/s]
 56%|█████▌    | 44/79 [00:02<00:01, 17.97it/s]
 58%|█████▊    | 46/79 [00:02<00:01, 18.02it/s]
 61%|██████    | 48/79 [00:02<00:01, 17.95it/s]
 63%|██████▎   | 50/79 [00:02<00:01, 17.90it/s]
 68%|██████▊   | 54/79 [00:02<00:01, 20.23it/s]
 71%|███████   | 56/79 [00:02<00:01, 19.45it/s]
 73%|███████▎  | 58/79 [00:03<00:01, 18.81it/s]
 76%|███████▌  | 60/79 [00:03<00:00, 19.04it/s]
 78%|███████▊  | 62/79 [00:03<00:00, 18.12it/s]
 81%|████████  | 64/79 [00:03<00:00, 17.44it/s]
 84%|████████▎ | 66/79 [00:03<00:00, 17.09it/s]
 86%|████████▌ | 68/79 [00:03<00:00, 16.76it/s]
 89%|████████▊ | 70/79 [00:03<00:00, 17.43it/s]
 94%|█████████▎| 74/79 [00:03<00:00, 20.57it/s]
 99%|█████████▊| 78/79 [00:04<00:00, 23.22it/s]
100%|██████████| 79/79 [00:04<00:00, 19.05it/s]

CommRound: 23/30
Accuracy: 91.79% | Loss: 0.3435
[##############################################--------------] 76.7%
Elapsed: 21.3m | Avg/Round: 55.4s | Last: 54.9s | Next: 55.4s | Remaining: 6.5m
ETA: 20:12:31
Recent round times: R1: 49.7s -> R2: 54.8s -> R3: 58.6s -> R4: 59.9s -> R5: 54.9s

  0%|          | 0/79 [00:00<?, ?it/s]
  1%|▏         | 1/79 [00:00<00:12,  6.05it/s]
  6%|▋         | 5/79 [00:00<00:03, 20.98it/s]
 11%|█▏        | 9/79 [00:00<00:02, 24.99it/s]
 16%|█▋        | 13/79 [00:00<00:02, 28.85it/s]
 22%|██▏       | 17/79 [00:00<00:02, 30.45it/s]
 27%|██▋       | 21/79 [00:00<00:01, 32.28it/s]
 32%|███▏      | 25/79 [00:00<00:01, 32.33it/s]
 37%|███▋      | 29/79 [00:00<00:01, 32.46it/s]
 42%|████▏     | 33/79 [00:01<00:01, 33.71it/s]
 47%|████▋     | 37/79 [00:01<00:01, 33.92it/s]
 52%|█████▏    | 41/79 [00:01<00:01, 33.50it/s]
 57%|█████▋    | 45/79 [00:01<00:01, 32.43it/s]
 62%|██████▏   | 49/79 [00:01<00:00, 33.15it/s]
 67%|██████▋   | 53/79 [00:01<00:00, 33.74it/s]
 72%|███████▏  | 57/79 [00:01<00:00, 33.51it/s]
 77%|███████▋  | 61/79 [00:01<00:00, 34.08it/s]
 82%|████████▏ | 65/79 [00:02<00:00, 33.94it/s]
 87%|████████▋ | 69/79 [00:02<00:00, 34.35it/s]
 92%|█████████▏| 73/79 [00:02<00:00, 33.82it/s]
 97%|█████████▋| 77/79 [00:02<00:00, 34.06it/s]
100%|██████████| 79/79 [00:02<00:00, 31.91it/s]

CommRound: 24/30
Accuracy: 91.77% | Loss: 0.3437
[################################################------------] 80.0%
Elapsed: 22.1m | Avg/Round: 55.4s | Last: 53.2s | Next: 55.4s | Remaining: 5.5m
ETA: 20:12:28
Recent round times: R1: 54.8s -> R2: 58.6s -> R3: 59.9s -> R4: 54.9s -> R5: 53.2s

  0%|          | 0/79 [00:00<?, ?it/s]
  1%|▏         | 1/79 [00:00<00:12,  6.22it/s]
  6%|▋         | 5/79 [00:00<00:03, 21.27it/s]
 10%|█         | 8/79 [00:00<00:03, 21.00it/s]
 15%|█▌        | 12/79 [00:00<00:02, 23.19it/s]
 19%|█▉        | 15/79 [00:00<00:02, 24.97it/s]
 23%|██▎       | 18/79 [00:00<00:02, 24.92it/s]
 28%|██▊       | 22/79 [00:00<00:02, 26.40it/s]
 33%|███▎      | 26/79 [00:01<00:01, 26.78it/s]
 37%|███▋      | 29/79 [00:01<00:01, 27.48it/s]
 41%|████      | 32/79 [00:01<00:01, 25.40it/s]
 44%|████▍     | 35/79 [00:01<00:01, 25.65it/s]
 48%|████▊     | 38/79 [00:01<00:01, 24.32it/s]
 52%|█████▏    | 41/79 [00:01<00:01, 25.34it/s]
 56%|█████▌    | 44/79 [00:01<00:01, 25.07it/s]
 61%|██████    | 48/79 [00:01<00:01, 26.48it/s]
 66%|██████▌   | 52/79 [00:02<00:00, 27.20it/s]
 70%|██████▉   | 55/79 [00:02<00:00, 27.61it/s]
 73%|███████▎  | 58/79 [00:02<00:00, 28.02it/s]
 77%|███████▋  | 61/79 [00:02<00:00, 28.40it/s]
 81%|████████  | 64/79 [00:02<00:00, 28.28it/s]
 86%|████████▌ | 68/79 [00:02<00:00, 27.82it/s]
 91%|█████████ | 72/79 [00:02<00:00, 28.50it/s]
 96%|█████████▌| 76/79 [00:02<00:00, 29.47it/s]
100%|██████████| 79/79 [00:03<00:00, 26.21it/s]

CommRound: 25/30
Accuracy: 91.79% | Loss: 0.3440
[##################################################----------] 83.3%
Elapsed: 23.2m | Avg/Round: 55.6s | Last: 61.9s | Next: 55.6s | Remaining: 4.6m
ETA: 20:12:36
Recent round times: R1: 58.6s -> R2: 59.9s -> R3: 54.9s -> R4: 53.2s -> R5: 61.9s

  0%|          | 0/79 [00:00<?, ?it/s]
  1%|▏         | 1/79 [00:00<00:13,  5.84it/s]
  6%|▋         | 5/79 [00:00<00:03, 21.04it/s]
 11%|█▏        | 9/79 [00:00<00:02, 26.65it/s]
 16%|█▋        | 13/79 [00:00<00:02, 29.68it/s]
 22%|██▏       | 17/79 [00:00<00:01, 31.03it/s]
 27%|██▋       | 21/79 [00:00<00:01, 31.54it/s]
 32%|███▏      | 25/79 [00:00<00:01, 31.36it/s]
 37%|███▋      | 29/79 [00:01<00:01, 30.98it/s]
 42%|████▏     | 33/79 [00:01<00:01, 31.73it/s]
 47%|████▋     | 37/79 [00:01<00:01, 32.56it/s]
 52%|█████▏    | 41/79 [00:01<00:01, 33.27it/s]
 57%|█████▋    | 45/79 [00:01<00:01, 33.45it/s]
 62%|██████▏   | 49/79 [00:01<00:00, 33.20it/s]
 67%|██████▋   | 53/79 [00:01<00:00, 33.21it/s]
 72%|███████▏  | 57/79 [00:01<00:00, 32.76it/s]
 77%|███████▋  | 61/79 [00:01<00:00, 33.97it/s]
 82%|████████▏ | 65/79 [00:02<00:00, 34.12it/s]
 87%|████████▋ | 69/79 [00:02<00:00, 33.74it/s]
 92%|█████████▏| 73/79 [00:02<00:00, 33.94it/s]
 97%|█████████▋| 77/79 [00:02<00:00, 32.93it/s]
100%|██████████| 79/79 [00:02<00:00, 31.65it/s]

CommRound: 26/30
Accuracy: 91.84% | Loss: 0.3443
[####################################################--------] 86.7%
Elapsed: 24.2m | Avg/Round: 55.8s | Last: 59.3s | Next: 55.8s | Remaining: 3.7m
ETA: 20:12:40
Recent round times: R1: 59.9s -> R2: 54.9s -> R3: 53.2s -> R4: 61.9s -> R5: 59.3s

  0%|          | 0/79 [00:00<?, ?it/s]
  1%|▏         | 1/79 [00:00<00:13,  5.88it/s]
  6%|▋         | 5/79 [00:00<00:04, 18.20it/s]
 11%|█▏        | 9/79 [00:00<00:03, 22.27it/s]
 16%|█▋        | 13/79 [00:00<00:02, 26.11it/s]
 22%|██▏       | 17/79 [00:00<00:02, 28.31it/s]
 27%|██▋       | 21/79 [00:00<00:02, 28.75it/s]
 32%|███▏      | 25/79 [00:00<00:01, 30.85it/s]
 37%|███▋      | 29/79 [00:01<00:01, 30.48it/s]
 42%|████▏     | 33/79 [00:01<00:01, 32.27it/s]
 47%|████▋     | 37/79 [00:01<00:01, 33.12it/s]
 52%|█████▏    | 41/79 [00:01<00:01, 33.63it/s]
 57%|█████▋    | 45/79 [00:01<00:00, 34.01it/s]
 62%|██████▏   | 49/79 [00:01<00:00, 33.45it/s]
 67%|██████▋   | 53/79 [00:01<00:00, 31.36it/s]
 72%|███████▏  | 57/79 [00:01<00:00, 30.01it/s]
 77%|███████▋  | 61/79 [00:02<00:00, 29.07it/s]
 81%|████████  | 64/79 [00:02<00:00, 28.95it/s]
 85%|████████▍ | 67/79 [00:02<00:00, 28.36it/s]
 90%|████████▉ | 71/79 [00:02<00:00, 28.06it/s]
 95%|█████████▍| 75/79 [00:02<00:00, 28.40it/s]
100%|██████████| 79/79 [00:02<00:00, 29.21it/s]

CommRound: 27/30
Accuracy: 91.85% | Loss: 0.3447
[######################################################------] 90.0%
Elapsed: 25.2m | Avg/Round: 55.9s | Last: 60.9s | Next: 55.9s | Remaining: 2.8m
ETA: 20:12:46
Recent round times: R1: 54.9s -> R2: 53.2s -> R3: 61.9s -> R4: 59.3s -> R5: 60.9s

  0%|          | 0/79 [00:00<?, ?it/s]
  1%|▏         | 1/79 [00:00<00:14,  5.44it/s]
  8%|▊         | 6/79 [00:00<00:02, 24.51it/s]
 13%|█▎        | 10/79 [00:00<00:02, 25.95it/s]
 16%|█▋        | 13/79 [00:00<00:02, 24.96it/s]
 20%|██        | 16/79 [00:00<00:02, 25.20it/s]
 24%|██▍       | 19/79 [00:00<00:02, 23.88it/s]
 28%|██▊       | 22/79 [00:00<00:02, 25.10it/s]
 32%|███▏      | 25/79 [00:01<00:02, 23.23it/s]
 37%|███▋      | 29/79 [00:01<00:02, 21.55it/s]
 42%|████▏     | 33/79 [00:01<00:02, 22.40it/s]
 47%|████▋     | 37/79 [00:01<00:01, 22.81it/s]
 52%|█████▏    | 41/79 [00:01<00:01, 23.27it/s]
 57%|█████▋    | 45/79 [00:01<00:01, 23.63it/s]
 62%|██████▏   | 49/79 [00:02<00:01, 23.35it/s]
 67%|██████▋   | 53/79 [00:02<00:01, 23.35it/s]
 72%|███████▏  | 57/79 [00:02<00:00, 23.20it/s]
 77%|███████▋  | 61/79 [00:02<00:00, 23.16it/s]
 82%|████████▏ | 65/79 [00:02<00:00, 23.50it/s]
 87%|████████▋ | 69/79 [00:02<00:00, 23.24it/s]
 92%|█████████▏| 73/79 [00:03<00:00, 23.70it/s]
 97%|█████████▋| 77/79 [00:03<00:00, 24.62it/s]
100%|██████████| 79/79 [00:03<00:00, 23.61it/s]

CommRound: 28/30
Accuracy: 91.86% | Loss: 0.3449
[########################################################----] 93.3%
Elapsed: 26.2m | Avg/Round: 56.1s | Last: 59.7s | Next: 56.1s | Remaining: 1.9m
ETA: 20:12:50
Recent round times: R1: 53.2s -> R2: 61.9s -> R3: 59.3s -> R4: 60.9s -> R5: 59.7s

  0%|          | 0/79 [00:00<?, ?it/s]
  1%|▏         | 1/79 [00:00<00:12,  6.39it/s]
  8%|▊         | 6/79 [00:00<00:03, 19.46it/s]
 13%|█▎        | 10/79 [00:00<00:03, 21.65it/s]
 18%|█▊        | 14/79 [00:00<00:02, 23.28it/s]
 22%|██▏       | 17/79 [00:00<00:02, 24.33it/s]
 25%|██▌       | 20/79 [00:00<00:02, 24.73it/s]
 29%|██▉       | 23/79 [00:00<00:02, 25.64it/s]
 33%|███▎      | 26/79 [00:01<00:02, 23.99it/s]
 38%|███▊      | 30/79 [00:01<00:02, 23.72it/s]
 43%|████▎     | 34/79 [00:01<00:01, 23.95it/s]
 47%|████▋     | 37/79 [00:01<00:01, 24.80it/s]
 51%|█████     | 40/79 [00:01<00:01, 23.24it/s]
 56%|█████▌    | 44/79 [00:01<00:01, 23.32it/s]
 61%|██████    | 48/79 [00:02<00:01, 24.81it/s]
 66%|██████▌   | 52/79 [00:02<00:01, 25.90it/s]
 70%|██████▉   | 55/79 [00:02<00:00, 25.72it/s]
 73%|███████▎  | 58/79 [00:02<00:00, 23.72it/s]
 78%|███████▊  | 62/79 [00:02<00:00, 24.53it/s]
 84%|████████▎ | 66/79 [00:02<00:00, 24.35it/s]
 89%|████████▊ | 70/79 [00:02<00:00, 24.03it/s]
 94%|█████████▎| 74/79 [00:03<00:00, 23.95it/s]
 99%|█████████▊| 78/79 [00:03<00:00, 25.25it/s]
100%|██████████| 79/79 [00:03<00:00, 23.90it/s]

CommRound: 29/30
Accuracy: 91.86% | Loss: 0.3453
[##########################################################--] 96.7%
Elapsed: 27.1m | Avg/Round: 56.2s | Last: 58.5s | Next: 56.2s | Remaining: 0.9m
ETA: 20:12:52
Recent round times: R1: 61.9s -> R2: 59.3s -> R3: 60.9s -> R4: 59.7s -> R5: 58.5s

  0%|          | 0/79 [00:00<?, ?it/s]
  1%|▏         | 1/79 [00:00<00:12,  6.50it/s]
  8%|▊         | 6/79 [00:00<00:02, 27.08it/s]
 13%|█▎        | 10/79 [00:00<00:03, 22.90it/s]
 16%|█▋        | 13/79 [00:00<00:02, 22.58it/s]
 20%|██        | 16/79 [00:00<00:02, 21.03it/s]
 24%|██▍       | 19/79 [00:00<00:02, 22.50it/s]
 28%|██▊       | 22/79 [00:01<00:02, 21.27it/s]
 32%|███▏      | 25/79 [00:01<00:02, 22.03it/s]
 35%|███▌      | 28/79 [00:01<00:02, 21.49it/s]
 39%|███▉      | 31/79 [00:01<00:02, 22.35it/s]
 43%|████▎     | 34/79 [00:01<00:01, 23.11it/s]
 47%|████▋     | 37/79 [00:01<00:01, 24.21it/s]
 52%|█████▏    | 41/79 [00:01<00:01, 27.10it/s]
 57%|█████▋    | 45/79 [00:01<00:01, 28.90it/s]
 62%|██████▏   | 49/79 [00:02<00:00, 30.08it/s]
 67%|██████▋   | 53/79 [00:02<00:00, 30.55it/s]
 72%|███████▏  | 57/79 [00:02<00:00, 31.02it/s]
 77%|███████▋  | 61/79 [00:02<00:00, 26.46it/s]
 82%|████████▏ | 65/79 [00:02<00:00, 28.13it/s]
 87%|████████▋ | 69/79 [00:02<00:00, 29.27it/s]
 92%|█████████▏| 73/79 [00:02<00:00, 30.39it/s]
 97%|█████████▋| 77/79 [00:02<00:00, 30.77it/s]
100%|██████████| 79/79 [00:03<00:00, 26.22it/s]

CommRound: 30/30
Accuracy: 91.88% | Loss: 0.3455
[############################################################] 100.0%
Elapsed: 27.9m | Avg/Round: 55.8s | Last: 46.5s | Next: 55.8s | Remaining: 0.0m
ETA: 20:12:43
Recent round times: R1: 59.3s -> R2: 60.9s -> R3: 59.7s -> R4: 58.5s -> R5: 46.5s
Total time for experiment: 1675.2589116096497 seconds
Device average training time per communication round [s]:
    rpi (sld-rpi-09.ece.utexas.edu): 6.35 seconds
    mc1 (sld-mc1-09.ece.utexas.edu): 51.60 seconds
