Connecting to sld-rpi-09.ece.utexas.edu...
Successfully fetched dev0_pow_temp_log_exp104_run1.csv.
Connecting to sld-rpi-09.ece.utexas.edu...
Successfully fetched dev0_communication_log_exp104_run1.csv.
Connecting to sld-mc1-09.ece.utexas.edu...
Successfully fetched dev1_pow_temp_log_exp104_run1.csv.
Connecting to sld-mc1-09.ece.utexas.edu...
Successfully fetched dev1_communication_log_exp104_run1.csv.

Exp104
Experiment 104: 
	Global test accuracy [%]: 86.1 %
	No round found where all subsequent rounds have accuracy >= 90.00%.
	Average time per communication round [s]: 42.15 seconds
	Total wall clock time [s]: 302.69 seconds


Experiment 104:
	RPi avg. energy consumption per round [J]: 211.99 Joules
	MC1 avg. energy consumption per round [J]: 307.66 Joules
	Total avg. energy consumption per communication round [J]: 519.64 Joules
	Avg. amount of communicated data per communication round [MB]: 0.59 MB
	RPi avg. power consumption per round [W]: 5.45 Watts
	MC1 avg. power consumption per round [W]: 7.52 Watts
