
  0%|          | 0/79 [00:00<?, ?it/s]
  1%|▏         | 1/79 [00:00<00:28,  2.73it/s]
  9%|▉         | 7/79 [00:00<00:04, 17.12it/s]
 13%|█▎        | 10/79 [00:00<00:03, 18.42it/s]
 16%|█▋        | 13/79 [00:00<00:03, 19.05it/s]
 20%|██        | 16/79 [00:00<00:03, 20.10it/s]
 24%|██▍       | 19/79 [00:01<00:02, 21.72it/s]
 28%|██▊       | 22/79 [00:01<00:02, 22.24it/s]
 32%|███▏      | 25/79 [00:01<00:02, 18.55it/s]
 38%|███▊      | 30/79 [00:01<00:01, 25.30it/s]
 42%|████▏     | 33/79 [00:01<00:02, 19.81it/s]
 46%|████▌     | 36/79 [00:01<00:02, 20.12it/s]
 49%|████▉     | 39/79 [00:02<00:02, 18.82it/s]
 53%|█████▎    | 42/79 [00:02<00:01, 20.90it/s]
 57%|█████▋    | 45/79 [00:02<00:01, 19.85it/s]
 61%|██████    | 48/79 [00:02<00:01, 19.50it/s]
 65%|██████▍   | 51/79 [00:02<00:01, 20.59it/s]
 68%|██████▊   | 54/79 [00:02<00:01, 22.36it/s]
 73%|███████▎  | 58/79 [00:02<00:00, 21.92it/s]
 77%|███████▋  | 61/79 [00:03<00:00, 22.11it/s]
 81%|████████  | 64/79 [00:03<00:00, 20.64it/s]
 85%|████████▍ | 67/79 [00:03<00:00, 21.83it/s]
 89%|████████▊ | 70/79 [00:03<00:00, 22.15it/s]
 92%|█████████▏| 73/79 [00:03<00:00, 22.18it/s]
 97%|█████████▋| 77/79 [00:03<00:00, 24.75it/s]
100%|██████████| 79/79 [00:03<00:00, 20.95it/s]
Initial Accuracy: 14.65%; Initial Loss: 2.3487

  0%|          | 0/79 [00:00<?, ?it/s]
  1%|▏         | 1/79 [00:00<00:14,  5.52it/s]
  5%|▌         | 4/79 [00:00<00:04, 15.73it/s]
  8%|▊         | 6/79 [00:00<00:04, 15.77it/s]
 10%|█         | 8/79 [00:00<00:05, 13.23it/s]
 13%|█▎        | 10/79 [00:00<00:05, 13.67it/s]
 16%|█▋        | 13/79 [00:00<00:03, 16.91it/s]
 23%|██▎       | 18/79 [00:01<00:02, 22.69it/s]
 28%|██▊       | 22/79 [00:01<00:02, 21.54it/s]
 33%|███▎      | 26/79 [00:01<00:02, 22.40it/s]
 37%|███▋      | 29/79 [00:01<00:02, 21.54it/s]
 41%|████      | 32/79 [00:01<00:02, 18.56it/s]
 43%|████▎     | 34/79 [00:01<00:02, 18.22it/s]
 46%|████▌     | 36/79 [00:01<00:02, 18.45it/s]
 48%|████▊     | 38/79 [00:02<00:02, 18.17it/s]
 52%|█████▏    | 41/79 [00:02<00:01, 20.95it/s]
 56%|█████▌    | 44/79 [00:02<00:02, 16.13it/s]
 61%|██████    | 48/79 [00:02<00:01, 18.29it/s]
 63%|██████▎   | 50/79 [00:02<00:01, 16.70it/s]
 66%|██████▌   | 52/79 [00:02<00:01, 16.45it/s]
 68%|██████▊   | 54/79 [00:03<00:01, 15.77it/s]
 75%|███████▍  | 59/79 [00:03<00:00, 20.18it/s]
 78%|███████▊  | 62/79 [00:03<00:00, 17.28it/s]
 81%|████████  | 64/79 [00:03<00:00, 17.32it/s]
 84%|████████▎ | 66/79 [00:03<00:00, 16.60it/s]
 87%|████████▋ | 69/79 [00:03<00:00, 16.81it/s]
 95%|█████████▍| 75/79 [00:04<00:00, 21.27it/s]
100%|██████████| 79/79 [00:04<00:00, 18.75it/s]

CommRound: 1/30
Accuracy: 63.56% | Loss: 1.1209
[##----------------------------------------------------------] 3.3%
Elapsed: 0.9m | Avg/Round: 52.7s | Last: 48.8s | Next: 52.7s | Remaining: 25.5m
ETA: 16:37:10
Recent round times: R1: 48.8s

  0%|          | 0/79 [00:00<?, ?it/s]
  1%|▏         | 1/79 [00:00<00:11,  6.76it/s]
  6%|▋         | 5/79 [00:00<00:03, 19.53it/s]
 11%|█▏        | 9/79 [00:00<00:03, 22.35it/s]
 15%|█▌        | 12/79 [00:00<00:02, 22.65it/s]
 19%|█▉        | 15/79 [00:00<00:02, 24.15it/s]
 23%|██▎       | 18/79 [00:00<00:02, 24.61it/s]
 27%|██▋       | 21/79 [00:01<00:03, 17.17it/s]
 30%|███       | 24/79 [00:01<00:02, 19.76it/s]
 37%|███▋      | 29/79 [00:01<00:02, 24.61it/s]
 42%|████▏     | 33/79 [00:01<00:01, 24.79it/s]
 47%|████▋     | 37/79 [00:01<00:01, 22.74it/s]
 51%|█████     | 40/79 [00:01<00:02, 17.01it/s]
 53%|█████▎    | 42/79 [00:02<00:02, 14.95it/s]
 57%|█████▋    | 45/79 [00:02<00:01, 17.20it/s]
 62%|██████▏   | 49/79 [00:02<00:01, 21.50it/s]
 66%|██████▌   | 52/79 [00:02<00:01, 16.41it/s]
 70%|██████▉   | 55/79 [00:02<00:01, 15.31it/s]
 73%|███████▎  | 58/79 [00:03<00:01, 16.03it/s]
 78%|███████▊  | 62/79 [00:03<00:00, 19.12it/s]
 82%|████████▏ | 65/79 [00:03<00:00, 15.39it/s]
 89%|████████▊ | 70/79 [00:03<00:00, 20.43it/s]
 94%|█████████▎| 74/79 [00:03<00:00, 19.99it/s]
 99%|█████████▊| 78/79 [00:03<00:00, 23.02it/s]
100%|██████████| 79/79 [00:04<00:00, 19.74it/s]

CommRound: 2/30
Accuracy: 74.67% | Loss: 0.7536
[####--------------------------------------------------------] 6.7%
Elapsed: 1.5m | Avg/Round: 46.4s | Last: 40.1s | Next: 46.4s | Remaining: 21.6m
ETA: 16:34:01
Recent round times: R1: 48.8s -> R2: 40.1s

  0%|          | 0/79 [00:00<?, ?it/s]
  1%|▏         | 1/79 [00:00<00:08,  9.43it/s]
  6%|▋         | 5/79 [00:00<00:02, 26.38it/s]
 11%|█▏        | 9/79 [00:00<00:02, 31.35it/s]
 16%|█▋        | 13/79 [00:00<00:01, 33.36it/s]
 22%|██▏       | 17/79 [00:00<00:01, 33.80it/s]
 27%|██▋       | 21/79 [00:00<00:01, 34.38it/s]
 32%|███▏      | 25/79 [00:00<00:01, 34.46it/s]
 37%|███▋      | 29/79 [00:00<00:01, 35.50it/s]
 42%|████▏     | 33/79 [00:00<00:01, 35.46it/s]
 47%|████▋     | 37/79 [00:01<00:01, 35.62it/s]
 52%|█████▏    | 41/79 [00:01<00:01, 35.70it/s]
 57%|█████▋    | 45/79 [00:01<00:00, 35.69it/s]
 62%|██████▏   | 49/79 [00:01<00:00, 36.05it/s]
 67%|██████▋   | 53/79 [00:01<00:00, 35.80it/s]
 72%|███████▏  | 57/79 [00:01<00:00, 35.75it/s]
 77%|███████▋  | 61/79 [00:01<00:00, 35.91it/s]
 82%|████████▏ | 65/79 [00:01<00:00, 35.91it/s]
 87%|████████▋ | 69/79 [00:01<00:00, 35.88it/s]
 92%|█████████▏| 73/79 [00:02<00:00, 35.72it/s]
 97%|█████████▋| 77/79 [00:02<00:00, 35.63it/s]
100%|██████████| 79/79 [00:02<00:00, 35.05it/s]

CommRound: 3/30
Accuracy: 81.92% | Loss: 0.5734
[######------------------------------------------------------] 10.0%
Elapsed: 2.2m | Avg/Round: 43.7s | Last: 38.4s | Next: 43.7s | Remaining: 19.7m
ETA: 16:32:42
Recent round times: R1: 48.8s -> R2: 40.1s -> R3: 38.4s

  0%|          | 0/79 [00:00<?, ?it/s]
  1%|▏         | 1/79 [00:00<00:08,  9.32it/s]
  6%|▋         | 5/79 [00:00<00:02, 26.04it/s]
 11%|█▏        | 9/79 [00:00<00:02, 30.38it/s]
 16%|█▋        | 13/79 [00:00<00:02, 32.61it/s]
 22%|██▏       | 17/79 [00:00<00:01, 34.20it/s]
 27%|██▋       | 21/79 [00:00<00:01, 35.08it/s]
 32%|███▏      | 25/79 [00:00<00:01, 35.36it/s]
 37%|███▋      | 29/79 [00:00<00:01, 35.24it/s]
 42%|████▏     | 33/79 [00:00<00:01, 34.80it/s]
 47%|████▋     | 37/79 [00:01<00:01, 34.67it/s]
 52%|█████▏    | 41/79 [00:01<00:01, 34.53it/s]
 57%|█████▋    | 45/79 [00:01<00:00, 34.09it/s]
 62%|██████▏   | 49/79 [00:01<00:00, 33.99it/s]
 67%|██████▋   | 53/79 [00:01<00:00, 34.00it/s]
 72%|███████▏  | 57/79 [00:01<00:00, 33.41it/s]
 77%|███████▋  | 61/79 [00:01<00:00, 32.83it/s]
 82%|████████▏ | 65/79 [00:01<00:00, 31.44it/s]
 87%|████████▋ | 69/79 [00:02<00:00, 31.72it/s]
 92%|█████████▏| 73/79 [00:02<00:00, 32.92it/s]
 97%|█████████▋| 77/79 [00:02<00:00, 34.13it/s]
100%|██████████| 79/79 [00:02<00:00, 33.17it/s]

CommRound: 4/30
Accuracy: 82.30% | Loss: 0.5641
[########----------------------------------------------------] 13.3%
Elapsed: 3.1m | Avg/Round: 45.8s | Last: 52.0s | Next: 45.8s | Remaining: 19.8m
ETA: 16:33:44
Recent round times: R1: 48.8s -> R2: 40.1s -> R3: 38.4s -> R4: 52.0s

  0%|          | 0/79 [00:00<?, ?it/s]
  4%|▍         | 3/79 [00:00<00:03, 22.56it/s]
  9%|▉         | 7/79 [00:00<00:02, 30.74it/s]
 14%|█▍        | 11/79 [00:00<00:02, 33.45it/s]
 19%|█▉        | 15/79 [00:00<00:01, 34.90it/s]
 24%|██▍       | 19/79 [00:00<00:01, 35.69it/s]
 29%|██▉       | 23/79 [00:00<00:01, 36.33it/s]
 34%|███▍      | 27/79 [00:00<00:01, 36.85it/s]
 39%|███▉      | 31/79 [00:00<00:01, 37.09it/s]
 44%|████▍     | 35/79 [00:00<00:01, 37.32it/s]
 49%|████▉     | 39/79 [00:01<00:01, 37.17it/s]
 54%|█████▍    | 43/79 [00:01<00:00, 37.12it/s]
 59%|█████▉    | 47/79 [00:01<00:00, 37.03it/s]
 65%|██████▍   | 51/79 [00:01<00:00, 36.99it/s]
 70%|██████▉   | 55/79 [00:01<00:00, 37.21it/s]
 75%|███████▍  | 59/79 [00:01<00:00, 37.90it/s]
 80%|███████▉  | 63/79 [00:01<00:00, 38.37it/s]
 85%|████████▍ | 67/79 [00:01<00:00, 38.43it/s]
 90%|████████▉ | 71/79 [00:01<00:00, 38.37it/s]
 95%|█████████▍| 75/79 [00:02<00:00, 37.81it/s]
100%|██████████| 79/79 [00:02<00:00, 37.87it/s]
100%|██████████| 79/79 [00:02<00:00, 36.51it/s]

CommRound: 5/30
Accuracy: 81.15% | Loss: 0.6410
[##########--------------------------------------------------] 16.7%
Elapsed: 3.8m | Avg/Round: 45.9s | Last: 46.5s | Next: 45.9s | Remaining: 19.1m
ETA: 16:33:48
Recent round times: R1: 48.8s -> R2: 40.1s -> R3: 38.4s -> R4: 52.0s -> R5: 46.5s

  0%|          | 0/79 [00:00<?, ?it/s]
  3%|▎         | 2/79 [00:00<00:04, 18.93it/s]
  8%|▊         | 6/79 [00:00<00:02, 31.04it/s]
 13%|█▎        | 10/79 [00:00<00:02, 33.19it/s]
 18%|█▊        | 14/79 [00:00<00:01, 34.80it/s]
 23%|██▎       | 18/79 [00:00<00:01, 35.45it/s]
 28%|██▊       | 22/79 [00:00<00:01, 36.61it/s]
 33%|███▎      | 26/79 [00:00<00:01, 36.58it/s]
 38%|███▊      | 30/79 [00:00<00:01, 36.89it/s]
 43%|████▎     | 34/79 [00:00<00:01, 36.85it/s]
 48%|████▊     | 38/79 [00:01<00:01, 37.33it/s]
 54%|█████▍    | 43/79 [00:01<00:00, 36.67it/s]
 59%|█████▉    | 47/79 [00:01<00:00, 37.57it/s]
 65%|██████▍   | 51/79 [00:01<00:00, 37.87it/s]
 70%|██████▉   | 55/79 [00:01<00:00, 37.15it/s]
 75%|███████▍  | 59/79 [00:01<00:00, 37.02it/s]
 80%|███████▉  | 63/79 [00:01<00:00, 36.32it/s]
 85%|████████▍ | 67/79 [00:01<00:00, 36.90it/s]
 90%|████████▉ | 71/79 [00:01<00:00, 34.71it/s]
 95%|█████████▍| 75/79 [00:02<00:00, 35.10it/s]
100%|██████████| 79/79 [00:02<00:00, 36.31it/s]

CommRound: 6/30
Accuracy: 83.31% | Loss: 0.5759
[############------------------------------------------------] 20.0%
Elapsed: 4.6m | Avg/Round: 46.2s | Last: 47.4s | Next: 46.2s | Remaining: 18.5m
ETA: 16:33:55
Recent round times: R1: 40.1s -> R2: 38.4s -> R3: 52.0s -> R4: 46.5s -> R5: 47.4s

  0%|          | 0/79 [00:00<?, ?it/s]
  1%|▏         | 1/79 [00:00<00:07,  9.97it/s]
  6%|▋         | 5/79 [00:00<00:02, 27.19it/s]
 11%|█▏        | 9/79 [00:00<00:02, 31.33it/s]
 16%|█▋        | 13/79 [00:00<00:01, 33.63it/s]
 22%|██▏       | 17/79 [00:00<00:01, 34.20it/s]
 27%|██▋       | 21/79 [00:00<00:01, 34.68it/s]
 32%|███▏      | 25/79 [00:00<00:01, 35.25it/s]
 37%|███▋      | 29/79 [00:00<00:01, 35.48it/s]
 42%|████▏     | 33/79 [00:00<00:01, 35.69it/s]
 47%|████▋     | 37/79 [00:01<00:01, 36.67it/s]
 52%|█████▏    | 41/79 [00:01<00:01, 36.46it/s]
 57%|█████▋    | 45/79 [00:01<00:00, 36.49it/s]
 62%|██████▏   | 49/79 [00:01<00:00, 36.46it/s]
 67%|██████▋   | 53/79 [00:01<00:00, 36.99it/s]
 72%|███████▏  | 57/79 [00:01<00:00, 36.83it/s]
 77%|███████▋  | 61/79 [00:01<00:00, 36.73it/s]
 82%|████████▏ | 65/79 [00:01<00:00, 36.80it/s]
 87%|████████▋ | 69/79 [00:01<00:00, 36.93it/s]
 92%|█████████▏| 73/79 [00:02<00:00, 37.23it/s]
 97%|█████████▋| 77/79 [00:02<00:00, 37.20it/s]
100%|██████████| 79/79 [00:02<00:00, 35.95it/s]

CommRound: 7/30
Accuracy: 83.98% | Loss: 0.5688
[##############----------------------------------------------] 23.3%
Elapsed: 5.3m | Avg/Round: 45.7s | Last: 43.0s | Next: 45.7s | Remaining: 17.5m
ETA: 16:33:42
Recent round times: R1: 38.4s -> R2: 52.0s -> R3: 46.5s -> R4: 47.4s -> R5: 43.0s

  0%|          | 0/79 [00:00<?, ?it/s]
  1%|▏         | 1/79 [00:00<00:08,  9.46it/s]
  6%|▋         | 5/79 [00:00<00:02, 25.78it/s]
 11%|█▏        | 9/79 [00:00<00:02, 31.08it/s]
 16%|█▋        | 13/79 [00:00<00:01, 33.19it/s]
 22%|██▏       | 17/79 [00:00<00:01, 34.40it/s]
 28%|██▊       | 22/79 [00:00<00:01, 37.81it/s]
 33%|███▎      | 26/79 [00:00<00:01, 37.44it/s]
 38%|███▊      | 30/79 [00:00<00:01, 36.91it/s]
 43%|████▎     | 34/79 [00:00<00:01, 36.70it/s]
 48%|████▊     | 38/79 [00:01<00:01, 36.40it/s]
 53%|█████▎    | 42/79 [00:01<00:01, 35.50it/s]
 58%|█████▊    | 46/79 [00:01<00:00, 35.62it/s]
 63%|██████▎   | 50/79 [00:01<00:00, 33.69it/s]
 68%|██████▊   | 54/79 [00:01<00:00, 32.76it/s]
 73%|███████▎  | 58/79 [00:01<00:00, 32.37it/s]
 78%|███████▊  | 62/79 [00:01<00:00, 32.14it/s]
 84%|████████▎ | 66/79 [00:01<00:00, 31.82it/s]
 89%|████████▊ | 70/79 [00:02<00:00, 32.06it/s]
 94%|█████████▎| 74/79 [00:02<00:00, 32.14it/s]
 99%|█████████▊| 78/79 [00:02<00:00, 32.28it/s]
100%|██████████| 79/79 [00:02<00:00, 33.42it/s]

CommRound: 8/30
Accuracy: 85.01% | Loss: 0.5429
[################--------------------------------------------] 26.7%
Elapsed: 6.0m | Avg/Round: 45.3s | Last: 42.0s | Next: 45.3s | Remaining: 16.6m
ETA: 16:33:27
Recent round times: R1: 52.0s -> R2: 46.5s -> R3: 47.4s -> R4: 43.0s -> R5: 42.0s

  0%|          | 0/79 [00:00<?, ?it/s]
  1%|▏         | 1/79 [00:00<00:16,  4.69it/s]
  6%|▋         | 5/79 [00:00<00:04, 17.08it/s]
 10%|█         | 8/79 [00:00<00:03, 20.28it/s]
 14%|█▍        | 11/79 [00:00<00:03, 19.71it/s]
 18%|█▊        | 14/79 [00:00<00:02, 22.53it/s]
 22%|██▏       | 17/79 [00:00<00:02, 23.08it/s]
 27%|██▋       | 21/79 [00:00<00:02, 25.48it/s]
 32%|███▏      | 25/79 [00:01<00:02, 26.90it/s]
 37%|███▋      | 29/79 [00:01<00:01, 28.31it/s]
 41%|████      | 32/79 [00:01<00:01, 24.28it/s]
 48%|████▊     | 38/79 [00:01<00:01, 32.32it/s]
 53%|█████▎    | 42/79 [00:01<00:01, 28.92it/s]
 58%|█████▊    | 46/79 [00:01<00:01, 27.34it/s]
 63%|██████▎   | 50/79 [00:01<00:00, 29.74it/s]
 68%|██████▊   | 54/79 [00:02<00:00, 31.21it/s]
 73%|███████▎  | 58/79 [00:02<00:00, 29.75it/s]
 78%|███████▊  | 62/79 [00:02<00:00, 31.63it/s]
 84%|████████▎ | 66/79 [00:02<00:00, 32.50it/s]
 89%|████████▊ | 70/79 [00:02<00:00, 30.34it/s]
 94%|█████████▎| 74/79 [00:02<00:00, 31.46it/s]
 99%|█████████▊| 78/79 [00:02<00:00, 30.59it/s]
100%|██████████| 79/79 [00:02<00:00, 27.51it/s]

CommRound: 9/30
Accuracy: 85.24% | Loss: 0.5450
[##################------------------------------------------] 30.0%
Elapsed: 6.8m | Avg/Round: 45.5s | Last: 47.9s | Next: 45.5s | Remaining: 15.9m
ETA: 16:33:36
Recent round times: R1: 46.5s -> R2: 47.4s -> R3: 43.0s -> R4: 42.0s -> R5: 47.9s

  0%|          | 0/79 [00:00<?, ?it/s]
  3%|▎         | 2/79 [00:00<00:04, 19.05it/s]
  6%|▋         | 5/79 [00:00<00:03, 20.43it/s]
 11%|█▏        | 9/79 [00:00<00:02, 26.67it/s]
 16%|█▋        | 13/79 [00:00<00:02, 30.38it/s]
 22%|██▏       | 17/79 [00:00<00:01, 31.97it/s]
 27%|██▋       | 21/79 [00:00<00:01, 33.14it/s]
 32%|███▏      | 25/79 [00:00<00:01, 34.22it/s]
 37%|███▋      | 29/79 [00:00<00:01, 34.70it/s]
 42%|████▏     | 33/79 [00:01<00:01, 35.09it/s]
 47%|████▋     | 37/79 [00:01<00:01, 35.27it/s]
 52%|█████▏    | 41/79 [00:01<00:01, 35.33it/s]
 57%|█████▋    | 45/79 [00:01<00:00, 35.43it/s]
 62%|██████▏   | 49/79 [00:01<00:00, 35.51it/s]
 67%|██████▋   | 53/79 [00:01<00:00, 35.49it/s]
 72%|███████▏  | 57/79 [00:01<00:00, 35.60it/s]
 77%|███████▋  | 61/79 [00:01<00:00, 35.41it/s]
 82%|████████▏ | 65/79 [00:01<00:00, 35.67it/s]
 87%|████████▋ | 69/79 [00:02<00:00, 35.68it/s]
 92%|█████████▏| 73/79 [00:02<00:00, 35.08it/s]
 97%|█████████▋| 77/79 [00:02<00:00, 35.48it/s]
100%|██████████| 79/79 [00:02<00:00, 34.31it/s]

CommRound: 10/30
Accuracy: 84.85% | Loss: 0.5706
[####################----------------------------------------] 33.3%
Elapsed: 7.5m | Avg/Round: 45.3s | Last: 42.6s | Next: 45.3s | Remaining: 15.1m
ETA: 16:33:27
Recent round times: R1: 47.4s -> R2: 43.0s -> R3: 42.0s -> R4: 47.9s -> R5: 42.6s

  0%|          | 0/79 [00:00<?, ?it/s]
  3%|▎         | 2/79 [00:00<00:04, 18.82it/s]
  8%|▊         | 6/79 [00:00<00:02, 28.07it/s]
 13%|█▎        | 10/79 [00:00<00:02, 30.05it/s]
 18%|█▊        | 14/79 [00:00<00:02, 31.26it/s]
 23%|██▎       | 18/79 [00:00<00:01, 31.55it/s]
 28%|██▊       | 22/79 [00:00<00:01, 31.82it/s]
 33%|███▎      | 26/79 [00:00<00:01, 31.83it/s]
 38%|███▊      | 30/79 [00:00<00:01, 31.87it/s]
 43%|████▎     | 34/79 [00:01<00:01, 31.85it/s]
 48%|████▊     | 38/79 [00:01<00:01, 31.81it/s]
 53%|█████▎    | 42/79 [00:01<00:01, 31.77it/s]
 58%|█████▊    | 46/79 [00:01<00:01, 31.80it/s]
 63%|██████▎   | 50/79 [00:01<00:00, 31.61it/s]
 68%|██████▊   | 54/79 [00:01<00:00, 31.62it/s]
 73%|███████▎  | 58/79 [00:01<00:00, 31.63it/s]
 78%|███████▊  | 62/79 [00:01<00:00, 31.48it/s]
 84%|████████▎ | 66/79 [00:02<00:00, 31.82it/s]
 89%|████████▊ | 70/79 [00:02<00:00, 32.96it/s]
 94%|█████████▎| 74/79 [00:02<00:00, 33.80it/s]
 99%|█████████▊| 78/79 [00:02<00:00, 34.37it/s]
100%|██████████| 79/79 [00:02<00:00, 32.01it/s]

CommRound: 11/30
Accuracy: 84.54% | Loss: 0.5885
[######################--------------------------------------] 36.7%
Elapsed: 8.3m | Avg/Round: 45.2s | Last: 44.3s | Next: 45.2s | Remaining: 14.3m
ETA: 16:33:25
Recent round times: R1: 43.0s -> R2: 42.0s -> R3: 47.9s -> R4: 42.6s -> R5: 44.3s

  0%|          | 0/79 [00:00<?, ?it/s]
  1%|▏         | 1/79 [00:00<00:08,  9.38it/s]
  6%|▋         | 5/79 [00:00<00:02, 25.07it/s]
 11%|█▏        | 9/79 [00:00<00:02, 29.71it/s]
 16%|█▋        | 13/79 [00:00<00:02, 32.46it/s]
 22%|██▏       | 17/79 [00:00<00:01, 33.34it/s]
 27%|██▋       | 21/79 [00:00<00:01, 33.99it/s]
 32%|███▏      | 25/79 [00:00<00:01, 33.94it/s]
 37%|███▋      | 29/79 [00:00<00:01, 34.30it/s]
 42%|████▏     | 33/79 [00:01<00:01, 34.14it/s]
 47%|████▋     | 37/79 [00:01<00:01, 33.67it/s]
 52%|█████▏    | 41/79 [00:01<00:01, 33.89it/s]
 57%|█████▋    | 45/79 [00:01<00:01, 33.57it/s]
 62%|██████▏   | 49/79 [00:01<00:00, 33.64it/s]
 67%|██████▋   | 53/79 [00:01<00:00, 33.60it/s]
 72%|███████▏  | 57/79 [00:01<00:00, 33.40it/s]
 77%|███████▋  | 61/79 [00:01<00:00, 32.99it/s]
 82%|████████▏ | 65/79 [00:01<00:00, 32.90it/s]
 87%|████████▋ | 69/79 [00:02<00:00, 33.07it/s]
 92%|█████████▏| 73/79 [00:02<00:00, 31.52it/s]
 97%|█████████▋| 77/79 [00:02<00:00, 32.78it/s]
100%|██████████| 79/79 [00:02<00:00, 32.64it/s]

CommRound: 12/30
Accuracy: 84.65% | Loss: 0.5881
[########################------------------------------------] 40.0%
Elapsed: 9.1m | Avg/Round: 45.3s | Last: 47.0s | Next: 45.3s | Remaining: 13.6m
ETA: 16:33:29
Recent round times: R1: 42.0s -> R2: 47.9s -> R3: 42.6s -> R4: 44.3s -> R5: 47.0s

  0%|          | 0/79 [00:00<?, ?it/s]
  1%|▏         | 1/79 [00:00<00:09,  8.56it/s]
  6%|▋         | 5/79 [00:00<00:03, 23.42it/s]
 10%|█         | 8/79 [00:00<00:03, 22.12it/s]
 14%|█▍        | 11/79 [00:00<00:02, 24.64it/s]
 18%|█▊        | 14/79 [00:00<00:03, 20.74it/s]
 22%|██▏       | 17/79 [00:00<00:02, 22.78it/s]
 25%|██▌       | 20/79 [00:00<00:02, 22.92it/s]
 30%|███       | 24/79 [00:01<00:02, 25.66it/s]
 35%|███▌      | 28/79 [00:01<00:01, 28.07it/s]
 39%|███▉      | 31/79 [00:01<00:01, 27.21it/s]
 44%|████▍     | 35/79 [00:01<00:01, 29.40it/s]
 48%|████▊     | 38/79 [00:01<00:01, 25.49it/s]
 53%|█████▎    | 42/79 [00:01<00:01, 28.27it/s]
 58%|█████▊    | 46/79 [00:01<00:01, 27.78it/s]
 63%|██████▎   | 50/79 [00:01<00:00, 29.20it/s]
 68%|██████▊   | 54/79 [00:02<00:00, 29.77it/s]
 73%|███████▎  | 58/79 [00:02<00:00, 30.78it/s]
 78%|███████▊  | 62/79 [00:02<00:00, 31.12it/s]
 84%|████████▎ | 66/79 [00:02<00:00, 31.83it/s]
 89%|████████▊ | 70/79 [00:02<00:00, 32.03it/s]
 94%|█████████▎| 74/79 [00:02<00:00, 33.52it/s]
 99%|█████████▊| 78/79 [00:02<00:00, 31.77it/s]
100%|██████████| 79/79 [00:02<00:00, 28.10it/s]

CommRound: 13/30
Accuracy: 84.86% | Loss: 0.5858
[##########################----------------------------------] 43.3%
Elapsed: 9.9m | Avg/Round: 45.6s | Last: 49.0s | Next: 45.6s | Remaining: 12.9m
ETA: 16:33:38
Recent round times: R1: 47.9s -> R2: 42.6s -> R3: 44.3s -> R4: 47.0s -> R5: 49.0s

  0%|          | 0/79 [00:00<?, ?it/s]
  1%|▏         | 1/79 [00:00<00:08,  9.40it/s]
  6%|▋         | 5/79 [00:00<00:02, 26.18it/s]
 11%|█▏        | 9/79 [00:00<00:02, 30.68it/s]
 16%|█▋        | 13/79 [00:00<00:02, 32.81it/s]
 22%|██▏       | 17/79 [00:00<00:01, 33.91it/s]
 27%|██▋       | 21/79 [00:00<00:01, 34.63it/s]
 32%|███▏      | 25/79 [00:00<00:01, 35.15it/s]
 37%|███▋      | 29/79 [00:00<00:01, 35.45it/s]
 42%|████▏     | 33/79 [00:00<00:01, 35.76it/s]
 47%|████▋     | 37/79 [00:01<00:01, 35.99it/s]
 52%|█████▏    | 41/79 [00:01<00:01, 36.16it/s]
 57%|█████▋    | 45/79 [00:01<00:00, 36.16it/s]
 62%|██████▏   | 49/79 [00:01<00:00, 36.10it/s]
 67%|██████▋   | 53/79 [00:01<00:00, 36.12it/s]
 72%|███████▏  | 57/79 [00:01<00:00, 36.14it/s]
 77%|███████▋  | 61/79 [00:01<00:00, 36.16it/s]
 82%|████████▏ | 65/79 [00:01<00:00, 36.13it/s]
 87%|████████▋ | 69/79 [00:01<00:00, 36.13it/s]
 92%|█████████▏| 73/79 [00:02<00:00, 36.15it/s]
 97%|█████████▋| 77/79 [00:02<00:00, 36.07it/s]
100%|██████████| 79/79 [00:02<00:00, 35.01it/s]

CommRound: 14/30
Accuracy: 84.98% | Loss: 0.5859
[############################--------------------------------] 46.7%
Elapsed: 10.6m | Avg/Round: 45.3s | Last: 42.0s | Next: 45.3s | Remaining: 12.1m
ETA: 16:33:30
Recent round times: R1: 42.6s -> R2: 44.3s -> R3: 47.0s -> R4: 49.0s -> R5: 42.0s

  0%|          | 0/79 [00:00<?, ?it/s]
  1%|▏         | 1/79 [00:00<00:08,  9.18it/s]
  6%|▋         | 5/79 [00:00<00:02, 25.00it/s]
 10%|█         | 8/79 [00:00<00:02, 26.15it/s]
 15%|█▌        | 12/79 [00:00<00:02, 26.95it/s]
 20%|██        | 16/79 [00:00<00:02, 28.07it/s]
 25%|██▌       | 20/79 [00:00<00:02, 28.96it/s]
 30%|███       | 24/79 [00:00<00:01, 30.12it/s]
 35%|███▌      | 28/79 [00:00<00:01, 31.42it/s]
 41%|████      | 32/79 [00:01<00:01, 32.16it/s]
 46%|████▌     | 36/79 [00:01<00:01, 31.33it/s]
 51%|█████     | 40/79 [00:01<00:01, 30.90it/s]
 56%|█████▌    | 44/79 [00:01<00:01, 31.15it/s]
 61%|██████    | 48/79 [00:01<00:00, 31.38it/s]
 66%|██████▌   | 52/79 [00:01<00:00, 28.08it/s]
 70%|██████▉   | 55/79 [00:01<00:00, 26.51it/s]
 75%|███████▍  | 59/79 [00:02<00:00, 29.15it/s]
 80%|███████▉  | 63/79 [00:02<00:00, 30.83it/s]
 85%|████████▍ | 67/79 [00:02<00:00, 32.08it/s]
 90%|████████▉ | 71/79 [00:02<00:00, 33.07it/s]
 95%|█████████▍| 75/79 [00:02<00:00, 33.87it/s]
100%|██████████| 79/79 [00:02<00:00, 30.83it/s]

CommRound: 15/30
Accuracy: 85.05% | Loss: 0.5865
[##############################------------------------------] 50.0%
Elapsed: 11.4m | Avg/Round: 45.5s | Last: 47.6s | Next: 45.5s | Remaining: 11.4m
ETA: 16:33:35
Recent round times: R1: 44.3s -> R2: 47.0s -> R3: 49.0s -> R4: 42.0s -> R5: 47.6s

  0%|          | 0/79 [00:00<?, ?it/s]
  1%|▏         | 1/79 [00:00<00:08,  9.19it/s]
  6%|▋         | 5/79 [00:00<00:02, 25.86it/s]
 11%|█▏        | 9/79 [00:00<00:02, 30.61it/s]
 16%|█▋        | 13/79 [00:00<00:02, 31.98it/s]
 22%|██▏       | 17/79 [00:00<00:01, 32.83it/s]
 27%|██▋       | 21/79 [00:00<00:01, 33.19it/s]
 32%|███▏      | 25/79 [00:00<00:01, 33.78it/s]
 37%|███▋      | 29/79 [00:00<00:01, 34.48it/s]
 42%|████▏     | 33/79 [00:01<00:01, 34.41it/s]
 47%|████▋     | 37/79 [00:01<00:01, 32.12it/s]
 52%|█████▏    | 41/79 [00:01<00:01, 32.01it/s]
 57%|█████▋    | 45/79 [00:01<00:01, 33.22it/s]
 62%|██████▏   | 49/79 [00:01<00:00, 33.73it/s]
 67%|██████▋   | 53/79 [00:01<00:00, 34.03it/s]
 72%|███████▏  | 57/79 [00:01<00:00, 34.69it/s]
 77%|███████▋  | 61/79 [00:01<00:00, 34.77it/s]
 82%|████████▏ | 65/79 [00:01<00:00, 34.75it/s]
 87%|████████▋ | 69/79 [00:02<00:00, 34.89it/s]
 92%|█████████▏| 73/79 [00:02<00:00, 35.12it/s]
 97%|█████████▋| 77/79 [00:02<00:00, 35.64it/s]
100%|██████████| 79/79 [00:02<00:00, 33.54it/s]

CommRound: 16/30
Accuracy: 85.12% | Loss: 0.5875
[################################----------------------------] 53.3%
Elapsed: 12.1m | Avg/Round: 45.4s | Last: 43.5s | Next: 45.4s | Remaining: 10.6m
ETA: 16:33:31
Recent round times: R1: 47.0s -> R2: 49.0s -> R3: 42.0s -> R4: 47.6s -> R5: 43.5s

  0%|          | 0/79 [00:00<?, ?it/s]
  1%|▏         | 1/79 [00:00<00:12,  6.28it/s]
  4%|▍         | 3/79 [00:00<00:05, 12.70it/s]
  6%|▋         | 5/79 [00:00<00:05, 12.57it/s]
  9%|▉         | 7/79 [00:00<00:05, 12.06it/s]
 11%|█▏        | 9/79 [00:00<00:06, 11.49it/s]
 18%|█▊        | 14/79 [00:00<00:03, 18.95it/s]
 23%|██▎       | 18/79 [00:01<00:02, 22.93it/s]
 28%|██▊       | 22/79 [00:01<00:02, 25.68it/s]
 33%|███▎      | 26/79 [00:01<00:01, 27.47it/s]
 38%|███▊      | 30/79 [00:01<00:01, 28.24it/s]
 42%|████▏     | 33/79 [00:01<00:01, 25.34it/s]
 46%|████▌     | 36/79 [00:01<00:01, 25.55it/s]
 49%|████▉     | 39/79 [00:01<00:01, 22.00it/s]
 53%|█████▎    | 42/79 [00:02<00:01, 22.37it/s]
 59%|█████▉    | 47/79 [00:02<00:01, 27.37it/s]
 65%|██████▍   | 51/79 [00:02<00:01, 26.84it/s]
 68%|██████▊   | 54/79 [00:02<00:00, 26.97it/s]
 72%|███████▏  | 57/79 [00:02<00:00, 26.40it/s]
 76%|███████▌  | 60/79 [00:02<00:00, 26.36it/s]
 80%|███████▉  | 63/79 [00:02<00:00, 26.28it/s]
 84%|████████▎ | 66/79 [00:02<00:00, 24.88it/s]
 87%|████████▋ | 69/79 [00:03<00:00, 21.54it/s]
 91%|█████████ | 72/79 [00:03<00:00, 18.35it/s]
 95%|█████████▍| 75/79 [00:03<00:00, 18.85it/s]
100%|██████████| 79/79 [00:03<00:00, 22.44it/s]

CommRound: 17/30
Accuracy: 85.29% | Loss: 0.5891
[##################################--------------------------] 56.7%
Elapsed: 12.9m | Avg/Round: 45.6s | Last: 49.3s | Next: 45.6s | Remaining: 9.9m
ETA: 16:33:38
Recent round times: R1: 49.0s -> R2: 42.0s -> R3: 47.6s -> R4: 43.5s -> R5: 49.3s

  0%|          | 0/79 [00:00<?, ?it/s]
  1%|▏         | 1/79 [00:00<00:14,  5.56it/s]
  6%|▋         | 5/79 [00:00<00:04, 17.52it/s]
 11%|█▏        | 9/79 [00:00<00:03, 23.21it/s]
 16%|█▋        | 13/79 [00:00<00:02, 26.65it/s]
 20%|██        | 16/79 [00:00<00:02, 25.64it/s]
 25%|██▌       | 20/79 [00:00<00:02, 27.72it/s]
 30%|███       | 24/79 [00:00<00:01, 28.66it/s]
 35%|███▌      | 28/79 [00:01<00:01, 30.11it/s]
 41%|████      | 32/79 [00:01<00:01, 31.13it/s]
 46%|████▌     | 36/79 [00:01<00:01, 27.53it/s]
 49%|████▉     | 39/79 [00:01<00:01, 26.01it/s]
 53%|█████▎    | 42/79 [00:01<00:01, 26.67it/s]
 57%|█████▋    | 45/79 [00:01<00:01, 23.86it/s]
 62%|██████▏   | 49/79 [00:01<00:01, 25.98it/s]
 67%|██████▋   | 53/79 [00:02<00:00, 28.11it/s]
 71%|███████   | 56/79 [00:02<00:00, 26.08it/s]
 76%|███████▌  | 60/79 [00:02<00:00, 28.43it/s]
 81%|████████  | 64/79 [00:02<00:00, 29.81it/s]
 86%|████████▌ | 68/79 [00:02<00:00, 30.96it/s]
 91%|█████████ | 72/79 [00:02<00:00, 30.42it/s]
 96%|█████████▌| 76/79 [00:02<00:00, 30.17it/s]
100%|██████████| 79/79 [00:02<00:00, 27.57it/s]

CommRound: 18/30
Accuracy: 85.43% | Loss: 0.5909
[####################################------------------------] 60.0%
Elapsed: 13.6m | Avg/Round: 45.5s | Last: 43.0s | Next: 45.5s | Remaining: 9.1m
ETA: 16:33:34
Recent round times: R1: 42.0s -> R2: 47.6s -> R3: 43.5s -> R4: 49.3s -> R5: 43.0s

  0%|          | 0/79 [00:00<?, ?it/s]
  1%|▏         | 1/79 [00:00<00:08,  8.94it/s]
  6%|▋         | 5/79 [00:00<00:02, 25.39it/s]
 11%|█▏        | 9/79 [00:00<00:02, 30.21it/s]
 16%|█▋        | 13/79 [00:00<00:02, 32.16it/s]
 22%|██▏       | 17/79 [00:00<00:01, 33.22it/s]
 27%|██▋       | 21/79 [00:00<00:01, 33.87it/s]
 32%|███▏      | 25/79 [00:00<00:01, 34.40it/s]
 37%|███▋      | 29/79 [00:00<00:01, 35.08it/s]
 42%|████▏     | 33/79 [00:01<00:01, 35.11it/s]
 47%|████▋     | 37/79 [00:01<00:01, 35.49it/s]
 52%|█████▏    | 41/79 [00:01<00:01, 35.45it/s]
 57%|█████▋    | 45/79 [00:01<00:00, 35.13it/s]
 62%|██████▏   | 49/79 [00:01<00:00, 35.31it/s]
 67%|██████▋   | 53/79 [00:01<00:00, 35.43it/s]
 72%|███████▏  | 57/79 [00:01<00:00, 35.50it/s]
 77%|███████▋  | 61/79 [00:01<00:00, 34.36it/s]
 82%|████████▏ | 65/79 [00:01<00:00, 33.94it/s]
 87%|████████▋ | 69/79 [00:02<00:00, 33.87it/s]
 92%|█████████▏| 73/79 [00:02<00:00, 34.01it/s]
 97%|█████████▋| 77/79 [00:02<00:00, 34.68it/s]
100%|██████████| 79/79 [00:02<00:00, 34.25it/s]

CommRound: 19/30
Accuracy: 85.48% | Loss: 0.5930
[######################################----------------------] 63.3%
Elapsed: 14.4m | Avg/Round: 45.4s | Last: 44.4s | Next: 45.4s | Remaining: 8.3m
ETA: 16:33:32
Recent round times: R1: 47.6s -> R2: 43.5s -> R3: 49.3s -> R4: 43.0s -> R5: 44.4s

  0%|          | 0/79 [00:00<?, ?it/s]
  1%|▏         | 1/79 [00:00<00:09,  8.08it/s]
  6%|▋         | 5/79 [00:00<00:03, 24.53it/s]
 11%|█▏        | 9/79 [00:00<00:02, 30.01it/s]
 16%|█▋        | 13/79 [00:00<00:02, 28.08it/s]
 22%|██▏       | 17/79 [00:00<00:02, 28.85it/s]
 27%|██▋       | 21/79 [00:00<00:01, 30.30it/s]
 32%|███▏      | 25/79 [00:00<00:01, 31.47it/s]
 37%|███▋      | 29/79 [00:01<00:01, 29.90it/s]
 42%|████▏     | 33/79 [00:01<00:01, 31.30it/s]
 47%|████▋     | 37/79 [00:01<00:01, 32.65it/s]
 52%|█████▏    | 41/79 [00:01<00:01, 33.30it/s]
 57%|█████▋    | 45/79 [00:01<00:01, 33.81it/s]
 62%|██████▏   | 49/79 [00:01<00:00, 34.33it/s]
 67%|██████▋   | 53/79 [00:01<00:00, 34.47it/s]
 72%|███████▏  | 57/79 [00:01<00:00, 34.69it/s]
 77%|███████▋  | 61/79 [00:01<00:00, 34.78it/s]
 82%|████████▏ | 65/79 [00:02<00:00, 34.93it/s]
 87%|████████▋ | 69/79 [00:02<00:00, 34.21it/s]
 92%|█████████▏| 73/79 [00:02<00:00, 34.77it/s]
 97%|█████████▋| 77/79 [00:02<00:00, 34.75it/s]
100%|██████████| 79/79 [00:02<00:00, 32.68it/s]

CommRound: 20/30
Accuracy: 85.52% | Loss: 0.5951
[########################################--------------------] 66.7%
Elapsed: 15.2m | Avg/Round: 45.7s | Last: 50.4s | Next: 45.7s | Remaining: 7.6m
ETA: 16:33:40
Recent round times: R1: 43.5s -> R2: 49.3s -> R3: 43.0s -> R4: 44.4s -> R5: 50.4s

  0%|          | 0/79 [00:00<?, ?it/s]
  1%|▏         | 1/79 [00:00<00:14,  5.41it/s]
  3%|▎         | 2/79 [00:00<00:10,  7.14it/s]
  5%|▌         | 4/79 [00:00<00:08,  8.77it/s]
 13%|█▎        | 10/79 [00:00<00:04, 16.89it/s]
 15%|█▌        | 12/79 [00:00<00:04, 14.27it/s]
 18%|█▊        | 14/79 [00:01<00:05, 12.75it/s]
 20%|██        | 16/79 [00:01<00:05, 11.93it/s]
 23%|██▎       | 18/79 [00:01<00:05, 11.34it/s]
 25%|██▌       | 20/79 [00:01<00:05, 11.01it/s]
 28%|██▊       | 22/79 [00:01<00:05, 10.69it/s]
 30%|███       | 24/79 [00:02<00:04, 11.43it/s]
 34%|███▍      | 27/79 [00:02<00:04, 12.42it/s]
 37%|███▋      | 29/79 [00:02<00:04, 11.52it/s]
 42%|████▏     | 33/79 [00:02<00:02, 16.64it/s]
 47%|████▋     | 37/79 [00:02<00:01, 21.39it/s]
 52%|█████▏    | 41/79 [00:02<00:01, 24.91it/s]
 57%|█████▋    | 45/79 [00:02<00:01, 27.96it/s]
 62%|██████▏   | 49/79 [00:03<00:00, 30.48it/s]
 67%|██████▋   | 53/79 [00:03<00:00, 32.23it/s]
 72%|███████▏  | 57/79 [00:03<00:00, 33.55it/s]
 77%|███████▋  | 61/79 [00:03<00:00, 34.57it/s]
 82%|████████▏ | 65/79 [00:03<00:00, 35.33it/s]
 87%|████████▋ | 69/79 [00:03<00:00, 35.97it/s]
 92%|█████████▏| 73/79 [00:03<00:00, 36.20it/s]
 97%|█████████▋| 77/79 [00:03<00:00, 36.17it/s]
100%|██████████| 79/79 [00:03<00:00, 20.82it/s]

CommRound: 21/30
Accuracy: 85.63% | Loss: 0.5971
[##########################################------------------] 70.0%
Elapsed: 16.1m | Avg/Round: 45.9s | Last: 50.1s | Next: 45.9s | Remaining: 6.9m
ETA: 16:33:46
Recent round times: R1: 49.3s -> R2: 43.0s -> R3: 44.4s -> R4: 50.4s -> R5: 50.1s

  0%|          | 0/79 [00:00<?, ?it/s]
  1%|▏         | 1/79 [00:00<00:08,  9.50it/s]
  6%|▋         | 5/79 [00:00<00:02, 25.40it/s]
 10%|█         | 8/79 [00:00<00:02, 23.91it/s]
 15%|█▌        | 12/79 [00:00<00:02, 28.30it/s]
 20%|██        | 16/79 [00:00<00:02, 30.96it/s]
 25%|██▌       | 20/79 [00:00<00:01, 32.55it/s]
 30%|███       | 24/79 [00:00<00:01, 33.61it/s]
 35%|███▌      | 28/79 [00:00<00:01, 34.00it/s]
 41%|████      | 32/79 [00:01<00:01, 34.64it/s]
 46%|████▌     | 36/79 [00:01<00:01, 35.07it/s]
 51%|█████     | 40/79 [00:01<00:01, 35.08it/s]
 56%|█████▌    | 44/79 [00:01<00:00, 35.22it/s]
 61%|██████    | 48/79 [00:01<00:00, 35.39it/s]
 66%|██████▌   | 52/79 [00:01<00:00, 35.50it/s]
 71%|███████   | 56/79 [00:01<00:00, 35.69it/s]
 76%|███████▌  | 60/79 [00:01<00:00, 35.67it/s]
 81%|████████  | 64/79 [00:01<00:00, 35.75it/s]
 86%|████████▌ | 68/79 [00:02<00:00, 35.83it/s]
 91%|█████████ | 72/79 [00:02<00:00, 35.26it/s]
 96%|█████████▌| 76/79 [00:02<00:00, 36.22it/s]
100%|██████████| 79/79 [00:02<00:00, 33.95it/s]

CommRound: 22/30
Accuracy: 85.64% | Loss: 0.5990
[############################################----------------] 73.3%
Elapsed: 16.8m | Avg/Round: 45.8s | Last: 44.0s | Next: 45.8s | Remaining: 6.1m
ETA: 16:33:43
Recent round times: R1: 43.0s -> R2: 44.4s -> R3: 50.4s -> R4: 50.1s -> R5: 44.0s

  0%|          | 0/79 [00:00<?, ?it/s]
  3%|▎         | 2/79 [00:00<00:04, 19.22it/s]
  9%|▉         | 7/79 [00:00<00:02, 30.93it/s]
 14%|█▍        | 11/79 [00:00<00:02, 33.81it/s]
 19%|█▉        | 15/79 [00:00<00:01, 35.36it/s]
 24%|██▍       | 19/79 [00:00<00:01, 36.38it/s]
 29%|██▉       | 23/79 [00:00<00:01, 36.62it/s]
 34%|███▍      | 27/79 [00:00<00:01, 37.42it/s]
 41%|████      | 32/79 [00:00<00:01, 40.81it/s]
 47%|████▋     | 37/79 [00:01<00:01, 38.30it/s]
 53%|█████▎    | 42/79 [00:01<00:00, 40.79it/s]
 59%|█████▉    | 47/79 [00:01<00:00, 38.91it/s]
 65%|██████▍   | 51/79 [00:01<00:00, 38.96it/s]
 70%|██████▉   | 55/79 [00:01<00:00, 39.04it/s]
 75%|███████▍  | 59/79 [00:01<00:00, 39.14it/s]
 80%|███████▉  | 63/79 [00:01<00:00, 39.22it/s]
 85%|████████▍ | 67/79 [00:01<00:00, 39.12it/s]
 90%|████████▉ | 71/79 [00:01<00:00, 39.18it/s]
 95%|█████████▍| 75/79 [00:01<00:00, 38.82it/s]
100%|██████████| 79/79 [00:02<00:00, 38.35it/s]

CommRound: 23/30
Accuracy: 85.67% | Loss: 0.6010
[##############################################--------------] 76.7%
Elapsed: 17.4m | Avg/Round: 45.5s | Last: 39.2s | Next: 45.5s | Remaining: 5.3m
ETA: 16:33:35
Recent round times: R1: 44.4s -> R2: 50.4s -> R3: 50.1s -> R4: 44.0s -> R5: 39.2s

  0%|          | 0/79 [00:00<?, ?it/s]
  1%|▏         | 1/79 [00:00<00:08,  9.22it/s]
  6%|▋         | 5/79 [00:00<00:02, 24.69it/s]
 11%|█▏        | 9/79 [00:00<00:02, 29.11it/s]
 16%|█▋        | 13/79 [00:00<00:02, 30.82it/s]
 22%|██▏       | 17/79 [00:00<00:01, 31.90it/s]
 27%|██▋       | 21/79 [00:00<00:01, 32.12it/s]
 32%|███▏      | 25/79 [00:00<00:01, 32.80it/s]
 37%|███▋      | 29/79 [00:00<00:01, 33.21it/s]
 42%|████▏     | 33/79 [00:01<00:01, 34.18it/s]
 47%|████▋     | 37/79 [00:01<00:01, 32.89it/s]
 52%|█████▏    | 41/79 [00:01<00:01, 33.55it/s]
 57%|█████▋    | 45/79 [00:01<00:00, 34.09it/s]
 62%|██████▏   | 49/79 [00:01<00:00, 33.23it/s]
 67%|██████▋   | 53/79 [00:01<00:00, 31.78it/s]
 72%|███████▏  | 57/79 [00:01<00:00, 32.20it/s]
 77%|███████▋  | 61/79 [00:01<00:00, 33.28it/s]
 82%|████████▏ | 65/79 [00:02<00:00, 33.46it/s]
 87%|████████▋ | 69/79 [00:02<00:00, 33.04it/s]
 92%|█████████▏| 73/79 [00:02<00:00, 32.78it/s]
 97%|█████████▋| 77/79 [00:02<00:00, 33.04it/s]
100%|██████████| 79/79 [00:02<00:00, 32.61it/s]

CommRound: 24/30
Accuracy: 85.70% | Loss: 0.6028
[################################################------------] 80.0%
Elapsed: 18.2m | Avg/Round: 45.6s | Last: 48.0s | Next: 45.6s | Remaining: 4.6m
ETA: 16:33:38
Recent round times: R1: 50.4s -> R2: 50.1s -> R3: 44.0s -> R4: 39.2s -> R5: 48.0s

  0%|          | 0/79 [00:00<?, ?it/s]
  1%|▏         | 1/79 [00:00<00:10,  7.48it/s]
  4%|▍         | 3/79 [00:00<00:07, 10.38it/s]
  6%|▋         | 5/79 [00:00<00:07, 10.22it/s]
  9%|▉         | 7/79 [00:00<00:07,  9.95it/s]
 10%|█         | 8/79 [00:00<00:07,  9.74it/s]
 11%|█▏        | 9/79 [00:00<00:07,  9.46it/s]
 13%|█▎        | 10/79 [00:01<00:07,  9.53it/s]
 15%|█▌        | 12/79 [00:01<00:05, 11.41it/s]
 19%|█▉        | 15/79 [00:01<00:04, 14.60it/s]
 23%|██▎       | 18/79 [00:01<00:03, 16.07it/s]
 28%|██▊       | 22/79 [00:01<00:03, 18.04it/s]
 30%|███       | 24/79 [00:01<00:03, 14.97it/s]
 33%|███▎      | 26/79 [00:02<00:04, 13.15it/s]
 35%|███▌      | 28/79 [00:02<00:04, 12.00it/s]
 38%|███▊      | 30/79 [00:02<00:03, 13.12it/s]
 46%|████▌     | 36/79 [00:02<00:02, 20.49it/s]
 49%|████▉     | 39/79 [00:02<00:01, 20.18it/s]
 53%|█████▎    | 42/79 [00:02<00:01, 22.01it/s]
 57%|█████▋    | 45/79 [00:02<00:01, 23.57it/s]
 62%|██████▏   | 49/79 [00:03<00:01, 25.74it/s]
 66%|██████▌   | 52/79 [00:03<00:01, 21.64it/s]
 71%|███████   | 56/79 [00:03<00:01, 22.09it/s]
 77%|███████▋  | 61/79 [00:03<00:00, 27.51it/s]
 81%|████████  | 64/79 [00:03<00:00, 27.54it/s]
 86%|████████▌ | 68/79 [00:03<00:00, 29.08it/s]
 91%|█████████ | 72/79 [00:03<00:00, 27.71it/s]
 95%|█████████▍| 75/79 [00:04<00:00, 24.74it/s]
 99%|█████████▊| 78/79 [00:04<00:00, 17.04it/s]
100%|██████████| 79/79 [00:04<00:00, 17.81it/s]

CommRound: 25/30
Accuracy: 85.76% | Loss: 0.6046
[##################################################----------] 83.3%
Elapsed: 19.0m | Avg/Round: 45.5s | Last: 43.4s | Next: 45.5s | Remaining: 3.8m
ETA: 16:33:35
Recent round times: R1: 50.1s -> R2: 44.0s -> R3: 39.2s -> R4: 48.0s -> R5: 43.4s

  0%|          | 0/79 [00:00<?, ?it/s]
  3%|▎         | 2/79 [00:00<00:04, 19.09it/s]
  8%|▊         | 6/79 [00:00<00:02, 31.05it/s]
 13%|█▎        | 10/79 [00:00<00:02, 34.15it/s]
 18%|█▊        | 14/79 [00:00<00:01, 35.14it/s]
 23%|██▎       | 18/79 [00:00<00:01, 35.82it/s]
 28%|██▊       | 22/79 [00:00<00:01, 36.28it/s]
 33%|███▎      | 26/79 [00:00<00:01, 36.72it/s]
 38%|███▊      | 30/79 [00:00<00:01, 36.67it/s]
 43%|████▎     | 34/79 [00:00<00:01, 37.00it/s]
 48%|████▊     | 38/79 [00:01<00:01, 37.25it/s]
 53%|█████▎    | 42/79 [00:01<00:01, 36.44it/s]
 58%|█████▊    | 46/79 [00:01<00:00, 37.35it/s]
 63%|██████▎   | 50/79 [00:01<00:00, 37.34it/s]
 68%|██████▊   | 54/79 [00:01<00:00, 37.46it/s]
 73%|███████▎  | 58/79 [00:01<00:00, 37.27it/s]
 78%|███████▊  | 62/79 [00:01<00:00, 36.90it/s]
 84%|████████▎ | 66/79 [00:01<00:00, 36.68it/s]
 89%|████████▊ | 70/79 [00:01<00:00, 36.56it/s]
 94%|█████████▎| 74/79 [00:02<00:00, 36.66it/s]
 99%|█████████▊| 78/79 [00:02<00:00, 36.51it/s]
100%|██████████| 79/79 [00:02<00:00, 36.37it/s]

CommRound: 26/30
Accuracy: 85.75% | Loss: 0.6063
[####################################################--------] 86.7%
Elapsed: 19.8m | Avg/Round: 45.6s | Last: 47.6s | Next: 45.6s | Remaining: 3.0m
ETA: 16:33:38
Recent round times: R1: 44.0s -> R2: 39.2s -> R3: 48.0s -> R4: 43.4s -> R5: 47.6s

  0%|          | 0/79 [00:00<?, ?it/s]
  3%|▎         | 2/79 [00:00<00:04, 18.42it/s]
  8%|▊         | 6/79 [00:00<00:02, 29.12it/s]
 11%|█▏        | 9/79 [00:00<00:02, 29.05it/s]
 16%|█▋        | 13/79 [00:00<00:02, 31.63it/s]
 22%|██▏       | 17/79 [00:00<00:01, 32.94it/s]
 27%|██▋       | 21/79 [00:00<00:01, 33.92it/s]
 32%|███▏      | 25/79 [00:00<00:01, 34.46it/s]
 37%|███▋      | 29/79 [00:00<00:01, 34.88it/s]
 42%|████▏     | 33/79 [00:00<00:01, 35.10it/s]
 47%|████▋     | 37/79 [00:01<00:01, 34.96it/s]
 52%|█████▏    | 41/79 [00:01<00:01, 35.04it/s]
 57%|█████▋    | 45/79 [00:01<00:00, 35.34it/s]
 62%|██████▏   | 49/79 [00:01<00:00, 35.81it/s]
 67%|██████▋   | 53/79 [00:01<00:00, 36.23it/s]
 72%|███████▏  | 57/79 [00:01<00:00, 36.42it/s]
 77%|███████▋  | 61/79 [00:01<00:00, 36.27it/s]
 82%|████████▏ | 65/79 [00:01<00:00, 36.32it/s]
 87%|████████▋ | 69/79 [00:01<00:00, 36.51it/s]
 92%|█████████▏| 73/79 [00:02<00:00, 36.98it/s]
 97%|█████████▋| 77/79 [00:02<00:00, 37.53it/s]
100%|██████████| 79/79 [00:02<00:00, 35.29it/s]

CommRound: 27/30
Accuracy: 85.77% | Loss: 0.6079
[######################################################------] 90.0%
Elapsed: 20.4m | Avg/Round: 45.3s | Last: 37.6s | Next: 45.3s | Remaining: 2.3m
ETA: 16:33:29
Recent round times: R1: 39.2s -> R2: 48.0s -> R3: 43.4s -> R4: 47.6s -> R5: 37.6s

  0%|          | 0/79 [00:00<?, ?it/s]
  1%|▏         | 1/79 [00:00<00:08,  9.73it/s]
  6%|▋         | 5/79 [00:00<00:02, 25.65it/s]
 10%|█         | 8/79 [00:00<00:02, 24.85it/s]
 15%|█▌        | 12/79 [00:00<00:02, 29.06it/s]
 20%|██        | 16/79 [00:00<00:02, 31.39it/s]
 25%|██▌       | 20/79 [00:00<00:01, 31.52it/s]
 30%|███       | 24/79 [00:00<00:01, 30.31it/s]
 35%|███▌      | 28/79 [00:00<00:01, 29.56it/s]
 41%|████      | 32/79 [00:01<00:01, 29.60it/s]
 46%|████▌     | 36/79 [00:01<00:01, 29.98it/s]
 51%|█████     | 40/79 [00:01<00:01, 31.19it/s]
 56%|█████▌    | 44/79 [00:01<00:01, 31.89it/s]
 61%|██████    | 48/79 [00:01<00:00, 32.46it/s]
 66%|██████▌   | 52/79 [00:01<00:00, 32.84it/s]
 71%|███████   | 56/79 [00:01<00:00, 33.24it/s]
 76%|███████▌  | 60/79 [00:01<00:00, 33.09it/s]
 81%|████████  | 64/79 [00:02<00:00, 33.06it/s]
 86%|████████▌ | 68/79 [00:02<00:00, 33.23it/s]
 91%|█████████ | 72/79 [00:02<00:00, 33.20it/s]
 96%|█████████▌| 76/79 [00:02<00:00, 33.69it/s]
100%|██████████| 79/79 [00:02<00:00, 31.60it/s]

CommRound: 28/30
Accuracy: 85.79% | Loss: 0.6096
[########################################################----] 93.3%
Elapsed: 21.2m | Avg/Round: 45.4s | Last: 47.9s | Next: 45.4s | Remaining: 1.5m
ETA: 16:33:32
Recent round times: R1: 48.0s -> R2: 43.4s -> R3: 47.6s -> R4: 37.6s -> R5: 47.9s

  0%|          | 0/79 [00:00<?, ?it/s]
  1%|▏         | 1/79 [00:00<00:08,  9.51it/s]
  6%|▋         | 5/79 [00:00<00:02, 25.87it/s]
 11%|█▏        | 9/79 [00:00<00:02, 29.92it/s]
 16%|█▋        | 13/79 [00:00<00:02, 32.00it/s]
 22%|██▏       | 17/79 [00:00<00:01, 32.19it/s]
 27%|██▋       | 21/79 [00:00<00:01, 32.12it/s]
 32%|███▏      | 25/79 [00:00<00:01, 32.23it/s]
 37%|███▋      | 29/79 [00:00<00:01, 32.87it/s]
 42%|████▏     | 33/79 [00:01<00:01, 32.44it/s]
 47%|████▋     | 37/79 [00:01<00:01, 31.68it/s]
 52%|█████▏    | 41/79 [00:01<00:01, 31.88it/s]
 57%|█████▋    | 45/79 [00:01<00:01, 33.14it/s]
 62%|██████▏   | 49/79 [00:01<00:00, 33.58it/s]
 67%|██████▋   | 53/79 [00:01<00:00, 34.30it/s]
 72%|███████▏  | 57/79 [00:01<00:00, 34.66it/s]
 77%|███████▋  | 61/79 [00:01<00:00, 34.74it/s]
 82%|████████▏ | 65/79 [00:01<00:00, 34.80it/s]
 87%|████████▋ | 69/79 [00:02<00:00, 34.63it/s]
 92%|█████████▏| 73/79 [00:02<00:00, 35.46it/s]
 97%|█████████▋| 77/79 [00:02<00:00, 36.45it/s]
100%|██████████| 79/79 [00:02<00:00, 33.15it/s]

CommRound: 29/30
Accuracy: 85.80% | Loss: 0.6112
[##########################################################--] 96.7%
Elapsed: 21.9m | Avg/Round: 45.4s | Last: 45.3s | Next: 45.4s | Remaining: 0.8m
ETA: 16:33:31
Recent round times: R1: 43.4s -> R2: 47.6s -> R3: 37.6s -> R4: 47.9s -> R5: 45.3s

  0%|          | 0/79 [00:00<?, ?it/s]
  1%|▏         | 1/79 [00:00<00:12,  6.11it/s]
  6%|▋         | 5/79 [00:00<00:04, 16.21it/s]
 11%|█▏        | 9/79 [00:00<00:03, 21.50it/s]
 16%|█▋        | 13/79 [00:00<00:02, 25.02it/s]
 22%|██▏       | 17/79 [00:00<00:02, 26.28it/s]
 28%|██▊       | 22/79 [00:00<00:01, 32.13it/s]
 33%|███▎      | 26/79 [00:00<00:01, 32.82it/s]
 38%|███▊      | 30/79 [00:01<00:01, 31.35it/s]
 43%|████▎     | 34/79 [00:01<00:01, 31.72it/s]
 48%|████▊     | 38/79 [00:01<00:01, 31.20it/s]
 53%|█████▎    | 42/79 [00:01<00:01, 29.94it/s]
 58%|█████▊    | 46/79 [00:01<00:01, 29.83it/s]
 63%|██████▎   | 50/79 [00:01<00:00, 29.35it/s]
 68%|██████▊   | 54/79 [00:01<00:00, 29.17it/s]
 72%|███████▏  | 57/79 [00:02<00:00, 28.89it/s]
 76%|███████▌  | 60/79 [00:02<00:00, 28.53it/s]
 81%|████████  | 64/79 [00:02<00:00, 29.93it/s]
 86%|████████▌ | 68/79 [00:02<00:00, 31.58it/s]
 91%|█████████ | 72/79 [00:02<00:00, 32.58it/s]
 96%|█████████▌| 76/79 [00:02<00:00, 33.14it/s]
100%|██████████| 79/79 [00:02<00:00, 29.47it/s]

CommRound: 30/30
Accuracy: 85.80% | Loss: 0.6127
[############################################################] 100.0%
Elapsed: 22.7m | Avg/Round: 45.4s | Last: 45.3s | Next: 45.4s | Remaining: 0.0m
ETA: 16:33:31
Recent round times: R1: 47.6s -> R2: 37.6s -> R3: 47.9s -> R4: 45.3s -> R5: 45.3s
Total time for experiment: 1361.4636952877045 seconds
Device average training time per communication round [s]:
    rpi (sld-rpi-09.ece.utexas.edu): 12.37 seconds
    mc1 (sld-mc1-09.ece.utexas.edu): 41.50 seconds
