Connecting to sld-rpi-09.ece.utexas.edu...
Successfully fetched dev0_pow_temp_log_exp145_run1.csv.
Connecting to sld-rpi-09.ece.utexas.edu...
Successfully fetched dev0_communication_log_exp145_run1.csv.
Connecting to sld-mc1-09.ece.utexas.edu...
Successfully fetched dev1_pow_temp_log_exp145_run1.csv.
Connecting to sld-mc1-09.ece.utexas.edu...
Successfully fetched dev1_communication_log_exp145_run1.csv.

Exp145
Experiment 145: 
	Global test accuracy [%]: 88.7 %
	No round found where all subsequent rounds have accuracy >= 90.00%.
	Average time per communication round [s]: 45.9 seconds
	Total wall clock time [s]: 834.16 seconds


Experiment 145:
	RPi avg. energy consumption per round [J]: 36.36 Joules
	MC1 avg. energy consumption per round [J]: 294.62 Joules
	Total avg. energy consumption per communication round [J]: 330.98 Joules
	Avg. amount of communicated data per communication round [MB]: 0.08 MB
	RPi avg. power consumption per round [W]: 5.35 Watts
	MC1 avg. power consumption per round [W]: 7.30 Watts
