
  0%|          | 0/79 [00:00<?, ?it/s]
  1%|▏         | 1/79 [00:00<00:07,  9.85it/s]
  6%|▋         | 5/79 [00:00<00:02, 24.72it/s]
 11%|█▏        | 9/79 [00:00<00:02, 28.09it/s]
 16%|█▋        | 13/79 [00:00<00:02, 29.74it/s]
 22%|██▏       | 17/79 [00:00<00:02, 30.80it/s]
 27%|██▋       | 21/79 [00:00<00:01, 30.17it/s]
 32%|███▏      | 25/79 [00:00<00:01, 32.53it/s]
 37%|███▋      | 29/79 [00:00<00:01, 32.88it/s]
 42%|████▏     | 33/79 [00:01<00:01, 32.98it/s]
 47%|████▋     | 37/79 [00:01<00:01, 31.87it/s]
 52%|█████▏    | 41/79 [00:01<00:01, 32.02it/s]
 57%|█████▋    | 45/79 [00:01<00:01, 32.21it/s]
 62%|██████▏   | 49/79 [00:01<00:00, 32.49it/s]
 67%|██████▋   | 53/79 [00:01<00:00, 32.56it/s]
 72%|███████▏  | 57/79 [00:01<00:00, 29.66it/s]
 77%|███████▋  | 61/79 [00:01<00:00, 30.31it/s]
 82%|████████▏ | 65/79 [00:02<00:00, 30.89it/s]
 87%|████████▋ | 69/79 [00:02<00:00, 29.35it/s]
 92%|█████████▏| 73/79 [00:02<00:00, 30.07it/s]
 97%|█████████▋| 77/79 [00:02<00:00, 30.82it/s]
100%|██████████| 79/79 [00:02<00:00, 31.16it/s]
Initial Accuracy: 12.87%; Initial Loss: 2.3867

  0%|          | 0/79 [00:00<?, ?it/s]
  1%|▏         | 1/79 [00:00<00:09,  8.65it/s]
  6%|▋         | 5/79 [00:00<00:03, 23.51it/s]
 11%|█▏        | 9/79 [00:00<00:02, 25.13it/s]
 16%|█▋        | 13/79 [00:00<00:02, 27.31it/s]
 22%|██▏       | 17/79 [00:00<00:02, 29.19it/s]
 27%|██▋       | 21/79 [00:00<00:01, 30.43it/s]
 32%|███▏      | 25/79 [00:00<00:01, 31.10it/s]
 37%|███▋      | 29/79 [00:01<00:01, 31.69it/s]
 42%|████▏     | 33/79 [00:01<00:01, 31.58it/s]
 47%|████▋     | 37/79 [00:01<00:01, 32.09it/s]
 52%|█████▏    | 41/79 [00:01<00:01, 32.37it/s]
 57%|█████▋    | 45/79 [00:01<00:01, 32.78it/s]
 62%|██████▏   | 49/79 [00:01<00:00, 32.71it/s]
 67%|██████▋   | 53/79 [00:01<00:00, 32.51it/s]
 72%|███████▏  | 57/79 [00:01<00:00, 32.67it/s]
 77%|███████▋  | 61/79 [00:01<00:00, 32.70it/s]
 82%|████████▏ | 65/79 [00:02<00:00, 32.54it/s]
 87%|████████▋ | 69/79 [00:02<00:00, 32.46it/s]
 92%|█████████▏| 73/79 [00:02<00:00, 32.58it/s]
 97%|█████████▋| 77/79 [00:02<00:00, 32.95it/s]
100%|██████████| 79/79 [00:02<00:00, 31.68it/s]

CommRound: 1/30
Accuracy: 60.70% | Loss: 1.8669
[##----------------------------------------------------------] 3.3%
Elapsed: 0.2m | Avg/Round: 9.8s | Last: 7.2s | Next: 9.8s | Remaining: 4.7m
ETA: 10:40:26
Recent round times: R1: 7.2s

  0%|          | 0/79 [00:00<?, ?it/s]
  1%|▏         | 1/79 [00:00<00:12,  6.15it/s]
  6%|▋         | 5/79 [00:00<00:04, 18.04it/s]
 11%|█▏        | 9/79 [00:00<00:02, 23.42it/s]
 16%|█▋        | 13/79 [00:00<00:02, 26.67it/s]
 22%|██▏       | 17/79 [00:00<00:02, 28.64it/s]
 27%|██▋       | 21/79 [00:00<00:01, 29.93it/s]
 32%|███▏      | 25/79 [00:00<00:02, 26.45it/s]
 37%|███▋      | 29/79 [00:01<00:01, 28.20it/s]
 42%|████▏     | 33/79 [00:01<00:01, 29.19it/s]
 47%|████▋     | 37/79 [00:01<00:01, 29.70it/s]
 52%|█████▏    | 41/79 [00:01<00:01, 30.62it/s]
 57%|█████▋    | 45/79 [00:01<00:01, 31.15it/s]
 62%|██████▏   | 49/79 [00:01<00:00, 31.52it/s]
 67%|██████▋   | 53/79 [00:01<00:00, 31.59it/s]
 72%|███████▏  | 57/79 [00:01<00:00, 32.10it/s]
 77%|███████▋  | 61/79 [00:02<00:00, 31.60it/s]
 82%|████████▏ | 65/79 [00:02<00:00, 31.51it/s]
 87%|████████▋ | 69/79 [00:02<00:00, 31.68it/s]
 92%|█████████▏| 73/79 [00:02<00:00, 31.61it/s]
 97%|█████████▋| 77/79 [00:02<00:00, 31.75it/s]
100%|██████████| 79/79 [00:02<00:00, 29.76it/s]

CommRound: 2/30
Accuracy: 72.47% | Loss: 1.2926
[####--------------------------------------------------------] 6.7%
Elapsed: 0.3m | Avg/Round: 8.6s | Last: 7.4s | Next: 8.6s | Remaining: 4.0m
ETA: 10:39:51
Recent round times: R1: 7.2s -> R2: 7.4s

  0%|          | 0/79 [00:00<?, ?it/s]
  1%|▏         | 1/79 [00:00<00:12,  6.43it/s]
  4%|▍         | 3/79 [00:00<00:08,  9.19it/s]
  6%|▋         | 5/79 [00:00<00:06, 11.14it/s]
  9%|▉         | 7/79 [00:00<00:06, 11.06it/s]
 11%|█▏        | 9/79 [00:00<00:05, 12.03it/s]
 16%|█▋        | 13/79 [00:00<00:03, 16.77it/s]
 22%|██▏       | 17/79 [00:01<00:03, 18.78it/s]
 24%|██▍       | 19/79 [00:01<00:03, 18.87it/s]
 27%|██▋       | 21/79 [00:01<00:03, 17.69it/s]
 29%|██▉       | 23/79 [00:01<00:03, 17.83it/s]
 32%|███▏      | 25/79 [00:01<00:02, 18.17it/s]
 34%|███▍      | 27/79 [00:01<00:02, 18.08it/s]
 37%|███▋      | 29/79 [00:01<00:02, 18.23it/s]
 42%|████▏     | 33/79 [00:01<00:02, 21.31it/s]
 47%|████▋     | 37/79 [00:02<00:01, 24.11it/s]
 52%|█████▏    | 41/79 [00:02<00:01, 26.31it/s]
 57%|█████▋    | 45/79 [00:02<00:01, 27.73it/s]
 62%|██████▏   | 49/79 [00:02<00:01, 26.53it/s]
 66%|██████▌   | 52/79 [00:02<00:01, 24.60it/s]
 71%|███████   | 56/79 [00:02<00:00, 26.08it/s]
 76%|███████▌  | 60/79 [00:02<00:00, 26.96it/s]
 81%|████████  | 64/79 [00:03<00:00, 26.27it/s]
 86%|████████▌ | 68/79 [00:03<00:00, 26.55it/s]
 91%|█████████ | 72/79 [00:03<00:00, 22.08it/s]
 95%|█████████▍| 75/79 [00:03<00:00, 21.02it/s]
 99%|█████████▊| 78/79 [00:03<00:00, 20.42it/s]
100%|██████████| 79/79 [00:03<00:00, 20.60it/s]

CommRound: 3/30
Accuracy: 74.17% | Loss: 1.1888
[######------------------------------------------------------] 10.0%
Elapsed: 0.4m | Avg/Round: 8.7s | Last: 8.9s | Next: 8.7s | Remaining: 3.9m
ETA: 10:39:54
Recent round times: R1: 7.2s -> R2: 7.4s -> R3: 8.9s

  0%|          | 0/79 [00:00<?, ?it/s]
  1%|▏         | 1/79 [00:00<00:12,  6.23it/s]
  4%|▍         | 3/79 [00:00<00:06, 12.32it/s]
  8%|▊         | 6/79 [00:00<00:03, 19.10it/s]
 11%|█▏        | 9/79 [00:00<00:04, 17.22it/s]
 14%|█▍        | 11/79 [00:00<00:03, 17.78it/s]
 18%|█▊        | 14/79 [00:00<00:03, 20.57it/s]
 22%|██▏       | 17/79 [00:00<00:03, 19.63it/s]
 25%|██▌       | 20/79 [00:01<00:02, 20.99it/s]
 29%|██▉       | 23/79 [00:01<00:02, 19.90it/s]
 33%|███▎      | 26/79 [00:01<00:02, 21.38it/s]
 37%|███▋      | 29/79 [00:01<00:02, 19.75it/s]
 42%|████▏     | 33/79 [00:01<00:02, 20.90it/s]
 46%|████▌     | 36/79 [00:01<00:01, 21.63it/s]
 49%|████▉     | 39/79 [00:01<00:01, 20.97it/s]
 53%|█████▎    | 42/79 [00:02<00:01, 21.12it/s]
 57%|█████▋    | 45/79 [00:02<00:01, 20.76it/s]
 61%|██████    | 48/79 [00:02<00:01, 20.85it/s]
 65%|██████▍   | 51/79 [00:02<00:01, 21.44it/s]
 68%|██████▊   | 54/79 [00:02<00:01, 20.97it/s]
 72%|███████▏  | 57/79 [00:02<00:00, 22.07it/s]
 76%|███████▌  | 60/79 [00:02<00:00, 21.87it/s]
 80%|███████▉  | 63/79 [00:03<00:00, 23.18it/s]
 84%|████████▎ | 66/79 [00:03<00:00, 22.81it/s]
 87%|████████▋ | 69/79 [00:03<00:00, 24.24it/s]
 91%|█████████ | 72/79 [00:03<00:00, 23.37it/s]
 95%|█████████▍| 75/79 [00:03<00:00, 24.31it/s]
 99%|█████████▊| 78/79 [00:03<00:00, 24.29it/s]
100%|██████████| 79/79 [00:03<00:00, 21.35it/s]

CommRound: 4/30
Accuracy: 73.45% | Loss: 1.3103
[########----------------------------------------------------] 13.3%
Elapsed: 0.6m | Avg/Round: 8.7s | Last: 8.7s | Next: 8.7s | Remaining: 3.8m
ETA: 10:39:54
Recent round times: R1: 7.2s -> R2: 7.4s -> R3: 8.9s -> R4: 8.7s

  0%|          | 0/79 [00:00<?, ?it/s]
  1%|▏         | 1/79 [00:00<00:12,  6.33it/s]
  5%|▌         | 4/79 [00:00<00:04, 15.79it/s]
  8%|▊         | 6/79 [00:00<00:04, 16.00it/s]
 10%|█         | 8/79 [00:00<00:04, 16.94it/s]
 13%|█▎        | 10/79 [00:00<00:03, 17.66it/s]
 15%|█▌        | 12/79 [00:00<00:03, 18.14it/s]
 18%|█▊        | 14/79 [00:00<00:03, 18.48it/s]
 20%|██        | 16/79 [00:00<00:03, 18.57it/s]
 23%|██▎       | 18/79 [00:01<00:03, 18.71it/s]
 27%|██▋       | 21/79 [00:01<00:02, 21.92it/s]
 30%|███       | 24/79 [00:01<00:03, 18.09it/s]
 35%|███▌      | 28/79 [00:01<00:02, 19.46it/s]
 41%|████      | 32/79 [00:01<00:02, 22.18it/s]
 46%|████▌     | 36/79 [00:01<00:01, 22.84it/s]
 51%|█████     | 40/79 [00:02<00:01, 23.26it/s]
 56%|█████▌    | 44/79 [00:02<00:01, 23.91it/s]
 61%|██████    | 48/79 [00:02<00:01, 24.01it/s]
 66%|██████▌   | 52/79 [00:02<00:01, 24.15it/s]
 71%|███████   | 56/79 [00:02<00:00, 23.77it/s]
 76%|███████▌  | 60/79 [00:02<00:00, 24.16it/s]
 81%|████████  | 64/79 [00:02<00:00, 24.28it/s]
 85%|████████▍ | 67/79 [00:03<00:00, 24.87it/s]
 89%|████████▊ | 70/79 [00:03<00:00, 25.25it/s]
 92%|█████████▏| 73/79 [00:03<00:00, 22.88it/s]
 97%|█████████▋| 77/79 [00:03<00:00, 23.49it/s]
100%|██████████| 79/79 [00:03<00:00, 22.16it/s]

CommRound: 5/30
Accuracy: 75.43% | Loss: 1.1585
[##########--------------------------------------------------] 16.7%
Elapsed: 0.7m | Avg/Round: 8.7s | Last: 8.7s | Next: 8.7s | Remaining: 3.6m
ETA: 10:39:54
Recent round times: R1: 7.2s -> R2: 7.4s -> R3: 8.9s -> R4: 8.7s -> R5: 8.7s

  0%|          | 0/79 [00:00<?, ?it/s]
  1%|▏         | 1/79 [00:00<00:10,  7.53it/s]
  5%|▌         | 4/79 [00:00<00:04, 17.81it/s]
  8%|▊         | 6/79 [00:00<00:04, 17.52it/s]
 13%|█▎        | 10/79 [00:00<00:03, 19.89it/s]
 18%|█▊        | 14/79 [00:00<00:02, 21.69it/s]
 23%|██▎       | 18/79 [00:00<00:02, 22.71it/s]
 28%|██▊       | 22/79 [00:01<00:02, 21.72it/s]
 33%|███▎      | 26/79 [00:01<00:02, 23.86it/s]
 37%|███▋      | 29/79 [00:01<00:02, 23.42it/s]
 41%|████      | 32/79 [00:01<00:02, 23.25it/s]
 44%|████▍     | 35/79 [00:01<00:02, 21.79it/s]
 48%|████▊     | 38/79 [00:01<00:01, 22.38it/s]
 52%|█████▏    | 41/79 [00:01<00:02, 18.27it/s]
 54%|█████▍    | 43/79 [00:02<00:02, 17.14it/s]
 59%|█████▉    | 47/79 [00:02<00:01, 20.22it/s]
 63%|██████▎   | 50/79 [00:02<00:01, 20.52it/s]
 67%|██████▋   | 53/79 [00:02<00:01, 19.95it/s]
 71%|███████   | 56/79 [00:02<00:01, 20.88it/s]
 75%|███████▍  | 59/79 [00:02<00:01, 19.02it/s]
 77%|███████▋  | 61/79 [00:03<00:00, 18.41it/s]
 80%|███████▉  | 63/79 [00:03<00:00, 17.77it/s]
 85%|████████▍ | 67/79 [00:03<00:00, 20.14it/s]
 90%|████████▉ | 71/79 [00:03<00:00, 22.23it/s]
 94%|█████████▎| 74/79 [00:03<00:00, 23.96it/s]
 97%|█████████▋| 77/79 [00:03<00:00, 22.56it/s]
100%|██████████| 79/79 [00:03<00:00, 21.10it/s]

CommRound: 6/30
Accuracy: 76.05% | Loss: 1.1328
[############------------------------------------------------] 20.0%
Elapsed: 0.9m | Avg/Round: 8.7s | Last: 8.8s | Next: 8.7s | Remaining: 3.5m
ETA: 10:39:55
Recent round times: R1: 7.4s -> R2: 8.9s -> R3: 8.7s -> R4: 8.7s -> R5: 8.8s

  0%|          | 0/79 [00:00<?, ?it/s]
  1%|▏         | 1/79 [00:00<00:14,  5.54it/s]
  6%|▋         | 5/79 [00:00<00:03, 18.64it/s]
 11%|█▏        | 9/79 [00:00<00:02, 24.98it/s]
 15%|█▌        | 12/79 [00:00<00:02, 25.91it/s]
 19%|█▉        | 15/79 [00:00<00:02, 27.18it/s]
 23%|██▎       | 18/79 [00:00<00:02, 25.23it/s]
 28%|██▊       | 22/79 [00:00<00:02, 25.39it/s]
 32%|███▏      | 25/79 [00:01<00:02, 25.08it/s]
 35%|███▌      | 28/79 [00:01<00:02, 22.37it/s]
 41%|████      | 32/79 [00:01<00:02, 21.83it/s]
 46%|████▌     | 36/79 [00:01<00:01, 21.83it/s]
 49%|████▉     | 39/79 [00:01<00:01, 23.31it/s]
 53%|█████▎    | 42/79 [00:01<00:01, 20.27it/s]
 58%|█████▊    | 46/79 [00:02<00:01, 20.31it/s]
 62%|██████▏   | 49/79 [00:02<00:01, 22.11it/s]
 66%|██████▌   | 52/79 [00:02<00:01, 19.64it/s]
 70%|██████▉   | 55/79 [00:02<00:01, 21.71it/s]
 73%|███████▎  | 58/79 [00:02<00:01, 19.21it/s]
 78%|███████▊  | 62/79 [00:02<00:00, 19.81it/s]
 84%|████████▎ | 66/79 [00:03<00:00, 21.26it/s]
 87%|████████▋ | 69/79 [00:03<00:00, 20.96it/s]
 91%|█████████ | 72/79 [00:03<00:00, 22.65it/s]
 96%|█████████▌| 76/79 [00:03<00:00, 25.35it/s]
100%|██████████| 79/79 [00:03<00:00, 22.60it/s]

CommRound: 7/30
Accuracy: 77.69% | Loss: 1.0419
[##############----------------------------------------------] 23.3%
Elapsed: 1.0m | Avg/Round: 8.7s | Last: 8.6s | Next: 8.7s | Remaining: 3.3m
ETA: 10:39:54
Recent round times: R1: 8.9s -> R2: 8.7s -> R3: 8.7s -> R4: 8.8s -> R5: 8.6s

  0%|          | 0/79 [00:00<?, ?it/s]
  1%|▏         | 1/79 [00:00<00:08,  8.84it/s]
  4%|▍         | 3/79 [00:00<00:05, 14.38it/s]
  6%|▋         | 5/79 [00:00<00:04, 16.75it/s]
  9%|▉         | 7/79 [00:00<00:04, 17.41it/s]
 13%|█▎        | 10/79 [00:00<00:03, 20.96it/s]
 16%|█▋        | 13/79 [00:00<00:02, 22.72it/s]
 20%|██        | 16/79 [00:00<00:02, 22.05it/s]
 24%|██▍       | 19/79 [00:00<00:02, 23.45it/s]
 28%|██▊       | 22/79 [00:01<00:02, 19.99it/s]
 32%|███▏      | 25/79 [00:01<00:02, 18.96it/s]
 34%|███▍      | 27/79 [00:01<00:03, 15.96it/s]
 37%|███▋      | 29/79 [00:01<00:03, 14.02it/s]
 39%|███▉      | 31/79 [00:01<00:03, 14.69it/s]
 42%|████▏     | 33/79 [00:01<00:03, 14.11it/s]
 44%|████▍     | 35/79 [00:02<00:02, 14.82it/s]
 48%|████▊     | 38/79 [00:02<00:02, 15.56it/s]
 53%|█████▎    | 42/79 [00:02<00:02, 18.36it/s]
 58%|█████▊    | 46/79 [00:02<00:01, 18.17it/s]
 61%|██████    | 48/79 [00:02<00:01, 17.72it/s]
 63%|██████▎   | 50/79 [00:02<00:01, 17.94it/s]
 68%|██████▊   | 54/79 [00:03<00:01, 20.36it/s]
 73%|███████▎  | 58/79 [00:03<00:00, 22.46it/s]
 78%|███████▊  | 62/79 [00:03<00:00, 24.28it/s]
 84%|████████▎ | 66/79 [00:03<00:00, 25.45it/s]
 89%|████████▊ | 70/79 [00:03<00:00, 25.01it/s]
 92%|█████████▏| 73/79 [00:03<00:00, 24.09it/s]
 96%|█████████▌| 76/79 [00:03<00:00, 22.37it/s]
100%|██████████| 79/79 [00:04<00:00, 19.72it/s]

CommRound: 8/30
Accuracy: 75.93% | Loss: 1.1530
[################--------------------------------------------] 26.7%
Elapsed: 1.2m | Avg/Round: 8.7s | Last: 9.0s | Next: 8.7s | Remaining: 3.2m
ETA: 10:39:55
Recent round times: R1: 8.7s -> R2: 8.7s -> R3: 8.8s -> R4: 8.6s -> R5: 9.0s

  0%|          | 0/79 [00:00<?, ?it/s]
  1%|▏         | 1/79 [00:00<00:13,  5.83it/s]
  5%|▌         | 4/79 [00:00<00:04, 15.37it/s]
  9%|▉         | 7/79 [00:00<00:03, 18.46it/s]
 11%|█▏        | 9/79 [00:00<00:03, 18.18it/s]
 14%|█▍        | 11/79 [00:00<00:03, 17.60it/s]
 19%|█▉        | 15/79 [00:00<00:03, 20.85it/s]
 23%|██▎       | 18/79 [00:00<00:02, 21.63it/s]
 27%|██▋       | 21/79 [00:01<00:03, 16.14it/s]
 29%|██▉       | 23/79 [00:01<00:03, 15.55it/s]
 32%|███▏      | 25/79 [00:01<00:03, 15.05it/s]
 34%|███▍      | 27/79 [00:01<00:03, 16.11it/s]
 39%|███▉      | 31/79 [00:01<00:02, 18.96it/s]
 44%|████▍     | 35/79 [00:01<00:02, 19.89it/s]
 49%|████▉     | 39/79 [00:02<00:01, 22.12it/s]
 54%|█████▍    | 43/79 [00:02<00:01, 23.63it/s]
 59%|█████▉    | 47/79 [00:02<00:01, 24.22it/s]
 65%|██████▍   | 51/79 [00:02<00:01, 25.27it/s]
 70%|██████▉   | 55/79 [00:02<00:00, 26.04it/s]
 75%|███████▍  | 59/79 [00:02<00:00, 26.74it/s]
 80%|███████▉  | 63/79 [00:02<00:00, 27.19it/s]
 84%|████████▎ | 66/79 [00:03<00:00, 24.98it/s]
 90%|████████▉ | 71/79 [00:03<00:00, 27.51it/s]
 95%|█████████▍| 75/79 [00:03<00:00, 27.18it/s]
 99%|█████████▊| 78/79 [00:03<00:00, 25.64it/s]
100%|██████████| 79/79 [00:03<00:00, 21.93it/s]

CommRound: 9/30
Accuracy: 74.67% | Loss: 1.2127
[##################------------------------------------------] 30.0%
Elapsed: 1.3m | Avg/Round: 8.7s | Last: 8.7s | Next: 8.7s | Remaining: 3.1m
ETA: 10:39:55
Recent round times: R1: 8.7s -> R2: 8.8s -> R3: 8.6s -> R4: 9.0s -> R5: 8.7s

  0%|          | 0/79 [00:00<?, ?it/s]
  1%|▏         | 1/79 [00:00<00:12,  6.28it/s]
  6%|▋         | 5/79 [00:00<00:03, 20.49it/s]
 11%|█▏        | 9/79 [00:00<00:02, 25.38it/s]
 15%|█▌        | 12/79 [00:00<00:03, 16.94it/s]
 19%|█▉        | 15/79 [00:00<00:03, 17.09it/s]
 22%|██▏       | 17/79 [00:01<00:04, 15.40it/s]
 24%|██▍       | 19/79 [00:01<00:04, 13.43it/s]
 28%|██▊       | 22/79 [00:01<00:03, 14.61it/s]
 30%|███       | 24/79 [00:01<00:03, 15.11it/s]
 33%|███▎      | 26/79 [00:01<00:03, 15.51it/s]
 35%|███▌      | 28/79 [00:01<00:03, 16.39it/s]
 38%|███▊      | 30/79 [00:01<00:02, 16.53it/s]
 41%|████      | 32/79 [00:02<00:03, 14.93it/s]
 43%|████▎     | 34/79 [00:02<00:03, 14.19it/s]
 46%|████▌     | 36/79 [00:02<00:03, 13.97it/s]
 51%|█████     | 40/79 [00:02<00:02, 15.82it/s]
 56%|█████▌    | 44/79 [00:02<00:01, 18.90it/s]
 58%|█████▊    | 46/79 [00:02<00:01, 18.52it/s]
 63%|██████▎   | 50/79 [00:02<00:01, 20.90it/s]
 67%|██████▋   | 53/79 [00:03<00:01, 21.78it/s]
 71%|███████   | 56/79 [00:03<00:01, 20.52it/s]
 75%|███████▍  | 59/79 [00:03<00:00, 21.48it/s]
 78%|███████▊  | 62/79 [00:03<00:00, 21.87it/s]
 82%|████████▏ | 65/79 [00:03<00:00, 23.79it/s]
 86%|████████▌ | 68/79 [00:03<00:00, 18.67it/s]
 90%|████████▉ | 71/79 [00:03<00:00, 19.65it/s]
 94%|█████████▎| 74/79 [00:04<00:00, 16.27it/s]
 99%|█████████▊| 78/79 [00:04<00:00, 19.07it/s]
100%|██████████| 79/79 [00:04<00:00, 17.90it/s]

CommRound: 10/30
Accuracy: 75.67% | Loss: 1.1591
[####################----------------------------------------] 33.3%
Elapsed: 1.5m | Avg/Round: 8.8s | Last: 9.4s | Next: 8.8s | Remaining: 2.9m
ETA: 10:39:57
Recent round times: R1: 8.8s -> R2: 8.6s -> R3: 9.0s -> R4: 8.7s -> R5: 9.4s

  0%|          | 0/79 [00:00<?, ?it/s]
  1%|▏         | 1/79 [00:00<00:13,  5.90it/s]
  6%|▋         | 5/79 [00:00<00:04, 18.04it/s]
 11%|█▏        | 9/79 [00:00<00:03, 18.89it/s]
 16%|█▋        | 13/79 [00:00<00:02, 22.46it/s]
 22%|██▏       | 17/79 [00:00<00:02, 22.87it/s]
 27%|██▋       | 21/79 [00:00<00:02, 23.94it/s]
 32%|███▏      | 25/79 [00:01<00:02, 24.53it/s]
 37%|███▋      | 29/79 [00:01<00:02, 23.53it/s]
 42%|████▏     | 33/79 [00:01<00:01, 24.46it/s]
 47%|████▋     | 37/79 [00:01<00:01, 25.55it/s]
 51%|█████     | 40/79 [00:01<00:01, 24.70it/s]
 54%|█████▍    | 43/79 [00:01<00:01, 20.70it/s]
 59%|█████▉    | 47/79 [00:02<00:01, 22.10it/s]
 65%|██████▍   | 51/79 [00:02<00:01, 24.70it/s]
 70%|██████▉   | 55/79 [00:02<00:00, 26.53it/s]
 73%|███████▎  | 58/79 [00:02<00:00, 24.77it/s]
 78%|███████▊  | 62/79 [00:02<00:00, 24.81it/s]
 82%|████████▏ | 65/79 [00:02<00:00, 24.75it/s]
 86%|████████▌ | 68/79 [00:02<00:00, 25.87it/s]
 91%|█████████ | 72/79 [00:03<00:00, 26.51it/s]
 96%|█████████▌| 76/79 [00:03<00:00, 27.89it/s]
100%|██████████| 79/79 [00:03<00:00, 24.52it/s]

CommRound: 11/30
Accuracy: 75.48% | Loss: 1.1802
[######################--------------------------------------] 36.7%
Elapsed: 1.6m | Avg/Round: 8.7s | Last: 8.2s | Next: 8.7s | Remaining: 2.8m
ETA: 10:39:56
Recent round times: R1: 8.6s -> R2: 9.0s -> R3: 8.7s -> R4: 9.4s -> R5: 8.2s

  0%|          | 0/79 [00:00<?, ?it/s]
  1%|▏         | 1/79 [00:00<00:10,  7.60it/s]
  6%|▋         | 5/79 [00:00<00:03, 22.73it/s]
 11%|█▏        | 9/79 [00:00<00:02, 27.81it/s]
 16%|█▋        | 13/79 [00:00<00:02, 30.35it/s]
 22%|██▏       | 17/79 [00:00<00:02, 29.35it/s]
 25%|██▌       | 20/79 [00:00<00:02, 21.14it/s]
 29%|██▉       | 23/79 [00:00<00:02, 21.97it/s]
 33%|███▎      | 26/79 [00:01<00:02, 18.35it/s]
 38%|███▊      | 30/79 [00:01<00:02, 18.73it/s]
 43%|████▎     | 34/79 [00:01<00:02, 20.32it/s]
 47%|████▋     | 37/79 [00:01<00:01, 21.19it/s]
 51%|█████     | 40/79 [00:01<00:01, 20.51it/s]
 56%|█████▌    | 44/79 [00:02<00:01, 22.98it/s]
 61%|██████    | 48/79 [00:02<00:01, 24.59it/s]
 66%|██████▌   | 52/79 [00:02<00:00, 27.01it/s]
 71%|███████   | 56/79 [00:02<00:00, 28.69it/s]
 76%|███████▌  | 60/79 [00:02<00:00, 29.62it/s]
 81%|████████  | 64/79 [00:02<00:00, 30.47it/s]
 86%|████████▌ | 68/79 [00:02<00:00, 30.89it/s]
 91%|█████████ | 72/79 [00:02<00:00, 30.57it/s]
 96%|█████████▌| 76/79 [00:02<00:00, 31.82it/s]
100%|██████████| 79/79 [00:03<00:00, 25.75it/s]

CommRound: 12/30
Accuracy: 76.24% | Loss: 1.1449
[########################------------------------------------] 40.0%
Elapsed: 1.7m | Avg/Round: 8.7s | Last: 8.0s | Next: 8.7s | Remaining: 2.6m
ETA: 10:39:54
Recent round times: R1: 9.0s -> R2: 8.7s -> R3: 9.4s -> R4: 8.2s -> R5: 8.0s

  0%|          | 0/79 [00:00<?, ?it/s]
  1%|▏         | 1/79 [00:00<00:08,  9.42it/s]
  6%|▋         | 5/79 [00:00<00:03, 20.29it/s]
 11%|█▏        | 9/79 [00:00<00:02, 24.93it/s]
 15%|█▌        | 12/79 [00:00<00:03, 22.13it/s]
 20%|██        | 16/79 [00:00<00:02, 24.05it/s]
 24%|██▍       | 19/79 [00:00<00:02, 24.57it/s]
 28%|██▊       | 22/79 [00:00<00:02, 22.45it/s]
 32%|███▏      | 25/79 [00:01<00:02, 23.17it/s]
 35%|███▌      | 28/79 [00:01<00:02, 19.50it/s]
 39%|███▉      | 31/79 [00:01<00:02, 21.22it/s]
 43%|████▎     | 34/79 [00:01<00:02, 18.77it/s]
 47%|████▋     | 37/79 [00:01<00:01, 21.02it/s]
 51%|█████     | 40/79 [00:01<00:02, 18.67it/s]
 56%|█████▌    | 44/79 [00:02<00:01, 19.14it/s]
 59%|█████▉    | 47/79 [00:02<00:01, 19.37it/s]
 63%|██████▎   | 50/79 [00:02<00:01, 21.23it/s]
 68%|██████▊   | 54/79 [00:02<00:01, 22.06it/s]
 73%|███████▎  | 58/79 [00:02<00:00, 21.70it/s]
 77%|███████▋  | 61/79 [00:02<00:00, 23.13it/s]
 81%|████████  | 64/79 [00:03<00:00, 21.24it/s]
 86%|████████▌ | 68/79 [00:03<00:00, 23.41it/s]
 91%|█████████ | 72/79 [00:03<00:00, 22.96it/s]
 96%|█████████▌| 76/79 [00:03<00:00, 23.46it/s]
100%|██████████| 79/79 [00:03<00:00, 21.99it/s]

CommRound: 13/30
Accuracy: 76.81% | Loss: 1.1164
[##########################----------------------------------] 43.3%
Elapsed: 1.9m | Avg/Round: 8.7s | Last: 8.6s | Next: 8.7s | Remaining: 2.5m
ETA: 10:39:54
Recent round times: R1: 8.7s -> R2: 9.4s -> R3: 8.2s -> R4: 8.0s -> R5: 8.6s

  0%|          | 0/79 [00:00<?, ?it/s]
  1%|▏         | 1/79 [00:00<00:08,  9.66it/s]
  5%|▌         | 4/79 [00:00<00:03, 20.87it/s]
  9%|▉         | 7/79 [00:00<00:03, 22.93it/s]
 13%|█▎        | 10/79 [00:00<00:03, 18.67it/s]
 18%|█▊        | 14/79 [00:00<00:02, 23.15it/s]
 23%|██▎       | 18/79 [00:00<00:02, 27.62it/s]
 28%|██▊       | 22/79 [00:00<00:01, 29.98it/s]
 33%|███▎      | 26/79 [00:00<00:01, 31.98it/s]
 38%|███▊      | 30/79 [00:01<00:01, 32.99it/s]
 43%|████▎     | 34/79 [00:01<00:01, 31.50it/s]
 51%|█████     | 40/79 [00:01<00:01, 35.18it/s]
 56%|█████▌    | 44/79 [00:01<00:00, 35.09it/s]
 61%|██████    | 48/79 [00:01<00:00, 33.09it/s]
 67%|██████▋   | 53/79 [00:01<00:00, 35.80it/s]
 72%|███████▏  | 57/79 [00:01<00:00, 35.88it/s]
 77%|███████▋  | 61/79 [00:01<00:00, 35.20it/s]
 82%|████████▏ | 65/79 [00:02<00:00, 32.16it/s]
 87%|████████▋ | 69/79 [00:02<00:00, 30.98it/s]
 94%|█████████▎| 74/79 [00:02<00:00, 31.39it/s]
 99%|█████████▊| 78/79 [00:02<00:00, 31.49it/s]
100%|██████████| 79/79 [00:02<00:00, 30.88it/s]

CommRound: 14/30
Accuracy: 77.09% | Loss: 1.1112
[############################--------------------------------] 46.7%
Elapsed: 2.0m | Avg/Round: 8.6s | Last: 7.6s | Next: 8.6s | Remaining: 2.3m
ETA: 10:39:51
Recent round times: R1: 9.4s -> R2: 8.2s -> R3: 8.0s -> R4: 8.6s -> R5: 7.6s

  0%|          | 0/79 [00:00<?, ?it/s]
  1%|▏         | 1/79 [00:00<00:10,  7.32it/s]
  8%|▊         | 6/79 [00:00<00:02, 27.71it/s]
 13%|█▎        | 10/79 [00:00<00:02, 26.57it/s]
 18%|█▊        | 14/79 [00:00<00:02, 27.55it/s]
 23%|██▎       | 18/79 [00:00<00:02, 28.03it/s]
 28%|██▊       | 22/79 [00:00<00:02, 28.05it/s]
 33%|███▎      | 26/79 [00:00<00:01, 28.40it/s]
 38%|███▊      | 30/79 [00:01<00:01, 27.62it/s]
 43%|████▎     | 34/79 [00:01<00:01, 28.09it/s]
 48%|████▊     | 38/79 [00:01<00:01, 26.78it/s]
 53%|█████▎    | 42/79 [00:01<00:01, 29.63it/s]
 58%|█████▊    | 46/79 [00:01<00:01, 30.81it/s]
 63%|██████▎   | 50/79 [00:01<00:00, 31.86it/s]
 68%|██████▊   | 54/79 [00:01<00:00, 32.66it/s]
 73%|███████▎  | 58/79 [00:01<00:00, 33.27it/s]
 78%|███████▊  | 62/79 [00:02<00:00, 33.00it/s]
 84%|████████▎ | 66/79 [00:02<00:00, 33.83it/s]
 89%|████████▊ | 70/79 [00:02<00:00, 33.97it/s]
 94%|█████████▎| 74/79 [00:02<00:00, 34.51it/s]
 99%|█████████▊| 78/79 [00:02<00:00, 34.92it/s]
100%|██████████| 79/79 [00:02<00:00, 30.71it/s]

CommRound: 15/30
Accuracy: 77.30% | Loss: 1.1044
[##############################------------------------------] 50.0%
Elapsed: 2.1m | Avg/Round: 8.5s | Last: 7.5s | Next: 8.5s | Remaining: 2.1m
ETA: 10:39:49
Recent round times: R1: 8.2s -> R2: 8.0s -> R3: 8.6s -> R4: 7.6s -> R5: 7.5s

  0%|          | 0/79 [00:00<?, ?it/s]
  1%|▏         | 1/79 [00:00<00:08,  9.15it/s]
  5%|▌         | 4/79 [00:00<00:03, 18.80it/s]
 10%|█         | 8/79 [00:00<00:03, 22.00it/s]
 15%|█▌        | 12/79 [00:00<00:02, 24.94it/s]
 20%|██        | 16/79 [00:00<00:02, 27.26it/s]
 25%|██▌       | 20/79 [00:00<00:01, 29.58it/s]
 30%|███       | 24/79 [00:00<00:01, 31.65it/s]
 35%|███▌      | 28/79 [00:00<00:01, 33.26it/s]
 41%|████      | 32/79 [00:01<00:01, 34.33it/s]
 46%|████▌     | 36/79 [00:01<00:01, 33.95it/s]
 51%|█████     | 40/79 [00:01<00:01, 35.36it/s]
 56%|█████▌    | 44/79 [00:01<00:01, 31.28it/s]
 62%|██████▏   | 49/79 [00:01<00:00, 31.71it/s]
 67%|██████▋   | 53/79 [00:01<00:00, 32.22it/s]
 72%|███████▏  | 57/79 [00:01<00:00, 32.51it/s]
 77%|███████▋  | 61/79 [00:01<00:00, 32.29it/s]
 82%|████████▏ | 65/79 [00:02<00:00, 28.54it/s]
 87%|████████▋ | 69/79 [00:02<00:00, 30.28it/s]
 92%|█████████▏| 73/79 [00:02<00:00, 31.69it/s]
 97%|█████████▋| 77/79 [00:02<00:00, 32.27it/s]
100%|██████████| 79/79 [00:02<00:00, 31.00it/s]

CommRound: 16/30
Accuracy: 77.53% | Loss: 1.0940
[################################----------------------------] 53.3%
Elapsed: 2.3m | Avg/Round: 8.5s | Last: 7.6s | Next: 8.5s | Remaining: 2.0m
ETA: 10:39:48
Recent round times: R1: 8.0s -> R2: 8.6s -> R3: 7.6s -> R4: 7.5s -> R5: 7.6s

  0%|          | 0/79 [00:00<?, ?it/s]
  1%|▏         | 1/79 [00:00<00:08,  9.42it/s]
  5%|▌         | 4/79 [00:00<00:03, 20.30it/s]
  9%|▉         | 7/79 [00:00<00:02, 24.39it/s]
 14%|█▍        | 11/79 [00:00<00:02, 24.89it/s]
 19%|█▉        | 15/79 [00:00<00:02, 27.49it/s]
 24%|██▍       | 19/79 [00:00<00:01, 30.75it/s]
 29%|██▉       | 23/79 [00:00<00:01, 31.24it/s]
 34%|███▍      | 27/79 [00:00<00:01, 30.23it/s]
 39%|███▉      | 31/79 [00:01<00:01, 29.70it/s]
 44%|████▍     | 35/79 [00:01<00:01, 30.48it/s]
 49%|████▉     | 39/79 [00:01<00:01, 28.53it/s]
 53%|█████▎    | 42/79 [00:01<00:01, 26.52it/s]
 58%|█████▊    | 46/79 [00:01<00:01, 25.49it/s]
 63%|██████▎   | 50/79 [00:01<00:01, 24.97it/s]
 68%|██████▊   | 54/79 [00:02<00:01, 24.30it/s]
 73%|███████▎  | 58/79 [00:02<00:00, 25.93it/s]
 78%|███████▊  | 62/79 [00:02<00:00, 27.02it/s]
 82%|████████▏ | 65/79 [00:02<00:00, 27.19it/s]
 89%|████████▊ | 70/79 [00:02<00:00, 30.29it/s]
 94%|█████████▎| 74/79 [00:02<00:00, 30.28it/s]
 99%|█████████▊| 78/79 [00:02<00:00, 31.12it/s]
100%|██████████| 79/79 [00:02<00:00, 28.06it/s]

CommRound: 17/30
Accuracy: 77.72% | Loss: 1.0836
[##################################--------------------------] 56.7%
Elapsed: 2.4m | Avg/Round: 8.4s | Last: 7.8s | Next: 8.4s | Remaining: 1.8m
ETA: 10:39:46
Recent round times: R1: 8.6s -> R2: 7.6s -> R3: 7.5s -> R4: 7.6s -> R5: 7.8s

  0%|          | 0/79 [00:00<?, ?it/s]
  1%|▏         | 1/79 [00:00<00:08,  8.74it/s]
  6%|▋         | 5/79 [00:00<00:03, 21.31it/s]
 11%|█▏        | 9/79 [00:00<00:02, 23.74it/s]
 15%|█▌        | 12/79 [00:00<00:02, 24.65it/s]
 19%|█▉        | 15/79 [00:00<00:02, 25.69it/s]
 23%|██▎       | 18/79 [00:00<00:02, 26.37it/s]
 27%|██▋       | 21/79 [00:00<00:02, 26.42it/s]
 30%|███       | 24/79 [00:00<00:02, 25.71it/s]
 35%|███▌      | 28/79 [00:01<00:01, 27.07it/s]
 41%|████      | 32/79 [00:01<00:01, 27.75it/s]
 46%|████▌     | 36/79 [00:01<00:01, 27.99it/s]
 51%|█████     | 40/79 [00:01<00:01, 27.97it/s]
 56%|█████▌    | 44/79 [00:01<00:01, 28.39it/s]
 59%|█████▉    | 47/79 [00:01<00:01, 28.52it/s]
 63%|██████▎   | 50/79 [00:01<00:01, 28.79it/s]
 67%|██████▋   | 53/79 [00:01<00:00, 28.40it/s]
 71%|███████   | 56/79 [00:02<00:00, 28.58it/s]
 75%|███████▍  | 59/79 [00:02<00:00, 27.80it/s]
 78%|███████▊  | 62/79 [00:02<00:00, 26.93it/s]
 84%|████████▎ | 66/79 [00:02<00:00, 25.59it/s]
 89%|████████▊ | 70/79 [00:02<00:00, 28.13it/s]
 94%|█████████▎| 74/79 [00:02<00:00, 28.38it/s]
 99%|█████████▊| 78/79 [00:02<00:00, 29.00it/s]
100%|██████████| 79/79 [00:02<00:00, 27.35it/s]

CommRound: 18/30
Accuracy: 78.03% | Loss: 1.0748
[####################################------------------------] 60.0%
Elapsed: 2.5m | Avg/Round: 8.4s | Last: 7.9s | Next: 8.4s | Remaining: 1.7m
ETA: 10:39:45
Recent round times: R1: 7.6s -> R2: 7.5s -> R3: 7.6s -> R4: 7.8s -> R5: 7.9s

  0%|          | 0/79 [00:00<?, ?it/s]
  4%|▍         | 3/79 [00:00<00:03, 24.24it/s]
 10%|█         | 8/79 [00:00<00:01, 38.03it/s]
 16%|█▋        | 13/79 [00:00<00:01, 36.85it/s]
 24%|██▍       | 19/79 [00:00<00:01, 39.28it/s]
 30%|███       | 24/79 [00:00<00:01, 42.19it/s]
 37%|███▋      | 29/79 [00:00<00:01, 40.88it/s]
 43%|████▎     | 34/79 [00:00<00:01, 38.75it/s]
 48%|████▊     | 38/79 [00:00<00:01, 38.61it/s]
 53%|█████▎    | 42/79 [00:01<00:00, 38.57it/s]
 58%|█████▊    | 46/79 [00:01<00:00, 38.49it/s]
 63%|██████▎   | 50/79 [00:01<00:00, 37.90it/s]
 68%|██████▊   | 54/79 [00:01<00:00, 37.71it/s]
 73%|███████▎  | 58/79 [00:01<00:00, 37.63it/s]
 78%|███████▊  | 62/79 [00:01<00:00, 37.49it/s]
 84%|████████▎ | 66/79 [00:01<00:00, 37.44it/s]
 89%|████████▊ | 70/79 [00:01<00:00, 37.45it/s]
 96%|█████████▌| 76/79 [00:01<00:00, 39.01it/s]
100%|██████████| 79/79 [00:02<00:00, 38.52it/s]

CommRound: 19/30
Accuracy: 78.30% | Loss: 1.0679
[######################################----------------------] 63.3%
Elapsed: 2.6m | Avg/Round: 8.3s | Last: 7.1s | Next: 8.3s | Remaining: 1.5m
ETA: 10:39:43
Recent round times: R1: 7.5s -> R2: 7.6s -> R3: 7.8s -> R4: 7.9s -> R5: 7.1s

  0%|          | 0/79 [00:00<?, ?it/s]
  3%|▎         | 2/79 [00:00<00:03, 19.61it/s]
  8%|▊         | 6/79 [00:00<00:02, 30.80it/s]
 13%|█▎        | 10/79 [00:00<00:02, 31.14it/s]
 18%|█▊        | 14/79 [00:00<00:01, 33.60it/s]
 23%|██▎       | 18/79 [00:00<00:01, 35.33it/s]
 28%|██▊       | 22/79 [00:00<00:01, 36.47it/s]
 33%|███▎      | 26/79 [00:00<00:01, 37.22it/s]
 38%|███▊      | 30/79 [00:00<00:01, 37.86it/s]
 43%|████▎     | 34/79 [00:00<00:01, 38.15it/s]
 48%|████▊     | 38/79 [00:01<00:01, 38.19it/s]
 53%|█████▎    | 42/79 [00:01<00:00, 38.19it/s]
 58%|█████▊    | 46/79 [00:01<00:00, 38.24it/s]
 63%|██████▎   | 50/79 [00:01<00:00, 38.53it/s]
 68%|██████▊   | 54/79 [00:01<00:00, 38.35it/s]
 73%|███████▎  | 58/79 [00:01<00:00, 38.59it/s]
 78%|███████▊  | 62/79 [00:01<00:00, 38.77it/s]
 84%|████████▎ | 66/79 [00:01<00:00, 38.84it/s]
 89%|████████▊ | 70/79 [00:01<00:00, 39.04it/s]
 94%|█████████▎| 74/79 [00:01<00:00, 39.05it/s]
 99%|█████████▊| 78/79 [00:02<00:00, 38.72it/s]
100%|██████████| 79/79 [00:02<00:00, 37.42it/s]

CommRound: 20/30
Accuracy: 78.46% | Loss: 1.0627
[########################################--------------------] 66.7%
Elapsed: 2.8m | Avg/Round: 8.3s | Last: 7.1s | Next: 8.3s | Remaining: 1.4m
ETA: 10:39:41
Recent round times: R1: 7.6s -> R2: 7.8s -> R3: 7.9s -> R4: 7.1s -> R5: 7.1s

  0%|          | 0/79 [00:00<?, ?it/s]
  4%|▍         | 3/79 [00:00<00:03, 21.58it/s]
  9%|▉         | 7/79 [00:00<00:02, 29.06it/s]
 14%|█▍        | 11/79 [00:00<00:02, 32.05it/s]
 19%|█▉        | 15/79 [00:00<00:01, 33.41it/s]
 24%|██▍       | 19/79 [00:00<00:01, 34.40it/s]
 29%|██▉       | 23/79 [00:00<00:01, 34.94it/s]
 34%|███▍      | 27/79 [00:00<00:01, 35.26it/s]
 39%|███▉      | 31/79 [00:00<00:01, 36.44it/s]
 44%|████▍     | 35/79 [00:01<00:01, 37.29it/s]
 49%|████▉     | 39/79 [00:01<00:01, 37.46it/s]
 56%|█████▌    | 44/79 [00:01<00:00, 36.93it/s]
 61%|██████    | 48/79 [00:01<00:00, 37.51it/s]
 66%|██████▌   | 52/79 [00:01<00:00, 38.17it/s]
 71%|███████   | 56/79 [00:01<00:00, 38.56it/s]
 77%|███████▋  | 61/79 [00:01<00:00, 40.16it/s]
 84%|████████▎ | 66/79 [00:01<00:00, 38.85it/s]
 89%|████████▊ | 70/79 [00:01<00:00, 38.86it/s]
 94%|█████████▎| 74/79 [00:02<00:00, 38.80it/s]
 99%|█████████▊| 78/79 [00:02<00:00, 38.48it/s]
100%|██████████| 79/79 [00:02<00:00, 36.93it/s]

CommRound: 21/30
Accuracy: 78.53% | Loss: 1.0590
[##########################################------------------] 70.0%
Elapsed: 2.9m | Avg/Round: 8.2s | Last: 7.2s | Next: 8.2s | Remaining: 1.2m
ETA: 10:39:40
Recent round times: R1: 7.8s -> R2: 7.9s -> R3: 7.1s -> R4: 7.1s -> R5: 7.2s

  0%|          | 0/79 [00:00<?, ?it/s]
  4%|▍         | 3/79 [00:00<00:03, 21.00it/s]
  9%|▉         | 7/79 [00:00<00:02, 29.19it/s]
 14%|█▍        | 11/79 [00:00<00:02, 33.08it/s]
 19%|█▉        | 15/79 [00:00<00:01, 35.05it/s]
 24%|██▍       | 19/79 [00:00<00:01, 36.49it/s]
 29%|██▉       | 23/79 [00:00<00:01, 37.51it/s]
 34%|███▍      | 27/79 [00:00<00:01, 38.22it/s]
 39%|███▉      | 31/79 [00:00<00:01, 38.64it/s]
 44%|████▍     | 35/79 [00:00<00:01, 38.94it/s]
 49%|████▉     | 39/79 [00:01<00:01, 39.04it/s]
 56%|█████▌    | 44/79 [00:01<00:00, 42.30it/s]
 62%|██████▏   | 49/79 [00:01<00:00, 39.34it/s]
 68%|██████▊   | 54/79 [00:01<00:00, 42.14it/s]
 75%|███████▍  | 59/79 [00:01<00:00, 39.43it/s]
 81%|████████  | 64/79 [00:01<00:00, 41.71it/s]
 87%|████████▋ | 69/79 [00:01<00:00, 37.01it/s]
 92%|█████████▏| 73/79 [00:01<00:00, 35.63it/s]
 97%|█████████▋| 77/79 [00:02<00:00, 34.93it/s]
100%|██████████| 79/79 [00:02<00:00, 37.65it/s]

CommRound: 22/30
Accuracy: 78.60% | Loss: 1.0563
[############################################----------------] 73.3%
Elapsed: 3.0m | Avg/Round: 8.1s | Last: 6.8s | Next: 8.1s | Remaining: 1.1m
ETA: 10:39:38
Recent round times: R1: 7.9s -> R2: 7.1s -> R3: 7.1s -> R4: 7.2s -> R5: 6.8s

  0%|          | 0/79 [00:00<?, ?it/s]
  4%|▍         | 3/79 [00:00<00:03, 22.17it/s]
  9%|▉         | 7/79 [00:00<00:02, 30.80it/s]
 14%|█▍        | 11/79 [00:00<00:01, 34.48it/s]
 19%|█▉        | 15/79 [00:00<00:01, 36.12it/s]
 24%|██▍       | 19/79 [00:00<00:01, 37.44it/s]
 29%|██▉       | 23/79 [00:00<00:01, 37.89it/s]
 35%|███▌      | 28/79 [00:00<00:01, 38.93it/s]
 41%|████      | 32/79 [00:00<00:01, 38.62it/s]
 46%|████▌     | 36/79 [00:00<00:01, 38.80it/s]
 51%|█████     | 40/79 [00:01<00:01, 38.43it/s]
 56%|█████▌    | 44/79 [00:01<00:00, 38.60it/s]
 61%|██████    | 48/79 [00:01<00:00, 38.28it/s]
 66%|██████▌   | 52/79 [00:01<00:00, 38.48it/s]
 71%|███████   | 56/79 [00:01<00:00, 38.26it/s]
 76%|███████▌  | 60/79 [00:01<00:00, 38.66it/s]
 82%|████████▏ | 65/79 [00:01<00:00, 41.94it/s]
 89%|████████▊ | 70/79 [00:01<00:00, 37.93it/s]
 94%|█████████▎| 74/79 [00:01<00:00, 38.14it/s]
 99%|█████████▊| 78/79 [00:02<00:00, 38.42it/s]
100%|██████████| 79/79 [00:02<00:00, 38.01it/s]

CommRound: 23/30
Accuracy: 78.62% | Loss: 1.0545
[##############################################--------------] 76.7%
Elapsed: 3.1m | Avg/Round: 8.1s | Last: 7.0s | Next: 8.1s | Remaining: 0.9m
ETA: 10:39:37
Recent round times: R1: 7.1s -> R2: 7.1s -> R3: 7.2s -> R4: 6.8s -> R5: 7.0s

  0%|          | 0/79 [00:00<?, ?it/s]
  4%|▍         | 3/79 [00:00<00:03, 21.65it/s]
  9%|▉         | 7/79 [00:00<00:02, 30.33it/s]
 14%|█▍        | 11/79 [00:00<00:02, 33.69it/s]
 19%|█▉        | 15/79 [00:00<00:01, 35.19it/s]
 24%|██▍       | 19/79 [00:00<00:01, 36.47it/s]
 29%|██▉       | 23/79 [00:00<00:01, 37.21it/s]
 34%|███▍      | 27/79 [00:00<00:01, 37.70it/s]
 39%|███▉      | 31/79 [00:00<00:01, 38.03it/s]
 44%|████▍     | 35/79 [00:00<00:01, 38.34it/s]
 49%|████▉     | 39/79 [00:01<00:01, 38.39it/s]
 54%|█████▍    | 43/79 [00:01<00:00, 38.44it/s]
 59%|█████▉    | 47/79 [00:01<00:00, 38.43it/s]
 65%|██████▍   | 51/79 [00:01<00:00, 38.37it/s]
 70%|██████▉   | 55/79 [00:01<00:00, 38.21it/s]
 75%|███████▍  | 59/79 [00:01<00:00, 38.54it/s]
 80%|███████▉  | 63/79 [00:01<00:00, 38.52it/s]
 85%|████████▍ | 67/79 [00:01<00:00, 38.30it/s]
 90%|████████▉ | 71/79 [00:01<00:00, 38.16it/s]
 95%|█████████▍| 75/79 [00:02<00:00, 38.36it/s]
100%|██████████| 79/79 [00:02<00:00, 37.90it/s]

CommRound: 24/30
Accuracy: 78.66% | Loss: 1.0532
[################################################------------] 80.0%
Elapsed: 3.2m | Avg/Round: 8.1s | Last: 7.1s | Next: 8.1s | Remaining: 0.8m
ETA: 10:39:35
Recent round times: R1: 7.1s -> R2: 7.2s -> R3: 6.8s -> R4: 7.0s -> R5: 7.1s

  0%|          | 0/79 [00:00<?, ?it/s]
  4%|▍         | 3/79 [00:00<00:03, 21.44it/s]
  9%|▉         | 7/79 [00:00<00:02, 29.81it/s]
 14%|█▍        | 11/79 [00:00<00:02, 30.46it/s]
 19%|█▉        | 15/79 [00:00<00:01, 32.44it/s]
 24%|██▍       | 19/79 [00:00<00:01, 34.42it/s]
 29%|██▉       | 23/79 [00:00<00:01, 35.29it/s]
 34%|███▍      | 27/79 [00:00<00:01, 36.22it/s]
 39%|███▉      | 31/79 [00:00<00:01, 36.58it/s]
 44%|████▍     | 35/79 [00:01<00:01, 36.89it/s]
 49%|████▉     | 39/79 [00:01<00:01, 37.03it/s]
 54%|█████▍    | 43/79 [00:01<00:00, 37.44it/s]
 59%|█████▉    | 47/79 [00:01<00:00, 38.12it/s]
 65%|██████▍   | 51/79 [00:01<00:00, 38.65it/s]
 70%|██████▉   | 55/79 [00:01<00:00, 38.98it/s]
 75%|███████▍  | 59/79 [00:01<00:00, 39.21it/s]
 80%|███████▉  | 63/79 [00:01<00:00, 38.72it/s]
 85%|████████▍ | 67/79 [00:01<00:00, 39.08it/s]
 92%|█████████▏| 73/79 [00:01<00:00, 39.48it/s]
 97%|█████████▋| 77/79 [00:02<00:00, 39.44it/s]
100%|██████████| 79/79 [00:02<00:00, 37.50it/s]

CommRound: 25/30
Accuracy: 78.71% | Loss: 1.0525
[##################################################----------] 83.3%
Elapsed: 3.3m | Avg/Round: 8.0s | Last: 7.1s | Next: 8.0s | Remaining: 0.7m
ETA: 10:39:34
Recent round times: R1: 7.2s -> R2: 6.8s -> R3: 7.0s -> R4: 7.1s -> R5: 7.1s

  0%|          | 0/79 [00:00<?, ?it/s]
  3%|▎         | 2/79 [00:00<00:03, 19.92it/s]
  6%|▋         | 5/79 [00:00<00:03, 24.65it/s]
 11%|█▏        | 9/79 [00:00<00:02, 29.16it/s]
 16%|█▋        | 13/79 [00:00<00:02, 31.56it/s]
 22%|██▏       | 17/79 [00:00<00:01, 33.60it/s]
 27%|██▋       | 21/79 [00:00<00:01, 34.55it/s]
 32%|███▏      | 25/79 [00:00<00:01, 34.88it/s]
 37%|███▋      | 29/79 [00:00<00:01, 35.21it/s]
 42%|████▏     | 33/79 [00:00<00:01, 35.41it/s]
 47%|████▋     | 37/79 [00:01<00:01, 35.54it/s]
 52%|█████▏    | 41/79 [00:01<00:01, 36.01it/s]
 57%|█████▋    | 45/79 [00:01<00:00, 36.48it/s]
 62%|██████▏   | 49/79 [00:01<00:00, 37.18it/s]
 67%|██████▋   | 53/79 [00:01<00:00, 37.89it/s]
 72%|███████▏  | 57/79 [00:01<00:00, 38.25it/s]
 77%|███████▋  | 61/79 [00:01<00:00, 38.63it/s]
 82%|████████▏ | 65/79 [00:01<00:00, 38.71it/s]
 87%|████████▋ | 69/79 [00:01<00:00, 38.91it/s]
 92%|█████████▏| 73/79 [00:02<00:00, 39.14it/s]
 97%|█████████▋| 77/79 [00:02<00:00, 39.05it/s]
100%|██████████| 79/79 [00:02<00:00, 36.26it/s]

CommRound: 26/30
Accuracy: 78.77% | Loss: 1.0520
[####################################################--------] 86.7%
Elapsed: 3.5m | Avg/Round: 8.0s | Last: 7.1s | Next: 8.0s | Remaining: 0.5m
ETA: 10:39:33
Recent round times: R1: 6.8s -> R2: 7.0s -> R3: 7.1s -> R4: 7.1s -> R5: 7.1s

  0%|          | 0/79 [00:00<?, ?it/s]
  4%|▍         | 3/79 [00:00<00:03, 22.04it/s]
  9%|▉         | 7/79 [00:00<00:02, 30.87it/s]
 14%|█▍        | 11/79 [00:00<00:01, 34.41it/s]
 19%|█▉        | 15/79 [00:00<00:01, 36.16it/s]
 24%|██▍       | 19/79 [00:00<00:01, 33.65it/s]
 29%|██▉       | 23/79 [00:00<00:01, 33.65it/s]
 34%|███▍      | 27/79 [00:00<00:01, 35.35it/s]
 39%|███▉      | 31/79 [00:00<00:01, 35.97it/s]
 44%|████▍     | 35/79 [00:01<00:01, 36.31it/s]
 49%|████▉     | 39/79 [00:01<00:01, 36.54it/s]
 54%|█████▍    | 43/79 [00:01<00:00, 36.74it/s]
 62%|██████▏   | 49/79 [00:01<00:00, 38.03it/s]
 67%|██████▋   | 53/79 [00:01<00:00, 38.54it/s]
 72%|███████▏  | 57/79 [00:01<00:00, 38.54it/s]
 77%|███████▋  | 61/79 [00:01<00:00, 38.79it/s]
 82%|████████▏ | 65/79 [00:01<00:00, 38.91it/s]
 87%|████████▋ | 69/79 [00:01<00:00, 38.52it/s]
 92%|█████████▏| 73/79 [00:01<00:00, 38.54it/s]
 97%|█████████▋| 77/79 [00:02<00:00, 38.86it/s]
100%|██████████| 79/79 [00:02<00:00, 37.29it/s]

CommRound: 27/30
Accuracy: 78.78% | Loss: 1.0518
[######################################################------] 90.0%
Elapsed: 3.6m | Avg/Round: 8.0s | Last: 7.2s | Next: 8.0s | Remaining: 0.4m
ETA: 10:39:32
Recent round times: R1: 7.0s -> R2: 7.1s -> R3: 7.1s -> R4: 7.1s -> R5: 7.2s

  0%|          | 0/79 [00:00<?, ?it/s]
  4%|▍         | 3/79 [00:00<00:03, 22.37it/s]
  9%|▉         | 7/79 [00:00<00:02, 30.93it/s]
 14%|█▍        | 11/79 [00:00<00:01, 34.18it/s]
 19%|█▉        | 15/79 [00:00<00:01, 35.79it/s]
 24%|██▍       | 19/79 [00:00<00:01, 36.41it/s]
 29%|██▉       | 23/79 [00:00<00:01, 37.12it/s]
 34%|███▍      | 27/79 [00:00<00:01, 37.82it/s]
 39%|███▉      | 31/79 [00:00<00:01, 37.86it/s]
 44%|████▍     | 35/79 [00:00<00:01, 37.27it/s]
 49%|████▉     | 39/79 [00:01<00:01, 37.67it/s]
 54%|█████▍    | 43/79 [00:01<00:00, 37.85it/s]
 59%|█████▉    | 47/79 [00:01<00:00, 38.22it/s]
 65%|██████▍   | 51/79 [00:01<00:00, 38.30it/s]
 70%|██████▉   | 55/79 [00:01<00:00, 38.02it/s]
 75%|███████▍  | 59/79 [00:01<00:00, 37.98it/s]
 80%|███████▉  | 63/79 [00:01<00:00, 38.15it/s]
 85%|████████▍ | 67/79 [00:01<00:00, 38.27it/s]
 90%|████████▉ | 71/79 [00:01<00:00, 38.46it/s]
 95%|█████████▍| 75/79 [00:02<00:00, 38.52it/s]
100%|██████████| 79/79 [00:02<00:00, 37.76it/s]

CommRound: 28/30
Accuracy: 78.79% | Loss: 1.0518
[########################################################----] 93.3%
Elapsed: 3.7m | Avg/Round: 7.9s | Last: 7.2s | Next: 7.9s | Remaining: 0.3m
ETA: 10:39:31
Recent round times: R1: 7.1s -> R2: 7.1s -> R3: 7.1s -> R4: 7.2s -> R5: 7.2s

  0%|          | 0/79 [00:00<?, ?it/s]
  4%|▍         | 3/79 [00:00<00:03, 24.23it/s]
 10%|█         | 8/79 [00:00<00:01, 38.04it/s]
 16%|█▋        | 13/79 [00:00<00:01, 36.92it/s]
 22%|██▏       | 17/79 [00:00<00:01, 36.89it/s]
 27%|██▋       | 21/79 [00:00<00:01, 37.05it/s]
 32%|███▏      | 25/79 [00:00<00:01, 37.07it/s]
 37%|███▋      | 29/79 [00:00<00:01, 36.83it/s]
 42%|████▏     | 33/79 [00:00<00:01, 36.69it/s]
 47%|████▋     | 37/79 [00:01<00:01, 36.11it/s]
 52%|█████▏    | 41/79 [00:01<00:01, 35.44it/s]
 57%|█████▋    | 45/79 [00:01<00:00, 35.31it/s]
 62%|██████▏   | 49/79 [00:01<00:00, 35.18it/s]
 67%|██████▋   | 53/79 [00:01<00:00, 35.26it/s]
 72%|███████▏  | 57/79 [00:01<00:00, 35.47it/s]
 77%|███████▋  | 61/79 [00:01<00:00, 35.28it/s]
 82%|████████▏ | 65/79 [00:01<00:00, 34.40it/s]
 87%|████████▋ | 69/79 [00:01<00:00, 33.59it/s]
 92%|█████████▏| 73/79 [00:02<00:00, 33.28it/s]
 97%|█████████▋| 77/79 [00:02<00:00, 33.80it/s]
100%|██████████| 79/79 [00:02<00:00, 35.68it/s]

CommRound: 29/30
Accuracy: 78.83% | Loss: 1.0519
[##########################################################--] 96.7%
Elapsed: 3.8m | Avg/Round: 7.9s | Last: 7.2s | Next: 7.9s | Remaining: 0.1m
ETA: 10:39:31
Recent round times: R1: 7.1s -> R2: 7.1s -> R3: 7.2s -> R4: 7.2s -> R5: 7.2s

  0%|          | 0/79 [00:00<?, ?it/s]
  1%|▏         | 1/79 [00:00<00:07,  9.83it/s]
  6%|▋         | 5/79 [00:00<00:02, 25.81it/s]
 11%|█▏        | 9/79 [00:00<00:02, 30.03it/s]
 16%|█▋        | 13/79 [00:00<00:02, 32.26it/s]
 22%|██▏       | 17/79 [00:00<00:01, 33.90it/s]
 27%|██▋       | 21/79 [00:00<00:01, 34.84it/s]
 32%|███▏      | 25/79 [00:00<00:01, 35.65it/s]
 37%|███▋      | 29/79 [00:00<00:01, 36.11it/s]
 42%|████▏     | 33/79 [00:00<00:01, 36.30it/s]
 47%|████▋     | 37/79 [00:01<00:01, 36.46it/s]
 52%|█████▏    | 41/79 [00:01<00:01, 36.57it/s]
 57%|█████▋    | 45/79 [00:01<00:00, 36.65it/s]
 62%|██████▏   | 49/79 [00:01<00:00, 36.65it/s]
 67%|██████▋   | 53/79 [00:01<00:00, 36.74it/s]
 72%|███████▏  | 57/79 [00:01<00:00, 36.81it/s]
 77%|███████▋  | 61/79 [00:01<00:00, 36.75it/s]
 82%|████████▏ | 65/79 [00:01<00:00, 36.79it/s]
 87%|████████▋ | 69/79 [00:01<00:00, 36.87it/s]
 92%|█████████▏| 73/79 [00:02<00:00, 36.71it/s]
 97%|█████████▋| 77/79 [00:02<00:00, 37.04it/s]
100%|██████████| 79/79 [00:02<00:00, 35.74it/s]

CommRound: 30/30
Accuracy: 78.86% | Loss: 1.0521
[############################################################] 100.0%
Elapsed: 3.9m | Avg/Round: 7.9s | Last: 7.3s | Next: 7.9s | Remaining: 0.0m
ETA: 10:39:30
Recent round times: R1: 7.1s -> R2: 7.2s -> R3: 7.2s -> R4: 7.2s -> R5: 7.3s
Total time for experiment: 236.5796775817871 seconds
Device average training time per communication round [s]:
    rpi (sld-rpi-09.ece.utexas.edu): 2.07 seconds
    mc1 (sld-mc1-09.ece.utexas.edu): 1.44 seconds
