Connecting to sld-rpi-09.ece.utexas.edu...
Successfully fetched dev0_pow_temp_log_exp187_run1.csv.
Connecting to sld-rpi-09.ece.utexas.edu...
Successfully fetched dev0_communication_log_exp187_run1.csv.
Connecting to sld-mc1-09.ece.utexas.edu...
Successfully fetched dev1_pow_temp_log_exp187_run1.csv.
Connecting to sld-mc1-09.ece.utexas.edu...
Successfully fetched dev1_communication_log_exp187_run1.csv.

Exp187
Experiment 187: 
	Global test accuracy [%]: 89.48 %
	No round found where all subsequent rounds have accuracy >= 90.00%.
	Average time per communication round [s]: 52.21 seconds
	Total wall clock time [s]: 1,436.74 seconds


Experiment 187:
	RPi avg. energy consumption per round [J]: 36.08 Joules
	MC1 avg. energy consumption per round [J]: 334.53 Joules
	Total avg. energy consumption per communication round [J]: 370.60 Joules
	Avg. amount of communicated data per communication round [MB]: 0.09 MB
	RPi avg. power consumption per round [W]: 5.36 Watts
	MC1 avg. power consumption per round [W]: 7.46 Watts
