Connecting to sld-rpi-09.ece.utexas.edu...
Successfully fetched dev0_pow_temp_log_exp198_run1.csv.
Connecting to sld-rpi-09.ece.utexas.edu...
Successfully fetched dev0_communication_log_exp198_run1.csv.
Connecting to sld-mc1-09.ece.utexas.edu...
Successfully fetched dev1_pow_temp_log_exp198_run1.csv.
Connecting to sld-mc1-09.ece.utexas.edu...
Successfully fetched dev1_communication_log_exp198_run1.csv.

Exp198
Experiment 198: 
	Global test accuracy [%]: 90.53 %
	Convergence time [#round]: 7 communication rounds
	Total wall clock time to reach 90.00% [s]: 72.65 seconds
	Average time per communication round [s]: 10.74 seconds
	Total wall clock time [s]: 310.08 seconds


Experiment 198:
	RPi avg. energy consumption per round [J]: 38.97 Joules
	MC1 avg. energy consumption per round [J]: 22.75 Joules
	Total avg. energy consumption per communication round [J]: 61.73 Joules
	Avg. amount of communicated data per communication round [MB]: 0.09 MB
	RPi avg. power consumption per round [W]: 5.44 Watts
	MC1 avg. power consumption per round [W]: 5.74 Watts
