
  0%|          | 0/79 [00:00<?, ?it/s]
  4%|▍         | 3/79 [00:00<00:03, 21.81it/s]
  9%|▉         | 7/79 [00:00<00:02, 30.66it/s]
 14%|█▍        | 11/79 [00:00<00:01, 34.18it/s]
 19%|█▉        | 15/79 [00:00<00:01, 36.26it/s]
 24%|██▍       | 19/79 [00:00<00:01, 37.50it/s]
 30%|███       | 24/79 [00:00<00:01, 41.13it/s]
 37%|███▋      | 29/79 [00:00<00:01, 38.49it/s]
 43%|████▎     | 34/79 [00:00<00:01, 41.34it/s]
 49%|████▉     | 39/79 [00:01<00:01, 38.85it/s]
 57%|█████▋    | 45/79 [00:01<00:00, 39.86it/s]
 65%|██████▍   | 51/79 [00:01<00:00, 40.51it/s]
 72%|███████▏  | 57/79 [00:01<00:00, 40.91it/s]
 80%|███████▉  | 63/79 [00:01<00:00, 41.08it/s]
 86%|████████▌ | 68/79 [00:01<00:00, 43.14it/s]
 92%|█████████▏| 73/79 [00:01<00:00, 40.64it/s]
 99%|█████████▊| 78/79 [00:01<00:00, 42.84it/s]
100%|██████████| 79/79 [00:01<00:00, 39.94it/s]
Initial Accuracy: 9.83%; Initial Loss: 2.3113

  0%|          | 0/79 [00:00<?, ?it/s]
  4%|▍         | 3/79 [00:00<00:03, 22.95it/s]
 10%|█         | 8/79 [00:00<00:02, 35.17it/s]
 15%|█▌        | 12/79 [00:00<00:01, 36.81it/s]
 20%|██        | 16/79 [00:00<00:01, 37.75it/s]
 25%|██▌       | 20/79 [00:00<00:01, 38.46it/s]
 32%|███▏      | 25/79 [00:00<00:01, 40.19it/s]
 38%|███▊      | 30/79 [00:00<00:01, 38.87it/s]
 43%|████▎     | 34/79 [00:00<00:01, 39.12it/s]
 49%|████▉     | 39/79 [00:01<00:00, 41.24it/s]
 56%|█████▌    | 44/79 [00:01<00:00, 39.46it/s]
 62%|██████▏   | 49/79 [00:01<00:00, 42.07it/s]
 68%|██████▊   | 54/79 [00:01<00:00, 39.67it/s]
 75%|███████▍  | 59/79 [00:01<00:00, 40.14it/s]
 81%|████████  | 64/79 [00:01<00:00, 39.87it/s]
 87%|████████▋ | 69/79 [00:01<00:00, 41.93it/s]
 94%|█████████▎| 74/79 [00:01<00:00, 39.58it/s]
100%|██████████| 79/79 [00:01<00:00, 42.09it/s]
100%|██████████| 79/79 [00:01<00:00, 39.52it/s]

CommRound: 1/30
Accuracy: 18.11% | Loss: 2.6622
[##----------------------------------------------------------] 3.3%
Elapsed: 0.2m | Avg/Round: 12.3s | Last: 10.3s | Next: 12.3s | Remaining: 5.9m
ETA: 20:15:13
Recent round times: R1: 10.3s

  0%|          | 0/79 [00:00<?, ?it/s]
  4%|▍         | 3/79 [00:00<00:03, 23.13it/s]
 10%|█         | 8/79 [00:00<00:02, 34.30it/s]
 15%|█▌        | 12/79 [00:00<00:01, 36.40it/s]
 22%|██▏       | 17/79 [00:00<00:01, 38.74it/s]
 28%|██▊       | 22/79 [00:00<00:01, 38.99it/s]
 34%|███▍      | 27/79 [00:00<00:01, 41.03it/s]
 41%|████      | 32/79 [00:00<00:01, 40.27it/s]
 47%|████▋     | 37/79 [00:00<00:01, 41.78it/s]
 53%|█████▎    | 42/79 [00:01<00:00, 40.62it/s]
 59%|█████▉    | 47/79 [00:01<00:00, 42.44it/s]
 66%|██████▌   | 52/79 [00:01<00:00, 40.56it/s]
 72%|███████▏  | 57/79 [00:01<00:00, 41.15it/s]
 78%|███████▊  | 62/79 [00:01<00:00, 39.37it/s]
 84%|████████▎ | 66/79 [00:01<00:00, 39.43it/s]
 90%|████████▉ | 71/79 [00:01<00:00, 38.00it/s]
 95%|█████████▍| 75/79 [00:01<00:00, 37.83it/s]
100%|██████████| 79/79 [00:01<00:00, 39.58it/s]

CommRound: 2/30
Accuracy: 17.17% | Loss: 2.7275
[####--------------------------------------------------------] 6.7%
Elapsed: 0.4m | Avg/Round: 11.2s | Last: 10.2s | Next: 11.2s | Remaining: 5.2m
ETA: 20:14:42
Recent round times: R1: 10.3s -> R2: 10.2s

  0%|          | 0/79 [00:00<?, ?it/s]
  4%|▍         | 3/79 [00:00<00:03, 22.22it/s]
  9%|▉         | 7/79 [00:00<00:02, 30.89it/s]
 15%|█▌        | 12/79 [00:00<00:01, 38.43it/s]
 22%|██▏       | 17/79 [00:00<00:01, 36.37it/s]
 28%|██▊       | 22/79 [00:00<00:01, 40.55it/s]
 34%|███▍      | 27/79 [00:00<00:01, 38.14it/s]
 39%|███▉      | 31/79 [00:00<00:01, 38.36it/s]
 44%|████▍     | 35/79 [00:00<00:01, 38.24it/s]
 49%|████▉     | 39/79 [00:01<00:01, 38.29it/s]
 54%|█████▍    | 43/79 [00:01<00:00, 38.17it/s]
 62%|██████▏   | 49/79 [00:01<00:00, 39.29it/s]
 70%|██████▉   | 55/79 [00:01<00:00, 39.67it/s]
 75%|███████▍  | 59/79 [00:01<00:00, 39.72it/s]
 81%|████████  | 64/79 [00:01<00:00, 42.39it/s]
 87%|████████▋ | 69/79 [00:01<00:00, 39.38it/s]
 94%|█████████▎| 74/79 [00:01<00:00, 41.79it/s]
100%|██████████| 79/79 [00:02<00:00, 39.35it/s]

CommRound: 3/30
Accuracy: 19.49% | Loss: 2.4488
[######------------------------------------------------------] 10.0%
Elapsed: 0.5m | Avg/Round: 10.9s | Last: 10.1s | Next: 10.9s | Remaining: 4.9m
ETA: 20:14:32
Recent round times: R1: 10.3s -> R2: 10.2s -> R3: 10.1s

  0%|          | 0/79 [00:00<?, ?it/s]
  4%|▍         | 3/79 [00:00<00:03, 22.41it/s]
  9%|▉         | 7/79 [00:00<00:02, 30.89it/s]
 14%|█▍        | 11/79 [00:00<00:02, 33.77it/s]
 19%|█▉        | 15/79 [00:00<00:01, 35.25it/s]
 24%|██▍       | 19/79 [00:00<00:01, 36.36it/s]
 29%|██▉       | 23/79 [00:00<00:01, 37.07it/s]
 34%|███▍      | 27/79 [00:00<00:01, 37.71it/s]
 39%|███▉      | 31/79 [00:00<00:01, 38.36it/s]
 46%|████▌     | 36/79 [00:00<00:01, 41.76it/s]
 52%|█████▏    | 41/79 [00:01<00:01, 37.96it/s]
 59%|█████▉    | 47/79 [00:01<00:00, 39.26it/s]
 66%|██████▌   | 52/79 [00:01<00:00, 41.75it/s]
 72%|███████▏  | 57/79 [00:01<00:00, 38.85it/s]
 77%|███████▋  | 61/79 [00:01<00:00, 39.07it/s]
 82%|████████▏ | 65/79 [00:01<00:00, 39.08it/s]
 87%|████████▋ | 69/79 [00:01<00:00, 37.99it/s]
 92%|█████████▏| 73/79 [00:01<00:00, 37.34it/s]
 99%|█████████▊| 78/79 [00:02<00:00, 40.50it/s]
100%|██████████| 79/79 [00:02<00:00, 38.39it/s]

CommRound: 4/30
Accuracy: 32.01% | Loss: 1.9670
[########----------------------------------------------------] 13.3%
Elapsed: 0.7m | Avg/Round: 10.7s | Last: 10.4s | Next: 10.7s | Remaining: 4.7m
ETA: 20:14:28
Recent round times: R1: 10.3s -> R2: 10.2s -> R3: 10.1s -> R4: 10.4s

  0%|          | 0/79 [00:00<?, ?it/s]
  1%|▏         | 1/79 [00:00<00:07,  9.80it/s]
  9%|▉         | 7/79 [00:00<00:02, 32.28it/s]
 14%|█▍        | 11/79 [00:00<00:01, 35.36it/s]
 19%|█▉        | 15/79 [00:00<00:01, 36.93it/s]
 25%|██▌       | 20/79 [00:00<00:01, 40.99it/s]
 32%|███▏      | 25/79 [00:00<00:01, 38.39it/s]
 38%|███▊      | 30/79 [00:00<00:01, 41.55it/s]
 44%|████▍     | 35/79 [00:00<00:01, 38.90it/s]
 51%|█████     | 40/79 [00:01<00:00, 41.56it/s]
 57%|█████▋    | 45/79 [00:01<00:00, 39.14it/s]
 63%|██████▎   | 50/79 [00:01<00:00, 41.28it/s]
 70%|██████▉   | 55/79 [00:01<00:00, 39.09it/s]
 76%|███████▌  | 60/79 [00:01<00:00, 41.62it/s]
 82%|████████▏ | 65/79 [00:01<00:00, 39.41it/s]
 89%|████████▊ | 70/79 [00:01<00:00, 42.06it/s]
 95%|█████████▍| 75/79 [00:01<00:00, 39.71it/s]
100%|██████████| 79/79 [00:01<00:00, 39.74it/s]

CommRound: 5/30
Accuracy: 36.33% | Loss: 1.8655
[##########--------------------------------------------------] 16.7%
Elapsed: 0.9m | Avg/Round: 10.7s | Last: 10.5s | Next: 10.7s | Remaining: 4.5m
ETA: 20:14:27
Recent round times: R1: 10.3s -> R2: 10.2s -> R3: 10.1s -> R4: 10.4s -> R5: 10.5s

  0%|          | 0/79 [00:00<?, ?it/s]
  1%|▏         | 1/79 [00:00<00:07,  9.75it/s]
  6%|▋         | 5/79 [00:00<00:02, 25.79it/s]
 11%|█▏        | 9/79 [00:00<00:02, 30.13it/s]
 16%|█▋        | 13/79 [00:00<00:02, 32.05it/s]
 22%|██▏       | 17/79 [00:00<00:01, 32.21it/s]
 27%|██▋       | 21/79 [00:00<00:01, 33.99it/s]
 32%|███▏      | 25/79 [00:00<00:01, 34.51it/s]
 37%|███▋      | 29/79 [00:00<00:01, 34.64it/s]
 42%|████▏     | 33/79 [00:01<00:01, 34.71it/s]
 47%|████▋     | 37/79 [00:01<00:01, 35.02it/s]
 52%|█████▏    | 41/79 [00:01<00:01, 35.17it/s]
 57%|█████▋    | 45/79 [00:01<00:00, 34.58it/s]
 62%|██████▏   | 49/79 [00:01<00:00, 34.84it/s]
 67%|██████▋   | 53/79 [00:01<00:00, 34.98it/s]
 72%|███████▏  | 57/79 [00:01<00:00, 34.84it/s]
 77%|███████▋  | 61/79 [00:01<00:00, 34.97it/s]
 82%|████████▏ | 65/79 [00:01<00:00, 35.04it/s]
 87%|████████▋ | 69/79 [00:02<00:00, 35.24it/s]
 92%|█████████▏| 73/79 [00:02<00:00, 35.25it/s]
 97%|█████████▋| 77/79 [00:02<00:00, 35.38it/s]
100%|██████████| 79/79 [00:02<00:00, 34.56it/s]

CommRound: 6/30
Accuracy: 37.03% | Loss: 1.9050
[############------------------------------------------------] 20.0%
Elapsed: 1.1m | Avg/Round: 10.7s | Last: 10.5s | Next: 10.7s | Remaining: 4.3m
ETA: 20:14:26
Recent round times: R1: 10.2s -> R2: 10.1s -> R3: 10.4s -> R4: 10.5s -> R5: 10.5s

  0%|          | 0/79 [00:00<?, ?it/s]
  1%|▏         | 1/79 [00:00<00:08,  9.69it/s]
  9%|▉         | 7/79 [00:00<00:02, 32.36it/s]
 14%|█▍        | 11/79 [00:00<00:01, 35.09it/s]
 19%|█▉        | 15/79 [00:00<00:01, 36.39it/s]
 25%|██▌       | 20/79 [00:00<00:01, 40.75it/s]
 32%|███▏      | 25/79 [00:00<00:01, 37.99it/s]
 38%|███▊      | 30/79 [00:00<00:01, 41.27it/s]
 44%|████▍     | 35/79 [00:00<00:01, 38.46it/s]
 49%|████▉     | 39/79 [00:01<00:01, 38.49it/s]
 54%|█████▍    | 43/79 [00:01<00:00, 38.90it/s]
 61%|██████    | 48/79 [00:01<00:00, 41.94it/s]
 67%|██████▋   | 53/79 [00:01<00:00, 38.80it/s]
 72%|███████▏  | 57/79 [00:01<00:00, 37.36it/s]
 77%|███████▋  | 61/79 [00:01<00:00, 37.69it/s]
 82%|████████▏ | 65/79 [00:01<00:00, 38.17it/s]
 87%|████████▋ | 69/79 [00:01<00:00, 38.20it/s]
 92%|█████████▏| 73/79 [00:01<00:00, 38.32it/s]
 99%|█████████▊| 78/79 [00:02<00:00, 41.61it/s]
100%|██████████| 79/79 [00:02<00:00, 38.67it/s]

CommRound: 7/30
Accuracy: 46.66% | Loss: 1.6671
[##############----------------------------------------------] 23.3%
Elapsed: 1.2m | Avg/Round: 10.6s | Last: 10.3s | Next: 10.6s | Remaining: 4.1m
ETA: 20:14:24
Recent round times: R1: 10.1s -> R2: 10.4s -> R3: 10.5s -> R4: 10.5s -> R5: 10.3s

  0%|          | 0/79 [00:00<?, ?it/s]
  4%|▍         | 3/79 [00:00<00:03, 22.23it/s]
  9%|▉         | 7/79 [00:00<00:02, 30.99it/s]
 14%|█▍        | 11/79 [00:00<00:01, 34.27it/s]
 19%|█▉        | 15/79 [00:00<00:01, 36.29it/s]
 24%|██▍       | 19/79 [00:00<00:01, 37.36it/s]
 29%|██▉       | 23/79 [00:00<00:01, 37.61it/s]
 37%|███▋      | 29/79 [00:00<00:01, 39.18it/s]
 42%|████▏     | 33/79 [00:00<00:01, 39.20it/s]
 47%|████▋     | 37/79 [00:00<00:01, 39.14it/s]
 52%|█████▏    | 41/79 [00:01<00:00, 39.29it/s]
 57%|█████▋    | 45/79 [00:01<00:00, 38.95it/s]
 62%|██████▏   | 49/79 [00:01<00:00, 39.11it/s]
 67%|██████▋   | 53/79 [00:01<00:00, 39.06it/s]
 72%|███████▏  | 57/79 [00:01<00:00, 39.24it/s]
 77%|███████▋  | 61/79 [00:01<00:00, 39.10it/s]
 82%|████████▏ | 65/79 [00:01<00:00, 38.50it/s]
 87%|████████▋ | 69/79 [00:01<00:00, 37.07it/s]
 92%|█████████▏| 73/79 [00:01<00:00, 37.10it/s]
 99%|█████████▊| 78/79 [00:02<00:00, 40.61it/s]
100%|██████████| 79/79 [00:02<00:00, 38.33it/s]

CommRound: 8/30
Accuracy: 51.19% | Loss: 1.5336
[################--------------------------------------------] 26.7%
Elapsed: 1.4m | Avg/Round: 10.6s | Last: 10.3s | Next: 10.6s | Remaining: 3.9m
ETA: 20:14:23
Recent round times: R1: 10.4s -> R2: 10.5s -> R3: 10.5s -> R4: 10.3s -> R5: 10.3s

  0%|          | 0/79 [00:00<?, ?it/s]
  3%|▎         | 2/79 [00:00<00:04, 18.73it/s]
  9%|▉         | 7/79 [00:00<00:02, 29.68it/s]
 14%|█▍        | 11/79 [00:00<00:02, 33.30it/s]
 19%|█▉        | 15/79 [00:00<00:01, 35.30it/s]
 24%|██▍       | 19/79 [00:00<00:01, 36.67it/s]
 29%|██▉       | 23/79 [00:00<00:01, 37.60it/s]
 34%|███▍      | 27/79 [00:00<00:01, 37.18it/s]
 39%|███▉      | 31/79 [00:00<00:01, 36.66it/s]
 44%|████▍     | 35/79 [00:00<00:01, 36.48it/s]
 49%|████▉     | 39/79 [00:01<00:01, 36.68it/s]
 54%|█████▍    | 43/79 [00:01<00:00, 36.81it/s]
 59%|█████▉    | 47/79 [00:01<00:00, 36.78it/s]
 65%|██████▍   | 51/79 [00:01<00:00, 36.95it/s]
 70%|██████▉   | 55/79 [00:01<00:00, 36.72it/s]
 75%|███████▍  | 59/79 [00:01<00:00, 36.27it/s]
 80%|███████▉  | 63/79 [00:01<00:00, 36.19it/s]
 85%|████████▍ | 67/79 [00:01<00:00, 36.05it/s]
 90%|████████▉ | 71/79 [00:01<00:00, 35.84it/s]
 95%|█████████▍| 75/79 [00:02<00:00, 34.81it/s]
100%|██████████| 79/79 [00:02<00:00, 36.17it/s]

CommRound: 9/30
Accuracy: 56.29% | Loss: 1.3886
[##################------------------------------------------] 30.0%
Elapsed: 1.6m | Avg/Round: 10.7s | Last: 11.7s | Next: 10.7s | Remaining: 3.7m
ETA: 20:14:26
Recent round times: R1: 10.5s -> R2: 10.5s -> R3: 10.3s -> R4: 10.3s -> R5: 11.7s

  0%|          | 0/79 [00:00<?, ?it/s]
  4%|▍         | 3/79 [00:00<00:03, 21.95it/s]
  9%|▉         | 7/79 [00:00<00:02, 30.95it/s]
 14%|█▍        | 11/79 [00:00<00:01, 34.14it/s]
 20%|██        | 16/79 [00:00<00:01, 39.88it/s]
 27%|██▋       | 21/79 [00:00<00:01, 37.72it/s]
 33%|███▎      | 26/79 [00:00<00:01, 40.78it/s]
 39%|███▉      | 31/79 [00:00<00:01, 39.43it/s]
 46%|████▌     | 36/79 [00:00<00:01, 40.48it/s]
 52%|█████▏    | 41/79 [00:01<00:00, 39.75it/s]
 58%|█████▊    | 46/79 [00:01<00:00, 40.24it/s]
 65%|██████▍   | 51/79 [00:01<00:00, 40.42it/s]
 71%|███████   | 56/79 [00:01<00:00, 39.75it/s]
 76%|███████▌  | 60/79 [00:01<00:00, 39.60it/s]
 81%|████████  | 64/79 [00:01<00:00, 39.54it/s]
 86%|████████▌ | 68/79 [00:01<00:00, 39.45it/s]
 91%|█████████ | 72/79 [00:01<00:00, 39.44it/s]
 96%|█████████▌| 76/79 [00:01<00:00, 39.51it/s]
100%|██████████| 79/79 [00:02<00:00, 39.14it/s]

CommRound: 10/30
Accuracy: 60.09% | Loss: 1.2439
[####################----------------------------------------] 33.3%
Elapsed: 1.8m | Avg/Round: 10.7s | Last: 10.4s | Next: 10.7s | Remaining: 3.6m
ETA: 20:14:25
Recent round times: R1: 10.5s -> R2: 10.3s -> R3: 10.3s -> R4: 11.7s -> R5: 10.4s

  0%|          | 0/79 [00:00<?, ?it/s]
  3%|▎         | 2/79 [00:00<00:03, 19.61it/s]
  6%|▋         | 5/79 [00:00<00:02, 25.31it/s]
 11%|█▏        | 9/79 [00:00<00:02, 29.80it/s]
 16%|█▋        | 13/79 [00:00<00:02, 31.95it/s]
 22%|██▏       | 17/79 [00:00<00:01, 33.25it/s]
 27%|██▋       | 21/79 [00:00<00:01, 33.89it/s]
 32%|███▏      | 25/79 [00:00<00:01, 34.29it/s]
 37%|███▋      | 29/79 [00:00<00:01, 34.74it/s]
 42%|████▏     | 33/79 [00:01<00:01, 34.90it/s]
 47%|████▋     | 37/79 [00:01<00:01, 35.17it/s]
 52%|█████▏    | 41/79 [00:01<00:01, 35.22it/s]
 57%|█████▋    | 45/79 [00:01<00:00, 35.57it/s]
 62%|██████▏   | 49/79 [00:01<00:00, 35.70it/s]
 67%|██████▋   | 53/79 [00:01<00:00, 35.84it/s]
 72%|███████▏  | 57/79 [00:01<00:00, 35.87it/s]
 77%|███████▋  | 61/79 [00:01<00:00, 35.83it/s]
 82%|████████▏ | 65/79 [00:01<00:00, 35.96it/s]
 87%|████████▋ | 69/79 [00:02<00:00, 35.94it/s]
 92%|█████████▏| 73/79 [00:02<00:00, 35.74it/s]
 97%|█████████▋| 77/79 [00:02<00:00, 35.82it/s]
100%|██████████| 79/79 [00:02<00:00, 35.14it/s]

CommRound: 11/30
Accuracy: 57.31% | Loss: 1.3198
[######################--------------------------------------] 36.7%
Elapsed: 2.0m | Avg/Round: 10.7s | Last: 10.7s | Next: 10.7s | Remaining: 3.4m
ETA: 20:14:26
Recent round times: R1: 10.3s -> R2: 10.3s -> R3: 11.7s -> R4: 10.4s -> R5: 10.7s

  0%|          | 0/79 [00:00<?, ?it/s]
  4%|▍         | 3/79 [00:00<00:03, 22.81it/s]
 10%|█         | 8/79 [00:00<00:02, 33.96it/s]
 15%|█▌        | 12/79 [00:00<00:01, 35.76it/s]
 20%|██        | 16/79 [00:00<00:01, 36.75it/s]
 25%|██▌       | 20/79 [00:00<00:01, 37.40it/s]
 30%|███       | 24/79 [00:00<00:01, 37.95it/s]
 37%|███▋      | 29/79 [00:00<00:01, 39.66it/s]
 42%|████▏     | 33/79 [00:00<00:01, 38.90it/s]
 48%|████▊     | 38/79 [00:01<00:01, 39.76it/s]
 54%|█████▍    | 43/79 [00:01<00:00, 39.90it/s]
 61%|██████    | 48/79 [00:01<00:00, 40.21it/s]
 67%|██████▋   | 53/79 [00:01<00:00, 40.56it/s]
 73%|███████▎  | 58/79 [00:01<00:00, 40.46it/s]
 80%|███████▉  | 63/79 [00:01<00:00, 39.97it/s]
 85%|████████▍ | 67/79 [00:01<00:00, 39.94it/s]
 90%|████████▉ | 71/79 [00:01<00:00, 39.67it/s]
 95%|█████████▍| 75/79 [00:01<00:00, 39.63it/s]
100%|██████████| 79/79 [00:02<00:00, 39.35it/s]

CommRound: 12/30
Accuracy: 60.38% | Loss: 1.2063
[########################------------------------------------] 40.0%
Elapsed: 2.1m | Avg/Round: 10.6s | Last: 10.3s | Next: 10.6s | Remaining: 3.2m
ETA: 20:14:25
Recent round times: R1: 10.3s -> R2: 11.7s -> R3: 10.4s -> R4: 10.7s -> R5: 10.3s

  0%|          | 0/79 [00:00<?, ?it/s]
  1%|▏         | 1/79 [00:00<00:07,  9.86it/s]
  9%|▉         | 7/79 [00:00<00:02, 32.09it/s]
 14%|█▍        | 11/79 [00:00<00:01, 35.24it/s]
 19%|█▉        | 15/79 [00:00<00:01, 36.77it/s]
 24%|██▍       | 19/79 [00:00<00:01, 37.68it/s]
 29%|██▉       | 23/79 [00:00<00:01, 38.38it/s]
 34%|███▍      | 27/79 [00:00<00:01, 38.79it/s]
 39%|███▉      | 31/79 [00:00<00:01, 38.81it/s]
 44%|████▍     | 35/79 [00:00<00:01, 38.81it/s]
 51%|█████     | 40/79 [00:01<00:00, 40.37it/s]
 57%|█████▋    | 45/79 [00:01<00:00, 40.00it/s]
 62%|██████▏   | 49/79 [00:01<00:00, 39.58it/s]
 67%|██████▋   | 53/79 [00:01<00:00, 37.44it/s]
 72%|███████▏  | 57/79 [00:01<00:00, 36.36it/s]
 77%|███████▋  | 61/79 [00:01<00:00, 35.60it/s]
 82%|████████▏ | 65/79 [00:01<00:00, 34.93it/s]
 87%|████████▋ | 69/79 [00:01<00:00, 34.40it/s]
 92%|█████████▏| 73/79 [00:02<00:00, 34.22it/s]
 97%|█████████▋| 77/79 [00:02<00:00, 34.16it/s]
100%|██████████| 79/79 [00:02<00:00, 36.73it/s]

CommRound: 13/30
Accuracy: 61.76% | Loss: 1.1903
[##########################----------------------------------] 43.3%
Elapsed: 2.3m | Avg/Round: 10.6s | Last: 10.5s | Next: 10.6s | Remaining: 3.0m
ETA: 20:14:24
Recent round times: R1: 11.7s -> R2: 10.4s -> R3: 10.7s -> R4: 10.3s -> R5: 10.5s

  0%|          | 0/79 [00:00<?, ?it/s]
  1%|▏         | 1/79 [00:00<00:07,  9.80it/s]
  6%|▋         | 5/79 [00:00<00:03, 24.22it/s]
 11%|█▏        | 9/79 [00:00<00:02, 28.31it/s]
 18%|█▊        | 14/79 [00:00<00:01, 35.69it/s]
 23%|██▎       | 18/79 [00:00<00:01, 34.45it/s]
 28%|██▊       | 22/79 [00:00<00:01, 34.21it/s]
 33%|███▎      | 26/79 [00:00<00:01, 33.75it/s]
 38%|███▊      | 30/79 [00:00<00:01, 33.84it/s]
 43%|████▎     | 34/79 [00:01<00:01, 34.20it/s]
 48%|████▊     | 38/79 [00:01<00:01, 34.49it/s]
 53%|█████▎    | 42/79 [00:01<00:01, 34.72it/s]
 58%|█████▊    | 46/79 [00:01<00:00, 35.00it/s]
 63%|██████▎   | 50/79 [00:01<00:00, 34.97it/s]
 68%|██████▊   | 54/79 [00:01<00:00, 34.99it/s]
 73%|███████▎  | 58/79 [00:01<00:00, 35.14it/s]
 78%|███████▊  | 62/79 [00:01<00:00, 34.86it/s]
 84%|████████▎ | 66/79 [00:01<00:00, 34.72it/s]
 89%|████████▊ | 70/79 [00:02<00:00, 34.10it/s]
 94%|█████████▎| 74/79 [00:02<00:00, 33.82it/s]
 99%|█████████▊| 78/79 [00:02<00:00, 33.92it/s]
100%|██████████| 79/79 [00:02<00:00, 33.86it/s]

CommRound: 14/30
Accuracy: 59.46% | Loss: 1.2096
[############################--------------------------------] 46.7%
Elapsed: 2.5m | Avg/Round: 10.6s | Last: 10.7s | Next: 10.6s | Remaining: 2.8m
ETA: 20:14:25
Recent round times: R1: 10.4s -> R2: 10.7s -> R3: 10.3s -> R4: 10.5s -> R5: 10.7s

  0%|          | 0/79 [00:00<?, ?it/s]
  4%|▍         | 3/79 [00:00<00:03, 22.39it/s]
  9%|▉         | 7/79 [00:00<00:02, 31.08it/s]
 14%|█▍        | 11/79 [00:00<00:02, 33.95it/s]
 19%|█▉        | 15/79 [00:00<00:03, 19.68it/s]
 24%|██▍       | 19/79 [00:00<00:02, 23.30it/s]
 29%|██▉       | 23/79 [00:00<00:02, 26.01it/s]
 34%|███▍      | 27/79 [00:01<00:01, 28.06it/s]
 39%|███▉      | 31/79 [00:01<00:01, 30.02it/s]
 44%|████▍     | 35/79 [00:01<00:01, 31.57it/s]
 49%|████▉     | 39/79 [00:01<00:01, 32.69it/s]
 54%|█████▍    | 43/79 [00:01<00:01, 33.14it/s]
 59%|█████▉    | 47/79 [00:01<00:00, 33.15it/s]
 65%|██████▍   | 51/79 [00:01<00:00, 32.91it/s]
 70%|██████▉   | 55/79 [00:01<00:00, 32.61it/s]
 75%|███████▍  | 59/79 [00:01<00:00, 33.24it/s]
 80%|███████▉  | 63/79 [00:02<00:00, 33.61it/s]
 86%|████████▌ | 68/79 [00:02<00:00, 37.87it/s]
 91%|█████████ | 72/79 [00:02<00:00, 38.39it/s]
 97%|█████████▋| 77/79 [00:02<00:00, 37.24it/s]
100%|██████████| 79/79 [00:02<00:00, 32.24it/s]

CommRound: 15/30
Accuracy: 68.76% | Loss: 0.9991
[##############################------------------------------] 50.0%
Elapsed: 2.7m | Avg/Round: 10.6s | Last: 10.8s | Next: 10.6s | Remaining: 2.7m
ETA: 20:14:25
Recent round times: R1: 10.7s -> R2: 10.3s -> R3: 10.5s -> R4: 10.7s -> R5: 10.8s

  0%|          | 0/79 [00:00<?, ?it/s]
  4%|▍         | 3/79 [00:00<00:03, 23.19it/s]
 10%|█         | 8/79 [00:00<00:02, 35.27it/s]
 15%|█▌        | 12/79 [00:00<00:02, 23.79it/s]
 20%|██        | 16/79 [00:00<00:02, 28.08it/s]
 25%|██▌       | 20/79 [00:00<00:01, 31.13it/s]
 30%|███       | 24/79 [00:00<00:01, 33.52it/s]
 35%|███▌      | 28/79 [00:00<00:01, 35.02it/s]
 42%|████▏     | 33/79 [00:00<00:01, 38.73it/s]
 48%|████▊     | 38/79 [00:01<00:01, 37.28it/s]
 54%|█████▍    | 43/79 [00:01<00:00, 40.48it/s]
 61%|██████    | 48/79 [00:01<00:00, 38.57it/s]
 67%|██████▋   | 53/79 [00:01<00:00, 41.21it/s]
 73%|███████▎  | 58/79 [00:01<00:00, 38.93it/s]
 80%|███████▉  | 63/79 [00:01<00:00, 41.17it/s]
 86%|████████▌ | 68/79 [00:01<00:00, 39.10it/s]
 92%|█████████▏| 73/79 [00:01<00:00, 41.69it/s]
 99%|█████████▊| 78/79 [00:02<00:00, 39.23it/s]
100%|██████████| 79/79 [00:02<00:00, 36.90it/s]

CommRound: 16/30
Accuracy: 70.28% | Loss: 0.9831
[################################----------------------------] 53.3%
Elapsed: 2.8m | Avg/Round: 10.6s | Last: 10.5s | Next: 10.6s | Remaining: 2.5m
ETA: 20:14:25
Recent round times: R1: 10.3s -> R2: 10.5s -> R3: 10.7s -> R4: 10.8s -> R5: 10.5s

  0%|          | 0/79 [00:00<?, ?it/s]
  4%|▍         | 3/79 [00:00<00:03, 23.23it/s]
  9%|▉         | 7/79 [00:00<00:03, 19.51it/s]
 15%|█▌        | 12/79 [00:00<00:02, 28.18it/s]
 22%|██▏       | 17/79 [00:00<00:01, 32.04it/s]
 28%|██▊       | 22/79 [00:00<00:01, 35.15it/s]
 34%|███▍      | 27/79 [00:00<00:01, 37.44it/s]
 41%|████      | 32/79 [00:00<00:01, 38.66it/s]
 46%|████▌     | 36/79 [00:01<00:01, 38.96it/s]
 52%|█████▏    | 41/79 [00:01<00:00, 40.67it/s]
 58%|█████▊    | 46/79 [00:01<00:00, 38.48it/s]
 63%|██████▎   | 50/79 [00:01<00:00, 38.54it/s]
 68%|██████▊   | 54/79 [00:01<00:00, 38.41it/s]
 75%|███████▍  | 59/79 [00:01<00:00, 41.41it/s]
 81%|████████  | 64/79 [00:01<00:00, 39.81it/s]
 89%|████████▊ | 70/79 [00:01<00:00, 40.98it/s]
 96%|█████████▌| 76/79 [00:02<00:00, 41.27it/s]
100%|██████████| 79/79 [00:02<00:00, 37.67it/s]

CommRound: 17/30
Accuracy: 68.33% | Loss: 0.9981
[##################################--------------------------] 56.7%
Elapsed: 3.0m | Avg/Round: 10.6s | Last: 10.5s | Next: 10.6s | Remaining: 2.3m
ETA: 20:14:24
Recent round times: R1: 10.5s -> R2: 10.7s -> R3: 10.8s -> R4: 10.5s -> R5: 10.5s

  0%|          | 0/79 [00:00<?, ?it/s]
  4%|▍         | 3/79 [00:00<00:06, 11.51it/s]
  9%|▉         | 7/79 [00:00<00:03, 21.47it/s]
 14%|█▍        | 11/79 [00:00<00:02, 27.61it/s]
 20%|██        | 16/79 [00:00<00:01, 34.39it/s]
 25%|██▌       | 20/79 [00:00<00:01, 36.07it/s]
 32%|███▏      | 25/79 [00:00<00:01, 35.60it/s]
 38%|███▊      | 30/79 [00:00<00:01, 39.20it/s]
 44%|████▍     | 35/79 [00:01<00:01, 38.03it/s]
 51%|█████     | 40/79 [00:01<00:00, 40.11it/s]
 57%|█████▋    | 45/79 [00:01<00:00, 39.66it/s]
 63%|██████▎   | 50/79 [00:01<00:00, 39.77it/s]
 70%|██████▉   | 55/79 [00:01<00:00, 40.42it/s]
 76%|███████▌  | 60/79 [00:01<00:00, 39.31it/s]
 81%|████████  | 64/79 [00:01<00:00, 39.43it/s]
 86%|████████▌ | 68/79 [00:01<00:00, 39.43it/s]
 92%|█████████▏| 73/79 [00:01<00:00, 40.84it/s]
 99%|█████████▊| 78/79 [00:02<00:00, 39.45it/s]
100%|██████████| 79/79 [00:02<00:00, 36.86it/s]

CommRound: 18/30
Accuracy: 68.81% | Loss: 0.9627
[####################################------------------------] 60.0%
Elapsed: 3.2m | Avg/Round: 10.6s | Last: 10.4s | Next: 10.6s | Remaining: 2.1m
ETA: 20:14:24
Recent round times: R1: 10.7s -> R2: 10.8s -> R3: 10.5s -> R4: 10.5s -> R5: 10.4s

  0%|          | 0/79 [00:00<?, ?it/s]
  1%|▏         | 1/79 [00:00<00:16,  4.60it/s]
  6%|▋         | 5/79 [00:00<00:04, 17.34it/s]
 13%|█▎        | 10/79 [00:00<00:02, 27.41it/s]
 18%|█▊        | 14/79 [00:00<00:02, 31.15it/s]
 23%|██▎       | 18/79 [00:00<00:01, 33.76it/s]
 28%|██▊       | 22/79 [00:00<00:01, 35.64it/s]
 33%|███▎      | 26/79 [00:00<00:01, 36.83it/s]
 38%|███▊      | 30/79 [00:00<00:01, 37.70it/s]
 43%|████▎     | 34/79 [00:01<00:01, 38.02it/s]
 49%|████▉     | 39/79 [00:01<00:00, 41.18it/s]
 56%|█████▌    | 44/79 [00:01<00:00, 38.54it/s]
 61%|██████    | 48/79 [00:01<00:00, 38.62it/s]
 67%|██████▋   | 53/79 [00:01<00:00, 41.50it/s]
 73%|███████▎  | 58/79 [00:01<00:00, 39.04it/s]
 80%|███████▉  | 63/79 [00:01<00:00, 41.78it/s]
 86%|████████▌ | 68/79 [00:01<00:00, 39.41it/s]
 92%|█████████▏| 73/79 [00:02<00:00, 42.00it/s]
 99%|█████████▊| 78/79 [00:02<00:00, 39.44it/s]
100%|██████████| 79/79 [00:02<00:00, 36.44it/s]

CommRound: 19/30
Accuracy: 65.80% | Loss: 1.0517
[######################################----------------------] 63.3%
Elapsed: 3.4m | Avg/Round: 10.6s | Last: 10.6s | Next: 10.6s | Remaining: 1.9m
ETA: 20:14:24
Recent round times: R1: 10.8s -> R2: 10.5s -> R3: 10.5s -> R4: 10.4s -> R5: 10.6s

  0%|          | 0/79 [00:00<?, ?it/s]
  4%|▍         | 3/79 [00:00<00:03, 20.75it/s]
  9%|▉         | 7/79 [00:00<00:02, 28.16it/s]
 14%|█▍        | 11/79 [00:00<00:02, 31.25it/s]
 19%|█▉        | 15/79 [00:00<00:01, 32.77it/s]
 24%|██▍       | 19/79 [00:00<00:01, 33.75it/s]
 29%|██▉       | 23/79 [00:00<00:01, 34.17it/s]
 34%|███▍      | 27/79 [00:00<00:01, 34.47it/s]
 39%|███▉      | 31/79 [00:00<00:01, 34.70it/s]
 44%|████▍     | 35/79 [00:01<00:01, 35.07it/s]
 49%|████▉     | 39/79 [00:01<00:01, 35.40it/s]
 54%|█████▍    | 43/79 [00:01<00:01, 35.56it/s]
 59%|█████▉    | 47/79 [00:01<00:00, 35.70it/s]
 65%|██████▍   | 51/79 [00:01<00:00, 35.57it/s]
 70%|██████▉   | 55/79 [00:01<00:00, 35.56it/s]
 75%|███████▍  | 59/79 [00:01<00:00, 35.66it/s]
 80%|███████▉  | 63/79 [00:01<00:00, 35.68it/s]
 85%|████████▍ | 67/79 [00:01<00:00, 35.77it/s]
 90%|████████▉ | 71/79 [00:02<00:00, 35.60it/s]
 95%|█████████▍| 75/79 [00:02<00:00, 35.55it/s]
100%|██████████| 79/79 [00:02<00:00, 35.13it/s]

CommRound: 20/30
Accuracy: 61.01% | Loss: 1.2190
[########################################--------------------] 66.7%
Elapsed: 3.5m | Avg/Round: 10.6s | Last: 10.6s | Next: 10.6s | Remaining: 1.8m
ETA: 20:14:24
Recent round times: R1: 10.5s -> R2: 10.5s -> R3: 10.4s -> R4: 10.6s -> R5: 10.6s

  0%|          | 0/79 [00:00<?, ?it/s]
  3%|▎         | 2/79 [00:00<00:03, 19.84it/s]
  9%|▉         | 7/79 [00:00<00:02, 31.32it/s]
 14%|█▍        | 11/79 [00:00<00:01, 34.83it/s]
 20%|██        | 16/79 [00:00<00:01, 39.87it/s]
 27%|██▋       | 21/79 [00:00<00:01, 37.64it/s]
 33%|███▎      | 26/79 [00:00<00:01, 39.37it/s]
 39%|███▉      | 31/79 [00:00<00:01, 38.73it/s]
 44%|████▍     | 35/79 [00:00<00:01, 38.79it/s]
 49%|████▉     | 39/79 [00:01<00:01, 39.02it/s]
 54%|█████▍    | 43/79 [00:01<00:00, 39.27it/s]
 59%|█████▉    | 47/79 [00:01<00:00, 38.77it/s]
 67%|██████▋   | 53/79 [00:01<00:00, 40.05it/s]
 75%|███████▍  | 59/79 [00:01<00:00, 40.90it/s]
 81%|████████  | 64/79 [00:01<00:00, 42.88it/s]
 87%|████████▋ | 69/79 [00:01<00:00, 39.82it/s]
 94%|█████████▎| 74/79 [00:01<00:00, 41.85it/s]
100%|██████████| 79/79 [00:01<00:00, 42.96it/s]
100%|██████████| 79/79 [00:02<00:00, 39.46it/s]

CommRound: 21/30
Accuracy: 68.20% | Loss: 1.0216
[##########################################------------------] 70.0%
Elapsed: 3.7m | Avg/Round: 10.6s | Last: 10.4s | Next: 10.6s | Remaining: 1.6m
ETA: 20:14:24
Recent round times: R1: 10.5s -> R2: 10.4s -> R3: 10.6s -> R4: 10.6s -> R5: 10.4s
EARLY_STOP: round=21; best_acc=70.28; current_acc=68.20; threshold=90.00; patience=5; reason=converged_below_target
Total time for experiment: 222.54612183570862 seconds
Device average training time per communication round [s]:
    rpi (sld-rpi-09.ece.utexas.edu): 5.38 seconds
    mc1 (sld-mc1-09.ece.utexas.edu): 3.29 seconds
