
  0%|          | 0/79 [00:00<?, ?it/s]
  4%|▍         | 3/79 [00:00<00:03, 25.26it/s]
 11%|█▏        | 9/79 [00:00<00:01, 36.85it/s]
 19%|█▉        | 15/79 [00:00<00:01, 40.44it/s]
 27%|██▋       | 21/79 [00:00<00:01, 42.13it/s]
 34%|███▍      | 27/79 [00:00<00:01, 43.25it/s]
 42%|████▏     | 33/79 [00:00<00:01, 43.81it/s]
 49%|████▉     | 39/79 [00:00<00:00, 44.24it/s]
 57%|█████▋    | 45/79 [00:01<00:00, 44.40it/s]
 65%|██████▍   | 51/79 [00:01<00:00, 44.44it/s]
 72%|███████▏  | 57/79 [00:01<00:00, 44.59it/s]
 80%|███████▉  | 63/79 [00:01<00:00, 44.66it/s]
 87%|████████▋ | 69/79 [00:01<00:00, 44.46it/s]
 95%|█████████▍| 75/79 [00:01<00:00, 44.41it/s]
100%|██████████| 79/79 [00:01<00:00, 43.95it/s]
Initial Accuracy: 10.81%; Initial Loss: 2.3021

  0%|          | 0/79 [00:00<?, ?it/s]
  1%|▏         | 1/79 [00:00<00:09,  8.41it/s]
  8%|▊         | 6/79 [00:00<00:02, 30.60it/s]
 13%|█▎        | 10/79 [00:00<00:02, 32.91it/s]
 18%|█▊        | 14/79 [00:00<00:01, 34.00it/s]
 23%|██▎       | 18/79 [00:00<00:01, 34.69it/s]
 28%|██▊       | 22/79 [00:00<00:01, 34.70it/s]
 33%|███▎      | 26/79 [00:00<00:01, 34.91it/s]
 38%|███▊      | 30/79 [00:00<00:01, 34.78it/s]
 43%|████▎     | 34/79 [00:01<00:01, 35.24it/s]
 48%|████▊     | 38/79 [00:01<00:01, 35.43it/s]
 53%|█████▎    | 42/79 [00:01<00:01, 35.38it/s]
 58%|█████▊    | 46/79 [00:01<00:01, 30.02it/s]
 63%|██████▎   | 50/79 [00:01<00:01, 26.46it/s]
 67%|██████▋   | 53/79 [00:01<00:01, 22.46it/s]
 71%|███████   | 56/79 [00:01<00:00, 23.85it/s]
 75%|███████▍  | 59/79 [00:02<00:00, 20.84it/s]
 78%|███████▊  | 62/79 [00:02<00:00, 22.63it/s]
 82%|████████▏ | 65/79 [00:02<00:00, 20.28it/s]
 86%|████████▌ | 68/79 [00:02<00:00, 21.38it/s]
 90%|████████▉ | 71/79 [00:02<00:00, 19.79it/s]
 95%|█████████▍| 75/79 [00:02<00:00, 20.12it/s]
100%|██████████| 79/79 [00:02<00:00, 26.48it/s]

CommRound: 1/30
Accuracy: 66.21% | Loss: 1.0344
[##----------------------------------------------------------] 3.3%
Elapsed: 0.2m | Avg/Round: 12.4s | Last: 10.6s | Next: 12.4s | Remaining: 6.0m
ETA: 03:22:02
Recent round times: R1: 10.6s

  0%|          | 0/79 [00:00<?, ?it/s]
  1%|▏         | 1/79 [00:00<00:12,  6.40it/s]
  8%|▊         | 6/79 [00:00<00:02, 26.96it/s]
 13%|█▎        | 10/79 [00:00<00:02, 29.85it/s]
 18%|█▊        | 14/79 [00:00<00:02, 30.87it/s]
 23%|██▎       | 18/79 [00:00<00:01, 32.52it/s]
 28%|██▊       | 22/79 [00:00<00:01, 32.99it/s]
 33%|███▎      | 26/79 [00:00<00:01, 33.47it/s]
 38%|███▊      | 30/79 [00:00<00:01, 33.94it/s]
 43%|████▎     | 34/79 [00:01<00:01, 33.68it/s]
 48%|████▊     | 38/79 [00:01<00:01, 32.31it/s]
 53%|█████▎    | 42/79 [00:01<00:01, 26.88it/s]
 57%|█████▋    | 45/79 [00:01<00:01, 24.25it/s]
 62%|██████▏   | 49/79 [00:01<00:01, 24.64it/s]
 67%|██████▋   | 53/79 [00:01<00:01, 23.89it/s]
 71%|███████   | 56/79 [00:02<00:00, 24.60it/s]
 75%|███████▍  | 59/79 [00:02<00:00, 20.83it/s]
 78%|███████▊  | 62/79 [00:02<00:00, 22.69it/s]
 82%|████████▏ | 65/79 [00:02<00:00, 20.15it/s]
 86%|████████▌ | 68/79 [00:02<00:00, 22.23it/s]
 90%|████████▉ | 71/79 [00:02<00:00, 20.15it/s]
 94%|█████████▎| 74/79 [00:02<00:00, 21.93it/s]
 97%|█████████▋| 77/79 [00:03<00:00, 19.16it/s]
100%|██████████| 79/79 [00:03<00:00, 25.06it/s]

CommRound: 2/30
Accuracy: 82.68% | Loss: 0.5783
[####--------------------------------------------------------] 6.7%
Elapsed: 0.4m | Avg/Round: 11.9s | Last: 11.3s | Next: 11.9s | Remaining: 5.5m
ETA: 03:21:45
Recent round times: R1: 10.6s -> R2: 11.3s

  0%|          | 0/79 [00:00<?, ?it/s]
  1%|▏         | 1/79 [00:00<00:11,  6.85it/s]
  6%|▋         | 5/79 [00:00<00:03, 22.18it/s]
 11%|█▏        | 9/79 [00:00<00:02, 27.41it/s]
 16%|█▋        | 13/79 [00:00<00:02, 29.97it/s]
 22%|██▏       | 17/79 [00:00<00:01, 31.17it/s]
 27%|██▋       | 21/79 [00:00<00:01, 33.11it/s]
 32%|███▏      | 25/79 [00:00<00:01, 34.07it/s]
 37%|███▋      | 29/79 [00:00<00:01, 34.42it/s]
 42%|████▏     | 33/79 [00:01<00:01, 34.05it/s]
 47%|████▋     | 37/79 [00:01<00:01, 33.59it/s]
 52%|█████▏    | 41/79 [00:01<00:01, 31.84it/s]
 57%|█████▋    | 45/79 [00:01<00:01, 33.31it/s]
 62%|██████▏   | 49/79 [00:01<00:00, 34.21it/s]
 67%|██████▋   | 53/79 [00:01<00:00, 34.71it/s]
 72%|███████▏  | 57/79 [00:01<00:00, 31.13it/s]
 77%|███████▋  | 61/79 [00:02<00:00, 27.27it/s]
 82%|████████▏ | 65/79 [00:02<00:00, 25.00it/s]
 87%|████████▋ | 69/79 [00:02<00:00, 23.72it/s]
 92%|█████████▏| 73/79 [00:02<00:00, 22.96it/s]
 96%|█████████▌| 76/79 [00:02<00:00, 24.34it/s]
100%|██████████| 79/79 [00:02<00:00, 28.37it/s]

CommRound: 3/30
Accuracy: 85.87% | Loss: 0.4489
[######------------------------------------------------------] 10.0%
Elapsed: 0.6m | Avg/Round: 11.5s | Last: 10.8s | Next: 11.5s | Remaining: 5.2m
ETA: 03:21:34
Recent round times: R1: 10.6s -> R2: 11.3s -> R3: 10.8s

  0%|          | 0/79 [00:00<?, ?it/s]
  1%|▏         | 1/79 [00:00<00:11,  6.55it/s]
  6%|▋         | 5/79 [00:00<00:03, 20.59it/s]
 11%|█▏        | 9/79 [00:00<00:02, 24.14it/s]
 16%|█▋        | 13/79 [00:00<00:02, 26.90it/s]
 22%|██▏       | 17/79 [00:00<00:02, 28.87it/s]
 27%|██▋       | 21/79 [00:00<00:01, 30.28it/s]
 32%|███▏      | 25/79 [00:00<00:01, 31.71it/s]
 37%|███▋      | 29/79 [00:01<00:01, 32.41it/s]
 42%|████▏     | 33/79 [00:01<00:01, 31.41it/s]
 47%|████▋     | 37/79 [00:01<00:01, 31.48it/s]
 52%|█████▏    | 41/79 [00:01<00:01, 31.25it/s]
 57%|█████▋    | 45/79 [00:01<00:01, 29.78it/s]
 62%|██████▏   | 49/79 [00:01<00:00, 30.63it/s]
 67%|██████▋   | 53/79 [00:01<00:00, 30.72it/s]
 72%|███████▏  | 57/79 [00:01<00:00, 30.44it/s]
 77%|███████▋  | 61/79 [00:02<00:00, 30.60it/s]
 82%|████████▏ | 65/79 [00:02<00:00, 30.64it/s]
 87%|████████▋ | 69/79 [00:02<00:00, 30.81it/s]
 92%|█████████▏| 73/79 [00:02<00:00, 30.99it/s]
 97%|█████████▋| 77/79 [00:02<00:00, 30.97it/s]
100%|██████████| 79/79 [00:02<00:00, 29.57it/s]

CommRound: 4/30
Accuracy: 89.72% | Loss: 0.3410
[########----------------------------------------------------] 13.3%
Elapsed: 0.8m | Avg/Round: 11.3s | Last: 10.8s | Next: 11.3s | Remaining: 4.9m
ETA: 03:21:29
Recent round times: R1: 10.6s -> R2: 11.3s -> R3: 10.8s -> R4: 10.8s

  0%|          | 0/79 [00:00<?, ?it/s]
  1%|▏         | 1/79 [00:00<00:09,  7.96it/s]
  8%|▊         | 6/79 [00:00<00:02, 27.03it/s]
 13%|█▎        | 10/79 [00:00<00:02, 26.90it/s]
 16%|█▋        | 13/79 [00:00<00:02, 27.67it/s]
 20%|██        | 16/79 [00:00<00:02, 25.55it/s]
 25%|██▌       | 20/79 [00:00<00:02, 25.62it/s]
 30%|███       | 24/79 [00:00<00:02, 25.75it/s]
 35%|███▌      | 28/79 [00:01<00:01, 26.05it/s]
 41%|████      | 32/79 [00:01<00:01, 26.07it/s]
 44%|████▍     | 35/79 [00:01<00:01, 26.43it/s]
 49%|████▉     | 39/79 [00:01<00:01, 27.04it/s]
 53%|█████▎    | 42/79 [00:01<00:01, 26.32it/s]
 57%|█████▋    | 45/79 [00:01<00:01, 23.10it/s]
 61%|██████    | 48/79 [00:01<00:01, 22.96it/s]
 65%|██████▍   | 51/79 [00:02<00:01, 21.69it/s]
 70%|██████▉   | 55/79 [00:02<00:00, 24.10it/s]
 75%|███████▍  | 59/79 [00:02<00:00, 26.64it/s]
 80%|███████▉  | 63/79 [00:02<00:00, 28.87it/s]
 85%|████████▍ | 67/79 [00:02<00:00, 30.30it/s]
 90%|████████▉ | 71/79 [00:02<00:00, 31.74it/s]
 95%|█████████▍| 75/79 [00:02<00:00, 32.83it/s]
100%|██████████| 79/79 [00:02<00:00, 27.34it/s]

CommRound: 5/30
Accuracy: 90.07% | Loss: 0.3253
[##########--------------------------------------------------] 16.7%
Elapsed: 0.9m | Avg/Round: 11.2s | Last: 10.9s | Next: 11.2s | Remaining: 4.7m
ETA: 03:21:26
Recent round times: R1: 10.6s -> R2: 11.3s -> R3: 10.8s -> R4: 10.8s -> R5: 10.9s

  0%|          | 0/79 [00:00<?, ?it/s]
  1%|▏         | 1/79 [00:00<00:09,  8.55it/s]
  6%|▋         | 5/79 [00:00<00:02, 25.56it/s]
 11%|█▏        | 9/79 [00:00<00:02, 30.08it/s]
 16%|█▋        | 13/79 [00:00<00:02, 32.17it/s]
 22%|██▏       | 17/79 [00:00<00:01, 33.39it/s]
 27%|██▋       | 21/79 [00:00<00:01, 34.26it/s]
 32%|███▏      | 25/79 [00:00<00:01, 34.52it/s]
 37%|███▋      | 29/79 [00:00<00:01, 35.21it/s]
 42%|████▏     | 33/79 [00:01<00:01, 35.06it/s]
 47%|████▋     | 37/79 [00:01<00:01, 35.52it/s]
 52%|█████▏    | 41/79 [00:01<00:01, 34.63it/s]
 57%|█████▋    | 45/79 [00:01<00:00, 35.31it/s]
 62%|██████▏   | 49/79 [00:01<00:00, 35.44it/s]
 67%|██████▋   | 53/79 [00:01<00:00, 35.52it/s]
 72%|███████▏  | 57/79 [00:01<00:00, 35.46it/s]
 77%|███████▋  | 61/79 [00:01<00:00, 35.31it/s]
 82%|████████▏ | 65/79 [00:01<00:00, 35.23it/s]
 87%|████████▋ | 69/79 [00:02<00:00, 35.46it/s]
 92%|█████████▏| 73/79 [00:02<00:00, 35.58it/s]
 97%|█████████▋| 77/79 [00:02<00:00, 35.54it/s]
100%|██████████| 79/79 [00:02<00:00, 34.27it/s]

CommRound: 6/30
Accuracy: 91.09% | Loss: 0.3051
[############------------------------------------------------] 20.0%
Elapsed: 1.1m | Avg/Round: 11.1s | Last: 10.3s | Next: 11.1s | Remaining: 4.4m
ETA: 03:21:21
Recent round times: R1: 11.3s -> R2: 10.8s -> R3: 10.8s -> R4: 10.9s -> R5: 10.3s

  0%|          | 0/79 [00:00<?, ?it/s]
  1%|▏         | 1/79 [00:00<00:09,  8.25it/s]
  6%|▋         | 5/79 [00:00<00:03, 24.37it/s]
 11%|█▏        | 9/79 [00:00<00:02, 28.42it/s]
 16%|█▋        | 13/79 [00:00<00:02, 30.15it/s]
 22%|██▏       | 17/79 [00:00<00:01, 31.00it/s]
 27%|██▋       | 21/79 [00:00<00:01, 31.58it/s]
 32%|███▏      | 25/79 [00:00<00:01, 31.90it/s]
 37%|███▋      | 29/79 [00:00<00:01, 31.71it/s]
 42%|████▏     | 33/79 [00:01<00:01, 31.41it/s]
 47%|████▋     | 37/79 [00:01<00:01, 32.42it/s]
 52%|█████▏    | 41/79 [00:01<00:01, 33.08it/s]
 57%|█████▋    | 45/79 [00:01<00:01, 33.61it/s]
 62%|██████▏   | 49/79 [00:01<00:00, 33.87it/s]
 67%|██████▋   | 53/79 [00:01<00:00, 33.44it/s]
 72%|███████▏  | 57/79 [00:01<00:00, 33.99it/s]
 77%|███████▋  | 61/79 [00:01<00:00, 34.35it/s]
 82%|████████▏ | 65/79 [00:02<00:00, 34.92it/s]
 87%|████████▋ | 69/79 [00:02<00:00, 35.30it/s]
 92%|█████████▏| 73/79 [00:02<00:00, 34.84it/s]
 97%|█████████▋| 77/79 [00:02<00:00, 35.56it/s]
100%|██████████| 79/79 [00:02<00:00, 32.51it/s]

CommRound: 7/30
Accuracy: 91.39% | Loss: 0.2944
[##############----------------------------------------------] 23.3%
Elapsed: 1.3m | Avg/Round: 11.0s | Last: 10.5s | Next: 11.0s | Remaining: 4.2m
ETA: 03:21:19
Recent round times: R1: 10.8s -> R2: 10.8s -> R3: 10.9s -> R4: 10.3s -> R5: 10.5s

  0%|          | 0/79 [00:00<?, ?it/s]
  1%|▏         | 1/79 [00:00<00:10,  7.23it/s]
  6%|▋         | 5/79 [00:00<00:03, 19.44it/s]
  9%|▉         | 7/79 [00:00<00:03, 18.75it/s]
 11%|█▏        | 9/79 [00:00<00:03, 18.77it/s]
 14%|█▍        | 11/79 [00:00<00:03, 17.53it/s]
 16%|█▋        | 13/79 [00:00<00:03, 17.39it/s]
 19%|█▉        | 15/79 [00:00<00:03, 17.40it/s]
 23%|██▎       | 18/79 [00:01<00:03, 18.39it/s]
 25%|██▌       | 20/79 [00:01<00:03, 17.65it/s]
 28%|██▊       | 22/79 [00:01<00:03, 17.19it/s]
 30%|███       | 24/79 [00:01<00:03, 16.93it/s]
 33%|███▎      | 26/79 [00:01<00:03, 16.74it/s]
 35%|███▌      | 28/79 [00:01<00:03, 16.56it/s]
 38%|███▊      | 30/79 [00:01<00:02, 16.42it/s]
 41%|████      | 32/79 [00:01<00:02, 16.41it/s]
 43%|████▎     | 34/79 [00:01<00:02, 16.39it/s]
 46%|████▌     | 36/79 [00:02<00:02, 16.21it/s]
 48%|████▊     | 38/79 [00:02<00:02, 16.13it/s]
 51%|█████     | 40/79 [00:02<00:02, 16.13it/s]
 53%|█████▎    | 42/79 [00:02<00:02, 16.07it/s]
 56%|█████▌    | 44/79 [00:02<00:02, 16.08it/s]
 58%|█████▊    | 46/79 [00:02<00:02, 16.14it/s]
 61%|██████    | 48/79 [00:02<00:01, 16.11it/s]
 63%|██████▎   | 50/79 [00:02<00:01, 16.16it/s]
 66%|██████▌   | 52/79 [00:03<00:01, 16.25it/s]
 68%|██████▊   | 54/79 [00:03<00:01, 16.05it/s]
 71%|███████   | 56/79 [00:03<00:01, 16.07it/s]
 73%|███████▎  | 58/79 [00:03<00:01, 16.08it/s]
 76%|███████▌  | 60/79 [00:03<00:01, 16.15it/s]
 78%|███████▊  | 62/79 [00:03<00:01, 16.22it/s]
 81%|████████  | 64/79 [00:03<00:00, 16.19it/s]
 84%|████████▎ | 66/79 [00:03<00:00, 16.20it/s]
 86%|████████▌ | 68/79 [00:04<00:00, 16.09it/s]
 89%|████████▊ | 70/79 [00:04<00:00, 16.19it/s]
 91%|█████████ | 72/79 [00:04<00:00, 16.22it/s]
 94%|█████████▎| 74/79 [00:04<00:00, 16.27it/s]
 99%|█████████▊| 78/79 [00:04<00:00, 20.89it/s]
100%|██████████| 79/79 [00:04<00:00, 17.05it/s]

CommRound: 8/30
Accuracy: 91.28% | Loss: 0.3005
[################--------------------------------------------] 26.7%
Elapsed: 1.5m | Avg/Round: 11.2s | Last: 12.9s | Next: 11.2s | Remaining: 4.1m
ETA: 03:21:26
Recent round times: R1: 10.8s -> R2: 10.9s -> R3: 10.3s -> R4: 10.5s -> R5: 12.9s

  0%|          | 0/79 [00:00<?, ?it/s]
  1%|▏         | 1/79 [00:00<00:11,  6.89it/s]
  8%|▊         | 6/79 [00:00<00:02, 27.88it/s]
 13%|█▎        | 10/79 [00:00<00:02, 26.14it/s]
 18%|█▊        | 14/79 [00:00<00:02, 29.91it/s]
 23%|██▎       | 18/79 [00:00<00:01, 32.19it/s]
 28%|██▊       | 22/79 [00:00<00:01, 33.26it/s]
 33%|███▎      | 26/79 [00:00<00:01, 32.98it/s]
 38%|███▊      | 30/79 [00:01<00:01, 29.63it/s]
 43%|████▎     | 34/79 [00:01<00:01, 28.66it/s]
 48%|████▊     | 38/79 [00:01<00:01, 27.89it/s]
 53%|█████▎    | 42/79 [00:01<00:01, 27.28it/s]
 58%|█████▊    | 46/79 [00:01<00:01, 26.82it/s]
 63%|██████▎   | 50/79 [00:01<00:01, 26.78it/s]
 68%|██████▊   | 54/79 [00:01<00:00, 26.44it/s]
 73%|███████▎  | 58/79 [00:02<00:00, 26.31it/s]
 78%|███████▊  | 62/79 [00:02<00:00, 26.49it/s]
 84%|████████▎ | 66/79 [00:02<00:00, 28.00it/s]
 89%|████████▊ | 70/79 [00:02<00:00, 27.78it/s]
 94%|█████████▎| 74/79 [00:02<00:00, 27.63it/s]
 97%|█████████▋| 77/79 [00:02<00:00, 27.88it/s]
100%|██████████| 79/79 [00:02<00:00, 27.93it/s]

CommRound: 9/30
Accuracy: 91.40% | Loss: 0.3023
[##################------------------------------------------] 30.0%
Elapsed: 1.7m | Avg/Round: 11.2s | Last: 11.0s | Next: 11.2s | Remaining: 3.9m
ETA: 03:21:25
Recent round times: R1: 10.9s -> R2: 10.3s -> R3: 10.5s -> R4: 12.9s -> R5: 11.0s

  0%|          | 0/79 [00:00<?, ?it/s]
  1%|▏         | 1/79 [00:00<00:09,  8.19it/s]
  9%|▉         | 7/79 [00:00<00:02, 28.19it/s]
 14%|█▍        | 11/79 [00:00<00:02, 30.19it/s]
 19%|█▉        | 15/79 [00:00<00:02, 31.32it/s]
 24%|██▍       | 19/79 [00:00<00:01, 32.91it/s]
 29%|██▉       | 23/79 [00:00<00:01, 33.94it/s]
 34%|███▍      | 27/79 [00:00<00:01, 34.70it/s]
 39%|███▉      | 31/79 [00:00<00:01, 34.96it/s]
 44%|████▍     | 35/79 [00:01<00:01, 35.08it/s]
 49%|████▉     | 39/79 [00:01<00:01, 35.30it/s]
 54%|█████▍    | 43/79 [00:01<00:01, 34.65it/s]
 59%|█████▉    | 47/79 [00:01<00:01, 32.00it/s]
 65%|██████▍   | 51/79 [00:01<00:00, 30.15it/s]
 70%|██████▉   | 55/79 [00:01<00:00, 31.66it/s]
 75%|███████▍  | 59/79 [00:01<00:00, 32.80it/s]
 80%|███████▉  | 63/79 [00:01<00:00, 33.71it/s]
 85%|████████▍ | 67/79 [00:02<00:00, 34.43it/s]
 90%|████████▉ | 71/79 [00:02<00:00, 34.67it/s]
 95%|█████████▍| 75/79 [00:02<00:00, 35.06it/s]
100%|██████████| 79/79 [00:02<00:00, 33.54it/s]

CommRound: 10/30
Accuracy: 91.39% | Loss: 0.3036
[####################----------------------------------------] 33.3%
Elapsed: 1.9m | Avg/Round: 11.1s | Last: 10.4s | Next: 11.1s | Remaining: 3.7m
ETA: 03:21:22
Recent round times: R1: 10.3s -> R2: 10.5s -> R3: 12.9s -> R4: 11.0s -> R5: 10.4s

  0%|          | 0/79 [00:00<?, ?it/s]
  1%|▏         | 1/79 [00:00<00:08,  8.99it/s]
  9%|▉         | 7/79 [00:00<00:02, 32.84it/s]
 16%|█▋        | 13/79 [00:00<00:01, 35.20it/s]
 24%|██▍       | 19/79 [00:00<00:01, 39.43it/s]
 32%|███▏      | 25/79 [00:00<00:01, 40.35it/s]
 39%|███▉      | 31/79 [00:00<00:01, 40.89it/s]
 47%|████▋     | 37/79 [00:00<00:01, 41.22it/s]
 54%|█████▍    | 43/79 [00:01<00:00, 41.04it/s]
 61%|██████    | 48/79 [00:01<00:00, 43.19it/s]
 67%|██████▋   | 53/79 [00:01<00:00, 40.56it/s]
 75%|███████▍  | 59/79 [00:01<00:00, 40.90it/s]
 81%|████████  | 64/79 [00:01<00:00, 43.05it/s]
 87%|████████▋ | 69/79 [00:01<00:00, 40.60it/s]
 94%|█████████▎| 74/79 [00:01<00:00, 42.62it/s]
100%|██████████| 79/79 [00:01<00:00, 43.39it/s]
100%|██████████| 79/79 [00:01<00:00, 40.32it/s]

CommRound: 11/30
Accuracy: 91.44% | Loss: 0.3049
[######################--------------------------------------] 36.7%
Elapsed: 2.0m | Avg/Round: 11.0s | Last: 9.9s | Next: 11.0s | Remaining: 3.5m
ETA: 03:21:19
Recent round times: R1: 10.5s -> R2: 12.9s -> R3: 11.0s -> R4: 10.4s -> R5: 9.9s

  0%|          | 0/79 [00:00<?, ?it/s]
  1%|▏         | 1/79 [00:00<00:11,  7.03it/s]
  6%|▋         | 5/79 [00:00<00:03, 20.92it/s]
 11%|█▏        | 9/79 [00:00<00:02, 24.88it/s]
 16%|█▋        | 13/79 [00:00<00:02, 25.87it/s]
 22%|██▏       | 17/79 [00:00<00:02, 24.05it/s]
 25%|██▌       | 20/79 [00:00<00:02, 24.65it/s]
 29%|██▉       | 23/79 [00:01<00:03, 17.21it/s]
 33%|███▎      | 26/79 [00:01<00:02, 19.28it/s]
 37%|███▋      | 29/79 [00:01<00:02, 18.59it/s]
 41%|████      | 32/79 [00:01<00:02, 18.83it/s]
 46%|████▌     | 36/79 [00:01<00:02, 20.85it/s]
 49%|████▉     | 39/79 [00:01<00:01, 22.51it/s]
 53%|█████▎    | 42/79 [00:01<00:01, 23.78it/s]
 57%|█████▋    | 45/79 [00:02<00:01, 22.94it/s]
 62%|██████▏   | 49/79 [00:02<00:01, 22.26it/s]
 66%|██████▌   | 52/79 [00:02<00:01, 23.21it/s]
 70%|██████▉   | 55/79 [00:02<00:01, 18.77it/s]
 75%|███████▍  | 59/79 [00:02<00:01, 19.40it/s]
 78%|███████▊  | 62/79 [00:02<00:00, 20.82it/s]
 82%|████████▏ | 65/79 [00:03<00:00, 17.90it/s]
 87%|████████▋ | 69/79 [00:03<00:00, 20.18it/s]
 92%|█████████▏| 73/79 [00:03<00:00, 19.61it/s]
 99%|█████████▊| 78/79 [00:03<00:00, 25.27it/s]
100%|██████████| 79/79 [00:03<00:00, 21.45it/s]

CommRound: 12/30
Accuracy: 91.46% | Loss: 0.3059
[########################------------------------------------] 40.0%
Elapsed: 2.2m | Avg/Round: 11.1s | Last: 11.8s | Next: 11.1s | Remaining: 3.3m
ETA: 03:21:21
Recent round times: R1: 12.9s -> R2: 11.0s -> R3: 10.4s -> R4: 9.9s -> R5: 11.8s

  0%|          | 0/79 [00:00<?, ?it/s]
  1%|▏         | 1/79 [00:00<00:16,  4.82it/s]
  4%|▍         | 3/79 [00:00<00:08,  9.19it/s]
 11%|█▏        | 9/79 [00:00<00:03, 18.48it/s]
 19%|█▉        | 15/79 [00:00<00:02, 25.85it/s]
 23%|██▎       | 18/79 [00:00<00:02, 23.78it/s]
 27%|██▋       | 21/79 [00:01<00:02, 22.69it/s]
 30%|███       | 24/79 [00:01<00:02, 21.61it/s]
 34%|███▍      | 27/79 [00:01<00:02, 19.80it/s]
 38%|███▊      | 30/79 [00:01<00:02, 19.35it/s]
 41%|████      | 32/79 [00:01<00:02, 17.95it/s]
 43%|████▎     | 34/79 [00:01<00:02, 17.18it/s]
 46%|████▌     | 36/79 [00:01<00:02, 15.29it/s]
 48%|████▊     | 38/79 [00:02<00:02, 16.00it/s]
 51%|█████     | 40/79 [00:02<00:02, 15.32it/s]
 53%|█████▎    | 42/79 [00:02<00:02, 15.68it/s]
 56%|█████▌    | 44/79 [00:02<00:02, 15.08it/s]
 58%|█████▊    | 46/79 [00:02<00:02, 14.20it/s]
 61%|██████    | 48/79 [00:02<00:02, 15.01it/s]
 63%|██████▎   | 50/79 [00:02<00:01, 14.90it/s]
 66%|██████▌   | 52/79 [00:03<00:01, 14.22it/s]
 68%|██████▊   | 54/79 [00:03<00:01, 14.75it/s]
 71%|███████   | 56/79 [00:03<00:01, 14.45it/s]
 73%|███████▎  | 58/79 [00:03<00:01, 12.81it/s]
 76%|███████▌  | 60/79 [00:03<00:01, 14.32it/s]
 78%|███████▊  | 62/79 [00:03<00:01, 13.90it/s]
 81%|████████  | 64/79 [00:03<00:01, 13.43it/s]
 84%|████████▎ | 66/79 [00:04<00:01, 12.90it/s]
 89%|████████▊ | 70/79 [00:04<00:00, 18.72it/s]
 92%|█████████▏| 73/79 [00:04<00:00, 15.65it/s]
100%|██████████| 79/79 [00:04<00:00, 17.28it/s]

CommRound: 13/30
Accuracy: 91.47% | Loss: 0.3065
[##########################----------------------------------] 43.3%
Elapsed: 2.4m | Avg/Round: 11.2s | Last: 12.7s | Next: 11.2s | Remaining: 3.2m
ETA: 03:21:25
Recent round times: R1: 11.0s -> R2: 10.4s -> R3: 9.9s -> R4: 11.8s -> R5: 12.7s

  0%|          | 0/79 [00:00<?, ?it/s]
  1%|▏         | 1/79 [00:00<00:12,  6.41it/s]
  4%|▍         | 3/79 [00:00<00:06, 12.29it/s]
  6%|▋         | 5/79 [00:00<00:08,  8.60it/s]
 11%|█▏        | 9/79 [00:00<00:04, 15.28it/s]
 16%|█▋        | 13/79 [00:00<00:03, 18.18it/s]
 20%|██        | 16/79 [00:01<00:03, 16.44it/s]
 23%|██▎       | 18/79 [00:01<00:03, 15.50it/s]
 25%|██▌       | 20/79 [00:01<00:03, 14.84it/s]
 28%|██▊       | 22/79 [00:01<00:03, 14.39it/s]
 30%|███       | 24/79 [00:01<00:04, 13.70it/s]
 33%|███▎      | 26/79 [00:01<00:04, 13.20it/s]
 35%|███▌      | 28/79 [00:01<00:03, 13.56it/s]
 38%|███▊      | 30/79 [00:02<00:03, 13.71it/s]
 41%|████      | 32/79 [00:02<00:03, 13.93it/s]
 43%|████▎     | 34/79 [00:02<00:03, 14.06it/s]
 46%|████▌     | 36/79 [00:02<00:02, 14.40it/s]
 48%|████▊     | 38/79 [00:02<00:02, 14.39it/s]
 51%|█████     | 40/79 [00:02<00:02, 14.32it/s]
 53%|█████▎    | 42/79 [00:02<00:02, 14.55it/s]
 56%|█████▌    | 44/79 [00:03<00:02, 14.49it/s]
 58%|█████▊    | 46/79 [00:03<00:02, 14.75it/s]
 61%|██████    | 48/79 [00:03<00:02, 14.89it/s]
 63%|██████▎   | 50/79 [00:03<00:01, 14.72it/s]
 66%|██████▌   | 52/79 [00:03<00:01, 14.59it/s]
 68%|██████▊   | 54/79 [00:03<00:01, 14.43it/s]
 71%|███████   | 56/79 [00:03<00:01, 15.00it/s]
 73%|███████▎  | 58/79 [00:04<00:01, 14.64it/s]
 76%|███████▌  | 60/79 [00:04<00:01, 15.03it/s]
 78%|███████▊  | 62/79 [00:04<00:01, 15.00it/s]
 81%|████████  | 64/79 [00:04<00:01, 14.74it/s]
 86%|████████▌ | 68/79 [00:04<00:00, 16.11it/s]
 89%|████████▊ | 70/79 [00:04<00:00, 15.72it/s]
 91%|█████████ | 72/79 [00:04<00:00, 15.32it/s]
 94%|█████████▎| 74/79 [00:05<00:00, 16.21it/s]
 96%|█████████▌| 76/79 [00:05<00:00, 16.26it/s]
100%|██████████| 79/79 [00:05<00:00, 14.94it/s]

CommRound: 14/30
Accuracy: 91.46% | Loss: 0.3071
[############################--------------------------------] 46.7%
Elapsed: 2.6m | Avg/Round: 11.4s | Last: 13.5s | Next: 11.4s | Remaining: 3.0m
ETA: 03:21:30
Recent round times: R1: 10.4s -> R2: 9.9s -> R3: 11.8s -> R4: 12.7s -> R5: 13.5s

  0%|          | 0/79 [00:00<?, ?it/s]
  1%|▏         | 1/79 [00:00<00:10,  7.64it/s]
  6%|▋         | 5/79 [00:00<00:03, 19.32it/s]
 10%|█         | 8/79 [00:00<00:03, 20.29it/s]
 14%|█▍        | 11/79 [00:00<00:03, 19.82it/s]
 18%|█▊        | 14/79 [00:00<00:03, 21.33it/s]
 22%|██▏       | 17/79 [00:00<00:03, 18.52it/s]
 25%|██▌       | 20/79 [00:01<00:03, 19.24it/s]
 30%|███       | 24/79 [00:01<00:02, 22.25it/s]
 34%|███▍      | 27/79 [00:01<00:02, 22.74it/s]
 39%|███▉      | 31/79 [00:01<00:01, 24.79it/s]
 43%|████▎     | 34/79 [00:01<00:01, 25.25it/s]
 47%|████▋     | 37/79 [00:01<00:02, 18.70it/s]
 51%|█████     | 40/79 [00:01<00:01, 20.54it/s]
 54%|█████▍    | 43/79 [00:02<00:01, 20.53it/s]
 59%|█████▉    | 47/79 [00:02<00:01, 23.30it/s]
 63%|██████▎   | 50/79 [00:02<00:01, 22.29it/s]
 67%|██████▋   | 53/79 [00:02<00:01, 17.03it/s]
 72%|███████▏  | 57/79 [00:02<00:01, 20.36it/s]
 76%|███████▌  | 60/79 [00:02<00:00, 22.10it/s]
 80%|███████▉  | 63/79 [00:03<00:00, 20.63it/s]
 85%|████████▍ | 67/79 [00:03<00:00, 22.53it/s]
 90%|████████▉ | 71/79 [00:03<00:00, 24.54it/s]
 95%|█████████▍| 75/79 [00:03<00:00, 26.48it/s]
100%|██████████| 79/79 [00:03<00:00, 22.21it/s]

CommRound: 15/30
Accuracy: 91.48% | Loss: 0.3077
[##############################------------------------------] 50.0%
Elapsed: 2.8m | Avg/Round: 11.4s | Last: 11.7s | Next: 11.4s | Remaining: 2.8m
ETA: 03:21:30
Recent round times: R1: 9.9s -> R2: 11.8s -> R3: 12.7s -> R4: 13.5s -> R5: 11.7s

  0%|          | 0/79 [00:00<?, ?it/s]
  1%|▏         | 1/79 [00:00<00:23,  3.37it/s]
  9%|▉         | 7/79 [00:00<00:04, 16.57it/s]
 14%|█▍        | 11/79 [00:00<00:03, 19.68it/s]
 19%|█▉        | 15/79 [00:00<00:03, 20.48it/s]
 24%|██▍       | 19/79 [00:00<00:02, 23.31it/s]
 29%|██▉       | 23/79 [00:01<00:02, 25.72it/s]
 34%|███▍      | 27/79 [00:01<00:01, 27.43it/s]
 39%|███▉      | 31/79 [00:01<00:01, 28.85it/s]
 44%|████▍     | 35/79 [00:01<00:01, 30.01it/s]
 49%|████▉     | 39/79 [00:01<00:01, 30.23it/s]
 54%|█████▍    | 43/79 [00:01<00:01, 27.69it/s]
 58%|█████▊    | 46/79 [00:01<00:01, 26.35it/s]
 63%|██████▎   | 50/79 [00:02<00:01, 27.24it/s]
 68%|██████▊   | 54/79 [00:02<00:00, 28.90it/s]
 73%|███████▎  | 58/79 [00:02<00:00, 26.35it/s]
 77%|███████▋  | 61/79 [00:02<00:00, 25.67it/s]
 82%|████████▏ | 65/79 [00:02<00:00, 27.42it/s]
 87%|████████▋ | 69/79 [00:02<00:00, 28.72it/s]
 92%|█████████▏| 73/79 [00:02<00:00, 29.87it/s]
 97%|█████████▋| 77/79 [00:03<00:00, 26.76it/s]
100%|██████████| 79/79 [00:03<00:00, 25.94it/s]

CommRound: 16/30
Accuracy: 91.51% | Loss: 0.3083
[################################----------------------------] 53.3%
Elapsed: 3.0m | Avg/Round: 11.4s | Last: 11.1s | Next: 11.4s | Remaining: 2.7m
ETA: 03:21:30
Recent round times: R1: 11.8s -> R2: 12.7s -> R3: 13.5s -> R4: 11.7s -> R5: 11.1s

  0%|          | 0/79 [00:00<?, ?it/s]
  1%|▏         | 1/79 [00:00<00:18,  4.12it/s]
  4%|▍         | 3/79 [00:00<00:08,  8.96it/s]
  6%|▋         | 5/79 [00:00<00:06, 10.78it/s]
  9%|▉         | 7/79 [00:00<00:06, 11.68it/s]
 11%|█▏        | 9/79 [00:00<00:05, 12.66it/s]
 14%|█▍        | 11/79 [00:00<00:05, 13.34it/s]
 16%|█▋        | 13/79 [00:01<00:04, 13.41it/s]
 19%|█▉        | 15/79 [00:01<00:04, 13.98it/s]
 22%|██▏       | 17/79 [00:01<00:04, 13.65it/s]
 24%|██▍       | 19/79 [00:01<00:04, 14.76it/s]
 27%|██▋       | 21/79 [00:01<00:03, 15.18it/s]
 29%|██▉       | 23/79 [00:01<00:03, 14.93it/s]
 32%|███▏      | 25/79 [00:01<00:03, 14.65it/s]
 34%|███▍      | 27/79 [00:02<00:03, 15.05it/s]
 37%|███▋      | 29/79 [00:02<00:03, 14.78it/s]
 39%|███▉      | 31/79 [00:02<00:03, 15.08it/s]
 42%|████▏     | 33/79 [00:02<00:03, 14.82it/s]
 44%|████▍     | 35/79 [00:02<00:02, 15.31it/s]
 47%|████▋     | 37/79 [00:02<00:02, 15.55it/s]
 49%|████▉     | 39/79 [00:02<00:02, 15.00it/s]
 52%|█████▏    | 41/79 [00:02<00:02, 16.07it/s]
 54%|█████▍    | 43/79 [00:03<00:02, 15.40it/s]
 57%|█████▋    | 45/79 [00:03<00:02, 14.85it/s]
 59%|█████▉    | 47/79 [00:03<00:02, 14.39it/s]
 62%|██████▏   | 49/79 [00:03<00:02, 13.81it/s]
 65%|██████▍   | 51/79 [00:03<00:01, 14.03it/s]
 67%|██████▋   | 53/79 [00:03<00:01, 13.82it/s]
 70%|██████▉   | 55/79 [00:04<00:01, 12.28it/s]
 76%|███████▌  | 60/79 [00:04<00:00, 19.25it/s]
 80%|███████▉  | 63/79 [00:04<00:00, 20.91it/s]
 84%|████████▎ | 66/79 [00:04<00:00, 21.92it/s]
 89%|████████▊ | 70/79 [00:04<00:00, 24.96it/s]
 94%|█████████▎| 74/79 [00:04<00:00, 26.38it/s]
 99%|█████████▊| 78/79 [00:04<00:00, 27.86it/s]
100%|██████████| 79/79 [00:04<00:00, 16.52it/s]

CommRound: 17/30
Accuracy: 91.54% | Loss: 0.3088
[##################################--------------------------] 56.7%
Elapsed: 3.2m | Avg/Round: 11.5s | Last: 12.9s | Next: 11.5s | Remaining: 2.5m
ETA: 03:21:33
Recent round times: R1: 12.7s -> R2: 13.5s -> R3: 11.7s -> R4: 11.1s -> R5: 12.9s

  0%|          | 0/79 [00:00<?, ?it/s]
  1%|▏         | 1/79 [00:00<00:16,  4.67it/s]
  5%|▌         | 4/79 [00:00<00:05, 13.36it/s]
  8%|▊         | 6/79 [00:00<00:05, 14.38it/s]
 10%|█         | 8/79 [00:00<00:05, 14.10it/s]
 13%|█▎        | 10/79 [00:00<00:04, 14.04it/s]
 15%|█▌        | 12/79 [00:00<00:04, 13.99it/s]
 18%|█▊        | 14/79 [00:01<00:04, 14.71it/s]
 20%|██        | 16/79 [00:01<00:04, 15.34it/s]
 23%|██▎       | 18/79 [00:01<00:03, 15.43it/s]
 25%|██▌       | 20/79 [00:01<00:03, 15.35it/s]
 28%|██▊       | 22/79 [00:01<00:03, 15.68it/s]
 30%|███       | 24/79 [00:01<00:03, 15.62it/s]
 33%|███▎      | 26/79 [00:01<00:03, 15.02it/s]
 35%|███▌      | 28/79 [00:01<00:03, 15.24it/s]
 38%|███▊      | 30/79 [00:02<00:03, 15.03it/s]
 41%|████      | 32/79 [00:02<00:03, 14.92it/s]
 43%|████▎     | 34/79 [00:02<00:03, 14.72it/s]
 46%|████▌     | 36/79 [00:02<00:02, 14.65it/s]
 48%|████▊     | 38/79 [00:02<00:02, 14.51it/s]
 51%|█████     | 40/79 [00:02<00:02, 14.15it/s]
 53%|█████▎    | 42/79 [00:02<00:02, 13.96it/s]
 56%|█████▌    | 44/79 [00:03<00:02, 13.30it/s]
 58%|█████▊    | 46/79 [00:03<00:02, 13.77it/s]
 61%|██████    | 48/79 [00:03<00:02, 13.63it/s]
 63%|██████▎   | 50/79 [00:03<00:02, 13.55it/s]
 66%|██████▌   | 52/79 [00:03<00:01, 13.83it/s]
 68%|██████▊   | 54/79 [00:03<00:01, 13.64it/s]
 71%|███████   | 56/79 [00:03<00:01, 13.67it/s]
 73%|███████▎  | 58/79 [00:04<00:01, 13.74it/s]
 76%|███████▌  | 60/79 [00:04<00:01, 13.76it/s]
 78%|███████▊  | 62/79 [00:04<00:01, 13.79it/s]
 81%|████████  | 64/79 [00:04<00:01, 13.78it/s]
 84%|████████▎ | 66/79 [00:04<00:01, 12.93it/s]
 86%|████████▌ | 68/79 [00:04<00:00, 14.40it/s]
 89%|████████▊ | 70/79 [00:04<00:00, 14.38it/s]
 91%|█████████ | 72/79 [00:05<00:00, 14.39it/s]
 94%|█████████▎| 74/79 [00:05<00:00, 14.26it/s]
 96%|█████████▌| 76/79 [00:05<00:00, 14.23it/s]
 99%|█████████▊| 78/79 [00:05<00:00, 14.94it/s]
100%|██████████| 79/79 [00:05<00:00, 14.33it/s]

CommRound: 18/30
Accuracy: 91.57% | Loss: 0.3095
[####################################------------------------] 60.0%
Elapsed: 3.5m | Avg/Round: 11.6s | Last: 14.0s | Next: 11.6s | Remaining: 2.3m
ETA: 03:21:37
Recent round times: R1: 13.5s -> R2: 11.7s -> R3: 11.1s -> R4: 12.9s -> R5: 14.0s

  0%|          | 0/79 [00:00<?, ?it/s]
  1%|▏         | 1/79 [00:00<00:13,  5.90it/s]
  5%|▌         | 4/79 [00:00<00:05, 13.49it/s]
  8%|▊         | 6/79 [00:00<00:05, 13.46it/s]
 10%|█         | 8/79 [00:00<00:05, 13.40it/s]
 13%|█▎        | 10/79 [00:00<00:05, 13.42it/s]
 15%|█▌        | 12/79 [00:00<00:04, 13.62it/s]
 18%|█▊        | 14/79 [00:01<00:04, 13.60it/s]
 20%|██        | 16/79 [00:01<00:04, 13.79it/s]
 23%|██▎       | 18/79 [00:01<00:04, 13.83it/s]
 25%|██▌       | 20/79 [00:01<00:04, 13.88it/s]
 28%|██▊       | 22/79 [00:01<00:04, 14.00it/s]
 30%|███       | 24/79 [00:01<00:03, 14.12it/s]
 33%|███▎      | 26/79 [00:01<00:03, 14.08it/s]
 37%|███▋      | 29/79 [00:02<00:03, 16.08it/s]
 39%|███▉      | 31/79 [00:02<00:03, 15.59it/s]
 42%|████▏     | 33/79 [00:02<00:02, 15.44it/s]
 44%|████▍     | 35/79 [00:02<00:02, 15.00it/s]
 47%|████▋     | 37/79 [00:02<00:02, 15.17it/s]
 49%|████▉     | 39/79 [00:02<00:02, 15.04it/s]
 52%|█████▏    | 41/79 [00:02<00:02, 15.59it/s]
 54%|█████▍    | 43/79 [00:02<00:02, 15.09it/s]
 57%|█████▋    | 45/79 [00:03<00:02, 15.39it/s]
 59%|█████▉    | 47/79 [00:03<00:02, 15.09it/s]
 62%|██████▏   | 49/79 [00:03<00:02, 14.90it/s]
 65%|██████▍   | 51/79 [00:03<00:01, 14.81it/s]
 67%|██████▋   | 53/79 [00:03<00:01, 14.74it/s]
 70%|██████▉   | 55/79 [00:03<00:01, 14.77it/s]
 72%|███████▏  | 57/79 [00:03<00:01, 14.97it/s]
 75%|███████▍  | 59/79 [00:04<00:01, 15.12it/s]
 77%|███████▋  | 61/79 [00:04<00:01, 15.30it/s]
 80%|███████▉  | 63/79 [00:04<00:01, 15.20it/s]
 82%|████████▏ | 65/79 [00:04<00:00, 15.04it/s]
 85%|████████▍ | 67/79 [00:04<00:00, 14.92it/s]
 87%|████████▋ | 69/79 [00:04<00:00, 14.78it/s]
 90%|████████▉ | 71/79 [00:04<00:00, 14.84it/s]
 92%|█████████▏| 73/79 [00:05<00:00, 14.89it/s]
 95%|█████████▍| 75/79 [00:05<00:00, 14.91it/s]
 97%|█████████▋| 77/79 [00:05<00:00, 15.00it/s]
100%|██████████| 79/79 [00:05<00:00, 14.90it/s]

CommRound: 19/30
Accuracy: 91.61% | Loss: 0.3101
[######################################----------------------] 63.3%
Elapsed: 3.7m | Avg/Round: 11.7s | Last: 13.5s | Next: 11.7s | Remaining: 2.1m
ETA: 03:21:40
Recent round times: R1: 11.7s -> R2: 11.1s -> R3: 12.9s -> R4: 14.0s -> R5: 13.5s

  0%|          | 0/79 [00:00<?, ?it/s]
  1%|▏         | 1/79 [00:00<00:10,  7.43it/s]
  5%|▌         | 4/79 [00:00<00:04, 17.08it/s]
  8%|▊         | 6/79 [00:00<00:04, 15.72it/s]
 10%|█         | 8/79 [00:00<00:04, 15.32it/s]
 15%|█▌        | 12/79 [00:00<00:03, 20.27it/s]
 20%|██        | 16/79 [00:00<00:02, 23.77it/s]
 25%|██▌       | 20/79 [00:00<00:02, 26.61it/s]
 29%|██▉       | 23/79 [00:01<00:02, 25.01it/s]
 34%|███▍      | 27/79 [00:01<00:01, 28.02it/s]
 38%|███▊      | 30/79 [00:01<00:01, 25.56it/s]
 43%|████▎     | 34/79 [00:01<00:01, 27.28it/s]
 48%|████▊     | 38/79 [00:01<00:01, 28.56it/s]
 52%|█████▏    | 41/79 [00:01<00:01, 25.65it/s]
 56%|█████▌    | 44/79 [00:01<00:01, 18.86it/s]
 59%|█████▉    | 47/79 [00:02<00:01, 19.78it/s]
 63%|██████▎   | 50/79 [00:02<00:01, 16.72it/s]
 66%|██████▌   | 52/79 [00:02<00:01, 16.12it/s]
 68%|██████▊   | 54/79 [00:02<00:01, 16.04it/s]
 71%|███████   | 56/79 [00:02<00:01, 16.09it/s]
 73%|███████▎  | 58/79 [00:02<00:01, 15.64it/s]
 76%|███████▌  | 60/79 [00:03<00:01, 15.66it/s]
 78%|███████▊  | 62/79 [00:03<00:01, 15.94it/s]
 81%|████████  | 64/79 [00:03<00:00, 15.88it/s]
 84%|████████▎ | 66/79 [00:03<00:00, 15.53it/s]
 86%|████████▌ | 68/79 [00:03<00:00, 15.60it/s]
 89%|████████▊ | 70/79 [00:03<00:00, 15.27it/s]
 91%|█████████ | 72/79 [00:03<00:00, 14.89it/s]
 94%|█████████▎| 74/79 [00:03<00:00, 15.94it/s]
 96%|█████████▌| 76/79 [00:04<00:00, 15.47it/s]
100%|██████████| 79/79 [00:04<00:00, 18.92it/s]

CommRound: 20/30
Accuracy: 91.63% | Loss: 0.3105
[########################################--------------------] 66.7%
Elapsed: 3.9m | Avg/Round: 11.7s | Last: 12.2s | Next: 11.7s | Remaining: 2.0m
ETA: 03:21:41
Recent round times: R1: 11.1s -> R2: 12.9s -> R3: 14.0s -> R4: 13.5s -> R5: 12.2s

  0%|          | 0/79 [00:00<?, ?it/s]
  1%|▏         | 1/79 [00:00<00:14,  5.28it/s]
  6%|▋         | 5/79 [00:00<00:04, 15.05it/s]
 10%|█         | 8/79 [00:00<00:04, 16.44it/s]
 13%|█▎        | 10/79 [00:00<00:04, 16.54it/s]
 15%|█▌        | 12/79 [00:00<00:03, 16.95it/s]
 18%|█▊        | 14/79 [00:00<00:03, 17.11it/s]
 20%|██        | 16/79 [00:01<00:03, 16.83it/s]
 23%|██▎       | 18/79 [00:01<00:04, 14.68it/s]
 28%|██▊       | 22/79 [00:01<00:03, 18.99it/s]
 34%|███▍      | 27/79 [00:01<00:02, 24.90it/s]
 38%|███▊      | 30/79 [00:01<00:02, 21.78it/s]
 42%|████▏     | 33/79 [00:01<00:02, 22.77it/s]
 46%|████▌     | 36/79 [00:01<00:02, 19.56it/s]
 51%|█████     | 40/79 [00:02<00:02, 19.19it/s]
 58%|█████▊    | 46/79 [00:02<00:01, 26.11it/s]
 62%|██████▏   | 49/79 [00:02<00:01, 19.88it/s]
 66%|██████▌   | 52/79 [00:02<00:01, 20.96it/s]
 70%|██████▉   | 55/79 [00:02<00:01, 19.62it/s]
 75%|███████▍  | 59/79 [00:02<00:00, 22.17it/s]
 78%|███████▊  | 62/79 [00:03<00:00, 22.01it/s]
 82%|████████▏ | 65/79 [00:03<00:00, 23.69it/s]
 87%|████████▋ | 69/79 [00:03<00:00, 23.55it/s]
 92%|█████████▏| 73/79 [00:03<00:00, 25.71it/s]
 97%|█████████▋| 77/79 [00:03<00:00, 28.08it/s]
100%|██████████| 79/79 [00:03<00:00, 21.52it/s]

CommRound: 21/30
Accuracy: 91.63% | Loss: 0.3111
[##########################################------------------] 70.0%
Elapsed: 4.1m | Avg/Round: 11.7s | Last: 11.8s | Next: 11.7s | Remaining: 1.8m
ETA: 03:21:41
Recent round times: R1: 12.9s -> R2: 14.0s -> R3: 13.5s -> R4: 12.2s -> R5: 11.8s

  0%|          | 0/79 [00:00<?, ?it/s]
  1%|▏         | 1/79 [00:00<00:11,  6.92it/s]
  6%|▋         | 5/79 [00:00<00:03, 22.81it/s]
 10%|█         | 8/79 [00:00<00:03, 19.42it/s]
 14%|█▍        | 11/79 [00:00<00:03, 19.97it/s]
 18%|█▊        | 14/79 [00:00<00:03, 21.45it/s]
 23%|██▎       | 18/79 [00:00<00:02, 20.64it/s]
 27%|██▋       | 21/79 [00:01<00:02, 20.90it/s]
 30%|███       | 24/79 [00:01<00:02, 18.82it/s]
 33%|███▎      | 26/79 [00:01<00:03, 17.23it/s]
 35%|███▌      | 28/79 [00:01<00:03, 15.93it/s]
 38%|███▊      | 30/79 [00:01<00:02, 16.54it/s]
 43%|████▎     | 34/79 [00:01<00:02, 19.33it/s]
 48%|████▊     | 38/79 [00:02<00:02, 18.65it/s]
 54%|█████▍    | 43/79 [00:02<00:01, 24.88it/s]
 58%|█████▊    | 46/79 [00:02<00:01, 21.94it/s]
 63%|██████▎   | 50/79 [00:02<00:01, 24.25it/s]
 68%|██████▊   | 54/79 [00:02<00:00, 26.09it/s]
 73%|███████▎  | 58/79 [00:02<00:00, 27.44it/s]
 78%|███████▊  | 62/79 [00:02<00:00, 28.60it/s]
 84%|████████▎ | 66/79 [00:02<00:00, 29.59it/s]
 89%|████████▊ | 70/79 [00:03<00:00, 30.22it/s]
 94%|█████████▎| 74/79 [00:03<00:00, 30.83it/s]
 99%|█████████▊| 78/79 [00:03<00:00, 31.10it/s]
100%|██████████| 79/79 [00:03<00:00, 23.54it/s]

CommRound: 22/30
Accuracy: 91.61% | Loss: 0.3116
[############################################----------------] 73.3%
Elapsed: 4.3m | Avg/Round: 11.7s | Last: 11.5s | Next: 11.7s | Remaining: 1.6m
ETA: 03:21:40
Recent round times: R1: 14.0s -> R2: 13.5s -> R3: 12.2s -> R4: 11.8s -> R5: 11.5s

  0%|          | 0/79 [00:00<?, ?it/s]
  1%|▏         | 1/79 [00:00<00:08,  9.53it/s]
  9%|▉         | 7/79 [00:00<00:02, 32.00it/s]
 15%|█▌        | 12/79 [00:00<00:01, 39.02it/s]
 20%|██        | 16/79 [00:00<00:01, 39.07it/s]
 27%|██▋       | 21/79 [00:00<00:01, 36.91it/s]
 34%|███▍      | 27/79 [00:00<00:01, 38.45it/s]
 41%|████      | 32/79 [00:00<00:01, 41.48it/s]
 47%|████▋     | 37/79 [00:00<00:01, 39.80it/s]
 54%|█████▍    | 43/79 [00:01<00:00, 40.80it/s]
 62%|██████▏   | 49/79 [00:01<00:00, 41.08it/s]
 70%|██████▉   | 55/79 [00:01<00:00, 41.40it/s]
 77%|███████▋  | 61/79 [00:01<00:00, 41.93it/s]
 84%|████████▎ | 66/79 [00:01<00:00, 43.71it/s]
 90%|████████▉ | 71/79 [00:01<00:00, 41.03it/s]
 97%|█████████▋| 77/79 [00:01<00:00, 41.57it/s]
100%|██████████| 79/79 [00:01<00:00, 40.59it/s]

CommRound: 23/30
Accuracy: 91.67% | Loss: 0.3121
[##############################################--------------] 76.7%
Elapsed: 4.5m | Avg/Round: 11.6s | Last: 9.9s | Next: 11.6s | Remaining: 1.4m
ETA: 03:21:38
Recent round times: R1: 13.5s -> R2: 12.2s -> R3: 11.8s -> R4: 11.5s -> R5: 9.9s

  0%|          | 0/79 [00:00<?, ?it/s]
  1%|▏         | 1/79 [00:00<00:08,  9.66it/s]
  8%|▊         | 6/79 [00:00<00:02, 27.54it/s]
 13%|█▎        | 10/79 [00:00<00:02, 30.70it/s]
 18%|█▊        | 14/79 [00:00<00:01, 33.09it/s]
 23%|██▎       | 18/79 [00:00<00:01, 34.07it/s]
 28%|██▊       | 22/79 [00:00<00:01, 34.64it/s]
 33%|███▎      | 26/79 [00:00<00:01, 35.08it/s]
 38%|███▊      | 30/79 [00:00<00:01, 35.52it/s]
 43%|████▎     | 34/79 [00:01<00:01, 35.88it/s]
 48%|████▊     | 38/79 [00:01<00:01, 35.95it/s]
 53%|█████▎    | 42/79 [00:01<00:01, 36.05it/s]
 58%|█████▊    | 46/79 [00:01<00:00, 36.14it/s]
 63%|██████▎   | 50/79 [00:01<00:00, 35.05it/s]
 68%|██████▊   | 54/79 [00:01<00:00, 33.93it/s]
 73%|███████▎  | 58/79 [00:01<00:00, 30.98it/s]
 78%|███████▊  | 62/79 [00:01<00:00, 30.58it/s]
 84%|████████▎ | 66/79 [00:02<00:00, 30.35it/s]
 89%|████████▊ | 70/79 [00:02<00:00, 31.16it/s]
 94%|█████████▎| 74/79 [00:02<00:00, 32.99it/s]
 99%|█████████▊| 78/79 [00:02<00:00, 34.59it/s]
100%|██████████| 79/79 [00:02<00:00, 33.31it/s]

CommRound: 24/30
Accuracy: 91.67% | Loss: 0.3125
[################################################------------] 80.0%
Elapsed: 4.6m | Avg/Round: 11.6s | Last: 10.2s | Next: 11.6s | Remaining: 1.2m
ETA: 03:21:36
Recent round times: R1: 12.2s -> R2: 11.8s -> R3: 11.5s -> R4: 9.9s -> R5: 10.2s

  0%|          | 0/79 [00:00<?, ?it/s]
  1%|▏         | 1/79 [00:00<00:11,  6.85it/s]
  6%|▋         | 5/79 [00:00<00:03, 21.90it/s]
 10%|█         | 8/79 [00:00<00:02, 24.75it/s]
 14%|█▍        | 11/79 [00:00<00:02, 26.20it/s]
 18%|█▊        | 14/79 [00:00<00:02, 25.02it/s]
 23%|██▎       | 18/79 [00:00<00:02, 25.48it/s]
 28%|██▊       | 22/79 [00:00<00:02, 25.90it/s]
 33%|███▎      | 26/79 [00:01<00:02, 26.01it/s]
 38%|███▊      | 30/79 [00:01<00:01, 26.15it/s]
 43%|████▎     | 34/79 [00:01<00:01, 27.50it/s]
 48%|████▊     | 38/79 [00:01<00:01, 28.79it/s]
 53%|█████▎    | 42/79 [00:01<00:01, 28.60it/s]
 58%|█████▊    | 46/79 [00:01<00:01, 27.84it/s]
 63%|██████▎   | 50/79 [00:01<00:01, 27.43it/s]
 68%|██████▊   | 54/79 [00:02<00:00, 26.80it/s]
 73%|███████▎  | 58/79 [00:02<00:00, 26.64it/s]
 78%|███████▊  | 62/79 [00:02<00:00, 26.52it/s]
 84%|████████▎ | 66/79 [00:02<00:00, 26.62it/s]
 89%|████████▊ | 70/79 [00:02<00:00, 26.53it/s]
 94%|█████████▎| 74/79 [00:02<00:00, 26.44it/s]
 99%|█████████▊| 78/79 [00:02<00:00, 27.75it/s]
100%|██████████| 79/79 [00:02<00:00, 26.65it/s]

CommRound: 25/30
Accuracy: 91.69% | Loss: 0.3129
[##################################################----------] 83.3%
Elapsed: 4.8m | Avg/Round: 11.6s | Last: 12.8s | Next: 11.6s | Remaining: 1.0m
ETA: 03:21:38
Recent round times: R1: 11.8s -> R2: 11.5s -> R3: 9.9s -> R4: 10.2s -> R5: 12.8s

  0%|          | 0/79 [00:00<?, ?it/s]
  1%|▏         | 1/79 [00:00<00:09,  8.23it/s]
  6%|▋         | 5/79 [00:00<00:04, 16.66it/s]
 11%|█▏        | 9/79 [00:00<00:02, 23.50it/s]
 16%|█▋        | 13/79 [00:00<00:02, 27.50it/s]
 22%|██▏       | 17/79 [00:00<00:02, 30.06it/s]
 27%|██▋       | 21/79 [00:00<00:01, 31.82it/s]
 32%|███▏      | 25/79 [00:00<00:01, 33.05it/s]
 37%|███▋      | 29/79 [00:00<00:01, 33.86it/s]
 42%|████▏     | 33/79 [00:01<00:01, 34.38it/s]
 47%|████▋     | 37/79 [00:01<00:01, 34.62it/s]
 52%|█████▏    | 41/79 [00:01<00:01, 34.85it/s]
 57%|█████▋    | 45/79 [00:01<00:00, 35.22it/s]
 62%|██████▏   | 49/79 [00:01<00:00, 35.30it/s]
 67%|██████▋   | 53/79 [00:01<00:00, 35.36it/s]
 72%|███████▏  | 57/79 [00:01<00:00, 35.49it/s]
 77%|███████▋  | 61/79 [00:01<00:00, 35.62it/s]
 82%|████████▏ | 65/79 [00:02<00:00, 35.78it/s]
 87%|████████▋ | 69/79 [00:02<00:00, 35.61it/s]
 92%|█████████▏| 73/79 [00:02<00:00, 35.91it/s]
 97%|█████████▋| 77/79 [00:02<00:00, 35.72it/s]
100%|██████████| 79/79 [00:02<00:00, 33.38it/s]

CommRound: 26/30
Accuracy: 91.70% | Loss: 0.3134
[####################################################--------] 86.7%
Elapsed: 5.0m | Avg/Round: 11.6s | Last: 10.5s | Next: 11.6s | Remaining: 0.8m
ETA: 03:21:36
Recent round times: R1: 11.5s -> R2: 9.9s -> R3: 10.2s -> R4: 12.8s -> R5: 10.5s

  0%|          | 0/79 [00:00<?, ?it/s]
  1%|▏         | 1/79 [00:00<00:09,  7.96it/s]
  6%|▋         | 5/79 [00:00<00:03, 22.29it/s]
 11%|█▏        | 9/79 [00:00<00:02, 28.77it/s]
 16%|█▋        | 13/79 [00:00<00:02, 32.05it/s]
 22%|██▏       | 17/79 [00:00<00:01, 34.36it/s]
 27%|██▋       | 21/79 [00:00<00:01, 35.58it/s]
 32%|███▏      | 25/79 [00:00<00:01, 36.07it/s]
 37%|███▋      | 29/79 [00:00<00:01, 35.65it/s]
 42%|████▏     | 33/79 [00:00<00:01, 36.14it/s]
 47%|████▋     | 37/79 [00:01<00:01, 36.11it/s]
 52%|█████▏    | 41/79 [00:01<00:01, 36.39it/s]
 57%|█████▋    | 45/79 [00:01<00:00, 36.41it/s]
 62%|██████▏   | 49/79 [00:01<00:00, 36.83it/s]
 67%|██████▋   | 53/79 [00:01<00:00, 37.08it/s]
 72%|███████▏  | 57/79 [00:01<00:00, 34.03it/s]
 77%|███████▋  | 61/79 [00:01<00:00, 32.39it/s]
 82%|████████▏ | 65/79 [00:01<00:00, 31.33it/s]
 87%|████████▋ | 69/79 [00:02<00:00, 30.22it/s]
 92%|█████████▏| 73/79 [00:02<00:00, 31.31it/s]
 97%|█████████▋| 77/79 [00:02<00:00, 32.55it/s]
100%|██████████| 79/79 [00:02<00:00, 32.94it/s]

CommRound: 27/30
Accuracy: 91.72% | Loss: 0.3137
[######################################################------] 90.0%
Elapsed: 5.2m | Avg/Round: 11.5s | Last: 10.6s | Next: 11.5s | Remaining: 0.6m
ETA: 03:21:35
Recent round times: R1: 9.9s -> R2: 10.2s -> R3: 12.8s -> R4: 10.5s -> R5: 10.6s

  0%|          | 0/79 [00:00<?, ?it/s]
  1%|▏         | 1/79 [00:00<00:08,  9.66it/s]
  9%|▉         | 7/79 [00:00<00:02, 34.43it/s]
 15%|█▌        | 12/79 [00:00<00:01, 40.46it/s]
 20%|██        | 16/79 [00:00<00:02, 27.31it/s]
 25%|██▌       | 20/79 [00:00<00:01, 30.65it/s]
 32%|███▏      | 25/79 [00:00<00:01, 32.49it/s]
 39%|███▉      | 31/79 [00:00<00:01, 35.56it/s]
 46%|████▌     | 36/79 [00:01<00:01, 38.93it/s]
 52%|█████▏    | 41/79 [00:01<00:01, 37.29it/s]
 58%|█████▊    | 46/79 [00:01<00:00, 40.27it/s]
 65%|██████▍   | 51/79 [00:01<00:00, 38.32it/s]
 70%|██████▉   | 55/79 [00:01<00:00, 38.35it/s]
 76%|███████▌  | 60/79 [00:01<00:00, 41.33it/s]
 82%|████████▏ | 65/79 [00:01<00:00, 38.92it/s]
 89%|████████▊ | 70/79 [00:01<00:00, 41.42it/s]
 95%|█████████▍| 75/79 [00:02<00:00, 39.24it/s]
100%|██████████| 79/79 [00:02<00:00, 37.56it/s]

CommRound: 28/30
Accuracy: 91.72% | Loss: 0.3140
[########################################################----] 93.3%
Elapsed: 5.4m | Avg/Round: 11.5s | Last: 10.2s | Next: 11.5s | Remaining: 0.4m
ETA: 03:21:34
Recent round times: R1: 10.2s -> R2: 12.8s -> R3: 10.5s -> R4: 10.6s -> R5: 10.2s

  0%|          | 0/79 [00:00<?, ?it/s]
  1%|▏         | 1/79 [00:00<00:11,  7.02it/s]
  6%|▋         | 5/79 [00:00<00:03, 18.74it/s]
 11%|█▏        | 9/79 [00:00<00:03, 19.97it/s]
 14%|█▍        | 11/79 [00:00<00:04, 14.57it/s]
 19%|█▉        | 15/79 [00:00<00:03, 17.58it/s]
 24%|██▍       | 19/79 [00:01<00:03, 19.65it/s]
 29%|██▉       | 23/79 [00:01<00:02, 21.57it/s]
 34%|███▍      | 27/79 [00:01<00:02, 22.02it/s]
 39%|███▉      | 31/79 [00:01<00:02, 22.91it/s]
 44%|████▍     | 35/79 [00:01<00:01, 23.52it/s]
 49%|████▉     | 39/79 [00:01<00:01, 23.15it/s]
 54%|█████▍    | 43/79 [00:02<00:01, 23.39it/s]
 59%|█████▉    | 47/79 [00:02<00:01, 23.97it/s]
 65%|██████▍   | 51/79 [00:02<00:01, 24.28it/s]
 70%|██████▉   | 55/79 [00:02<00:00, 24.25it/s]
 75%|███████▍  | 59/79 [00:02<00:00, 24.24it/s]
 80%|███████▉  | 63/79 [00:02<00:00, 24.34it/s]
 85%|████████▍ | 67/79 [00:02<00:00, 25.25it/s]
 90%|████████▉ | 71/79 [00:03<00:00, 25.39it/s]
 95%|█████████▍| 75/79 [00:03<00:00, 24.46it/s]
 99%|█████████▊| 78/79 [00:03<00:00, 25.34it/s]
100%|██████████| 79/79 [00:03<00:00, 22.83it/s]

CommRound: 29/30
Accuracy: 91.73% | Loss: 0.3144
[##########################################################--] 96.7%
Elapsed: 5.6m | Avg/Round: 11.5s | Last: 11.5s | Next: 11.5s | Remaining: 0.2m
ETA: 03:21:34
Recent round times: R1: 12.8s -> R2: 10.5s -> R3: 10.6s -> R4: 10.2s -> R5: 11.5s

  0%|          | 0/79 [00:00<?, ?it/s]
  1%|▏         | 1/79 [00:00<00:11,  6.85it/s]
  6%|▋         | 5/79 [00:00<00:03, 21.07it/s]
 10%|█         | 8/79 [00:00<00:04, 16.16it/s]
 14%|█▍        | 11/79 [00:00<00:03, 17.03it/s]
 18%|█▊        | 14/79 [00:00<00:03, 19.35it/s]
 22%|██▏       | 17/79 [00:00<00:02, 21.35it/s]
 25%|██▌       | 20/79 [00:01<00:02, 20.30it/s]
 30%|███       | 24/79 [00:01<00:02, 20.89it/s]
 35%|███▌      | 28/79 [00:01<00:02, 21.14it/s]
 41%|████      | 32/79 [00:01<00:02, 22.25it/s]
 46%|████▌     | 36/79 [00:01<00:01, 25.07it/s]
 51%|█████     | 40/79 [00:01<00:01, 27.29it/s]
 56%|█████▌    | 44/79 [00:01<00:01, 29.15it/s]
 61%|██████    | 48/79 [00:02<00:01, 30.67it/s]
 66%|██████▌   | 52/79 [00:02<00:00, 29.46it/s]
 71%|███████   | 56/79 [00:02<00:00, 28.58it/s]
 76%|███████▌  | 60/79 [00:02<00:00, 27.33it/s]
 81%|████████  | 64/79 [00:02<00:00, 26.66it/s]
 86%|████████▌ | 68/79 [00:02<00:00, 25.67it/s]
 91%|█████████ | 72/79 [00:02<00:00, 25.55it/s]
 96%|█████████▌| 76/79 [00:03<00:00, 24.84it/s]
100%|██████████| 79/79 [00:03<00:00, 24.23it/s]

CommRound: 30/30
Accuracy: 91.73% | Loss: 0.3148
[############################################################] 100.0%
Elapsed: 5.7m | Avg/Round: 11.5s | Last: 11.3s | Next: 11.5s | Remaining: 0.0m
ETA: 03:21:34
Recent round times: R1: 10.5s -> R2: 10.6s -> R3: 10.2s -> R4: 11.5s -> R5: 11.3s
Total time for experiment: 344.8210690021515 seconds
Device average training time per communication round [s]:
    rpi (sld-rpi-09.ece.utexas.edu): 5.12 seconds
    mc1 (sld-mc1-09.ece.utexas.edu): 3.13 seconds
