
  0%|          | 0/79 [00:00<?, ?it/s]
  1%|▏         | 1/79 [00:00<00:16,  4.84it/s]
  4%|▍         | 3/79 [00:00<00:07, 10.15it/s]
  6%|▋         | 5/79 [00:00<00:05, 13.27it/s]
  9%|▉         | 7/79 [00:00<00:05, 13.92it/s]
 13%|█▎        | 10/79 [00:00<00:03, 17.49it/s]
 15%|█▌        | 12/79 [00:00<00:03, 17.08it/s]
 18%|█▊        | 14/79 [00:00<00:03, 16.47it/s]
 20%|██        | 16/79 [00:01<00:03, 16.44it/s]
 23%|██▎       | 18/79 [00:01<00:03, 16.60it/s]
 25%|██▌       | 20/79 [00:01<00:03, 17.10it/s]
 28%|██▊       | 22/79 [00:01<00:03, 16.91it/s]
 30%|███       | 24/79 [00:01<00:03, 16.84it/s]
 33%|███▎      | 26/79 [00:01<00:03, 17.08it/s]
 35%|███▌      | 28/79 [00:01<00:02, 17.17it/s]
 38%|███▊      | 30/79 [00:01<00:02, 17.88it/s]
 41%|████      | 32/79 [00:02<00:02, 16.55it/s]
 43%|████▎     | 34/79 [00:02<00:02, 16.94it/s]
 46%|████▌     | 36/79 [00:02<00:02, 17.06it/s]
 48%|████▊     | 38/79 [00:02<00:02, 17.07it/s]
 51%|█████     | 40/79 [00:02<00:02, 16.94it/s]
 53%|█████▎    | 42/79 [00:02<00:02, 17.39it/s]
 56%|█████▌    | 44/79 [00:02<00:01, 17.64it/s]
 59%|█████▉    | 47/79 [00:02<00:01, 17.71it/s]
 62%|██████▏   | 49/79 [00:02<00:01, 18.03it/s]
 65%|██████▍   | 51/79 [00:03<00:01, 17.76it/s]
 67%|██████▋   | 53/79 [00:03<00:01, 17.49it/s]
 70%|██████▉   | 55/79 [00:03<00:01, 17.19it/s]
 72%|███████▏  | 57/79 [00:03<00:01, 16.77it/s]
 75%|███████▍  | 59/79 [00:03<00:01, 17.32it/s]
 77%|███████▋  | 61/79 [00:03<00:01, 16.73it/s]
 80%|███████▉  | 63/79 [00:03<00:00, 16.36it/s]
 82%|████████▏ | 65/79 [00:03<00:00, 16.12it/s]
 86%|████████▌ | 68/79 [00:04<00:00, 18.97it/s]
 89%|████████▊ | 70/79 [00:04<00:00, 18.34it/s]
 92%|█████████▏| 73/79 [00:04<00:00, 17.06it/s]
 96%|█████████▌| 76/79 [00:04<00:00, 19.33it/s]
100%|██████████| 79/79 [00:04<00:00, 17.18it/s]
Initial Accuracy: 9.40%; Initial Loss: 2.3333

  0%|          | 0/79 [00:00<?, ?it/s]
  1%|▏         | 1/79 [00:00<00:12,  6.37it/s]
  6%|▋         | 5/79 [00:00<00:03, 19.30it/s]
 10%|█         | 8/79 [00:00<00:03, 23.22it/s]
 15%|█▌        | 12/79 [00:00<00:02, 27.58it/s]
 20%|██        | 16/79 [00:00<00:02, 27.93it/s]
 25%|██▌       | 20/79 [00:00<00:01, 30.79it/s]
 30%|███       | 24/79 [00:00<00:01, 33.07it/s]
 35%|███▌      | 28/79 [00:00<00:01, 33.63it/s]
 41%|████      | 32/79 [00:01<00:01, 34.56it/s]
 46%|████▌     | 36/79 [00:01<00:01, 35.27it/s]
 51%|█████     | 40/79 [00:01<00:01, 35.57it/s]
 56%|█████▌    | 44/79 [00:01<00:00, 35.42it/s]
 61%|██████    | 48/79 [00:01<00:00, 35.07it/s]
 66%|██████▌   | 52/79 [00:01<00:00, 33.72it/s]
 71%|███████   | 56/79 [00:01<00:00, 34.71it/s]
 76%|███████▌  | 60/79 [00:01<00:00, 35.13it/s]
 81%|████████  | 64/79 [00:01<00:00, 35.16it/s]
 86%|████████▌ | 68/79 [00:02<00:00, 34.51it/s]
 91%|█████████ | 72/79 [00:02<00:00, 34.80it/s]
 96%|█████████▌| 76/79 [00:02<00:00, 35.03it/s]
100%|██████████| 79/79 [00:02<00:00, 32.64it/s]

CommRound: 1/30
Accuracy: 45.01% | Loss: 3.1860
[##----------------------------------------------------------] 3.3%
Elapsed: 1.0m | Avg/Round: 61.5s | Last: 56.9s | Next: 61.5s | Remaining: 29.7m
ETA: 09:10:10
Recent round times: R1: 56.9s

  0%|          | 0/79 [00:00<?, ?it/s]
  1%|▏         | 1/79 [00:00<00:13,  5.67it/s]
  6%|▋         | 5/79 [00:00<00:03, 20.31it/s]
 11%|█▏        | 9/79 [00:00<00:03, 23.13it/s]
 16%|█▋        | 13/79 [00:00<00:02, 24.55it/s]
 22%|██▏       | 17/79 [00:00<00:02, 25.11it/s]
 27%|██▋       | 21/79 [00:00<00:02, 25.74it/s]
 32%|███▏      | 25/79 [00:01<00:02, 26.18it/s]
 37%|███▋      | 29/79 [00:01<00:01, 26.22it/s]
 42%|████▏     | 33/79 [00:01<00:01, 24.99it/s]
 49%|████▉     | 39/79 [00:01<00:01, 29.80it/s]
 54%|█████▍    | 43/79 [00:01<00:01, 28.91it/s]
 59%|█████▉    | 47/79 [00:01<00:01, 28.13it/s]
 65%|██████▍   | 51/79 [00:01<00:01, 27.40it/s]
 70%|██████▉   | 55/79 [00:02<00:00, 26.85it/s]
 75%|███████▍  | 59/79 [00:02<00:00, 26.70it/s]
 80%|███████▉  | 63/79 [00:02<00:00, 26.49it/s]
 85%|████████▍ | 67/79 [00:02<00:00, 25.82it/s]
 90%|████████▉ | 71/79 [00:02<00:00, 26.21it/s]
 95%|█████████▍| 75/79 [00:02<00:00, 26.54it/s]
100%|██████████| 79/79 [00:02<00:00, 26.57it/s]

CommRound: 2/30
Accuracy: 60.92% | Loss: 2.5039
[####--------------------------------------------------------] 6.7%
Elapsed: 1.9m | Avg/Round: 56.8s | Last: 52.0s | Next: 56.8s | Remaining: 26.5m
ETA: 09:07:48
Recent round times: R1: 56.9s -> R2: 52.0s

  0%|          | 0/79 [00:00<?, ?it/s]
  1%|▏         | 1/79 [00:00<00:14,  5.56it/s]
  6%|▋         | 5/79 [00:00<00:04, 18.24it/s]
 11%|█▏        | 9/79 [00:00<00:03, 20.72it/s]
 16%|█▋        | 13/79 [00:00<00:03, 21.88it/s]
 22%|██▏       | 17/79 [00:00<00:02, 21.55it/s]
 27%|██▋       | 21/79 [00:00<00:02, 23.27it/s]
 32%|███▏      | 25/79 [00:01<00:02, 23.45it/s]
 37%|███▋      | 29/79 [00:01<00:02, 23.62it/s]
 42%|████▏     | 33/79 [00:01<00:01, 23.78it/s]
 47%|████▋     | 37/79 [00:01<00:01, 24.11it/s]
 52%|█████▏    | 41/79 [00:01<00:01, 24.15it/s]
 57%|█████▋    | 45/79 [00:01<00:01, 24.08it/s]
 61%|██████    | 48/79 [00:02<00:01, 25.15it/s]
 65%|██████▍   | 51/79 [00:02<00:01, 25.94it/s]
 70%|██████▉   | 55/79 [00:02<00:00, 28.30it/s]
 75%|███████▍  | 59/79 [00:02<00:00, 30.01it/s]
 80%|███████▉  | 63/79 [00:02<00:00, 31.19it/s]
 85%|████████▍ | 67/79 [00:02<00:00, 32.13it/s]
 90%|████████▉ | 71/79 [00:02<00:00, 32.65it/s]
 95%|█████████▍| 75/79 [00:02<00:00, 33.31it/s]
100%|██████████| 79/79 [00:02<00:00, 26.47it/s]

CommRound: 3/30
Accuracy: 78.68% | Loss: 1.1439
[######------------------------------------------------------] 10.0%
Elapsed: 3.0m | Avg/Round: 60.5s | Last: 67.9s | Next: 60.5s | Remaining: 27.2m
ETA: 09:09:39
Recent round times: R1: 56.9s -> R2: 52.0s -> R3: 67.9s

  0%|          | 0/79 [00:00<?, ?it/s]
  1%|▏         | 1/79 [00:00<00:11,  6.74it/s]
  8%|▊         | 6/79 [00:00<00:02, 27.37it/s]
 13%|█▎        | 10/79 [00:00<00:02, 30.54it/s]
 18%|█▊        | 14/79 [00:00<00:02, 31.27it/s]
 23%|██▎       | 18/79 [00:00<00:01, 32.09it/s]
 28%|██▊       | 22/79 [00:00<00:01, 32.61it/s]
 33%|███▎      | 26/79 [00:00<00:01, 32.87it/s]
 38%|███▊      | 30/79 [00:00<00:01, 31.97it/s]
 43%|████▎     | 34/79 [00:01<00:01, 32.40it/s]
 48%|████▊     | 38/79 [00:01<00:01, 33.28it/s]
 53%|█████▎    | 42/79 [00:01<00:01, 33.33it/s]
 58%|█████▊    | 46/79 [00:01<00:00, 33.38it/s]
 63%|██████▎   | 50/79 [00:01<00:00, 33.27it/s]
 68%|██████▊   | 54/79 [00:01<00:00, 32.57it/s]
 73%|███████▎  | 58/79 [00:01<00:00, 33.37it/s]
 78%|███████▊  | 62/79 [00:01<00:00, 33.33it/s]
 84%|████████▎ | 66/79 [00:02<00:00, 32.62it/s]
 89%|████████▊ | 70/79 [00:02<00:00, 30.19it/s]
 94%|█████████▎| 74/79 [00:02<00:00, 29.77it/s]
 99%|█████████▊| 78/79 [00:02<00:00, 29.74it/s]
100%|██████████| 79/79 [00:02<00:00, 31.32it/s]

CommRound: 4/30
Accuracy: 86.29% | Loss: 0.5561
[########----------------------------------------------------] 13.3%
Elapsed: 4.2m | Avg/Round: 62.6s | Last: 68.9s | Next: 62.6s | Remaining: 27.1m
ETA: 09:10:42
Recent round times: R1: 56.9s -> R2: 52.0s -> R3: 67.9s -> R4: 68.9s

  0%|          | 0/79 [00:00<?, ?it/s]
  1%|▏         | 1/79 [00:00<00:13,  5.64it/s]
  6%|▋         | 5/79 [00:00<00:03, 20.84it/s]
 11%|█▏        | 9/79 [00:00<00:02, 27.05it/s]
 16%|█▋        | 13/79 [00:00<00:02, 29.09it/s]
 22%|██▏       | 17/79 [00:00<00:02, 30.07it/s]
 27%|██▋       | 21/79 [00:00<00:02, 27.56it/s]
 30%|███       | 24/79 [00:00<00:01, 27.91it/s]
 34%|███▍      | 27/79 [00:01<00:02, 22.86it/s]
 38%|███▊      | 30/79 [00:01<00:02, 24.30it/s]
 42%|████▏     | 33/79 [00:01<00:02, 20.65it/s]
 47%|████▋     | 37/79 [00:01<00:01, 22.22it/s]
 52%|█████▏    | 41/79 [00:01<00:01, 24.73it/s]
 57%|█████▋    | 45/79 [00:01<00:01, 26.87it/s]
 62%|██████▏   | 49/79 [00:01<00:01, 28.47it/s]
 67%|██████▋   | 53/79 [00:02<00:00, 29.65it/s]
 72%|███████▏  | 57/79 [00:02<00:00, 30.24it/s]
 77%|███████▋  | 61/79 [00:02<00:00, 30.41it/s]
 82%|████████▏ | 65/79 [00:02<00:00, 30.10it/s]
 87%|████████▋ | 69/79 [00:02<00:00, 29.99it/s]
 92%|█████████▏| 73/79 [00:02<00:00, 29.83it/s]
 96%|█████████▌| 76/79 [00:02<00:00, 27.65it/s]
100%|██████████| 79/79 [00:02<00:00, 26.81it/s]

CommRound: 5/30
Accuracy: 85.40% | Loss: 0.6139
[##########--------------------------------------------------] 16.7%
Elapsed: 5.1m | Avg/Round: 61.6s | Last: 57.7s | Next: 61.6s | Remaining: 25.7m
ETA: 09:10:12
Recent round times: R1: 56.9s -> R2: 52.0s -> R3: 67.9s -> R4: 68.9s -> R5: 57.7s

  0%|          | 0/79 [00:00<?, ?it/s]
  1%|▏         | 1/79 [00:00<00:09,  7.91it/s]
  6%|▋         | 5/79 [00:00<00:03, 24.13it/s]
 11%|█▏        | 9/79 [00:00<00:02, 28.52it/s]
 16%|█▋        | 13/79 [00:00<00:02, 30.68it/s]
 22%|██▏       | 17/79 [00:00<00:01, 32.18it/s]
 27%|██▋       | 21/79 [00:00<00:01, 32.07it/s]
 32%|███▏      | 25/79 [00:00<00:01, 33.93it/s]
 37%|███▋      | 29/79 [00:00<00:01, 34.39it/s]
 42%|████▏     | 33/79 [00:01<00:01, 31.81it/s]
 48%|████▊     | 38/79 [00:01<00:01, 32.68it/s]
 53%|█████▎    | 42/79 [00:01<00:01, 33.20it/s]
 58%|█████▊    | 46/79 [00:01<00:00, 33.97it/s]
 63%|██████▎   | 50/79 [00:01<00:00, 34.79it/s]
 68%|██████▊   | 54/79 [00:01<00:00, 34.54it/s]
 73%|███████▎  | 58/79 [00:01<00:00, 34.50it/s]
 78%|███████▊  | 62/79 [00:01<00:00, 34.34it/s]
 84%|████████▎ | 66/79 [00:02<00:00, 33.85it/s]
 89%|████████▊ | 70/79 [00:02<00:00, 33.91it/s]
 94%|█████████▎| 74/79 [00:02<00:00, 33.90it/s]
 99%|█████████▊| 78/79 [00:02<00:00, 34.04it/s]
100%|██████████| 79/79 [00:02<00:00, 32.71it/s]

CommRound: 6/30
Accuracy: 86.95% | Loss: 0.5621
[############------------------------------------------------] 20.0%
Elapsed: 6.0m | Avg/Round: 59.8s | Last: 50.8s | Next: 59.8s | Remaining: 23.9m
ETA: 09:09:18
Recent round times: R1: 52.0s -> R2: 67.9s -> R3: 68.9s -> R4: 57.7s -> R5: 50.8s

  0%|          | 0/79 [00:00<?, ?it/s]
  1%|▏         | 1/79 [00:00<00:13,  5.64it/s]
  6%|▋         | 5/79 [00:00<00:04, 18.35it/s]
 10%|█         | 8/79 [00:00<00:03, 22.40it/s]
 14%|█▍        | 11/79 [00:00<00:02, 24.27it/s]
 18%|█▊        | 14/79 [00:00<00:02, 25.33it/s]
 23%|██▎       | 18/79 [00:00<00:02, 27.54it/s]
 28%|██▊       | 22/79 [00:00<00:01, 29.63it/s]
 33%|███▎      | 26/79 [00:00<00:01, 30.60it/s]
 38%|███▊      | 30/79 [00:01<00:01, 31.39it/s]
 43%|████▎     | 34/79 [00:01<00:01, 31.35it/s]
 48%|████▊     | 38/79 [00:01<00:01, 32.19it/s]
 53%|█████▎    | 42/79 [00:01<00:01, 32.03it/s]
 58%|█████▊    | 46/79 [00:01<00:01, 32.28it/s]
 63%|██████▎   | 50/79 [00:01<00:00, 29.31it/s]
 67%|██████▋   | 53/79 [00:01<00:00, 28.84it/s]
 71%|███████   | 56/79 [00:02<00:00, 27.59it/s]
 76%|███████▌  | 60/79 [00:02<00:00, 30.24it/s]
 81%|████████  | 64/79 [00:02<00:00, 31.10it/s]
 86%|████████▌ | 68/79 [00:02<00:00, 31.95it/s]
 91%|█████████ | 72/79 [00:02<00:00, 32.78it/s]
 96%|█████████▌| 76/79 [00:02<00:00, 33.63it/s]
100%|██████████| 79/79 [00:02<00:00, 29.59it/s]

CommRound: 7/30
Accuracy: 87.52% | Loss: 0.5427
[##############----------------------------------------------] 23.3%
Elapsed: 7.0m | Avg/Round: 60.3s | Last: 63.3s | Next: 60.3s | Remaining: 23.1m
ETA: 09:09:33
Recent round times: R1: 67.9s -> R2: 68.9s -> R3: 57.7s -> R4: 50.8s -> R5: 63.3s

  0%|          | 0/79 [00:00<?, ?it/s]
  1%|▏         | 1/79 [00:00<00:13,  5.75it/s]
  6%|▋         | 5/79 [00:00<00:03, 20.98it/s]
 11%|█▏        | 9/79 [00:00<00:02, 25.00it/s]
 16%|█▋        | 13/79 [00:00<00:02, 26.28it/s]
 22%|██▏       | 17/79 [00:00<00:02, 27.03it/s]
 27%|██▋       | 21/79 [00:00<00:02, 27.73it/s]
 32%|███▏      | 25/79 [00:00<00:01, 27.99it/s]
 35%|███▌      | 28/79 [00:01<00:01, 27.02it/s]
 39%|███▉      | 31/79 [00:01<00:01, 24.82it/s]
 44%|████▍     | 35/79 [00:01<00:01, 26.02it/s]
 49%|████▉     | 39/79 [00:01<00:01, 26.57it/s]
 54%|█████▍    | 43/79 [00:01<00:01, 27.54it/s]
 59%|█████▉    | 47/79 [00:01<00:01, 28.11it/s]
 65%|██████▍   | 51/79 [00:01<00:01, 27.99it/s]
 68%|██████▊   | 54/79 [00:02<00:00, 27.72it/s]
 72%|███████▏  | 57/79 [00:02<00:01, 20.47it/s]
 76%|███████▌  | 60/79 [00:02<00:00, 21.00it/s]
 80%|███████▉  | 63/79 [00:02<00:00, 18.63it/s]
 84%|████████▎ | 66/79 [00:02<00:00, 18.92it/s]
 87%|████████▋ | 69/79 [00:02<00:00, 20.16it/s]
 92%|█████████▏| 73/79 [00:03<00:00, 22.41it/s]
 97%|█████████▋| 77/79 [00:03<00:00, 23.66it/s]
100%|██████████| 79/79 [00:03<00:00, 24.21it/s]

CommRound: 8/30
Accuracy: 87.67% | Loss: 0.5394
[################--------------------------------------------] 26.7%
Elapsed: 7.9m | Avg/Round: 59.5s | Last: 53.7s | Next: 59.5s | Remaining: 21.8m
ETA: 09:09:09
Recent round times: R1: 68.9s -> R2: 57.7s -> R3: 50.8s -> R4: 63.3s -> R5: 53.7s

  0%|          | 0/79 [00:00<?, ?it/s]
  1%|▏         | 1/79 [00:00<00:18,  4.32it/s]
  6%|▋         | 5/79 [00:00<00:05, 13.78it/s]
  9%|▉         | 7/79 [00:00<00:04, 14.93it/s]
 11%|█▏        | 9/79 [00:00<00:04, 14.83it/s]
 15%|█▌        | 12/79 [00:00<00:04, 15.74it/s]
 18%|█▊        | 14/79 [00:00<00:04, 15.42it/s]
 20%|██        | 16/79 [00:01<00:04, 15.40it/s]
 23%|██▎       | 18/79 [00:01<00:03, 15.39it/s]
 25%|██▌       | 20/79 [00:01<00:03, 15.07it/s]
 28%|██▊       | 22/79 [00:01<00:03, 15.20it/s]
 30%|███       | 24/79 [00:01<00:03, 15.58it/s]
 33%|███▎      | 26/79 [00:01<00:03, 14.80it/s]
 35%|███▌      | 28/79 [00:01<00:03, 15.77it/s]
 38%|███▊      | 30/79 [00:02<00:03, 15.75it/s]
 41%|████      | 32/79 [00:02<00:02, 15.72it/s]
 43%|████▎     | 34/79 [00:02<00:02, 15.66it/s]
 46%|████▌     | 36/79 [00:02<00:02, 15.87it/s]
 48%|████▊     | 38/79 [00:02<00:02, 15.69it/s]
 51%|█████     | 40/79 [00:02<00:02, 15.69it/s]
 53%|█████▎    | 42/79 [00:02<00:02, 16.58it/s]
 56%|█████▌    | 44/79 [00:02<00:02, 17.07it/s]
 58%|█████▊    | 46/79 [00:02<00:01, 16.86it/s]
 61%|██████    | 48/79 [00:03<00:01, 16.12it/s]
 63%|██████▎   | 50/79 [00:03<00:01, 17.09it/s]
 66%|██████▌   | 52/79 [00:03<00:01, 17.06it/s]
 68%|██████▊   | 54/79 [00:03<00:01, 16.89it/s]
 71%|███████   | 56/79 [00:03<00:01, 16.99it/s]
 73%|███████▎  | 58/79 [00:03<00:01, 17.09it/s]
 76%|███████▌  | 60/79 [00:03<00:01, 17.04it/s]
 78%|███████▊  | 62/79 [00:03<00:01, 16.84it/s]
 81%|████████  | 64/79 [00:04<00:00, 16.57it/s]
 84%|████████▎ | 66/79 [00:04<00:00, 16.27it/s]
 86%|████████▌ | 68/79 [00:04<00:00, 16.12it/s]
 89%|████████▊ | 70/79 [00:04<00:00, 16.82it/s]
 91%|█████████ | 72/79 [00:04<00:00, 16.67it/s]
 94%|█████████▎| 74/79 [00:04<00:00, 16.39it/s]
 97%|█████████▋| 77/79 [00:04<00:00, 19.76it/s]
100%|██████████| 79/79 [00:04<00:00, 16.25it/s]

CommRound: 9/30
Accuracy: 88.21% | Loss: 0.5244
[##################------------------------------------------] 30.0%
Elapsed: 9.0m | Avg/Round: 60.0s | Last: 64.4s | Next: 60.0s | Remaining: 21.0m
ETA: 09:09:25
Recent round times: R1: 57.7s -> R2: 50.8s -> R3: 63.3s -> R4: 53.7s -> R5: 64.4s

  0%|          | 0/79 [00:00<?, ?it/s]
  1%|▏         | 1/79 [00:00<00:16,  4.62it/s]
  6%|▋         | 5/79 [00:00<00:03, 18.62it/s]
 11%|█▏        | 9/79 [00:00<00:02, 24.16it/s]
 16%|█▋        | 13/79 [00:00<00:02, 26.47it/s]
 22%|██▏       | 17/79 [00:00<00:02, 28.70it/s]
 27%|██▋       | 21/79 [00:00<00:01, 29.62it/s]
 32%|███▏      | 25/79 [00:00<00:01, 30.55it/s]
 37%|███▋      | 29/79 [00:01<00:01, 30.99it/s]
 42%|████▏     | 33/79 [00:01<00:01, 30.78it/s]
 47%|████▋     | 37/79 [00:01<00:01, 25.91it/s]
 51%|█████     | 40/79 [00:01<00:01, 23.06it/s]
 54%|█████▍    | 43/79 [00:01<00:01, 24.19it/s]
 59%|█████▉    | 47/79 [00:01<00:01, 26.71it/s]
 65%|██████▍   | 51/79 [00:01<00:00, 28.09it/s]
 68%|██████▊   | 54/79 [00:02<00:01, 21.16it/s]
 75%|███████▍  | 59/79 [00:02<00:00, 26.12it/s]
 80%|███████▉  | 63/79 [00:02<00:00, 27.40it/s]
 85%|████████▍ | 67/79 [00:02<00:00, 28.37it/s]
 90%|████████▉ | 71/79 [00:02<00:00, 29.05it/s]
 95%|█████████▍| 75/79 [00:02<00:00, 29.03it/s]
100%|██████████| 79/79 [00:02<00:00, 26.85it/s]

CommRound: 10/30
Accuracy: 88.25% | Loss: 0.5263
[####################----------------------------------------] 33.3%
Elapsed: 9.9m | Avg/Round: 59.7s | Last: 56.6s | Next: 59.7s | Remaining: 19.9m
ETA: 09:09:15
Recent round times: R1: 50.8s -> R2: 63.3s -> R3: 53.7s -> R4: 64.4s -> R5: 56.6s

  0%|          | 0/79 [00:00<?, ?it/s]
  1%|▏         | 1/79 [00:00<00:14,  5.24it/s]
  6%|▋         | 5/79 [00:00<00:04, 15.85it/s]
 10%|█         | 8/79 [00:00<00:03, 17.90it/s]
 13%|█▎        | 10/79 [00:00<00:03, 17.83it/s]
 16%|█▋        | 13/79 [00:00<00:03, 17.87it/s]
 19%|█▉        | 15/79 [00:00<00:03, 17.52it/s]
 22%|██▏       | 17/79 [00:01<00:03, 17.07it/s]
 24%|██▍       | 19/79 [00:01<00:03, 16.94it/s]
 27%|██▋       | 21/79 [00:01<00:03, 16.60it/s]
 29%|██▉       | 23/79 [00:01<00:03, 16.88it/s]
 32%|███▏      | 25/79 [00:01<00:03, 17.00it/s]
 34%|███▍      | 27/79 [00:01<00:03, 16.82it/s]
 37%|███▋      | 29/79 [00:01<00:02, 17.34it/s]
 39%|███▉      | 31/79 [00:01<00:02, 17.46it/s]
 42%|████▏     | 33/79 [00:01<00:02, 17.12it/s]
 44%|████▍     | 35/79 [00:02<00:02, 16.91it/s]
 47%|████▋     | 37/79 [00:02<00:02, 16.95it/s]
 49%|████▉     | 39/79 [00:02<00:02, 17.13it/s]
 52%|█████▏    | 41/79 [00:02<00:02, 17.09it/s]
 54%|█████▍    | 43/79 [00:02<00:02, 17.12it/s]
 57%|█████▋    | 45/79 [00:02<00:01, 17.30it/s]
 59%|█████▉    | 47/79 [00:02<00:01, 17.51it/s]
 62%|██████▏   | 49/79 [00:02<00:01, 17.36it/s]
 65%|██████▍   | 51/79 [00:03<00:01, 17.22it/s]
 67%|██████▋   | 53/79 [00:03<00:01, 17.26it/s]
 70%|██████▉   | 55/79 [00:03<00:01, 17.25it/s]
 72%|███████▏  | 57/79 [00:03<00:01, 17.54it/s]
 75%|███████▍  | 59/79 [00:03<00:01, 17.73it/s]
 77%|███████▋  | 61/79 [00:03<00:00, 18.05it/s]
 80%|███████▉  | 63/79 [00:03<00:00, 18.02it/s]
 82%|████████▏ | 65/79 [00:03<00:00, 18.02it/s]
 85%|████████▍ | 67/79 [00:03<00:00, 17.83it/s]
 87%|████████▋ | 69/79 [00:04<00:00, 17.92it/s]
 90%|████████▉ | 71/79 [00:04<00:00, 17.92it/s]
 92%|█████████▏| 73/79 [00:04<00:00, 17.69it/s]
 95%|█████████▍| 75/79 [00:04<00:00, 17.65it/s]
 97%|█████████▋| 77/79 [00:04<00:00, 18.11it/s]
100%|██████████| 79/79 [00:04<00:00, 17.55it/s]

CommRound: 11/30
Accuracy: 88.37% | Loss: 0.5232
[######################--------------------------------------] 36.7%
Elapsed: 11.0m | Avg/Round: 60.2s | Last: 65.1s | Next: 60.2s | Remaining: 19.1m
ETA: 09:09:29
Recent round times: R1: 63.3s -> R2: 53.7s -> R3: 64.4s -> R4: 56.6s -> R5: 65.1s

  0%|          | 0/79 [00:00<?, ?it/s]
  1%|▏         | 1/79 [00:00<00:09,  8.26it/s]
  9%|▉         | 7/79 [00:00<00:02, 30.12it/s]
 15%|█▌        | 12/79 [00:00<00:01, 37.28it/s]
 20%|██        | 16/79 [00:00<00:01, 37.60it/s]
 25%|██▌       | 20/79 [00:00<00:01, 37.14it/s]
 32%|███▏      | 25/79 [00:00<00:01, 36.17it/s]
 37%|███▋      | 29/79 [00:00<00:01, 36.98it/s]
 42%|████▏     | 33/79 [00:00<00:01, 37.13it/s]
 47%|████▋     | 37/79 [00:01<00:01, 37.77it/s]
 52%|█████▏    | 41/79 [00:01<00:00, 38.06it/s]
 57%|█████▋    | 45/79 [00:01<00:00, 38.21it/s]
 62%|██████▏   | 49/79 [00:01<00:00, 38.23it/s]
 67%|██████▋   | 53/79 [00:01<00:00, 38.35it/s]
 72%|███████▏  | 57/79 [00:01<00:00, 38.32it/s]
 78%|███████▊  | 62/79 [00:01<00:00, 41.24it/s]
 85%|████████▍ | 67/79 [00:01<00:00, 38.97it/s]
 91%|█████████ | 72/79 [00:01<00:00, 41.33it/s]
 97%|█████████▋| 77/79 [00:02<00:00, 39.17it/s]
100%|██████████| 79/79 [00:02<00:00, 37.99it/s]

CommRound: 12/30
Accuracy: 88.41% | Loss: 0.5225
[########################------------------------------------] 40.0%
Elapsed: 12.1m | Avg/Round: 60.5s | Last: 64.3s | Next: 60.5s | Remaining: 18.2m
ETA: 09:09:40
Recent round times: R1: 53.7s -> R2: 64.4s -> R3: 56.6s -> R4: 65.1s -> R5: 64.3s

  0%|          | 0/79 [00:00<?, ?it/s]
  1%|▏         | 1/79 [00:00<00:11,  6.93it/s]
  8%|▊         | 6/79 [00:00<00:02, 25.42it/s]
 13%|█▎        | 10/79 [00:00<00:02, 28.22it/s]
 16%|█▋        | 13/79 [00:00<00:02, 28.51it/s]
 20%|██        | 16/79 [00:00<00:02, 28.13it/s]
 25%|██▌       | 20/79 [00:00<00:01, 29.71it/s]
 30%|███       | 24/79 [00:00<00:01, 31.26it/s]
 35%|███▌      | 28/79 [00:00<00:01, 32.11it/s]
 41%|████      | 32/79 [00:01<00:01, 32.74it/s]
 46%|████▌     | 36/79 [00:01<00:01, 33.50it/s]
 51%|█████     | 40/79 [00:01<00:01, 32.09it/s]
 56%|█████▌    | 44/79 [00:01<00:01, 29.90it/s]
 61%|██████    | 48/79 [00:01<00:01, 29.17it/s]
 66%|██████▌   | 52/79 [00:01<00:00, 30.49it/s]
 71%|███████   | 56/79 [00:01<00:00, 31.51it/s]
 76%|███████▌  | 60/79 [00:01<00:00, 32.25it/s]
 81%|████████  | 64/79 [00:02<00:00, 32.81it/s]
 86%|████████▌ | 68/79 [00:02<00:00, 31.45it/s]
 91%|█████████ | 72/79 [00:02<00:00, 33.22it/s]
 96%|█████████▌| 76/79 [00:02<00:00, 33.79it/s]
100%|██████████| 79/79 [00:02<00:00, 30.95it/s]

CommRound: 13/30
Accuracy: 88.45% | Loss: 0.5217
[##########################----------------------------------] 43.3%
Elapsed: 13.2m | Avg/Round: 60.7s | Last: 62.8s | Next: 60.7s | Remaining: 17.2m
ETA: 09:09:45
Recent round times: R1: 64.4s -> R2: 56.6s -> R3: 65.1s -> R4: 64.3s -> R5: 62.8s

  0%|          | 0/79 [00:00<?, ?it/s]
  1%|▏         | 1/79 [00:00<00:24,  3.15it/s]
  8%|▊         | 6/79 [00:00<00:04, 17.33it/s]
 11%|█▏        | 9/79 [00:00<00:03, 17.60it/s]
 15%|█▌        | 12/79 [00:00<00:03, 18.65it/s]
 19%|█▉        | 15/79 [00:00<00:04, 15.98it/s]
 22%|██▏       | 17/79 [00:01<00:04, 13.37it/s]
 28%|██▊       | 22/79 [00:01<00:02, 19.78it/s]
 32%|███▏      | 25/79 [00:01<00:03, 17.13it/s]
 35%|███▌      | 28/79 [00:01<00:02, 18.72it/s]
 39%|███▉      | 31/79 [00:01<00:03, 15.22it/s]
 42%|████▏     | 33/79 [00:02<00:02, 15.43it/s]
 47%|████▋     | 37/79 [00:02<00:02, 16.64it/s]
 49%|████▉     | 39/79 [00:02<00:02, 16.63it/s]
 52%|█████▏    | 41/79 [00:02<00:02, 16.41it/s]
 54%|█████▍    | 43/79 [00:02<00:02, 16.68it/s]
 57%|█████▋    | 45/79 [00:02<00:02, 16.28it/s]
 59%|█████▉    | 47/79 [00:02<00:01, 16.24it/s]
 62%|██████▏   | 49/79 [00:03<00:01, 16.44it/s]
 65%|██████▍   | 51/79 [00:03<00:01, 16.38it/s]
 67%|██████▋   | 53/79 [00:03<00:01, 16.21it/s]
 70%|██████▉   | 55/79 [00:03<00:01, 15.92it/s]
 72%|███████▏  | 57/79 [00:03<00:01, 15.95it/s]
 75%|███████▍  | 59/79 [00:03<00:01, 15.84it/s]
 77%|███████▋  | 61/79 [00:03<00:01, 16.38it/s]
 80%|███████▉  | 63/79 [00:03<00:00, 16.20it/s]
 82%|████████▏ | 65/79 [00:04<00:01, 13.64it/s]
 87%|████████▋ | 69/79 [00:04<00:00, 18.46it/s]
 91%|█████████ | 72/79 [00:04<00:00, 19.76it/s]
 95%|█████████▍| 75/79 [00:04<00:00, 19.53it/s]
 99%|█████████▊| 78/79 [00:04<00:00, 18.68it/s]
100%|██████████| 79/79 [00:04<00:00, 16.70it/s]

CommRound: 14/30
Accuracy: 88.47% | Loss: 0.5210
[############################--------------------------------] 46.7%
Elapsed: 14.2m | Avg/Round: 60.8s | Last: 62.5s | Next: 60.8s | Remaining: 16.2m
ETA: 09:09:49
Recent round times: R1: 56.6s -> R2: 65.1s -> R3: 64.3s -> R4: 62.8s -> R5: 62.5s

  0%|          | 0/79 [00:00<?, ?it/s]
  1%|▏         | 1/79 [00:00<00:10,  7.69it/s]
  5%|▌         | 4/79 [00:00<00:04, 15.58it/s]
 10%|█         | 8/79 [00:00<00:03, 22.93it/s]
 14%|█▍        | 11/79 [00:00<00:02, 24.69it/s]
 18%|█▊        | 14/79 [00:00<00:03, 19.41it/s]
 23%|██▎       | 18/79 [00:00<00:03, 20.08it/s]
 27%|██▋       | 21/79 [00:01<00:02, 22.05it/s]
 30%|███       | 24/79 [00:01<00:02, 22.95it/s]
 35%|███▌      | 28/79 [00:01<00:01, 25.82it/s]
 39%|███▉      | 31/79 [00:01<00:01, 25.74it/s]
 46%|████▌     | 36/79 [00:01<00:01, 30.09it/s]
 51%|█████     | 40/79 [00:01<00:01, 29.53it/s]
 56%|█████▌    | 44/79 [00:01<00:01, 31.66it/s]
 61%|██████    | 48/79 [00:01<00:00, 32.66it/s]
 66%|██████▌   | 52/79 [00:01<00:00, 33.02it/s]
 71%|███████   | 56/79 [00:02<00:00, 33.33it/s]
 76%|███████▌  | 60/79 [00:02<00:00, 34.38it/s]
 81%|████████  | 64/79 [00:02<00:00, 35.31it/s]
 86%|████████▌ | 68/79 [00:02<00:00, 36.10it/s]
 91%|█████████ | 72/79 [00:02<00:00, 36.77it/s]
 96%|█████████▌| 76/79 [00:02<00:00, 36.98it/s]
100%|██████████| 79/79 [00:02<00:00, 29.21it/s]

CommRound: 15/30
Accuracy: 88.55% | Loss: 0.5206
[##############################------------------------------] 50.0%
Elapsed: 15.2m | Avg/Round: 60.9s | Last: 61.5s | Next: 60.9s | Remaining: 15.2m
ETA: 09:09:50
Recent round times: R1: 65.1s -> R2: 64.3s -> R3: 62.8s -> R4: 62.5s -> R5: 61.5s

  0%|          | 0/79 [00:00<?, ?it/s]
  1%|▏         | 1/79 [00:00<00:09,  8.25it/s]
  9%|▉         | 7/79 [00:00<00:02, 29.01it/s]
 14%|█▍        | 11/79 [00:00<00:02, 32.19it/s]
 19%|█▉        | 15/79 [00:00<00:01, 33.78it/s]
 24%|██▍       | 19/79 [00:00<00:01, 34.78it/s]
 29%|██▉       | 23/79 [00:00<00:01, 35.57it/s]
 34%|███▍      | 27/79 [00:00<00:01, 36.09it/s]
 39%|███▉      | 31/79 [00:00<00:01, 36.50it/s]
 44%|████▍     | 35/79 [00:01<00:01, 36.75it/s]
 49%|████▉     | 39/79 [00:01<00:01, 36.97it/s]
 54%|█████▍    | 43/79 [00:01<00:00, 36.94it/s]
 59%|█████▉    | 47/79 [00:01<00:00, 37.15it/s]
 65%|██████▍   | 51/79 [00:01<00:00, 37.22it/s]
 70%|██████▉   | 55/79 [00:01<00:00, 36.31it/s]
 75%|███████▍  | 59/79 [00:01<00:00, 36.32it/s]
 80%|███████▉  | 63/79 [00:01<00:00, 36.47it/s]
 85%|████████▍ | 67/79 [00:01<00:00, 37.10it/s]
 90%|████████▉ | 71/79 [00:01<00:00, 37.21it/s]
 95%|█████████▍| 75/79 [00:02<00:00, 37.11it/s]
100%|██████████| 79/79 [00:02<00:00, 37.31it/s]
100%|██████████| 79/79 [00:02<00:00, 35.24it/s]

CommRound: 16/30
Accuracy: 88.61% | Loss: 0.5201
[################################----------------------------] 53.3%
Elapsed: 16.1m | Avg/Round: 60.4s | Last: 54.0s | Next: 60.4s | Remaining: 14.1m
ETA: 09:09:37
Recent round times: R1: 64.3s -> R2: 62.8s -> R3: 62.5s -> R4: 61.5s -> R5: 54.0s

  0%|          | 0/79 [00:00<?, ?it/s]
  1%|▏         | 1/79 [00:00<00:10,  7.20it/s]
  6%|▋         | 5/79 [00:00<00:03, 22.59it/s]
 10%|█         | 8/79 [00:00<00:02, 25.38it/s]
 16%|█▋        | 13/79 [00:00<00:02, 26.53it/s]
 22%|██▏       | 17/79 [00:00<00:02, 28.92it/s]
 27%|██▋       | 21/79 [00:00<00:01, 29.97it/s]
 32%|███▏      | 25/79 [00:00<00:01, 31.22it/s]
 37%|███▋      | 29/79 [00:01<00:01, 26.85it/s]
 42%|████▏     | 33/79 [00:01<00:01, 28.02it/s]
 47%|████▋     | 37/79 [00:01<00:01, 29.55it/s]
 52%|█████▏    | 41/79 [00:01<00:01, 30.63it/s]
 57%|█████▋    | 45/79 [00:01<00:01, 28.00it/s]
 62%|██████▏   | 49/79 [00:01<00:01, 28.80it/s]
 66%|██████▌   | 52/79 [00:01<00:00, 28.97it/s]
 70%|██████▉   | 55/79 [00:01<00:00, 26.79it/s]
 75%|███████▍  | 59/79 [00:02<00:00, 28.85it/s]
 80%|███████▉  | 63/79 [00:02<00:00, 30.29it/s]
 85%|████████▍ | 67/79 [00:02<00:00, 31.85it/s]
 90%|████████▉ | 71/79 [00:02<00:00, 32.28it/s]
 95%|█████████▍| 75/79 [00:02<00:00, 33.60it/s]
100%|██████████| 79/79 [00:02<00:00, 29.64it/s]

CommRound: 17/30
Accuracy: 88.69% | Loss: 0.5196
[##################################--------------------------] 56.7%
Elapsed: 17.0m | Avg/Round: 60.1s | Last: 55.3s | Next: 60.1s | Remaining: 13.0m
ETA: 09:09:28
Recent round times: R1: 62.8s -> R2: 62.5s -> R3: 61.5s -> R4: 54.0s -> R5: 55.3s

  0%|          | 0/79 [00:00<?, ?it/s]
  1%|▏         | 1/79 [00:00<00:11,  6.99it/s]
  6%|▋         | 5/79 [00:00<00:03, 22.49it/s]
 11%|█▏        | 9/79 [00:00<00:02, 27.17it/s]
 16%|█▋        | 13/79 [00:00<00:02, 30.42it/s]
 22%|██▏       | 17/79 [00:00<00:01, 32.11it/s]
 27%|██▋       | 21/79 [00:00<00:01, 33.77it/s]
 32%|███▏      | 25/79 [00:00<00:01, 34.59it/s]
 37%|███▋      | 29/79 [00:00<00:01, 33.22it/s]
 44%|████▍     | 35/79 [00:01<00:01, 35.01it/s]
 49%|████▉     | 39/79 [00:01<00:01, 34.09it/s]
 54%|█████▍    | 43/79 [00:01<00:01, 33.61it/s]
 59%|█████▉    | 47/79 [00:01<00:00, 33.34it/s]
 65%|██████▍   | 51/79 [00:01<00:00, 32.12it/s]
 70%|██████▉   | 55/79 [00:01<00:00, 31.73it/s]
 75%|███████▍  | 59/79 [00:01<00:00, 31.16it/s]
 80%|███████▉  | 63/79 [00:02<00:00, 31.34it/s]
 85%|████████▍ | 67/79 [00:02<00:00, 31.01it/s]
 90%|████████▉ | 71/79 [00:02<00:00, 31.16it/s]
 95%|█████████▍| 75/79 [00:02<00:00, 31.50it/s]
100%|██████████| 79/79 [00:02<00:00, 31.89it/s]

CommRound: 18/30
Accuracy: 88.72% | Loss: 0.5191
[####################################------------------------] 60.0%
Elapsed: 18.0m | Avg/Round: 59.9s | Last: 56.6s | Next: 59.9s | Remaining: 12.0m
ETA: 09:09:22
Recent round times: R1: 62.5s -> R2: 61.5s -> R3: 54.0s -> R4: 55.3s -> R5: 56.6s

  0%|          | 0/79 [00:00<?, ?it/s]
  1%|▏         | 1/79 [00:00<00:10,  7.50it/s]
  6%|▋         | 5/79 [00:00<00:03, 21.74it/s]
 11%|█▏        | 9/79 [00:00<00:02, 26.50it/s]
 16%|█▋        | 13/79 [00:00<00:02, 27.85it/s]
 23%|██▎       | 18/79 [00:00<00:01, 34.40it/s]
 28%|██▊       | 22/79 [00:00<00:01, 35.90it/s]
 33%|███▎      | 26/79 [00:00<00:01, 36.18it/s]
 38%|███▊      | 30/79 [00:00<00:01, 36.48it/s]
 43%|████▎     | 34/79 [00:01<00:01, 36.70it/s]
 48%|████▊     | 38/79 [00:01<00:01, 36.87it/s]
 53%|█████▎    | 42/79 [00:01<00:01, 36.97it/s]
 58%|█████▊    | 46/79 [00:01<00:00, 36.83it/s]
 63%|██████▎   | 50/79 [00:01<00:00, 36.99it/s]
 68%|██████▊   | 54/79 [00:01<00:00, 37.05it/s]
 73%|███████▎  | 58/79 [00:01<00:00, 37.10it/s]
 78%|███████▊  | 62/79 [00:01<00:00, 37.16it/s]
 84%|████████▎ | 66/79 [00:01<00:00, 37.20it/s]
 89%|████████▊ | 70/79 [00:02<00:00, 37.25it/s]
 94%|█████████▎| 74/79 [00:02<00:00, 37.22it/s]
 99%|█████████▊| 78/79 [00:02<00:00, 37.17it/s]
100%|██████████| 79/79 [00:02<00:00, 35.12it/s]

CommRound: 19/30
Accuracy: 88.81% | Loss: 0.5185
[######################################----------------------] 63.3%
Elapsed: 19.0m | Avg/Round: 59.9s | Last: 59.4s | Next: 59.9s | Remaining: 11.0m
ETA: 09:09:22
Recent round times: R1: 61.5s -> R2: 54.0s -> R3: 55.3s -> R4: 56.6s -> R5: 59.4s

  0%|          | 0/79 [00:00<?, ?it/s]
  1%|▏         | 1/79 [00:00<00:12,  6.28it/s]
  6%|▋         | 5/79 [00:00<00:03, 21.49it/s]
 11%|█▏        | 9/79 [00:00<00:02, 25.32it/s]
 16%|█▋        | 13/79 [00:00<00:02, 26.79it/s]
 22%|██▏       | 17/79 [00:00<00:02, 27.93it/s]
 27%|██▋       | 21/79 [00:00<00:02, 28.78it/s]
 32%|███▏      | 25/79 [00:00<00:01, 29.54it/s]
 37%|███▋      | 29/79 [00:01<00:01, 29.80it/s]
 42%|████▏     | 33/79 [00:01<00:01, 29.72it/s]
 47%|████▋     | 37/79 [00:01<00:01, 30.21it/s]
 52%|█████▏    | 41/79 [00:01<00:01, 30.14it/s]
 57%|█████▋    | 45/79 [00:01<00:01, 29.68it/s]
 62%|██████▏   | 49/79 [00:01<00:01, 29.17it/s]
 67%|██████▋   | 53/79 [00:01<00:00, 28.51it/s]
 72%|███████▏  | 57/79 [00:02<00:00, 27.98it/s]
 77%|███████▋  | 61/79 [00:02<00:00, 27.60it/s]
 82%|████████▏ | 65/79 [00:02<00:00, 27.78it/s]
 87%|████████▋ | 69/79 [00:02<00:00, 27.62it/s]
 92%|█████████▏| 73/79 [00:02<00:00, 27.51it/s]
 97%|█████████▋| 77/79 [00:02<00:00, 27.97it/s]
100%|██████████| 79/79 [00:02<00:00, 28.23it/s]

CommRound: 20/30
Accuracy: 88.85% | Loss: 0.5179
[########################################--------------------] 66.7%
Elapsed: 20.1m | Avg/Round: 60.3s | Last: 66.7s | Next: 60.3s | Remaining: 10.0m
ETA: 09:09:32
Recent round times: R1: 54.0s -> R2: 55.3s -> R3: 56.6s -> R4: 59.4s -> R5: 66.7s

  0%|          | 0/79 [00:00<?, ?it/s]
  1%|▏         | 1/79 [00:00<00:12,  6.15it/s]
  8%|▊         | 6/79 [00:00<00:02, 25.29it/s]
 13%|█▎        | 10/79 [00:00<00:02, 26.01it/s]
 18%|█▊        | 14/79 [00:00<00:02, 28.98it/s]
 23%|██▎       | 18/79 [00:00<00:01, 31.02it/s]
 28%|██▊       | 22/79 [00:00<00:01, 32.32it/s]
 33%|███▎      | 26/79 [00:00<00:01, 32.92it/s]
 38%|███▊      | 30/79 [00:01<00:01, 32.95it/s]
 43%|████▎     | 34/79 [00:01<00:01, 32.65it/s]
 48%|████▊     | 38/79 [00:01<00:01, 31.14it/s]
 53%|█████▎    | 42/79 [00:01<00:01, 30.34it/s]
 58%|█████▊    | 46/79 [00:01<00:01, 29.34it/s]
 62%|██████▏   | 49/79 [00:01<00:01, 27.33it/s]
 67%|██████▋   | 53/79 [00:01<00:00, 27.54it/s]
 72%|███████▏  | 57/79 [00:01<00:00, 27.76it/s]
 77%|███████▋  | 61/79 [00:02<00:00, 27.77it/s]
 82%|████████▏ | 65/79 [00:02<00:00, 27.66it/s]
 87%|████████▋ | 69/79 [00:02<00:00, 28.00it/s]
 92%|█████████▏| 73/79 [00:02<00:00, 27.95it/s]
 97%|█████████▋| 77/79 [00:02<00:00, 28.18it/s]
100%|██████████| 79/79 [00:02<00:00, 29.04it/s]

CommRound: 21/30
Accuracy: 88.87% | Loss: 0.5174
[##########################################------------------] 70.0%
Elapsed: 21.1m | Avg/Round: 60.3s | Last: 62.1s | Next: 60.3s | Remaining: 9.1m
ETA: 09:09:34
Recent round times: R1: 55.3s -> R2: 56.6s -> R3: 59.4s -> R4: 66.7s -> R5: 62.1s

  0%|          | 0/79 [00:00<?, ?it/s]
  1%|▏         | 1/79 [00:00<00:11,  6.64it/s]
  6%|▋         | 5/79 [00:00<00:03, 20.91it/s]
 10%|█         | 8/79 [00:00<00:03, 21.67it/s]
 14%|█▍        | 11/79 [00:00<00:03, 19.40it/s]
 18%|█▊        | 14/79 [00:00<00:03, 19.59it/s]
 22%|██▏       | 17/79 [00:00<00:03, 18.42it/s]
 24%|██▍       | 19/79 [00:01<00:03, 18.66it/s]
 27%|██▋       | 21/79 [00:01<00:03, 18.76it/s]
 29%|██▉       | 23/79 [00:01<00:02, 18.68it/s]
 32%|███▏      | 25/79 [00:01<00:02, 18.81it/s]
 34%|███▍      | 27/79 [00:01<00:02, 18.21it/s]
 38%|███▊      | 30/79 [00:01<00:02, 20.72it/s]
 42%|████▏     | 33/79 [00:01<00:02, 20.85it/s]
 46%|████▌     | 36/79 [00:01<00:01, 21.63it/s]
 49%|████▉     | 39/79 [00:01<00:01, 21.83it/s]
 53%|█████▎    | 42/79 [00:02<00:01, 21.51it/s]
 57%|█████▋    | 45/79 [00:02<00:01, 21.77it/s]
 61%|██████    | 48/79 [00:02<00:01, 21.82it/s]
 65%|██████▍   | 51/79 [00:02<00:01, 21.66it/s]
 68%|██████▊   | 54/79 [00:02<00:01, 22.34it/s]
 72%|███████▏  | 57/79 [00:02<00:01, 21.83it/s]
 76%|███████▌  | 60/79 [00:02<00:00, 22.21it/s]
 80%|███████▉  | 63/79 [00:03<00:00, 21.82it/s]
 84%|████████▎ | 66/79 [00:03<00:00, 22.21it/s]
 87%|████████▋ | 69/79 [00:03<00:00, 21.24it/s]
 91%|█████████ | 72/79 [00:03<00:00, 21.48it/s]
 95%|█████████▍| 75/79 [00:03<00:00, 20.98it/s]
 99%|█████████▊| 78/79 [00:03<00:00, 22.25it/s]
100%|██████████| 79/79 [00:03<00:00, 20.88it/s]

CommRound: 22/30
Accuracy: 88.91% | Loss: 0.5169
[############################################----------------] 73.3%
Elapsed: 22.2m | Avg/Round: 60.5s | Last: 64.3s | Next: 60.5s | Remaining: 8.1m
ETA: 09:09:40
Recent round times: R1: 56.6s -> R2: 59.4s -> R3: 66.7s -> R4: 62.1s -> R5: 64.3s

  0%|          | 0/79 [00:00<?, ?it/s]
  1%|▏         | 1/79 [00:00<00:13,  5.62it/s]
  6%|▋         | 5/79 [00:00<00:03, 20.27it/s]
 11%|█▏        | 9/79 [00:00<00:02, 23.93it/s]
 16%|█▋        | 13/79 [00:00<00:02, 22.63it/s]
 20%|██        | 16/79 [00:00<00:02, 21.55it/s]
 24%|██▍       | 19/79 [00:01<00:03, 16.92it/s]
 27%|██▋       | 21/79 [00:01<00:03, 16.04it/s]
 29%|██▉       | 23/79 [00:01<00:03, 16.39it/s]
 32%|███▏      | 25/79 [00:01<00:03, 15.43it/s]
 34%|███▍      | 27/79 [00:01<00:03, 15.13it/s]
 39%|███▉      | 31/79 [00:01<00:02, 19.31it/s]
 44%|████▍     | 35/79 [00:01<00:01, 22.42it/s]
 49%|████▉     | 39/79 [00:01<00:01, 24.55it/s]
 53%|█████▎    | 42/79 [00:02<00:01, 22.16it/s]
 57%|█████▋    | 45/79 [00:02<00:01, 22.01it/s]
 61%|██████    | 48/79 [00:02<00:01, 23.71it/s]
 66%|██████▌   | 52/79 [00:02<00:01, 25.44it/s]
 71%|███████   | 56/79 [00:02<00:00, 26.62it/s]
 76%|███████▌  | 60/79 [00:02<00:00, 27.46it/s]
 81%|████████  | 64/79 [00:02<00:00, 28.09it/s]
 86%|████████▌ | 68/79 [00:03<00:00, 28.55it/s]
 91%|█████████ | 72/79 [00:03<00:00, 28.82it/s]
 96%|█████████▌| 76/79 [00:03<00:00, 28.97it/s]
100%|██████████| 79/79 [00:03<00:00, 28.88it/s]
100%|██████████| 79/79 [00:03<00:00, 22.73it/s]

CommRound: 23/30
Accuracy: 88.93% | Loss: 0.5164
[##############################################--------------] 76.7%
Elapsed: 23.2m | Avg/Round: 60.4s | Last: 58.2s | Next: 60.4s | Remaining: 7.0m
ETA: 09:09:37
Recent round times: R1: 59.4s -> R2: 66.7s -> R3: 62.1s -> R4: 64.3s -> R5: 58.2s

  0%|          | 0/79 [00:00<?, ?it/s]
  1%|▏         | 1/79 [00:00<00:09,  8.11it/s]
  8%|▊         | 6/79 [00:00<00:02, 29.37it/s]
 13%|█▎        | 10/79 [00:00<00:02, 32.99it/s]
 18%|█▊        | 14/79 [00:00<00:01, 34.05it/s]
 23%|██▎       | 18/79 [00:00<00:01, 35.11it/s]
 28%|██▊       | 22/79 [00:00<00:01, 35.51it/s]
 33%|███▎      | 26/79 [00:00<00:01, 35.90it/s]
 38%|███▊      | 30/79 [00:00<00:01, 36.02it/s]
 43%|████▎     | 34/79 [00:00<00:01, 36.28it/s]
 48%|████▊     | 38/79 [00:01<00:01, 36.28it/s]
 53%|█████▎    | 42/79 [00:01<00:01, 36.39it/s]
 58%|█████▊    | 46/79 [00:01<00:00, 36.47it/s]
 63%|██████▎   | 50/79 [00:01<00:00, 36.62it/s]
 68%|██████▊   | 54/79 [00:01<00:00, 36.80it/s]
 73%|███████▎  | 58/79 [00:01<00:00, 35.23it/s]
 78%|███████▊  | 62/79 [00:01<00:00, 33.92it/s]
 84%|████████▎ | 66/79 [00:01<00:00, 34.35it/s]
 89%|████████▊ | 70/79 [00:02<00:00, 34.40it/s]
 94%|█████████▎| 74/79 [00:02<00:00, 33.98it/s]
 99%|█████████▊| 78/79 [00:02<00:00, 34.55it/s]
100%|██████████| 79/79 [00:02<00:00, 34.61it/s]

CommRound: 24/30
Accuracy: 88.95% | Loss: 0.5160
[################################################------------] 80.0%
Elapsed: 24.1m | Avg/Round: 60.4s | Last: 58.9s | Next: 60.4s | Remaining: 6.0m
ETA: 09:09:35
Recent round times: R1: 66.7s -> R2: 62.1s -> R3: 64.3s -> R4: 58.2s -> R5: 58.9s

  0%|          | 0/79 [00:00<?, ?it/s]
  1%|▏         | 1/79 [00:00<00:11,  7.00it/s]
  9%|▉         | 7/79 [00:00<00:02, 27.74it/s]
 14%|█▍        | 11/79 [00:00<00:02, 30.40it/s]
 19%|█▉        | 15/79 [00:00<00:02, 31.99it/s]
 24%|██▍       | 19/79 [00:00<00:01, 32.86it/s]
 29%|██▉       | 23/79 [00:00<00:01, 33.70it/s]
 34%|███▍      | 27/79 [00:00<00:01, 29.62it/s]
 39%|███▉      | 31/79 [00:01<00:01, 27.28it/s]
 44%|████▍     | 35/79 [00:01<00:01, 26.24it/s]
 49%|████▉     | 39/79 [00:01<00:01, 25.70it/s]
 54%|█████▍    | 43/79 [00:01<00:01, 25.37it/s]
 59%|█████▉    | 47/79 [00:01<00:01, 27.89it/s]
 65%|██████▍   | 51/79 [00:01<00:00, 29.94it/s]
 70%|██████▉   | 55/79 [00:01<00:00, 29.44it/s]
 75%|███████▍  | 59/79 [00:02<00:00, 28.11it/s]
 80%|███████▉  | 63/79 [00:02<00:00, 28.49it/s]
 85%|████████▍ | 67/79 [00:02<00:00, 30.38it/s]
 90%|████████▉ | 71/79 [00:02<00:00, 31.91it/s]
 95%|█████████▍| 75/79 [00:02<00:00, 33.21it/s]
100%|██████████| 79/79 [00:02<00:00, 29.72it/s]

CommRound: 25/30
Accuracy: 88.99% | Loss: 0.5154
[##################################################----------] 83.3%
Elapsed: 25.4m | Avg/Round: 61.0s | Last: 76.2s | Next: 61.0s | Remaining: 5.1m
ETA: 09:09:54
Recent round times: R1: 62.1s -> R2: 64.3s -> R3: 58.2s -> R4: 58.9s -> R5: 76.2s

  0%|          | 0/79 [00:00<?, ?it/s]
  1%|▏         | 1/79 [00:00<00:10,  7.12it/s]
  6%|▋         | 5/79 [00:00<00:04, 17.02it/s]
  9%|▉         | 7/79 [00:00<00:04, 17.93it/s]
 11%|█▏        | 9/79 [00:00<00:03, 18.38it/s]
 14%|█▍        | 11/79 [00:00<00:03, 18.83it/s]
 16%|█▋        | 13/79 [00:00<00:03, 19.10it/s]
 20%|██        | 16/79 [00:00<00:03, 21.00it/s]
 24%|██▍       | 19/79 [00:00<00:02, 21.80it/s]
 28%|██▊       | 22/79 [00:01<00:02, 21.27it/s]
 32%|███▏      | 25/79 [00:01<00:02, 22.87it/s]
 35%|███▌      | 28/79 [00:01<00:02, 22.26it/s]
 39%|███▉      | 31/79 [00:01<00:01, 24.02it/s]
 43%|████▎     | 34/79 [00:01<00:02, 22.16it/s]
 48%|████▊     | 38/79 [00:01<00:01, 22.71it/s]
 53%|█████▎    | 42/79 [00:01<00:01, 23.09it/s]
 58%|█████▊    | 46/79 [00:02<00:01, 23.18it/s]
 63%|██████▎   | 50/79 [00:02<00:01, 23.33it/s]
 68%|██████▊   | 54/79 [00:02<00:01, 23.39it/s]
 73%|███████▎  | 58/79 [00:02<00:00, 23.48it/s]
 78%|███████▊  | 62/79 [00:02<00:00, 23.65it/s]
 84%|████████▎ | 66/79 [00:02<00:00, 23.64it/s]
 89%|████████▊ | 70/79 [00:03<00:00, 23.56it/s]
 94%|█████████▎| 74/79 [00:03<00:00, 25.73it/s]
 99%|█████████▊| 78/79 [00:03<00:00, 27.26it/s]
100%|██████████| 79/79 [00:03<00:00, 22.93it/s]

CommRound: 26/30
Accuracy: 88.99% | Loss: 0.5150
[####################################################--------] 86.7%
Elapsed: 26.6m | Avg/Round: 61.3s | Last: 70.2s | Next: 61.3s | Remaining: 4.1m
ETA: 09:10:04
Recent round times: R1: 64.3s -> R2: 58.2s -> R3: 58.9s -> R4: 76.2s -> R5: 70.2s

  0%|          | 0/79 [00:00<?, ?it/s]
  1%|▏         | 1/79 [00:00<00:10,  7.59it/s]
  8%|▊         | 6/79 [00:00<00:02, 25.52it/s]
 13%|█▎        | 10/79 [00:00<00:02, 27.21it/s]
 18%|█▊        | 14/79 [00:00<00:02, 28.25it/s]
 23%|██▎       | 18/79 [00:00<00:02, 28.91it/s]
 28%|██▊       | 22/79 [00:00<00:01, 29.34it/s]
 33%|███▎      | 26/79 [00:00<00:01, 27.47it/s]
 38%|███▊      | 30/79 [00:01<00:01, 25.65it/s]
 43%|████▎     | 34/79 [00:01<00:01, 27.07it/s]
 48%|████▊     | 38/79 [00:01<00:01, 28.05it/s]
 53%|█████▎    | 42/79 [00:01<00:01, 29.08it/s]
 58%|█████▊    | 46/79 [00:01<00:01, 29.72it/s]
 63%|██████▎   | 50/79 [00:01<00:00, 30.02it/s]
 68%|██████▊   | 54/79 [00:01<00:00, 30.84it/s]
 73%|███████▎  | 58/79 [00:02<00:00, 32.47it/s]
 78%|███████▊  | 62/79 [00:02<00:00, 33.54it/s]
 84%|████████▎ | 66/79 [00:02<00:00, 34.10it/s]
 89%|████████▊ | 70/79 [00:02<00:00, 33.74it/s]
 94%|█████████▎| 74/79 [00:02<00:00, 34.69it/s]
 99%|█████████▊| 78/79 [00:02<00:00, 35.34it/s]
100%|██████████| 79/79 [00:02<00:00, 30.37it/s]

CommRound: 27/30
Accuracy: 88.98% | Loss: 0.5143
[######################################################------] 90.0%
Elapsed: 27.7m | Avg/Round: 61.6s | Last: 67.4s | Next: 61.6s | Remaining: 3.1m
ETA: 09:10:11
Recent round times: R1: 58.2s -> R2: 58.9s -> R3: 76.2s -> R4: 70.2s -> R5: 67.4s

  0%|          | 0/79 [00:00<?, ?it/s]
  1%|▏         | 1/79 [00:00<00:11,  6.92it/s]
  8%|▊         | 6/79 [00:00<00:02, 27.17it/s]
 13%|█▎        | 10/79 [00:00<00:02, 30.73it/s]
 18%|█▊        | 14/79 [00:00<00:01, 32.96it/s]
 23%|██▎       | 18/79 [00:00<00:01, 32.78it/s]
 28%|██▊       | 22/79 [00:00<00:01, 32.58it/s]
 33%|███▎      | 26/79 [00:00<00:01, 29.91it/s]
 38%|███▊      | 30/79 [00:01<00:01, 30.78it/s]
 43%|████▎     | 34/79 [00:01<00:01, 32.17it/s]
 48%|████▊     | 38/79 [00:01<00:01, 33.18it/s]
 53%|█████▎    | 42/79 [00:01<00:01, 33.72it/s]
 58%|█████▊    | 46/79 [00:01<00:00, 33.84it/s]
 63%|██████▎   | 50/79 [00:01<00:00, 33.41it/s]
 68%|██████▊   | 54/79 [00:01<00:00, 32.60it/s]
 73%|███████▎  | 58/79 [00:01<00:00, 33.77it/s]
 78%|███████▊  | 62/79 [00:01<00:00, 34.63it/s]
 84%|████████▎ | 66/79 [00:02<00:00, 34.93it/s]
 89%|████████▊ | 70/79 [00:02<00:00, 34.80it/s]
 94%|█████████▎| 74/79 [00:02<00:00, 34.76it/s]
 99%|█████████▊| 78/79 [00:02<00:00, 35.28it/s]
100%|██████████| 79/79 [00:02<00:00, 32.86it/s]

CommRound: 28/30
Accuracy: 88.97% | Loss: 0.5138
[########################################################----] 93.3%
Elapsed: 28.7m | Avg/Round: 61.5s | Last: 59.4s | Next: 61.5s | Remaining: 2.0m
ETA: 09:10:09
Recent round times: R1: 58.9s -> R2: 76.2s -> R3: 70.2s -> R4: 67.4s -> R5: 59.4s

  0%|          | 0/79 [00:00<?, ?it/s]
  1%|▏         | 1/79 [00:00<00:11,  6.84it/s]
  6%|▋         | 5/79 [00:00<00:03, 21.14it/s]
 11%|█▏        | 9/79 [00:00<00:02, 24.41it/s]
 16%|█▋        | 13/79 [00:00<00:04, 16.25it/s]
 22%|██▏       | 17/79 [00:00<00:03, 19.86it/s]
 27%|██▋       | 21/79 [00:01<00:02, 22.90it/s]
 32%|███▏      | 25/79 [00:01<00:02, 25.30it/s]
 37%|███▋      | 29/79 [00:01<00:01, 26.95it/s]
 42%|████▏     | 33/79 [00:01<00:01, 28.41it/s]
 47%|████▋     | 37/79 [00:01<00:01, 29.46it/s]
 52%|█████▏    | 41/79 [00:01<00:01, 29.63it/s]
 57%|█████▋    | 45/79 [00:01<00:01, 30.07it/s]
 62%|██████▏   | 49/79 [00:01<00:00, 30.49it/s]
 67%|██████▋   | 53/79 [00:02<00:00, 30.72it/s]
 72%|███████▏  | 57/79 [00:02<00:00, 30.68it/s]
 77%|███████▋  | 61/79 [00:02<00:00, 30.93it/s]
 82%|████████▏ | 65/79 [00:02<00:00, 31.27it/s]
 87%|████████▋ | 69/79 [00:02<00:00, 31.50it/s]
 92%|█████████▏| 73/79 [00:02<00:00, 31.64it/s]
 97%|█████████▋| 77/79 [00:02<00:00, 31.22it/s]
100%|██████████| 79/79 [00:02<00:00, 27.79it/s]

CommRound: 29/30
Accuracy: 89.00% | Loss: 0.5132
[##########################################################--] 96.7%
Elapsed: 29.7m | Avg/Round: 61.4s | Last: 60.3s | Next: 61.4s | Remaining: 1.0m
ETA: 09:10:07
Recent round times: R1: 76.2s -> R2: 70.2s -> R3: 67.4s -> R4: 59.4s -> R5: 60.3s

  0%|          | 0/79 [00:00<?, ?it/s]
  1%|▏         | 1/79 [00:00<00:13,  5.82it/s]
  6%|▋         | 5/79 [00:00<00:03, 19.93it/s]
 11%|█▏        | 9/79 [00:00<00:05, 13.64it/s]
 16%|█▋        | 13/79 [00:00<00:03, 18.06it/s]
 22%|██▏       | 17/79 [00:00<00:02, 21.30it/s]
 25%|██▌       | 20/79 [00:01<00:02, 21.90it/s]
 29%|██▉       | 23/79 [00:01<00:02, 18.82it/s]
 34%|███▍      | 27/79 [00:01<00:02, 21.45it/s]
 39%|███▉      | 31/79 [00:01<00:02, 21.03it/s]
 43%|████▎     | 34/79 [00:01<00:02, 21.17it/s]
 47%|████▋     | 37/79 [00:01<00:02, 17.34it/s]
 49%|████▉     | 39/79 [00:02<00:02, 16.96it/s]
 52%|█████▏    | 41/79 [00:02<00:02, 16.93it/s]
 57%|█████▋    | 45/79 [00:02<00:01, 18.30it/s]
 59%|█████▉    | 47/79 [00:02<00:01, 17.77it/s]
 62%|██████▏   | 49/79 [00:02<00:01, 16.89it/s]
 67%|██████▋   | 53/79 [00:02<00:01, 21.29it/s]
 72%|███████▏  | 57/79 [00:02<00:00, 24.59it/s]
 77%|███████▋  | 61/79 [00:03<00:00, 27.07it/s]
 82%|████████▏ | 65/79 [00:03<00:00, 28.90it/s]
 87%|████████▋ | 69/79 [00:03<00:00, 29.98it/s]
 92%|█████████▏| 73/79 [00:03<00:00, 30.89it/s]
 97%|█████████▋| 77/79 [00:03<00:00, 31.43it/s]
100%|██████████| 79/79 [00:03<00:00, 22.09it/s]

CommRound: 30/30
Accuracy: 89.05% | Loss: 0.5126
[############################################################] 100.0%
Elapsed: 30.9m | Avg/Round: 61.7s | Last: 69.2s | Next: 61.7s | Remaining: 0.0m
ETA: 09:10:15
Recent round times: R1: 70.2s -> R2: 67.4s -> R3: 59.4s -> R4: 60.3s -> R5: 69.2s
Total time for experiment: 1851.192557811737 seconds
Device average training time per communication round [s]:
    rpi (sld-rpi-09.ece.utexas.edu): 7.32 seconds
    mc1 (sld-mc1-09.ece.utexas.edu): 57.56 seconds
