Connecting to sld-rpi-09.ece.utexas.edu...
Successfully fetched dev0_pow_temp_log_exp191_run1.csv.
Connecting to sld-rpi-09.ece.utexas.edu...
Successfully fetched dev0_communication_log_exp191_run1.csv.
Connecting to sld-mc1-09.ece.utexas.edu...
Successfully fetched dev1_pow_temp_log_exp191_run1.csv.
Connecting to sld-mc1-09.ece.utexas.edu...
Successfully fetched dev1_communication_log_exp191_run1.csv.

Exp191
Experiment 191: 
	Global test accuracy [%]: 90.09 %
	Convergence time [#round]: 28 communication rounds
	Total wall clock time to reach 90.00% [s]: 1,619.24 seconds
	Average time per communication round [s]: 56.14 seconds
	Total wall clock time [s]: 1,728.01 seconds


Experiment 191:
	RPi avg. energy consumption per round [J]: 50.04 Joules
	MC1 avg. energy consumption per round [J]: 414.56 Joules
	Total avg. energy consumption per communication round [J]: 464.61 Joules
	Avg. amount of communicated data per communication round [MB]: 0.30 MB
	RPi avg. power consumption per round [W]: 5.52 Watts
	MC1 avg. power consumption per round [W]: 7.60 Watts
