
  0%|          | 0/79 [00:00<?, ?it/s]
  4%|▍         | 3/79 [00:00<00:03, 21.99it/s]
 10%|█         | 8/79 [00:00<00:01, 36.09it/s]
 15%|█▌        | 12/79 [00:00<00:01, 37.60it/s]
 22%|██▏       | 17/79 [00:00<00:01, 37.06it/s]
 28%|██▊       | 22/79 [00:00<00:01, 39.50it/s]
 34%|███▍      | 27/79 [00:00<00:01, 39.23it/s]
 41%|████      | 32/79 [00:00<00:01, 40.91it/s]
 47%|████▋     | 37/79 [00:00<00:01, 39.81it/s]
 53%|█████▎    | 42/79 [00:01<00:00, 40.54it/s]
 59%|█████▉    | 47/79 [00:01<00:00, 40.71it/s]
 66%|██████▌   | 52/79 [00:01<00:00, 40.10it/s]
 72%|███████▏  | 57/79 [00:01<00:00, 41.40it/s]
 78%|███████▊  | 62/79 [00:01<00:00, 39.42it/s]
 85%|████████▍ | 67/79 [00:01<00:00, 41.79it/s]
 91%|█████████ | 72/79 [00:01<00:00, 38.97it/s]
 96%|█████████▌| 76/79 [00:01<00:00, 38.71it/s]
100%|██████████| 79/79 [00:02<00:00, 39.44it/s]
Initial Accuracy: 8.92%; Initial Loss: 2.3117

  0%|          | 0/79 [00:00<?, ?it/s]
  4%|▍         | 3/79 [00:00<00:03, 23.31it/s]
 10%|█         | 8/79 [00:00<00:01, 37.07it/s]
 16%|█▋        | 13/79 [00:00<00:01, 35.85it/s]
 23%|██▎       | 18/79 [00:00<00:01, 40.44it/s]
 29%|██▉       | 23/79 [00:00<00:01, 38.51it/s]
 37%|███▋      | 29/79 [00:00<00:01, 39.07it/s]
 44%|████▍     | 35/79 [00:00<00:01, 40.31it/s]
 52%|█████▏    | 41/79 [00:01<00:00, 40.71it/s]
 59%|█████▉    | 47/79 [00:01<00:00, 41.27it/s]
 67%|██████▋   | 53/79 [00:01<00:00, 41.53it/s]
 75%|███████▍  | 59/79 [00:01<00:00, 41.61it/s]
 82%|████████▏ | 65/79 [00:01<00:00, 41.75it/s]
 90%|████████▉ | 71/79 [00:01<00:00, 41.90it/s]
 97%|█████████▋| 77/79 [00:01<00:00, 41.87it/s]
100%|██████████| 79/79 [00:01<00:00, 41.02it/s]

CommRound: 1/30
Accuracy: 18.97% | Loss: 2.4794
[##----------------------------------------------------------] 3.3%
Elapsed: 0.2m | Avg/Round: 11.6s | Last: 9.5s | Next: 11.6s | Remaining: 5.6m
ETA: 20:06:46
Recent round times: R1: 9.5s

  0%|          | 0/79 [00:00<?, ?it/s]
  4%|▍         | 3/79 [00:00<00:03, 23.63it/s]
 10%|█         | 8/79 [00:00<00:01, 37.16it/s]
 16%|█▋        | 13/79 [00:00<00:01, 35.84it/s]
 23%|██▎       | 18/79 [00:00<00:01, 40.29it/s]
 29%|██▉       | 23/79 [00:00<00:01, 38.06it/s]
 35%|███▌      | 28/79 [00:00<00:01, 41.49it/s]
 42%|████▏     | 33/79 [00:00<00:01, 39.20it/s]
 48%|████▊     | 38/79 [00:00<00:00, 41.84it/s]
 54%|█████▍    | 43/79 [00:01<00:00, 39.30it/s]
 61%|██████    | 48/79 [00:01<00:00, 42.08it/s]
 67%|██████▋   | 53/79 [00:01<00:00, 37.71it/s]
 72%|███████▏  | 57/79 [00:01<00:00, 36.94it/s]
 77%|███████▋  | 61/79 [00:01<00:00, 37.72it/s]
 85%|████████▍ | 67/79 [00:01<00:00, 38.99it/s]
 92%|█████████▏| 73/79 [00:01<00:00, 39.98it/s]
100%|██████████| 79/79 [00:01<00:00, 44.64it/s]
100%|██████████| 79/79 [00:01<00:00, 39.71it/s]

CommRound: 2/30
Accuracy: 19.72% | Loss: 2.5353
[####--------------------------------------------------------] 6.7%
Elapsed: 0.4m | Avg/Round: 10.8s | Last: 10.1s | Next: 10.8s | Remaining: 5.0m
ETA: 20:06:24
Recent round times: R1: 9.5s -> R2: 10.1s

  0%|          | 0/79 [00:00<?, ?it/s]
  4%|▍         | 3/79 [00:00<00:03, 23.89it/s]
 10%|█         | 8/79 [00:00<00:01, 36.56it/s]
 15%|█▌        | 12/79 [00:00<00:01, 37.24it/s]
 20%|██        | 16/79 [00:00<00:01, 37.56it/s]
 27%|██▋       | 21/79 [00:00<00:01, 38.15it/s]
 33%|███▎      | 26/79 [00:00<00:01, 39.86it/s]
 39%|███▉      | 31/79 [00:00<00:01, 39.73it/s]
 46%|████▌     | 36/79 [00:00<00:01, 40.86it/s]
 52%|█████▏    | 41/79 [00:01<00:00, 40.19it/s]
 58%|█████▊    | 46/79 [00:01<00:00, 41.64it/s]
 65%|██████▍   | 51/79 [00:01<00:00, 40.12it/s]
 71%|███████   | 56/79 [00:01<00:00, 42.03it/s]
 77%|███████▋  | 61/79 [00:01<00:00, 40.07it/s]
 84%|████████▎ | 66/79 [00:01<00:00, 40.70it/s]
 90%|████████▉ | 71/79 [00:01<00:00, 40.36it/s]
 96%|█████████▌| 76/79 [00:01<00:00, 40.32it/s]
100%|██████████| 79/79 [00:01<00:00, 39.93it/s]

CommRound: 3/30
Accuracy: 20.55% | Loss: 2.3716
[######------------------------------------------------------] 10.0%
Elapsed: 0.5m | Avg/Round: 10.5s | Last: 10.0s | Next: 10.5s | Remaining: 4.7m
ETA: 20:06:15
Recent round times: R1: 9.5s -> R2: 10.1s -> R3: 10.0s

  0%|          | 0/79 [00:00<?, ?it/s]
  4%|▍         | 3/79 [00:00<00:03, 23.96it/s]
 10%|█         | 8/79 [00:00<00:01, 37.65it/s]
 16%|█▋        | 13/79 [00:00<00:01, 35.81it/s]
 24%|██▍       | 19/79 [00:00<00:01, 38.27it/s]
 30%|███       | 24/79 [00:00<00:01, 41.50it/s]
 37%|███▋      | 29/79 [00:00<00:01, 38.69it/s]
 42%|████▏     | 33/79 [00:00<00:01, 38.17it/s]
 49%|████▉     | 39/79 [00:01<00:01, 39.01it/s]
 57%|█████▋    | 45/79 [00:01<00:00, 39.56it/s]
 63%|██████▎   | 50/79 [00:01<00:00, 41.93it/s]
 70%|██████▉   | 55/79 [00:01<00:00, 38.86it/s]
 77%|███████▋  | 61/79 [00:01<00:00, 39.58it/s]
 84%|████████▎ | 66/79 [00:01<00:00, 41.88it/s]
 90%|████████▉ | 71/79 [00:01<00:00, 39.34it/s]
 96%|█████████▌| 76/79 [00:01<00:00, 41.92it/s]
100%|██████████| 79/79 [00:01<00:00, 39.82it/s]

CommRound: 4/30
Accuracy: 24.96% | Loss: 2.1398
[########----------------------------------------------------] 13.3%
Elapsed: 0.7m | Avg/Round: 10.4s | Last: 10.1s | Next: 10.4s | Remaining: 4.5m
ETA: 20:06:12
Recent round times: R1: 9.5s -> R2: 10.1s -> R3: 10.0s -> R4: 10.1s

  0%|          | 0/79 [00:00<?, ?it/s]
  4%|▍         | 3/79 [00:00<00:03, 23.42it/s]
 10%|█         | 8/79 [00:00<00:01, 36.71it/s]
 15%|█▌        | 12/79 [00:00<00:01, 37.83it/s]
 20%|██        | 16/79 [00:00<00:01, 38.39it/s]
 27%|██▋       | 21/79 [00:00<00:01, 37.39it/s]
 33%|███▎      | 26/79 [00:00<00:01, 40.41it/s]
 39%|███▉      | 31/79 [00:00<00:01, 38.70it/s]
 46%|████▌     | 36/79 [00:00<00:01, 41.14it/s]
 52%|█████▏    | 41/79 [00:01<00:00, 39.28it/s]
 58%|█████▊    | 46/79 [00:01<00:00, 41.04it/s]
 65%|██████▍   | 51/79 [00:01<00:00, 39.38it/s]
 70%|██████▉   | 55/79 [00:01<00:00, 39.53it/s]
 75%|███████▍  | 59/79 [00:01<00:00, 39.64it/s]
 81%|████████  | 64/79 [00:01<00:00, 41.36it/s]
 87%|████████▋ | 69/79 [00:01<00:00, 39.43it/s]
 92%|█████████▏| 73/79 [00:01<00:00, 39.25it/s]
 99%|█████████▊| 78/79 [00:01<00:00, 42.12it/s]
100%|██████████| 79/79 [00:01<00:00, 39.82it/s]

CommRound: 5/30
Accuracy: 28.74% | Loss: 2.0199
[##########--------------------------------------------------] 16.7%
Elapsed: 0.9m | Avg/Round: 10.4s | Last: 10.1s | Next: 10.4s | Remaining: 4.3m
ETA: 20:06:10
Recent round times: R1: 9.5s -> R2: 10.1s -> R3: 10.0s -> R4: 10.1s -> R5: 10.1s

  0%|          | 0/79 [00:00<?, ?it/s]
  4%|▍         | 3/79 [00:00<00:03, 23.42it/s]
 10%|█         | 8/79 [00:00<00:02, 31.61it/s]
 16%|█▋        | 13/79 [00:00<00:01, 36.89it/s]
 23%|██▎       | 18/79 [00:00<00:01, 37.68it/s]
 28%|██▊       | 22/79 [00:00<00:01, 38.28it/s]
 34%|███▍      | 27/79 [00:00<00:01, 37.30it/s]
 41%|████      | 32/79 [00:00<00:01, 40.69it/s]
 47%|████▋     | 37/79 [00:00<00:01, 39.06it/s]
 53%|█████▎    | 42/79 [00:01<00:00, 41.89it/s]
 59%|█████▉    | 47/79 [00:01<00:00, 39.77it/s]
 66%|██████▌   | 52/79 [00:01<00:00, 41.10it/s]
 72%|███████▏  | 57/79 [00:01<00:00, 40.02it/s]
 78%|███████▊  | 62/79 [00:01<00:00, 42.19it/s]
 85%|████████▍ | 67/79 [00:01<00:00, 39.40it/s]
 91%|█████████ | 72/79 [00:01<00:00, 41.82it/s]
 97%|█████████▋| 77/79 [00:01<00:00, 38.90it/s]
100%|██████████| 79/79 [00:01<00:00, 39.59it/s]

CommRound: 6/30
Accuracy: 34.48% | Loss: 1.7713
[############------------------------------------------------] 20.0%
Elapsed: 1.0m | Avg/Round: 10.3s | Last: 9.9s | Next: 10.3s | Remaining: 4.1m
ETA: 20:06:08
Recent round times: R1: 10.1s -> R2: 10.0s -> R3: 10.1s -> R4: 10.1s -> R5: 9.9s

  0%|          | 0/79 [00:00<?, ?it/s]
  4%|▍         | 3/79 [00:00<00:03, 21.42it/s]
  9%|▉         | 7/79 [00:00<00:02, 28.91it/s]
 16%|█▋        | 13/79 [00:00<00:02, 32.64it/s]
 22%|██▏       | 17/79 [00:00<00:01, 33.65it/s]
 27%|██▋       | 21/79 [00:00<00:01, 35.02it/s]
 32%|███▏      | 25/79 [00:00<00:01, 36.02it/s]
 37%|███▋      | 29/79 [00:00<00:01, 36.64it/s]
 42%|████▏     | 33/79 [00:00<00:01, 37.55it/s]
 47%|████▋     | 37/79 [00:01<00:01, 37.93it/s]
 52%|█████▏    | 41/79 [00:01<00:00, 38.30it/s]
 58%|█████▊    | 46/79 [00:01<00:00, 41.46it/s]
 65%|██████▍   | 51/79 [00:01<00:00, 38.74it/s]
 71%|███████   | 56/79 [00:01<00:00, 41.50it/s]
 77%|███████▋  | 61/79 [00:01<00:00, 38.94it/s]
 84%|████████▎ | 66/79 [00:01<00:00, 41.80it/s]
 90%|████████▉ | 71/79 [00:01<00:00, 39.21it/s]
 96%|█████████▌| 76/79 [00:01<00:00, 41.73it/s]
100%|██████████| 79/79 [00:02<00:00, 38.28it/s]

CommRound: 7/30
Accuracy: 37.76% | Loss: 1.6748
[##############----------------------------------------------] 23.3%
Elapsed: 1.2m | Avg/Round: 10.2s | Last: 10.0s | Next: 10.2s | Remaining: 3.9m
ETA: 20:06:06
Recent round times: R1: 10.0s -> R2: 10.1s -> R3: 10.1s -> R4: 9.9s -> R5: 10.0s

  0%|          | 0/79 [00:00<?, ?it/s]
  4%|▍         | 3/79 [00:00<00:03, 23.20it/s]
  9%|▉         | 7/79 [00:00<00:02, 31.49it/s]
 15%|█▌        | 12/79 [00:00<00:01, 36.48it/s]
 20%|██        | 16/79 [00:00<00:01, 37.51it/s]
 25%|██▌       | 20/79 [00:00<00:01, 38.02it/s]
 30%|███       | 24/79 [00:00<00:01, 38.31it/s]
 37%|███▋      | 29/79 [00:00<00:01, 39.50it/s]
 43%|████▎     | 34/79 [00:00<00:01, 38.78it/s]
 48%|████▊     | 38/79 [00:01<00:01, 38.73it/s]
 53%|█████▎    | 42/79 [00:01<00:00, 39.05it/s]
 59%|█████▉    | 47/79 [00:01<00:00, 41.73it/s]
 66%|██████▌   | 52/79 [00:01<00:00, 39.00it/s]
 72%|███████▏  | 57/79 [00:01<00:00, 41.71it/s]
 78%|███████▊  | 62/79 [00:01<00:00, 38.78it/s]
 84%|████████▎ | 66/79 [00:01<00:00, 38.94it/s]
 90%|████████▉ | 71/79 [00:01<00:00, 41.33it/s]
 96%|█████████▌| 76/79 [00:01<00:00, 39.22it/s]
100%|██████████| 79/79 [00:02<00:00, 38.96it/s]

CommRound: 8/30
Accuracy: 40.43% | Loss: 1.5921
[################--------------------------------------------] 26.7%
Elapsed: 1.4m | Avg/Round: 10.2s | Last: 10.1s | Next: 10.2s | Remaining: 3.8m
ETA: 20:06:06
Recent round times: R1: 10.1s -> R2: 10.1s -> R3: 9.9s -> R4: 10.0s -> R5: 10.1s

  0%|          | 0/79 [00:00<?, ?it/s]
  4%|▍         | 3/79 [00:00<00:03, 23.48it/s]
  9%|▉         | 7/79 [00:00<00:02, 32.20it/s]
 14%|█▍        | 11/79 [00:00<00:01, 34.26it/s]
 19%|█▉        | 15/79 [00:00<00:01, 34.52it/s]
 24%|██▍       | 19/79 [00:00<00:01, 34.33it/s]
 29%|██▉       | 23/79 [00:00<00:01, 33.95it/s]
 34%|███▍      | 27/79 [00:00<00:01, 35.45it/s]
 41%|████      | 32/79 [00:00<00:01, 35.52it/s]
 48%|████▊     | 38/79 [00:01<00:01, 37.62it/s]
 56%|█████▌    | 44/79 [00:01<00:00, 38.99it/s]
 63%|██████▎   | 50/79 [00:01<00:00, 39.92it/s]
 71%|███████   | 56/79 [00:01<00:00, 40.50it/s]
 78%|███████▊  | 62/79 [00:01<00:00, 40.96it/s]
 86%|████████▌ | 68/79 [00:01<00:00, 41.34it/s]
 94%|█████████▎| 74/79 [00:01<00:00, 41.52it/s]
100%|██████████| 79/79 [00:02<00:00, 38.64it/s]

CommRound: 9/30
Accuracy: 46.40% | Loss: 1.6206
[##################------------------------------------------] 30.0%
Elapsed: 1.5m | Avg/Round: 10.2s | Last: 10.2s | Next: 10.2s | Remaining: 3.6m
ETA: 20:06:06
Recent round times: R1: 10.1s -> R2: 9.9s -> R3: 10.0s -> R4: 10.1s -> R5: 10.2s

  0%|          | 0/79 [00:00<?, ?it/s]
  4%|▍         | 3/79 [00:00<00:03, 22.21it/s]
  9%|▉         | 7/79 [00:00<00:02, 31.02it/s]
 14%|█▍        | 11/79 [00:00<00:01, 34.06it/s]
 20%|██        | 16/79 [00:00<00:01, 39.62it/s]
 27%|██▋       | 21/79 [00:00<00:01, 37.29it/s]
 32%|███▏      | 25/79 [00:00<00:01, 38.01it/s]
 38%|███▊      | 30/79 [00:00<00:01, 41.43it/s]
 44%|████▍     | 35/79 [00:00<00:01, 38.60it/s]
 51%|█████     | 40/79 [00:01<00:00, 41.51it/s]
 57%|█████▋    | 45/79 [00:01<00:00, 38.81it/s]
 62%|██████▏   | 49/79 [00:01<00:00, 38.99it/s]
 68%|██████▊   | 54/79 [00:01<00:00, 41.65it/s]
 75%|███████▍  | 59/79 [00:01<00:00, 39.02it/s]
 81%|████████  | 64/79 [00:01<00:00, 41.67it/s]
 87%|████████▋ | 69/79 [00:01<00:00, 39.94it/s]
 95%|█████████▍| 75/79 [00:01<00:00, 40.91it/s]
100%|██████████| 79/79 [00:01<00:00, 39.82it/s]

CommRound: 10/30
Accuracy: 49.35% | Loss: 1.5567
[####################----------------------------------------] 33.3%
Elapsed: 1.7m | Avg/Round: 10.2s | Last: 10.1s | Next: 10.2s | Remaining: 3.4m
ETA: 20:06:06
Recent round times: R1: 9.9s -> R2: 10.0s -> R3: 10.1s -> R4: 10.2s -> R5: 10.1s

  0%|          | 0/79 [00:00<?, ?it/s]
  4%|▍         | 3/79 [00:00<00:03, 22.78it/s]
 10%|█         | 8/79 [00:00<00:02, 35.46it/s]
 16%|█▋        | 13/79 [00:00<00:01, 35.65it/s]
 23%|██▎       | 18/79 [00:00<00:01, 39.50it/s]
 29%|██▉       | 23/79 [00:00<00:01, 38.36it/s]
 35%|███▌      | 28/79 [00:00<00:01, 40.65it/s]
 42%|████▏     | 33/79 [00:00<00:01, 39.43it/s]
 48%|████▊     | 38/79 [00:00<00:01, 40.90it/s]
 54%|█████▍    | 43/79 [00:01<00:00, 39.61it/s]
 61%|██████    | 48/79 [00:01<00:00, 40.60it/s]
 67%|██████▋   | 53/79 [00:01<00:00, 39.70it/s]
 72%|███████▏  | 57/79 [00:01<00:00, 39.72it/s]
 78%|███████▊  | 62/79 [00:01<00:00, 40.49it/s]
 85%|████████▍ | 67/79 [00:01<00:00, 39.93it/s]
 91%|█████████ | 72/79 [00:01<00:00, 40.44it/s]
 97%|█████████▋| 77/79 [00:01<00:00, 40.15it/s]
100%|██████████| 79/79 [00:01<00:00, 39.64it/s]

CommRound: 11/30
Accuracy: 53.30% | Loss: 1.4743
[######################--------------------------------------] 36.7%
Elapsed: 1.9m | Avg/Round: 10.2s | Last: 10.1s | Next: 10.2s | Remaining: 3.2m
ETA: 20:06:05
Recent round times: R1: 10.0s -> R2: 10.1s -> R3: 10.2s -> R4: 10.1s -> R5: 10.1s

  0%|          | 0/79 [00:00<?, ?it/s]
  4%|▍         | 3/79 [00:00<00:03, 22.59it/s]
 10%|█         | 8/79 [00:00<00:01, 35.98it/s]
 16%|█▋        | 13/79 [00:00<00:01, 35.62it/s]
 23%|██▎       | 18/79 [00:00<00:01, 40.09it/s]
 29%|██▉       | 23/79 [00:00<00:01, 38.68it/s]
 34%|███▍      | 27/79 [00:00<00:01, 36.86it/s]
 42%|████▏     | 33/79 [00:00<00:01, 38.78it/s]
 49%|████▉     | 39/79 [00:01<00:01, 39.88it/s]
 57%|█████▋    | 45/79 [00:01<00:00, 40.64it/s]
 65%|██████▍   | 51/79 [00:01<00:00, 41.02it/s]
 72%|███████▏  | 57/79 [00:01<00:00, 41.56it/s]
 78%|███████▊  | 62/79 [00:01<00:00, 43.00it/s]
 85%|████████▍ | 67/79 [00:01<00:00, 41.27it/s]
 91%|█████████ | 72/79 [00:01<00:00, 41.09it/s]
 97%|█████████▋| 77/79 [00:01<00:00, 41.61it/s]
100%|██████████| 79/79 [00:01<00:00, 39.71it/s]

CommRound: 12/30
Accuracy: 56.18% | Loss: 1.4420
[########################------------------------------------] 40.0%
Elapsed: 2.0m | Avg/Round: 10.2s | Last: 10.0s | Next: 10.2s | Remaining: 3.1m
ETA: 20:06:05
Recent round times: R1: 10.1s -> R2: 10.2s -> R3: 10.1s -> R4: 10.1s -> R5: 10.0s

  0%|          | 0/79 [00:00<?, ?it/s]
  4%|▍         | 3/79 [00:00<00:03, 23.86it/s]
 10%|█         | 8/79 [00:00<00:01, 37.36it/s]
 16%|█▋        | 13/79 [00:00<00:01, 37.67it/s]
 23%|██▎       | 18/79 [00:00<00:01, 39.36it/s]
 29%|██▉       | 23/79 [00:00<00:01, 41.03it/s]
 35%|███▌      | 28/79 [00:00<00:01, 39.70it/s]
 42%|████▏     | 33/79 [00:00<00:01, 42.43it/s]
 48%|████▊     | 38/79 [00:01<00:01, 35.96it/s]
 53%|█████▎    | 42/79 [00:01<00:01, 35.12it/s]
 58%|█████▊    | 46/79 [00:01<00:00, 36.22it/s]
 66%|██████▌   | 52/79 [00:01<00:00, 38.72it/s]
 73%|███████▎  | 58/79 [00:01<00:00, 40.07it/s]
 81%|████████  | 64/79 [00:01<00:00, 40.78it/s]
 89%|████████▊ | 70/79 [00:01<00:00, 41.46it/s]
 96%|█████████▌| 76/79 [00:01<00:00, 42.18it/s]
100%|██████████| 79/79 [00:01<00:00, 39.71it/s]

CommRound: 13/30
Accuracy: 57.54% | Loss: 1.4195
[##########################----------------------------------] 43.3%
Elapsed: 2.2m | Avg/Round: 10.2s | Last: 10.1s | Next: 10.2s | Remaining: 2.9m
ETA: 20:06:05
Recent round times: R1: 10.2s -> R2: 10.1s -> R3: 10.1s -> R4: 10.0s -> R5: 10.1s

  0%|          | 0/79 [00:00<?, ?it/s]
  4%|▍         | 3/79 [00:00<00:03, 22.85it/s]
 10%|█         | 8/79 [00:00<00:01, 36.70it/s]
 16%|█▋        | 13/79 [00:00<00:01, 35.75it/s]
 24%|██▍       | 19/79 [00:00<00:01, 38.14it/s]
 32%|███▏      | 25/79 [00:00<00:01, 39.61it/s]
 37%|███▋      | 29/79 [00:00<00:01, 37.82it/s]
 42%|████▏     | 33/79 [00:00<00:01, 36.26it/s]
 47%|████▋     | 37/79 [00:01<00:01, 35.45it/s]
 52%|█████▏    | 41/79 [00:01<00:01, 35.47it/s]
 57%|█████▋    | 45/79 [00:01<00:00, 35.06it/s]
 62%|██████▏   | 49/79 [00:01<00:00, 35.60it/s]
 67%|██████▋   | 53/79 [00:01<00:00, 35.92it/s]
 72%|███████▏  | 57/79 [00:01<00:00, 36.19it/s]
 77%|███████▋  | 61/79 [00:01<00:00, 36.45it/s]
 82%|████████▏ | 65/79 [00:01<00:00, 36.87it/s]
 87%|████████▋ | 69/79 [00:01<00:00, 37.16it/s]
 92%|█████████▏| 73/79 [00:02<00:00, 37.18it/s]
 97%|█████████▋| 77/79 [00:02<00:00, 36.87it/s]
100%|██████████| 79/79 [00:02<00:00, 36.92it/s]

CommRound: 14/30
Accuracy: 55.38% | Loss: 1.4481
[############################--------------------------------] 46.7%
Elapsed: 2.4m | Avg/Round: 10.2s | Last: 10.3s | Next: 10.2s | Remaining: 2.7m
ETA: 20:06:05
Recent round times: R1: 10.1s -> R2: 10.1s -> R3: 10.0s -> R4: 10.1s -> R5: 10.3s

  0%|          | 0/79 [00:00<?, ?it/s]
  4%|▍         | 3/79 [00:00<00:03, 22.97it/s]
  9%|▉         | 7/79 [00:00<00:02, 30.88it/s]
 14%|█▍        | 11/79 [00:00<00:01, 34.19it/s]
 19%|█▉        | 15/79 [00:00<00:01, 33.79it/s]
 24%|██▍       | 19/79 [00:00<00:01, 33.90it/s]
 29%|██▉       | 23/79 [00:00<00:01, 34.08it/s]
 34%|███▍      | 27/79 [00:00<00:01, 34.18it/s]
 39%|███▉      | 31/79 [00:00<00:01, 34.53it/s]
 44%|████▍     | 35/79 [00:01<00:01, 34.68it/s]
 49%|████▉     | 39/79 [00:01<00:01, 34.71it/s]
 54%|█████▍    | 43/79 [00:01<00:01, 34.57it/s]
 59%|█████▉    | 47/79 [00:01<00:00, 35.53it/s]
 65%|██████▍   | 51/79 [00:01<00:00, 36.58it/s]
 71%|███████   | 56/79 [00:01<00:00, 40.02it/s]
 77%|███████▋  | 61/79 [00:01<00:00, 35.50it/s]
 82%|████████▏ | 65/79 [00:01<00:00, 35.81it/s]
 87%|████████▋ | 69/79 [00:01<00:00, 36.32it/s]
 92%|█████████▏| 73/79 [00:02<00:00, 36.57it/s]
 97%|█████████▋| 77/79 [00:02<00:00, 36.15it/s]
100%|██████████| 79/79 [00:02<00:00, 35.73it/s]

CommRound: 15/30
Accuracy: 58.77% | Loss: 1.3615
[##############################------------------------------] 50.0%
Elapsed: 2.6m | Avg/Round: 10.2s | Last: 10.4s | Next: 10.2s | Remaining: 2.6m
ETA: 20:06:05
Recent round times: R1: 10.1s -> R2: 10.0s -> R3: 10.1s -> R4: 10.3s -> R5: 10.4s

  0%|          | 0/79 [00:00<?, ?it/s]
  4%|▍         | 3/79 [00:00<00:03, 23.27it/s]
 10%|█         | 8/79 [00:00<00:01, 37.13it/s]
 15%|█▌        | 12/79 [00:00<00:01, 38.22it/s]
 20%|██        | 16/79 [00:00<00:02, 25.86it/s]
 27%|██▋       | 21/79 [00:00<00:01, 29.03it/s]
 34%|███▍      | 27/79 [00:00<00:01, 33.25it/s]
 42%|████▏     | 33/79 [00:00<00:01, 36.05it/s]
 47%|████▋     | 37/79 [00:01<00:01, 36.68it/s]
 53%|█████▎    | 42/79 [00:01<00:00, 39.98it/s]
 59%|█████▉    | 47/79 [00:01<00:00, 38.42it/s]
 67%|██████▋   | 53/79 [00:01<00:00, 39.50it/s]
 73%|███████▎  | 58/79 [00:01<00:00, 42.03it/s]
 80%|███████▉  | 63/79 [00:01<00:00, 39.80it/s]
 87%|████████▋ | 69/79 [00:01<00:00, 40.45it/s]
 95%|█████████▍| 75/79 [00:02<00:00, 41.26it/s]
100%|██████████| 79/79 [00:02<00:00, 38.05it/s]

CommRound: 16/30
Accuracy: 56.57% | Loss: 1.3870
[################################----------------------------] 53.3%
Elapsed: 2.7m | Avg/Round: 10.2s | Last: 10.4s | Next: 10.2s | Remaining: 2.4m
ETA: 20:06:06
Recent round times: R1: 10.0s -> R2: 10.1s -> R3: 10.3s -> R4: 10.4s -> R5: 10.4s

  0%|          | 0/79 [00:00<?, ?it/s]
  4%|▍         | 3/79 [00:00<00:03, 20.23it/s]
  9%|▉         | 7/79 [00:00<00:02, 28.01it/s]
 14%|█▍        | 11/79 [00:00<00:03, 20.44it/s]
 18%|█▊        | 14/79 [00:00<00:02, 22.91it/s]
 23%|██▎       | 18/79 [00:00<00:02, 27.47it/s]
 29%|██▉       | 23/79 [00:00<00:01, 30.00it/s]
 34%|███▍      | 27/79 [00:00<00:01, 31.82it/s]
 39%|███▉      | 31/79 [00:01<00:01, 32.98it/s]
 44%|████▍     | 35/79 [00:01<00:01, 33.18it/s]
 49%|████▉     | 39/79 [00:01<00:01, 34.34it/s]
 56%|█████▌    | 44/79 [00:01<00:00, 38.41it/s]
 61%|██████    | 48/79 [00:01<00:00, 38.81it/s]
 67%|██████▋   | 53/79 [00:01<00:00, 37.45it/s]
 72%|███████▏  | 57/79 [00:01<00:00, 33.34it/s]
 78%|███████▊  | 62/79 [00:01<00:00, 36.98it/s]
 84%|████████▎ | 66/79 [00:02<00:00, 37.73it/s]
 89%|████████▊ | 70/79 [00:02<00:00, 37.89it/s]
 95%|█████████▍| 75/79 [00:02<00:00, 38.46it/s]
100%|██████████| 79/79 [00:02<00:00, 33.82it/s]

CommRound: 17/30
Accuracy: 55.12% | Loss: 1.4097
[##################################--------------------------] 56.7%
Elapsed: 2.9m | Avg/Round: 10.2s | Last: 10.5s | Next: 10.2s | Remaining: 2.2m
ETA: 20:06:06
Recent round times: R1: 10.1s -> R2: 10.3s -> R3: 10.4s -> R4: 10.4s -> R5: 10.5s

  0%|          | 0/79 [00:00<?, ?it/s]
  4%|▍         | 3/79 [00:00<00:03, 22.31it/s]
  9%|▉         | 7/79 [00:00<00:03, 19.39it/s]
 15%|█▌        | 12/79 [00:00<00:02, 27.00it/s]
 20%|██        | 16/79 [00:00<00:02, 30.81it/s]
 27%|██▋       | 21/79 [00:00<00:01, 35.55it/s]
 33%|███▎      | 26/79 [00:00<00:01, 35.94it/s]
 41%|████      | 32/79 [00:00<00:01, 37.77it/s]
 47%|████▋     | 37/79 [00:01<00:01, 40.88it/s]
 53%|█████▎    | 42/79 [00:01<00:00, 38.74it/s]
 58%|█████▊    | 46/79 [00:01<00:00, 38.89it/s]
 65%|██████▍   | 51/79 [00:01<00:00, 39.92it/s]
 71%|███████   | 56/79 [00:01<00:00, 39.17it/s]
 77%|███████▋  | 61/79 [00:01<00:00, 39.01it/s]
 82%|████████▏ | 65/79 [00:01<00:00, 38.70it/s]
 87%|████████▋ | 69/79 [00:01<00:00, 38.60it/s]
 92%|█████████▏| 73/79 [00:02<00:00, 38.81it/s]
 97%|█████████▋| 77/79 [00:02<00:00, 38.05it/s]
100%|██████████| 79/79 [00:02<00:00, 36.91it/s]

CommRound: 18/30
Accuracy: 56.73% | Loss: 1.3485
[####################################------------------------] 60.0%
Elapsed: 3.1m | Avg/Round: 10.2s | Last: 10.2s | Next: 10.2s | Remaining: 2.0m
ETA: 20:06:06
Recent round times: R1: 10.3s -> R2: 10.4s -> R3: 10.4s -> R4: 10.5s -> R5: 10.2s

  0%|          | 0/79 [00:00<?, ?it/s]
  4%|▍         | 3/79 [00:00<00:06, 12.02it/s]
 10%|█         | 8/79 [00:00<00:02, 25.58it/s]
 15%|█▌        | 12/79 [00:00<00:02, 27.92it/s]
 22%|██▏       | 17/79 [00:00<00:01, 32.40it/s]
 27%|██▋       | 21/79 [00:00<00:01, 34.44it/s]
 32%|███▏      | 25/79 [00:00<00:01, 35.54it/s]
 37%|███▋      | 29/79 [00:00<00:01, 36.25it/s]
 42%|████▏     | 33/79 [00:01<00:01, 36.98it/s]
 48%|████▊     | 38/79 [00:01<00:01, 40.47it/s]
 54%|█████▍    | 43/79 [00:01<00:00, 38.98it/s]
 61%|██████    | 48/79 [00:01<00:00, 41.32it/s]
 67%|██████▋   | 53/79 [00:01<00:00, 40.49it/s]
 73%|███████▎  | 58/79 [00:01<00:00, 41.12it/s]
 80%|███████▉  | 63/79 [00:01<00:00, 41.87it/s]
 86%|████████▌ | 68/79 [00:01<00:00, 40.59it/s]
 92%|█████████▏| 73/79 [00:01<00:00, 42.68it/s]
 99%|█████████▊| 78/79 [00:02<00:00, 40.27it/s]
100%|██████████| 79/79 [00:02<00:00, 37.30it/s]

CommRound: 19/30
Accuracy: 57.16% | Loss: 1.3292
[######################################----------------------] 63.3%
Elapsed: 3.2m | Avg/Round: 10.2s | Last: 10.4s | Next: 10.2s | Remaining: 1.9m
ETA: 20:06:06
Recent round times: R1: 10.4s -> R2: 10.4s -> R3: 10.5s -> R4: 10.2s -> R5: 10.4s

  0%|          | 0/79 [00:00<?, ?it/s]
  4%|▍         | 3/79 [00:00<00:03, 22.39it/s]
 10%|█         | 8/79 [00:00<00:01, 36.31it/s]
 16%|█▋        | 13/79 [00:00<00:01, 35.33it/s]
 24%|██▍       | 19/79 [00:00<00:01, 37.84it/s]
 32%|███▏      | 25/79 [00:00<00:01, 39.03it/s]
 38%|███▊      | 30/79 [00:00<00:01, 41.88it/s]
 44%|████▍     | 35/79 [00:00<00:01, 38.74it/s]
 51%|█████     | 40/79 [00:01<00:00, 41.45it/s]
 57%|█████▋    | 45/79 [00:01<00:00, 37.97it/s]
 63%|██████▎   | 50/79 [00:01<00:00, 40.82it/s]
 70%|██████▉   | 55/79 [00:01<00:00, 38.77it/s]
 76%|███████▌  | 60/79 [00:01<00:00, 41.25it/s]
 82%|████████▏ | 65/79 [00:01<00:00, 39.10it/s]
 90%|████████▉ | 71/79 [00:01<00:00, 40.47it/s]
 97%|█████████▋| 77/79 [00:01<00:00, 41.24it/s]
100%|██████████| 79/79 [00:01<00:00, 40.06it/s]

CommRound: 20/30
Accuracy: 57.01% | Loss: 1.3049
[########################################--------------------] 66.7%
Elapsed: 3.4m | Avg/Round: 10.2s | Last: 10.3s | Next: 10.2s | Remaining: 1.7m
ETA: 20:06:06
Recent round times: R1: 10.4s -> R2: 10.5s -> R3: 10.2s -> R4: 10.4s -> R5: 10.3s
EARLY_STOP: round=20; best_acc=58.77; current_acc=57.01; threshold=90.00; patience=5; reason=converged_below_target
Total time for experiment: 204.7980978488922 seconds
Device average training time per communication round [s]:
    rpi (sld-rpi-09.ece.utexas.edu): 5.21 seconds
    mc1 (sld-mc1-09.ece.utexas.edu): 3.03 seconds
