Connecting to sld-rpi-09.ece.utexas.edu...
Successfully fetched dev0_pow_temp_log_exp108_run1.csv.
Connecting to sld-rpi-09.ece.utexas.edu...
Successfully fetched dev0_communication_log_exp108_run1.csv.
Connecting to sld-mc1-09.ece.utexas.edu...
Successfully fetched dev1_pow_temp_log_exp108_run1.csv.
Connecting to sld-mc1-09.ece.utexas.edu...
Successfully fetched dev1_communication_log_exp108_run1.csv.

Exp108
Experiment 108: 
	Global test accuracy [%]: 85.18 %
	No round found where all subsequent rounds have accuracy >= 90.00%.
	Average time per communication round [s]: 8.51 seconds
	Total wall clock time [s]: 102.58 seconds


Experiment 108:
	RPi avg. energy consumption per round [J]: 27.20 Joules
	MC1 avg. energy consumption per round [J]: 8.16 Joules
	Total avg. energy consumption per communication round [J]: 35.35 Joules
	Avg. amount of communicated data per communication round [MB]: 0.08 MB
	RPi avg. power consumption per round [W]: 5.26 Watts
	MC1 avg. power consumption per round [W]: 4.05 Watts
