Connecting to sld-rpi-09.ece.utexas.edu...
Successfully fetched dev0_pow_temp_log_exp174_run1.csv.
Connecting to sld-rpi-09.ece.utexas.edu...
Successfully fetched dev0_communication_log_exp174_run1.csv.
Connecting to sld-mc1-09.ece.utexas.edu...
Successfully fetched dev1_pow_temp_log_exp174_run1.csv.
Connecting to sld-mc1-09.ece.utexas.edu...
Successfully fetched dev1_communication_log_exp174_run1.csv.

Exp174
Experiment 174: 
	Global test accuracy [%]: 89.89 %
	No round found where all subsequent rounds have accuracy >= 90.00%.
	Average time per communication round [s]: 10.33 seconds
	Total wall clock time [s]: 317.40 seconds


Experiment 174:
	RPi avg. energy consumption per round [J]: 37.65 Joules
	MC1 avg. energy consumption per round [J]: 20.01 Joules
	Total avg. energy consumption per communication round [J]: 57.67 Joules
	Avg. amount of communicated data per communication round [MB]: 0.08 MB
	RPi avg. power consumption per round [W]: 5.46 Watts
	MC1 avg. power consumption per round [W]: 5.51 Watts
