Connecting to sld-rpi-09.ece.utexas.edu...
Successfully fetched dev0_pow_temp_log_exp205_run1.csv.
Connecting to sld-rpi-09.ece.utexas.edu...
Successfully fetched dev0_communication_log_exp205_run1.csv.
Connecting to sld-mc1-09.ece.utexas.edu...
Successfully fetched dev1_pow_temp_log_exp205_run1.csv.
Connecting to sld-mc1-09.ece.utexas.edu...
Successfully fetched dev1_communication_log_exp205_run1.csv.

Exp205
Experiment 205: 
	Global test accuracy [%]: 85.46 %
	No round found where all subsequent rounds have accuracy >= 90.00%.
	Average time per communication round [s]: 9.41 seconds
	Total wall clock time [s]: 145.62 seconds


Experiment 205:
	RPi avg. energy consumption per round [J]: 35.99 Joules
	MC1 avg. energy consumption per round [J]: 21.42 Joules
	Total avg. energy consumption per communication round [J]: 57.41 Joules
	Avg. amount of communicated data per communication round [MB]: 0.02 MB
	RPi avg. power consumption per round [W]: 5.40 Watts
	MC1 avg. power consumption per round [W]: 5.83 Watts
